10-09 00:14:45.436 12347 12408 W System.err: 	at kotlinx.coroutines.BuildersKt__BuildersKt.runBlocking$default(Builders.kt:47)
10-09 00:14:45.436 12347 12408 W System.err: 	at kotlinx.coroutines.BuildersKt.runBlocking$default(Unknown Source:1)
10-09 00:14:45.437 12347 12408 W System.err: 	at com.lagradost.cloudstream3.ParCollectionsKt.apmap(ParCollections.kt:49)
10-09 00:14:45.437 12347 12408 W System.err: 	at com.egydead.EgyDeadProvider.loadLinks(EgyDeadProvider.kt:188)
10-09 00:14:45.437 12347 12408 W System.err: 	at com.egydead.EgyDeadProvider$loadLinks$1.invokeSuspend(Unknown Source:18)
10-09 00:14:45.437 12347 12408 W System.err: 	at kotlin.coroutines.jvm.internal.BaseContinuationImpl.resumeWith(ContinuationImpl.kt:33)
10-09 00:14:45.437 12347 12408 W System.err: 	at kotlinx.coroutines.DispatchedTask.run(DispatchedTask.kt:100)
10-09 00:14:45.437 12347 12408 W System.err: 	at kotlinx.coroutines.internal.LimitedDispatcher$Worker.run(LimitedDispatcher.kt:113)
10-09 00:14:45.437 12347 12408 W System.err: 	at kotlinx.coroutines.scheduling.TaskImpl.run(Tasks.kt:89)
10-09 00:14:45.437 12347 12408 W System.err: 	at kotlinx.coroutines.scheduling.CoroutineScheduler.runSafely(CoroutineScheduler.kt:586)
10-09 00:14:45.437 12347 12408 W System.err: 	at kotlinx.coroutines.scheduling.CoroutineScheduler$Worker.executeTask(CoroutineScheduler.kt:820)
10-09 00:14:45.437 12347 12408 W System.err: 	at kotlinx.coroutines.scheduling.CoroutineScheduler$Worker.runWorker(CoroutineScheduler.kt:717)
10-09 00:14:45.437 12347 12408 W System.err: 	at kotlinx.coroutines.scheduling.CoroutineScheduler$Worker.run(CoroutineScheduler.kt:704)
10-09 00:14:45.437 12347 12408 D ApiError: -------------------------------------------------------------------
10-09 00:14:45.441 12347 12347 I MSHandlerLifeCycle: removeMultiSplitHandler: no exist. decor=DecorView@17f3be5[MainActivity]
10-09 00:14:45.443 12347 12371 D OpenGLRenderer: setSurface called with nullptr
10-09 00:14:45.443 12347 12371 D OpenGLRenderer: setSurface() destroyed EGLSurface
10-09 00:14:45.443 12347 12371 D OpenGLRenderer: destroyEglSurface
10-09 00:14:45.444 12347 12347 I ViewRootImpl@be44ce0[MainActivity]: dispatchDetachedFromWindow
10-09 00:14:45.465 12347 12347 D InputTransport: Input channel destroyed: 'ab37f44', fd=140
10-09 00:14:45.468 12347 12347 I Dialog  : mIsDeviceDefault = false, mIsSamsungBasicInteraction = false, isMetaDataInActivity = false
10-09 00:14:45.506 12347 12347 I DecorView: [INFO] isPopOver=false config=false
10-09 00:14:45.506 12347 12347 I DecorView: updateCaptionType: isFloating=false isApplication=true hasWindowDecorCaption=false this=DecorView@d84848a[]
10-09 00:14:45.506 12347 12347 D DecorView: setCaptionType = 0, this = DecorView@d84848a[]
10-09 00:14:45.508 12347 12347 I DecorView: getCurrentDensityDpi: from app context. densityDpi=420 msg=resources_loaded
10-09 00:14:45.509 12347 12347 I DecorView: setWindowBackground: isPopOver=false color=0 d=android.graphics.drawable.ColorDrawable@a457718
10-09 00:14:45.517 12347 12371 D NativeCustomFrequencyManager: [NativeCFMS] BpCustomFrequencyManager::BpCustomFrequencyManager()
10-09 00:14:45.518 12347 12347 I DecorView: notifyKeepScreenOnChanged: keepScreenOn=false
10-09 00:14:45.529 12347 12347 D InsetsController: onStateChanged: InsetsState: {mDisplayFrame=Rect(0, 0 - 1080, 2400), mDisplayCutout=DisplayCutout{insets=Rect(0, 88 - 0, 0) waterfall=Insets{left=0, top=0, right=0, bottom=0} boundingRect={Bounds=[Rect(0, 0 - 0, 0), Rect(512, 0 - 568, 88), Rect(0, 0 - 0, 0), Rect(0, 0 - 0, 0)]} cutoutPathParserInfo={CutoutPathParserInfo{displayWidth=1080 displayHeight=2400 physicalDisplayWidth=1080 physicalDisplayHeight=2400 density={2.625} cutoutSpec={M 0,0 M 0,12.25101276465640 a 10.60613009248640,10.60613009248640 0 1,0 0,21.21226018497290 a 10.60613009248640,10.60613009248640 0 1,0 0,-21.21226018497290 Z @dp} rotation={0} scale={1.0} physicalPixelDisplaySizeRatio={1.0}}}}, mRoundedCorners=RoundedCorners{[RoundedCorner{position=TopLeft, radius=84, center=Point(84, 84)}, RoundedCorner{position=TopRight, radius=84, center=Point(996, 84)}, RoundedCorner{position=BottomRight, radius=84, center=Point(996, 2316)}, RoundedCorner{position=BottomLeft, radius=84, center=Point(84, 2316)}]}  mRoundedCornerFrame=Rect(0, 0 - 1080, 2400), mPrivacyIndicatorBounds=PrivacyIndicatorBounds {static bounds=Rect(964, 0 - 1080, 87) rotation=0}, mSources= { InsetsSource: {mType=ITYPE_STATUS_BAR, mFrame=[0,0][1080,88], mVisible=true, mInsetsRoundedCornerFrame=false}, InsetsSource: {mType=ITYPE_NAVIGATION_BAR, mFrame=[0,2361][1080,2400], mVisible=true, mInsetsRoundedCornerFrame=false}, InsetsSource: {mType=ITYPE_LEFT_GESTURES, mFrame=[0,0][130,2400], mVisible=true, mInsetsRoundedCornerFrame=false}, InsetsSource: {mType=ITYPE_RIGHT_GESTURES, mFrame=[950,0][1080,2400], mVisible=true, mInsetsRoundedCornerFrame=false}, InsetsSource: {mType=ITYPE_TOP_MANDATORY_GESTURES, mFrame=[0,0][1080,120], mVisible=true, mInsetsRoundedCornerFrame=false}, InsetsSource: {mType=ITYPE_BOTTOM_MANDATORY_GESTURES, mFrame=[0,2316][1080,2400], mVisible=true, mInsetsRoundedCornerFrame=false}, InsetsSource: {mType=ITYPE_LEFT_DISPLAY_CUTOUT, mFrame=[0,0][-100000,2400], mVisible=true, mInsetsRoundedCornerFrame=false}, InsetsSource: {mType=ITYPE_TOP_DISPLAY_CUTOUT, mFrame=[0,0][1080,88], mVisible=true, mInsetsRoundedCornerFrame=false}, InsetsSource: {mType=ITYPE_RIGHT_DISPLAY_CUTOUT, mFrame=[100000,0][1080,2400], mVisible=true, mInsetsRoundedCornerFrame=false}, InsetsSource: {mType=ITYPE_BOTTOM_DISPLAY_CUTOUT, mFrame=[0,100000][1080,2400], mVisible=true, mInsetsRoundedCornerFrame=false}, InsetsSource: {mType=ITYPE_TOP_TAPPABLE_ELEMENT, mFrame=[0,0][1080,88], mVisible=true, mInsetsRoundedCornerFrame=false}, InsetsSource: {mType=ITYPE_BOTTOM_TAPPABLE_ELEMENT, mFrame=[0,0][0,0], mVisible=true, mInsetsRoundedCornerFrame=false}, InsetsSource: {mType=ITYPE_IME, mFrame=[0,0][0,0], mVisibleFrame=[0,1409][1080,2400], mVisible=false, mInsetsRoundedCornerFrame=false} } host=com.lagradost.cloudstream3/com.lagradost.cloudstream3.MainActivity from=android.view.ViewRootImpl.setView:1732
10-09 00:14:45.531 12347 12347 I ViewRootImpl@c4c21a9[MainActivity]: setView = com.android.internal.policy.DecorView@d84848a TM=true
10-09 00:14:45.545 12347 12347 I ViewRootImpl@c4c21a9[MainActivity]: performTraversals params={(0,0)(fillxfill) gr=CENTER sim={adjust=resize forwardNavigation} ty=APPLICATION fmt=TRANSPARENT wanim=0x7f14000b
10-09 00:14:45.545 12347 12347 I ViewRootImpl@c4c21a9[MainActivity]:   fl=85810100
10-09 00:14:45.545 12347 12347 I ViewRootImpl@c4c21a9[MainActivity]:   pfl=12020040
10-09 00:14:45.545 12347 12347 I ViewRootImpl@c4c21a9[MainActivity]:   vsysui=500
10-09 00:14:45.545 12347 12347 I ViewRootImpl@c4c21a9[MainActivity]:   bhv=DEFAULT
10-09 00:14:45.545 12347 12347 I ViewRootImpl@c4c21a9[MainActivity]:   fitSides= naviIconColor=0}
10-09 00:14:45.546 12347 12347 I ViewRootImpl@c4c21a9[MainActivity]: performTraversals mFirst=true windowShouldResize=true viewVisibilityChanged=false mForceNextWindowRelayout=false params={(0,0)(fillxfill) gr=CENTER sim={adjust=resize forwardNavigation} ty=APPLICATION fmt=TRANSPARENT wanim=0x7f14000b
10-09 00:14:45.546 12347 12347 I ViewRootImpl@c4c21a9[MainActivity]:   fl=85810100
10-09 00:14:45.546 12347 12347 I ViewRootImpl@c4c21a9[MainActivity]:   pfl=12020040
10-09 00:14:45.546 12347 12347 I ViewRootImpl@c4c21a9[MainActivity]:   vsysui=500
10-09 00:14:45.546 12347 12347 I ViewRootImpl@c4c21a9[MainActivity]:   bhv=DEFAULT
10-09 00:14:45.546 12347 12347 I ViewRootImpl@c4c21a9[MainActivity]:   fitSides= naviIconColor=0}
10-09 00:14:45.561 12347 12347 I ViewRootImpl@c4c21a9[MainActivity]: updateBlastSurfaceIfNeeded mBlastBufferQueue=null isSameSurfaceControl=false
10-09 00:14:45.562 12347 12347 I BLASTBufferQueue: new BLASTBufferQueue, mName= ViewRootImpl@c4c21a9[MainActivity] mNativeObject= 0x7b5cbf7000 sc.mNativeObject= 0x7bdd59fb40 caller= android.view.ViewRootImpl.updateBlastSurfaceIfNeeded:2909 android.view.ViewRootImpl.relayoutWindow:9847 android.view.ViewRootImpl.performTraversals:3884 android.view.ViewRootImpl.doTraversal:3116 android.view.ViewRootImpl$TraversalRunnable.run:10885 android.view.Choreographer$CallbackRecord.run:1301 android.view.Choreographer$CallbackRecord.run:1309 android.view.Choreographer.doCallbacks:923 android.view.Choreographer.doFrame:852 android.view.Choreographer$FrameDisplayEventReceiver.run:1283 
10-09 00:14:45.562 12347 12347 I BLASTBufferQueue: update, w= 1080 h= 2400 mName = ViewRootImpl@c4c21a9[MainActivity] mNativeObject= 0x7b5cbf7000 sc.mNativeObject= 0x7bdd59fb40 format= -2 caller= android.graphics.BLASTBufferQueue.<init>:84 android.view.ViewRootImpl.updateBlastSurfaceIfNeeded:2909 android.view.ViewRootImpl.relayoutWindow:9847 android.view.ViewRootImpl.performTraversals:3884 android.view.ViewRootImpl.doTraversal:3116 android.view.ViewRootImpl$TraversalRunnable.run:10885 
10-09 00:14:45.563 12347 12347 I ViewRootImpl@c4c21a9[MainActivity]: Relayout returned: old=(0,0,1080,2400) new=(0,0,1080,2400) req=(1080,2400)0 dur=15 res=0x3 s={true 0x7b0679d800} ch=true seqId=0
10-09 00:14:45.564 12347 12347 I ViewRootImpl@c4c21a9[MainActivity]: mThreadedRenderer.initialize() mSurface={isValid=true 0x7b0679d800} hwInitialized=true
10-09 00:14:45.565 12347 12371 D OpenGLRenderer: eglCreateWindowSurface
10-09 00:14:45.572 12347 12347 D AbsListView:  in onLayout changed 
10-09 00:14:45.573 12347 12347 I ViewRootImpl@c4c21a9[MainActivity]: reportNextDraw android.view.ViewRootImpl.performTraversals:4438 android.view.ViewRootImpl.doTraversal:3116 android.view.ViewRootImpl$TraversalRunnable.run:10885 android.view.Choreographer$CallbackRecord.run:1301 android.view.Choreographer$CallbackRecord.run:1309 
10-09 00:14:45.574 12347 12347 I ViewRootImpl@c4c21a9[MainActivity]: Setup new sync id=0
10-09 00:14:45.574 12347 12347 I ViewRootImpl@c4c21a9[MainActivity]: Setting syncFrameCallback
10-09 00:14:45.574 12347 12347 I ViewRootImpl@c4c21a9[MainActivity]: registerCallbacksForSync syncBuffer=false
10-09 00:14:45.577 12347 12452 I ViewRootImpl@c4c21a9[MainActivity]: Received frameDrawingCallback syncResult=0 frameNum=1.
10-09 00:14:45.577 12347 12452 I ViewRootImpl@c4c21a9[MainActivity]: Setting up sync and frameCommitCallback
10-09 00:14:45.584 12347 12371 I BLASTBufferQueue: [ViewRootImpl@c4c21a9[MainActivity]#6](f:0,a:0) onFrameAvailable the first frame is available
10-09 00:14:45.585 12347 12371 I ViewRootImpl@c4c21a9[MainActivity]: Received frameCommittedCallback lastAttemptedDrawFrameNum=1 didProduceBuffer=true
10-09 00:14:45.588 12347 12371 D OpenGLRenderer: CFMS:: SetUp Pid : 12347    Tid : 12371
10-09 00:14:45.592 12347 12347 I ViewRootImpl@c4c21a9[MainActivity]: onSyncComplete
10-09 00:14:45.592 12347 12347 I ViewRootImpl@c4c21a9[MainActivity]: setupSync seqId=0 mSyncId=0 fn=1 caller=android.view.ViewRootImpl$$ExternalSyntheticLambda11.accept:6 android.window.SurfaceSyncer.lambda$setupSync$1$android-window-SurfaceSyncer:128 android.window.SurfaceSyncer$$ExternalSyntheticLambda1.accept:8 android.window.SurfaceSyncer$SyncSet.checkIfSyncIsComplete:382 android.window.SurfaceSyncer$SyncSet.markSyncReady:359 android.window.SurfaceSyncer.markSyncReady:151 android.view.ViewRootImpl.performTraversals:4503 
10-09 00:14:45.593 12347 12347 I ViewRootImpl@c4c21a9[MainActivity]: reportDrawFinished seqId=0 mSyncId=-1 fn=1 mSurfaceChangedTransaction=0x7ca93b4600
10-09 00:14:45.596 12347 12347 D InsetsController: onStateChanged: InsetsState: {mDisplayFrame=Rect(0, 0 - 1080, 2400), mDisplayCutout=DisplayCutout{insets=Rect(0, 88 - 0, 0) waterfall=Insets{left=0, top=0, right=0, bottom=0} boundingRect={Bounds=[Rect(0, 0 - 0, 0), Rect(512, 0 - 568, 88), Rect(0, 0 - 0, 0), Rect(0, 0 - 0, 0)]} cutoutPathParserInfo={CutoutPathParserInfo{displayWidth=1080 displayHeight=2400 physicalDisplayWidth=1080 physicalDisplayHeight=2400 density={2.625} cutoutSpec={M 0,0 M 0,12.25101276465640 a 10.60613009248640,10.60613009248640 0 1,0 0,21.21226018497290 a 10.60613009248640,10.60613009248640 0 1,0 0,-21.21226018497290 Z @dp} rotation={0} scale={1.0} physicalPixelDisplaySizeRatio={1.0}}}}, mRoundedCorners=RoundedCorners{[RoundedCorner{position=TopLeft, radius=84, center=Point(84, 84)}, RoundedCorner{position=TopRight, radius=84, center=Point(996, 84)}, RoundedCorner{position=BottomRight, radius=84, center=Point(996, 2316)}, RoundedCorner{position=BottomLeft, radius=84, center=Point(84, 2316)}]}  mRoundedCornerFrame=Rect(0, 0 - 1080, 2400), mPrivacyIndicatorBounds=PrivacyIndicatorBounds {static bounds=Rect(964, 0 - 1080, 87) rotation=0}, mSources= { InsetsSource: {mType=ITYPE_STATUS_BAR, mFrame=[0,0][1080,88], mVisible=true, mInsetsRoundedCornerFrame=false}, InsetsSource: {mType=ITYPE_NAVIGATION_BAR, mFrame=[0,2361][1080,2400], mVisible=true, mInsetsRoundedCornerFrame=false}, InsetsSource: {mType=ITYPE_LEFT_GESTURES, mFrame=[0,0][130,2400], mVisible=true, mInsetsRoundedCornerFrame=false}, InsetsSource: {mType=ITYPE_RIGHT_GESTURES, mFrame=[950,0][1080,2400], mVisible=true, mInsetsRoundedCornerFrame=false}, InsetsSource: {mType=ITYPE_TOP_MANDATORY_GESTURES, mFrame=[0,0][1080,120], mVisible=true, mInsetsRoundedCornerFrame=false}, InsetsSource: {mType=ITYPE_BOTTOM_MANDATORY_GESTURES, mFrame=[0,2316][1080,2400], mVisible=true, mInsetsRoundedCornerFrame=false}, InsetsSource: {mType=ITYPE_LEFT_DISPLAY_CUTOUT, mFrame=[0,0][-100000,2400], mVisible=true, mInsetsRoundedCornerFrame=false}, InsetsSource: {mType=ITYPE_TOP_DISPLAY_CUTOUT, mFrame=[0,0][1080,88], mVisible=true, mInsetsRoundedCornerFrame=false}, InsetsSource: {mType=ITYPE_RIGHT_DISPLAY_CUTOUT, mFrame=[100000,0][1080,2400], mVisible=true, mInsetsRoundedCornerFrame=false}, InsetsSource: {mType=ITYPE_BOTTOM_DISPLAY_CUTOUT, mFrame=[0,100000][1080,2400], mVisible=true, mInsetsRoundedCornerFrame=false}, InsetsSource: {mType=ITYPE_TOP_TAPPABLE_ELEMENT, mFrame=[0,0][1080,88], mVisible=true, mInsetsRoundedCornerFrame=false}, InsetsSource: {mType=ITYPE_BOTTOM_TAPPABLE_ELEMENT, mFrame=[0,0][0,0], mVisible=true, mInsetsRoundedCornerFrame=false} } host=com.lagradost.cloudstream3/com.lagradost.cloudstream3.MainActivity from=android.view.ViewRootImpl$ViewRootHandler.handleMessageImpl:6740
10-09 00:14:45.597 12347 12347 I ViewRootImpl@c867560[MainActivity]: MSG_WINDOW_FOCUS_CHANGED 0 0
10-09 00:14:45.609 12347 12347 I ViewRootImpl@c867560[MainActivity]: MSG_WINDOW_FOCUS_CHANGED 0 0
10-09 00:14:45.648 12347 12347 I ViewRootImpl@c4c21a9[MainActivity]: MSG_WINDOW_FOCUS_CHANGED 1 0
10-09 00:14:45.648 12347 12347 I ViewRootImpl@c4c21a9[MainActivity]: mThreadedRenderer.initializeIfNeeded()#2 mSurface={isValid=true 0x7b0679d800}
10-09 00:14:45.649 12347 12347 D InputMethodManager: startInputInner - Id : 0
10-09 00:14:45.649 12347 12347 I InputMethodManager: startInputInner - mService.startInputOrWindowGainedFocus
10-09 00:14:51.743 12347 12347 I ViewRootImpl@c4c21a9[MainActivity]: ViewPostIme pointer 0
10-09 00:14:51.782 12347 12347 I ViewRootImpl@c4c21a9[MainActivity]: ViewPostIme pointer 1
10-09 00:14:51.788 12347 12347 I MSHandlerLifeCycle: removeMultiSplitHandler: no exist. decor=DecorView@d84848a[MainActivity]
10-09 00:14:51.790 12347 12371 D OpenGLRenderer: setSurface called with nullptr
10-09 00:14:51.790 12347 12371 D OpenGLRenderer: setSurface() destroyed EGLSurface
10-09 00:14:51.790 12347 12371 D OpenGLRenderer: destroyEglSurface
10-09 00:14:51.792 12347 12347 I ViewRootImpl@c4c21a9[MainActivity]: dispatchDetachedFromWindow
10-09 00:14:51.821 12347 12347 D InputTransport: Input channel destroyed: '1d8be37', fd=118
10-09 00:14:51.826 12347 12347 D InsetsController: onStateChanged: InsetsState: {mDisplayFrame=Rect(0, 0 - 1080, 2400), mDisplayCutout=DisplayCutout{insets=Rect(0, 88 - 0, 0) waterfall=Insets{left=0, top=0, right=0, bottom=0} boundingRect={Bounds=[Rect(0, 0 - 0, 0), Rect(512, 0 - 568, 88), Rect(0, 0 - 0, 0), Rect(0, 0 - 0, 0)]} cutoutPathParserInfo={CutoutPathParserInfo{displayWidth=1080 displayHeight=2400 physicalDisplayWidth=1080 physicalDisplayHeight=2400 density={2.625} cutoutSpec={M 0,0 M 0,12.25101276465640 a 10.60613009248640,10.60613009248640 0 1,0 0,21.21226018497290 a 10.60613009248640,10.60613009248640 0 1,0 0,-21.21226018497290 Z @dp} rotation={0} scale={1.0} physicalPixelDisplaySizeRatio={1.0}}}}, mRoundedCorners=RoundedCorners{[RoundedCorner{position=TopLeft, radius=84, center=Point(84, 84)}, RoundedCorner{position=TopRight, radius=84, center=Point(996, 84)}, RoundedCorner{position=BottomRight, radius=84, center=Point(996, 2316)}, RoundedCorner{position=BottomLeft, radius=84, center=Point(84, 2316)}]}  mRoundedCornerFrame=Rect(0, 0 - 1080, 2400), mPrivacyIndicatorBounds=PrivacyIndicatorBounds {static bounds=Rect(964, 0 - 1080, 87) rotation=0}, mSources= { InsetsSource: {mType=ITYPE_STATUS_BAR, mFrame=[0,0][1080,88], mVisible=true, mInsetsRoundedCornerFrame=false}, InsetsSource: {mType=ITYPE_NAVIGATION_BAR, mFrame=[0,2361][1080,2400], mVisible=true, mInsetsRoundedCornerFrame=false}, InsetsSource: {mType=ITYPE_LEFT_GESTURES, mFrame=[0,0][130,2400], mVisible=true, mInsetsRoundedCornerFrame=false}, InsetsSource: {mType=ITYPE_RIGHT_GESTURES, mFrame=[950,0][1080,2400], mVisible=true, mInsetsRoundedCornerFrame=false}, InsetsSource: {mType=ITYPE_TOP_MANDATORY_GESTURES, mFrame=[0,0][1080,120], mVisible=true, mInsetsRoundedCornerFrame=false}, InsetsSource: {mType=ITYPE_BOTTOM_MANDATORY_GESTURES, mFrame=[0,2316][1080,2400], mVisible=true, mInsetsRoundedCornerFrame=false}, InsetsSource: {mType=ITYPE_LEFT_DISPLAY_CUTOUT, mFrame=[0,0][-100000,2400], mVisible=true, mInsetsRoundedCornerFrame=false}, InsetsSource: {mType=ITYPE_TOP_DISPLAY_CUTOUT, mFrame=[0,0][1080,88], mVisible=true, mInsetsRoundedCornerFrame=false}, InsetsSource: {mType=ITYPE_RIGHT_DISPLAY_CUTOUT, mFrame=[100000,0][1080,2400], mVisible=true, mInsetsRoundedCornerFrame=false}, InsetsSource: {mType=ITYPE_BOTTOM_DISPLAY_CUTOUT, mFrame=[0,100000][1080,2400], mVisible=true, mInsetsRoundedCornerFrame=false}, InsetsSource: {mType=ITYPE_TOP_TAPPABLE_ELEMENT, mFrame=[0,0][1080,88], mVisible=true, mInsetsRoundedCornerFrame=false}, InsetsSource: {mType=ITYPE_BOTTOM_TAPPABLE_ELEMENT, mFrame=[0,0][0,0], mVisible=true, mInsetsRoundedCornerFrame=false} } host=com.lagradost.cloudstream3/com.lagradost.cloudstream3.MainActivity from=android.view.ViewRootImpl$ViewRootHandler.handleMessageImpl:6740
10-09 00:14:51.853 12347 12347 I ViewRootImpl@c867560[MainActivity]: MSG_WINDOW_FOCUS_CHANGED 1 0
10-09 00:14:51.854 12347 12347 I ViewRootImpl@c867560[MainActivity]: mThreadedRenderer.initializeIfNeeded()#2 mSurface={isValid=true 0x7bdd362000}
10-09 00:14:51.869 12347 12347 D InputMethodManager: startInputInner - Id : 0
10-09 00:14:51.870 12347 12347 I InputMethodManager: startInputInner - mService.startInputOrWindowGainedFocus
10-09 00:14:52.751 12347 12347 I ViewRootImpl@c867560[MainActivity]: ViewPostIme pointer 0
10-09 00:14:52.835 12347 12347 W PanelsChildGestureRegionObserver: failed to register view with ID 2131362800. already registered
10-09 00:14:52.849 12347 12347 W PanelsChildGestureRegionObserver: failed to register view with ID 2131362800. already registered
10-09 00:14:52.866 12347 12347 W PanelsChildGestureRegionObserver: failed to register view with ID 2131362800. already registered
10-09 00:14:52.883 12347 12347 W PanelsChildGestureRegionObserver: failed to register view with ID 2131362800. already registered
10-09 00:14:52.899 12347 12347 W PanelsChildGestureRegionObserver: failed to register view with ID 2131362800. already registered
10-09 00:14:52.916 12347 12347 W PanelsChildGestureRegionObserver: failed to register view with ID 2131362800. already registered
10-09 00:14:52.932 12347 12347 W PanelsChildGestureRegionObserver: failed to register view with ID 2131362800. already registered
10-09 00:14:52.949 12347 12347 W PanelsChildGestureRegionObserver: failed to register view with ID 2131362800. already registered
10-09 00:14:52.966 12347 12347 W PanelsChildGestureRegionObserver: failed to register view with ID 2131362800. already registered
10-09 00:14:52.982 12347 12347 W PanelsChildGestureRegionObserver: failed to register view with ID 2131362800. already registered
10-09 00:14:52.999 12347 12347 W PanelsChildGestureRegionObserver: failed to register view with ID 2131362800. already registered
10-09 00:14:53.016 12347 12347 W PanelsChildGestureRegionObserver: failed to register view with ID 2131362800. already registered
10-09 00:14:53.032 12347 12347 W PanelsChildGestureRegionObserver: failed to register view with ID 2131362800. already registered
10-09 00:14:53.049 12347 12347 W PanelsChildGestureRegionObserver: failed to register view with ID 2131362800. already registered
10-09 00:14:54.171 12347 12347 D WindowOnBackDispatcher: onBackInvoked, viewRoot=ViewRootImpl@c4c21a9[MainActivity], callback=androidx.activity.OnBackPressedDispatcher$Api33Impl$$ExternalSyntheticLambda0@a341d53
10-09 00:14:54.189 12347 12347 I IMM_LC  : hsifw() - flag : 0
10-09 00:14:54.189 12347 12347 I IMM_LC  : hsifw() - mService.hideSoftInput
10-09 00:14:54.201 12347 12347 I CS3ExoPlayer: onStop
10-09 00:14:54.201 12347 12347 I CS3ExoPlayer: saveData
10-09 00:14:54.202 12347 12347 I CS3ExoPlayer: handleEvent Pause
10-09 00:14:54.504 12347 12347 I ViewRootImpl@c867560[MainActivity]: performTraversals mFirst=false windowShouldResize=false viewVisibilityChanged=false mForceNextWindowRelayout=false params={(0,0)(fillxfill) sim={state=always_hidden adjust=resize} ty=BASE_APPLICATION fmt=TRANSLUCENT wanim=0x1030309
10-09 00:14:54.504 12347 12347 I ViewRootImpl@c867560[MainActivity]:   fl=85810100
10-09 00:14:54.504 12347 12347 I ViewRootImpl@c867560[MainActivity]:   pfl=12020040
10-09 00:14:54.504 12347 12347 I ViewRootImpl@c867560[MainActivity]:   vsysui=500
10-09 00:14:54.504 12347 12347 I ViewRootImpl@c867560[MainActivity]:   bhv=DEFAULT
10-09 00:14:54.504 12347 12347 I ViewRootImpl@c867560[MainActivity]:   fitSides= naviIconColor=0}
10-09 00:14:54.515 12347 12347 I ViewRootImpl@c867560[MainActivity]: updateBlastSurfaceIfNeeded mBlastBufferQueue=0x7b3e8aac00 isSameSurfaceControl=true
10-09 00:14:54.516 12347 12347 I BLASTBufferQueue: update, w= 1080 h= 2400 mName = ViewRootImpl@c867560[MainActivity] mNativeObject= 0x7b3e8aac00 sc.mNativeObject= 0x7afa849560 format= -3 caller= android.view.ViewRootImpl.updateBlastSurfaceIfNeeded:2898 android.view.ViewRootImpl.relayoutWindow:9847 android.view.ViewRootImpl.performTraversals:3884 android.view.ViewRootImpl.doTraversal:3116 android.view.ViewRootImpl$TraversalRunnable.run:10885 android.view.Choreographer$CallbackRecord.run:1301 
10-09 00:14:54.516 12347 12347 I ViewRootImpl@c867560[MainActivity]: Relayout returned: old=(0,0,1080,2400) new=(0,0,1080,2400) req=(1080,2400)0 dur=10 res=0x0 s={true 0x7bdd362000} ch=false seqId=0
10-09 00:14:54.573 12347 12453 D SurfaceView@b57d5c1: updateSurfacePosition RenderWorker, frameNr = 294, position = [54, 314, 1026, 787] surfaceSize = 1080x525
10-09 00:14:54.573 12347 12453 I SurfaceView@b57d5c1: uSP: rtp = Rect(54, 314 - 1026, 787) rtsw = 1080 rtsh = 525
10-09 00:14:54.573 12347 12453 I SurfaceView@b57d5c1: onSSPAndSRT: pl = 54 pt = 314 sx = 0.9 sy = 0.9009524
10-09 00:14:54.573 12347 12347 I SurfaceView@b57d5c1: onWindowVisibilityChanged(8) false android.view.SurfaceView{b57d5c1 V.E...... ........ 0,0-1080,525} of ViewRootImpl@c867560[MainActivity]
10-09 00:14:54.573 12347 12347 I SurfaceView@b57d5c1: Changes: creating=false format=false size=false visible=true alpha=false hint=false mUseAlpha=false visible=true left=false top=false
10-09 00:14:54.573 12347 12347 I SurfaceView@b57d5c1: 190305729 Cur surface: Surface(name=null)/@0x306ac62
10-09 00:14:54.573 12347 12453 I SurfaceView@b57d5c1: aOrMT: ViewRootImpl@c867560[MainActivity] t = android.view.SurfaceControl$Transaction@4ef6fd1 fN = 294 android.view.SurfaceView.-$$Nest$mapplyOrMergeTransaction:0 android.view.SurfaceView$SurfaceViewPositionUpdateListener.positionChanged:1537 android.graphics.RenderNode$CompositePositionUpdateListener.positionChanged:373 
10-09 00:14:54.574 12347 12453 I ViewRootImpl@c867560[MainActivity]: mWNT: t=0x7b0620da00 mBlastBufferQueue=0x7b3e8aac00 fn= 294 caller= android.view.SurfaceView.applyOrMergeTransaction:1455 android.view.SurfaceView.-$$Nest$mapplyOrMergeTransaction:0 android.view.SurfaceView$SurfaceViewPositionUpdateListener.positionChanged:1537 
10-09 00:14:54.574 12347 12347 I SurfaceView@b57d5c1: applyTransactionOnVriDraw: vri = ViewRootImpl@c867560[MainActivity] fRS = false t = 0x7afad71100 android.view.SurfaceView.performSurfaceTransaction:959 android.view.SurfaceView.updateSurface:1105 android.view.SurfaceView.onWindowVisibilityChanged:371 
10-09 00:14:54.574 12347 12347 I ViewRootImpl@c867560[MainActivity]: applyTransactionOnDraw: mRemoved = false isHardwareEnabled = true t = 0x7afad71100android.view.SurfaceView.applyTransactionOnVriDraw:2048 android.view.SurfaceView.performSurfaceTransaction:959 android.view.SurfaceView.updateSurface:1105 android.view.SurfaceView.onWindowVisibilityChanged:371 android.view.View.dispatchDetachedFromWindow:22529 
10-09 00:14:54.574 12347 12347 I SurfaceView@b57d5c1: surfaceDestroyed
10-09 00:14:54.574 12347 12347 I SurfaceView@b57d5c1: surfaceDestroyed callback.size 0 #2 android.view.SurfaceView{b57d5c1 V.E...... ........ 0,0-1080,525}
10-09 00:14:54.574 12347 12347 I SurfaceView@b57d5c1: updateSurface: mVisible = false mSurface.isValid() = true
10-09 00:14:54.575 12347 12347 I SurfaceView@b57d5c1: releaseSurfaces: viewRoot = ViewRootImpl@c867560[MainActivity]
10-09 00:14:54.575 12347 12347 I SurfaceView@b57d5c1: applyTransactionOnVriDraw: vri = ViewRootImpl@c867560[MainActivity] fRS = true t = 0x7afad71400 android.view.SurfaceView.releaseSurfaces:858 android.view.SurfaceView.updateSurface:1172 android.view.SurfaceView.onWindowVisibilityChanged:371 
10-09 00:14:54.575 12347 12347 I SurfaceView@b57d5c1: applyTransactionOnVriDraw: viewRoot.applyTransactionOnDrawFromReleaseSurfaces
10-09 00:14:54.575 12347 12347 I ViewRootImpl@c867560[MainActivity]: applyTransactionOnDraw: mRemoved = false isHardwareEnabled = true t = 0x7afad71400android.view.ViewRootImpl.applyTransactionOnDrawFromReleaseSurfaces:12850 android.view.SurfaceView.applyTransactionOnVriDraw:2046 android.view.SurfaceView.releaseSurfaces:858 android.view.SurfaceView.updateSurface:1172 android.view.SurfaceView.onWindowVisibilityChanged:371 
10-09 00:14:54.575 12347 12347 V SurfaceView@b57d5c1: Layout: x=0 y=218 w=1080 h=525, frame=Rect(0, 0 - 1080, 525)
10-09 00:14:54.576 12347 12347 I SurfaceView@b57d5c1: onDetachedFromWindow: tryReleaseSurfaces()
10-09 00:14:54.576 12347 12347 I SurfaceView@b57d5c1: releaseSurfaces: viewRoot = ViewRootImpl@c867560[MainActivity]
10-09 00:14:54.576 12347 12347 I SurfaceView@b57d5c1: applyTransactionOnVriDraw: vri = ViewRootImpl@c867560[MainActivity] fRS = true t = 0x7afad71500 android.view.SurfaceView.releaseSurfaces:858 android.view.SurfaceView.onDetachedFromWindow:500 android.view.View.dispatchDetachedFromWindow:22538 
10-09 00:14:54.576 12347 12347 I SurfaceView@b57d5c1: applyTransactionOnVriDraw: viewRoot.applyTransactionOnDrawFromReleaseSurfaces
10-09 00:14:54.576 12347 12347 I ViewRootImpl@c867560[MainActivity]: applyTransactionOnDraw: mRemoved = false isHardwareEnabled = true t = 0x7afad71500android.view.ViewRootImpl.applyTransactionOnDrawFromReleaseSurfaces:12850 android.view.SurfaceView.applyTransactionOnVriDraw:2046 android.view.SurfaceView.releaseSurfaces:858 android.view.SurfaceView.onDetachedFromWindow:500 android.view.View.dispatchDetachedFromWindow:22538 
10-09 00:14:54.586 12347 12347 I DecorView: notifyKeepScreenOnChanged: keepScreenOn=false
10-09 00:14:54.586 12347 12347 I CS3ExoPlayer: releasePlayer
10-09 00:14:54.587 12347 12347 I CS3ExoPlayer: Handle event: PlayerAttachedEvent(player=null, source=Player)
10-09 00:14:54.588 12347 12347 I DecorView: notifyKeepScreenOnChanged: keepScreenOn=false
10-09 00:14:54.589 12347 12347 I ViewRootImpl@c867560[MainActivity]: performTraversals params={(0,0)(fillxfill) sim={state=always_hidden adjust=resize} ty=BASE_APPLICATION wanim=0x1030309
10-09 00:14:54.589 12347 12347 I ViewRootImpl@c867560[MainActivity]:   fl=85810100
10-09 00:14:54.589 12347 12347 I ViewRootImpl@c867560[MainActivity]:   pfl=12020040
10-09 00:14:54.589 12347 12347 I ViewRootImpl@c867560[MainActivity]:   vsysui=500
10-09 00:14:54.589 12347 12347 I ViewRootImpl@c867560[MainActivity]:   bhv=DEFAULT
10-09 00:14:54.589 12347 12347 I ViewRootImpl@c867560[MainActivity]:   fitSides= naviIconColor=0}
10-09 00:14:54.589 12347 12347 I ViewRootImpl@c867560[MainActivity]: performTraversals mFirst=false windowShouldResize=false viewVisibilityChanged=false mForceNextWindowRelayout=false params={(0,0)(fillxfill) sim={state=always_hidden adjust=resize} ty=BASE_APPLICATION fmt=TRANSLUCENT wanim=0x1030309
10-09 00:14:54.589 12347 12347 I ViewRootImpl@c867560[MainActivity]:   fl=85810100
10-09 00:14:54.589 12347 12347 I ViewRootImpl@c867560[MainActivity]:   pfl=12020040
10-09 00:14:54.589 12347 12347 I ViewRootImpl@c867560[MainActivity]:   vsysui=500
10-09 00:14:54.589 12347 12347 I ViewRootImpl@c867560[MainActivity]:   bhv=DEFAULT
10-09 00:14:54.589 12347 12347 I ViewRootImpl@c867560[MainActivity]:   fitSides= naviIconColor=0}
10-09 00:14:54.596 12347 12347 I ViewRootImpl@c867560[MainActivity]: updateBlastSurfaceIfNeeded mBlastBufferQueue=0x7b3e8aac00 isSameSurfaceControl=true
10-09 00:14:54.596 12347 12347 I BLASTBufferQueue: update, w= 1080 h= 2400 mName = ViewRootImpl@c867560[MainActivity] mNativeObject= 0x7b3e8aac00 sc.mNativeObject= 0x7afad23400 format= -3 caller= android.view.ViewRootImpl.updateBlastSurfaceIfNeeded:2898 android.view.ViewRootImpl.relayoutWindow:9847 android.view.ViewRootImpl.performTraversals:3884 android.view.ViewRootImpl.doTraversal:3116 android.view.ViewRootImpl$TraversalRunnable.run:10885 android.view.Choreographer$CallbackRecord.run:1301 
10-09 00:14:54.596 12347 12347 I ViewRootImpl@c867560[MainActivity]: Relayout returned: old=(0,0,1080,2400) new=(0,0,1080,2400) req=(1080,2400)0 dur=6 res=0x0 s={true 0x7bdd362000} ch=false seqId=0
10-09 00:14:54.596 12347 12347 I ViewRootImpl@c867560[MainActivity]: updateBoundsLayer: t = android.view.SurfaceControl$Transaction@a4e6257 sc = Surface(name=Bounds for - com.lagradost.cloudstream3/com.lagradost.cloudstream3.MainActivity@0)/@0xba09144 frame = 294
10-09 00:14:54.596 12347 12347 I ViewRootImpl@c867560[MainActivity]: mWNT: t=0x7b3e841500 mBlastBufferQueue=0x7b3e8aac00 fn= 294 caller= android.view.ViewRootImpl.prepareSurfaces:2985 android.view.ViewRootImpl.performTraversals:4233 android.view.ViewRootImpl.doTraversal:3116 
10-09 00:14:54.599 12347 12371 D SurfaceView@b57d5c1: windowPositionLost, frameNr = 295
10-09 00:14:54.600 12347 12452 I ViewRootImpl@c867560[MainActivity]: mWNT: t=0x7afad71100 mBlastBufferQueue=0x7b3e8aac00 fn= 295 caller= android.view.ViewRootImpl.lambda$applyTransactionOnDraw$11$android-view-ViewRootImpl:12865 android.view.ViewRootImpl$$ExternalSyntheticLambda1.onFrameDraw:4 android.graphics.HardwareRenderer$FrameDrawingCallback.onFrameDraw:924 
10-09 00:14:54.600 12347 12452 I ViewRootImpl@c867560[MainActivity]: mWNT: t=0x7afad71400 mBlastBufferQueue=0x7b3e8aac00 fn= 295 caller= android.view.ViewRootImpl.lambda$applyTransactionOnDraw$11$android-view-ViewRootImpl:12865 android.view.ViewRootImpl$$ExternalSyntheticLambda1.onFrameDraw:4 android.graphics.HardwareRenderer$FrameDrawingCallback.onFrameDraw:924 
10-09 00:14:54.600 12347 12452 I ViewRootImpl@c867560[MainActivity]: mWNT: t=0x7afad71500 mBlastBufferQueue=0x7b3e8aac00 fn= 295 caller= android.view.ViewRootImpl.lambda$applyTransactionOnDraw$11$android-view-ViewRootImpl:12865 android.view.ViewRootImpl$$ExternalSyntheticLambda1.onFrameDraw:4 android.graphics.HardwareRenderer$FrameDrawingCallback.onFrameDraw:924 
10-09 00:14:59.444 12347 12347 I ViewRootImpl@c867560[MainActivity]: ViewPostIme pointer 0
10-09 00:14:59.810 12347 12347 I ViewRootImpl@c867560[MainActivity]: ViewPostIme pointer 1
10-09 00:15:00.246 12347 12347 I ViewRootImpl@c867560[MainActivity]: ViewPostIme pointer 0
10-09 00:15:00.304 12347 12347 I ViewRootImpl@c867560[MainActivity]: ViewPostIme pointer 1
10-09 00:15:00.311 12347 12347 I NavComponent: Navigating to fragment: 2131362274
10-09 00:15:00.321 12347 12347 I IMM_LC  : hsifw() - flag : 0
10-09 00:15:00.321 12347 12347 I IMM_LC  : hsifw() - mService.hideSoftInput
10-09 00:15:00.377 12347 12347 D ScrollView: initGoToTop
10-09 00:15:00.622 12347 12347 I SurfaceView@41dd885: onWindowVisibilityChanged(0) true android.view.SurfaceView{41dd885 V.E...... ......I. 0,0-0,0} of ViewRootImpl@c867560[MainActivity]
10-09 00:15:00.622 12347 12347 D SurfaceView@41dd885: updateSurface: has no frame
10-09 00:15:00.627 12347 12347 I CS3ExoPlayer: SET STYLE = SaveCaptionStyle(foregroundColor=-1, backgroundColor=0, windowColor=0, edgeType=1, edgeColor=-16777216, typeface=null, typefaceFilePath=null, elevation=20, fixedTextSize=null, edgeSize=null, removeCaptions=false, removeBloat=true, upperCase=false, bold=false, italic=false, backgroundRadius=null)
10-09 00:15:00.636 12347 12347 I IMM_LC  : hsifw() - flag : 0
10-09 00:15:00.636 12347 12347 I IMM_LC  : hsifw() - mService.hideSoftInput
10-09 00:15:00.639 12347 12408 I SYNCVM  : addFromUrl = https://tv6.egydead.live/%d9%85%d8%b4%d8%a7%d9%87%d8%af%d8%a9-%d9%81%d9%8a%d9%84%d9%85-baban-baban-ban-vampire-2025-%d9%85%d8%aa%d8%b1%d8%ac%d9%85/
10-09 00:15:00.639 12347 12408 I SYNCUTIL: getIdsFromUrl https://tv6.egydead.live/%d9%85%d8%b4%d8%a7%d9%87%d8%af%d8%a9-%d9%81%d9%8a%d9%84%d9%85-baban-baban-ban-vampire-2025-%d9%85%d8%aa%d8%b1%d8%ac%d9%85/
10-09 00:15:00.654 12347 12347 I SurfaceView@41dd885: onWindowVisibilityChanged(8) false android.view.SurfaceView{41dd885 V.E...... ......I. 0,0-0,0} of ViewRootImpl@c867560[MainActivity]
10-09 00:15:00.654 12347 12347 D SurfaceView@41dd885: updateSurface: has no frame
10-09 00:15:00.654 12347 12347 D SurfaceView@41dd885: updateSurface: has no frame
10-09 00:15:00.654 12347 12347 I SurfaceView@41dd885: onDetachedFromWindow: tryReleaseSurfaces()
10-09 00:15:00.654 12347 12347 I SurfaceView@41dd885: releaseSurfaces: viewRoot = ViewRootImpl@c867560[MainActivity]
10-09 00:15:00.654 12347 12347 I SurfaceView@41dd885: applyTransactionOnVriDraw: vri = ViewRootImpl@c867560[MainActivity] fRS = true t = 0x7b69789000 android.view.SurfaceView.releaseSurfaces:858 android.view.SurfaceView.onDetachedFromWindow:500 android.view.View.dispatchDetachedFromWindow:22538 
10-09 00:15:00.654 12347 12347 I SurfaceView@41dd885: applyTransactionOnVriDraw: viewRoot.applyTransactionOnDrawFromReleaseSurfaces
10-09 00:15:00.654 12347 12347 I ViewRootImpl@c867560[MainActivity]: applyTransactionOnDraw: mRemoved = false isHardwareEnabled = true t = 0x7b69789000android.view.ViewRootImpl.applyTransactionOnDrawFromReleaseSurfaces:12850 android.view.SurfaceView.applyTransactionOnVriDraw:2046 android.view.SurfaceView.releaseSurfaces:858 android.view.SurfaceView.onDetachedFromWindow:500 android.view.View.dispatchDetachedFromWindow:22538 
10-09 00:15:00.656 12347 12347 I SurfaceView@41dd885: onWindowVisibilityChanged(0) true android.view.SurfaceView{41dd885 V.E...... ......I. 0,0-0,0} of ViewRootImpl@c867560[MainActivity]
10-09 00:15:00.656 12347 12347 D SurfaceView@41dd885: updateSurface: has no frame
10-09 00:15:00.658 12347 12347 I DecorView: notifyKeepScreenOnChanged: keepScreenOn=false
10-09 00:15:00.668 12347 12347 I CS3ExoPlayer: reloadPlayer
10-09 00:15:00.668 12347 12347 I CS3ExoPlayer: releasePlayer
10-09 00:15:00.668 12347 12347 I CS3ExoPlayer: Handle event: PlayerAttachedEvent(player=null, source=Player)
10-09 00:15:00.674 12347 12347 I ViewRootImpl@c867560[MainActivity]: performTraversals params={(0,0)(fillxfill) sim={state=always_hidden adjust=resize} ty=BASE_APPLICATION wanim=0x1030309
10-09 00:15:00.674 12347 12347 I ViewRootImpl@c867560[MainActivity]:   fl=85810100
10-09 00:15:00.674 12347 12347 I ViewRootImpl@c867560[MainActivity]:   pfl=12020040
10-09 00:15:00.674 12347 12347 I ViewRootImpl@c867560[MainActivity]:   vsysui=500
10-09 00:15:00.674 12347 12347 I ViewRootImpl@c867560[MainActivity]:   bhv=DEFAULT
10-09 00:15:00.674 12347 12347 I ViewRootImpl@c867560[MainActivity]:   fitSides= naviIconColor=0}
10-09 00:15:00.674 12347 12347 I ViewRootImpl@c867560[MainActivity]: performTraversals mFirst=false windowShouldResize=false viewVisibilityChanged=false mForceNextWindowRelayout=false params={(0,0)(fillxfill) sim={state=always_hidden adjust=resize} ty=BASE_APPLICATION fmt=TRANSLUCENT wanim=0x1030309
10-09 00:15:00.674 12347 12347 I ViewRootImpl@c867560[MainActivity]:   fl=85810100
10-09 00:15:00.674 12347 12347 I ViewRootImpl@c867560[MainActivity]:   pfl=12020040
10-09 00:15:00.674 12347 12347 I ViewRootImpl@c867560[MainActivity]:   vsysui=500
10-09 00:15:00.674 12347 12347 I ViewRootImpl@c867560[MainActivity]:   bhv=DEFAULT
10-09 00:15:00.674 12347 12347 I ViewRootImpl@c867560[MainActivity]:   fitSides= naviIconColor=0}
10-09 00:15:00.682 12347 12347 I ViewRootImpl@c867560[MainActivity]: updateBlastSurfaceIfNeeded mBlastBufferQueue=0x7b3e8aac00 isSameSurfaceControl=true
10-09 00:15:00.682 12347 12347 I BLASTBufferQueue: update, w= 1080 h= 2400 mName = ViewRootImpl@c867560[MainActivity] mNativeObject= 0x7b3e8aac00 sc.mNativeObject= 0x7b697693a0 format= -3 caller= android.view.ViewRootImpl.updateBlastSurfaceIfNeeded:2898 android.view.ViewRootImpl.relayoutWindow:9847 android.view.ViewRootImpl.performTraversals:3884 android.view.ViewRootImpl.doTraversal:3116 android.view.ViewRootImpl$TraversalRunnable.run:10885 android.view.Choreographer$CallbackRecord.run:1301 
10-09 00:15:00.682 12347 12347 I ViewRootImpl@c867560[MainActivity]: Relayout returned: old=(0,0,1080,2400) new=(0,0,1080,2400) req=(1080,2400)0 dur=8 res=0x0 s={true 0x7bdd362000} ch=false seqId=0
10-09 00:15:00.682 12347 12347 I ViewRootImpl@c867560[MainActivity]: updateBoundsLayer: t = android.view.SurfaceControl$Transaction@a4e6257 sc = Surface(name=Bounds for - com.lagradost.cloudstream3/com.lagradost.cloudstream3.MainActivity@0)/@0xba09144 frame = 340
10-09 00:15:00.682 12347 12347 I ViewRootImpl@c867560[MainActivity]: mWNT: t=0x7b3e841500 mBlastBufferQueue=0x7b3e8aac00 fn= 340 caller= android.view.ViewRootImpl.prepareSurfaces:2985 android.view.ViewRootImpl.performTraversals:4233 android.view.ViewRootImpl.doTraversal:3116 
10-09 00:15:00.683 12347 12347 W View    : requestLayout() improperly called by android.widget.FrameLayout{7c66b06 I.E...... ......I. 0,0-0,0 #7f0a04e7 app:id/start_panel} during layout: running second layout pass
10-09 00:15:00.683 12347 12347 W View    : requestLayout() improperly called by android.widget.FrameLayout{bb95c7 I.E...... ......ID 1080,0-1080,2143 #7f0a0168 app:id/end_panel} during layout: running second layout pass
10-09 00:15:00.685 12347 12347 D SurfaceView@41dd885: updateSurface: has no frame
10-09 00:15:00.689 12347 12453 I ViewRootImpl@c867560[MainActivity]: mWNT: t=0x7b69789000 mBlastBufferQueue=0x7b3e8aac00 fn= 340 caller= android.view.ViewRootImpl.lambda$applyTransactionOnDraw$11$android-view-ViewRootImpl:12865 android.view.ViewRootImpl$$ExternalSyntheticLambda1.onFrameDraw:4 android.graphics.HardwareRenderer$FrameDrawingCallback.onFrameDraw:924 
10-09 00:15:00.692 12347 12347 D SurfaceView@41dd885: updateSurface: has no frame
10-09 00:15:00.709 12347 12347 D SurfaceView@41dd885: updateSurface: has no frame
10-09 00:15:00.729 12347 12347 D SurfaceView@41dd885: updateSurface: has no frame
10-09 00:15:00.753 12347 12347 D SurfaceView@41dd885: updateSurface: has no frame
10-09 00:15:00.765 12347 12347 D SurfaceView@41dd885: updateSurface: has no frame
10-09 00:15:00.776 12347 12347 D SurfaceView@41dd885: updateSurface: has no frame
10-09 00:15:00.790 12347 12347 D SurfaceView@41dd885: updateSurface: has no frame
10-09 00:15:00.807 12347 12347 D SurfaceView@41dd885: updateSurface: has no frame
10-09 00:15:00.823 12347 12347 D SurfaceView@41dd885: updateSurface: has no frame
10-09 00:15:00.840 12347 12347 D SurfaceView@41dd885: updateSurface: has no frame
10-09 00:15:00.857 12347 12347 D SurfaceView@41dd885: updateSurface: has no frame
10-09 00:15:00.874 12347 12347 D SurfaceView@41dd885: updateSurface: has no frame
10-09 00:15:00.890 12347 12347 D SurfaceView@41dd885: updateSurface: has no frame
10-09 00:15:00.907 12347 12347 D SurfaceView@41dd885: updateSurface: has no frame
10-09 00:15:00.923 12347 12347 D SurfaceView@41dd885: updateSurface: has no frame
10-09 00:15:00.940 12347 12347 D SurfaceView@41dd885: updateSurface: has no frame
10-09 00:15:00.957 12347 12347 D SurfaceView@41dd885: updateSurface: has no frame
10-09 00:15:00.973 12347 12347 D SurfaceView@41dd885: updateSurface: has no frame
10-09 00:15:00.990 12347 12347 D SurfaceView@41dd885: updateSurface: has no frame
10-09 00:15:01.006 12347 12410 I RVM2    : applyMeta
10-09 00:15:01.007 12347 12347 D SurfaceView@41dd885: updateSurface: has no frame
10-09 00:15:01.012 12347 12347 W PanelsChildGestureRegionObserver: failed to register view with ID 2131362800. already registered
10-09 00:15:01.014 12347 12347 E CoilImgLoader: Error loading image: coil3.request.NullRequestDataException: The request's data is null.
10-09 00:15:01.020 12347 12347 E CoilImgLoader: Error loading image: coil3.request.NullRequestDataException: The request's data is null.
10-09 00:15:01.063 12347 12410 I SYNCVM  : addFromUrl = https://tv6.egydead.live/%d9%85%d8%b4%d8%a7%d9%87%d8%af%d8%a9-%d9%81%d9%8a%d9%84%d9%85-baban-baban-ban-vampire-2025-%d9%85%d8%aa%d8%b1%d8%ac%d9%85/
10-09 00:15:01.063 12347 12410 I SYNCUTIL: getIdsFromUrl https://tv6.egydead.live/%d9%85%d8%b4%d8%a7%d9%87%d8%af%d8%a9-%d9%81%d9%8a%d9%84%d9%85-baban-baban-ban-vampire-2025-%d9%85%d8%aa%d8%b1%d8%ac%d9%85/
10-09 00:15:01.077 12347 12347 I ViewRootImpl@c867560[MainActivity]: performTraversals mFirst=false windowShouldResize=false viewVisibilityChanged=false mForceNextWindowRelayout=false params={(0,0)(fillxfill) sim={state=always_hidden adjust=pan} ty=BASE_APPLICATION fmt=TRANSLUCENT wanim=0x1030309
10-09 00:15:01.077 12347 12347 I ViewRootImpl@c867560[MainActivity]:   fl=85810100
10-09 00:15:01.077 12347 12347 I ViewRootImpl@c867560[MainActivity]:   pfl=12020040
10-09 00:15:01.077 12347 12347 I ViewRootImpl@c867560[MainActivity]:   vsysui=500
10-09 00:15:01.077 12347 12347 I ViewRootImpl@c867560[MainActivity]:   bhv=DEFAULT
10-09 00:15:01.077 12347 12347 I ViewRootImpl@c867560[MainActivity]:   fitSides= naviIconColor=0}
10-09 00:15:01.084 12347 12347 I ViewRootImpl@c867560[MainActivity]: updateBlastSurfaceIfNeeded mBlastBufferQueue=0x7b3e8aac00 isSameSurfaceControl=true
10-09 00:15:01.084 12347 12347 I BLASTBufferQueue: update, w= 1080 h= 2400 mName = ViewRootImpl@c867560[MainActivity] mNativeObject= 0x7b3e8aac00 sc.mNativeObject= 0x7b69886d00 format= -3 caller= android.view.ViewRootImpl.updateBlastSurfaceIfNeeded:2898 android.view.ViewRootImpl.relayoutWindow:9847 android.view.ViewRootImpl.performTraversals:3884 android.view.ViewRootImpl.doTraversal:3116 android.view.ViewRootImpl$TraversalRunnable.run:10885 android.view.Choreographer$CallbackRecord.run:1301 
10-09 00:15:01.084 12347 12347 I ViewRootImpl@c867560[MainActivity]: Relayout returned: old=(0,0,1080,2400) new=(0,0,1080,2400) req=(1080,2400)0 dur=7 res=0x0 s={true 0x7bdd362000} ch=false seqId=0
10-09 00:15:01.084 12347 12347 D SurfaceView@41dd885: updateSurface: has no frame
10-09 00:15:01.086 12347 12347 I SurfaceView@41dd885: Changes: creating=true format=true size=true visible=true alpha=false hint=false mUseAlpha=false visible=true left=true top=true
10-09 00:15:01.088 12347 12347 I BLASTBufferQueue: update, w= 1080 h= 525 mName = null mNativeObject= 0x7b5cbf9400 sc.mNativeObject= 0x7b69886f80 format= 4 caller= android.view.SurfaceView.createBlastSurfaceControls:1383 android.view.SurfaceView.updateSurface:1079 android.view.SurfaceView.lambda$new$0$android-view-SurfaceView:200 android.view.SurfaceView$$ExternalSyntheticLambda5.onPreDraw:2 android.view.ViewTreeObserver.dispatchOnPreDraw:1121 android.view.ViewRootImpl.performTraversals:4442 
10-09 00:15:01.088 12347 12347 I SurfaceView@41dd885: 69064837 Cur surface: Surface(name=null)/@0xc8be2b3
10-09 00:15:01.088 12347 12347 I SurfaceView@41dd885: pST: sr = Rect(0, 218 - 1080, 743) sw = 1080 sh = 525
10-09 00:15:01.089 12347 12347 D SurfaceView@41dd885: performSurfaceTransaction RenderWorker position = [0, 218, 1080, 743] surfaceSize = 1080x525
10-09 00:15:01.089 12347 12347 I SurfaceView@41dd885: applyTransactionOnVriDraw: vri = ViewRootImpl@c867560[MainActivity] fRS = false t = 0x7afae12b00 android.view.SurfaceView.performSurfaceTransaction:959 android.view.SurfaceView.updateSurface:1105 android.view.SurfaceView.lambda$new$0$android-view-SurfaceView:200 
10-09 00:15:01.089 12347 12347 I ViewRootImpl@c867560[MainActivity]: applyTransactionOnDraw: mRemoved = false isHardwareEnabled = true t = 0x7afae12b00android.view.SurfaceView.applyTransactionOnVriDraw:2048 android.view.SurfaceView.performSurfaceTransaction:959 android.view.SurfaceView.updateSurface:1105 android.view.SurfaceView.lambda$new$0$android-view-SurfaceView:200 android.view.SurfaceView$$ExternalSyntheticLambda5.onPreDraw:2 
10-09 00:15:01.089 12347 12347 I SurfaceView@41dd885: updateSurface: mVisible = true mSurface.isValid() = true
10-09 00:15:01.089 12347 12347 I SurfaceView@41dd885: updateSurface: mSurfaceCreated = false surfaceChanged = true visibleChanged = true
10-09 00:15:01.089 12347 12347 I SurfaceView@41dd885: visibleChanged -- surfaceCreated
10-09 00:15:01.089 12347 12347 I SurfaceView@41dd885: surfaceCreated 0 #8 android.view.SurfaceView{41dd885 V.E...... ......ID 0,0-1080,525}
10-09 00:15:01.089 12347 12347 I SurfaceView@41dd885: surfaceChanged -- format=4 w=1080 h=525
10-09 00:15:01.089 12347 12347 I SurfaceView@41dd885: surfaceChanged (1080,525) 0 #8 android.view.SurfaceView{41dd885 V.E...... ......ID 0,0-1080,525}
10-09 00:15:01.089 12347 12347 I SurfaceView@41dd885: surfaceRedrawNeeded
10-09 00:15:01.090 12347 12347 V SurfaceView@41dd885: Layout: x=0 y=218 w=1080 h=525, frame=Rect(0, 0 - 1080, 525)
10-09 00:15:01.105 12347 12452 D SurfaceView@41dd885: updateSurfacePosition RenderWorker, frameNr = 360, position = [0, 218, 1080, 743] surfaceSize = 1080x525
10-09 00:15:01.106 12347 12452 I SurfaceView@41dd885: uSP: rtp = Rect(0, 218 - 1080, 743) rtsw = 1080 rtsh = 525
10-09 00:15:01.106 12347 12452 I SurfaceView@41dd885: onSSPAndSRT: pl = 0 pt = 218 sx = 1.0 sy = 1.0
10-09 00:15:01.106 12347 12452 I SurfaceView@41dd885: aOrMT: ViewRootImpl@c867560[MainActivity] t = android.view.SurfaceControl$Transaction@7f7d97a fN = 360 android.view.SurfaceView.-$$Nest$mapplyOrMergeTransaction:0 android.view.SurfaceView$SurfaceViewPositionUpdateListener.positionChanged:1537 android.graphics.RenderNode$CompositePositionUpdateListener.positionChanged:373 
10-09 00:15:01.106 12347 12452 I ViewRootImpl@c867560[MainActivity]: mWNT: t=0x7b69789a00 mBlastBufferQueue=0x7b3e8aac00 fn= 360 caller= android.view.SurfaceView.applyOrMergeTransaction:1455 android.view.SurfaceView.-$$Nest$mapplyOrMergeTransaction:0 android.view.SurfaceView$SurfaceViewPositionUpdateListener.positionChanged:1537 
10-09 00:15:01.107 12347 12452 I ViewRootImpl@c867560[MainActivity]: mWNT: t=0x7afae12b00 mBlastBufferQueue=0x7b3e8aac00 fn= 360 caller= android.view.ViewRootImpl.lambda$applyTransactionOnDraw$11$android-view-ViewRootImpl:12865 android.view.ViewRootImpl$$ExternalSyntheticLambda1.onFrameDraw:4 android.graphics.HardwareRenderer$FrameDrawingCallback.onFrameDraw:924 
10-09 00:15:01.126 12347 12347 I SurfaceView@41dd885: finishedDrawing
10-09 00:15:02.001 12347 12347 I ViewRootImpl@c867560[MainActivity]: ViewPostIme pointer 0
10-09 00:15:02.535 12347 12347 I Dialog  : mIsDeviceDefault = false, mIsSamsungBasicInteraction = false, isMetaDataInActivity = false
10-09 00:15:02.573 12347 12347 I DecorView: [INFO] isPopOver=false config=false
10-09 00:15:02.574 12347 12347 I DecorView: updateCaptionType: isFloating=false isApplication=true hasWindowDecorCaption=false this=DecorView@1477691[]
10-09 00:15:02.574 12347 12347 D DecorView: setCaptionType = 0, this = DecorView@1477691[]
10-09 00:15:02.576 12347 12347 I DecorView: getCurrentDensityDpi: from app context. densityDpi=420 msg=resources_loaded
10-09 00:15:02.576 12347 12347 I DecorView: setWindowBackground: isPopOver=false color=0 d=android.graphics.drawable.ColorDrawable@140f1f7
10-09 00:15:02.588 12347 12371 D NativeCustomFrequencyManager: [NativeCFMS] BpCustomFrequencyManager::BpCustomFrequencyManager()
10-09 00:15:02.589 12347 12347 I DecorView: notifyKeepScreenOnChanged: keepScreenOn=false
