10-08 15:45:35.380 25874 25874 I ViewRootImpl@9c786b5[MainActivity]: mThreadedRenderer.initializeIfNeeded()#2 mSurface={isValid=true 0x7bed8c2800}
10-08 15:45:36.496 25874 25874 I ViewRootImpl@9c786b5[MainActivity]: ViewPostIme pointer 0
10-08 15:45:36.553 25874 25874 I ViewRootImpl@9c786b5[MainActivity]: ViewPostIme pointer 1
10-08 15:45:36.613 25874 25874 I MSHandlerLifeCycle: removeMultiSplitHandler: no exist. decor=DecorView@3f5fd90[MainActivity]
10-08 15:45:36.615 25874 25897 D OpenGLRenderer: setSurface called with nullptr
10-08 15:45:36.615 25874 25897 D OpenGLRenderer: setSurface() destroyed EGLSurface
10-08 15:45:36.616 25874 25897 D OpenGLRenderer: destroyEglSurface
10-08 15:45:36.618 25874 25897 D OpenGLRenderer: endAllActiveAnimators on 0x7b04f47a00 (RippleDrawable) with handle 0x7b3e47d100
10-08 15:45:36.619 25874 25874 I ViewRootImpl@9c786b5[MainActivity]: dispatchDetachedFromWindow
10-08 15:45:36.654 25874 25874 D InputTransport: Input channel destroyed: '6c3f5a ', fd=150
10-08 15:45:36.694 25874 25874 I ViewRootImpl@27a4bf[MainActivity]: MSG_WINDOW_FOCUS_CHANGED 1 0
10-08 15:45:36.695 25874 25874 I ViewRootImpl@27a4bf[MainActivity]: mThreadedRenderer.initializeIfNeeded()#2 mSurface={isValid=true 0x7b5e1fc800}
10-08 15:45:36.699 25874 25874 D InputMethodManager: startInputInner - Id : 0
10-08 15:45:36.699 25874 25874 I InputMethodManager: startInputInner - mService.startInputOrWindowGainedFocus
10-08 15:45:36.792 25874 25884 I st.cloudstream3: Background concurrent copying GC freed 14MB AllocSpace bytes, 116(7128KB) LOS objects, 44% free, 29MB/53MB, paused 1.159ms,248us total 219.193ms
10-08 15:45:36.795 25874 25885 D InputTransport: Input channel destroyed: 'ClientS', fd=113
10-08 15:45:36.795 25874 25885 D InputTransport: Input channel destroyed: 'ClientS', fd=193
10-08 15:45:36.795 25874 25885 D InputTransport: Input channel destroyed: 'ClientS', fd=162
10-08 15:45:36.795 25874 25897 D OpenGLRenderer: setSurface called with nullptr
10-08 15:45:36.798 25874 25897 D OpenGLRenderer: setSurface called with nullptr
10-08 15:45:39.772 25874 25874 I ViewRootImpl@27a4bf[MainActivity]: ViewPostIme pointer 0
10-08 15:45:39.821 25874 25874 I ViewRootImpl@27a4bf[MainActivity]: ViewPostIme pointer 1
10-08 15:45:39.851 25874 25874 I IMM_LC  : hsifw() - flag : 0
10-08 15:45:39.851 25874 25874 I IMM_LC  : hsifw() - mService.hideSoftInput
10-08 15:45:41.219 25874 25874 I ViewRootImpl@27a4bf[MainActivity]: ViewPostIme pointer 0
10-08 15:45:41.259 25874 25874 I ViewRootImpl@27a4bf[MainActivity]: ViewPostIme pointer 1
10-08 15:45:41.275 25874 25874 I NavComponent: Navigating to fragment: 2131362274
10-08 15:45:41.284 25874 25874 I IMM_LC  : hsifw() - flag : 0
10-08 15:45:41.284 25874 25874 I IMM_LC  : hsifw() - mService.hideSoftInput
10-08 15:45:41.335 25874 25874 D ScrollView: initGoToTop
10-08 15:45:41.580 25874 25874 I SurfaceView@b28e630: onWindowVisibilityChanged(0) true android.view.SurfaceView{b28e630 V.E..V... ......I. 0,0-0,0} of ViewRootImpl@27a4bf[MainActivity]
10-08 15:45:41.581 25874 25874 D SurfaceView@b28e630: updateSurface: has no frame
10-08 15:45:41.585 25874 25874 I CS3ExoPlayer: SET STYLE = SaveCaptionStyle(foregroundColor=-1, backgroundColor=0, windowColor=0, edgeType=1, edgeColor=-16777216, typeface=null, typefaceFilePath=null, elevation=20, fixedTextSize=null, edgeSize=null, removeCaptions=false, removeBloat=true, upperCase=false, bold=false, italic=false, backgroundRadius=null)
10-08 15:45:41.593 25874 25874 I IMM_LC  : hsifw() - flag : 0
10-08 15:45:41.594 25874 25874 I IMM_LC  : hsifw() - mService.hideSoftInput
10-08 15:45:41.596 25874 25924 I SYNCVM  : addFromUrl = https://tv6.egydead.live/%d9%85%d8%b4%d8%a7%d9%87%d8%af%d8%a9-%d9%81%d9%8a%d9%84%d9%85-omniscient-reader-the-prophecy-2025-%d9%85%d8%aa%d8%b1%d8%ac%d9%85/
10-08 15:45:41.596 25874 25924 I SYNCUTIL: getIdsFromUrl https://tv6.egydead.live/%d9%85%d8%b4%d8%a7%d9%87%d8%af%d8%a9-%d9%81%d9%8a%d9%84%d9%85-omniscient-reader-the-prophecy-2025-%d9%85%d8%aa%d8%b1%d8%ac%d9%85/
10-08 15:45:41.615 25874 25874 I SurfaceView@b28e630: onWindowVisibilityChanged(8) false android.view.SurfaceView{b28e630 V.E..V... ......I. 0,0-0,0} of ViewRootImpl@27a4bf[MainActivity]
10-08 15:45:41.615 25874 25874 D SurfaceView@b28e630: updateSurface: has no frame
10-08 15:45:41.615 25874 25874 D SurfaceView@b28e630: updateSurface: has no frame
10-08 15:45:41.615 25874 25874 I SurfaceView@b28e630: onDetachedFromWindow: tryReleaseSurfaces()
10-08 15:45:41.615 25874 25874 I SurfaceView@b28e630: releaseSurfaces: viewRoot = ViewRootImpl@27a4bf[MainActivity]
10-08 15:45:41.616 25874 25874 I SurfaceView@b28e630: applyTransactionOnVriDraw: vri = ViewRootImpl@27a4bf[MainActivity] fRS = true t = 0x7b1ce97400 android.view.SurfaceView.releaseSurfaces:858 android.view.SurfaceView.onDetachedFromWindow:500 android.view.View.dispatchDetachedFromWindow:22538 
10-08 15:45:41.616 25874 25874 I SurfaceView@b28e630: applyTransactionOnVriDraw: viewRoot.applyTransactionOnDrawFromReleaseSurfaces
10-08 15:45:41.616 25874 25874 I ViewRootImpl@27a4bf[MainActivity]: applyTransactionOnDraw: mRemoved = false isHardwareEnabled = true t = 0x7b1ce97400android.view.ViewRootImpl.applyTransactionOnDrawFromReleaseSurfaces:12850 android.view.SurfaceView.applyTransactionOnVriDraw:2046 android.view.SurfaceView.releaseSurfaces:858 android.view.SurfaceView.onDetachedFromWindow:500 android.view.View.dispatchDetachedFromWindow:22538 
10-08 15:45:41.617 25874 25874 I SurfaceView@b28e630: onWindowVisibilityChanged(0) true android.view.SurfaceView{b28e630 V.E..V... ......I. 0,0-0,0} of ViewRootImpl@27a4bf[MainActivity]
10-08 15:45:41.617 25874 25874 D SurfaceView@b28e630: updateSurface: has no frame
10-08 15:45:41.620 25874 25874 I DecorView: notifyKeepScreenOnChanged: keepScreenOn=false
10-08 15:45:41.630 25874 25874 I CS3ExoPlayer: reloadPlayer
10-08 15:45:41.630 25874 25874 I CS3ExoPlayer: releasePlayer
10-08 15:45:41.630 25874 25874 I CS3ExoPlayer: Handle event: PlayerAttachedEvent(player=null, source=Player)
10-08 15:45:41.636 25874 25874 I ViewRootImpl@27a4bf[MainActivity]: performTraversals params={(0,0)(fillxfill) sim={state=always_hidden adjust=resize} ty=BASE_APPLICATION wanim=0x1030309
10-08 15:45:41.636 25874 25874 I ViewRootImpl@27a4bf[MainActivity]:   fl=85810100
10-08 15:45:41.636 25874 25874 I ViewRootImpl@27a4bf[MainActivity]:   pfl=12020040
10-08 15:45:41.636 25874 25874 I ViewRootImpl@27a4bf[MainActivity]:   vsysui=500
10-08 15:45:41.636 25874 25874 I ViewRootImpl@27a4bf[MainActivity]:   bhv=DEFAULT
10-08 15:45:41.636 25874 25874 I ViewRootImpl@27a4bf[MainActivity]:   fitSides= naviIconColor=0}
10-08 15:45:41.636 25874 25874 I ViewRootImpl@27a4bf[MainActivity]: performTraversals mFirst=false windowShouldResize=false viewVisibilityChanged=false mForceNextWindowRelayout=false params={(0,0)(fillxfill) sim={state=always_hidden adjust=resize} ty=BASE_APPLICATION fmt=TRANSLUCENT wanim=0x1030309
10-08 15:45:41.636 25874 25874 I ViewRootImpl@27a4bf[MainActivity]:   fl=85810100
10-08 15:45:41.636 25874 25874 I ViewRootImpl@27a4bf[MainActivity]:   pfl=12020040
10-08 15:45:41.636 25874 25874 I ViewRootImpl@27a4bf[MainActivity]:   vsysui=500
10-08 15:45:41.636 25874 25874 I ViewRootImpl@27a4bf[MainActivity]:   bhv=DEFAULT
10-08 15:45:41.636 25874 25874 I ViewRootImpl@27a4bf[MainActivity]:   fitSides= naviIconColor=0}
10-08 15:45:41.643 25874 25874 I ViewRootImpl@27a4bf[MainActivity]: updateBlastSurfaceIfNeeded mBlastBufferQueue=0x7b5e1ec800 isSameSurfaceControl=true
10-08 15:45:41.644 25874 25874 I BLASTBufferQueue: update, w= 1080 h= 2400 mName = ViewRootImpl@27a4bf[MainActivity] mNativeObject= 0x7b5e1ec800 sc.mNativeObject= 0x7b06d3e500 format= -3 caller= android.view.ViewRootImpl.updateBlastSurfaceIfNeeded:2898 android.view.ViewRootImpl.relayoutWindow:9847 android.view.ViewRootImpl.performTraversals:3884 android.view.ViewRootImpl.doTraversal:3116 android.view.ViewRootImpl$TraversalRunnable.run:10885 android.view.Choreographer$CallbackRecord.run:1301 
10-08 15:45:41.644 25874 25874 I ViewRootImpl@27a4bf[MainActivity]: Relayout returned: old=(0,0,1080,2400) new=(0,0,1080,2400) req=(1080,2400)0 dur=7 res=0x0 s={true 0x7b5e1fc800} ch=false seqId=0
10-08 15:45:41.644 25874 25874 I ViewRootImpl@27a4bf[MainActivity]: updateBoundsLayer: t = android.view.SurfaceControl$Transaction@a3e9f6d sc = Surface(name=Bounds for - com.lagradost.cloudstream3/com.lagradost.cloudstream3.MainActivity@0)/@0xc8b47a2 frame = 1354
10-08 15:45:41.644 25874 25874 I ViewRootImpl@27a4bf[MainActivity]: mWNT: t=0x7b5e366b00 mBlastBufferQueue=0x7b5e1ec800 fn= 1354 caller= android.view.ViewRootImpl.prepareSurfaces:2985 android.view.ViewRootImpl.performTraversals:4233 android.view.ViewRootImpl.doTraversal:3116 
10-08 15:45:41.645 25874 25874 W View    : requestLayout() improperly called by android.widget.FrameLayout{f3d1cc0 I.E..V... ......I. 0,0-0,0 #7f0a04e7 app:id/start_panel} during layout: running second layout pass
10-08 15:45:41.645 25874 25874 W View    : requestLayout() improperly called by android.widget.FrameLayout{847edf9 I.E..V... ......ID 1080,0-1080,2143 #7f0a0168 app:id/end_panel} during layout: running second layout pass
10-08 15:45:41.646 25874 25874 D SurfaceView@b28e630: updateSurface: has no frame
10-08 15:45:41.651 25874 25966 I ViewRootImpl@27a4bf[MainActivity]: mWNT: t=0x7b1ce97400 mBlastBufferQueue=0x7b5e1ec800 fn= 1354 caller= android.view.ViewRootImpl.lambda$applyTransactionOnDraw$11$android-view-ViewRootImpl:12865 android.view.ViewRootImpl$$ExternalSyntheticLambda1.onFrameDraw:4 android.graphics.HardwareRenderer$FrameDrawingCallback.onFrameDraw:924 
10-08 15:45:41.654 25874 25874 D SurfaceView@b28e630: updateSurface: has no frame
10-08 15:45:41.701 25874 25874 D SurfaceView@b28e630: updateSurface: has no frame
10-08 15:45:41.723 25874 25874 D SurfaceView@b28e630: updateSurface: has no frame
10-08 15:45:41.743 25874 25874 D SurfaceView@b28e630: updateSurface: has no frame
10-08 15:45:41.755 25874 25874 D SurfaceView@b28e630: updateSurface: has no frame
10-08 15:45:41.771 25874 25874 D SurfaceView@b28e630: updateSurface: has no frame
10-08 15:45:41.788 25874 25874 D SurfaceView@b28e630: updateSurface: has no frame
10-08 15:45:41.804 25874 25874 D SurfaceView@b28e630: updateSurface: has no frame
10-08 15:45:41.821 25874 25874 D SurfaceView@b28e630: updateSurface: has no frame
10-08 15:45:41.838 25874 25874 D SurfaceView@b28e630: updateSurface: has no frame
10-08 15:45:41.854 25874 25874 D SurfaceView@b28e630: updateSurface: has no frame
10-08 15:45:41.871 25874 25874 D SurfaceView@b28e630: updateSurface: has no frame
10-08 15:45:41.888 25874 25874 D SurfaceView@b28e630: updateSurface: has no frame
10-08 15:45:41.904 25874 25874 D SurfaceView@b28e630: updateSurface: has no frame
10-08 15:45:41.921 25874 25874 D SurfaceView@b28e630: updateSurface: has no frame
10-08 15:45:41.938 25874 25874 D SurfaceView@b28e630: updateSurface: has no frame
10-08 15:45:41.955 25874 25874 D SurfaceView@b28e630: updateSurface: has no frame
10-08 15:45:41.971 25874 25874 D SurfaceView@b28e630: updateSurface: has no frame
10-08 15:45:41.988 25874 25874 D SurfaceView@b28e630: updateSurface: has no frame
10-08 15:45:42.004 25874 25874 D SurfaceView@b28e630: updateSurface: has no frame
10-08 15:45:42.021 25874 25874 D SurfaceView@b28e630: updateSurface: has no frame
10-08 15:45:42.037 25874 25874 D SurfaceView@b28e630: updateSurface: has no frame
10-08 15:45:42.054 25874 25874 D SurfaceView@b28e630: updateSurface: has no frame
10-08 15:45:42.071 25874 25874 D SurfaceView@b28e630: updateSurface: has no frame
10-08 15:45:42.087 25874 25874 D SurfaceView@b28e630: updateSurface: has no frame
10-08 15:45:42.104 25874 25874 D SurfaceView@b28e630: updateSurface: has no frame
10-08 15:45:42.121 25874 25874 D SurfaceView@b28e630: updateSurface: has no frame
10-08 15:45:42.138 25874 25874 D SurfaceView@b28e630: updateSurface: has no frame
10-08 15:45:42.154 25874 25874 D SurfaceView@b28e630: updateSurface: has no frame
10-08 15:45:42.171 25874 25874 D SurfaceView@b28e630: updateSurface: has no frame
10-08 15:45:42.188 25874 25874 D SurfaceView@b28e630: updateSurface: has no frame
10-08 15:45:42.204 25874 25874 D SurfaceView@b28e630: updateSurface: has no frame
10-08 15:45:42.215 25874 25930 I RVM2    : applyMeta
10-08 15:45:42.221 25874 25874 D SurfaceView@b28e630: updateSurface: has no frame
10-08 15:45:42.224 25874 25874 W PanelsChildGestureRegionObserver: failed to register view with ID 2131362800. already registered
10-08 15:45:42.228 25874 25874 E CoilImgLoader: Error loading image: coil3.request.NullRequestDataException: The request's data is null.
10-08 15:45:42.234 25874 25874 E CoilImgLoader: Error loading image: coil3.request.NullRequestDataException: The request's data is null.
10-08 15:45:42.277 25874 25924 I SYNCVM  : addFromUrl = https://tv6.egydead.live/%d9%85%d8%b4%d8%a7%d9%87%d8%af%d8%a9-%d9%81%d9%8a%d9%84%d9%85-omniscient-reader-the-prophecy-2025-%d9%85%d8%aa%d8%b1%d8%ac%d9%85/
10-08 15:45:42.277 25874 25924 I SYNCUTIL: getIdsFromUrl https://tv6.egydead.live/%d9%85%d8%b4%d8%a7%d9%87%d8%af%d8%a9-%d9%81%d9%8a%d9%84%d9%85-omniscient-reader-the-prophecy-2025-%d9%85%d8%aa%d8%b1%d8%ac%d9%85/
10-08 15:45:42.290 25874 25874 D SurfaceView@b28e630: updateSurface: has no frame
10-08 15:45:42.291 25874 25874 I SurfaceView@b28e630: Changes: creating=true format=true size=true visible=true alpha=false hint=false mUseAlpha=false visible=true left=true top=true
10-08 15:45:42.293 25874 25874 I BLASTBufferQueue: update, w= 1080 h= 525 mName = null mNativeObject= 0x7bdd56f700 sc.mNativeObject= 0x7b04fce3c0 format= 4 caller= android.view.SurfaceView.createBlastSurfaceControls:1383 android.view.SurfaceView.updateSurface:1079 android.view.SurfaceView.lambda$new$0$android-view-SurfaceView:200 android.view.SurfaceView$$ExternalSyntheticLambda5.onPreDraw:2 android.view.ViewTreeObserver.dispatchOnPreDraw:1121 android.view.ViewRootImpl.performTraversals:4442 
10-08 15:45:42.293 25874 25874 I SurfaceView@b28e630: 187229744 Cur surface: Surface(name=null)/@0xe35738c
10-08 15:45:42.293 25874 25874 I SurfaceView@b28e630: pST: sr = Rect(0, 218 - 1080, 743) sw = 1080 sh = 525
10-08 15:45:42.293 25874 25874 D SurfaceView@b28e630: performSurfaceTransaction RenderWorker position = [0, 218, 1080, 743] surfaceSize = 1080x525
10-08 15:45:42.294 25874 25874 I SurfaceView@b28e630: applyTransactionOnVriDraw: vri = ViewRootImpl@27a4bf[MainActivity] fRS = false t = 0x7b2a941900 android.view.SurfaceView.performSurfaceTransaction:959 android.view.SurfaceView.updateSurface:1105 android.view.SurfaceView.lambda$new$0$android-view-SurfaceView:200 
10-08 15:45:42.294 25874 25874 I ViewRootImpl@27a4bf[MainActivity]: applyTransactionOnDraw: mRemoved = false isHardwareEnabled = true t = 0x7b2a941900android.view.SurfaceView.applyTransactionOnVriDraw:2048 android.view.SurfaceView.performSurfaceTransaction:959 android.view.SurfaceView.updateSurface:1105 android.view.SurfaceView.lambda$new$0$android-view-SurfaceView:200 android.view.SurfaceView$$ExternalSyntheticLambda5.onPreDraw:2 
10-08 15:45:42.294 25874 25874 I SurfaceView@b28e630: updateSurface: mVisible = true mSurface.isValid() = true
10-08 15:45:42.294 25874 25874 I SurfaceView@b28e630: updateSurface: mSurfaceCreated = false surfaceChanged = true visibleChanged = true
10-08 15:45:42.294 25874 25874 I SurfaceView@b28e630: visibleChanged -- surfaceCreated
10-08 15:45:42.294 25874 25874 I SurfaceView@b28e630: surfaceCreated 0 #8 android.view.SurfaceView{b28e630 V.E..V... ......ID 0,0-1080,525}
10-08 15:45:42.294 25874 25874 I SurfaceView@b28e630: surfaceChanged -- format=4 w=1080 h=525
10-08 15:45:42.294 25874 25874 I SurfaceView@b28e630: surfaceChanged (1080,525) 0 #8 android.view.SurfaceView{b28e630 V.E..V... ......ID 0,0-1080,525}
10-08 15:45:42.294 25874 25874 I SurfaceView@b28e630: surfaceRedrawNeeded
10-08 15:45:42.295 25874 25874 V SurfaceView@b28e630: Layout: x=0 y=218 w=1080 h=525, frame=Rect(0, 0 - 1080, 525)
10-08 15:45:42.308 25874 25965 D SurfaceView@b28e630: updateSurfacePosition RenderWorker, frameNr = 1387, position = [0, 218, 1080, 743] surfaceSize = 1080x525
10-08 15:45:42.308 25874 25966 I ViewRootImpl@27a4bf[MainActivity]: mWNT: t=0x7b2a941900 mBlastBufferQueue=0x7b5e1ec800 fn= 1387 caller= android.view.ViewRootImpl.lambda$applyTransactionOnDraw$11$android-view-ViewRootImpl:12865 android.view.ViewRootImpl$$ExternalSyntheticLambda1.onFrameDraw:4 android.graphics.HardwareRenderer$FrameDrawingCallback.onFrameDraw:924 
10-08 15:45:42.309 25874 25965 I SurfaceView@b28e630: uSP: rtp = Rect(0, 218 - 1080, 743) rtsw = 1080 rtsh = 525
10-08 15:45:42.309 25874 25965 I SurfaceView@b28e630: onSSPAndSRT: pl = 0 pt = 218 sx = 1.0 sy = 1.0
10-08 15:45:42.309 25874 25965 I SurfaceView@b28e630: aOrMT: ViewRootImpl@27a4bf[MainActivity] t = android.view.SurfaceControl$Transaction@7f27f51 fN = 1387 android.view.SurfaceView.-$$Nest$mapplyOrMergeTransaction:0 android.view.SurfaceView$SurfaceViewPositionUpdateListener.positionChanged:1537 android.graphics.RenderNode$CompositePositionUpdateListener.positionChanged:373 
10-08 15:45:42.310 25874 25965 I ViewRootImpl@27a4bf[MainActivity]: mWNT: t=0x7b1ce97600 mBlastBufferQueue=0x7b5e1ec800 fn= 1387 caller= android.view.SurfaceView.applyOrMergeTransaction:1455 android.view.SurfaceView.-$$Nest$mapplyOrMergeTransaction:0 android.view.SurfaceView$SurfaceViewPositionUpdateListener.positionChanged:1537 
10-08 15:45:42.328 25874 25874 I SurfaceView@b28e630: finishedDrawing
10-08 15:45:44.693 25874 25874 I ViewRootImpl@27a4bf[MainActivity]: ViewPostIme pointer 0
10-08 15:45:45.223 25874 25874 I Dialog  : mIsDeviceDefault = false, mIsSamsungBasicInteraction = false, isMetaDataInActivity = false
10-08 15:45:45.259 25874 25874 I DecorView: [INFO] isPopOver=false config=false
10-08 15:45:45.259 25874 25874 I DecorView: updateCaptionType: isFloating=false isApplication=true hasWindowDecorCaption=false this=DecorView@5746254[]
10-08 15:45:45.259 25874 25874 D DecorView: setCaptionType = 0, this = DecorView@5746254[]
10-08 15:45:45.263 25874 25874 I DecorView: getCurrentDensityDpi: from app context. densityDpi=420 msg=resources_loaded
10-08 15:45:45.263 25874 25874 I DecorView: setWindowBackground: isPopOver=false color=0 d=android.graphics.drawable.ColorDrawable@4e6f2f2
10-08 15:45:45.274 25874 25897 D NativeCustomFrequencyManager: [NativeCFMS] BpCustomFrequencyManager::BpCustomFrequencyManager()
10-08 15:45:45.275 25874 25874 I DecorView: notifyKeepScreenOnChanged: keepScreenOn=false
10-08 15:45:45.290 25874 25874 D InsetsController: onStateChanged: InsetsState: {mDisplayFrame=Rect(0, 0 - 1080, 2400), mDisplayCutout=DisplayCutout{insets=Rect(0, 88 - 0, 0) waterfall=Insets{left=0, top=0, right=0, bottom=0} boundingRect={Bounds=[Rect(0, 0 - 0, 0), Rect(512, 0 - 568, 88), Rect(0, 0 - 0, 0), Rect(0, 0 - 0, 0)]} cutoutPathParserInfo={CutoutPathParserInfo{displayWidth=1080 displayHeight=2400 physicalDisplayWidth=1080 physicalDisplayHeight=2400 density={2.625} cutoutSpec={M 0,0 M 0,12.25101276465640 a 10.60613009248640,10.60613009248640 0 1,0 0,21.21226018497290 a 10.60613009248640,10.60613009248640 0 1,0 0,-21.21226018497290 Z @dp} rotation={0} scale={1.0} physicalPixelDisplaySizeRatio={1.0}}}}, mRoundedCorners=RoundedCorners{[RoundedCorner{position=TopLeft, radius=84, center=Point(84, 84)}, RoundedCorner{position=TopRight, radius=84, center=Point(996, 84)}, RoundedCorner{position=BottomRight, radius=84, center=Point(996, 2316)}, RoundedCorner{position=BottomLeft, radius=84, center=Point(84, 2316)}]}  mRoundedCornerFrame=Rect(0, 0 - 1080, 2400), mPrivacyIndicatorBounds=PrivacyIndicatorBounds {static bounds=Rect(964, 0 - 1080, 87) rotation=0}, mSources= { InsetsSource: {mType=ITYPE_STATUS_BAR, mFrame=[0,0][1080,88], mVisible=true, mInsetsRoundedCornerFrame=false}, InsetsSource: {mType=ITYPE_NAVIGATION_BAR, mFrame=[0,2361][1080,2400], mVisible=true, mInsetsRoundedCornerFrame=false}, InsetsSource: {mType=ITYPE_LEFT_GESTURES, mFrame=[0,0][130,2400], mVisible=true, mInsetsRoundedCornerFrame=false}, InsetsSource: {mType=ITYPE_RIGHT_GESTURES, mFrame=[950,0][1080,2400], mVisible=true, mInsetsRoundedCornerFrame=false}, InsetsSource: {mType=ITYPE_TOP_MANDATORY_GESTURES, mFrame=[0,0][1080,120], mVisible=true, mInsetsRoundedCornerFrame=false}, InsetsSource: {mType=ITYPE_BOTTOM_MANDATORY_GESTURES, mFrame=[0,2316][1080,2400], mVisible=true, mInsetsRoundedCornerFrame=false}, InsetsSource: {mType=ITYPE_LEFT_DISPLAY_CUTOUT, mFrame=[0,0][-100000,2400], mVisible=true, mInsetsRoundedCornerFrame=false}, InsetsSource: {mType=ITYPE_TOP_DISPLAY_CUTOUT, mFrame=[0,0][1080,88], mVisible=true, mInsetsRoundedCornerFrame=false}, InsetsSource: {mType=ITYPE_RIGHT_DISPLAY_CUTOUT, mFrame=[100000,0][1080,2400], mVisible=true, mInsetsRoundedCornerFrame=false}, InsetsSource: {mType=ITYPE_BOTTOM_DISPLAY_CUTOUT, mFrame=[0,100000][1080,2400], mVisible=true, mInsetsRoundedCornerFrame=false}, InsetsSource: {mType=ITYPE_TOP_TAPPABLE_ELEMENT, mFrame=[0,0][1080,88], mVisible=true, mInsetsRoundedCornerFrame=false}, InsetsSource: {mType=ITYPE_BOTTOM_TAPPABLE_ELEMENT, mFrame=[0,0][0,0], mVisible=true, mInsetsRoundedCornerFrame=false}, InsetsSource: {mType=ITYPE_IME, mFrame=[0,0][0,0], mVisibleFrame=[0,1409][1080,2400], mVisible=false, mInsetsRoundedCornerFrame=false} } host=com.lagradost.cloudstream3/com.lagradost.cloudstream3.MainActivity from=android.view.ViewRootImpl.setView:1732
10-08 15:45:45.291 25874 25874 I ViewRootImpl@5a531bb[MainActivity]: setView = com.android.internal.policy.DecorView@5746254 TM=true
10-08 15:45:45.308 25874 25874 I ViewRootImpl@5a531bb[MainActivity]: performTraversals params={(0,0)(fillxfill) gr=CENTER sim={adjust=resize forwardNavigation} ty=APPLICATION fmt=TRANSPARENT wanim=0x7f14000b
10-08 15:45:45.308 25874 25874 I ViewRootImpl@5a531bb[MainActivity]:   fl=85810100
10-08 15:45:45.308 25874 25874 I ViewRootImpl@5a531bb[MainActivity]:   pfl=12020040
10-08 15:45:45.308 25874 25874 I ViewRootImpl@5a531bb[MainActivity]:   vsysui=500
10-08 15:45:45.308 25874 25874 I ViewRootImpl@5a531bb[MainActivity]:   bhv=DEFAULT
10-08 15:45:45.308 25874 25874 I ViewRootImpl@5a531bb[MainActivity]:   fitSides= naviIconColor=0}
10-08 15:45:45.309 25874 25874 I ViewRootImpl@5a531bb[MainActivity]: performTraversals mFirst=true windowShouldResize=true viewVisibilityChanged=false mForceNextWindowRelayout=false params={(0,0)(fillxfill) gr=CENTER sim={adjust=resize forwardNavigation} ty=APPLICATION fmt=TRANSPARENT wanim=0x7f14000b
10-08 15:45:45.309 25874 25874 I ViewRootImpl@5a531bb[MainActivity]:   fl=85810100
10-08 15:45:45.309 25874 25874 I ViewRootImpl@5a531bb[MainActivity]:   pfl=12020040
10-08 15:45:45.309 25874 25874 I ViewRootImpl@5a531bb[MainActivity]:   vsysui=500
10-08 15:45:45.309 25874 25874 I ViewRootImpl@5a531bb[MainActivity]:   bhv=DEFAULT
10-08 15:45:45.309 25874 25874 I ViewRootImpl@5a531bb[MainActivity]:   fitSides= naviIconColor=0}
10-08 15:45:45.323 25874 25874 I ViewRootImpl@5a531bb[MainActivity]: updateBlastSurfaceIfNeeded mBlastBufferQueue=null isSameSurfaceControl=false
10-08 15:45:45.324 25874 25874 I BLASTBufferQueue: new BLASTBufferQueue, mName= ViewRootImpl@5a531bb[MainActivity] mNativeObject= 0x7b5e19c300 sc.mNativeObject= 0x7b04fd0800 caller= android.view.ViewRootImpl.updateBlastSurfaceIfNeeded:2909 android.view.ViewRootImpl.relayoutWindow:9847 android.view.ViewRootImpl.performTraversals:3884 android.view.ViewRootImpl.doTraversal:3116 android.view.ViewRootImpl$TraversalRunnable.run:10885 android.view.Choreographer$CallbackRecord.run:1301 android.view.Choreographer$CallbackRecord.run:1309 android.view.Choreographer.doCallbacks:923 android.view.Choreographer.doFrame:852 android.view.Choreographer$FrameDisplayEventReceiver.run:1283 
10-08 15:45:45.324 25874 25874 I BLASTBufferQueue: update, w= 1080 h= 2400 mName = ViewRootImpl@5a531bb[MainActivity] mNativeObject= 0x7b5e19c300 sc.mNativeObject= 0x7b04fd0800 format= -2 caller= android.graphics.BLASTBufferQueue.<init>:84 android.view.ViewRootImpl.updateBlastSurfaceIfNeeded:2909 android.view.ViewRootImpl.relayoutWindow:9847 android.view.ViewRootImpl.performTraversals:3884 android.view.ViewRootImpl.doTraversal:3116 android.view.ViewRootImpl$TraversalRunnable.run:10885 
10-08 15:45:45.325 25874 25874 I ViewRootImpl@5a531bb[MainActivity]: Relayout returned: old=(0,0,1080,2400) new=(0,0,1080,2400) req=(1080,2400)0 dur=14 res=0x3 s={true 0x7bdd367000} ch=true seqId=0
10-08 15:45:45.326 25874 25874 I ViewRootImpl@5a531bb[MainActivity]: mThreadedRenderer.initialize() mSurface={isValid=true 0x7bdd367000} hwInitialized=true
10-08 15:45:45.326 25874 25897 D OpenGLRenderer: eglCreateWindowSurface
10-08 15:45:45.350 25874 25874 D AbsListView:  in onLayout changed 
10-08 15:45:45.352 25874 25874 I ViewRootImpl@5a531bb[MainActivity]: reportNextDraw android.view.ViewRootImpl.performTraversals:4438 android.view.ViewRootImpl.doTraversal:3116 android.view.ViewRootImpl$TraversalRunnable.run:10885 android.view.Choreographer$CallbackRecord.run:1301 android.view.Choreographer$CallbackRecord.run:1309 
10-08 15:45:45.352 25874 25874 I ViewRootImpl@5a531bb[MainActivity]: Setup new sync id=0
10-08 15:45:45.352 25874 25874 I ViewRootImpl@5a531bb[MainActivity]: Setting syncFrameCallback
10-08 15:45:45.352 25874 25874 I ViewRootImpl@5a531bb[MainActivity]: registerCallbacksForSync syncBuffer=false
10-08 15:45:45.356 25874 25966 I ViewRootImpl@5a531bb[MainActivity]: Received frameDrawingCallback syncResult=0 frameNum=1.
10-08 15:45:45.356 25874 25966 I ViewRootImpl@5a531bb[MainActivity]: Setting up sync and frameCommitCallback
10-08 15:45:45.363 25874 25897 I BLASTBufferQueue: [ViewRootImpl@5a531bb[MainActivity]#17](f:0,a:0) onFrameAvailable the first frame is available
10-08 15:45:45.364 25874 25897 I ViewRootImpl@5a531bb[MainActivity]: Received frameCommittedCallback lastAttemptedDrawFrameNum=1 didProduceBuffer=true
10-08 15:45:45.366 25874 25897 D OpenGLRenderer: CFMS:: SetUp Pid : 25874    Tid : 25897
10-08 15:45:45.372 25874 25874 I ViewRootImpl@5a531bb[MainActivity]: onSyncComplete
10-08 15:45:45.372 25874 25874 I ViewRootImpl@5a531bb[MainActivity]: setupSync seqId=0 mSyncId=0 fn=1 caller=android.view.ViewRootImpl$$ExternalSyntheticLambda11.accept:6 android.window.SurfaceSyncer.lambda$setupSync$1$android-window-SurfaceSyncer:128 android.window.SurfaceSyncer$$ExternalSyntheticLambda1.accept:8 android.window.SurfaceSyncer$SyncSet.checkIfSyncIsComplete:382 android.window.SurfaceSyncer$SyncSet.markSyncReady:359 android.window.SurfaceSyncer.markSyncReady:151 android.view.ViewRootImpl.performTraversals:4503 
10-08 15:45:45.373 25874 25874 I ViewRootImpl@5a531bb[MainActivity]: reportDrawFinished seqId=0 mSyncId=-1 fn=1 mSurfaceChangedTransaction=0x7b0839e600
10-08 15:45:45.376 25874 25874 I ViewRootImpl@27a4bf[MainActivity]: MSG_WINDOW_FOCUS_CHANGED 0 0
10-08 15:45:45.436 25874 25874 I ViewRootImpl@5a531bb[MainActivity]: MSG_WINDOW_FOCUS_CHANGED 1 0
10-08 15:45:45.436 25874 25874 I ViewRootImpl@5a531bb[MainActivity]: mThreadedRenderer.initializeIfNeeded()#2 mSurface={isValid=true 0x7bdd367000}
10-08 15:45:45.437 25874 25874 D InputMethodManager: startInputInner - Id : 0
10-08 15:45:45.437 25874 25874 I InputMethodManager: startInputInner - mService.startInputOrWindowGainedFocus
10-08 15:45:45.446 25874 25874 I ViewRootImpl@27a4bf[MainActivity]: ViewPostIme pointer 1
10-08 15:45:46.551 25874 25874 I ViewRootImpl@5a531bb[MainActivity]: ViewPostIme pointer 0
10-08 15:45:46.608 25874 25874 I ViewRootImpl@5a531bb[MainActivity]: ViewPostIme pointer 1
10-08 15:45:46.610 25874 25874 D AbsListView: onTouchUp() mTouchMode : 0
10-08 15:45:46.684 25874 25923 D EgyDead : Loading links for URL: https://tv6.egydead.live/%d9%85%d8%b4%d8%a7%d9%87%d8%af%d8%a9-%d9%81%d9%8a%d9%84%d9%85-omniscient-reader-the-prophecy-2025-%d9%85%d8%aa%d8%b1%d8%ac%d9%85/
10-08 15:45:46.684 25874 25874 I MSHandlerLifeCycle: removeMultiSplitHandler: no exist. decor=DecorView@5746254[MainActivity]
10-08 15:45:46.686 25874 25897 D OpenGLRenderer: setSurface called with nullptr
10-08 15:45:46.687 25874 25897 D OpenGLRenderer: setSurface() destroyed EGLSurface
10-08 15:45:46.687 25874 25897 D OpenGLRenderer: destroyEglSurface
10-08 15:45:46.690 25874 25897 D OpenGLRenderer: endAllActiveAnimators on 0x7b070d3e00 (MaterialTextView) with handle 0x7b276d1000
10-08 15:45:46.691 25874 25874 I ViewRootImpl@5a531bb[MainActivity]: dispatchDetachedFromWindow
10-08 15:45:46.716 25874 25874 D InputTransport: Input channel destroyed: '9b339e6', fd=161
10-08 15:45:46.719 25874 25874 I Dialog  : mIsDeviceDefault = false, mIsSamsungBasicInteraction = false, isMetaDataInActivity = false
10-08 15:45:46.792 25874 25874 I DecorView: [INFO] isPopOver=false config=false
10-08 15:45:46.792 25874 25874 I DecorView: updateCaptionType: isFloating=false isApplication=true hasWindowDecorCaption=false this=DecorView@cddea48[]
10-08 15:45:46.792 25874 25874 D DecorView: setCaptionType = 0, this = DecorView@cddea48[]
10-08 15:45:46.793 25874 25874 I DecorView: getCurrentDensityDpi: from app context. densityDpi=420 msg=resources_loaded
10-08 15:45:46.794 25874 25874 I DecorView: setWindowBackground: isPopOver=false color=0 d=android.graphics.drawable.ColorDrawable@b607e06
10-08 15:45:46.800 25874 25897 D NativeCustomFrequencyManager: [NativeCFMS] BpCustomFrequencyManager::BpCustomFrequencyManager()
10-08 15:45:46.801 25874 25874 I DecorView: notifyKeepScreenOnChanged: keepScreenOn=false
10-08 15:45:46.815 25874 25874 D InsetsController: onStateChanged: InsetsState: {mDisplayFrame=Rect(0, 0 - 1080, 2400), mDisplayCutout=DisplayCutout{insets=Rect(0, 88 - 0, 0) waterfall=Insets{left=0, top=0, right=0, bottom=0} boundingRect={Bounds=[Rect(0, 0 - 0, 0), Rect(512, 0 - 568, 88), Rect(0, 0 - 0, 0), Rect(0, 0 - 0, 0)]} cutoutPathParserInfo={CutoutPathParserInfo{displayWidth=1080 displayHeight=2400 physicalDisplayWidth=1080 physicalDisplayHeight=2400 density={2.625} cutoutSpec={M 0,0 M 0,12.25101276465640 a 10.60613009248640,10.60613009248640 0 1,0 0,21.21226018497290 a 10.60613009248640,10.60613009248640 0 1,0 0,-21.21226018497290 Z @dp} rotation={0} scale={1.0} physicalPixelDisplaySizeRatio={1.0}}}}, mRoundedCorners=RoundedCorners{[RoundedCorner{position=TopLeft, radius=84, center=Point(84, 84)}, RoundedCorner{position=TopRight, radius=84, center=Point(996, 84)}, RoundedCorner{position=BottomRight, radius=84, center=Point(996, 2316)}, RoundedCorner{position=BottomLeft, radius=84, center=Point(84, 2316)}]}  mRoundedCornerFrame=Rect(0, 0 - 1080, 2400), mPrivacyIndicatorBounds=PrivacyIndicatorBounds {static bounds=Rect(964, 0 - 1080, 87) rotation=0}, mSources= { InsetsSource: {mType=ITYPE_STATUS_BAR, mFrame=[0,0][1080,88], mVisible=true, mInsetsRoundedCornerFrame=false}, InsetsSource: {mType=ITYPE_NAVIGATION_BAR, mFrame=[0,2361][1080,2400], mVisible=true, mInsetsRoundedCornerFrame=false}, InsetsSource: {mType=ITYPE_LEFT_GESTURES, mFrame=[0,0][130,2400], mVisible=true, mInsetsRoundedCornerFrame=false}, InsetsSource: {mType=ITYPE_RIGHT_GESTURES, mFrame=[950,0][1080,2400], mVisible=true, mInsetsRoundedCornerFrame=false}, InsetsSource: {mType=ITYPE_TOP_MANDATORY_GESTURES, mFrame=[0,0][1080,120], mVisible=true, mInsetsRoundedCornerFrame=false}, InsetsSource: {mType=ITYPE_BOTTOM_MANDATORY_GESTURES, mFrame=[0,2316][1080,2400], mVisible=true, mInsetsRoundedCornerFrame=false}, InsetsSource: {mType=ITYPE_LEFT_DISPLAY_CUTOUT, mFrame=[0,0][-100000,2400], mVisible=true, mInsetsRoundedCornerFrame=false}, InsetsSource: {mType=ITYPE_TOP_DISPLAY_CUTOUT, mFrame=[0,0][1080,88], mVisible=true, mInsetsRoundedCornerFrame=false}, InsetsSource: {mType=ITYPE_RIGHT_DISPLAY_CUTOUT, mFrame=[100000,0][1080,2400], mVisible=true, mInsetsRoundedCornerFrame=false}, InsetsSource: {mType=ITYPE_BOTTOM_DISPLAY_CUTOUT, mFrame=[0,100000][1080,2400], mVisible=true, mInsetsRoundedCornerFrame=false}, InsetsSource: {mType=ITYPE_TOP_TAPPABLE_ELEMENT, mFrame=[0,0][1080,88], mVisible=true, mInsetsRoundedCornerFrame=false}, InsetsSource: {mType=ITYPE_BOTTOM_TAPPABLE_ELEMENT, mFrame=[0,0][0,0], mVisible=true, mInsetsRoundedCornerFrame=false}, InsetsSource: {mType=ITYPE_IME, mFrame=[0,0][0,0], mVisibleFrame=[0,1409][1080,2400], mVisible=false, mInsetsRoundedCornerFrame=false} } host=com.lagradost.cloudstream3/com.lagradost.cloudstream3.MainActivity from=android.view.ViewRootImpl.setView:1732
10-08 15:45:46.817 25874 25874 I ViewRootImpl@67f6dbf[MainActivity]: setView = com.android.internal.policy.DecorView@cddea48 TM=true
10-08 15:45:46.818 25874 25874 D InsetsController: onStateChanged: InsetsState: {mDisplayFrame=Rect(0, 0 - 1080, 2400), mDisplayCutout=DisplayCutout{insets=Rect(0, 88 - 0, 0) waterfall=Insets{left=0, top=0, right=0, bottom=0} boundingRect={Bounds=[Rect(0, 0 - 0, 0), Rect(512, 0 - 568, 88), Rect(0, 0 - 0, 0), Rect(0, 0 - 0, 0)]} cutoutPathParserInfo={CutoutPathParserInfo{displayWidth=1080 displayHeight=2400 physicalDisplayWidth=1080 physicalDisplayHeight=2400 density={2.625} cutoutSpec={M 0,0 M 0,12.25101276465640 a 10.60613009248640,10.60613009248640 0 1,0 0,21.21226018497290 a 10.60613009248640,10.60613009248640 0 1,0 0,-21.21226018497290 Z @dp} rotation={0} scale={1.0} physicalPixelDisplaySizeRatio={1.0}}}}, mRoundedCorners=RoundedCorners{[RoundedCorner{position=TopLeft, radius=84, center=Point(84, 84)}, RoundedCorner{position=TopRight, radius=84, center=Point(996, 84)}, RoundedCorner{position=BottomRight, radius=84, center=Point(996, 2316)}, RoundedCorner{position=BottomLeft, radius=84, center=Point(84, 2316)}]}  mRoundedCornerFrame=Rect(0, 0 - 1080, 2400), mPrivacyIndicatorBounds=PrivacyIndicatorBounds {static bounds=Rect(964, 0 - 1080, 87) rotation=0}, mSources= { InsetsSource: {mType=ITYPE_STATUS_BAR, mFrame=[0,0][1080,88], mVisible=true, mInsetsRoundedCornerFrame=false}, InsetsSource: {mType=ITYPE_NAVIGATION_BAR, mFrame=[0,2361][1080,2400], mVisible=true, mInsetsRoundedCornerFrame=false}, InsetsSource: {mType=ITYPE_LEFT_GESTURES, mFrame=[0,0][130,2400], mVisible=true, mInsetsRoundedCornerFrame=false}, InsetsSource: {mType=ITYPE_RIGHT_GESTURES, mFrame=[950,0][1080,2400], mVisible=true, mInsetsRoundedCornerFrame=false}, InsetsSource: {mType=ITYPE_TOP_MANDATORY_GESTURES, mFrame=[0,0][1080,120], mVisible=true, mInsetsRoundedCornerFrame=false}, InsetsSource: {mType=ITYPE_BOTTOM_MANDATORY_GESTURES, mFrame=[0,2316][1080,2400], mVisible=true, mInsetsRoundedCornerFrame=false}, InsetsSource: {mType=ITYPE_LEFT_DISPLAY_CUTOUT, mFrame=[0,0][-100000,2400], mVisible=true, mInsetsRoundedCornerFrame=false}, InsetsSource: {mType=ITYPE_TOP_DISPLAY_CUTOUT, mFrame=[0,0][1080,88], mVisible=true, mInsetsRoundedCornerFrame=false}, InsetsSource: {mType=ITYPE_RIGHT_DISPLAY_CUTOUT, mFrame=[100000,0][1080,2400], mVisible=true, mInsetsRoundedCornerFrame=false}, InsetsSource: {mType=ITYPE_BOTTOM_DISPLAY_CUTOUT, mFrame=[0,100000][1080,2400], mVisible=true, mInsetsRoundedCornerFrame=false}, InsetsSource: {mType=ITYPE_TOP_TAPPABLE_ELEMENT, mFrame=[0,0][1080,88], mVisible=true, mInsetsRoundedCornerFrame=false}, InsetsSource: {mType=ITYPE_BOTTOM_TAPPABLE_ELEMENT, mFrame=[0,0][0,0], mVisible=true, mInsetsRoundedCornerFrame=false} } host=com.lagradost.cloudstream3/com.lagradost.cloudstream3.MainActivity from=android.view.ViewRootImpl$ViewRootHandler.handleMessageImpl:6740
10-08 15:45:46.828 25874 25874 I ViewRootImpl@67f6dbf[MainActivity]: performTraversals params={(0,0)(fillxfill) gr=CENTER sim={adjust=resize forwardNavigation} ty=APPLICATION fmt=TRANSPARENT wanim=0x7f14000b
10-08 15:45:46.828 25874 25874 I ViewRootImpl@67f6dbf[MainActivity]:   fl=85810100
10-08 15:45:46.828 25874 25874 I ViewRootImpl@67f6dbf[MainActivity]:   pfl=12020040
10-08 15:45:46.828 25874 25874 I ViewRootImpl@67f6dbf[MainActivity]:   vsysui=500
10-08 15:45:46.828 25874 25874 I ViewRootImpl@67f6dbf[MainActivity]:   bhv=DEFAULT
10-08 15:45:46.828 25874 25874 I ViewRootImpl@67f6dbf[MainActivity]:   fitSides= naviIconColor=0}
10-08 15:45:46.829 25874 25874 I ViewRootImpl@67f6dbf[MainActivity]: performTraversals mFirst=true windowShouldResize=true viewVisibilityChanged=false mForceNextWindowRelayout=false params={(0,0)(fillxfill) gr=CENTER sim={adjust=resize forwardNavigation} ty=APPLICATION fmt=TRANSPARENT wanim=0x7f14000b
10-08 15:45:46.829 25874 25874 I ViewRootImpl@67f6dbf[MainActivity]:   fl=85810100
10-08 15:45:46.829 25874 25874 I ViewRootImpl@67f6dbf[MainActivity]:   pfl=12020040
10-08 15:45:46.829 25874 25874 I ViewRootImpl@67f6dbf[MainActivity]:   vsysui=500
10-08 15:45:46.829 25874 25874 I ViewRootImpl@67f6dbf[MainActivity]:   bhv=DEFAULT
10-08 15:45:46.829 25874 25874 I ViewRootImpl@67f6dbf[MainActivity]:   fitSides= naviIconColor=0}
10-08 15:45:46.840 25874 25874 I ViewRootImpl@67f6dbf[MainActivity]: updateBlastSurfaceIfNeeded mBlastBufferQueue=null isSameSurfaceControl=false
10-08 15:45:46.841 25874 25874 I BLASTBufferQueue: new BLASTBufferQueue, mName= ViewRootImpl@67f6dbf[MainActivity] mNativeObject= 0x7b5e19c300 sc.mNativeObject= 0x7bcd5b44e0 caller= android.view.ViewRootImpl.updateBlastSurfaceIfNeeded:2909 android.view.ViewRootImpl.relayoutWindow:9847 android.view.ViewRootImpl.performTraversals:3884 android.view.ViewRootImpl.doTraversal:3116 android.view.ViewRootImpl$TraversalRunnable.run:10885 android.view.Choreographer$CallbackRecord.run:1301 android.view.Choreographer$CallbackRecord.run:1309 android.view.Choreographer.doCallbacks:923 android.view.Choreographer.doFrame:852 android.view.Choreographer$FrameDisplayEventReceiver.run:1283 
10-08 15:45:46.841 25874 25874 I BLASTBufferQueue: update, w= 1080 h= 2400 mName = ViewRootImpl@67f6dbf[MainActivity] mNativeObject= 0x7b5e19c300 sc.mNativeObject= 0x7bcd5b44e0 format= -2 caller= android.graphics.BLASTBufferQueue.<init>:84 android.view.ViewRootImpl.updateBlastSurfaceIfNeeded:2909 android.view.ViewRootImpl.relayoutWindow:9847 android.view.ViewRootImpl.performTraversals:3884 android.view.ViewRootImpl.doTraversal:3116 android.view.ViewRootImpl$TraversalRunnable.run:10885 
10-08 15:45:46.842 25874 25874 I ViewRootImpl@67f6dbf[MainActivity]: Relayout returned: old=(0,0,1080,2400) new=(0,0,1080,2400) req=(1080,2400)0 dur=11 res=0x3 s={true 0x7bdd367000} ch=true seqId=0
10-08 15:45:46.843 25874 25874 I ViewRootImpl@67f6dbf[MainActivity]: mThreadedRenderer.initialize() mSurface={isValid=true 0x7bdd367000} hwInitialized=true
10-08 15:45:46.843 25874 25897 D OpenGLRenderer: eglCreateWindowSurface
10-08 15:45:46.846 25874 25874 I ViewRootImpl@67f6dbf[MainActivity]: reportNextDraw android.view.ViewRootImpl.performTraversals:4438 android.view.ViewRootImpl.doTraversal:3116 android.view.ViewRootImpl$TraversalRunnable.run:10885 android.view.Choreographer$CallbackRecord.run:1301 android.view.Choreographer$CallbackRecord.run:1309 
10-08 15:45:46.846 25874 25874 I ViewRootImpl@67f6dbf[MainActivity]: Setup new sync id=0
10-08 15:45:46.846 25874 25874 I ViewRootImpl@67f6dbf[MainActivity]: Setting syncFrameCallback
10-08 15:45:46.846 25874 25874 I ViewRootImpl@67f6dbf[MainActivity]: registerCallbacksForSync syncBuffer=false
10-08 15:45:46.848 25874 25965 I ViewRootImpl@67f6dbf[MainActivity]: Received frameDrawingCallback syncResult=0 frameNum=1.
10-08 15:45:46.848 25874 25965 I ViewRootImpl@67f6dbf[MainActivity]: Setting up sync and frameCommitCallback
10-08 15:45:46.861 25874 25897 I BLASTBufferQueue: [ViewRootImpl@67f6dbf[MainActivity]#18](f:0,a:0) onFrameAvailable the first frame is available
10-08 15:45:46.862 25874 25897 I ViewRootImpl@67f6dbf[MainActivity]: Received frameCommittedCallback lastAttemptedDrawFrameNum=1 didProduceBuffer=true
10-08 15:45:46.864 25874 25897 D OpenGLRenderer: CFMS:: SetUp Pid : 25874    Tid : 25897
10-08 15:45:46.871 25874 25874 I ViewRootImpl@67f6dbf[MainActivity]: onSyncComplete
10-08 15:45:46.872 25874 25874 I ViewRootImpl@67f6dbf[MainActivity]: setupSync seqId=0 mSyncId=0 fn=1 caller=android.view.ViewRootImpl$$ExternalSyntheticLambda11.accept:6 android.window.SurfaceSyncer.lambda$setupSync$1$android-window-SurfaceSyncer:128 android.window.SurfaceSyncer$$ExternalSyntheticLambda1.accept:8 android.window.SurfaceSyncer$SyncSet.checkIfSyncIsComplete:382 android.window.SurfaceSyncer$SyncSet.markSyncReady:359 android.window.SurfaceSyncer.markSyncReady:151 android.view.ViewRootImpl.performTraversals:4503 
10-08 15:45:46.872 25874 25874 I ViewRootImpl@67f6dbf[MainActivity]: reportDrawFinished seqId=0 mSyncId=-1 fn=1 mSurfaceChangedTransaction=0x7b04e13000
10-08 15:45:46.873 25874 25874 I ViewRootImpl@27a4bf[MainActivity]: MSG_WINDOW_FOCUS_CHANGED 0 0
10-08 15:45:46.899 25874 25874 I ViewRootImpl@27a4bf[MainActivity]: MSG_WINDOW_FOCUS_CHANGED 0 0
10-08 15:45:46.935 25874 25874 I ViewRootImpl@67f6dbf[MainActivity]: MSG_WINDOW_FOCUS_CHANGED 1 0
10-08 15:45:46.936 25874 25874 I ViewRootImpl@67f6dbf[MainActivity]: mThreadedRenderer.initializeIfNeeded()#2 mSurface={isValid=true 0x7bdd367000}
10-08 15:45:46.937 25874 25874 D InputMethodManager: startInputInner - Id : 0
10-08 15:45:46.937 25874 25874 I InputMethodManager: startInputInner - mService.startInputOrWindowGainedFocus
10-08 15:45:47.253 25874 25923 D EgyDead : Document title:   Omniscient Reader The Prophecy 2025  |  
10-08 15:45:47.254 25874 25923 D EgyDead : Found 6 potential server elements.
10-08 15:45:47.254 25874 25923 D EgyDead : Server data-link 0: https://hglink.to/e/2ov3g64ukojt
10-08 15:45:47.254 25874 25923 D EgyDead : Server data-link 1: https://forafile.com/embed-irbv3158x4uc.html
10-08 15:45:47.254 25874 25923 D EgyDead : Server data-link 2: https://dingtezuni.com/file/xe4euccolysr
10-08 15:45:47.254 25874 25923 D EgyDead : Server data-link 3: https://mxdrop.to/e/03rkqmq4hk9neog
10-08 15:45:47.254 25874 25923 D EgyDead : Server data-link 4: https://dsvplay.com/e/huwyx7wbog0f
10-08 15:45:47.254 25874 25923 D EgyDead : Server data-link 5: https://listeamed.net/e/l4vexvokPVVE8B9
10-08 15:45:47.928 25874 25923 D RepoLink: Loaded ExtractorLink: ExtractorLink(name=Vidguard, url=https://m8jk0l7dwh.guardstorage.net/hls_3/h6-V2ER4xwmEcqN2IOai22ho9CBL_WkT9TRu4HYsNYSbme-o1zwaKJvF-ApAfNA9z4SePN8sFrNEk-N1GBzNwQ/master.m3u8?sig=qb_bokNDnsmbbx9u5wmI1A&expires=1759943748, referer=https://listeamed.net, type=M3U8)
10-08 15:45:47.958 25874 25923 D RepoLink: Loaded ExtractorLink: ExtractorLink(name=DoodStream, url=https://km270l.cloudatacdn.com/u5kj6ebvsxb3sdgge53ncpqdl42tne5hciqcqy5wuxjl5b75wy7dexd242ua/e5aw8m0hlv~AywYHQnZQA?token=gg7d6ynpmw7r9bfjfowy8cke, referer=https://ds2play.com/, type=VIDEO)
10-08 15:45:48.073 25874 25884 I st.cloudstream3: Background concurrent copying GC freed 16MB AllocSpace bytes, 100(4796KB) LOS objects, 41% free, 33MB/57MB, paused 299us,74us total 204.437ms
10-08 15:45:48.088 25874 25897 D OpenGLRenderer: setSurface called with nullptr
10-08 15:45:48.089 25874 25885 D InputTransport: Input channel destroyed: 'ClientS', fd=119
10-08 15:45:48.094 25874 25897 D OpenGLRenderer: setSurface called with nullptr
10-08 15:45:48.094 25874 25885 D InputTransport: Input channel destroyed: 'ClientS', fd=158
10-08 15:45:48.095 25874 25885 D InputTransport: Input channel destroyed: 'ClientS', fd=263
10-08 15:45:48.154 25874 25923 D RepoLink: Loaded ExtractorLink: ExtractorLink(name=MixDrop, url=https://s-delivery41.mxcontent.net/v2/03rkqmq4hk9neog.mp4?s=paIawHxSg_Sg49KLeChssA&e=1759956348&_t=1759943643, referer=https://mxdrop.to/e/03rkqmq4hk9neog, type=VIDEO)
10-08 15:45:48.459 25874 25923 D ApiError: -------------------------------------------------------------------
10-08 15:45:48.459 25874 25923 D ApiError: safeApiCall: can't bypass captcha
10-08 15:45:48.459 25874 25923 D ApiError: safeApiCall: can't bypass captcha
10-08 15:45:48.459 25874 25923 W System.err: com.lagradost.cloudstream3.ErrorLoadingException: can't bypass captcha
10-08 15:45:48.460 25874 25923 W System.err: 	at com.lagradost.cloudstream3.extractors.Zorofile.getUrl$suspendImpl(Zorofile.kt:34)
10-08 15:45:48.460 25874 25923 W System.err: 	at com.lagradost.cloudstream3.extractors.Zorofile$getUrl$1.invokeSuspend(Unknown Source:18)
10-08 15:45:48.460 25874 25923 W System.err: 	at kotlin.coroutines.jvm.internal.BaseContinuationImpl.resumeWith(ContinuationImpl.kt:33)
10-08 15:45:48.460 25874 25923 W System.err: 	at kotlinx.coroutines.DispatchedTask.run(DispatchedTask.kt:100)
10-08 15:45:48.460 25874 25923 W System.err: 	at kotlinx.coroutines.EventLoopImplBase.processNextEvent(EventLoop.common.kt:263)
10-08 15:45:48.460 25874 25923 W System.err: 	at kotlinx.coroutines.BlockingCoroutine.joinBlocking(Builders.kt:95)
10-08 15:45:48.460 25874 25923 W System.err: 	at kotlinx.coroutines.BuildersKt__BuildersKt.runBlocking(Builders.kt:69)
10-08 15:45:48.460 25874 25923 W System.err: 	at kotlinx.coroutines.BuildersKt.runBlocking(Unknown Source:1)
10-08 15:45:48.460 25874 25923 W System.err: 	at kotlinx.coroutines.BuildersKt__BuildersKt.runBlocking$default(Builders.kt:47)
10-08 15:45:48.460 25874 25923 W System.err: 	at kotlinx.coroutines.BuildersKt.runBlocking$default(Unknown Source:1)
10-08 15:45:48.460 25874 25923 W System.err: 	at com.lagradost.cloudstream3.ParCollectionsKt.apmap(ParCollections.kt:49)
10-08 15:45:48.460 25874 25923 W System.err: 	at com.egydead.EgyDeadProvider.loadLinks(EgyDeadProvider.kt:184)
10-08 15:45:48.460 25874 25923 W System.err: 	at com.egydead.EgyDeadProvider$loadLinks$1.invokeSuspend(Unknown Source:18)
10-08 15:45:48.460 25874 25923 W System.err: 	at kotlin.coroutines.jvm.internal.BaseContinuationImpl.resumeWith(ContinuationImpl.kt:33)
10-08 15:45:48.460 25874 25923 W System.err: 	at kotlinx.coroutines.DispatchedTask.run(DispatchedTask.kt:100)
10-08 15:45:48.461 25874 25923 W System.err: 	at kotlinx.coroutines.internal.LimitedDispatcher$Worker.run(LimitedDispatcher.kt:113)
10-08 15:45:48.461 25874 25923 W System.err: 	at kotlinx.coroutines.scheduling.TaskImpl.run(Tasks.kt:89)
10-08 15:45:48.461 25874 25923 W System.err: 	at kotlinx.coroutines.scheduling.CoroutineScheduler.runSafely(CoroutineScheduler.kt:586)
10-08 15:45:48.461 25874 25923 W System.err: 	at kotlinx.coroutines.scheduling.CoroutineScheduler$Worker.executeTask(CoroutineScheduler.kt:820)
10-08 15:45:48.461 25874 25923 W System.err: 	at kotlinx.coroutines.scheduling.CoroutineScheduler$Worker.runWorker(CoroutineScheduler.kt:717)
10-08 15:45:48.461 25874 25923 W System.err: 	at kotlinx.coroutines.scheduling.CoroutineScheduler$Worker.run(CoroutineScheduler.kt:704)
10-08 15:45:48.461 25874 25923 D ApiError: -------------------------------------------------------------------
10-08 15:45:48.466 25874 25874 I MSHandlerLifeCycle: removeMultiSplitHandler: no exist. decor=DecorView@cddea48[MainActivity]
10-08 15:45:48.467 25874 25897 D OpenGLRenderer: setSurface called with nullptr
10-08 15:45:48.467 25874 25897 D OpenGLRenderer: setSurface() destroyed EGLSurface
10-08 15:45:48.467 25874 25897 D OpenGLRenderer: destroyEglSurface
10-08 15:45:48.469 25874 25874 I ViewRootImpl@67f6dbf[MainActivity]: dispatchDetachedFromWindow
10-08 15:45:48.492 25874 25874 D InputTransport: Input channel destroyed: '155a346', fd=161
10-08 15:45:48.494 25874 25874 I Dialog  : mIsDeviceDefault = false, mIsSamsungBasicInteraction = false, isMetaDataInActivity = false
10-08 15:45:48.526 25874 25874 I DecorView: [INFO] isPopOver=false config=false
10-08 15:45:48.527 25874 25874 I DecorView: updateCaptionType: isFloating=false isApplication=true hasWindowDecorCaption=false this=DecorView@2dfecbd[]
10-08 15:45:48.527 25874 25874 D DecorView: setCaptionType = 0, this = DecorView@2dfecbd[]
10-08 15:45:48.528 25874 25874 I DecorView: getCurrentDensityDpi: from app context. densityDpi=420 msg=resources_loaded
10-08 15:45:48.528 25874 25874 I DecorView: setWindowBackground: isPopOver=false color=0 d=android.graphics.drawable.ColorDrawable@fb7e203
10-08 15:45:48.537 25874 25897 D NativeCustomFrequencyManager: [NativeCFMS] BpCustomFrequencyManager::BpCustomFrequencyManager()
10-08 15:45:48.537 25874 25874 I DecorView: notifyKeepScreenOnChanged: keepScreenOn=false
