10-08 14:36:30.265 11531 11531 I ViewRootImpl@49f6cb7[MainActivity]: performTraversals mFirst=false windowShouldResize=false viewVisibilityChanged=false mForceNextWindowRelayout=false params={(0,0)(fillxfill) sim={state=always_hidden adjust=resize} ty=BASE_APPLICATION fmt=TRANSLUCENT wanim=0x1030309
10-08 14:36:30.265 11531 11531 I ViewRootImpl@49f6cb7[MainActivity]:   fl=85810100
10-08 14:36:30.265 11531 11531 I ViewRootImpl@49f6cb7[MainActivity]:   pfl=12020040
10-08 14:36:30.265 11531 11531 I ViewRootImpl@49f6cb7[MainActivity]:   vsysui=500
10-08 14:36:30.265 11531 11531 I ViewRootImpl@49f6cb7[MainActivity]:   bhv=DEFAULT
10-08 14:36:30.265 11531 11531 I ViewRootImpl@49f6cb7[MainActivity]:   fitSides= naviIconColor=0}
10-08 14:36:30.274 11531 11531 I ViewRootImpl@49f6cb7[MainActivity]: updateBlastSurfaceIfNeeded mBlastBufferQueue=0x7b3fa88000 isSameSurfaceControl=true
10-08 14:36:30.274 11531 11531 I BLASTBufferQueue: update, w= 1080 h= 2400 mName = ViewRootImpl@49f6cb7[MainActivity] mNativeObject= 0x7b3fa88000 sc.mNativeObject= 0x7aeb484d00 format= -3 caller= android.view.ViewRootImpl.updateBlastSurfaceIfNeeded:2898 android.view.ViewRootImpl.relayoutWindow:9847 android.view.ViewRootImpl.performTraversals:3884 android.view.ViewRootImpl.doTraversal:3116 android.view.ViewRootImpl$TraversalRunnable.run:10885 android.view.Choreographer$CallbackRecord.run:1301 
10-08 14:36:30.274 11531 11531 I ViewRootImpl@49f6cb7[MainActivity]: Relayout returned: old=(0,0,1080,2400) new=(0,0,1080,2400) req=(1080,2400)0 dur=9 res=0x0 s={true 0x7b5ed64800} ch=false seqId=0
10-08 14:36:30.274 11531 11531 I ViewRootImpl@49f6cb7[MainActivity]: updateBoundsLayer: t = android.view.SurfaceControl$Transaction@ae730ae sc = Surface(name=Bounds for - com.lagradost.cloudstream3/com.lagradost.cloudstream3.MainActivity@0)/@0x9d8ee4f frame = 810
10-08 14:36:30.274 11531 11531 I ViewRootImpl@49f6cb7[MainActivity]: mWNT: t=0x7b5ee84f00 mBlastBufferQueue=0x7b3fa88000 fn= 810 caller= android.view.ViewRootImpl.prepareSurfaces:2985 android.view.ViewRootImpl.performTraversals:4233 android.view.ViewRootImpl.doTraversal:3116 
10-08 14:36:30.276 11531 11531 W View    : requestLayout() improperly called by android.widget.FrameLayout{2872730 I.E..V... ......I. 0,0-0,0 #7f0a04e7 app:id/start_panel} during layout: running second layout pass
10-08 14:36:30.276 11531 11531 W View    : requestLayout() improperly called by android.widget.FrameLayout{9c7fa9 I.E..V... ......ID 1080,0-1080,2143 #7f0a0168 app:id/end_panel} during layout: running second layout pass
10-08 14:36:30.277 11531 11531 D SurfaceView@6ea8dd0: updateSurface: has no frame
10-08 14:36:30.282 11531 11633 I ViewRootImpl@49f6cb7[MainActivity]: mWNT: t=0x7aeb038400 mBlastBufferQueue=0x7b3fa88000 fn= 810 caller= android.view.ViewRootImpl.lambda$applyTransactionOnDraw$11$android-view-ViewRootImpl:12865 android.view.ViewRootImpl$$ExternalSyntheticLambda1.onFrameDraw:4 android.graphics.HardwareRenderer$FrameDrawingCallback.onFrameDraw:924 
10-08 14:36:30.286 11531 11531 D SurfaceView@6ea8dd0: updateSurface: has no frame
10-08 14:36:30.310 11531 11531 D SurfaceView@6ea8dd0: updateSurface: has no frame
10-08 14:36:30.332 11531 11531 D SurfaceView@6ea8dd0: updateSurface: has no frame
10-08 14:36:30.358 11531 11531 D SurfaceView@6ea8dd0: updateSurface: has no frame
10-08 14:36:30.372 11531 11531 D SurfaceView@6ea8dd0: updateSurface: has no frame
10-08 14:36:30.384 11531 11531 D SurfaceView@6ea8dd0: updateSurface: has no frame
10-08 14:36:30.400 11531 11531 D SurfaceView@6ea8dd0: updateSurface: has no frame
10-08 14:36:30.421 11531 11531 D SurfaceView@6ea8dd0: updateSurface: has no frame
10-08 14:36:30.434 11531 11531 D SurfaceView@6ea8dd0: updateSurface: has no frame
10-08 14:36:30.450 11531 11531 D SurfaceView@6ea8dd0: updateSurface: has no frame
10-08 14:36:30.467 11531 11531 D SurfaceView@6ea8dd0: updateSurface: has no frame
10-08 14:36:30.484 11531 11531 D SurfaceView@6ea8dd0: updateSurface: has no frame
10-08 14:36:30.500 11531 11531 D SurfaceView@6ea8dd0: updateSurface: has no frame
10-08 14:36:30.517 11531 11531 D SurfaceView@6ea8dd0: updateSurface: has no frame
10-08 14:36:30.534 11531 11531 D SurfaceView@6ea8dd0: updateSurface: has no frame
10-08 14:36:30.550 11531 11531 D SurfaceView@6ea8dd0: updateSurface: has no frame
10-08 14:36:30.567 11531 11531 D SurfaceView@6ea8dd0: updateSurface: has no frame
10-08 14:36:30.584 11531 11531 D SurfaceView@6ea8dd0: updateSurface: has no frame
10-08 14:36:30.600 11531 11531 D SurfaceView@6ea8dd0: updateSurface: has no frame
10-08 14:36:30.617 11531 11531 D SurfaceView@6ea8dd0: updateSurface: has no frame
10-08 14:36:30.634 11531 11531 D SurfaceView@6ea8dd0: updateSurface: has no frame
10-08 14:36:30.650 11531 11531 D SurfaceView@6ea8dd0: updateSurface: has no frame
10-08 14:36:30.667 11531 11531 D SurfaceView@6ea8dd0: updateSurface: has no frame
10-08 14:36:30.684 11531 11531 D SurfaceView@6ea8dd0: updateSurface: has no frame
10-08 14:36:30.700 11531 11531 D SurfaceView@6ea8dd0: updateSurface: has no frame
10-08 14:36:30.717 11531 11531 D SurfaceView@6ea8dd0: updateSurface: has no frame
10-08 14:36:30.734 11531 11531 D SurfaceView@6ea8dd0: updateSurface: has no frame
10-08 14:36:30.750 11531 11531 D SurfaceView@6ea8dd0: updateSurface: has no frame
10-08 14:36:30.767 11531 11531 D SurfaceView@6ea8dd0: updateSurface: has no frame
10-08 14:36:30.784 11531 11531 D SurfaceView@6ea8dd0: updateSurface: has no frame
10-08 14:36:30.800 11531 11531 D SurfaceView@6ea8dd0: updateSurface: has no frame
10-08 14:36:30.817 11531 11531 D SurfaceView@6ea8dd0: updateSurface: has no frame
10-08 14:36:30.834 11531 11531 D SurfaceView@6ea8dd0: updateSurface: has no frame
10-08 14:36:30.850 11531 11531 D SurfaceView@6ea8dd0: updateSurface: has no frame
10-08 14:36:30.857 11531 11592 I RVM2    : applyMeta
10-08 14:36:30.862 11531 11531 W PanelsChildGestureRegionObserver: failed to register view with ID 2131362800. already registered
10-08 14:36:30.865 11531 11531 E CoilImgLoader: Error loading image: coil3.request.NullRequestDataException: The request's data is null.
10-08 14:36:30.871 11531 11531 E CoilImgLoader: Error loading image: coil3.request.NullRequestDataException: The request's data is null.
10-08 14:36:30.914 11531 11592 I SYNCVM  : addFromUrl = https://tv6.egydead.live/%d9%85%d8%b4%d8%a7%d9%87%d8%af%d8%a9-%d9%81%d9%8a%d9%84%d9%85-omniscient-reader-the-prophecy-2025-%d9%85%d8%aa%d8%b1%d8%ac%d9%85/
10-08 14:36:30.914 11531 11592 I SYNCUTIL: getIdsFromUrl https://tv6.egydead.live/%d9%85%d8%b4%d8%a7%d9%87%d8%af%d8%a9-%d9%81%d9%8a%d9%84%d9%85-omniscient-reader-the-prophecy-2025-%d9%85%d8%aa%d8%b1%d8%ac%d9%85/
10-08 14:36:30.928 11531 11531 D SurfaceView@6ea8dd0: updateSurface: has no frame
10-08 14:36:30.930 11531 11531 I SurfaceView@6ea8dd0: Changes: creating=true format=true size=true visible=true alpha=false hint=false mUseAlpha=false visible=true left=true top=true
10-08 14:36:30.933 11531 11531 I BLASTBufferQueue: update, w= 1080 h= 525 mName = null mNativeObject= 0x7b5eca9e00 sc.mNativeObject= 0x7aeb5d9940 format= 4 caller= android.view.SurfaceView.createBlastSurfaceControls:1383 android.view.SurfaceView.updateSurface:1079 android.view.SurfaceView.lambda$new$0$android-view-SurfaceView:200 android.view.SurfaceView$$ExternalSyntheticLambda5.onPreDraw:2 android.view.ViewTreeObserver.dispatchOnPreDraw:1121 android.view.ViewRootImpl.performTraversals:4442 
10-08 14:36:30.933 11531 11531 I SurfaceView@6ea8dd0: 116035024 Cur surface: Surface(name=null)/@0x2f04d55
10-08 14:36:30.933 11531 11531 I SurfaceView@6ea8dd0: pST: sr = Rect(0, 218 - 1080, 743) sw = 1080 sh = 525
10-08 14:36:30.933 11531 11531 D SurfaceView@6ea8dd0: performSurfaceTransaction RenderWorker position = [0, 218, 1080, 743] surfaceSize = 1080x525
10-08 14:36:30.934 11531 11531 I SurfaceView@6ea8dd0: applyTransactionOnVriDraw: vri = ViewRootImpl@49f6cb7[MainActivity] fRS = false t = 0x7b147f4900 android.view.SurfaceView.performSurfaceTransaction:959 android.view.SurfaceView.updateSurface:1105 android.view.SurfaceView.lambda$new$0$android-view-SurfaceView:200 
10-08 14:36:30.934 11531 11531 I ViewRootImpl@49f6cb7[MainActivity]: applyTransactionOnDraw: mRemoved = false isHardwareEnabled = true t = 0x7b147f4900android.view.SurfaceView.applyTransactionOnVriDraw:2048 android.view.SurfaceView.performSurfaceTransaction:959 android.view.SurfaceView.updateSurface:1105 android.view.SurfaceView.lambda$new$0$android-view-SurfaceView:200 android.view.SurfaceView$$ExternalSyntheticLambda5.onPreDraw:2 
10-08 14:36:30.934 11531 11531 I SurfaceView@6ea8dd0: updateSurface: mVisible = true mSurface.isValid() = true
10-08 14:36:30.934 11531 11531 I SurfaceView@6ea8dd0: updateSurface: mSurfaceCreated = false surfaceChanged = true visibleChanged = true
10-08 14:36:30.934 11531 11531 I SurfaceView@6ea8dd0: visibleChanged -- surfaceCreated
10-08 14:36:30.934 11531 11531 I SurfaceView@6ea8dd0: surfaceCreated 0 #8 android.view.SurfaceView{6ea8dd0 V.E..V... ......ID 0,0-1080,525}
10-08 14:36:30.934 11531 11531 I SurfaceView@6ea8dd0: surfaceChanged -- format=4 w=1080 h=525
10-08 14:36:30.934 11531 11531 I SurfaceView@6ea8dd0: surfaceChanged (1080,525) 0 #8 android.view.SurfaceView{6ea8dd0 V.E..V... ......ID 0,0-1080,525}
10-08 14:36:30.934 11531 11531 I SurfaceView@6ea8dd0: surfaceRedrawNeeded
10-08 14:36:30.935 11531 11531 V SurfaceView@6ea8dd0: Layout: x=0 y=218 w=1080 h=525, frame=Rect(0, 0 - 1080, 525)
10-08 14:36:30.947 11531 11635 D SurfaceView@6ea8dd0: updateSurfacePosition RenderWorker, frameNr = 844, position = [0, 218, 1080, 743] surfaceSize = 1080x525
10-08 14:36:30.947 11531 11635 I SurfaceView@6ea8dd0: uSP: rtp = Rect(0, 218 - 1080, 743) rtsw = 1080 rtsh = 525
10-08 14:36:30.947 11531 11635 I SurfaceView@6ea8dd0: onSSPAndSRT: pl = 0 pt = 218 sx = 1.0 sy = 1.0
10-08 14:36:30.947 11531 11635 I SurfaceView@6ea8dd0: aOrMT: ViewRootImpl@49f6cb7[MainActivity] t = android.view.SurfaceControl$Transaction@4b569d1 fN = 844 android.view.SurfaceView.-$$Nest$mapplyOrMergeTransaction:0 android.view.SurfaceView$SurfaceViewPositionUpdateListener.positionChanged:1537 android.graphics.RenderNode$CompositePositionUpdateListener.positionChanged:373 
10-08 14:36:30.947 11531 11635 I ViewRootImpl@49f6cb7[MainActivity]: mWNT: t=0x7aeb038600 mBlastBufferQueue=0x7b3fa88000 fn= 844 caller= android.view.SurfaceView.applyOrMergeTransaction:1455 android.view.SurfaceView.-$$Nest$mapplyOrMergeTransaction:0 android.view.SurfaceView$SurfaceViewPositionUpdateListener.positionChanged:1537 
10-08 14:36:30.948 11531 11635 I ViewRootImpl@49f6cb7[MainActivity]: mWNT: t=0x7b147f4900 mBlastBufferQueue=0x7b3fa88000 fn= 844 caller= android.view.ViewRootImpl.lambda$applyTransactionOnDraw$11$android-view-ViewRootImpl:12865 android.view.ViewRootImpl$$ExternalSyntheticLambda1.onFrameDraw:4 android.graphics.HardwareRenderer$FrameDrawingCallback.onFrameDraw:924 
10-08 14:36:30.962 11531 11531 I SurfaceView@6ea8dd0: finishedDrawing
10-08 14:36:31.912 11531 11531 I ViewRootImpl@49f6cb7[MainActivity]: ViewPostIme pointer 0
10-08 14:36:32.441 11531 11531 I Dialog  : mIsDeviceDefault = false, mIsSamsungBasicInteraction = false, isMetaDataInActivity = false
10-08 14:36:32.479 11531 11531 I DecorView: [INFO] isPopOver=false config=false
10-08 14:36:32.479 11531 11531 I DecorView: updateCaptionType: isFloating=false isApplication=true hasWindowDecorCaption=false this=DecorView@ca79d17[]
10-08 14:36:32.479 11531 11531 D DecorView: setCaptionType = 0, this = DecorView@ca79d17[]
10-08 14:36:32.482 11531 11531 I DecorView: getCurrentDensityDpi: from app context. densityDpi=420 msg=resources_loaded
10-08 14:36:32.482 11531 11531 I DecorView: setWindowBackground: isPopOver=false color=0 d=android.graphics.drawable.ColorDrawable@fa95aed
10-08 14:36:32.496 11531 11557 D NativeCustomFrequencyManager: [NativeCFMS] BpCustomFrequencyManager::BpCustomFrequencyManager()
10-08 14:36:32.497 11531 11531 I DecorView: notifyKeepScreenOnChanged: keepScreenOn=false
10-08 14:36:32.509 11531 11531 D InsetsController: onStateChanged: InsetsState: {mDisplayFrame=Rect(0, 0 - 1080, 2400), mDisplayCutout=DisplayCutout{insets=Rect(0, 88 - 0, 0) waterfall=Insets{left=0, top=0, right=0, bottom=0} boundingRect={Bounds=[Rect(0, 0 - 0, 0), Rect(512, 0 - 568, 88), Rect(0, 0 - 0, 0), Rect(0, 0 - 0, 0)]} cutoutPathParserInfo={CutoutPathParserInfo{displayWidth=1080 displayHeight=2400 physicalDisplayWidth=1080 physicalDisplayHeight=2400 density={2.625} cutoutSpec={M 0,0 M 0,12.25101276465640 a 10.60613009248640,10.60613009248640 0 1,0 0,21.21226018497290 a 10.60613009248640,10.60613009248640 0 1,0 0,-21.21226018497290 Z @dp} rotation={0} scale={1.0} physicalPixelDisplaySizeRatio={1.0}}}}, mRoundedCorners=RoundedCorners{[RoundedCorner{position=TopLeft, radius=84, center=Point(84, 84)}, RoundedCorner{position=TopRight, radius=84, center=Point(996, 84)}, RoundedCorner{position=BottomRight, radius=84, center=Point(996, 2316)}, RoundedCorner{position=BottomLeft, radius=84, center=Point(84, 2316)}]}  mRoundedCornerFrame=Rect(0, 0 - 1080, 2400), mPrivacyIndicatorBounds=PrivacyIndicatorBounds {static bounds=Rect(964, 0 - 1080, 87) rotation=0}, mSources= { InsetsSource: {mType=ITYPE_STATUS_BAR, mFrame=[0,0][1080,88], mVisible=true, mInsetsRoundedCornerFrame=false}, InsetsSource: {mType=ITYPE_NAVIGATION_BAR, mFrame=[0,2361][1080,2400], mVisible=true, mInsetsRoundedCornerFrame=false}, InsetsSource: {mType=ITYPE_LEFT_GESTURES, mFrame=[0,0][130,2400], mVisible=true, mInsetsRoundedCornerFrame=false}, InsetsSource: {mType=ITYPE_RIGHT_GESTURES, mFrame=[950,0][1080,2400], mVisible=true, mInsetsRoundedCornerFrame=false}, InsetsSource: {mType=ITYPE_TOP_MANDATORY_GESTURES, mFrame=[0,0][1080,120], mVisible=true, mInsetsRoundedCornerFrame=false}, InsetsSource: {mType=ITYPE_BOTTOM_MANDATORY_GESTURES, mFrame=[0,2316][1080,2400], mVisible=true, mInsetsRoundedCornerFrame=false}, InsetsSource: {mType=ITYPE_LEFT_DISPLAY_CUTOUT, mFrame=[0,0][-100000,2400], mVisible=true, mInsetsRoundedCornerFrame=false}, InsetsSource: {mType=ITYPE_TOP_DISPLAY_CUTOUT, mFrame=[0,0][1080,88], mVisible=true, mInsetsRoundedCornerFrame=false}, InsetsSource: {mType=ITYPE_RIGHT_DISPLAY_CUTOUT, mFrame=[100000,0][1080,2400], mVisible=true, mInsetsRoundedCornerFrame=false}, InsetsSource: {mType=ITYPE_BOTTOM_DISPLAY_CUTOUT, mFrame=[0,100000][1080,2400], mVisible=true, mInsetsRoundedCornerFrame=false}, InsetsSource: {mType=ITYPE_TOP_TAPPABLE_ELEMENT, mFrame=[0,0][1080,88], mVisible=true, mInsetsRoundedCornerFrame=false}, InsetsSource: {mType=ITYPE_BOTTOM_TAPPABLE_ELEMENT, mFrame=[0,0][0,0], mVisible=true, mInsetsRoundedCornerFrame=false}, InsetsSource: {mType=ITYPE_IME, mFrame=[0,0][0,0], mVisibleFrame=[0,1409][1080,2400], mVisible=false, mInsetsRoundedCornerFrame=false} } host=com.lagradost.cloudstream3/com.lagradost.cloudstream3.MainActivity from=android.view.ViewRootImpl.setView:1732
10-08 14:36:32.511 11531 11531 I ViewRootImpl@5ba2e7a[MainActivity]: setView = com.android.internal.policy.DecorView@ca79d17 TM=true
10-08 14:36:32.523 11531 11531 I ViewRootImpl@5ba2e7a[MainActivity]: performTraversals params={(0,0)(fillxfill) gr=CENTER sim={adjust=resize forwardNavigation} ty=APPLICATION fmt=TRANSPARENT wanim=0x7f14000b
10-08 14:36:32.523 11531 11531 I ViewRootImpl@5ba2e7a[MainActivity]:   fl=85810100
10-08 14:36:32.523 11531 11531 I ViewRootImpl@5ba2e7a[MainActivity]:   pfl=12020040
10-08 14:36:32.523 11531 11531 I ViewRootImpl@5ba2e7a[MainActivity]:   vsysui=500
10-08 14:36:32.523 11531 11531 I ViewRootImpl@5ba2e7a[MainActivity]:   bhv=DEFAULT
10-08 14:36:32.523 11531 11531 I ViewRootImpl@5ba2e7a[MainActivity]:   fitSides= naviIconColor=0}
10-08 14:36:32.524 11531 11531 I ViewRootImpl@5ba2e7a[MainActivity]: performTraversals mFirst=true windowShouldResize=true viewVisibilityChanged=false mForceNextWindowRelayout=false params={(0,0)(fillxfill) gr=CENTER sim={adjust=resize forwardNavigation} ty=APPLICATION fmt=TRANSPARENT wanim=0x7f14000b
10-08 14:36:32.524 11531 11531 I ViewRootImpl@5ba2e7a[MainActivity]:   fl=85810100
10-08 14:36:32.524 11531 11531 I ViewRootImpl@5ba2e7a[MainActivity]:   pfl=12020040
10-08 14:36:32.524 11531 11531 I ViewRootImpl@5ba2e7a[MainActivity]:   vsysui=500
10-08 14:36:32.524 11531 11531 I ViewRootImpl@5ba2e7a[MainActivity]:   bhv=DEFAULT
10-08 14:36:32.524 11531 11531 I ViewRootImpl@5ba2e7a[MainActivity]:   fitSides= naviIconColor=0}
10-08 14:36:32.538 11531 11531 I ViewRootImpl@5ba2e7a[MainActivity]: updateBlastSurfaceIfNeeded mBlastBufferQueue=null isSameSurfaceControl=false
10-08 14:36:32.539 11531 11531 I BLASTBufferQueue: new BLASTBufferQueue, mName= ViewRootImpl@5ba2e7a[MainActivity] mNativeObject= 0x7b5ecaa400 sc.mNativeObject= 0x7afc038aa0 caller= android.view.ViewRootImpl.updateBlastSurfaceIfNeeded:2909 android.view.ViewRootImpl.relayoutWindow:9847 android.view.ViewRootImpl.performTraversals:3884 android.view.ViewRootImpl.doTraversal:3116 android.view.ViewRootImpl$TraversalRunnable.run:10885 android.view.Choreographer$CallbackRecord.run:1301 android.view.Choreographer$CallbackRecord.run:1309 android.view.Choreographer.doCallbacks:923 android.view.Choreographer.doFrame:852 android.view.Choreographer$FrameDisplayEventReceiver.run:1283 
10-08 14:36:32.539 11531 11531 I BLASTBufferQueue: update, w= 1080 h= 2400 mName = ViewRootImpl@5ba2e7a[MainActivity] mNativeObject= 0x7b5ecaa400 sc.mNativeObject= 0x7afc038aa0 format= -2 caller= android.graphics.BLASTBufferQueue.<init>:84 android.view.ViewRootImpl.updateBlastSurfaceIfNeeded:2909 android.view.ViewRootImpl.relayoutWindow:9847 android.view.ViewRootImpl.performTraversals:3884 android.view.ViewRootImpl.doTraversal:3116 android.view.ViewRootImpl$TraversalRunnable.run:10885 
10-08 14:36:32.540 11531 11531 I ViewRootImpl@5ba2e7a[MainActivity]: Relayout returned: old=(0,0,1080,2400) new=(0,0,1080,2400) req=(1080,2400)0 dur=14 res=0x3 s={true 0x7aeb573800} ch=true seqId=0
10-08 14:36:32.541 11531 11531 I ViewRootImpl@5ba2e7a[MainActivity]: mThreadedRenderer.initialize() mSurface={isValid=true 0x7aeb573800} hwInitialized=true
10-08 14:36:32.542 11531 11557 D OpenGLRenderer: eglCreateWindowSurface
10-08 14:36:32.563 11531 11531 D AbsListView:  in onLayout changed 
10-08 14:36:32.564 11531 11531 I ViewRootImpl@5ba2e7a[MainActivity]: reportNextDraw android.view.ViewRootImpl.performTraversals:4438 android.view.ViewRootImpl.doTraversal:3116 android.view.ViewRootImpl$TraversalRunnable.run:10885 android.view.Choreographer$CallbackRecord.run:1301 android.view.Choreographer$CallbackRecord.run:1309 
10-08 14:36:32.564 11531 11531 I ViewRootImpl@5ba2e7a[MainActivity]: Setup new sync id=0
10-08 14:36:32.564 11531 11531 I ViewRootImpl@5ba2e7a[MainActivity]: Setting syncFrameCallback
10-08 14:36:32.565 11531 11531 I ViewRootImpl@5ba2e7a[MainActivity]: registerCallbacksForSync syncBuffer=false
10-08 14:36:32.568 11531 11633 I ViewRootImpl@5ba2e7a[MainActivity]: Received frameDrawingCallback syncResult=0 frameNum=1.
10-08 14:36:32.568 11531 11633 I ViewRootImpl@5ba2e7a[MainActivity]: Setting up sync and frameCommitCallback
10-08 14:36:32.575 11531 11557 I BLASTBufferQueue: [ViewRootImpl@5ba2e7a[MainActivity]#12](f:0,a:0) onFrameAvailable the first frame is available
10-08 14:36:32.576 11531 11557 I ViewRootImpl@5ba2e7a[MainActivity]: Received frameCommittedCallback lastAttemptedDrawFrameNum=1 didProduceBuffer=true
10-08 14:36:32.578 11531 11557 D OpenGLRenderer: CFMS:: SetUp Pid : 11531    Tid : 11557
10-08 14:36:32.583 11531 11531 I ViewRootImpl@5ba2e7a[MainActivity]: onSyncComplete
10-08 14:36:32.583 11531 11531 I ViewRootImpl@5ba2e7a[MainActivity]: setupSync seqId=0 mSyncId=0 fn=1 caller=android.view.ViewRootImpl$$ExternalSyntheticLambda11.accept:6 android.window.SurfaceSyncer.lambda$setupSync$1$android-window-SurfaceSyncer:128 android.window.SurfaceSyncer$$ExternalSyntheticLambda1.accept:8 android.window.SurfaceSyncer$SyncSet.checkIfSyncIsComplete:382 android.window.SurfaceSyncer$SyncSet.markSyncReady:359 android.window.SurfaceSyncer.markSyncReady:151 android.view.ViewRootImpl.performTraversals:4503 
10-08 14:36:32.584 11531 11531 I ViewRootImpl@5ba2e7a[MainActivity]: reportDrawFinished seqId=0 mSyncId=-1 fn=1 mSurfaceChangedTransaction=0x7aeb038f00
10-08 14:36:32.588 11531 11531 I ViewRootImpl@49f6cb7[MainActivity]: MSG_WINDOW_FOCUS_CHANGED 0 0
10-08 14:36:32.633 11531 11531 I ViewRootImpl@49f6cb7[MainActivity]: ViewPostIme pointer 1
10-08 14:36:32.635 11531 11531 I ViewRootImpl@5ba2e7a[MainActivity]: MSG_WINDOW_FOCUS_CHANGED 1 0
10-08 14:36:32.636 11531 11531 I ViewRootImpl@5ba2e7a[MainActivity]: mThreadedRenderer.initializeIfNeeded()#2 mSurface={isValid=true 0x7aeb573800}
10-08 14:36:32.637 11531 11531 D InputMethodManager: startInputInner - Id : 0
10-08 14:36:32.637 11531 11531 I InputMethodManager: startInputInner - mService.startInputOrWindowGainedFocus
10-08 14:36:33.386 11531 11531 I ViewRootImpl@5ba2e7a[MainActivity]: ViewPostIme pointer 0
10-08 14:36:33.451 11531 11531 I ViewRootImpl@5ba2e7a[MainActivity]: ViewPostIme pointer 1
10-08 14:36:33.452 11531 11531 D AbsListView: onTouchUp() mTouchMode : 0
10-08 14:36:33.526 11531 11531 I MSHandlerLifeCycle: removeMultiSplitHandler: no exist. decor=DecorView@ca79d17[MainActivity]
10-08 14:36:33.527 11531 11557 D OpenGLRenderer: setSurface called with nullptr
10-08 14:36:33.527 11531 11557 D OpenGLRenderer: setSurface() destroyed EGLSurface
10-08 14:36:33.527 11531 11557 D OpenGLRenderer: destroyEglSurface
10-08 14:36:33.530 11531 11557 D OpenGLRenderer: endAllActiveAnimators on 0x7afc118800 (MaterialTextView) with handle 0x7b2a3704a0
10-08 14:36:33.530 11531 11531 I ViewRootImpl@5ba2e7a[MainActivity]: dispatchDetachedFromWindow
10-08 14:36:33.554 11531 11531 D InputTransport: Input channel destroyed: '1bf21d8', fd=154
10-08 14:36:33.556 11531 11531 I Dialog  : mIsDeviceDefault = false, mIsSamsungBasicInteraction = false, isMetaDataInActivity = false
10-08 14:36:33.595 11531 11531 I DecorView: [INFO] isPopOver=false config=false
10-08 14:36:33.595 11531 11531 I DecorView: updateCaptionType: isFloating=false isApplication=true hasWindowDecorCaption=false this=DecorView@f2dd1a6[]
10-08 14:36:33.595 11531 11531 D DecorView: setCaptionType = 0, this = DecorView@f2dd1a6[]
10-08 14:36:33.598 11531 11531 I DecorView: getCurrentDensityDpi: from app context. densityDpi=420 msg=resources_loaded
10-08 14:36:33.598 11531 11531 I DecorView: setWindowBackground: isPopOver=false color=0 d=android.graphics.drawable.ColorDrawable@4d0ef94
10-08 14:36:33.606 11531 11557 D NativeCustomFrequencyManager: [NativeCFMS] BpCustomFrequencyManager::BpCustomFrequencyManager()
10-08 14:36:33.607 11531 11531 I DecorView: notifyKeepScreenOnChanged: keepScreenOn=false
10-08 14:36:33.619 11531 11531 D InsetsController: onStateChanged: InsetsState: {mDisplayFrame=Rect(0, 0 - 1080, 2400), mDisplayCutout=DisplayCutout{insets=Rect(0, 88 - 0, 0) waterfall=Insets{left=0, top=0, right=0, bottom=0} boundingRect={Bounds=[Rect(0, 0 - 0, 0), Rect(512, 0 - 568, 88), Rect(0, 0 - 0, 0), Rect(0, 0 - 0, 0)]} cutoutPathParserInfo={CutoutPathParserInfo{displayWidth=1080 displayHeight=2400 physicalDisplayWidth=1080 physicalDisplayHeight=2400 density={2.625} cutoutSpec={M 0,0 M 0,12.25101276465640 a 10.60613009248640,10.60613009248640 0 1,0 0,21.21226018497290 a 10.60613009248640,10.60613009248640 0 1,0 0,-21.21226018497290 Z @dp} rotation={0} scale={1.0} physicalPixelDisplaySizeRatio={1.0}}}}, mRoundedCorners=RoundedCorners{[RoundedCorner{position=TopLeft, radius=84, center=Point(84, 84)}, RoundedCorner{position=TopRight, radius=84, center=Point(996, 84)}, RoundedCorner{position=BottomRight, radius=84, center=Point(996, 2316)}, RoundedCorner{position=BottomLeft, radius=84, center=Point(84, 2316)}]}  mRoundedCornerFrame=Rect(0, 0 - 1080, 2400), mPrivacyIndicatorBounds=PrivacyIndicatorBounds {static bounds=Rect(964, 0 - 1080, 87) rotation=0}, mSources= { InsetsSource: {mType=ITYPE_STATUS_BAR, mFrame=[0,0][1080,88], mVisible=true, mInsetsRoundedCornerFrame=false}, InsetsSource: {mType=ITYPE_NAVIGATION_BAR, mFrame=[0,2361][1080,2400], mVisible=true, mInsetsRoundedCornerFrame=false}, InsetsSource: {mType=ITYPE_LEFT_GESTURES, mFrame=[0,0][130,2400], mVisible=true, mInsetsRoundedCornerFrame=false}, InsetsSource: {mType=ITYPE_RIGHT_GESTURES, mFrame=[950,0][1080,2400], mVisible=true, mInsetsRoundedCornerFrame=false}, InsetsSource: {mType=ITYPE_TOP_MANDATORY_GESTURES, mFrame=[0,0][1080,120], mVisible=true, mInsetsRoundedCornerFrame=false}, InsetsSource: {mType=ITYPE_BOTTOM_MANDATORY_GESTURES, mFrame=[0,2316][1080,2400], mVisible=true, mInsetsRoundedCornerFrame=false}, InsetsSource: {mType=ITYPE_LEFT_DISPLAY_CUTOUT, mFrame=[0,0][-100000,2400], mVisible=true, mInsetsRoundedCornerFrame=false}, InsetsSource: {mType=ITYPE_TOP_DISPLAY_CUTOUT, mFrame=[0,0][1080,88], mVisible=true, mInsetsRoundedCornerFrame=false}, InsetsSource: {mType=ITYPE_RIGHT_DISPLAY_CUTOUT, mFrame=[100000,0][1080,2400], mVisible=true, mInsetsRoundedCornerFrame=false}, InsetsSource: {mType=ITYPE_BOTTOM_DISPLAY_CUTOUT, mFrame=[0,100000][1080,2400], mVisible=true, mInsetsRoundedCornerFrame=false}, InsetsSource: {mType=ITYPE_TOP_TAPPABLE_ELEMENT, mFrame=[0,0][1080,88], mVisible=true, mInsetsRoundedCornerFrame=false}, InsetsSource: {mType=ITYPE_BOTTOM_TAPPABLE_ELEMENT, mFrame=[0,0][0,0], mVisible=true, mInsetsRoundedCornerFrame=false}, InsetsSource: {mType=ITYPE_IME, mFrame=[0,0][0,0], mVisibleFrame=[0,1409][1080,2400], mVisible=false, mInsetsRoundedCornerFrame=false} } host=com.lagradost.cloudstream3/com.lagradost.cloudstream3.MainActivity from=android.view.ViewRootImpl.setView:1732
10-08 14:36:33.621 11531 11531 I ViewRootImpl@e8883f5[MainActivity]: setView = com.android.internal.policy.DecorView@f2dd1a6 TM=true
10-08 14:36:33.627 11531 11531 I ViewRootImpl@e8883f5[MainActivity]: performTraversals params={(0,0)(fillxfill) gr=CENTER sim={adjust=resize forwardNavigation} ty=APPLICATION fmt=TRANSPARENT wanim=0x7f14000b
10-08 14:36:33.627 11531 11531 I ViewRootImpl@e8883f5[MainActivity]:   fl=85810100
10-08 14:36:33.627 11531 11531 I ViewRootImpl@e8883f5[MainActivity]:   pfl=12020040
10-08 14:36:33.627 11531 11531 I ViewRootImpl@e8883f5[MainActivity]:   vsysui=500
10-08 14:36:33.627 11531 11531 I ViewRootImpl@e8883f5[MainActivity]:   bhv=DEFAULT
10-08 14:36:33.627 11531 11531 I ViewRootImpl@e8883f5[MainActivity]:   fitSides= naviIconColor=0}
10-08 14:36:33.628 11531 11531 I ViewRootImpl@e8883f5[MainActivity]: performTraversals mFirst=true windowShouldResize=true viewVisibilityChanged=false mForceNextWindowRelayout=false params={(0,0)(fillxfill) gr=CENTER sim={adjust=resize forwardNavigation} ty=APPLICATION fmt=TRANSPARENT wanim=0x7f14000b
10-08 14:36:33.628 11531 11531 I ViewRootImpl@e8883f5[MainActivity]:   fl=85810100
10-08 14:36:33.628 11531 11531 I ViewRootImpl@e8883f5[MainActivity]:   pfl=12020040
10-08 14:36:33.628 11531 11531 I ViewRootImpl@e8883f5[MainActivity]:   vsysui=500
10-08 14:36:33.628 11531 11531 I ViewRootImpl@e8883f5[MainActivity]:   bhv=DEFAULT
10-08 14:36:33.628 11531 11531 I ViewRootImpl@e8883f5[MainActivity]:   fitSides= naviIconColor=0}
10-08 14:36:33.640 11531 11531 I ViewRootImpl@e8883f5[MainActivity]: updateBlastSurfaceIfNeeded mBlastBufferQueue=null isSameSurfaceControl=false
10-08 14:36:33.641 11531 11531 I BLASTBufferQueue: new BLASTBufferQueue, mName= ViewRootImpl@e8883f5[MainActivity] mNativeObject= 0x7b5ecaa700 sc.mNativeObject= 0x7be179cf00 caller= android.view.ViewRootImpl.updateBlastSurfaceIfNeeded:2909 android.view.ViewRootImpl.relayoutWindow:9847 android.view.ViewRootImpl.performTraversals:3884 android.view.ViewRootImpl.doTraversal:3116 android.view.ViewRootImpl$TraversalRunnable.run:10885 android.view.Choreographer$CallbackRecord.run:1301 android.view.Choreographer$CallbackRecord.run:1309 android.view.Choreographer.doCallbacks:923 android.view.Choreographer.doFrame:852 android.view.Choreographer$FrameDisplayEventReceiver.run:1283 
10-08 14:36:33.641 11531 11531 I BLASTBufferQueue: update, w= 1080 h= 2400 mName = ViewRootImpl@e8883f5[MainActivity] mNativeObject= 0x7b5ecaa700 sc.mNativeObject= 0x7be179cf00 format= -2 caller= android.graphics.BLASTBufferQueue.<init>:84 android.view.ViewRootImpl.updateBlastSurfaceIfNeeded:2909 android.view.ViewRootImpl.relayoutWindow:9847 android.view.ViewRootImpl.performTraversals:3884 android.view.ViewRootImpl.doTraversal:3116 android.view.ViewRootImpl$TraversalRunnable.run:10885 
10-08 14:36:33.641 11531 11531 I ViewRootImpl@e8883f5[MainActivity]: Relayout returned: old=(0,0,1080,2400) new=(0,0,1080,2400) req=(1080,2400)0 dur=12 res=0x3 s={true 0x7aeb573800} ch=true seqId=0
10-08 14:36:33.642 11531 11531 I ViewRootImpl@e8883f5[MainActivity]: mThreadedRenderer.initialize() mSurface={isValid=true 0x7aeb573800} hwInitialized=true
10-08 14:36:33.643 11531 11557 D OpenGLRenderer: eglCreateWindowSurface
10-08 14:36:33.645 11531 11531 I ViewRootImpl@e8883f5[MainActivity]: reportNextDraw android.view.ViewRootImpl.performTraversals:4438 android.view.ViewRootImpl.doTraversal:3116 android.view.ViewRootImpl$TraversalRunnable.run:10885 android.view.Choreographer$CallbackRecord.run:1301 android.view.Choreographer$CallbackRecord.run:1309 
10-08 14:36:33.645 11531 11531 I ViewRootImpl@e8883f5[MainActivity]: Setup new sync id=0
10-08 14:36:33.645 11531 11531 I ViewRootImpl@e8883f5[MainActivity]: Setting syncFrameCallback
10-08 14:36:33.645 11531 11531 I ViewRootImpl@e8883f5[MainActivity]: registerCallbacksForSync syncBuffer=false
10-08 14:36:33.648 11531 11635 I ViewRootImpl@e8883f5[MainActivity]: Received frameDrawingCallback syncResult=0 frameNum=1.
10-08 14:36:33.648 11531 11635 I ViewRootImpl@e8883f5[MainActivity]: Setting up sync and frameCommitCallback
10-08 14:36:33.657 11531 11557 I BLASTBufferQueue: [ViewRootImpl@e8883f5[MainActivity]#13](f:0,a:0) onFrameAvailable the first frame is available
10-08 14:36:33.658 11531 11557 I ViewRootImpl@e8883f5[MainActivity]: Received frameCommittedCallback lastAttemptedDrawFrameNum=1 didProduceBuffer=true
10-08 14:36:33.660 11531 11557 D OpenGLRenderer: CFMS:: SetUp Pid : 11531    Tid : 11557
10-08 14:36:33.663 11531 11531 I ViewRootImpl@e8883f5[MainActivity]: onSyncComplete
10-08 14:36:33.664 11531 11531 I ViewRootImpl@e8883f5[MainActivity]: setupSync seqId=0 mSyncId=0 fn=1 caller=android.view.ViewRootImpl$$ExternalSyntheticLambda11.accept:6 android.window.SurfaceSyncer.lambda$setupSync$1$android-window-SurfaceSyncer:128 android.window.SurfaceSyncer$$ExternalSyntheticLambda1.accept:8 android.window.SurfaceSyncer$SyncSet.checkIfSyncIsComplete:382 android.window.SurfaceSyncer$SyncSet.markSyncReady:359 android.window.SurfaceSyncer.markSyncReady:151 android.view.ViewRootImpl.performTraversals:4503 
10-08 14:36:33.664 11531 11531 I ViewRootImpl@e8883f5[MainActivity]: reportDrawFinished seqId=0 mSyncId=-1 fn=1 mSurfaceChangedTransaction=0x7afc199100
10-08 14:36:33.665 11531 11531 D InsetsController: onStateChanged: InsetsState: {mDisplayFrame=Rect(0, 0 - 1080, 2400), mDisplayCutout=DisplayCutout{insets=Rect(0, 88 - 0, 0) waterfall=Insets{left=0, top=0, right=0, bottom=0} boundingRect={Bounds=[Rect(0, 0 - 0, 0), Rect(512, 0 - 568, 88), Rect(0, 0 - 0, 0), Rect(0, 0 - 0, 0)]} cutoutPathParserInfo={CutoutPathParserInfo{displayWidth=1080 displayHeight=2400 physicalDisplayWidth=1080 physicalDisplayHeight=2400 density={2.625} cutoutSpec={M 0,0 M 0,12.25101276465640 a 10.60613009248640,10.60613009248640 0 1,0 0,21.21226018497290 a 10.60613009248640,10.60613009248640 0 1,0 0,-21.21226018497290 Z @dp} rotation={0} scale={1.0} physicalPixelDisplaySizeRatio={1.0}}}}, mRoundedCorners=RoundedCorners{[RoundedCorner{position=TopLeft, radius=84, center=Point(84, 84)}, RoundedCorner{position=TopRight, radius=84, center=Point(996, 84)}, RoundedCorner{position=BottomRight, radius=84, center=Point(996, 2316)}, RoundedCorner{position=BottomLeft, radius=84, center=Point(84, 2316)}]}  mRoundedCornerFrame=Rect(0, 0 - 1080, 2400), mPrivacyIndicatorBounds=PrivacyIndicatorBounds {static bounds=Rect(964, 0 - 1080, 87) rotation=0}, mSources= { InsetsSource: {mType=ITYPE_STATUS_BAR, mFrame=[0,0][1080,88], mVisible=true, mInsetsRoundedCornerFrame=false}, InsetsSource: {mType=ITYPE_NAVIGATION_BAR, mFrame=[0,2361][1080,2400], mVisible=true, mInsetsRoundedCornerFrame=false}, InsetsSource: {mType=ITYPE_LEFT_GESTURES, mFrame=[0,0][130,2400], mVisible=true, mInsetsRoundedCornerFrame=false}, InsetsSource: {mType=ITYPE_RIGHT_GESTURES, mFrame=[950,0][1080,2400], mVisible=true, mInsetsRoundedCornerFrame=false}, InsetsSource: {mType=ITYPE_TOP_MANDATORY_GESTURES, mFrame=[0,0][1080,120], mVisible=true, mInsetsRoundedCornerFrame=false}, InsetsSource: {mType=ITYPE_BOTTOM_MANDATORY_GESTURES, mFrame=[0,2316][1080,2400], mVisible=true, mInsetsRoundedCornerFrame=false}, InsetsSource: {mType=ITYPE_LEFT_DISPLAY_CUTOUT, mFrame=[0,0][-100000,2400], mVisible=true, mInsetsRoundedCornerFrame=false}, InsetsSource: {mType=ITYPE_TOP_DISPLAY_CUTOUT, mFrame=[0,0][1080,88], mVisible=true, mInsetsRoundedCornerFrame=false}, InsetsSource: {mType=ITYPE_RIGHT_DISPLAY_CUTOUT, mFrame=[100000,0][1080,2400], mVisible=true, mInsetsRoundedCornerFrame=false}, InsetsSource: {mType=ITYPE_BOTTOM_DISPLAY_CUTOUT, mFrame=[0,100000][1080,2400], mVisible=true, mInsetsRoundedCornerFrame=false}, InsetsSource: {mType=ITYPE_TOP_TAPPABLE_ELEMENT, mFrame=[0,0][1080,88], mVisible=true, mInsetsRoundedCornerFrame=false}, InsetsSource: {mType=ITYPE_BOTTOM_TAPPABLE_ELEMENT, mFrame=[0,0][0,0], mVisible=true, mInsetsRoundedCornerFrame=false} } host=com.lagradost.cloudstream3/com.lagradost.cloudstream3.MainActivity from=android.view.ViewRootImpl$ViewRootHandler.handleMessageImpl:6740
10-08 14:36:33.667 11531 11531 I ViewRootImpl@49f6cb7[MainActivity]: MSG_WINDOW_FOCUS_CHANGED 0 0
10-08 14:36:33.683 11531 11531 I ViewRootImpl@49f6cb7[MainActivity]: MSG_WINDOW_FOCUS_CHANGED 0 0
10-08 14:36:33.720 11531 11531 I ViewRootImpl@e8883f5[MainActivity]: MSG_WINDOW_FOCUS_CHANGED 1 0
10-08 14:36:33.720 11531 11531 I ViewRootImpl@e8883f5[MainActivity]: mThreadedRenderer.initializeIfNeeded()#2 mSurface={isValid=true 0x7aeb573800}
10-08 14:36:33.723 11531 11531 D InputMethodManager: startInputInner - Id : 0
10-08 14:36:33.724 11531 11531 I InputMethodManager: startInputInner - mService.startInputOrWindowGainedFocus
10-08 14:36:34.004 11531 11541 I st.cloudstream3: Background concurrent copying GC freed 16MB AllocSpace bytes, 79(3852KB) LOS objects, 45% free, 29MB/53MB, paused 319us,100us total 256.826ms
10-08 14:36:34.004 11531 11542 D InputTransport: Input channel destroyed: 'ClientS', fd=269
10-08 14:36:34.039 11531 11557 D OpenGLRenderer: setSurface called with nullptr
10-08 14:36:34.040 11531 11542 D InputTransport: Input channel destroyed: 'ClientS', fd=172
10-08 14:36:34.057 11531 11557 D OpenGLRenderer: setSurface called with nullptr
10-08 14:36:34.058 11531 11542 D InputTransport: Input channel destroyed: 'ClientS', fd=158
10-08 14:36:34.075 11531 11557 D OpenGLRenderer: setSurface called with nullptr
10-08 14:36:34.076 11531 11542 D InputTransport: Input channel destroyed: 'ClientS', fd=147
10-08 14:36:34.076 11531 11542 D InputTransport: Input channel destroyed: 'ClientS', fd=113
10-08 14:36:34.109 11531 11557 D OpenGLRenderer: setSurface called with nullptr
10-08 14:36:34.111 11531 11542 D InputTransport: Input channel destroyed: 'ClientS', fd=256
10-08 14:36:34.362 11531 11597 I System.out: Exception in NiceHttp: java.io.IOException Canceled
10-08 14:36:34.362 11531 11606 I System.out: Exception in NiceHttp: java.io.IOException Canceled
10-08 14:36:34.362 11531 11597 W System.err: java.io.IOException: Canceled
10-08 14:36:34.363 11531 11597 W System.err: 	at okhttp3.internal.http.RetryAndFollowUpInterceptor.intercept(RetryAndFollowUpInterceptor.kt:61)
10-08 14:36:34.363 11531 11597 W System.err: 	at okhttp3.internal.http.RealInterceptorChain.proceed(RealInterceptorChain.kt:109)
10-08 14:36:34.363 11531 11608 I System.out: Exception in NiceHttp: java.io.IOException Canceled
10-08 14:36:34.365 11531 11592 E SafeGetAsDocument: Request failed for https://forafile.com/embed-irbv3158x4uc.html. Error: Parent job is Cancelling
10-08 14:36:34.365 11531 11592 E Forafile: Packed JS not found for https://forafile.com/embed-irbv3158x4uc.html. Cloudflare bypass likely failed.
10-08 14:36:34.365 11531 11597 W System.err: 	at com.lagradost.cloudstream3.network.CloudflareKiller$intercept$1.invokeSuspend(CloudflareKiller.kt:59)
10-08 14:36:34.365 11531 11597 W System.err: 	at kotlin.coroutines.jvm.internal.BaseContinuationImpl.resumeWith(ContinuationImpl.kt:33)
10-08 14:36:34.365 11531 11597 W System.err: 	at kotlinx.coroutines.DispatchedTask.run(DispatchedTask.kt:100)
10-08 14:36:34.365 11531 11597 W System.err: 	at kotlinx.coroutines.EventLoopImplBase.processNextEvent(EventLoop.common.kt:263)
10-08 14:36:34.365 11531 11597 W System.err: 	at kotlinx.coroutines.BlockingCoroutine.joinBlocking(Builders.kt:95)
10-08 14:36:34.365 11531 11597 W System.err: 	at kotlinx.coroutines.BuildersKt__BuildersKt.runBlocking(Builders.kt:69)
10-08 14:36:34.366 11531 11597 W System.err: 	at kotlinx.coroutines.BuildersKt.runBlocking(Unknown Source:1)
10-08 14:36:34.367 11531 11597 W System.err: 	at kotlinx.coroutines.BuildersKt__BuildersKt.runBlocking$default(Builders.kt:47)
10-08 14:36:34.367 11531 11597 W System.err: 	at kotlinx.coroutines.BuildersKt.runBlocking$default(Unknown Source:1)
10-08 14:36:34.367 11531 11597 W System.err: 	at com.lagradost.cloudstream3.network.CloudflareKiller.intercept(CloudflareKiller.kt:54)
10-08 14:36:34.367 11531 11597 W System.err: 	at okhttp3.internal.http.RealInterceptorChain.proceed(RealInterceptorChain.kt:109)
10-08 14:36:34.367 11531 11597 W System.err: 	at okhttp3.internal.connection.RealCall.getResponseWithInterceptorChain$okhttp(RealCall.kt:205)
10-08 14:36:34.367 11531 11597 W System.err: 	at okhttp3.internal.connection.RealCall$AsyncCall.run(RealCall.kt:543)
10-08 14:36:34.367 11531 11597 W System.err: 	at java.util.concurrent.ThreadPoolExecutor.runWorker(ThreadPoolExecutor.java:1156)
10-08 14:36:34.367 11531 11597 W System.err: 	at java.util.concurrent.ThreadPoolExecutor$Worker.run(ThreadPoolExecutor.java:651)
10-08 14:36:34.367 11531 11597 W System.err: 	at java.lang.Thread.run(Thread.java:1119)
10-08 14:36:34.367 11531 11592 D ApiError: -------------------------------------------------------------------
10-08 14:36:34.367 11531 11606 W System.err: java.io.IOException: Canceled
10-08 14:36:34.368 11531 11606 W System.err: 	at okhttp3.internal.http.RetryAndFollowUpInterceptor.intercept(RetryAndFollowUpInterceptor.kt:61)
10-08 14:36:34.368 11531 11609 I System.out: Exception in NiceHttp: java.io.IOException Canceled
10-08 14:36:34.368 11531 11592 D ApiError: safeApiCall: Parent job is Cancelling
10-08 14:36:34.368 11531 11592 D ApiError: safeApiCall: Parent job is Cancelling
10-08 14:36:34.368 11531 11606 W System.err: 	at okhttp3.internal.http.RealInterceptorChain.proceed(RealInterceptorChain.kt:109)
10-08 14:36:34.369 11531 11606 W System.err: 	at okhttp3.internal.connection.RealCall.getResponseWithInterceptorChain$okhttp(RealCall.kt:205)
10-08 14:36:34.369 11531 11606 W System.err: 	at okhttp3.internal.connection.RealCall$AsyncCall.run(RealCall.kt:543)
10-08 14:36:34.369 11531 11606 W System.err: 	at java.util.concurrent.ThreadPoolExecutor.runWorker(ThreadPoolExecutor.java:1156)
10-08 14:36:34.369 11531 11606 W System.err: 	at java.util.concurrent.ThreadPoolExecutor$Worker.run(ThreadPoolExecutor.java:651)
10-08 14:36:34.369 11531 11606 W System.err: 	at java.lang.Thread.run(Thread.java:1119)
10-08 14:36:34.369 11531 11608 W System.err: java.io.IOException: Canceled
10-08 14:36:34.369 11531 11608 W System.err: 	at okhttp3.internal.http.RetryAndFollowUpInterceptor.intercept(RetryAndFollowUpInterceptor.kt:61)
10-08 14:36:34.370 11531 11608 W System.err: 	at okhttp3.internal.http.RealInterceptorChain.proceed(RealInterceptorChain.kt:109)
10-08 14:36:34.370 11531 11608 W System.err: 	at okhttp3.internal.connection.RealCall.getResponseWithInterceptorChain$okhttp(RealCall.kt:205)
10-08 14:36:34.370 11531 11608 W System.err: 	at okhttp3.internal.connection.RealCall$AsyncCall.run(RealCall.kt:543)
10-08 14:36:34.370 11531 11608 W System.err: 	at java.util.concurrent.ThreadPoolExecutor.runWorker(ThreadPoolExecutor.java:1156)
10-08 14:36:34.370 11531 11608 W System.err: 	at java.util.concurrent.ThreadPoolExecutor$Worker.run(ThreadPoolExecutor.java:651)
10-08 14:36:34.370 11531 11608 W System.err: 	at java.lang.Thread.run(Thread.java:1119)
10-08 14:36:34.370 11531 11609 W System.err: java.io.IOException: Canceled
10-08 14:36:34.370 11531 11609 W System.err: 	at okhttp3.internal.http.RetryAndFollowUpInterceptor.intercept(RetryAndFollowUpInterceptor.kt:61)
10-08 14:36:34.370 11531 11609 W System.err: 	at okhttp3.internal.http.RealInterceptorChain.proceed(RealInterceptorChain.kt:109)
10-08 14:36:34.370 11531 11609 W System.err: 	at okhttp3.internal.connection.RealCall.getResponseWithInterceptorChain$okhttp(RealCall.kt:205)
10-08 14:36:34.370 11531 11609 W System.err: 	at okhttp3.internal.connection.RealCall$AsyncCall.run(RealCall.kt:543)
10-08 14:36:34.370 11531 11609 W System.err: 	at java.util.concurrent.ThreadPoolExecutor.runWorker(ThreadPoolExecutor.java:1156)
10-08 14:36:34.371 11531 11609 W System.err: 	at java.util.concurrent.ThreadPoolExecutor$Worker.run(ThreadPoolExecutor.java:651)
10-08 14:36:34.371 11531 11609 W System.err: 	at java.lang.Thread.run(Thread.java:1119)
10-08 14:36:34.371 11531 11592 W System.err: kotlinx.coroutines.JobCancellationException: Parent job is Cancelling; job=BlockingCoroutine{Cancelling}@7609466
10-08 14:36:34.372 11531 11592 W System.err: Caused by: org.jsoup.select.Selector$SelectorParseException: Did not find balanced marker at 'eval(function(p,a,c,k,e,d))'
10-08 14:36:34.372 11531 11592 W System.err: 	at org.jsoup.select.QueryParser.parse(QueryParser.java:49)
10-08 14:36:34.372 11531 11592 W System.err: 	at org.jsoup.select.Selector.selectFirst(Selector.java:197)
10-08 14:36:34.372 11531 11592 W System.err: 	at org.jsoup.nodes.Element.selectFirst(Element.java:537)
10-08 14:36:34.372 11531 11592 W System.err: 	at com.egydead.StreamHGBase.getUrl$suspendImpl(EgyDeadExtractors.kt:86)
10-08 14:36:34.372 11531 11592 W System.err: 	at com.egydead.StreamHGBase$getUrl$1.invokeSuspend(Unknown Source:18)
10-08 14:36:34.372 11531 11592 W System.err: 	at kotlin.coroutines.jvm.internal.BaseContinuationImpl.resumeWith(ContinuationImpl.kt:33)
10-08 14:36:34.372 11531 11592 W System.err: 	at kotlinx.coroutines.DispatchedTask.run(DispatchedTask.kt:100)
10-08 14:36:34.372 11531 11592 W System.err: 	at kotlinx.coroutines.EventLoopImplBase.processNextEvent(EventLoop.common.kt:263)
10-08 14:36:34.372 11531 11592 W System.err: 	at kotlinx.coroutines.BlockingCoroutine.joinBlocking(Builders.kt:95)
10-08 14:36:34.372 11531 11592 W System.err: 	at kotlinx.coroutines.BuildersKt__BuildersKt.runBlocking(Builders.kt:69)
10-08 14:36:34.372 11531 11592 W System.err: 	at kotlinx.coroutines.BuildersKt.runBlocking(Unknown Source:1)
10-08 14:36:34.372 11531 11592 W System.err: 	at kotlinx.coroutines.BuildersKt__BuildersKt.runBlocking$default(Builders.kt:47)
10-08 14:36:34.372 11531 11592 W System.err: 	at kotlinx.coroutines.BuildersKt.runBlocking$default(Unknown Source:1)
10-08 14:36:34.373 11531 11592 W System.err: 	at com.lagradost.cloudstream3.ParCollectionsKt.apmap(ParCollections.kt:49)
10-08 14:36:34.373 11531 11592 W System.err: 	at com.egydead.EgyDeadProvider.loadLinks(EgyDeadProvider.kt:166)
10-08 14:36:34.373 11531 11592 W System.err: 	at com.egydead.EgyDeadProvider$loadLinks$1.invokeSuspend(Unknown Source:18)
10-08 14:36:34.373 11531 11592 W System.err: 	at kotlin.coroutines.jvm.internal.BaseContinuationImpl.resumeWith(ContinuationImpl.kt:33)
10-08 14:36:34.373 11531 11592 W System.err: 	at kotlinx.coroutines.DispatchedTask.run(DispatchedTask.kt:100)
10-08 14:36:34.373 11531 11592 W System.err: 	at kotlinx.coroutines.internal.LimitedDispatcher$Worker.run(LimitedDispatcher.kt:113)
10-08 14:36:34.373 11531 11592 W System.err: 	at kotlinx.coroutines.scheduling.TaskImpl.run(Tasks.kt:89)
10-08 14:36:34.373 11531 11592 W System.err: 	at kotlinx.coroutines.scheduling.CoroutineScheduler.runSafely(CoroutineScheduler.kt:586)
10-08 14:36:34.373 11531 11592 W System.err: 	at kotlinx.coroutines.scheduling.CoroutineScheduler$Worker.executeTask(CoroutineScheduler.kt:820)
10-08 14:36:34.373 11531 11592 W System.err: 	at kotlinx.coroutines.scheduling.CoroutineScheduler$Worker.runWorker(CoroutineScheduler.kt:717)
10-08 14:36:34.373 11531 11592 W System.err: 	at kotlinx.coroutines.scheduling.CoroutineScheduler$Worker.run(CoroutineScheduler.kt:704)
10-08 14:36:34.373 11531 11592 D ApiError: -------------------------------------------------------------------
10-08 14:36:34.375 11531 11592 D ApiError: -------------------------------------------------------------------
10-08 14:36:34.375 11531 11592 D ApiError: safeApiCall: Parent job is Cancelling
10-08 14:36:34.375 11531 11592 D ApiError: safeApiCall: Parent job is Cancelling
10-08 14:36:34.375 11531 11592 W System.err: kotlinx.coroutines.JobCancellationException: Parent job is Cancelling; job=BlockingCoroutine{Cancelling}@7609466
10-08 14:36:34.375 11531 11592 W System.err: Caused by: org.jsoup.select.Selector$SelectorParseException: Did not find balanced marker at 'eval(function(p,a,c,k,e,d))'
10-08 14:36:34.375 11531 11592 W System.err: 	at org.jsoup.select.QueryParser.parse(QueryParser.java:49)
10-08 14:36:34.375 11531 11592 W System.err: 	at org.jsoup.select.Selector.selectFirst(Selector.java:197)
10-08 14:36:34.375 11531 11592 W System.err: 	at org.jsoup.nodes.Element.selectFirst(Element.java:537)
10-08 14:36:34.376 11531 11592 W System.err: 	at com.egydead.StreamHGBase.getUrl$suspendImpl(EgyDeadExtractors.kt:86)
10-08 14:36:34.376 11531 11592 W System.err: 	at com.egydead.StreamHGBase$getUrl$1.invokeSuspend(Unknown Source:18)
10-08 14:36:34.376 11531 11592 W System.err: 	at kotlin.coroutines.jvm.internal.BaseContinuationImpl.resumeWith(ContinuationImpl.kt:33)
10-08 14:36:34.376 11531 11592 W System.err: 	at kotlinx.coroutines.DispatchedTask.run(DispatchedTask.kt:100)
10-08 14:36:34.376 11531 11592 W System.err: 	at kotlinx.coroutines.EventLoopImplBase.processNextEvent(EventLoop.common.kt:263)
10-08 14:36:34.376 11531 11592 W System.err: 	at kotlinx.coroutines.BlockingCoroutine.joinBlocking(Builders.kt:95)
10-08 14:36:34.376 11531 11592 W System.err: 	at kotlinx.coroutines.BuildersKt__BuildersKt.runBlocking(Builders.kt:69)
10-08 14:36:34.376 11531 11592 W System.err: 	at kotlinx.coroutines.BuildersKt.runBlocking(Unknown Source:1)
10-08 14:36:34.376 11531 11592 W System.err: 	at kotlinx.coroutines.BuildersKt__BuildersKt.runBlocking$default(Builders.kt:47)
10-08 14:36:34.376 11531 11592 W System.err: 	at kotlinx.coroutines.BuildersKt.runBlocking$default(Unknown Source:1)
10-08 14:36:34.376 11531 11592 W System.err: 	at com.lagradost.cloudstream3.ParCollectionsKt.apmap(ParCollections.kt:49)
10-08 14:36:34.376 11531 11592 W System.err: 	at com.egydead.EgyDeadProvider.loadLinks(EgyDeadProvider.kt:166)
10-08 14:36:34.376 11531 11592 W System.err: 	at com.egydead.EgyDeadProvider$loadLinks$1.invokeSuspend(Unknown Source:18)
10-08 14:36:34.376 11531 11592 W System.err: 	at kotlin.coroutines.jvm.internal.BaseContinuationImpl.resumeWith(ContinuationImpl.kt:33)
10-08 14:36:34.376 11531 11592 W System.err: 	at kotlinx.coroutines.DispatchedTask.run(DispatchedTask.kt:100)
10-08 14:36:34.376 11531 11592 W System.err: 	at kotlinx.coroutines.internal.LimitedDispatcher$Worker.run(LimitedDispatcher.kt:113)
10-08 14:36:34.376 11531 11592 W System.err: 	at kotlinx.coroutines.scheduling.TaskImpl.run(Tasks.kt:89)
10-08 14:36:34.376 11531 11592 W System.err: 	at kotlinx.coroutines.scheduling.CoroutineScheduler.runSafely(CoroutineScheduler.kt:586)
10-08 14:36:34.377 11531 11592 W System.err: 	at kotlinx.coroutines.scheduling.CoroutineScheduler$Worker.executeTask(CoroutineScheduler.kt:820)
10-08 14:36:34.377 11531 11592 W System.err: 	at kotlinx.coroutines.scheduling.CoroutineScheduler$Worker.runWorker(CoroutineScheduler.kt:717)
10-08 14:36:34.377 11531 11592 W System.err: 	at kotlinx.coroutines.scheduling.CoroutineScheduler$Worker.run(CoroutineScheduler.kt:704)
10-08 14:36:34.377 11531 11592 D ApiError: -------------------------------------------------------------------
10-08 14:36:34.378 11531 11592 D ApiError: -------------------------------------------------------------------
10-08 14:36:34.379 11531 11592 D ApiError: safeApiCall: Did not find balanced marker at 'eval(function(p,a,c,k,e,d))'
10-08 14:36:34.379 11531 11592 D ApiError: safeApiCall: Did not find balanced marker at 'eval(function(p,a,c,k,e,d))'
10-08 14:36:34.379 11531 11592 W System.err: org.jsoup.select.Selector$SelectorParseException: Did not find balanced marker at 'eval(function(p,a,c,k,e,d))'
10-08 14:36:34.379 11531 11592 W System.err: 	at org.jsoup.select.QueryParser.parse(QueryParser.java:49)
10-08 14:36:34.379 11531 11592 W System.err: 	at org.jsoup.select.Selector.selectFirst(Selector.java:197)
10-08 14:36:34.379 11531 11592 W System.err: 	at org.jsoup.nodes.Element.selectFirst(Element.java:537)
10-08 14:36:34.379 11531 11592 W System.err: 	at com.egydead.StreamHGBase.getUrl$suspendImpl(EgyDeadExtractors.kt:86)
10-08 14:36:34.379 11531 11592 W System.err: 	at com.egydead.StreamHGBase$getUrl$1.invokeSuspend(Unknown Source:18)
10-08 14:36:34.379 11531 11592 W System.err: 	at kotlin.coroutines.jvm.internal.BaseContinuationImpl.resumeWith(ContinuationImpl.kt:33)
10-08 14:36:34.379 11531 11592 W System.err: 	at kotlinx.coroutines.DispatchedTask.run(DispatchedTask.kt:100)
10-08 14:36:34.379 11531 11592 W System.err: 	at kotlinx.coroutines.EventLoopImplBase.processNextEvent(EventLoop.common.kt:263)
