--------- beginning of main
10-08 14:35:52.277 11531 11531 D InputTransport: Input channel destroyed: 'c928a0f', fd=150
10-08 14:35:52.317 11531 11531 I ViewRootImpl@49f6cb7[MainActivity]: MSG_WINDOW_FOCUS_CHANGED 1 0
10-08 14:35:52.317 11531 11531 I ViewRootImpl@49f6cb7[MainActivity]: mThreadedRenderer.initializeIfNeeded()#2 mSurface={isValid=true 0x7b5ed64800}
10-08 14:35:52.323 11531 11531 D InputMethodManager: startInputInner - Id : 0
10-08 14:35:52.323 11531 11531 I InputMethodManager: startInputInner - mService.startInputOrWindowGainedFocus
10-08 14:35:52.351 11531 11541 W st.cloudstream3: Cleared Reference was only reachable from finalizer (only reported once)
10-08 14:35:52.420 11531 11541 I st.cloudstream3: NativeAlloc concurrent copying GC freed 19MB AllocSpace bytes, 91(3824KB) LOS objects, 49% free, 13MB/26MB, paused 846us,80us total 208.706ms
10-08 14:35:54.048 11531 11531 I ViewRootImpl@49f6cb7[MainActivity]: ViewPostIme pointer 0
10-08 14:35:54.130 11531 11531 D WindowOnBackDispatcher: onBackInvoked, viewRoot=ViewRootImpl@70d8851[MainActivity], callback=androidx.activity.OnBackPressedDispatcher$Api33Impl$$ExternalSyntheticLambda0@7004a66
10-08 14:35:54.148 11531 11531 I IMM_LC  : hsifw() - flag : 0
10-08 14:35:54.148 11531 11531 I IMM_LC  : hsifw() - mService.hideSoftInput
10-08 14:35:54.157 11531 11531 D ScrollView: initGoToTop
10-08 14:35:54.191 11531 11531 E CoilImgLoader: Error loading image: coil3.request.NullRequestDataException: The request's data is null.
10-08 14:35:54.204 11531 11531 D ScrollView:  onsize change changed 
10-08 14:35:54.871 11531 11531 I ViewRootImpl@49f6cb7[MainActivity]: ViewPostIme pointer 0
10-08 14:35:54.921 11531 11531 I ViewRootImpl@49f6cb7[MainActivity]: ViewPostIme pointer 1
10-08 14:35:54.930 11531 11531 I NavComponent: Navigating to fragment: 2131361879
10-08 14:35:54.936 11531 11531 I IMM_LC  : hsifw() - flag : 0
10-08 14:35:54.937 11531 11531 I IMM_LC  : hsifw() - mService.hideSoftInput
10-08 14:35:56.031 11531 11531 I ViewRootImpl@49f6cb7[MainActivity]: ViewPostIme pointer 0
10-08 14:35:56.080 11531 11531 I ViewRootImpl@49f6cb7[MainActivity]: ViewPostIme pointer 1
10-08 14:35:56.111 11531 11531 I IMM_LC  : hsifw() - flag : 0
10-08 14:35:56.111 11531 11531 I IMM_LC  : hsifw() - mService.hideSoftInput
10-08 14:35:56.261 11531 11531 I PLG     : updatePluginList = https://raw.githubusercontent.com/adamwolker21/DZ/refs/heads/master/repo.json
10-08 14:35:56.262 11531 11531 I PLG     : getPlugins = https://raw.githubusercontent.com/adamwolker21/DZ/refs/heads/master/repo.json
10-08 14:35:56.454 11531 11581 D VotingApi: Requesting: https://counterapi.com/api/cs-raw.githubusercontent.com-adamwolker21-DZ/vote/806f9e9bb0fe6eed948cf51910bda7c7a4f4470876514f9eb99299b4b4e46db4?readOnly=true
10-08 14:35:57.205 11531 11531 I ViewRootImpl@49f6cb7[MainActivity]: ViewPostIme pointer 0
10-08 14:35:57.255 11531 11531 I ViewRootImpl@49f6cb7[MainActivity]: ViewPostIme pointer 1
10-08 14:35:57.268 11531 11581 I PLG     : handlePluginAction = https://raw.githubusercontent.com/adamwolker21/DZ/refs/heads/master/repo.json, (https://raw.githubusercontent.com/adamwolker21/DZ/refs/heads/master/repo.json, SitePlugin(url=https://raw.githubusercontent.com/adamwolker21/DZ/builds/EgyDead.cs3, status=1, version=1, apiVersion=1, name=EgyDead, internalName=EgyDead, authors=[adamwolker21], description=EgyDead, repositoryUrl=https://github.com/adamwolker21/DZ, tvTypes=[Movie, TvSeries], language=ar, iconUrl=https://www.faselhds.life/icon-faselplud.png, fileSize=23380)), false
10-08 14:35:57.269 11531 11581 D PluginManager: Downloading plugin: https://raw.githubusercontent.com/adamwolker21/DZ/builds/EgyDead.cs3 to /data/user/0/com.lagradost.cloudstream3/files/Extensions/httpsraw.githubusercontent.comadamwolker21DZrefsheadsmasterrepo.json.-468825824/EgyDead.-124080901.cs3
10-08 14:35:57.523 11531 11581 I PluginManager: Unloading plugin: /data/user/0/com.lagradost.cloudstream3/files/Extensions/httpsraw.githubusercontent.comadamwolker21DZrefsheadsmasterrepo.json.-468825824/EgyDead.-124080901.cs3
10-08 14:35:57.523 11531 11581 W PluginManager: Couldn't find plugin /data/user/0/com.lagradost.cloudstream3/files/Extensions/httpsraw.githubusercontent.comadamwolker21DZrefsheadsmasterrepo.json.-468825824/EgyDead.-124080901.cs3
10-08 14:35:57.524 11531 11581 I PluginManager: Loading plugin: PluginData(internalName=EgyDead, url=https://raw.githubusercontent.com/adamwolker21/DZ/builds/EgyDead.cs3, isOnline=true, filePath=/data/user/0/com.lagradost.cloudstream3/files/Extensions/httpsraw.githubusercontent.comadamwolker21DZrefsheadsmasterrepo.json.-468825824/EgyDead.-124080901.cs3, version=-2147483648)
10-08 14:35:57.595 11531 11581 I PluginInstance: Adding EgyDead (https://tv6.egydead.live) MainAPI
10-08 14:35:57.595 11531 11581 I PluginManager: Loaded plugin EgyDead successfully
10-08 14:35:57.596 11531 11581 I PLG     : getPlugins = https://raw.githubusercontent.com/adamwolker21/DZ/refs/heads/master/repo.json
10-08 14:35:57.596 11531 11531 I COMPACT : showToast = Plugin Loaded
10-08 14:35:57.606 11531 11531 D CompatibilityChangeReporter: Compat change id reported: 147798919; UID 10523; state: ENABLED
10-08 14:35:57.606 11531 11531 E Toast   : setGravity() shouldn't be called on text toasts, the values won't be used
10-08 14:35:57.606 11531 11531 I Toast   : setView: it's a custom toast
10-08 14:35:57.615 11531 11531 V Toast   : show: caller = com.lagradost.cloudstream3.CommonActivity.showToast:175 
10-08 14:35:57.677 11531 11531 V Toast   : HANDLE SHOW: android.widget.Toast$TN@77d9e92 mView=null mNextView=androidx.cardview.widget.CardView{db93063 V.E..V... ......ID 0,0-0,0 #7f0a0557 app:id/toast_layout_root}
10-08 14:35:57.679 11531 11531 V ToastPresenter: sipHeight = -39
10-08 14:35:57.680 11531 11531 V ToastPresenter: yOffset = 13
10-08 14:35:57.691 11531 11557 D NativeCustomFrequencyManager: [NativeCFMS] BpCustomFrequencyManager::BpCustomFrequencyManager()
10-08 14:35:57.700 11531 11531 D InsetsController: onStateChanged: InsetsState: {mDisplayFrame=Rect(0, 0 - 1080, 2400), mDisplayCutout=DisplayCutout{insets=Rect(0, 88 - 0, 0) waterfall=Insets{left=0, top=0, right=0, bottom=0} boundingRect={Bounds=[Rect(0, 0 - 0, 0), Rect(512, 0 - 568, 88), Rect(0, 0 - 0, 0), Rect(0, 0 - 0, 0)]} cutoutPathParserInfo={CutoutPathParserInfo{displayWidth=1080 displayHeight=2400 physicalDisplayWidth=1080 physicalDisplayHeight=2400 density={2.625} cutoutSpec={M 0,0 M 0,12.25101276465640 a 10.60613009248640,10.60613009248640 0 1,0 0,21.21226018497290 a 10.60613009248640,10.60613009248640 0 1,0 0,-21.21226018497290 Z @dp} rotation={0} scale={1.0} physicalPixelDisplaySizeRatio={1.0}}}}, mRoundedCorners=RoundedCorners{[RoundedCorner{position=TopLeft, radius=84, center=Point(84, 84)}, RoundedCorner{position=TopRight, radius=84, center=Point(996, 84)}, RoundedCorner{position=BottomRight, radius=84, center=Point(996, 2316)}, RoundedCorner{position=BottomLeft, radius=84, center=Point(84, 2316)}]}  mRoundedCornerFrame=Rect(0, 0 - 0, 0), mPrivacyIndicatorBounds=PrivacyIndicatorBounds {static bounds=Rect(964, 0 - 1080, 87) rotation=0}, mSources= { InsetsSource: {mType=ITYPE_NAVIGATION_BAR, mFrame=[0,2361][1080,2400], mVisible=true, mInsetsRoundedCornerFrame=false}, InsetsSource: {mType=ITYPE_LEFT_GESTURES, mFrame=[0,0][130,2400], mVisible=true, mInsetsRoundedCornerFrame=false}, InsetsSource: {mType=ITYPE_RIGHT_GESTURES, mFrame=[950,0][1080,2400], mVisible=true, mInsetsRoundedCornerFrame=false}, InsetsSource: {mType=ITYPE_TOP_MANDATORY_GESTURES, mFrame=[0,0][1080,120], mVisible=true, mInsetsRoundedCornerFrame=false}, InsetsSource: {mType=ITYPE_BOTTOM_MANDATORY_GESTURES, mFrame=[0,2316][1080,2400], mVisible=true, mInsetsRoundedCornerFrame=false}, InsetsSource: {mType=ITYPE_LEFT_DISPLAY_CUTOUT, mFrame=[0,0][-100000,2400], mVisible=true, mInsetsRoundedCornerFrame=false}, InsetsSource: {mType=ITYPE_TOP_DISPLAY_CUTOUT, mFrame=[0,0][1080,88], mVisible=true, mInsetsRoundedCornerFrame=false}, InsetsSource: {mType=ITYPE_RIGHT_DISPLAY_CUTOUT, mFrame=[100000,0][1080,2400], mVisible=true, mInsetsRoundedCornerFrame=false}, InsetsSource: {mType=ITYPE_BOTTOM_DISPLAY_CUTOUT, mFrame=[0,100000][1080,2400], mVisible=true, mInsetsRoundedCornerFrame=false}, InsetsSource: {mType=ITYPE_BOTTOM_TAPPABLE_ELEMENT, mFrame=[0,0][0,0], mVisible=true, mInsetsRoundedCornerFrame=false} } host=Toast from=android.view.ViewRootImpl.setView:1732
10-08 14:35:57.702 11531 11531 I ViewRootImpl@429f460[Toast]: setView = androidx.cardview.widget.CardView@db93063 TM=true
10-08 14:35:57.710 11531 11531 I ViewRootImpl@429f460[Toast]: performTraversals params={(0,13)(wrapxwrap) gr=BOTTOM CENTER sim={adjust=resize} ty=TOAST fmt=TRANSLUCENT wanim=0x1030004 surfaceInsets=Rect(11, 11 - 11, 11)
10-08 14:35:57.710 11531 11531 I ViewRootImpl@429f460[Toast]:   fl=1000098
10-08 14:35:57.710 11531 11531 I ViewRootImpl@429f460[Toast]:   pfl=12000000
10-08 14:35:57.710 11531 11531 I ViewRootImpl@429f460[Toast]:   bhv=DEFAULT
10-08 14:35:57.710 11531 11531 I ViewRootImpl@429f460[Toast]:   fitTypes=STATUS_BARS NAVIGATION_BARS CAPTION_BAR
10-08 14:35:57.710 11531 11531 I ViewRootImpl@429f460[Toast]:   fitIgnoreVis naviIconColor=0}
10-08 14:35:57.711 11531 11531 I ViewRootImpl@429f460[Toast]: performTraversals mFirst=true windowShouldResize=false viewVisibilityChanged=false mForceNextWindowRelayout=false params={(0,13)(wrapxwrap) gr=BOTTOM CENTER sim={adjust=resize} ty=TOAST fmt=TRANSLUCENT wanim=0x1030004 surfaceInsets=Rect(11, 11 - 11, 11)
10-08 14:35:57.711 11531 11531 I ViewRootImpl@429f460[Toast]:   fl=1000098
10-08 14:35:57.711 11531 11531 I ViewRootImpl@429f460[Toast]:   pfl=12000000
10-08 14:35:57.711 11531 11531 I ViewRootImpl@429f460[Toast]:   bhv=DEFAULT
10-08 14:35:57.711 11531 11531 I ViewRootImpl@429f460[Toast]:   fitTypes=STATUS_BARS NAVIGATION_BARS CAPTION_BAR
10-08 14:35:57.711 11531 11531 I ViewRootImpl@429f460[Toast]:   fitIgnoreVis naviIconColor=0}
10-08 14:35:57.723 11531 11531 I ViewRootImpl@429f460[Toast]: updateBlastSurfaceIfNeeded mBlastBufferQueue=null isSameSurfaceControl=false
10-08 14:35:57.724 11531 11531 I BLASTBufferQueue: new BLASTBufferQueue, mName= ViewRootImpl@429f460[Toast] mNativeObject= 0x7b3fa88f00 sc.mNativeObject= 0x7b5eca2740 caller= android.view.ViewRootImpl.updateBlastSurfaceIfNeeded:2909 android.view.ViewRootImpl.relayoutWindow:9847 android.view.ViewRootImpl.performTraversals:3884 android.view.ViewRootImpl.doTraversal:3116 android.view.ViewRootImpl$TraversalRunnable.run:10885 android.view.Choreographer$CallbackRecord.run:1301 android.view.Choreographer$CallbackRecord.run:1309 android.view.Choreographer.doCallbacks:923 android.view.Choreographer.doFrame:852 android.view.Choreographer$FrameDisplayEventReceiver.run:1283 
10-08 14:35:57.724 11531 11531 I BLASTBufferQueue: update, w= 373 h= 178 mName = ViewRootImpl@429f460[Toast] mNativeObject= 0x7b3fa88f00 sc.mNativeObject= 0x7b5eca2740 format= -3 caller= android.graphics.BLASTBufferQueue.<init>:84 android.view.ViewRootImpl.updateBlastSurfaceIfNeeded:2909 android.view.ViewRootImpl.relayoutWindow:9847 android.view.ViewRootImpl.performTraversals:3884 android.view.ViewRootImpl.doTraversal:3116 android.view.ViewRootImpl$TraversalRunnable.run:10885 
10-08 14:35:57.725 11531 11531 I ViewRootImpl@429f460[Toast]: Relayout returned: old=(0,88,1080,2361) new=(364,2192,715,2348) req=(351,156)0 dur=12 res=0x3 s={true 0x7b147b7800} ch=true seqId=0
10-08 14:35:57.726 11531 11531 I ViewRootImpl@429f460[Toast]: mThreadedRenderer.initialize() mSurface={isValid=true 0x7b147b7800} hwInitialized=true
10-08 14:35:57.727 11531 11557 D OpenGLRenderer: eglCreateWindowSurface
10-08 14:35:57.729 11531 11531 I ViewRootImpl@429f460[Toast]: reportNextDraw android.view.ViewRootImpl.performTraversals:4438 android.view.ViewRootImpl.doTraversal:3116 android.view.ViewRootImpl$TraversalRunnable.run:10885 android.view.Choreographer$CallbackRecord.run:1301 android.view.Choreographer$CallbackRecord.run:1309 
10-08 14:35:57.729 11531 11531 I ViewRootImpl@429f460[Toast]: Setup new sync id=0
10-08 14:35:57.730 11531 11531 I ViewRootImpl@429f460[Toast]: Setting syncFrameCallback
10-08 14:35:57.730 11531 11531 I ViewRootImpl@429f460[Toast]: registerCallbacksForSync syncBuffer=false
10-08 14:35:57.731 11531 11635 I ViewRootImpl@429f460[Toast]: Received frameDrawingCallback syncResult=0 frameNum=1.
10-08 14:35:57.731 11531 11635 I ViewRootImpl@429f460[Toast]: Setting up sync and frameCommitCallback
10-08 14:35:57.735 11531 11557 I BLASTBufferQueue: [ViewRootImpl@429f460[Toast]#2](f:0,a:0) onFrameAvailable the first frame is available
10-08 14:35:57.736 11531 11557 I ViewRootImpl@429f460[Toast]: Received frameCommittedCallback lastAttemptedDrawFrameNum=1 didProduceBuffer=true
10-08 14:35:57.738 11531 11557 D OpenGLRenderer: CFMS:: SetUp Pid : 11531    Tid : 11557
10-08 14:35:57.741 11531 11531 I ViewRootImpl@429f460[Toast]: onSyncComplete
10-08 14:35:57.742 11531 11531 I ViewRootImpl@429f460[Toast]: setupSync seqId=0 mSyncId=0 fn=1 caller=android.view.ViewRootImpl$$ExternalSyntheticLambda11.accept:6 android.window.SurfaceSyncer.lambda$setupSync$1$android-window-SurfaceSyncer:128 android.window.SurfaceSyncer$$ExternalSyntheticLambda1.accept:8 android.window.SurfaceSyncer$SyncSet.checkIfSyncIsComplete:382 android.window.SurfaceSyncer$SyncSet.markSyncReady:359 android.window.SurfaceSyncer.markSyncReady:151 android.view.ViewRootImpl.performTraversals:4503 
10-08 14:35:57.742 11531 11531 I ViewRootImpl@429f460[Toast]: reportDrawFinished seqId=0 mSyncId=-1 fn=1 mSurfaceChangedTransaction=0x7bdd487a00
10-08 14:35:59.027 11531 11531 I ViewRootImpl@49f6cb7[MainActivity]: ViewPostIme pointer 0
10-08 14:35:59.061 11531 11531 I ViewRootImpl@49f6cb7[MainActivity]: ViewPostIme pointer 1
10-08 14:35:59.096 11531 11531 I IMM_LC  : hsifw() - flag : 0
10-08 14:35:59.097 11531 11531 I IMM_LC  : hsifw() - mService.hideSoftInput
10-08 14:35:59.663 11531 11557 D OpenGLRenderer: setSurface called with nullptr
10-08 14:35:59.663 11531 11557 D OpenGLRenderer: setSurface() destroyed EGLSurface
10-08 14:35:59.663 11531 11557 D OpenGLRenderer: destroyEglSurface
10-08 14:35:59.664 11531 11531 I ViewRootImpl@429f460[Toast]: dispatchDetachedFromWindow
10-08 14:35:59.673 11531 11531 D InputTransport: Input channel destroyed: 'a260430', fd=156
10-08 14:36:00.173 11531 11541 I st.cloudstream3: Background concurrent copying GC freed 7652KB AllocSpace bytes, 68(3180KB) LOS objects, 49% free, 18MB/36MB, paused 709us,112us total 187.767ms
10-08 14:36:00.198 11531 11557 D OpenGLRenderer: setSurface called with nullptr
10-08 14:36:00.203 11531 11542 D InputTransport: Input channel destroyed: 'ClientS', fd=141
10-08 14:36:00.231 11531 11557 D OpenGLRenderer: setSurface called with nullptr
10-08 14:36:00.248 11531 11544 W System  : A resource failed to call close. 
10-08 14:36:01.571 11531 11531 I ViewRootImpl@49f6cb7[MainActivity]: ViewPostIme pointer 0
10-08 14:36:01.752 11531 11531 I ViewRootImpl@49f6cb7[MainActivity]: ViewPostIme pointer 1
10-08 14:36:02.207 11531 11531 I ViewRootImpl@49f6cb7[MainActivity]: ViewPostIme pointer 0
10-08 14:36:02.480 11531 11531 I ViewRootImpl@49f6cb7[MainActivity]: ViewPostIme pointer 1
10-08 14:36:02.984 11531 11531 I ViewRootImpl@49f6cb7[MainActivity]: ViewPostIme pointer 0
10-08 14:36:03.401 11531 11531 I ViewRootImpl@49f6cb7[MainActivity]: ViewPostIme pointer 1
10-08 14:36:03.952 11531 11531 I ViewRootImpl@49f6cb7[MainActivity]: ViewPostIme pointer 0
10-08 14:36:04.043 11531 11531 I ViewRootImpl@49f6cb7[MainActivity]: ViewPostIme pointer 1
10-08 14:36:04.242 11531 11531 I ViewRootImpl@49f6cb7[MainActivity]: ViewPostIme pointer 0
10-08 14:36:04.308 11531 11531 I ViewRootImpl@49f6cb7[MainActivity]: ViewPostIme pointer 1
10-08 14:36:04.322 11531 11531 I NavComponent: Navigating to fragment: 2131362274
10-08 14:36:04.339 11531 11531 I IMM_LC  : hsifw() - flag : 0
10-08 14:36:04.340 11531 11531 I IMM_LC  : hsifw() - mService.hideSoftInput
10-08 14:36:04.384 11531 11531 D ScrollView: initGoToTop
10-08 14:36:04.745 11531 11531 I SurfaceView@c53b82b: onWindowVisibilityChanged(0) true android.view.SurfaceView{c53b82b V.E..V... ......I. 0,0-0,0} of ViewRootImpl@49f6cb7[MainActivity]
10-08 14:36:04.745 11531 11531 D SurfaceView@c53b82b: updateSurface: has no frame
10-08 14:36:04.756 11531 11531 I CS3ExoPlayer: SET STYLE = SaveCaptionStyle(foregroundColor=-1, backgroundColor=0, windowColor=0, edgeType=1, edgeColor=-16777216, typeface=null, typefaceFilePath=null, elevation=20, fixedTextSize=null, edgeSize=null, removeCaptions=false, removeBloat=true, upperCase=false, bold=false, italic=false, backgroundRadius=null)
10-08 14:36:04.776 11531 11531 D VideoClickActionHolder: allVideoClickActions: [null:com.lagradost.cloudstream3.actions.temp.PlayInBrowserAction, null:com.lagradost.cloudstream3.actions.temp.CopyClipboardAction, null:com.lagradost.cloudstream3.actions.temp.ViewM3U8Action, null:com.lagradost.cloudstream3.actions.temp.VlcPackage, null:com.lagradost.cloudstream3.actions.temp.MpvPackage, null:com.lagradost.cloudstream3.actions.temp.NextPlayerPackage, null:com.lagradost.cloudstream3.actions.temp.JustPlayerPackage, null:com.lagradost.cloudstream3.actions.temp.fcast.FcastAction, null:com.lagradost.cloudstream3.actions.temp.LibreTorrentPackage, null:com.lagradost.cloudstream3.actions.temp.BiglyBTPackage, null:com.lagradost.cloudstream3.actions.temp.VlcNightlyPackage, null:com.lagradost.cloudstream3.actions.temp.WebVideoCastPackage, null:com.lagradost.cloudstream3.actions.temp.MpvYTDLPackage, null:com.lagradost.cloudstream3.actions.temp.MpvKtPackage, null:com.lagradost.cloudstream3.actions.temp.MpvKtPreviewPackage, null:com.lagradost.cloudstream3.actions.AlwaysAskAction]
10-08 14:36:04.777 11531 11531 I IMM_LC  : hsifw() - flag : 0
10-08 14:36:04.777 11531 11531 I IMM_LC  : hsifw() - mService.hideSoftInput
10-08 14:36:04.779 11531 11595 I SYNCVM  : addFromUrl = https://tv6.egydead.live/%d9%85%d8%b4%d8%a7%d9%87%d8%af%d8%a9-%d9%81%d9%8a%d9%84%d9%85-pretty-crazy-2025-%d9%85%d8%aa%d8%b1%d8%ac%d9%85/
10-08 14:36:04.781 11531 11595 I SYNCUTIL: getIdsFromUrl https://tv6.egydead.live/%d9%85%d8%b4%d8%a7%d9%87%d8%af%d8%a9-%d9%81%d9%8a%d9%84%d9%85-pretty-crazy-2025-%d9%85%d8%aa%d8%b1%d8%ac%d9%85/
10-08 14:36:04.804 11531 11531 I SurfaceView@c53b82b: onWindowVisibilityChanged(8) false android.view.SurfaceView{c53b82b V.E..V... ......I. 0,0-0,0} of ViewRootImpl@49f6cb7[MainActivity]
10-08 14:36:04.804 11531 11531 D SurfaceView@c53b82b: updateSurface: has no frame
10-08 14:36:04.804 11531 11531 D SurfaceView@c53b82b: updateSurface: has no frame
10-08 14:36:04.804 11531 11531 I SurfaceView@c53b82b: onDetachedFromWindow: tryReleaseSurfaces()
10-08 14:36:04.804 11531 11531 I SurfaceView@c53b82b: releaseSurfaces: viewRoot = ViewRootImpl@49f6cb7[MainActivity]
10-08 14:36:04.805 11531 11531 I SurfaceView@c53b82b: applyTransactionOnVriDraw: vri = ViewRootImpl@49f6cb7[MainActivity] fRS = true t = 0x7afd7dca00 android.view.SurfaceView.releaseSurfaces:858 android.view.SurfaceView.onDetachedFromWindow:500 android.view.View.dispatchDetachedFromWindow:22538 
10-08 14:36:04.805 11531 11531 I SurfaceView@c53b82b: applyTransactionOnVriDraw: viewRoot.applyTransactionOnDrawFromReleaseSurfaces
10-08 14:36:04.805 11531 11531 I ViewRootImpl@49f6cb7[MainActivity]: applyTransactionOnDraw: mRemoved = false isHardwareEnabled = true t = 0x7afd7dca00android.view.ViewRootImpl.applyTransactionOnDrawFromReleaseSurfaces:12850 android.view.SurfaceView.applyTransactionOnVriDraw:2046 android.view.SurfaceView.releaseSurfaces:858 android.view.SurfaceView.onDetachedFromWindow:500 android.view.View.dispatchDetachedFromWindow:22538 
10-08 14:36:04.807 11531 11531 I SurfaceView@c53b82b: onWindowVisibilityChanged(0) true android.view.SurfaceView{c53b82b V.E..V... ......I. 0,0-0,0} of ViewRootImpl@49f6cb7[MainActivity]
10-08 14:36:04.807 11531 11531 D SurfaceView@c53b82b: updateSurface: has no frame
10-08 14:36:04.812 11531 11531 I DecorView: notifyKeepScreenOnChanged: keepScreenOn=false
10-08 14:36:04.832 11531 11531 I CS3ExoPlayer: reloadPlayer
10-08 14:36:04.832 11531 11531 I CS3ExoPlayer: releasePlayer
10-08 14:36:04.832 11531 11531 I CS3ExoPlayer: Handle event: PlayerAttachedEvent(player=null, source=Player)
10-08 14:36:04.840 11531 11531 I ViewRootImpl@49f6cb7[MainActivity]: performTraversals params={(0,0)(fillxfill) sim={state=always_hidden adjust=resize} ty=BASE_APPLICATION wanim=0x1030309
10-08 14:36:04.840 11531 11531 I ViewRootImpl@49f6cb7[MainActivity]:   fl=85810100
10-08 14:36:04.840 11531 11531 I ViewRootImpl@49f6cb7[MainActivity]:   pfl=12020040
10-08 14:36:04.840 11531 11531 I ViewRootImpl@49f6cb7[MainActivity]:   vsysui=500
10-08 14:36:04.840 11531 11531 I ViewRootImpl@49f6cb7[MainActivity]:   bhv=DEFAULT
10-08 14:36:04.840 11531 11531 I ViewRootImpl@49f6cb7[MainActivity]:   fitSides= naviIconColor=0}
10-08 14:36:04.840 11531 11531 I ViewRootImpl@49f6cb7[MainActivity]: performTraversals mFirst=false windowShouldResize=false viewVisibilityChanged=false mForceNextWindowRelayout=false params={(0,0)(fillxfill) sim={state=always_hidden adjust=resize} ty=BASE_APPLICATION fmt=TRANSLUCENT wanim=0x1030309
10-08 14:36:04.840 11531 11531 I ViewRootImpl@49f6cb7[MainActivity]:   fl=85810100
10-08 14:36:04.840 11531 11531 I ViewRootImpl@49f6cb7[MainActivity]:   pfl=12020040
10-08 14:36:04.840 11531 11531 I ViewRootImpl@49f6cb7[MainActivity]:   vsysui=500
10-08 14:36:04.840 11531 11531 I ViewRootImpl@49f6cb7[MainActivity]:   bhv=DEFAULT
10-08 14:36:04.840 11531 11531 I ViewRootImpl@49f6cb7[MainActivity]:   fitSides= naviIconColor=0}
10-08 14:36:04.849 11531 11531 I ViewRootImpl@49f6cb7[MainActivity]: updateBlastSurfaceIfNeeded mBlastBufferQueue=0x7b3fa88000 isSameSurfaceControl=true
10-08 14:36:04.850 11531 11531 I BLASTBufferQueue: update, w= 1080 h= 2400 mName = ViewRootImpl@49f6cb7[MainActivity] mNativeObject= 0x7b3fa88000 sc.mNativeObject= 0x7afd7e5a00 format= -3 caller= android.view.ViewRootImpl.updateBlastSurfaceIfNeeded:2898 android.view.ViewRootImpl.relayoutWindow:9847 android.view.ViewRootImpl.performTraversals:3884 android.view.ViewRootImpl.doTraversal:3116 android.view.ViewRootImpl$TraversalRunnable.run:10885 android.view.Choreographer$CallbackRecord.run:1301 
10-08 14:36:04.850 11531 11531 I ViewRootImpl@49f6cb7[MainActivity]: Relayout returned: old=(0,0,1080,2400) new=(0,0,1080,2400) req=(1080,2400)0 dur=9 res=0x0 s={true 0x7b5ed64800} ch=false seqId=0
10-08 14:36:04.852 11531 11531 W View    : requestLayout() improperly called by android.widget.FrameLayout{4e5ecaa I.E..V... ......I. 0,0-0,0 #7f0a04e7 app:id/start_panel} during layout: running second layout pass
10-08 14:36:04.852 11531 11531 W View    : requestLayout() improperly called by android.widget.FrameLayout{97dc09b I.E..V... ......ID 1080,0-1080,2143 #7f0a0168 app:id/end_panel} during layout: running second layout pass
10-08 14:36:04.854 11531 11531 D SurfaceView@c53b82b: updateSurface: has no frame
10-08 14:36:04.861 11531 11633 I ViewRootImpl@49f6cb7[MainActivity]: mWNT: t=0x7afd7dca00 mBlastBufferQueue=0x7b3fa88000 fn= 519 caller= android.view.ViewRootImpl.lambda$applyTransactionOnDraw$11$android-view-ViewRootImpl:12865 android.view.ViewRootImpl$$ExternalSyntheticLambda1.onFrameDraw:4 android.graphics.HardwareRenderer$FrameDrawingCallback.onFrameDraw:924 
10-08 14:36:04.863 11531 11531 D SurfaceView@c53b82b: updateSurface: has no frame
10-08 14:36:04.882 11531 11531 D SurfaceView@c53b82b: updateSurface: has no frame
10-08 14:36:04.900 11531 11531 D SurfaceView@c53b82b: updateSurface: has no frame
10-08 14:36:04.934 11531 11531 D SurfaceView@c53b82b: updateSurface: has no frame
10-08 14:36:04.949 11531 11531 D SurfaceView@c53b82b: updateSurface: has no frame
10-08 14:36:04.961 11531 11531 D SurfaceView@c53b82b: updateSurface: has no frame
10-08 14:36:04.980 11531 11531 D SurfaceView@c53b82b: updateSurface: has no frame
10-08 14:36:05.019 11531 11531 D SurfaceView@c53b82b: updateSurface: has no frame
10-08 14:36:05.036 11531 11531 D SurfaceView@c53b82b: updateSurface: has no frame
10-08 14:36:05.053 11531 11531 D SurfaceView@c53b82b: updateSurface: has no frame
10-08 14:36:05.069 11531 11531 D SurfaceView@c53b82b: updateSurface: has no frame
10-08 14:36:05.086 11531 11531 D SurfaceView@c53b82b: updateSurface: has no frame
10-08 14:36:05.095 11531 11590 I RVM2    : applyMeta
10-08 14:36:05.103 11531 11531 D SurfaceView@c53b82b: updateSurface: has no frame
10-08 14:36:05.119 11531 11531 D SurfaceView@c53b82b: updateSurface: has no frame
10-08 14:36:05.136 11531 11531 D SurfaceView@c53b82b: updateSurface: has no frame
10-08 14:36:05.152 11531 11531 D SurfaceView@c53b82b: updateSurface: has no frame
10-08 14:36:05.169 11531 11531 D SurfaceView@c53b82b: updateSurface: has no frame
10-08 14:36:05.186 11531 11531 D SurfaceView@c53b82b: updateSurface: has no frame
10-08 14:36:05.202 11531 11531 D SurfaceView@c53b82b: updateSurface: has no frame
10-08 14:36:05.219 11531 11531 D SurfaceView@c53b82b: updateSurface: has no frame
10-08 14:36:05.236 11531 11531 D SurfaceView@c53b82b: updateSurface: has no frame
10-08 14:36:05.252 11531 11531 D SurfaceView@c53b82b: updateSurface: has no frame
10-08 14:36:05.269 11531 11531 D SurfaceView@c53b82b: updateSurface: has no frame
10-08 14:36:05.286 11531 11531 D SurfaceView@c53b82b: updateSurface: has no frame
10-08 14:36:05.302 11531 11531 D SurfaceView@c53b82b: updateSurface: has no frame
10-08 14:36:05.319 11531 11531 D SurfaceView@c53b82b: updateSurface: has no frame
10-08 14:36:05.335 11531 11531 D SurfaceView@c53b82b: updateSurface: has no frame
10-08 14:36:05.352 11531 11531 D SurfaceView@c53b82b: updateSurface: has no frame
10-08 14:36:05.369 11531 11531 D SurfaceView@c53b82b: updateSurface: has no frame
10-08 14:36:05.386 11531 11531 D SurfaceView@c53b82b: updateSurface: has no frame
10-08 14:36:05.402 11531 11531 D SurfaceView@c53b82b: updateSurface: has no frame
10-08 14:36:05.419 11531 11531 D SurfaceView@c53b82b: updateSurface: has no frame
10-08 14:36:05.423 11531 11531 W PanelsChildGestureRegionObserver: failed to register view with ID 2131362800. already registered
10-08 14:36:05.428 11531 11531 E CoilImgLoader: Error loading image: coil3.request.NullRequestDataException: The request's data is null.
10-08 14:36:05.435 11531 11531 E CoilImgLoader: Error loading image: coil3.request.NullRequestDataException: The request's data is null.
10-08 14:36:05.492 11531 11589 I SYNCVM  : addFromUrl = https://tv6.egydead.live/%d9%85%d8%b4%d8%a7%d9%87%d8%af%d8%a9-%d9%81%d9%8a%d9%84%d9%85-pretty-crazy-2025-%d9%85%d8%aa%d8%b1%d8%ac%d9%85/
10-08 14:36:05.493 11531 11589 I SYNCUTIL: getIdsFromUrl https://tv6.egydead.live/%d9%85%d8%b4%d8%a7%d9%87%d8%af%d8%a9-%d9%81%d9%8a%d9%84%d9%85-pretty-crazy-2025-%d9%85%d8%aa%d8%b1%d8%ac%d9%85/
10-08 14:36:05.512 11531 11531 D SurfaceView@c53b82b: updateSurface: has no frame
10-08 14:36:05.514 11531 11531 I SurfaceView@c53b82b: Changes: creating=true format=true size=true visible=true alpha=false hint=false mUseAlpha=false visible=true left=true top=true
10-08 14:36:05.517 11531 11531 I BLASTBufferQueue: update, w= 1080 h= 525 mName = null mNativeObject= 0x7bed8b0700 sc.mNativeObject= 0x7b2d6e3640 format= 4 caller= android.view.SurfaceView.createBlastSurfaceControls:1383 android.view.SurfaceView.updateSurface:1079 android.view.SurfaceView.lambda$new$0$android-view-SurfaceView:200 android.view.SurfaceView$$ExternalSyntheticLambda5.onPreDraw:2 android.view.ViewTreeObserver.dispatchOnPreDraw:1121 android.view.ViewRootImpl.performTraversals:4442 
10-08 14:36:05.518 11531 11531 I SurfaceView@c53b82b: 206813227 Cur surface: Surface(name=null)/@0x97a8455
10-08 14:36:05.518 11531 11531 I SurfaceView@c53b82b: pST: sr = Rect(0, 218 - 1080, 743) sw = 1080 sh = 525
10-08 14:36:05.518 11531 11531 D SurfaceView@c53b82b: performSurfaceTransaction RenderWorker position = [0, 218, 1080, 743] surfaceSize = 1080x525
10-08 14:36:05.518 11531 11531 I SurfaceView@c53b82b: applyTransactionOnVriDraw: vri = ViewRootImpl@49f6cb7[MainActivity] fRS = false t = 0x7b3fc0d900 android.view.SurfaceView.performSurfaceTransaction:959 android.view.SurfaceView.updateSurface:1105 android.view.SurfaceView.lambda$new$0$android-view-SurfaceView:200 
10-08 14:36:05.518 11531 11531 I ViewRootImpl@49f6cb7[MainActivity]: applyTransactionOnDraw: mRemoved = false isHardwareEnabled = true t = 0x7b3fc0d900android.view.SurfaceView.applyTransactionOnVriDraw:2048 android.view.SurfaceView.performSurfaceTransaction:959 android.view.SurfaceView.updateSurface:1105 android.view.SurfaceView.lambda$new$0$android-view-SurfaceView:200 android.view.SurfaceView$$ExternalSyntheticLambda5.onPreDraw:2 
10-08 14:36:05.519 11531 11531 I SurfaceView@c53b82b: updateSurface: mVisible = true mSurface.isValid() = true
10-08 14:36:05.519 11531 11531 I SurfaceView@c53b82b: updateSurface: mSurfaceCreated = false surfaceChanged = true visibleChanged = true
10-08 14:36:05.519 11531 11531 I SurfaceView@c53b82b: visibleChanged -- surfaceCreated
10-08 14:36:05.519 11531 11531 I SurfaceView@c53b82b: surfaceCreated 0 #8 android.view.SurfaceView{c53b82b V.E..V... ......ID 0,0-1080,525}
10-08 14:36:05.519 11531 11531 I SurfaceView@c53b82b: surfaceChanged -- format=4 w=1080 h=525
10-08 14:36:05.519 11531 11531 I SurfaceView@c53b82b: surfaceChanged (1080,525) 0 #8 android.view.SurfaceView{c53b82b V.E..V... ......ID 0,0-1080,525}
10-08 14:36:05.519 11531 11531 I SurfaceView@c53b82b: surfaceRedrawNeeded
10-08 14:36:05.520 11531 11531 V SurfaceView@c53b82b: Layout: x=0 y=218 w=1080 h=525, frame=Rect(0, 0 - 1080, 525)
10-08 14:36:05.537 11531 11635 D SurfaceView@c53b82b: updateSurfacePosition RenderWorker, frameNr = 552, position = [0, 218, 1080, 743] surfaceSize = 1080x525
10-08 14:36:05.537 11531 11635 I SurfaceView@c53b82b: uSP: rtp = Rect(0, 218 - 1080, 743) rtsw = 1080 rtsh = 525
10-08 14:36:05.537 11531 11635 I SurfaceView@c53b82b: onSSPAndSRT: pl = 0 pt = 218 sx = 1.0 sy = 1.0
10-08 14:36:05.538 11531 11635 I SurfaceView@c53b82b: aOrMT: ViewRootImpl@49f6cb7[MainActivity] t = android.view.SurfaceControl$Transaction@54eb637 fN = 552 android.view.SurfaceView.-$$Nest$mapplyOrMergeTransaction:0 android.view.SurfaceView$SurfaceViewPositionUpdateListener.positionChanged:1537 android.graphics.RenderNode$CompositePositionUpdateListener.positionChanged:373 
10-08 14:36:05.538 11531 11635 I ViewRootImpl@49f6cb7[MainActivity]: mWNT: t=0x7b3fc0dc00 mBlastBufferQueue=0x7b3fa88000 fn= 552 caller= android.view.SurfaceView.applyOrMergeTransaction:1455 android.view.SurfaceView.-$$Nest$mapplyOrMergeTransaction:0 android.view.SurfaceView$SurfaceViewPositionUpdateListener.positionChanged:1537 
10-08 14:36:05.539 11531 11635 I ViewRootImpl@49f6cb7[MainActivity]: mWNT: t=0x7b3fc0d900 mBlastBufferQueue=0x7b3fa88000 fn= 552 caller= android.view.ViewRootImpl.lambda$applyTransactionOnDraw$11$android-view-ViewRootImpl:12865 android.view.ViewRootImpl$$ExternalSyntheticLambda1.onFrameDraw:4 android.graphics.HardwareRenderer$FrameDrawingCallback.onFrameDraw:924 
10-08 14:36:05.585 11531 11531 I SurfaceView@c53b82b: finishedDrawing
10-08 14:36:05.639 11531 11541 I st.cloudstream3: Background concurrent copying GC freed 11MB AllocSpace bytes, 72(4736KB) LOS objects, 49% free, 20MB/41MB, paused 281us,81us total 208.332ms
10-08 14:36:10.254 11531 11531 I ViewRootImpl@49f6cb7[MainActivity]: ViewPostIme pointer 0
10-08 14:36:10.786 11531 11531 I Dialog  : mIsDeviceDefault = false, mIsSamsungBasicInteraction = false, isMetaDataInActivity = false
10-08 14:36:10.833 11531 11531 I DecorView: [INFO] isPopOver=false config=false
10-08 14:36:10.833 11531 11531 I DecorView: updateCaptionType: isFloating=false isApplication=true hasWindowDecorCaption=false this=DecorView@654f39c[]
10-08 14:36:10.833 11531 11531 D DecorView: setCaptionType = 0, this = DecorView@654f39c[]
10-08 14:36:10.837 11531 11531 I DecorView: getCurrentDensityDpi: from app context. densityDpi=420 msg=resources_loaded
10-08 14:36:10.837 11531 11531 I DecorView: setWindowBackground: isPopOver=false color=0 d=android.graphics.drawable.ColorDrawable@7f7d97a
10-08 14:36:10.847 11531 11557 D NativeCustomFrequencyManager: [NativeCFMS] BpCustomFrequencyManager::BpCustomFrequencyManager()
10-08 14:36:10.848 11531 11531 I DecorView: notifyKeepScreenOnChanged: keepScreenOn=false
10-08 14:36:10.866 11531 11531 D InsetsController: onStateChanged: InsetsState: {mDisplayFrame=Rect(0, 0 - 1080, 2400), mDisplayCutout=DisplayCutout{insets=Rect(0, 88 - 0, 0) waterfall=Insets{left=0, top=0, right=0, bottom=0} boundingRect={Bounds=[Rect(0, 0 - 0, 0), Rect(512, 0 - 568, 88), Rect(0, 0 - 0, 0), Rect(0, 0 - 0, 0)]} cutoutPathParserInfo={CutoutPathParserInfo{displayWidth=1080 displayHeight=2400 physicalDisplayWidth=1080 physicalDisplayHeight=2400 density={2.625} cutoutSpec={M 0,0 M 0,12.25101276465640 a 10.60613009248640,10.60613009248640 0 1,0 0,21.21226018497290 a 10.60613009248640,10.60613009248640 0 1,0 0,-21.21226018497290 Z @dp} rotation={0} scale={1.0} physicalPixelDisplaySizeRatio={1.0}}}}, mRoundedCorners=RoundedCorners{[RoundedCorner{position=TopLeft, radius=84, center=Point(84, 84)}, RoundedCorner{position=TopRight, radius=84, center=Point(996, 84)}, RoundedCorner{position=BottomRight, radius=84, center=Point(996, 2316)}, RoundedCorner{position=BottomLeft, radius=84, center=Point(84, 2316)}]}  mRoundedCornerFrame=Rect(0, 0 - 1080, 2400), mPrivacyIndicatorBounds=PrivacyIndicatorBounds {static bounds=Rect(964, 0 - 1080, 87) rotation=0}, mSources= { InsetsSource: {mType=ITYPE_STATUS_BAR, mFrame=[0,0][1080,88], mVisible=true, mInsetsRoundedCornerFrame=false}, InsetsSource: {mType=ITYPE_NAVIGATION_BAR, mFrame=[0,2361][1080,2400], mVisible=true, mInsetsRoundedCornerFrame=false}, InsetsSource: {mType=ITYPE_LEFT_GESTURES, mFrame=[0,0][130,2400], mVisible=true, mInsetsRoundedCornerFrame=false}, InsetsSource: {mType=ITYPE_RIGHT_GESTURES, mFrame=[950,0][1080,2400], mVisible=true, mInsetsRoundedCornerFrame=false}, InsetsSource: {mType=ITYPE_TOP_MANDATORY_GESTURES, mFrame=[0,0][1080,120], mVisible=true, mInsetsRoundedCornerFrame=false}, InsetsSource: {mType=ITYPE_BOTTOM_MANDATORY_GESTURES, mFrame=[0,2316][1080,2400], mVisible=true, mInsetsRoundedCornerFrame=false}, InsetsSource: {mType=ITYPE_LEFT_DISPLAY_CUTOUT, mFrame=[0,0][-100000,2400], mVisible=true, mInsetsRoundedCornerFrame=false}, InsetsSource: {mType=ITYPE_TOP_DISPLAY_CUTOUT, mFrame=[0,0][1080,88], mVisible=true, mInsetsRoundedCornerFrame=false}, InsetsSource: {mType=ITYPE_RIGHT_DISPLAY_CUTOUT, mFrame=[100000,0][1080,2400], mVisible=true, mInsetsRoundedCornerFrame=false}, InsetsSource: {mType=ITYPE_BOTTOM_DISPLAY_CUTOUT, mFrame=[0,100000][1080,2400], mVisible=true, mInsetsRoundedCornerFrame=false}, InsetsSource: {mType=ITYPE_TOP_TAPPABLE_ELEMENT, mFrame=[0,0][1080,88], mVisible=true, mInsetsRoundedCornerFrame=false}, InsetsSource: {mType=ITYPE_BOTTOM_TAPPABLE_ELEMENT, mFrame=[0,0][0,0], mVisible=true, mInsetsRoundedCornerFrame=false}, InsetsSource: {mType=ITYPE_IME, mFrame=[0,0][0,0], mVisibleFrame=[0,1409][1080,2400], mVisible=false, mInsetsRoundedCornerFrame=false} } host=com.lagradost.cloudstream3/com.lagradost.cloudstream3.MainActivity from=android.view.ViewRootImpl.setView:1732
10-08 14:36:10.867 11531 11531 I ViewRootImpl@3d2dea3[MainActivity]: setView = com.android.internal.policy.DecorView@654f39c TM=true
10-08 14:36:10.885 11531 11531 I ViewRootImpl@3d2dea3[MainActivity]: performTraversals params={(0,0)(fillxfill) gr=CENTER sim={adjust=resize forwardNavigation} ty=APPLICATION fmt=TRANSPARENT wanim=0x7f14000b
10-08 14:36:10.885 11531 11531 I ViewRootImpl@3d2dea3[MainActivity]:   fl=85810100
10-08 14:36:10.885 11531 11531 I ViewRootImpl@3d2dea3[MainActivity]:   pfl=12020040
10-08 14:36:10.885 11531 11531 I ViewRootImpl@3d2dea3[MainActivity]:   vsysui=500
10-08 14:36:10.885 11531 11531 I ViewRootImpl@3d2dea3[MainActivity]:   bhv=DEFAULT
10-08 14:36:10.885 11531 11531 I ViewRootImpl@3d2dea3[MainActivity]:   fitSides= naviIconColor=0}
10-08 14:36:10.885 11531 11531 I ViewRootImpl@3d2dea3[MainActivity]: performTraversals mFirst=true windowShouldResize=true viewVisibilityChanged=false mForceNextWindowRelayout=false params={(0,0)(fillxfill) gr=CENTER sim={adjust=resize forwardNavigation} ty=APPLICATION fmt=TRANSPARENT wanim=0x7f14000b
10-08 14:36:10.885 11531 11531 I ViewRootImpl@3d2dea3[MainActivity]:   fl=85810100
10-08 14:36:10.885 11531 11531 I ViewRootImpl@3d2dea3[MainActivity]:   pfl=12020040
10-08 14:36:10.885 11531 11531 I ViewRootImpl@3d2dea3[MainActivity]:   vsysui=500
10-08 14:36:10.885 11531 11531 I ViewRootImpl@3d2dea3[MainActivity]:   bhv=DEFAULT
10-08 14:36:10.885 11531 11531 I ViewRootImpl@3d2dea3[MainActivity]:   fitSides= naviIconColor=0}
10-08 14:36:10.900 11531 11531 I ViewRootImpl@3d2dea3[MainActivity]: updateBlastSurfaceIfNeeded mBlastBufferQueue=null isSameSurfaceControl=false
10-08 14:36:10.901 11531 11531 I BLASTBufferQueue: new BLASTBufferQueue, mName= ViewRootImpl@3d2dea3[MainActivity] mNativeObject= 0x7bed8b0a00 sc.mNativeObject= 0x7bed81bd80 caller= android.view.ViewRootImpl.updateBlastSurfaceIfNeeded:2909 android.view.ViewRootImpl.relayoutWindow:9847 android.view.ViewRootImpl.performTraversals:3884 android.view.ViewRootImpl.doTraversal:3116 android.view.ViewRootImpl$TraversalRunnable.run:10885 android.view.Choreographer$CallbackRecord.run:1301 android.view.Choreographer$CallbackRecord.run:1309 android.view.Choreographer.doCallbacks:923 android.view.Choreographer.doFrame:852 android.view.Choreographer$FrameDisplayEventReceiver.run:1283 
10-08 14:36:10.901 11531 11531 I BLASTBufferQueue: update, w= 1080 h= 2400 mName = ViewRootImpl@3d2dea3[MainActivity] mNativeObject= 0x7bed8b0a00 sc.mNativeObject= 0x7bed81bd80 format= -2 caller= android.graphics.BLASTBufferQueue.<init>:84 android.view.ViewRootImpl.updateBlastSurfaceIfNeeded:2909 android.view.ViewRootImpl.relayoutWindow:9847 android.view.ViewRootImpl.performTraversals:3884 android.view.ViewRootImpl.doTraversal:3116 android.view.ViewRootImpl$TraversalRunnable.run:10885 
10-08 14:36:10.902 11531 11531 I ViewRootImpl@3d2dea3[MainActivity]: Relayout returned: old=(0,0,1080,2400) new=(0,0,1080,2400) req=(1080,2400)0 dur=14 res=0x3 s={true 0x7bed8cd800} ch=true seqId=0
10-08 14:36:10.903 11531 11531 I ViewRootImpl@3d2dea3[MainActivity]: mThreadedRenderer.initialize() mSurface={isValid=true 0x7bed8cd800} hwInitialized=true
10-08 14:36:10.904 11531 11557 D OpenGLRenderer: eglCreateWindowSurface
10-08 14:36:10.932 11531 11531 D AbsListView:  in onLayout changed 
10-08 14:36:10.933 11531 11531 I ViewRootImpl@3d2dea3[MainActivity]: reportNextDraw android.view.ViewRootImpl.performTraversals:4438 android.view.ViewRootImpl.doTraversal:3116 android.view.ViewRootImpl$TraversalRunnable.run:10885 android.view.Choreographer$CallbackRecord.run:1301 android.view.Choreographer$CallbackRecord.run:1309 
10-08 14:36:10.933 11531 11531 I ViewRootImpl@3d2dea3[MainActivity]: Setup new sync id=0
10-08 14:36:10.933 11531 11531 I ViewRootImpl@3d2dea3[MainActivity]: Setting syncFrameCallback
10-08 14:36:10.933 11531 11531 I ViewRootImpl@3d2dea3[MainActivity]: registerCallbacksForSync syncBuffer=false
10-08 14:36:10.937 11531 11633 I ViewRootImpl@3d2dea3[MainActivity]: Received frameDrawingCallback syncResult=0 frameNum=1.
10-08 14:36:10.937 11531 11633 I ViewRootImpl@3d2dea3[MainActivity]: Setting up sync and frameCommitCallback
10-08 14:36:10.944 11531 11557 I BLASTBufferQueue: [ViewRootImpl@3d2dea3[MainActivity]#4](f:0,a:0) onFrameAvailable the first frame is available
10-08 14:36:10.945 11531 11557 I ViewRootImpl@3d2dea3[MainActivity]: Received frameCommittedCallback lastAttemptedDrawFrameNum=1 didProduceBuffer=true
10-08 14:36:10.947 11531 11557 D OpenGLRenderer: CFMS:: SetUp Pid : 11531    Tid : 11557
10-08 14:36:10.953 11531 11531 I ViewRootImpl@3d2dea3[MainActivity]: onSyncComplete
10-08 14:36:10.953 11531 11531 I ViewRootImpl@3d2dea3[MainActivity]: setupSync seqId=0 mSyncId=0 fn=1 caller=android.view.ViewRootImpl$$ExternalSyntheticLambda11.accept:6 android.window.SurfaceSyncer.lambda$setupSync$1$android-window-SurfaceSyncer:128 android.window.SurfaceSyncer$$ExternalSyntheticLambda1.accept:8 android.window.SurfaceSyncer$SyncSet.checkIfSyncIsComplete:382 android.window.SurfaceSyncer$SyncSet.markSyncReady:359 android.window.SurfaceSyncer.markSyncReady:151 android.view.ViewRootImpl.performTraversals:4503 
10-08 14:36:10.954 11531 11531 I ViewRootImpl@3d2dea3[MainActivity]: reportDrawFinished seqId=0 mSyncId=-1 fn=1 mSurfaceChangedTransaction=0x7bed75b300
10-08 14:36:10.957 11531 11531 I ViewRootImpl@49f6cb7[MainActivity]: MSG_WINDOW_FOCUS_CHANGED 0 0
10-08 14:36:11.019 11531 11531 I ViewRootImpl@3d2dea3[MainActivity]: MSG_WINDOW_FOCUS_CHANGED 1 0
10-08 14:36:11.019 11531 11531 I ViewRootImpl@3d2dea3[MainActivity]: mThreadedRenderer.initializeIfNeeded()#2 mSurface={isValid=true 0x7bed8cd800}
10-08 14:36:11.021 11531 11531 D InputMethodManager: startInputInner - Id : 0
10-08 14:36:11.021 11531 11531 I InputMethodManager: startInputInner - mService.startInputOrWindowGainedFocus
10-08 14:36:11.123 11531 11531 I ViewRootImpl@49f6cb7[MainActivity]: ViewPostIme pointer 1
10-08 14:36:12.234 11531 11531 I ViewRootImpl@3d2dea3[MainActivity]: ViewPostIme pointer 0
10-08 14:36:12.299 11531 11531 I ViewRootImpl@3d2dea3[MainActivity]: ViewPostIme pointer 1
10-08 14:36:12.300 11531 11531 D AbsListView: onTouchUp() mTouchMode : 0
10-08 14:36:12.378 11531 11531 I MSHandlerLifeCycle: removeMultiSplitHandler: no exist. decor=DecorView@654f39c[MainActivity]
10-08 14:36:12.379 11531 11557 D OpenGLRenderer: setSurface called with nullptr
10-08 14:36:12.380 11531 11557 D OpenGLRenderer: setSurface() destroyed EGLSurface
10-08 14:36:12.380 11531 11557 D OpenGLRenderer: destroyEglSurface
10-08 14:36:12.382 11531 11557 D OpenGLRenderer: endAllActiveAnimators on 0x7bdd462b00 (MaterialTextView) with handle 0x7b4cbc4600
10-08 14:36:12.382 11531 11531 I ViewRootImpl@3d2dea3[MainActivity]: dispatchDetachedFromWindow
10-08 14:36:12.407 11531 11531 D InputTransport: Input channel destroyed: 'b3e5e08', fd=154
10-08 14:36:12.410 11531 11531 I Dialog  : mIsDeviceDefault = false, mIsSamsungBasicInteraction = false, isMetaDataInActivity = false
10-08 14:36:12.482 11531 11531 I DecorView: [INFO] isPopOver=false config=false
10-08 14:36:12.482 11531 11531 I DecorView: updateCaptionType: isFloating=false isApplication=true hasWindowDecorCaption=false this=DecorView@d9c6836[]
10-08 14:36:12.482 11531 11531 D DecorView: setCaptionType = 0, this = DecorView@d9c6836[]
10-08 14:36:12.484 11531 11531 I DecorView: getCurrentDensityDpi: from app context. densityDpi=420 msg=resources_loaded
10-08 14:36:12.484 11531 11531 I DecorView: setWindowBackground: isPopOver=false color=0 d=android.graphics.drawable.ColorDrawable@ddf50a4
10-08 14:36:12.491 11531 11557 D NativeCustomFrequencyManager: [NativeCFMS] BpCustomFrequencyManager::BpCustomFrequencyManager()
10-08 14:36:12.492 11531 11531 I DecorView: notifyKeepScreenOnChanged: keepScreenOn=false
10-08 14:36:12.502 11531 11531 D InsetsController: onStateChanged: InsetsState: {mDisplayFrame=Rect(0, 0 - 1080, 2400), mDisplayCutout=DisplayCutout{insets=Rect(0, 88 - 0, 0) waterfall=Insets{left=0, top=0, right=0, bottom=0} boundingRect={Bounds=[Rect(0, 0 - 0, 0), Rect(512, 0 - 568, 88), Rect(0, 0 - 0, 0), Rect(0, 0 - 0, 0)]} cutoutPathParserInfo={CutoutPathParserInfo{displayWidth=1080 displayHeight=2400 physicalDisplayWidth=1080 physicalDisplayHeight=2400 density={2.625} cutoutSpec={M 0,0 M 0,12.25101276465640 a 10.60613009248640,10.60613009248640 0 1,0 0,21.21226018497290 a 10.60613009248640,10.60613009248640 0 1,0 0,-21.21226018497290 Z @dp} rotation={0} scale={1.0} physicalPixelDisplaySizeRatio={1.0}}}}, mRoundedCorners=RoundedCorners{[RoundedCorner{position=TopLeft, radius=84, center=Point(84, 84)}, RoundedCorner{position=TopRight, radius=84, center=Point(996, 84)}, RoundedCorner{position=BottomRight, radius=84, center=Point(996, 2316)}, RoundedCorner{position=BottomLeft, radius=84, center=Point(84, 2316)}]}  mRoundedCornerFrame=Rect(0, 0 - 1080, 2400), mPrivacyIndicatorBounds=PrivacyIndicatorBounds {static bounds=Rect(964, 0 - 1080, 87) rotation=0}, mSources= { InsetsSource: {mType=ITYPE_STATUS_BAR, mFrame=[0,0][1080,88], mVisible=true, mInsetsRoundedCornerFrame=false}, InsetsSource: {mType=ITYPE_NAVIGATION_BAR, mFrame=[0,2361][1080,2400], mVisible=true, mInsetsRoundedCornerFrame=false}, InsetsSource: {mType=ITYPE_LEFT_GESTURES, mFrame=[0,0][130,2400], mVisible=true, mInsetsRoundedCornerFrame=false}, InsetsSource: {mType=ITYPE_RIGHT_GESTURES, mFrame=[950,0][1080,2400], mVisible=true, mInsetsRoundedCornerFrame=false}, InsetsSource: {mType=ITYPE_TOP_MANDATORY_GESTURES, mFrame=[0,0][1080,120], mVisible=true, mInsetsRoundedCornerFrame=false}, InsetsSource: {mType=ITYPE_BOTTOM_MANDATORY_GESTURES, mFrame=[0,2316][1080,2400], mVisible=true, mInsetsRoundedCornerFrame=false}, InsetsSource: {mType=ITYPE_LEFT_DISPLAY_CUTOUT, mFrame=[0,0][-100000,2400], mVisible=true, mInsetsRoundedCornerFrame=false}, InsetsSource: {mType=ITYPE_TOP_DISPLAY_CUTOUT, mFrame=[0,0][1080,88], mVisible=true, mInsetsRoundedCornerFrame=false}, InsetsSource: {mType=ITYPE_RIGHT_DISPLAY_CUTOUT, mFrame=[100000,0][1080,2400], mVisible=true, mInsetsRoundedCornerFrame=false}, InsetsSource: {mType=ITYPE_BOTTOM_DISPLAY_CUTOUT, mFrame=[0,100000][1080,2400], mVisible=true, mInsetsRoundedCornerFrame=false}, InsetsSource: {mType=ITYPE_TOP_TAPPABLE_ELEMENT, mFrame=[0,0][1080,88], mVisible=true, mInsetsRoundedCornerFrame=false}, InsetsSource: {mType=ITYPE_BOTTOM_TAPPABLE_ELEMENT, mFrame=[0,0][0,0], mVisible=true, mInsetsRoundedCornerFrame=false}, InsetsSource: {mType=ITYPE_IME, mFrame=[0,0][0,0], mVisibleFrame=[0,1409][1080,2400], mVisible=false, mInsetsRoundedCornerFrame=false} } host=com.lagradost.cloudstream3/com.lagradost.cloudstream3.MainActivity from=android.view.ViewRootImpl.setView:1732
10-08 14:36:12.503 11531 11531 I ViewRootImpl@59361c5[MainActivity]: setView = com.android.internal.policy.DecorView@d9c6836 TM=true
10-08 14:36:12.509 11531 11531 I ViewRootImpl@59361c5[MainActivity]: performTraversals params={(0,0)(fillxfill) gr=CENTER sim={adjust=resize forwardNavigation} ty=APPLICATION fmt=TRANSPARENT wanim=0x7f14000b
10-08 14:36:12.509 11531 11531 I ViewRootImpl@59361c5[MainActivity]:   fl=85810100
10-08 14:36:12.509 11531 11531 I ViewRootImpl@59361c5[MainActivity]:   pfl=12020040
10-08 14:36:12.509 11531 11531 I ViewRootImpl@59361c5[MainActivity]:   vsysui=500
10-08 14:36:12.509 11531 11531 I ViewRootImpl@59361c5[MainActivity]:   bhv=DEFAULT
10-08 14:36:12.509 11531 11531 I ViewRootImpl@59361c5[MainActivity]:   fitSides= naviIconColor=0}
10-08 14:36:12.510 11531 11531 I ViewRootImpl@59361c5[MainActivity]: performTraversals mFirst=true windowShouldResize=true viewVisibilityChanged=false mForceNextWindowRelayout=false params={(0,0)(fillxfill) gr=CENTER sim={adjust=resize forwardNavigation} ty=APPLICATION fmt=TRANSPARENT wanim=0x7f14000b
10-08 14:36:12.510 11531 11531 I ViewRootImpl@59361c5[MainActivity]:   fl=85810100
10-08 14:36:12.510 11531 11531 I ViewRootImpl@59361c5[MainActivity]:   pfl=12020040
10-08 14:36:12.510 11531 11531 I ViewRootImpl@59361c5[MainActivity]:   vsysui=500
10-08 14:36:12.510 11531 11531 I ViewRootImpl@59361c5[MainActivity]:   bhv=DEFAULT
10-08 14:36:12.510 11531 11531 I ViewRootImpl@59361c5[MainActivity]:   fitSides= naviIconColor=0}
10-08 14:36:12.519 11531 11531 I ViewRootImpl@59361c5[MainActivity]: updateBlastSurfaceIfNeeded mBlastBufferQueue=null isSameSurfaceControl=false
10-08 14:36:12.519 11531 11531 I BLASTBufferQueue: new BLASTBufferQueue, mName= ViewRootImpl@59361c5[MainActivity] mNativeObject= 0x7bdd570b00 sc.mNativeObject= 0x7b3fafb5e0 caller= android.view.ViewRootImpl.updateBlastSurfaceIfNeeded:2909 android.view.ViewRootImpl.relayoutWindow:9847 android.view.ViewRootImpl.performTraversals:3884 android.view.ViewRootImpl.doTraversal:3116 android.view.ViewRootImpl$TraversalRunnable.run:10885 android.view.Choreographer$CallbackRecord.run:1301 android.view.Choreographer$CallbackRecord.run:1309 android.view.Choreographer.doCallbacks:923 android.view.Choreographer.doFrame:852 android.view.Choreographer$FrameDisplayEventReceiver.run:1283 
10-08 14:36:12.520 11531 11531 I BLASTBufferQueue: update, w= 1080 h= 2400 mName = ViewRootImpl@59361c5[MainActivity] mNativeObject= 0x7bdd570b00 sc.mNativeObject= 0x7b3fafb5e0 format= -2 caller= android.graphics.BLASTBufferQueue.<init>:84 android.view.ViewRootImpl.updateBlastSurfaceIfNeeded:2909 android.view.ViewRootImpl.relayoutWindow:9847 android.view.ViewRootImpl.performTraversals:3884 android.view.ViewRootImpl.doTraversal:3116 android.view.ViewRootImpl$TraversalRunnable.run:10885 
10-08 14:36:12.520 11531 11531 I ViewRootImpl@59361c5[MainActivity]: Relayout returned: old=(0,0,1080,2400) new=(0,0,1080,2400) req=(1080,2400)0 dur=9 res=0x3 s={true 0x7bed8cd800} ch=true seqId=0
10-08 14:36:12.521 11531 11531 I ViewRootImpl@59361c5[MainActivity]: mThreadedRenderer.initialize() mSurface={isValid=true 0x7bed8cd800} hwInitialized=true
10-08 14:36:12.521 11531 11557 D OpenGLRenderer: eglCreateWindowSurface
10-08 14:36:12.525 11531 11531 I ViewRootImpl@59361c5[MainActivity]: reportNextDraw android.view.ViewRootImpl.performTraversals:4438 android.view.ViewRootImpl.doTraversal:3116 android.view.ViewRootImpl$TraversalRunnable.run:10885 android.view.Choreographer$CallbackRecord.run:1301 android.view.Choreographer$CallbackRecord.run:1309 
10-08 14:36:12.525 11531 11531 I ViewRootImpl@59361c5[MainActivity]: Setup new sync id=0
10-08 14:36:12.525 11531 11531 I ViewRootImpl@59361c5[MainActivity]: Setting syncFrameCallback
10-08 14:36:12.525 11531 11531 I ViewRootImpl@59361c5[MainActivity]: registerCallbacksForSync syncBuffer=false
10-08 14:36:12.527 11531 11635 I ViewRootImpl@59361c5[MainActivity]: Received frameDrawingCallback syncResult=0 frameNum=1.
