10-08 13:25:45.409 32484 32484 I BLASTBufferQueue: new BLASTBufferQueue, mName= ViewRootImpl@c9b2965[Toast] mNativeObject= 0x7b3c8c8100 sc.mNativeObject= 0x7bed6d6180 caller= android.view.ViewRootImpl.updateBlastSurfaceIfNeeded:2909 android.view.ViewRootImpl.relayoutWindow:9847 android.view.ViewRootImpl.performTraversals:3884 android.view.ViewRootImpl.doTraversal:3116 android.view.ViewRootImpl$TraversalRunnable.run:10885 android.view.Choreographer$CallbackRecord.run:1301 android.view.Choreographer$CallbackRecord.run:1309 android.view.Choreographer.doCallbacks:923 android.view.Choreographer.doFrame:852 android.view.Choreographer$FrameDisplayEventReceiver.run:1283 
10-08 13:25:45.410 32484 32484 I BLASTBufferQueue: update, w= 509 h= 178 mName = ViewRootImpl@c9b2965[Toast] mNativeObject= 0x7b3c8c8100 sc.mNativeObject= 0x7bed6d6180 format= -3 caller= android.graphics.BLASTBufferQueue.<init>:84 android.view.ViewRootImpl.updateBlastSurfaceIfNeeded:2909 android.view.ViewRootImpl.relayoutWindow:9847 android.view.ViewRootImpl.performTraversals:3884 android.view.ViewRootImpl.doTraversal:3116 android.view.ViewRootImpl$TraversalRunnable.run:10885 
10-08 13:25:45.412 32484 32484 I ViewRootImpl@c9b2965[Toast]: Relayout returned: old=(0,88,1080,2361) new=(296,2192,783,2348) req=(487,156)0 dur=12 res=0x3 s={true 0x7b42f3d800} ch=true seqId=0
10-08 13:25:45.413 32484 32484 I ViewRootImpl@c9b2965[Toast]: mThreadedRenderer.initialize() mSurface={isValid=true 0x7b42f3d800} hwInitialized=true
10-08 13:25:45.414 32484 32506 D OpenGLRenderer: eglCreateWindowSurface
10-08 13:25:45.415 32484 32484 I ViewRootImpl@c9b2965[Toast]: reportNextDraw android.view.ViewRootImpl.performTraversals:4438 android.view.ViewRootImpl.doTraversal:3116 android.view.ViewRootImpl$TraversalRunnable.run:10885 android.view.Choreographer$CallbackRecord.run:1301 android.view.Choreographer$CallbackRecord.run:1309 
10-08 13:25:45.415 32484 32484 I ViewRootImpl@c9b2965[Toast]: Setup new sync id=0
10-08 13:25:45.415 32484 32484 I ViewRootImpl@c9b2965[Toast]: Setting syncFrameCallback
10-08 13:25:45.415 32484 32484 I ViewRootImpl@c9b2965[Toast]: registerCallbacksForSync syncBuffer=false
10-08 13:25:45.417 32484 32574 I ViewRootImpl@c9b2965[Toast]: Received frameDrawingCallback syncResult=0 frameNum=1.
10-08 13:25:45.417 32484 32574 I ViewRootImpl@c9b2965[Toast]: Setting up sync and frameCommitCallback
10-08 13:25:45.420 32484 32506 I BLASTBufferQueue: [ViewRootImpl@c9b2965[Toast]#2](f:0,a:0) onFrameAvailable the first frame is available
10-08 13:25:45.422 32484 32506 I ViewRootImpl@c9b2965[Toast]: Received frameCommittedCallback lastAttemptedDrawFrameNum=1 didProduceBuffer=true
10-08 13:25:45.423 32484 32506 D OpenGLRenderer: CFMS:: SetUp Pid : 32484    Tid : 32506
10-08 13:25:45.427 32484 32484 I ViewRootImpl@c9b2965[Toast]: onSyncComplete
10-08 13:25:45.428 32484 32484 I ViewRootImpl@c9b2965[Toast]: setupSync seqId=0 mSyncId=0 fn=1 caller=android.view.ViewRootImpl$$ExternalSyntheticLambda11.accept:6 android.window.SurfaceSyncer.lambda$setupSync$1$android-window-SurfaceSyncer:128 android.window.SurfaceSyncer$$ExternalSyntheticLambda1.accept:8 android.window.SurfaceSyncer$SyncSet.checkIfSyncIsComplete:382 android.window.SurfaceSyncer$SyncSet.markSyncReady:359 android.window.SurfaceSyncer.markSyncReady:151 android.view.ViewRootImpl.performTraversals:4503 
10-08 13:25:45.428 32484 32484 I ViewRootImpl@c9b2965[Toast]: reportDrawFinished seqId=0 mSyncId=-1 fn=1 mSurfaceChangedTransaction=0x7b48768a00
10-08 13:25:45.443 32484 32600 D ProfileInstaller: Skipping profile installation for com.lagradost.cloudstream3
10-08 13:25:46.330 32484 32484 I ViewRootImpl@27a4bf[MainActivity]: ViewPostIme pointer 0
10-08 13:25:46.421 32484 32484 I ViewRootImpl@27a4bf[MainActivity]: ViewPostIme pointer 1
10-08 13:25:46.432 32484 32484 I IMM_LC  : hsifw() - flag : 0
10-08 13:25:46.432 32484 32484 I IMM_LC  : hsifw() - mService.hideSoftInput
10-08 13:25:46.572 32484 32484 D CompatibilityChangeReporter: Compat change id reported: 171228096; UID 10523; state: ENABLED
10-08 13:25:46.621 32484 32484 I ViewRootImpl@27a4bf[MainActivity]: performTraversals mFirst=false windowShouldResize=false viewVisibilityChanged=false mForceNextWindowRelayout=false params={(0,0)(fillxfill) sim={state=always_hidden adjust=pan} ty=BASE_APPLICATION wanim=0x1030309
10-08 13:25:46.621 32484 32484 I ViewRootImpl@27a4bf[MainActivity]:   fl=85810100
10-08 13:25:46.621 32484 32484 I ViewRootImpl@27a4bf[MainActivity]:   pfl=12020040
10-08 13:25:46.621 32484 32484 I ViewRootImpl@27a4bf[MainActivity]:   vsysui=500
10-08 13:25:46.621 32484 32484 I ViewRootImpl@27a4bf[MainActivity]:   bhv=DEFAULT
10-08 13:25:46.621 32484 32484 I ViewRootImpl@27a4bf[MainActivity]:   fitSides= naviIconColor=0}
10-08 13:25:46.627 32484 32484 I ViewRootImpl@27a4bf[MainActivity]: updateBlastSurfaceIfNeeded mBlastBufferQueue=0x7b42cdf900 isSameSurfaceControl=true
10-08 13:25:46.628 32484 32484 I BLASTBufferQueue: update, w= 1080 h= 2400 mName = ViewRootImpl@27a4bf[MainActivity] mNativeObject= 0x7b42cdf900 sc.mNativeObject= 0x7b3cb29060 format= -1 caller= android.view.ViewRootImpl.updateBlastSurfaceIfNeeded:2898 android.view.ViewRootImpl.relayoutWindow:9847 android.view.ViewRootImpl.performTraversals:3884 android.view.ViewRootImpl.doTraversal:3116 android.view.ViewRootImpl$TraversalRunnable.run:10885 android.view.Choreographer$CallbackRecord.run:1301 
10-08 13:25:46.628 32484 32484 I ViewRootImpl@27a4bf[MainActivity]: Relayout returned: old=(0,0,1080,2400) new=(0,0,1080,2400) req=(1080,2400)0 dur=6 res=0x0 s={true 0x7b78fc0800} ch=false seqId=0
10-08 13:25:47.372 32484 32506 D OpenGLRenderer: setSurface called with nullptr
10-08 13:25:47.372 32484 32506 D OpenGLRenderer: setSurface() destroyed EGLSurface
10-08 13:25:47.372 32484 32506 D OpenGLRenderer: destroyEglSurface
10-08 13:25:47.374 32484 32484 I ViewRootImpl@c9b2965[Toast]: dispatchDetachedFromWindow
10-08 13:25:47.385 32484 32484 D InputTransport: Input channel destroyed: 'b06a6a0', fd=123
10-08 13:25:47.886 32484 32484 I ViewRootImpl@27a4bf[MainActivity]: performTraversals mFirst=false windowShouldResize=false viewVisibilityChanged=false mForceNextWindowRelayout=false params={(0,0)(fillxfill) sim={state=always_hidden adjust=resize} ty=BASE_APPLICATION wanim=0x1030309
10-08 13:25:47.886 32484 32484 I ViewRootImpl@27a4bf[MainActivity]:   fl=85810100
10-08 13:25:47.886 32484 32484 I ViewRootImpl@27a4bf[MainActivity]:   pfl=12020040
10-08 13:25:47.886 32484 32484 I ViewRootImpl@27a4bf[MainActivity]:   vsysui=500
10-08 13:25:47.886 32484 32484 I ViewRootImpl@27a4bf[MainActivity]:   bhv=DEFAULT
10-08 13:25:47.886 32484 32484 I ViewRootImpl@27a4bf[MainActivity]:   fitSides= naviIconColor=0}
10-08 13:25:47.893 32484 32484 I ViewRootImpl@27a4bf[MainActivity]: updateBlastSurfaceIfNeeded mBlastBufferQueue=0x7b42cdf900 isSameSurfaceControl=true
10-08 13:25:47.893 32484 32484 I BLASTBufferQueue: update, w= 1080 h= 2400 mName = ViewRootImpl@27a4bf[MainActivity] mNativeObject= 0x7b42cdf900 sc.mNativeObject= 0x7b42cb3700 format= -1 caller= android.view.ViewRootImpl.updateBlastSurfaceIfNeeded:2898 android.view.ViewRootImpl.relayoutWindow:9847 android.view.ViewRootImpl.performTraversals:3884 android.view.ViewRootImpl.doTraversal:3116 android.view.ViewRootImpl$TraversalRunnable.run:10885 android.view.Choreographer$CallbackRecord.run:1301 
10-08 13:25:47.893 32484 32484 I ViewRootImpl@27a4bf[MainActivity]: Relayout returned: old=(0,0,1080,2400) new=(0,0,1080,2400) req=(1080,2400)0 dur=7 res=0x0 s={true 0x7b78fc0800} ch=false seqId=0
10-08 13:25:47.924 32484 32484 D CoilImgLoader: setupCoilLogger: Activated EVENT_LISTENER FOR COIL
10-08 13:25:47.924 32484 32484 D CoilImgLoader: buildImageLoader: Setting COIL Image Loader.
10-08 13:25:50.246 32484 32484 I ViewRootImpl@27a4bf[MainActivity]: ViewPostIme pointer 0
10-08 13:25:50.450 32484 32484 I ViewRootImpl@27a4bf[MainActivity]: ViewPostIme pointer 1
10-08 13:25:50.473 32484 32490 W st.cloudstream3: Cleared Reference was only reachable from finalizer (only reported once)
10-08 13:25:50.542 32484 32490 I st.cloudstream3: Background concurrent copying GC freed 24MB AllocSpace bytes, 150(9672KB) LOS objects, 50% free, 15MB/31MB, paused 1.011ms,71us total 216.192ms
10-08 13:25:50.548 32484 32506 D OpenGLRenderer: setSurface called with nullptr
10-08 13:25:50.562 32484 32506 D OpenGLRenderer: setSurface called with nullptr
10-08 13:25:50.567 32484 32492 W System  : A resource failed to call close. 
10-08 13:25:50.567 32484 32492 W System  : A resource failed to call close. 
10-08 13:25:51.975 32484 32484 I ViewRootImpl@27a4bf[MainActivity]: ViewPostIme pointer 0
10-08 13:25:52.284 32484 32484 I ViewRootImpl@27a4bf[MainActivity]: ViewPostIme pointer 1
10-08 13:25:52.766 32484 32484 I ViewRootImpl@27a4bf[MainActivity]: ViewPostIme pointer 0
10-08 13:25:53.064 32484 32484 I ViewRootImpl@27a4bf[MainActivity]: ViewPostIme pointer 1
10-08 13:25:53.907 32484 32484 I ViewRootImpl@27a4bf[MainActivity]: ViewPostIme pointer 0
10-08 13:25:53.998 32484 32484 I ViewRootImpl@27a4bf[MainActivity]: ViewPostIme pointer 1
10-08 13:25:54.006 32484 32484 I NavComponent: Navigating to fragment: 2131362274
10-08 13:25:54.046 32484 32484 I IMM_LC  : hsifw() - flag : 0
10-08 13:25:54.046 32484 32484 I IMM_LC  : hsifw() - mService.hideSoftInput
10-08 13:25:54.105 32484 32484 D ScrollView: initGoToTop
10-08 13:25:54.394 32484 32484 I SurfaceView@7441908: onWindowVisibilityChanged(0) true android.view.SurfaceView{7441908 V.E...... ......I. 0,0-0,0} of ViewRootImpl@27a4bf[MainActivity]
10-08 13:25:54.394 32484 32484 D SurfaceView@7441908: updateSurface: has no frame
10-08 13:25:54.403 32484 32484 I CS3ExoPlayer: SET STYLE = SaveCaptionStyle(foregroundColor=-1, backgroundColor=0, windowColor=0, edgeType=1, edgeColor=-16777216, typeface=null, typefaceFilePath=null, elevation=20, fixedTextSize=null, edgeSize=null, removeCaptions=false, removeBloat=true, upperCase=false, bold=false, italic=false, backgroundRadius=null)
10-08 13:25:54.424 32484 32484 D VideoClickActionHolder: allVideoClickActions: [null:com.lagradost.cloudstream3.actions.temp.PlayInBrowserAction, null:com.lagradost.cloudstream3.actions.temp.CopyClipboardAction, null:com.lagradost.cloudstream3.actions.temp.ViewM3U8Action, null:com.lagradost.cloudstream3.actions.temp.VlcPackage, null:com.lagradost.cloudstream3.actions.temp.MpvPackage, null:com.lagradost.cloudstream3.actions.temp.NextPlayerPackage, null:com.lagradost.cloudstream3.actions.temp.JustPlayerPackage, null:com.lagradost.cloudstream3.actions.temp.fcast.FcastAction, null:com.lagradost.cloudstream3.actions.temp.LibreTorrentPackage, null:com.lagradost.cloudstream3.actions.temp.BiglyBTPackage, null:com.lagradost.cloudstream3.actions.temp.VlcNightlyPackage, null:com.lagradost.cloudstream3.actions.temp.WebVideoCastPackage, null:com.lagradost.cloudstream3.actions.temp.MpvYTDLPackage, null:com.lagradost.cloudstream3.actions.temp.MpvKtPackage, null:com.lagradost.cloudstream3.actions.temp.MpvKtPreviewPackage, null:com.lagradost.cloudstream3.actions.AlwaysAskAction]
10-08 13:25:54.425 32484 32484 I IMM_LC  : hsifw() - flag : 0
10-08 13:25:54.425 32484 32484 I IMM_LC  : hsifw() - mService.hideSoftInput
10-08 13:25:54.427 32484 32533 I SYNCVM  : addFromUrl = https://tv6.egydead.live/%d9%85%d8%b4%d8%a7%d9%87%d8%af%d8%a9-%d9%81%d9%8a%d9%84%d9%85-pretty-crazy-2025-%d9%85%d8%aa%d8%b1%d8%ac%d9%85/
10-08 13:25:54.428 32484 32533 I SYNCUTIL: getIdsFromUrl https://tv6.egydead.live/%d9%85%d8%b4%d8%a7%d9%87%d8%af%d8%a9-%d9%81%d9%8a%d9%84%d9%85-pretty-crazy-2025-%d9%85%d8%aa%d8%b1%d8%ac%d9%85/
10-08 13:25:54.443 32484 32484 I SurfaceView@7441908: onWindowVisibilityChanged(8) false android.view.SurfaceView{7441908 V.E...... ......I. 0,0-0,0} of ViewRootImpl@27a4bf[MainActivity]
10-08 13:25:54.443 32484 32484 D SurfaceView@7441908: updateSurface: has no frame
10-08 13:25:54.443 32484 32484 D SurfaceView@7441908: updateSurface: has no frame
10-08 13:25:54.443 32484 32484 I SurfaceView@7441908: onDetachedFromWindow: tryReleaseSurfaces()
10-08 13:25:54.443 32484 32484 I SurfaceView@7441908: releaseSurfaces: viewRoot = ViewRootImpl@27a4bf[MainActivity]
10-08 13:25:54.443 32484 32484 I SurfaceView@7441908: applyTransactionOnVriDraw: vri = ViewRootImpl@27a4bf[MainActivity] fRS = true t = 0x7b3ca9e900 android.view.SurfaceView.releaseSurfaces:858 android.view.SurfaceView.onDetachedFromWindow:500 android.view.View.dispatchDetachedFromWindow:22538 
10-08 13:25:54.443 32484 32484 I SurfaceView@7441908: applyTransactionOnVriDraw: viewRoot.applyTransactionOnDrawFromReleaseSurfaces
10-08 13:25:54.443 32484 32484 I ViewRootImpl@27a4bf[MainActivity]: applyTransactionOnDraw: mRemoved = false isHardwareEnabled = true t = 0x7b3ca9e900android.view.ViewRootImpl.applyTransactionOnDrawFromReleaseSurfaces:12850 android.view.SurfaceView.applyTransactionOnVriDraw:2046 android.view.SurfaceView.releaseSurfaces:858 android.view.SurfaceView.onDetachedFromWindow:500 android.view.View.dispatchDetachedFromWindow:22538 
10-08 13:25:54.445 32484 32484 I SurfaceView@7441908: onWindowVisibilityChanged(0) true android.view.SurfaceView{7441908 V.E...... ......I. 0,0-0,0} of ViewRootImpl@27a4bf[MainActivity]
10-08 13:25:54.445 32484 32484 D SurfaceView@7441908: updateSurface: has no frame
10-08 13:25:54.452 32484 32484 I DecorView: notifyKeepScreenOnChanged: keepScreenOn=false
10-08 13:25:54.468 32484 32484 I CS3ExoPlayer: reloadPlayer
10-08 13:25:54.468 32484 32484 I CS3ExoPlayer: releasePlayer
10-08 13:25:54.469 32484 32484 I CS3ExoPlayer: Handle event: PlayerAttachedEvent(player=null, source=Player)
10-08 13:25:54.475 32484 32484 I ViewRootImpl@27a4bf[MainActivity]: performTraversals params={(0,0)(fillxfill) sim={state=always_hidden adjust=resize} ty=BASE_APPLICATION wanim=0x1030309
10-08 13:25:54.475 32484 32484 I ViewRootImpl@27a4bf[MainActivity]:   fl=85810100
10-08 13:25:54.475 32484 32484 I ViewRootImpl@27a4bf[MainActivity]:   pfl=12020040
10-08 13:25:54.475 32484 32484 I ViewRootImpl@27a4bf[MainActivity]:   vsysui=500
10-08 13:25:54.475 32484 32484 I ViewRootImpl@27a4bf[MainActivity]:   bhv=DEFAULT
10-08 13:25:54.475 32484 32484 I ViewRootImpl@27a4bf[MainActivity]:   fitSides= naviIconColor=0}
10-08 13:25:54.475 32484 32484 I ViewRootImpl@27a4bf[MainActivity]: performTraversals mFirst=false windowShouldResize=false viewVisibilityChanged=false mForceNextWindowRelayout=false params={(0,0)(fillxfill) sim={state=always_hidden adjust=resize} ty=BASE_APPLICATION fmt=TRANSLUCENT wanim=0x1030309
10-08 13:25:54.475 32484 32484 I ViewRootImpl@27a4bf[MainActivity]:   fl=85810100
10-08 13:25:54.475 32484 32484 I ViewRootImpl@27a4bf[MainActivity]:   pfl=12020040
10-08 13:25:54.475 32484 32484 I ViewRootImpl@27a4bf[MainActivity]:   vsysui=500
10-08 13:25:54.475 32484 32484 I ViewRootImpl@27a4bf[MainActivity]:   bhv=DEFAULT
10-08 13:25:54.475 32484 32484 I ViewRootImpl@27a4bf[MainActivity]:   fitSides= naviIconColor=0}
10-08 13:25:54.483 32484 32484 I ViewRootImpl@27a4bf[MainActivity]: updateBlastSurfaceIfNeeded mBlastBufferQueue=0x7b42cdf900 isSameSurfaceControl=true
10-08 13:25:54.483 32484 32484 I BLASTBufferQueue: update, w= 1080 h= 2400 mName = ViewRootImpl@27a4bf[MainActivity] mNativeObject= 0x7b42cdf900 sc.mNativeObject= 0x7b03c2cba0 format= -3 caller= android.view.ViewRootImpl.updateBlastSurfaceIfNeeded:2898 android.view.ViewRootImpl.relayoutWindow:9847 android.view.ViewRootImpl.performTraversals:3884 android.view.ViewRootImpl.doTraversal:3116 android.view.ViewRootImpl$TraversalRunnable.run:10885 android.view.Choreographer$CallbackRecord.run:1301 
10-08 13:25:54.483 32484 32484 I ViewRootImpl@27a4bf[MainActivity]: Relayout returned: old=(0,0,1080,2400) new=(0,0,1080,2400) req=(1080,2400)0 dur=8 res=0x0 s={true 0x7b78fc0800} ch=false seqId=0
10-08 13:25:54.485 32484 32484 W View    : requestLayout() improperly called by android.widget.FrameLayout{9d0f0b8 I.E...... ......I. 0,0-0,0 #7f0a04e7 app:id/start_panel} during layout: running second layout pass
10-08 13:25:54.485 32484 32484 W View    : requestLayout() improperly called by android.widget.FrameLayout{d9ebe91 I.E...... ......ID 1080,0-1080,2143 #7f0a0168 app:id/end_panel} during layout: running second layout pass
10-08 13:25:54.486 32484 32484 D SurfaceView@7441908: updateSurface: has no frame
10-08 13:25:54.492 32484 32575 I ViewRootImpl@27a4bf[MainActivity]: mWNT: t=0x7b3ca9e900 mBlastBufferQueue=0x7b42cdf900 fn= 328 caller= android.view.ViewRootImpl.lambda$applyTransactionOnDraw$11$android-view-ViewRootImpl:12865 android.view.ViewRootImpl$$ExternalSyntheticLambda1.onFrameDraw:4 android.graphics.HardwareRenderer$FrameDrawingCallback.onFrameDraw:924 
10-08 13:25:54.494 32484 32484 D SurfaceView@7441908: updateSurface: has no frame
10-08 13:25:54.512 32484 32484 D SurfaceView@7441908: updateSurface: has no frame
10-08 13:25:54.530 32484 32484 D SurfaceView@7441908: updateSurface: has no frame
10-08 13:25:54.555 32484 32484 D SurfaceView@7441908: updateSurface: has no frame
10-08 13:25:54.573 32484 32484 D SurfaceView@7441908: updateSurface: has no frame
10-08 13:25:54.584 32484 32484 D SurfaceView@7441908: updateSurface: has no frame
10-08 13:25:54.601 32484 32484 D SurfaceView@7441908: updateSurface: has no frame
10-08 13:25:54.618 32484 32484 D SurfaceView@7441908: updateSurface: has no frame
10-08 13:25:54.635 32484 32484 D SurfaceView@7441908: updateSurface: has no frame
10-08 13:25:54.656 32484 32484 D SurfaceView@7441908: updateSurface: has no frame
10-08 13:25:54.668 32484 32484 D SurfaceView@7441908: updateSurface: has no frame
10-08 13:25:54.684 32484 32484 D SurfaceView@7441908: updateSurface: has no frame
10-08 13:25:54.701 32484 32484 D SurfaceView@7441908: updateSurface: has no frame
10-08 13:25:54.718 32484 32484 D SurfaceView@7441908: updateSurface: has no frame
10-08 13:25:54.733 32484 32534 I RVM2    : applyMeta
10-08 13:25:54.734 32484 32484 D SurfaceView@7441908: updateSurface: has no frame
10-08 13:25:54.751 32484 32484 D SurfaceView@7441908: updateSurface: has no frame
10-08 13:25:54.768 32484 32484 D SurfaceView@7441908: updateSurface: has no frame
10-08 13:25:54.785 32484 32484 D SurfaceView@7441908: updateSurface: has no frame
10-08 13:25:54.801 32484 32484 D SurfaceView@7441908: updateSurface: has no frame
10-08 13:25:54.818 32484 32484 D SurfaceView@7441908: updateSurface: has no frame
10-08 13:25:54.834 32484 32484 D SurfaceView@7441908: updateSurface: has no frame
10-08 13:25:54.851 32484 32484 D SurfaceView@7441908: updateSurface: has no frame
10-08 13:25:54.868 32484 32484 D SurfaceView@7441908: updateSurface: has no frame
10-08 13:25:54.885 32484 32484 D SurfaceView@7441908: updateSurface: has no frame
10-08 13:25:54.901 32484 32484 D SurfaceView@7441908: updateSurface: has no frame
10-08 13:25:54.917 32484 32484 D SurfaceView@7441908: updateSurface: has no frame
10-08 13:25:54.935 32484 32484 D SurfaceView@7441908: updateSurface: has no frame
10-08 13:25:54.951 32484 32484 D SurfaceView@7441908: updateSurface: has no frame
10-08 13:25:54.969 32484 32484 D SurfaceView@7441908: updateSurface: has no frame
10-08 13:25:54.984 32484 32484 D SurfaceView@7441908: updateSurface: has no frame
10-08 13:25:55.001 32484 32484 D SurfaceView@7441908: updateSurface: has no frame
10-08 13:25:55.018 32484 32484 D SurfaceView@7441908: updateSurface: has no frame
10-08 13:25:55.034 32484 32484 D SurfaceView@7441908: updateSurface: has no frame
10-08 13:25:55.042 32484 32484 W PanelsChildGestureRegionObserver: failed to register view with ID 2131362800. already registered
10-08 13:25:55.045 32484 32484 E CoilImgLoader: Error loading image: coil3.request.NullRequestDataException: The request's data is null.
10-08 13:25:55.051 32484 32484 E CoilImgLoader: Error loading image: coil3.request.NullRequestDataException: The request's data is null.
10-08 13:25:55.093 32484 32533 I SYNCVM  : addFromUrl = https://tv6.egydead.live/%d9%85%d8%b4%d8%a7%d9%87%d8%af%d8%a9-%d9%81%d9%8a%d9%84%d9%85-pretty-crazy-2025-%d9%85%d8%aa%d8%b1%d8%ac%d9%85/
10-08 13:25:55.093 32484 32533 I SYNCUTIL: getIdsFromUrl https://tv6.egydead.live/%d9%85%d8%b4%d8%a7%d9%87%d8%af%d8%a9-%d9%81%d9%8a%d9%84%d9%85-pretty-crazy-2025-%d9%85%d8%aa%d8%b1%d8%ac%d9%85/
10-08 13:25:55.109 32484 32484 I ViewRootImpl@27a4bf[MainActivity]: performTraversals mFirst=false windowShouldResize=false viewVisibilityChanged=false mForceNextWindowRelayout=false params={(0,0)(fillxfill) sim={state=always_hidden adjust=pan} ty=BASE_APPLICATION fmt=TRANSLUCENT wanim=0x1030309
10-08 13:25:55.109 32484 32484 I ViewRootImpl@27a4bf[MainActivity]:   fl=85810100
10-08 13:25:55.109 32484 32484 I ViewRootImpl@27a4bf[MainActivity]:   pfl=12020040
10-08 13:25:55.109 32484 32484 I ViewRootImpl@27a4bf[MainActivity]:   vsysui=500
10-08 13:25:55.109 32484 32484 I ViewRootImpl@27a4bf[MainActivity]:   bhv=DEFAULT
10-08 13:25:55.109 32484 32484 I ViewRootImpl@27a4bf[MainActivity]:   fitSides= naviIconColor=0}
10-08 13:25:55.117 32484 32484 I ViewRootImpl@27a4bf[MainActivity]: updateBlastSurfaceIfNeeded mBlastBufferQueue=0x7b42cdf900 isSameSurfaceControl=true
10-08 13:25:55.117 32484 32484 I BLASTBufferQueue: update, w= 1080 h= 2400 mName = ViewRootImpl@27a4bf[MainActivity] mNativeObject= 0x7b42cdf900 sc.mNativeObject= 0x7b095f8c20 format= -3 caller= android.view.ViewRootImpl.updateBlastSurfaceIfNeeded:2898 android.view.ViewRootImpl.relayoutWindow:9847 android.view.ViewRootImpl.performTraversals:3884 android.view.ViewRootImpl.doTraversal:3116 android.view.ViewRootImpl$TraversalRunnable.run:10885 android.view.Choreographer$CallbackRecord.run:1301 
10-08 13:25:55.117 32484 32484 I ViewRootImpl@27a4bf[MainActivity]: Relayout returned: old=(0,0,1080,2400) new=(0,0,1080,2400) req=(1080,2400)0 dur=8 res=0x0 s={true 0x7b78fc0800} ch=false seqId=0
10-08 13:25:55.118 32484 32484 D SurfaceView@7441908: updateSurface: has no frame
10-08 13:25:55.119 32484 32484 I SurfaceView@7441908: Changes: creating=true format=true size=true visible=true alpha=false hint=false mUseAlpha=false visible=true left=true top=true
10-08 13:25:55.122 32484 32484 I BLASTBufferQueue: update, w= 1080 h= 525 mName = null mNativeObject= 0x7b79039100 sc.mNativeObject= 0x7b095f8fe0 format= 4 caller= android.view.SurfaceView.createBlastSurfaceControls:1383 android.view.SurfaceView.updateSurface:1079 android.view.SurfaceView.lambda$new$0$android-view-SurfaceView:200 android.view.SurfaceView$$ExternalSyntheticLambda5.onPreDraw:2 android.view.ViewTreeObserver.dispatchOnPreDraw:1121 android.view.ViewRootImpl.performTraversals:4442 
10-08 13:25:55.122 32484 32484 I SurfaceView@7441908: 121903368 Cur surface: Surface(name=null)/@0x3a9dbcb
10-08 13:25:55.122 32484 32484 I SurfaceView@7441908: pST: sr = Rect(0, 218 - 1080, 743) sw = 1080 sh = 525
10-08 13:25:55.122 32484 32484 D SurfaceView@7441908: performSurfaceTransaction RenderWorker position = [0, 218, 1080, 743] surfaceSize = 1080x525
10-08 13:25:55.123 32484 32484 I SurfaceView@7441908: applyTransactionOnVriDraw: vri = ViewRootImpl@27a4bf[MainActivity] fRS = false t = 0x7b03d11b00 android.view.SurfaceView.performSurfaceTransaction:959 android.view.SurfaceView.updateSurface:1105 android.view.SurfaceView.lambda$new$0$android-view-SurfaceView:200 
10-08 13:25:55.123 32484 32484 I ViewRootImpl@27a4bf[MainActivity]: applyTransactionOnDraw: mRemoved = false isHardwareEnabled = true t = 0x7b03d11b00android.view.SurfaceView.applyTransactionOnVriDraw:2048 android.view.SurfaceView.performSurfaceTransaction:959 android.view.SurfaceView.updateSurface:1105 android.view.SurfaceView.lambda$new$0$android-view-SurfaceView:200 android.view.SurfaceView$$ExternalSyntheticLambda5.onPreDraw:2 
10-08 13:25:55.123 32484 32484 I SurfaceView@7441908: updateSurface: mVisible = true mSurface.isValid() = true
10-08 13:25:55.123 32484 32484 I SurfaceView@7441908: updateSurface: mSurfaceCreated = false surfaceChanged = true visibleChanged = true
10-08 13:25:55.123 32484 32484 I SurfaceView@7441908: visibleChanged -- surfaceCreated
10-08 13:25:55.123 32484 32484 I SurfaceView@7441908: surfaceCreated 0 #8 android.view.SurfaceView{7441908 V.E...... ......ID 0,0-1080,525}
10-08 13:25:55.123 32484 32484 I SurfaceView@7441908: surfaceChanged -- format=4 w=1080 h=525
10-08 13:25:55.123 32484 32484 I SurfaceView@7441908: surfaceChanged (1080,525) 0 #8 android.view.SurfaceView{7441908 V.E...... ......ID 0,0-1080,525}
10-08 13:25:55.123 32484 32484 I SurfaceView@7441908: surfaceRedrawNeeded
10-08 13:25:55.124 32484 32484 V SurfaceView@7441908: Layout: x=0 y=218 w=1080 h=525, frame=Rect(0, 0 - 1080, 525)
10-08 13:25:55.141 32484 32574 D SurfaceView@7441908: updateSurfacePosition RenderWorker, frameNr = 361, position = [0, 218, 1080, 743] surfaceSize = 1080x525
10-08 13:25:55.141 32484 32574 I SurfaceView@7441908: uSP: rtp = Rect(0, 218 - 1080, 743) rtsw = 1080 rtsh = 525
10-08 13:25:55.141 32484 32574 I SurfaceView@7441908: onSSPAndSRT: pl = 0 pt = 218 sx = 1.0 sy = 1.0
10-08 13:25:55.142 32484 32574 I SurfaceView@7441908: aOrMT: ViewRootImpl@27a4bf[MainActivity] t = android.view.SurfaceControl$Transaction@d487ef2 fN = 361 android.view.SurfaceView.-$$Nest$mapplyOrMergeTransaction:0 android.view.SurfaceView$SurfaceViewPositionUpdateListener.positionChanged:1537 android.graphics.RenderNode$CompositePositionUpdateListener.positionChanged:373 
10-08 13:25:55.142 32484 32574 I ViewRootImpl@27a4bf[MainActivity]: mWNT: t=0x7b03d11e00 mBlastBufferQueue=0x7b42cdf900 fn= 361 caller= android.view.SurfaceView.applyOrMergeTransaction:1455 android.view.SurfaceView.-$$Nest$mapplyOrMergeTransaction:0 android.view.SurfaceView$SurfaceViewPositionUpdateListener.positionChanged:1537 
10-08 13:25:55.142 32484 32574 I ViewRootImpl@27a4bf[MainActivity]: mWNT: t=0x7b03d11b00 mBlastBufferQueue=0x7b42cdf900 fn= 361 caller= android.view.ViewRootImpl.lambda$applyTransactionOnDraw$11$android-view-ViewRootImpl:12865 android.view.ViewRootImpl$$ExternalSyntheticLambda1.onFrameDraw:4 android.graphics.HardwareRenderer$FrameDrawingCallback.onFrameDraw:924 
10-08 13:25:55.191 32484 32484 I SurfaceView@7441908: finishedDrawing
10-08 13:25:58.643 32484 32484 I ViewRootImpl@27a4bf[MainActivity]: ViewPostIme pointer 0
10-08 13:25:58.727 32484 32484 I ViewRootImpl@27a4bf[MainActivity]: ViewPostIme pointer 1
10-08 13:25:58.744 32484 32484 I RepoLink: goto 0
10-08 13:25:58.746 32484 32484 I CS3ExoPlayer: newInstance = {}
10-08 13:25:58.747 32484 32484 I NavComponent: Navigating to fragment: 2131362272
10-08 13:25:58.756 32484 32484 I IMM_LC  : hsifw() - flag : 0
10-08 13:25:58.756 32484 32484 I IMM_LC  : hsifw() - mService.hideSoftInput
10-08 13:25:58.766 32484 32484 I CS3ExoPlayer: onStop
10-08 13:25:58.766 32484 32484 I CS3ExoPlayer: saveData
10-08 13:25:58.766 32484 32484 I CS3ExoPlayer: handleEvent Pause
10-08 13:25:58.772 32484 32484 I CS3ExoPlayer: unwrapBundle = null
10-08 13:25:58.773 32484 32484 I CS3ExoPlayer: unwrapBundle = Bundle[{resumePosition=0, syncData={}}]
10-08 13:25:58.875 32484 32484 I SurfaceView@619e111: onWindowVisibilityChanged(0) true android.view.SurfaceView{619e111 V.E...... ......I. 0,0-0,0} of ViewRootImpl@27a4bf[MainActivity]
10-08 13:25:58.875 32484 32484 D SurfaceView@619e111: updateSurface: has no frame
10-08 13:25:58.878 32484 32484 I CS3ExoPlayer: SET STYLE = SaveCaptionStyle(foregroundColor=-1, backgroundColor=0, windowColor=0, edgeType=1, edgeColor=-16777216, typeface=null, typefaceFilePath=null, elevation=20, fixedTextSize=null, edgeSize=null, removeCaptions=false, removeBloat=true, upperCase=false, bold=false, italic=false, backgroundRadius=null)
10-08 13:25:58.885 32484 32484 I CS3ExoPlayer: unwrapBundle = null
10-08 13:25:58.886 32484 32484 I CS3ExoPlayer: unwrapBundle = Bundle[{resumePosition=0, syncData={}}]
10-08 13:25:58.886 32484 32484 I PlayViewGen: loadLinks
10-08 13:25:58.887 32484 32532 I SYNCVM  : updateUserData
10-08 13:25:58.890 32484 32484 I CS3ExoPlayer: setActiveSubtitles 0
10-08 13:25:58.890 32484 32484 I CS3ExoPlayer: autoSelectFromSettings = null
10-08 13:25:58.897 32484 32484 I DecorView: notifyKeepScreenOnChanged: keepScreenOn=false
10-08 13:25:58.978 32484 32642 I ViewRootImpl@27a4bf[MainActivity]: Resizing android.view.ViewRootImpl@23bcddb: frame = [88,0][2400,1080] reportDraw = true forceLayout = true syncSeqId = 0
10-08 13:25:58.979 32484 32484 I CS3ExoPlayer: reloadPlayer
10-08 13:25:58.979 32484 32484 I CS3ExoPlayer: releasePlayer
10-08 13:25:58.979 32484 32484 I CS3ExoPlayer: Handle event: PlayerAttachedEvent(player=null, source=Player)
10-08 13:25:58.984 32484 32484 I DecorView: notifyKeepScreenOnChanged: keepScreenOn=false
10-08 13:25:58.987 32484 32484 I ViewRootImpl@27a4bf[MainActivity]: performTraversals params={(0,0)(fillxfill) sim={state=always_hidden adjust=pan} layoutInDisplayCutoutMode=shortEdges ty=BASE_APPLICATION wanim=0x1030309
10-08 13:25:58.987 32484 32484 I ViewRootImpl@27a4bf[MainActivity]:   fl=85810100
10-08 13:25:58.987 32484 32484 I ViewRootImpl@27a4bf[MainActivity]:   pfl=12020040
10-08 13:25:58.987 32484 32484 I ViewRootImpl@27a4bf[MainActivity]:   vsysui=1706
10-08 13:25:58.987 32484 32484 I ViewRootImpl@27a4bf[MainActivity]:   bhv=DEFAULT
10-08 13:25:58.987 32484 32484 I ViewRootImpl@27a4bf[MainActivity]:   fitSides= naviIconColor=0}
10-08 13:25:58.987 32484 32484 D InsetsSourceConsumer: setRequestedVisible: visible=false, type=23, host=com.lagradost.cloudstream3/com.lagradost.cloudstream3.MainActivity, from=android.view.InsetsSourceConsumer.hide:257 android.view.InsetsController.collectSourceControls:1310 android.view.InsetsController.controlAnimationUnchecked:1164 android.view.InsetsController.applyAnimation:1576 android.view.InsetsController.applyAnimation:1557 android.view.InsetsController.hide:1093 android.view.InsetsController.hide:1068 android.view.ViewRootImpl.controlInsetsForCompatibility:3339 android.view.ViewRootImpl.performTraversals:3833 android.view.ViewRootImpl.doTraversal:3116 
10-08 13:25:58.988 32484 32484 D InsetsSourceConsumer: setRequestedVisible: visible=false, type=22, host=com.lagradost.cloudstream3/com.lagradost.cloudstream3.MainActivity, from=android.view.InsetsSourceConsumer.hide:257 android.view.InsetsController.collectSourceControls:1310 android.view.InsetsController.controlAnimationUnchecked:1164 android.view.InsetsController.applyAnimation:1576 android.view.InsetsController.applyAnimation:1557 android.view.InsetsController.hide:1093 android.view.InsetsController.hide:1068 android.view.ViewRootImpl.controlInsetsForCompatibility:3339 android.view.ViewRootImpl.performTraversals:3833 android.view.ViewRootImpl.doTraversal:3116 
10-08 13:25:58.988 32484 32484 D InsetsSourceConsumer: setRequestedVisible: visible=false, type=21, host=com.lagradost.cloudstream3/com.lagradost.cloudstream3.MainActivity, from=android.view.InsetsSourceConsumer.hide:257 android.view.InsetsController.collectSourceControls:1310 android.view.InsetsController.controlAnimationUnchecked:1164 android.view.InsetsController.applyAnimation:1576 android.view.InsetsController.applyAnimation:1557 android.view.InsetsController.hide:1093 android.view.InsetsController.hide:1068 android.view.ViewRootImpl.controlInsetsForCompatibility:3339 android.view.ViewRootImpl.performTraversals:3833 android.view.ViewRootImpl.doTraversal:3116 
10-08 13:25:58.988 32484 32484 D InsetsSourceConsumer: setRequestedVisible: visible=false, type=20, host=com.lagradost.cloudstream3/com.lagradost.cloudstream3.MainActivity, from=android.view.InsetsSourceConsumer.hide:257 android.view.InsetsController.collectSourceControls:1310 android.view.InsetsController.controlAnimationUnchecked:1164 android.view.InsetsController.applyAnimation:1576 android.view.InsetsController.applyAnimation:1557 android.view.InsetsController.hide:1093 android.view.InsetsController.hide:1068 android.view.ViewRootImpl.controlInsetsForCompatibility:3339 android.view.ViewRootImpl.performTraversals:3833 android.view.ViewRootImpl.doTraversal:3116 
10-08 13:25:58.989 32484 32484 D InsetsController: controlAnimationUnchecked: Added types=3 animType=1 host=com.lagradost.cloudstream3/com.lagradost.cloudstream3.MainActivity from=android.view.InsetsController.applyAnimation:1576 android.view.InsetsController.applyAnimation:1557 android.view.InsetsController.hide:1093 
10-08 13:25:58.989 32484 32484 D InsetsSourceConsumer: setRequestedVisible: visible=false, type=1, host=com.lagradost.cloudstream3/com.lagradost.cloudstream3.MainActivity, from=android.view.InsetsSourceConsumer.hide:257 android.view.InsetsSourceConsumer.hide:261 android.view.InsetsController.hideDirectly:1593 android.view.InsetsController.controlAnimationUnchecked:1234 android.view.InsetsController.applyAnimation:1576 android.view.InsetsController.applyAnimation:1557 android.view.InsetsController.hide:1093 android.view.InsetsController.hide:1068 android.view.ViewRootImpl.controlInsetsForCompatibility:3339 android.view.ViewRootImpl.performTraversals:3833 
10-08 13:25:58.989 32484 32484 D InsetsSourceConsumer: setRequestedVisible: visible=false, type=0, host=com.lagradost.cloudstream3/com.lagradost.cloudstream3.MainActivity, from=android.view.InsetsSourceConsumer.hide:257 android.view.InsetsSourceConsumer.hide:261 android.view.InsetsController.hideDirectly:1593 android.view.InsetsController.controlAnimationUnchecked:1234 android.view.InsetsController.applyAnimation:1576 android.view.InsetsController.applyAnimation:1557 android.view.InsetsController.hide:1093 android.view.InsetsController.hide:1068 android.view.ViewRootImpl.controlInsetsForCompatibility:3339 android.view.ViewRootImpl.performTraversals:3833 
10-08 13:25:58.990 32484 32484 I ViewRootImpl@27a4bf[MainActivity]: performTraversals mFirst=false windowShouldResize=false viewVisibilityChanged=false mForceNextWindowRelayout=false params={(0,0)(fillxfill) sim={state=always_hidden adjust=pan} layoutInDisplayCutoutMode=shortEdges ty=BASE_APPLICATION fmt=TRANSLUCENT wanim=0x1030309
10-08 13:25:58.990 32484 32484 I ViewRootImpl@27a4bf[MainActivity]:   fl=85810100
10-08 13:25:58.990 32484 32484 I ViewRootImpl@27a4bf[MainActivity]:   pfl=12020040
10-08 13:25:58.990 32484 32484 I ViewRootImpl@27a4bf[MainActivity]:   vsysui=1706
10-08 13:25:58.990 32484 32484 I ViewRootImpl@27a4bf[MainActivity]:   bhv=SHOW_TRANSIENT_BARS_BY_SWIPE
10-08 13:25:58.990 32484 32484 I ViewRootImpl@27a4bf[MainActivity]:   fitSides= naviIconColor=0}
10-08 13:25:59.003 32484 32496 I ViewRootImpl@27a4bf[MainActivity]: Resizing android.view.ViewRootImpl@23bcddb: frame = [0,0][2400,1080] reportDraw = true forceLayout = false syncSeqId = 0
10-08 13:25:59.007 32484 32484 D InsetsController: onStateChanged: InsetsState: {mDisplayFrame=Rect(0, 0 - 2400, 1080), mDisplayCutout=DisplayCutout{insets=Rect(88, 0 - 0, 0) waterfall=Insets{left=0, top=0, right=0, bottom=0} boundingRect={Bounds=[Rect(0, 512 - 88, 568), Rect(0, 0 - 0, 0), Rect(0, 0 - 0, 0), Rect(0, 0 - 0, 0)]} cutoutPathParserInfo={CutoutPathParserInfo{displayWidth=1080 displayHeight=2400 physicalDisplayWidth=1080 physicalDisplayHeight=2400 density={2.625} cutoutSpec={M 0,0 M 0,12.25101276465640 a 10.60613009248640,10.60613009248640 0 1,0 0,21.21226018497290 a 10.60613009248640,10.60613009248640 0 1,0 0,-21.21226018497290 Z @dp} rotation={1} scale={1.0} physicalPixelDisplaySizeRatio={1.0}}}}, mRoundedCorners=RoundedCorners{[RoundedCorner{position=TopLeft, radius=84, center=Point(84, 84)}, RoundedCorner{position=TopRight, radius=84, center=Point(2316, 84)}, RoundedCorner{position=BottomRight, radius=84, center=Point(2316, 996)}, RoundedCorner{position=BottomLeft, radius=84, center=Point(84, 996)}]}  mRoundedCornerFrame=Rect(0, 0 - 2400, 1080), mPrivacyIndicatorBounds=PrivacyIndicatorBounds {static bounds=Rect(2284, 0 - 2400, 63) rotation=1}, mSources= { InsetsSource: {mType=ITYPE_STATUS_BAR, mFrame=[0,0][2400,63], mVisible=false, mInsetsRoundedCornerFrame=false}, InsetsSource: {mType=ITYPE_NAVIGATION_BAR, mFrame=[0,1041][2400,1080], mVisible=false, mInsetsRoundedCornerFrame=false}, InsetsSource: {mType=ITYPE_LEFT_GESTURES, mFrame=[0,0][218,1080], mVisible=true, mInsetsRoundedCornerFrame=false}, InsetsSource: {mType=ITYPE_RIGHT_GESTURES, mFrame=[2270,0][2400,1080], mVisible=true, mInsetsRoundedCornerFrame=false}, InsetsSource: {mType=ITYPE_TOP_MANDATORY_GESTURES, mFrame=[0,0][2400,63], mVisible=true, mInsetsRoundedCornerFrame=false}, InsetsSource: {mType=ITYPE_BOTTOM_MANDATORY_GESTURES, mFrame=[0,996][2400,1080], mVisible=true, mInsetsRoundedCornerFrame=false}, InsetsSource: {mType=ITYPE_LEFT_DISPLAY_CUTOUT, mFrame=[0,0][88,1080], mVisible=true, mInsetsRoundedCornerFrame=false}, InsetsSource: {mType=ITYPE_TOP_DISPLAY_CUTOUT, mFrame=[0,0][2400,-100000], mVisible=true, mInsetsRoundedCornerFrame=false}, InsetsSource: {mType=ITYPE_RIGHT_DISPLAY_CUTOUT, mFrame=[100000,0][2400,1080], mVisible=true, mInsetsRoundedCornerFrame=false}, InsetsSource: {mType=ITYPE_BOTTOM_DISPLAY_CUTOUT, mFrame=[0,100000][2400,1080], mVisible=true, mInsetsRoundedCornerFrame=false}, InsetsSource: {mType=ITYPE_TOP_TAPPABLE_ELEMENT, mFrame=[0,0][2400,63], mVisible=true, mInsetsRoundedCornerFrame=false}, InsetsSource: {mType=ITYPE_BOTTOM_TAPPABLE_ELEMENT, mFrame=[0,0][0,0], mVisible=true, mInsetsRoundedCornerFrame=false}, InsetsSource: {mType=ITYPE_IME, mFrame=[0,0][0,0], mVisibleFrame=[0,1409][1080,2400], mVisible=false, mInsetsRoundedCornerFrame=false} } host=com.lagradost.cloudstream3/com.lagradost.cloudstream3.MainActivity from=android.view.ViewRootImpl.relayoutWindow:9802
10-08 13:25:59.008 32484 32484 I DecorView: onImmersiveModeChanged: isStatusBarHidden=true
10-08 13:25:59.010 32484 32484 I ViewRootImpl@27a4bf[MainActivity]: updateBlastSurfaceIfNeeded mBlastBufferQueue=0x7b42cdf900 isSameSurfaceControl=true
10-08 13:25:59.011 32484 32484 I BLASTBufferQueue: update, w= 2400 h= 1080 mName = ViewRootImpl@27a4bf[MainActivity] mNativeObject= 0x7b42cdf900 sc.mNativeObject= 0x7b04041480 format= -3 caller= android.view.ViewRootImpl.updateBlastSurfaceIfNeeded:2898 android.view.ViewRootImpl.relayoutWindow:9847 android.view.ViewRootImpl.performTraversals:3884 android.view.ViewRootImpl.doTraversal:3116 android.view.ViewRootImpl$TraversalRunnable.run:10885 android.view.Choreographer$CallbackRecord.run:1301 
10-08 13:25:59.011 32484 32484 I ViewRootImpl@27a4bf[MainActivity]: Relayout returned: old=(0,0,1080,2400) new=(0,0,2400,1080) req=(1080,2400)0 dur=20 res=0x1 s={true 0x7b78fc0800} ch=false seqId=0
10-08 13:25:59.026 32484 32484 I IMM_LC  : hsifw() - flag : 0
10-08 13:25:59.026 32484 32484 I IMM_LC  : hsifw() - mService.hideSoftInput
10-08 13:25:59.027 32484 32484 I DecorView: getCurrentDensityDpi: from real metrics. densityDpi=420 msg=remove_caption
10-08 13:25:59.027 32484 32484 I DecorView: [INFO] isPopOver=false config=true
10-08 13:25:59.027 32484 32484 I DecorView: updateCaptionType: isFloating=false isApplication=true hasWindowDecorCaption=false this=DecorView@84f84fe[MainActivity]
10-08 13:25:59.027 32484 32484 D DecorView: setCaptionType = 0, this = DecorView@84f84fe[MainActivity]
10-08 13:25:59.037 32484 32484 I MSHandlerLifeCycle: removeMultiSplitHandler: no exist. decor=DecorView@84f84fe[MainActivity]
10-08 13:25:59.039 32484 32484 I ViewRootImpl@27a4bf[MainActivity]: mThreadedRenderer.updateSurface() mSurface={isValid=true 0x7b78fc0800}
10-08 13:25:59.039 32484 32506 D OpenGLRenderer: setSurface() destroyed EGLSurface
10-08 13:25:59.039 32484 32506 D OpenGLRenderer: destroyEglSurface
10-08 13:25:59.041 32484 32506 D OpenGLRenderer: eglCreateWindowSurface
10-08 13:25:59.041 32484 32484 I ViewRootImpl@27a4bf[MainActivity]: updateBoundsLayer: t = android.view.SurfaceControl$Transaction@2ea08c3 sc = Surface(name=Bounds for - com.lagradost.cloudstream3/com.lagradost.cloudstream3.MainActivity@0)/@0x6235540 frame = 393
10-08 13:25:59.041 32484 32484 I ViewRootImpl@27a4bf[MainActivity]: mWNT: t=0x7b6024e900 mBlastBufferQueue=0x7b42cdf900 fn= 393 caller= android.view.ViewRootImpl.prepareSurfaces:2985 android.view.ViewRootImpl.performTraversals:4233 android.view.ViewRootImpl.doTraversal:3116 
10-08 13:25:59.042 32484 32484 D SurfaceView@619e111: updateSurface: has no frame
10-08 13:25:59.042 32484 32484 I ViewRootImpl@27a4bf[MainActivity]: reportNextDraw android.view.ViewRootImpl.performTraversals:4438 android.view.ViewRootImpl.doTraversal:3116 android.view.ViewRootImpl$TraversalRunnable.run:10885 android.view.Choreographer$CallbackRecord.run:1301 android.view.Choreographer$CallbackRecord.run:1309 
10-08 13:25:59.042 32484 32484 I SurfaceView@619e111: Changes: creating=true format=true size=true visible=true alpha=false hint=false mUseAlpha=false visible=true left=true top=true
10-08 13:25:59.044 32484 32484 I BLASTBufferQueue: update, w= 2400 h= 1080 mName = null mNativeObject= 0x7b5ffe3300 sc.mNativeObject= 0x7b040426a0 format= 4 caller= android.view.SurfaceView.createBlastSurfaceControls:1383 android.view.SurfaceView.updateSurface:1079 android.view.SurfaceView.lambda$new$0$android-view-SurfaceView:200 android.view.SurfaceView$$ExternalSyntheticLambda5.onPreDraw:2 android.view.ViewTreeObserver.dispatchOnPreDraw:1121 android.view.ViewRootImpl.performTraversals:4442 
10-08 13:25:59.044 32484 32484 I SurfaceView@619e111: 102359313 Cur surface: Surface(name=null)/@0x84fc79
10-08 13:25:59.044 32484 32484 I SurfaceView@619e111: pST: sr = Rect(0, 0 - 2400, 1080) sw = 2400 sh = 1080
10-08 13:25:59.045 32484 32484 D SurfaceView@619e111: performSurfaceTransaction RenderWorker position = [0, 0, 2400, 1080] surfaceSize = 2400x1080
10-08 13:25:59.045 32484 32484 I SurfaceView@619e111: applyTransactionOnVriDraw: vri = ViewRootImpl@27a4bf[MainActivity] fRS = false t = 0x7b3c9c1e00 android.view.SurfaceView.performSurfaceTransaction:959 android.view.SurfaceView.updateSurface:1105 android.view.SurfaceView.lambda$new$0$android-view-SurfaceView:200 
10-08 13:25:59.045 32484 32484 I ViewRootImpl@27a4bf[MainActivity]: applyTransactionOnDraw: mRemoved = false isHardwareEnabled = true t = 0x7b3c9c1e00android.view.SurfaceView.applyTransactionOnVriDraw:2048 android.view.SurfaceView.performSurfaceTransaction:959 android.view.SurfaceView.updateSurface:1105 android.view.SurfaceView.lambda$new$0$android-view-SurfaceView:200 android.view.SurfaceView$$ExternalSyntheticLambda5.onPreDraw:2 
10-08 13:25:59.045 32484 32484 I SurfaceView@619e111: updateSurface: mVisible = true mSurface.isValid() = true
10-08 13:25:59.045 32484 32484 I SurfaceView@619e111: updateSurface: mSurfaceCreated = false surfaceChanged = true visibleChanged = true
10-08 13:25:59.045 32484 32484 I SurfaceView@619e111: visibleChanged -- surfaceCreated
10-08 13:25:59.045 32484 32484 I SurfaceView@619e111: surfaceCreated 0 #8 android.view.SurfaceView{619e111 V.E...... ......ID 0,0-2400,1080}
10-08 13:25:59.045 32484 32484 I SurfaceView@619e111: surfaceChanged -- format=4 w=2400 h=1080
10-08 13:25:59.045 32484 32484 I SurfaceView@619e111: surfaceChanged (2400,1080) 0 #8 android.view.SurfaceView{619e111 V.E...... ......ID 0,0-2400,1080}
10-08 13:25:59.045 32484 32484 I SurfaceView@619e111: surfaceRedrawNeeded
10-08 13:25:59.046 32484 32484 V SurfaceView@619e111: Layout: x=0 y=0 w=2400 h=1080, frame=Rect(0, 0 - 2400, 1080)
10-08 13:25:59.046 32484 32484 I ViewRootImpl@27a4bf[MainActivity]: Setup new sync id=1
10-08 13:25:59.046 32484 32484 I ViewRootImpl@27a4bf[MainActivity]: Setting syncFrameCallback
10-08 13:25:59.046 32484 32484 E SurfaceSyncer: Failed to find sync for id=0
10-08 13:25:59.046 32484 32484 E SurfaceSyncer: Failed to find sync for id=0
10-08 13:25:59.046 32484 32484 I ViewRootImpl@27a4bf[MainActivity]: registerCallbacksForSync syncBuffer=false
10-08 13:25:59.049 32484 32575 D SurfaceView@619e111: updateSurfacePosition RenderWorker, frameNr = 393, position = [120, 54, 2280, 1026] surfaceSize = 2400x1080
10-08 13:25:59.049 32484 32575 I SurfaceView@619e111: uSP: rtp = Rect(120, 54 - 2280, 1026) rtsw = 2400 rtsh = 1080
10-08 13:25:59.049 32484 32575 I SurfaceView@619e111: onSSPAndSRT: pl = 120 pt = 54 sx = 0.9 sy = 0.9
10-08 13:25:59.049 32484 32575 I SurfaceView@619e111: aOrMT: ViewRootImpl@27a4bf[MainActivity] t = android.view.SurfaceControl$Transaction@6568e70 fN = 393 android.view.SurfaceView.-$$Nest$mapplyOrMergeTransaction:0 android.view.SurfaceView$SurfaceViewPositionUpdateListener.positionChanged:1537 android.graphics.RenderNode$CompositePositionUpdateListener.positionChanged:373 
10-08 13:25:59.049 32484 32575 I ViewRootImpl@27a4bf[MainActivity]: mWNT: t=0x7b3c9c1f00 mBlastBufferQueue=0x7b42cdf900 fn= 393 caller= android.view.SurfaceView.applyOrMergeTransaction:1455 android.view.SurfaceView.-$$Nest$mapplyOrMergeTransaction:0 android.view.SurfaceView$SurfaceViewPositionUpdateListener.positionChanged:1537 
10-08 13:25:59.050 32484 32574 I ViewRootImpl@27a4bf[MainActivity]: mWNT: t=0x7b3c9c1e00 mBlastBufferQueue=0x7b42cdf900 fn= 393 caller= android.view.ViewRootImpl.lambda$applyTransactionOnDraw$11$android-view-ViewRootImpl:12865 android.view.ViewRootImpl$$ExternalSyntheticLambda1.onFrameDraw:4 android.graphics.HardwareRenderer$FrameDrawingCallback.onFrameDraw:924 
10-08 13:25:59.050 32484 32574 I ViewRootImpl@27a4bf[MainActivity]: Received frameDrawingCallback syncResult=0 frameNum=393.
10-08 13:25:59.050 32484 32574 I ViewRootImpl@27a4bf[MainActivity]: Setting up sync and frameCommitCallback
10-08 13:25:59.053 32484 32506 I ViewRootImpl@27a4bf[MainActivity]: Received frameCommittedCallback lastAttemptedDrawFrameNum=393 didProduceBuffer=true
10-08 13:25:59.054 32484 32484 I ViewRootImpl@27a4bf[MainActivity]: onSyncComplete
10-08 13:25:59.054 32484 32484 I ViewRootImpl@27a4bf[MainActivity]: setupSync seqId=0 mSyncId=1 fn=393 caller=android.view.ViewRootImpl$$ExternalSyntheticLambda11.accept:6 android.window.SurfaceSyncer.lambda$setupSync$1$android-window-SurfaceSyncer:128 android.window.SurfaceSyncer$$ExternalSyntheticLambda1.accept:8 android.window.SurfaceSyncer$SyncSet.checkIfSyncIsComplete:382 android.window.SurfaceSyncer$SyncSet.markSyncReady:359 android.window.SurfaceSyncer.markSyncReady:151 android.view.ViewRootImpl.performTraversals:4503 
10-08 13:25:59.054 32484 32484 I ViewRootImpl@27a4bf[MainActivity]: reportDrawFinished seqId=0 mSyncId=-1 fn=393 mSurfaceChangedTransaction=0x7b6024e800
10-08 13:25:59.056 32484 32484 I CS3ExoPlayer: setActiveSubtitles 0
10-08 13:25:59.056 32484 32484 I CS3ExoPlayer: autoSelectFromSettings = null
10-08 13:25:59.056 32484 32484 I CS3ExoPlayer: releasePlayer
10-08 13:25:59.056 32484 32484 I CS3ExoPlayer: Handle event: PlayerAttachedEvent(player=null, source=Player)
10-08 13:25:59.058 32484 32484 D InsetsController: onStateChanged: InsetsState: {mDisplayFrame=Rect(0, 0 - 2400, 1080), mDisplayCutout=DisplayCutout{insets=Rect(88, 0 - 0, 0) waterfall=Insets{left=0, top=0, right=0, bottom=0} boundingRect={Bounds=[Rect(0, 512 - 88, 568), Rect(0, 0 - 0, 0), Rect(0, 0 - 0, 0), Rect(0, 0 - 0, 0)]} cutoutPathParserInfo={CutoutPathParserInfo{displayWidth=1080 displayHeight=2400 physicalDisplayWidth=1080 physicalDisplayHeight=2400 density={2.625} cutoutSpec={M 0,0 M 0,12.25101276465640 a 10.60613009248640,10.60613009248640 0 1,0 0,21.21226018497290 a 10.60613009248640,10.60613009248640 0 1,0 0,-21.21226018497290 Z @dp} rotation={1} scale={1.0} physicalPixelDisplaySizeRatio={1.0}}}}, mRoundedCorners=RoundedCorners{[RoundedCorner{position=TopLeft, radius=84, center=Point(84, 84)}, RoundedCorner{position=TopRight, radius=84, center=Point(2316, 84)}, RoundedCorner{position=BottomRight, radius=84, center=Point(2316, 996)}, RoundedCorner{position=BottomLeft, radius=84, center=Point(84, 996)}]}  mRoundedCornerFrame=Rect(0, 0 - 2400, 1080), mPrivacyIndicatorBounds=PrivacyIndicatorBounds {static bounds=Rect(2284, 0 - 2400, 63) rotation=1}, mSources= { InsetsSource: {mType=ITYPE_STATUS_BAR, mFrame=[0,0][2400,63], mVisible=true, mInsetsRoundedCornerFrame=false}, InsetsSource: {mType=ITYPE_NAVIGATION_BAR, mFrame=[0,1041][2400,1080], mVisible=true, mInsetsRoundedCornerFrame=false}, InsetsSource: {mType=ITYPE_LEFT_GESTURES, mFrame=[0,0][218,1080], mVisible=true, mInsetsRoundedCornerFrame=false}, InsetsSource: {mType=ITYPE_RIGHT_GESTURES, mFrame=[2270,0][2400,1080], mVisible=true, mInsetsRoundedCornerFrame=false}, InsetsSource: {mType=ITYPE_TOP_MANDATORY_GESTURES, mFrame=[0,0][2400,63], mVisible=true, mInsetsRoundedCornerFrame=false}, InsetsSource: {mType=ITYPE_BOTTOM_MANDATORY_GESTURES, mFrame=[0,996][2400,1080], mVisible=true, mInsetsRoundedCornerFrame=false}, InsetsSource: {mType=ITYPE_LEFT_DISPLAY_CUTOUT, mFrame=[0,0][88,1080], mVisible=true, mInsetsRoundedCornerFrame=false}, InsetsSource: {mType=ITYPE_TOP_DISPLAY_CUTOUT, mFrame=[0,0][2400,-100000], mVisible=true, mInsetsRoundedCornerFrame=false}, InsetsSource: {mType=ITYPE_RIGHT_DISPLAY_CUTOUT, mFrame=[100000,0][2400,1080], mVisible=true, mInsetsRoundedCornerFrame=false}, InsetsSource: {mType=ITYPE_BOTTOM_DISPLAY_CUTOUT, mFrame=[0,100000][2400,1080], mVisible=true, mInsetsRoundedCornerFrame=false}, InsetsSource: {mType=ITYPE_TOP_TAPPABLE_ELEMENT, mFrame=[0,0][2400,63], mVisible=true, mInsetsRoundedCornerFrame=false}, InsetsSource: {mType=ITYPE_BOTTOM_TAPPABLE_ELEMENT, mFrame=[0,0][0,0], mVisible=true, mInsetsRoundedCornerFrame=false}, InsetsSource: {mType=ITYPE_IME, mFrame=[0,0][0,0], mVisibleFrame=[0,1409][1080,2400], mVisible=false, mInsetsRoundedCornerFrame=false} } host=com.lagradost.cloudstream3/com.lagradost.cloudstream3.MainActivity from=android.view.ViewRootImpl$ViewRootHandler.handleMessageImpl:6740
