10-08 13:26:20.047 32484 32484 D InsetsController: onStateChanged: InsetsState: {mDisplayFrame=Rect(0, 0 - 1080, 2400), mDisplayCutout=DisplayCutout{insets=Rect(0, 88 - 0, 0) waterfall=Insets{left=0, top=0, right=0, bottom=0} boundingRect={Bounds=[Rect(0, 0 - 0, 0), Rect(512, 0 - 568, 88), Rect(0, 0 - 0, 0), Rect(0, 0 - 0, 0)]} cutoutPathParserInfo={CutoutPathParserInfo{displayWidth=1080 displayHeight=2400 physicalDisplayWidth=1080 physicalDisplayHeight=2400 density={2.625} cutoutSpec={M 0,0 M 0,12.25101276465640 a 10.60613009248640,10.60613009248640 0 1,0 0,21.21226018497290 a 10.60613009248640,10.60613009248640 0 1,0 0,-21.21226018497290 Z @dp} rotation={0} scale={1.0} physicalPixelDisplaySizeRatio={1.0}}}}, mRoundedCorners=RoundedCorners{[RoundedCorner{position=TopLeft, radius=84, center=Point(84, 84)}, RoundedCorner{position=TopRight, radius=84, center=Point(996, 84)}, RoundedCorner{position=BottomRight, radius=84, center=Point(996, 2316)}, RoundedCorner{position=BottomLeft, radius=84, center=Point(84, 2316)}]}  mRoundedCornerFrame=Rect(0, 0 - 1080, 2400), mPrivacyIndicatorBounds=PrivacyIndicatorBounds {static bounds=Rect(964, 0 - 1080, 87) rotation=0}, mSources= { InsetsSource: {mType=ITYPE_STATUS_BAR, mFrame=[0,0][1080,88], mVisible=true, mInsetsRoundedCornerFrame=false}, InsetsSource: {mType=ITYPE_NAVIGATION_BAR, mFrame=[0,2361][1080,2400], mVisible=true, mInsetsRoundedCornerFrame=false}, InsetsSource: {mType=ITYPE_LEFT_GESTURES, mFrame=[0,0][130,2400], mVisible=true, mInsetsRoundedCornerFrame=false}, InsetsSource: {mType=ITYPE_RIGHT_GESTURES, mFrame=[950,0][1080,2400], mVisible=true, mInsetsRoundedCornerFrame=false}, InsetsSource: {mType=ITYPE_TOP_MANDATORY_GESTURES, mFrame=[0,0][1080,120], mVisible=true, mInsetsRoundedCornerFrame=false}, InsetsSource: {mType=ITYPE_BOTTOM_MANDATORY_GESTURES, mFrame=[0,2316][1080,2400], mVisible=true, mInsetsRoundedCornerFrame=false}, InsetsSource: {mType=ITYPE_LEFT_DISPLAY_CUTOUT, mFrame=[0,0][-100000,2400], mVisible=true, mInsetsRoundedCornerFrame=false}, InsetsSource: {mType=ITYPE_TOP_DISPLAY_CUTOUT, mFrame=[0,0][1080,88], mVisible=true, mInsetsRoundedCornerFrame=false}, InsetsSource: {mType=ITYPE_RIGHT_DISPLAY_CUTOUT, mFrame=[100000,0][1080,2400], mVisible=true, mInsetsRoundedCornerFrame=false}, InsetsSource: {mType=ITYPE_BOTTOM_DISPLAY_CUTOUT, mFrame=[0,100000][1080,2400], mVisible=true, mInsetsRoundedCornerFrame=false}, InsetsSource: {mType=ITYPE_TOP_TAPPABLE_ELEMENT, mFrame=[0,0][1080,88], mVisible=true, mInsetsRoundedCornerFrame=false}, InsetsSource: {mType=ITYPE_BOTTOM_TAPPABLE_ELEMENT, mFrame=[0,0][0,0], mVisible=true, mInsetsRoundedCornerFrame=false} } host=com.lagradost.cloudstream3/com.lagradost.cloudstream3.MainActivity from=android.view.ViewRootImpl$ViewRootHandler.handleMessageImpl:6740
10-08 13:26:20.071 32484 32484 I ViewRootImpl@27a4bf[MainActivity]: MSG_WINDOW_FOCUS_CHANGED 1 0
10-08 13:26:20.071 32484 32484 I ViewRootImpl@27a4bf[MainActivity]: mThreadedRenderer.initializeIfNeeded()#2 mSurface={isValid=true 0x7b78fc0800}
10-08 13:26:20.085 32484 32484 D InputMethodManager: startInputInner - Id : 0
10-08 13:26:20.086 32484 32484 I InputMethodManager: startInputInner - mService.startInputOrWindowGainedFocus
10-08 13:26:20.855 32484 32484 I ViewRootImpl@27a4bf[MainActivity]: ViewPostIme pointer 0
10-08 13:26:20.901 32484 32484 W PanelsChildGestureRegionObserver: failed to register view with ID 2131362800. already registered
10-08 13:26:20.910 32484 32484 W PanelsChildGestureRegionObserver: failed to register view with ID 2131362800. already registered
10-08 13:26:20.916 32484 32484 W PanelsChildGestureRegionObserver: failed to register view with ID 2131362800. already registered
10-08 13:26:20.933 32484 32484 W PanelsChildGestureRegionObserver: failed to register view with ID 2131362800. already registered
10-08 13:26:20.947 32484 32484 D WindowOnBackDispatcher: onBackInvoked, viewRoot=ViewRootImpl@de873cf[MainActivity], callback=androidx.activity.OnBackPressedDispatcher$Api33Impl$$ExternalSyntheticLambda0@4ecd78e
10-08 13:26:20.960 32484 32484 I IMM_LC  : hsifw() - flag : 0
10-08 13:26:20.960 32484 32484 I IMM_LC  : hsifw() - mService.hideSoftInput
10-08 13:26:20.966 32484 32484 I CS3ExoPlayer: onStop
10-08 13:26:20.966 32484 32484 I CS3ExoPlayer: saveData
10-08 13:26:20.966 32484 32484 I CS3ExoPlayer: handleEvent Pause
10-08 13:26:21.036 32484 32484 W PanelsChildGestureRegionObserver: failed to register view with ID 2131362800. already registered
10-08 13:26:21.270 32484 32490 I st.cloudstream3: Background concurrent copying GC freed 14MB AllocSpace bytes, 100(6484KB) LOS objects, 35% free, 44MB/68MB, paused 180us,104us total 207.483ms
10-08 13:26:21.270 32484 32506 D OpenGLRenderer: setSurface called with nullptr
10-08 13:26:21.271 32484 32491 D InputTransport: Input channel destroyed: 'ClientS', fd=165
10-08 13:26:21.271 32484 32506 D OpenGLRenderer: setSurface called with nullptr
10-08 13:26:21.272 32484 32491 D InputTransport: Input channel destroyed: 'ClientS', fd=147
10-08 13:26:21.272 32484 32491 D InputTransport: Input channel destroyed: 'ClientS', fd=280
10-08 13:26:21.277 32484 32506 D OpenGLRenderer: setSurface called with nullptr
10-08 13:26:21.277 32484 32491 D InputTransport: Input channel destroyed: 'ClientS', fd=164
10-08 13:26:21.277 32484 32491 D InputTransport: Input channel destroyed: 'ClientS', fd=123
10-08 13:26:21.296 32484 32492 V MediaMetadataRetriever: destructor
10-08 13:26:21.296 32484 32492 V MediaMetadataRetriever: disconnect
10-08 13:26:21.358 32484 32484 I ViewRootImpl@27a4bf[MainActivity]: performTraversals mFirst=false windowShouldResize=false viewVisibilityChanged=false mForceNextWindowRelayout=false params={(0,0)(fillxfill) sim={state=always_hidden adjust=resize} ty=BASE_APPLICATION fmt=TRANSLUCENT wanim=0x1030309
10-08 13:26:21.358 32484 32484 I ViewRootImpl@27a4bf[MainActivity]:   fl=85810100
10-08 13:26:21.358 32484 32484 I ViewRootImpl@27a4bf[MainActivity]:   pfl=12020040
10-08 13:26:21.358 32484 32484 I ViewRootImpl@27a4bf[MainActivity]:   vsysui=500
10-08 13:26:21.358 32484 32484 I ViewRootImpl@27a4bf[MainActivity]:   bhv=DEFAULT
10-08 13:26:21.358 32484 32484 I ViewRootImpl@27a4bf[MainActivity]:   fitSides= naviIconColor=0}
10-08 13:26:21.362 32484 32484 I ViewRootImpl@27a4bf[MainActivity]: updateBlastSurfaceIfNeeded mBlastBufferQueue=0x7b42cdf900 isSameSurfaceControl=true
10-08 13:26:21.362 32484 32484 I BLASTBufferQueue: update, w= 1080 h= 2400 mName = ViewRootImpl@27a4bf[MainActivity] mNativeObject= 0x7b42cdf900 sc.mNativeObject= 0x7b3cd9e780 format= -3 caller= android.view.ViewRootImpl.updateBlastSurfaceIfNeeded:2898 android.view.ViewRootImpl.relayoutWindow:9847 android.view.ViewRootImpl.performTraversals:3884 android.view.ViewRootImpl.doTraversal:3116 android.view.ViewRootImpl$TraversalRunnable.run:10885 android.view.Choreographer$CallbackRecord.run:1301 
10-08 13:26:21.362 32484 32484 I ViewRootImpl@27a4bf[MainActivity]: Relayout returned: old=(0,0,1080,2400) new=(0,0,1080,2400) req=(1080,2400)0 dur=4 res=0x0 s={true 0x7b78fc0800} ch=false seqId=0
10-08 13:26:21.386 32484 32484 W PanelsChildGestureRegionObserver: failed to register view with ID 2131362800. already registered
10-08 13:26:21.400 32484 32575 D SurfaceView@9cae61f: updateSurfacePosition RenderWorker, frameNr = 1108, position = [54, 314, 1026, 787] surfaceSize = 1080x525
10-08 13:26:21.400 32484 32575 I SurfaceView@9cae61f: uSP: rtp = Rect(54, 314 - 1026, 787) rtsw = 1080 rtsh = 525
10-08 13:26:21.400 32484 32575 I SurfaceView@9cae61f: onSSPAndSRT: pl = 54 pt = 314 sx = 0.9 sy = 0.9009524
10-08 13:26:21.400 32484 32575 I SurfaceView@9cae61f: aOrMT: ViewRootImpl@27a4bf[MainActivity] t = android.view.SurfaceControl$Transaction@7775817 fN = 1108 android.view.SurfaceView.-$$Nest$mapplyOrMergeTransaction:0 android.view.SurfaceView$SurfaceViewPositionUpdateListener.positionChanged:1537 android.graphics.RenderNode$CompositePositionUpdateListener.positionChanged:373 
10-08 13:26:21.400 32484 32575 I ViewRootImpl@27a4bf[MainActivity]: mWNT: t=0x7b79000500 mBlastBufferQueue=0x7b42cdf900 fn= 1108 caller= android.view.SurfaceView.applyOrMergeTransaction:1455 android.view.SurfaceView.-$$Nest$mapplyOrMergeTransaction:0 android.view.SurfaceView$SurfaceViewPositionUpdateListener.positionChanged:1537 
10-08 13:26:21.401 32484 32484 I SurfaceView@9cae61f: onWindowVisibilityChanged(8) false android.view.SurfaceView{9cae61f V.E...... ........ 0,0-1080,525} of ViewRootImpl@27a4bf[MainActivity]
10-08 13:26:21.401 32484 32484 I SurfaceView@9cae61f: Changes: creating=false format=false size=false visible=true alpha=false hint=false mUseAlpha=false visible=true left=false top=false
10-08 13:26:21.401 32484 32484 I SurfaceView@9cae61f: 164292127 Cur surface: Surface(name=null)/@0x4ad6d35
10-08 13:26:21.401 32484 32484 I SurfaceView@9cae61f: applyTransactionOnVriDraw: vri = ViewRootImpl@27a4bf[MainActivity] fRS = false t = 0x7b60148900 android.view.SurfaceView.performSurfaceTransaction:959 android.view.SurfaceView.updateSurface:1105 android.view.SurfaceView.onWindowVisibilityChanged:371 
10-08 13:26:21.401 32484 32484 I ViewRootImpl@27a4bf[MainActivity]: applyTransactionOnDraw: mRemoved = false isHardwareEnabled = true t = 0x7b60148900android.view.SurfaceView.applyTransactionOnVriDraw:2048 android.view.SurfaceView.performSurfaceTransaction:959 android.view.SurfaceView.updateSurface:1105 android.view.SurfaceView.onWindowVisibilityChanged:371 android.view.View.dispatchDetachedFromWindow:22529 
10-08 13:26:21.401 32484 32484 I SurfaceView@9cae61f: surfaceDestroyed
10-08 13:26:21.401 32484 32484 I SurfaceView@9cae61f: surfaceDestroyed callback.size 0 #2 android.view.SurfaceView{9cae61f V.E...... ........ 0,0-1080,525}
10-08 13:26:21.401 32484 32484 I SurfaceView@9cae61f: updateSurface: mVisible = false mSurface.isValid() = true
10-08 13:26:21.402 32484 32484 I SurfaceView@9cae61f: releaseSurfaces: viewRoot = ViewRootImpl@27a4bf[MainActivity]
10-08 13:26:21.402 32484 32484 I SurfaceView@9cae61f: applyTransactionOnVriDraw: vri = ViewRootImpl@27a4bf[MainActivity] fRS = true t = 0x7b60148d00 android.view.SurfaceView.releaseSurfaces:858 android.view.SurfaceView.updateSurface:1172 android.view.SurfaceView.onWindowVisibilityChanged:371 
10-08 13:26:21.402 32484 32484 I SurfaceView@9cae61f: applyTransactionOnVriDraw: viewRoot.applyTransactionOnDrawFromReleaseSurfaces
10-08 13:26:21.402 32484 32484 I ViewRootImpl@27a4bf[MainActivity]: applyTransactionOnDraw: mRemoved = false isHardwareEnabled = true t = 0x7b60148d00android.view.ViewRootImpl.applyTransactionOnDrawFromReleaseSurfaces:12850 android.view.SurfaceView.applyTransactionOnVriDraw:2046 android.view.SurfaceView.releaseSurfaces:858 android.view.SurfaceView.updateSurface:1172 android.view.SurfaceView.onWindowVisibilityChanged:371 
10-08 13:26:21.402 32484 32484 V SurfaceView@9cae61f: Layout: x=0 y=218 w=1080 h=525, frame=Rect(0, 0 - 1080, 525)
10-08 13:26:21.402 32484 32484 I SurfaceView@9cae61f: onDetachedFromWindow: tryReleaseSurfaces()
10-08 13:26:21.402 32484 32484 I SurfaceView@9cae61f: releaseSurfaces: viewRoot = ViewRootImpl@27a4bf[MainActivity]
10-08 13:26:21.402 32484 32484 I SurfaceView@9cae61f: applyTransactionOnVriDraw: vri = ViewRootImpl@27a4bf[MainActivity] fRS = true t = 0x7b60148f00 android.view.SurfaceView.releaseSurfaces:858 android.view.SurfaceView.onDetachedFromWindow:500 android.view.View.dispatchDetachedFromWindow:22538 
10-08 13:26:21.402 32484 32484 I SurfaceView@9cae61f: applyTransactionOnVriDraw: viewRoot.applyTransactionOnDrawFromReleaseSurfaces
10-08 13:26:21.402 32484 32484 I ViewRootImpl@27a4bf[MainActivity]: applyTransactionOnDraw: mRemoved = false isHardwareEnabled = true t = 0x7b60148f00android.view.ViewRootImpl.applyTransactionOnDrawFromReleaseSurfaces:12850 android.view.SurfaceView.applyTransactionOnVriDraw:2046 android.view.SurfaceView.releaseSurfaces:858 android.view.SurfaceView.onDetachedFromWindow:500 android.view.View.dispatchDetachedFromWindow:22538 
10-08 13:26:21.409 32484 32484 I DecorView: notifyKeepScreenOnChanged: keepScreenOn=false
10-08 13:26:21.410 32484 32484 I CS3ExoPlayer: releasePlayer
10-08 13:26:21.410 32484 32484 I CS3ExoPlayer: Handle event: PlayerAttachedEvent(player=null, source=Player)
10-08 13:26:21.411 32484 32484 I DecorView: notifyKeepScreenOnChanged: keepScreenOn=false
10-08 13:26:21.416 32484 32484 I ViewRootImpl@27a4bf[MainActivity]: performTraversals params={(0,0)(fillxfill) sim={state=always_hidden adjust=resize} ty=BASE_APPLICATION wanim=0x1030309
10-08 13:26:21.416 32484 32484 I ViewRootImpl@27a4bf[MainActivity]:   fl=85810100
10-08 13:26:21.416 32484 32484 I ViewRootImpl@27a4bf[MainActivity]:   pfl=12020040
10-08 13:26:21.416 32484 32484 I ViewRootImpl@27a4bf[MainActivity]:   vsysui=500
10-08 13:26:21.416 32484 32484 I ViewRootImpl@27a4bf[MainActivity]:   bhv=DEFAULT
10-08 13:26:21.416 32484 32484 I ViewRootImpl@27a4bf[MainActivity]:   fitSides= naviIconColor=0}
10-08 13:26:21.417 32484 32484 I ViewRootImpl@27a4bf[MainActivity]: performTraversals mFirst=false windowShouldResize=false viewVisibilityChanged=false mForceNextWindowRelayout=false params={(0,0)(fillxfill) sim={state=always_hidden adjust=resize} ty=BASE_APPLICATION fmt=TRANSLUCENT wanim=0x1030309
10-08 13:26:21.417 32484 32484 I ViewRootImpl@27a4bf[MainActivity]:   fl=85810100
10-08 13:26:21.417 32484 32484 I ViewRootImpl@27a4bf[MainActivity]:   pfl=12020040
10-08 13:26:21.417 32484 32484 I ViewRootImpl@27a4bf[MainActivity]:   vsysui=500
10-08 13:26:21.417 32484 32484 I ViewRootImpl@27a4bf[MainActivity]:   bhv=DEFAULT
10-08 13:26:21.417 32484 32484 I ViewRootImpl@27a4bf[MainActivity]:   fitSides= naviIconColor=0}
10-08 13:26:21.421 32484 32484 I ViewRootImpl@27a4bf[MainActivity]: updateBlastSurfaceIfNeeded mBlastBufferQueue=0x7b42cdf900 isSameSurfaceControl=true
10-08 13:26:21.421 32484 32484 I BLASTBufferQueue: update, w= 1080 h= 2400 mName = ViewRootImpl@27a4bf[MainActivity] mNativeObject= 0x7b42cdf900 sc.mNativeObject= 0x7b3cda2240 format= -3 caller= android.view.ViewRootImpl.updateBlastSurfaceIfNeeded:2898 android.view.ViewRootImpl.relayoutWindow:9847 android.view.ViewRootImpl.performTraversals:3884 android.view.ViewRootImpl.doTraversal:3116 android.view.ViewRootImpl$TraversalRunnable.run:10885 android.view.Choreographer$CallbackRecord.run:1301 
10-08 13:26:21.421 32484 32484 I ViewRootImpl@27a4bf[MainActivity]: Relayout returned: old=(0,0,1080,2400) new=(0,0,1080,2400) req=(1080,2400)0 dur=4 res=0x0 s={true 0x7b78fc0800} ch=false seqId=0
10-08 13:26:21.421 32484 32484 I ViewRootImpl@27a4bf[MainActivity]: updateBoundsLayer: t = android.view.SurfaceControl$Transaction@2ea08c3 sc = Surface(name=Bounds for - com.lagradost.cloudstream3/com.lagradost.cloudstream3.MainActivity@0)/@0x6235540 frame = 1109
10-08 13:26:21.421 32484 32484 I ViewRootImpl@27a4bf[MainActivity]: mWNT: t=0x7b6024e900 mBlastBufferQueue=0x7b42cdf900 fn= 1109 caller= android.view.ViewRootImpl.prepareSurfaces:2985 android.view.ViewRootImpl.performTraversals:4233 android.view.ViewRootImpl.doTraversal:3116 
10-08 13:26:21.422 32484 32506 D SurfaceView@9cae61f: windowPositionLost, frameNr = 1109
10-08 13:26:21.423 32484 32574 I ViewRootImpl@27a4bf[MainActivity]: mWNT: t=0x7b60148900 mBlastBufferQueue=0x7b42cdf900 fn= 1109 caller= android.view.ViewRootImpl.lambda$applyTransactionOnDraw$11$android-view-ViewRootImpl:12865 android.view.ViewRootImpl$$ExternalSyntheticLambda1.onFrameDraw:4 android.graphics.HardwareRenderer$FrameDrawingCallback.onFrameDraw:924 
10-08 13:26:21.423 32484 32574 I ViewRootImpl@27a4bf[MainActivity]: mWNT: t=0x7b60148d00 mBlastBufferQueue=0x7b42cdf900 fn= 1109 caller= android.view.ViewRootImpl.lambda$applyTransactionOnDraw$11$android-view-ViewRootImpl:12865 android.view.ViewRootImpl$$ExternalSyntheticLambda1.onFrameDraw:4 android.graphics.HardwareRenderer$FrameDrawingCallback.onFrameDraw:924 
10-08 13:26:21.423 32484 32574 I ViewRootImpl@27a4bf[MainActivity]: mWNT: t=0x7b60148f00 mBlastBufferQueue=0x7b42cdf900 fn= 1109 caller= android.view.ViewRootImpl.lambda$applyTransactionOnDraw$11$android-view-ViewRootImpl:12865 android.view.ViewRootImpl$$ExternalSyntheticLambda1.onFrameDraw:4 android.graphics.HardwareRenderer$FrameDrawingCallback.onFrameDraw:924 
10-08 13:26:22.873 32484 32484 I ViewRootImpl@27a4bf[MainActivity]: ViewPostIme pointer 0
10-08 13:26:22.921 32484 32484 I ViewRootImpl@27a4bf[MainActivity]: ViewPostIme pointer 1
10-08 13:26:22.938 32484 32484 I IMM_LC  : hsifw() - flag : 0
10-08 13:26:22.938 32484 32484 I IMM_LC  : hsifw() - mService.hideSoftInput
10-08 13:26:22.960 32484 32484 D ScrollView: initGoToTop
10-08 13:26:22.986 32484 32484 E CoilImgLoader: Error loading image: coil3.request.NullRequestDataException: The request's data is null.
10-08 13:26:23.003 32484 32484 D ScrollView:  onsize change changed 
10-08 13:26:29.630 32484 32484 I ViewRootImpl@27a4bf[MainActivity]: ViewPostIme pointer 0
10-08 13:26:29.687 32484 32484 I ViewRootImpl@27a4bf[MainActivity]: ViewPostIme pointer 1
10-08 13:26:29.696 32484 32484 I NavComponent: Navigating to fragment: 2131361884
10-08 13:26:29.713 32484 32484 I IMM_LC  : hsifw() - flag : 0
10-08 13:26:29.713 32484 32484 I IMM_LC  : hsifw() - mService.hideSoftInput
10-08 13:26:30.952 32484 32484 I ViewRootImpl@27a4bf[MainActivity]: ViewPostIme pointer 0
10-08 13:26:31.208 32484 32484 I ViewRootImpl@27a4bf[MainActivity]: ViewPostIme pointer 1
10-08 13:26:32.995 32484 32484 I ViewRootImpl@27a4bf[MainActivity]: ViewPostIme pointer 0
10-08 13:26:33.052 32484 32484 I ViewRootImpl@27a4bf[MainActivity]: ViewPostIme pointer 1
10-08 13:26:33.107 32484 32484 I Dialog  : mIsDeviceDefault = false, mIsSamsungBasicInteraction = false, isMetaDataInActivity = false
10-08 13:26:33.118 32484 32484 I DecorView: [INFO] isPopOver=false config=false
10-08 13:26:33.118 32484 32484 I DecorView: updateCaptionType: isFloating=true isApplication=true hasWindowDecorCaption=false this=DecorView@897ad75[]
10-08 13:26:33.118 32484 32484 D DecorView: setCaptionType = 0, this = DecorView@897ad75[]
10-08 13:26:33.122 32484 32484 I DecorView: setWindowBackground: isPopOver=false color=ff010101 d=android.graphics.drawable.InsetDrawable@6749d7b
10-08 13:26:33.148 32484 32484 D ScrollView: initGoToTop
10-08 13:26:33.166 32484 32506 D NativeCustomFrequencyManager: [NativeCFMS] BpCustomFrequencyManager::BpCustomFrequencyManager()
10-08 13:26:33.167 32484 32484 I DecorView: onImmersiveModeChanged: isStatusBarHidden=true
10-08 13:26:33.177 32484 32484 D InsetsController: onStateChanged: InsetsState: {mDisplayFrame=Rect(0, 0 - 1080, 2400), mDisplayCutout=DisplayCutout{insets=Rect(0, 88 - 0, 0) waterfall=Insets{left=0, top=0, right=0, bottom=0} boundingRect={Bounds=[Rect(0, 0 - 0, 0), Rect(512, 0 - 568, 88), Rect(0, 0 - 0, 0), Rect(0, 0 - 0, 0)]} cutoutPathParserInfo={CutoutPathParserInfo{displayWidth=1080 displayHeight=2400 physicalDisplayWidth=1080 physicalDisplayHeight=2400 density={2.625} cutoutSpec={M 0,0 M 0,12.25101276465640 a 10.60613009248640,10.60613009248640 0 1,0 0,21.21226018497290 a 10.60613009248640,10.60613009248640 0 1,0 0,-21.21226018497290 Z @dp} rotation={0} scale={1.0} physicalPixelDisplaySizeRatio={1.0}}}}, mRoundedCorners=RoundedCorners{[RoundedCorner{position=TopLeft, radius=84, center=Point(84, 84)}, RoundedCorner{position=TopRight, radius=84, center=Point(996, 84)}, RoundedCorner{position=BottomRight, radius=84, center=Point(996, 2316)}, RoundedCorner{position=BottomLeft, radius=84, center=Point(84, 2316)}]}  mRoundedCornerFrame=Rect(0, 0 - 1080, 2400), mPrivacyIndicatorBounds=PrivacyIndicatorBounds {static bounds=Rect(964, 0 - 1080, 87) rotation=0}, mSources= { InsetsSource: {mType=ITYPE_STATUS_BAR, mFrame=[0,0][1080,88], mVisible=true, mInsetsRoundedCornerFrame=false}, InsetsSource: {mType=ITYPE_NAVIGATION_BAR, mFrame=[0,2361][1080,2400], mVisible=true, mInsetsRoundedCornerFrame=false}, InsetsSource: {mType=ITYPE_LEFT_GESTURES, mFrame=[0,0][130,2400], mVisible=true, mInsetsRoundedCornerFrame=false}, InsetsSource: {mType=ITYPE_RIGHT_GESTURES, mFrame=[950,0][1080,2400], mVisible=true, mInsetsRoundedCornerFrame=false}, InsetsSource: {mType=ITYPE_TOP_MANDATORY_GESTURES, mFrame=[0,0][1080,120], mVisible=true, mInsetsRoundedCornerFrame=false}, InsetsSource: {mType=ITYPE_BOTTOM_MANDATORY_GESTURES, mFrame=[0,2316][1080,2400], mVisible=true, mInsetsRoundedCornerFrame=false}, InsetsSource: {mType=ITYPE_LEFT_DISPLAY_CUTOUT, mFrame=[0,0][-100000,2400], mVisible=true, mInsetsRoundedCornerFrame=false}, InsetsSource: {mType=ITYPE_TOP_DISPLAY_CUTOUT, mFrame=[0,0][1080,88], mVisible=true, mInsetsRoundedCornerFrame=false}, InsetsSource: {mType=ITYPE_RIGHT_DISPLAY_CUTOUT, mFrame=[100000,0][1080,2400], mVisible=true, mInsetsRoundedCornerFrame=false}, InsetsSource: {mType=ITYPE_BOTTOM_DISPLAY_CUTOUT, mFrame=[0,100000][1080,2400], mVisible=true, mInsetsRoundedCornerFrame=false}, InsetsSource: {mType=ITYPE_TOP_TAPPABLE_ELEMENT, mFrame=[0,0][1080,88], mVisible=true, mInsetsRoundedCornerFrame=false}, InsetsSource: {mType=ITYPE_BOTTOM_TAPPABLE_ELEMENT, mFrame=[0,0][0,0], mVisible=true, mInsetsRoundedCornerFrame=false} } host=com.lagradost.cloudstream3/com.lagradost.cloudstream3.MainActivity from=android.view.ViewRootImpl.setView:1732
10-08 13:26:33.178 32484 32484 I ViewRootImpl@affde86[MainActivity]: setView = com.android.internal.policy.DecorView@897ad75 TM=true
10-08 13:26:33.582 32484 32484 I Choreographer: Skipped 30 frames!  The application may be doing too much work on its main thread.
10-08 13:26:33.661 32484 32484 I ViewRootImpl@affde86[MainActivity]: performTraversals params={(0,0)(wrapxwrap) gr=CENTER sim={adjust=pan forwardNavigation} ty=APPLICATION fmt=TRANSLUCENT wanim=0x7f140008 surfaceInsets=Rect(105, 105 - 105, 105)
10-08 13:26:33.661 32484 32484 I ViewRootImpl@affde86[MainActivity]:   fl=1820402
10-08 13:26:33.661 32484 32484 I ViewRootImpl@affde86[MainActivity]:   pfl=42000000
10-08 13:26:33.661 32484 32484 I ViewRootImpl@affde86[MainActivity]:   bhv=SHOW_TRANSIENT_BARS_BY_SWIPE
10-08 13:26:33.661 32484 32484 I ViewRootImpl@affde86[MainActivity]:   fitTypes=STATUS_BARS NAVIGATION_BARS CAPTION_BAR
10-08 13:26:33.661 32484 32484 I ViewRootImpl@affde86[MainActivity]:  dimAmount=0.6 naviIconColor=0}
10-08 13:26:33.662 32484 32484 I ViewRootImpl@affde86[MainActivity]: performTraversals mFirst=true windowShouldResize=false viewVisibilityChanged=false mForceNextWindowRelayout=false params={(0,0)(wrapxwrap) gr=CENTER sim={adjust=pan forwardNavigation} ty=APPLICATION fmt=TRANSLUCENT wanim=0x7f140008 surfaceInsets=Rect(105, 105 - 105, 105)
10-08 13:26:33.662 32484 32484 I ViewRootImpl@affde86[MainActivity]:   fl=1820402
10-08 13:26:33.662 32484 32484 I ViewRootImpl@affde86[MainActivity]:   pfl=42000000
10-08 13:26:33.662 32484 32484 I ViewRootImpl@affde86[MainActivity]:   bhv=SHOW_TRANSIENT_BARS_BY_SWIPE
10-08 13:26:33.662 32484 32484 I ViewRootImpl@affde86[MainActivity]:   fitTypes=STATUS_BARS NAVIGATION_BARS CAPTION_BAR
10-08 13:26:33.662 32484 32484 I ViewRootImpl@affde86[MainActivity]:  dimAmount=0.6 naviIconColor=0}
10-08 13:26:33.680 32484 32484 I ViewRootImpl@affde86[MainActivity]: updateBlastSurfaceIfNeeded mBlastBufferQueue=null isSameSurfaceControl=false
10-08 13:26:33.680 32484 32484 I BLASTBufferQueue: new BLASTBufferQueue, mName= ViewRootImpl@affde86[MainActivity] mNativeObject= 0x7b3cd50000 sc.mNativeObject= 0x7b09539ae0 caller= android.view.ViewRootImpl.updateBlastSurfaceIfNeeded:2909 android.view.ViewRootImpl.relayoutWindow:9847 android.view.ViewRootImpl.performTraversals:3884 android.view.ViewRootImpl.doTraversal:3116 android.view.ViewRootImpl$TraversalRunnable.run:10885 android.view.Choreographer$CallbackRecord.run:1301 android.view.Choreographer$CallbackRecord.run:1309 android.view.Choreographer.doCallbacks:923 android.view.Choreographer.doFrame:852 android.view.Choreographer$FrameDisplayEventReceiver.run:1283 
10-08 13:26:33.681 32484 32484 I BLASTBufferQueue: update, w= 1234 h= 2483 mName = ViewRootImpl@affde86[MainActivity] mNativeObject= 0x7b3cd50000 sc.mNativeObject= 0x7b09539ae0 format= -3 caller= android.graphics.BLASTBufferQueue.<init>:84 android.view.ViewRootImpl.updateBlastSurfaceIfNeeded:2909 android.view.ViewRootImpl.relayoutWindow:9847 android.view.ViewRootImpl.performTraversals:3884 android.view.ViewRootImpl.doTraversal:3116 android.view.ViewRootImpl$TraversalRunnable.run:10885 
10-08 13:26:33.681 32484 32484 I ViewRootImpl@affde86[MainActivity]: Relayout returned: old=(0,88,1080,2361) new=(28,88,1052,2361) req=(1024,2273)0 dur=18 res=0x3 s={true 0x7bed855800} ch=true seqId=0
10-08 13:26:33.682 32484 32484 I ViewRootImpl@affde86[MainActivity]: mThreadedRenderer.initialize() mSurface={isValid=true 0x7bed855800} hwInitialized=true
10-08 13:26:33.683 32484 32506 D OpenGLRenderer: eglCreateWindowSurface
10-08 13:26:33.692 32484 32484 I ViewRootImpl@affde86[MainActivity]: reportNextDraw android.view.ViewRootImpl.performTraversals:4438 android.view.ViewRootImpl.doTraversal:3116 android.view.ViewRootImpl$TraversalRunnable.run:10885 android.view.Choreographer$CallbackRecord.run:1301 android.view.Choreographer$CallbackRecord.run:1309 
10-08 13:26:33.692 32484 32484 I ViewRootImpl@affde86[MainActivity]: Setup new sync id=0
10-08 13:26:33.693 32484 32484 I ViewRootImpl@affde86[MainActivity]: Setting syncFrameCallback
10-08 13:26:33.693 32484 32484 I ViewRootImpl@affde86[MainActivity]: registerCallbacksForSync syncBuffer=false
10-08 13:26:33.706 32484 32575 I ViewRootImpl@affde86[MainActivity]: Received frameDrawingCallback syncResult=0 frameNum=1.
10-08 13:26:33.707 32484 32575 I ViewRootImpl@affde86[MainActivity]: Setting up sync and frameCommitCallback
10-08 13:26:33.722 32484 32506 I BLASTBufferQueue: [ViewRootImpl@affde86[MainActivity]#11](f:0,a:0) onFrameAvailable the first frame is available
10-08 13:26:33.724 32484 32506 I ViewRootImpl@affde86[MainActivity]: Received frameCommittedCallback lastAttemptedDrawFrameNum=1 didProduceBuffer=true
10-08 13:26:33.726 32484 32506 D OpenGLRenderer: CFMS:: SetUp Pid : 32484    Tid : 32506
10-08 13:26:33.730 32484 32484 I ViewRootImpl@affde86[MainActivity]: onSyncComplete
10-08 13:26:33.730 32484 32484 I ViewRootImpl@affde86[MainActivity]: setupSync seqId=0 mSyncId=0 fn=1 caller=android.view.ViewRootImpl$$ExternalSyntheticLambda11.accept:6 android.window.SurfaceSyncer.lambda$setupSync$1$android-window-SurfaceSyncer:128 android.window.SurfaceSyncer$$ExternalSyntheticLambda1.accept:8 android.window.SurfaceSyncer$SyncSet.checkIfSyncIsComplete:382 android.window.SurfaceSyncer$SyncSet.markSyncReady:359 android.window.SurfaceSyncer.markSyncReady:151 android.view.ViewRootImpl.performTraversals:4503 
10-08 13:26:33.731 32484 32484 I ViewRootImpl@affde86[MainActivity]: reportDrawFinished seqId=0 mSyncId=-1 fn=1 mSurfaceChangedTransaction=0x7b42d40200
10-08 13:26:33.739 32484 32484 I ViewRootImpl@27a4bf[MainActivity]: MSG_WINDOW_FOCUS_CHANGED 0 0
10-08 13:26:33.792 32484 32484 I ViewRootImpl@affde86[MainActivity]: MSG_WINDOW_FOCUS_CHANGED 1 0
10-08 13:26:33.792 32484 32484 I ViewRootImpl@affde86[MainActivity]: mThreadedRenderer.initializeIfNeeded()#2 mSurface={isValid=true 0x7bed855800}
10-08 13:26:37.426 32484 32484 I ViewRootImpl@affde86[MainActivity]: ViewPostIme pointer 0
10-08 13:26:37.524 32484 32484 I ViewRootImpl@affde86[MainActivity]: ViewPostIme pointer 1
10-08 13:26:37.602 32484 32484 W BpBinder: Large outgoing transaction of 413624 bytes, interface descriptor <uncached descriptor>, code 1
10-08 13:26:37.609 32484 32484 I MSHandlerLifeCycle: removeMultiSplitHandler: no exist. decor=DecorView@897ad75[MainActivity]
10-08 13:26:37.611 32484 32506 D OpenGLRenderer: setSurface called with nullptr
10-08 13:26:37.611 32484 32506 D OpenGLRenderer: setSurface() destroyed EGLSurface
10-08 13:26:37.611 32484 32506 D OpenGLRenderer: destroyEglSurface
10-08 13:26:37.613 32484 32506 D OpenGLRenderer: endAllActiveAnimators on 0x7ae65b3100 (RippleDrawable) with handle 0x7b3ca26980
10-08 13:26:37.614 32484 32484 I ViewRootImpl@affde86[MainActivity]: dispatchDetachedFromWindow
10-08 13:26:37.637 32484 32484 D InputTransport: Input channel destroyed: 'eb85b5d', fd=147
10-08 13:26:37.657 32484 32484 I ViewRootImpl@27a4bf[MainActivity]: MSG_WINDOW_FOCUS_CHANGED 1 0
10-08 13:26:37.657 32484 32484 I ViewRootImpl@27a4bf[MainActivity]: mThreadedRenderer.initializeIfNeeded()#2 mSurface={isValid=true 0x7b78fc0800}
10-08 13:26:37.661 32484 32484 D InputMethodManager: startInputInner - Id : 0
10-08 13:26:37.662 32484 32484 I InputMethodManager: startInputInner - mService.startInputOrWindowGainedFocus
10-08 13:26:41.515 32484 32484 I ViewRootImpl@27a4bf[MainActivity]: ViewPostIme pointer 0
10-08 13:26:41.632 32484 32484 D WindowOnBackDispatcher: onBackInvoked, viewRoot=ViewRootImpl@affde86[MainActivity], callback=androidx.activity.OnBackPressedDispatcher$Api33Impl$$ExternalSyntheticLambda0@4ecd78e
10-08 13:26:41.641 32484 32484 I IMM_LC  : hsifw() - flag : 0
10-08 13:26:41.641 32484 32484 I IMM_LC  : hsifw() - mService.hideSoftInput
10-08 13:26:41.649 32484 32484 D ScrollView: initGoToTop
10-08 13:26:41.690 32484 32484 E CoilImgLoader: Error loading image: coil3.request.NullRequestDataException: The request's data is null.
10-08 13:26:41.705 32484 32484 D ScrollView:  onsize change changed 
10-08 13:26:42.735 32484 32484 I ViewRootImpl@27a4bf[MainActivity]: ViewPostIme pointer 0
10-08 13:26:42.844 32484 32484 D WindowOnBackDispatcher: onBackInvoked, viewRoot=ViewRootImpl@affde86[MainActivity], callback=androidx.activity.OnBackPressedDispatcher$Api33Impl$$ExternalSyntheticLambda0@4ecd78e
10-08 13:26:42.851 32484 32484 I IMM_LC  : hsifw() - flag : 0
10-08 13:26:42.851 32484 32484 I IMM_LC  : hsifw() - mService.hideSoftInput
10-08 13:26:45.534 32484 32484 I ViewRootImpl@27a4bf[MainActivity]: ViewPostIme pointer 0
10-08 13:26:45.874 32484 32484 I ViewRootImpl@27a4bf[MainActivity]: ViewPostIme pointer 1
10-08 13:26:47.381 32484 32484 I ViewRootImpl@27a4bf[MainActivity]: ViewPostIme pointer 0
10-08 13:26:47.653 32484 32484 I ViewRootImpl@27a4bf[MainActivity]: ViewPostIme pointer 1
10-08 13:26:48.581 32484 32484 I ViewRootImpl@27a4bf[MainActivity]: ViewPostIme pointer 0
10-08 13:26:48.656 32484 32484 I ViewRootImpl@27a4bf[MainActivity]: ViewPostIme pointer 1
10-08 13:26:48.668 32484 32484 I NavComponent: Navigating to fragment: 2131362274
10-08 13:26:48.678 32484 32484 I IMM_LC  : hsifw() - flag : 0
10-08 13:26:48.678 32484 32484 I IMM_LC  : hsifw() - mService.hideSoftInput
10-08 13:26:48.742 32484 32484 D ScrollView: initGoToTop
10-08 13:26:49.004 32484 32484 I SurfaceView@2c19f3f: onWindowVisibilityChanged(0) true android.view.SurfaceView{2c19f3f V.E..V... ......I. 0,0-0,0} of ViewRootImpl@27a4bf[MainActivity]
10-08 13:26:49.004 32484 32484 D SurfaceView@2c19f3f: updateSurface: has no frame
10-08 13:26:49.009 32484 32484 I CS3ExoPlayer: SET STYLE = SaveCaptionStyle(foregroundColor=-1, backgroundColor=0, windowColor=0, edgeType=1, edgeColor=-16777216, typeface=null, typefaceFilePath=null, elevation=20, fixedTextSize=null, edgeSize=null, removeCaptions=false, removeBloat=true, upperCase=false, bold=false, italic=false, backgroundRadius=null)
10-08 13:26:49.018 32484 32484 I IMM_LC  : hsifw() - flag : 0
10-08 13:26:49.018 32484 32484 I IMM_LC  : hsifw() - mService.hideSoftInput
10-08 13:26:49.020 32484 32534 I SYNCVM  : addFromUrl = https://tv6.egydead.live/%d9%85%d8%b4%d8%a7%d9%87%d8%af%d8%a9-%d9%81%d9%8a%d9%84%d9%85-mantis-2025-%d9%85%d8%aa%d8%b1%d8%ac%d9%85/
10-08 13:26:49.021 32484 32534 I SYNCUTIL: getIdsFromUrl https://tv6.egydead.live/%d9%85%d8%b4%d8%a7%d9%87%d8%af%d8%a9-%d9%81%d9%8a%d9%84%d9%85-mantis-2025-%d9%85%d8%aa%d8%b1%d8%ac%d9%85/
10-08 13:26:49.035 32484 32484 I SurfaceView@2c19f3f: onWindowVisibilityChanged(8) false android.view.SurfaceView{2c19f3f V.E..V... ......I. 0,0-0,0} of ViewRootImpl@27a4bf[MainActivity]
10-08 13:26:49.035 32484 32484 D SurfaceView@2c19f3f: updateSurface: has no frame
10-08 13:26:49.035 32484 32484 D SurfaceView@2c19f3f: updateSurface: has no frame
10-08 13:26:49.035 32484 32484 I SurfaceView@2c19f3f: onDetachedFromWindow: tryReleaseSurfaces()
10-08 13:26:49.035 32484 32484 I SurfaceView@2c19f3f: releaseSurfaces: viewRoot = ViewRootImpl@27a4bf[MainActivity]
10-08 13:26:49.036 32484 32484 I SurfaceView@2c19f3f: applyTransactionOnVriDraw: vri = ViewRootImpl@27a4bf[MainActivity] fRS = true t = 0x7b09773f00 android.view.SurfaceView.releaseSurfaces:858 android.view.SurfaceView.onDetachedFromWindow:500 android.view.View.dispatchDetachedFromWindow:22538 
10-08 13:26:49.036 32484 32484 I SurfaceView@2c19f3f: applyTransactionOnVriDraw: viewRoot.applyTransactionOnDrawFromReleaseSurfaces
10-08 13:26:49.036 32484 32484 I ViewRootImpl@27a4bf[MainActivity]: applyTransactionOnDraw: mRemoved = false isHardwareEnabled = true t = 0x7b09773f00android.view.ViewRootImpl.applyTransactionOnDrawFromReleaseSurfaces:12850 android.view.SurfaceView.applyTransactionOnVriDraw:2046 android.view.SurfaceView.releaseSurfaces:858 android.view.SurfaceView.onDetachedFromWindow:500 android.view.View.dispatchDetachedFromWindow:22538 
10-08 13:26:49.038 32484 32484 I SurfaceView@2c19f3f: onWindowVisibilityChanged(0) true android.view.SurfaceView{2c19f3f V.E..V... ......I. 0,0-0,0} of ViewRootImpl@27a4bf[MainActivity]
10-08 13:26:49.038 32484 32484 D SurfaceView@2c19f3f: updateSurface: has no frame
10-08 13:26:49.040 32484 32484 I DecorView: notifyKeepScreenOnChanged: keepScreenOn=false
10-08 13:26:49.052 32484 32484 I CS3ExoPlayer: reloadPlayer
10-08 13:26:49.052 32484 32484 I CS3ExoPlayer: releasePlayer
10-08 13:26:49.052 32484 32484 I CS3ExoPlayer: Handle event: PlayerAttachedEvent(player=null, source=Player)
10-08 13:26:49.057 32484 32484 I ViewRootImpl@27a4bf[MainActivity]: performTraversals params={(0,0)(fillxfill) sim={state=always_hidden adjust=resize} ty=BASE_APPLICATION wanim=0x1030309
10-08 13:26:49.057 32484 32484 I ViewRootImpl@27a4bf[MainActivity]:   fl=85810100
10-08 13:26:49.057 32484 32484 I ViewRootImpl@27a4bf[MainActivity]:   pfl=12020040
10-08 13:26:49.057 32484 32484 I ViewRootImpl@27a4bf[MainActivity]:   vsysui=500
10-08 13:26:49.057 32484 32484 I ViewRootImpl@27a4bf[MainActivity]:   bhv=DEFAULT
10-08 13:26:49.057 32484 32484 I ViewRootImpl@27a4bf[MainActivity]:   fitSides= naviIconColor=0}
10-08 13:26:49.057 32484 32484 I ViewRootImpl@27a4bf[MainActivity]: performTraversals mFirst=false windowShouldResize=false viewVisibilityChanged=false mForceNextWindowRelayout=false params={(0,0)(fillxfill) sim={state=always_hidden adjust=resize} ty=BASE_APPLICATION fmt=TRANSLUCENT wanim=0x1030309
10-08 13:26:49.057 32484 32484 I ViewRootImpl@27a4bf[MainActivity]:   fl=85810100
10-08 13:26:49.057 32484 32484 I ViewRootImpl@27a4bf[MainActivity]:   pfl=12020040
10-08 13:26:49.057 32484 32484 I ViewRootImpl@27a4bf[MainActivity]:   vsysui=500
10-08 13:26:49.057 32484 32484 I ViewRootImpl@27a4bf[MainActivity]:   bhv=DEFAULT
10-08 13:26:49.057 32484 32484 I ViewRootImpl@27a4bf[MainActivity]:   fitSides= naviIconColor=0}
10-08 13:26:49.068 32484 32484 I ViewRootImpl@27a4bf[MainActivity]: updateBlastSurfaceIfNeeded mBlastBufferQueue=0x7b42cdf900 isSameSurfaceControl=true
10-08 13:26:49.069 32484 32484 I BLASTBufferQueue: update, w= 1080 h= 2400 mName = ViewRootImpl@27a4bf[MainActivity] mNativeObject= 0x7b42cdf900 sc.mNativeObject= 0x7b5cf6aea0 format= -3 caller= android.view.ViewRootImpl.updateBlastSurfaceIfNeeded:2898 android.view.ViewRootImpl.relayoutWindow:9847 android.view.ViewRootImpl.performTraversals:3884 android.view.ViewRootImpl.doTraversal:3116 android.view.ViewRootImpl$TraversalRunnable.run:10885 android.view.Choreographer$CallbackRecord.run:1301 
10-08 13:26:49.069 32484 32484 I ViewRootImpl@27a4bf[MainActivity]: Relayout returned: old=(0,0,1080,2400) new=(0,0,1080,2400) req=(1080,2400)0 dur=11 res=0x0 s={true 0x7b78fc0800} ch=false seqId=0
10-08 13:26:49.069 32484 32484 I ViewRootImpl@27a4bf[MainActivity]: updateBoundsLayer: t = android.view.SurfaceControl$Transaction@2ea08c3 sc = Surface(name=Bounds for - com.lagradost.cloudstream3/com.lagradost.cloudstream3.MainActivity@0)/@0x6235540 frame = 1436
10-08 13:26:49.069 32484 32484 I ViewRootImpl@27a4bf[MainActivity]: mWNT: t=0x7b6024e900 mBlastBufferQueue=0x7b42cdf900 fn= 1436 caller= android.view.ViewRootImpl.prepareSurfaces:2985 android.view.ViewRootImpl.performTraversals:4233 android.view.ViewRootImpl.doTraversal:3116 
10-08 13:26:49.071 32484 32484 W View    : requestLayout() improperly called by android.widget.FrameLayout{9792fe9 I.E..V... ......I. 0,0-0,0 #7f0a04e7 app:id/start_panel} during layout: running second layout pass
10-08 13:26:49.071 32484 32484 W View    : requestLayout() improperly called by android.widget.FrameLayout{c68946e I.E..V... ......ID 1080,0-1080,2143 #7f0a0168 app:id/end_panel} during layout: running second layout pass
10-08 13:26:49.074 32484 32484 D SurfaceView@2c19f3f: updateSurface: has no frame
10-08 13:26:49.080 32484 32574 I ViewRootImpl@27a4bf[MainActivity]: mWNT: t=0x7b09773f00 mBlastBufferQueue=0x7b42cdf900 fn= 1436 caller= android.view.ViewRootImpl.lambda$applyTransactionOnDraw$11$android-view-ViewRootImpl:12865 android.view.ViewRootImpl$$ExternalSyntheticLambda1.onFrameDraw:4 android.graphics.HardwareRenderer$FrameDrawingCallback.onFrameDraw:924 
10-08 13:26:49.082 32484 32484 D SurfaceView@2c19f3f: updateSurface: has no frame
10-08 13:26:49.106 32484 32484 D SurfaceView@2c19f3f: updateSurface: has no frame
10-08 13:26:49.125 32484 32484 D SurfaceView@2c19f3f: updateSurface: has no frame
10-08 13:26:49.153 32484 32484 D SurfaceView@2c19f3f: updateSurface: has no frame
10-08 13:26:49.176 32484 32484 D SurfaceView@2c19f3f: updateSurface: has no frame
10-08 13:26:49.189 32484 32484 D SurfaceView@2c19f3f: updateSurface: has no frame
10-08 13:26:49.208 32484 32484 D SurfaceView@2c19f3f: updateSurface: has no frame
10-08 13:26:49.242 32484 32484 D SurfaceView@2c19f3f: updateSurface: has no frame
10-08 13:26:49.246 32484 32484 D SurfaceView@2c19f3f: updateSurface: has no frame
10-08 13:26:49.263 32484 32484 D SurfaceView@2c19f3f: updateSurface: has no frame
10-08 13:26:49.280 32484 32484 D SurfaceView@2c19f3f: updateSurface: has no frame
10-08 13:26:49.296 32484 32484 D SurfaceView@2c19f3f: updateSurface: has no frame
10-08 13:26:49.313 32484 32484 D SurfaceView@2c19f3f: updateSurface: has no frame
10-08 13:26:49.329 32484 32484 D SurfaceView@2c19f3f: updateSurface: has no frame
10-08 13:26:49.346 32484 32484 D SurfaceView@2c19f3f: updateSurface: has no frame
10-08 13:26:49.363 32484 32484 D SurfaceView@2c19f3f: updateSurface: has no frame
10-08 13:26:49.380 32484 32484 D SurfaceView@2c19f3f: updateSurface: has no frame
10-08 13:26:49.396 32484 32484 D SurfaceView@2c19f3f: updateSurface: has no frame
10-08 13:26:49.413 32484 32484 D SurfaceView@2c19f3f: updateSurface: has no frame
10-08 13:26:49.430 32484 32484 D SurfaceView@2c19f3f: updateSurface: has no frame
10-08 13:26:49.447 32484 32484 D SurfaceView@2c19f3f: updateSurface: has no frame
10-08 13:26:49.463 32484 32484 D SurfaceView@2c19f3f: updateSurface: has no frame
10-08 13:26:49.479 32484 32484 D SurfaceView@2c19f3f: updateSurface: has no frame
10-08 13:26:49.496 32484 32484 D SurfaceView@2c19f3f: updateSurface: has no frame
10-08 13:26:49.513 32484 32484 D SurfaceView@2c19f3f: updateSurface: has no frame
10-08 13:26:49.530 32484 32484 D SurfaceView@2c19f3f: updateSurface: has no frame
10-08 13:26:49.546 32484 32484 D SurfaceView@2c19f3f: updateSurface: has no frame
10-08 13:26:49.564 32484 32484 D SurfaceView@2c19f3f: updateSurface: has no frame
10-08 13:26:49.581 32484 32484 D SurfaceView@2c19f3f: updateSurface: has no frame
10-08 13:26:49.596 32484 32484 D SurfaceView@2c19f3f: updateSurface: has no frame
10-08 13:26:49.613 32484 32484 D SurfaceView@2c19f3f: updateSurface: has no frame
10-08 13:26:49.629 32484 32484 D SurfaceView@2c19f3f: updateSurface: has no frame
10-08 13:26:49.636 32484 32535 I RVM2    : applyMeta
10-08 13:26:49.642 32484 32484 W PanelsChildGestureRegionObserver: failed to register view with ID 2131362800. already registered
10-08 13:26:49.645 32484 32484 E CoilImgLoader: Error loading image: coil3.request.NullRequestDataException: The request's data is null.
10-08 13:26:49.650 32484 32484 E CoilImgLoader: Error loading image: coil3.request.NullRequestDataException: The request's data is null.
10-08 13:26:49.680 32484 32535 I SYNCVM  : addFromUrl = https://tv6.egydead.live/%d9%85%d8%b4%d8%a7%d9%87%d8%af%d8%a9-%d9%81%d9%8a%d9%84%d9%85-mantis-2025-%d9%85%d8%aa%d8%b1%d8%ac%d9%85/
10-08 13:26:49.680 32484 32535 I SYNCUTIL: getIdsFromUrl https://tv6.egydead.live/%d9%85%d8%b4%d8%a7%d9%87%d8%af%d8%a9-%d9%81%d9%8a%d9%84%d9%85-mantis-2025-%d9%85%d8%aa%d8%b1%d8%ac%d9%85/
10-08 13:26:49.687 32484 32484 D SurfaceView@2c19f3f: updateSurface: has no frame
10-08 13:26:49.688 32484 32484 I SurfaceView@2c19f3f: Changes: creating=true format=true size=true visible=true alpha=false hint=false mUseAlpha=false visible=true left=true top=true
10-08 13:26:49.690 32484 32484 I BLASTBufferQueue: update, w= 1080 h= 525 mName = null mNativeObject= 0x7b3cc52400 sc.mNativeObject= 0x7b5d11b5e0 format= 4 caller= android.view.SurfaceView.createBlastSurfaceControls:1383 android.view.SurfaceView.updateSurface:1079 android.view.SurfaceView.lambda$new$0$android-view-SurfaceView:200 android.view.SurfaceView$$ExternalSyntheticLambda5.onPreDraw:2 android.view.ViewTreeObserver.dispatchOnPreDraw:1121 android.view.ViewRootImpl.performTraversals:4442 
10-08 13:26:49.690 32484 32484 I SurfaceView@2c19f3f: 46243647 Cur surface: Surface(name=null)/@0xb358236
10-08 13:26:49.690 32484 32484 I SurfaceView@2c19f3f: pST: sr = Rect(0, 218 - 1080, 743) sw = 1080 sh = 525
10-08 13:26:49.690 32484 32484 D SurfaceView@2c19f3f: performSurfaceTransaction RenderWorker position = [0, 218, 1080, 743] surfaceSize = 1080x525
10-08 13:26:49.690 32484 32484 I SurfaceView@2c19f3f: applyTransactionOnVriDraw: vri = ViewRootImpl@27a4bf[MainActivity] fRS = false t = 0x7b42d01600 android.view.SurfaceView.performSurfaceTransaction:959 android.view.SurfaceView.updateSurface:1105 android.view.SurfaceView.lambda$new$0$android-view-SurfaceView:200 
10-08 13:26:49.691 32484 32484 I ViewRootImpl@27a4bf[MainActivity]: applyTransactionOnDraw: mRemoved = false isHardwareEnabled = true t = 0x7b42d01600android.view.SurfaceView.applyTransactionOnVriDraw:2048 android.view.SurfaceView.performSurfaceTransaction:959 android.view.SurfaceView.updateSurface:1105 android.view.SurfaceView.lambda$new$0$android-view-SurfaceView:200 android.view.SurfaceView$$ExternalSyntheticLambda5.onPreDraw:2 
10-08 13:26:49.691 32484 32484 I SurfaceView@2c19f3f: updateSurface: mVisible = true mSurface.isValid() = true
10-08 13:26:49.691 32484 32484 I SurfaceView@2c19f3f: updateSurface: mSurfaceCreated = false surfaceChanged = true visibleChanged = true
10-08 13:26:49.691 32484 32484 I SurfaceView@2c19f3f: visibleChanged -- surfaceCreated
10-08 13:26:49.691 32484 32484 I SurfaceView@2c19f3f: surfaceCreated 0 #8 android.view.SurfaceView{2c19f3f V.E..V... ......ID 0,0-1080,525}
10-08 13:26:49.691 32484 32484 I SurfaceView@2c19f3f: surfaceChanged -- format=4 w=1080 h=525
10-08 13:26:49.691 32484 32484 I SurfaceView@2c19f3f: surfaceChanged (1080,525) 0 #8 android.view.SurfaceView{2c19f3f V.E..V... ......ID 0,0-1080,525}
10-08 13:26:49.691 32484 32484 I SurfaceView@2c19f3f: surfaceRedrawNeeded
10-08 13:26:49.691 32484 32484 V SurfaceView@2c19f3f: Layout: x=0 y=218 w=1080 h=525, frame=Rect(0, 0 - 1080, 525)
10-08 13:26:49.701 32484 32575 D SurfaceView@2c19f3f: updateSurfacePosition RenderWorker, frameNr = 1469, position = [0, 218, 1080, 743] surfaceSize = 1080x525
10-08 13:26:49.701 32484 32575 I SurfaceView@2c19f3f: uSP: rtp = Rect(0, 218 - 1080, 743) rtsw = 1080 rtsh = 525
10-08 13:26:49.701 32484 32575 I SurfaceView@2c19f3f: onSSPAndSRT: pl = 0 pt = 218 sx = 1.0 sy = 1.0
10-08 13:26:49.701 32484 32575 I SurfaceView@2c19f3f: aOrMT: ViewRootImpl@27a4bf[MainActivity] t = android.view.SurfaceControl$Transaction@bffcdd3 fN = 1469 android.view.SurfaceView.-$$Nest$mapplyOrMergeTransaction:0 android.view.SurfaceView$SurfaceViewPositionUpdateListener.positionChanged:1537 android.graphics.RenderNode$CompositePositionUpdateListener.positionChanged:373 
10-08 13:26:49.702 32484 32575 I ViewRootImpl@27a4bf[MainActivity]: mWNT: t=0x7ae6065000 mBlastBufferQueue=0x7b42cdf900 fn= 1469 caller= android.view.SurfaceView.applyOrMergeTransaction:1455 android.view.SurfaceView.-$$Nest$mapplyOrMergeTransaction:0 android.view.SurfaceView$SurfaceViewPositionUpdateListener.positionChanged:1537 
10-08 13:26:49.702 32484 32575 I ViewRootImpl@27a4bf[MainActivity]: mWNT: t=0x7b42d01600 mBlastBufferQueue=0x7b42cdf900 fn= 1469 caller= android.view.ViewRootImpl.lambda$applyTransactionOnDraw$11$android-view-ViewRootImpl:12865 android.view.ViewRootImpl$$ExternalSyntheticLambda1.onFrameDraw:4 android.graphics.HardwareRenderer$FrameDrawingCallback.onFrameDraw:924 
10-08 13:26:49.704 32484 32484 I SurfaceView@2c19f3f: finishedDrawing
10-08 13:26:51.058 32484 32484 I ViewRootImpl@27a4bf[MainActivity]: ViewPostIme pointer 0
10-08 13:26:51.587 32484 32484 I Dialog  : mIsDeviceDefault = false, mIsSamsungBasicInteraction = false, isMetaDataInActivity = false
10-08 13:26:51.631 32484 32484 I DecorView: [INFO] isPopOver=false config=false
10-08 13:26:51.632 32484 32484 I DecorView: updateCaptionType: isFloating=false isApplication=true hasWindowDecorCaption=false this=DecorView@c4fb63b[]
10-08 13:26:51.632 32484 32484 D DecorView: setCaptionType = 0, this = DecorView@c4fb63b[]
10-08 13:26:51.635 32484 32484 I DecorView: getCurrentDensityDpi: from app context. densityDpi=420 msg=resources_loaded
10-08 13:26:51.635 32484 32484 I DecorView: setWindowBackground: isPopOver=false color=0 d=android.graphics.drawable.ColorDrawable@b8352b1
10-08 13:26:51.650 32484 32506 D NativeCustomFrequencyManager: [NativeCFMS] BpCustomFrequencyManager::BpCustomFrequencyManager()
10-08 13:26:51.651 32484 32484 I DecorView: notifyKeepScreenOnChanged: keepScreenOn=false
10-08 13:26:51.670 32484 32484 D InsetsController: onStateChanged: InsetsState: {mDisplayFrame=Rect(0, 0 - 1080, 2400), mDisplayCutout=DisplayCutout{insets=Rect(0, 88 - 0, 0) waterfall=Insets{left=0, top=0, right=0, bottom=0} boundingRect={Bounds=[Rect(0, 0 - 0, 0), Rect(512, 0 - 568, 88), Rect(0, 0 - 0, 0), Rect(0, 0 - 0, 0)]} cutoutPathParserInfo={CutoutPathParserInfo{displayWidth=1080 displayHeight=2400 physicalDisplayWidth=1080 physicalDisplayHeight=2400 density={2.625} cutoutSpec={M 0,0 M 0,12.25101276465640 a 10.60613009248640,10.60613009248640 0 1,0 0,21.21226018497290 a 10.60613009248640,10.60613009248640 0 1,0 0,-21.21226018497290 Z @dp} rotation={0} scale={1.0} physicalPixelDisplaySizeRatio={1.0}}}}, mRoundedCorners=RoundedCorners{[RoundedCorner{position=TopLeft, radius=84, center=Point(84, 84)}, RoundedCorner{position=TopRight, radius=84, center=Point(996, 84)}, RoundedCorner{position=BottomRight, radius=84, center=Point(996, 2316)}, RoundedCorner{position=BottomLeft, radius=84, center=Point(84, 2316)}]}  mRoundedCornerFrame=Rect(0, 0 - 1080, 2400), mPrivacyIndicatorBounds=PrivacyIndicatorBounds {static bounds=Rect(964, 0 - 1080, 87) rotation=0}, mSources= { InsetsSource: {mType=ITYPE_STATUS_BAR, mFrame=[0,0][1080,88], mVisible=true, mInsetsRoundedCornerFrame=false}, InsetsSource: {mType=ITYPE_NAVIGATION_BAR, mFrame=[0,2361][1080,2400], mVisible=true, mInsetsRoundedCornerFrame=false}, InsetsSource: {mType=ITYPE_LEFT_GESTURES, mFrame=[0,0][130,2400], mVisible=true, mInsetsRoundedCornerFrame=false}, InsetsSource: {mType=ITYPE_RIGHT_GESTURES, mFrame=[950,0][1080,2400], mVisible=true, mInsetsRoundedCornerFrame=false}, InsetsSource: {mType=ITYPE_TOP_MANDATORY_GESTURES, mFrame=[0,0][1080,120], mVisible=true, mInsetsRoundedCornerFrame=false}, InsetsSource: {mType=ITYPE_BOTTOM_MANDATORY_GESTURES, mFrame=[0,2316][1080,2400], mVisible=true, mInsetsRoundedCornerFrame=false}, InsetsSource: {mType=ITYPE_LEFT_DISPLAY_CUTOUT, mFrame=[0,0][-100000,2400], mVisible=true, mInsetsRoundedCornerFrame=false}, InsetsSource: {mType=ITYPE_TOP_DISPLAY_CUTOUT, mFrame=[0,0][1080,88], mVisible=true, mInsetsRoundedCornerFrame=false}, InsetsSource: {mType=ITYPE_RIGHT_DISPLAY_CUTOUT, mFrame=[100000,0][1080,2400], mVisible=true, mInsetsRoundedCornerFrame=false}, InsetsSource: {mType=ITYPE_BOTTOM_DISPLAY_CUTOUT, mFrame=[0,100000][1080,2400], mVisible=true, mInsetsRoundedCornerFrame=false}, InsetsSource: {mType=ITYPE_TOP_TAPPABLE_ELEMENT, mFrame=[0,0][1080,88], mVisible=true, mInsetsRoundedCornerFrame=false}, InsetsSource: {mType=ITYPE_BOTTOM_TAPPABLE_ELEMENT, mFrame=[0,0][0,0], mVisible=true, mInsetsRoundedCornerFrame=false}, InsetsSource: {mType=ITYPE_IME, mFrame=[0,0][0,0], mVisible=false, mInsetsRoundedCornerFrame=false} } host=com.lagradost.cloudstream3/com.lagradost.cloudstream3.MainActivity from=android.view.ViewRootImpl.setView:1732
10-08 13:26:51.671 32484 32484 I ViewRootImpl@6b83f6e[MainActivity]: setView = com.android.internal.policy.DecorView@c4fb63b TM=true
10-08 13:26:51.691 32484 32484 I ViewRootImpl@6b83f6e[MainActivity]: performTraversals params={(0,0)(fillxfill) gr=CENTER sim={adjust=resize forwardNavigation} ty=APPLICATION fmt=TRANSPARENT wanim=0x7f14000b
10-08 13:26:51.691 32484 32484 I ViewRootImpl@6b83f6e[MainActivity]:   fl=85810100
10-08 13:26:51.691 32484 32484 I ViewRootImpl@6b83f6e[MainActivity]:   pfl=12020040
10-08 13:26:51.691 32484 32484 I ViewRootImpl@6b83f6e[MainActivity]:   vsysui=500
10-08 13:26:51.691 32484 32484 I ViewRootImpl@6b83f6e[MainActivity]:   bhv=DEFAULT
10-08 13:26:51.691 32484 32484 I ViewRootImpl@6b83f6e[MainActivity]:   fitSides= naviIconColor=0}
