10-09 00:14:35.326 12347 12399 D nativeloader: Configuring clns-7 for other apk /data/app/~~iwwqLfGPKTES2hsQd9D3lw==/com.google.android.webview-qbQIISas-S18wMUdMAIFhw==/base.apk. target_sdk_version=36, uses_libraries=, library_path=/data/app/~~iwwqLfGPKTES2hsQd9D3lw==/com.google.android.webview-qbQIISas-S18wMUdMAIFhw==/lib/arm64:/data/app/~~iwwqLfGPKTES2hsQd9D3lw==/com.google.android.webview-qbQIISas-S18wMUdMAIFhw==/base.apk!/lib/arm64-v8a:/data/app/~~0iK79XW9X0QppaGo2hZ3dg==/com.google.android.trichromelibrary_733920733-6bb0wVyJqr8G8vJnjVAKKg==/base.apk!/lib/arm64-v8a, permitted_path=/data:/mnt/expand
10-09 00:14:35.329 12347 12347 D CompatibilityChangeReporter: Compat change id reported: 171228096; UID 10523; state: ENABLED
10-09 00:14:35.374 12347 12399 I cr_WVCFactoryProvider: version=140.0.7339.207 (733920733) minSdkVersion=29 multiprocess=true packageId=2 splits=<none>
10-09 00:14:35.379 12347 12399 D nativeloader: Load /data/app/~~0iK79XW9X0QppaGo2hZ3dg==/com.google.android.trichromelibrary_733920733-6bb0wVyJqr8G8vJnjVAKKg==/base.apk!/lib/arm64-v8a/libmonochrome_64.so using class loader ns clns-7 (caller=/data/app/~~iwwqLfGPKTES2hsQd9D3lw==/com.google.android.webview-qbQIISas-S18wMUdMAIFhw==/base.apk): ok
10-09 00:14:35.382 12347 12399 D nativeloader: Load /system/lib64/libwebviewchromium_plat_support.so using class loader ns clns-7 (caller=/data/app/~~iwwqLfGPKTES2hsQd9D3lw==/com.google.android.webview-qbQIISas-S18wMUdMAIFhw==/base.apk): ok
10-09 00:14:35.386 12347 12470 I chromium: [1009/001435.385770:INFO:android_webview/browser/variations/variations_seed_loader.cc:67] Failed to open file for reading.: No such file or directory (2)
10-09 00:14:35.393 12347 12399 I cr_LibraryLoader: Successfully loaded native library
10-09 00:14:35.394 12347 12399 I cr_CachingUmaRecorder: Flushed 13 samples from 13 histograms, 0 samples were dropped.
10-09 00:14:35.404 12347 12347 I ViewRootImpl@c867560[MainActivity]: performTraversals mFirst=false windowShouldResize=false viewVisibilityChanged=false mForceNextWindowRelayout=false params={(0,0)(fillxfill) sim={state=always_hidden adjust=pan} ty=BASE_APPLICATION wanim=0x1030309
10-09 00:14:35.404 12347 12347 I ViewRootImpl@c867560[MainActivity]:   fl=85810100
10-09 00:14:35.404 12347 12347 I ViewRootImpl@c867560[MainActivity]:   pfl=12020040
10-09 00:14:35.404 12347 12347 I ViewRootImpl@c867560[MainActivity]:   vsysui=500
10-09 00:14:35.404 12347 12347 I ViewRootImpl@c867560[MainActivity]:   bhv=DEFAULT
10-09 00:14:35.404 12347 12347 I ViewRootImpl@c867560[MainActivity]:   fitSides= naviIconColor=0}
10-09 00:14:35.411 12347 12347 I ViewRootImpl@c867560[MainActivity]: updateBlastSurfaceIfNeeded mBlastBufferQueue=0x7b3e8aac00 isSameSurfaceControl=true
10-09 00:14:35.411 12347 12347 I BLASTBufferQueue: update, w= 1080 h= 2400 mName = ViewRootImpl@c867560[MainActivity] mNativeObject= 0x7b3e8aac00 sc.mNativeObject= 0x7b286be2e0 format= -1 caller= android.view.ViewRootImpl.updateBlastSurfaceIfNeeded:2898 android.view.ViewRootImpl.relayoutWindow:9847 android.view.ViewRootImpl.performTraversals:3884 android.view.ViewRootImpl.doTraversal:3116 android.view.ViewRootImpl$TraversalRunnable.run:10885 android.view.Choreographer$CallbackRecord.run:1301 
10-09 00:14:35.411 12347 12347 I ViewRootImpl@c867560[MainActivity]: Relayout returned: old=(0,0,1080,2400) new=(0,0,1080,2400) req=(1080,2400)0 dur=7 res=0x0 s={true 0x7bdd362000} ch=false seqId=0
10-09 00:14:35.734 12347 12485 D ProfileInstaller: Skipping profile installation for com.lagradost.cloudstream3
10-09 00:14:36.329 12347 12347 I ViewRootImpl@c867560[MainActivity]: performTraversals mFirst=false windowShouldResize=false viewVisibilityChanged=false mForceNextWindowRelayout=false params={(0,0)(fillxfill) sim={state=always_hidden adjust=resize} ty=BASE_APPLICATION wanim=0x1030309
10-09 00:14:36.329 12347 12347 I ViewRootImpl@c867560[MainActivity]:   fl=85810100
10-09 00:14:36.329 12347 12347 I ViewRootImpl@c867560[MainActivity]:   pfl=12020040
10-09 00:14:36.329 12347 12347 I ViewRootImpl@c867560[MainActivity]:   vsysui=500
10-09 00:14:36.329 12347 12347 I ViewRootImpl@c867560[MainActivity]:   bhv=DEFAULT
10-09 00:14:36.329 12347 12347 I ViewRootImpl@c867560[MainActivity]:   fitSides= naviIconColor=0}
10-09 00:14:36.339 12347 12347 I ViewRootImpl@c867560[MainActivity]: updateBlastSurfaceIfNeeded mBlastBufferQueue=0x7b3e8aac00 isSameSurfaceControl=true
10-09 00:14:36.339 12347 12347 I BLASTBufferQueue: update, w= 1080 h= 2400 mName = ViewRootImpl@c867560[MainActivity] mNativeObject= 0x7b3e8aac00 sc.mNativeObject= 0x7b3e879840 format= -1 caller= android.view.ViewRootImpl.updateBlastSurfaceIfNeeded:2898 android.view.ViewRootImpl.relayoutWindow:9847 android.view.ViewRootImpl.performTraversals:3884 android.view.ViewRootImpl.doTraversal:3116 android.view.ViewRootImpl$TraversalRunnable.run:10885 android.view.Choreographer$CallbackRecord.run:1301 
10-09 00:14:36.340 12347 12347 I ViewRootImpl@c867560[MainActivity]: Relayout returned: old=(0,0,1080,2400) new=(0,0,1080,2400) req=(1080,2400)0 dur=10 res=0x0 s={true 0x7bdd362000} ch=false seqId=0
10-09 00:14:36.372 12347 12347 D CoilImgLoader: setupCoilLogger: Activated EVENT_LISTENER FOR COIL
10-09 00:14:36.372 12347 12347 D CoilImgLoader: buildImageLoader: Setting COIL Image Loader.
10-09 00:14:36.716 12347 12371 D OpenGLRenderer: setSurface called with nullptr
10-09 00:14:36.716 12347 12371 D OpenGLRenderer: setSurface() destroyed EGLSurface
10-09 00:14:36.716 12347 12371 D OpenGLRenderer: destroyEglSurface
10-09 00:14:36.717 12347 12347 I ViewRootImpl@5c38493[Toast]: dispatchDetachedFromWindow
10-09 00:14:36.727 12347 12347 D InputTransport: Input channel destroyed: '73e598c', fd=148
10-09 00:14:37.413 12347 12347 I ViewRootImpl@c867560[MainActivity]: ViewPostIme pointer 0
10-09 00:14:37.698 12347 12347 I ViewRootImpl@c867560[MainActivity]: ViewPostIme pointer 1
10-09 00:14:38.264 12347 12347 I ViewRootImpl@c867560[MainActivity]: ViewPostIme pointer 0
10-09 00:14:38.686 12347 12347 I ViewRootImpl@c867560[MainActivity]: ViewPostIme pointer 1
10-09 00:14:39.231 12347 12347 I ViewRootImpl@c867560[MainActivity]: ViewPostIme pointer 0
10-09 00:14:39.289 12347 12347 I ViewRootImpl@c867560[MainActivity]: ViewPostIme pointer 1
10-09 00:14:39.302 12347 12347 I NavComponent: Navigating to fragment: 2131362274
10-09 00:14:39.360 12347 12347 I IMM_LC  : hsifw() - flag : 0
10-09 00:14:39.360 12347 12347 I IMM_LC  : hsifw() - mService.hideSoftInput
10-09 00:14:39.415 12347 12347 D ScrollView: initGoToTop
10-09 00:14:39.459 12347 12355 W st.cloudstream3: Cleared Reference was only reachable from finalizer (only reported once)
10-09 00:14:39.523 12347 12355 I st.cloudstream3: Background concurrent copying GC freed 26MB AllocSpace bytes, 132(8080KB) LOS objects, 49% free, 18MB/37MB, paused 452us,118us total 216.704ms
10-09 00:14:39.527 12347 12371 D OpenGLRenderer: setSurface called with nullptr
10-09 00:14:39.527 12347 12371 D OpenGLRenderer: setSurface called with nullptr
10-09 00:14:39.537 12347 12357 W System  : A resource failed to call close. 
10-09 00:14:39.745 12347 12347 I SurfaceView@b57d5c1: onWindowVisibilityChanged(0) true android.view.SurfaceView{b57d5c1 V.E...... ......I. 0,0-0,0} of ViewRootImpl@c867560[MainActivity]
10-09 00:14:39.745 12347 12347 D SurfaceView@b57d5c1: updateSurface: has no frame
10-09 00:14:39.755 12347 12347 I CS3ExoPlayer: SET STYLE = SaveCaptionStyle(foregroundColor=-1, backgroundColor=0, windowColor=0, edgeType=1, edgeColor=-16777216, typeface=null, typefaceFilePath=null, elevation=20, fixedTextSize=null, edgeSize=null, removeCaptions=false, removeBloat=true, upperCase=false, bold=false, italic=false, backgroundRadius=null)
10-09 00:14:39.775 12347 12347 D VideoClickActionHolder: allVideoClickActions: [null:com.lagradost.cloudstream3.actions.temp.PlayInBrowserAction, null:com.lagradost.cloudstream3.actions.temp.CopyClipboardAction, null:com.lagradost.cloudstream3.actions.temp.ViewM3U8Action, null:com.lagradost.cloudstream3.actions.temp.VlcPackage, null:com.lagradost.cloudstream3.actions.temp.MpvPackage, null:com.lagradost.cloudstream3.actions.temp.NextPlayerPackage, null:com.lagradost.cloudstream3.actions.temp.JustPlayerPackage, null:com.lagradost.cloudstream3.actions.temp.fcast.FcastAction, null:com.lagradost.cloudstream3.actions.temp.LibreTorrentPackage, null:com.lagradost.cloudstream3.actions.temp.BiglyBTPackage, null:com.lagradost.cloudstream3.actions.temp.VlcNightlyPackage, null:com.lagradost.cloudstream3.actions.temp.WebVideoCastPackage, null:com.lagradost.cloudstream3.actions.temp.MpvYTDLPackage, null:com.lagradost.cloudstream3.actions.temp.MpvKtPackage, null:com.lagradost.cloudstream3.actions.temp.MpvKtPreviewPackage, null:com.lagradost.cloudstream3.actions.AlwaysAskAction]
10-09 00:14:39.776 12347 12347 I IMM_LC  : hsifw() - flag : 0
10-09 00:14:39.776 12347 12347 I IMM_LC  : hsifw() - mService.hideSoftInput
10-09 00:14:39.779 12347 12408 I SYNCVM  : addFromUrl = https://tv6.egydead.live/%d9%85%d8%b4%d8%a7%d9%87%d8%af%d8%a9-%d9%81%d9%8a%d9%84%d9%85-pretty-crazy-2025-%d9%85%d8%aa%d8%b1%d8%ac%d9%85/
10-09 00:14:39.780 12347 12408 I SYNCUTIL: getIdsFromUrl https://tv6.egydead.live/%d9%85%d8%b4%d8%a7%d9%87%d8%af%d8%a9-%d9%81%d9%8a%d9%84%d9%85-pretty-crazy-2025-%d9%85%d8%aa%d8%b1%d8%ac%d9%85/
10-09 00:14:39.781 12347 12407 I RVM2    : applyMeta
10-09 00:14:39.794 12347 12347 I SurfaceView@b57d5c1: onWindowVisibilityChanged(8) false android.view.SurfaceView{b57d5c1 V.E...... ......I. 0,0-0,0} of ViewRootImpl@c867560[MainActivity]
10-09 00:14:39.794 12347 12347 D SurfaceView@b57d5c1: updateSurface: has no frame
10-09 00:14:39.794 12347 12347 D SurfaceView@b57d5c1: updateSurface: has no frame
10-09 00:14:39.794 12347 12347 I SurfaceView@b57d5c1: onDetachedFromWindow: tryReleaseSurfaces()
10-09 00:14:39.794 12347 12347 I SurfaceView@b57d5c1: releaseSurfaces: viewRoot = ViewRootImpl@c867560[MainActivity]
10-09 00:14:39.794 12347 12347 I SurfaceView@b57d5c1: applyTransactionOnVriDraw: vri = ViewRootImpl@c867560[MainActivity] fRS = true t = 0x7b289a4500 android.view.SurfaceView.releaseSurfaces:858 android.view.SurfaceView.onDetachedFromWindow:500 android.view.View.dispatchDetachedFromWindow:22538 
10-09 00:14:39.794 12347 12347 I SurfaceView@b57d5c1: applyTransactionOnVriDraw: viewRoot.applyTransactionOnDrawFromReleaseSurfaces
10-09 00:14:39.794 12347 12347 I ViewRootImpl@c867560[MainActivity]: applyTransactionOnDraw: mRemoved = false isHardwareEnabled = true t = 0x7b289a4500android.view.ViewRootImpl.applyTransactionOnDrawFromReleaseSurfaces:12850 android.view.SurfaceView.applyTransactionOnVriDraw:2046 android.view.SurfaceView.releaseSurfaces:858 android.view.SurfaceView.onDetachedFromWindow:500 android.view.View.dispatchDetachedFromWindow:22538 
10-09 00:14:39.796 12347 12347 I SurfaceView@b57d5c1: onWindowVisibilityChanged(0) true android.view.SurfaceView{b57d5c1 V.E...... ......I. 0,0-0,0} of ViewRootImpl@c867560[MainActivity]
10-09 00:14:39.796 12347 12347 D SurfaceView@b57d5c1: updateSurface: has no frame
10-09 00:14:39.802 12347 12347 I DecorView: notifyKeepScreenOnChanged: keepScreenOn=false
10-09 00:14:39.815 12347 12347 I CS3ExoPlayer: reloadPlayer
10-09 00:14:39.815 12347 12347 I CS3ExoPlayer: releasePlayer
10-09 00:14:39.816 12347 12347 I CS3ExoPlayer: Handle event: PlayerAttachedEvent(player=null, source=Player)
10-09 00:14:39.822 12347 12347 I ViewRootImpl@c867560[MainActivity]: performTraversals params={(0,0)(fillxfill) sim={state=always_hidden adjust=resize} ty=BASE_APPLICATION wanim=0x1030309
10-09 00:14:39.822 12347 12347 I ViewRootImpl@c867560[MainActivity]:   fl=85810100
10-09 00:14:39.822 12347 12347 I ViewRootImpl@c867560[MainActivity]:   pfl=12020040
10-09 00:14:39.822 12347 12347 I ViewRootImpl@c867560[MainActivity]:   vsysui=500
10-09 00:14:39.822 12347 12347 I ViewRootImpl@c867560[MainActivity]:   bhv=DEFAULT
10-09 00:14:39.822 12347 12347 I ViewRootImpl@c867560[MainActivity]:   fitSides= naviIconColor=0}
10-09 00:14:39.822 12347 12347 I ViewRootImpl@c867560[MainActivity]: performTraversals mFirst=false windowShouldResize=false viewVisibilityChanged=false mForceNextWindowRelayout=false params={(0,0)(fillxfill) sim={state=always_hidden adjust=resize} ty=BASE_APPLICATION fmt=TRANSLUCENT wanim=0x1030309
10-09 00:14:39.822 12347 12347 I ViewRootImpl@c867560[MainActivity]:   fl=85810100
10-09 00:14:39.822 12347 12347 I ViewRootImpl@c867560[MainActivity]:   pfl=12020040
10-09 00:14:39.822 12347 12347 I ViewRootImpl@c867560[MainActivity]:   vsysui=500
10-09 00:14:39.822 12347 12347 I ViewRootImpl@c867560[MainActivity]:   bhv=DEFAULT
10-09 00:14:39.822 12347 12347 I ViewRootImpl@c867560[MainActivity]:   fitSides= naviIconColor=0}
10-09 00:14:39.833 12347 12347 I ViewRootImpl@c867560[MainActivity]: updateBlastSurfaceIfNeeded mBlastBufferQueue=0x7b3e8aac00 isSameSurfaceControl=true
10-09 00:14:39.833 12347 12347 I BLASTBufferQueue: update, w= 1080 h= 2400 mName = ViewRootImpl@c867560[MainActivity] mNativeObject= 0x7b3e8aac00 sc.mNativeObject= 0x7b0641ed60 format= -3 caller= android.view.ViewRootImpl.updateBlastSurfaceIfNeeded:2898 android.view.ViewRootImpl.relayoutWindow:9847 android.view.ViewRootImpl.performTraversals:3884 android.view.ViewRootImpl.doTraversal:3116 android.view.ViewRootImpl$TraversalRunnable.run:10885 android.view.Choreographer$CallbackRecord.run:1301 
10-09 00:14:39.834 12347 12347 I ViewRootImpl@c867560[MainActivity]: Relayout returned: old=(0,0,1080,2400) new=(0,0,1080,2400) req=(1080,2400)0 dur=11 res=0x0 s={true 0x7bdd362000} ch=false seqId=0
10-09 00:14:39.835 12347 12347 W View    : requestLayout() improperly called by android.widget.FrameLayout{dcca870 I.E...... ......I. 0,0-0,0 #7f0a04e7 app:id/start_panel} during layout: running second layout pass
10-09 00:14:39.835 12347 12347 W View    : requestLayout() improperly called by android.widget.FrameLayout{21607e9 I.E...... ......ID 1080,0-1080,2143 #7f0a0168 app:id/end_panel} during layout: running second layout pass
10-09 00:14:39.837 12347 12347 D SurfaceView@b57d5c1: updateSurface: has no frame
10-09 00:14:39.841 12347 12452 I ViewRootImpl@c867560[MainActivity]: mWNT: t=0x7b289a4500 mBlastBufferQueue=0x7b3e8aac00 fn= 225 caller= android.view.ViewRootImpl.lambda$applyTransactionOnDraw$11$android-view-ViewRootImpl:12865 android.view.ViewRootImpl$$ExternalSyntheticLambda1.onFrameDraw:4 android.graphics.HardwareRenderer$FrameDrawingCallback.onFrameDraw:924 
10-09 00:14:39.844 12347 12347 D SurfaceView@b57d5c1: updateSurface: has no frame
10-09 00:14:39.860 12347 12347 D SurfaceView@b57d5c1: updateSurface: has no frame
10-09 00:14:39.878 12347 12347 D SurfaceView@b57d5c1: updateSurface: has no frame
10-09 00:14:39.899 12347 12347 D SurfaceView@b57d5c1: updateSurface: has no frame
10-09 00:14:39.919 12347 12347 D SurfaceView@b57d5c1: updateSurface: has no frame
10-09 00:14:39.930 12347 12347 D SurfaceView@b57d5c1: updateSurface: has no frame
10-09 00:14:39.946 12347 12347 D SurfaceView@b57d5c1: updateSurface: has no frame
10-09 00:14:39.964 12347 12347 D SurfaceView@b57d5c1: updateSurface: has no frame
10-09 00:14:39.983 12347 12347 D SurfaceView@b57d5c1: updateSurface: has no frame
10-09 00:14:39.996 12347 12347 D SurfaceView@b57d5c1: updateSurface: has no frame
10-09 00:14:40.013 12347 12347 D SurfaceView@b57d5c1: updateSurface: has no frame
10-09 00:14:40.030 12347 12347 D SurfaceView@b57d5c1: updateSurface: has no frame
10-09 00:14:40.046 12347 12347 D SurfaceView@b57d5c1: updateSurface: has no frame
10-09 00:14:40.063 12347 12347 D SurfaceView@b57d5c1: updateSurface: has no frame
10-09 00:14:40.080 12347 12347 D SurfaceView@b57d5c1: updateSurface: has no frame
10-09 00:14:40.081 12347 12347 W PanelsChildGestureRegionObserver: failed to register view with ID 2131362800. already registered
10-09 00:14:40.085 12347 12347 E CoilImgLoader: Error loading image: coil3.request.NullRequestDataException: The request's data is null.
10-09 00:14:40.091 12347 12347 E CoilImgLoader: Error loading image: coil3.request.NullRequestDataException: The request's data is null.
10-09 00:14:40.125 12347 12407 I SYNCVM  : addFromUrl = https://tv6.egydead.live/%d9%85%d8%b4%d8%a7%d9%87%d8%af%d8%a9-%d9%81%d9%8a%d9%84%d9%85-pretty-crazy-2025-%d9%85%d8%aa%d8%b1%d8%ac%d9%85/
10-09 00:14:40.125 12347 12407 I SYNCUTIL: getIdsFromUrl https://tv6.egydead.live/%d9%85%d8%b4%d8%a7%d9%87%d8%af%d8%a9-%d9%81%d9%8a%d9%84%d9%85-pretty-crazy-2025-%d9%85%d8%aa%d8%b1%d8%ac%d9%85/
10-09 00:14:40.137 12347 12347 I ViewRootImpl@c867560[MainActivity]: performTraversals mFirst=false windowShouldResize=false viewVisibilityChanged=false mForceNextWindowRelayout=false params={(0,0)(fillxfill) sim={state=always_hidden adjust=pan} ty=BASE_APPLICATION fmt=TRANSLUCENT wanim=0x1030309
10-09 00:14:40.137 12347 12347 I ViewRootImpl@c867560[MainActivity]:   fl=85810100
10-09 00:14:40.137 12347 12347 I ViewRootImpl@c867560[MainActivity]:   pfl=12020040
10-09 00:14:40.137 12347 12347 I ViewRootImpl@c867560[MainActivity]:   vsysui=500
10-09 00:14:40.137 12347 12347 I ViewRootImpl@c867560[MainActivity]:   bhv=DEFAULT
10-09 00:14:40.137 12347 12347 I ViewRootImpl@c867560[MainActivity]:   fitSides= naviIconColor=0}
10-09 00:14:40.145 12347 12347 I ViewRootImpl@c867560[MainActivity]: updateBlastSurfaceIfNeeded mBlastBufferQueue=0x7b3e8aac00 isSameSurfaceControl=true
10-09 00:14:40.145 12347 12347 I BLASTBufferQueue: update, w= 1080 h= 2400 mName = ViewRootImpl@c867560[MainActivity] mNativeObject= 0x7b3e8aac00 sc.mNativeObject= 0x7b06456fe0 format= -3 caller= android.view.ViewRootImpl.updateBlastSurfaceIfNeeded:2898 android.view.ViewRootImpl.relayoutWindow:9847 android.view.ViewRootImpl.performTraversals:3884 android.view.ViewRootImpl.doTraversal:3116 android.view.ViewRootImpl$TraversalRunnable.run:10885 android.view.Choreographer$CallbackRecord.run:1301 
10-09 00:14:40.145 12347 12347 I ViewRootImpl@c867560[MainActivity]: Relayout returned: old=(0,0,1080,2400) new=(0,0,1080,2400) req=(1080,2400)0 dur=8 res=0x0 s={true 0x7bdd362000} ch=false seqId=0
10-09 00:14:40.146 12347 12347 D SurfaceView@b57d5c1: updateSurface: has no frame
10-09 00:14:40.147 12347 12347 I SurfaceView@b57d5c1: Changes: creating=true format=true size=true visible=true alpha=false hint=false mUseAlpha=false visible=true left=true top=true
10-09 00:14:40.151 12347 12347 I BLASTBufferQueue: update, w= 1080 h= 525 mName = null mNativeObject= 0x7ca9456d00 sc.mNativeObject= 0x7b06458200 format= 4 caller= android.view.SurfaceView.createBlastSurfaceControls:1383 android.view.SurfaceView.updateSurface:1079 android.view.SurfaceView.lambda$new$0$android-view-SurfaceView:200 android.view.SurfaceView$$ExternalSyntheticLambda5.onPreDraw:2 android.view.ViewTreeObserver.dispatchOnPreDraw:1121 android.view.ViewRootImpl.performTraversals:4442 
10-09 00:14:40.151 12347 12347 I SurfaceView@b57d5c1: 190305729 Cur surface: Surface(name=null)/@0x306ac62
10-09 00:14:40.151 12347 12347 I SurfaceView@b57d5c1: pST: sr = Rect(0, 218 - 1080, 743) sw = 1080 sh = 525
10-09 00:14:40.151 12347 12347 D SurfaceView@b57d5c1: performSurfaceTransaction RenderWorker position = [0, 218, 1080, 743] surfaceSize = 1080x525
10-09 00:14:40.151 12347 12347 I SurfaceView@b57d5c1: applyTransactionOnVriDraw: vri = ViewRootImpl@c867560[MainActivity] fRS = false t = 0x7b0620d000 android.view.SurfaceView.performSurfaceTransaction:959 android.view.SurfaceView.updateSurface:1105 android.view.SurfaceView.lambda$new$0$android-view-SurfaceView:200 
10-09 00:14:40.152 12347 12347 I ViewRootImpl@c867560[MainActivity]: applyTransactionOnDraw: mRemoved = false isHardwareEnabled = true t = 0x7b0620d000android.view.SurfaceView.applyTransactionOnVriDraw:2048 android.view.SurfaceView.performSurfaceTransaction:959 android.view.SurfaceView.updateSurface:1105 android.view.SurfaceView.lambda$new$0$android-view-SurfaceView:200 android.view.SurfaceView$$ExternalSyntheticLambda5.onPreDraw:2 
10-09 00:14:40.152 12347 12347 I SurfaceView@b57d5c1: updateSurface: mVisible = true mSurface.isValid() = true
10-09 00:14:40.152 12347 12347 I SurfaceView@b57d5c1: updateSurface: mSurfaceCreated = false surfaceChanged = true visibleChanged = true
10-09 00:14:40.152 12347 12347 I SurfaceView@b57d5c1: visibleChanged -- surfaceCreated
10-09 00:14:40.152 12347 12347 I SurfaceView@b57d5c1: surfaceCreated 0 #8 android.view.SurfaceView{b57d5c1 V.E...... ......ID 0,0-1080,525}
10-09 00:14:40.152 12347 12347 I SurfaceView@b57d5c1: surfaceChanged -- format=4 w=1080 h=525
10-09 00:14:40.152 12347 12347 I SurfaceView@b57d5c1: surfaceChanged (1080,525) 0 #8 android.view.SurfaceView{b57d5c1 V.E...... ......ID 0,0-1080,525}
10-09 00:14:40.152 12347 12347 I SurfaceView@b57d5c1: surfaceRedrawNeeded
10-09 00:14:40.152 12347 12347 V SurfaceView@b57d5c1: Layout: x=0 y=218 w=1080 h=525, frame=Rect(0, 0 - 1080, 525)
10-09 00:14:40.164 12347 12453 D SurfaceView@b57d5c1: updateSurfacePosition RenderWorker, frameNr = 240, position = [0, 218, 1080, 743] surfaceSize = 1080x525
10-09 00:14:40.164 12347 12453 I SurfaceView@b57d5c1: uSP: rtp = Rect(0, 218 - 1080, 743) rtsw = 1080 rtsh = 525
10-09 00:14:40.165 12347 12453 I SurfaceView@b57d5c1: onSSPAndSRT: pl = 0 pt = 218 sx = 1.0 sy = 1.0
10-09 00:14:40.165 12347 12453 I SurfaceView@b57d5c1: aOrMT: ViewRootImpl@c867560[MainActivity] t = android.view.SurfaceControl$Transaction@4ef6fd1 fN = 240 android.view.SurfaceView.-$$Nest$mapplyOrMergeTransaction:0 android.view.SurfaceView$SurfaceViewPositionUpdateListener.positionChanged:1537 android.graphics.RenderNode$CompositePositionUpdateListener.positionChanged:373 
10-09 00:14:40.165 12347 12453 I ViewRootImpl@c867560[MainActivity]: mWNT: t=0x7b0620da00 mBlastBufferQueue=0x7b3e8aac00 fn= 240 caller= android.view.SurfaceView.applyOrMergeTransaction:1455 android.view.SurfaceView.-$$Nest$mapplyOrMergeTransaction:0 android.view.SurfaceView$SurfaceViewPositionUpdateListener.positionChanged:1537 
10-09 00:14:40.166 12347 12453 I ViewRootImpl@c867560[MainActivity]: mWNT: t=0x7b0620d000 mBlastBufferQueue=0x7b3e8aac00 fn= 240 caller= android.view.ViewRootImpl.lambda$applyTransactionOnDraw$11$android-view-ViewRootImpl:12865 android.view.ViewRootImpl$$ExternalSyntheticLambda1.onFrameDraw:4 android.graphics.HardwareRenderer$FrameDrawingCallback.onFrameDraw:924 
10-09 00:14:40.188 12347 12347 I SurfaceView@b57d5c1: finishedDrawing
10-09 00:14:41.095 12347 12347 I ViewRootImpl@c867560[MainActivity]: ViewPostIme pointer 0
10-09 00:14:41.632 12347 12347 I Dialog  : mIsDeviceDefault = false, mIsSamsungBasicInteraction = false, isMetaDataInActivity = false
10-09 00:14:41.672 12347 12347 I DecorView: [INFO] isPopOver=false config=false
10-09 00:14:41.672 12347 12347 I DecorView: updateCaptionType: isFloating=false isApplication=true hasWindowDecorCaption=false this=DecorView@780e172[]
10-09 00:14:41.673 12347 12347 D DecorView: setCaptionType = 0, this = DecorView@780e172[]
10-09 00:14:41.674 12347 12347 I DecorView: getCurrentDensityDpi: from app context. densityDpi=420 msg=resources_loaded
10-09 00:14:41.674 12347 12347 I DecorView: setWindowBackground: isPopOver=false color=0 d=android.graphics.drawable.ColorDrawable@d7b2240
10-09 00:14:41.683 12347 12371 D NativeCustomFrequencyManager: [NativeCFMS] BpCustomFrequencyManager::BpCustomFrequencyManager()
10-09 00:14:41.684 12347 12347 I DecorView: notifyKeepScreenOnChanged: keepScreenOn=false
10-09 00:14:41.695 12347 12347 D InsetsController: onStateChanged: InsetsState: {mDisplayFrame=Rect(0, 0 - 1080, 2400), mDisplayCutout=DisplayCutout{insets=Rect(0, 88 - 0, 0) waterfall=Insets{left=0, top=0, right=0, bottom=0} boundingRect={Bounds=[Rect(0, 0 - 0, 0), Rect(512, 0 - 568, 88), Rect(0, 0 - 0, 0), Rect(0, 0 - 0, 0)]} cutoutPathParserInfo={CutoutPathParserInfo{displayWidth=1080 displayHeight=2400 physicalDisplayWidth=1080 physicalDisplayHeight=2400 density={2.625} cutoutSpec={M 0,0 M 0,12.25101276465640 a 10.60613009248640,10.60613009248640 0 1,0 0,21.21226018497290 a 10.60613009248640,10.60613009248640 0 1,0 0,-21.21226018497290 Z @dp} rotation={0} scale={1.0} physicalPixelDisplaySizeRatio={1.0}}}}, mRoundedCorners=RoundedCorners{[RoundedCorner{position=TopLeft, radius=84, center=Point(84, 84)}, RoundedCorner{position=TopRight, radius=84, center=Point(996, 84)}, RoundedCorner{position=BottomRight, radius=84, center=Point(996, 2316)}, RoundedCorner{position=BottomLeft, radius=84, center=Point(84, 2316)}]}  mRoundedCornerFrame=Rect(0, 0 - 1080, 2400), mPrivacyIndicatorBounds=PrivacyIndicatorBounds {static bounds=Rect(964, 0 - 1080, 87) rotation=0}, mSources= { InsetsSource: {mType=ITYPE_STATUS_BAR, mFrame=[0,0][1080,88], mVisible=true, mInsetsRoundedCornerFrame=false}, InsetsSource: {mType=ITYPE_NAVIGATION_BAR, mFrame=[0,2361][1080,2400], mVisible=true, mInsetsRoundedCornerFrame=false}, InsetsSource: {mType=ITYPE_LEFT_GESTURES, mFrame=[0,0][130,2400], mVisible=true, mInsetsRoundedCornerFrame=false}, InsetsSource: {mType=ITYPE_RIGHT_GESTURES, mFrame=[950,0][1080,2400], mVisible=true, mInsetsRoundedCornerFrame=false}, InsetsSource: {mType=ITYPE_TOP_MANDATORY_GESTURES, mFrame=[0,0][1080,120], mVisible=true, mInsetsRoundedCornerFrame=false}, InsetsSource: {mType=ITYPE_BOTTOM_MANDATORY_GESTURES, mFrame=[0,2316][1080,2400], mVisible=true, mInsetsRoundedCornerFrame=false}, InsetsSource: {mType=ITYPE_LEFT_DISPLAY_CUTOUT, mFrame=[0,0][-100000,2400], mVisible=true, mInsetsRoundedCornerFrame=false}, InsetsSource: {mType=ITYPE_TOP_DISPLAY_CUTOUT, mFrame=[0,0][1080,88], mVisible=true, mInsetsRoundedCornerFrame=false}, InsetsSource: {mType=ITYPE_RIGHT_DISPLAY_CUTOUT, mFrame=[100000,0][1080,2400], mVisible=true, mInsetsRoundedCornerFrame=false}, InsetsSource: {mType=ITYPE_BOTTOM_DISPLAY_CUTOUT, mFrame=[0,100000][1080,2400], mVisible=true, mInsetsRoundedCornerFrame=false}, InsetsSource: {mType=ITYPE_TOP_TAPPABLE_ELEMENT, mFrame=[0,0][1080,88], mVisible=true, mInsetsRoundedCornerFrame=false}, InsetsSource: {mType=ITYPE_BOTTOM_TAPPABLE_ELEMENT, mFrame=[0,0][0,0], mVisible=true, mInsetsRoundedCornerFrame=false}, InsetsSource: {mType=ITYPE_IME, mFrame=[0,0][0,0], mVisibleFrame=[0,1409][1080,2400], mVisible=false, mInsetsRoundedCornerFrame=false} } host=com.lagradost.cloudstream3/com.lagradost.cloudstream3.MainActivity from=android.view.ViewRootImpl.setView:1732
10-09 00:14:41.696 12347 12347 I ViewRootImpl@81d2ab1[MainActivity]: setView = com.android.internal.policy.DecorView@780e172 TM=true
10-09 00:14:41.722 12347 12347 I ViewRootImpl@81d2ab1[MainActivity]: performTraversals params={(0,0)(fillxfill) gr=CENTER sim={adjust=resize forwardNavigation} ty=APPLICATION fmt=TRANSPARENT wanim=0x7f14000b
10-09 00:14:41.722 12347 12347 I ViewRootImpl@81d2ab1[MainActivity]:   fl=85810100
10-09 00:14:41.722 12347 12347 I ViewRootImpl@81d2ab1[MainActivity]:   pfl=12020040
10-09 00:14:41.722 12347 12347 I ViewRootImpl@81d2ab1[MainActivity]:   vsysui=500
10-09 00:14:41.722 12347 12347 I ViewRootImpl@81d2ab1[MainActivity]:   bhv=DEFAULT
10-09 00:14:41.722 12347 12347 I ViewRootImpl@81d2ab1[MainActivity]:   fitSides= naviIconColor=0}
10-09 00:14:41.723 12347 12347 I ViewRootImpl@81d2ab1[MainActivity]: performTraversals mFirst=true windowShouldResize=true viewVisibilityChanged=false mForceNextWindowRelayout=false params={(0,0)(fillxfill) gr=CENTER sim={adjust=resize forwardNavigation} ty=APPLICATION fmt=TRANSPARENT wanim=0x7f14000b
10-09 00:14:41.723 12347 12347 I ViewRootImpl@81d2ab1[MainActivity]:   fl=85810100
10-09 00:14:41.723 12347 12347 I ViewRootImpl@81d2ab1[MainActivity]:   pfl=12020040
10-09 00:14:41.723 12347 12347 I ViewRootImpl@81d2ab1[MainActivity]:   vsysui=500
10-09 00:14:41.723 12347 12347 I ViewRootImpl@81d2ab1[MainActivity]:   bhv=DEFAULT
10-09 00:14:41.723 12347 12347 I ViewRootImpl@81d2ab1[MainActivity]:   fitSides= naviIconColor=0}
10-09 00:14:41.735 12347 12347 I ViewRootImpl@81d2ab1[MainActivity]: updateBlastSurfaceIfNeeded mBlastBufferQueue=null isSameSurfaceControl=false
10-09 00:14:41.735 12347 12347 I BLASTBufferQueue: new BLASTBufferQueue, mName= ViewRootImpl@81d2ab1[MainActivity] mNativeObject= 0x7bed8b2000 sc.mNativeObject= 0x7b064602e0 caller= android.view.ViewRootImpl.updateBlastSurfaceIfNeeded:2909 android.view.ViewRootImpl.relayoutWindow:9847 android.view.ViewRootImpl.performTraversals:3884 android.view.ViewRootImpl.doTraversal:3116 android.view.ViewRootImpl$TraversalRunnable.run:10885 android.view.Choreographer$CallbackRecord.run:1301 android.view.Choreographer$CallbackRecord.run:1309 android.view.Choreographer.doCallbacks:923 android.view.Choreographer.doFrame:852 android.view.Choreographer$FrameDisplayEventReceiver.run:1283 
10-09 00:14:41.736 12347 12347 I BLASTBufferQueue: update, w= 1080 h= 2400 mName = ViewRootImpl@81d2ab1[MainActivity] mNativeObject= 0x7bed8b2000 sc.mNativeObject= 0x7b064602e0 format= -2 caller= android.graphics.BLASTBufferQueue.<init>:84 android.view.ViewRootImpl.updateBlastSurfaceIfNeeded:2909 android.view.ViewRootImpl.relayoutWindow:9847 android.view.ViewRootImpl.performTraversals:3884 android.view.ViewRootImpl.doTraversal:3116 android.view.ViewRootImpl$TraversalRunnable.run:10885 
10-09 00:14:41.736 12347 12347 I ViewRootImpl@81d2ab1[MainActivity]: Relayout returned: old=(0,0,1080,2400) new=(0,0,1080,2400) req=(1080,2400)0 dur=12 res=0x3 s={true 0x7b0679d800} ch=true seqId=0
10-09 00:14:41.737 12347 12347 I ViewRootImpl@81d2ab1[MainActivity]: mThreadedRenderer.initialize() mSurface={isValid=true 0x7b0679d800} hwInitialized=true
10-09 00:14:41.738 12347 12371 D OpenGLRenderer: eglCreateWindowSurface
10-09 00:14:41.755 12347 12347 D AbsListView:  in onLayout changed 
10-09 00:14:41.757 12347 12347 I ViewRootImpl@81d2ab1[MainActivity]: reportNextDraw android.view.ViewRootImpl.performTraversals:4438 android.view.ViewRootImpl.doTraversal:3116 android.view.ViewRootImpl$TraversalRunnable.run:10885 android.view.Choreographer$CallbackRecord.run:1301 android.view.Choreographer$CallbackRecord.run:1309 
10-09 00:14:41.757 12347 12347 I ViewRootImpl@81d2ab1[MainActivity]: Setup new sync id=0
10-09 00:14:41.757 12347 12347 I ViewRootImpl@81d2ab1[MainActivity]: Setting syncFrameCallback
10-09 00:14:41.757 12347 12347 I ViewRootImpl@81d2ab1[MainActivity]: registerCallbacksForSync syncBuffer=false
10-09 00:14:41.760 12347 12452 I ViewRootImpl@81d2ab1[MainActivity]: Received frameDrawingCallback syncResult=0 frameNum=1.
10-09 00:14:41.760 12347 12452 I ViewRootImpl@81d2ab1[MainActivity]: Setting up sync and frameCommitCallback
10-09 00:14:41.769 12347 12371 I BLASTBufferQueue: [ViewRootImpl@81d2ab1[MainActivity]#4](f:0,a:0) onFrameAvailable the first frame is available
10-09 00:14:41.770 12347 12371 I ViewRootImpl@81d2ab1[MainActivity]: Received frameCommittedCallback lastAttemptedDrawFrameNum=1 didProduceBuffer=true
10-09 00:14:41.772 12347 12371 D OpenGLRenderer: CFMS:: SetUp Pid : 12347    Tid : 12371
10-09 00:14:41.776 12347 12347 I ViewRootImpl@81d2ab1[MainActivity]: onSyncComplete
10-09 00:14:41.777 12347 12347 I ViewRootImpl@81d2ab1[MainActivity]: setupSync seqId=0 mSyncId=0 fn=1 caller=android.view.ViewRootImpl$$ExternalSyntheticLambda11.accept:6 android.window.SurfaceSyncer.lambda$setupSync$1$android-window-SurfaceSyncer:128 android.window.SurfaceSyncer$$ExternalSyntheticLambda1.accept:8 android.window.SurfaceSyncer$SyncSet.checkIfSyncIsComplete:382 android.window.SurfaceSyncer$SyncSet.markSyncReady:359 android.window.SurfaceSyncer.markSyncReady:151 android.view.ViewRootImpl.performTraversals:4503 
10-09 00:14:41.777 12347 12347 I ViewRootImpl@81d2ab1[MainActivity]: reportDrawFinished seqId=0 mSyncId=-1 fn=1 mSurfaceChangedTransaction=0x7b06309600
10-09 00:14:41.780 12347 12347 I ViewRootImpl@c867560[MainActivity]: MSG_WINDOW_FOCUS_CHANGED 0 0
10-09 00:14:41.806 12347 12347 I ViewRootImpl@c867560[MainActivity]: ViewPostIme pointer 1
10-09 00:14:41.832 12347 12347 I ViewRootImpl@81d2ab1[MainActivity]: MSG_WINDOW_FOCUS_CHANGED 1 0
10-09 00:14:41.832 12347 12347 I ViewRootImpl@81d2ab1[MainActivity]: mThreadedRenderer.initializeIfNeeded()#2 mSurface={isValid=true 0x7b0679d800}
10-09 00:14:41.833 12347 12347 D InputMethodManager: startInputInner - Id : 0
10-09 00:14:41.834 12347 12347 I InputMethodManager: startInputInner - mService.startInputOrWindowGainedFocus
10-09 00:14:43.330 12347 12347 I ViewRootImpl@81d2ab1[MainActivity]: ViewPostIme pointer 0
10-09 00:14:43.371 12347 12347 I ViewRootImpl@81d2ab1[MainActivity]: ViewPostIme pointer 1
10-09 00:14:43.374 12347 12347 D AbsListView: onTouchUp() mTouchMode : 0
10-09 00:14:43.453 12347 12347 I MSHandlerLifeCycle: removeMultiSplitHandler: no exist. decor=DecorView@780e172[MainActivity]
10-09 00:14:43.454 12347 12371 D OpenGLRenderer: setSurface called with nullptr
10-09 00:14:43.454 12347 12371 D OpenGLRenderer: setSurface() destroyed EGLSurface
10-09 00:14:43.454 12347 12371 D OpenGLRenderer: destroyEglSurface
10-09 00:14:43.455 12347 12371 D OpenGLRenderer: endAllActiveAnimators on 0x7afac68900 (MaterialTextView) with handle 0x7b4cb05b60
10-09 00:14:43.456 12347 12408 D EgyDead : Loading links for URL: https://tv6.egydead.live/%d9%85%d8%b4%d8%a7%d9%87%d8%af%d8%a9-%d9%81%d9%8a%d9%84%d9%85-pretty-crazy-2025-%d9%85%d8%aa%d8%b1%d8%ac%d9%85/
10-09 00:14:43.456 12347 12347 I ViewRootImpl@81d2ab1[MainActivity]: dispatchDetachedFromWindow
10-09 00:14:43.478 12347 12347 D InputTransport: Input channel destroyed: '346bee4', fd=144
10-09 00:14:43.480 12347 12347 I Dialog  : mIsDeviceDefault = false, mIsSamsungBasicInteraction = false, isMetaDataInActivity = false
10-09 00:14:43.546 12347 12347 I DecorView: [INFO] isPopOver=false config=false
10-09 00:14:43.546 12347 12347 I DecorView: updateCaptionType: isFloating=false isApplication=true hasWindowDecorCaption=false this=DecorView@17f3be5[]
10-09 00:14:43.546 12347 12347 D DecorView: setCaptionType = 0, this = DecorView@17f3be5[]
10-09 00:14:43.548 12347 12347 I DecorView: getCurrentDensityDpi: from app context. densityDpi=420 msg=resources_loaded
10-09 00:14:43.548 12347 12347 I DecorView: setWindowBackground: isPopOver=false color=0 d=android.graphics.drawable.ColorDrawable@bfd696b
10-09 00:14:43.555 12347 12371 D NativeCustomFrequencyManager: [NativeCFMS] BpCustomFrequencyManager::BpCustomFrequencyManager()
10-09 00:14:43.556 12347 12347 I DecorView: notifyKeepScreenOnChanged: keepScreenOn=false
10-09 00:14:43.566 12347 12347 D InsetsController: onStateChanged: InsetsState: {mDisplayFrame=Rect(0, 0 - 1080, 2400), mDisplayCutout=DisplayCutout{insets=Rect(0, 88 - 0, 0) waterfall=Insets{left=0, top=0, right=0, bottom=0} boundingRect={Bounds=[Rect(0, 0 - 0, 0), Rect(512, 0 - 568, 88), Rect(0, 0 - 0, 0), Rect(0, 0 - 0, 0)]} cutoutPathParserInfo={CutoutPathParserInfo{displayWidth=1080 displayHeight=2400 physicalDisplayWidth=1080 physicalDisplayHeight=2400 density={2.625} cutoutSpec={M 0,0 M 0,12.25101276465640 a 10.60613009248640,10.60613009248640 0 1,0 0,21.21226018497290 a 10.60613009248640,10.60613009248640 0 1,0 0,-21.21226018497290 Z @dp} rotation={0} scale={1.0} physicalPixelDisplaySizeRatio={1.0}}}}, mRoundedCorners=RoundedCorners{[RoundedCorner{position=TopLeft, radius=84, center=Point(84, 84)}, RoundedCorner{position=TopRight, radius=84, center=Point(996, 84)}, RoundedCorner{position=BottomRight, radius=84, center=Point(996, 2316)}, RoundedCorner{position=BottomLeft, radius=84, center=Point(84, 2316)}]}  mRoundedCornerFrame=Rect(0, 0 - 1080, 2400), mPrivacyIndicatorBounds=PrivacyIndicatorBounds {static bounds=Rect(964, 0 - 1080, 87) rotation=0}, mSources= { InsetsSource: {mType=ITYPE_STATUS_BAR, mFrame=[0,0][1080,88], mVisible=true, mInsetsRoundedCornerFrame=false}, InsetsSource: {mType=ITYPE_NAVIGATION_BAR, mFrame=[0,2361][1080,2400], mVisible=true, mInsetsRoundedCornerFrame=false}, InsetsSource: {mType=ITYPE_LEFT_GESTURES, mFrame=[0,0][130,2400], mVisible=true, mInsetsRoundedCornerFrame=false}, InsetsSource: {mType=ITYPE_RIGHT_GESTURES, mFrame=[950,0][1080,2400], mVisible=true, mInsetsRoundedCornerFrame=false}, InsetsSource: {mType=ITYPE_TOP_MANDATORY_GESTURES, mFrame=[0,0][1080,120], mVisible=true, mInsetsRoundedCornerFrame=false}, InsetsSource: {mType=ITYPE_BOTTOM_MANDATORY_GESTURES, mFrame=[0,2316][1080,2400], mVisible=true, mInsetsRoundedCornerFrame=false}, InsetsSource: {mType=ITYPE_LEFT_DISPLAY_CUTOUT, mFrame=[0,0][-100000,2400], mVisible=true, mInsetsRoundedCornerFrame=false}, InsetsSource: {mType=ITYPE_TOP_DISPLAY_CUTOUT, mFrame=[0,0][1080,88], mVisible=true, mInsetsRoundedCornerFrame=false}, InsetsSource: {mType=ITYPE_RIGHT_DISPLAY_CUTOUT, mFrame=[100000,0][1080,2400], mVisible=true, mInsetsRoundedCornerFrame=false}, InsetsSource: {mType=ITYPE_BOTTOM_DISPLAY_CUTOUT, mFrame=[0,100000][1080,2400], mVisible=true, mInsetsRoundedCornerFrame=false}, InsetsSource: {mType=ITYPE_TOP_TAPPABLE_ELEMENT, mFrame=[0,0][1080,88], mVisible=true, mInsetsRoundedCornerFrame=false}, InsetsSource: {mType=ITYPE_BOTTOM_TAPPABLE_ELEMENT, mFrame=[0,0][0,0], mVisible=true, mInsetsRoundedCornerFrame=false}, InsetsSource: {mType=ITYPE_IME, mFrame=[0,0][0,0], mVisibleFrame=[0,1409][1080,2400], mVisible=false, mInsetsRoundedCornerFrame=false} } host=com.lagradost.cloudstream3/com.lagradost.cloudstream3.MainActivity from=android.view.ViewRootImpl.setView:1732
10-09 00:14:43.567 12347 12347 I ViewRootImpl@be44ce0[MainActivity]: setView = com.android.internal.policy.DecorView@17f3be5 TM=true
10-09 00:14:43.569 12347 12347 D InsetsController: onStateChanged: InsetsState: {mDisplayFrame=Rect(0, 0 - 1080, 2400), mDisplayCutout=DisplayCutout{insets=Rect(0, 88 - 0, 0) waterfall=Insets{left=0, top=0, right=0, bottom=0} boundingRect={Bounds=[Rect(0, 0 - 0, 0), Rect(512, 0 - 568, 88), Rect(0, 0 - 0, 0), Rect(0, 0 - 0, 0)]} cutoutPathParserInfo={CutoutPathParserInfo{displayWidth=1080 displayHeight=2400 physicalDisplayWidth=1080 physicalDisplayHeight=2400 density={2.625} cutoutSpec={M 0,0 M 0,12.25101276465640 a 10.60613009248640,10.60613009248640 0 1,0 0,21.21226018497290 a 10.60613009248640,10.60613009248640 0 1,0 0,-21.21226018497290 Z @dp} rotation={0} scale={1.0} physicalPixelDisplaySizeRatio={1.0}}}}, mRoundedCorners=RoundedCorners{[RoundedCorner{position=TopLeft, radius=84, center=Point(84, 84)}, RoundedCorner{position=TopRight, radius=84, center=Point(996, 84)}, RoundedCorner{position=BottomRight, radius=84, center=Point(996, 2316)}, RoundedCorner{position=BottomLeft, radius=84, center=Point(84, 2316)}]}  mRoundedCornerFrame=Rect(0, 0 - 1080, 2400), mPrivacyIndicatorBounds=PrivacyIndicatorBounds {static bounds=Rect(964, 0 - 1080, 87) rotation=0}, mSources= { InsetsSource: {mType=ITYPE_STATUS_BAR, mFrame=[0,0][1080,88], mVisible=true, mInsetsRoundedCornerFrame=false}, InsetsSource: {mType=ITYPE_NAVIGATION_BAR, mFrame=[0,2361][1080,2400], mVisible=true, mInsetsRoundedCornerFrame=false}, InsetsSource: {mType=ITYPE_LEFT_GESTURES, mFrame=[0,0][130,2400], mVisible=true, mInsetsRoundedCornerFrame=false}, InsetsSource: {mType=ITYPE_RIGHT_GESTURES, mFrame=[950,0][1080,2400], mVisible=true, mInsetsRoundedCornerFrame=false}, InsetsSource: {mType=ITYPE_TOP_MANDATORY_GESTURES, mFrame=[0,0][1080,120], mVisible=true, mInsetsRoundedCornerFrame=false}, InsetsSource: {mType=ITYPE_BOTTOM_MANDATORY_GESTURES, mFrame=[0,2316][1080,2400], mVisible=true, mInsetsRoundedCornerFrame=false}, InsetsSource: {mType=ITYPE_LEFT_DISPLAY_CUTOUT, mFrame=[0,0][-100000,2400], mVisible=true, mInsetsRoundedCornerFrame=false}, InsetsSource: {mType=ITYPE_TOP_DISPLAY_CUTOUT, mFrame=[0,0][1080,88], mVisible=true, mInsetsRoundedCornerFrame=false}, InsetsSource: {mType=ITYPE_RIGHT_DISPLAY_CUTOUT, mFrame=[100000,0][1080,2400], mVisible=true, mInsetsRoundedCornerFrame=false}, InsetsSource: {mType=ITYPE_BOTTOM_DISPLAY_CUTOUT, mFrame=[0,100000][1080,2400], mVisible=true, mInsetsRoundedCornerFrame=false}, InsetsSource: {mType=ITYPE_TOP_TAPPABLE_ELEMENT, mFrame=[0,0][1080,88], mVisible=true, mInsetsRoundedCornerFrame=false}, InsetsSource: {mType=ITYPE_BOTTOM_TAPPABLE_ELEMENT, mFrame=[0,0][0,0], mVisible=true, mInsetsRoundedCornerFrame=false} } host=com.lagradost.cloudstream3/com.lagradost.cloudstream3.MainActivity from=android.view.ViewRootImpl$ViewRootHandler.handleMessageImpl:6740
10-09 00:14:43.577 12347 12347 I ViewRootImpl@be44ce0[MainActivity]: performTraversals params={(0,0)(fillxfill) gr=CENTER sim={adjust=pan forwardNavigation} ty=APPLICATION fmt=TRANSPARENT wanim=0x7f14000b
10-09 00:14:43.577 12347 12347 I ViewRootImpl@be44ce0[MainActivity]:   fl=85810100
10-09 00:14:43.577 12347 12347 I ViewRootImpl@be44ce0[MainActivity]:   pfl=12020040
10-09 00:14:43.577 12347 12347 I ViewRootImpl@be44ce0[MainActivity]:   vsysui=500
10-09 00:14:43.577 12347 12347 I ViewRootImpl@be44ce0[MainActivity]:   bhv=DEFAULT
10-09 00:14:43.577 12347 12347 I ViewRootImpl@be44ce0[MainActivity]:   fitSides= naviIconColor=0}
10-09 00:14:43.578 12347 12347 I ViewRootImpl@be44ce0[MainActivity]: performTraversals mFirst=true windowShouldResize=true viewVisibilityChanged=false mForceNextWindowRelayout=false params={(0,0)(fillxfill) gr=CENTER sim={adjust=pan forwardNavigation} ty=APPLICATION fmt=TRANSPARENT wanim=0x7f14000b
10-09 00:14:43.578 12347 12347 I ViewRootImpl@be44ce0[MainActivity]:   fl=85810100
10-09 00:14:43.578 12347 12347 I ViewRootImpl@be44ce0[MainActivity]:   pfl=12020040
10-09 00:14:43.578 12347 12347 I ViewRootImpl@be44ce0[MainActivity]:   vsysui=500
10-09 00:14:43.578 12347 12347 I ViewRootImpl@be44ce0[MainActivity]:   bhv=DEFAULT
10-09 00:14:43.578 12347 12347 I ViewRootImpl@be44ce0[MainActivity]:   fitSides= naviIconColor=0}
10-09 00:14:43.594 12347 12347 I ViewRootImpl@be44ce0[MainActivity]: updateBlastSurfaceIfNeeded mBlastBufferQueue=null isSameSurfaceControl=false
10-09 00:14:43.595 12347 12347 I BLASTBufferQueue: new BLASTBufferQueue, mName= ViewRootImpl@be44ce0[MainActivity] mNativeObject= 0x7bed8b2300 sc.mNativeObject= 0x7b3e971880 caller= android.view.ViewRootImpl.updateBlastSurfaceIfNeeded:2909 android.view.ViewRootImpl.relayoutWindow:9847 android.view.ViewRootImpl.performTraversals:3884 android.view.ViewRootImpl.doTraversal:3116 android.view.ViewRootImpl$TraversalRunnable.run:10885 android.view.Choreographer$CallbackRecord.run:1301 android.view.Choreographer$CallbackRecord.run:1309 android.view.Choreographer.doCallbacks:923 android.view.Choreographer.doFrame:852 android.view.Choreographer$FrameDisplayEventReceiver.run:1283 
10-09 00:14:43.595 12347 12347 I BLASTBufferQueue: update, w= 1080 h= 2400 mName = ViewRootImpl@be44ce0[MainActivity] mNativeObject= 0x7bed8b2300 sc.mNativeObject= 0x7b3e971880 format= -2 caller= android.graphics.BLASTBufferQueue.<init>:84 android.view.ViewRootImpl.updateBlastSurfaceIfNeeded:2909 android.view.ViewRootImpl.relayoutWindow:9847 android.view.ViewRootImpl.performTraversals:3884 android.view.ViewRootImpl.doTraversal:3116 android.view.ViewRootImpl$TraversalRunnable.run:10885 
10-09 00:14:43.595 12347 12347 I ViewRootImpl@be44ce0[MainActivity]: Relayout returned: old=(0,0,1080,2400) new=(0,0,1080,2400) req=(1080,2400)0 dur=16 res=0x3 s={true 0x7b0679d800} ch=true seqId=0
10-09 00:14:43.597 12347 12347 I ViewRootImpl@be44ce0[MainActivity]: mThreadedRenderer.initialize() mSurface={isValid=true 0x7b0679d800} hwInitialized=true
10-09 00:14:43.598 12347 12371 D OpenGLRenderer: eglCreateWindowSurface
10-09 00:14:43.601 12347 12347 I ViewRootImpl@be44ce0[MainActivity]: reportNextDraw android.view.ViewRootImpl.performTraversals:4438 android.view.ViewRootImpl.doTraversal:3116 android.view.ViewRootImpl$TraversalRunnable.run:10885 android.view.Choreographer$CallbackRecord.run:1301 android.view.Choreographer$CallbackRecord.run:1309 
10-09 00:14:43.601 12347 12347 I ViewRootImpl@be44ce0[MainActivity]: Setup new sync id=0
10-09 00:14:43.601 12347 12347 I ViewRootImpl@be44ce0[MainActivity]: Setting syncFrameCallback
10-09 00:14:43.602 12347 12347 I ViewRootImpl@be44ce0[MainActivity]: registerCallbacksForSync syncBuffer=false
10-09 00:14:43.604 12347 12453 I ViewRootImpl@be44ce0[MainActivity]: Received frameDrawingCallback syncResult=0 frameNum=1.
10-09 00:14:43.604 12347 12453 I ViewRootImpl@be44ce0[MainActivity]: Setting up sync and frameCommitCallback
10-09 00:14:43.612 12347 12371 I BLASTBufferQueue: [ViewRootImpl@be44ce0[MainActivity]#5](f:0,a:0) onFrameAvailable the first frame is available
10-09 00:14:43.614 12347 12371 I ViewRootImpl@be44ce0[MainActivity]: Received frameCommittedCallback lastAttemptedDrawFrameNum=1 didProduceBuffer=true
10-09 00:14:43.618 12347 12371 D OpenGLRenderer: CFMS:: SetUp Pid : 12347    Tid : 12371
10-09 00:14:43.623 12347 12347 I ViewRootImpl@be44ce0[MainActivity]: onSyncComplete
10-09 00:14:43.624 12347 12347 I ViewRootImpl@be44ce0[MainActivity]: setupSync seqId=0 mSyncId=0 fn=1 caller=android.view.ViewRootImpl$$ExternalSyntheticLambda11.accept:6 android.window.SurfaceSyncer.lambda$setupSync$1$android-window-SurfaceSyncer:128 android.window.SurfaceSyncer$$ExternalSyntheticLambda1.accept:8 android.window.SurfaceSyncer$SyncSet.checkIfSyncIsComplete:382 android.window.SurfaceSyncer$SyncSet.markSyncReady:359 android.window.SurfaceSyncer.markSyncReady:151 android.view.ViewRootImpl.performTraversals:4503 
10-09 00:14:43.625 12347 12347 I ViewRootImpl@be44ce0[MainActivity]: reportDrawFinished seqId=0 mSyncId=-1 fn=1 mSurfaceChangedTransaction=0x7b5ccdf600
10-09 00:14:43.625 12347 12347 I ViewRootImpl@c867560[MainActivity]: MSG_WINDOW_FOCUS_CHANGED 0 0
10-09 00:14:43.656 12347 12347 I ViewRootImpl@c867560[MainActivity]: MSG_WINDOW_FOCUS_CHANGED 0 0
10-09 00:14:43.683 12347 12347 I ViewRootImpl@be44ce0[MainActivity]: MSG_WINDOW_FOCUS_CHANGED 1 0
10-09 00:14:43.683 12347 12347 I ViewRootImpl@be44ce0[MainActivity]: mThreadedRenderer.initializeIfNeeded()#2 mSurface={isValid=true 0x7b0679d800}
10-09 00:14:43.684 12347 12347 D InputMethodManager: startInputInner - Id : 0
10-09 00:14:43.684 12347 12347 I InputMethodManager: startInputInner - mService.startInputOrWindowGainedFocus
10-09 00:14:43.948 12347 12408 D EgyDead : Document title: Ù…Ø´Ø§Ù‡Ø¯Ø© ÙÙŠÙ„Ù… Pretty Crazy 2025 Ù…ØªØ±Ø¬Ù… | Ø§ÙŠØ¬ÙŠ Ø¯ÙŠØ¯
10-09 00:14:43.950 12347 12408 D EgyDead : Found 7 potential server elements.
10-09 00:14:43.950 12347 12408 D EgyDead : Server data-link 0: https://hglink.to/e/1woe41gjgjoq
10-09 00:14:43.950 12347 12408 D EgyDead : Server data-link 1: https://bigwarp.pro/embed-mdxvolfllzac.html
10-09 00:14:43.950 12347 12408 D EgyDead : Server data-link 2: https://forafile.com/embed-baqfr6isex0d.html
10-09 00:14:43.950 12347 12408 D EgyDead : Server data-link 3: https://dingtezuni.com/v/tdlmjxaur8um
10-09 00:14:43.950 12347 12408 D EgyDead : Server data-link 4: https://mxdrop.to/e/vklg8l06in18o
10-09 00:14:43.950 12347 12408 D EgyDead : Server data-link 5: https://dsvplay.com/e/meg431jvc2x9
10-09 00:14:43.950 12347 12408 D EgyDead : Server data-link 6: https://listeamed.net/e/NMRLEpo96RexXaG
10-09 00:14:44.248 12347 12355 I st.cloudstream3: Background concurrent copying GC freed 12MB AllocSpace bytes, 69(2476KB) LOS objects, 49% free, 23MB/46MB, paused 232us,94us total 164.507ms
10-09 00:14:44.252 12347 12371 D OpenGLRenderer: setSurface called with nullptr
10-09 00:14:44.253 12347 12356 D InputTransport: Input channel destroyed: 'ClientS', fd=175
10-09 00:14:44.254 12347 12356 D InputTransport: Input channel destroyed: 'ClientS', fd=250
10-09 00:14:44.557 12347 12408 D RepoLink: Loaded ExtractorLink: ExtractorLink(name=MixDrop, url=https://s-delivery26.mxcontent.net/v2/vklg8l06in18o.mp4?s=v0ebm-F7GnHZvr1mPlnTgQ&e=1759986885&_t=1759968189, referer=https://mxdrop.to/e/vklg8l06in18o, type=VIDEO)
10-09 00:14:44.646 12347 12408 D RepoLink: Loaded ExtractorLink: ExtractorLink(name=DoodStream, url=https://oi321o.cloudatacdn.com/u5kj64ajqlb3sdgge575eoytj6bpdjn3v3mwdfu3qlv6lbukmy5kxmgwffzq/dyzbzspigs~3hoqw0wpau?token=qovgq1x3avggt61drklo3c7y, referer=https://ds2play.com/, type=VIDEO)
10-09 00:14:45.052 12347 12408 D RepoLink: Loaded ExtractorLink: ExtractorLink(name=Vidguard, url=https://g95f4354ev.guardstorage.net/hls_3/2nH17s6xdViJ5-NoTZNsf9hvOt811SLVHfYhup2ekHz-8c3g6yPKolXamDXEUhV8TbNwGe5pHOOJt6X1IhC8d50MRH7Y1NXipKn7KtsKLWetVhOhbBwfXSqFvYxc017RhUllvw43pr7Rh_1ups378LAyMSjrAek9Da_Xwv1VWf48FgcnapDA6b1h3vXNR2btT249NCVt0CMA8wu9_b9Z9w/master.m3u8?sig=lK-0l69Rc5OZTOmbxUg_GA&expires=1759974285, referer=https://listeamed.net, type=M3U8)
10-09 00:14:45.097 12347 12354 I st.cloudstream3: Compiler allocated 7061KB to compile java.lang.Object org.mozilla.javascript.Interpreter.interpretLoop(org.mozilla.javascript.Context, org.mozilla.javascript.Interpreter$CallFrame, java.lang.Object)
10-09 00:14:45.436 12347 12408 D ApiError: -------------------------------------------------------------------
10-09 00:14:45.436 12347 12408 D ApiError: safeApiCall: can't bypass captcha
10-09 00:14:45.436 12347 12408 D ApiError: safeApiCall: can't bypass captcha
10-09 00:14:45.436 12347 12408 W System.err: com.lagradost.cloudstream3.ErrorLoadingException: can't bypass captcha
10-09 00:14:45.436 12347 12408 W System.err: 	at com.lagradost.cloudstream3.extractors.Zorofile.getUrl$suspendImpl(Zorofile.kt:34)
10-09 00:14:45.436 12347 12408 W System.err: 	at com.lagradost.cloudstream3.extractors.Zorofile$getUrl$1.invokeSuspend(Unknown Source:18)
10-09 00:14:45.436 12347 12408 W System.err: 	at kotlin.coroutines.jvm.internal.BaseContinuationImpl.resumeWith(ContinuationImpl.kt:33)
10-09 00:14:45.436 12347 12408 W System.err: 	at kotlinx.coroutines.DispatchedTask.run(DispatchedTask.kt:100)
10-09 00:14:45.436 12347 12408 W System.err: 	at kotlinx.coroutines.EventLoopImplBase.processNextEvent(EventLoop.common.kt:263)
10-09 00:14:45.436 12347 12408 W System.err: 	at kotlinx.coroutines.BlockingCoroutine.joinBlocking(Builders.kt:95)
10-09 00:14:45.436 12347 12408 W System.err: 	at kotlinx.coroutines.BuildersKt__BuildersKt.runBlocking(Builders.kt:69)
10-09 00:14:45.436 12347 12408 W System.err: 	at kotlinx.coroutines.BuildersKt.runBlocking(Unknown Source:1)
