--------- beginning of main
10-09 02:19:11.507 11257 11257 D InputTransport: Input channel destroyed: 'baba549', fd=144
10-09 02:19:11.536 11257 11257 I ViewRootImpl@49f6cb7[MainActivity]: MSG_WINDOW_FOCUS_CHANGED 1 0
10-09 02:19:11.536 11257 11257 I ViewRootImpl@49f6cb7[MainActivity]: mThreadedRenderer.initializeIfNeeded()#2 mSurface={isValid=true 0x7b5d8b6000}
10-09 02:19:11.541 11257 11257 D InputMethodManager: startInputInner - Id : 0
10-09 02:19:11.542 11257 11257 I InputMethodManager: startInputInner - mService.startInputOrWindowGainedFocus
10-09 02:19:13.766 11257 11257 I ViewRootImpl@49f6cb7[MainActivity]: ViewPostIme pointer 0
10-09 02:19:13.841 11257 11257 D WindowOnBackDispatcher: onBackInvoked, viewRoot=ViewRootImpl@33e0524[MainActivity], callback=androidx.activity.OnBackPressedDispatcher$Api33Impl$$ExternalSyntheticLambda0@7004a66
10-09 02:19:13.852 11257 11257 I IMM_LC  : hsifw() - flag : 0
10-09 02:19:13.852 11257 11257 I IMM_LC  : hsifw() - mService.hideSoftInput
10-09 02:19:13.860 11257 11257 D ScrollView: initGoToTop
10-09 02:19:13.889 11257 11257 E CoilImgLoader: Error loading image: coil3.request.NullRequestDataException: The request's data is null.
10-09 02:19:13.904 11257 11257 D ScrollView:  onsize change changed 
10-09 02:19:13.930 11257 11262 W st.cloudstream3: Cleared Reference was only reachable from finalizer (only reported once)
10-09 02:19:14.012 11257 11262 I st.cloudstream3: Background concurrent copying GC freed 20MB AllocSpace bytes, 91(3824KB) LOS objects, 49% free, 13MB/27MB, paused 512us,54us total 164.498ms
10-09 02:19:14.018 11257 11282 D OpenGLRenderer: setSurface called with nullptr
10-09 02:19:14.019 11257 11263 D InputTransport: Input channel destroyed: 'ClientS', fd=141
10-09 02:19:14.757 11257 11257 I ViewRootImpl@49f6cb7[MainActivity]: ViewPostIme pointer 0
10-09 02:19:14.823 11257 11257 I ViewRootImpl@49f6cb7[MainActivity]: ViewPostIme pointer 1
10-09 02:19:14.831 11257 11257 I NavComponent: Navigating to fragment: 2131361879
10-09 02:19:14.837 11257 11257 I IMM_LC  : hsifw() - flag : 0
10-09 02:19:14.837 11257 11257 I IMM_LC  : hsifw() - mService.hideSoftInput
10-09 02:19:15.957 11257 11257 I ViewRootImpl@49f6cb7[MainActivity]: ViewPostIme pointer 0
10-09 02:19:15.989 11257 11257 I ViewRootImpl@49f6cb7[MainActivity]: ViewPostIme pointer 1
10-09 02:19:16.009 11257 11257 I IMM_LC  : hsifw() - flag : 0
10-09 02:19:16.009 11257 11257 I IMM_LC  : hsifw() - mService.hideSoftInput
10-09 02:19:16.101 11257 11257 I PLG     : updatePluginList = https://raw.githubusercontent.com/adamwolker21/DZ/refs/heads/master/repo.json
10-09 02:19:16.102 11257 11257 I PLG     : getPlugins = https://raw.githubusercontent.com/adamwolker21/DZ/refs/heads/master/repo.json
10-09 02:19:16.264 11257 11331 D VotingApi: Requesting: https://counterapi.com/api/cs-raw.githubusercontent.com-adamwolker21-DZ/vote/806f9e9bb0fe6eed948cf51910bda7c7a4f4470876514f9eb99299b4b4e46db4?readOnly=true
10-09 02:19:16.890 11257 11257 I ViewRootImpl@49f6cb7[MainActivity]: ViewPostIme pointer 0
10-09 02:19:16.997 11257 11257 I ViewRootImpl@49f6cb7[MainActivity]: ViewPostIme pointer 1
10-09 02:19:17.006 11257 11331 I PLG     : handlePluginAction = https://raw.githubusercontent.com/adamwolker21/DZ/refs/heads/master/repo.json, (https://raw.githubusercontent.com/adamwolker21/DZ/refs/heads/master/repo.json, SitePlugin(url=https://raw.githubusercontent.com/adamwolker21/DZ/builds/EgyDead.cs3, status=1, version=1, apiVersion=1, name=EgyDead, internalName=EgyDead, authors=[adamwolker21], description=EgyDead, repositoryUrl=https://github.com/adamwolker21/DZ, tvTypes=[Movie, TvSeries], language=ar, iconUrl=https://www.faselhds.life/icon-faselplud.png, fileSize=25231)), false
10-09 02:19:17.007 11257 11331 D PluginManager: Downloading plugin: https://raw.githubusercontent.com/adamwolker21/DZ/builds/EgyDead.cs3 to /data/user/0/com.lagradost.cloudstream3/files/Extensions/httpsraw.githubusercontent.comadamwolker21DZrefsheadsmasterrepo.json.-468825824/EgyDead.-124080901.cs3
10-09 02:19:17.272 11257 11331 I PluginManager: Unloading plugin: /data/user/0/com.lagradost.cloudstream3/files/Extensions/httpsraw.githubusercontent.comadamwolker21DZrefsheadsmasterrepo.json.-468825824/EgyDead.-124080901.cs3
10-09 02:19:17.273 11257 11331 W PluginManager: Couldn't find plugin /data/user/0/com.lagradost.cloudstream3/files/Extensions/httpsraw.githubusercontent.comadamwolker21DZrefsheadsmasterrepo.json.-468825824/EgyDead.-124080901.cs3
10-09 02:19:17.273 11257 11331 I PluginManager: Loading plugin: PluginData(internalName=EgyDead, url=https://raw.githubusercontent.com/adamwolker21/DZ/builds/EgyDead.cs3, isOnline=true, filePath=/data/user/0/com.lagradost.cloudstream3/files/Extensions/httpsraw.githubusercontent.comadamwolker21DZrefsheadsmasterrepo.json.-468825824/EgyDead.-124080901.cs3, version=-2147483648)
10-09 02:19:17.330 11257 11331 I PluginInstance: Adding EgyDead (https://tv6.egydead.live) MainAPI
10-09 02:19:17.330 11257 11331 I PluginManager: Loaded plugin EgyDead successfully
10-09 02:19:17.330 11257 11331 I PLG     : getPlugins = https://raw.githubusercontent.com/adamwolker21/DZ/refs/heads/master/repo.json
10-09 02:19:17.331 11257 11257 I COMPACT : showToast = Plugin Loaded
10-09 02:19:17.341 11257 11257 D CompatibilityChangeReporter: Compat change id reported: 147798919; UID 10523; state: ENABLED
10-09 02:19:17.341 11257 11257 E Toast   : setGravity() shouldn't be called on text toasts, the values won't be used
10-09 02:19:17.341 11257 11257 I Toast   : setView: it's a custom toast
10-09 02:19:17.351 11257 11257 V Toast   : show: caller = com.lagradost.cloudstream3.CommonActivity.showToast:175 
10-09 02:19:17.417 11257 11257 V Toast   : HANDLE SHOW: android.widget.Toast$TN@79b52e1 mView=null mNextView=androidx.cardview.widget.CardView{b690806 V.E..V... ......ID 0,0-0,0 #7f0a0557 app:id/toast_layout_root}
10-09 02:19:17.419 11257 11257 V ToastPresenter: sipHeight = -39
10-09 02:19:17.421 11257 11257 V ToastPresenter: yOffset = 13
10-09 02:19:17.426 11257 11282 D NativeCustomFrequencyManager: [NativeCFMS] BpCustomFrequencyManager::BpCustomFrequencyManager()
10-09 02:19:17.435 11257 11257 D InsetsController: onStateChanged: InsetsState: {mDisplayFrame=Rect(0, 0 - 1080, 2400), mDisplayCutout=DisplayCutout{insets=Rect(0, 88 - 0, 0) waterfall=Insets{left=0, top=0, right=0, bottom=0} boundingRect={Bounds=[Rect(0, 0 - 0, 0), Rect(512, 0 - 568, 88), Rect(0, 0 - 0, 0), Rect(0, 0 - 0, 0)]} cutoutPathParserInfo={CutoutPathParserInfo{displayWidth=1080 displayHeight=2400 physicalDisplayWidth=1080 physicalDisplayHeight=2400 density={2.625} cutoutSpec={M 0,0 M 0,12.25101276465640 a 10.60613009248640,10.60613009248640 0 1,0 0,21.21226018497290 a 10.60613009248640,10.60613009248640 0 1,0 0,-21.21226018497290 Z @dp} rotation={0} scale={1.0} physicalPixelDisplaySizeRatio={1.0}}}}, mRoundedCorners=RoundedCorners{[RoundedCorner{position=TopLeft, radius=84, center=Point(84, 84)}, RoundedCorner{position=TopRight, radius=84, center=Point(996, 84)}, RoundedCorner{position=BottomRight, radius=84, center=Point(996, 2316)}, RoundedCorner{position=BottomLeft, radius=84, center=Point(84, 2316)}]}  mRoundedCornerFrame=Rect(0, 0 - 0, 0), mPrivacyIndicatorBounds=PrivacyIndicatorBounds {static bounds=Rect(964, 0 - 1080, 87) rotation=0}, mSources= { InsetsSource: {mType=ITYPE_NAVIGATION_BAR, mFrame=[0,2361][1080,2400], mVisible=true, mInsetsRoundedCornerFrame=false}, InsetsSource: {mType=ITYPE_LEFT_GESTURES, mFrame=[0,0][130,2400], mVisible=true, mInsetsRoundedCornerFrame=false}, InsetsSource: {mType=ITYPE_RIGHT_GESTURES, mFrame=[950,0][1080,2400], mVisible=true, mInsetsRoundedCornerFrame=false}, InsetsSource: {mType=ITYPE_TOP_MANDATORY_GESTURES, mFrame=[0,0][1080,120], mVisible=true, mInsetsRoundedCornerFrame=false}, InsetsSource: {mType=ITYPE_BOTTOM_MANDATORY_GESTURES, mFrame=[0,2316][1080,2400], mVisible=true, mInsetsRoundedCornerFrame=false}, InsetsSource: {mType=ITYPE_LEFT_DISPLAY_CUTOUT, mFrame=[0,0][-100000,2400], mVisible=true, mInsetsRoundedCornerFrame=false}, InsetsSource: {mType=ITYPE_TOP_DISPLAY_CUTOUT, mFrame=[0,0][1080,88], mVisible=true, mInsetsRoundedCornerFrame=false}, InsetsSource: {mType=ITYPE_RIGHT_DISPLAY_CUTOUT, mFrame=[100000,0][1080,2400], mVisible=true, mInsetsRoundedCornerFrame=false}, InsetsSource: {mType=ITYPE_BOTTOM_DISPLAY_CUTOUT, mFrame=[0,100000][1080,2400], mVisible=true, mInsetsRoundedCornerFrame=false}, InsetsSource: {mType=ITYPE_BOTTOM_TAPPABLE_ELEMENT, mFrame=[0,0][0,0], mVisible=true, mInsetsRoundedCornerFrame=false} } host=Toast from=android.view.ViewRootImpl.setView:1732
10-09 02:19:17.436 11257 11257 I ViewRootImpl@6ce6ec7[Toast]: setView = androidx.cardview.widget.CardView@b690806 TM=true
10-09 02:19:17.443 11257 11257 I ViewRootImpl@6ce6ec7[Toast]: performTraversals params={(0,13)(wrapxwrap) gr=BOTTOM CENTER sim={adjust=resize} ty=TOAST fmt=TRANSLUCENT wanim=0x1030004 surfaceInsets=Rect(11, 11 - 11, 11)
10-09 02:19:17.443 11257 11257 I ViewRootImpl@6ce6ec7[Toast]:   fl=1000098
10-09 02:19:17.443 11257 11257 I ViewRootImpl@6ce6ec7[Toast]:   pfl=12000000
10-09 02:19:17.443 11257 11257 I ViewRootImpl@6ce6ec7[Toast]:   bhv=DEFAULT
10-09 02:19:17.443 11257 11257 I ViewRootImpl@6ce6ec7[Toast]:   fitTypes=STATUS_BARS NAVIGATION_BARS CAPTION_BAR
10-09 02:19:17.443 11257 11257 I ViewRootImpl@6ce6ec7[Toast]:   fitIgnoreVis naviIconColor=0}
10-09 02:19:17.444 11257 11257 I ViewRootImpl@6ce6ec7[Toast]: performTraversals mFirst=true windowShouldResize=false viewVisibilityChanged=false mForceNextWindowRelayout=false params={(0,13)(wrapxwrap) gr=BOTTOM CENTER sim={adjust=resize} ty=TOAST fmt=TRANSLUCENT wanim=0x1030004 surfaceInsets=Rect(11, 11 - 11, 11)
10-09 02:19:17.444 11257 11257 I ViewRootImpl@6ce6ec7[Toast]:   fl=1000098
10-09 02:19:17.444 11257 11257 I ViewRootImpl@6ce6ec7[Toast]:   pfl=12000000
10-09 02:19:17.444 11257 11257 I ViewRootImpl@6ce6ec7[Toast]:   bhv=DEFAULT
10-09 02:19:17.444 11257 11257 I ViewRootImpl@6ce6ec7[Toast]:   fitTypes=STATUS_BARS NAVIGATION_BARS CAPTION_BAR
10-09 02:19:17.444 11257 11257 I ViewRootImpl@6ce6ec7[Toast]:   fitIgnoreVis naviIconColor=0}
10-09 02:19:17.455 11257 11257 I ViewRootImpl@6ce6ec7[Toast]: updateBlastSurfaceIfNeeded mBlastBufferQueue=null isSameSurfaceControl=false
10-09 02:19:17.456 11257 11257 I BLASTBufferQueue: new BLASTBufferQueue, mName= ViewRootImpl@6ce6ec7[Toast] mNativeObject= 0x7b3f4a5400 sc.mNativeObject= 0x7b5d7cd1c0 caller= android.view.ViewRootImpl.updateBlastSurfaceIfNeeded:2909 android.view.ViewRootImpl.relayoutWindow:9847 android.view.ViewRootImpl.performTraversals:3884 android.view.ViewRootImpl.doTraversal:3116 android.view.ViewRootImpl$TraversalRunnable.run:10885 android.view.Choreographer$CallbackRecord.run:1301 android.view.Choreographer$CallbackRecord.run:1309 android.view.Choreographer.doCallbacks:923 android.view.Choreographer.doFrame:852 android.view.Choreographer$FrameDisplayEventReceiver.run:1283 
10-09 02:19:17.456 11257 11257 I BLASTBufferQueue: update, w= 373 h= 178 mName = ViewRootImpl@6ce6ec7[Toast] mNativeObject= 0x7b3f4a5400 sc.mNativeObject= 0x7b5d7cd1c0 format= -3 caller= android.graphics.BLASTBufferQueue.<init>:84 android.view.ViewRootImpl.updateBlastSurfaceIfNeeded:2909 android.view.ViewRootImpl.relayoutWindow:9847 android.view.ViewRootImpl.performTraversals:3884 android.view.ViewRootImpl.doTraversal:3116 android.view.ViewRootImpl$TraversalRunnable.run:10885 
10-09 02:19:17.456 11257 11257 I ViewRootImpl@6ce6ec7[Toast]: Relayout returned: old=(0,88,1080,2361) new=(364,2192,715,2348) req=(351,156)0 dur=11 res=0x3 s={true 0x7b15e79000} ch=true seqId=0
10-09 02:19:17.457 11257 11257 I ViewRootImpl@6ce6ec7[Toast]: mThreadedRenderer.initialize() mSurface={isValid=true 0x7b15e79000} hwInitialized=true
10-09 02:19:17.458 11257 11282 D OpenGLRenderer: eglCreateWindowSurface
10-09 02:19:17.458 11257 11257 I ViewRootImpl@6ce6ec7[Toast]: reportNextDraw android.view.ViewRootImpl.performTraversals:4438 android.view.ViewRootImpl.doTraversal:3116 android.view.ViewRootImpl$TraversalRunnable.run:10885 android.view.Choreographer$CallbackRecord.run:1301 android.view.Choreographer$CallbackRecord.run:1309 
10-09 02:19:17.458 11257 11257 I ViewRootImpl@6ce6ec7[Toast]: Setup new sync id=0
10-09 02:19:17.458 11257 11257 I ViewRootImpl@6ce6ec7[Toast]: Setting syncFrameCallback
10-09 02:19:17.458 11257 11257 I ViewRootImpl@6ce6ec7[Toast]: registerCallbacksForSync syncBuffer=false
10-09 02:19:17.475 11257 11360 I ViewRootImpl@6ce6ec7[Toast]: Received frameDrawingCallback syncResult=0 frameNum=1.
10-09 02:19:17.475 11257 11360 I ViewRootImpl@6ce6ec7[Toast]: Setting up sync and frameCommitCallback
10-09 02:19:17.479 11257 11282 I BLASTBufferQueue: [ViewRootImpl@6ce6ec7[Toast]#2](f:0,a:0) onFrameAvailable the first frame is available
10-09 02:19:17.480 11257 11282 I ViewRootImpl@6ce6ec7[Toast]: Received frameCommittedCallback lastAttemptedDrawFrameNum=1 didProduceBuffer=true
10-09 02:19:17.482 11257 11282 D OpenGLRenderer: CFMS:: SetUp Pid : 11257    Tid : 11282
10-09 02:19:17.486 11257 11257 I ViewRootImpl@6ce6ec7[Toast]: onSyncComplete
10-09 02:19:17.486 11257 11257 I ViewRootImpl@6ce6ec7[Toast]: setupSync seqId=0 mSyncId=0 fn=1 caller=android.view.ViewRootImpl$$ExternalSyntheticLambda11.accept:6 android.window.SurfaceSyncer.lambda$setupSync$1$android-window-SurfaceSyncer:128 android.window.SurfaceSyncer$$ExternalSyntheticLambda1.accept:8 android.window.SurfaceSyncer$SyncSet.checkIfSyncIsComplete:382 android.window.SurfaceSyncer$SyncSet.markSyncReady:359 android.window.SurfaceSyncer.markSyncReady:151 android.view.ViewRootImpl.performTraversals:4503 
10-09 02:19:17.487 11257 11257 I ViewRootImpl@6ce6ec7[Toast]: reportDrawFinished seqId=0 mSyncId=-1 fn=1 mSurfaceChangedTransaction=0x7bed8c9800
10-09 02:19:18.827 11257 11257 I ViewRootImpl@49f6cb7[MainActivity]: ViewPostIme pointer 0
10-09 02:19:18.908 11257 11257 I ViewRootImpl@49f6cb7[MainActivity]: ViewPostIme pointer 1
10-09 02:19:18.946 11257 11257 I IMM_LC  : hsifw() - flag : 0
10-09 02:19:18.946 11257 11257 I IMM_LC  : hsifw() - mService.hideSoftInput
10-09 02:19:19.118 11257 11324 I WebViewFactory: Loading com.google.android.webview version 140.0.7339.207 (code 733920733)
10-09 02:19:19.127 11257 11324 W st.cloudstream3: Failed to find entry 'classes.dex': Entry not found
10-09 02:19:19.128 11257 11324 D nativeloader: Configuring clns-6 for other apk /data/app/~~0iK79XW9X0QppaGo2hZ3dg==/com.google.android.trichromelibrary_733920733-6bb0wVyJqr8G8vJnjVAKKg==/base.apk. target_sdk_version=36, uses_libraries=ALL, library_path=/data/app/~~iwwqLfGPKTES2hsQd9D3lw==/com.google.android.webview-qbQIISas-S18wMUdMAIFhw==/lib/arm64:/data/app/~~iwwqLfGPKTES2hsQd9D3lw==/com.google.android.webview-qbQIISas-S18wMUdMAIFhw==/base.apk!/lib/arm64-v8a:/data/app/~~0iK79XW9X0QppaGo2hZ3dg==/com.google.android.trichromelibrary_733920733-6bb0wVyJqr8G8vJnjVAKKg==/base.apk!/lib/arm64-v8a, permitted_path=/data:/mnt/expand
10-09 02:19:19.128 11257 11324 D nativeloader: Extending system_exposed_libraries: libhumantracking.arcsoft.so:libPortraitDistortionCorrection.arcsoft.so:libPortraitDistortionCorrectionCali.arcsoft.so:libface_landmark.arcsoft.so:libFacialStickerEngine.arcsoft.so:libveengine.arcsoft.so:liblow_light_hdr.arcsoft.so:libhigh_dynamic_range.arcsoft.so:libFacialAttributeDetection.arcsoft.so:libBeauty_v4.camera.samsung.so:libexifa.camera.samsung.so:libjpega.camera.samsung.so:libOpenCv.camera.samsung.so:libImageScreener.camera.samsung.so:libMyFilter.camera.samsung.so:libtensorflowLite.myfilter.camera.samsung.so:libtensorflowlite_inference_api.myfilter.camera.samsung.so:libEventFinder.camera.samsung.so:libHIDTSnapJNI.camera.samsung.so:libSmartScan.camera.samsung.so:libRectify.camera.samsung.so:libDocRectifyWrapper.camera.samsung.so:libUltraWideDistortionCorrection.camera.samsung.so:libWideDistortionCorrection.camera.samsung.so:libHpr_RecGAE_cvFeature_v1.0.camera.samsung.so:libHprFace_GAE_api.camera.samsung.so:libFace_Landmark_API.camera.samsung.so:libHprFace_GAE_jn
10-09 02:19:19.158 11257 11324 I st.cloudstream3: Failed to add image file: Dex cache count and dex file count mismatch while trying to initialize from image
10-09 02:19:19.161 11257 11324 D nativeloader: Configuring clns-7 for other apk /data/app/~~iwwqLfGPKTES2hsQd9D3lw==/com.google.android.webview-qbQIISas-S18wMUdMAIFhw==/base.apk. target_sdk_version=36, uses_libraries=, library_path=/data/app/~~iwwqLfGPKTES2hsQd9D3lw==/com.google.android.webview-qbQIISas-S18wMUdMAIFhw==/lib/arm64:/data/app/~~iwwqLfGPKTES2hsQd9D3lw==/com.google.android.webview-qbQIISas-S18wMUdMAIFhw==/base.apk!/lib/arm64-v8a:/data/app/~~0iK79XW9X0QppaGo2hZ3dg==/com.google.android.trichromelibrary_733920733-6bb0wVyJqr8G8vJnjVAKKg==/base.apk!/lib/arm64-v8a, permitted_path=/data:/mnt/expand
10-09 02:19:19.189 11257 11324 I cr_WVCFactoryProvider: version=140.0.7339.207 (733920733) minSdkVersion=29 multiprocess=true packageId=2 splits=<none>
10-09 02:19:19.194 11257 11324 D nativeloader: Load /data/app/~~0iK79XW9X0QppaGo2hZ3dg==/com.google.android.trichromelibrary_733920733-6bb0wVyJqr8G8vJnjVAKKg==/base.apk!/lib/arm64-v8a/libmonochrome_64.so using class loader ns clns-7 (caller=/data/app/~~iwwqLfGPKTES2hsQd9D3lw==/com.google.android.webview-qbQIISas-S18wMUdMAIFhw==/base.apk): ok
10-09 02:19:19.198 11257 11324 D nativeloader: Load /system/lib64/libwebviewchromium_plat_support.so using class loader ns clns-7 (caller=/data/app/~~iwwqLfGPKTES2hsQd9D3lw==/com.google.android.webview-qbQIISas-S18wMUdMAIFhw==/base.apk): ok
10-09 02:19:19.204 11257 11420 I chromium: [1009/021919.201492:INFO:android_webview/browser/variations/variations_seed_loader.cc:67] Failed to open file for reading.: No such file or directory (2)
10-09 02:19:19.208 11257 11324 I cr_LibraryLoader: Successfully loaded native library
10-09 02:19:19.209 11257 11324 I cr_CachingUmaRecorder: Flushed 13 samples from 13 histograms, 0 samples were dropped.
10-09 02:19:19.391 11257 11282 D OpenGLRenderer: setSurface called with nullptr
10-09 02:19:19.391 11257 11282 D OpenGLRenderer: setSurface() destroyed EGLSurface
10-09 02:19:19.391 11257 11282 D OpenGLRenderer: destroyEglSurface
10-09 02:19:19.393 11257 11257 I ViewRootImpl@6ce6ec7[Toast]: dispatchDetachedFromWindow
10-09 02:19:19.402 11257 11257 D InputTransport: Input channel destroyed: '31b6cc3', fd=159
10-09 02:19:20.086 11257 11262 I st.cloudstream3: Background concurrent copying GC freed 8274KB AllocSpace bytes, 72(3320KB) LOS objects, 49% free, 17MB/35MB, paused 436us,65us total 129.138ms
10-09 02:19:20.090 11257 11282 D OpenGLRenderer: setSurface called with nullptr
10-09 02:19:20.108 11257 11265 W System  : A resource failed to call close. 
10-09 02:19:21.853 11257 11257 I ViewRootImpl@49f6cb7[MainActivity]: ViewPostIme pointer 0
10-09 02:19:22.100 11257 11257 I ViewRootImpl@49f6cb7[MainActivity]: ViewPostIme pointer 1
10-09 02:19:23.398 11257 11257 I ViewRootImpl@49f6cb7[MainActivity]: ViewPostIme pointer 0
10-09 02:19:23.688 11257 11257 I ViewRootImpl@49f6cb7[MainActivity]: ViewPostIme pointer 1
10-09 02:19:24.367 11257 11257 I ViewRootImpl@49f6cb7[MainActivity]: ViewPostIme pointer 0
10-09 02:19:24.422 11257 11257 I ViewRootImpl@49f6cb7[MainActivity]: ViewPostIme pointer 1
10-09 02:19:24.679 11257 11257 I ViewRootImpl@49f6cb7[MainActivity]: ViewPostIme pointer 0
10-09 02:19:24.736 11257 11257 I ViewRootImpl@49f6cb7[MainActivity]: ViewPostIme pointer 1
10-09 02:19:24.761 11257 11257 I NavComponent: Navigating to fragment: 2131362274
10-09 02:19:24.799 11257 11257 I IMM_LC  : hsifw() - flag : 0
10-09 02:19:24.800 11257 11257 I IMM_LC  : hsifw() - mService.hideSoftInput
10-09 02:19:24.872 11257 11257 D ScrollView: initGoToTop
10-09 02:19:25.165 11257 11257 I SurfaceView@4fc540d: onWindowVisibilityChanged(0) true android.view.SurfaceView{4fc540d V.E..V... ......I. 0,0-0,0} of ViewRootImpl@49f6cb7[MainActivity]
10-09 02:19:25.165 11257 11257 D SurfaceView@4fc540d: updateSurface: has no frame
10-09 02:19:25.178 11257 11257 I CS3ExoPlayer: SET STYLE = SaveCaptionStyle(foregroundColor=-1, backgroundColor=0, windowColor=0, edgeType=1, edgeColor=-16777216, typeface=null, typefaceFilePath=null, elevation=20, fixedTextSize=null, edgeSize=null, removeCaptions=false, removeBloat=true, upperCase=false, bold=false, italic=false, backgroundRadius=null)
10-09 02:19:25.195 11257 11257 D VideoClickActionHolder: allVideoClickActions: [null:com.lagradost.cloudstream3.actions.temp.PlayInBrowserAction, null:com.lagradost.cloudstream3.actions.temp.CopyClipboardAction, null:com.lagradost.cloudstream3.actions.temp.ViewM3U8Action, null:com.lagradost.cloudstream3.actions.temp.VlcPackage, null:com.lagradost.cloudstream3.actions.temp.MpvPackage, null:com.lagradost.cloudstream3.actions.temp.NextPlayerPackage, null:com.lagradost.cloudstream3.actions.temp.JustPlayerPackage, null:com.lagradost.cloudstream3.actions.temp.fcast.FcastAction, null:com.lagradost.cloudstream3.actions.temp.LibreTorrentPackage, null:com.lagradost.cloudstream3.actions.temp.BiglyBTPackage, null:com.lagradost.cloudstream3.actions.temp.VlcNightlyPackage, null:com.lagradost.cloudstream3.actions.temp.WebVideoCastPackage, null:com.lagradost.cloudstream3.actions.temp.MpvYTDLPackage, null:com.lagradost.cloudstream3.actions.temp.MpvKtPackage, null:com.lagradost.cloudstream3.actions.temp.MpvKtPreviewPackage, null:com.lagradost.cloudstream3.actions.AlwaysAskAction]
10-09 02:19:25.196 11257 11257 I IMM_LC  : hsifw() - flag : 0
10-09 02:19:25.196 11257 11257 I IMM_LC  : hsifw() - mService.hideSoftInput
10-09 02:19:25.199 11257 11325 I SYNCVM  : addFromUrl = https://tv6.egydead.live/%d9%85%d8%b4%d8%a7%d9%87%d8%af%d8%a9-%d9%81%d9%8a%d9%84%d9%85-pretty-crazy-2025-%d9%85%d8%aa%d8%b1%d8%ac%d9%85/
10-09 02:19:25.200 11257 11325 I SYNCUTIL: getIdsFromUrl https://tv6.egydead.live/%d9%85%d8%b4%d8%a7%d9%87%d8%af%d8%a9-%d9%81%d9%8a%d9%84%d9%85-pretty-crazy-2025-%d9%85%d8%aa%d8%b1%d8%ac%d9%85/
10-09 02:19:25.214 11257 11257 I SurfaceView@4fc540d: onWindowVisibilityChanged(8) false android.view.SurfaceView{4fc540d V.E..V... ......I. 0,0-0,0} of ViewRootImpl@49f6cb7[MainActivity]
10-09 02:19:25.214 11257 11257 D SurfaceView@4fc540d: updateSurface: has no frame
10-09 02:19:25.214 11257 11257 D SurfaceView@4fc540d: updateSurface: has no frame
10-09 02:19:25.214 11257 11257 I SurfaceView@4fc540d: onDetachedFromWindow: tryReleaseSurfaces()
10-09 02:19:25.214 11257 11257 I SurfaceView@4fc540d: releaseSurfaces: viewRoot = ViewRootImpl@49f6cb7[MainActivity]
10-09 02:19:25.215 11257 11257 I SurfaceView@4fc540d: applyTransactionOnVriDraw: vri = ViewRootImpl@49f6cb7[MainActivity] fRS = true t = 0x7ae7207700 android.view.SurfaceView.releaseSurfaces:858 android.view.SurfaceView.onDetachedFromWindow:500 android.view.View.dispatchDetachedFromWindow:22538 
10-09 02:19:25.215 11257 11257 I SurfaceView@4fc540d: applyTransactionOnVriDraw: viewRoot.applyTransactionOnDrawFromReleaseSurfaces
10-09 02:19:25.215 11257 11257 I ViewRootImpl@49f6cb7[MainActivity]: applyTransactionOnDraw: mRemoved = false isHardwareEnabled = true t = 0x7ae7207700android.view.ViewRootImpl.applyTransactionOnDrawFromReleaseSurfaces:12850 android.view.SurfaceView.applyTransactionOnVriDraw:2046 android.view.SurfaceView.releaseSurfaces:858 android.view.SurfaceView.onDetachedFromWindow:500 android.view.View.dispatchDetachedFromWindow:22538 
10-09 02:19:25.217 11257 11257 I SurfaceView@4fc540d: onWindowVisibilityChanged(0) true android.view.SurfaceView{4fc540d V.E..V... ......I. 0,0-0,0} of ViewRootImpl@49f6cb7[MainActivity]
10-09 02:19:25.217 11257 11257 D SurfaceView@4fc540d: updateSurface: has no frame
10-09 02:19:25.221 11257 11257 I DecorView: notifyKeepScreenOnChanged: keepScreenOn=false
10-09 02:19:25.237 11257 11257 I CS3ExoPlayer: reloadPlayer
10-09 02:19:25.237 11257 11257 I CS3ExoPlayer: releasePlayer
10-09 02:19:25.237 11257 11257 I CS3ExoPlayer: Handle event: PlayerAttachedEvent(player=null, source=Player)
10-09 02:19:25.243 11257 11257 I ViewRootImpl@49f6cb7[MainActivity]: performTraversals params={(0,0)(fillxfill) sim={state=always_hidden adjust=resize} ty=BASE_APPLICATION wanim=0x1030309
10-09 02:19:25.243 11257 11257 I ViewRootImpl@49f6cb7[MainActivity]:   fl=85810100
10-09 02:19:25.243 11257 11257 I ViewRootImpl@49f6cb7[MainActivity]:   pfl=12020040
10-09 02:19:25.243 11257 11257 I ViewRootImpl@49f6cb7[MainActivity]:   vsysui=500
10-09 02:19:25.243 11257 11257 I ViewRootImpl@49f6cb7[MainActivity]:   bhv=DEFAULT
10-09 02:19:25.243 11257 11257 I ViewRootImpl@49f6cb7[MainActivity]:   fitSides= naviIconColor=0}
10-09 02:19:25.243 11257 11257 I ViewRootImpl@49f6cb7[MainActivity]: performTraversals mFirst=false windowShouldResize=false viewVisibilityChanged=false mForceNextWindowRelayout=false params={(0,0)(fillxfill) sim={state=always_hidden adjust=resize} ty=BASE_APPLICATION fmt=TRANSLUCENT wanim=0x1030309
10-09 02:19:25.243 11257 11257 I ViewRootImpl@49f6cb7[MainActivity]:   fl=85810100
10-09 02:19:25.243 11257 11257 I ViewRootImpl@49f6cb7[MainActivity]:   pfl=12020040
10-09 02:19:25.243 11257 11257 I ViewRootImpl@49f6cb7[MainActivity]:   vsysui=500
10-09 02:19:25.243 11257 11257 I ViewRootImpl@49f6cb7[MainActivity]:   bhv=DEFAULT
10-09 02:19:25.243 11257 11257 I ViewRootImpl@49f6cb7[MainActivity]:   fitSides= naviIconColor=0}
10-09 02:19:25.250 11257 11257 I ViewRootImpl@49f6cb7[MainActivity]: updateBlastSurfaceIfNeeded mBlastBufferQueue=0x7b3f4a4800 isSameSurfaceControl=true
10-09 02:19:25.251 11257 11257 I BLASTBufferQueue: update, w= 1080 h= 2400 mName = ViewRootImpl@49f6cb7[MainActivity] mNativeObject= 0x7b3f4a4800 sc.mNativeObject= 0x7ae7232e60 format= -3 caller= android.view.ViewRootImpl.updateBlastSurfaceIfNeeded:2898 android.view.ViewRootImpl.relayoutWindow:9847 android.view.ViewRootImpl.performTraversals:3884 android.view.ViewRootImpl.doTraversal:3116 android.view.ViewRootImpl$TraversalRunnable.run:10885 android.view.Choreographer$CallbackRecord.run:1301 
10-09 02:19:25.251 11257 11257 I ViewRootImpl@49f6cb7[MainActivity]: Relayout returned: old=(0,0,1080,2400) new=(0,0,1080,2400) req=(1080,2400)0 dur=7 res=0x0 s={true 0x7b5d8b6000} ch=false seqId=0
10-09 02:19:25.252 11257 11257 W View    : requestLayout() improperly called by android.widget.FrameLayout{8fd44fd I.E..V... ......I. 0,0-0,0 #7f0a04e7 app:id/start_panel} during layout: running second layout pass
10-09 02:19:25.252 11257 11257 W View    : requestLayout() improperly called by android.widget.FrameLayout{789a5f2 I.E..V... ......ID 1080,0-1080,2143 #7f0a0168 app:id/end_panel} during layout: running second layout pass
10-09 02:19:25.254 11257 11257 D SurfaceView@4fc540d: updateSurface: has no frame
10-09 02:19:25.259 11257 11361 I ViewRootImpl@49f6cb7[MainActivity]: mWNT: t=0x7ae7207700 mBlastBufferQueue=0x7b3f4a4800 fn= 508 caller= android.view.ViewRootImpl.lambda$applyTransactionOnDraw$11$android-view-ViewRootImpl:12865 android.view.ViewRootImpl$$ExternalSyntheticLambda1.onFrameDraw:4 android.graphics.HardwareRenderer$FrameDrawingCallback.onFrameDraw:924 
10-09 02:19:25.262 11257 11257 D SurfaceView@4fc540d: updateSurface: has no frame
10-09 02:19:25.283 11257 11257 D SurfaceView@4fc540d: updateSurface: has no frame
10-09 02:19:25.300 11257 11257 D SurfaceView@4fc540d: updateSurface: has no frame
10-09 02:19:25.320 11257 11257 D SurfaceView@4fc540d: updateSurface: has no frame
10-09 02:19:25.333 11257 11257 D SurfaceView@4fc540d: updateSurface: has no frame
10-09 02:19:25.344 11257 11257 D SurfaceView@4fc540d: updateSurface: has no frame
10-09 02:19:25.356 11257 11257 D SurfaceView@4fc540d: updateSurface: has no frame
10-09 02:19:25.372 11257 11257 D SurfaceView@4fc540d: updateSurface: has no frame
10-09 02:19:25.389 11257 11257 D SurfaceView@4fc540d: updateSurface: has no frame
10-09 02:19:25.407 11257 11257 D SurfaceView@4fc540d: updateSurface: has no frame
10-09 02:19:25.422 11257 11257 D SurfaceView@4fc540d: updateSurface: has no frame
10-09 02:19:25.439 11257 11257 D SurfaceView@4fc540d: updateSurface: has no frame
10-09 02:19:25.456 11257 11257 D SurfaceView@4fc540d: updateSurface: has no frame
10-09 02:19:25.472 11257 11257 D SurfaceView@4fc540d: updateSurface: has no frame
10-09 02:19:25.489 11257 11257 D SurfaceView@4fc540d: updateSurface: has no frame
10-09 02:19:25.506 11257 11257 D SurfaceView@4fc540d: updateSurface: has no frame
10-09 02:19:25.522 11257 11257 D SurfaceView@4fc540d: updateSurface: has no frame
10-09 02:19:25.539 11257 11257 D SurfaceView@4fc540d: updateSurface: has no frame
10-09 02:19:25.556 11257 11257 D SurfaceView@4fc540d: updateSurface: has no frame
10-09 02:19:25.572 11257 11257 D SurfaceView@4fc540d: updateSurface: has no frame
10-09 02:19:25.589 11257 11257 D SurfaceView@4fc540d: updateSurface: has no frame
10-09 02:19:25.606 11257 11257 D SurfaceView@4fc540d: updateSurface: has no frame
10-09 02:19:25.622 11257 11257 D SurfaceView@4fc540d: updateSurface: has no frame
10-09 02:19:25.625 11257 11328 I RVM2    : applyMeta
10-09 02:19:25.639 11257 11257 D SurfaceView@4fc540d: updateSurface: has no frame
10-09 02:19:25.656 11257 11257 D SurfaceView@4fc540d: updateSurface: has no frame
10-09 02:19:25.672 11257 11257 D SurfaceView@4fc540d: updateSurface: has no frame
10-09 02:19:25.689 11257 11257 D SurfaceView@4fc540d: updateSurface: has no frame
10-09 02:19:25.706 11257 11257 D SurfaceView@4fc540d: updateSurface: has no frame
10-09 02:19:25.722 11257 11257 D SurfaceView@4fc540d: updateSurface: has no frame
10-09 02:19:25.739 11257 11257 D SurfaceView@4fc540d: updateSurface: has no frame
10-09 02:19:25.756 11257 11257 D SurfaceView@4fc540d: updateSurface: has no frame
10-09 02:19:25.772 11257 11257 D SurfaceView@4fc540d: updateSurface: has no frame
10-09 02:19:25.789 11257 11257 D SurfaceView@4fc540d: updateSurface: has no frame
10-09 02:19:25.805 11257 11257 D SurfaceView@4fc540d: updateSurface: has no frame
10-09 02:19:25.822 11257 11257 D SurfaceView@4fc540d: updateSurface: has no frame
10-09 02:19:25.839 11257 11257 D SurfaceView@4fc540d: updateSurface: has no frame
10-09 02:19:25.855 11257 11257 D SurfaceView@4fc540d: updateSurface: has no frame
10-09 02:19:25.872 11257 11257 D SurfaceView@4fc540d: updateSurface: has no frame
10-09 02:19:25.889 11257 11257 D SurfaceView@4fc540d: updateSurface: has no frame
10-09 02:19:25.905 11257 11257 D SurfaceView@4fc540d: updateSurface: has no frame
10-09 02:19:25.922 11257 11257 D SurfaceView@4fc540d: updateSurface: has no frame
10-09 02:19:25.925 11257 11257 W PanelsChildGestureRegionObserver: failed to register view with ID 2131362800. already registered
10-09 02:19:25.929 11257 11257 E CoilImgLoader: Error loading image: coil3.request.NullRequestDataException: The request's data is null.
10-09 02:19:25.936 11257 11257 E CoilImgLoader: Error loading image: coil3.request.NullRequestDataException: The request's data is null.
10-09 02:19:25.975 11257 11329 I SYNCVM  : addFromUrl = https://tv6.egydead.live/%d9%85%d8%b4%d8%a7%d9%87%d8%af%d8%a9-%d9%81%d9%8a%d9%84%d9%85-pretty-crazy-2025-%d9%85%d8%aa%d8%b1%d8%ac%d9%85/
10-09 02:19:25.975 11257 11329 I SYNCUTIL: getIdsFromUrl https://tv6.egydead.live/%d9%85%d8%b4%d8%a7%d9%87%d8%af%d8%a9-%d9%81%d9%8a%d9%84%d9%85-pretty-crazy-2025-%d9%85%d8%aa%d8%b1%d8%ac%d9%85/
10-09 02:19:25.990 11257 11257 D SurfaceView@4fc540d: updateSurface: has no frame
10-09 02:19:25.992 11257 11257 I SurfaceView@4fc540d: Changes: creating=true format=true size=true visible=true alpha=false hint=false mUseAlpha=false visible=true left=true top=true
10-09 02:19:25.995 11257 11257 I BLASTBufferQueue: update, w= 1080 h= 525 mName = null mNativeObject= 0x7bed8ae600 sc.mNativeObject= 0x7b3f757160 format= 4 caller= android.view.SurfaceView.createBlastSurfaceControls:1383 android.view.SurfaceView.updateSurface:1079 android.view.SurfaceView.lambda$new$0$android-view-SurfaceView:200 android.view.SurfaceView$$ExternalSyntheticLambda5.onPreDraw:2 android.view.ViewTreeObserver.dispatchOnPreDraw:1121 android.view.ViewRootImpl.performTraversals:4442 
10-09 02:19:25.995 11257 11257 I SurfaceView@4fc540d: 83645453 Cur surface: Surface(name=null)/@0x95caf67
10-09 02:19:25.995 11257 11257 I SurfaceView@4fc540d: pST: sr = Rect(0, 218 - 1080, 743) sw = 1080 sh = 525
10-09 02:19:25.995 11257 11257 D SurfaceView@4fc540d: performSurfaceTransaction RenderWorker position = [0, 218, 1080, 743] surfaceSize = 1080x525
10-09 02:19:25.996 11257 11257 I SurfaceView@4fc540d: applyTransactionOnVriDraw: vri = ViewRootImpl@49f6cb7[MainActivity] fRS = false t = 0x7b2dd8c400 android.view.SurfaceView.performSurfaceTransaction:959 android.view.SurfaceView.updateSurface:1105 android.view.SurfaceView.lambda$new$0$android-view-SurfaceView:200 
10-09 02:19:25.996 11257 11257 I ViewRootImpl@49f6cb7[MainActivity]: applyTransactionOnDraw: mRemoved = false isHardwareEnabled = true t = 0x7b2dd8c400android.view.SurfaceView.applyTransactionOnVriDraw:2048 android.view.SurfaceView.performSurfaceTransaction:959 android.view.SurfaceView.updateSurface:1105 android.view.SurfaceView.lambda$new$0$android-view-SurfaceView:200 android.view.SurfaceView$$ExternalSyntheticLambda5.onPreDraw:2 
10-09 02:19:25.996 11257 11257 I SurfaceView@4fc540d: updateSurface: mVisible = true mSurface.isValid() = true
10-09 02:19:25.996 11257 11257 I SurfaceView@4fc540d: updateSurface: mSurfaceCreated = false surfaceChanged = true visibleChanged = true
10-09 02:19:25.996 11257 11257 I SurfaceView@4fc540d: visibleChanged -- surfaceCreated
10-09 02:19:25.996 11257 11257 I SurfaceView@4fc540d: surfaceCreated 0 #8 android.view.SurfaceView{4fc540d V.E..V... ......ID 0,0-1080,525}
10-09 02:19:25.996 11257 11257 I SurfaceView@4fc540d: surfaceChanged -- format=4 w=1080 h=525
10-09 02:19:25.996 11257 11257 I SurfaceView@4fc540d: surfaceChanged (1080,525) 0 #8 android.view.SurfaceView{4fc540d V.E..V... ......ID 0,0-1080,525}
10-09 02:19:25.996 11257 11257 I SurfaceView@4fc540d: surfaceRedrawNeeded
10-09 02:19:25.997 11257 11257 V SurfaceView@4fc540d: Layout: x=0 y=218 w=1080 h=525, frame=Rect(0, 0 - 1080, 525)
10-09 02:19:26.008 11257 11360 D SurfaceView@4fc540d: updateSurfacePosition RenderWorker, frameNr = 549, position = [0, 218, 1080, 743] surfaceSize = 1080x525
10-09 02:19:26.009 11257 11360 I SurfaceView@4fc540d: uSP: rtp = Rect(0, 218 - 1080, 743) rtsw = 1080 rtsh = 525
10-09 02:19:26.009 11257 11360 I SurfaceView@4fc540d: onSSPAndSRT: pl = 0 pt = 218 sx = 1.0 sy = 1.0
10-09 02:19:26.009 11257 11360 I SurfaceView@4fc540d: aOrMT: ViewRootImpl@49f6cb7[MainActivity] t = android.view.SurfaceControl$Transaction@6dc5a80 fN = 549 android.view.SurfaceView.-$$Nest$mapplyOrMergeTransaction:0 android.view.SurfaceView$SurfaceViewPositionUpdateListener.positionChanged:1537 android.graphics.RenderNode$CompositePositionUpdateListener.positionChanged:373 
10-09 02:19:26.010 11257 11360 I ViewRootImpl@49f6cb7[MainActivity]: mWNT: t=0x7b15dcef00 mBlastBufferQueue=0x7b3f4a4800 fn= 549 caller= android.view.SurfaceView.applyOrMergeTransaction:1455 android.view.SurfaceView.-$$Nest$mapplyOrMergeTransaction:0 android.view.SurfaceView$SurfaceViewPositionUpdateListener.positionChanged:1537 
10-09 02:19:26.011 11257 11361 I ViewRootImpl@49f6cb7[MainActivity]: mWNT: t=0x7b2dd8c400 mBlastBufferQueue=0x7b3f4a4800 fn= 549 caller= android.view.ViewRootImpl.lambda$applyTransactionOnDraw$11$android-view-ViewRootImpl:12865 android.view.ViewRootImpl$$ExternalSyntheticLambda1.onFrameDraw:4 android.graphics.HardwareRenderer$FrameDrawingCallback.onFrameDraw:924 
10-09 02:19:26.038 11257 11257 I SurfaceView@4fc540d: finishedDrawing
10-09 02:19:26.103 11257 11262 I st.cloudstream3: Background concurrent copying GC freed 10MB AllocSpace bytes, 74(4892KB) LOS objects, 49% free, 20MB/41MB, paused 215us,343us total 161.588ms
10-09 02:19:27.231 11257 11257 I ViewRootImpl@49f6cb7[MainActivity]: ViewPostIme pointer 0
10-09 02:19:27.768 11257 11257 I Dialog  : mIsDeviceDefault = false, mIsSamsungBasicInteraction = false, isMetaDataInActivity = false
10-09 02:19:27.819 11257 11257 I DecorView: [INFO] isPopOver=false config=false
10-09 02:19:27.819 11257 11257 I DecorView: updateCaptionType: isFloating=false isApplication=true hasWindowDecorCaption=false this=DecorView@f2c10d1[]
10-09 02:19:27.819 11257 11257 D DecorView: setCaptionType = 0, this = DecorView@f2c10d1[]
10-09 02:19:27.821 11257 11257 I DecorView: getCurrentDensityDpi: from app context. densityDpi=420 msg=resources_loaded
10-09 02:19:27.822 11257 11257 I DecorView: setWindowBackground: isPopOver=false color=0 d=android.graphics.drawable.ColorDrawable@54eb637
10-09 02:19:27.830 11257 11282 D NativeCustomFrequencyManager: [NativeCFMS] BpCustomFrequencyManager::BpCustomFrequencyManager()
10-09 02:19:27.831 11257 11257 I DecorView: notifyKeepScreenOnChanged: keepScreenOn=false
10-09 02:19:27.845 11257 11257 D InsetsController: onStateChanged: InsetsState: {mDisplayFrame=Rect(0, 0 - 1080, 2400), mDisplayCutout=DisplayCutout{insets=Rect(0, 88 - 0, 0) waterfall=Insets{left=0, top=0, right=0, bottom=0} boundingRect={Bounds=[Rect(0, 0 - 0, 0), Rect(512, 0 - 568, 88), Rect(0, 0 - 0, 0), Rect(0, 0 - 0, 0)]} cutoutPathParserInfo={CutoutPathParserInfo{displayWidth=1080 displayHeight=2400 physicalDisplayWidth=1080 physicalDisplayHeight=2400 density={2.625} cutoutSpec={M 0,0 M 0,12.25101276465640 a 10.60613009248640,10.60613009248640 0 1,0 0,21.21226018497290 a 10.60613009248640,10.60613009248640 0 1,0 0,-21.21226018497290 Z @dp} rotation={0} scale={1.0} physicalPixelDisplaySizeRatio={1.0}}}}, mRoundedCorners=RoundedCorners{[RoundedCorner{position=TopLeft, radius=84, center=Point(84, 84)}, RoundedCorner{position=TopRight, radius=84, center=Point(996, 84)}, RoundedCorner{position=BottomRight, radius=84, center=Point(996, 2316)}, RoundedCorner{position=BottomLeft, radius=84, center=Point(84, 2316)}]}  mRoundedCornerFrame=Rect(0, 0 - 1080, 2400), mPrivacyIndicatorBounds=PrivacyIndicatorBounds {static bounds=Rect(964, 0 - 1080, 87) rotation=0}, mSources= { InsetsSource: {mType=ITYPE_STATUS_BAR, mFrame=[0,0][1080,88], mVisible=true, mInsetsRoundedCornerFrame=false}, InsetsSource: {mType=ITYPE_NAVIGATION_BAR, mFrame=[0,2361][1080,2400], mVisible=true, mInsetsRoundedCornerFrame=false}, InsetsSource: {mType=ITYPE_LEFT_GESTURES, mFrame=[0,0][130,2400], mVisible=true, mInsetsRoundedCornerFrame=false}, InsetsSource: {mType=ITYPE_RIGHT_GESTURES, mFrame=[950,0][1080,2400], mVisible=true, mInsetsRoundedCornerFrame=false}, InsetsSource: {mType=ITYPE_TOP_MANDATORY_GESTURES, mFrame=[0,0][1080,120], mVisible=true, mInsetsRoundedCornerFrame=false}, InsetsSource: {mType=ITYPE_BOTTOM_MANDATORY_GESTURES, mFrame=[0,2316][1080,2400], mVisible=true, mInsetsRoundedCornerFrame=false}, InsetsSource: {mType=ITYPE_LEFT_DISPLAY_CUTOUT, mFrame=[0,0][-100000,2400], mVisible=true, mInsetsRoundedCornerFrame=false}, InsetsSource: {mType=ITYPE_TOP_DISPLAY_CUTOUT, mFrame=[0,0][1080,88], mVisible=true, mInsetsRoundedCornerFrame=false}, InsetsSource: {mType=ITYPE_RIGHT_DISPLAY_CUTOUT, mFrame=[100000,0][1080,2400], mVisible=true, mInsetsRoundedCornerFrame=false}, InsetsSource: {mType=ITYPE_BOTTOM_DISPLAY_CUTOUT, mFrame=[0,100000][1080,2400], mVisible=true, mInsetsRoundedCornerFrame=false}, InsetsSource: {mType=ITYPE_TOP_TAPPABLE_ELEMENT, mFrame=[0,0][1080,88], mVisible=true, mInsetsRoundedCornerFrame=false}, InsetsSource: {mType=ITYPE_BOTTOM_TAPPABLE_ELEMENT, mFrame=[0,0][0,0], mVisible=true, mInsetsRoundedCornerFrame=false}, InsetsSource: {mType=ITYPE_IME, mFrame=[0,0][0,0], mVisibleFrame=[0,1409][1080,2400], mVisible=false, mInsetsRoundedCornerFrame=false} } host=com.lagradost.cloudstream3/com.lagradost.cloudstream3.MainActivity from=android.view.ViewRootImpl.setView:1732
10-09 02:19:27.847 11257 11257 I ViewRootImpl@bbd273c[MainActivity]: setView = com.android.internal.policy.DecorView@f2c10d1 TM=true
10-09 02:19:27.865 11257 11257 I ViewRootImpl@bbd273c[MainActivity]: performTraversals params={(0,0)(fillxfill) gr=CENTER sim={adjust=resize forwardNavigation} ty=APPLICATION fmt=TRANSPARENT wanim=0x7f14000b
10-09 02:19:27.865 11257 11257 I ViewRootImpl@bbd273c[MainActivity]:   fl=85810100
10-09 02:19:27.865 11257 11257 I ViewRootImpl@bbd273c[MainActivity]:   pfl=12020040
10-09 02:19:27.865 11257 11257 I ViewRootImpl@bbd273c[MainActivity]:   vsysui=500
10-09 02:19:27.865 11257 11257 I ViewRootImpl@bbd273c[MainActivity]:   bhv=DEFAULT
10-09 02:19:27.865 11257 11257 I ViewRootImpl@bbd273c[MainActivity]:   fitSides= naviIconColor=0}
10-09 02:19:27.866 11257 11257 I ViewRootImpl@bbd273c[MainActivity]: performTraversals mFirst=true windowShouldResize=true viewVisibilityChanged=false mForceNextWindowRelayout=false params={(0,0)(fillxfill) gr=CENTER sim={adjust=resize forwardNavigation} ty=APPLICATION fmt=TRANSPARENT wanim=0x7f14000b
10-09 02:19:27.866 11257 11257 I ViewRootImpl@bbd273c[MainActivity]:   fl=85810100
10-09 02:19:27.866 11257 11257 I ViewRootImpl@bbd273c[MainActivity]:   pfl=12020040
10-09 02:19:27.866 11257 11257 I ViewRootImpl@bbd273c[MainActivity]:   vsysui=500
10-09 02:19:27.866 11257 11257 I ViewRootImpl@bbd273c[MainActivity]:   bhv=DEFAULT
10-09 02:19:27.866 11257 11257 I ViewRootImpl@bbd273c[MainActivity]:   fitSides= naviIconColor=0}
10-09 02:19:27.880 11257 11257 I ViewRootImpl@bbd273c[MainActivity]: updateBlastSurfaceIfNeeded mBlastBufferQueue=null isSameSurfaceControl=false
10-09 02:19:27.880 11257 11257 I BLASTBufferQueue: new BLASTBufferQueue, mName= ViewRootImpl@bbd273c[MainActivity] mNativeObject= 0x7bed8ae900 sc.mNativeObject= 0x7bed8b6760 caller= android.view.ViewRootImpl.updateBlastSurfaceIfNeeded:2909 android.view.ViewRootImpl.relayoutWindow:9847 android.view.ViewRootImpl.performTraversals:3884 android.view.ViewRootImpl.doTraversal:3116 android.view.ViewRootImpl$TraversalRunnable.run:10885 android.view.Choreographer$CallbackRecord.run:1301 android.view.Choreographer$CallbackRecord.run:1309 android.view.Choreographer.doCallbacks:923 android.view.Choreographer.doFrame:852 android.view.Choreographer$FrameDisplayEventReceiver.run:1283 
10-09 02:19:27.881 11257 11257 I BLASTBufferQueue: update, w= 1080 h= 2400 mName = ViewRootImpl@bbd273c[MainActivity] mNativeObject= 0x7bed8ae900 sc.mNativeObject= 0x7bed8b6760 format= -2 caller= android.graphics.BLASTBufferQueue.<init>:84 android.view.ViewRootImpl.updateBlastSurfaceIfNeeded:2909 android.view.ViewRootImpl.relayoutWindow:9847 android.view.ViewRootImpl.performTraversals:3884 android.view.ViewRootImpl.doTraversal:3116 android.view.ViewRootImpl$TraversalRunnable.run:10885 
10-09 02:19:27.881 11257 11257 I ViewRootImpl@bbd273c[MainActivity]: Relayout returned: old=(0,0,1080,2400) new=(0,0,1080,2400) req=(1080,2400)0 dur=14 res=0x3 s={true 0x7bdd44f000} ch=true seqId=0
10-09 02:19:27.882 11257 11257 I ViewRootImpl@bbd273c[MainActivity]: mThreadedRenderer.initialize() mSurface={isValid=true 0x7bdd44f000} hwInitialized=true
10-09 02:19:27.883 11257 11282 D OpenGLRenderer: eglCreateWindowSurface
10-09 02:19:27.910 11257 11257 D AbsListView:  in onLayout changed 
10-09 02:19:27.911 11257 11257 I ViewRootImpl@bbd273c[MainActivity]: reportNextDraw android.view.ViewRootImpl.performTraversals:4438 android.view.ViewRootImpl.doTraversal:3116 android.view.ViewRootImpl$TraversalRunnable.run:10885 android.view.Choreographer$CallbackRecord.run:1301 android.view.Choreographer$CallbackRecord.run:1309 
10-09 02:19:27.911 11257 11257 I ViewRootImpl@bbd273c[MainActivity]: Setup new sync id=0
10-09 02:19:27.911 11257 11257 I ViewRootImpl@bbd273c[MainActivity]: Setting syncFrameCallback
10-09 02:19:27.911 11257 11257 I ViewRootImpl@bbd273c[MainActivity]: registerCallbacksForSync syncBuffer=false
10-09 02:19:27.915 11257 11360 I ViewRootImpl@bbd273c[MainActivity]: Received frameDrawingCallback syncResult=0 frameNum=1.
10-09 02:19:27.916 11257 11360 I ViewRootImpl@bbd273c[MainActivity]: Setting up sync and frameCommitCallback
10-09 02:19:27.923 11257 11282 I BLASTBufferQueue: [ViewRootImpl@bbd273c[MainActivity]#4](f:0,a:0) onFrameAvailable the first frame is available
10-09 02:19:27.925 11257 11282 I ViewRootImpl@bbd273c[MainActivity]: Received frameCommittedCallback lastAttemptedDrawFrameNum=1 didProduceBuffer=true
10-09 02:19:27.927 11257 11282 D OpenGLRenderer: CFMS:: SetUp Pid : 11257    Tid : 11282
10-09 02:19:27.932 11257 11257 I ViewRootImpl@bbd273c[MainActivity]: onSyncComplete
10-09 02:19:27.933 11257 11257 I ViewRootImpl@bbd273c[MainActivity]: setupSync seqId=0 mSyncId=0 fn=1 caller=android.view.ViewRootImpl$$ExternalSyntheticLambda11.accept:6 android.window.SurfaceSyncer.lambda$setupSync$1$android-window-SurfaceSyncer:128 android.window.SurfaceSyncer$$ExternalSyntheticLambda1.accept:8 android.window.SurfaceSyncer$SyncSet.checkIfSyncIsComplete:382 android.window.SurfaceSyncer$SyncSet.markSyncReady:359 android.window.SurfaceSyncer.markSyncReady:151 android.view.ViewRootImpl.performTraversals:4503 
10-09 02:19:27.933 11257 11257 I ViewRootImpl@bbd273c[MainActivity]: reportDrawFinished seqId=0 mSyncId=-1 fn=1 mSurfaceChangedTransaction=0x7b2e11d000
10-09 02:19:27.951 11257 11257 I ViewRootImpl@49f6cb7[MainActivity]: MSG_WINDOW_FOCUS_CHANGED 0 0
10-09 02:19:27.970 11257 11257 I ViewRootImpl@49f6cb7[MainActivity]: ViewPostIme pointer 1
10-09 02:19:27.991 11257 11257 I ViewRootImpl@bbd273c[MainActivity]: MSG_WINDOW_FOCUS_CHANGED 1 0
10-09 02:19:27.991 11257 11257 I ViewRootImpl@bbd273c[MainActivity]: mThreadedRenderer.initializeIfNeeded()#2 mSurface={isValid=true 0x7bdd44f000}
10-09 02:19:27.993 11257 11257 D InputMethodManager: startInputInner - Id : 0
10-09 02:19:27.993 11257 11257 I InputMethodManager: startInputInner - mService.startInputOrWindowGainedFocus
10-09 02:19:29.281 11257 11257 I ViewRootImpl@bbd273c[MainActivity]: ViewPostIme pointer 0
10-09 02:19:29.329 11257 11257 I ViewRootImpl@bbd273c[MainActivity]: ViewPostIme pointer 1
10-09 02:19:29.331 11257 11257 D AbsListView: onTouchUp() mTouchMode : 0
10-09 02:19:29.410 11257 11325 D EgyDead : Loading links for URL: https://tv6.egydead.live/%d9%85%d8%b4%d8%a7%d9%87%d8%af%d8%a9-%d9%81%d9%8a%d9%84%d9%85-pretty-crazy-2025-%d9%85%d8%aa%d8%b1%d8%ac%d9%85/
10-09 02:19:29.410 11257 11257 I MSHandlerLifeCycle: removeMultiSplitHandler: no exist. decor=DecorView@f2c10d1[MainActivity]
10-09 02:19:29.413 11257 11282 D OpenGLRenderer: setSurface called with nullptr
10-09 02:19:29.413 11257 11282 D OpenGLRenderer: setSurface() destroyed EGLSurface
10-09 02:19:29.413 11257 11282 D OpenGLRenderer: destroyEglSurface
10-09 02:19:29.415 11257 11282 D OpenGLRenderer: endAllActiveAnimators on 0x7b5d98f500 (MaterialTextView) with handle 0x7b4b322580
10-09 02:19:29.415 11257 11257 I ViewRootImpl@bbd273c[MainActivity]: dispatchDetachedFromWindow
10-09 02:19:29.440 11257 11257 D InputTransport: Input channel destroyed: '3622f59', fd=152
10-09 02:19:29.443 11257 11257 I Dialog  : mIsDeviceDefault = false, mIsSamsungBasicInteraction = false, isMetaDataInActivity = false
10-09 02:19:29.512 11257 11257 I DecorView: [INFO] isPopOver=false config=false
10-09 02:19:29.512 11257 11257 I DecorView: updateCaptionType: isFloating=false isApplication=true hasWindowDecorCaption=false this=DecorView@ffd3803[]
10-09 02:19:29.512 11257 11257 D DecorView: setCaptionType = 0, this = DecorView@ffd3803[]
10-09 02:19:29.514 11257 11257 I DecorView: getCurrentDensityDpi: from app context. densityDpi=420 msg=resources_loaded
10-09 02:19:29.514 11257 11257 I DecorView: setWindowBackground: isPopOver=false color=0 d=android.graphics.drawable.ColorDrawable@e4fddb9
10-09 02:19:29.521 11257 11282 D NativeCustomFrequencyManager: [NativeCFMS] BpCustomFrequencyManager::BpCustomFrequencyManager()
10-09 02:19:29.522 11257 11257 I DecorView: notifyKeepScreenOnChanged: keepScreenOn=false
