10-08 16:41:49.506  9934  9934 I ViewRootImpl@7cb4325[Toast]: mThreadedRenderer.initialize() mSurface={isValid=true 0x7b7bfb3800} hwInitialized=true
10-08 16:41:49.508  9934  9934 I ViewRootImpl@7cb4325[Toast]: reportNextDraw android.view.ViewRootImpl.performTraversals:4438 android.view.ViewRootImpl.doTraversal:3116 android.view.ViewRootImpl$TraversalRunnable.run:10885 android.view.Choreographer$CallbackRecord.run:1301 android.view.Choreographer$CallbackRecord.run:1309 
10-08 16:41:49.508  9934  9934 I ViewRootImpl@7cb4325[Toast]: Setup new sync id=0
10-08 16:41:49.508  9934  9934 I ViewRootImpl@7cb4325[Toast]: Setting syncFrameCallback
10-08 16:41:49.508  9934  9934 I ViewRootImpl@7cb4325[Toast]: registerCallbacksForSync syncBuffer=false
10-08 16:41:49.508  9934  9958 D OpenGLRenderer: eglCreateWindowSurface
10-08 16:41:49.511  9934 10045 I ViewRootImpl@7cb4325[Toast]: Received frameDrawingCallback syncResult=0 frameNum=1.
10-08 16:41:49.511  9934 10045 I ViewRootImpl@7cb4325[Toast]: Setting up sync and frameCommitCallback
10-08 16:41:49.518  9934  9958 I BLASTBufferQueue: [ViewRootImpl@7cb4325[Toast]#1](f:0,a:0) onFrameAvailable the first frame is available
10-08 16:41:49.519  9934  9958 I ViewRootImpl@7cb4325[Toast]: Received frameCommittedCallback lastAttemptedDrawFrameNum=1 didProduceBuffer=true
10-08 16:41:49.521  9934  9958 D OpenGLRenderer: CFMS:: SetUp Pid : 9934    Tid : 9958
10-08 16:41:49.525  9934  9934 I ViewRootImpl@7cb4325[Toast]: onSyncComplete
10-08 16:41:49.526  9934  9934 I ViewRootImpl@7cb4325[Toast]: setupSync seqId=0 mSyncId=0 fn=1 caller=android.view.ViewRootImpl$$ExternalSyntheticLambda11.accept:6 android.window.SurfaceSyncer.lambda$setupSync$1$android-window-SurfaceSyncer:128 android.window.SurfaceSyncer$$ExternalSyntheticLambda1.accept:8 android.window.SurfaceSyncer$SyncSet.checkIfSyncIsComplete:382 android.window.SurfaceSyncer$SyncSet.markSyncReady:359 android.window.SurfaceSyncer.markSyncReady:151 android.view.ViewRootImpl.performTraversals:4503 
10-08 16:41:49.527  9934  9934 I ViewRootImpl@7cb4325[Toast]: reportDrawFinished seqId=0 mSyncId=-1 fn=1 mSurfaceChangedTransaction=0x7b5f9b3400
10-08 16:41:49.744  9934 10001 I PluginManager: Unloading plugin: /data/user/0/com.lagradost.cloudstream3/files/Extensions/httpsraw.githubusercontent.comadamwolker21DZrefsheadsmasterrepo.json.-468825824/EgyDead.-124080901.cs3
10-08 16:41:49.744  9934 10001 W PluginManager: Couldn't find plugin /data/user/0/com.lagradost.cloudstream3/files/Extensions/httpsraw.githubusercontent.comadamwolker21DZrefsheadsmasterrepo.json.-468825824/EgyDead.-124080901.cs3
10-08 16:41:49.745  9934 10001 I PluginManager: Loading plugin: PluginData(internalName=EgyDead, url=https://raw.githubusercontent.com/adamwolker21/DZ/builds/EgyDead.cs3, isOnline=true, filePath=/data/user/0/com.lagradost.cloudstream3/files/Extensions/httpsraw.githubusercontent.comadamwolker21DZrefsheadsmasterrepo.json.-468825824/EgyDead.-124080901.cs3, version=-2147483648)
10-08 16:41:49.806  9934 10001 I PluginInstance: Adding EgyDead (https://tv6.egydead.live) MainAPI
10-08 16:41:49.807  9934 10001 I PluginManager: Loaded plugin EgyDead successfully
10-08 16:41:49.809  9934  9934 I COMPACT : showToast = Downloaded 1 plugin
10-08 16:41:49.813  9934  9934 E Toast   : setGravity() shouldn't be called on text toasts, the values won't be used
10-08 16:41:49.814  9934  9934 I Toast   : setView: it's a custom toast
10-08 16:41:49.819  9934  9934 V Toast   : show: caller = com.lagradost.cloudstream3.CommonActivity.showToast:175 
10-08 16:41:49.830  9934  9958 D OpenGLRenderer: setSurface called with nullptr
10-08 16:41:49.830  9934  9958 D OpenGLRenderer: setSurface() destroyed EGLSurface
10-08 16:41:49.830  9934  9958 D OpenGLRenderer: destroyEglSurface
10-08 16:41:49.833  9934  9934 I ViewRootImpl@7cb4325[Toast]: dispatchDetachedFromWindow
10-08 16:41:49.847  9934  9934 D InputTransport: Input channel destroyed: '190fc T', fd=120
10-08 16:41:49.862  9934  9934 V Toast   : HANDLE SHOW: android.widget.Toast$TN@5e0efe4 mView=null mNextView=androidx.cardview.widget.CardView{835cc4d V.E...... ......ID 0,0-0,0 #7f0a0557 app:id/toast_layout_root}
10-08 16:41:49.863  9934  9934 V ToastPresenter: sipHeight = -39
10-08 16:41:49.864  9934  9934 V ToastPresenter: yOffset = 13
10-08 16:41:49.867  9934  9958 D NativeCustomFrequencyManager: [NativeCFMS] BpCustomFrequencyManager::BpCustomFrequencyManager()
10-08 16:41:49.878  9934  9934 D InsetsController: onStateChanged: InsetsState: {mDisplayFrame=Rect(0, 0 - 1080, 2400), mDisplayCutout=DisplayCutout{insets=Rect(0, 88 - 0, 0) waterfall=Insets{left=0, top=0, right=0, bottom=0} boundingRect={Bounds=[Rect(0, 0 - 0, 0), Rect(512, 0 - 568, 88), Rect(0, 0 - 0, 0), Rect(0, 0 - 0, 0)]} cutoutPathParserInfo={CutoutPathParserInfo{displayWidth=1080 displayHeight=2400 physicalDisplayWidth=1080 physicalDisplayHeight=2400 density={2.625} cutoutSpec={M 0,0 M 0,12.25101276465640 a 10.60613009248640,10.60613009248640 0 1,0 0,21.21226018497290 a 10.60613009248640,10.60613009248640 0 1,0 0,-21.21226018497290 Z @dp} rotation={0} scale={1.0} physicalPixelDisplaySizeRatio={1.0}}}}, mRoundedCorners=RoundedCorners{[RoundedCorner{position=TopLeft, radius=84, center=Point(84, 84)}, RoundedCorner{position=TopRight, radius=84, center=Point(996, 84)}, RoundedCorner{position=BottomRight, radius=84, center=Point(996, 2316)}, RoundedCorner{position=BottomLeft, radius=84, center=Point(84, 2316)}]}  mRoundedCornerFrame=Rect(0, 0 - 0, 0), mPrivacyIndicatorBounds=PrivacyIndicatorBounds {static bounds=Rect(964, 0 - 1080, 87) rotation=0}, mSources= { InsetsSource: {mType=ITYPE_NAVIGATION_BAR, mFrame=[0,2361][1080,2400], mVisible=true, mInsetsRoundedCornerFrame=false}, InsetsSource: {mType=ITYPE_LEFT_GESTURES, mFrame=[0,0][130,2400], mVisible=true, mInsetsRoundedCornerFrame=false}, InsetsSource: {mType=ITYPE_RIGHT_GESTURES, mFrame=[950,0][1080,2400], mVisible=true, mInsetsRoundedCornerFrame=false}, InsetsSource: {mType=ITYPE_TOP_MANDATORY_GESTURES, mFrame=[0,0][1080,120], mVisible=true, mInsetsRoundedCornerFrame=false}, InsetsSource: {mType=ITYPE_BOTTOM_MANDATORY_GESTURES, mFrame=[0,2316][1080,2400], mVisible=true, mInsetsRoundedCornerFrame=false}, InsetsSource: {mType=ITYPE_LEFT_DISPLAY_CUTOUT, mFrame=[0,0][-100000,2400], mVisible=true, mInsetsRoundedCornerFrame=false}, InsetsSource: {mType=ITYPE_TOP_DISPLAY_CUTOUT, mFrame=[0,0][1080,88], mVisible=true, mInsetsRoundedCornerFrame=false}, InsetsSource: {mType=ITYPE_RIGHT_DISPLAY_CUTOUT, mFrame=[100000,0][1080,2400], mVisible=true, mInsetsRoundedCornerFrame=false}, InsetsSource: {mType=ITYPE_BOTTOM_DISPLAY_CUTOUT, mFrame=[0,100000][1080,2400], mVisible=true, mInsetsRoundedCornerFrame=false}, InsetsSource: {mType=ITYPE_BOTTOM_TAPPABLE_ELEMENT, mFrame=[0,0][0,0], mVisible=true, mInsetsRoundedCornerFrame=false} } host=Toast from=android.view.ViewRootImpl.setView:1732
10-08 16:41:49.879  9934  9934 I ViewRootImpl@3b5a302[Toast]: setView = androidx.cardview.widget.CardView@835cc4d TM=true
10-08 16:41:49.888  9934  9934 I ViewRootImpl@3b5a302[Toast]: performTraversals params={(0,13)(wrapxwrap) gr=BOTTOM CENTER sim={adjust=pan} ty=TOAST fmt=TRANSLUCENT wanim=0x1030004 surfaceInsets=Rect(11, 11 - 11, 11)
10-08 16:41:49.888  9934  9934 I ViewRootImpl@3b5a302[Toast]:   fl=1000098
10-08 16:41:49.888  9934  9934 I ViewRootImpl@3b5a302[Toast]:   pfl=12000000
10-08 16:41:49.888  9934  9934 I ViewRootImpl@3b5a302[Toast]:   bhv=DEFAULT
10-08 16:41:49.888  9934  9934 I ViewRootImpl@3b5a302[Toast]:   fitTypes=STATUS_BARS NAVIGATION_BARS CAPTION_BAR
10-08 16:41:49.888  9934  9934 I ViewRootImpl@3b5a302[Toast]:   fitIgnoreVis naviIconColor=0}
10-08 16:41:49.890  9934  9934 I ViewRootImpl@3b5a302[Toast]: performTraversals mFirst=true windowShouldResize=false viewVisibilityChanged=false mForceNextWindowRelayout=false params={(0,13)(wrapxwrap) gr=BOTTOM CENTER sim={adjust=pan} ty=TOAST fmt=TRANSLUCENT wanim=0x1030004 surfaceInsets=Rect(11, 11 - 11, 11)
10-08 16:41:49.890  9934  9934 I ViewRootImpl@3b5a302[Toast]:   fl=1000098
10-08 16:41:49.890  9934  9934 I ViewRootImpl@3b5a302[Toast]:   pfl=12000000
10-08 16:41:49.890  9934  9934 I ViewRootImpl@3b5a302[Toast]:   bhv=DEFAULT
10-08 16:41:49.890  9934  9934 I ViewRootImpl@3b5a302[Toast]:   fitTypes=STATUS_BARS NAVIGATION_BARS CAPTION_BAR
10-08 16:41:49.890  9934  9934 I ViewRootImpl@3b5a302[Toast]:   fitIgnoreVis naviIconColor=0}
10-08 16:41:49.904  9934  9934 I ViewRootImpl@3b5a302[Toast]: updateBlastSurfaceIfNeeded mBlastBufferQueue=null isSameSurfaceControl=false
10-08 16:41:49.905  9934  9934 I BLASTBufferQueue: new BLASTBufferQueue, mName= ViewRootImpl@3b5a302[Toast] mNativeObject= 0x7b44c73600 sc.mNativeObject= 0x7b7c024020 caller= android.view.ViewRootImpl.updateBlastSurfaceIfNeeded:2909 android.view.ViewRootImpl.relayoutWindow:9847 android.view.ViewRootImpl.performTraversals:3884 android.view.ViewRootImpl.doTraversal:3116 android.view.ViewRootImpl$TraversalRunnable.run:10885 android.view.Choreographer$CallbackRecord.run:1301 android.view.Choreographer$CallbackRecord.run:1309 android.view.Choreographer.doCallbacks:923 android.view.Choreographer.doFrame:852 android.view.Choreographer$FrameDisplayEventReceiver.run:1283 
10-08 16:41:49.906  9934  9934 I BLASTBufferQueue: update, w= 486 h= 178 mName = ViewRootImpl@3b5a302[Toast] mNativeObject= 0x7b44c73600 sc.mNativeObject= 0x7b7c024020 format= -3 caller= android.graphics.BLASTBufferQueue.<init>:84 android.view.ViewRootImpl.updateBlastSurfaceIfNeeded:2909 android.view.ViewRootImpl.relayoutWindow:9847 android.view.ViewRootImpl.performTraversals:3884 android.view.ViewRootImpl.doTraversal:3116 android.view.ViewRootImpl$TraversalRunnable.run:10885 
10-08 16:41:49.907  9934  9934 I ViewRootImpl@3b5a302[Toast]: Relayout returned: old=(0,88,1080,2361) new=(308,2192,772,2348) req=(464,156)0 dur=14 res=0x3 s={true 0x7b7bfb3800} ch=true seqId=0
10-08 16:41:49.909  9934  9934 I ViewRootImpl@3b5a302[Toast]: mThreadedRenderer.initialize() mSurface={isValid=true 0x7b7bfb3800} hwInitialized=true
10-08 16:41:49.909  9934  9958 D OpenGLRenderer: eglCreateWindowSurface
10-08 16:41:49.910  9934  9934 I ViewRootImpl@3b5a302[Toast]: reportNextDraw android.view.ViewRootImpl.performTraversals:4438 android.view.ViewRootImpl.doTraversal:3116 android.view.ViewRootImpl$TraversalRunnable.run:10885 android.view.Choreographer$CallbackRecord.run:1301 android.view.Choreographer$CallbackRecord.run:1309 
10-08 16:41:49.911  9934  9934 I ViewRootImpl@3b5a302[Toast]: Setup new sync id=0
10-08 16:41:49.911  9934  9934 I ViewRootImpl@3b5a302[Toast]: Setting syncFrameCallback
10-08 16:41:49.911  9934  9934 I ViewRootImpl@3b5a302[Toast]: registerCallbacksForSync syncBuffer=false
10-08 16:41:49.913  9934 10044 I ViewRootImpl@3b5a302[Toast]: Received frameDrawingCallback syncResult=0 frameNum=1.
10-08 16:41:49.913  9934 10044 I ViewRootImpl@3b5a302[Toast]: Setting up sync and frameCommitCallback
10-08 16:41:49.915  9934  9958 I BLASTBufferQueue: [ViewRootImpl@3b5a302[Toast]#2](f:0,a:0) onFrameAvailable the first frame is available
10-08 16:41:49.917  9934  9958 I ViewRootImpl@3b5a302[Toast]: Received frameCommittedCallback lastAttemptedDrawFrameNum=1 didProduceBuffer=true
10-08 16:41:49.919  9934  9958 D OpenGLRenderer: CFMS:: SetUp Pid : 9934    Tid : 9958
10-08 16:41:49.923  9934  9934 I ViewRootImpl@3b5a302[Toast]: onSyncComplete
10-08 16:41:49.924  9934  9934 I ViewRootImpl@3b5a302[Toast]: setupSync seqId=0 mSyncId=0 fn=1 caller=android.view.ViewRootImpl$$ExternalSyntheticLambda11.accept:6 android.window.SurfaceSyncer.lambda$setupSync$1$android-window-SurfaceSyncer:128 android.window.SurfaceSyncer$$ExternalSyntheticLambda1.accept:8 android.window.SurfaceSyncer$SyncSet.checkIfSyncIsComplete:382 android.window.SurfaceSyncer$SyncSet.markSyncReady:359 android.window.SurfaceSyncer.markSyncReady:151 android.view.ViewRootImpl.performTraversals:4503 
10-08 16:41:49.924  9934  9934 I ViewRootImpl@3b5a302[Toast]: reportDrawFinished seqId=0 mSyncId=-1 fn=1 mSurfaceChangedTransaction=0x7b44e27300
10-08 16:41:50.385  9934  9934 I ViewRootImpl@a341d53[MainActivity]: ViewPostIme pointer 0
10-08 16:41:50.440  9934  9934 I ViewRootImpl@a341d53[MainActivity]: ViewPostIme pointer 1
10-08 16:41:50.452  9934  9934 I IMM_LC  : hsifw() - flag : 0
10-08 16:41:50.452  9934  9934 I IMM_LC  : hsifw() - mService.hideSoftInput
10-08 16:41:50.558  9934 10000 I WebViewFactory: Loading com.google.android.webview version 140.0.7339.207 (code 733920733)
10-08 16:41:50.566  9934 10000 W st.cloudstream3: Failed to find entry 'classes.dex': Entry not found
10-08 16:41:50.567  9934 10000 D nativeloader: Configuring clns-6 for other apk /data/app/~~0iK79XW9X0QppaGo2hZ3dg==/com.google.android.trichromelibrary_733920733-6bb0wVyJqr8G8vJnjVAKKg==/base.apk. target_sdk_version=36, uses_libraries=ALL, library_path=/data/app/~~iwwqLfGPKTES2hsQd9D3lw==/com.google.android.webview-qbQIISas-S18wMUdMAIFhw==/lib/arm64:/data/app/~~iwwqLfGPKTES2hsQd9D3lw==/com.google.android.webview-qbQIISas-S18wMUdMAIFhw==/base.apk!/lib/arm64-v8a:/data/app/~~0iK79XW9X0QppaGo2hZ3dg==/com.google.android.trichromelibrary_733920733-6bb0wVyJqr8G8vJnjVAKKg==/base.apk!/lib/arm64-v8a, permitted_path=/data:/mnt/expand
10-08 16:41:50.567  9934 10000 D nativeloader: Extending system_exposed_libraries: libhumantracking.arcsoft.so:libPortraitDistortionCorrection.arcsoft.so:libPortraitDistortionCorrectionCali.arcsoft.so:libface_landmark.arcsoft.so:libFacialStickerEngine.arcsoft.so:libveengine.arcsoft.so:liblow_light_hdr.arcsoft.so:libhigh_dynamic_range.arcsoft.so:libFacialAttributeDetection.arcsoft.so:libBeauty_v4.camera.samsung.so:libexifa.camera.samsung.so:libjpega.camera.samsung.so:libOpenCv.camera.samsung.so:libImageScreener.camera.samsung.so:libMyFilter.camera.samsung.so:libtensorflowLite.myfilter.camera.samsung.so:libtensorflowlite_inference_api.myfilter.camera.samsung.so:libEventFinder.camera.samsung.so:libHIDTSnapJNI.camera.samsung.so:libSmartScan.camera.samsung.so:libRectify.camera.samsung.so:libDocRectifyWrapper.camera.samsung.so:libUltraWideDistortionCorrection.camera.samsung.so:libWideDistortionCorrection.camera.samsung.so:libHpr_RecGAE_cvFeature_v1.0.camera.samsung.so:libHprFace_GAE_api.camera.samsung.so:libFace_Landmark_API.camera.samsung.so:libHprFace_GAE_jn
10-08 16:41:50.585  9934 10000 I st.cloudstream3: Failed to add image file: Dex cache count and dex file count mismatch while trying to initialize from image
10-08 16:41:50.588  9934 10000 D nativeloader: Configuring clns-7 for other apk /data/app/~~iwwqLfGPKTES2hsQd9D3lw==/com.google.android.webview-qbQIISas-S18wMUdMAIFhw==/base.apk. target_sdk_version=36, uses_libraries=, library_path=/data/app/~~iwwqLfGPKTES2hsQd9D3lw==/com.google.android.webview-qbQIISas-S18wMUdMAIFhw==/lib/arm64:/data/app/~~iwwqLfGPKTES2hsQd9D3lw==/com.google.android.webview-qbQIISas-S18wMUdMAIFhw==/base.apk!/lib/arm64-v8a:/data/app/~~0iK79XW9X0QppaGo2hZ3dg==/com.google.android.trichromelibrary_733920733-6bb0wVyJqr8G8vJnjVAKKg==/base.apk!/lib/arm64-v8a, permitted_path=/data:/mnt/expand
10-08 16:41:50.591  9934  9934 D CompatibilityChangeReporter: Compat change id reported: 171228096; UID 10523; state: ENABLED
10-08 16:41:50.617  9934 10000 I cr_WVCFactoryProvider: version=140.0.7339.207 (733920733) minSdkVersion=29 multiprocess=true packageId=2 splits=<none>
10-08 16:41:50.622  9934 10000 D nativeloader: Load /data/app/~~0iK79XW9X0QppaGo2hZ3dg==/com.google.android.trichromelibrary_733920733-6bb0wVyJqr8G8vJnjVAKKg==/base.apk!/lib/arm64-v8a/libmonochrome_64.so using class loader ns clns-7 (caller=/data/app/~~iwwqLfGPKTES2hsQd9D3lw==/com.google.android.webview-qbQIISas-S18wMUdMAIFhw==/base.apk): ok
10-08 16:41:50.625  9934 10000 D nativeloader: Load /system/lib64/libwebviewchromium_plat_support.so using class loader ns clns-7 (caller=/data/app/~~iwwqLfGPKTES2hsQd9D3lw==/com.google.android.webview-qbQIISas-S18wMUdMAIFhw==/base.apk): ok
10-08 16:41:50.628  9934 10080 I chromium: [1008/164150.627948:INFO:android_webview/browser/variations/variations_seed_loader.cc:67] Failed to open file for reading.: No such file or directory (2)
10-08 16:41:50.635  9934 10000 I cr_LibraryLoader: Successfully loaded native library
10-08 16:41:50.636  9934 10000 I cr_CachingUmaRecorder: Flushed 13 samples from 13 histograms, 0 samples were dropped.
10-08 16:41:50.658  9934  9934 D CoilImgLoader: setupCoilLogger: Activated EVENT_LISTENER FOR COIL
10-08 16:41:50.658  9934  9934 D CoilImgLoader: buildImageLoader: Setting COIL Image Loader.
10-08 16:41:50.696  9934  9934 I ViewRootImpl@a341d53[MainActivity]: performTraversals mFirst=false windowShouldResize=false viewVisibilityChanged=false mForceNextWindowRelayout=false params={(0,0)(fillxfill) sim={state=always_hidden adjust=pan} ty=BASE_APPLICATION wanim=0x1030309
10-08 16:41:50.696  9934  9934 I ViewRootImpl@a341d53[MainActivity]:   fl=85810100
10-08 16:41:50.696  9934  9934 I ViewRootImpl@a341d53[MainActivity]:   pfl=12020040
10-08 16:41:50.696  9934  9934 I ViewRootImpl@a341d53[MainActivity]:   vsysui=500
10-08 16:41:50.696  9934  9934 I ViewRootImpl@a341d53[MainActivity]:   bhv=DEFAULT
10-08 16:41:50.696  9934  9934 I ViewRootImpl@a341d53[MainActivity]:   fitSides= naviIconColor=0}
10-08 16:41:50.704  9934  9934 I ViewRootImpl@a341d53[MainActivity]: updateBlastSurfaceIfNeeded mBlastBufferQueue=0x7b448aa500 isSameSurfaceControl=true
10-08 16:41:50.704  9934  9934 I BLASTBufferQueue: update, w= 1080 h= 2400 mName = ViewRootImpl@a341d53[MainActivity] mNativeObject= 0x7b448aa500 sc.mNativeObject= 0x7b3c65dd80 format= -1 caller= android.view.ViewRootImpl.updateBlastSurfaceIfNeeded:2898 android.view.ViewRootImpl.relayoutWindow:9847 android.view.ViewRootImpl.performTraversals:3884 android.view.ViewRootImpl.doTraversal:3116 android.view.ViewRootImpl$TraversalRunnable.run:10885 android.view.Choreographer$CallbackRecord.run:1301 
10-08 16:41:50.704  9934  9934 I ViewRootImpl@a341d53[MainActivity]: Relayout returned: old=(0,0,1080,2400) new=(0,0,1080,2400) req=(1080,2400)0 dur=8 res=0x0 s={true 0x7b5f9b0800} ch=false seqId=0
10-08 16:41:51.393  9934  9934 I ViewRootImpl@a341d53[MainActivity]: performTraversals mFirst=false windowShouldResize=false viewVisibilityChanged=false mForceNextWindowRelayout=false params={(0,0)(fillxfill) sim={state=always_hidden adjust=resize} ty=BASE_APPLICATION wanim=0x1030309
10-08 16:41:51.393  9934  9934 I ViewRootImpl@a341d53[MainActivity]:   fl=85810100
10-08 16:41:51.393  9934  9934 I ViewRootImpl@a341d53[MainActivity]:   pfl=12020040
10-08 16:41:51.393  9934  9934 I ViewRootImpl@a341d53[MainActivity]:   vsysui=500
10-08 16:41:51.393  9934  9934 I ViewRootImpl@a341d53[MainActivity]:   bhv=DEFAULT
10-08 16:41:51.393  9934  9934 I ViewRootImpl@a341d53[MainActivity]:   fitSides= naviIconColor=0}
10-08 16:41:51.403  9934  9934 I ViewRootImpl@a341d53[MainActivity]: updateBlastSurfaceIfNeeded mBlastBufferQueue=0x7b448aa500 isSameSurfaceControl=true
10-08 16:41:51.403  9934  9934 I BLASTBufferQueue: update, w= 1080 h= 2400 mName = ViewRootImpl@a341d53[MainActivity] mNativeObject= 0x7b448aa500 sc.mNativeObject= 0x7b448314c0 format= -1 caller= android.view.ViewRootImpl.updateBlastSurfaceIfNeeded:2898 android.view.ViewRootImpl.relayoutWindow:9847 android.view.ViewRootImpl.performTraversals:3884 android.view.ViewRootImpl.doTraversal:3116 android.view.ViewRootImpl$TraversalRunnable.run:10885 android.view.Choreographer$CallbackRecord.run:1301 
10-08 16:41:51.403  9934  9934 I ViewRootImpl@a341d53[MainActivity]: Relayout returned: old=(0,0,1080,2400) new=(0,0,1080,2400) req=(1080,2400)0 dur=10 res=0x0 s={true 0x7b5f9b0800} ch=false seqId=0
10-08 16:41:51.877  9934  9958 D OpenGLRenderer: setSurface called with nullptr
10-08 16:41:51.877  9934  9958 D OpenGLRenderer: setSurface() destroyed EGLSurface
10-08 16:41:51.877  9934  9958 D OpenGLRenderer: destroyEglSurface
10-08 16:41:51.879  9934  9934 I ViewRootImpl@3b5a302[Toast]: dispatchDetachedFromWindow
10-08 16:41:51.891  9934  9934 D InputTransport: Input channel destroyed: '749312c', fd=121
10-08 16:41:52.692  9934  9934 I ViewRootImpl@a341d53[MainActivity]: ViewPostIme pointer 0
10-08 16:41:52.823  9934  9934 I ViewRootImpl@a341d53[MainActivity]: ViewPostIme pointer 1
10-08 16:41:52.869  9934  9939 W st.cloudstream3: Cleared Reference was only reachable from finalizer (only reported once)
10-08 16:41:52.966  9934  9939 I st.cloudstream3: Background concurrent copying GC freed 26MB AllocSpace bytes, 129(8048KB) LOS objects, 49% free, 16MB/32MB, paused 777us,63us total 213.572ms
10-08 16:41:52.976  9934  9958 D OpenGLRenderer: setSurface called with nullptr
10-08 16:41:52.985  9934  9958 D OpenGLRenderer: setSurface called with nullptr
10-08 16:41:52.991  9934  9941 W System  : A resource failed to call close. 
10-08 16:41:56.088  9934  9934 I ViewRootImpl@a341d53[MainActivity]: ViewPostIme pointer 0
10-08 16:41:56.178  9934  9934 I ViewRootImpl@a341d53[MainActivity]: ViewPostIme pointer 1
10-08 16:41:56.198  9934  9934 I NavComponent: Navigating to fragment: 2131362274
10-08 16:41:56.235  9934  9934 I IMM_LC  : hsifw() - flag : 0
10-08 16:41:56.236  9934  9934 I IMM_LC  : hsifw() - mService.hideSoftInput
10-08 16:41:56.284  9934  9934 D ScrollView: initGoToTop
10-08 16:41:56.539  9934  9934 I SurfaceView@86be84d: onWindowVisibilityChanged(0) true android.view.SurfaceView{86be84d V.E...... ......I. 0,0-0,0} of ViewRootImpl@a341d53[MainActivity]
10-08 16:41:56.539  9934  9934 D SurfaceView@86be84d: updateSurface: has no frame
10-08 16:41:56.548  9934  9934 I CS3ExoPlayer: SET STYLE = SaveCaptionStyle(foregroundColor=-1, backgroundColor=0, windowColor=0, edgeType=1, edgeColor=-16777216, typeface=null, typefaceFilePath=null, elevation=20, fixedTextSize=null, edgeSize=null, removeCaptions=false, removeBloat=true, upperCase=false, bold=false, italic=false, backgroundRadius=null)
10-08 16:41:56.564  9934  9934 D VideoClickActionHolder: allVideoClickActions: [null:com.lagradost.cloudstream3.actions.temp.PlayInBrowserAction, null:com.lagradost.cloudstream3.actions.temp.CopyClipboardAction, null:com.lagradost.cloudstream3.actions.temp.ViewM3U8Action, null:com.lagradost.cloudstream3.actions.temp.VlcPackage, null:com.lagradost.cloudstream3.actions.temp.MpvPackage, null:com.lagradost.cloudstream3.actions.temp.NextPlayerPackage, null:com.lagradost.cloudstream3.actions.temp.JustPlayerPackage, null:com.lagradost.cloudstream3.actions.temp.fcast.FcastAction, null:com.lagradost.cloudstream3.actions.temp.LibreTorrentPackage, null:com.lagradost.cloudstream3.actions.temp.BiglyBTPackage, null:com.lagradost.cloudstream3.actions.temp.VlcNightlyPackage, null:com.lagradost.cloudstream3.actions.temp.WebVideoCastPackage, null:com.lagradost.cloudstream3.actions.temp.MpvYTDLPackage, null:com.lagradost.cloudstream3.actions.temp.MpvKtPackage, null:com.lagradost.cloudstream3.actions.temp.MpvKtPreviewPackage, null:com.lagradost.cloudstream3.actions.AlwaysAskAction]
10-08 16:41:56.565  9934  9934 I IMM_LC  : hsifw() - flag : 0
10-08 16:41:56.565  9934  9934 I IMM_LC  : hsifw() - mService.hideSoftInput
10-08 16:41:56.567  9934  9994 I SYNCVM  : addFromUrl = https://tv6.egydead.live/%d9%85%d8%b4%d8%a7%d9%87%d8%af%d8%a9-%d9%81%d9%8a%d9%84%d9%85-mantis-2025-%d9%85%d8%aa%d8%b1%d8%ac%d9%85/
10-08 16:41:56.568  9934  9994 I SYNCUTIL: getIdsFromUrl https://tv6.egydead.live/%d9%85%d8%b4%d8%a7%d9%87%d8%af%d8%a9-%d9%81%d9%8a%d9%84%d9%85-mantis-2025-%d9%85%d8%aa%d8%b1%d8%ac%d9%85/
10-08 16:41:56.583  9934  9934 I SurfaceView@86be84d: onWindowVisibilityChanged(8) false android.view.SurfaceView{86be84d V.E...... ......I. 0,0-0,0} of ViewRootImpl@a341d53[MainActivity]
10-08 16:41:56.583  9934  9934 D SurfaceView@86be84d: updateSurface: has no frame
10-08 16:41:56.583  9934  9934 D SurfaceView@86be84d: updateSurface: has no frame
10-08 16:41:56.583  9934  9934 I SurfaceView@86be84d: onDetachedFromWindow: tryReleaseSurfaces()
10-08 16:41:56.583  9934  9934 I SurfaceView@86be84d: releaseSurfaces: viewRoot = ViewRootImpl@a341d53[MainActivity]
10-08 16:41:56.584  9934  9934 I SurfaceView@86be84d: applyTransactionOnVriDraw: vri = ViewRootImpl@a341d53[MainActivity] fRS = true t = 0x7b23d88e00 android.view.SurfaceView.releaseSurfaces:858 android.view.SurfaceView.onDetachedFromWindow:500 android.view.View.dispatchDetachedFromWindow:22538 
10-08 16:41:56.584  9934  9934 I SurfaceView@86be84d: applyTransactionOnVriDraw: viewRoot.applyTransactionOnDrawFromReleaseSurfaces
10-08 16:41:56.584  9934  9934 I ViewRootImpl@a341d53[MainActivity]: applyTransactionOnDraw: mRemoved = false isHardwareEnabled = true t = 0x7b23d88e00android.view.ViewRootImpl.applyTransactionOnDrawFromReleaseSurfaces:12850 android.view.SurfaceView.applyTransactionOnVriDraw:2046 android.view.SurfaceView.releaseSurfaces:858 android.view.SurfaceView.onDetachedFromWindow:500 android.view.View.dispatchDetachedFromWindow:22538 
10-08 16:41:56.585  9934  9934 I SurfaceView@86be84d: onWindowVisibilityChanged(0) true android.view.SurfaceView{86be84d V.E...... ......I. 0,0-0,0} of ViewRootImpl@a341d53[MainActivity]
10-08 16:41:56.585  9934  9934 D SurfaceView@86be84d: updateSurface: has no frame
10-08 16:41:56.590  9934  9934 I DecorView: notifyKeepScreenOnChanged: keepScreenOn=false
10-08 16:41:56.608  9934  9934 I CS3ExoPlayer: reloadPlayer
10-08 16:41:56.608  9934  9934 I CS3ExoPlayer: releasePlayer
10-08 16:41:56.608  9934  9934 I CS3ExoPlayer: Handle event: PlayerAttachedEvent(player=null, source=Player)
10-08 16:41:56.613  9934  9934 I ViewRootImpl@a341d53[MainActivity]: performTraversals params={(0,0)(fillxfill) sim={state=always_hidden adjust=resize} ty=BASE_APPLICATION wanim=0x1030309
10-08 16:41:56.613  9934  9934 I ViewRootImpl@a341d53[MainActivity]:   fl=85810100
10-08 16:41:56.613  9934  9934 I ViewRootImpl@a341d53[MainActivity]:   pfl=12020040
10-08 16:41:56.613  9934  9934 I ViewRootImpl@a341d53[MainActivity]:   vsysui=500
10-08 16:41:56.613  9934  9934 I ViewRootImpl@a341d53[MainActivity]:   bhv=DEFAULT
10-08 16:41:56.613  9934  9934 I ViewRootImpl@a341d53[MainActivity]:   fitSides= naviIconColor=0}
10-08 16:41:56.614  9934  9934 I ViewRootImpl@a341d53[MainActivity]: performTraversals mFirst=false windowShouldResize=false viewVisibilityChanged=false mForceNextWindowRelayout=false params={(0,0)(fillxfill) sim={state=always_hidden adjust=resize} ty=BASE_APPLICATION fmt=TRANSLUCENT wanim=0x1030309
10-08 16:41:56.614  9934  9934 I ViewRootImpl@a341d53[MainActivity]:   fl=85810100
10-08 16:41:56.614  9934  9934 I ViewRootImpl@a341d53[MainActivity]:   pfl=12020040
10-08 16:41:56.614  9934  9934 I ViewRootImpl@a341d53[MainActivity]:   vsysui=500
10-08 16:41:56.614  9934  9934 I ViewRootImpl@a341d53[MainActivity]:   bhv=DEFAULT
10-08 16:41:56.614  9934  9934 I ViewRootImpl@a341d53[MainActivity]:   fitSides= naviIconColor=0}
10-08 16:41:56.621  9934  9934 I ViewRootImpl@a341d53[MainActivity]: updateBlastSurfaceIfNeeded mBlastBufferQueue=0x7b448aa500 isSameSurfaceControl=true
10-08 16:41:56.622  9934  9934 I BLASTBufferQueue: update, w= 1080 h= 2400 mName = ViewRootImpl@a341d53[MainActivity] mNativeObject= 0x7b448aa500 sc.mNativeObject= 0x7b24165c20 format= -3 caller= android.view.ViewRootImpl.updateBlastSurfaceIfNeeded:2898 android.view.ViewRootImpl.relayoutWindow:9847 android.view.ViewRootImpl.performTraversals:3884 android.view.ViewRootImpl.doTraversal:3116 android.view.ViewRootImpl$TraversalRunnable.run:10885 android.view.Choreographer$CallbackRecord.run:1301 
10-08 16:41:56.622  9934  9934 I ViewRootImpl@a341d53[MainActivity]: Relayout returned: old=(0,0,1080,2400) new=(0,0,1080,2400) req=(1080,2400)0 dur=7 res=0x0 s={true 0x7b5f9b0800} ch=false seqId=0
10-08 16:41:56.623  9934  9934 W View    : requestLayout() improperly called by android.widget.FrameLayout{86eaa94 I.E...... ......I. 0,0-0,0 #7f0a04e7 app:id/start_panel} during layout: running second layout pass
10-08 16:41:56.623  9934  9934 W View    : requestLayout() improperly called by android.widget.FrameLayout{18fe93d I.E...... ......ID 1080,0-1080,2143 #7f0a0168 app:id/end_panel} during layout: running second layout pass
10-08 16:41:56.625  9934  9934 D SurfaceView@86be84d: updateSurface: has no frame
10-08 16:41:56.630  9934 10045 I ViewRootImpl@a341d53[MainActivity]: mWNT: t=0x7b23d88e00 mBlastBufferQueue=0x7b448aa500 fn= 215 caller= android.view.ViewRootImpl.lambda$applyTransactionOnDraw$11$android-view-ViewRootImpl:12865 android.view.ViewRootImpl$$ExternalSyntheticLambda1.onFrameDraw:4 android.graphics.HardwareRenderer$FrameDrawingCallback.onFrameDraw:924 
10-08 16:41:56.633  9934  9934 D SurfaceView@86be84d: updateSurface: has no frame
10-08 16:41:56.650  9934  9934 D SurfaceView@86be84d: updateSurface: has no frame
10-08 16:41:56.670  9934  9934 D SurfaceView@86be84d: updateSurface: has no frame
10-08 16:41:56.700  9934  9934 D SurfaceView@86be84d: updateSurface: has no frame
10-08 16:41:56.720  9934  9934 D SurfaceView@86be84d: updateSurface: has no frame
10-08 16:41:56.731  9934  9934 D SurfaceView@86be84d: updateSurface: has no frame
10-08 16:41:56.742  9934  9934 D SurfaceView@86be84d: updateSurface: has no frame
10-08 16:41:56.758  9934  9934 D SurfaceView@86be84d: updateSurface: has no frame
10-08 16:41:56.775  9934  9934 D SurfaceView@86be84d: updateSurface: has no frame
10-08 16:41:56.792  9934  9934 D SurfaceView@86be84d: updateSurface: has no frame
10-08 16:41:56.808  9934  9934 D SurfaceView@86be84d: updateSurface: has no frame
10-08 16:41:56.825  9934  9934 D SurfaceView@86be84d: updateSurface: has no frame
10-08 16:41:56.842  9934  9934 D SurfaceView@86be84d: updateSurface: has no frame
10-08 16:41:56.859  9934  9934 D SurfaceView@86be84d: updateSurface: has no frame
10-08 16:41:56.875  9934  9934 D SurfaceView@86be84d: updateSurface: has no frame
10-08 16:41:56.892  9934  9934 D SurfaceView@86be84d: updateSurface: has no frame
10-08 16:41:56.909  9934  9934 D SurfaceView@86be84d: updateSurface: has no frame
10-08 16:41:56.926  9934  9934 D SurfaceView@86be84d: updateSurface: has no frame
10-08 16:41:56.942  9934  9934 D SurfaceView@86be84d: updateSurface: has no frame
10-08 16:41:56.958  9934  9934 D SurfaceView@86be84d: updateSurface: has no frame
10-08 16:41:56.964  9934 10002 I RVM2    : applyMeta
10-08 16:41:56.975  9934  9934 D SurfaceView@86be84d: updateSurface: has no frame
10-08 16:41:56.992  9934  9934 D SurfaceView@86be84d: updateSurface: has no frame
10-08 16:41:57.005  9934  9934 W PanelsChildGestureRegionObserver: failed to register view with ID 2131362800. already registered
10-08 16:41:57.009  9934  9934 E CoilImgLoader: Error loading image: coil3.request.NullRequestDataException: The request's data is null.
10-08 16:41:57.015  9934  9934 E CoilImgLoader: Error loading image: coil3.request.NullRequestDataException: The request's data is null.
10-08 16:41:57.048  9934 10043 I SYNCVM  : addFromUrl = https://tv6.egydead.live/%d9%85%d8%b4%d8%a7%d9%87%d8%af%d8%a9-%d9%81%d9%8a%d9%84%d9%85-mantis-2025-%d9%85%d8%aa%d8%b1%d8%ac%d9%85/
10-08 16:41:57.049  9934 10043 I SYNCUTIL: getIdsFromUrl https://tv6.egydead.live/%d9%85%d8%b4%d8%a7%d9%87%d8%af%d8%a9-%d9%81%d9%8a%d9%84%d9%85-mantis-2025-%d9%85%d8%aa%d8%b1%d8%ac%d9%85/
10-08 16:41:57.063  9934  9934 I ViewRootImpl@a341d53[MainActivity]: performTraversals mFirst=false windowShouldResize=false viewVisibilityChanged=false mForceNextWindowRelayout=false params={(0,0)(fillxfill) sim={state=always_hidden adjust=pan} ty=BASE_APPLICATION fmt=TRANSLUCENT wanim=0x1030309
10-08 16:41:57.063  9934  9934 I ViewRootImpl@a341d53[MainActivity]:   fl=85810100
10-08 16:41:57.063  9934  9934 I ViewRootImpl@a341d53[MainActivity]:   pfl=12020040
10-08 16:41:57.063  9934  9934 I ViewRootImpl@a341d53[MainActivity]:   vsysui=500
10-08 16:41:57.063  9934  9934 I ViewRootImpl@a341d53[MainActivity]:   bhv=DEFAULT
10-08 16:41:57.063  9934  9934 I ViewRootImpl@a341d53[MainActivity]:   fitSides= naviIconColor=0}
10-08 16:41:57.070  9934  9934 I ViewRootImpl@a341d53[MainActivity]: updateBlastSurfaceIfNeeded mBlastBufferQueue=0x7b448aa500 isSameSurfaceControl=true
10-08 16:41:57.070  9934  9934 I BLASTBufferQueue: update, w= 1080 h= 2400 mName = ViewRootImpl@a341d53[MainActivity] mNativeObject= 0x7b448aa500 sc.mNativeObject= 0x7b3c42f4e0 format= -3 caller= android.view.ViewRootImpl.updateBlastSurfaceIfNeeded:2898 android.view.ViewRootImpl.relayoutWindow:9847 android.view.ViewRootImpl.performTraversals:3884 android.view.ViewRootImpl.doTraversal:3116 android.view.ViewRootImpl$TraversalRunnable.run:10885 android.view.Choreographer$CallbackRecord.run:1301 
10-08 16:41:57.070  9934  9934 I ViewRootImpl@a341d53[MainActivity]: Relayout returned: old=(0,0,1080,2400) new=(0,0,1080,2400) req=(1080,2400)0 dur=7 res=0x0 s={true 0x7b5f9b0800} ch=false seqId=0
10-08 16:41:57.071  9934  9934 D SurfaceView@86be84d: updateSurface: has no frame
10-08 16:41:57.072  9934  9934 I SurfaceView@86be84d: Changes: creating=true format=true size=true visible=true alpha=false hint=false mUseAlpha=false visible=true left=true top=true
10-08 16:41:57.075  9934  9934 I BLASTBufferQueue: update, w= 1080 h= 525 mName = null mNativeObject= 0x7b7c13eb00 sc.mNativeObject= 0x7b3c42f8a0 format= 4 caller= android.view.SurfaceView.createBlastSurfaceControls:1383 android.view.SurfaceView.updateSurface:1079 android.view.SurfaceView.lambda$new$0$android-view-SurfaceView:200 android.view.SurfaceView$$ExternalSyntheticLambda5.onPreDraw:2 android.view.ViewTreeObserver.dispatchOnPreDraw:1121 android.view.ViewRootImpl.performTraversals:4442 
10-08 16:41:57.076  9934  9934 I SurfaceView@86be84d: 141289549 Cur surface: Surface(name=null)/@0x1797d15
10-08 16:41:57.076  9934  9934 I SurfaceView@86be84d: pST: sr = Rect(0, 218 - 1080, 743) sw = 1080 sh = 525
10-08 16:41:57.076  9934  9934 D SurfaceView@86be84d: performSurfaceTransaction RenderWorker position = [0, 218, 1080, 743] surfaceSize = 1080x525
10-08 16:41:57.076  9934  9934 I SurfaceView@86be84d: applyTransactionOnVriDraw: vri = ViewRootImpl@a341d53[MainActivity] fRS = false t = 0x7b44828600 android.view.SurfaceView.performSurfaceTransaction:959 android.view.SurfaceView.updateSurface:1105 android.view.SurfaceView.lambda$new$0$android-view-SurfaceView:200 
10-08 16:41:57.076  9934  9934 I ViewRootImpl@a341d53[MainActivity]: applyTransactionOnDraw: mRemoved = false isHardwareEnabled = true t = 0x7b44828600android.view.SurfaceView.applyTransactionOnVriDraw:2048 android.view.SurfaceView.performSurfaceTransaction:959 android.view.SurfaceView.updateSurface:1105 android.view.SurfaceView.lambda$new$0$android-view-SurfaceView:200 android.view.SurfaceView$$ExternalSyntheticLambda5.onPreDraw:2 
10-08 16:41:57.076  9934  9934 I SurfaceView@86be84d: updateSurface: mVisible = true mSurface.isValid() = true
10-08 16:41:57.076  9934  9934 I SurfaceView@86be84d: updateSurface: mSurfaceCreated = false surfaceChanged = true visibleChanged = true
10-08 16:41:57.076  9934  9934 I SurfaceView@86be84d: visibleChanged -- surfaceCreated
10-08 16:41:57.077  9934  9934 I SurfaceView@86be84d: surfaceCreated 0 #8 android.view.SurfaceView{86be84d V.E...... ......ID 0,0-1080,525}
10-08 16:41:57.077  9934  9934 I SurfaceView@86be84d: surfaceChanged -- format=4 w=1080 h=525
10-08 16:41:57.077  9934  9934 I SurfaceView@86be84d: surfaceChanged (1080,525) 0 #8 android.view.SurfaceView{86be84d V.E...... ......ID 0,0-1080,525}
10-08 16:41:57.077  9934  9934 I SurfaceView@86be84d: surfaceRedrawNeeded
10-08 16:41:57.077  9934  9934 V SurfaceView@86be84d: Layout: x=0 y=218 w=1080 h=525, frame=Rect(0, 0 - 1080, 525)
10-08 16:41:57.091  9934 10044 D SurfaceView@86be84d: updateSurfacePosition RenderWorker, frameNr = 237, position = [0, 218, 1080, 743] surfaceSize = 1080x525
10-08 16:41:57.091  9934 10044 I SurfaceView@86be84d: uSP: rtp = Rect(0, 218 - 1080, 743) rtsw = 1080 rtsh = 525
10-08 16:41:57.091  9934 10044 I SurfaceView@86be84d: onSSPAndSRT: pl = 0 pt = 218 sx = 1.0 sy = 1.0
10-08 16:41:57.091  9934 10044 I SurfaceView@86be84d: aOrMT: ViewRootImpl@a341d53[MainActivity] t = android.view.SurfaceControl$Transaction@5f991d0 fN = 237 android.view.SurfaceView.-$$Nest$mapplyOrMergeTransaction:0 android.view.SurfaceView$SurfaceViewPositionUpdateListener.positionChanged:1537 android.graphics.RenderNode$CompositePositionUpdateListener.positionChanged:373 
10-08 16:41:57.092  9934 10044 I ViewRootImpl@a341d53[MainActivity]: mWNT: t=0x7b44828900 mBlastBufferQueue=0x7b448aa500 fn= 237 caller= android.view.SurfaceView.applyOrMergeTransaction:1455 android.view.SurfaceView.-$$Nest$mapplyOrMergeTransaction:0 android.view.SurfaceView$SurfaceViewPositionUpdateListener.positionChanged:1537 
10-08 16:41:57.092  9934 10044 I ViewRootImpl@a341d53[MainActivity]: mWNT: t=0x7b44828600 mBlastBufferQueue=0x7b448aa500 fn= 237 caller= android.view.ViewRootImpl.lambda$applyTransactionOnDraw$11$android-view-ViewRootImpl:12865 android.view.ViewRootImpl$$ExternalSyntheticLambda1.onFrameDraw:4 android.graphics.HardwareRenderer$FrameDrawingCallback.onFrameDraw:924 
10-08 16:41:57.114  9934  9934 I SurfaceView@86be84d: finishedDrawing
10-08 16:41:58.208  9934  9934 I ViewRootImpl@a341d53[MainActivity]: ViewPostIme pointer 0
10-08 16:41:58.749  9934  9934 I Dialog  : mIsDeviceDefault = false, mIsSamsungBasicInteraction = false, isMetaDataInActivity = false
10-08 16:41:58.788  9934  9934 I DecorView: [INFO] isPopOver=false config=false
10-08 16:41:58.788  9934  9934 I DecorView: updateCaptionType: isFloating=false isApplication=true hasWindowDecorCaption=false this=DecorView@e641b2c[]
10-08 16:41:58.788  9934  9934 D DecorView: setCaptionType = 0, this = DecorView@e641b2c[]
10-08 16:41:58.790  9934  9934 I DecorView: getCurrentDensityDpi: from app context. densityDpi=420 msg=resources_loaded
10-08 16:41:58.790  9934  9934 I DecorView: setWindowBackground: isPopOver=false color=0 d=android.graphics.drawable.ColorDrawable@d1bb38a
10-08 16:41:58.798  9934  9958 D NativeCustomFrequencyManager: [NativeCFMS] BpCustomFrequencyManager::BpCustomFrequencyManager()
10-08 16:41:58.799  9934  9934 I DecorView: notifyKeepScreenOnChanged: keepScreenOn=false
10-08 16:41:58.813  9934  9934 D InsetsController: onStateChanged: InsetsState: {mDisplayFrame=Rect(0, 0 - 1080, 2400), mDisplayCutout=DisplayCutout{insets=Rect(0, 88 - 0, 0) waterfall=Insets{left=0, top=0, right=0, bottom=0} boundingRect={Bounds=[Rect(0, 0 - 0, 0), Rect(512, 0 - 568, 88), Rect(0, 0 - 0, 0), Rect(0, 0 - 0, 0)]} cutoutPathParserInfo={CutoutPathParserInfo{displayWidth=1080 displayHeight=2400 physicalDisplayWidth=1080 physicalDisplayHeight=2400 density={2.625} cutoutSpec={M 0,0 M 0,12.25101276465640 a 10.60613009248640,10.60613009248640 0 1,0 0,21.21226018497290 a 10.60613009248640,10.60613009248640 0 1,0 0,-21.21226018497290 Z @dp} rotation={0} scale={1.0} physicalPixelDisplaySizeRatio={1.0}}}}, mRoundedCorners=RoundedCorners{[RoundedCorner{position=TopLeft, radius=84, center=Point(84, 84)}, RoundedCorner{position=TopRight, radius=84, center=Point(996, 84)}, RoundedCorner{position=BottomRight, radius=84, center=Point(996, 2316)}, RoundedCorner{position=BottomLeft, radius=84, center=Point(84, 2316)}]}  mRoundedCornerFrame=Rect(0, 0 - 1080, 2400), mPrivacyIndicatorBounds=PrivacyIndicatorBounds {static bounds=Rect(964, 0 - 1080, 87) rotation=0}, mSources= { InsetsSource: {mType=ITYPE_STATUS_BAR, mFrame=[0,0][1080,88], mVisible=true, mInsetsRoundedCornerFrame=false}, InsetsSource: {mType=ITYPE_NAVIGATION_BAR, mFrame=[0,2361][1080,2400], mVisible=true, mInsetsRoundedCornerFrame=false}, InsetsSource: {mType=ITYPE_LEFT_GESTURES, mFrame=[0,0][130,2400], mVisible=true, mInsetsRoundedCornerFrame=false}, InsetsSource: {mType=ITYPE_RIGHT_GESTURES, mFrame=[950,0][1080,2400], mVisible=true, mInsetsRoundedCornerFrame=false}, InsetsSource: {mType=ITYPE_TOP_MANDATORY_GESTURES, mFrame=[0,0][1080,120], mVisible=true, mInsetsRoundedCornerFrame=false}, InsetsSource: {mType=ITYPE_BOTTOM_MANDATORY_GESTURES, mFrame=[0,2316][1080,2400], mVisible=true, mInsetsRoundedCornerFrame=false}, InsetsSource: {mType=ITYPE_LEFT_DISPLAY_CUTOUT, mFrame=[0,0][-100000,2400], mVisible=true, mInsetsRoundedCornerFrame=false}, InsetsSource: {mType=ITYPE_TOP_DISPLAY_CUTOUT, mFrame=[0,0][1080,88], mVisible=true, mInsetsRoundedCornerFrame=false}, InsetsSource: {mType=ITYPE_RIGHT_DISPLAY_CUTOUT, mFrame=[100000,0][1080,2400], mVisible=true, mInsetsRoundedCornerFrame=false}, InsetsSource: {mType=ITYPE_BOTTOM_DISPLAY_CUTOUT, mFrame=[0,100000][1080,2400], mVisible=true, mInsetsRoundedCornerFrame=false}, InsetsSource: {mType=ITYPE_TOP_TAPPABLE_ELEMENT, mFrame=[0,0][1080,88], mVisible=true, mInsetsRoundedCornerFrame=false}, InsetsSource: {mType=ITYPE_BOTTOM_TAPPABLE_ELEMENT, mFrame=[0,0][0,0], mVisible=true, mInsetsRoundedCornerFrame=false}, InsetsSource: {mType=ITYPE_IME, mFrame=[0,0][0,0], mVisibleFrame=[0,1409][1080,2400], mVisible=false, mInsetsRoundedCornerFrame=false} } host=com.lagradost.cloudstream3/com.lagradost.cloudstream3.MainActivity from=android.view.ViewRootImpl.setView:1732
10-08 16:41:58.815  9934  9934 I ViewRootImpl@40be173[MainActivity]: setView = com.android.internal.policy.DecorView@e641b2c TM=true
10-08 16:41:58.832  9934  9934 I ViewRootImpl@40be173[MainActivity]: performTraversals params={(0,0)(fillxfill) gr=CENTER sim={adjust=resize forwardNavigation} ty=APPLICATION fmt=TRANSPARENT wanim=0x7f14000b
10-08 16:41:58.832  9934  9934 I ViewRootImpl@40be173[MainActivity]:   fl=85810100
10-08 16:41:58.832  9934  9934 I ViewRootImpl@40be173[MainActivity]:   pfl=12020040
10-08 16:41:58.832  9934  9934 I ViewRootImpl@40be173[MainActivity]:   vsysui=500
10-08 16:41:58.832  9934  9934 I ViewRootImpl@40be173[MainActivity]:   bhv=DEFAULT
10-08 16:41:58.832  9934  9934 I ViewRootImpl@40be173[MainActivity]:   fitSides= naviIconColor=0}
10-08 16:41:58.833  9934  9934 I ViewRootImpl@40be173[MainActivity]: performTraversals mFirst=true windowShouldResize=true viewVisibilityChanged=false mForceNextWindowRelayout=false params={(0,0)(fillxfill) gr=CENTER sim={adjust=resize forwardNavigation} ty=APPLICATION fmt=TRANSPARENT wanim=0x7f14000b
10-08 16:41:58.833  9934  9934 I ViewRootImpl@40be173[MainActivity]:   fl=85810100
10-08 16:41:58.833  9934  9934 I ViewRootImpl@40be173[MainActivity]:   pfl=12020040
10-08 16:41:58.833  9934  9934 I ViewRootImpl@40be173[MainActivity]:   vsysui=500
10-08 16:41:58.833  9934  9934 I ViewRootImpl@40be173[MainActivity]:   bhv=DEFAULT
10-08 16:41:58.833  9934  9934 I ViewRootImpl@40be173[MainActivity]:   fitSides= naviIconColor=0}
10-08 16:41:58.847  9934  9934 I ViewRootImpl@40be173[MainActivity]: updateBlastSurfaceIfNeeded mBlastBufferQueue=null isSameSurfaceControl=false
10-08 16:41:58.848  9934  9934 I BLASTBufferQueue: new BLASTBufferQueue, mName= ViewRootImpl@40be173[MainActivity] mNativeObject= 0x7b7c13ee00 sc.mNativeObject= 0x7b050463c0 caller= android.view.ViewRootImpl.updateBlastSurfaceIfNeeded:2909 android.view.ViewRootImpl.relayoutWindow:9847 android.view.ViewRootImpl.performTraversals:3884 android.view.ViewRootImpl.doTraversal:3116 android.view.ViewRootImpl$TraversalRunnable.run:10885 android.view.Choreographer$CallbackRecord.run:1301 android.view.Choreographer$CallbackRecord.run:1309 android.view.Choreographer.doCallbacks:923 android.view.Choreographer.doFrame:852 android.view.Choreographer$FrameDisplayEventReceiver.run:1283 
10-08 16:41:58.849  9934  9934 I BLASTBufferQueue: update, w= 1080 h= 2400 mName = ViewRootImpl@40be173[MainActivity] mNativeObject= 0x7b7c13ee00 sc.mNativeObject= 0x7b050463c0 format= -2 caller= android.graphics.BLASTBufferQueue.<init>:84 android.view.ViewRootImpl.updateBlastSurfaceIfNeeded:2909 android.view.ViewRootImpl.relayoutWindow:9847 android.view.ViewRootImpl.performTraversals:3884 android.view.ViewRootImpl.doTraversal:3116 android.view.ViewRootImpl$TraversalRunnable.run:10885 
10-08 16:41:58.849  9934  9934 I ViewRootImpl@40be173[MainActivity]: Relayout returned: old=(0,0,1080,2400) new=(0,0,1080,2400) req=(1080,2400)0 dur=14 res=0x3 s={true 0x7b7bfae800} ch=true seqId=0
10-08 16:41:58.850  9934  9934 I ViewRootImpl@40be173[MainActivity]: mThreadedRenderer.initialize() mSurface={isValid=true 0x7b7bfae800} hwInitialized=true
10-08 16:41:58.850  9934  9958 D OpenGLRenderer: eglCreateWindowSurface
10-08 16:41:58.873  9934  9934 D AbsListView:  in onLayout changed 
10-08 16:41:58.875  9934  9934 I ViewRootImpl@40be173[MainActivity]: reportNextDraw android.view.ViewRootImpl.performTraversals:4438 android.view.ViewRootImpl.doTraversal:3116 android.view.ViewRootImpl$TraversalRunnable.run:10885 android.view.Choreographer$CallbackRecord.run:1301 android.view.Choreographer$CallbackRecord.run:1309 
10-08 16:41:58.875  9934  9934 I ViewRootImpl@40be173[MainActivity]: Setup new sync id=0
10-08 16:41:58.875  9934  9934 I ViewRootImpl@40be173[MainActivity]: Setting syncFrameCallback
10-08 16:41:58.875  9934  9934 I ViewRootImpl@40be173[MainActivity]: registerCallbacksForSync syncBuffer=false
10-08 16:41:58.879  9934 10045 I ViewRootImpl@40be173[MainActivity]: Received frameDrawingCallback syncResult=0 frameNum=1.
10-08 16:41:58.879  9934 10045 I ViewRootImpl@40be173[MainActivity]: Setting up sync and frameCommitCallback
10-08 16:41:58.893  9934  9958 I BLASTBufferQueue: [ViewRootImpl@40be173[MainActivity]#4](f:0,a:0) onFrameAvailable the first frame is available
10-08 16:41:58.894  9934  9958 I ViewRootImpl@40be173[MainActivity]: Received frameCommittedCallback lastAttemptedDrawFrameNum=1 didProduceBuffer=true
10-08 16:41:58.896  9934  9958 D OpenGLRenderer: CFMS:: SetUp Pid : 9934    Tid : 9958
10-08 16:41:58.902  9934  9934 I ViewRootImpl@40be173[MainActivity]: onSyncComplete
10-08 16:41:58.903  9934  9934 I ViewRootImpl@40be173[MainActivity]: setupSync seqId=0 mSyncId=0 fn=1 caller=android.view.ViewRootImpl$$ExternalSyntheticLambda11.accept:6 android.window.SurfaceSyncer.lambda$setupSync$1$android-window-SurfaceSyncer:128 android.window.SurfaceSyncer$$ExternalSyntheticLambda1.accept:8 android.window.SurfaceSyncer$SyncSet.checkIfSyncIsComplete:382 android.window.SurfaceSyncer$SyncSet.markSyncReady:359 android.window.SurfaceSyncer.markSyncReady:151 android.view.ViewRootImpl.performTraversals:4503 
10-08 16:41:58.903  9934  9934 I ViewRootImpl@40be173[MainActivity]: reportDrawFinished seqId=0 mSyncId=-1 fn=1 mSurfaceChangedTransaction=0x7b23df5100
10-08 16:41:58.909  9934  9934 I ViewRootImpl@a341d53[MainActivity]: MSG_WINDOW_FOCUS_CHANGED 0 0
10-08 16:41:58.934  9934  9934 I ViewRootImpl@a341d53[MainActivity]: ViewPostIme pointer 1
10-08 16:41:58.959  9934  9934 I ViewRootImpl@40be173[MainActivity]: MSG_WINDOW_FOCUS_CHANGED 1 0
10-08 16:41:58.959  9934  9934 I ViewRootImpl@40be173[MainActivity]: mThreadedRenderer.initializeIfNeeded()#2 mSurface={isValid=true 0x7b7bfae800}
10-08 16:41:58.961  9934  9934 D InputMethodManager: startInputInner - Id : 0
10-08 16:41:58.961  9934  9934 I InputMethodManager: startInputInner - mService.startInputOrWindowGainedFocus
10-08 16:41:59.717  9934  9934 I ViewRootImpl@40be173[MainActivity]: ViewPostIme pointer 0
10-08 16:41:59.791  9934  9934 I ViewRootImpl@40be173[MainActivity]: ViewPostIme pointer 1
10-08 16:41:59.792  9934  9934 D AbsListView: onTouchUp() mTouchMode : 0
10-08 16:41:59.871  9934  9934 I MSHandlerLifeCycle: removeMultiSplitHandler: no exist. decor=DecorView@e641b2c[MainActivity]
10-08 16:41:59.872  9934  9958 D OpenGLRenderer: setSurface called with nullptr
10-08 16:41:59.872  9934  9958 D OpenGLRenderer: setSurface() destroyed EGLSurface
10-08 16:41:59.872  9934  9958 D OpenGLRenderer: destroyEglSurface
10-08 16:41:59.874  9934  9958 D OpenGLRenderer: endAllActiveAnimators on 0x7b0509cc00 (MaterialTextView) with handle 0x7b3c6d4a00
10-08 16:41:59.875  9934  9934 I ViewRootImpl@40be173[MainActivity]: dispatchDetachedFromWindow
10-08 16:41:59.875  9934  9994 D EgyDead : Loading links for URL: https://tv6.egydead.live/%d9%85%d8%b4%d8%a7%d9%87%d8%af%d8%a9-%d9%81%d9%8a%d9%84%d9%85-mantis-2025-%d9%85%d8%aa%d8%b1%d8%ac%d9%85/
10-08 16:41:59.899  9934  9934 D InputTransport: Input channel destroyed: '41b198d', fd=158
10-08 16:41:59.901  9934  9934 I Dialog  : mIsDeviceDefault = false, mIsSamsungBasicInteraction = false, isMetaDataInActivity = false
10-08 16:41:59.967  9934  9934 I DecorView: [INFO] isPopOver=false config=false
10-08 16:41:59.967  9934  9934 I DecorView: updateCaptionType: isFloating=false isApplication=true hasWindowDecorCaption=false this=DecorView@e29e746[]
10-08 16:41:59.968  9934  9934 D DecorView: setCaptionType = 0, this = DecorView@e29e746[]
10-08 16:41:59.969  9934  9934 I DecorView: getCurrentDensityDpi: from app context. densityDpi=420 msg=resources_loaded
10-08 16:41:59.969  9934  9934 I DecorView: setWindowBackground: isPopOver=false color=0 d=android.graphics.drawable.ColorDrawable@e780e34
10-08 16:41:59.977  9934  9958 D NativeCustomFrequencyManager: [NativeCFMS] BpCustomFrequencyManager::BpCustomFrequencyManager()
10-08 16:41:59.978  9934  9934 I DecorView: notifyKeepScreenOnChanged: keepScreenOn=false
