10-09 02:20:16.249 11257 11257 I DecorView: notifyKeepScreenOnChanged: keepScreenOn=false
10-09 02:20:16.250 11257 11257 I CS3ExoPlayer: releasePlayer
10-09 02:20:16.250 11257 11257 I CS3ExoPlayer: Handle event: PositionEvent(source=Player, fromMs=1755, toMs=1755, durationMs=7019094)
10-09 02:20:16.252 11257 11797 I ACodec  : [OMX.Exynos.avc.dec] signalFlush
10-09 02:20:16.253 11257 11798 I ACodec  : [OMX.Exynos.avc.dec] ExecutingState flushing now (codec owns 5/5 input, 2/15 output).
10-09 02:20:16.253 11257 11257 I CS3ExoPlayer: Handle event: StatusEvent(wasPlaying=IsPaused, isPlaying=IsPaused, source=Player)
10-09 02:20:16.253 11257 11798 I ACodec  : [OMX.Exynos.avc.dec] Now Flushing
10-09 02:20:16.253 11257 11257 I DecorView: notifyKeepScreenOnChanged: keepScreenOn=false
10-09 02:20:16.256 11257 11798 I ACodec  : [OMX.Exynos.avc.dec] FlushingState onOMXEvent(0,1,0)
10-09 02:20:16.258 11257 11798 I ACodec  : [OMX.Exynos.avc.dec] FlushingState onOMXEvent(0,1,1)
10-09 02:20:16.258 11257 11798 I ACodec  : [OMX.Exynos.avc.dec] Now Executing
10-09 02:20:16.259 11257 11788 D MediaCodec: keep callback message for reclaim
10-09 02:20:16.260 11257 11257 I ExoPlayerImpl: Release 1dca08a [AndroidXMedia3/1.6.1] [a51, SM-A515F, samsung, 33] [media3.common, media3.ui, media3.exoplayer, media3.decoder, media3.database, media3.session, media3.datasource, media3.extractor, media3.decoder.ffmpeg]
10-09 02:20:16.261 11257 11809 I CCodec  : [c2.android.aac.decoder] state->set(FLUSHING)
10-09 02:20:16.262 11257 11809 I CCodec  : [c2.android.aac.decoder] state->set(FLUSHED)
10-09 02:20:16.262 11257 11809 D CCodecBuffers: [c2.android.aac.decoder#613:1D-Output.Impl[N]] Client returned a buffer it does not own according to our record: 0
10-09 02:20:16.263 11257 11809 D CCodecBuffers: [c2.android.aac.decoder#613:1D-Output.Impl[N]] Client returned a buffer it does not own according to our record: 1
10-09 02:20:16.263 11257 11809 D CCodecBuffers: [c2.android.aac.decoder#613:1D-Output.Impl[N]] Client returned a buffer it does not own according to our record: 2
10-09 02:20:16.263 11257 11788 D MediaCodec: keep callback message for reclaim
10-09 02:20:16.263 11257 11809 I CCodec  : [c2.android.aac.decoder] state->set(RESUMING)
10-09 02:20:16.263 11257 11809 I CCodecConfig: query failed after returning 20 values (BAD_INDEX)
10-09 02:20:16.264 11257 11809 W Codec2Client: query -- param skipped: index = 1342179345.
10-09 02:20:16.264 11257 11809 W Codec2Client: query -- param skipped: index = 2415921170.
10-09 02:20:16.264 11257 11809 W Codec2Client: query -- param skipped: index = 1610614798.
10-09 02:20:16.264 11257 11809 I CCodec  : [c2.android.aac.decoder] state->set(RUNNING)
10-09 02:20:16.265 11257 11809 I CCodecBufferChannel: [c2.android.aac.decoder#613] 4 initial input buffers available
10-09 02:20:16.267 11257 11797 D SurfaceUtils: connecting to surface 0x7ae70b4010, reason connectToSurface
10-09 02:20:16.267 11257 11797 I MediaCodec: [OMX.Exynos.avc.dec] setting surface generation to 11527173
10-09 02:20:16.267 11257 11797 D SurfaceUtils: disconnecting from surface 0x7ae70b4010, reason connectToSurface(reconnect)
10-09 02:20:16.267 11257 11797 D SurfaceUtils: connecting to surface 0x7ae70b4010, reason connectToSurface(reconnect)
10-09 02:20:16.268 11257 11798 D SurfaceUtils: set up nativeWindow 0x7ae70b4010 for 1344x720, color 0x105, rotation 0, usage 0x402900
10-09 02:20:16.268 11257 11797 D SurfaceUtils: disconnecting from surface 0x7b3f487010, reason disconnectFromSurface
10-09 02:20:16.268 11257 11797 E Surface : freeAllBuffers: 11 buffers were freed while being dequeued!
10-09 02:20:16.269 11257 11798 I ACodec  : [OMX.Exynos.avc.dec] Now Executing->Idle
10-09 02:20:16.269 11257 11809 I CCodec  : [c2.android.aac.decoder] state->set(RELEASING)
10-09 02:20:16.270 11257 11809 D CCodecBufferChannel: [c2.android.aac.decoder#613] MediaCodec discarded an unknown buffer
10-09 02:20:16.270 11257 11885 I CCodec  : [c2.android.aac.decoder] release(1)
10-09 02:20:16.270 11257 11809 D CCodecBufferChannel: [c2.android.aac.decoder#613] MediaCodec discarded an unknown buffer
10-09 02:20:16.270 11257 11809 D CCodecBufferChannel: [c2.android.aac.decoder#613] MediaCodec discarded an unknown buffer
10-09 02:20:16.270 11257 11809 D CCodecBufferChannel: [c2.android.aac.decoder#613] MediaCodec discarded an unknown buffer
10-09 02:20:16.271 11257 11885 I CCodec  : [c2.android.aac.decoder] state->set(RELEASED)
10-09 02:20:16.271 11257 11809 I hw-BpHwBinder: onLastStrongRef automatically unlinking death recipients
10-09 02:20:16.276 11257 11809 I MediaCodec: Codec shutdown complete
10-09 02:20:16.276 11257 11809 D MediaCodec: flushMediametrics
10-09 02:20:16.277 11257 11809 D MediaCodec: flushMediametrics
10-09 02:20:16.282 11257 11257 I CS3ExoPlayer: Handle event: PlayerAttachedEvent(player=null, source=Player)
10-09 02:20:16.285 11257 11257 I MediaSessionImpl: Release a9b43ad [AndroidXMedia3/1.6.1] [a51, SM-A515F, samsung, 33] [media3.common, media3.ui, media3.exoplayer, media3.decoder, media3.database, media3.session, media3.datasource, media3.extractor, media3.decoder.ffmpeg]
10-09 02:20:16.289 11257 11257 W ExoPlayerImplInternal: Ignoring messages sent after release.
10-09 02:20:16.293 11257 11257 I DecorView: notifyKeepScreenOnChanged: keepScreenOn=false
10-09 02:20:16.304 11257 11257 I ViewRootImpl@49f6cb7[MainActivity]: performTraversals params={(0,0)(fillxfill) sim={state=always_hidden adjust=resize} ty=BASE_APPLICATION wanim=0x1030309
10-09 02:20:16.304 11257 11257 I ViewRootImpl@49f6cb7[MainActivity]:   fl=85810100
10-09 02:20:16.304 11257 11257 I ViewRootImpl@49f6cb7[MainActivity]:   pfl=12020040
10-09 02:20:16.304 11257 11257 I ViewRootImpl@49f6cb7[MainActivity]:   vsysui=500
10-09 02:20:16.304 11257 11257 I ViewRootImpl@49f6cb7[MainActivity]:   bhv=DEFAULT
10-09 02:20:16.304 11257 11257 I ViewRootImpl@49f6cb7[MainActivity]:   fitSides= naviIconColor=0}
10-09 02:20:16.305 11257 11257 I ViewRootImpl@49f6cb7[MainActivity]: performTraversals mFirst=false windowShouldResize=false viewVisibilityChanged=false mForceNextWindowRelayout=false params={(0,0)(fillxfill) sim={state=always_hidden adjust=resize} ty=BASE_APPLICATION fmt=TRANSLUCENT wanim=0x1030309
10-09 02:20:16.305 11257 11257 I ViewRootImpl@49f6cb7[MainActivity]:   fl=85810100
10-09 02:20:16.305 11257 11257 I ViewRootImpl@49f6cb7[MainActivity]:   pfl=12020040
10-09 02:20:16.305 11257 11257 I ViewRootImpl@49f6cb7[MainActivity]:   vsysui=500
10-09 02:20:16.305 11257 11257 I ViewRootImpl@49f6cb7[MainActivity]:   bhv=DEFAULT
10-09 02:20:16.305 11257 11257 I ViewRootImpl@49f6cb7[MainActivity]:   fitSides= naviIconColor=0}
10-09 02:20:16.306 11257 11798 I ACodec  : [OMX.Exynos.avc.dec] Now Idle->Loaded
10-09 02:20:16.308 11257 11798 I ACodec  : [OMX.Exynos.avc.dec] Now Loaded
10-09 02:20:16.311 11257 11798 I ACodec  :  [OMX.Exynos.avc.dec] Now uninitialized
10-09 02:20:16.313 11257 11257 D InsetsController: onStateChanged: InsetsState: {mDisplayFrame=Rect(0, 0 - 1080, 2400), mDisplayCutout=DisplayCutout{insets=Rect(0, 88 - 0, 0) waterfall=Insets{left=0, top=0, right=0, bottom=0} boundingRect={Bounds=[Rect(0, 0 - 0, 0), Rect(512, 0 - 568, 88), Rect(0, 0 - 0, 0), Rect(0, 0 - 0, 0)]} cutoutPathParserInfo={CutoutPathParserInfo{displayWidth=1080 displayHeight=2400 physicalDisplayWidth=1080 physicalDisplayHeight=2400 density={2.625} cutoutSpec={M 0,0 M 0,12.25101276465640 a 10.60613009248640,10.60613009248640 0 1,0 0,21.21226018497290 a 10.60613009248640,10.60613009248640 0 1,0 0,-21.21226018497290 Z @dp} rotation={0} scale={1.0} physicalPixelDisplaySizeRatio={1.0}}}}, mRoundedCorners=RoundedCorners{[RoundedCorner{position=TopLeft, radius=84, center=Point(84, 84)}, RoundedCorner{position=TopRight, radius=84, center=Point(996, 84)}, RoundedCorner{position=BottomRight, radius=84, center=Point(996, 2316)}, RoundedCorner{position=BottomLeft, radius=84, center=Point(84, 2316)}]}  mRoundedCornerFrame=Rect(0, 0 - 1080, 2400), mPrivacyIndicatorBounds=PrivacyIndicatorBounds {static bounds=Rect(964, 0 - 1080, 87) rotation=0}, mSources= { InsetsSource: {mType=ITYPE_STATUS_BAR, mFrame=[0,0][1080,88], mVisible=true, mInsetsRoundedCornerFrame=false}, InsetsSource: {mType=ITYPE_NAVIGATION_BAR, mFrame=[0,2361][1080,2400], mVisible=true, mInsetsRoundedCornerFrame=false}, InsetsSource: {mType=ITYPE_LEFT_GESTURES, mFrame=[0,0][130,2400], mVisible=true, mInsetsRoundedCornerFrame=false}, InsetsSource: {mType=ITYPE_RIGHT_GESTURES, mFrame=[950,0][1080,2400], mVisible=true, mInsetsRoundedCornerFrame=false}, InsetsSource: {mType=ITYPE_TOP_MANDATORY_GESTURES, mFrame=[0,0][1080,120], mVisible=true, mInsetsRoundedCornerFrame=false}, InsetsSource: {mType=ITYPE_BOTTOM_MANDATORY_GESTURES, mFrame=[0,2316][1080,2400], mVisible=true, mInsetsRoundedCornerFrame=false}, InsetsSource: {mType=ITYPE_LEFT_DISPLAY_CUTOUT, mFrame=[0,0][-100000,2400], mVisible=true, mInsetsRoundedCornerFrame=false}, InsetsSource: {mType=ITYPE_TOP_DISPLAY_CUTOUT, mFrame=[0,0][1080,88], mVisible=true, mInsetsRoundedCornerFrame=false}, InsetsSource: {mType=ITYPE_RIGHT_DISPLAY_CUTOUT, mFrame=[100000,0][1080,2400], mVisible=true, mInsetsRoundedCornerFrame=false}, InsetsSource: {mType=ITYPE_BOTTOM_DISPLAY_CUTOUT, mFrame=[0,100000][1080,2400], mVisible=true, mInsetsRoundedCornerFrame=false}, InsetsSource: {mType=ITYPE_TOP_TAPPABLE_ELEMENT, mFrame=[0,0][1080,88], mVisible=true, mInsetsRoundedCornerFrame=false}, InsetsSource: {mType=ITYPE_BOTTOM_TAPPABLE_ELEMENT, mFrame=[0,0][0,0], mVisible=true, mInsetsRoundedCornerFrame=false}, InsetsSource: {mType=ITYPE_IME, mFrame=[0,0][0,0], mVisible=false, mInsetsRoundedCornerFrame=false} } host=com.lagradost.cloudstream3/com.lagradost.cloudstream3.MainActivity from=android.view.ViewRootImpl.relayoutWindow:9802
10-09 02:20:16.313 11257 11798 I ACodec  :  [] Now kWhatShutdownCompleted event : 8033
10-09 02:20:16.313 11257 11797 D SurfaceUtils: disconnecting from surface 0x7ae70b4010, reason disconnectFromSurface
10-09 02:20:16.314 11257 11257 I ViewRootImpl@49f6cb7[MainActivity]: updateBlastSurfaceIfNeeded mBlastBufferQueue=0x7b0d0ff600 isSameSurfaceControl=true
10-09 02:20:16.314 11257 11257 I BLASTBufferQueue: update, w= 1080 h= 2400 mName = ViewRootImpl@49f6cb7[MainActivity] mNativeObject= 0x7b0d0ff600 sc.mNativeObject= 0x7b16126180 format= -3 caller= android.view.ViewRootImpl.updateBlastSurfaceIfNeeded:2898 android.view.ViewRootImpl.relayoutWindow:9847 android.view.ViewRootImpl.performTraversals:3884 android.view.ViewRootImpl.doTraversal:3116 android.view.ViewRootImpl$TraversalRunnable.run:10885 android.view.Choreographer$CallbackRecord.run:1301 
10-09 02:20:16.314 11257 11257 I ViewRootImpl@49f6cb7[MainActivity]: Relayout returned: old=(0,0,1080,2400) new=(0,0,1080,2400) req=(1080,2400)0 dur=9 res=0x0 s={true 0x7bdd44f000} ch=false seqId=0
10-09 02:20:16.315 11257 11257 I ViewRootImpl@49f6cb7[MainActivity]: updateBoundsLayer: t = android.view.SurfaceControl$Transaction@d6d4bb9 sc = Surface(name=Bounds for - com.lagradost.cloudstream3/com.lagradost.cloudstream3.MainActivity@1)/@0x5ee46ea frame = 42
10-09 02:20:16.315 11257 11257 I ViewRootImpl@49f6cb7[MainActivity]: mWNT: t=0x7b5da00f00 mBlastBufferQueue=0x7b0d0ff600 fn= 42 caller= android.view.ViewRootImpl.prepareSurfaces:2985 android.view.ViewRootImpl.performTraversals:4233 android.view.ViewRootImpl.doTraversal:3116 
10-09 02:20:16.318 11257 11257 D InsetsController: cancelAnimation of types: 1, animType: 0, host: com.lagradost.cloudstream3/com.lagradost.cloudstream3.MainActivity, from:android.view.InsetsController.notifyFinished:1375 android.view.InsetsAnimationThreadControlRunner$1.lambda$notifyFinished$0$android-view-InsetsAnimationThreadControlRunner$1:84 android.view.InsetsAnimationThreadControlRunner$1$$ExternalSyntheticLambda1.run:4 
10-09 02:20:16.319 11257 11257 D InsetsSourceConsumer: ensureControlPosition: Point(0, 0) for ITYPE_STATUS_BAR on com.lagradost.cloudstream3/com.lagradost.cloudstream3.MainActivity from android.view.InsetsSourceConsumer.notifyAnimationFinished:419
10-09 02:20:16.319 11257 11797 I MediaCodec: Codec shutdown complete
10-09 02:20:16.321 11257 11797 D MediaCodec: flushMediametrics
10-09 02:20:16.322 11257 11797 D MediaCodec: flushMediametrics
10-09 02:20:16.334 11257 11361 I ViewRootImpl@49f6cb7[MainActivity]: mWNT: t=0x7b3f4f5e00 mBlastBufferQueue=0x7b0d0ff600 fn= 43 caller= android.view.SyncRtSurfaceTransactionApplier.applyTransaction:96 android.view.SyncRtSurfaceTransactionApplier.lambda$scheduleApply$0$android-view-SyncRtSurfaceTransactionApplier:69 android.view.SyncRtSurfaceTransactionApplier$$ExternalSyntheticLambda0.onFrameDraw:4 
10-09 02:20:16.334 11257 11257 D InsetsController: cancelAnimation of types: 2, animType: 0, host: com.lagradost.cloudstream3/com.lagradost.cloudstream3.MainActivity, from:android.view.InsetsController.notifyFinished:1375 android.view.InsetsAnimationThreadControlRunner$1.lambda$notifyFinished$0$android-view-InsetsAnimationThreadControlRunner$1:84 android.view.InsetsAnimationThreadControlRunner$1$$ExternalSyntheticLambda1.run:4 
10-09 02:20:16.334 11257 11257 D InsetsSourceConsumer: ensureControlPosition: Point(0, 2274) for ITYPE_NAVIGATION_BAR on com.lagradost.cloudstream3/com.lagradost.cloudstream3.MainActivity from android.view.InsetsSourceConsumer.notifyAnimationFinished:419
10-09 02:20:16.340 11257 11383 I MediaHTTPConnection: setReadTimeout and setConnectTimeout with 8000ms
10-09 02:20:16.344 11257 11360 I ViewRootImpl@49f6cb7[MainActivity]: mWNT: t=0x7b2dd8c200 mBlastBufferQueue=0x7b0d0ff600 fn= 44 caller= android.view.SyncRtSurfaceTransactionApplier.applyTransaction:96 android.view.SyncRtSurfaceTransactionApplier.lambda$scheduleApply$0$android-view-SyncRtSurfaceTransactionApplier:69 android.view.SyncRtSurfaceTransactionApplier$$ExternalSyntheticLambda0.onFrameDraw:4 
10-09 02:20:16.705 11257 11383 I MediaHTTPConnection: response code = 206
10-09 02:20:17.246 11257 11257 I ViewRootImpl@49f6cb7[MainActivity]: ViewPostIme pointer 0
10-09 02:20:17.355 11257 11257 D WindowOnBackDispatcher: onBackInvoked, viewRoot=ViewRootImpl@f391537[MainActivity], callback=androidx.activity.OnBackPressedDispatcher$Api33Impl$$ExternalSyntheticLambda0@7004a66
10-09 02:20:17.360 11257 11257 I IMM_LC  : hsifw() - flag : 0
10-09 02:20:17.360 11257 11257 I IMM_LC  : hsifw() - mService.hideSoftInput
10-09 02:20:17.363 11257 11257 I CS3ExoPlayer: onStop
10-09 02:20:17.363 11257 11257 I CS3ExoPlayer: saveData
10-09 02:20:17.363 11257 11257 I CS3ExoPlayer: handleEvent Pause
10-09 02:20:17.705 11257 11361 D SurfaceView@33135f0: updateSurfacePosition RenderWorker, frameNr = 90, position = [54, 292, 1026, 766] surfaceSize = 1080x525
10-09 02:20:17.705 11257 11361 I SurfaceView@33135f0: uSP: rtp = Rect(54, 292 - 1026, 766) rtsw = 1080 rtsh = 525
10-09 02:20:17.705 11257 11361 I SurfaceView@33135f0: onSSPAndSRT: pl = 54 pt = 292 sx = 0.9 sy = 0.9028571
10-09 02:20:17.705 11257 11361 I SurfaceView@33135f0: aOrMT: ViewRootImpl@49f6cb7[MainActivity] t = android.view.SurfaceControl$Transaction@ffdff32 fN = 90 android.view.SurfaceView.-$$Nest$mapplyOrMergeTransaction:0 android.view.SurfaceView$SurfaceViewPositionUpdateListener.positionChanged:1537 android.graphics.RenderNode$CompositePositionUpdateListener.positionChanged:373 
10-09 02:20:17.705 11257 11361 I ViewRootImpl@49f6cb7[MainActivity]: mWNT: t=0x7b3f4f5100 mBlastBufferQueue=0x7b0d0ff600 fn= 90 caller= android.view.SurfaceView.applyOrMergeTransaction:1455 android.view.SurfaceView.-$$Nest$mapplyOrMergeTransaction:0 android.view.SurfaceView$SurfaceViewPositionUpdateListener.positionChanged:1537 
10-09 02:20:17.706 11257 11257 I SurfaceView@33135f0: onWindowVisibilityChanged(8) false android.view.SurfaceView{33135f0 V.E..V... ........ 0,0-1080,525} of ViewRootImpl@49f6cb7[MainActivity]
10-09 02:20:17.706 11257 11257 I SurfaceView@33135f0: Changes: creating=false format=false size=false visible=true alpha=false hint=false mUseAlpha=false visible=true left=false top=false
10-09 02:20:17.706 11257 11257 I SurfaceView@33135f0: 53556720 Cur surface: Surface(name=null)/@0xc7ca001
10-09 02:20:17.706 11257 11257 I SurfaceView@33135f0: applyTransactionOnVriDraw: vri = ViewRootImpl@49f6cb7[MainActivity] fRS = false t = 0x7b3f495900 android.view.SurfaceView.performSurfaceTransaction:959 android.view.SurfaceView.updateSurface:1105 android.view.SurfaceView.onWindowVisibilityChanged:371 
10-09 02:20:17.706 11257 11257 I ViewRootImpl@49f6cb7[MainActivity]: applyTransactionOnDraw: mRemoved = false isHardwareEnabled = true t = 0x7b3f495900android.view.SurfaceView.applyTransactionOnVriDraw:2048 android.view.SurfaceView.performSurfaceTransaction:959 android.view.SurfaceView.updateSurface:1105 android.view.SurfaceView.onWindowVisibilityChanged:371 android.view.View.dispatchDetachedFromWindow:22529 
10-09 02:20:17.706 11257 11257 I SurfaceView@33135f0: surfaceDestroyed
10-09 02:20:17.706 11257 11257 I SurfaceView@33135f0: surfaceDestroyed callback.size 0 #2 android.view.SurfaceView{33135f0 V.E..V... ........ 0,0-1080,525}
10-09 02:20:17.706 11257 11257 I SurfaceView@33135f0: updateSurface: mVisible = false mSurface.isValid() = true
10-09 02:20:17.707 11257 11257 I SurfaceView@33135f0: releaseSurfaces: viewRoot = ViewRootImpl@49f6cb7[MainActivity]
10-09 02:20:17.707 11257 11257 I SurfaceView@33135f0: applyTransactionOnVriDraw: vri = ViewRootImpl@49f6cb7[MainActivity] fRS = true t = 0x7b3f495a00 android.view.SurfaceView.releaseSurfaces:858 android.view.SurfaceView.updateSurface:1172 android.view.SurfaceView.onWindowVisibilityChanged:371 
10-09 02:20:17.707 11257 11257 I SurfaceView@33135f0: applyTransactionOnVriDraw: viewRoot.applyTransactionOnDrawFromReleaseSurfaces
10-09 02:20:17.707 11257 11257 I ViewRootImpl@49f6cb7[MainActivity]: applyTransactionOnDraw: mRemoved = false isHardwareEnabled = true t = 0x7b3f495a00android.view.ViewRootImpl.applyTransactionOnDrawFromReleaseSurfaces:12850 android.view.SurfaceView.applyTransactionOnVriDraw:2046 android.view.SurfaceView.releaseSurfaces:858 android.view.SurfaceView.updateSurface:1172 android.view.SurfaceView.onWindowVisibilityChanged:371 
10-09 02:20:17.707 11257 11257 V SurfaceView@33135f0: Layout: x=0 y=194 w=1080 h=525, frame=Rect(0, 0 - 1080, 525)
10-09 02:20:17.707 11257 11257 I SurfaceView@33135f0: onDetachedFromWindow: tryReleaseSurfaces()
10-09 02:20:17.707 11257 11257 I SurfaceView@33135f0: releaseSurfaces: viewRoot = ViewRootImpl@49f6cb7[MainActivity]
10-09 02:20:17.707 11257 11257 I SurfaceView@33135f0: applyTransactionOnVriDraw: vri = ViewRootImpl@49f6cb7[MainActivity] fRS = true t = 0x7b3f495b00 android.view.SurfaceView.releaseSurfaces:858 android.view.SurfaceView.onDetachedFromWindow:500 android.view.View.dispatchDetachedFromWindow:22538 
10-09 02:20:17.707 11257 11257 I SurfaceView@33135f0: applyTransactionOnVriDraw: viewRoot.applyTransactionOnDrawFromReleaseSurfaces
10-09 02:20:17.707 11257 11257 I ViewRootImpl@49f6cb7[MainActivity]: applyTransactionOnDraw: mRemoved = false isHardwareEnabled = true t = 0x7b3f495b00android.view.ViewRootImpl.applyTransactionOnDrawFromReleaseSurfaces:12850 android.view.SurfaceView.applyTransactionOnVriDraw:2046 android.view.SurfaceView.releaseSurfaces:858 android.view.SurfaceView.onDetachedFromWindow:500 android.view.View.dispatchDetachedFromWindow:22538 
10-09 02:20:17.716 11257 11257 I DecorView: notifyKeepScreenOnChanged: keepScreenOn=false
10-09 02:20:17.717 11257 11257 I CS3ExoPlayer: releasePlayer
10-09 02:20:17.717 11257 11257 I CS3ExoPlayer: Handle event: PlayerAttachedEvent(player=null, source=Player)
10-09 02:20:17.718 11257 11257 I DecorView: notifyKeepScreenOnChanged: keepScreenOn=false
10-09 02:20:17.723 11257 11257 I ViewRootImpl@49f6cb7[MainActivity]: performTraversals params={(0,0)(fillxfill) sim={state=always_hidden adjust=resize} ty=BASE_APPLICATION wanim=0x1030309
10-09 02:20:17.723 11257 11257 I ViewRootImpl@49f6cb7[MainActivity]:   fl=85810100
10-09 02:20:17.723 11257 11257 I ViewRootImpl@49f6cb7[MainActivity]:   pfl=12020040
10-09 02:20:17.723 11257 11257 I ViewRootImpl@49f6cb7[MainActivity]:   vsysui=500
10-09 02:20:17.723 11257 11257 I ViewRootImpl@49f6cb7[MainActivity]:   bhv=DEFAULT
10-09 02:20:17.723 11257 11257 I ViewRootImpl@49f6cb7[MainActivity]:   fitSides= naviIconColor=0}
10-09 02:20:17.724 11257 11257 I ViewRootImpl@49f6cb7[MainActivity]: performTraversals mFirst=false windowShouldResize=false viewVisibilityChanged=false mForceNextWindowRelayout=false params={(0,0)(fillxfill) sim={state=always_hidden adjust=resize} ty=BASE_APPLICATION fmt=TRANSLUCENT wanim=0x1030309
10-09 02:20:17.724 11257 11257 I ViewRootImpl@49f6cb7[MainActivity]:   fl=85810100
10-09 02:20:17.724 11257 11257 I ViewRootImpl@49f6cb7[MainActivity]:   pfl=12020040
10-09 02:20:17.724 11257 11257 I ViewRootImpl@49f6cb7[MainActivity]:   vsysui=500
10-09 02:20:17.724 11257 11257 I ViewRootImpl@49f6cb7[MainActivity]:   bhv=DEFAULT
10-09 02:20:17.724 11257 11257 I ViewRootImpl@49f6cb7[MainActivity]:   fitSides= naviIconColor=0}
10-09 02:20:17.728 11257 11257 I ViewRootImpl@49f6cb7[MainActivity]: updateBlastSurfaceIfNeeded mBlastBufferQueue=0x7b0d0ff600 isSameSurfaceControl=true
10-09 02:20:17.728 11257 11257 I BLASTBufferQueue: update, w= 1080 h= 2400 mName = ViewRootImpl@49f6cb7[MainActivity] mNativeObject= 0x7b0d0ff600 sc.mNativeObject= 0x7b16125fa0 format= -3 caller= android.view.ViewRootImpl.updateBlastSurfaceIfNeeded:2898 android.view.ViewRootImpl.relayoutWindow:9847 android.view.ViewRootImpl.performTraversals:3884 android.view.ViewRootImpl.doTraversal:3116 android.view.ViewRootImpl$TraversalRunnable.run:10885 android.view.Choreographer$CallbackRecord.run:1301 
10-09 02:20:17.728 11257 11257 I ViewRootImpl@49f6cb7[MainActivity]: Relayout returned: old=(0,0,1080,2400) new=(0,0,1080,2400) req=(1080,2400)0 dur=4 res=0x0 s={true 0x7bdd44f000} ch=false seqId=0
10-09 02:20:17.729 11257 11257 I ViewRootImpl@49f6cb7[MainActivity]: updateBoundsLayer: t = android.view.SurfaceControl$Transaction@d6d4bb9 sc = Surface(name=Bounds for - com.lagradost.cloudstream3/com.lagradost.cloudstream3.MainActivity@1)/@0x5ee46ea frame = 91
10-09 02:20:17.729 11257 11257 I ViewRootImpl@49f6cb7[MainActivity]: mWNT: t=0x7b5da00f00 mBlastBufferQueue=0x7b0d0ff600 fn= 91 caller= android.view.ViewRootImpl.prepareSurfaces:2985 android.view.ViewRootImpl.performTraversals:4233 android.view.ViewRootImpl.doTraversal:3116 
10-09 02:20:17.732 11257 11282 D SurfaceView@33135f0: windowPositionLost, frameNr = 91
10-09 02:20:17.732 11257 11360 I ViewRootImpl@49f6cb7[MainActivity]: mWNT: t=0x7b3f495900 mBlastBufferQueue=0x7b0d0ff600 fn= 91 caller= android.view.ViewRootImpl.lambda$applyTransactionOnDraw$11$android-view-ViewRootImpl:12865 android.view.ViewRootImpl$$ExternalSyntheticLambda1.onFrameDraw:4 android.graphics.HardwareRenderer$FrameDrawingCallback.onFrameDraw:924 
10-09 02:20:17.733 11257 11360 I ViewRootImpl@49f6cb7[MainActivity]: mWNT: t=0x7b3f495a00 mBlastBufferQueue=0x7b0d0ff600 fn= 91 caller= android.view.ViewRootImpl.lambda$applyTransactionOnDraw$11$android-view-ViewRootImpl:12865 android.view.ViewRootImpl$$ExternalSyntheticLambda1.onFrameDraw:4 android.graphics.HardwareRenderer$FrameDrawingCallback.onFrameDraw:924 
10-09 02:20:17.733 11257 11360 I ViewRootImpl@49f6cb7[MainActivity]: mWNT: t=0x7b3f495b00 mBlastBufferQueue=0x7b0d0ff600 fn= 91 caller= android.view.ViewRootImpl.lambda$applyTransactionOnDraw$11$android-view-ViewRootImpl:12865 android.view.ViewRootImpl$$ExternalSyntheticLambda1.onFrameDraw:4 android.graphics.HardwareRenderer$FrameDrawingCallback.onFrameDraw:924 
10-09 02:20:18.420 11257 11257 I ViewRootImpl@49f6cb7[MainActivity]: ViewPostIme pointer 0
10-09 02:20:18.486 11257 11257 I ViewRootImpl@49f6cb7[MainActivity]: ViewPostIme pointer 1
10-09 02:20:18.512 11257 11257 I IMM_LC  : hsifw() - flag : 0
10-09 02:20:18.512 11257 11257 I IMM_LC  : hsifw() - mService.hideSoftInput
10-09 02:20:18.613 11257 11257 I PLG     : updatePluginList = https://raw.githubusercontent.com/adamwolker21/DZ/refs/heads/master/repo.json
10-09 02:20:18.614 11257 11257 I PLG     : getPlugins = https://raw.githubusercontent.com/adamwolker21/DZ/refs/heads/master/repo.json
10-09 02:20:20.301 11257 11257 I ViewRootImpl@49f6cb7[MainActivity]: ViewPostIme pointer 0
10-09 02:20:20.342 11257 11257 I ViewRootImpl@49f6cb7[MainActivity]: ViewPostIme pointer 1
10-09 02:20:20.372 11257 11257 I IMM_LC  : hsifw() - flag : 0
10-09 02:20:20.372 11257 11257 I IMM_LC  : hsifw() - mService.hideSoftInput
10-09 02:20:21.574 11257 11257 I ViewRootImpl@49f6cb7[MainActivity]: ViewPostIme pointer 0
10-09 02:20:21.700 11257 11257 D WindowOnBackDispatcher: onBackInvoked, viewRoot=ViewRootImpl@f391537[MainActivity], callback=androidx.activity.OnBackPressedDispatcher$Api33Impl$$ExternalSyntheticLambda0@7004a66
10-09 02:20:21.711 11257 11257 I IMM_LC  : hsifw() - flag : 0
10-09 02:20:21.711 11257 11257 I IMM_LC  : hsifw() - mService.hideSoftInput
10-09 02:20:21.723 11257 11257 D ScrollView: initGoToTop
10-09 02:20:21.764 11257 11257 E CoilImgLoader: Error loading image: coil3.request.NullRequestDataException: The request's data is null.
10-09 02:20:21.777 11257 11257 D ScrollView:  onsize change changed 
10-09 02:20:22.077 11257 11813 D BufferPoolAccessor2.0: bufferpool2 0x7b39d97828 : 0(0 size) total buffers - 0(0 size) used buffers - 103/113 (recycle/alloc) - 10/108 (fetch/transfer)
10-09 02:20:22.077 11257 11813 D BufferPoolAccessor2.0: evictor expired: 1, evicted: 1
10-09 02:20:24.174 11257 11257 I ViewRootImpl@49f6cb7[MainActivity]: ViewPostIme pointer 0
10-09 02:20:24.239 11257 11257 I ViewRootImpl@49f6cb7[MainActivity]: ViewPostIme pointer 1
10-09 02:20:24.255 11257 11257 I NavComponent: Navigating to fragment: 2131361883
10-09 02:20:24.264 11257 11257 I IMM_LC  : hsifw() - flag : 0
10-09 02:20:24.264 11257 11257 I IMM_LC  : hsifw() - mService.hideSoftInput
10-09 02:20:24.653 11257 11262 I st.cloudstream3: Background concurrent copying GC freed 14MB AllocSpace bytes, 181(8720KB) LOS objects, 33% free, 47MB/71MB, paused 210us,79us total 248.859ms
10-09 02:20:24.661 11257 11282 D OpenGLRenderer: setSurface called with nullptr
10-09 02:20:24.668 11257 11263 D InputTransport: Input channel destroyed: 'ClientS', fd=159
10-09 02:20:24.721 11257 11265 V MediaMetadataRetriever: destructor
10-09 02:20:24.721 11257 11265 V MediaMetadataRetriever: disconnect
10-09 02:20:24.983 11257 11257 I ViewRootImpl@49f6cb7[MainActivity]: ViewPostIme pointer 0
10-09 02:20:25.125 11257 11257 D WindowOnBackDispatcher: onBackInvoked, viewRoot=ViewRootImpl@f391537[MainActivity], callback=androidx.activity.OnBackPressedDispatcher$Api33Impl$$ExternalSyntheticLambda0@7004a66
10-09 02:20:25.134 11257 11257 I IMM_LC  : hsifw() - flag : 0
10-09 02:20:25.134 11257 11257 I IMM_LC  : hsifw() - mService.hideSoftInput
10-09 02:20:25.142 11257 11257 D ScrollView: initGoToTop
10-09 02:20:25.171 11257 11257 E CoilImgLoader: Error loading image: coil3.request.NullRequestDataException: The request's data is null.
10-09 02:20:25.181 11257 11257 D ScrollView:  onsize change changed 
10-09 02:20:26.463 11257 11257 I ViewRootImpl@49f6cb7[MainActivity]: ViewPostIme pointer 0
10-09 02:20:26.513 11257 11257 I ViewRootImpl@49f6cb7[MainActivity]: ViewPostIme pointer 1
10-09 02:20:26.521 11257 11257 I NavComponent: Navigating to fragment: 2131361884
10-09 02:20:26.528 11257 11257 I IMM_LC  : hsifw() - flag : 0
10-09 02:20:26.528 11257 11257 I IMM_LC  : hsifw() - mService.hideSoftInput
10-09 02:20:27.241 11257 11257 I ViewRootImpl@49f6cb7[MainActivity]: ViewPostIme pointer 0
10-09 02:20:27.291 11257 11257 I ViewRootImpl@49f6cb7[MainActivity]: ViewPostIme pointer 1
10-09 02:20:28.190 11257 11257 I ViewRootImpl@49f6cb7[MainActivity]: ViewPostIme pointer 0
10-09 02:20:28.248 11257 11257 I ViewRootImpl@49f6cb7[MainActivity]: ViewPostIme pointer 1
10-09 02:20:28.272 11257 11257 I Dialog  : mIsDeviceDefault = false, mIsSamsungBasicInteraction = false, isMetaDataInActivity = false
10-09 02:20:28.278 11257 11257 I DecorView: [INFO] isPopOver=false config=false
10-09 02:20:28.279 11257 11257 I DecorView: updateCaptionType: isFloating=true isApplication=true hasWindowDecorCaption=false this=DecorView@e5b126[]
10-09 02:20:28.279 11257 11257 D DecorView: setCaptionType = 0, this = DecorView@e5b126[]
10-09 02:20:28.281 11257 11257 I DecorView: setWindowBackground: isPopOver=false color=ff010101 d=android.graphics.drawable.InsetDrawable@4ae9b14
10-09 02:20:28.300 11257 11257 D ScrollView: initGoToTop
10-09 02:20:28.314 11257 11282 D NativeCustomFrequencyManager: [NativeCFMS] BpCustomFrequencyManager::BpCustomFrequencyManager()
10-09 02:20:28.314 11257 11257 I DecorView: onImmersiveModeChanged: isStatusBarHidden=true
10-09 02:20:28.324 11257 11257 D InsetsController: onStateChanged: InsetsState: {mDisplayFrame=Rect(0, 0 - 1080, 2400), mDisplayCutout=DisplayCutout{insets=Rect(0, 88 - 0, 0) waterfall=Insets{left=0, top=0, right=0, bottom=0} boundingRect={Bounds=[Rect(0, 0 - 0, 0), Rect(512, 0 - 568, 88), Rect(0, 0 - 0, 0), Rect(0, 0 - 0, 0)]} cutoutPathParserInfo={CutoutPathParserInfo{displayWidth=1080 displayHeight=2400 physicalDisplayWidth=1080 physicalDisplayHeight=2400 density={2.625} cutoutSpec={M 0,0 M 0,12.25101276465640 a 10.60613009248640,10.60613009248640 0 1,0 0,21.21226018497290 a 10.60613009248640,10.60613009248640 0 1,0 0,-21.21226018497290 Z @dp} rotation={0} scale={1.0} physicalPixelDisplaySizeRatio={1.0}}}}, mRoundedCorners=RoundedCorners{[RoundedCorner{position=TopLeft, radius=84, center=Point(84, 84)}, RoundedCorner{position=TopRight, radius=84, center=Point(996, 84)}, RoundedCorner{position=BottomRight, radius=84, center=Point(996, 2316)}, RoundedCorner{position=BottomLeft, radius=84, center=Point(84, 2316)}]}  mRoundedCornerFrame=Rect(0, 0 - 1080, 2400), mPrivacyIndicatorBounds=PrivacyIndicatorBounds {static bounds=Rect(964, 0 - 1080, 87) rotation=0}, mSources= { InsetsSource: {mType=ITYPE_STATUS_BAR, mFrame=[0,0][1080,88], mVisible=true, mInsetsRoundedCornerFrame=false}, InsetsSource: {mType=ITYPE_NAVIGATION_BAR, mFrame=[0,2361][1080,2400], mVisible=true, mInsetsRoundedCornerFrame=false}, InsetsSource: {mType=ITYPE_LEFT_GESTURES, mFrame=[0,0][130,2400], mVisible=true, mInsetsRoundedCornerFrame=false}, InsetsSource: {mType=ITYPE_RIGHT_GESTURES, mFrame=[950,0][1080,2400], mVisible=true, mInsetsRoundedCornerFrame=false}, InsetsSource: {mType=ITYPE_TOP_MANDATORY_GESTURES, mFrame=[0,0][1080,120], mVisible=true, mInsetsRoundedCornerFrame=false}, InsetsSource: {mType=ITYPE_BOTTOM_MANDATORY_GESTURES, mFrame=[0,2316][1080,2400], mVisible=true, mInsetsRoundedCornerFrame=false}, InsetsSource: {mType=ITYPE_LEFT_DISPLAY_CUTOUT, mFrame=[0,0][-100000,2400], mVisible=true, mInsetsRoundedCornerFrame=false}, InsetsSource: {mType=ITYPE_TOP_DISPLAY_CUTOUT, mFrame=[0,0][1080,88], mVisible=true, mInsetsRoundedCornerFrame=false}, InsetsSource: {mType=ITYPE_RIGHT_DISPLAY_CUTOUT, mFrame=[100000,0][1080,2400], mVisible=true, mInsetsRoundedCornerFrame=false}, InsetsSource: {mType=ITYPE_BOTTOM_DISPLAY_CUTOUT, mFrame=[0,100000][1080,2400], mVisible=true, mInsetsRoundedCornerFrame=false}, InsetsSource: {mType=ITYPE_TOP_TAPPABLE_ELEMENT, mFrame=[0,0][1080,88], mVisible=true, mInsetsRoundedCornerFrame=false}, InsetsSource: {mType=ITYPE_BOTTOM_TAPPABLE_ELEMENT, mFrame=[0,0][0,0], mVisible=true, mInsetsRoundedCornerFrame=false} } host=com.lagradost.cloudstream3/com.lagradost.cloudstream3.MainActivity from=android.view.ViewRootImpl.setView:1732
10-09 02:20:28.325 11257 11257 I ViewRootImpl@3a8acf3[MainActivity]: setView = com.android.internal.policy.DecorView@e5b126 TM=true
