10-08 13:26:09.215 32484 32484 D InsetsController: onStateChanged: InsetsState: {mDisplayFrame=Rect(0, 0 - 1080, 2400), mDisplayCutout=DisplayCutout{insets=Rect(0, 88 - 0, 0) waterfall=Insets{left=0, top=0, right=0, bottom=0} boundingRect={Bounds=[Rect(0, 0 - 0, 0), Rect(512, 0 - 568, 88), Rect(0, 0 - 0, 0), Rect(0, 0 - 0, 0)]} cutoutPathParserInfo={CutoutPathParserInfo{displayWidth=1080 displayHeight=2400 physicalDisplayWidth=1080 physicalDisplayHeight=2400 density={2.625} cutoutSpec={M 0,0 M 0,12.25101276465640 a 10.60613009248640,10.60613009248640 0 1,0 0,21.21226018497290 a 10.60613009248640,10.60613009248640 0 1,0 0,-21.21226018497290 Z @dp} rotation={0} scale={1.0} physicalPixelDisplaySizeRatio={1.0}}}}, mRoundedCorners=RoundedCorners{[RoundedCorner{position=TopLeft, radius=84, center=Point(84, 84)}, RoundedCorner{position=TopRight, radius=84, center=Point(996, 84)}, RoundedCorner{position=BottomRight, radius=84, center=Point(996, 2316)}, RoundedCorner{position=BottomLeft, radius=84, center=Point(84, 2316)}]}  mRoundedCornerFrame=Rect(0, 0 - 1080, 2400), mPrivacyIndicatorBounds=PrivacyIndicatorBounds {static bounds=Rect(964, 0 - 1080, 87) rotation=0}, mSources= { InsetsSource: {mType=ITYPE_STATUS_BAR, mFrame=[0,0][1080,88], mVisible=true, mInsetsRoundedCornerFrame=false}, InsetsSource: {mType=ITYPE_NAVIGATION_BAR, mFrame=[0,2361][1080,2400], mVisible=true, mInsetsRoundedCornerFrame=false}, InsetsSource: {mType=ITYPE_LEFT_GESTURES, mFrame=[0,0][130,2400], mVisible=true, mInsetsRoundedCornerFrame=false}, InsetsSource: {mType=ITYPE_RIGHT_GESTURES, mFrame=[950,0][1080,2400], mVisible=true, mInsetsRoundedCornerFrame=false}, InsetsSource: {mType=ITYPE_TOP_MANDATORY_GESTURES, mFrame=[0,0][1080,120], mVisible=true, mInsetsRoundedCornerFrame=false}, InsetsSource: {mType=ITYPE_BOTTOM_MANDATORY_GESTURES, mFrame=[0,2316][1080,2400], mVisible=true, mInsetsRoundedCornerFrame=false}, InsetsSource: {mType=ITYPE_LEFT_DISPLAY_CUTOUT, mFrame=[0,0][-100000,2400], mVisible=true, mInsetsRoundedCornerFrame=false}, InsetsSource: {mType=ITYPE_TOP_DISPLAY_CUTOUT, mFrame=[0,0][1080,88], mVisible=true, mInsetsRoundedCornerFrame=false}, InsetsSource: {mType=ITYPE_RIGHT_DISPLAY_CUTOUT, mFrame=[100000,0][1080,2400], mVisible=true, mInsetsRoundedCornerFrame=false}, InsetsSource: {mType=ITYPE_BOTTOM_DISPLAY_CUTOUT, mFrame=[0,100000][1080,2400], mVisible=true, mInsetsRoundedCornerFrame=false}, InsetsSource: {mType=ITYPE_TOP_TAPPABLE_ELEMENT, mFrame=[0,0][1080,88], mVisible=true, mInsetsRoundedCornerFrame=false}, InsetsSource: {mType=ITYPE_BOTTOM_TAPPABLE_ELEMENT, mFrame=[0,0][0,0], mVisible=true, mInsetsRoundedCornerFrame=false}, InsetsSource: {mType=ITYPE_IME, mFrame=[0,0][0,0], mVisible=false, mInsetsRoundedCornerFrame=false} } host=com.lagradost.cloudstream3/com.lagradost.cloudstream3.MainActivity from=android.view.ViewRootImpl$ViewRootHandler.handleMessageImpl:6740
10-08 13:26:09.216 32484 32484 D InsetsController: onStateChanged: InsetsState: {mDisplayFrame=Rect(0, 0 - 1080, 2400), mDisplayCutout=DisplayCutout{insets=Rect(0, 88 - 0, 0) waterfall=Insets{left=0, top=0, right=0, bottom=0} boundingRect={Bounds=[Rect(0, 0 - 0, 0), Rect(512, 0 - 568, 88), Rect(0, 0 - 0, 0), Rect(0, 0 - 0, 0)]} cutoutPathParserInfo={CutoutPathParserInfo{displayWidth=1080 displayHeight=2400 physicalDisplayWidth=1080 physicalDisplayHeight=2400 density={2.625} cutoutSpec={M 0,0 M 0,12.25101276465640 a 10.60613009248640,10.60613009248640 0 1,0 0,21.21226018497290 a 10.60613009248640,10.60613009248640 0 1,0 0,-21.21226018497290 Z @dp} rotation={0} scale={1.0} physicalPixelDisplaySizeRatio={1.0}}}}, mRoundedCorners=RoundedCorners{[RoundedCorner{position=TopLeft, radius=84, center=Point(84, 84)}, RoundedCorner{position=TopRight, radius=84, center=Point(996, 84)}, RoundedCorner{position=BottomRight, radius=84, center=Point(996, 2316)}, RoundedCorner{position=BottomLeft, radius=84, center=Point(84, 2316)}]}  mRoundedCornerFrame=Rect(0, 0 - 1080, 2400), mPrivacyIndicatorBounds=PrivacyIndicatorBounds {static bounds=Rect(964, 0 - 1080, 87) rotation=0}, mSources= { InsetsSource: {mType=ITYPE_STATUS_BAR, mFrame=[0,0][1080,88], mVisible=true, mInsetsRoundedCornerFrame=false}, InsetsSource: {mType=ITYPE_NAVIGATION_BAR, mFrame=[0,2361][1080,2400], mVisible=true, mInsetsRoundedCornerFrame=false}, InsetsSource: {mType=ITYPE_LEFT_GESTURES, mFrame=[0,0][130,2400], mVisible=true, mInsetsRoundedCornerFrame=false}, InsetsSource: {mType=ITYPE_RIGHT_GESTURES, mFrame=[950,0][1080,2400], mVisible=true, mInsetsRoundedCornerFrame=false}, InsetsSource: {mType=ITYPE_TOP_MANDATORY_GESTURES, mFrame=[0,0][1080,120], mVisible=true, mInsetsRoundedCornerFrame=false}, InsetsSource: {mType=ITYPE_BOTTOM_MANDATORY_GESTURES, mFrame=[0,2316][1080,2400], mVisible=true, mInsetsRoundedCornerFrame=false}, InsetsSource: {mType=ITYPE_LEFT_DISPLAY_CUTOUT, mFrame=[0,0][-100000,2400], mVisible=true, mInsetsRoundedCornerFrame=false}, InsetsSource: {mType=ITYPE_TOP_DISPLAY_CUTOUT, mFrame=[0,0][1080,88], mVisible=true, mInsetsRoundedCornerFrame=false}, InsetsSource: {mType=ITYPE_RIGHT_DISPLAY_CUTOUT, mFrame=[100000,0][1080,2400], mVisible=true, mInsetsRoundedCornerFrame=false}, InsetsSource: {mType=ITYPE_BOTTOM_DISPLAY_CUTOUT, mFrame=[0,100000][1080,2400], mVisible=true, mInsetsRoundedCornerFrame=false}, InsetsSource: {mType=ITYPE_TOP_TAPPABLE_ELEMENT, mFrame=[0,0][1080,88], mVisible=true, mInsetsRoundedCornerFrame=false}, InsetsSource: {mType=ITYPE_BOTTOM_TAPPABLE_ELEMENT, mFrame=[0,0][0,0], mVisible=true, mInsetsRoundedCornerFrame=false}, InsetsSource: {mType=ITYPE_IME, mFrame=[0,0][0,0], mVisible=false, mInsetsRoundedCornerFrame=false} } host=com.lagradost.cloudstream3/com.lagradost.cloudstream3.MainActivity from=android.view.ViewRootImpl$ViewRootHandler.handleMessageImpl:6727
10-08 13:26:09.216 32484 32484 I ViewRootImpl@27a4bf[MainActivity]: handleResized, msg = 4 frames=ClientWindowFrames{frame=[0,0][1080,2400] display=[0,0][1080,2400] parentFrame=[0,0][0,0] parentClippedByDisplayCutout=false} forceNextWindowRelayout=false displayId=0 resizeMode=-1 frameChanged=false displayFrameChanged=false configChanged=false displayChanged=false
10-08 13:26:09.228 32484 32574 I ViewRootImpl@27a4bf[MainActivity]: mWNT: t=0x7b79001c00 mBlastBufferQueue=0x7b42cdf900 fn= 914 caller= android.view.SyncRtSurfaceTransactionApplier.applyTransaction:96 android.view.SyncRtSurfaceTransactionApplier.lambda$scheduleApply$0$android-view-SyncRtSurfaceTransactionApplier:69 android.view.SyncRtSurfaceTransactionApplier$$ExternalSyntheticLambda0.onFrameDraw:4 
10-08 13:26:09.235 32484 32484 D InsetsController: cancelAnimation of types: 2, animType: 0, host: com.lagradost.cloudstream3/com.lagradost.cloudstream3.MainActivity, from:android.view.InsetsController.notifyFinished:1375 android.view.InsetsAnimationThreadControlRunner$1.lambda$notifyFinished$0$android-view-InsetsAnimationThreadControlRunner$1:84 android.view.InsetsAnimationThreadControlRunner$1$$ExternalSyntheticLambda1.run:4 
10-08 13:26:09.235 32484 32484 D InsetsSourceConsumer: ensureControlPosition: Point(0, 2274) for ITYPE_NAVIGATION_BAR on com.lagradost.cloudstream3/com.lagradost.cloudstream3.MainActivity from android.view.InsetsSourceConsumer.notifyAnimationFinished:419
10-08 13:26:09.248 32484 32575 I ViewRootImpl@27a4bf[MainActivity]: mWNT: t=0x7b79001d00 mBlastBufferQueue=0x7b42cdf900 fn= 916 caller= android.view.SyncRtSurfaceTransactionApplier.applyTransaction:96 android.view.SyncRtSurfaceTransactionApplier.lambda$scheduleApply$0$android-view-SyncRtSurfaceTransactionApplier:69 android.view.SyncRtSurfaceTransactionApplier$$ExternalSyntheticLambda0.onFrameDraw:4 
10-08 13:26:09.470 32484 32577 I MediaHTTPConnection: setReadTimeout and setConnectTimeout with 8000ms
10-08 13:26:09.823 32484 32577 I MediaHTTPConnection: response code = 206
10-08 13:26:10.146 32484 32484 I ViewRootImpl@27a4bf[MainActivity]: ViewPostIme pointer 0
10-08 13:26:10.193 32484 32484 W PanelsChildGestureRegionObserver: failed to register view with ID 2131362800. already registered
10-08 13:26:10.208 32484 32484 W PanelsChildGestureRegionObserver: failed to register view with ID 2131362800. already registered
10-08 13:26:10.224 32484 32484 W PanelsChildGestureRegionObserver: failed to register view with ID 2131362800. already registered
10-08 13:26:10.241 32484 32484 W PanelsChildGestureRegionObserver: failed to register view with ID 2131362800. already registered
10-08 13:26:10.254 32484 32484 D WindowOnBackDispatcher: onBackInvoked, viewRoot=ViewRootImpl@ce0aa2f[MainActivity], callback=androidx.activity.OnBackPressedDispatcher$Api33Impl$$ExternalSyntheticLambda0@4ecd78e
10-08 13:26:10.259 32484 32484 I IMM_LC  : hsifw() - flag : 0
10-08 13:26:10.259 32484 32484 I IMM_LC  : hsifw() - mService.hideSoftInput
10-08 13:26:10.263 32484 32484 I CS3ExoPlayer: onStop
10-08 13:26:10.263 32484 32484 I CS3ExoPlayer: saveData
10-08 13:26:10.263 32484 32484 I CS3ExoPlayer: handleEvent Pause
10-08 13:26:10.312 32484 32484 W PanelsChildGestureRegionObserver: failed to register view with ID 2131362800. already registered
10-08 13:26:10.522 32484 32484 I ViewRootImpl@27a4bf[MainActivity]: performTraversals mFirst=false windowShouldResize=false viewVisibilityChanged=false mForceNextWindowRelayout=false params={(0,0)(fillxfill) sim={state=always_hidden adjust=resize} ty=BASE_APPLICATION fmt=TRANSLUCENT wanim=0x1030309
10-08 13:26:10.522 32484 32484 I ViewRootImpl@27a4bf[MainActivity]:   fl=85810100
10-08 13:26:10.522 32484 32484 I ViewRootImpl@27a4bf[MainActivity]:   pfl=12020040
10-08 13:26:10.522 32484 32484 I ViewRootImpl@27a4bf[MainActivity]:   vsysui=500
10-08 13:26:10.522 32484 32484 I ViewRootImpl@27a4bf[MainActivity]:   bhv=DEFAULT
10-08 13:26:10.522 32484 32484 I ViewRootImpl@27a4bf[MainActivity]:   fitSides= naviIconColor=0}
10-08 13:26:10.526 32484 32484 I ViewRootImpl@27a4bf[MainActivity]: updateBlastSurfaceIfNeeded mBlastBufferQueue=0x7b42cdf900 isSameSurfaceControl=true
10-08 13:26:10.526 32484 32484 I BLASTBufferQueue: update, w= 1080 h= 2400 mName = ViewRootImpl@27a4bf[MainActivity] mNativeObject= 0x7b42cdf900 sc.mNativeObject= 0x7b2f3c1de0 format= -3 caller= android.view.ViewRootImpl.updateBlastSurfaceIfNeeded:2898 android.view.ViewRootImpl.relayoutWindow:9847 android.view.ViewRootImpl.performTraversals:3884 android.view.ViewRootImpl.doTraversal:3116 android.view.ViewRootImpl$TraversalRunnable.run:10885 android.view.Choreographer$CallbackRecord.run:1301 
10-08 13:26:10.526 32484 32484 I ViewRootImpl@27a4bf[MainActivity]: Relayout returned: old=(0,0,1080,2400) new=(0,0,1080,2400) req=(1080,2400)0 dur=4 res=0x0 s={true 0x7b78fc0800} ch=false seqId=0
10-08 13:26:10.547 32484 32484 W PanelsChildGestureRegionObserver: failed to register view with ID 2131362800. already registered
10-08 13:26:10.561 32484 32574 D SurfaceView@582f556: updateSurfacePosition RenderWorker, frameNr = 924, position = [54, 292, 1026, 766] surfaceSize = 1080x525
10-08 13:26:10.561 32484 32574 I SurfaceView@582f556: uSP: rtp = Rect(54, 292 - 1026, 766) rtsw = 1080 rtsh = 525
10-08 13:26:10.561 32484 32574 I SurfaceView@582f556: onSSPAndSRT: pl = 54 pt = 292 sx = 0.9 sy = 0.9028571
10-08 13:26:10.561 32484 32574 I SurfaceView@582f556: aOrMT: ViewRootImpl@27a4bf[MainActivity] t = android.view.SurfaceControl$Transaction@7d37b28 fN = 924 android.view.SurfaceView.-$$Nest$mapplyOrMergeTransaction:0 android.view.SurfaceView$SurfaceViewPositionUpdateListener.positionChanged:1537 android.graphics.RenderNode$CompositePositionUpdateListener.positionChanged:373 
10-08 13:26:10.561 32484 32574 I ViewRootImpl@27a4bf[MainActivity]: mWNT: t=0x7b78fc6f00 mBlastBufferQueue=0x7b42cdf900 fn= 924 caller= android.view.SurfaceView.applyOrMergeTransaction:1455 android.view.SurfaceView.-$$Nest$mapplyOrMergeTransaction:0 android.view.SurfaceView$SurfaceViewPositionUpdateListener.positionChanged:1537 
10-08 13:26:10.562 32484 32484 I SurfaceView@582f556: onWindowVisibilityChanged(8) false android.view.SurfaceView{582f556 V.E...... ........ 0,0-1080,525} of ViewRootImpl@27a4bf[MainActivity]
10-08 13:26:10.562 32484 32484 I SurfaceView@582f556: Changes: creating=false format=false size=false visible=true alpha=false hint=false mUseAlpha=false visible=true left=false top=false
10-08 13:26:10.562 32484 32484 I SurfaceView@582f556: 92468566 Cur surface: Surface(name=null)/@0xbbd273c
10-08 13:26:10.563 32484 32484 I SurfaceView@582f556: applyTransactionOnVriDraw: vri = ViewRootImpl@27a4bf[MainActivity] fRS = false t = 0x7b03d2e400 android.view.SurfaceView.performSurfaceTransaction:959 android.view.SurfaceView.updateSurface:1105 android.view.SurfaceView.onWindowVisibilityChanged:371 
10-08 13:26:10.563 32484 32484 I ViewRootImpl@27a4bf[MainActivity]: applyTransactionOnDraw: mRemoved = false isHardwareEnabled = true t = 0x7b03d2e400android.view.SurfaceView.applyTransactionOnVriDraw:2048 android.view.SurfaceView.performSurfaceTransaction:959 android.view.SurfaceView.updateSurface:1105 android.view.SurfaceView.onWindowVisibilityChanged:371 android.view.View.dispatchDetachedFromWindow:22529 
10-08 13:26:10.563 32484 32484 I SurfaceView@582f556: surfaceDestroyed
10-08 13:26:10.563 32484 32484 I SurfaceView@582f556: surfaceDestroyed callback.size 0 #2 android.view.SurfaceView{582f556 V.E...... ........ 0,0-1080,525}
10-08 13:26:10.563 32484 32484 I SurfaceView@582f556: updateSurface: mVisible = false mSurface.isValid() = true
10-08 13:26:10.563 32484 32484 I SurfaceView@582f556: releaseSurfaces: viewRoot = ViewRootImpl@27a4bf[MainActivity]
10-08 13:26:10.564 32484 32484 I SurfaceView@582f556: applyTransactionOnVriDraw: vri = ViewRootImpl@27a4bf[MainActivity] fRS = true t = 0x7b03d2e500 android.view.SurfaceView.releaseSurfaces:858 android.view.SurfaceView.updateSurface:1172 android.view.SurfaceView.onWindowVisibilityChanged:371 
10-08 13:26:10.564 32484 32484 I SurfaceView@582f556: applyTransactionOnVriDraw: viewRoot.applyTransactionOnDrawFromReleaseSurfaces
10-08 13:26:10.564 32484 32484 I ViewRootImpl@27a4bf[MainActivity]: applyTransactionOnDraw: mRemoved = false isHardwareEnabled = true t = 0x7b03d2e500android.view.ViewRootImpl.applyTransactionOnDrawFromReleaseSurfaces:12850 android.view.SurfaceView.applyTransactionOnVriDraw:2046 android.view.SurfaceView.releaseSurfaces:858 android.view.SurfaceView.updateSurface:1172 android.view.SurfaceView.onWindowVisibilityChanged:371 
10-08 13:26:10.564 32484 32484 V SurfaceView@582f556: Layout: x=0 y=194 w=1080 h=525, frame=Rect(0, 0 - 1080, 525)
10-08 13:26:10.564 32484 32484 I SurfaceView@582f556: onDetachedFromWindow: tryReleaseSurfaces()
10-08 13:26:10.564 32484 32484 I SurfaceView@582f556: releaseSurfaces: viewRoot = ViewRootImpl@27a4bf[MainActivity]
10-08 13:26:10.564 32484 32484 I SurfaceView@582f556: applyTransactionOnVriDraw: vri = ViewRootImpl@27a4bf[MainActivity] fRS = true t = 0x7b03d2e600 android.view.SurfaceView.releaseSurfaces:858 android.view.SurfaceView.onDetachedFromWindow:500 android.view.View.dispatchDetachedFromWindow:22538 
10-08 13:26:10.564 32484 32484 I SurfaceView@582f556: applyTransactionOnVriDraw: viewRoot.applyTransactionOnDrawFromReleaseSurfaces
10-08 13:26:10.564 32484 32484 I ViewRootImpl@27a4bf[MainActivity]: applyTransactionOnDraw: mRemoved = false isHardwareEnabled = true t = 0x7b03d2e600android.view.ViewRootImpl.applyTransactionOnDrawFromReleaseSurfaces:12850 android.view.SurfaceView.applyTransactionOnVriDraw:2046 android.view.SurfaceView.releaseSurfaces:858 android.view.SurfaceView.onDetachedFromWindow:500 android.view.View.dispatchDetachedFromWindow:22538 
10-08 13:26:10.573 32484 32484 I DecorView: notifyKeepScreenOnChanged: keepScreenOn=false
10-08 13:26:10.574 32484 32484 I CS3ExoPlayer: releasePlayer
10-08 13:26:10.574 32484 32484 I CS3ExoPlayer: Handle event: PlayerAttachedEvent(player=null, source=Player)
10-08 13:26:10.574 32484 32484 I DecorView: notifyKeepScreenOnChanged: keepScreenOn=false
10-08 13:26:10.576 32484 32484 I ViewRootImpl@27a4bf[MainActivity]: performTraversals params={(0,0)(fillxfill) sim={state=always_hidden adjust=resize} ty=BASE_APPLICATION wanim=0x1030309
10-08 13:26:10.576 32484 32484 I ViewRootImpl@27a4bf[MainActivity]:   fl=85810100
10-08 13:26:10.576 32484 32484 I ViewRootImpl@27a4bf[MainActivity]:   pfl=12020040
10-08 13:26:10.576 32484 32484 I ViewRootImpl@27a4bf[MainActivity]:   vsysui=500
10-08 13:26:10.576 32484 32484 I ViewRootImpl@27a4bf[MainActivity]:   bhv=DEFAULT
10-08 13:26:10.576 32484 32484 I ViewRootImpl@27a4bf[MainActivity]:   fitSides= naviIconColor=0}
10-08 13:26:10.576 32484 32484 I ViewRootImpl@27a4bf[MainActivity]: performTraversals mFirst=false windowShouldResize=false viewVisibilityChanged=false mForceNextWindowRelayout=false params={(0,0)(fillxfill) sim={state=always_hidden adjust=resize} ty=BASE_APPLICATION fmt=TRANSLUCENT wanim=0x1030309
10-08 13:26:10.576 32484 32484 I ViewRootImpl@27a4bf[MainActivity]:   fl=85810100
10-08 13:26:10.576 32484 32484 I ViewRootImpl@27a4bf[MainActivity]:   pfl=12020040
10-08 13:26:10.576 32484 32484 I ViewRootImpl@27a4bf[MainActivity]:   vsysui=500
10-08 13:26:10.576 32484 32484 I ViewRootImpl@27a4bf[MainActivity]:   bhv=DEFAULT
10-08 13:26:10.576 32484 32484 I ViewRootImpl@27a4bf[MainActivity]:   fitSides= naviIconColor=0}
10-08 13:26:10.580 32484 32484 I ViewRootImpl@27a4bf[MainActivity]: updateBlastSurfaceIfNeeded mBlastBufferQueue=0x7b42cdf900 isSameSurfaceControl=true
10-08 13:26:10.580 32484 32484 I BLASTBufferQueue: update, w= 1080 h= 2400 mName = ViewRootImpl@27a4bf[MainActivity] mNativeObject= 0x7b42cdf900 sc.mNativeObject= 0x7b2f402d60 format= -3 caller= android.view.ViewRootImpl.updateBlastSurfaceIfNeeded:2898 android.view.ViewRootImpl.relayoutWindow:9847 android.view.ViewRootImpl.performTraversals:3884 android.view.ViewRootImpl.doTraversal:3116 android.view.ViewRootImpl$TraversalRunnable.run:10885 android.view.Choreographer$CallbackRecord.run:1301 
10-08 13:26:10.580 32484 32484 I ViewRootImpl@27a4bf[MainActivity]: Relayout returned: old=(0,0,1080,2400) new=(0,0,1080,2400) req=(1080,2400)0 dur=4 res=0x0 s={true 0x7b78fc0800} ch=false seqId=0
10-08 13:26:10.580 32484 32484 I ViewRootImpl@27a4bf[MainActivity]: updateBoundsLayer: t = android.view.SurfaceControl$Transaction@2ea08c3 sc = Surface(name=Bounds for - com.lagradost.cloudstream3/com.lagradost.cloudstream3.MainActivity@0)/@0x6235540 frame = 925
10-08 13:26:10.581 32484 32484 I ViewRootImpl@27a4bf[MainActivity]: mWNT: t=0x7b6024e900 mBlastBufferQueue=0x7b42cdf900 fn= 925 caller= android.view.ViewRootImpl.prepareSurfaces:2985 android.view.ViewRootImpl.performTraversals:4233 android.view.ViewRootImpl.doTraversal:3116 
10-08 13:26:10.582 32484 32506 D SurfaceView@582f556: windowPositionLost, frameNr = 925
10-08 13:26:10.582 32484 32575 I ViewRootImpl@27a4bf[MainActivity]: mWNT: t=0x7b03d2e400 mBlastBufferQueue=0x7b42cdf900 fn= 925 caller= android.view.ViewRootImpl.lambda$applyTransactionOnDraw$11$android-view-ViewRootImpl:12865 android.view.ViewRootImpl$$ExternalSyntheticLambda1.onFrameDraw:4 android.graphics.HardwareRenderer$FrameDrawingCallback.onFrameDraw:924 
10-08 13:26:10.582 32484 32575 I ViewRootImpl@27a4bf[MainActivity]: mWNT: t=0x7b03d2e500 mBlastBufferQueue=0x7b42cdf900 fn= 925 caller= android.view.ViewRootImpl.lambda$applyTransactionOnDraw$11$android-view-ViewRootImpl:12865 android.view.ViewRootImpl$$ExternalSyntheticLambda1.onFrameDraw:4 android.graphics.HardwareRenderer$FrameDrawingCallback.onFrameDraw:924 
10-08 13:26:10.582 32484 32575 I ViewRootImpl@27a4bf[MainActivity]: mWNT: t=0x7b03d2e600 mBlastBufferQueue=0x7b42cdf900 fn= 925 caller= android.view.ViewRootImpl.lambda$applyTransactionOnDraw$11$android-view-ViewRootImpl:12865 android.view.ViewRootImpl$$ExternalSyntheticLambda1.onFrameDraw:4 android.graphics.HardwareRenderer$FrameDrawingCallback.onFrameDraw:924 
10-08 13:26:11.343 32484 32484 I ViewRootImpl@27a4bf[MainActivity]: ViewPostIme pointer 0
10-08 13:26:11.533 32484 32484 I ViewRootImpl@27a4bf[MainActivity]: ViewPostIme pointer 1
10-08 13:26:11.935 32484 32484 I ViewRootImpl@27a4bf[MainActivity]: ViewPostIme pointer 0
10-08 13:26:12.202 32484 32484 I ViewRootImpl@27a4bf[MainActivity]: ViewPostIme pointer 1
10-08 13:26:12.690 32484 32484 I ViewRootImpl@27a4bf[MainActivity]: ViewPostIme pointer 0
10-08 13:26:12.803 32484 32484 I ViewRootImpl@27a4bf[MainActivity]: ViewPostIme pointer 1
10-08 13:26:13.790 32484 32484 I ViewRootImpl@27a4bf[MainActivity]: ViewPostIme pointer 0
10-08 13:26:13.855 32484 32484 I ViewRootImpl@27a4bf[MainActivity]: ViewPostIme pointer 1
10-08 13:26:13.874 32484 32484 I NavComponent: Navigating to fragment: 2131362274
10-08 13:26:13.880 32484 32484 I IMM_LC  : hsifw() - flag : 0
10-08 13:26:13.880 32484 32484 I IMM_LC  : hsifw() - mService.hideSoftInput
10-08 13:26:13.906 32484 32484 D ScrollView: initGoToTop
10-08 13:26:14.153 32484 32484 I SurfaceView@9cae61f: onWindowVisibilityChanged(0) true android.view.SurfaceView{9cae61f V.E...... ......I. 0,0-0,0} of ViewRootImpl@27a4bf[MainActivity]
10-08 13:26:14.153 32484 32484 D SurfaceView@9cae61f: updateSurface: has no frame
10-08 13:26:14.158 32484 32484 I CS3ExoPlayer: SET STYLE = SaveCaptionStyle(foregroundColor=-1, backgroundColor=0, windowColor=0, edgeType=1, edgeColor=-16777216, typeface=null, typefaceFilePath=null, elevation=20, fixedTextSize=null, edgeSize=null, removeCaptions=false, removeBloat=true, upperCase=false, bold=false, italic=false, backgroundRadius=null)
10-08 13:26:14.166 32484 32484 I IMM_LC  : hsifw() - flag : 0
10-08 13:26:14.166 32484 32484 I IMM_LC  : hsifw() - mService.hideSoftInput
10-08 13:26:14.168 32484 32533 I SYNCVM  : addFromUrl = https://tv6.egydead.live/%d9%85%d8%b4%d8%a7%d9%87%d8%af%d8%a9-%d9%81%d9%8a%d9%84%d9%85-omniscient-reader-the-prophecy-2025-%d9%85%d8%aa%d8%b1%d8%ac%d9%85/
10-08 13:26:14.168 32484 32533 I SYNCUTIL: getIdsFromUrl https://tv6.egydead.live/%d9%85%d8%b4%d8%a7%d9%87%d8%af%d8%a9-%d9%81%d9%8a%d9%84%d9%85-omniscient-reader-the-prophecy-2025-%d9%85%d8%aa%d8%b1%d8%ac%d9%85/
10-08 13:26:14.182 32484 32484 I SurfaceView@9cae61f: onWindowVisibilityChanged(8) false android.view.SurfaceView{9cae61f V.E...... ......I. 0,0-0,0} of ViewRootImpl@27a4bf[MainActivity]
10-08 13:26:14.182 32484 32484 D SurfaceView@9cae61f: updateSurface: has no frame
10-08 13:26:14.182 32484 32484 D SurfaceView@9cae61f: updateSurface: has no frame
10-08 13:26:14.182 32484 32484 I SurfaceView@9cae61f: onDetachedFromWindow: tryReleaseSurfaces()
10-08 13:26:14.182 32484 32484 I SurfaceView@9cae61f: releaseSurfaces: viewRoot = ViewRootImpl@27a4bf[MainActivity]
10-08 13:26:14.182 32484 32484 I SurfaceView@9cae61f: applyTransactionOnVriDraw: vri = ViewRootImpl@27a4bf[MainActivity] fRS = true t = 0x7b2edbec00 android.view.SurfaceView.releaseSurfaces:858 android.view.SurfaceView.onDetachedFromWindow:500 android.view.View.dispatchDetachedFromWindow:22538 
10-08 13:26:14.182 32484 32484 I SurfaceView@9cae61f: applyTransactionOnVriDraw: viewRoot.applyTransactionOnDrawFromReleaseSurfaces
10-08 13:26:14.183 32484 32484 I ViewRootImpl@27a4bf[MainActivity]: applyTransactionOnDraw: mRemoved = false isHardwareEnabled = true t = 0x7b2edbec00android.view.ViewRootImpl.applyTransactionOnDrawFromReleaseSurfaces:12850 android.view.SurfaceView.applyTransactionOnVriDraw:2046 android.view.SurfaceView.releaseSurfaces:858 android.view.SurfaceView.onDetachedFromWindow:500 android.view.View.dispatchDetachedFromWindow:22538 
10-08 13:26:14.184 32484 32484 I SurfaceView@9cae61f: onWindowVisibilityChanged(0) true android.view.SurfaceView{9cae61f V.E...... ......I. 0,0-0,0} of ViewRootImpl@27a4bf[MainActivity]
10-08 13:26:14.184 32484 32484 D SurfaceView@9cae61f: updateSurface: has no frame
10-08 13:26:14.187 32484 32484 I DecorView: notifyKeepScreenOnChanged: keepScreenOn=false
10-08 13:26:14.199 32484 32484 I CS3ExoPlayer: reloadPlayer
10-08 13:26:14.199 32484 32484 I CS3ExoPlayer: releasePlayer
10-08 13:26:14.200 32484 32484 I CS3ExoPlayer: Handle event: PlayerAttachedEvent(player=null, source=Player)
10-08 13:26:14.205 32484 32484 I ViewRootImpl@27a4bf[MainActivity]: performTraversals params={(0,0)(fillxfill) sim={state=always_hidden adjust=resize} ty=BASE_APPLICATION wanim=0x1030309
10-08 13:26:14.205 32484 32484 I ViewRootImpl@27a4bf[MainActivity]:   fl=85810100
10-08 13:26:14.205 32484 32484 I ViewRootImpl@27a4bf[MainActivity]:   pfl=12020040
10-08 13:26:14.205 32484 32484 I ViewRootImpl@27a4bf[MainActivity]:   vsysui=500
10-08 13:26:14.205 32484 32484 I ViewRootImpl@27a4bf[MainActivity]:   bhv=DEFAULT
10-08 13:26:14.205 32484 32484 I ViewRootImpl@27a4bf[MainActivity]:   fitSides= naviIconColor=0}
10-08 13:26:14.206 32484 32484 I ViewRootImpl@27a4bf[MainActivity]: performTraversals mFirst=false windowShouldResize=false viewVisibilityChanged=false mForceNextWindowRelayout=false params={(0,0)(fillxfill) sim={state=always_hidden adjust=resize} ty=BASE_APPLICATION fmt=TRANSLUCENT wanim=0x1030309
10-08 13:26:14.206 32484 32484 I ViewRootImpl@27a4bf[MainActivity]:   fl=85810100
10-08 13:26:14.206 32484 32484 I ViewRootImpl@27a4bf[MainActivity]:   pfl=12020040
10-08 13:26:14.206 32484 32484 I ViewRootImpl@27a4bf[MainActivity]:   vsysui=500
10-08 13:26:14.206 32484 32484 I ViewRootImpl@27a4bf[MainActivity]:   bhv=DEFAULT
10-08 13:26:14.206 32484 32484 I ViewRootImpl@27a4bf[MainActivity]:   fitSides= naviIconColor=0}
10-08 13:26:14.210 32484 32484 I ViewRootImpl@27a4bf[MainActivity]: updateBlastSurfaceIfNeeded mBlastBufferQueue=0x7b42cdf900 isSameSurfaceControl=true
10-08 13:26:14.210 32484 32484 I BLASTBufferQueue: update, w= 1080 h= 2400 mName = ViewRootImpl@27a4bf[MainActivity] mNativeObject= 0x7b42cdf900 sc.mNativeObject= 0x7ae604b5a0 format= -3 caller= android.view.ViewRootImpl.updateBlastSurfaceIfNeeded:2898 android.view.ViewRootImpl.relayoutWindow:9847 android.view.ViewRootImpl.performTraversals:3884 android.view.ViewRootImpl.doTraversal:3116 android.view.ViewRootImpl$TraversalRunnable.run:10885 android.view.Choreographer$CallbackRecord.run:1301 
10-08 13:26:14.210 32484 32484 I ViewRootImpl@27a4bf[MainActivity]: Relayout returned: old=(0,0,1080,2400) new=(0,0,1080,2400) req=(1080,2400)0 dur=4 res=0x0 s={true 0x7b78fc0800} ch=false seqId=0
10-08 13:26:14.210 32484 32484 I ViewRootImpl@27a4bf[MainActivity]: updateBoundsLayer: t = android.view.SurfaceControl$Transaction@2ea08c3 sc = Surface(name=Bounds for - com.lagradost.cloudstream3/com.lagradost.cloudstream3.MainActivity@0)/@0x6235540 frame = 1027
10-08 13:26:14.211 32484 32484 I ViewRootImpl@27a4bf[MainActivity]: mWNT: t=0x7b6024e900 mBlastBufferQueue=0x7b42cdf900 fn= 1027 caller= android.view.ViewRootImpl.prepareSurfaces:2985 android.view.ViewRootImpl.performTraversals:4233 android.view.ViewRootImpl.doTraversal:3116 
10-08 13:26:14.212 32484 32484 W View    : requestLayout() improperly called by android.widget.FrameLayout{ae1e62a I.E...... ......I. 0,0-0,0 #7f0a04e7 app:id/start_panel} during layout: running second layout pass
10-08 13:26:14.212 32484 32484 W View    : requestLayout() improperly called by android.widget.FrameLayout{4cbfc1b I.E...... ......ID 1080,0-1080,2143 #7f0a0168 app:id/end_panel} during layout: running second layout pass
10-08 13:26:14.213 32484 32484 D SurfaceView@9cae61f: updateSurface: has no frame
10-08 13:26:14.217 32484 32574 I ViewRootImpl@27a4bf[MainActivity]: mWNT: t=0x7b2edbec00 mBlastBufferQueue=0x7b42cdf900 fn= 1027 caller= android.view.ViewRootImpl.lambda$applyTransactionOnDraw$11$android-view-ViewRootImpl:12865 android.view.ViewRootImpl$$ExternalSyntheticLambda1.onFrameDraw:4 android.graphics.HardwareRenderer$FrameDrawingCallback.onFrameDraw:924 
10-08 13:26:14.222 32484 32484 D SurfaceView@9cae61f: updateSurface: has no frame
10-08 13:26:14.238 32484 32484 D SurfaceView@9cae61f: updateSurface: has no frame
10-08 13:26:14.255 32484 32484 D SurfaceView@9cae61f: updateSurface: has no frame
10-08 13:26:14.272 32484 32484 D SurfaceView@9cae61f: updateSurface: has no frame
10-08 13:26:14.288 32484 32484 D SurfaceView@9cae61f: updateSurface: has no frame
10-08 13:26:14.305 32484 32484 D SurfaceView@9cae61f: updateSurface: has no frame
10-08 13:26:14.312 32484 32738 D BufferPoolAccessor2.0: bufferpool2 0x7b4880ce28 : 0(0 size) total buffers - 0(0 size) used buffers - 27/32 (recycle/alloc) - 5/24 (fetch/transfer)
10-08 13:26:14.312 32484 32738 D BufferPoolAccessor2.0: evictor expired: 1, evicted: 1
10-08 13:26:14.322 32484 32484 D SurfaceView@9cae61f: updateSurface: has no frame
10-08 13:26:14.338 32484 32484 D SurfaceView@9cae61f: updateSurface: has no frame
10-08 13:26:14.355 32484 32484 D SurfaceView@9cae61f: updateSurface: has no frame
10-08 13:26:14.372 32484 32484 D SurfaceView@9cae61f: updateSurface: has no frame
10-08 13:26:14.388 32484 32484 D SurfaceView@9cae61f: updateSurface: has no frame
10-08 13:26:14.405 32484 32484 D SurfaceView@9cae61f: updateSurface: has no frame
10-08 13:26:14.421 32484 32484 D SurfaceView@9cae61f: updateSurface: has no frame
10-08 13:26:14.438 32484 32484 D SurfaceView@9cae61f: updateSurface: has no frame
10-08 13:26:14.455 32484 32484 D SurfaceView@9cae61f: updateSurface: has no frame
10-08 13:26:14.471 32484 32484 D SurfaceView@9cae61f: updateSurface: has no frame
10-08 13:26:14.488 32484 32484 D SurfaceView@9cae61f: updateSurface: has no frame
10-08 13:26:14.505 32484 32484 D SurfaceView@9cae61f: updateSurface: has no frame
10-08 13:26:14.522 32484 32484 D SurfaceView@9cae61f: updateSurface: has no frame
10-08 13:26:14.538 32484 32484 D SurfaceView@9cae61f: updateSurface: has no frame
10-08 13:26:14.555 32484 32484 D SurfaceView@9cae61f: updateSurface: has no frame
10-08 13:26:14.571 32484 32484 D SurfaceView@9cae61f: updateSurface: has no frame
10-08 13:26:14.588 32484 32484 D SurfaceView@9cae61f: updateSurface: has no frame
10-08 13:26:14.605 32484 32484 D SurfaceView@9cae61f: updateSurface: has no frame
10-08 13:26:14.609 32484 32541 I RVM2    : applyMeta
10-08 13:26:14.615 32484 32484 W PanelsChildGestureRegionObserver: failed to register view with ID 2131362800. already registered
10-08 13:26:14.617 32484 32484 E CoilImgLoader: Error loading image: coil3.request.NullRequestDataException: The request's data is null.
10-08 13:26:14.621 32484 32484 E CoilImgLoader: Error loading image: coil3.request.NullRequestDataException: The request's data is null.
10-08 13:26:14.662 32484 32535 I SYNCVM  : addFromUrl = https://tv6.egydead.live/%d9%85%d8%b4%d8%a7%d9%87%d8%af%d8%a9-%d9%81%d9%8a%d9%84%d9%85-omniscient-reader-the-prophecy-2025-%d9%85%d8%aa%d8%b1%d8%ac%d9%85/
10-08 13:26:14.663 32484 32535 I SYNCUTIL: getIdsFromUrl https://tv6.egydead.live/%d9%85%d8%b4%d8%a7%d9%87%d8%af%d8%a9-%d9%81%d9%8a%d9%84%d9%85-omniscient-reader-the-prophecy-2025-%d9%85%d8%aa%d8%b1%d8%ac%d9%85/
10-08 13:26:14.674 32484 32484 I ViewRootImpl@27a4bf[MainActivity]: performTraversals mFirst=false windowShouldResize=false viewVisibilityChanged=false mForceNextWindowRelayout=false params={(0,0)(fillxfill) sim={state=always_hidden adjust=pan} ty=BASE_APPLICATION fmt=TRANSLUCENT wanim=0x1030309
10-08 13:26:14.674 32484 32484 I ViewRootImpl@27a4bf[MainActivity]:   fl=85810100
10-08 13:26:14.674 32484 32484 I ViewRootImpl@27a4bf[MainActivity]:   pfl=12020040
10-08 13:26:14.674 32484 32484 I ViewRootImpl@27a4bf[MainActivity]:   vsysui=500
10-08 13:26:14.674 32484 32484 I ViewRootImpl@27a4bf[MainActivity]:   bhv=DEFAULT
10-08 13:26:14.674 32484 32484 I ViewRootImpl@27a4bf[MainActivity]:   fitSides= naviIconColor=0}
10-08 13:26:14.682 32484 32484 I ViewRootImpl@27a4bf[MainActivity]: updateBlastSurfaceIfNeeded mBlastBufferQueue=0x7b42cdf900 isSameSurfaceControl=true
10-08 13:26:14.682 32484 32484 I BLASTBufferQueue: update, w= 1080 h= 2400 mName = ViewRootImpl@27a4bf[MainActivity] mNativeObject= 0x7b42cdf900 sc.mNativeObject= 0x7ae62ed0c0 format= -3 caller= android.view.ViewRootImpl.updateBlastSurfaceIfNeeded:2898 android.view.ViewRootImpl.relayoutWindow:9847 android.view.ViewRootImpl.performTraversals:3884 android.view.ViewRootImpl.doTraversal:3116 android.view.ViewRootImpl$TraversalRunnable.run:10885 android.view.Choreographer$CallbackRecord.run:1301 
10-08 13:26:14.682 32484 32484 I ViewRootImpl@27a4bf[MainActivity]: Relayout returned: old=(0,0,1080,2400) new=(0,0,1080,2400) req=(1080,2400)0 dur=8 res=0x0 s={true 0x7b78fc0800} ch=false seqId=0
10-08 13:26:14.683 32484 32484 D SurfaceView@9cae61f: updateSurface: has no frame
10-08 13:26:14.684 32484 32484 I SurfaceView@9cae61f: Changes: creating=true format=true size=true visible=true alpha=false hint=false mUseAlpha=false visible=true left=true top=true
10-08 13:26:14.686 32484 32484 I BLASTBufferQueue: update, w= 1080 h= 525 mName = null mNativeObject= 0x7b3cdfd500 sc.mNativeObject= 0x7ae62ed340 format= 4 caller= android.view.SurfaceView.createBlastSurfaceControls:1383 android.view.SurfaceView.updateSurface:1079 android.view.SurfaceView.lambda$new$0$android-view-SurfaceView:200 android.view.SurfaceView$$ExternalSyntheticLambda5.onPreDraw:2 android.view.ViewTreeObserver.dispatchOnPreDraw:1121 android.view.ViewRootImpl.performTraversals:4442 
10-08 13:26:14.686 32484 32484 I SurfaceView@9cae61f: 164292127 Cur surface: Surface(name=null)/@0x4ad6d35
10-08 13:26:14.686 32484 32484 I SurfaceView@9cae61f: pST: sr = Rect(0, 218 - 1080, 743) sw = 1080 sh = 525
10-08 13:26:14.686 32484 32484 D SurfaceView@9cae61f: performSurfaceTransaction RenderWorker position = [0, 218, 1080, 743] surfaceSize = 1080x525
10-08 13:26:14.686 32484 32484 I SurfaceView@9cae61f: applyTransactionOnVriDraw: vri = ViewRootImpl@27a4bf[MainActivity] fRS = false t = 0x7b78fb7200 android.view.SurfaceView.performSurfaceTransaction:959 android.view.SurfaceView.updateSurface:1105 android.view.SurfaceView.lambda$new$0$android-view-SurfaceView:200 
10-08 13:26:14.686 32484 32484 I ViewRootImpl@27a4bf[MainActivity]: applyTransactionOnDraw: mRemoved = false isHardwareEnabled = true t = 0x7b78fb7200android.view.SurfaceView.applyTransactionOnVriDraw:2048 android.view.SurfaceView.performSurfaceTransaction:959 android.view.SurfaceView.updateSurface:1105 android.view.SurfaceView.lambda$new$0$android-view-SurfaceView:200 android.view.SurfaceView$$ExternalSyntheticLambda5.onPreDraw:2 
10-08 13:26:14.686 32484 32484 I SurfaceView@9cae61f: updateSurface: mVisible = true mSurface.isValid() = true
10-08 13:26:14.686 32484 32484 I SurfaceView@9cae61f: updateSurface: mSurfaceCreated = false surfaceChanged = true visibleChanged = true
10-08 13:26:14.686 32484 32484 I SurfaceView@9cae61f: visibleChanged -- surfaceCreated
10-08 13:26:14.686 32484 32484 I SurfaceView@9cae61f: surfaceCreated 0 #8 android.view.SurfaceView{9cae61f V.E...... ......ID 0,0-1080,525}
10-08 13:26:14.686 32484 32484 I SurfaceView@9cae61f: surfaceChanged -- format=4 w=1080 h=525
10-08 13:26:14.686 32484 32484 I SurfaceView@9cae61f: surfaceChanged (1080,525) 0 #8 android.view.SurfaceView{9cae61f V.E...... ......ID 0,0-1080,525}
10-08 13:26:14.687 32484 32484 I SurfaceView@9cae61f: surfaceRedrawNeeded
10-08 13:26:14.687 32484 32484 V SurfaceView@9cae61f: Layout: x=0 y=218 w=1080 h=525, frame=Rect(0, 0 - 1080, 525)
10-08 13:26:14.698 32484 32575 D SurfaceView@9cae61f: updateSurfacePosition RenderWorker, frameNr = 1052, position = [0, 218, 1080, 743] surfaceSize = 1080x525
10-08 13:26:14.698 32484 32575 I SurfaceView@9cae61f: uSP: rtp = Rect(0, 218 - 1080, 743) rtsw = 1080 rtsh = 525
10-08 13:26:14.698 32484 32575 I SurfaceView@9cae61f: onSSPAndSRT: pl = 0 pt = 218 sx = 1.0 sy = 1.0
10-08 13:26:14.698 32484 32575 I SurfaceView@9cae61f: aOrMT: ViewRootImpl@27a4bf[MainActivity] t = android.view.SurfaceControl$Transaction@7775817 fN = 1052 android.view.SurfaceView.-$$Nest$mapplyOrMergeTransaction:0 android.view.SurfaceView$SurfaceViewPositionUpdateListener.positionChanged:1537 android.graphics.RenderNode$CompositePositionUpdateListener.positionChanged:373 
10-08 13:26:14.698 32484 32575 I ViewRootImpl@27a4bf[MainActivity]: mWNT: t=0x7b79000500 mBlastBufferQueue=0x7b42cdf900 fn= 1052 caller= android.view.SurfaceView.applyOrMergeTransaction:1455 android.view.SurfaceView.-$$Nest$mapplyOrMergeTransaction:0 android.view.SurfaceView$SurfaceViewPositionUpdateListener.positionChanged:1537 
10-08 13:26:14.699 32484 32575 I ViewRootImpl@27a4bf[MainActivity]: mWNT: t=0x7b78fb7200 mBlastBufferQueue=0x7b42cdf900 fn= 1052 caller= android.view.ViewRootImpl.lambda$applyTransactionOnDraw$11$android-view-ViewRootImpl:12865 android.view.ViewRootImpl$$ExternalSyntheticLambda1.onFrameDraw:4 android.graphics.HardwareRenderer$FrameDrawingCallback.onFrameDraw:924 
10-08 13:26:14.714 32484 32484 I SurfaceView@9cae61f: finishedDrawing
10-08 13:26:15.685 32484 32484 I ViewRootImpl@27a4bf[MainActivity]: ViewPostIme pointer 0
10-08 13:26:16.220 32484 32484 I Dialog  : mIsDeviceDefault = false, mIsSamsungBasicInteraction = false, isMetaDataInActivity = false
10-08 13:26:16.257 32484 32484 I DecorView: [INFO] isPopOver=false config=false
10-08 13:26:16.257 32484 32484 I DecorView: updateCaptionType: isFloating=false isApplication=true hasWindowDecorCaption=false this=DecorView@ebbf11e[]
10-08 13:26:16.257 32484 32484 D DecorView: setCaptionType = 0, this = DecorView@ebbf11e[]
10-08 13:26:16.259 32484 32484 I DecorView: getCurrentDensityDpi: from app context. densityDpi=420 msg=resources_loaded
10-08 13:26:16.259 32484 32484 I DecorView: setWindowBackground: isPopOver=false color=0 d=android.graphics.drawable.ColorDrawable@efa07cc
10-08 13:26:16.266 32484 32506 D NativeCustomFrequencyManager: [NativeCFMS] BpCustomFrequencyManager::BpCustomFrequencyManager()
10-08 13:26:16.267 32484 32484 I DecorView: notifyKeepScreenOnChanged: keepScreenOn=false
10-08 13:26:16.277 32484 32484 D InsetsController: onStateChanged: InsetsState: {mDisplayFrame=Rect(0, 0 - 1080, 2400), mDisplayCutout=DisplayCutout{insets=Rect(0, 88 - 0, 0) waterfall=Insets{left=0, top=0, right=0, bottom=0} boundingRect={Bounds=[Rect(0, 0 - 0, 0), Rect(512, 0 - 568, 88), Rect(0, 0 - 0, 0), Rect(0, 0 - 0, 0)]} cutoutPathParserInfo={CutoutPathParserInfo{displayWidth=1080 displayHeight=2400 physicalDisplayWidth=1080 physicalDisplayHeight=2400 density={2.625} cutoutSpec={M 0,0 M 0,12.25101276465640 a 10.60613009248640,10.60613009248640 0 1,0 0,21.21226018497290 a 10.60613009248640,10.60613009248640 0 1,0 0,-21.21226018497290 Z @dp} rotation={0} scale={1.0} physicalPixelDisplaySizeRatio={1.0}}}}, mRoundedCorners=RoundedCorners{[RoundedCorner{position=TopLeft, radius=84, center=Point(84, 84)}, RoundedCorner{position=TopRight, radius=84, center=Point(996, 84)}, RoundedCorner{position=BottomRight, radius=84, center=Point(996, 2316)}, RoundedCorner{position=BottomLeft, radius=84, center=Point(84, 2316)}]}  mRoundedCornerFrame=Rect(0, 0 - 1080, 2400), mPrivacyIndicatorBounds=PrivacyIndicatorBounds {static bounds=Rect(964, 0 - 1080, 87) rotation=0}, mSources= { InsetsSource: {mType=ITYPE_STATUS_BAR, mFrame=[0,0][1080,88], mVisible=true, mInsetsRoundedCornerFrame=false}, InsetsSource: {mType=ITYPE_NAVIGATION_BAR, mFrame=[0,2361][1080,2400], mVisible=true, mInsetsRoundedCornerFrame=false}, InsetsSource: {mType=ITYPE_LEFT_GESTURES, mFrame=[0,0][130,2400], mVisible=true, mInsetsRoundedCornerFrame=false}, InsetsSource: {mType=ITYPE_RIGHT_GESTURES, mFrame=[950,0][1080,2400], mVisible=true, mInsetsRoundedCornerFrame=false}, InsetsSource: {mType=ITYPE_TOP_MANDATORY_GESTURES, mFrame=[0,0][1080,120], mVisible=true, mInsetsRoundedCornerFrame=false}, InsetsSource: {mType=ITYPE_BOTTOM_MANDATORY_GESTURES, mFrame=[0,2316][1080,2400], mVisible=true, mInsetsRoundedCornerFrame=false}, InsetsSource: {mType=ITYPE_LEFT_DISPLAY_CUTOUT, mFrame=[0,0][-100000,2400], mVisible=true, mInsetsRoundedCornerFrame=false}, InsetsSource: {mType=ITYPE_TOP_DISPLAY_CUTOUT, mFrame=[0,0][1080,88], mVisible=true, mInsetsRoundedCornerFrame=false}, InsetsSource: {mType=ITYPE_RIGHT_DISPLAY_CUTOUT, mFrame=[100000,0][1080,2400], mVisible=true, mInsetsRoundedCornerFrame=false}, InsetsSource: {mType=ITYPE_BOTTOM_DISPLAY_CUTOUT, mFrame=[0,100000][1080,2400], mVisible=true, mInsetsRoundedCornerFrame=false}, InsetsSource: {mType=ITYPE_TOP_TAPPABLE_ELEMENT, mFrame=[0,0][1080,88], mVisible=true, mInsetsRoundedCornerFrame=false}, InsetsSource: {mType=ITYPE_BOTTOM_TAPPABLE_ELEMENT, mFrame=[0,0][0,0], mVisible=true, mInsetsRoundedCornerFrame=false}, InsetsSource: {mType=ITYPE_IME, mFrame=[0,0][0,0], mVisible=false, mInsetsRoundedCornerFrame=false} } host=com.lagradost.cloudstream3/com.lagradost.cloudstream3.MainActivity from=android.view.ViewRootImpl.setView:1732
10-08 13:26:16.279 32484 32484 I ViewRootImpl@9ba06cd[MainActivity]: setView = com.android.internal.policy.DecorView@ebbf11e TM=true
10-08 13:26:16.292 32484 32484 I ViewRootImpl@9ba06cd[MainActivity]: performTraversals params={(0,0)(fillxfill) gr=CENTER sim={adjust=resize forwardNavigation} ty=APPLICATION fmt=TRANSPARENT wanim=0x7f14000b
10-08 13:26:16.292 32484 32484 I ViewRootImpl@9ba06cd[MainActivity]:   fl=85810100
10-08 13:26:16.292 32484 32484 I ViewRootImpl@9ba06cd[MainActivity]:   pfl=12020040
10-08 13:26:16.292 32484 32484 I ViewRootImpl@9ba06cd[MainActivity]:   vsysui=500
10-08 13:26:16.292 32484 32484 I ViewRootImpl@9ba06cd[MainActivity]:   bhv=DEFAULT
10-08 13:26:16.292 32484 32484 I ViewRootImpl@9ba06cd[MainActivity]:   fitSides= naviIconColor=0}
10-08 13:26:16.293 32484 32484 I ViewRootImpl@9ba06cd[MainActivity]: performTraversals mFirst=true windowShouldResize=true viewVisibilityChanged=false mForceNextWindowRelayout=false params={(0,0)(fillxfill) gr=CENTER sim={adjust=resize forwardNavigation} ty=APPLICATION fmt=TRANSPARENT wanim=0x7f14000b
10-08 13:26:16.293 32484 32484 I ViewRootImpl@9ba06cd[MainActivity]:   fl=85810100
10-08 13:26:16.293 32484 32484 I ViewRootImpl@9ba06cd[MainActivity]:   pfl=12020040
10-08 13:26:16.293 32484 32484 I ViewRootImpl@9ba06cd[MainActivity]:   vsysui=500
10-08 13:26:16.293 32484 32484 I ViewRootImpl@9ba06cd[MainActivity]:   bhv=DEFAULT
10-08 13:26:16.293 32484 32484 I ViewRootImpl@9ba06cd[MainActivity]:   fitSides= naviIconColor=0}
10-08 13:26:16.306 32484 32484 I ViewRootImpl@9ba06cd[MainActivity]: updateBlastSurfaceIfNeeded mBlastBufferQueue=null isSameSurfaceControl=false
10-08 13:26:16.307 32484 32484 I BLASTBufferQueue: new BLASTBufferQueue, mName= ViewRootImpl@9ba06cd[MainActivity] mNativeObject= 0x7b3cd98200 sc.mNativeObject= 0x7ae604fe20 caller= android.view.ViewRootImpl.updateBlastSurfaceIfNeeded:2909 android.view.ViewRootImpl.relayoutWindow:9847 android.view.ViewRootImpl.performTraversals:3884 android.view.ViewRootImpl.doTraversal:3116 android.view.ViewRootImpl$TraversalRunnable.run:10885 android.view.Choreographer$CallbackRecord.run:1301 android.view.Choreographer$CallbackRecord.run:1309 android.view.Choreographer.doCallbacks:923 android.view.Choreographer.doFrame:852 android.view.Choreographer$FrameDisplayEventReceiver.run:1283 
10-08 13:26:16.307 32484 32484 I BLASTBufferQueue: update, w= 1080 h= 2400 mName = ViewRootImpl@9ba06cd[MainActivity] mNativeObject= 0x7b3cd98200 sc.mNativeObject= 0x7ae604fe20 format= -2 caller= android.graphics.BLASTBufferQueue.<init>:84 android.view.ViewRootImpl.updateBlastSurfaceIfNeeded:2909 android.view.ViewRootImpl.relayoutWindow:9847 android.view.ViewRootImpl.performTraversals:3884 android.view.ViewRootImpl.doTraversal:3116 android.view.ViewRootImpl$TraversalRunnable.run:10885 
10-08 13:26:16.308 32484 32484 I ViewRootImpl@9ba06cd[MainActivity]: Relayout returned: old=(0,0,1080,2400) new=(0,0,1080,2400) req=(1080,2400)0 dur=13 res=0x3 s={true 0x7b600e6800} ch=true seqId=0
10-08 13:26:16.309 32484 32484 I ViewRootImpl@9ba06cd[MainActivity]: mThreadedRenderer.initialize() mSurface={isValid=true 0x7b600e6800} hwInitialized=true
10-08 13:26:16.310 32484 32506 D OpenGLRenderer: eglCreateWindowSurface
10-08 13:26:16.331 32484 32484 D AbsListView:  in onLayout changed 
10-08 13:26:16.333 32484 32484 I ViewRootImpl@9ba06cd[MainActivity]: reportNextDraw android.view.ViewRootImpl.performTraversals:4438 android.view.ViewRootImpl.doTraversal:3116 android.view.ViewRootImpl$TraversalRunnable.run:10885 android.view.Choreographer$CallbackRecord.run:1301 android.view.Choreographer$CallbackRecord.run:1309 
10-08 13:26:16.333 32484 32484 I ViewRootImpl@9ba06cd[MainActivity]: Setup new sync id=0
10-08 13:26:16.333 32484 32484 I ViewRootImpl@9ba06cd[MainActivity]: Setting syncFrameCallback
10-08 13:26:16.333 32484 32484 I ViewRootImpl@9ba06cd[MainActivity]: registerCallbacksForSync syncBuffer=false
10-08 13:26:16.336 32484 32574 I ViewRootImpl@9ba06cd[MainActivity]: Received frameDrawingCallback syncResult=0 frameNum=1.
10-08 13:26:16.336 32484 32574 I ViewRootImpl@9ba06cd[MainActivity]: Setting up sync and frameCommitCallback
10-08 13:26:16.349 32484 32506 I BLASTBufferQueue: [ViewRootImpl@9ba06cd[MainActivity]#8](f:0,a:0) onFrameAvailable the first frame is available
10-08 13:26:16.350 32484 32506 I ViewRootImpl@9ba06cd[MainActivity]: Received frameCommittedCallback lastAttemptedDrawFrameNum=1 didProduceBuffer=true
10-08 13:26:16.352 32484 32506 D OpenGLRenderer: CFMS:: SetUp Pid : 32484    Tid : 32506
10-08 13:26:16.356 32484 32484 I ViewRootImpl@9ba06cd[MainActivity]: onSyncComplete
10-08 13:26:16.357 32484 32484 I ViewRootImpl@9ba06cd[MainActivity]: setupSync seqId=0 mSyncId=0 fn=1 caller=android.view.ViewRootImpl$$ExternalSyntheticLambda11.accept:6 android.window.SurfaceSyncer.lambda$setupSync$1$android-window-SurfaceSyncer:128 android.window.SurfaceSyncer$$ExternalSyntheticLambda1.accept:8 android.window.SurfaceSyncer$SyncSet.checkIfSyncIsComplete:382 android.window.SurfaceSyncer$SyncSet.markSyncReady:359 android.window.SurfaceSyncer.markSyncReady:151 android.view.ViewRootImpl.performTraversals:4503 
10-08 13:26:16.358 32484 32484 I ViewRootImpl@9ba06cd[MainActivity]: reportDrawFinished seqId=0 mSyncId=-1 fn=1 mSurfaceChangedTransaction=0x7b04191700
10-08 13:26:16.361 32484 32484 I ViewRootImpl@27a4bf[MainActivity]: MSG_WINDOW_FOCUS_CHANGED 0 0
10-08 13:26:16.422 32484 32484 I ViewRootImpl@9ba06cd[MainActivity]: MSG_WINDOW_FOCUS_CHANGED 1 0
10-08 13:26:16.423 32484 32484 I ViewRootImpl@9ba06cd[MainActivity]: mThreadedRenderer.initializeIfNeeded()#2 mSurface={isValid=true 0x7b600e6800}
10-08 13:26:16.424 32484 32484 D InputMethodManager: startInputInner - Id : 0
10-08 13:26:16.424 32484 32484 I InputMethodManager: startInputInner - mService.startInputOrWindowGainedFocus
10-08 13:26:16.545 32484 32484 I ViewRootImpl@27a4bf[MainActivity]: ViewPostIme pointer 1
10-08 13:26:17.439 32484 32484 I ViewRootImpl@9ba06cd[MainActivity]: ViewPostIme pointer 0
10-08 13:26:17.512 32484 32484 I ViewRootImpl@9ba06cd[MainActivity]: ViewPostIme pointer 1
10-08 13:26:17.513 32484 32484 D AbsListView: onTouchUp() mTouchMode : 0
10-08 13:26:17.591 32484 32484 I MSHandlerLifeCycle: removeMultiSplitHandler: no exist. decor=DecorView@ebbf11e[MainActivity]
10-08 13:26:17.596 32484 32506 D OpenGLRenderer: setSurface called with nullptr
10-08 13:26:17.596 32484 32506 D OpenGLRenderer: setSurface() destroyed EGLSurface
10-08 13:26:17.596 32484 32506 D OpenGLRenderer: destroyEglSurface
10-08 13:26:17.599 32484 32506 D OpenGLRenderer: endAllActiveAnimators on 0x7ae6428900 (MaterialTextView) with handle 0x7b42e341e0
10-08 13:26:17.600 32484 32484 I ViewRootImpl@9ba06cd[MainActivity]: dispatchDetachedFromWindow
10-08 13:26:17.623 32484 32484 D InputTransport: Input channel destroyed: 'dfa0f52', fd=132
10-08 13:26:17.626 32484 32484 I Dialog  : mIsDeviceDefault = false, mIsSamsungBasicInteraction = false, isMetaDataInActivity = false
10-08 13:26:17.686 32484 32484 I DecorView: [INFO] isPopOver=false config=false
10-08 13:26:17.686 32484 32484 I DecorView: updateCaptionType: isFloating=false isApplication=true hasWindowDecorCaption=false this=DecorView@8214028[]
10-08 13:26:17.686 32484 32484 D DecorView: setCaptionType = 0, this = DecorView@8214028[]
10-08 13:26:17.688 32484 32484 I DecorView: getCurrentDensityDpi: from app context. densityDpi=420 msg=resources_loaded
10-08 13:26:17.688 32484 32484 I DecorView: setWindowBackground: isPopOver=false color=0 d=android.graphics.drawable.ColorDrawable@36776e6
10-08 13:26:17.695 32484 32506 D NativeCustomFrequencyManager: [NativeCFMS] BpCustomFrequencyManager::BpCustomFrequencyManager()
10-08 13:26:17.696 32484 32484 I DecorView: notifyKeepScreenOnChanged: keepScreenOn=false
