10-10 00:45:29.393 14771 14771 I SurfaceView@c37d1aa: releaseSurfaces: viewRoot = ViewRootImpl@e892618[MainActivity]
10-10 00:45:29.393 14771 14771 I SurfaceView@c37d1aa: applyTransactionOnVriDraw: vri = ViewRootImpl@e892618[MainActivity] fRS = true t = 0x7b5f6f0c00 android.view.SurfaceView.releaseSurfaces:858 android.view.SurfaceView.updateSurface:1172 android.view.SurfaceView.onWindowVisibilityChanged:371 
10-10 00:45:29.393 14771 14771 I SurfaceView@c37d1aa: applyTransactionOnVriDraw: viewRoot.applyTransactionOnDrawFromReleaseSurfaces
10-10 00:45:29.393 14771 14771 I ViewRootImpl@e892618[MainActivity]: applyTransactionOnDraw: mRemoved = false isHardwareEnabled = true t = 0x7b5f6f0c00android.view.ViewRootImpl.applyTransactionOnDrawFromReleaseSurfaces:12850 android.view.SurfaceView.applyTransactionOnVriDraw:2046 android.view.SurfaceView.releaseSurfaces:858 android.view.SurfaceView.updateSurface:1172 android.view.SurfaceView.onWindowVisibilityChanged:371 
10-10 00:45:29.393 14771 14771 V SurfaceView@c37d1aa: Layout: x=0 y=218 w=1080 h=525, frame=Rect(0, 0 - 1080, 525)
10-10 00:45:29.393 14771 14771 I SurfaceView@c37d1aa: onDetachedFromWindow: tryReleaseSurfaces()
10-10 00:45:29.393 14771 14771 I SurfaceView@c37d1aa: releaseSurfaces: viewRoot = ViewRootImpl@e892618[MainActivity]
10-10 00:45:29.394 14771 14771 I SurfaceView@c37d1aa: applyTransactionOnVriDraw: vri = ViewRootImpl@e892618[MainActivity] fRS = true t = 0x7b5f6f0d00 android.view.SurfaceView.releaseSurfaces:858 android.view.SurfaceView.onDetachedFromWindow:500 android.view.View.dispatchDetachedFromWindow:22538 
10-10 00:45:29.394 14771 14771 I SurfaceView@c37d1aa: applyTransactionOnVriDraw: viewRoot.applyTransactionOnDrawFromReleaseSurfaces
10-10 00:45:29.394 14771 14771 I ViewRootImpl@e892618[MainActivity]: applyTransactionOnDraw: mRemoved = false isHardwareEnabled = true t = 0x7b5f6f0d00android.view.ViewRootImpl.applyTransactionOnDrawFromReleaseSurfaces:12850 android.view.SurfaceView.applyTransactionOnVriDraw:2046 android.view.SurfaceView.releaseSurfaces:858 android.view.SurfaceView.onDetachedFromWindow:500 android.view.View.dispatchDetachedFromWindow:22538 
10-10 00:45:29.407 14771 14771 I DecorView: notifyKeepScreenOnChanged: keepScreenOn=false
10-10 00:45:29.408 14771 14771 I CS3ExoPlayer: releasePlayer
10-10 00:45:29.408 14771 14771 I CS3ExoPlayer: Handle event: PlayerAttachedEvent(player=null, source=Player)
10-10 00:45:29.409 14771 14771 I DecorView: notifyKeepScreenOnChanged: keepScreenOn=false
10-10 00:45:29.410 14771 14771 I ViewRootImpl@e892618[MainActivity]: performTraversals params={(0,0)(fillxfill) sim={state=always_hidden adjust=resize} ty=BASE_APPLICATION wanim=0x1030309
10-10 00:45:29.410 14771 14771 I ViewRootImpl@e892618[MainActivity]:   fl=85810100
10-10 00:45:29.410 14771 14771 I ViewRootImpl@e892618[MainActivity]:   pfl=12020040
10-10 00:45:29.410 14771 14771 I ViewRootImpl@e892618[MainActivity]:   vsysui=500
10-10 00:45:29.410 14771 14771 I ViewRootImpl@e892618[MainActivity]:   bhv=DEFAULT
10-10 00:45:29.410 14771 14771 I ViewRootImpl@e892618[MainActivity]:   fitSides= naviIconColor=0}
10-10 00:45:29.410 14771 14771 I ViewRootImpl@e892618[MainActivity]: performTraversals mFirst=false windowShouldResize=false viewVisibilityChanged=false mForceNextWindowRelayout=false params={(0,0)(fillxfill) sim={state=always_hidden adjust=resize} ty=BASE_APPLICATION fmt=TRANSLUCENT wanim=0x1030309
10-10 00:45:29.410 14771 14771 I ViewRootImpl@e892618[MainActivity]:   fl=85810100
10-10 00:45:29.410 14771 14771 I ViewRootImpl@e892618[MainActivity]:   pfl=12020040
10-10 00:45:29.410 14771 14771 I ViewRootImpl@e892618[MainActivity]:   vsysui=500
10-10 00:45:29.410 14771 14771 I ViewRootImpl@e892618[MainActivity]:   bhv=DEFAULT
10-10 00:45:29.410 14771 14771 I ViewRootImpl@e892618[MainActivity]:   fitSides= naviIconColor=0}
10-10 00:45:29.414 14771 14771 I ViewRootImpl@e892618[MainActivity]: updateBlastSurfaceIfNeeded mBlastBufferQueue=0x7b49da4600 isSameSurfaceControl=true
10-10 00:45:29.414 14771 14771 I BLASTBufferQueue: update, w= 1080 h= 2400 mName = ViewRootImpl@e892618[MainActivity] mNativeObject= 0x7b49da4600 sc.mNativeObject= 0x7b164210c0 format= -3 caller= android.view.ViewRootImpl.updateBlastSurfaceIfNeeded:2898 android.view.ViewRootImpl.relayoutWindow:9847 android.view.ViewRootImpl.performTraversals:3884 android.view.ViewRootImpl.doTraversal:3116 android.view.ViewRootImpl$TraversalRunnable.run:10885 android.view.Choreographer$CallbackRecord.run:1301 
10-10 00:45:29.414 14771 14771 I ViewRootImpl@e892618[MainActivity]: Relayout returned: old=(0,0,1080,2400) new=(0,0,1080,2400) req=(1080,2400)0 dur=4 res=0x0 s={true 0x7b5f6d6800} ch=false seqId=0
10-10 00:45:29.415 14771 14771 I ViewRootImpl@e892618[MainActivity]: updateBoundsLayer: t = android.view.SurfaceControl$Transaction@45c1fc0 sc = Surface(name=Bounds for - com.lagradost.cloudstream3/com.lagradost.cloudstream3.MainActivity@0)/@0xb6634f9 frame = 731
10-10 00:45:29.415 14771 14771 I ViewRootImpl@e892618[MainActivity]: mWNT: t=0x7b5f887900 mBlastBufferQueue=0x7b49da4600 fn= 731 caller= android.view.ViewRootImpl.prepareSurfaces:2985 android.view.ViewRootImpl.performTraversals:4233 android.view.ViewRootImpl.doTraversal:3116 
10-10 00:45:29.416 14771 14793 D SurfaceView@c37d1aa: windowPositionLost, frameNr = 731
10-10 00:45:29.416 14771 14868 I ViewRootImpl@e892618[MainActivity]: mWNT: t=0x7b5f6f0900 mBlastBufferQueue=0x7b49da4600 fn= 731 caller= android.view.ViewRootImpl.lambda$applyTransactionOnDraw$11$android-view-ViewRootImpl:12865 android.view.ViewRootImpl$$ExternalSyntheticLambda1.onFrameDraw:4 android.graphics.HardwareRenderer$FrameDrawingCallback.onFrameDraw:924 
10-10 00:45:29.416 14771 14868 I ViewRootImpl@e892618[MainActivity]: mWNT: t=0x7b5f6f0c00 mBlastBufferQueue=0x7b49da4600 fn= 731 caller= android.view.ViewRootImpl.lambda$applyTransactionOnDraw$11$android-view-ViewRootImpl:12865 android.view.ViewRootImpl$$ExternalSyntheticLambda1.onFrameDraw:4 android.graphics.HardwareRenderer$FrameDrawingCallback.onFrameDraw:924 
10-10 00:45:29.417 14771 14868 I ViewRootImpl@e892618[MainActivity]: mWNT: t=0x7b5f6f0d00 mBlastBufferQueue=0x7b49da4600 fn= 731 caller= android.view.ViewRootImpl.lambda$applyTransactionOnDraw$11$android-view-ViewRootImpl:12865 android.view.ViewRootImpl$$ExternalSyntheticLambda1.onFrameDraw:4 android.graphics.HardwareRenderer$FrameDrawingCallback.onFrameDraw:924 
10-10 00:45:34.455 14771 14771 I ViewRootImpl@e892618[MainActivity]: ViewPostIme pointer 0
10-10 00:45:34.570 14771 14771 I ViewRootImpl@e892618[MainActivity]: ViewPostIme pointer 1
10-10 00:45:34.572 14771 14771 I NavComponent: Navigating to fragment: 2131362274
10-10 00:45:34.581 14771 14771 I IMM_LC  : hsifw() - flag : 0
10-10 00:45:34.581 14771 14771 I IMM_LC  : hsifw() - mService.hideSoftInput
10-10 00:45:34.615 14771 14771 D ScrollView: initGoToTop
10-10 00:45:34.860 14771 14771 I SurfaceView@af40747: onWindowVisibilityChanged(0) true android.view.SurfaceView{af40747 V.E..V... ......I. 0,0-0,0} of ViewRootImpl@e892618[MainActivity]
10-10 00:45:34.860 14771 14771 D SurfaceView@af40747: updateSurface: has no frame
10-10 00:45:34.865 14771 14771 I CS3ExoPlayer: SET STYLE = SaveCaptionStyle(foregroundColor=-1, backgroundColor=0, windowColor=0, edgeType=1, edgeColor=-16777216, typeface=null, typefaceFilePath=null, elevation=20, fixedTextSize=null, edgeSize=null, removeCaptions=false, removeBloat=true, upperCase=false, bold=false, italic=false, backgroundRadius=null)
10-10 00:45:34.874 14771 14771 I IMM_LC  : hsifw() - flag : 0
10-10 00:45:34.874 14771 14771 I IMM_LC  : hsifw() - mService.hideSoftInput
10-10 00:45:34.876 14771 14823 I SYNCVM  : addFromUrl = https://tv6.egydead.live/%d9%85%d8%b4%d8%a7%d9%87%d8%af%d8%a9-%d9%81%d9%8a%d9%84%d9%85-baban-baban-ban-vampire-2025-%d9%85%d8%aa%d8%b1%d8%ac%d9%85/
10-10 00:45:34.876 14771 14823 I SYNCUTIL: getIdsFromUrl https://tv6.egydead.live/%d9%85%d8%b4%d8%a7%d9%87%d8%af%d8%a9-%d9%81%d9%8a%d9%84%d9%85-baban-baban-ban-vampire-2025-%d9%85%d8%aa%d8%b1%d8%ac%d9%85/
10-10 00:45:34.892 14771 14771 I SurfaceView@af40747: onWindowVisibilityChanged(8) false android.view.SurfaceView{af40747 V.E..V... ......I. 0,0-0,0} of ViewRootImpl@e892618[MainActivity]
10-10 00:45:34.892 14771 14771 D SurfaceView@af40747: updateSurface: has no frame
10-10 00:45:34.892 14771 14771 D SurfaceView@af40747: updateSurface: has no frame
10-10 00:45:34.892 14771 14771 I SurfaceView@af40747: onDetachedFromWindow: tryReleaseSurfaces()
10-10 00:45:34.892 14771 14771 I SurfaceView@af40747: releaseSurfaces: viewRoot = ViewRootImpl@e892618[MainActivity]
10-10 00:45:34.892 14771 14771 I SurfaceView@af40747: applyTransactionOnVriDraw: vri = ViewRootImpl@e892618[MainActivity] fRS = true t = 0x7b168a5700 android.view.SurfaceView.releaseSurfaces:858 android.view.SurfaceView.onDetachedFromWindow:500 android.view.View.dispatchDetachedFromWindow:22538 
10-10 00:45:34.892 14771 14771 I SurfaceView@af40747: applyTransactionOnVriDraw: viewRoot.applyTransactionOnDrawFromReleaseSurfaces
10-10 00:45:34.892 14771 14771 I ViewRootImpl@e892618[MainActivity]: applyTransactionOnDraw: mRemoved = false isHardwareEnabled = true t = 0x7b168a5700android.view.ViewRootImpl.applyTransactionOnDrawFromReleaseSurfaces:12850 android.view.SurfaceView.applyTransactionOnVriDraw:2046 android.view.SurfaceView.releaseSurfaces:858 android.view.SurfaceView.onDetachedFromWindow:500 android.view.View.dispatchDetachedFromWindow:22538 
10-10 00:45:34.894 14771 14771 I SurfaceView@af40747: onWindowVisibilityChanged(0) true android.view.SurfaceView{af40747 V.E..V... ......I. 0,0-0,0} of ViewRootImpl@e892618[MainActivity]
10-10 00:45:34.894 14771 14771 D SurfaceView@af40747: updateSurface: has no frame
10-10 00:45:34.898 14771 14771 I DecorView: notifyKeepScreenOnChanged: keepScreenOn=false
10-10 00:45:34.906 14771 14771 I CS3ExoPlayer: reloadPlayer
10-10 00:45:34.907 14771 14771 I CS3ExoPlayer: releasePlayer
10-10 00:45:34.907 14771 14771 I CS3ExoPlayer: Handle event: PlayerAttachedEvent(player=null, source=Player)
10-10 00:45:34.913 14771 14771 I ViewRootImpl@e892618[MainActivity]: performTraversals params={(0,0)(fillxfill) sim={state=always_hidden adjust=resize} ty=BASE_APPLICATION wanim=0x1030309
10-10 00:45:34.913 14771 14771 I ViewRootImpl@e892618[MainActivity]:   fl=85810100
10-10 00:45:34.913 14771 14771 I ViewRootImpl@e892618[MainActivity]:   pfl=12020040
10-10 00:45:34.913 14771 14771 I ViewRootImpl@e892618[MainActivity]:   vsysui=500
10-10 00:45:34.913 14771 14771 I ViewRootImpl@e892618[MainActivity]:   bhv=DEFAULT
10-10 00:45:34.913 14771 14771 I ViewRootImpl@e892618[MainActivity]:   fitSides= naviIconColor=0}
10-10 00:45:34.914 14771 14771 I ViewRootImpl@e892618[MainActivity]: performTraversals mFirst=false windowShouldResize=false viewVisibilityChanged=false mForceNextWindowRelayout=false params={(0,0)(fillxfill) sim={state=always_hidden adjust=resize} ty=BASE_APPLICATION fmt=TRANSLUCENT wanim=0x1030309
10-10 00:45:34.914 14771 14771 I ViewRootImpl@e892618[MainActivity]:   fl=85810100
10-10 00:45:34.914 14771 14771 I ViewRootImpl@e892618[MainActivity]:   pfl=12020040
10-10 00:45:34.914 14771 14771 I ViewRootImpl@e892618[MainActivity]:   vsysui=500
10-10 00:45:34.914 14771 14771 I ViewRootImpl@e892618[MainActivity]:   bhv=DEFAULT
10-10 00:45:34.914 14771 14771 I ViewRootImpl@e892618[MainActivity]:   fitSides= naviIconColor=0}
10-10 00:45:34.922 14771 14771 I ViewRootImpl@e892618[MainActivity]: updateBlastSurfaceIfNeeded mBlastBufferQueue=0x7b49da4600 isSameSurfaceControl=true
10-10 00:45:34.922 14771 14771 I BLASTBufferQueue: update, w= 1080 h= 2400 mName = ViewRootImpl@e892618[MainActivity] mNativeObject= 0x7b49da4600 sc.mNativeObject= 0x7b0a1f7b60 format= -3 caller= android.view.ViewRootImpl.updateBlastSurfaceIfNeeded:2898 android.view.ViewRootImpl.relayoutWindow:9847 android.view.ViewRootImpl.performTraversals:3884 android.view.ViewRootImpl.doTraversal:3116 android.view.ViewRootImpl$TraversalRunnable.run:10885 android.view.Choreographer$CallbackRecord.run:1301 
10-10 00:45:34.922 14771 14771 I ViewRootImpl@e892618[MainActivity]: Relayout returned: old=(0,0,1080,2400) new=(0,0,1080,2400) req=(1080,2400)0 dur=8 res=0x0 s={true 0x7b5f6d6800} ch=false seqId=0
10-10 00:45:34.922 14771 14771 I ViewRootImpl@e892618[MainActivity]: updateBoundsLayer: t = android.view.SurfaceControl$Transaction@45c1fc0 sc = Surface(name=Bounds for - com.lagradost.cloudstream3/com.lagradost.cloudstream3.MainActivity@0)/@0xb6634f9 frame = 746
10-10 00:45:34.923 14771 14771 I ViewRootImpl@e892618[MainActivity]: mWNT: t=0x7b5f887900 mBlastBufferQueue=0x7b49da4600 fn= 746 caller= android.view.ViewRootImpl.prepareSurfaces:2985 android.view.ViewRootImpl.performTraversals:4233 android.view.ViewRootImpl.doTraversal:3116 
10-10 00:45:34.924 14771 14771 W View    : requestLayout() improperly called by android.widget.FrameLayout{add4779 I.E..V... ......I. 0,0-0,0 #7f0a04e7 app:id/start_panel} during layout: running second layout pass
10-10 00:45:34.924 14771 14771 W View    : requestLayout() improperly called by android.widget.FrameLayout{c947cbe I.E..V... ......ID 1080,0-1080,2143 #7f0a0168 app:id/end_panel} during layout: running second layout pass
10-10 00:45:34.925 14771 14771 D SurfaceView@af40747: updateSurface: has no frame
10-10 00:45:34.929 14771 14867 I ViewRootImpl@e892618[MainActivity]: mWNT: t=0x7b168a5700 mBlastBufferQueue=0x7b49da4600 fn= 746 caller= android.view.ViewRootImpl.lambda$applyTransactionOnDraw$11$android-view-ViewRootImpl:12865 android.view.ViewRootImpl$$ExternalSyntheticLambda1.onFrameDraw:4 android.graphics.HardwareRenderer$FrameDrawingCallback.onFrameDraw:924 
10-10 00:45:34.931 14771 14771 D SurfaceView@af40747: updateSurface: has no frame
10-10 00:45:34.947 14771 14771 D SurfaceView@af40747: updateSurface: has no frame
10-10 00:45:34.962 14771 14771 D SurfaceView@af40747: updateSurface: has no frame
10-10 00:45:34.978 14771 14771 D SurfaceView@af40747: updateSurface: has no frame
10-10 00:45:34.995 14771 14771 D SurfaceView@af40747: updateSurface: has no frame
10-10 00:45:35.012 14771 14771 D SurfaceView@af40747: updateSurface: has no frame
10-10 00:45:35.029 14771 14771 D SurfaceView@af40747: updateSurface: has no frame
10-10 00:45:35.045 14771 14771 D SurfaceView@af40747: updateSurface: has no frame
10-10 00:45:35.063 14771 14771 D SurfaceView@af40747: updateSurface: has no frame
10-10 00:45:35.080 14771 14771 D SurfaceView@af40747: updateSurface: has no frame
10-10 00:45:35.096 14771 14771 D SurfaceView@af40747: updateSurface: has no frame
10-10 00:45:35.113 14771 14771 D SurfaceView@af40747: updateSurface: has no frame
10-10 00:45:35.129 14771 14771 D SurfaceView@af40747: updateSurface: has no frame
10-10 00:45:35.148 14771 14771 D SurfaceView@af40747: updateSurface: has no frame
10-10 00:45:35.166 14771 14771 D SurfaceView@af40747: updateSurface: has no frame
10-10 00:45:35.183 14771 14771 D SurfaceView@af40747: updateSurface: has no frame
10-10 00:45:35.196 14771 14771 D SurfaceView@af40747: updateSurface: has no frame
10-10 00:45:35.212 14771 14771 D SurfaceView@af40747: updateSurface: has no frame
10-10 00:45:35.229 14771 14771 D SurfaceView@af40747: updateSurface: has no frame
10-10 00:45:35.245 14771 14771 D SurfaceView@af40747: updateSurface: has no frame
10-10 00:45:35.251 14771 14829 I RVM2    : applyMeta
10-10 00:45:35.258 14771 14771 W PanelsChildGestureRegionObserver: failed to register view with ID 2131362800. already registered
10-10 00:45:35.261 14771 14771 E CoilImgLoader: Error loading image: coil3.request.NullRequestDataException: The request's data is null.
10-10 00:45:35.267 14771 14771 E CoilImgLoader: Error loading image: coil3.request.NullRequestDataException: The request's data is null.
10-10 00:45:35.307 14771 14822 I SYNCVM  : addFromUrl = https://tv6.egydead.live/%d9%85%d8%b4%d8%a7%d9%87%d8%af%d8%a9-%d9%81%d9%8a%d9%84%d9%85-baban-baban-ban-vampire-2025-%d9%85%d8%aa%d8%b1%d8%ac%d9%85/
10-10 00:45:35.308 14771 14822 I SYNCUTIL: getIdsFromUrl https://tv6.egydead.live/%d9%85%d8%b4%d8%a7%d9%87%d8%af%d8%a9-%d9%81%d9%8a%d9%84%d9%85-baban-baban-ban-vampire-2025-%d9%85%d8%aa%d8%b1%d8%ac%d9%85/
10-10 00:45:35.322 14771 14771 D SurfaceView@af40747: updateSurface: has no frame
10-10 00:45:35.323 14771 14771 I SurfaceView@af40747: Changes: creating=true format=true size=true visible=true alpha=false hint=false mUseAlpha=false visible=true left=true top=true
10-10 00:45:35.325 14771 14771 I BLASTBufferQueue: update, w= 1080 h= 525 mName = null mNativeObject= 0x7b2cebbc00 sc.mNativeObject= 0x7b168daea0 format= 4 caller= android.view.SurfaceView.createBlastSurfaceControls:1383 android.view.SurfaceView.updateSurface:1079 android.view.SurfaceView.lambda$new$0$android-view-SurfaceView:200 android.view.SurfaceView$$ExternalSyntheticLambda5.onPreDraw:2 android.view.ViewTreeObserver.dispatchOnPreDraw:1121 android.view.ViewRootImpl.performTraversals:4442 
10-10 00:45:35.326 14771 14771 I SurfaceView@af40747: 183764807 Cur surface: Surface(name=null)/@0x577625e
10-10 00:45:35.326 14771 14771 I SurfaceView@af40747: pST: sr = Rect(0, 218 - 1080, 743) sw = 1080 sh = 525
10-10 00:45:35.326 14771 14771 D SurfaceView@af40747: performSurfaceTransaction RenderWorker position = [0, 218, 1080, 743] surfaceSize = 1080x525
10-10 00:45:35.326 14771 14771 I SurfaceView@af40747: applyTransactionOnVriDraw: vri = ViewRootImpl@e892618[MainActivity] fRS = false t = 0x7b5f6f0500 android.view.SurfaceView.performSurfaceTransaction:959 android.view.SurfaceView.updateSurface:1105 android.view.SurfaceView.lambda$new$0$android-view-SurfaceView:200 
10-10 00:45:35.326 14771 14771 I ViewRootImpl@e892618[MainActivity]: applyTransactionOnDraw: mRemoved = false isHardwareEnabled = true t = 0x7b5f6f0500android.view.SurfaceView.applyTransactionOnVriDraw:2048 android.view.SurfaceView.performSurfaceTransaction:959 android.view.SurfaceView.updateSurface:1105 android.view.SurfaceView.lambda$new$0$android-view-SurfaceView:200 android.view.SurfaceView$$ExternalSyntheticLambda5.onPreDraw:2 
10-10 00:45:35.327 14771 14771 I SurfaceView@af40747: updateSurface: mVisible = true mSurface.isValid() = true
10-10 00:45:35.327 14771 14771 I SurfaceView@af40747: updateSurface: mSurfaceCreated = false surfaceChanged = true visibleChanged = true
10-10 00:45:35.327 14771 14771 I SurfaceView@af40747: visibleChanged -- surfaceCreated
10-10 00:45:35.327 14771 14771 I SurfaceView@af40747: surfaceCreated 0 #8 android.view.SurfaceView{af40747 V.E..V... ......ID 0,0-1080,525}
10-10 00:45:35.327 14771 14771 I SurfaceView@af40747: surfaceChanged -- format=4 w=1080 h=525
10-10 00:45:35.327 14771 14771 I SurfaceView@af40747: surfaceChanged (1080,525) 0 #8 android.view.SurfaceView{af40747 V.E..V... ......ID 0,0-1080,525}
10-10 00:45:35.327 14771 14771 I SurfaceView@af40747: surfaceRedrawNeeded
10-10 00:45:35.327 14771 14771 V SurfaceView@af40747: Layout: x=0 y=218 w=1080 h=525, frame=Rect(0, 0 - 1080, 525)
10-10 00:45:35.339 14771 14868 D SurfaceView@af40747: updateSurfacePosition RenderWorker, frameNr = 767, position = [0, 218, 1080, 743] surfaceSize = 1080x525
10-10 00:45:35.339 14771 14868 I SurfaceView@af40747: uSP: rtp = Rect(0, 218 - 1080, 743) rtsw = 1080 rtsh = 525
10-10 00:45:35.339 14771 14868 I SurfaceView@af40747: onSSPAndSRT: pl = 0 pt = 218 sx = 1.0 sy = 1.0
10-10 00:45:35.339 14771 14868 I SurfaceView@af40747: aOrMT: ViewRootImpl@e892618[MainActivity] t = android.view.SurfaceControl$Transaction@5e5775b fN = 767 android.view.SurfaceView.-$$Nest$mapplyOrMergeTransaction:0 android.view.SurfaceView$SurfaceViewPositionUpdateListener.positionChanged:1537 android.graphics.RenderNode$CompositePositionUpdateListener.positionChanged:373 
10-10 00:45:35.340 14771 14868 I ViewRootImpl@e892618[MainActivity]: mWNT: t=0x7b168a5a00 mBlastBufferQueue=0x7b49da4600 fn= 767 caller= android.view.SurfaceView.applyOrMergeTransaction:1455 android.view.SurfaceView.-$$Nest$mapplyOrMergeTransaction:0 android.view.SurfaceView$SurfaceViewPositionUpdateListener.positionChanged:1537 
10-10 00:45:35.340 14771 14868 I ViewRootImpl@e892618[MainActivity]: mWNT: t=0x7b5f6f0500 mBlastBufferQueue=0x7b49da4600 fn= 767 caller= android.view.ViewRootImpl.lambda$applyTransactionOnDraw$11$android-view-ViewRootImpl:12865 android.view.ViewRootImpl$$ExternalSyntheticLambda1.onFrameDraw:4 android.graphics.HardwareRenderer$FrameDrawingCallback.onFrameDraw:924 
10-10 00:45:35.342 14771 14771 I SurfaceView@af40747: finishedDrawing
10-10 00:45:36.122 14771 14771 I ViewRootImpl@e892618[MainActivity]: ViewPostIme pointer 0
10-10 00:45:36.661 14771 14771 I Dialog  : mIsDeviceDefault = false, mIsSamsungBasicInteraction = false, isMetaDataInActivity = false
10-10 00:45:36.696 14771 14771 I DecorView: [INFO] isPopOver=false config=false
10-10 00:45:36.696 14771 14771 I DecorView: updateCaptionType: isFloating=false isApplication=true hasWindowDecorCaption=false this=DecorView@90e5672[]
10-10 00:45:36.696 14771 14771 D DecorView: setCaptionType = 0, this = DecorView@90e5672[]
10-10 00:45:36.698 14771 14771 I DecorView: getCurrentDensityDpi: from app context. densityDpi=420 msg=resources_loaded
10-10 00:45:36.698 14771 14771 I DecorView: setWindowBackground: isPopOver=false color=0 d=android.graphics.drawable.ColorDrawable@2e21f40
10-10 00:45:36.706 14771 14793 D NativeCustomFrequencyManager: [NativeCFMS] BpCustomFrequencyManager::BpCustomFrequencyManager()
10-10 00:45:36.707 14771 14771 I DecorView: notifyKeepScreenOnChanged: keepScreenOn=false
10-10 00:45:36.721 14771 14771 D InsetsController: onStateChanged: InsetsState: {mDisplayFrame=Rect(0, 0 - 1080, 2400), mDisplayCutout=DisplayCutout{insets=Rect(0, 88 - 0, 0) waterfall=Insets{left=0, top=0, right=0, bottom=0} boundingRect={Bounds=[Rect(0, 0 - 0, 0), Rect(512, 0 - 568, 88), Rect(0, 0 - 0, 0), Rect(0, 0 - 0, 0)]} cutoutPathParserInfo={CutoutPathParserInfo{displayWidth=1080 displayHeight=2400 physicalDisplayWidth=1080 physicalDisplayHeight=2400 density={2.625} cutoutSpec={M 0,0 M 0,12.25101276465640 a 10.60613009248640,10.60613009248640 0 1,0 0,21.21226018497290 a 10.60613009248640,10.60613009248640 0 1,0 0,-21.21226018497290 Z @dp} rotation={0} scale={1.0} physicalPixelDisplaySizeRatio={1.0}}}}, mRoundedCorners=RoundedCorners{[RoundedCorner{position=TopLeft, radius=84, center=Point(84, 84)}, RoundedCorner{position=TopRight, radius=84, center=Point(996, 84)}, RoundedCorner{position=BottomRight, radius=84, center=Point(996, 2316)}, RoundedCorner{position=BottomLeft, radius=84, center=Point(84, 2316)}]}  mRoundedCornerFrame=Rect(0, 0 - 1080, 2400), mPrivacyIndicatorBounds=PrivacyIndicatorBounds {static bounds=Rect(964, 0 - 1080, 87) rotation=0}, mSources= { InsetsSource: {mType=ITYPE_STATUS_BAR, mFrame=[0,0][1080,88], mVisible=true, mInsetsRoundedCornerFrame=false}, InsetsSource: {mType=ITYPE_NAVIGATION_BAR, mFrame=[0,2361][1080,2400], mVisible=true, mInsetsRoundedCornerFrame=false}, InsetsSource: {mType=ITYPE_LEFT_GESTURES, mFrame=[0,0][130,2400], mVisible=true, mInsetsRoundedCornerFrame=false}, InsetsSource: {mType=ITYPE_RIGHT_GESTURES, mFrame=[950,0][1080,2400], mVisible=true, mInsetsRoundedCornerFrame=false}, InsetsSource: {mType=ITYPE_TOP_MANDATORY_GESTURES, mFrame=[0,0][1080,120], mVisible=true, mInsetsRoundedCornerFrame=false}, InsetsSource: {mType=ITYPE_BOTTOM_MANDATORY_GESTURES, mFrame=[0,2316][1080,2400], mVisible=true, mInsetsRoundedCornerFrame=false}, InsetsSource: {mType=ITYPE_LEFT_DISPLAY_CUTOUT, mFrame=[0,0][-100000,2400], mVisible=true, mInsetsRoundedCornerFrame=false}, InsetsSource: {mType=ITYPE_TOP_DISPLAY_CUTOUT, mFrame=[0,0][1080,88], mVisible=true, mInsetsRoundedCornerFrame=false}, InsetsSource: {mType=ITYPE_RIGHT_DISPLAY_CUTOUT, mFrame=[100000,0][1080,2400], mVisible=true, mInsetsRoundedCornerFrame=false}, InsetsSource: {mType=ITYPE_BOTTOM_DISPLAY_CUTOUT, mFrame=[0,100000][1080,2400], mVisible=true, mInsetsRoundedCornerFrame=false}, InsetsSource: {mType=ITYPE_TOP_TAPPABLE_ELEMENT, mFrame=[0,0][1080,88], mVisible=true, mInsetsRoundedCornerFrame=false}, InsetsSource: {mType=ITYPE_BOTTOM_TAPPABLE_ELEMENT, mFrame=[0,0][0,0], mVisible=true, mInsetsRoundedCornerFrame=false}, InsetsSource: {mType=ITYPE_IME, mFrame=[0,0][0,0], mVisibleFrame=[0,1409][1080,2400], mVisible=false, mInsetsRoundedCornerFrame=false} } host=com.lagradost.cloudstream3/com.lagradost.cloudstream3.MainActivity from=android.view.ViewRootImpl.setView:1732
10-10 00:45:36.722 14771 14771 I ViewRootImpl@92b03b1[MainActivity]: setView = com.android.internal.policy.DecorView@90e5672 TM=true
10-10 00:45:36.736 14771 14771 I ViewRootImpl@92b03b1[MainActivity]: performTraversals params={(0,0)(fillxfill) gr=CENTER sim={adjust=resize forwardNavigation} ty=APPLICATION fmt=TRANSPARENT wanim=0x7f14000b
10-10 00:45:36.736 14771 14771 I ViewRootImpl@92b03b1[MainActivity]:   fl=85810100
10-10 00:45:36.736 14771 14771 I ViewRootImpl@92b03b1[MainActivity]:   pfl=12020040
10-10 00:45:36.736 14771 14771 I ViewRootImpl@92b03b1[MainActivity]:   vsysui=500
10-10 00:45:36.736 14771 14771 I ViewRootImpl@92b03b1[MainActivity]:   bhv=DEFAULT
10-10 00:45:36.736 14771 14771 I ViewRootImpl@92b03b1[MainActivity]:   fitSides= naviIconColor=0}
10-10 00:45:36.736 14771 14771 I ViewRootImpl@92b03b1[MainActivity]: performTraversals mFirst=true windowShouldResize=true viewVisibilityChanged=false mForceNextWindowRelayout=false params={(0,0)(fillxfill) gr=CENTER sim={adjust=resize forwardNavigation} ty=APPLICATION fmt=TRANSPARENT wanim=0x7f14000b
10-10 00:45:36.736 14771 14771 I ViewRootImpl@92b03b1[MainActivity]:   fl=85810100
10-10 00:45:36.736 14771 14771 I ViewRootImpl@92b03b1[MainActivity]:   pfl=12020040
10-10 00:45:36.736 14771 14771 I ViewRootImpl@92b03b1[MainActivity]:   vsysui=500
10-10 00:45:36.736 14771 14771 I ViewRootImpl@92b03b1[MainActivity]:   bhv=DEFAULT
10-10 00:45:36.736 14771 14771 I ViewRootImpl@92b03b1[MainActivity]:   fitSides= naviIconColor=0}
10-10 00:45:36.749 14771 14771 I ViewRootImpl@92b03b1[MainActivity]: updateBlastSurfaceIfNeeded mBlastBufferQueue=null isSameSurfaceControl=false
10-10 00:45:36.751 14771 14771 I BLASTBufferQueue: new BLASTBufferQueue, mName= ViewRootImpl@92b03b1[MainActivity] mNativeObject= 0x7b2cebbf00 sc.mNativeObject= 0x7b168dd240 caller= android.view.ViewRootImpl.updateBlastSurfaceIfNeeded:2909 android.view.ViewRootImpl.relayoutWindow:9847 android.view.ViewRootImpl.performTraversals:3884 android.view.ViewRootImpl.doTraversal:3116 android.view.ViewRootImpl$TraversalRunnable.run:10885 android.view.Choreographer$CallbackRecord.run:1301 android.view.Choreographer$CallbackRecord.run:1309 android.view.Choreographer.doCallbacks:923 android.view.Choreographer.doFrame:852 android.view.Choreographer$FrameDisplayEventReceiver.run:1283 
10-10 00:45:36.751 14771 14771 I BLASTBufferQueue: update, w= 1080 h= 2400 mName = ViewRootImpl@92b03b1[MainActivity] mNativeObject= 0x7b2cebbf00 sc.mNativeObject= 0x7b168dd240 format= -2 caller= android.graphics.BLASTBufferQueue.<init>:84 android.view.ViewRootImpl.updateBlastSurfaceIfNeeded:2909 android.view.ViewRootImpl.relayoutWindow:9847 android.view.ViewRootImpl.performTraversals:3884 android.view.ViewRootImpl.doTraversal:3116 android.view.ViewRootImpl$TraversalRunnable.run:10885 
10-10 00:45:36.752 14771 14771 I ViewRootImpl@92b03b1[MainActivity]: Relayout returned: old=(0,0,1080,2400) new=(0,0,1080,2400) req=(1080,2400)0 dur=12 res=0x3 s={true 0x7b79e65000} ch=true seqId=0
10-10 00:45:36.753 14771 14771 I ViewRootImpl@92b03b1[MainActivity]: mThreadedRenderer.initialize() mSurface={isValid=true 0x7b79e65000} hwInitialized=true
10-10 00:45:36.754 14771 14793 D OpenGLRenderer: eglCreateWindowSurface
10-10 00:45:36.774 14771 14771 D AbsListView:  in onLayout changed 
10-10 00:45:36.776 14771 14771 I ViewRootImpl@92b03b1[MainActivity]: reportNextDraw android.view.ViewRootImpl.performTraversals:4438 android.view.ViewRootImpl.doTraversal:3116 android.view.ViewRootImpl$TraversalRunnable.run:10885 android.view.Choreographer$CallbackRecord.run:1301 android.view.Choreographer$CallbackRecord.run:1309 
10-10 00:45:36.776 14771 14771 I ViewRootImpl@92b03b1[MainActivity]: Setup new sync id=0
10-10 00:45:36.776 14771 14771 I ViewRootImpl@92b03b1[MainActivity]: Setting syncFrameCallback
10-10 00:45:36.776 14771 14771 I ViewRootImpl@92b03b1[MainActivity]: registerCallbacksForSync syncBuffer=false
10-10 00:45:36.779 14771 14867 I ViewRootImpl@92b03b1[MainActivity]: Received frameDrawingCallback syncResult=0 frameNum=1.
10-10 00:45:36.780 14771 14867 I ViewRootImpl@92b03b1[MainActivity]: Setting up sync and frameCommitCallback
10-10 00:45:36.785 14771 14793 I BLASTBufferQueue: [ViewRootImpl@92b03b1[MainActivity]#11](f:0,a:0) onFrameAvailable the first frame is available
10-10 00:45:36.788 14771 14793 I ViewRootImpl@92b03b1[MainActivity]: Received frameCommittedCallback lastAttemptedDrawFrameNum=1 didProduceBuffer=true
10-10 00:45:36.790 14771 14793 D OpenGLRenderer: CFMS:: SetUp Pid : 14771    Tid : 14793
10-10 00:45:36.797 14771 14771 I ViewRootImpl@92b03b1[MainActivity]: onSyncComplete
10-10 00:45:36.798 14771 14771 I ViewRootImpl@92b03b1[MainActivity]: setupSync seqId=0 mSyncId=0 fn=1 caller=android.view.ViewRootImpl$$ExternalSyntheticLambda11.accept:6 android.window.SurfaceSyncer.lambda$setupSync$1$android-window-SurfaceSyncer:128 android.window.SurfaceSyncer$$ExternalSyntheticLambda1.accept:8 android.window.SurfaceSyncer$SyncSet.checkIfSyncIsComplete:382 android.window.SurfaceSyncer$SyncSet.markSyncReady:359 android.window.SurfaceSyncer.markSyncReady:151 android.view.ViewRootImpl.performTraversals:4503 
10-10 00:45:36.799 14771 14771 I ViewRootImpl@e892618[MainActivity]: ViewPostIme pointer 1
10-10 00:45:36.799 14771 14771 I ViewRootImpl@92b03b1[MainActivity]: reportDrawFinished seqId=0 mSyncId=-1 fn=1 mSurfaceChangedTransaction=0x7b0a3dba00
10-10 00:45:36.803 14771 14771 I ViewRootImpl@e892618[MainActivity]: MSG_WINDOW_FOCUS_CHANGED 0 0
10-10 00:45:36.863 14771 14771 I ViewRootImpl@92b03b1[MainActivity]: MSG_WINDOW_FOCUS_CHANGED 1 0
10-10 00:45:36.863 14771 14771 I ViewRootImpl@92b03b1[MainActivity]: mThreadedRenderer.initializeIfNeeded()#2 mSurface={isValid=true 0x7b79e65000}
10-10 00:45:36.864 14771 14771 D InputMethodManager: startInputInner - Id : 0
10-10 00:45:36.864 14771 14771 I InputMethodManager: startInputInner - mService.startInputOrWindowGainedFocus
10-10 00:45:37.557 14771 14788 W st.cloudstream3: Checksum mismatch for dex EgyDead.-124080901.cs3
10-10 00:45:37.557 14771 14788 W st.cloudstream3: Could not add methods to the existing profiler. Clearing the profile data.
10-10 00:45:37.625 14771 14788 W st.cloudstream3: Failed to flush directory /data/misc/profiles/cur/0/com.lagradost.cloudstream3: Permission denied
10-10 00:45:37.771 14771 14771 I ViewRootImpl@92b03b1[MainActivity]: ViewPostIme pointer 0
10-10 00:45:37.861 14771 14771 I ViewRootImpl@92b03b1[MainActivity]: ViewPostIme pointer 1
10-10 00:45:37.862 14771 14771 D AbsListView: onTouchUp() mTouchMode : 0
10-10 00:45:37.934 14771 14823 D EgyDead : Loading links for URL: https://tv6.egydead.live/%d9%85%d8%b4%d8%a7%d9%87%d8%af%d8%a9-%d9%81%d9%8a%d9%84%d9%85-baban-baban-ban-vampire-2025-%d9%85%d8%aa%d8%b1%d8%ac%d9%85/
10-10 00:45:37.935 14771 14771 I MSHandlerLifeCycle: removeMultiSplitHandler: no exist. decor=DecorView@90e5672[MainActivity]
10-10 00:45:37.936 14771 14793 D OpenGLRenderer: setSurface called with nullptr
10-10 00:45:37.936 14771 14793 D OpenGLRenderer: setSurface() destroyed EGLSurface
10-10 00:45:37.936 14771 14793 D OpenGLRenderer: destroyEglSurface
10-10 00:45:37.939 14771 14793 D OpenGLRenderer: endAllActiveAnimators on 0x7ae44c0700 (MaterialTextView) with handle 0x7b2cd00c40
10-10 00:45:37.939 14771 14771 I ViewRootImpl@92b03b1[MainActivity]: dispatchDetachedFromWindow
10-10 00:45:37.962 14771 14771 D InputTransport: Input channel destroyed: '9a16eb8', fd=147
10-10 00:45:37.964 14771 14771 I Dialog  : mIsDeviceDefault = false, mIsSamsungBasicInteraction = false, isMetaDataInActivity = false
10-10 00:45:38.010 14771 14771 I DecorView: [INFO] isPopOver=false config=false
10-10 00:45:38.010 14771 14771 I DecorView: updateCaptionType: isFloating=false isApplication=true hasWindowDecorCaption=false this=DecorView@f5b27e8[]
10-10 00:45:38.010 14771 14771 D DecorView: setCaptionType = 0, this = DecorView@f5b27e8[]
10-10 00:45:38.012 14771 14771 I DecorView: getCurrentDensityDpi: from app context. densityDpi=420 msg=resources_loaded
10-10 00:45:38.012 14771 14771 I DecorView: setWindowBackground: isPopOver=false color=0 d=android.graphics.drawable.ColorDrawable@71104a6
10-10 00:45:38.020 14771 14793 D NativeCustomFrequencyManager: [NativeCFMS] BpCustomFrequencyManager::BpCustomFrequencyManager()
10-10 00:45:38.021 14771 14771 I DecorView: notifyKeepScreenOnChanged: keepScreenOn=false
10-10 00:45:38.034 14771 14771 D InsetsController: onStateChanged: InsetsState: {mDisplayFrame=Rect(0, 0 - 1080, 2400), mDisplayCutout=DisplayCutout{insets=Rect(0, 88 - 0, 0) waterfall=Insets{left=0, top=0, right=0, bottom=0} boundingRect={Bounds=[Rect(0, 0 - 0, 0), Rect(512, 0 - 568, 88), Rect(0, 0 - 0, 0), Rect(0, 0 - 0, 0)]} cutoutPathParserInfo={CutoutPathParserInfo{displayWidth=1080 displayHeight=2400 physicalDisplayWidth=1080 physicalDisplayHeight=2400 density={2.625} cutoutSpec={M 0,0 M 0,12.25101276465640 a 10.60613009248640,10.60613009248640 0 1,0 0,21.21226018497290 a 10.60613009248640,10.60613009248640 0 1,0 0,-21.21226018497290 Z @dp} rotation={0} scale={1.0} physicalPixelDisplaySizeRatio={1.0}}}}, mRoundedCorners=RoundedCorners{[RoundedCorner{position=TopLeft, radius=84, center=Point(84, 84)}, RoundedCorner{position=TopRight, radius=84, center=Point(996, 84)}, RoundedCorner{position=BottomRight, radius=84, center=Point(996, 2316)}, RoundedCorner{position=BottomLeft, radius=84, center=Point(84, 2316)}]}  mRoundedCornerFrame=Rect(0, 0 - 1080, 2400), mPrivacyIndicatorBounds=PrivacyIndicatorBounds {static bounds=Rect(964, 0 - 1080, 87) rotation=0}, mSources= { InsetsSource: {mType=ITYPE_STATUS_BAR, mFrame=[0,0][1080,88], mVisible=true, mInsetsRoundedCornerFrame=false}, InsetsSource: {mType=ITYPE_NAVIGATION_BAR, mFrame=[0,2361][1080,2400], mVisible=true, mInsetsRoundedCornerFrame=false}, InsetsSource: {mType=ITYPE_LEFT_GESTURES, mFrame=[0,0][130,2400], mVisible=true, mInsetsRoundedCornerFrame=false}, InsetsSource: {mType=ITYPE_RIGHT_GESTURES, mFrame=[950,0][1080,2400], mVisible=true, mInsetsRoundedCornerFrame=false}, InsetsSource: {mType=ITYPE_TOP_MANDATORY_GESTURES, mFrame=[0,0][1080,120], mVisible=true, mInsetsRoundedCornerFrame=false}, InsetsSource: {mType=ITYPE_BOTTOM_MANDATORY_GESTURES, mFrame=[0,2316][1080,2400], mVisible=true, mInsetsRoundedCornerFrame=false}, InsetsSource: {mType=ITYPE_LEFT_DISPLAY_CUTOUT, mFrame=[0,0][-100000,2400], mVisible=true, mInsetsRoundedCornerFrame=false}, InsetsSource: {mType=ITYPE_TOP_DISPLAY_CUTOUT, mFrame=[0,0][1080,88], mVisible=true, mInsetsRoundedCornerFrame=false}, InsetsSource: {mType=ITYPE_RIGHT_DISPLAY_CUTOUT, mFrame=[100000,0][1080,2400], mVisible=true, mInsetsRoundedCornerFrame=false}, InsetsSource: {mType=ITYPE_BOTTOM_DISPLAY_CUTOUT, mFrame=[0,100000][1080,2400], mVisible=true, mInsetsRoundedCornerFrame=false}, InsetsSource: {mType=ITYPE_TOP_TAPPABLE_ELEMENT, mFrame=[0,0][1080,88], mVisible=true, mInsetsRoundedCornerFrame=false}, InsetsSource: {mType=ITYPE_BOTTOM_TAPPABLE_ELEMENT, mFrame=[0,0][0,0], mVisible=true, mInsetsRoundedCornerFrame=false}, InsetsSource: {mType=ITYPE_IME, mFrame=[0,0][0,0], mVisibleFrame=[0,1409][1080,2400], mVisible=false, mInsetsRoundedCornerFrame=false} } host=com.lagradost.cloudstream3/com.lagradost.cloudstream3.MainActivity from=android.view.ViewRootImpl.setView:1732
10-10 00:45:38.035 14771 14771 I ViewRootImpl@e99a3df[MainActivity]: setView = com.android.internal.policy.DecorView@f5b27e8 TM=true
10-10 00:45:38.041 14771 14771 I ViewRootImpl@e99a3df[MainActivity]: performTraversals params={(0,0)(fillxfill) gr=CENTER sim={adjust=resize forwardNavigation} ty=APPLICATION fmt=TRANSPARENT wanim=0x7f14000b
10-10 00:45:38.041 14771 14771 I ViewRootImpl@e99a3df[MainActivity]:   fl=85810100
10-10 00:45:38.041 14771 14771 I ViewRootImpl@e99a3df[MainActivity]:   pfl=12020040
10-10 00:45:38.041 14771 14771 I ViewRootImpl@e99a3df[MainActivity]:   vsysui=500
10-10 00:45:38.041 14771 14771 I ViewRootImpl@e99a3df[MainActivity]:   bhv=DEFAULT
10-10 00:45:38.041 14771 14771 I ViewRootImpl@e99a3df[MainActivity]:   fitSides= naviIconColor=0}
10-10 00:45:38.042 14771 14771 I ViewRootImpl@e99a3df[MainActivity]: performTraversals mFirst=true windowShouldResize=true viewVisibilityChanged=false mForceNextWindowRelayout=false params={(0,0)(fillxfill) gr=CENTER sim={adjust=resize forwardNavigation} ty=APPLICATION fmt=TRANSPARENT wanim=0x7f14000b
10-10 00:45:38.042 14771 14771 I ViewRootImpl@e99a3df[MainActivity]:   fl=85810100
10-10 00:45:38.042 14771 14771 I ViewRootImpl@e99a3df[MainActivity]:   pfl=12020040
10-10 00:45:38.042 14771 14771 I ViewRootImpl@e99a3df[MainActivity]:   vsysui=500
10-10 00:45:38.042 14771 14771 I ViewRootImpl@e99a3df[MainActivity]:   bhv=DEFAULT
10-10 00:45:38.042 14771 14771 I ViewRootImpl@e99a3df[MainActivity]:   fitSides= naviIconColor=0}
10-10 00:45:38.056 14771 14771 I ViewRootImpl@e99a3df[MainActivity]: updateBlastSurfaceIfNeeded mBlastBufferQueue=null isSameSurfaceControl=false
10-10 00:45:38.057 14771 14771 I BLASTBufferQueue: new BLASTBufferQueue, mName= ViewRootImpl@e99a3df[MainActivity] mNativeObject= 0x7b2cebd100 sc.mNativeObject= 0x7b7a09cec0 caller= android.view.ViewRootImpl.updateBlastSurfaceIfNeeded:2909 android.view.ViewRootImpl.relayoutWindow:9847 android.view.ViewRootImpl.performTraversals:3884 android.view.ViewRootImpl.doTraversal:3116 android.view.ViewRootImpl$TraversalRunnable.run:10885 android.view.Choreographer$CallbackRecord.run:1301 android.view.Choreographer$CallbackRecord.run:1309 android.view.Choreographer.doCallbacks:923 android.view.Choreographer.doFrame:852 android.view.Choreographer$FrameDisplayEventReceiver.run:1283 
10-10 00:45:38.057 14771 14771 I BLASTBufferQueue: update, w= 1080 h= 2400 mName = ViewRootImpl@e99a3df[MainActivity] mNativeObject= 0x7b2cebd100 sc.mNativeObject= 0x7b7a09cec0 format= -2 caller= android.graphics.BLASTBufferQueue.<init>:84 android.view.ViewRootImpl.updateBlastSurfaceIfNeeded:2909 android.view.ViewRootImpl.relayoutWindow:9847 android.view.ViewRootImpl.performTraversals:3884 android.view.ViewRootImpl.doTraversal:3116 android.view.ViewRootImpl$TraversalRunnable.run:10885 
10-10 00:45:38.057 14771 14771 I ViewRootImpl@e99a3df[MainActivity]: Relayout returned: old=(0,0,1080,2400) new=(0,0,1080,2400) req=(1080,2400)0 dur=14 res=0x3 s={true 0x7b79e65000} ch=true seqId=0
10-10 00:45:38.058 14771 14771 I ViewRootImpl@e99a3df[MainActivity]: mThreadedRenderer.initialize() mSurface={isValid=true 0x7b79e65000} hwInitialized=true
10-10 00:45:38.059 14771 14793 D OpenGLRenderer: eglCreateWindowSurface
10-10 00:45:38.062 14771 14771 I ViewRootImpl@e99a3df[MainActivity]: reportNextDraw android.view.ViewRootImpl.performTraversals:4438 android.view.ViewRootImpl.doTraversal:3116 android.view.ViewRootImpl$TraversalRunnable.run:10885 android.view.Choreographer$CallbackRecord.run:1301 android.view.Choreographer$CallbackRecord.run:1309 
10-10 00:45:38.063 14771 14771 I ViewRootImpl@e99a3df[MainActivity]: Setup new sync id=0
10-10 00:45:38.063 14771 14771 I ViewRootImpl@e99a3df[MainActivity]: Setting syncFrameCallback
10-10 00:45:38.063 14771 14771 I ViewRootImpl@e99a3df[MainActivity]: registerCallbacksForSync syncBuffer=false
10-10 00:45:38.065 14771 14868 I ViewRootImpl@e99a3df[MainActivity]: Received frameDrawingCallback syncResult=0 frameNum=1.
10-10 00:45:38.066 14771 14868 I ViewRootImpl@e99a3df[MainActivity]: Setting up sync and frameCommitCallback
10-10 00:45:38.072 14771 14793 I BLASTBufferQueue: [ViewRootImpl@e99a3df[MainActivity]#12](f:0,a:0) onFrameAvailable the first frame is available
10-10 00:45:38.074 14771 14793 I ViewRootImpl@e99a3df[MainActivity]: Received frameCommittedCallback lastAttemptedDrawFrameNum=1 didProduceBuffer=true
10-10 00:45:38.076 14771 14793 D OpenGLRenderer: CFMS:: SetUp Pid : 14771    Tid : 14793
10-10 00:45:38.081 14771 14771 I ViewRootImpl@e99a3df[MainActivity]: onSyncComplete
10-10 00:45:38.081 14771 14771 I ViewRootImpl@e99a3df[MainActivity]: setupSync seqId=0 mSyncId=0 fn=1 caller=android.view.ViewRootImpl$$ExternalSyntheticLambda11.accept:6 android.window.SurfaceSyncer.lambda$setupSync$1$android-window-SurfaceSyncer:128 android.window.SurfaceSyncer$$ExternalSyntheticLambda1.accept:8 android.window.SurfaceSyncer$SyncSet.checkIfSyncIsComplete:382 android.window.SurfaceSyncer$SyncSet.markSyncReady:359 android.window.SurfaceSyncer.markSyncReady:151 android.view.ViewRootImpl.performTraversals:4503 
10-10 00:45:38.082 14771 14771 I ViewRootImpl@e99a3df[MainActivity]: reportDrawFinished seqId=0 mSyncId=-1 fn=1 mSurfaceChangedTransaction=0x7b162bc900
10-10 00:45:38.082 14771 14771 D InsetsController: onStateChanged: InsetsState: {mDisplayFrame=Rect(0, 0 - 1080, 2400), mDisplayCutout=DisplayCutout{insets=Rect(0, 88 - 0, 0) waterfall=Insets{left=0, top=0, right=0, bottom=0} boundingRect={Bounds=[Rect(0, 0 - 0, 0), Rect(512, 0 - 568, 88), Rect(0, 0 - 0, 0), Rect(0, 0 - 0, 0)]} cutoutPathParserInfo={CutoutPathParserInfo{displayWidth=1080 displayHeight=2400 physicalDisplayWidth=1080 physicalDisplayHeight=2400 density={2.625} cutoutSpec={M 0,0 M 0,12.25101276465640 a 10.60613009248640,10.60613009248640 0 1,0 0,21.21226018497290 a 10.60613009248640,10.60613009248640 0 1,0 0,-21.21226018497290 Z @dp} rotation={0} scale={1.0} physicalPixelDisplaySizeRatio={1.0}}}}, mRoundedCorners=RoundedCorners{[RoundedCorner{position=TopLeft, radius=84, center=Point(84, 84)}, RoundedCorner{position=TopRight, radius=84, center=Point(996, 84)}, RoundedCorner{position=BottomRight, radius=84, center=Point(996, 2316)}, RoundedCorner{position=BottomLeft, radius=84, center=Point(84, 2316)}]}  mRoundedCornerFrame=Rect(0, 0 - 1080, 2400), mPrivacyIndicatorBounds=PrivacyIndicatorBounds {static bounds=Rect(964, 0 - 1080, 87) rotation=0}, mSources= { InsetsSource: {mType=ITYPE_STATUS_BAR, mFrame=[0,0][1080,88], mVisible=true, mInsetsRoundedCornerFrame=false}, InsetsSource: {mType=ITYPE_NAVIGATION_BAR, mFrame=[0,2361][1080,2400], mVisible=true, mInsetsRoundedCornerFrame=false}, InsetsSource: {mType=ITYPE_LEFT_GESTURES, mFrame=[0,0][130,2400], mVisible=true, mInsetsRoundedCornerFrame=false}, InsetsSource: {mType=ITYPE_RIGHT_GESTURES, mFrame=[950,0][1080,2400], mVisible=true, mInsetsRoundedCornerFrame=false}, InsetsSource: {mType=ITYPE_TOP_MANDATORY_GESTURES, mFrame=[0,0][1080,120], mVisible=true, mInsetsRoundedCornerFrame=false}, InsetsSource: {mType=ITYPE_BOTTOM_MANDATORY_GESTURES, mFrame=[0,2316][1080,2400], mVisible=true, mInsetsRoundedCornerFrame=false}, InsetsSource: {mType=ITYPE_LEFT_DISPLAY_CUTOUT, mFrame=[0,0][-100000,2400], mVisible=true, mInsetsRoundedCornerFrame=false}, InsetsSource: {mType=ITYPE_TOP_DISPLAY_CUTOUT, mFrame=[0,0][1080,88], mVisible=true, mInsetsRoundedCornerFrame=false}, InsetsSource: {mType=ITYPE_RIGHT_DISPLAY_CUTOUT, mFrame=[100000,0][1080,2400], mVisible=true, mInsetsRoundedCornerFrame=false}, InsetsSource: {mType=ITYPE_BOTTOM_DISPLAY_CUTOUT, mFrame=[0,100000][1080,2400], mVisible=true, mInsetsRoundedCornerFrame=false}, InsetsSource: {mType=ITYPE_TOP_TAPPABLE_ELEMENT, mFrame=[0,0][1080,88], mVisible=true, mInsetsRoundedCornerFrame=false}, InsetsSource: {mType=ITYPE_BOTTOM_TAPPABLE_ELEMENT, mFrame=[0,0][0,0], mVisible=true, mInsetsRoundedCornerFrame=false} } host=com.lagradost.cloudstream3/com.lagradost.cloudstream3.MainActivity from=android.view.ViewRootImpl$ViewRootHandler.handleMessageImpl:6740
10-10 00:45:38.085 14771 14771 I ViewRootImpl@e892618[MainActivity]: MSG_WINDOW_FOCUS_CHANGED 0 0
10-10 00:45:38.100 14771 14771 I ViewRootImpl@e892618[MainActivity]: MSG_WINDOW_FOCUS_CHANGED 0 0
10-10 00:45:38.132 14771 14771 I ViewRootImpl@e99a3df[MainActivity]: MSG_WINDOW_FOCUS_CHANGED 1 0
10-10 00:45:38.132 14771 14771 I ViewRootImpl@e99a3df[MainActivity]: mThreadedRenderer.initializeIfNeeded()#2 mSurface={isValid=true 0x7b79e65000}
10-10 00:45:38.134 14771 14771 D InputMethodManager: startInputInner - Id : 0
10-10 00:45:38.135 14771 14771 I InputMethodManager: startInputInner - mService.startInputOrWindowGainedFocus
10-10 00:45:38.647 14771 14823 D EgyDead : Document title:   Baban Baban Ban Vampire 2025  |  
10-10 00:45:38.649 14771 14823 D EgyDead : Found 7 potential server elements.
10-10 00:45:38.649 14771 14823 D EgyDead : Server data-link 0: https://hglink.to/e/jlms8500r8xa
10-10 00:45:38.649 14771 14823 D EgyDead : Server data-link 1: https://bigwarp.pro/embed-qorgjml5820o.html
10-10 00:45:38.649 14771 14823 D EgyDead : Server data-link 2: https://forafile.com/embed-tvyt5j05leym.html
10-10 00:45:38.649 14771 14823 D EgyDead : Server data-link 3: https://dingtezuni.com/v/62jdubc2evwo
10-10 00:45:38.649 14771 14823 D EgyDead : Server data-link 4: https://mxdrop.to/e/q16n4p7kfxxmee9
10-10 00:45:38.649 14771 14823 D EgyDead : Server data-link 5: https://dsvplay.com/e/ae5u4uswea05
10-10 00:45:38.649 14771 14823 D EgyDead : Server data-link 6: https://listeamed.net/e/edVqE49BoB1OYWm
10-10 00:45:38.904 14771 14776 I st.cloudstream3: Background concurrent copying GC freed 16MB AllocSpace bytes, 80(5064KB) LOS objects, 45% free, 28MB/52MB, paused 504us,259us total 191.989ms
10-10 00:45:38.913 14771 14823 D RepoLink: Loaded ExtractorLink: ExtractorLink(name=Bigwarp 1685 kbps, url=https://fs52.bigwarp.io/v/01/01794/qorgjml5820o_x/x.mp4?t=yakSdkkb93UVxQDn6JNEG_jACgWiHxQulf8fmtxPnqU&s=1760053538&e=43200&f=8974110&sp=1000&i=0.0&kmnr=423269268988, referer=https://bigwarp.pro/embed-qorgjml5820o.html, type=VIDEO)
10-10 00:45:38.914 14771 14823 D RepoLink: Loaded ExtractorLink: ExtractorLink(name=Bigwarp 2673 kbps, url=https://fs52.bigwarp.io/v/01/01794/qorgjml5820o_o/o.mp4?t=uvJqTC34koyqqNWfJ5KFJBjAKwCzNelUcV_5-a1FONw&s=1760053538&e=43200&f=8974110&sp=600&i=0.0&kmnr=423269268988, referer=https://bigwarp.pro/embed-qorgjml5820o.html, type=VIDEO)
10-10 00:45:38.914 14771 14793 D OpenGLRenderer: setSurface called with nullptr
10-10 00:45:38.915 14771 14793 D OpenGLRenderer: setSurface called with nullptr
10-10 00:45:38.915 14771 14777 D InputTransport: Input channel destroyed: 'ClientS', fd=187
10-10 00:45:38.916 14771 14777 D InputTransport: Input channel destroyed: 'ClientS', fd=113
10-10 00:45:38.920 14771 14793 D OpenGLRenderer: setSurface called with nullptr
10-10 00:45:38.920 14771 14777 D InputTransport: Input channel destroyed: 'ClientS', fd=155
10-10 00:45:38.921 14771 14777 D InputTransport: Input channel destroyed: 'ClientS', fd=260
10-10 00:45:39.303 14771 14823 D RepoLink: Loaded ExtractorLink: ExtractorLink(name=MixDrop, url=https://s-delivery33.mxcontent.net/v2/q16n4p7kfxxmee9.mp4?s=iXsoLX6HxCT67x1MFhikJw&e=1760075138&_t=1760055205, referer=https://mxdrop.to/e/q16n4p7kfxxmee9, type=VIDEO)
10-10 00:45:39.533 14771 14823 D RepoLink: Loaded ExtractorLink: ExtractorLink(name=Vidguard, url=https://ytfci3e6xz.guardstorage.net/hls_3/aMb7Knau3px9KL8qxkc-wd9vLg5k04W599Go6fw7xfpEtNtc-zU41-3xB0KNUk0gFSsJypntVPlJ59EsUS0y3TIOdVlGG-S1f5LMnv3AXYjjzWTONKPLEg54UTldcIFMtTWZKv4i1ksA7mqgQADGQkPdtcdFDCZ2HVrs5h71CQzkziTiZRWF81aGr6k5-i5zdtJ_n7R_NlPpvPmpGjLzng/master.m3u8?sig=_2ZGdrCM7C8zjqDVEILZww&expires=1760062538, referer=https://listeamed.net, type=M3U8)
10-10 00:45:39.723 14771 14823 D RepoLink: Loaded ExtractorLink: ExtractorLink(name=DoodStream, url=https://l303l.cloudatacdn.com/u5kj62lhrxb3sdgge4y5enytdxck3p4qq7plcs5b6oybx2ql6nuc6id4rorq/hwbf212wep~3gTywGolAo?token=mthbbukak0ci5w7ppsrtxmm2, referer=https://ds2play.com/, type=VIDEO)
10-10 00:45:39.958 14771 14823 D ApiError: -------------------------------------------------------------------
10-10 00:45:39.958 14771 14823 D ApiError: safeApiCall: can't bypass captcha
10-10 00:45:39.958 14771 14823 D ApiError: safeApiCall: can't bypass captcha
10-10 00:45:39.959 14771 14823 W System.err: com.lagradost.cloudstream3.ErrorLoadingException: can't bypass captcha
10-10 00:45:39.959 14771 14823 W System.err: 	at com.lagradost.cloudstream3.extractors.Zorofile.getUrl$suspendImpl(Zorofile.kt:34)
10-10 00:45:39.959 14771 14823 W System.err: 	at com.lagradost.cloudstream3.extractors.Zorofile$getUrl$1.invokeSuspend(Unknown Source:18)
10-10 00:45:39.959 14771 14823 W System.err: 	at kotlin.coroutines.jvm.internal.BaseContinuationImpl.resumeWith(ContinuationImpl.kt:33)
10-10 00:45:39.959 14771 14823 W System.err: 	at kotlinx.coroutines.DispatchedTask.run(DispatchedTask.kt:100)
10-10 00:45:39.959 14771 14823 W System.err: 	at kotlinx.coroutines.EventLoopImplBase.processNextEvent(EventLoop.common.kt:263)
10-10 00:45:39.959 14771 14823 W System.err: 	at kotlinx.coroutines.BlockingCoroutine.joinBlocking(Builders.kt:95)
10-10 00:45:39.959 14771 14823 W System.err: 	at kotlinx.coroutines.BuildersKt__BuildersKt.runBlocking(Builders.kt:69)
10-10 00:45:39.959 14771 14823 W System.err: 	at kotlinx.coroutines.BuildersKt.runBlocking(Unknown Source:1)
10-10 00:45:39.959 14771 14823 W System.err: 	at kotlinx.coroutines.BuildersKt__BuildersKt.runBlocking$default(Builders.kt:47)
10-10 00:45:39.960 14771 14823 W System.err: 	at kotlinx.coroutines.BuildersKt.runBlocking$default(Unknown Source:1)
10-10 00:45:39.960 14771 14823 W System.err: 	at com.lagradost.cloudstream3.ParCollectionsKt.apmap(ParCollections.kt:49)
10-10 00:45:39.960 14771 14823 W System.err: 	at com.egydead.EgyDeadProvider.loadLinks(EgyDeadProvider.kt:188)
10-10 00:45:39.960 14771 14823 W System.err: 	at com.egydead.EgyDeadProvider$loadLinks$1.invokeSuspend(Unknown Source:18)
10-10 00:45:39.960 14771 14823 W System.err: 	at kotlin.coroutines.jvm.internal.BaseContinuationImpl.resumeWith(ContinuationImpl.kt:33)
