10-08 14:21:35.138  7337  7337 I ViewRootImpl@da31563[MainActivity]: MSG_WINDOW_FOCUS_CHANGED 1 0
10-08 14:21:35.138  7337  7337 I ViewRootImpl@da31563[MainActivity]: mThreadedRenderer.initializeIfNeeded()#2 mSurface={isValid=true 0x7b5e655800}
10-08 14:21:35.157  7337  7337 D InputMethodManager: startInputInner - Id : 0
10-08 14:21:35.157  7337  7337 I InputMethodManager: startInputInner - mService.startInputOrWindowGainedFocus
10-08 14:21:35.636  7337  7337 I ViewRootImpl@da31563[MainActivity]: ViewPostIme pointer 0
10-08 14:21:35.699  7337  7337 W PanelsChildGestureRegionObserver: failed to register view with ID 2131362800. already registered
10-08 14:21:35.700  7337  7337 W PanelsChildGestureRegionObserver: failed to register view with ID 2131362800. already registered
10-08 14:21:35.717  7337  7337 W PanelsChildGestureRegionObserver: failed to register view with ID 2131362800. already registered
10-08 14:21:35.728  7337  7337 D WindowOnBackDispatcher: onBackInvoked, viewRoot=ViewRootImpl@36d5c2c[MainActivity], callback=androidx.activity.OnBackPressedDispatcher$Api33Impl$$ExternalSyntheticLambda0@4ed6942
10-08 14:21:35.744  7337  7337 I IMM_LC  : hsifw() - flag : 0
10-08 14:21:35.745  7337  7337 I IMM_LC  : hsifw() - mService.hideSoftInput
10-08 14:21:35.751  7337  7337 I CS3ExoPlayer: onStop
10-08 14:21:35.752  7337  7337 I CS3ExoPlayer: saveData
10-08 14:21:35.752  7337  7337 I CS3ExoPlayer: handleEvent Pause
10-08 14:21:35.847  7337  7337 W PanelsChildGestureRegionObserver: failed to register view with ID 2131362800. already registered
10-08 14:21:36.200  7337  7337 W PanelsChildGestureRegionObserver: failed to register view with ID 2131362800. already registered
10-08 14:21:36.217  7337  7438 D SurfaceView@6d31b09: updateSurfacePosition RenderWorker, frameNr = 680, position = [54, 314, 1026, 787] surfaceSize = 1080x525
10-08 14:21:36.217  7337  7438 I SurfaceView@6d31b09: uSP: rtp = Rect(54, 314 - 1026, 787) rtsw = 1080 rtsh = 525
10-08 14:21:36.217  7337  7438 I SurfaceView@6d31b09: onSSPAndSRT: pl = 54 pt = 314 sx = 0.9 sy = 0.9009524
10-08 14:21:36.218  7337  7438 I SurfaceView@6d31b09: aOrMT: ViewRootImpl@da31563[MainActivity] t = android.view.SurfaceControl$Transaction@2955cf1 fN = 680 android.view.SurfaceView.-$$Nest$mapplyOrMergeTransaction:0 android.view.SurfaceView$SurfaceViewPositionUpdateListener.positionChanged:1537 android.graphics.RenderNode$CompositePositionUpdateListener.positionChanged:373 
10-08 14:21:36.218  7337  7438 I ViewRootImpl@da31563[MainActivity]: mWNT: t=0x7bda994b00 mBlastBufferQueue=0x7b42458800 fn= 680 caller= android.view.SurfaceView.applyOrMergeTransaction:1455 android.view.SurfaceView.-$$Nest$mapplyOrMergeTransaction:0 android.view.SurfaceView$SurfaceViewPositionUpdateListener.positionChanged:1537 
10-08 14:21:36.218  7337  7337 I SurfaceView@6d31b09: onWindowVisibilityChanged(8) false android.view.SurfaceView{6d31b09 V.E..V... ........ 0,0-1080,525} of ViewRootImpl@da31563[MainActivity]
10-08 14:21:36.218  7337  7337 I SurfaceView@6d31b09: Changes: creating=false format=false size=false visible=true alpha=false hint=false mUseAlpha=false visible=true left=false top=false
10-08 14:21:36.219  7337  7337 I SurfaceView@6d31b09: 114498313 Cur surface: Surface(name=null)/@0x2464414
10-08 14:21:36.219  7337  7337 I SurfaceView@6d31b09: applyTransactionOnVriDraw: vri = ViewRootImpl@da31563[MainActivity] fRS = false t = 0x7b16ef3200 android.view.SurfaceView.performSurfaceTransaction:959 android.view.SurfaceView.updateSurface:1105 android.view.SurfaceView.onWindowVisibilityChanged:371 
10-08 14:21:36.219  7337  7337 I ViewRootImpl@da31563[MainActivity]: applyTransactionOnDraw: mRemoved = false isHardwareEnabled = true t = 0x7b16ef3200android.view.SurfaceView.applyTransactionOnVriDraw:2048 android.view.SurfaceView.performSurfaceTransaction:959 android.view.SurfaceView.updateSurface:1105 android.view.SurfaceView.onWindowVisibilityChanged:371 android.view.View.dispatchDetachedFromWindow:22529 
10-08 14:21:36.219  7337  7337 I SurfaceView@6d31b09: surfaceDestroyed
10-08 14:21:36.219  7337  7337 I SurfaceView@6d31b09: surfaceDestroyed callback.size 0 #2 android.view.SurfaceView{6d31b09 V.E..V... ........ 0,0-1080,525}
10-08 14:21:36.219  7337  7337 I SurfaceView@6d31b09: updateSurface: mVisible = false mSurface.isValid() = true
10-08 14:21:36.220  7337  7337 I SurfaceView@6d31b09: releaseSurfaces: viewRoot = ViewRootImpl@da31563[MainActivity]
10-08 14:21:36.220  7337  7337 I SurfaceView@6d31b09: applyTransactionOnVriDraw: vri = ViewRootImpl@da31563[MainActivity] fRS = true t = 0x7b16ef3500 android.view.SurfaceView.releaseSurfaces:858 android.view.SurfaceView.updateSurface:1172 android.view.SurfaceView.onWindowVisibilityChanged:371 
10-08 14:21:36.220  7337  7337 I SurfaceView@6d31b09: applyTransactionOnVriDraw: viewRoot.applyTransactionOnDrawFromReleaseSurfaces
10-08 14:21:36.220  7337  7337 I ViewRootImpl@da31563[MainActivity]: applyTransactionOnDraw: mRemoved = false isHardwareEnabled = true t = 0x7b16ef3500android.view.ViewRootImpl.applyTransactionOnDrawFromReleaseSurfaces:12850 android.view.SurfaceView.applyTransactionOnVriDraw:2046 android.view.SurfaceView.releaseSurfaces:858 android.view.SurfaceView.updateSurface:1172 android.view.SurfaceView.onWindowVisibilityChanged:371 
10-08 14:21:36.220  7337  7337 V SurfaceView@6d31b09: Layout: x=0 y=218 w=1080 h=525, frame=Rect(0, 0 - 1080, 525)
10-08 14:21:36.220  7337  7337 I SurfaceView@6d31b09: onDetachedFromWindow: tryReleaseSurfaces()
10-08 14:21:36.220  7337  7337 I SurfaceView@6d31b09: releaseSurfaces: viewRoot = ViewRootImpl@da31563[MainActivity]
10-08 14:21:36.220  7337  7337 I SurfaceView@6d31b09: applyTransactionOnVriDraw: vri = ViewRootImpl@da31563[MainActivity] fRS = true t = 0x7b16ef3600 android.view.SurfaceView.releaseSurfaces:858 android.view.SurfaceView.onDetachedFromWindow:500 android.view.View.dispatchDetachedFromWindow:22538 
10-08 14:21:36.220  7337  7337 I SurfaceView@6d31b09: applyTransactionOnVriDraw: viewRoot.applyTransactionOnDrawFromReleaseSurfaces
10-08 14:21:36.220  7337  7337 I ViewRootImpl@da31563[MainActivity]: applyTransactionOnDraw: mRemoved = false isHardwareEnabled = true t = 0x7b16ef3600android.view.ViewRootImpl.applyTransactionOnDrawFromReleaseSurfaces:12850 android.view.SurfaceView.applyTransactionOnVriDraw:2046 android.view.SurfaceView.releaseSurfaces:858 android.view.SurfaceView.onDetachedFromWindow:500 android.view.View.dispatchDetachedFromWindow:22538 
10-08 14:21:36.231  7337  7337 I DecorView: notifyKeepScreenOnChanged: keepScreenOn=false
10-08 14:21:36.232  7337  7337 I CS3ExoPlayer: releasePlayer
10-08 14:21:36.232  7337  7337 I CS3ExoPlayer: Handle event: PlayerAttachedEvent(player=null, source=Player)
10-08 14:21:36.234  7337  7337 I DecorView: notifyKeepScreenOnChanged: keepScreenOn=false
10-08 14:21:36.235  7337  7337 I ViewRootImpl@da31563[MainActivity]: performTraversals params={(0,0)(fillxfill) sim={state=always_hidden adjust=resize} ty=BASE_APPLICATION wanim=0x1030309
10-08 14:21:36.235  7337  7337 I ViewRootImpl@da31563[MainActivity]:   fl=85810100
10-08 14:21:36.235  7337  7337 I ViewRootImpl@da31563[MainActivity]:   pfl=12020040
10-08 14:21:36.235  7337  7337 I ViewRootImpl@da31563[MainActivity]:   vsysui=500
10-08 14:21:36.235  7337  7337 I ViewRootImpl@da31563[MainActivity]:   bhv=DEFAULT
10-08 14:21:36.235  7337  7337 I ViewRootImpl@da31563[MainActivity]:   fitSides= naviIconColor=0}
10-08 14:21:36.236  7337  7337 I ViewRootImpl@da31563[MainActivity]: performTraversals mFirst=false windowShouldResize=false viewVisibilityChanged=false mForceNextWindowRelayout=false params={(0,0)(fillxfill) sim={state=always_hidden adjust=resize} ty=BASE_APPLICATION fmt=TRANSLUCENT wanim=0x1030309
10-08 14:21:36.236  7337  7337 I ViewRootImpl@da31563[MainActivity]:   fl=85810100
10-08 14:21:36.236  7337  7337 I ViewRootImpl@da31563[MainActivity]:   pfl=12020040
10-08 14:21:36.236  7337  7337 I ViewRootImpl@da31563[MainActivity]:   vsysui=500
10-08 14:21:36.236  7337  7337 I ViewRootImpl@da31563[MainActivity]:   bhv=DEFAULT
10-08 14:21:36.236  7337  7337 I ViewRootImpl@da31563[MainActivity]:   fitSides= naviIconColor=0}
10-08 14:21:36.241  7337  7337 I ViewRootImpl@da31563[MainActivity]: updateBlastSurfaceIfNeeded mBlastBufferQueue=0x7b42458800 isSameSurfaceControl=true
10-08 14:21:36.241  7337  7337 I BLASTBufferQueue: update, w= 1080 h= 2400 mName = ViewRootImpl@da31563[MainActivity] mNativeObject= 0x7b42458800 sc.mNativeObject= 0x7b16c608e0 format= -3 caller= android.view.ViewRootImpl.updateBlastSurfaceIfNeeded:2898 android.view.ViewRootImpl.relayoutWindow:9847 android.view.ViewRootImpl.performTraversals:3884 android.view.ViewRootImpl.doTraversal:3116 android.view.ViewRootImpl$TraversalRunnable.run:10885 android.view.Choreographer$CallbackRecord.run:1301 
10-08 14:21:36.241  7337  7337 I ViewRootImpl@da31563[MainActivity]: Relayout returned: old=(0,0,1080,2400) new=(0,0,1080,2400) req=(1080,2400)0 dur=5 res=0x0 s={true 0x7b5e655800} ch=false seqId=0
10-08 14:21:36.241  7337  7337 I ViewRootImpl@da31563[MainActivity]: updateBoundsLayer: t = android.view.SurfaceControl$Transaction@530a926 sc = Surface(name=Bounds for - com.lagradost.cloudstream3/com.lagradost.cloudstream3.MainActivity@0)/@0x2a5c967 frame = 681
10-08 14:21:36.242  7337  7337 I ViewRootImpl@da31563[MainActivity]: mWNT: t=0x7b42423700 mBlastBufferQueue=0x7b42458800 fn= 681 caller= android.view.ViewRootImpl.prepareSurfaces:2985 android.view.ViewRootImpl.performTraversals:4233 android.view.ViewRootImpl.doTraversal:3116 
10-08 14:21:36.243  7337  7363 D SurfaceView@6d31b09: windowPositionLost, frameNr = 681
10-08 14:21:36.244  7337  7437 I ViewRootImpl@da31563[MainActivity]: mWNT: t=0x7b16ef3200 mBlastBufferQueue=0x7b42458800 fn= 681 caller= android.view.ViewRootImpl.lambda$applyTransactionOnDraw$11$android-view-ViewRootImpl:12865 android.view.ViewRootImpl$$ExternalSyntheticLambda1.onFrameDraw:4 android.graphics.HardwareRenderer$FrameDrawingCallback.onFrameDraw:924 
10-08 14:21:36.244  7337  7437 I ViewRootImpl@da31563[MainActivity]: mWNT: t=0x7b16ef3500 mBlastBufferQueue=0x7b42458800 fn= 681 caller= android.view.ViewRootImpl.lambda$applyTransactionOnDraw$11$android-view-ViewRootImpl:12865 android.view.ViewRootImpl$$ExternalSyntheticLambda1.onFrameDraw:4 android.graphics.HardwareRenderer$FrameDrawingCallback.onFrameDraw:924 
10-08 14:21:36.244  7337  7437 I ViewRootImpl@da31563[MainActivity]: mWNT: t=0x7b16ef3600 mBlastBufferQueue=0x7b42458800 fn= 681 caller= android.view.ViewRootImpl.lambda$applyTransactionOnDraw$11$android-view-ViewRootImpl:12865 android.view.ViewRootImpl$$ExternalSyntheticLambda1.onFrameDraw:4 android.graphics.HardwareRenderer$FrameDrawingCallback.onFrameDraw:924 
10-08 14:21:39.985  7337  7337 I ViewRootImpl@da31563[MainActivity]: ViewPostIme pointer 0
10-08 14:21:40.034  7337  7337 I ViewRootImpl@da31563[MainActivity]: ViewPostIme pointer 1
10-08 14:21:40.052  7337  7337 I NavComponent: Navigating to fragment: 2131362274
10-08 14:21:40.059  7337  7337 I IMM_LC  : hsifw() - flag : 0
10-08 14:21:40.059  7337  7337 I IMM_LC  : hsifw() - mService.hideSoftInput
10-08 14:21:40.098  7337  7337 D ScrollView: initGoToTop
10-08 14:21:40.406  7337  7337 I SurfaceView@e6bc59c: onWindowVisibilityChanged(0) true android.view.SurfaceView{e6bc59c V.E..V... ......I. 0,0-0,0} of ViewRootImpl@da31563[MainActivity]
10-08 14:21:40.406  7337  7337 D SurfaceView@e6bc59c: updateSurface: has no frame
10-08 14:21:40.412  7337  7337 I CS3ExoPlayer: SET STYLE = SaveCaptionStyle(foregroundColor=-1, backgroundColor=0, windowColor=0, edgeType=1, edgeColor=-16777216, typeface=null, typefaceFilePath=null, elevation=20, fixedTextSize=null, edgeSize=null, removeCaptions=false, removeBloat=true, upperCase=false, bold=false, italic=false, backgroundRadius=null)
10-08 14:21:40.423  7337  7337 I IMM_LC  : hsifw() - flag : 0
10-08 14:21:40.423  7337  7337 I IMM_LC  : hsifw() - mService.hideSoftInput
10-08 14:21:40.425  7337  7396 I SYNCVM  : addFromUrl = https://tv6.egydead.live/%d9%85%d8%b4%d8%a7%d9%87%d8%af%d8%a9-%d9%81%d9%8a%d9%84%d9%85-baban-baban-ban-vampire-2025-%d9%85%d8%aa%d8%b1%d8%ac%d9%85/
10-08 14:21:40.425  7337  7396 I SYNCUTIL: getIdsFromUrl https://tv6.egydead.live/%d9%85%d8%b4%d8%a7%d9%87%d8%af%d8%a9-%d9%81%d9%8a%d9%84%d9%85-baban-baban-ban-vampire-2025-%d9%85%d8%aa%d8%b1%d8%ac%d9%85/
10-08 14:21:40.440  7337  7337 I SurfaceView@e6bc59c: onWindowVisibilityChanged(8) false android.view.SurfaceView{e6bc59c V.E..V... ......I. 0,0-0,0} of ViewRootImpl@da31563[MainActivity]
10-08 14:21:40.440  7337  7337 D SurfaceView@e6bc59c: updateSurface: has no frame
10-08 14:21:40.440  7337  7337 D SurfaceView@e6bc59c: updateSurface: has no frame
10-08 14:21:40.440  7337  7337 I SurfaceView@e6bc59c: onDetachedFromWindow: tryReleaseSurfaces()
10-08 14:21:40.440  7337  7337 I SurfaceView@e6bc59c: releaseSurfaces: viewRoot = ViewRootImpl@da31563[MainActivity]
10-08 14:21:40.440  7337  7337 I SurfaceView@e6bc59c: applyTransactionOnVriDraw: vri = ViewRootImpl@da31563[MainActivity] fRS = true t = 0x7af0fe0700 android.view.SurfaceView.releaseSurfaces:858 android.view.SurfaceView.onDetachedFromWindow:500 android.view.View.dispatchDetachedFromWindow:22538 
10-08 14:21:40.440  7337  7337 I SurfaceView@e6bc59c: applyTransactionOnVriDraw: viewRoot.applyTransactionOnDrawFromReleaseSurfaces
10-08 14:21:40.440  7337  7337 I ViewRootImpl@da31563[MainActivity]: applyTransactionOnDraw: mRemoved = false isHardwareEnabled = true t = 0x7af0fe0700android.view.ViewRootImpl.applyTransactionOnDrawFromReleaseSurfaces:12850 android.view.SurfaceView.applyTransactionOnVriDraw:2046 android.view.SurfaceView.releaseSurfaces:858 android.view.SurfaceView.onDetachedFromWindow:500 android.view.View.dispatchDetachedFromWindow:22538 
10-08 14:21:40.442  7337  7337 I SurfaceView@e6bc59c: onWindowVisibilityChanged(0) true android.view.SurfaceView{e6bc59c V.E..V... ......I. 0,0-0,0} of ViewRootImpl@da31563[MainActivity]
10-08 14:21:40.442  7337  7337 D SurfaceView@e6bc59c: updateSurface: has no frame
10-08 14:21:40.446  7337  7337 I DecorView: notifyKeepScreenOnChanged: keepScreenOn=false
10-08 14:21:40.456  7337  7337 I CS3ExoPlayer: reloadPlayer
10-08 14:21:40.456  7337  7337 I CS3ExoPlayer: releasePlayer
10-08 14:21:40.456  7337  7337 I CS3ExoPlayer: Handle event: PlayerAttachedEvent(player=null, source=Player)
10-08 14:21:40.465  7337  7337 I ViewRootImpl@da31563[MainActivity]: performTraversals params={(0,0)(fillxfill) sim={state=always_hidden adjust=resize} ty=BASE_APPLICATION wanim=0x1030309
10-08 14:21:40.465  7337  7337 I ViewRootImpl@da31563[MainActivity]:   fl=85810100
10-08 14:21:40.465  7337  7337 I ViewRootImpl@da31563[MainActivity]:   pfl=12020040
10-08 14:21:40.465  7337  7337 I ViewRootImpl@da31563[MainActivity]:   vsysui=500
10-08 14:21:40.465  7337  7337 I ViewRootImpl@da31563[MainActivity]:   bhv=DEFAULT
10-08 14:21:40.465  7337  7337 I ViewRootImpl@da31563[MainActivity]:   fitSides= naviIconColor=0}
10-08 14:21:40.466  7337  7337 I ViewRootImpl@da31563[MainActivity]: performTraversals mFirst=false windowShouldResize=false viewVisibilityChanged=false mForceNextWindowRelayout=false params={(0,0)(fillxfill) sim={state=always_hidden adjust=resize} ty=BASE_APPLICATION fmt=TRANSLUCENT wanim=0x1030309
10-08 14:21:40.466  7337  7337 I ViewRootImpl@da31563[MainActivity]:   fl=85810100
10-08 14:21:40.466  7337  7337 I ViewRootImpl@da31563[MainActivity]:   pfl=12020040
10-08 14:21:40.466  7337  7337 I ViewRootImpl@da31563[MainActivity]:   vsysui=500
10-08 14:21:40.466  7337  7337 I ViewRootImpl@da31563[MainActivity]:   bhv=DEFAULT
10-08 14:21:40.466  7337  7337 I ViewRootImpl@da31563[MainActivity]:   fitSides= naviIconColor=0}
10-08 14:21:40.475  7337  7337 I ViewRootImpl@da31563[MainActivity]: updateBlastSurfaceIfNeeded mBlastBufferQueue=0x7b42458800 isSameSurfaceControl=true
10-08 14:21:40.475  7337  7337 I BLASTBufferQueue: update, w= 1080 h= 2400 mName = ViewRootImpl@da31563[MainActivity] mNativeObject= 0x7b42458800 sc.mNativeObject= 0x7af133f840 format= -3 caller= android.view.ViewRootImpl.updateBlastSurfaceIfNeeded:2898 android.view.ViewRootImpl.relayoutWindow:9847 android.view.ViewRootImpl.performTraversals:3884 android.view.ViewRootImpl.doTraversal:3116 android.view.ViewRootImpl$TraversalRunnable.run:10885 android.view.Choreographer$CallbackRecord.run:1301 
10-08 14:21:40.475  7337  7337 I ViewRootImpl@da31563[MainActivity]: Relayout returned: old=(0,0,1080,2400) new=(0,0,1080,2400) req=(1080,2400)0 dur=9 res=0x0 s={true 0x7b5e655800} ch=false seqId=0
10-08 14:21:40.475  7337  7337 I ViewRootImpl@da31563[MainActivity]: updateBoundsLayer: t = android.view.SurfaceControl$Transaction@530a926 sc = Surface(name=Bounds for - com.lagradost.cloudstream3/com.lagradost.cloudstream3.MainActivity@0)/@0x2a5c967 frame = 696
10-08 14:21:40.475  7337  7337 I ViewRootImpl@da31563[MainActivity]: mWNT: t=0x7b42423700 mBlastBufferQueue=0x7b42458800 fn= 696 caller= android.view.ViewRootImpl.prepareSurfaces:2985 android.view.ViewRootImpl.performTraversals:4233 android.view.ViewRootImpl.doTraversal:3116 
10-08 14:21:40.477  7337  7337 W View    : requestLayout() improperly called by android.widget.FrameLayout{a8e0701 I.E..V... ......I. 0,0-0,0 #7f0a04e7 app:id/start_panel} during layout: running second layout pass
10-08 14:21:40.477  7337  7337 W View    : requestLayout() improperly called by android.widget.FrameLayout{6179a6 I.E..V... ......ID 1080,0-1080,2143 #7f0a0168 app:id/end_panel} during layout: running second layout pass
10-08 14:21:40.479  7337  7337 D SurfaceView@e6bc59c: updateSurface: has no frame
10-08 14:21:40.484  7337  7438 I ViewRootImpl@da31563[MainActivity]: mWNT: t=0x7af0fe0700 mBlastBufferQueue=0x7b42458800 fn= 696 caller= android.view.ViewRootImpl.lambda$applyTransactionOnDraw$11$android-view-ViewRootImpl:12865 android.view.ViewRootImpl$$ExternalSyntheticLambda1.onFrameDraw:4 android.graphics.HardwareRenderer$FrameDrawingCallback.onFrameDraw:924 
10-08 14:21:40.488  7337  7337 D SurfaceView@e6bc59c: updateSurface: has no frame
10-08 14:21:40.508  7337  7337 D SurfaceView@e6bc59c: updateSurface: has no frame
10-08 14:21:40.532  7337  7337 D SurfaceView@e6bc59c: updateSurface: has no frame
10-08 14:21:40.556  7337  7337 D SurfaceView@e6bc59c: updateSurface: has no frame
10-08 14:21:40.571  7337  7337 D SurfaceView@e6bc59c: updateSurface: has no frame
10-08 14:21:40.584  7337  7337 D SurfaceView@e6bc59c: updateSurface: has no frame
10-08 14:21:40.596  7337  7337 D SurfaceView@e6bc59c: updateSurface: has no frame
10-08 14:21:40.613  7337  7337 D SurfaceView@e6bc59c: updateSurface: has no frame
10-08 14:21:40.633  7337  7337 D SurfaceView@e6bc59c: updateSurface: has no frame
10-08 14:21:40.646  7337  7337 D SurfaceView@e6bc59c: updateSurface: has no frame
10-08 14:21:40.663  7337  7337 D SurfaceView@e6bc59c: updateSurface: has no frame
10-08 14:21:40.680  7337  7337 D SurfaceView@e6bc59c: updateSurface: has no frame
10-08 14:21:40.696  7337  7337 D SurfaceView@e6bc59c: updateSurface: has no frame
10-08 14:21:40.713  7337  7337 D SurfaceView@e6bc59c: updateSurface: has no frame
10-08 14:21:40.730  7337  7337 D SurfaceView@e6bc59c: updateSurface: has no frame
10-08 14:21:40.746  7337  7337 D SurfaceView@e6bc59c: updateSurface: has no frame
10-08 14:21:40.763  7337  7337 D SurfaceView@e6bc59c: updateSurface: has no frame
10-08 14:21:40.780  7337  7337 D SurfaceView@e6bc59c: updateSurface: has no frame
10-08 14:21:40.796  7337  7337 D SurfaceView@e6bc59c: updateSurface: has no frame
10-08 14:21:40.813  7337  7337 D SurfaceView@e6bc59c: updateSurface: has no frame
10-08 14:21:40.830  7337  7337 D SurfaceView@e6bc59c: updateSurface: has no frame
10-08 14:21:40.846  7337  7337 D SurfaceView@e6bc59c: updateSurface: has no frame
10-08 14:21:40.863  7337  7337 D SurfaceView@e6bc59c: updateSurface: has no frame
10-08 14:21:40.879  7337  7337 D SurfaceView@e6bc59c: updateSurface: has no frame
10-08 14:21:40.896  7337  7337 D SurfaceView@e6bc59c: updateSurface: has no frame
10-08 14:21:40.913  7337  7337 D SurfaceView@e6bc59c: updateSurface: has no frame
10-08 14:21:40.929  7337  7337 D SurfaceView@e6bc59c: updateSurface: has no frame
10-08 14:21:40.946  7337  7337 D SurfaceView@e6bc59c: updateSurface: has no frame
10-08 14:21:40.963  7337  7337 D SurfaceView@e6bc59c: updateSurface: has no frame
10-08 14:21:40.979  7337  7337 D SurfaceView@e6bc59c: updateSurface: has no frame
10-08 14:21:40.997  7337  7337 D SurfaceView@e6bc59c: updateSurface: has no frame
10-08 14:21:41.013  7337  7337 D SurfaceView@e6bc59c: updateSurface: has no frame
10-08 14:21:41.030  7337  7337 D SurfaceView@e6bc59c: updateSurface: has no frame
10-08 14:21:41.046  7337  7337 D SurfaceView@e6bc59c: updateSurface: has no frame
10-08 14:21:41.062  7337  7337 D SurfaceView@e6bc59c: updateSurface: has no frame
10-08 14:21:41.079  7337  7337 D SurfaceView@e6bc59c: updateSurface: has no frame
10-08 14:21:41.094  7337  7390 I RVM2    : applyMeta
10-08 14:21:41.096  7337  7337 D SurfaceView@e6bc59c: updateSurface: has no frame
10-08 14:21:41.103  7337  7337 W PanelsChildGestureRegionObserver: failed to register view with ID 2131362800. already registered
10-08 14:21:41.106  7337  7337 E CoilImgLoader: Error loading image: coil3.request.NullRequestDataException: The request's data is null.
10-08 14:21:41.111  7337  7337 E CoilImgLoader: Error loading image: coil3.request.NullRequestDataException: The request's data is null.
10-08 14:21:41.152  7337  7400 I SYNCVM  : addFromUrl = https://tv6.egydead.live/%d9%85%d8%b4%d8%a7%d9%87%d8%af%d8%a9-%d9%81%d9%8a%d9%84%d9%85-baban-baban-ban-vampire-2025-%d9%85%d8%aa%d8%b1%d8%ac%d9%85/
10-08 14:21:41.152  7337  7400 I SYNCUTIL: getIdsFromUrl https://tv6.egydead.live/%d9%85%d8%b4%d8%a7%d9%87%d8%af%d8%a9-%d9%81%d9%8a%d9%84%d9%85-baban-baban-ban-vampire-2025-%d9%85%d8%aa%d8%b1%d8%ac%d9%85/
10-08 14:21:41.169  7337  7337 D SurfaceView@e6bc59c: updateSurface: has no frame
10-08 14:21:41.170  7337  7337 I SurfaceView@e6bc59c: Changes: creating=true format=true size=true visible=true alpha=false hint=false mUseAlpha=false visible=true left=true top=true
10-08 14:21:41.173  7337  7337 I BLASTBufferQueue: update, w= 1080 h= 525 mName = null mNativeObject= 0x7bda9c3000 sc.mNativeObject= 0x7af1429ac0 format= 4 caller= android.view.SurfaceView.createBlastSurfaceControls:1383 android.view.SurfaceView.updateSurface:1079 android.view.SurfaceView.lambda$new$0$android-view-SurfaceView:200 android.view.SurfaceView$$ExternalSyntheticLambda5.onPreDraw:2 android.view.ViewTreeObserver.dispatchOnPreDraw:1121 android.view.ViewRootImpl.performTraversals:4442 
10-08 14:21:41.173  7337  7337 I SurfaceView@e6bc59c: 241943964 Cur surface: Surface(name=null)/@0xb4cfe79
10-08 14:21:41.173  7337  7337 I SurfaceView@e6bc59c: pST: sr = Rect(0, 218 - 1080, 743) sw = 1080 sh = 525
10-08 14:21:41.173  7337  7337 D SurfaceView@e6bc59c: performSurfaceTransaction RenderWorker position = [0, 218, 1080, 743] surfaceSize = 1080x525
10-08 14:21:41.174  7337  7337 I SurfaceView@e6bc59c: applyTransactionOnVriDraw: vri = ViewRootImpl@da31563[MainActivity] fRS = false t = 0x7b5e785100 android.view.SurfaceView.performSurfaceTransaction:959 android.view.SurfaceView.updateSurface:1105 android.view.SurfaceView.lambda$new$0$android-view-SurfaceView:200 
10-08 14:21:41.174  7337  7337 I ViewRootImpl@da31563[MainActivity]: applyTransactionOnDraw: mRemoved = false isHardwareEnabled = true t = 0x7b5e785100android.view.SurfaceView.applyTransactionOnVriDraw:2048 android.view.SurfaceView.performSurfaceTransaction:959 android.view.SurfaceView.updateSurface:1105 android.view.SurfaceView.lambda$new$0$android-view-SurfaceView:200 android.view.SurfaceView$$ExternalSyntheticLambda5.onPreDraw:2 
10-08 14:21:41.174  7337  7337 I SurfaceView@e6bc59c: updateSurface: mVisible = true mSurface.isValid() = true
10-08 14:21:41.174  7337  7337 I SurfaceView@e6bc59c: updateSurface: mSurfaceCreated = false surfaceChanged = true visibleChanged = true
10-08 14:21:41.174  7337  7337 I SurfaceView@e6bc59c: visibleChanged -- surfaceCreated
10-08 14:21:41.174  7337  7337 I SurfaceView@e6bc59c: surfaceCreated 0 #8 android.view.SurfaceView{e6bc59c V.E..V... ......ID 0,0-1080,525}
10-08 14:21:41.174  7337  7337 I SurfaceView@e6bc59c: surfaceChanged -- format=4 w=1080 h=525
10-08 14:21:41.174  7337  7337 I SurfaceView@e6bc59c: surfaceChanged (1080,525) 0 #8 android.view.SurfaceView{e6bc59c V.E..V... ......ID 0,0-1080,525}
10-08 14:21:41.174  7337  7337 I SurfaceView@e6bc59c: surfaceRedrawNeeded
10-08 14:21:41.175  7337  7337 V SurfaceView@e6bc59c: Layout: x=0 y=218 w=1080 h=525, frame=Rect(0, 0 - 1080, 525)
10-08 14:21:41.187  7337  7437 D SurfaceView@e6bc59c: updateSurfacePosition RenderWorker, frameNr = 733, position = [0, 218, 1080, 743] surfaceSize = 1080x525
10-08 14:21:41.187  7337  7437 I SurfaceView@e6bc59c: uSP: rtp = Rect(0, 218 - 1080, 743) rtsw = 1080 rtsh = 525
10-08 14:21:41.187  7337  7437 I SurfaceView@e6bc59c: onSSPAndSRT: pl = 0 pt = 218 sx = 1.0 sy = 1.0
10-08 14:21:41.188  7337  7437 I SurfaceView@e6bc59c: aOrMT: ViewRootImpl@da31563[MainActivity] t = android.view.SurfaceControl$Transaction@69ef6c fN = 733 android.view.SurfaceView.-$$Nest$mapplyOrMergeTransaction:0 android.view.SurfaceView$SurfaceViewPositionUpdateListener.positionChanged:1537 android.graphics.RenderNode$CompositePositionUpdateListener.positionChanged:373 
10-08 14:21:41.188  7337  7437 I ViewRootImpl@da31563[MainActivity]: mWNT: t=0x7b5e785200 mBlastBufferQueue=0x7b42458800 fn= 733 caller= android.view.SurfaceView.applyOrMergeTransaction:1455 android.view.SurfaceView.-$$Nest$mapplyOrMergeTransaction:0 android.view.SurfaceView$SurfaceViewPositionUpdateListener.positionChanged:1537 
10-08 14:21:41.189  7337  7437 I ViewRootImpl@da31563[MainActivity]: mWNT: t=0x7b5e785100 mBlastBufferQueue=0x7b42458800 fn= 733 caller= android.view.ViewRootImpl.lambda$applyTransactionOnDraw$11$android-view-ViewRootImpl:12865 android.view.ViewRootImpl$$ExternalSyntheticLambda1.onFrameDraw:4 android.graphics.HardwareRenderer$FrameDrawingCallback.onFrameDraw:924 
10-08 14:21:41.210  7337  7337 I SurfaceView@e6bc59c: finishedDrawing
10-08 14:21:41.475  7337  7345 I st.cloudstream3: Background concurrent copying GC freed 15MB AllocSpace bytes, 62(3096KB) LOS objects, 45% free, 29MB/53MB, paused 653us,462us total 270.251ms
10-08 14:21:41.490  7337  7363 D OpenGLRenderer: setSurface called with nullptr
10-08 14:21:41.491  7337  7346 D InputTransport: Input channel destroyed: 'ClientS', fd=159
10-08 14:21:41.492  7337  7363 D OpenGLRenderer: setSurface called with nullptr
10-08 14:21:41.492  7337  7346 D InputTransport: Input channel destroyed: 'ClientS', fd=260
10-08 14:21:41.497  7337  7363 D OpenGLRenderer: setSurface called with nullptr
10-08 14:21:41.498  7337  7346 D InputTransport: Input channel destroyed: 'ClientS', fd=176
10-08 14:21:41.498  7337  7346 D InputTransport: Input channel destroyed: 'ClientS', fd=114
10-08 14:21:42.153  7337  7337 I ViewRootImpl@da31563[MainActivity]: ViewPostIme pointer 0
10-08 14:21:42.683  7337  7337 I Dialog  : mIsDeviceDefault = false, mIsSamsungBasicInteraction = false, isMetaDataInActivity = false
10-08 14:21:42.723  7337  7337 I DecorView: [INFO] isPopOver=false config=false
10-08 14:21:42.724  7337  7337 I DecorView: updateCaptionType: isFloating=false isApplication=true hasWindowDecorCaption=false this=DecorView@f2f7782[]
10-08 14:21:42.724  7337  7337 D DecorView: setCaptionType = 0, this = DecorView@f2f7782[]
10-08 14:21:42.726  7337  7337 I DecorView: getCurrentDensityDpi: from app context. densityDpi=420 msg=resources_loaded
10-08 14:21:42.727  7337  7337 I DecorView: setWindowBackground: isPopOver=false color=0 d=android.graphics.drawable.ColorDrawable@7c4ed0
10-08 14:21:42.735  7337  7363 D NativeCustomFrequencyManager: [NativeCFMS] BpCustomFrequencyManager::BpCustomFrequencyManager()
10-08 14:21:42.736  7337  7337 I DecorView: notifyKeepScreenOnChanged: keepScreenOn=false
10-08 14:21:42.750  7337  7337 D InsetsController: onStateChanged: InsetsState: {mDisplayFrame=Rect(0, 0 - 1080, 2400), mDisplayCutout=DisplayCutout{insets=Rect(0, 88 - 0, 0) waterfall=Insets{left=0, top=0, right=0, bottom=0} boundingRect={Bounds=[Rect(0, 0 - 0, 0), Rect(512, 0 - 568, 88), Rect(0, 0 - 0, 0), Rect(0, 0 - 0, 0)]} cutoutPathParserInfo={CutoutPathParserInfo{displayWidth=1080 displayHeight=2400 physicalDisplayWidth=1080 physicalDisplayHeight=2400 density={2.625} cutoutSpec={M 0,0 M 0,12.25101276465640 a 10.60613009248640,10.60613009248640 0 1,0 0,21.21226018497290 a 10.60613009248640,10.60613009248640 0 1,0 0,-21.21226018497290 Z @dp} rotation={0} scale={1.0} physicalPixelDisplaySizeRatio={1.0}}}}, mRoundedCorners=RoundedCorners{[RoundedCorner{position=TopLeft, radius=84, center=Point(84, 84)}, RoundedCorner{position=TopRight, radius=84, center=Point(996, 84)}, RoundedCorner{position=BottomRight, radius=84, center=Point(996, 2316)}, RoundedCorner{position=BottomLeft, radius=84, center=Point(84, 2316)}]}  mRoundedCornerFrame=Rect(0, 0 - 1080, 2400), mPrivacyIndicatorBounds=PrivacyIndicatorBounds {static bounds=Rect(964, 0 - 1080, 87) rotation=0}, mSources= { InsetsSource: {mType=ITYPE_STATUS_BAR, mFrame=[0,0][1080,88], mVisible=true, mInsetsRoundedCornerFrame=false}, InsetsSource: {mType=ITYPE_NAVIGATION_BAR, mFrame=[0,2361][1080,2400], mVisible=true, mInsetsRoundedCornerFrame=false}, InsetsSource: {mType=ITYPE_LEFT_GESTURES, mFrame=[0,0][130,2400], mVisible=true, mInsetsRoundedCornerFrame=false}, InsetsSource: {mType=ITYPE_RIGHT_GESTURES, mFrame=[950,0][1080,2400], mVisible=true, mInsetsRoundedCornerFrame=false}, InsetsSource: {mType=ITYPE_TOP_MANDATORY_GESTURES, mFrame=[0,0][1080,120], mVisible=true, mInsetsRoundedCornerFrame=false}, InsetsSource: {mType=ITYPE_BOTTOM_MANDATORY_GESTURES, mFrame=[0,2316][1080,2400], mVisible=true, mInsetsRoundedCornerFrame=false}, InsetsSource: {mType=ITYPE_LEFT_DISPLAY_CUTOUT, mFrame=[0,0][-100000,2400], mVisible=true, mInsetsRoundedCornerFrame=false}, InsetsSource: {mType=ITYPE_TOP_DISPLAY_CUTOUT, mFrame=[0,0][1080,88], mVisible=true, mInsetsRoundedCornerFrame=false}, InsetsSource: {mType=ITYPE_RIGHT_DISPLAY_CUTOUT, mFrame=[100000,0][1080,2400], mVisible=true, mInsetsRoundedCornerFrame=false}, InsetsSource: {mType=ITYPE_BOTTOM_DISPLAY_CUTOUT, mFrame=[0,100000][1080,2400], mVisible=true, mInsetsRoundedCornerFrame=false}, InsetsSource: {mType=ITYPE_TOP_TAPPABLE_ELEMENT, mFrame=[0,0][1080,88], mVisible=true, mInsetsRoundedCornerFrame=false}, InsetsSource: {mType=ITYPE_BOTTOM_TAPPABLE_ELEMENT, mFrame=[0,0][0,0], mVisible=true, mInsetsRoundedCornerFrame=false}, InsetsSource: {mType=ITYPE_IME, mFrame=[0,0][0,0], mVisibleFrame=[0,1409][1080,2400], mVisible=false, mInsetsRoundedCornerFrame=false} } host=com.lagradost.cloudstream3/com.lagradost.cloudstream3.MainActivity from=android.view.ViewRootImpl.setView:1732
10-08 14:21:42.751  7337  7337 I ViewRootImpl@568de01[MainActivity]: setView = com.android.internal.policy.DecorView@f2f7782 TM=true
10-08 14:21:42.767  7337  7337 I ViewRootImpl@568de01[MainActivity]: performTraversals params={(0,0)(fillxfill) gr=CENTER sim={adjust=resize forwardNavigation} ty=APPLICATION fmt=TRANSPARENT wanim=0x7f14000b
10-08 14:21:42.767  7337  7337 I ViewRootImpl@568de01[MainActivity]:   fl=85810100
10-08 14:21:42.767  7337  7337 I ViewRootImpl@568de01[MainActivity]:   pfl=12020040
10-08 14:21:42.767  7337  7337 I ViewRootImpl@568de01[MainActivity]:   vsysui=500
10-08 14:21:42.767  7337  7337 I ViewRootImpl@568de01[MainActivity]:   bhv=DEFAULT
10-08 14:21:42.767  7337  7337 I ViewRootImpl@568de01[MainActivity]:   fitSides= naviIconColor=0}
10-08 14:21:42.768  7337  7337 I ViewRootImpl@568de01[MainActivity]: performTraversals mFirst=true windowShouldResize=true viewVisibilityChanged=false mForceNextWindowRelayout=false params={(0,0)(fillxfill) gr=CENTER sim={adjust=resize forwardNavigation} ty=APPLICATION fmt=TRANSPARENT wanim=0x7f14000b
10-08 14:21:42.768  7337  7337 I ViewRootImpl@568de01[MainActivity]:   fl=85810100
10-08 14:21:42.768  7337  7337 I ViewRootImpl@568de01[MainActivity]:   pfl=12020040
10-08 14:21:42.768  7337  7337 I ViewRootImpl@568de01[MainActivity]:   vsysui=500
10-08 14:21:42.768  7337  7337 I ViewRootImpl@568de01[MainActivity]:   bhv=DEFAULT
10-08 14:21:42.768  7337  7337 I ViewRootImpl@568de01[MainActivity]:   fitSides= naviIconColor=0}
10-08 14:21:42.782  7337  7337 I ViewRootImpl@568de01[MainActivity]: updateBlastSurfaceIfNeeded mBlastBufferQueue=null isSameSurfaceControl=false
10-08 14:21:42.783  7337  7337 I BLASTBufferQueue: new BLASTBufferQueue, mName= ViewRootImpl@568de01[MainActivity] mNativeObject= 0x7bed8afa00 sc.mNativeObject= 0x7bed8b2c20 caller= android.view.ViewRootImpl.updateBlastSurfaceIfNeeded:2909 android.view.ViewRootImpl.relayoutWindow:9847 android.view.ViewRootImpl.performTraversals:3884 android.view.ViewRootImpl.doTraversal:3116 android.view.ViewRootImpl$TraversalRunnable.run:10885 android.view.Choreographer$CallbackRecord.run:1301 android.view.Choreographer$CallbackRecord.run:1309 android.view.Choreographer.doCallbacks:923 android.view.Choreographer.doFrame:852 android.view.Choreographer$FrameDisplayEventReceiver.run:1283 
10-08 14:21:42.783  7337  7337 I BLASTBufferQueue: update, w= 1080 h= 2400 mName = ViewRootImpl@568de01[MainActivity] mNativeObject= 0x7bed8afa00 sc.mNativeObject= 0x7bed8b2c20 format= -2 caller= android.graphics.BLASTBufferQueue.<init>:84 android.view.ViewRootImpl.updateBlastSurfaceIfNeeded:2909 android.view.ViewRootImpl.relayoutWindow:9847 android.view.ViewRootImpl.performTraversals:3884 android.view.ViewRootImpl.doTraversal:3116 android.view.ViewRootImpl$TraversalRunnable.run:10885 
10-08 14:21:42.783  7337  7337 I ViewRootImpl@568de01[MainActivity]: Relayout returned: old=(0,0,1080,2400) new=(0,0,1080,2400) req=(1080,2400)0 dur=14 res=0x3 s={true 0x7af1512000} ch=true seqId=0
10-08 14:21:42.784  7337  7337 I ViewRootImpl@568de01[MainActivity]: mThreadedRenderer.initialize() mSurface={isValid=true 0x7af1512000} hwInitialized=true
10-08 14:21:42.785  7337  7363 D OpenGLRenderer: eglCreateWindowSurface
10-08 14:21:42.803  7337  7337 D AbsListView:  in onLayout changed 
10-08 14:21:42.804  7337  7337 I ViewRootImpl@568de01[MainActivity]: reportNextDraw android.view.ViewRootImpl.performTraversals:4438 android.view.ViewRootImpl.doTraversal:3116 android.view.ViewRootImpl$TraversalRunnable.run:10885 android.view.Choreographer$CallbackRecord.run:1301 android.view.Choreographer$CallbackRecord.run:1309 
10-08 14:21:42.805  7337  7337 I ViewRootImpl@568de01[MainActivity]: Setup new sync id=0
10-08 14:21:42.805  7337  7337 I ViewRootImpl@568de01[MainActivity]: Setting syncFrameCallback
10-08 14:21:42.805  7337  7337 I ViewRootImpl@568de01[MainActivity]: registerCallbacksForSync syncBuffer=false
10-08 14:21:42.810  7337  7438 I ViewRootImpl@568de01[MainActivity]: Received frameDrawingCallback syncResult=0 frameNum=1.
10-08 14:21:42.810  7337  7438 I ViewRootImpl@568de01[MainActivity]: Setting up sync and frameCommitCallback
10-08 14:21:42.815  7337  7363 I BLASTBufferQueue: [ViewRootImpl@568de01[MainActivity]#9](f:0,a:0) onFrameAvailable the first frame is available
10-08 14:21:42.816  7337  7363 I ViewRootImpl@568de01[MainActivity]: Received frameCommittedCallback lastAttemptedDrawFrameNum=1 didProduceBuffer=true
10-08 14:21:42.818  7337  7363 D OpenGLRenderer: CFMS:: SetUp Pid : 7337    Tid : 7363
10-08 14:21:42.822  7337  7337 I ViewRootImpl@568de01[MainActivity]: onSyncComplete
10-08 14:21:42.822  7337  7337 I ViewRootImpl@568de01[MainActivity]: setupSync seqId=0 mSyncId=0 fn=1 caller=android.view.ViewRootImpl$$ExternalSyntheticLambda11.accept:6 android.window.SurfaceSyncer.lambda$setupSync$1$android-window-SurfaceSyncer:128 android.window.SurfaceSyncer$$ExternalSyntheticLambda1.accept:8 android.window.SurfaceSyncer$SyncSet.checkIfSyncIsComplete:382 android.window.SurfaceSyncer$SyncSet.markSyncReady:359 android.window.SurfaceSyncer.markSyncReady:151 android.view.ViewRootImpl.performTraversals:4503 
10-08 14:21:42.823  7337  7337 I ViewRootImpl@568de01[MainActivity]: reportDrawFinished seqId=0 mSyncId=-1 fn=1 mSurfaceChangedTransaction=0x7b5e785e00
10-08 14:21:42.826  7337  7337 I ViewRootImpl@da31563[MainActivity]: MSG_WINDOW_FOCUS_CHANGED 0 0
10-08 14:21:42.881  7337  7337 I ViewRootImpl@568de01[MainActivity]: MSG_WINDOW_FOCUS_CHANGED 1 0
10-08 14:21:42.881  7337  7337 I ViewRootImpl@568de01[MainActivity]: mThreadedRenderer.initializeIfNeeded()#2 mSurface={isValid=true 0x7af1512000}
10-08 14:21:42.882  7337  7337 D InputMethodManager: startInputInner - Id : 0
10-08 14:21:42.883  7337  7337 I InputMethodManager: startInputInner - mService.startInputOrWindowGainedFocus
10-08 14:21:42.951  7337  7337 I ViewRootImpl@da31563[MainActivity]: ViewPostIme pointer 1
10-08 14:21:43.821  7337  7337 I ViewRootImpl@568de01[MainActivity]: ViewPostIme pointer 0
10-08 14:21:43.903  7337  7337 I ViewRootImpl@568de01[MainActivity]: ViewPostIme pointer 1
10-08 14:21:43.904  7337  7337 D AbsListView: onTouchUp() mTouchMode : 0
10-08 14:21:43.978  7337  7337 I MSHandlerLifeCycle: removeMultiSplitHandler: no exist. decor=DecorView@f2f7782[MainActivity]
10-08 14:21:43.980  7337  7363 D OpenGLRenderer: setSurface called with nullptr
10-08 14:21:43.980  7337  7363 D OpenGLRenderer: setSurface() destroyed EGLSurface
10-08 14:21:43.980  7337  7363 D OpenGLRenderer: destroyEglSurface
10-08 14:21:43.983  7337  7363 D OpenGLRenderer: endAllActiveAnimators on 0x7b24720300 (MaterialTextView) with handle 0x7bcd679860
10-08 14:21:43.983  7337  7337 I ViewRootImpl@568de01[MainActivity]: dispatchDetachedFromWindow
10-08 14:21:44.008  7337  7337 D InputTransport: Input channel destroyed: '5d44f2a', fd=166
10-08 14:21:44.011  7337  7337 I Dialog  : mIsDeviceDefault = false, mIsSamsungBasicInteraction = false, isMetaDataInActivity = false
10-08 14:21:44.081  7337  7337 I DecorView: [INFO] isPopOver=false config=false
10-08 14:21:44.081  7337  7337 I DecorView: updateCaptionType: isFloating=false isApplication=true hasWindowDecorCaption=false this=DecorView@813186c[]
10-08 14:21:44.081  7337  7337 D DecorView: setCaptionType = 0, this = DecorView@813186c[]
10-08 14:21:44.083  7337  7337 I DecorView: getCurrentDensityDpi: from app context. densityDpi=420 msg=resources_loaded
10-08 14:21:44.083  7337  7337 I DecorView: setWindowBackground: isPopOver=false color=0 d=android.graphics.drawable.ColorDrawable@cba12ca
10-08 14:21:44.089  7337  7363 D NativeCustomFrequencyManager: [NativeCFMS] BpCustomFrequencyManager::BpCustomFrequencyManager()
10-08 14:21:44.090  7337  7337 I DecorView: notifyKeepScreenOnChanged: keepScreenOn=false
10-08 14:21:44.100  7337  7337 D InsetsController: onStateChanged: InsetsState: {mDisplayFrame=Rect(0, 0 - 1080, 2400), mDisplayCutout=DisplayCutout{insets=Rect(0, 88 - 0, 0) waterfall=Insets{left=0, top=0, right=0, bottom=0} boundingRect={Bounds=[Rect(0, 0 - 0, 0), Rect(512, 0 - 568, 88), Rect(0, 0 - 0, 0), Rect(0, 0 - 0, 0)]} cutoutPathParserInfo={CutoutPathParserInfo{displayWidth=1080 displayHeight=2400 physicalDisplayWidth=1080 physicalDisplayHeight=2400 density={2.625} cutoutSpec={M 0,0 M 0,12.25101276465640 a 10.60613009248640,10.60613009248640 0 1,0 0,21.21226018497290 a 10.60613009248640,10.60613009248640 0 1,0 0,-21.21226018497290 Z @dp} rotation={0} scale={1.0} physicalPixelDisplaySizeRatio={1.0}}}}, mRoundedCorners=RoundedCorners{[RoundedCorner{position=TopLeft, radius=84, center=Point(84, 84)}, RoundedCorner{position=TopRight, radius=84, center=Point(996, 84)}, RoundedCorner{position=BottomRight, radius=84, center=Point(996, 2316)}, RoundedCorner{position=BottomLeft, radius=84, center=Point(84, 2316)}]}  mRoundedCornerFrame=Rect(0, 0 - 1080, 2400), mPrivacyIndicatorBounds=PrivacyIndicatorBounds {static bounds=Rect(964, 0 - 1080, 87) rotation=0}, mSources= { InsetsSource: {mType=ITYPE_STATUS_BAR, mFrame=[0,0][1080,88], mVisible=true, mInsetsRoundedCornerFrame=false}, InsetsSource: {mType=ITYPE_NAVIGATION_BAR, mFrame=[0,2361][1080,2400], mVisible=true, mInsetsRoundedCornerFrame=false}, InsetsSource: {mType=ITYPE_LEFT_GESTURES, mFrame=[0,0][130,2400], mVisible=true, mInsetsRoundedCornerFrame=false}, InsetsSource: {mType=ITYPE_RIGHT_GESTURES, mFrame=[950,0][1080,2400], mVisible=true, mInsetsRoundedCornerFrame=false}, InsetsSource: {mType=ITYPE_TOP_MANDATORY_GESTURES, mFrame=[0,0][1080,120], mVisible=true, mInsetsRoundedCornerFrame=false}, InsetsSource: {mType=ITYPE_BOTTOM_MANDATORY_GESTURES, mFrame=[0,2316][1080,2400], mVisible=true, mInsetsRoundedCornerFrame=false}, InsetsSource: {mType=ITYPE_LEFT_DISPLAY_CUTOUT, mFrame=[0,0][-100000,2400], mVisible=true, mInsetsRoundedCornerFrame=false}, InsetsSource: {mType=ITYPE_TOP_DISPLAY_CUTOUT, mFrame=[0,0][1080,88], mVisible=true, mInsetsRoundedCornerFrame=false}, InsetsSource: {mType=ITYPE_RIGHT_DISPLAY_CUTOUT, mFrame=[100000,0][1080,2400], mVisible=true, mInsetsRoundedCornerFrame=false}, InsetsSource: {mType=ITYPE_BOTTOM_DISPLAY_CUTOUT, mFrame=[0,100000][1080,2400], mVisible=true, mInsetsRoundedCornerFrame=false}, InsetsSource: {mType=ITYPE_TOP_TAPPABLE_ELEMENT, mFrame=[0,0][1080,88], mVisible=true, mInsetsRoundedCornerFrame=false}, InsetsSource: {mType=ITYPE_BOTTOM_TAPPABLE_ELEMENT, mFrame=[0,0][0,0], mVisible=true, mInsetsRoundedCornerFrame=false}, InsetsSource: {mType=ITYPE_IME, mFrame=[0,0][0,0], mVisibleFrame=[0,1409][1080,2400], mVisible=false, mInsetsRoundedCornerFrame=false} } host=com.lagradost.cloudstream3/com.lagradost.cloudstream3.MainActivity from=android.view.ViewRootImpl.setView:1732
10-08 14:21:44.101  7337  7337 I ViewRootImpl@b2b77b3[MainActivity]: setView = com.android.internal.policy.DecorView@813186c TM=true
10-08 14:21:44.102  7337  7337 D InsetsController: onStateChanged: InsetsState: {mDisplayFrame=Rect(0, 0 - 1080, 2400), mDisplayCutout=DisplayCutout{insets=Rect(0, 88 - 0, 0) waterfall=Insets{left=0, top=0, right=0, bottom=0} boundingRect={Bounds=[Rect(0, 0 - 0, 0), Rect(512, 0 - 568, 88), Rect(0, 0 - 0, 0), Rect(0, 0 - 0, 0)]} cutoutPathParserInfo={CutoutPathParserInfo{displayWidth=1080 displayHeight=2400 physicalDisplayWidth=1080 physicalDisplayHeight=2400 density={2.625} cutoutSpec={M 0,0 M 0,12.25101276465640 a 10.60613009248640,10.60613009248640 0 1,0 0,21.21226018497290 a 10.60613009248640,10.60613009248640 0 1,0 0,-21.21226018497290 Z @dp} rotation={0} scale={1.0} physicalPixelDisplaySizeRatio={1.0}}}}, mRoundedCorners=RoundedCorners{[RoundedCorner{position=TopLeft, radius=84, center=Point(84, 84)}, RoundedCorner{position=TopRight, radius=84, center=Point(996, 84)}, RoundedCorner{position=BottomRight, radius=84, center=Point(996, 2316)}, RoundedCorner{position=BottomLeft, radius=84, center=Point(84, 2316)}]}  mRoundedCornerFrame=Rect(0, 0 - 1080, 2400), mPrivacyIndicatorBounds=PrivacyIndicatorBounds {static bounds=Rect(964, 0 - 1080, 87) rotation=0}, mSources= { InsetsSource: {mType=ITYPE_STATUS_BAR, mFrame=[0,0][1080,88], mVisible=true, mInsetsRoundedCornerFrame=false}, InsetsSource: {mType=ITYPE_NAVIGATION_BAR, mFrame=[0,2361][1080,2400], mVisible=true, mInsetsRoundedCornerFrame=false}, InsetsSource: {mType=ITYPE_LEFT_GESTURES, mFrame=[0,0][130,2400], mVisible=true, mInsetsRoundedCornerFrame=false}, InsetsSource: {mType=ITYPE_RIGHT_GESTURES, mFrame=[950,0][1080,2400], mVisible=true, mInsetsRoundedCornerFrame=false}, InsetsSource: {mType=ITYPE_TOP_MANDATORY_GESTURES, mFrame=[0,0][1080,120], mVisible=true, mInsetsRoundedCornerFrame=false}, InsetsSource: {mType=ITYPE_BOTTOM_MANDATORY_GESTURES, mFrame=[0,2316][1080,2400], mVisible=true, mInsetsRoundedCornerFrame=false}, InsetsSource: {mType=ITYPE_LEFT_DISPLAY_CUTOUT, mFrame=[0,0][-100000,2400], mVisible=true, mInsetsRoundedCornerFrame=false}, InsetsSource: {mType=ITYPE_TOP_DISPLAY_CUTOUT, mFrame=[0,0][1080,88], mVisible=true, mInsetsRoundedCornerFrame=false}, InsetsSource: {mType=ITYPE_RIGHT_DISPLAY_CUTOUT, mFrame=[100000,0][1080,2400], mVisible=true, mInsetsRoundedCornerFrame=false}, InsetsSource: {mType=ITYPE_BOTTOM_DISPLAY_CUTOUT, mFrame=[0,100000][1080,2400], mVisible=true, mInsetsRoundedCornerFrame=false}, InsetsSource: {mType=ITYPE_TOP_TAPPABLE_ELEMENT, mFrame=[0,0][1080,88], mVisible=true, mInsetsRoundedCornerFrame=false}, InsetsSource: {mType=ITYPE_BOTTOM_TAPPABLE_ELEMENT, mFrame=[0,0][0,0], mVisible=true, mInsetsRoundedCornerFrame=false} } host=com.lagradost.cloudstream3/com.lagradost.cloudstream3.MainActivity from=android.view.ViewRootImpl$ViewRootHandler.handleMessageImpl:6740
10-08 14:21:44.108  7337  7337 I ViewRootImpl@b2b77b3[MainActivity]: performTraversals params={(0,0)(fillxfill) gr=CENTER sim={adjust=resize forwardNavigation} ty=APPLICATION fmt=TRANSPARENT wanim=0x7f14000b
10-08 14:21:44.108  7337  7337 I ViewRootImpl@b2b77b3[MainActivity]:   fl=85810100
10-08 14:21:44.108  7337  7337 I ViewRootImpl@b2b77b3[MainActivity]:   pfl=12020040
10-08 14:21:44.108  7337  7337 I ViewRootImpl@b2b77b3[MainActivity]:   vsysui=500
10-08 14:21:44.108  7337  7337 I ViewRootImpl@b2b77b3[MainActivity]:   bhv=DEFAULT
10-08 14:21:44.108  7337  7337 I ViewRootImpl@b2b77b3[MainActivity]:   fitSides= naviIconColor=0}
10-08 14:21:44.109  7337  7337 I ViewRootImpl@b2b77b3[MainActivity]: performTraversals mFirst=true windowShouldResize=true viewVisibilityChanged=false mForceNextWindowRelayout=false params={(0,0)(fillxfill) gr=CENTER sim={adjust=resize forwardNavigation} ty=APPLICATION fmt=TRANSPARENT wanim=0x7f14000b
10-08 14:21:44.109  7337  7337 I ViewRootImpl@b2b77b3[MainActivity]:   fl=85810100
10-08 14:21:44.109  7337  7337 I ViewRootImpl@b2b77b3[MainActivity]:   pfl=12020040
10-08 14:21:44.109  7337  7337 I ViewRootImpl@b2b77b3[MainActivity]:   vsysui=500
10-08 14:21:44.109  7337  7337 I ViewRootImpl@b2b77b3[MainActivity]:   bhv=DEFAULT
10-08 14:21:44.109  7337  7337 I ViewRootImpl@b2b77b3[MainActivity]:   fitSides= naviIconColor=0}
10-08 14:21:44.124  7337  7337 I ViewRootImpl@b2b77b3[MainActivity]: updateBlastSurfaceIfNeeded mBlastBufferQueue=null isSameSurfaceControl=false
10-08 14:21:44.124  7337  7337 I BLASTBufferQueue: new BLASTBufferQueue, mName= ViewRootImpl@b2b77b3[MainActivity] mNativeObject= 0x7bed8afa00 sc.mNativeObject= 0x7be179d900 caller= android.view.ViewRootImpl.updateBlastSurfaceIfNeeded:2909 android.view.ViewRootImpl.relayoutWindow:9847 android.view.ViewRootImpl.performTraversals:3884 android.view.ViewRootImpl.doTraversal:3116 android.view.ViewRootImpl$TraversalRunnable.run:10885 android.view.Choreographer$CallbackRecord.run:1301 android.view.Choreographer$CallbackRecord.run:1309 android.view.Choreographer.doCallbacks:923 android.view.Choreographer.doFrame:852 android.view.Choreographer$FrameDisplayEventReceiver.run:1283 
10-08 14:21:44.124  7337  7337 I BLASTBufferQueue: update, w= 1080 h= 2400 mName = ViewRootImpl@b2b77b3[MainActivity] mNativeObject= 0x7bed8afa00 sc.mNativeObject= 0x7be179d900 format= -2 caller= android.graphics.BLASTBufferQueue.<init>:84 android.view.ViewRootImpl.updateBlastSurfaceIfNeeded:2909 android.view.ViewRootImpl.relayoutWindow:9847 android.view.ViewRootImpl.performTraversals:3884 android.view.ViewRootImpl.doTraversal:3116 android.view.ViewRootImpl$TraversalRunnable.run:10885 
10-08 14:21:44.125  7337  7337 I ViewRootImpl@b2b77b3[MainActivity]: Relayout returned: old=(0,0,1080,2400) new=(0,0,1080,2400) req=(1080,2400)0 dur=15 res=0x3 s={true 0x7b4254c000} ch=true seqId=0
10-08 14:21:44.126  7337  7337 I ViewRootImpl@b2b77b3[MainActivity]: mThreadedRenderer.initialize() mSurface={isValid=true 0x7b4254c000} hwInitialized=true
10-08 14:21:44.127  7337  7363 D OpenGLRenderer: eglCreateWindowSurface
10-08 14:21:44.129  7337  7337 I ViewRootImpl@b2b77b3[MainActivity]: reportNextDraw android.view.ViewRootImpl.performTraversals:4438 android.view.ViewRootImpl.doTraversal:3116 android.view.ViewRootImpl$TraversalRunnable.run:10885 android.view.Choreographer$CallbackRecord.run:1301 android.view.Choreographer$CallbackRecord.run:1309 
10-08 14:21:44.129  7337  7337 I ViewRootImpl@b2b77b3[MainActivity]: Setup new sync id=0
10-08 14:21:44.129  7337  7337 I ViewRootImpl@b2b77b3[MainActivity]: Setting syncFrameCallback
10-08 14:21:44.129  7337  7337 I ViewRootImpl@b2b77b3[MainActivity]: registerCallbacksForSync syncBuffer=false
10-08 14:21:44.132  7337  7437 I ViewRootImpl@b2b77b3[MainActivity]: Received frameDrawingCallback syncResult=0 frameNum=1.
10-08 14:21:44.132  7337  7437 I ViewRootImpl@b2b77b3[MainActivity]: Setting up sync and frameCommitCallback
10-08 14:21:44.140  7337  7363 I BLASTBufferQueue: [ViewRootImpl@b2b77b3[MainActivity]#10](f:0,a:0) onFrameAvailable the first frame is available
10-08 14:21:44.140  7337  7363 I ViewRootImpl@b2b77b3[MainActivity]: Received frameCommittedCallback lastAttemptedDrawFrameNum=1 didProduceBuffer=true
10-08 14:21:44.143  7337  7363 D OpenGLRenderer: CFMS:: SetUp Pid : 7337    Tid : 7363
10-08 14:21:44.148  7337  7337 I ViewRootImpl@b2b77b3[MainActivity]: onSyncComplete
10-08 14:21:44.149  7337  7337 I ViewRootImpl@b2b77b3[MainActivity]: setupSync seqId=0 mSyncId=0 fn=1 caller=android.view.ViewRootImpl$$ExternalSyntheticLambda11.accept:6 android.window.SurfaceSyncer.lambda$setupSync$1$android-window-SurfaceSyncer:128 android.window.SurfaceSyncer$$ExternalSyntheticLambda1.accept:8 android.window.SurfaceSyncer$SyncSet.checkIfSyncIsComplete:382 android.window.SurfaceSyncer$SyncSet.markSyncReady:359 android.window.SurfaceSyncer.markSyncReady:151 android.view.ViewRootImpl.performTraversals:4503 
10-08 14:21:44.149  7337  7337 I ViewRootImpl@b2b77b3[MainActivity]: reportDrawFinished seqId=0 mSyncId=-1 fn=1 mSurfaceChangedTransaction=0x7b42585b00
10-08 14:21:44.150  7337  7337 I ViewRootImpl@da31563[MainActivity]: MSG_WINDOW_FOCUS_CHANGED 0 0
10-08 14:21:44.174  7337  7337 I ViewRootImpl@da31563[MainActivity]: MSG_WINDOW_FOCUS_CHANGED 0 0
