10-08 14:36:21.615 11531 11608 W System.err: 	at okhttp3.internal.http.RetryAndFollowUpInterceptor.intercept(RetryAndFollowUpInterceptor.kt:61)
10-08 14:36:21.615 11531 11608 W System.err: 	at okhttp3.internal.http.RealInterceptorChain.proceed(RealInterceptorChain.kt:109)
10-08 14:36:21.615 11531 11608 W System.err: 	at okhttp3.internal.connection.RealCall.getResponseWithInterceptorChain$okhttp(RealCall.kt:205)
10-08 14:36:21.615 11531 11608 W System.err: 	at okhttp3.internal.connection.RealCall$AsyncCall.run(RealCall.kt:543)
10-08 14:36:21.615 11531 11605 I System.out: Exception in NiceHttp: java.io.IOException Canceled
10-08 14:36:21.615 11531 11608 W System.err: 	at java.util.concurrent.ThreadPoolExecutor.runWorker(ThreadPoolExecutor.java:1156)
10-08 14:36:21.616 11531 11608 W System.err: 	at java.util.concurrent.ThreadPoolExecutor$Worker.run(ThreadPoolExecutor.java:651)
10-08 14:36:21.616 11531 11608 W System.err: 	at java.lang.Thread.run(Thread.java:1119)
10-08 14:36:21.616 11531 11595 D ApiError: safeApiCall: Parent job is Cancelling
10-08 14:36:21.616 11531 11606 W System.err: java.io.IOException: Canceled
10-08 14:36:21.616 11531 11606 W System.err: 	at okhttp3.internal.http.RetryAndFollowUpInterceptor.intercept(RetryAndFollowUpInterceptor.kt:61)
10-08 14:36:21.616 11531 11606 W System.err: 	at okhttp3.internal.http.RealInterceptorChain.proceed(RealInterceptorChain.kt:109)
10-08 14:36:21.616 11531 11606 W System.err: 	at com.lagradost.cloudstream3.network.CloudflareKiller$intercept$1.invokeSuspend(CloudflareKiller.kt:59)
10-08 14:36:21.616 11531 11606 W System.err: 	at kotlin.coroutines.jvm.internal.BaseContinuationImpl.resumeWith(ContinuationImpl.kt:33)
10-08 14:36:21.617 11531 11606 W System.err: 	at kotlinx.coroutines.DispatchedTask.run(DispatchedTask.kt:100)
10-08 14:36:21.617 11531 11606 W System.err: 	at kotlinx.coroutines.EventLoopImplBase.processNextEvent(EventLoop.common.kt:263)
10-08 14:36:21.617 11531 11606 W System.err: 	at kotlinx.coroutines.BlockingCoroutine.joinBlocking(Builders.kt:95)
10-08 14:36:21.617 11531 11606 W System.err: 	at kotlinx.coroutines.BuildersKt__BuildersKt.runBlocking(Builders.kt:69)
10-08 14:36:21.617 11531 11606 W System.err: 	at kotlinx.coroutines.BuildersKt.runBlocking(Unknown Source:1)
10-08 14:36:21.617 11531 11606 W System.err: 	at kotlinx.coroutines.BuildersKt__BuildersKt.runBlocking$default(Builders.kt:47)
10-08 14:36:21.617 11531 11606 W System.err: 	at kotlinx.coroutines.BuildersKt.runBlocking$default(Unknown Source:1)
10-08 14:36:21.617 11531 11606 W System.err: 	at com.lagradost.cloudstream3.network.CloudflareKiller.intercept(CloudflareKiller.kt:54)
10-08 14:36:21.617 11531 11606 W System.err: 	at okhttp3.internal.http.RealInterceptorChain.proceed(RealInterceptorChain.kt:109)
10-08 14:36:21.617 11531 11606 W System.err: 	at okhttp3.internal.connection.RealCall.getResponseWithInterceptorChain$okhttp(RealCall.kt:205)
10-08 14:36:21.617 11531 11606 W System.err: 	at okhttp3.internal.connection.RealCall$AsyncCall.run(RealCall.kt:543)
10-08 14:36:21.617 11531 11606 W System.err: 	at java.util.concurrent.ThreadPoolExecutor.runWorker(ThreadPoolExecutor.java:1156)
10-08 14:36:21.617 11531 11606 W System.err: 	at java.util.concurrent.ThreadPoolExecutor$Worker.run(ThreadPoolExecutor.java:651)
10-08 14:36:21.617 11531 11606 W System.err: 	at java.lang.Thread.run(Thread.java:1119)
10-08 14:36:21.619 11531 11597 W System.err: java.io.IOException: Canceled
10-08 14:36:21.619 11531 11597 W System.err: 	at okhttp3.internal.http.RetryAndFollowUpInterceptor.intercept(RetryAndFollowUpInterceptor.kt:61)
10-08 14:36:21.619 11531 11597 W System.err: 	at okhttp3.internal.http.RealInterceptorChain.proceed(RealInterceptorChain.kt:109)
10-08 14:36:21.619 11531 11597 W System.err: 	at okhttp3.internal.connection.RealCall.getResponseWithInterceptorChain$okhttp(RealCall.kt:205)
10-08 14:36:21.619 11531 11597 W System.err: 	at okhttp3.internal.connection.RealCall$AsyncCall.run(RealCall.kt:543)
10-08 14:36:21.620 11531 11597 W System.err: 	at java.util.concurrent.ThreadPoolExecutor.runWorker(ThreadPoolExecutor.java:1156)
10-08 14:36:21.620 11531 11597 W System.err: 	at java.util.concurrent.ThreadPoolExecutor$Worker.run(ThreadPoolExecutor.java:651)
10-08 14:36:21.620 11531 11597 W System.err: 	at java.lang.Thread.run(Thread.java:1119)
10-08 14:36:21.622 11531 11605 W System.err: java.io.IOException: Canceled
10-08 14:36:21.622 11531 11605 W System.err: 	at okhttp3.internal.http.RetryAndFollowUpInterceptor.intercept(RetryAndFollowUpInterceptor.kt:61)
10-08 14:36:21.622 11531 11605 W System.err: 	at okhttp3.internal.http.RealInterceptorChain.proceed(RealInterceptorChain.kt:109)
10-08 14:36:21.622 11531 11605 W System.err: 	at com.lagradost.cloudstream3.network.CloudflareKiller$intercept$1.invokeSuspend(CloudflareKiller.kt:59)
10-08 14:36:21.622 11531 11605 W System.err: 	at kotlin.coroutines.jvm.internal.BaseContinuationImpl.resumeWith(ContinuationImpl.kt:33)
10-08 14:36:21.622 11531 11605 W System.err: 	at kotlinx.coroutines.DispatchedTask.run(DispatchedTask.kt:100)
10-08 14:36:21.622 11531 11605 W System.err: 	at kotlinx.coroutines.EventLoopImplBase.processNextEvent(EventLoop.common.kt:263)
10-08 14:36:21.622 11531 11605 W System.err: 	at kotlinx.coroutines.BlockingCoroutine.joinBlocking(Builders.kt:95)
10-08 14:36:21.623 11531 11605 W System.err: 	at kotlinx.coroutines.BuildersKt__BuildersKt.runBlocking(Builders.kt:69)
10-08 14:36:21.623 11531 11605 W System.err: 	at kotlinx.coroutines.BuildersKt.runBlocking(Unknown Source:1)
10-08 14:36:21.623 11531 11605 W System.err: 	at kotlinx.coroutines.BuildersKt__BuildersKt.runBlocking$default(Builders.kt:47)
10-08 14:36:21.623 11531 11605 W System.err: 	at kotlinx.coroutines.BuildersKt.runBlocking$default(Unknown Source:1)
10-08 14:36:21.623 11531 11605 W System.err: 	at com.lagradost.cloudstream3.network.CloudflareKiller.intercept(CloudflareKiller.kt:54)
10-08 14:36:21.623 11531 11605 W System.err: 	at okhttp3.internal.http.RealInterceptorChain.proceed(RealInterceptorChain.kt:109)
10-08 14:36:21.623 11531 11605 W System.err: 	at okhttp3.internal.connection.RealCall.getResponseWithInterceptorChain$okhttp(RealCall.kt:205)
10-08 14:36:21.623 11531 11605 W System.err: 	at okhttp3.internal.connection.RealCall$AsyncCall.run(RealCall.kt:543)
10-08 14:36:21.623 11531 11605 W System.err: 	at java.util.concurrent.ThreadPoolExecutor.runWorker(ThreadPoolExecutor.java:1156)
10-08 14:36:21.623 11531 11605 W System.err: 	at java.util.concurrent.ThreadPoolExecutor$Worker.run(ThreadPoolExecutor.java:651)
10-08 14:36:21.623 11531 11605 W System.err: 	at java.lang.Thread.run(Thread.java:1119)
10-08 14:36:21.623 11531 11595 W System.err: kotlinx.coroutines.JobCancellationException: Parent job is Cancelling; job=BlockingCoroutine{Cancelling}@6e21ee1
10-08 14:36:21.624 11531 11595 W System.err: Caused by: org.jsoup.select.Selector$SelectorParseException: Did not find balanced marker at 'eval(function(p,a,c,k,e,d))'
10-08 14:36:21.624 11531 11595 W System.err: 	at org.jsoup.select.QueryParser.parse(QueryParser.java:49)
10-08 14:36:21.624 11531 11595 W System.err: 	at org.jsoup.select.Selector.selectFirst(Selector.java:197)
10-08 14:36:21.624 11531 11595 W System.err: 	at org.jsoup.nodes.Element.selectFirst(Element.java:537)
10-08 14:36:21.624 11531 11595 W System.err: 	at com.egydead.StreamHGBase.getUrl$suspendImpl(EgyDeadExtractors.kt:86)
10-08 14:36:21.624 11531 11595 W System.err: 	at com.egydead.StreamHGBase$getUrl$1.invokeSuspend(Unknown Source:18)
10-08 14:36:21.624 11531 11595 W System.err: 	at kotlin.coroutines.jvm.internal.BaseContinuationImpl.resumeWith(ContinuationImpl.kt:33)
10-08 14:36:21.624 11531 11595 W System.err: 	at kotlinx.coroutines.DispatchedTask.run(DispatchedTask.kt:100)
10-08 14:36:21.624 11531 11595 W System.err: 	at kotlinx.coroutines.EventLoopImplBase.processNextEvent(EventLoop.common.kt:263)
10-08 14:36:21.624 11531 11595 W System.err: 	at kotlinx.coroutines.BlockingCoroutine.joinBlocking(Builders.kt:95)
10-08 14:36:21.624 11531 11595 W System.err: 	at kotlinx.coroutines.BuildersKt__BuildersKt.runBlocking(Builders.kt:69)
10-08 14:36:21.624 11531 11595 W System.err: 	at kotlinx.coroutines.BuildersKt.runBlocking(Unknown Source:1)
10-08 14:36:21.624 11531 11595 W System.err: 	at kotlinx.coroutines.BuildersKt__BuildersKt.runBlocking$default(Builders.kt:47)
10-08 14:36:21.624 11531 11595 W System.err: 	at kotlinx.coroutines.BuildersKt.runBlocking$default(Unknown Source:1)
10-08 14:36:21.624 11531 11595 W System.err: 	at com.lagradost.cloudstream3.ParCollectionsKt.apmap(ParCollections.kt:49)
10-08 14:36:21.625 11531 11595 W System.err: 	at com.egydead.EgyDeadProvider.loadLinks(EgyDeadProvider.kt:166)
10-08 14:36:21.625 11531 11595 W System.err: 	at com.egydead.EgyDeadProvider$loadLinks$1.invokeSuspend(Unknown Source:18)
10-08 14:36:21.625 11531 11595 W System.err: 	at kotlin.coroutines.jvm.internal.BaseContinuationImpl.resumeWith(ContinuationImpl.kt:33)
10-08 14:36:21.625 11531 11595 W System.err: 	at kotlinx.coroutines.DispatchedTask.run(DispatchedTask.kt:100)
10-08 14:36:21.625 11531 11595 W System.err: 	at kotlinx.coroutines.internal.LimitedDispatcher$Worker.run(LimitedDispatcher.kt:113)
10-08 14:36:21.625 11531 11595 W System.err: 	at kotlinx.coroutines.scheduling.TaskImpl.run(Tasks.kt:89)
10-08 14:36:21.625 11531 11595 W System.err: 	at kotlinx.coroutines.scheduling.CoroutineScheduler.runSafely(CoroutineScheduler.kt:586)
10-08 14:36:21.625 11531 11595 W System.err: 	at kotlinx.coroutines.scheduling.CoroutineScheduler$Worker.executeTask(CoroutineScheduler.kt:820)
10-08 14:36:21.625 11531 11595 W System.err: 	at kotlinx.coroutines.scheduling.CoroutineScheduler$Worker.runWorker(CoroutineScheduler.kt:717)
10-08 14:36:21.625 11531 11595 W System.err: 	at kotlinx.coroutines.scheduling.CoroutineScheduler$Worker.run(CoroutineScheduler.kt:704)
10-08 14:36:21.625 11531 11595 D ApiError: -------------------------------------------------------------------
10-08 14:36:21.626 11531 11595 E SafeGetAsText: Request failed for https://dsvplay.com/e/ae5u4uswea05. Error: Parent job is Cancelling
10-08 14:36:21.626 11531 11595 E DoodStream: Response text was null or blank for https://dsvplay.com/e/ae5u4uswea05. Cloudflare bypass likely failed.
10-08 14:36:21.627 11531 11595 D ApiError: -------------------------------------------------------------------
10-08 14:36:21.627 11531 11595 D ApiError: safeApiCall: Parent job is Cancelling
10-08 14:36:21.627 11531 11595 D ApiError: safeApiCall: Parent job is Cancelling
10-08 14:36:21.628 11531 11595 W System.err: kotlinx.coroutines.JobCancellationException: Parent job is Cancelling; job=BlockingCoroutine{Cancelling}@6e21ee1
10-08 14:36:21.628 11531 11595 W System.err: Caused by: org.jsoup.select.Selector$SelectorParseException: Did not find balanced marker at 'eval(function(p,a,c,k,e,d))'
10-08 14:36:21.628 11531 11595 W System.err: 	at org.jsoup.select.QueryParser.parse(QueryParser.java:49)
10-08 14:36:21.628 11531 11595 W System.err: 	at org.jsoup.select.Selector.selectFirst(Selector.java:197)
10-08 14:36:21.628 11531 11595 W System.err: 	at org.jsoup.nodes.Element.selectFirst(Element.java:537)
10-08 14:36:21.628 11531 11595 W System.err: 	at com.egydead.StreamHGBase.getUrl$suspendImpl(EgyDeadExtractors.kt:86)
10-08 14:36:21.628 11531 11595 W System.err: 	at com.egydead.StreamHGBase$getUrl$1.invokeSuspend(Unknown Source:18)
10-08 14:36:21.628 11531 11595 W System.err: 	at kotlin.coroutines.jvm.internal.BaseContinuationImpl.resumeWith(ContinuationImpl.kt:33)
10-08 14:36:21.628 11531 11595 W System.err: 	at kotlinx.coroutines.DispatchedTask.run(DispatchedTask.kt:100)
10-08 14:36:21.628 11531 11595 W System.err: 	at kotlinx.coroutines.EventLoopImplBase.processNextEvent(EventLoop.common.kt:263)
10-08 14:36:21.629 11531 11595 W System.err: 	at kotlinx.coroutines.BlockingCoroutine.joinBlocking(Builders.kt:95)
10-08 14:36:21.629 11531 11595 W System.err: 	at kotlinx.coroutines.BuildersKt__BuildersKt.runBlocking(Builders.kt:69)
10-08 14:36:21.629 11531 11595 W System.err: 	at kotlinx.coroutines.BuildersKt.runBlocking(Unknown Source:1)
10-08 14:36:21.629 11531 11595 W System.err: 	at kotlinx.coroutines.BuildersKt__BuildersKt.runBlocking$default(Builders.kt:47)
10-08 14:36:21.629 11531 11595 W System.err: 	at kotlinx.coroutines.BuildersKt.runBlocking$default(Unknown Source:1)
10-08 14:36:21.629 11531 11595 W System.err: 	at com.lagradost.cloudstream3.ParCollectionsKt.apmap(ParCollections.kt:49)
10-08 14:36:21.629 11531 11595 W System.err: 	at com.egydead.EgyDeadProvider.loadLinks(EgyDeadProvider.kt:166)
10-08 14:36:21.629 11531 11595 W System.err: 	at com.egydead.EgyDeadProvider$loadLinks$1.invokeSuspend(Unknown Source:18)
10-08 14:36:21.629 11531 11595 W System.err: 	at kotlin.coroutines.jvm.internal.BaseContinuationImpl.resumeWith(ContinuationImpl.kt:33)
10-08 14:36:21.629 11531 11595 W System.err: 	at kotlinx.coroutines.DispatchedTask.run(DispatchedTask.kt:100)
10-08 14:36:21.629 11531 11595 W System.err: 	at kotlinx.coroutines.internal.LimitedDispatcher$Worker.run(LimitedDispatcher.kt:113)
10-08 14:36:21.629 11531 11595 W System.err: 	at kotlinx.coroutines.scheduling.TaskImpl.run(Tasks.kt:89)
10-08 14:36:21.629 11531 11595 W System.err: 	at kotlinx.coroutines.scheduling.CoroutineScheduler.runSafely(CoroutineScheduler.kt:586)
10-08 14:36:21.630 11531 11595 W System.err: 	at kotlinx.coroutines.scheduling.CoroutineScheduler$Worker.executeTask(CoroutineScheduler.kt:820)
10-08 14:36:21.630 11531 11595 W System.err: 	at kotlinx.coroutines.scheduling.CoroutineScheduler$Worker.runWorker(CoroutineScheduler.kt:717)
10-08 14:36:21.630 11531 11595 W System.err: 	at kotlinx.coroutines.scheduling.CoroutineScheduler$Worker.run(CoroutineScheduler.kt:704)
10-08 14:36:21.630 11531 11595 D ApiError: -------------------------------------------------------------------
10-08 14:36:21.631 11531 11595 D ApiError: -------------------------------------------------------------------
10-08 14:36:21.631 11531 11595 D ApiError: safeApiCall: Did not find balanced marker at 'eval(function(p,a,c,k,e,d))'
10-08 14:36:21.631 11531 11595 D ApiError: safeApiCall: Did not find balanced marker at 'eval(function(p,a,c,k,e,d))'
10-08 14:36:21.632 11531 11595 W System.err: org.jsoup.select.Selector$SelectorParseException: Did not find balanced marker at 'eval(function(p,a,c,k,e,d))'
10-08 14:36:21.632 11531 11595 W System.err: 	at org.jsoup.select.QueryParser.parse(QueryParser.java:49)
10-08 14:36:21.632 11531 11595 W System.err: 	at org.jsoup.select.Selector.selectFirst(Selector.java:197)
10-08 14:36:21.632 11531 11595 W System.err: 	at org.jsoup.nodes.Element.selectFirst(Element.java:537)
10-08 14:36:21.632 11531 11595 W System.err: 	at com.egydead.StreamHGBase.getUrl$suspendImpl(EgyDeadExtractors.kt:86)
10-08 14:36:21.632 11531 11595 W System.err: 	at com.egydead.StreamHGBase$getUrl$1.invokeSuspend(Unknown Source:18)
10-08 14:36:21.632 11531 11595 W System.err: 	at kotlin.coroutines.jvm.internal.BaseContinuationImpl.resumeWith(ContinuationImpl.kt:33)
10-08 14:36:21.632 11531 11595 W System.err: 	at kotlinx.coroutines.DispatchedTask.run(DispatchedTask.kt:100)
10-08 14:36:21.632 11531 11595 W System.err: 	at kotlinx.coroutines.EventLoopImplBase.processNextEvent(EventLoop.common.kt:263)
10-08 14:36:21.632 11531 11595 W System.err: 	at kotlinx.coroutines.BlockingCoroutine.joinBlocking(Builders.kt:95)
10-08 14:36:21.632 11531 11595 W System.err: 	at kotlinx.coroutines.BuildersKt__BuildersKt.runBlocking(Builders.kt:69)
10-08 14:36:21.632 11531 11595 W System.err: 	at kotlinx.coroutines.BuildersKt.runBlocking(Unknown Source:1)
10-08 14:36:21.632 11531 11595 W System.err: 	at kotlinx.coroutines.BuildersKt__BuildersKt.runBlocking$default(Builders.kt:47)
10-08 14:36:21.632 11531 11595 W System.err: 	at kotlinx.coroutines.BuildersKt.runBlocking$default(Unknown Source:1)
10-08 14:36:21.633 11531 11595 W System.err: 	at com.lagradost.cloudstream3.ParCollectionsKt.apmap(ParCollections.kt:49)
10-08 14:36:21.633 11531 11595 W System.err: 	at com.egydead.EgyDeadProvider.loadLinks(EgyDeadProvider.kt:166)
10-08 14:36:21.633 11531 11595 W System.err: 	at com.egydead.EgyDeadProvider$loadLinks$1.invokeSuspend(Unknown Source:18)
10-08 14:36:21.633 11531 11595 W System.err: 	at kotlin.coroutines.jvm.internal.BaseContinuationImpl.resumeWith(ContinuationImpl.kt:33)
10-08 14:36:21.633 11531 11595 W System.err: 	at kotlinx.coroutines.DispatchedTask.run(DispatchedTask.kt:100)
10-08 14:36:21.633 11531 11595 W System.err: 	at kotlinx.coroutines.internal.LimitedDispatcher$Worker.run(LimitedDispatcher.kt:113)
10-08 14:36:21.633 11531 11595 W System.err: 	at kotlinx.coroutines.scheduling.TaskImpl.run(Tasks.kt:89)
10-08 14:36:21.633 11531 11595 W System.err: 	at kotlinx.coroutines.scheduling.CoroutineScheduler.runSafely(CoroutineScheduler.kt:586)
10-08 14:36:21.633 11531 11595 W System.err: 	at kotlinx.coroutines.scheduling.CoroutineScheduler$Worker.executeTask(CoroutineScheduler.kt:820)
10-08 14:36:21.633 11531 11595 W System.err: 	at kotlinx.coroutines.scheduling.CoroutineScheduler$Worker.runWorker(CoroutineScheduler.kt:717)
10-08 14:36:21.633 11531 11595 W System.err: 	at kotlinx.coroutines.scheduling.CoroutineScheduler$Worker.run(CoroutineScheduler.kt:704)
10-08 14:36:21.633 11531 11595 D ApiError: -------------------------------------------------------------------
10-08 14:36:21.637 11531 11531 I MSHandlerLifeCycle: removeMultiSplitHandler: no exist. decor=DecorView@a7e0d0f[MainActivity]
10-08 14:36:21.638 11531 11557 D OpenGLRenderer: setSurface called with nullptr
10-08 14:36:21.638 11531 11557 D OpenGLRenderer: setSurface() destroyed EGLSurface
10-08 14:36:21.638 11531 11557 D OpenGLRenderer: destroyEglSurface
10-08 14:36:21.644 11531 11531 I ViewRootImpl@a4d6bd2[MainActivity]: dispatchDetachedFromWindow
10-08 14:36:21.665 11531 11531 D InputTransport: Input channel destroyed: '6394891', fd=119
10-08 14:36:21.667 11531 11531 I Dialog  : mIsDeviceDefault = false, mIsSamsungBasicInteraction = false, isMetaDataInActivity = false
10-08 14:36:21.699 11531 11531 I DecorView: [INFO] isPopOver=false config=false
10-08 14:36:21.699 11531 11531 I DecorView: updateCaptionType: isFloating=false isApplication=true hasWindowDecorCaption=false this=DecorView@f91ddd5[]
10-08 14:36:21.699 11531 11531 D DecorView: setCaptionType = 0, this = DecorView@f91ddd5[]
10-08 14:36:21.702 11531 11531 I DecorView: getCurrentDensityDpi: from app context. densityDpi=420 msg=resources_loaded
10-08 14:36:21.702 11531 11531 I DecorView: setWindowBackground: isPopOver=false color=0 d=android.graphics.drawable.ColorDrawable@ec34db
10-08 14:36:21.711 11531 11557 D NativeCustomFrequencyManager: [NativeCFMS] BpCustomFrequencyManager::BpCustomFrequencyManager()
10-08 14:36:21.712 11531 11531 I DecorView: notifyKeepScreenOnChanged: keepScreenOn=false
10-08 14:36:21.721 11531 11531 D InsetsController: onStateChanged: InsetsState: {mDisplayFrame=Rect(0, 0 - 1080, 2400), mDisplayCutout=DisplayCutout{insets=Rect(0, 88 - 0, 0) waterfall=Insets{left=0, top=0, right=0, bottom=0} boundingRect={Bounds=[Rect(0, 0 - 0, 0), Rect(512, 0 - 568, 88), Rect(0, 0 - 0, 0), Rect(0, 0 - 0, 0)]} cutoutPathParserInfo={CutoutPathParserInfo{displayWidth=1080 displayHeight=2400 physicalDisplayWidth=1080 physicalDisplayHeight=2400 density={2.625} cutoutSpec={M 0,0 M 0,12.25101276465640 a 10.60613009248640,10.60613009248640 0 1,0 0,21.21226018497290 a 10.60613009248640,10.60613009248640 0 1,0 0,-21.21226018497290 Z @dp} rotation={0} scale={1.0} physicalPixelDisplaySizeRatio={1.0}}}}, mRoundedCorners=RoundedCorners{[RoundedCorner{position=TopLeft, radius=84, center=Point(84, 84)}, RoundedCorner{position=TopRight, radius=84, center=Point(996, 84)}, RoundedCorner{position=BottomRight, radius=84, center=Point(996, 2316)}, RoundedCorner{position=BottomLeft, radius=84, center=Point(84, 2316)}]}  mRoundedCornerFrame=Rect(0, 0 - 1080, 2400), mPrivacyIndicatorBounds=PrivacyIndicatorBounds {static bounds=Rect(964, 0 - 1080, 87) rotation=0}, mSources= { InsetsSource: {mType=ITYPE_STATUS_BAR, mFrame=[0,0][1080,88], mVisible=true, mInsetsRoundedCornerFrame=false}, InsetsSource: {mType=ITYPE_NAVIGATION_BAR, mFrame=[0,2361][1080,2400], mVisible=true, mInsetsRoundedCornerFrame=false}, InsetsSource: {mType=ITYPE_LEFT_GESTURES, mFrame=[0,0][130,2400], mVisible=true, mInsetsRoundedCornerFrame=false}, InsetsSource: {mType=ITYPE_RIGHT_GESTURES, mFrame=[950,0][1080,2400], mVisible=true, mInsetsRoundedCornerFrame=false}, InsetsSource: {mType=ITYPE_TOP_MANDATORY_GESTURES, mFrame=[0,0][1080,120], mVisible=true, mInsetsRoundedCornerFrame=false}, InsetsSource: {mType=ITYPE_BOTTOM_MANDATORY_GESTURES, mFrame=[0,2316][1080,2400], mVisible=true, mInsetsRoundedCornerFrame=false}, InsetsSource: {mType=ITYPE_LEFT_DISPLAY_CUTOUT, mFrame=[0,0][-100000,2400], mVisible=true, mInsetsRoundedCornerFrame=false}, InsetsSource: {mType=ITYPE_TOP_DISPLAY_CUTOUT, mFrame=[0,0][1080,88], mVisible=true, mInsetsRoundedCornerFrame=false}, InsetsSource: {mType=ITYPE_RIGHT_DISPLAY_CUTOUT, mFrame=[100000,0][1080,2400], mVisible=true, mInsetsRoundedCornerFrame=false}, InsetsSource: {mType=ITYPE_BOTTOM_DISPLAY_CUTOUT, mFrame=[0,100000][1080,2400], mVisible=true, mInsetsRoundedCornerFrame=false}, InsetsSource: {mType=ITYPE_TOP_TAPPABLE_ELEMENT, mFrame=[0,0][1080,88], mVisible=true, mInsetsRoundedCornerFrame=false}, InsetsSource: {mType=ITYPE_BOTTOM_TAPPABLE_ELEMENT, mFrame=[0,0][0,0], mVisible=true, mInsetsRoundedCornerFrame=false}, InsetsSource: {mType=ITYPE_IME, mFrame=[0,0][0,0], mVisibleFrame=[0,1409][1080,2400], mVisible=false, mInsetsRoundedCornerFrame=false} } host=com.lagradost.cloudstream3/com.lagradost.cloudstream3.MainActivity from=android.view.ViewRootImpl.setView:1732
10-08 14:36:21.722 11531 11531 I ViewRootImpl@5503190[MainActivity]: setView = com.android.internal.policy.DecorView@f91ddd5 TM=true
10-08 14:36:21.731 11531 11531 I ViewRootImpl@5503190[MainActivity]: performTraversals params={(0,0)(fillxfill) gr=CENTER sim={adjust=resize forwardNavigation} ty=APPLICATION fmt=TRANSPARENT wanim=0x7f14000b
10-08 14:36:21.731 11531 11531 I ViewRootImpl@5503190[MainActivity]:   fl=85810100
10-08 14:36:21.731 11531 11531 I ViewRootImpl@5503190[MainActivity]:   pfl=12020040
10-08 14:36:21.731 11531 11531 I ViewRootImpl@5503190[MainActivity]:   vsysui=500
10-08 14:36:21.731 11531 11531 I ViewRootImpl@5503190[MainActivity]:   bhv=DEFAULT
10-08 14:36:21.731 11531 11531 I ViewRootImpl@5503190[MainActivity]:   fitSides= naviIconColor=0}
10-08 14:36:21.732 11531 11531 I ViewRootImpl@5503190[MainActivity]: performTraversals mFirst=true windowShouldResize=true viewVisibilityChanged=false mForceNextWindowRelayout=false params={(0,0)(fillxfill) gr=CENTER sim={adjust=resize forwardNavigation} ty=APPLICATION fmt=TRANSPARENT wanim=0x7f14000b
10-08 14:36:21.732 11531 11531 I ViewRootImpl@5503190[MainActivity]:   fl=85810100
10-08 14:36:21.732 11531 11531 I ViewRootImpl@5503190[MainActivity]:   pfl=12020040
10-08 14:36:21.732 11531 11531 I ViewRootImpl@5503190[MainActivity]:   vsysui=500
10-08 14:36:21.732 11531 11531 I ViewRootImpl@5503190[MainActivity]:   bhv=DEFAULT
10-08 14:36:21.732 11531 11531 I ViewRootImpl@5503190[MainActivity]:   fitSides= naviIconColor=0}
10-08 14:36:21.741 11531 11531 I ViewRootImpl@5503190[MainActivity]: updateBlastSurfaceIfNeeded mBlastBufferQueue=null isSameSurfaceControl=false
10-08 14:36:21.742 11531 11531 I BLASTBufferQueue: new BLASTBufferQueue, mName= ViewRootImpl@5503190[MainActivity] mNativeObject= 0x7bdd571a00 sc.mNativeObject= 0x7b2d698a60 caller= android.view.ViewRootImpl.updateBlastSurfaceIfNeeded:2909 android.view.ViewRootImpl.relayoutWindow:9847 android.view.ViewRootImpl.performTraversals:3884 android.view.ViewRootImpl.doTraversal:3116 android.view.ViewRootImpl$TraversalRunnable.run:10885 android.view.Choreographer$CallbackRecord.run:1301 android.view.Choreographer$CallbackRecord.run:1309 android.view.Choreographer.doCallbacks:923 android.view.Choreographer.doFrame:852 android.view.Choreographer$FrameDisplayEventReceiver.run:1283 
10-08 14:36:21.742 11531 11531 I BLASTBufferQueue: update, w= 1080 h= 2400 mName = ViewRootImpl@5503190[MainActivity] mNativeObject= 0x7bdd571a00 sc.mNativeObject= 0x7b2d698a60 format= -2 caller= android.graphics.BLASTBufferQueue.<init>:84 android.view.ViewRootImpl.updateBlastSurfaceIfNeeded:2909 android.view.ViewRootImpl.relayoutWindow:9847 android.view.ViewRootImpl.performTraversals:3884 android.view.ViewRootImpl.doTraversal:3116 android.view.ViewRootImpl$TraversalRunnable.run:10885 
10-08 14:36:21.743 11531 11531 I ViewRootImpl@5503190[MainActivity]: Relayout returned: old=(0,0,1080,2400) new=(0,0,1080,2400) req=(1080,2400)0 dur=9 res=0x3 s={true 0x7bdd367000} ch=true seqId=0
10-08 14:36:21.743 11531 11531 I ViewRootImpl@5503190[MainActivity]: mThreadedRenderer.initialize() mSurface={isValid=true 0x7bdd367000} hwInitialized=true
10-08 14:36:21.744 11531 11557 D OpenGLRenderer: eglCreateWindowSurface
10-08 14:36:21.748 11531 11531 D AbsListView:  in onLayout changed 
10-08 14:36:21.749 11531 11531 I ViewRootImpl@5503190[MainActivity]: reportNextDraw android.view.ViewRootImpl.performTraversals:4438 android.view.ViewRootImpl.doTraversal:3116 android.view.ViewRootImpl$TraversalRunnable.run:10885 android.view.Choreographer$CallbackRecord.run:1301 android.view.Choreographer$CallbackRecord.run:1309 
10-08 14:36:21.750 11531 11531 I ViewRootImpl@5503190[MainActivity]: Setup new sync id=0
10-08 14:36:21.750 11531 11531 I ViewRootImpl@5503190[MainActivity]: Setting syncFrameCallback
10-08 14:36:21.750 11531 11531 I ViewRootImpl@5503190[MainActivity]: registerCallbacksForSync syncBuffer=false
10-08 14:36:21.751 11531 11635 I ViewRootImpl@5503190[MainActivity]: Received frameDrawingCallback syncResult=0 frameNum=1.
10-08 14:36:21.752 11531 11635 I ViewRootImpl@5503190[MainActivity]: Setting up sync and frameCommitCallback
10-08 14:36:21.757 11531 11557 I BLASTBufferQueue: [ViewRootImpl@5503190[MainActivity]#10](f:0,a:0) onFrameAvailable the first frame is available
10-08 14:36:21.758 11531 11557 I ViewRootImpl@5503190[MainActivity]: Received frameCommittedCallback lastAttemptedDrawFrameNum=1 didProduceBuffer=true
10-08 14:36:21.760 11531 11557 D OpenGLRenderer: CFMS:: SetUp Pid : 11531    Tid : 11557
10-08 14:36:21.764 11531 11531 I ViewRootImpl@5503190[MainActivity]: onSyncComplete
10-08 14:36:21.764 11531 11531 I ViewRootImpl@5503190[MainActivity]: setupSync seqId=0 mSyncId=0 fn=1 caller=android.view.ViewRootImpl$$ExternalSyntheticLambda11.accept:6 android.window.SurfaceSyncer.lambda$setupSync$1$android-window-SurfaceSyncer:128 android.window.SurfaceSyncer$$ExternalSyntheticLambda1.accept:8 android.window.SurfaceSyncer$SyncSet.checkIfSyncIsComplete:382 android.window.SurfaceSyncer$SyncSet.markSyncReady:359 android.window.SurfaceSyncer.markSyncReady:151 android.view.ViewRootImpl.performTraversals:4503 
10-08 14:36:21.765 11531 11531 I ViewRootImpl@5503190[MainActivity]: reportDrawFinished seqId=0 mSyncId=-1 fn=1 mSurfaceChangedTransaction=0x7b3fce9e00
10-08 14:36:21.766 11531 11531 D InsetsController: onStateChanged: InsetsState: {mDisplayFrame=Rect(0, 0 - 1080, 2400), mDisplayCutout=DisplayCutout{insets=Rect(0, 88 - 0, 0) waterfall=Insets{left=0, top=0, right=0, bottom=0} boundingRect={Bounds=[Rect(0, 0 - 0, 0), Rect(512, 0 - 568, 88), Rect(0, 0 - 0, 0), Rect(0, 0 - 0, 0)]} cutoutPathParserInfo={CutoutPathParserInfo{displayWidth=1080 displayHeight=2400 physicalDisplayWidth=1080 physicalDisplayHeight=2400 density={2.625} cutoutSpec={M 0,0 M 0,12.25101276465640 a 10.60613009248640,10.60613009248640 0 1,0 0,21.21226018497290 a 10.60613009248640,10.60613009248640 0 1,0 0,-21.21226018497290 Z @dp} rotation={0} scale={1.0} physicalPixelDisplaySizeRatio={1.0}}}}, mRoundedCorners=RoundedCorners{[RoundedCorner{position=TopLeft, radius=84, center=Point(84, 84)}, RoundedCorner{position=TopRight, radius=84, center=Point(996, 84)}, RoundedCorner{position=BottomRight, radius=84, center=Point(996, 2316)}, RoundedCorner{position=BottomLeft, radius=84, center=Point(84, 2316)}]}  mRoundedCornerFrame=Rect(0, 0 - 1080, 2400), mPrivacyIndicatorBounds=PrivacyIndicatorBounds {static bounds=Rect(964, 0 - 1080, 87) rotation=0}, mSources= { InsetsSource: {mType=ITYPE_STATUS_BAR, mFrame=[0,0][1080,88], mVisible=true, mInsetsRoundedCornerFrame=false}, InsetsSource: {mType=ITYPE_NAVIGATION_BAR, mFrame=[0,2361][1080,2400], mVisible=true, mInsetsRoundedCornerFrame=false}, InsetsSource: {mType=ITYPE_LEFT_GESTURES, mFrame=[0,0][130,2400], mVisible=true, mInsetsRoundedCornerFrame=false}, InsetsSource: {mType=ITYPE_RIGHT_GESTURES, mFrame=[950,0][1080,2400], mVisible=true, mInsetsRoundedCornerFrame=false}, InsetsSource: {mType=ITYPE_TOP_MANDATORY_GESTURES, mFrame=[0,0][1080,120], mVisible=true, mInsetsRoundedCornerFrame=false}, InsetsSource: {mType=ITYPE_BOTTOM_MANDATORY_GESTURES, mFrame=[0,2316][1080,2400], mVisible=true, mInsetsRoundedCornerFrame=false}, InsetsSource: {mType=ITYPE_LEFT_DISPLAY_CUTOUT, mFrame=[0,0][-100000,2400], mVisible=true, mInsetsRoundedCornerFrame=false}, InsetsSource: {mType=ITYPE_TOP_DISPLAY_CUTOUT, mFrame=[0,0][1080,88], mVisible=true, mInsetsRoundedCornerFrame=false}, InsetsSource: {mType=ITYPE_RIGHT_DISPLAY_CUTOUT, mFrame=[100000,0][1080,2400], mVisible=true, mInsetsRoundedCornerFrame=false}, InsetsSource: {mType=ITYPE_BOTTOM_DISPLAY_CUTOUT, mFrame=[0,100000][1080,2400], mVisible=true, mInsetsRoundedCornerFrame=false}, InsetsSource: {mType=ITYPE_TOP_TAPPABLE_ELEMENT, mFrame=[0,0][1080,88], mVisible=true, mInsetsRoundedCornerFrame=false}, InsetsSource: {mType=ITYPE_BOTTOM_TAPPABLE_ELEMENT, mFrame=[0,0][0,0], mVisible=true, mInsetsRoundedCornerFrame=false} } host=com.lagradost.cloudstream3/com.lagradost.cloudstream3.MainActivity from=android.view.ViewRootImpl$ViewRootHandler.handleMessageImpl:6740
10-08 14:36:21.768 11531 11531 I ViewRootImpl@49f6cb7[MainActivity]: MSG_WINDOW_FOCUS_CHANGED 0 0
10-08 14:36:21.778 11531 11531 I ViewRootImpl@49f6cb7[MainActivity]: MSG_WINDOW_FOCUS_CHANGED 0 0
10-08 14:36:21.828 11531 11531 I ViewRootImpl@5503190[MainActivity]: MSG_WINDOW_FOCUS_CHANGED 1 0
10-08 14:36:21.828 11531 11531 I ViewRootImpl@5503190[MainActivity]: mThreadedRenderer.initializeIfNeeded()#2 mSurface={isValid=true 0x7bdd367000}
10-08 14:36:21.829 11531 11531 D InputMethodManager: startInputInner - Id : 0
10-08 14:36:21.830 11531 11531 I InputMethodManager: startInputInner - mService.startInputOrWindowGainedFocus
10-08 14:36:25.197 11531 11531 I ViewRootImpl@5503190[MainActivity]: ViewPostIme pointer 0
10-08 14:36:25.270 11531 11531 I ViewRootImpl@5503190[MainActivity]: ViewPostIme pointer 1
10-08 14:36:25.276 11531 11531 I MSHandlerLifeCycle: removeMultiSplitHandler: no exist. decor=DecorView@f91ddd5[MainActivity]
10-08 14:36:25.277 11531 11557 D OpenGLRenderer: setSurface called with nullptr
10-08 14:36:25.277 11531 11557 D OpenGLRenderer: setSurface() destroyed EGLSurface
10-08 14:36:25.278 11531 11557 D OpenGLRenderer: destroyEglSurface
10-08 14:36:25.280 11531 11531 I ViewRootImpl@5503190[MainActivity]: dispatchDetachedFromWindow
10-08 14:36:25.310 11531 11531 D InputTransport: Input channel destroyed: '44fba8a', fd=113
10-08 14:36:25.316 11531 11531 D InsetsController: onStateChanged: InsetsState: {mDisplayFrame=Rect(0, 0 - 1080, 2400), mDisplayCutout=DisplayCutout{insets=Rect(0, 88 - 0, 0) waterfall=Insets{left=0, top=0, right=0, bottom=0} boundingRect={Bounds=[Rect(0, 0 - 0, 0), Rect(512, 0 - 568, 88), Rect(0, 0 - 0, 0), Rect(0, 0 - 0, 0)]} cutoutPathParserInfo={CutoutPathParserInfo{displayWidth=1080 displayHeight=2400 physicalDisplayWidth=1080 physicalDisplayHeight=2400 density={2.625} cutoutSpec={M 0,0 M 0,12.25101276465640 a 10.60613009248640,10.60613009248640 0 1,0 0,21.21226018497290 a 10.60613009248640,10.60613009248640 0 1,0 0,-21.21226018497290 Z @dp} rotation={0} scale={1.0} physicalPixelDisplaySizeRatio={1.0}}}}, mRoundedCorners=RoundedCorners{[RoundedCorner{position=TopLeft, radius=84, center=Point(84, 84)}, RoundedCorner{position=TopRight, radius=84, center=Point(996, 84)}, RoundedCorner{position=BottomRight, radius=84, center=Point(996, 2316)}, RoundedCorner{position=BottomLeft, radius=84, center=Point(84, 2316)}]}  mRoundedCornerFrame=Rect(0, 0 - 1080, 2400), mPrivacyIndicatorBounds=PrivacyIndicatorBounds {static bounds=Rect(964, 0 - 1080, 87) rotation=0}, mSources= { InsetsSource: {mType=ITYPE_STATUS_BAR, mFrame=[0,0][1080,88], mVisible=true, mInsetsRoundedCornerFrame=false}, InsetsSource: {mType=ITYPE_NAVIGATION_BAR, mFrame=[0,2361][1080,2400], mVisible=true, mInsetsRoundedCornerFrame=false}, InsetsSource: {mType=ITYPE_LEFT_GESTURES, mFrame=[0,0][130,2400], mVisible=true, mInsetsRoundedCornerFrame=false}, InsetsSource: {mType=ITYPE_RIGHT_GESTURES, mFrame=[950,0][1080,2400], mVisible=true, mInsetsRoundedCornerFrame=false}, InsetsSource: {mType=ITYPE_TOP_MANDATORY_GESTURES, mFrame=[0,0][1080,120], mVisible=true, mInsetsRoundedCornerFrame=false}, InsetsSource: {mType=ITYPE_BOTTOM_MANDATORY_GESTURES, mFrame=[0,2316][1080,2400], mVisible=true, mInsetsRoundedCornerFrame=false}, InsetsSource: {mType=ITYPE_LEFT_DISPLAY_CUTOUT, mFrame=[0,0][-100000,2400], mVisible=true, mInsetsRoundedCornerFrame=false}, InsetsSource: {mType=ITYPE_TOP_DISPLAY_CUTOUT, mFrame=[0,0][1080,88], mVisible=true, mInsetsRoundedCornerFrame=false}, InsetsSource: {mType=ITYPE_RIGHT_DISPLAY_CUTOUT, mFrame=[100000,0][1080,2400], mVisible=true, mInsetsRoundedCornerFrame=false}, InsetsSource: {mType=ITYPE_BOTTOM_DISPLAY_CUTOUT, mFrame=[0,100000][1080,2400], mVisible=true, mInsetsRoundedCornerFrame=false}, InsetsSource: {mType=ITYPE_TOP_TAPPABLE_ELEMENT, mFrame=[0,0][1080,88], mVisible=true, mInsetsRoundedCornerFrame=false}, InsetsSource: {mType=ITYPE_BOTTOM_TAPPABLE_ELEMENT, mFrame=[0,0][0,0], mVisible=true, mInsetsRoundedCornerFrame=false} } host=com.lagradost.cloudstream3/com.lagradost.cloudstream3.MainActivity from=android.view.ViewRootImpl$ViewRootHandler.handleMessageImpl:6740
10-08 14:36:25.343 11531 11531 I ViewRootImpl@49f6cb7[MainActivity]: MSG_WINDOW_FOCUS_CHANGED 1 0
10-08 14:36:25.344 11531 11531 I ViewRootImpl@49f6cb7[MainActivity]: mThreadedRenderer.initializeIfNeeded()#2 mSurface={isValid=true 0x7b5ed64800}
10-08 14:36:25.361 11531 11531 D InputMethodManager: startInputInner - Id : 0
10-08 14:36:25.362 11531 11531 I InputMethodManager: startInputInner - mService.startInputOrWindowGainedFocus
10-08 14:36:25.974 11531 11531 I ViewRootImpl@49f6cb7[MainActivity]: ViewPostIme pointer 0
10-08 14:36:26.035 11531 11531 W PanelsChildGestureRegionObserver: failed to register view with ID 2131362800. already registered
10-08 14:36:26.041 11531 11531 W PanelsChildGestureRegionObserver: failed to register view with ID 2131362800. already registered
10-08 14:36:26.055 11531 11531 W PanelsChildGestureRegionObserver: failed to register view with ID 2131362800. already registered
10-08 14:36:26.060 11531 11531 D WindowOnBackDispatcher: onBackInvoked, viewRoot=ViewRootImpl@5503190[MainActivity], callback=androidx.activity.OnBackPressedDispatcher$Api33Impl$$ExternalSyntheticLambda0@7004a66
10-08 14:36:26.079 11531 11531 I IMM_LC  : hsifw() - flag : 0
10-08 14:36:26.079 11531 11531 I IMM_LC  : hsifw() - mService.hideSoftInput
10-08 14:36:26.085 11531 11531 I CS3ExoPlayer: onStop
10-08 14:36:26.086 11531 11531 I CS3ExoPlayer: saveData
10-08 14:36:26.086 11531 11531 I CS3ExoPlayer: handleEvent Pause
10-08 14:36:26.180 11531 11531 W PanelsChildGestureRegionObserver: failed to register view with ID 2131362800. already registered
10-08 14:36:26.524 11531 11531 W PanelsChildGestureRegionObserver: failed to register view with ID 2131362800. already registered
10-08 14:36:26.540 11531 11633 D SurfaceView@6eae7b8: updateSurfacePosition RenderWorker, frameNr = 722, position = [54, 314, 1026, 787] surfaceSize = 1080x525
10-08 14:36:26.540 11531 11633 I SurfaceView@6eae7b8: uSP: rtp = Rect(54, 314 - 1026, 787) rtsw = 1080 rtsh = 525
10-08 14:36:26.540 11531 11633 I SurfaceView@6eae7b8: onSSPAndSRT: pl = 54 pt = 314 sx = 0.9 sy = 0.9009524
10-08 14:36:26.540 11531 11633 I SurfaceView@6eae7b8: aOrMT: ViewRootImpl@49f6cb7[MainActivity] t = android.view.SurfaceControl$Transaction@21737a3 fN = 722 android.view.SurfaceView.-$$Nest$mapplyOrMergeTransaction:0 android.view.SurfaceView$SurfaceViewPositionUpdateListener.positionChanged:1537 android.graphics.RenderNode$CompositePositionUpdateListener.positionChanged:373 
10-08 14:36:26.541 11531 11633 I ViewRootImpl@49f6cb7[MainActivity]: mWNT: t=0x7b2d7fb700 mBlastBufferQueue=0x7b3fa88000 fn= 722 caller= android.view.SurfaceView.applyOrMergeTransaction:1455 android.view.SurfaceView.-$$Nest$mapplyOrMergeTransaction:0 android.view.SurfaceView$SurfaceViewPositionUpdateListener.positionChanged:1537 
10-08 14:36:26.541 11531 11531 I SurfaceView@6eae7b8: onWindowVisibilityChanged(8) false android.view.SurfaceView{6eae7b8 V.E..V... ........ 0,0-1080,525} of ViewRootImpl@49f6cb7[MainActivity]
10-08 14:36:26.542 11531 11531 I SurfaceView@6eae7b8: Changes: creating=false format=false size=false visible=true alpha=false hint=false mUseAlpha=false visible=true left=false top=false
10-08 14:36:26.542 11531 11531 I SurfaceView@6eae7b8: 116058040 Cur surface: Surface(name=null)/@0x7afe421
10-08 14:36:26.542 11531 11531 I SurfaceView@6eae7b8: applyTransactionOnVriDraw: vri = ViewRootImpl@49f6cb7[MainActivity] fRS = false t = 0x7b147f4b00 android.view.SurfaceView.performSurfaceTransaction:959 android.view.SurfaceView.updateSurface:1105 android.view.SurfaceView.onWindowVisibilityChanged:371 
10-08 14:36:26.542 11531 11531 I ViewRootImpl@49f6cb7[MainActivity]: applyTransactionOnDraw: mRemoved = false isHardwareEnabled = true t = 0x7b147f4b00android.view.SurfaceView.applyTransactionOnVriDraw:2048 android.view.SurfaceView.performSurfaceTransaction:959 android.view.SurfaceView.updateSurface:1105 android.view.SurfaceView.onWindowVisibilityChanged:371 android.view.View.dispatchDetachedFromWindow:22529 
10-08 14:36:26.542 11531 11531 I SurfaceView@6eae7b8: surfaceDestroyed
10-08 14:36:26.542 11531 11531 I SurfaceView@6eae7b8: surfaceDestroyed callback.size 0 #2 android.view.SurfaceView{6eae7b8 V.E..V... ........ 0,0-1080,525}
10-08 14:36:26.542 11531 11531 I SurfaceView@6eae7b8: updateSurface: mVisible = false mSurface.isValid() = true
10-08 14:36:26.543 11531 11531 I SurfaceView@6eae7b8: releaseSurfaces: viewRoot = ViewRootImpl@49f6cb7[MainActivity]
10-08 14:36:26.543 11531 11531 I SurfaceView@6eae7b8: applyTransactionOnVriDraw: vri = ViewRootImpl@49f6cb7[MainActivity] fRS = true t = 0x7b147f4c00 android.view.SurfaceView.releaseSurfaces:858 android.view.SurfaceView.updateSurface:1172 android.view.SurfaceView.onWindowVisibilityChanged:371 
10-08 14:36:26.543 11531 11531 I SurfaceView@6eae7b8: applyTransactionOnVriDraw: viewRoot.applyTransactionOnDrawFromReleaseSurfaces
10-08 14:36:26.543 11531 11531 I ViewRootImpl@49f6cb7[MainActivity]: applyTransactionOnDraw: mRemoved = false isHardwareEnabled = true t = 0x7b147f4c00android.view.ViewRootImpl.applyTransactionOnDrawFromReleaseSurfaces:12850 android.view.SurfaceView.applyTransactionOnVriDraw:2046 android.view.SurfaceView.releaseSurfaces:858 android.view.SurfaceView.updateSurface:1172 android.view.SurfaceView.onWindowVisibilityChanged:371 
10-08 14:36:26.543 11531 11531 V SurfaceView@6eae7b8: Layout: x=0 y=218 w=1080 h=525, frame=Rect(0, 0 - 1080, 525)
10-08 14:36:26.543 11531 11531 I SurfaceView@6eae7b8: onDetachedFromWindow: tryReleaseSurfaces()
10-08 14:36:26.543 11531 11531 I SurfaceView@6eae7b8: releaseSurfaces: viewRoot = ViewRootImpl@49f6cb7[MainActivity]
10-08 14:36:26.543 11531 11531 I SurfaceView@6eae7b8: applyTransactionOnVriDraw: vri = ViewRootImpl@49f6cb7[MainActivity] fRS = true t = 0x7b147f4d00 android.view.SurfaceView.releaseSurfaces:858 android.view.SurfaceView.onDetachedFromWindow:500 android.view.View.dispatchDetachedFromWindow:22538 
10-08 14:36:26.543 11531 11531 I SurfaceView@6eae7b8: applyTransactionOnVriDraw: viewRoot.applyTransactionOnDrawFromReleaseSurfaces
10-08 14:36:26.543 11531 11531 I ViewRootImpl@49f6cb7[MainActivity]: applyTransactionOnDraw: mRemoved = false isHardwareEnabled = true t = 0x7b147f4d00android.view.ViewRootImpl.applyTransactionOnDrawFromReleaseSurfaces:12850 android.view.SurfaceView.applyTransactionOnVriDraw:2046 android.view.SurfaceView.releaseSurfaces:858 android.view.SurfaceView.onDetachedFromWindow:500 android.view.View.dispatchDetachedFromWindow:22538 
10-08 14:36:26.554 11531 11531 I DecorView: notifyKeepScreenOnChanged: keepScreenOn=false
10-08 14:36:26.556 11531 11531 I CS3ExoPlayer: releasePlayer
10-08 14:36:26.556 11531 11531 I CS3ExoPlayer: Handle event: PlayerAttachedEvent(player=null, source=Player)
10-08 14:36:26.557 11531 11531 I DecorView: notifyKeepScreenOnChanged: keepScreenOn=false
10-08 14:36:26.559 11531 11531 I ViewRootImpl@49f6cb7[MainActivity]: performTraversals params={(0,0)(fillxfill) sim={state=always_hidden adjust=resize} ty=BASE_APPLICATION wanim=0x1030309
10-08 14:36:26.559 11531 11531 I ViewRootImpl@49f6cb7[MainActivity]:   fl=85810100
10-08 14:36:26.559 11531 11531 I ViewRootImpl@49f6cb7[MainActivity]:   pfl=12020040
10-08 14:36:26.559 11531 11531 I ViewRootImpl@49f6cb7[MainActivity]:   vsysui=500
10-08 14:36:26.559 11531 11531 I ViewRootImpl@49f6cb7[MainActivity]:   bhv=DEFAULT
10-08 14:36:26.559 11531 11531 I ViewRootImpl@49f6cb7[MainActivity]:   fitSides= naviIconColor=0}
10-08 14:36:26.559 11531 11531 I ViewRootImpl@49f6cb7[MainActivity]: performTraversals mFirst=false windowShouldResize=false viewVisibilityChanged=false mForceNextWindowRelayout=false params={(0,0)(fillxfill) sim={state=always_hidden adjust=resize} ty=BASE_APPLICATION fmt=TRANSLUCENT wanim=0x1030309
10-08 14:36:26.559 11531 11531 I ViewRootImpl@49f6cb7[MainActivity]:   fl=85810100
10-08 14:36:26.559 11531 11531 I ViewRootImpl@49f6cb7[MainActivity]:   pfl=12020040
10-08 14:36:26.559 11531 11531 I ViewRootImpl@49f6cb7[MainActivity]:   vsysui=500
10-08 14:36:26.559 11531 11531 I ViewRootImpl@49f6cb7[MainActivity]:   bhv=DEFAULT
10-08 14:36:26.559 11531 11531 I ViewRootImpl@49f6cb7[MainActivity]:   fitSides= naviIconColor=0}
10-08 14:36:26.565 11531 11531 I ViewRootImpl@49f6cb7[MainActivity]: updateBlastSurfaceIfNeeded mBlastBufferQueue=0x7b3fa88000 isSameSurfaceControl=true
10-08 14:36:26.565 11531 11531 I BLASTBufferQueue: update, w= 1080 h= 2400 mName = ViewRootImpl@49f6cb7[MainActivity] mNativeObject= 0x7b3fa88000 sc.mNativeObject= 0x7afd6eb340 format= -3 caller= android.view.ViewRootImpl.updateBlastSurfaceIfNeeded:2898 android.view.ViewRootImpl.relayoutWindow:9847 android.view.ViewRootImpl.performTraversals:3884 android.view.ViewRootImpl.doTraversal:3116 android.view.ViewRootImpl$TraversalRunnable.run:10885 android.view.Choreographer$CallbackRecord.run:1301 
10-08 14:36:26.566 11531 11531 I ViewRootImpl@49f6cb7[MainActivity]: Relayout returned: old=(0,0,1080,2400) new=(0,0,1080,2400) req=(1080,2400)0 dur=6 res=0x0 s={true 0x7b5ed64800} ch=false seqId=0
10-08 14:36:26.566 11531 11531 I ViewRootImpl@49f6cb7[MainActivity]: updateBoundsLayer: t = android.view.SurfaceControl$Transaction@ae730ae sc = Surface(name=Bounds for - com.lagradost.cloudstream3/com.lagradost.cloudstream3.MainActivity@0)/@0x9d8ee4f frame = 723
10-08 14:36:26.566 11531 11531 I ViewRootImpl@49f6cb7[MainActivity]: mWNT: t=0x7b5ee84f00 mBlastBufferQueue=0x7b3fa88000 fn= 723 caller= android.view.ViewRootImpl.prepareSurfaces:2985 android.view.ViewRootImpl.performTraversals:4233 android.view.ViewRootImpl.doTraversal:3116 
10-08 14:36:26.567 11531 11552 W st.cloudstream3: Checksum mismatch for dex EgyDead.-124080901.cs3
10-08 14:36:26.568 11531 11557 D SurfaceView@6eae7b8: windowPositionLost, frameNr = 723
10-08 14:36:26.568 11531 11552 W st.cloudstream3: Could not add methods to the existing profiler. Clearing the profile data.
10-08 14:36:26.568 11531 11635 I ViewRootImpl@49f6cb7[MainActivity]: mWNT: t=0x7b147f4b00 mBlastBufferQueue=0x7b3fa88000 fn= 723 caller= android.view.ViewRootImpl.lambda$applyTransactionOnDraw$11$android-view-ViewRootImpl:12865 android.view.ViewRootImpl$$ExternalSyntheticLambda1.onFrameDraw:4 android.graphics.HardwareRenderer$FrameDrawingCallback.onFrameDraw:924 
10-08 14:36:26.568 11531 11635 I ViewRootImpl@49f6cb7[MainActivity]: mWNT: t=0x7b147f4c00 mBlastBufferQueue=0x7b3fa88000 fn= 723 caller= android.view.ViewRootImpl.lambda$applyTransactionOnDraw$11$android-view-ViewRootImpl:12865 android.view.ViewRootImpl$$ExternalSyntheticLambda1.onFrameDraw:4 android.graphics.HardwareRenderer$FrameDrawingCallback.onFrameDraw:924 
10-08 14:36:26.569 11531 11635 I ViewRootImpl@49f6cb7[MainActivity]: mWNT: t=0x7b147f4d00 mBlastBufferQueue=0x7b3fa88000 fn= 723 caller= android.view.ViewRootImpl.lambda$applyTransactionOnDraw$11$android-view-ViewRootImpl:12865 android.view.ViewRootImpl$$ExternalSyntheticLambda1.onFrameDraw:4 android.graphics.HardwareRenderer$FrameDrawingCallback.onFrameDraw:924 
10-08 14:36:26.597 11531 11552 W st.cloudstream3: Failed to flush directory /data/misc/profiles/cur/0/com.lagradost.cloudstream3: Permission denied
10-08 14:36:27.497 11531 11531 I ViewRootImpl@49f6cb7[MainActivity]: ViewPostIme pointer 0
10-08 14:36:27.595 11531 11531 I ViewRootImpl@49f6cb7[MainActivity]: ViewPostIme pointer 1
10-08 14:36:28.167 11531 11531 I ViewRootImpl@49f6cb7[MainActivity]: ViewPostIme pointer 0
10-08 14:36:28.286 11531 11531 I ViewRootImpl@49f6cb7[MainActivity]: ViewPostIme pointer 1
10-08 14:36:29.775 11531 11531 I ViewRootImpl@49f6cb7[MainActivity]: ViewPostIme pointer 0
10-08 14:36:29.840 11531 11531 I ViewRootImpl@49f6cb7[MainActivity]: ViewPostIme pointer 1
10-08 14:36:29.853 11531 11531 I NavComponent: Navigating to fragment: 2131362274
10-08 14:36:29.858 11531 11531 I IMM_LC  : hsifw() - flag : 0
10-08 14:36:29.858 11531 11531 I IMM_LC  : hsifw() - mService.hideSoftInput
10-08 14:36:29.890 11531 11531 D ScrollView: initGoToTop
10-08 14:36:30.208 11531 11531 I SurfaceView@6ea8dd0: onWindowVisibilityChanged(0) true android.view.SurfaceView{6ea8dd0 V.E..V... ......I. 0,0-0,0} of ViewRootImpl@49f6cb7[MainActivity]
10-08 14:36:30.208 11531 11531 D SurfaceView@6ea8dd0: updateSurface: has no frame
10-08 14:36:30.214 11531 11531 I CS3ExoPlayer: SET STYLE = SaveCaptionStyle(foregroundColor=-1, backgroundColor=0, windowColor=0, edgeType=1, edgeColor=-16777216, typeface=null, typefaceFilePath=null, elevation=20, fixedTextSize=null, edgeSize=null, removeCaptions=false, removeBloat=true, upperCase=false, bold=false, italic=false, backgroundRadius=null)
10-08 14:36:30.225 11531 11531 I IMM_LC  : hsifw() - flag : 0
10-08 14:36:30.225 11531 11531 I IMM_LC  : hsifw() - mService.hideSoftInput
10-08 14:36:30.227 11531 11595 I SYNCVM  : addFromUrl = https://tv6.egydead.live/%d9%85%d8%b4%d8%a7%d9%87%d8%af%d8%a9-%d9%81%d9%8a%d9%84%d9%85-omniscient-reader-the-prophecy-2025-%d9%85%d8%aa%d8%b1%d8%ac%d9%85/
10-08 14:36:30.227 11531 11595 I SYNCUTIL: getIdsFromUrl https://tv6.egydead.live/%d9%85%d8%b4%d8%a7%d9%87%d8%af%d8%a9-%d9%81%d9%8a%d9%84%d9%85-omniscient-reader-the-prophecy-2025-%d9%85%d8%aa%d8%b1%d8%ac%d9%85/
10-08 14:36:30.240 11531 11531 I SurfaceView@6ea8dd0: onWindowVisibilityChanged(8) false android.view.SurfaceView{6ea8dd0 V.E..V... ......I. 0,0-0,0} of ViewRootImpl@49f6cb7[MainActivity]
10-08 14:36:30.240 11531 11531 D SurfaceView@6ea8dd0: updateSurface: has no frame
10-08 14:36:30.241 11531 11531 D SurfaceView@6ea8dd0: updateSurface: has no frame
10-08 14:36:30.241 11531 11531 I SurfaceView@6ea8dd0: onDetachedFromWindow: tryReleaseSurfaces()
10-08 14:36:30.241 11531 11531 I SurfaceView@6ea8dd0: releaseSurfaces: viewRoot = ViewRootImpl@49f6cb7[MainActivity]
10-08 14:36:30.241 11531 11531 I SurfaceView@6ea8dd0: applyTransactionOnVriDraw: vri = ViewRootImpl@49f6cb7[MainActivity] fRS = true t = 0x7aeb038400 android.view.SurfaceView.releaseSurfaces:858 android.view.SurfaceView.onDetachedFromWindow:500 android.view.View.dispatchDetachedFromWindow:22538 
10-08 14:36:30.241 11531 11531 I SurfaceView@6ea8dd0: applyTransactionOnVriDraw: viewRoot.applyTransactionOnDrawFromReleaseSurfaces
10-08 14:36:30.241 11531 11531 I ViewRootImpl@49f6cb7[MainActivity]: applyTransactionOnDraw: mRemoved = false isHardwareEnabled = true t = 0x7aeb038400android.view.ViewRootImpl.applyTransactionOnDrawFromReleaseSurfaces:12850 android.view.SurfaceView.applyTransactionOnVriDraw:2046 android.view.SurfaceView.releaseSurfaces:858 android.view.SurfaceView.onDetachedFromWindow:500 android.view.View.dispatchDetachedFromWindow:22538 
10-08 14:36:30.243 11531 11531 I SurfaceView@6ea8dd0: onWindowVisibilityChanged(0) true android.view.SurfaceView{6ea8dd0 V.E..V... ......I. 0,0-0,0} of ViewRootImpl@49f6cb7[MainActivity]
10-08 14:36:30.243 11531 11531 D SurfaceView@6ea8dd0: updateSurface: has no frame
10-08 14:36:30.247 11531 11531 I DecorView: notifyKeepScreenOnChanged: keepScreenOn=false
10-08 14:36:30.257 11531 11531 I CS3ExoPlayer: reloadPlayer
10-08 14:36:30.257 11531 11531 I CS3ExoPlayer: releasePlayer
10-08 14:36:30.257 11531 11531 I CS3ExoPlayer: Handle event: PlayerAttachedEvent(player=null, source=Player)
10-08 14:36:30.264 11531 11531 I ViewRootImpl@49f6cb7[MainActivity]: performTraversals params={(0,0)(fillxfill) sim={state=always_hidden adjust=resize} ty=BASE_APPLICATION wanim=0x1030309
10-08 14:36:30.264 11531 11531 I ViewRootImpl@49f6cb7[MainActivity]:   fl=85810100
10-08 14:36:30.264 11531 11531 I ViewRootImpl@49f6cb7[MainActivity]:   pfl=12020040
10-08 14:36:30.264 11531 11531 I ViewRootImpl@49f6cb7[MainActivity]:   vsysui=500
10-08 14:36:30.264 11531 11531 I ViewRootImpl@49f6cb7[MainActivity]:   bhv=DEFAULT
10-08 14:36:30.264 11531 11531 I ViewRootImpl@49f6cb7[MainActivity]:   fitSides= naviIconColor=0}
