10-08 15:10:06.006 17607 17607 I ViewRootImpl@2033c67[MainActivity]: performTraversals mFirst=true windowShouldResize=true viewVisibilityChanged=false mForceNextWindowRelayout=false params={(0,0)(fillxfill) gr=CENTER sim={adjust=resize forwardNavigation} ty=APPLICATION fmt=TRANSPARENT wanim=0x7f14000b
10-08 15:10:06.006 17607 17607 I ViewRootImpl@2033c67[MainActivity]:   fl=85810100
10-08 15:10:06.006 17607 17607 I ViewRootImpl@2033c67[MainActivity]:   pfl=12020040
10-08 15:10:06.006 17607 17607 I ViewRootImpl@2033c67[MainActivity]:   vsysui=500
10-08 15:10:06.006 17607 17607 I ViewRootImpl@2033c67[MainActivity]:   bhv=DEFAULT
10-08 15:10:06.006 17607 17607 I ViewRootImpl@2033c67[MainActivity]:   fitSides= naviIconColor=0}
10-08 15:10:06.015 17607 17607 I ViewRootImpl@2033c67[MainActivity]: updateBlastSurfaceIfNeeded mBlastBufferQueue=null isSameSurfaceControl=false
10-08 15:10:06.016 17607 17607 I BLASTBufferQueue: new BLASTBufferQueue, mName= ViewRootImpl@2033c67[MainActivity] mNativeObject= 0x7bda801b00 sc.mNativeObject= 0x7be1657980 caller= android.view.ViewRootImpl.updateBlastSurfaceIfNeeded:2909 android.view.ViewRootImpl.relayoutWindow:9847 android.view.ViewRootImpl.performTraversals:3884 android.view.ViewRootImpl.doTraversal:3116 android.view.ViewRootImpl$TraversalRunnable.run:10885 android.view.Choreographer$CallbackRecord.run:1301 android.view.Choreographer$CallbackRecord.run:1309 android.view.Choreographer.doCallbacks:923 android.view.Choreographer.doFrame:852 android.view.Choreographer$FrameDisplayEventReceiver.run:1283 
10-08 15:10:06.016 17607 17607 I BLASTBufferQueue: update, w= 1080 h= 2400 mName = ViewRootImpl@2033c67[MainActivity] mNativeObject= 0x7bda801b00 sc.mNativeObject= 0x7be1657980 format= -2 caller= android.graphics.BLASTBufferQueue.<init>:84 android.view.ViewRootImpl.updateBlastSurfaceIfNeeded:2909 android.view.ViewRootImpl.relayoutWindow:9847 android.view.ViewRootImpl.performTraversals:3884 android.view.ViewRootImpl.doTraversal:3116 android.view.ViewRootImpl$TraversalRunnable.run:10885 
10-08 15:10:06.016 17607 17607 I ViewRootImpl@2033c67[MainActivity]: Relayout returned: old=(0,0,1080,2400) new=(0,0,1080,2400) req=(1080,2400)0 dur=9 res=0x3 s={true 0x7b1459f000} ch=true seqId=0
10-08 15:10:06.017 17607 17607 I ViewRootImpl@2033c67[MainActivity]: mThreadedRenderer.initialize() mSurface={isValid=true 0x7b1459f000} hwInitialized=true
10-08 15:10:06.018 17607 17651 D OpenGLRenderer: eglCreateWindowSurface
10-08 15:10:06.020 17607 17607 I ViewRootImpl@2033c67[MainActivity]: reportNextDraw android.view.ViewRootImpl.performTraversals:4438 android.view.ViewRootImpl.doTraversal:3116 android.view.ViewRootImpl$TraversalRunnable.run:10885 android.view.Choreographer$CallbackRecord.run:1301 android.view.Choreographer$CallbackRecord.run:1309 
10-08 15:10:06.020 17607 17607 I ViewRootImpl@2033c67[MainActivity]: Setup new sync id=0
10-08 15:10:06.020 17607 17607 I ViewRootImpl@2033c67[MainActivity]: Setting syncFrameCallback
10-08 15:10:06.020 17607 17607 I ViewRootImpl@2033c67[MainActivity]: registerCallbacksForSync syncBuffer=false
10-08 15:10:06.023 17607 17721 I ViewRootImpl@2033c67[MainActivity]: Received frameDrawingCallback syncResult=0 frameNum=1.
10-08 15:10:06.023 17607 17721 I ViewRootImpl@2033c67[MainActivity]: Setting up sync and frameCommitCallback
10-08 15:10:06.031 17607 17651 I BLASTBufferQueue: [ViewRootImpl@2033c67[MainActivity]#5](f:0,a:0) onFrameAvailable the first frame is available
10-08 15:10:06.032 17607 17651 I ViewRootImpl@2033c67[MainActivity]: Received frameCommittedCallback lastAttemptedDrawFrameNum=1 didProduceBuffer=true
10-08 15:10:06.034 17607 17651 D OpenGLRenderer: CFMS:: SetUp Pid : 17607    Tid : 17651
10-08 15:10:06.037 17607 17607 I ViewRootImpl@2033c67[MainActivity]: onSyncComplete
10-08 15:10:06.038 17607 17607 I ViewRootImpl@2033c67[MainActivity]: setupSync seqId=0 mSyncId=0 fn=1 caller=android.view.ViewRootImpl$$ExternalSyntheticLambda11.accept:6 android.window.SurfaceSyncer.lambda$setupSync$1$android-window-SurfaceSyncer:128 android.window.SurfaceSyncer$$ExternalSyntheticLambda1.accept:8 android.window.SurfaceSyncer$SyncSet.checkIfSyncIsComplete:382 android.window.SurfaceSyncer$SyncSet.markSyncReady:359 android.window.SurfaceSyncer.markSyncReady:151 android.view.ViewRootImpl.performTraversals:4503 
10-08 15:10:06.038 17607 17607 I ViewRootImpl@2033c67[MainActivity]: reportDrawFinished seqId=0 mSyncId=-1 fn=1 mSurfaceChangedTransaction=0x7b189e1900
10-08 15:10:06.039 17607 17607 I ViewRootImpl@2cf4351[MainActivity]: MSG_WINDOW_FOCUS_CHANGED 0 0
10-08 15:10:06.057 17607 17607 I ViewRootImpl@2cf4351[MainActivity]: MSG_WINDOW_FOCUS_CHANGED 0 0
10-08 15:10:06.099 17607 17607 I ViewRootImpl@2033c67[MainActivity]: MSG_WINDOW_FOCUS_CHANGED 1 0
10-08 15:10:06.099 17607 17607 I ViewRootImpl@2033c67[MainActivity]: mThreadedRenderer.initializeIfNeeded()#2 mSurface={isValid=true 0x7b1459f000}
10-08 15:10:06.099 17607 17607 D InputMethodManager: startInputInner - Id : 0
10-08 15:10:06.100 17607 17607 I InputMethodManager: startInputInner - mService.startInputOrWindowGainedFocus
10-08 15:10:06.287 17607 17618 I st.cloudstream3: Background concurrent copying GC freed 13MB AllocSpace bytes, 59(3568KB) LOS objects, 49% free, 21MB/42MB, paused 390us,70us total 169.830ms
10-08 15:10:06.303 17607 17651 D OpenGLRenderer: setSurface called with nullptr
10-08 15:10:06.304 17607 17619 D InputTransport: Input channel destroyed: 'ClientS', fd=176
10-08 15:10:06.315 17607 17619 D InputTransport: Input channel destroyed: 'ClientS', fd=260
10-08 15:10:06.440 17607 17679 D EgyDead : Document title:   Pretty Crazy 2025  |  
10-08 15:10:06.442 17607 17679 D EgyDead : Found 7 potential server elements.
10-08 15:10:06.443 17607 17679 D EgyDead : Server element 0 HTML: <span>
10-08 15:10:06.443 17607 17679 D EgyDead :  <p>StreamHG</p></span>
10-08 15:10:06.443 17607 17679 D EgyDead : Server data-link 0: https://hglink.to/e/1woe41gjgjoq
10-08 15:10:06.443 17607 17679 D EgyDead : Server element 1 HTML: <span>
10-08 15:10:06.443 17607 17679 D EgyDead :  <p>bigwarp</p></span>
10-08 15:10:06.443 17607 17679 D EgyDead : Server data-link 1: https://bigwarp.pro/embed-mdxvolfllzac.html
10-08 15:10:06.443 17607 17679 D EgyDead : Server element 2 HTML: <span>
10-08 15:10:06.443 17607 17679 D EgyDead :  <p>Forafile</p></span>
10-08 15:10:06.443 17607 17679 D EgyDead : Server data-link 2: https://forafile.com/embed-baqfr6isex0d.html
10-08 15:10:06.444 17607 17679 D EgyDead : Server element 3 HTML: <span>
10-08 15:10:06.444 17607 17679 D EgyDead :  <p>EarnVids</p></span>
10-08 15:10:06.444 17607 17679 D EgyDead : Server data-link 3: https://dingtezuni.com/v/tdlmjxaur8um
10-08 15:10:06.444 17607 17679 D EgyDead : Server element 4 HTML: <span>
10-08 15:10:06.444 17607 17679 D EgyDead :  <p>Mixdrop</p></span>
10-08 15:10:06.444 17607 17679 D EgyDead : Server data-link 4: https://mxdrop.to/e/vklg8l06in18o
10-08 15:10:06.444 17607 17679 D EgyDead : Server element 5 HTML: <span>
10-08 15:10:06.444 17607 17679 D EgyDead :  <p>DoodStream</p></span>
10-08 15:10:06.444 17607 17679 D EgyDead : Server data-link 5: https://dsvplay.com/e/meg431jvc2x9
10-08 15:10:06.445 17607 17679 D EgyDead : Server element 6 HTML: <span>
10-08 15:10:06.445 17607 17679 D EgyDead :  <p>VidGuard</p></span>
10-08 15:10:06.445 17607 17679 D EgyDead : Server data-link 6: https://listeamed.net/e/NMRLEpo96RexXaG
10-08 15:10:06.459 17607 17679 I WebViewFactory: Loading com.google.android.webview version 140.0.7339.207 (code 733920733)
10-08 15:10:06.467 17607 17679 W st.cloudstream3: Failed to find entry 'classes.dex': Entry not found
10-08 15:10:06.468 17607 17679 D nativeloader: Configuring clns-6 for other apk /data/app/~~0iK79XW9X0QppaGo2hZ3dg==/com.google.android.trichromelibrary_733920733-6bb0wVyJqr8G8vJnjVAKKg==/base.apk. target_sdk_version=36, uses_libraries=ALL, library_path=/data/app/~~iwwqLfGPKTES2hsQd9D3lw==/com.google.android.webview-qbQIISas-S18wMUdMAIFhw==/lib/arm64:/data/app/~~iwwqLfGPKTES2hsQd9D3lw==/com.google.android.webview-qbQIISas-S18wMUdMAIFhw==/base.apk!/lib/arm64-v8a:/data/app/~~0iK79XW9X0QppaGo2hZ3dg==/com.google.android.trichromelibrary_733920733-6bb0wVyJqr8G8vJnjVAKKg==/base.apk!/lib/arm64-v8a, permitted_path=/data:/mnt/expand
10-08 15:10:06.468 17607 17679 D nativeloader: Extending system_exposed_libraries: libhumantracking.arcsoft.so:libPortraitDistortionCorrection.arcsoft.so:libPortraitDistortionCorrectionCali.arcsoft.so:libface_landmark.arcsoft.so:libFacialStickerEngine.arcsoft.so:libveengine.arcsoft.so:liblow_light_hdr.arcsoft.so:libhigh_dynamic_range.arcsoft.so:libFacialAttributeDetection.arcsoft.so:libBeauty_v4.camera.samsung.so:libexifa.camera.samsung.so:libjpega.camera.samsung.so:libOpenCv.camera.samsung.so:libImageScreener.camera.samsung.so:libMyFilter.camera.samsung.so:libtensorflowLite.myfilter.camera.samsung.so:libtensorflowlite_inference_api.myfilter.camera.samsung.so:libEventFinder.camera.samsung.so:libHIDTSnapJNI.camera.samsung.so:libSmartScan.camera.samsung.so:libRectify.camera.samsung.so:libDocRectifyWrapper.camera.samsung.so:libUltraWideDistortionCorrection.camera.samsung.so:libWideDistortionCorrection.camera.samsung.so:libHpr_RecGAE_cvFeature_v1.0.camera.samsung.so:libHprFace_GAE_api.camera.samsung.so:libFace_Landmark_API.camera.samsung.so:libHprFace_GAE_jn
10-08 15:10:06.497 17607 17679 I st.cloudstream3: Failed to add image file: Dex cache count and dex file count mismatch while trying to initialize from image
10-08 15:10:06.500 17607 17679 D nativeloader: Configuring clns-7 for other apk /data/app/~~iwwqLfGPKTES2hsQd9D3lw==/com.google.android.webview-qbQIISas-S18wMUdMAIFhw==/base.apk. target_sdk_version=36, uses_libraries=, library_path=/data/app/~~iwwqLfGPKTES2hsQd9D3lw==/com.google.android.webview-qbQIISas-S18wMUdMAIFhw==/lib/arm64:/data/app/~~iwwqLfGPKTES2hsQd9D3lw==/com.google.android.webview-qbQIISas-S18wMUdMAIFhw==/base.apk!/lib/arm64-v8a:/data/app/~~0iK79XW9X0QppaGo2hZ3dg==/com.google.android.trichromelibrary_733920733-6bb0wVyJqr8G8vJnjVAKKg==/base.apk!/lib/arm64-v8a, permitted_path=/data:/mnt/expand
10-08 15:10:06.533 17607 17679 I cr_WVCFactoryProvider: version=140.0.7339.207 (733920733) minSdkVersion=29 multiprocess=true packageId=2 splits=<none>
10-08 15:10:06.537 17607 17679 D nativeloader: Load /data/app/~~0iK79XW9X0QppaGo2hZ3dg==/com.google.android.trichromelibrary_733920733-6bb0wVyJqr8G8vJnjVAKKg==/base.apk!/lib/arm64-v8a/libmonochrome_64.so using class loader ns clns-7 (caller=/data/app/~~iwwqLfGPKTES2hsQd9D3lw==/com.google.android.webview-qbQIISas-S18wMUdMAIFhw==/base.apk): ok
10-08 15:10:06.540 17607 17679 D nativeloader: Load /system/lib64/libwebviewchromium_plat_support.so using class loader ns clns-7 (caller=/data/app/~~iwwqLfGPKTES2hsQd9D3lw==/com.google.android.webview-qbQIISas-S18wMUdMAIFhw==/base.apk): ok
10-08 15:10:06.543 17607 17794 I chromium: [1008/151006.543098:INFO:android_webview/browser/variations/variations_seed_loader.cc:67] Failed to open file for reading.: No such file or directory (2)
10-08 15:10:06.550 17607 17679 I cr_LibraryLoader: Successfully loaded native library
10-08 15:10:06.551 17607 17679 I cr_CachingUmaRecorder: Flushed 13 samples from 13 histograms, 0 samples were dropped.
10-08 15:10:06.817 17607 17679 D ApiError: -------------------------------------------------------------------
10-08 15:10:06.817 17607 17679 D ApiError: safeApiCall: Parent job is Cancelling
10-08 15:10:06.817 17607 17679 D ApiError: safeApiCall: Parent job is Cancelling
10-08 15:10:06.817 17607 17679 W System.err: kotlinx.coroutines.JobCancellationException: Parent job is Cancelling; job=BlockingCoroutine{Cancelling}@17510b1
10-08 15:10:06.818 17607 17695 I System.out: Exception in NiceHttp: java.io.IOException Canceled
10-08 15:10:06.818 17607 17679 W System.err: Caused by: org.jsoup.select.Selector$SelectorParseException: Did not find balanced marker at 'eval(function(p,a,c,k,e,d))'
10-08 15:10:06.818 17607 17679 W System.err: 	at org.jsoup.select.QueryParser.parse(QueryParser.java:49)
10-08 15:10:06.818 17607 17679 W System.err: 	at org.jsoup.select.Selector.selectFirst(Selector.java:197)
10-08 15:10:06.818 17607 17679 W System.err: 	at org.jsoup.nodes.Element.selectFirst(Element.java:537)
10-08 15:10:06.818 17607 17679 W System.err: 	at com.egydead.StreamHGBase.getUrl$suspendImpl(EgyDeadExtractors.kt:86)
10-08 15:10:06.818 17607 17679 W System.err: 	at com.egydead.StreamHGBase$getUrl$1.invokeSuspend(Unknown Source:18)
10-08 15:10:06.818 17607 17679 W System.err: 	at kotlin.coroutines.jvm.internal.BaseContinuationImpl.resumeWith(ContinuationImpl.kt:33)
10-08 15:10:06.818 17607 17679 W System.err: 	at kotlinx.coroutines.DispatchedTask.run(DispatchedTask.kt:100)
10-08 15:10:06.818 17607 17679 W System.err: 	at kotlinx.coroutines.EventLoopImplBase.processNextEvent(EventLoop.common.kt:263)
10-08 15:10:06.818 17607 17679 W System.err: 	at kotlinx.coroutines.BlockingCoroutine.joinBlocking(Builders.kt:95)
10-08 15:10:06.818 17607 17679 W System.err: 	at kotlinx.coroutines.BuildersKt__BuildersKt.runBlocking(Builders.kt:69)
10-08 15:10:06.818 17607 17679 W System.err: 	at kotlinx.coroutines.BuildersKt.runBlocking(Unknown Source:1)
10-08 15:10:06.818 17607 17679 W System.err: 	at kotlinx.coroutines.BuildersKt__BuildersKt.runBlocking$default(Builders.kt:47)
10-08 15:10:06.818 17607 17679 W System.err: 	at kotlinx.coroutines.BuildersKt.runBlocking$default(Unknown Source:1)
10-08 15:10:06.818 17607 17679 W System.err: 	at com.lagradost.cloudstream3.ParCollectionsKt.apmap(ParCollections.kt:49)
10-08 15:10:06.818 17607 17679 W System.err: 	at com.egydead.EgyDeadProvider.loadLinks(EgyDeadProvider.kt:183)
10-08 15:10:06.818 17607 17679 W System.err: 	at com.egydead.EgyDeadProvider$loadLinks$1.invokeSuspend(Unknown Source:18)
10-08 15:10:06.818 17607 17679 W System.err: 	at kotlin.coroutines.jvm.internal.BaseContinuationImpl.resumeWith(ContinuationImpl.kt:33)
10-08 15:10:06.818 17607 17679 W System.err: 	at kotlinx.coroutines.DispatchedTask.run(DispatchedTask.kt:100)
10-08 15:10:06.818 17607 17679 W System.err: 	at kotlinx.coroutines.internal.LimitedDispatcher$Worker.run(LimitedDispatcher.kt:113)
10-08 15:10:06.818 17607 17679 W System.err: 	at kotlinx.coroutines.scheduling.TaskImpl.run(Tasks.kt:89)
10-08 15:10:06.818 17607 17679 W System.err: 	at kotlinx.coroutines.scheduling.CoroutineScheduler.runSafely(CoroutineScheduler.kt:586)
10-08 15:10:06.818 17607 17679 W System.err: 	at kotlinx.coroutines.scheduling.CoroutineScheduler$Worker.executeTask(CoroutineScheduler.kt:820)
10-08 15:10:06.819 17607 17679 W System.err: 	at kotlinx.coroutines.scheduling.CoroutineScheduler$Worker.runWorker(CoroutineScheduler.kt:717)
10-08 15:10:06.819 17607 17679 W System.err: 	at kotlinx.coroutines.scheduling.CoroutineScheduler$Worker.run(CoroutineScheduler.kt:704)
10-08 15:10:06.819 17607 17679 D ApiError: -------------------------------------------------------------------
10-08 15:10:06.819 17607 17695 W System.err: java.io.IOException: Canceled
10-08 15:10:06.819 17607 17679 E SafeGetAsDocument: Request failed for https://forafile.com/embed-baqfr6isex0d.html. Error: Parent job is Cancelling
10-08 15:10:06.819 17607 17679 E Forafile: Packed JS not found for https://forafile.com/embed-baqfr6isex0d.html. Cloudflare bypass likely failed.
10-08 15:10:06.819 17607 17679 D ApiError: -------------------------------------------------------------------
10-08 15:10:06.819 17607 17679 D ApiError: safeApiCall: Parent job is Cancelling
10-08 15:10:06.819 17607 17679 D ApiError: safeApiCall: Parent job is Cancelling
10-08 15:10:06.820 17607 17695 W System.err: 	at okhttp3.internal.http.RetryAndFollowUpInterceptor.intercept(RetryAndFollowUpInterceptor.kt:61)
10-08 15:10:06.820 17607 17695 W System.err: 	at okhttp3.internal.http.RealInterceptorChain.proceed(RealInterceptorChain.kt:109)
10-08 15:10:06.820 17607 17695 W System.err: 	at okhttp3.internal.connection.RealCall.getResponseWithInterceptorChain$okhttp(RealCall.kt:205)
10-08 15:10:06.820 17607 17695 W System.err: 	at okhttp3.internal.connection.RealCall$AsyncCall.run(RealCall.kt:543)
10-08 15:10:06.820 17607 17695 W System.err: 	at java.util.concurrent.ThreadPoolExecutor.runWorker(ThreadPoolExecutor.java:1156)
10-08 15:10:06.820 17607 17695 W System.err: 	at java.util.concurrent.ThreadPoolExecutor$Worker.run(ThreadPoolExecutor.java:651)
10-08 15:10:06.820 17607 17695 W System.err: 	at java.lang.Thread.run(Thread.java:1119)
10-08 15:10:06.820 17607 17698 I System.out: Exception in NiceHttp: java.io.IOException Canceled
10-08 15:10:06.820 17607 17679 W System.err: kotlinx.coroutines.JobCancellationException: Parent job is Cancelling; job=BlockingCoroutine{Cancelling}@17510b1
10-08 15:10:06.821 17607 17679 W System.err: Caused by: org.jsoup.select.Selector$SelectorParseException: Did not find balanced marker at 'eval(function(p,a,c,k,e,d))'
10-08 15:10:06.821 17607 17679 W System.err: 	at org.jsoup.select.QueryParser.parse(QueryParser.java:49)
10-08 15:10:06.821 17607 17679 W System.err: 	at org.jsoup.select.Selector.selectFirst(Selector.java:197)
10-08 15:10:06.821 17607 17679 W System.err: 	at org.jsoup.nodes.Element.selectFirst(Element.java:537)
10-08 15:10:06.821 17607 17679 W System.err: 	at com.egydead.StreamHGBase.getUrl$suspendImpl(EgyDeadExtractors.kt:86)
10-08 15:10:06.821 17607 17679 W System.err: 	at com.egydead.StreamHGBase$getUrl$1.invokeSuspend(Unknown Source:18)
10-08 15:10:06.821 17607 17679 W System.err: 	at kotlin.coroutines.jvm.internal.BaseContinuationImpl.resumeWith(ContinuationImpl.kt:33)
10-08 15:10:06.821 17607 17679 W System.err: 	at kotlinx.coroutines.DispatchedTask.run(DispatchedTask.kt:100)
10-08 15:10:06.821 17607 17679 W System.err: 	at kotlinx.coroutines.EventLoopImplBase.processNextEvent(EventLoop.common.kt:263)
10-08 15:10:06.821 17607 17679 W System.err: 	at kotlinx.coroutines.BlockingCoroutine.joinBlocking(Builders.kt:95)
10-08 15:10:06.821 17607 17679 W System.err: 	at kotlinx.coroutines.BuildersKt__BuildersKt.runBlocking(Builders.kt:69)
10-08 15:10:06.821 17607 17679 W System.err: 	at kotlinx.coroutines.BuildersKt.runBlocking(Unknown Source:1)
10-08 15:10:06.821 17607 17679 W System.err: 	at kotlinx.coroutines.BuildersKt__BuildersKt.runBlocking$default(Builders.kt:47)
10-08 15:10:06.821 17607 17679 W System.err: 	at kotlinx.coroutines.BuildersKt.runBlocking$default(Unknown Source:1)
10-08 15:10:06.821 17607 17679 W System.err: 	at com.lagradost.cloudstream3.ParCollectionsKt.apmap(ParCollections.kt:49)
10-08 15:10:06.821 17607 17679 W System.err: 	at com.egydead.EgyDeadProvider.loadLinks(EgyDeadProvider.kt:183)
10-08 15:10:06.821 17607 17679 W System.err: 	at com.egydead.EgyDeadProvider$loadLinks$1.invokeSuspend(Unknown Source:18)
10-08 15:10:06.821 17607 17679 W System.err: 	at kotlin.coroutines.jvm.internal.BaseContinuationImpl.resumeWith(ContinuationImpl.kt:33)
10-08 15:10:06.821 17607 17679 W System.err: 	at kotlinx.coroutines.DispatchedTask.run(DispatchedTask.kt:100)
10-08 15:10:06.821 17607 17679 W System.err: 	at kotlinx.coroutines.internal.LimitedDispatcher$Worker.run(LimitedDispatcher.kt:113)
10-08 15:10:06.821 17607 17679 W System.err: 	at kotlinx.coroutines.scheduling.TaskImpl.run(Tasks.kt:89)
10-08 15:10:06.821 17607 17679 W System.err: 	at kotlinx.coroutines.scheduling.CoroutineScheduler.runSafely(CoroutineScheduler.kt:586)
10-08 15:10:06.821 17607 17679 W System.err: 	at kotlinx.coroutines.scheduling.CoroutineScheduler$Worker.executeTask(CoroutineScheduler.kt:820)
10-08 15:10:06.821 17607 17679 W System.err: 	at kotlinx.coroutines.scheduling.CoroutineScheduler$Worker.runWorker(CoroutineScheduler.kt:717)
10-08 15:10:06.821 17607 17679 W System.err: 	at kotlinx.coroutines.scheduling.CoroutineScheduler$Worker.run(CoroutineScheduler.kt:704)
10-08 15:10:06.821 17607 17679 D ApiError: -------------------------------------------------------------------
10-08 15:10:06.821 17607 17698 W System.err: java.io.IOException: Canceled
10-08 15:10:06.821 17607 17679 E SafeGetAsText: Request failed for https://dsvplay.com/e/meg431jvc2x9. Error: Parent job is Cancelling
10-08 15:10:06.822 17607 17679 E DoodStream: Response text was null or blank for https://dsvplay.com/e/meg431jvc2x9. Cloudflare bypass likely failed.
10-08 15:10:06.822 17607 17698 W System.err: 	at okhttp3.internal.connection.FastFallbackExchangeFinder.find(FastFallbackExchangeFinder.kt:55)
10-08 15:10:06.822 17607 17679 D ApiError: -------------------------------------------------------------------
10-08 15:10:06.822 17607 17679 D ApiError: safeApiCall: Parent job is Cancelling
10-08 15:10:06.822 17607 17679 D ApiError: safeApiCall: Parent job is Cancelling
10-08 15:10:06.822 17607 17698 W System.err: 	at okhttp3.internal.connection.RealCall.initExchange$okhttp(RealCall.kt:268)
10-08 15:10:06.822 17607 17698 W System.err: 	at okhttp3.internal.connection.ConnectInterceptor.intercept(ConnectInterceptor.kt:32)
10-08 15:10:06.822 17607 17698 W System.err: 	at okhttp3.internal.http.RealInterceptorChain.proceed(RealInterceptorChain.kt:109)
10-08 15:10:06.822 17607 17698 W System.err: 	at okhttp3.internal.cache.CacheInterceptor.intercept(CacheInterceptor.kt:95)
10-08 15:10:06.822 17607 17698 W System.err: 	at okhttp3.internal.http.RealInterceptorChain.proceed(RealInterceptorChain.kt:109)
10-08 15:10:06.824 17607 17689 I System.out: Exception in NiceHttp: java.io.IOException Canceled
10-08 15:10:06.824 17607 17697 I System.out: Exception in NiceHttp: java.io.IOException Canceled
10-08 15:10:06.824 17607 17698 W System.err: 	at okhttp3.internal.http.BridgeInterceptor.intercept(BridgeInterceptor.kt:84)
10-08 15:10:06.825 17607 17698 W System.err: 	at okhttp3.internal.http.RealInterceptorChain.proceed(RealInterceptorChain.kt:109)
10-08 15:10:06.825 17607 17698 W System.err: 	at okhttp3.internal.http.RetryAndFollowUpInterceptor.intercept(RetryAndFollowUpInterceptor.kt:65)
10-08 15:10:06.825 17607 17698 W System.err: 	at okhttp3.internal.http.RealInterceptorChain.proceed(RealInterceptorChain.kt:109)
10-08 15:10:06.825 17607 17698 W System.err: 	at okhttp3.internal.connection.RealCall.getResponseWithInterceptorChain$okhttp(RealCall.kt:205)
10-08 15:10:06.825 17607 17698 W System.err: 	at okhttp3.internal.connection.RealCall$AsyncCall.run(RealCall.kt:543)
10-08 15:10:06.825 17607 17698 W System.err: 	at java.util.concurrent.ThreadPoolExecutor.runWorker(ThreadPoolExecutor.java:1156)
10-08 15:10:06.825 17607 17698 W System.err: 	at java.util.concurrent.ThreadPoolExecutor$Worker.run(ThreadPoolExecutor.java:651)
10-08 15:10:06.825 17607 17698 W System.err: 	at java.lang.Thread.run(Thread.java:1119)
10-08 15:10:06.825 17607 17679 W System.err: kotlinx.coroutines.JobCancellationException: Parent job is Cancelling; job=BlockingCoroutine{Cancelling}@17510b1
10-08 15:10:06.825 17607 17679 W System.err: Caused by: org.jsoup.select.Selector$SelectorParseException: Did not find balanced marker at 'eval(function(p,a,c,k,e,d))'
10-08 15:10:06.825 17607 17679 W System.err: 	at org.jsoup.select.QueryParser.parse(QueryParser.java:49)
10-08 15:10:06.825 17607 17679 W System.err: 	at org.jsoup.select.Selector.selectFirst(Selector.java:197)
10-08 15:10:06.825 17607 17679 W System.err: 	at org.jsoup.nodes.Element.selectFirst(Element.java:537)
10-08 15:10:06.825 17607 17679 W System.err: 	at com.egydead.StreamHGBase.getUrl$suspendImpl(EgyDeadExtractors.kt:86)
10-08 15:10:06.825 17607 17679 W System.err: 	at com.egydead.StreamHGBase$getUrl$1.invokeSuspend(Unknown Source:18)
10-08 15:10:06.825 17607 17679 W System.err: 	at kotlin.coroutines.jvm.internal.BaseContinuationImpl.resumeWith(ContinuationImpl.kt:33)
10-08 15:10:06.826 17607 17679 W System.err: 	at kotlinx.coroutines.DispatchedTask.run(DispatchedTask.kt:100)
10-08 15:10:06.826 17607 17679 W System.err: 	at kotlinx.coroutines.EventLoopImplBase.processNextEvent(EventLoop.common.kt:263)
10-08 15:10:06.826 17607 17679 W System.err: 	at kotlinx.coroutines.BlockingCoroutine.joinBlocking(Builders.kt:95)
10-08 15:10:06.826 17607 17679 W System.err: 	at kotlinx.coroutines.BuildersKt__BuildersKt.runBlocking(Builders.kt:69)
10-08 15:10:06.826 17607 17679 W System.err: 	at kotlinx.coroutines.BuildersKt.runBlocking(Unknown Source:1)
10-08 15:10:06.826 17607 17679 W System.err: 	at kotlinx.coroutines.BuildersKt__BuildersKt.runBlocking$default(Builders.kt:47)
10-08 15:10:06.826 17607 17679 W System.err: 	at kotlinx.coroutines.BuildersKt.runBlocking$default(Unknown Source:1)
10-08 15:10:06.826 17607 17679 W System.err: 	at com.lagradost.cloudstream3.ParCollectionsKt.apmap(ParCollections.kt:49)
10-08 15:10:06.826 17607 17679 W System.err: 	at com.egydead.EgyDeadProvider.loadLinks(EgyDeadProvider.kt:183)
10-08 15:10:06.826 17607 17679 W System.err: 	at com.egydead.EgyDeadProvider$loadLinks$1.invokeSuspend(Unknown Source:18)
10-08 15:10:06.826 17607 17679 W System.err: 	at kotlin.coroutines.jvm.internal.BaseContinuationImpl.resumeWith(ContinuationImpl.kt:33)
10-08 15:10:06.826 17607 17679 W System.err: 	at kotlinx.coroutines.DispatchedTask.run(DispatchedTask.kt:100)
10-08 15:10:06.826 17607 17679 W System.err: 	at kotlinx.coroutines.internal.LimitedDispatcher$Worker.run(LimitedDispatcher.kt:113)
10-08 15:10:06.826 17607 17679 W System.err: 	at kotlinx.coroutines.scheduling.TaskImpl.run(Tasks.kt:89)
10-08 15:10:06.826 17607 17679 W System.err: 	at kotlinx.coroutines.scheduling.CoroutineScheduler.runSafely(CoroutineScheduler.kt:586)
10-08 15:10:06.826 17607 17679 W System.err: 	at kotlinx.coroutines.scheduling.CoroutineScheduler$Worker.executeTask(CoroutineScheduler.kt:820)
10-08 15:10:06.826 17607 17679 W System.err: 	at kotlinx.coroutines.scheduling.CoroutineScheduler$Worker.runWorker(CoroutineScheduler.kt:717)
10-08 15:10:06.826 17607 17679 W System.err: 	at kotlinx.coroutines.scheduling.CoroutineScheduler$Worker.run(CoroutineScheduler.kt:704)
10-08 15:10:06.826 17607 17679 D ApiError: -------------------------------------------------------------------
10-08 15:10:06.826 17607 17697 W System.err: java.io.IOException: Canceled
10-08 15:10:06.826 17607 17697 W System.err: 	at okhttp3.internal.http.RetryAndFollowUpInterceptor.intercept(RetryAndFollowUpInterceptor.kt:61)
10-08 15:10:06.826 17607 17697 W System.err: 	at okhttp3.internal.http.RealInterceptorChain.proceed(RealInterceptorChain.kt:109)
10-08 15:10:06.826 17607 17697 W System.err: 	at com.lagradost.cloudstream3.network.CloudflareKiller$intercept$1.invokeSuspend(CloudflareKiller.kt:59)
10-08 15:10:06.827 17607 17697 W System.err: 	at kotlin.coroutines.jvm.internal.BaseContinuationImpl.resumeWith(ContinuationImpl.kt:33)
10-08 15:10:06.827 17607 17679 D ApiError: -------------------------------------------------------------------
10-08 15:10:06.827 17607 17697 W System.err: 	at kotlinx.coroutines.DispatchedTask.run(DispatchedTask.kt:100)
10-08 15:10:06.827 17607 17679 D ApiError: safeApiCall: Did not find balanced marker at 'eval(function(p,a,c,k,e,d))'
10-08 15:10:06.827 17607 17679 D ApiError: safeApiCall: Did not find balanced marker at 'eval(function(p,a,c,k,e,d))'
10-08 15:10:06.827 17607 17697 W System.err: 	at kotlinx.coroutines.EventLoopImplBase.processNextEvent(EventLoop.common.kt:263)
10-08 15:10:06.827 17607 17697 W System.err: 	at kotlinx.coroutines.BlockingCoroutine.joinBlocking(Builders.kt:95)
10-08 15:10:06.827 17607 17697 W System.err: 	at kotlinx.coroutines.BuildersKt__BuildersKt.runBlocking(Builders.kt:69)
10-08 15:10:06.827 17607 17697 W System.err: 	at kotlinx.coroutines.BuildersKt.runBlocking(Unknown Source:1)
10-08 15:10:06.827 17607 17697 W System.err: 	at kotlinx.coroutines.BuildersKt__BuildersKt.runBlocking$default(Builders.kt:47)
10-08 15:10:06.827 17607 17697 W System.err: 	at kotlinx.coroutines.BuildersKt.runBlocking$default(Unknown Source:1)
10-08 15:10:06.827 17607 17697 W System.err: 	at com.lagradost.cloudstream3.network.CloudflareKiller.intercept(CloudflareKiller.kt:54)
10-08 15:10:06.827 17607 17697 W System.err: 	at okhttp3.internal.http.RealInterceptorChain.proceed(RealInterceptorChain.kt:109)
10-08 15:10:06.827 17607 17697 W System.err: 	at okhttp3.internal.connection.RealCall.getResponseWithInterceptorChain$okhttp(RealCall.kt:205)
10-08 15:10:06.828 17607 17697 W System.err: 	at okhttp3.internal.connection.RealCall$AsyncCall.run(RealCall.kt:543)
10-08 15:10:06.828 17607 17697 W System.err: 	at java.util.concurrent.ThreadPoolExecutor.runWorker(ThreadPoolExecutor.java:1156)
10-08 15:10:06.828 17607 17697 W System.err: 	at java.util.concurrent.ThreadPoolExecutor$Worker.run(ThreadPoolExecutor.java:651)
10-08 15:10:06.828 17607 17697 W System.err: 	at java.lang.Thread.run(Thread.java:1119)
10-08 15:10:06.828 17607 17689 W System.err: java.io.IOException: Canceled
10-08 15:10:06.828 17607 17689 W System.err: 	at okhttp3.internal.http.RetryAndFollowUpInterceptor.intercept(RetryAndFollowUpInterceptor.kt:61)
10-08 15:10:06.828 17607 17689 W System.err: 	at okhttp3.internal.http.RealInterceptorChain.proceed(RealInterceptorChain.kt:109)
10-08 15:10:06.828 17607 17689 W System.err: 	at okhttp3.internal.connection.RealCall.getResponseWithInterceptorChain$okhttp(RealCall.kt:205)
10-08 15:10:06.828 17607 17689 W System.err: 	at okhttp3.internal.connection.RealCall$AsyncCall.run(RealCall.kt:543)
10-08 15:10:06.828 17607 17689 W System.err: 	at java.util.concurrent.ThreadPoolExecutor.runWorker(ThreadPoolExecutor.java:1156)
10-08 15:10:06.828 17607 17689 W System.err: 	at java.util.concurrent.ThreadPoolExecutor$Worker.run(ThreadPoolExecutor.java:651)
10-08 15:10:06.828 17607 17689 W System.err: 	at java.lang.Thread.run(Thread.java:1119)
10-08 15:10:06.829 17607 17679 W System.err: org.jsoup.select.Selector$SelectorParseException: Did not find balanced marker at 'eval(function(p,a,c,k,e,d))'
10-08 15:10:06.829 17607 17679 W System.err: 	at org.jsoup.select.QueryParser.parse(QueryParser.java:49)
10-08 15:10:06.829 17607 17679 W System.err: 	at org.jsoup.select.Selector.selectFirst(Selector.java:197)
10-08 15:10:06.829 17607 17679 W System.err: 	at org.jsoup.nodes.Element.selectFirst(Element.java:537)
10-08 15:10:06.829 17607 17679 W System.err: 	at com.egydead.StreamHGBase.getUrl$suspendImpl(EgyDeadExtractors.kt:86)
10-08 15:10:06.829 17607 17679 W System.err: 	at com.egydead.StreamHGBase$getUrl$1.invokeSuspend(Unknown Source:18)
10-08 15:10:06.829 17607 17679 W System.err: 	at kotlin.coroutines.jvm.internal.BaseContinuationImpl.resumeWith(ContinuationImpl.kt:33)
10-08 15:10:06.829 17607 17679 W System.err: 	at kotlinx.coroutines.DispatchedTask.run(DispatchedTask.kt:100)
10-08 15:10:06.829 17607 17679 W System.err: 	at kotlinx.coroutines.EventLoopImplBase.processNextEvent(EventLoop.common.kt:263)
10-08 15:10:06.829 17607 17679 W System.err: 	at kotlinx.coroutines.BlockingCoroutine.joinBlocking(Builders.kt:95)
10-08 15:10:06.829 17607 17679 W System.err: 	at kotlinx.coroutines.BuildersKt__BuildersKt.runBlocking(Builders.kt:69)
10-08 15:10:06.829 17607 17679 W System.err: 	at kotlinx.coroutines.BuildersKt.runBlocking(Unknown Source:1)
10-08 15:10:06.829 17607 17679 W System.err: 	at kotlinx.coroutines.BuildersKt__BuildersKt.runBlocking$default(Builders.kt:47)
10-08 15:10:06.829 17607 17679 W System.err: 	at kotlinx.coroutines.BuildersKt.runBlocking$default(Unknown Source:1)
10-08 15:10:06.829 17607 17679 W System.err: 	at com.lagradost.cloudstream3.ParCollectionsKt.apmap(ParCollections.kt:49)
10-08 15:10:06.829 17607 17679 W System.err: 	at com.egydead.EgyDeadProvider.loadLinks(EgyDeadProvider.kt:183)
10-08 15:10:06.829 17607 17679 W System.err: 	at com.egydead.EgyDeadProvider$loadLinks$1.invokeSuspend(Unknown Source:18)
10-08 15:10:06.829 17607 17679 W System.err: 	at kotlin.coroutines.jvm.internal.BaseContinuationImpl.resumeWith(ContinuationImpl.kt:33)
10-08 15:10:06.829 17607 17679 W System.err: 	at kotlinx.coroutines.DispatchedTask.run(DispatchedTask.kt:100)
10-08 15:10:06.829 17607 17679 W System.err: 	at kotlinx.coroutines.internal.LimitedDispatcher$Worker.run(LimitedDispatcher.kt:113)
10-08 15:10:06.829 17607 17679 W System.err: 	at kotlinx.coroutines.scheduling.TaskImpl.run(Tasks.kt:89)
10-08 15:10:06.829 17607 17679 W System.err: 	at kotlinx.coroutines.scheduling.CoroutineScheduler.runSafely(CoroutineScheduler.kt:586)
10-08 15:10:06.829 17607 17679 W System.err: 	at kotlinx.coroutines.scheduling.CoroutineScheduler$Worker.executeTask(CoroutineScheduler.kt:820)
10-08 15:10:06.830 17607 17679 W System.err: 	at kotlinx.coroutines.scheduling.CoroutineScheduler$Worker.runWorker(CoroutineScheduler.kt:717)
10-08 15:10:06.830 17607 17679 W System.err: 	at kotlinx.coroutines.scheduling.CoroutineScheduler$Worker.run(CoroutineScheduler.kt:704)
10-08 15:10:06.830 17607 17679 D ApiError: -------------------------------------------------------------------
10-08 15:10:06.840 17607 17607 I MSHandlerLifeCycle: removeMultiSplitHandler: no exist. decor=DecorView@4765650[MainActivity]
10-08 15:10:06.854 17607 17651 D OpenGLRenderer: setSurface called with nullptr
10-08 15:10:06.855 17607 17651 D OpenGLRenderer: setSurface() destroyed EGLSurface
10-08 15:10:06.855 17607 17651 D OpenGLRenderer: destroyEglSurface
10-08 15:10:06.865 17607 17607 I ViewRootImpl@2033c67[MainActivity]: dispatchDetachedFromWindow
10-08 15:10:06.887 17607 17607 D InputTransport: Input channel destroyed: 'ce3a203', fd=141
10-08 15:10:06.889 17607 17607 I Dialog  : mIsDeviceDefault = false, mIsSamsungBasicInteraction = false, isMetaDataInActivity = false
10-08 15:10:06.910 17607 17696 I System.out: Exception in NiceHttp: java.io.IOException Canceled
10-08 15:10:06.910 17607 17696 W System.err: java.io.IOException: Canceled
10-08 15:10:06.911 17607 17696 W System.err: 	at okhttp3.internal.connection.FastFallbackExchangeFinder.find(FastFallbackExchangeFinder.kt:55)
10-08 15:10:06.911 17607 17696 W System.err: 	at okhttp3.internal.connection.RealCall.initExchange$okhttp(RealCall.kt:268)
10-08 15:10:06.911 17607 17696 W System.err: 	at okhttp3.internal.connection.ConnectInterceptor.intercept(ConnectInterceptor.kt:32)
10-08 15:10:06.911 17607 17696 W System.err: 	at okhttp3.internal.http.RealInterceptorChain.proceed(RealInterceptorChain.kt:109)
10-08 15:10:06.911 17607 17696 W System.err: 	at okhttp3.internal.cache.CacheInterceptor.intercept(CacheInterceptor.kt:95)
10-08 15:10:06.911 17607 17696 W System.err: 	at okhttp3.internal.http.RealInterceptorChain.proceed(RealInterceptorChain.kt:109)
10-08 15:10:06.911 17607 17696 W System.err: 	at okhttp3.internal.http.BridgeInterceptor.intercept(BridgeInterceptor.kt:84)
10-08 15:10:06.911 17607 17696 W System.err: 	at okhttp3.internal.http.RealInterceptorChain.proceed(RealInterceptorChain.kt:109)
10-08 15:10:06.911 17607 17696 W System.err: 	at okhttp3.internal.http.RetryAndFollowUpInterceptor.intercept(RetryAndFollowUpInterceptor.kt:65)
10-08 15:10:06.911 17607 17696 W System.err: 	at okhttp3.internal.http.RealInterceptorChain.proceed(RealInterceptorChain.kt:109)
10-08 15:10:06.911 17607 17696 W System.err: 	at com.lagradost.cloudstream3.network.CloudflareKiller$intercept$1.invokeSuspend(CloudflareKiller.kt:59)
10-08 15:10:06.911 17607 17696 W System.err: 	at kotlin.coroutines.jvm.internal.BaseContinuationImpl.resumeWith(ContinuationImpl.kt:33)
10-08 15:10:06.911 17607 17696 W System.err: 	at kotlinx.coroutines.DispatchedTask.run(DispatchedTask.kt:100)
10-08 15:10:06.911 17607 17696 W System.err: 	at kotlinx.coroutines.EventLoopImplBase.processNextEvent(EventLoop.common.kt:263)
10-08 15:10:06.911 17607 17696 W System.err: 	at kotlinx.coroutines.BlockingCoroutine.joinBlocking(Builders.kt:95)
10-08 15:10:06.911 17607 17696 W System.err: 	at kotlinx.coroutines.BuildersKt__BuildersKt.runBlocking(Builders.kt:69)
10-08 15:10:06.911 17607 17696 W System.err: 	at kotlinx.coroutines.BuildersKt.runBlocking(Unknown Source:1)
10-08 15:10:06.912 17607 17696 W System.err: 	at kotlinx.coroutines.BuildersKt__BuildersKt.runBlocking$default(Builders.kt:47)
10-08 15:10:06.912 17607 17696 W System.err: 	at kotlinx.coroutines.BuildersKt.runBlocking$default(Unknown Source:1)
10-08 15:10:06.912 17607 17696 W System.err: 	at com.lagradost.cloudstream3.network.CloudflareKiller.intercept(CloudflareKiller.kt:54)
10-08 15:10:06.912 17607 17696 W System.err: 	at okhttp3.internal.http.RealInterceptorChain.proceed(RealInterceptorChain.kt:109)
10-08 15:10:06.912 17607 17696 W System.err: 	at okhttp3.internal.connection.RealCall.getResponseWithInterceptorChain$okhttp(RealCall.kt:205)
10-08 15:10:06.912 17607 17696 W System.err: 	at okhttp3.internal.connection.RealCall$AsyncCall.run(RealCall.kt:543)
10-08 15:10:06.912 17607 17696 W System.err: 	at java.util.concurrent.ThreadPoolExecutor.runWorker(ThreadPoolExecutor.java:1156)
10-08 15:10:06.912 17607 17696 W System.err: 	at java.util.concurrent.ThreadPoolExecutor$Worker.run(ThreadPoolExecutor.java:651)
10-08 15:10:06.912 17607 17696 W System.err: 	at java.lang.Thread.run(Thread.java:1119)
10-08 15:10:06.927 17607 17607 I DecorView: [INFO] isPopOver=false config=false
10-08 15:10:06.927 17607 17607 I DecorView: updateCaptionType: isFloating=false isApplication=true hasWindowDecorCaption=false this=DecorView@63a0315[]
10-08 15:10:06.927 17607 17607 D DecorView: setCaptionType = 0, this = DecorView@63a0315[]
10-08 15:10:06.929 17607 17607 I DecorView: getCurrentDensityDpi: from app context. densityDpi=420 msg=resources_loaded
10-08 15:10:06.929 17607 17607 I DecorView: setWindowBackground: isPopOver=false color=0 d=android.graphics.drawable.ColorDrawable@4cbfc1b
10-08 15:10:06.937 17607 17651 D NativeCustomFrequencyManager: [NativeCFMS] BpCustomFrequencyManager::BpCustomFrequencyManager()
10-08 15:10:06.938 17607 17607 I DecorView: notifyKeepScreenOnChanged: keepScreenOn=false
10-08 15:10:06.950 17607 17607 D InsetsController: onStateChanged: InsetsState: {mDisplayFrame=Rect(0, 0 - 1080, 2400), mDisplayCutout=DisplayCutout{insets=Rect(0, 88 - 0, 0) waterfall=Insets{left=0, top=0, right=0, bottom=0} boundingRect={Bounds=[Rect(0, 0 - 0, 0), Rect(512, 0 - 568, 88), Rect(0, 0 - 0, 0), Rect(0, 0 - 0, 0)]} cutoutPathParserInfo={CutoutPathParserInfo{displayWidth=1080 displayHeight=2400 physicalDisplayWidth=1080 physicalDisplayHeight=2400 density={2.625} cutoutSpec={M 0,0 M 0,12.25101276465640 a 10.60613009248640,10.60613009248640 0 1,0 0,21.21226018497290 a 10.60613009248640,10.60613009248640 0 1,0 0,-21.21226018497290 Z @dp} rotation={0} scale={1.0} physicalPixelDisplaySizeRatio={1.0}}}}, mRoundedCorners=RoundedCorners{[RoundedCorner{position=TopLeft, radius=84, center=Point(84, 84)}, RoundedCorner{position=TopRight, radius=84, center=Point(996, 84)}, RoundedCorner{position=BottomRight, radius=84, center=Point(996, 2316)}, RoundedCorner{position=BottomLeft, radius=84, center=Point(84, 2316)}]}  mRoundedCornerFrame=Rect(0, 0 - 1080, 2400), mPrivacyIndicatorBounds=PrivacyIndicatorBounds {static bounds=Rect(964, 0 - 1080, 87) rotation=0}, mSources= { InsetsSource: {mType=ITYPE_STATUS_BAR, mFrame=[0,0][1080,88], mVisible=true, mInsetsRoundedCornerFrame=false}, InsetsSource: {mType=ITYPE_NAVIGATION_BAR, mFrame=[0,2361][1080,2400], mVisible=true, mInsetsRoundedCornerFrame=false}, InsetsSource: {mType=ITYPE_LEFT_GESTURES, mFrame=[0,0][130,2400], mVisible=true, mInsetsRoundedCornerFrame=false}, InsetsSource: {mType=ITYPE_RIGHT_GESTURES, mFrame=[950,0][1080,2400], mVisible=true, mInsetsRoundedCornerFrame=false}, InsetsSource: {mType=ITYPE_TOP_MANDATORY_GESTURES, mFrame=[0,0][1080,120], mVisible=true, mInsetsRoundedCornerFrame=false}, InsetsSource: {mType=ITYPE_BOTTOM_MANDATORY_GESTURES, mFrame=[0,2316][1080,2400], mVisible=true, mInsetsRoundedCornerFrame=false}, InsetsSource: {mType=ITYPE_LEFT_DISPLAY_CUTOUT, mFrame=[0,0][-100000,2400], mVisible=true, mInsetsRoundedCornerFrame=false}, InsetsSource: {mType=ITYPE_TOP_DISPLAY_CUTOUT, mFrame=[0,0][1080,88], mVisible=true, mInsetsRoundedCornerFrame=false}, InsetsSource: {mType=ITYPE_RIGHT_DISPLAY_CUTOUT, mFrame=[100000,0][1080,2400], mVisible=true, mInsetsRoundedCornerFrame=false}, InsetsSource: {mType=ITYPE_BOTTOM_DISPLAY_CUTOUT, mFrame=[0,100000][1080,2400], mVisible=true, mInsetsRoundedCornerFrame=false}, InsetsSource: {mType=ITYPE_TOP_TAPPABLE_ELEMENT, mFrame=[0,0][1080,88], mVisible=true, mInsetsRoundedCornerFrame=false}, InsetsSource: {mType=ITYPE_BOTTOM_TAPPABLE_ELEMENT, mFrame=[0,0][0,0], mVisible=true, mInsetsRoundedCornerFrame=false}, InsetsSource: {mType=ITYPE_IME, mFrame=[0,0][0,0], mVisibleFrame=[0,1409][1080,2400], mVisible=false, mInsetsRoundedCornerFrame=false} } host=com.lagradost.cloudstream3/com.lagradost.cloudstream3.MainActivity from=android.view.ViewRootImpl.setView:1732
10-08 15:10:06.951 17607 17607 I ViewRootImpl@8da0fd0[MainActivity]: setView = com.android.internal.policy.DecorView@63a0315 TM=true
10-08 15:10:06.961 17607 17607 I ViewRootImpl@8da0fd0[MainActivity]: performTraversals params={(0,0)(fillxfill) gr=CENTER sim={adjust=resize forwardNavigation} ty=APPLICATION fmt=TRANSPARENT wanim=0x7f14000b
10-08 15:10:06.961 17607 17607 I ViewRootImpl@8da0fd0[MainActivity]:   fl=85810100
10-08 15:10:06.961 17607 17607 I ViewRootImpl@8da0fd0[MainActivity]:   pfl=12020040
10-08 15:10:06.961 17607 17607 I ViewRootImpl@8da0fd0[MainActivity]:   vsysui=500
10-08 15:10:06.961 17607 17607 I ViewRootImpl@8da0fd0[MainActivity]:   bhv=DEFAULT
10-08 15:10:06.961 17607 17607 I ViewRootImpl@8da0fd0[MainActivity]:   fitSides= naviIconColor=0}
10-08 15:10:06.962 17607 17607 I ViewRootImpl@8da0fd0[MainActivity]: performTraversals mFirst=true windowShouldResize=true viewVisibilityChanged=false mForceNextWindowRelayout=false params={(0,0)(fillxfill) gr=CENTER sim={adjust=resize forwardNavigation} ty=APPLICATION fmt=TRANSPARENT wanim=0x7f14000b
10-08 15:10:06.962 17607 17607 I ViewRootImpl@8da0fd0[MainActivity]:   fl=85810100
10-08 15:10:06.962 17607 17607 I ViewRootImpl@8da0fd0[MainActivity]:   pfl=12020040
10-08 15:10:06.962 17607 17607 I ViewRootImpl@8da0fd0[MainActivity]:   vsysui=500
10-08 15:10:06.962 17607 17607 I ViewRootImpl@8da0fd0[MainActivity]:   bhv=DEFAULT
10-08 15:10:06.962 17607 17607 I ViewRootImpl@8da0fd0[MainActivity]:   fitSides= naviIconColor=0}
10-08 15:10:06.979 17607 17607 I ViewRootImpl@8da0fd0[MainActivity]: updateBlastSurfaceIfNeeded mBlastBufferQueue=null isSameSurfaceControl=false
10-08 15:10:06.980 17607 17607 I BLASTBufferQueue: new BLASTBufferQueue, mName= ViewRootImpl@8da0fd0[MainActivity] mNativeObject= 0x7bda802100 sc.mNativeObject= 0x7bda593360 caller= android.view.ViewRootImpl.updateBlastSurfaceIfNeeded:2909 android.view.ViewRootImpl.relayoutWindow:9847 android.view.ViewRootImpl.performTraversals:3884 android.view.ViewRootImpl.doTraversal:3116 android.view.ViewRootImpl$TraversalRunnable.run:10885 android.view.Choreographer$CallbackRecord.run:1301 android.view.Choreographer$CallbackRecord.run:1309 android.view.Choreographer.doCallbacks:923 android.view.Choreographer.doFrame:852 android.view.Choreographer$FrameDisplayEventReceiver.run:1283 
10-08 15:10:06.980 17607 17607 I BLASTBufferQueue: update, w= 1080 h= 2400 mName = ViewRootImpl@8da0fd0[MainActivity] mNativeObject= 0x7bda802100 sc.mNativeObject= 0x7bda593360 format= -2 caller= android.graphics.BLASTBufferQueue.<init>:84 android.view.ViewRootImpl.updateBlastSurfaceIfNeeded:2909 android.view.ViewRootImpl.relayoutWindow:9847 android.view.ViewRootImpl.performTraversals:3884 android.view.ViewRootImpl.doTraversal:3116 android.view.ViewRootImpl$TraversalRunnable.run:10885 
10-08 15:10:06.980 17607 17607 I ViewRootImpl@8da0fd0[MainActivity]: Relayout returned: old=(0,0,1080,2400) new=(0,0,1080,2400) req=(1080,2400)0 dur=17 res=0x3 s={true 0x7b1459f000} ch=true seqId=0
10-08 15:10:06.981 17607 17607 I ViewRootImpl@8da0fd0[MainActivity]: mThreadedRenderer.initialize() mSurface={isValid=true 0x7b1459f000} hwInitialized=true
10-08 15:10:06.982 17607 17651 D OpenGLRenderer: eglCreateWindowSurface
10-08 15:10:06.984 17607 17607 D AbsListView:  in onLayout changed 
10-08 15:10:06.985 17607 17607 I ViewRootImpl@8da0fd0[MainActivity]: reportNextDraw android.view.ViewRootImpl.performTraversals:4438 android.view.ViewRootImpl.doTraversal:3116 android.view.ViewRootImpl$TraversalRunnable.run:10885 android.view.Choreographer$CallbackRecord.run:1301 android.view.Choreographer$CallbackRecord.run:1309 
10-08 15:10:06.986 17607 17607 I ViewRootImpl@8da0fd0[MainActivity]: Setup new sync id=0
10-08 15:10:06.986 17607 17607 I ViewRootImpl@8da0fd0[MainActivity]: Setting syncFrameCallback
10-08 15:10:06.986 17607 17607 I ViewRootImpl@8da0fd0[MainActivity]: registerCallbacksForSync syncBuffer=false
10-08 15:10:06.988 17607 17722 I ViewRootImpl@8da0fd0[MainActivity]: Received frameDrawingCallback syncResult=0 frameNum=1.
10-08 15:10:06.988 17607 17722 I ViewRootImpl@8da0fd0[MainActivity]: Setting up sync and frameCommitCallback
10-08 15:10:06.994 17607 17651 I BLASTBufferQueue: [ViewRootImpl@8da0fd0[MainActivity]#6](f:0,a:0) onFrameAvailable the first frame is available
10-08 15:10:06.995 17607 17651 I ViewRootImpl@8da0fd0[MainActivity]: Received frameCommittedCallback lastAttemptedDrawFrameNum=1 didProduceBuffer=true
10-08 15:10:06.997 17607 17651 D OpenGLRenderer: CFMS:: SetUp Pid : 17607    Tid : 17651
10-08 15:10:07.002 17607 17607 I ViewRootImpl@8da0fd0[MainActivity]: onSyncComplete
10-08 15:10:07.002 17607 17607 I ViewRootImpl@8da0fd0[MainActivity]: setupSync seqId=0 mSyncId=0 fn=1 caller=android.view.ViewRootImpl$$ExternalSyntheticLambda11.accept:6 android.window.SurfaceSyncer.lambda$setupSync$1$android-window-SurfaceSyncer:128 android.window.SurfaceSyncer$$ExternalSyntheticLambda1.accept:8 android.window.SurfaceSyncer$SyncSet.checkIfSyncIsComplete:382 android.window.SurfaceSyncer$SyncSet.markSyncReady:359 android.window.SurfaceSyncer.markSyncReady:151 android.view.ViewRootImpl.performTraversals:4503 
10-08 15:10:07.003 17607 17607 I ViewRootImpl@8da0fd0[MainActivity]: reportDrawFinished seqId=0 mSyncId=-1 fn=1 mSurfaceChangedTransaction=0x7ca93b4300
10-08 15:10:07.004 17607 17607 D InsetsController: onStateChanged: InsetsState: {mDisplayFrame=Rect(0, 0 - 1080, 2400), mDisplayCutout=DisplayCutout{insets=Rect(0, 88 - 0, 0) waterfall=Insets{left=0, top=0, right=0, bottom=0} boundingRect={Bounds=[Rect(0, 0 - 0, 0), Rect(512, 0 - 568, 88), Rect(0, 0 - 0, 0), Rect(0, 0 - 0, 0)]} cutoutPathParserInfo={CutoutPathParserInfo{displayWidth=1080 displayHeight=2400 physicalDisplayWidth=1080 physicalDisplayHeight=2400 density={2.625} cutoutSpec={M 0,0 M 0,12.25101276465640 a 10.60613009248640,10.60613009248640 0 1,0 0,21.21226018497290 a 10.60613009248640,10.60613009248640 0 1,0 0,-21.21226018497290 Z @dp} rotation={0} scale={1.0} physicalPixelDisplaySizeRatio={1.0}}}}, mRoundedCorners=RoundedCorners{[RoundedCorner{position=TopLeft, radius=84, center=Point(84, 84)}, RoundedCorner{position=TopRight, radius=84, center=Point(996, 84)}, RoundedCorner{position=BottomRight, radius=84, center=Point(996, 2316)}, RoundedCorner{position=BottomLeft, radius=84, center=Point(84, 2316)}]}  mRoundedCornerFrame=Rect(0, 0 - 1080, 2400), mPrivacyIndicatorBounds=PrivacyIndicatorBounds {static bounds=Rect(964, 0 - 1080, 87) rotation=0}, mSources= { InsetsSource: {mType=ITYPE_STATUS_BAR, mFrame=[0,0][1080,88], mVisible=true, mInsetsRoundedCornerFrame=false}, InsetsSource: {mType=ITYPE_NAVIGATION_BAR, mFrame=[0,2361][1080,2400], mVisible=true, mInsetsRoundedCornerFrame=false}, InsetsSource: {mType=ITYPE_LEFT_GESTURES, mFrame=[0,0][130,2400], mVisible=true, mInsetsRoundedCornerFrame=false}, InsetsSource: {mType=ITYPE_RIGHT_GESTURES, mFrame=[950,0][1080,2400], mVisible=true, mInsetsRoundedCornerFrame=false}, InsetsSource: {mType=ITYPE_TOP_MANDATORY_GESTURES, mFrame=[0,0][1080,120], mVisible=true, mInsetsRoundedCornerFrame=false}, InsetsSource: {mType=ITYPE_BOTTOM_MANDATORY_GESTURES, mFrame=[0,2316][1080,2400], mVisible=true, mInsetsRoundedCornerFrame=false}, InsetsSource: {mType=ITYPE_LEFT_DISPLAY_CUTOUT, mFrame=[0,0][-100000,2400], mVisible=true, mInsetsRoundedCornerFrame=false}, InsetsSource: {mType=ITYPE_TOP_DISPLAY_CUTOUT, mFrame=[0,0][1080,88], mVisible=true, mInsetsRoundedCornerFrame=false}, InsetsSource: {mType=ITYPE_RIGHT_DISPLAY_CUTOUT, mFrame=[100000,0][1080,2400], mVisible=true, mInsetsRoundedCornerFrame=false}, InsetsSource: {mType=ITYPE_BOTTOM_DISPLAY_CUTOUT, mFrame=[0,100000][1080,2400], mVisible=true, mInsetsRoundedCornerFrame=false}, InsetsSource: {mType=ITYPE_TOP_TAPPABLE_ELEMENT, mFrame=[0,0][1080,88], mVisible=true, mInsetsRoundedCornerFrame=false}, InsetsSource: {mType=ITYPE_BOTTOM_TAPPABLE_ELEMENT, mFrame=[0,0][0,0], mVisible=true, mInsetsRoundedCornerFrame=false} } host=com.lagradost.cloudstream3/com.lagradost.cloudstream3.MainActivity from=android.view.ViewRootImpl$ViewRootHandler.handleMessageImpl:6740
10-08 15:10:07.007 17607 17607 I ViewRootImpl@2cf4351[MainActivity]: MSG_WINDOW_FOCUS_CHANGED 0 0
10-08 15:10:07.018 17607 17607 I ViewRootImpl@2cf4351[MainActivity]: MSG_WINDOW_FOCUS_CHANGED 0 0
10-08 15:10:07.065 17607 17607 I ViewRootImpl@8da0fd0[MainActivity]: MSG_WINDOW_FOCUS_CHANGED 1 0
10-08 15:10:07.066 17607 17607 I ViewRootImpl@8da0fd0[MainActivity]: mThreadedRenderer.initializeIfNeeded()#2 mSurface={isValid=true 0x7b1459f000}
10-08 15:10:07.067 17607 17607 D InputMethodManager: startInputInner - Id : 0
10-08 15:10:07.067 17607 17607 I InputMethodManager: startInputInner - mService.startInputOrWindowGainedFocus
10-08 15:10:07.709 17607 17607 I ViewRootImpl@8da0fd0[MainActivity]: ViewPostIme pointer 0
10-08 15:10:07.790 17607 17607 I ViewRootImpl@8da0fd0[MainActivity]: ViewPostIme pointer 1
10-08 15:10:07.797 17607 17607 I MSHandlerLifeCycle: removeMultiSplitHandler: no exist. decor=DecorView@63a0315[MainActivity]
10-08 15:10:07.798 17607 17651 D OpenGLRenderer: setSurface called with nullptr
10-08 15:10:07.798 17607 17651 D OpenGLRenderer: setSurface() destroyed EGLSurface
10-08 15:10:07.798 17607 17651 D OpenGLRenderer: destroyEglSurface
