--------- beginning of main
10-08 14:21:13.269  7337  7337 I ViewRootImpl@da31563[MainActivity]: MSG_WINDOW_FOCUS_CHANGED 1 0
10-08 14:21:13.270  7337  7337 I ViewRootImpl@da31563[MainActivity]: mThreadedRenderer.initializeIfNeeded()#2 mSurface={isValid=true 0x7b5e655800}
10-08 14:21:13.275  7337  7337 D InputMethodManager: startInputInner - Id : 0
10-08 14:21:13.275  7337  7337 I InputMethodManager: startInputInner - mService.startInputOrWindowGainedFocus
10-08 14:21:14.571  7337  7337 I ViewRootImpl@da31563[MainActivity]: ViewPostIme pointer 0
10-08 14:21:14.654  7337  7337 D WindowOnBackDispatcher: onBackInvoked, viewRoot=ViewRootImpl@1e33fdd[MainActivity], callback=androidx.activity.OnBackPressedDispatcher$Api33Impl$$ExternalSyntheticLambda0@4ed6942
10-08 14:21:14.662  7337  7337 I IMM_LC  : hsifw() - flag : 0
10-08 14:21:14.663  7337  7337 I IMM_LC  : hsifw() - mService.hideSoftInput
10-08 14:21:14.673  7337  7337 D ScrollView: initGoToTop
10-08 14:21:14.714  7337  7337 E CoilImgLoader: Error loading image: coil3.request.NullRequestDataException: The request's data is null.
10-08 14:21:14.727  7337  7337 D ScrollView:  onsize change changed 
10-08 14:21:15.527  7337  7337 I ViewRootImpl@da31563[MainActivity]: ViewPostIme pointer 0
10-08 14:21:15.601  7337  7337 I ViewRootImpl@da31563[MainActivity]: ViewPostIme pointer 1
10-08 14:21:15.616  7337  7337 I NavComponent: Navigating to fragment: 2131361879
10-08 14:21:15.622  7337  7337 I IMM_LC  : hsifw() - flag : 0
10-08 14:21:15.622  7337  7337 I IMM_LC  : hsifw() - mService.hideSoftInput
10-08 14:21:16.677  7337  7337 I ViewRootImpl@da31563[MainActivity]: ViewPostIme pointer 0
10-08 14:21:16.735  7337  7337 I ViewRootImpl@da31563[MainActivity]: ViewPostIme pointer 1
10-08 14:21:16.759  7337  7337 I IMM_LC  : hsifw() - flag : 0
10-08 14:21:16.760  7337  7337 I IMM_LC  : hsifw() - mService.hideSoftInput
10-08 14:21:16.898  7337  7337 I PLG     : updatePluginList = https://raw.githubusercontent.com/adamwolker21/DZ/refs/heads/master/repo.json
10-08 14:21:16.898  7337  7337 I PLG     : getPlugins = https://raw.githubusercontent.com/adamwolker21/DZ/refs/heads/master/repo.json
10-08 14:21:17.103  7337  7400 D VotingApi: Requesting: https://counterapi.com/api/cs-raw.githubusercontent.com-adamwolker21-DZ/vote/806f9e9bb0fe6eed948cf51910bda7c7a4f4470876514f9eb99299b4b4e46db4?readOnly=true
10-08 14:21:18.044  7337  7337 I ViewRootImpl@da31563[MainActivity]: ViewPostIme pointer 0
10-08 14:21:18.085  7337  7337 I ViewRootImpl@da31563[MainActivity]: ViewPostIme pointer 1
10-08 14:21:18.102  7337  7394 I PLG     : handlePluginAction = https://raw.githubusercontent.com/adamwolker21/DZ/refs/heads/master/repo.json, (https://raw.githubusercontent.com/adamwolker21/DZ/refs/heads/master/repo.json, SitePlugin(url=https://raw.githubusercontent.com/adamwolker21/DZ/builds/EgyDead.cs3, status=1, version=1, apiVersion=1, name=EgyDead, internalName=EgyDead, authors=[adamwolker21], description=EgyDead, repositoryUrl=https://github.com/adamwolker21/DZ, tvTypes=[Movie, TvSeries], language=ar, iconUrl=https://www.faselhds.life/icon-faselplud.png, fileSize=22948)), false
10-08 14:21:18.103  7337  7394 D PluginManager: Downloading plugin: https://raw.githubusercontent.com/adamwolker21/DZ/builds/EgyDead.cs3 to /data/user/0/com.lagradost.cloudstream3/files/Extensions/httpsraw.githubusercontent.comadamwolker21DZrefsheadsmasterrepo.json.-468825824/EgyDead.-124080901.cs3
10-08 14:21:18.335  7337  7394 I PluginManager: Unloading plugin: /data/user/0/com.lagradost.cloudstream3/files/Extensions/httpsraw.githubusercontent.comadamwolker21DZrefsheadsmasterrepo.json.-468825824/EgyDead.-124080901.cs3
10-08 14:21:18.336  7337  7394 W PluginManager: Couldn't find plugin /data/user/0/com.lagradost.cloudstream3/files/Extensions/httpsraw.githubusercontent.comadamwolker21DZrefsheadsmasterrepo.json.-468825824/EgyDead.-124080901.cs3
10-08 14:21:18.336  7337  7394 I PluginManager: Loading plugin: PluginData(internalName=EgyDead, url=https://raw.githubusercontent.com/adamwolker21/DZ/builds/EgyDead.cs3, isOnline=true, filePath=/data/user/0/com.lagradost.cloudstream3/files/Extensions/httpsraw.githubusercontent.comadamwolker21DZrefsheadsmasterrepo.json.-468825824/EgyDead.-124080901.cs3, version=-2147483648)
10-08 14:21:18.392  7337  7394 I PluginInstance: Adding EgyDead (https://tv6.egydead.live) MainAPI
10-08 14:21:18.392  7337  7394 I PluginManager: Loaded plugin EgyDead successfully
10-08 14:21:18.392  7337  7394 I PLG     : getPlugins = https://raw.githubusercontent.com/adamwolker21/DZ/refs/heads/master/repo.json
10-08 14:21:18.392  7337  7337 I COMPACT : showToast = Plugin Loaded
10-08 14:21:18.401  7337  7337 D CompatibilityChangeReporter: Compat change id reported: 147798919; UID 10523; state: ENABLED
10-08 14:21:18.401  7337  7337 E Toast   : setGravity() shouldn't be called on text toasts, the values won't be used
10-08 14:21:18.401  7337  7337 I Toast   : setView: it's a custom toast
10-08 14:21:18.409  7337  7337 V Toast   : show: caller = com.lagradost.cloudstream3.CommonActivity.showToast:175 
10-08 14:21:18.483  7337  7337 V Toast   : HANDLE SHOW: android.widget.Toast$TN@85bdb4 mView=null mNextView=androidx.cardview.widget.CardView{5f6cddd V.E..V... ......ID 0,0-0,0 #7f0a0557 app:id/toast_layout_root}
10-08 14:21:18.487  7337  7337 V ToastPresenter: sipHeight = -39
10-08 14:21:18.491  7337  7337 V ToastPresenter: yOffset = 13
10-08 14:21:18.498  7337  7363 D NativeCustomFrequencyManager: [NativeCFMS] BpCustomFrequencyManager::BpCustomFrequencyManager()
10-08 14:21:18.511  7337  7337 D InsetsController: onStateChanged: InsetsState: {mDisplayFrame=Rect(0, 0 - 1080, 2400), mDisplayCutout=DisplayCutout{insets=Rect(0, 88 - 0, 0) waterfall=Insets{left=0, top=0, right=0, bottom=0} boundingRect={Bounds=[Rect(0, 0 - 0, 0), Rect(512, 0 - 568, 88), Rect(0, 0 - 0, 0), Rect(0, 0 - 0, 0)]} cutoutPathParserInfo={CutoutPathParserInfo{displayWidth=1080 displayHeight=2400 physicalDisplayWidth=1080 physicalDisplayHeight=2400 density={2.625} cutoutSpec={M 0,0 M 0,12.25101276465640 a 10.60613009248640,10.60613009248640 0 1,0 0,21.21226018497290 a 10.60613009248640,10.60613009248640 0 1,0 0,-21.21226018497290 Z @dp} rotation={0} scale={1.0} physicalPixelDisplaySizeRatio={1.0}}}}, mRoundedCorners=RoundedCorners{[RoundedCorner{position=TopLeft, radius=84, center=Point(84, 84)}, RoundedCorner{position=TopRight, radius=84, center=Point(996, 84)}, RoundedCorner{position=BottomRight, radius=84, center=Point(996, 2316)}, RoundedCorner{position=BottomLeft, radius=84, center=Point(84, 2316)}]}  mRoundedCornerFrame=Rect(0, 0 - 0, 0), mPrivacyIndicatorBounds=PrivacyIndicatorBounds {static bounds=Rect(964, 0 - 1080, 87) rotation=0}, mSources= { InsetsSource: {mType=ITYPE_NAVIGATION_BAR, mFrame=[0,2361][1080,2400], mVisible=true, mInsetsRoundedCornerFrame=false}, InsetsSource: {mType=ITYPE_LEFT_GESTURES, mFrame=[0,0][130,2400], mVisible=true, mInsetsRoundedCornerFrame=false}, InsetsSource: {mType=ITYPE_RIGHT_GESTURES, mFrame=[950,0][1080,2400], mVisible=true, mInsetsRoundedCornerFrame=false}, InsetsSource: {mType=ITYPE_TOP_MANDATORY_GESTURES, mFrame=[0,0][1080,120], mVisible=true, mInsetsRoundedCornerFrame=false}, InsetsSource: {mType=ITYPE_BOTTOM_MANDATORY_GESTURES, mFrame=[0,2316][1080,2400], mVisible=true, mInsetsRoundedCornerFrame=false}, InsetsSource: {mType=ITYPE_LEFT_DISPLAY_CUTOUT, mFrame=[0,0][-100000,2400], mVisible=true, mInsetsRoundedCornerFrame=false}, InsetsSource: {mType=ITYPE_TOP_DISPLAY_CUTOUT, mFrame=[0,0][1080,88], mVisible=true, mInsetsRoundedCornerFrame=false}, InsetsSource: {mType=ITYPE_RIGHT_DISPLAY_CUTOUT, mFrame=[100000,0][1080,2400], mVisible=true, mInsetsRoundedCornerFrame=false}, InsetsSource: {mType=ITYPE_BOTTOM_DISPLAY_CUTOUT, mFrame=[0,100000][1080,2400], mVisible=true, mInsetsRoundedCornerFrame=false}, InsetsSource: {mType=ITYPE_BOTTOM_TAPPABLE_ELEMENT, mFrame=[0,0][0,0], mVisible=true, mInsetsRoundedCornerFrame=false} } host=Toast from=android.view.ViewRootImpl.setView:1732
10-08 14:21:18.514  7337  7337 I ViewRootImpl@2bd2d52[Toast]: setView = androidx.cardview.widget.CardView@5f6cddd TM=true
10-08 14:21:18.523  7337  7337 I ViewRootImpl@2bd2d52[Toast]: performTraversals params={(0,13)(wrapxwrap) gr=BOTTOM CENTER sim={adjust=resize} ty=TOAST fmt=TRANSLUCENT wanim=0x1030004 surfaceInsets=Rect(11, 11 - 11, 11)
10-08 14:21:18.523  7337  7337 I ViewRootImpl@2bd2d52[Toast]:   fl=1000098
10-08 14:21:18.523  7337  7337 I ViewRootImpl@2bd2d52[Toast]:   pfl=12000000
10-08 14:21:18.523  7337  7337 I ViewRootImpl@2bd2d52[Toast]:   bhv=DEFAULT
10-08 14:21:18.523  7337  7337 I ViewRootImpl@2bd2d52[Toast]:   fitTypes=STATUS_BARS NAVIGATION_BARS CAPTION_BAR
10-08 14:21:18.523  7337  7337 I ViewRootImpl@2bd2d52[Toast]:   fitIgnoreVis naviIconColor=0}
10-08 14:21:18.524  7337  7337 I ViewRootImpl@2bd2d52[Toast]: performTraversals mFirst=true windowShouldResize=false viewVisibilityChanged=false mForceNextWindowRelayout=false params={(0,13)(wrapxwrap) gr=BOTTOM CENTER sim={adjust=resize} ty=TOAST fmt=TRANSLUCENT wanim=0x1030004 surfaceInsets=Rect(11, 11 - 11, 11)
10-08 14:21:18.524  7337  7337 I ViewRootImpl@2bd2d52[Toast]:   fl=1000098
10-08 14:21:18.524  7337  7337 I ViewRootImpl@2bd2d52[Toast]:   pfl=12000000
10-08 14:21:18.524  7337  7337 I ViewRootImpl@2bd2d52[Toast]:   bhv=DEFAULT
10-08 14:21:18.524  7337  7337 I ViewRootImpl@2bd2d52[Toast]:   fitTypes=STATUS_BARS NAVIGATION_BARS CAPTION_BAR
10-08 14:21:18.524  7337  7337 I ViewRootImpl@2bd2d52[Toast]:   fitIgnoreVis naviIconColor=0}
10-08 14:21:18.538  7337  7337 I ViewRootImpl@2bd2d52[Toast]: updateBlastSurfaceIfNeeded mBlastBufferQueue=null isSameSurfaceControl=false
10-08 14:21:18.539  7337  7337 I BLASTBufferQueue: new BLASTBufferQueue, mName= ViewRootImpl@2bd2d52[Toast] mNativeObject= 0x7b5e58be00 sc.mNativeObject= 0x7b5e567f20 caller= android.view.ViewRootImpl.updateBlastSurfaceIfNeeded:2909 android.view.ViewRootImpl.relayoutWindow:9847 android.view.ViewRootImpl.performTraversals:3884 android.view.ViewRootImpl.doTraversal:3116 android.view.ViewRootImpl$TraversalRunnable.run:10885 android.view.Choreographer$CallbackRecord.run:1301 android.view.Choreographer$CallbackRecord.run:1309 android.view.Choreographer.doCallbacks:923 android.view.Choreographer.doFrame:852 android.view.Choreographer$FrameDisplayEventReceiver.run:1283 
10-08 14:21:18.539  7337  7337 I BLASTBufferQueue: update, w= 373 h= 178 mName = ViewRootImpl@2bd2d52[Toast] mNativeObject= 0x7b5e58be00 sc.mNativeObject= 0x7b5e567f20 format= -3 caller= android.graphics.BLASTBufferQueue.<init>:84 android.view.ViewRootImpl.updateBlastSurfaceIfNeeded:2909 android.view.ViewRootImpl.relayoutWindow:9847 android.view.ViewRootImpl.performTraversals:3884 android.view.ViewRootImpl.doTraversal:3116 android.view.ViewRootImpl$TraversalRunnable.run:10885 
10-08 14:21:18.540  7337  7337 I ViewRootImpl@2bd2d52[Toast]: Relayout returned: old=(0,88,1080,2361) new=(364,2192,715,2348) req=(351,156)0 dur=14 res=0x3 s={true 0x7bda9a2800} ch=true seqId=0
10-08 14:21:18.541  7337  7337 I ViewRootImpl@2bd2d52[Toast]: mThreadedRenderer.initialize() mSurface={isValid=true 0x7bda9a2800} hwInitialized=true
10-08 14:21:18.542  7337  7363 D OpenGLRenderer: eglCreateWindowSurface
10-08 14:21:18.542  7337  7337 I ViewRootImpl@2bd2d52[Toast]: reportNextDraw android.view.ViewRootImpl.performTraversals:4438 android.view.ViewRootImpl.doTraversal:3116 android.view.ViewRootImpl$TraversalRunnable.run:10885 android.view.Choreographer$CallbackRecord.run:1301 android.view.Choreographer$CallbackRecord.run:1309 
10-08 14:21:18.542  7337  7337 I ViewRootImpl@2bd2d52[Toast]: Setup new sync id=0
10-08 14:21:18.542  7337  7337 I ViewRootImpl@2bd2d52[Toast]: Setting syncFrameCallback
10-08 14:21:18.543  7337  7337 I ViewRootImpl@2bd2d52[Toast]: registerCallbacksForSync syncBuffer=false
10-08 14:21:18.544  7337  7438 I ViewRootImpl@2bd2d52[Toast]: Received frameDrawingCallback syncResult=0 frameNum=1.
10-08 14:21:18.544  7337  7438 I ViewRootImpl@2bd2d52[Toast]: Setting up sync and frameCommitCallback
10-08 14:21:18.548  7337  7363 I BLASTBufferQueue: [ViewRootImpl@2bd2d52[Toast]#3](f:0,a:0) onFrameAvailable the first frame is available
10-08 14:21:18.549  7337  7363 I ViewRootImpl@2bd2d52[Toast]: Received frameCommittedCallback lastAttemptedDrawFrameNum=1 didProduceBuffer=true
10-08 14:21:18.550  7337  7363 D OpenGLRenderer: CFMS:: SetUp Pid : 7337    Tid : 7363
10-08 14:21:18.554  7337  7337 I ViewRootImpl@2bd2d52[Toast]: onSyncComplete
10-08 14:21:18.555  7337  7337 I ViewRootImpl@2bd2d52[Toast]: setupSync seqId=0 mSyncId=0 fn=1 caller=android.view.ViewRootImpl$$ExternalSyntheticLambda11.accept:6 android.window.SurfaceSyncer.lambda$setupSync$1$android-window-SurfaceSyncer:128 android.window.SurfaceSyncer$$ExternalSyntheticLambda1.accept:8 android.window.SurfaceSyncer$SyncSet.checkIfSyncIsComplete:382 android.window.SurfaceSyncer$SyncSet.markSyncReady:359 android.window.SurfaceSyncer.markSyncReady:151 android.view.ViewRootImpl.performTraversals:4503 
10-08 14:21:18.555  7337  7337 I ViewRootImpl@2bd2d52[Toast]: reportDrawFinished seqId=0 mSyncId=-1 fn=1 mSurfaceChangedTransaction=0x7bdaa04600
10-08 14:21:20.156  7337  7337 I ViewRootImpl@da31563[MainActivity]: ViewPostIme pointer 0
10-08 14:21:20.221  7337  7337 I ViewRootImpl@da31563[MainActivity]: ViewPostIme pointer 1
10-08 14:21:20.243  7337  7337 I IMM_LC  : hsifw() - flag : 0
10-08 14:21:20.243  7337  7337 I IMM_LC  : hsifw() - mService.hideSoftInput
10-08 14:21:20.516  7337  7363 D OpenGLRenderer: setSurface called with nullptr
10-08 14:21:20.516  7337  7363 D OpenGLRenderer: setSurface() destroyed EGLSurface
10-08 14:21:20.516  7337  7363 D OpenGLRenderer: destroyEglSurface
10-08 14:21:20.517  7337  7337 I ViewRootImpl@2bd2d52[Toast]: dispatchDetachedFromWindow
10-08 14:21:20.522  7337  7337 D InputTransport: Input channel destroyed: 'ec401f4', fd=165
10-08 14:21:21.361  7337  7345 I st.cloudstream3: Background concurrent copying GC freed 8723KB AllocSpace bytes, 86(4436KB) LOS objects, 50% free, 20MB/40MB, paused 769us,90us total 176.201ms
10-08 14:21:21.372  7337  7363 D OpenGLRenderer: setSurface called with nullptr
10-08 14:21:21.379  7337  7346 D InputTransport: Input channel destroyed: 'ClientS', fd=127
10-08 14:21:21.385  7337  7363 D OpenGLRenderer: setSurface called with nullptr
10-08 14:21:21.404  7337  7347 W System  : A resource failed to call close. 
10-08 14:21:22.814  7337  7337 I ViewRootImpl@da31563[MainActivity]: ViewPostIme pointer 0
10-08 14:21:23.056  7337  7337 I ViewRootImpl@da31563[MainActivity]: ViewPostIme pointer 1
10-08 14:21:23.483  7337  7337 I ViewRootImpl@da31563[MainActivity]: ViewPostIme pointer 0
10-08 14:21:23.765  7337  7337 I ViewRootImpl@da31563[MainActivity]: ViewPostIme pointer 1
10-08 14:21:24.112  7337  7337 I ViewRootImpl@da31563[MainActivity]: ViewPostIme pointer 0
10-08 14:21:24.503  7337  7337 I ViewRootImpl@da31563[MainActivity]: ViewPostIme pointer 1
10-08 14:21:25.890  7337  7337 I ViewRootImpl@da31563[MainActivity]: ViewPostIme pointer 0
10-08 14:21:25.988  7337  7337 I ViewRootImpl@da31563[MainActivity]: ViewPostIme pointer 1
10-08 14:21:26.010  7337  7337 I NavComponent: Navigating to fragment: 2131362274
10-08 14:21:26.042  7337  7337 I IMM_LC  : hsifw() - flag : 0
10-08 14:21:26.042  7337  7337 I IMM_LC  : hsifw() - mService.hideSoftInput
10-08 14:21:26.088  7337  7337 D ScrollView: initGoToTop
10-08 14:21:26.507  7337  7337 I SurfaceView@6d31b09: onWindowVisibilityChanged(0) true android.view.SurfaceView{6d31b09 V.E..V... ......I. 0,0-0,0} of ViewRootImpl@da31563[MainActivity]
10-08 14:21:26.508  7337  7337 D SurfaceView@6d31b09: updateSurface: has no frame
10-08 14:21:26.519  7337  7337 I CS3ExoPlayer: SET STYLE = SaveCaptionStyle(foregroundColor=-1, backgroundColor=0, windowColor=0, edgeType=1, edgeColor=-16777216, typeface=null, typefaceFilePath=null, elevation=20, fixedTextSize=null, edgeSize=null, removeCaptions=false, removeBloat=true, upperCase=false, bold=false, italic=false, backgroundRadius=null)
10-08 14:21:26.543  7337  7337 D VideoClickActionHolder: allVideoClickActions: [null:com.lagradost.cloudstream3.actions.temp.PlayInBrowserAction, null:com.lagradost.cloudstream3.actions.temp.CopyClipboardAction, null:com.lagradost.cloudstream3.actions.temp.ViewM3U8Action, null:com.lagradost.cloudstream3.actions.temp.VlcPackage, null:com.lagradost.cloudstream3.actions.temp.MpvPackage, null:com.lagradost.cloudstream3.actions.temp.NextPlayerPackage, null:com.lagradost.cloudstream3.actions.temp.JustPlayerPackage, null:com.lagradost.cloudstream3.actions.temp.fcast.FcastAction, null:com.lagradost.cloudstream3.actions.temp.LibreTorrentPackage, null:com.lagradost.cloudstream3.actions.temp.BiglyBTPackage, null:com.lagradost.cloudstream3.actions.temp.VlcNightlyPackage, null:com.lagradost.cloudstream3.actions.temp.WebVideoCastPackage, null:com.lagradost.cloudstream3.actions.temp.MpvYTDLPackage, null:com.lagradost.cloudstream3.actions.temp.MpvKtPackage, null:com.lagradost.cloudstream3.actions.temp.MpvKtPreviewPackage, null:com.lagradost.cloudstream3.actions.AlwaysAskAction]
10-08 14:21:26.544  7337  7337 I IMM_LC  : hsifw() - flag : 0
10-08 14:21:26.544  7337  7337 I IMM_LC  : hsifw() - mService.hideSoftInput
10-08 14:21:26.548  7337  7399 I SYNCVM  : addFromUrl = https://tv6.egydead.live/%d9%85%d8%b4%d8%a7%d9%87%d8%af%d8%a9-%d9%81%d9%8a%d9%84%d9%85-pretty-crazy-2025-%d9%85%d8%aa%d8%b1%d8%ac%d9%85/
10-08 14:21:26.549  7337  7399 I SYNCUTIL: getIdsFromUrl https://tv6.egydead.live/%d9%85%d8%b4%d8%a7%d9%87%d8%af%d8%a9-%d9%81%d9%8a%d9%84%d9%85-pretty-crazy-2025-%d9%85%d8%aa%d8%b1%d8%ac%d9%85/
10-08 14:21:26.572  7337  7337 I SurfaceView@6d31b09: onWindowVisibilityChanged(8) false android.view.SurfaceView{6d31b09 V.E..V... ......I. 0,0-0,0} of ViewRootImpl@da31563[MainActivity]
10-08 14:21:26.572  7337  7337 D SurfaceView@6d31b09: updateSurface: has no frame
10-08 14:21:26.572  7337  7337 D SurfaceView@6d31b09: updateSurface: has no frame
10-08 14:21:26.572  7337  7337 I SurfaceView@6d31b09: onDetachedFromWindow: tryReleaseSurfaces()
10-08 14:21:26.572  7337  7337 I SurfaceView@6d31b09: releaseSurfaces: viewRoot = ViewRootImpl@da31563[MainActivity]
10-08 14:21:26.572  7337  7337 I SurfaceView@6d31b09: applyTransactionOnVriDraw: vri = ViewRootImpl@da31563[MainActivity] fRS = true t = 0x7b24895100 android.view.SurfaceView.releaseSurfaces:858 android.view.SurfaceView.onDetachedFromWindow:500 android.view.View.dispatchDetachedFromWindow:22538 
10-08 14:21:26.572  7337  7337 I SurfaceView@6d31b09: applyTransactionOnVriDraw: viewRoot.applyTransactionOnDrawFromReleaseSurfaces
10-08 14:21:26.572  7337  7337 I ViewRootImpl@da31563[MainActivity]: applyTransactionOnDraw: mRemoved = false isHardwareEnabled = true t = 0x7b24895100android.view.ViewRootImpl.applyTransactionOnDrawFromReleaseSurfaces:12850 android.view.SurfaceView.applyTransactionOnVriDraw:2046 android.view.SurfaceView.releaseSurfaces:858 android.view.SurfaceView.onDetachedFromWindow:500 android.view.View.dispatchDetachedFromWindow:22538 
10-08 14:21:26.575  7337  7337 I SurfaceView@6d31b09: onWindowVisibilityChanged(0) true android.view.SurfaceView{6d31b09 V.E..V... ......I. 0,0-0,0} of ViewRootImpl@da31563[MainActivity]
10-08 14:21:26.575  7337  7337 D SurfaceView@6d31b09: updateSurface: has no frame
10-08 14:21:26.580  7337  7337 I DecorView: notifyKeepScreenOnChanged: keepScreenOn=false
10-08 14:21:26.595  7337  7337 I CS3ExoPlayer: reloadPlayer
10-08 14:21:26.596  7337  7337 I CS3ExoPlayer: releasePlayer
10-08 14:21:26.596  7337  7337 I CS3ExoPlayer: Handle event: PlayerAttachedEvent(player=null, source=Player)
10-08 14:21:26.598  7337  7337 I Choreographer: Skipped 32 frames!  The application may be doing too much work on its main thread.
10-08 14:21:26.603  7337  7337 I ViewRootImpl@da31563[MainActivity]: performTraversals params={(0,0)(fillxfill) sim={state=always_hidden adjust=resize} ty=BASE_APPLICATION wanim=0x1030309
10-08 14:21:26.603  7337  7337 I ViewRootImpl@da31563[MainActivity]:   fl=85810100
10-08 14:21:26.603  7337  7337 I ViewRootImpl@da31563[MainActivity]:   pfl=12020040
10-08 14:21:26.603  7337  7337 I ViewRootImpl@da31563[MainActivity]:   vsysui=500
10-08 14:21:26.603  7337  7337 I ViewRootImpl@da31563[MainActivity]:   bhv=DEFAULT
10-08 14:21:26.603  7337  7337 I ViewRootImpl@da31563[MainActivity]:   fitSides= naviIconColor=0}
10-08 14:21:26.604  7337  7337 I ViewRootImpl@da31563[MainActivity]: performTraversals mFirst=false windowShouldResize=false viewVisibilityChanged=false mForceNextWindowRelayout=false params={(0,0)(fillxfill) sim={state=always_hidden adjust=resize} ty=BASE_APPLICATION fmt=TRANSLUCENT wanim=0x1030309
10-08 14:21:26.604  7337  7337 I ViewRootImpl@da31563[MainActivity]:   fl=85810100
10-08 14:21:26.604  7337  7337 I ViewRootImpl@da31563[MainActivity]:   pfl=12020040
10-08 14:21:26.604  7337  7337 I ViewRootImpl@da31563[MainActivity]:   vsysui=500
10-08 14:21:26.604  7337  7337 I ViewRootImpl@da31563[MainActivity]:   bhv=DEFAULT
10-08 14:21:26.604  7337  7337 I ViewRootImpl@da31563[MainActivity]:   fitSides= naviIconColor=0}
10-08 14:21:26.611  7337  7337 I ViewRootImpl@da31563[MainActivity]: updateBlastSurfaceIfNeeded mBlastBufferQueue=0x7b42458800 isSameSurfaceControl=true
10-08 14:21:26.612  7337  7337 I BLASTBufferQueue: update, w= 1080 h= 2400 mName = ViewRootImpl@da31563[MainActivity] mNativeObject= 0x7b42458800 sc.mNativeObject= 0x7b16c8b000 format= -3 caller= android.view.ViewRootImpl.updateBlastSurfaceIfNeeded:2898 android.view.ViewRootImpl.relayoutWindow:9847 android.view.ViewRootImpl.performTraversals:3884 android.view.ViewRootImpl.doTraversal:3116 android.view.ViewRootImpl$TraversalRunnable.run:10885 android.view.Choreographer$CallbackRecord.run:1301 
10-08 14:21:26.612  7337  7337 I ViewRootImpl@da31563[MainActivity]: Relayout returned: old=(0,0,1080,2400) new=(0,0,1080,2400) req=(1080,2400)0 dur=7 res=0x0 s={true 0x7b5e655800} ch=false seqId=0
10-08 14:21:26.614  7337  7337 W View    : requestLayout() improperly called by android.widget.FrameLayout{a22edc0 I.E..V... ......I. 0,0-0,0 #7f0a04e7 app:id/start_panel} during layout: running second layout pass
10-08 14:21:26.614  7337  7337 W View    : requestLayout() improperly called by android.widget.FrameLayout{7cfeaf9 I.E..V... ......ID 1080,0-1080,2143 #7f0a0168 app:id/end_panel} during layout: running second layout pass
10-08 14:21:26.616  7337  7337 D SurfaceView@6d31b09: updateSurface: has no frame
10-08 14:21:26.621  7337  7437 I ViewRootImpl@da31563[MainActivity]: mWNT: t=0x7b24895100 mBlastBufferQueue=0x7b42458800 fn= 566 caller= android.view.ViewRootImpl.lambda$applyTransactionOnDraw$11$android-view-ViewRootImpl:12865 android.view.ViewRootImpl$$ExternalSyntheticLambda1.onFrameDraw:4 android.graphics.HardwareRenderer$FrameDrawingCallback.onFrameDraw:924 
10-08 14:21:26.625  7337  7337 D SurfaceView@6d31b09: updateSurface: has no frame
10-08 14:21:26.643  7337  7337 D SurfaceView@6d31b09: updateSurface: has no frame
10-08 14:21:26.661  7337  7337 D SurfaceView@6d31b09: updateSurface: has no frame
10-08 14:21:26.685  7337  7337 D SurfaceView@6d31b09: updateSurface: has no frame
10-08 14:21:26.700  7337  7337 D SurfaceView@6d31b09: updateSurface: has no frame
10-08 14:21:26.713  7337  7337 D SurfaceView@6d31b09: updateSurface: has no frame
10-08 14:21:26.725  7337  7337 D SurfaceView@6d31b09: updateSurface: has no frame
10-08 14:21:26.739  7337  7337 D SurfaceView@6d31b09: updateSurface: has no frame
10-08 14:21:26.770  7337  7337 D SurfaceView@6d31b09: updateSurface: has no frame
10-08 14:21:26.773  7337  7337 D SurfaceView@6d31b09: updateSurface: has no frame
10-08 14:21:26.792  7337  7337 D SurfaceView@6d31b09: updateSurface: has no frame
10-08 14:21:26.808  7337  7337 D SurfaceView@6d31b09: updateSurface: has no frame
10-08 14:21:26.823  7337  7337 D SurfaceView@6d31b09: updateSurface: has no frame
10-08 14:21:26.840  7337  7337 D SurfaceView@6d31b09: updateSurface: has no frame
10-08 14:21:26.846  7337  7388 I RVM2    : applyMeta
10-08 14:21:26.856  7337  7337 D SurfaceView@6d31b09: updateSurface: has no frame
10-08 14:21:26.873  7337  7337 D SurfaceView@6d31b09: updateSurface: has no frame
10-08 14:21:26.890  7337  7337 D SurfaceView@6d31b09: updateSurface: has no frame
10-08 14:21:26.906  7337  7337 D SurfaceView@6d31b09: updateSurface: has no frame
10-08 14:21:26.923  7337  7337 D SurfaceView@6d31b09: updateSurface: has no frame
10-08 14:21:26.940  7337  7337 D SurfaceView@6d31b09: updateSurface: has no frame
10-08 14:21:26.956  7337  7337 D SurfaceView@6d31b09: updateSurface: has no frame
10-08 14:21:26.973  7337  7337 D SurfaceView@6d31b09: updateSurface: has no frame
10-08 14:21:26.990  7337  7337 D SurfaceView@6d31b09: updateSurface: has no frame
10-08 14:21:27.006  7337  7337 D SurfaceView@6d31b09: updateSurface: has no frame
10-08 14:21:27.023  7337  7337 D SurfaceView@6d31b09: updateSurface: has no frame
10-08 14:21:27.041  7337  7337 D SurfaceView@6d31b09: updateSurface: has no frame
10-08 14:21:27.058  7337  7337 D SurfaceView@6d31b09: updateSurface: has no frame
10-08 14:21:27.073  7337  7337 D SurfaceView@6d31b09: updateSurface: has no frame
10-08 14:21:27.090  7337  7337 D SurfaceView@6d31b09: updateSurface: has no frame
10-08 14:21:27.109  7337  7337 D SurfaceView@6d31b09: updateSurface: has no frame
10-08 14:21:27.123  7337  7337 D SurfaceView@6d31b09: updateSurface: has no frame
10-08 14:21:27.140  7337  7337 D SurfaceView@6d31b09: updateSurface: has no frame
10-08 14:21:27.156  7337  7337 D SurfaceView@6d31b09: updateSurface: has no frame
10-08 14:21:27.173  7337  7337 D SurfaceView@6d31b09: updateSurface: has no frame
10-08 14:21:27.192  7337  7337 D SurfaceView@6d31b09: updateSurface: has no frame
10-08 14:21:27.209  7337  7337 D SurfaceView@6d31b09: updateSurface: has no frame
10-08 14:21:27.228  7337  7337 D SurfaceView@6d31b09: updateSurface: has no frame
10-08 14:21:27.240  7337  7337 D SurfaceView@6d31b09: updateSurface: has no frame
10-08 14:21:27.247  7337  7345 I st.cloudstream3: Background concurrent copying GC freed 11MB AllocSpace bytes, 79(5280KB) LOS objects, 49% free, 23MB/47MB, paused 306us,326us total 200.620ms
10-08 14:21:27.256  7337  7337 D SurfaceView@6d31b09: updateSurface: has no frame
10-08 14:21:27.273  7337  7337 D SurfaceView@6d31b09: updateSurface: has no frame
10-08 14:21:27.290  7337  7337 D SurfaceView@6d31b09: updateSurface: has no frame
10-08 14:21:27.306  7337  7337 D SurfaceView@6d31b09: updateSurface: has no frame
10-08 14:21:27.321  7337  7337 W PanelsChildGestureRegionObserver: failed to register view with ID 2131362800. already registered
10-08 14:21:27.329  7337  7337 E CoilImgLoader: Error loading image: coil3.request.NullRequestDataException: The request's data is null.
10-08 14:21:27.335  7337  7337 E CoilImgLoader: Error loading image: coil3.request.NullRequestDataException: The request's data is null.
10-08 14:21:27.372  7337  7400 I SYNCVM  : addFromUrl = https://tv6.egydead.live/%d9%85%d8%b4%d8%a7%d9%87%d8%af%d8%a9-%d9%81%d9%8a%d9%84%d9%85-pretty-crazy-2025-%d9%85%d8%aa%d8%b1%d8%ac%d9%85/
10-08 14:21:27.372  7337  7400 I SYNCUTIL: getIdsFromUrl https://tv6.egydead.live/%d9%85%d8%b4%d8%a7%d9%87%d8%af%d8%a9-%d9%81%d9%8a%d9%84%d9%85-pretty-crazy-2025-%d9%85%d8%aa%d8%b1%d8%ac%d9%85/
10-08 14:21:27.387  7337  7337 D SurfaceView@6d31b09: updateSurface: has no frame
10-08 14:21:27.388  7337  7337 I SurfaceView@6d31b09: Changes: creating=true format=true size=true visible=true alpha=false hint=false mUseAlpha=false visible=true left=true top=true
10-08 14:21:27.391  7337  7337 I BLASTBufferQueue: update, w= 1080 h= 525 mName = null mNativeObject= 0x7bda9c3000 sc.mNativeObject= 0x7b5e564960 format= 4 caller= android.view.SurfaceView.createBlastSurfaceControls:1383 android.view.SurfaceView.updateSurface:1079 android.view.SurfaceView.lambda$new$0$android-view-SurfaceView:200 android.view.SurfaceView$$ExternalSyntheticLambda5.onPreDraw:2 android.view.ViewTreeObserver.dispatchOnPreDraw:1121 android.view.ViewRootImpl.performTraversals:4442 
10-08 14:21:27.392  7337  7337 I SurfaceView@6d31b09: 114498313 Cur surface: Surface(name=null)/@0x2464414
10-08 14:21:27.392  7337  7337 I SurfaceView@6d31b09: pST: sr = Rect(0, 218 - 1080, 743) sw = 1080 sh = 525
10-08 14:21:27.392  7337  7337 D SurfaceView@6d31b09: performSurfaceTransaction RenderWorker position = [0, 218, 1080, 743] surfaceSize = 1080x525
10-08 14:21:27.392  7337  7337 I SurfaceView@6d31b09: applyTransactionOnVriDraw: vri = ViewRootImpl@da31563[MainActivity] fRS = false t = 0x7bda994100 android.view.SurfaceView.performSurfaceTransaction:959 android.view.SurfaceView.updateSurface:1105 android.view.SurfaceView.lambda$new$0$android-view-SurfaceView:200 
10-08 14:21:27.392  7337  7337 I ViewRootImpl@da31563[MainActivity]: applyTransactionOnDraw: mRemoved = false isHardwareEnabled = true t = 0x7bda994100android.view.SurfaceView.applyTransactionOnVriDraw:2048 android.view.SurfaceView.performSurfaceTransaction:959 android.view.SurfaceView.updateSurface:1105 android.view.SurfaceView.lambda$new$0$android-view-SurfaceView:200 android.view.SurfaceView$$ExternalSyntheticLambda5.onPreDraw:2 
10-08 14:21:27.392  7337  7337 I SurfaceView@6d31b09: updateSurface: mVisible = true mSurface.isValid() = true
10-08 14:21:27.392  7337  7337 I SurfaceView@6d31b09: updateSurface: mSurfaceCreated = false surfaceChanged = true visibleChanged = true
10-08 14:21:27.392  7337  7337 I SurfaceView@6d31b09: visibleChanged -- surfaceCreated
10-08 14:21:27.392  7337  7337 I SurfaceView@6d31b09: surfaceCreated 0 #8 android.view.SurfaceView{6d31b09 V.E..V... ......ID 0,0-1080,525}
10-08 14:21:27.392  7337  7337 I SurfaceView@6d31b09: surfaceChanged -- format=4 w=1080 h=525
10-08 14:21:27.392  7337  7337 I SurfaceView@6d31b09: surfaceChanged (1080,525) 0 #8 android.view.SurfaceView{6d31b09 V.E..V... ......ID 0,0-1080,525}
10-08 14:21:27.393  7337  7337 I SurfaceView@6d31b09: surfaceRedrawNeeded
10-08 14:21:27.393  7337  7337 V SurfaceView@6d31b09: Layout: x=0 y=218 w=1080 h=525, frame=Rect(0, 0 - 1080, 525)
10-08 14:21:27.404  7337  7438 D SurfaceView@6d31b09: updateSurfacePosition RenderWorker, frameNr = 608, position = [0, 218, 1080, 743] surfaceSize = 1080x525
10-08 14:21:27.405  7337  7438 I SurfaceView@6d31b09: uSP: rtp = Rect(0, 218 - 1080, 743) rtsw = 1080 rtsh = 525
10-08 14:21:27.405  7337  7438 I SurfaceView@6d31b09: onSSPAndSRT: pl = 0 pt = 218 sx = 1.0 sy = 1.0
10-08 14:21:27.405  7337  7438 I SurfaceView@6d31b09: aOrMT: ViewRootImpl@da31563[MainActivity] t = android.view.SurfaceControl$Transaction@2955cf1 fN = 608 android.view.SurfaceView.-$$Nest$mapplyOrMergeTransaction:0 android.view.SurfaceView$SurfaceViewPositionUpdateListener.positionChanged:1537 android.graphics.RenderNode$CompositePositionUpdateListener.positionChanged:373 
10-08 14:21:27.405  7337  7438 I ViewRootImpl@da31563[MainActivity]: mWNT: t=0x7bda994b00 mBlastBufferQueue=0x7b42458800 fn= 608 caller= android.view.SurfaceView.applyOrMergeTransaction:1455 android.view.SurfaceView.-$$Nest$mapplyOrMergeTransaction:0 android.view.SurfaceView$SurfaceViewPositionUpdateListener.positionChanged:1537 
10-08 14:21:27.406  7337  7438 I ViewRootImpl@da31563[MainActivity]: mWNT: t=0x7bda994100 mBlastBufferQueue=0x7b42458800 fn= 608 caller= android.view.ViewRootImpl.lambda$applyTransactionOnDraw$11$android-view-ViewRootImpl:12865 android.view.ViewRootImpl$$ExternalSyntheticLambda1.onFrameDraw:4 android.graphics.HardwareRenderer$FrameDrawingCallback.onFrameDraw:924 
10-08 14:21:27.440  7337  7337 I SurfaceView@6d31b09: finishedDrawing
10-08 14:21:28.535  7337  7337 I ViewRootImpl@da31563[MainActivity]: ViewPostIme pointer 0
10-08 14:21:29.068  7337  7337 I Dialog  : mIsDeviceDefault = false, mIsSamsungBasicInteraction = false, isMetaDataInActivity = false
10-08 14:21:29.098  7337  7337 I DecorView: [INFO] isPopOver=false config=false
10-08 14:21:29.098  7337  7337 I DecorView: updateCaptionType: isFloating=false isApplication=true hasWindowDecorCaption=false this=DecorView@8faca3c[]
10-08 14:21:29.098  7337  7337 D DecorView: setCaptionType = 0, this = DecorView@8faca3c[]
10-08 14:21:29.100  7337  7337 I DecorView: getCurrentDensityDpi: from app context. densityDpi=420 msg=resources_loaded
10-08 14:21:29.100  7337  7337 I DecorView: setWindowBackground: isPopOver=false color=0 d=android.graphics.drawable.ColorDrawable@259211a
10-08 14:21:29.105  7337  7363 D NativeCustomFrequencyManager: [NativeCFMS] BpCustomFrequencyManager::BpCustomFrequencyManager()
10-08 14:21:29.106  7337  7337 I DecorView: notifyKeepScreenOnChanged: keepScreenOn=false
10-08 14:21:29.122  7337  7337 D InsetsController: onStateChanged: InsetsState: {mDisplayFrame=Rect(0, 0 - 1080, 2400), mDisplayCutout=DisplayCutout{insets=Rect(0, 88 - 0, 0) waterfall=Insets{left=0, top=0, right=0, bottom=0} boundingRect={Bounds=[Rect(0, 0 - 0, 0), Rect(512, 0 - 568, 88), Rect(0, 0 - 0, 0), Rect(0, 0 - 0, 0)]} cutoutPathParserInfo={CutoutPathParserInfo{displayWidth=1080 displayHeight=2400 physicalDisplayWidth=1080 physicalDisplayHeight=2400 density={2.625} cutoutSpec={M 0,0 M 0,12.25101276465640 a 10.60613009248640,10.60613009248640 0 1,0 0,21.21226018497290 a 10.60613009248640,10.60613009248640 0 1,0 0,-21.21226018497290 Z @dp} rotation={0} scale={1.0} physicalPixelDisplaySizeRatio={1.0}}}}, mRoundedCorners=RoundedCorners{[RoundedCorner{position=TopLeft, radius=84, center=Point(84, 84)}, RoundedCorner{position=TopRight, radius=84, center=Point(996, 84)}, RoundedCorner{position=BottomRight, radius=84, center=Point(996, 2316)}, RoundedCorner{position=BottomLeft, radius=84, center=Point(84, 2316)}]}  mRoundedCornerFrame=Rect(0, 0 - 1080, 2400), mPrivacyIndicatorBounds=PrivacyIndicatorBounds {static bounds=Rect(964, 0 - 1080, 87) rotation=0}, mSources= { InsetsSource: {mType=ITYPE_STATUS_BAR, mFrame=[0,0][1080,88], mVisible=true, mInsetsRoundedCornerFrame=false}, InsetsSource: {mType=ITYPE_NAVIGATION_BAR, mFrame=[0,2361][1080,2400], mVisible=true, mInsetsRoundedCornerFrame=false}, InsetsSource: {mType=ITYPE_LEFT_GESTURES, mFrame=[0,0][130,2400], mVisible=true, mInsetsRoundedCornerFrame=false}, InsetsSource: {mType=ITYPE_RIGHT_GESTURES, mFrame=[950,0][1080,2400], mVisible=true, mInsetsRoundedCornerFrame=false}, InsetsSource: {mType=ITYPE_TOP_MANDATORY_GESTURES, mFrame=[0,0][1080,120], mVisible=true, mInsetsRoundedCornerFrame=false}, InsetsSource: {mType=ITYPE_BOTTOM_MANDATORY_GESTURES, mFrame=[0,2316][1080,2400], mVisible=true, mInsetsRoundedCornerFrame=false}, InsetsSource: {mType=ITYPE_LEFT_DISPLAY_CUTOUT, mFrame=[0,0][-100000,2400], mVisible=true, mInsetsRoundedCornerFrame=false}, InsetsSource: {mType=ITYPE_TOP_DISPLAY_CUTOUT, mFrame=[0,0][1080,88], mVisible=true, mInsetsRoundedCornerFrame=false}, InsetsSource: {mType=ITYPE_RIGHT_DISPLAY_CUTOUT, mFrame=[100000,0][1080,2400], mVisible=true, mInsetsRoundedCornerFrame=false}, InsetsSource: {mType=ITYPE_BOTTOM_DISPLAY_CUTOUT, mFrame=[0,100000][1080,2400], mVisible=true, mInsetsRoundedCornerFrame=false}, InsetsSource: {mType=ITYPE_TOP_TAPPABLE_ELEMENT, mFrame=[0,0][1080,88], mVisible=true, mInsetsRoundedCornerFrame=false}, InsetsSource: {mType=ITYPE_BOTTOM_TAPPABLE_ELEMENT, mFrame=[0,0][0,0], mVisible=true, mInsetsRoundedCornerFrame=false}, InsetsSource: {mType=ITYPE_IME, mFrame=[0,0][0,0], mVisibleFrame=[0,1409][1080,2400], mVisible=false, mInsetsRoundedCornerFrame=false} } host=com.lagradost.cloudstream3/com.lagradost.cloudstream3.MainActivity from=android.view.ViewRootImpl.setView:1732
10-08 14:21:29.124  7337  7337 I ViewRootImpl@35e1c3[MainActivity]: setView = com.android.internal.policy.DecorView@8faca3c TM=true
10-08 14:21:29.143  7337  7337 I ViewRootImpl@35e1c3[MainActivity]: performTraversals params={(0,0)(fillxfill) gr=CENTER sim={adjust=resize forwardNavigation} ty=APPLICATION fmt=TRANSPARENT wanim=0x7f14000b
10-08 14:21:29.143  7337  7337 I ViewRootImpl@35e1c3[MainActivity]:   fl=85810100
10-08 14:21:29.143  7337  7337 I ViewRootImpl@35e1c3[MainActivity]:   pfl=12020040
10-08 14:21:29.143  7337  7337 I ViewRootImpl@35e1c3[MainActivity]:   vsysui=500
10-08 14:21:29.143  7337  7337 I ViewRootImpl@35e1c3[MainActivity]:   bhv=DEFAULT
10-08 14:21:29.143  7337  7337 I ViewRootImpl@35e1c3[MainActivity]:   fitSides= naviIconColor=0}
10-08 14:21:29.144  7337  7337 I ViewRootImpl@35e1c3[MainActivity]: performTraversals mFirst=true windowShouldResize=true viewVisibilityChanged=false mForceNextWindowRelayout=false params={(0,0)(fillxfill) gr=CENTER sim={adjust=resize forwardNavigation} ty=APPLICATION fmt=TRANSPARENT wanim=0x7f14000b
10-08 14:21:29.144  7337  7337 I ViewRootImpl@35e1c3[MainActivity]:   fl=85810100
10-08 14:21:29.144  7337  7337 I ViewRootImpl@35e1c3[MainActivity]:   pfl=12020040
10-08 14:21:29.144  7337  7337 I ViewRootImpl@35e1c3[MainActivity]:   vsysui=500
10-08 14:21:29.144  7337  7337 I ViewRootImpl@35e1c3[MainActivity]:   bhv=DEFAULT
10-08 14:21:29.144  7337  7337 I ViewRootImpl@35e1c3[MainActivity]:   fitSides= naviIconColor=0}
10-08 14:21:29.160  7337  7337 I ViewRootImpl@35e1c3[MainActivity]: updateBlastSurfaceIfNeeded mBlastBufferQueue=null isSameSurfaceControl=false
10-08 14:21:29.161  7337  7337 I BLASTBufferQueue: new BLASTBufferQueue, mName= ViewRootImpl@35e1c3[MainActivity] mNativeObject= 0x7bda9c3300 sc.mNativeObject= 0x7b5e608fc0 caller= android.view.ViewRootImpl.updateBlastSurfaceIfNeeded:2909 android.view.ViewRootImpl.relayoutWindow:9847 android.view.ViewRootImpl.performTraversals:3884 android.view.ViewRootImpl.doTraversal:3116 android.view.ViewRootImpl$TraversalRunnable.run:10885 android.view.Choreographer$CallbackRecord.run:1301 android.view.Choreographer$CallbackRecord.run:1309 android.view.Choreographer.doCallbacks:923 android.view.Choreographer.doFrame:852 android.view.Choreographer$FrameDisplayEventReceiver.run:1283 
10-08 14:21:29.162  7337  7337 I BLASTBufferQueue: update, w= 1080 h= 2400 mName = ViewRootImpl@35e1c3[MainActivity] mNativeObject= 0x7bda9c3300 sc.mNativeObject= 0x7b5e608fc0 format= -2 caller= android.graphics.BLASTBufferQueue.<init>:84 android.view.ViewRootImpl.updateBlastSurfaceIfNeeded:2909 android.view.ViewRootImpl.relayoutWindow:9847 android.view.ViewRootImpl.performTraversals:3884 android.view.ViewRootImpl.doTraversal:3116 android.view.ViewRootImpl$TraversalRunnable.run:10885 
10-08 14:21:29.162  7337  7337 I ViewRootImpl@35e1c3[MainActivity]: Relayout returned: old=(0,0,1080,2400) new=(0,0,1080,2400) req=(1080,2400)0 dur=16 res=0x3 s={true 0x7b42717000} ch=true seqId=0
10-08 14:21:29.163  7337  7337 I ViewRootImpl@35e1c3[MainActivity]: mThreadedRenderer.initialize() mSurface={isValid=true 0x7b42717000} hwInitialized=true
10-08 14:21:29.164  7337  7363 D OpenGLRenderer: eglCreateWindowSurface
10-08 14:21:29.190  7337  7337 D AbsListView:  in onLayout changed 
10-08 14:21:29.191  7337  7337 I ViewRootImpl@35e1c3[MainActivity]: reportNextDraw android.view.ViewRootImpl.performTraversals:4438 android.view.ViewRootImpl.doTraversal:3116 android.view.ViewRootImpl$TraversalRunnable.run:10885 android.view.Choreographer$CallbackRecord.run:1301 android.view.Choreographer$CallbackRecord.run:1309 
10-08 14:21:29.192  7337  7337 I ViewRootImpl@35e1c3[MainActivity]: Setup new sync id=0
10-08 14:21:29.192  7337  7337 I ViewRootImpl@35e1c3[MainActivity]: Setting syncFrameCallback
10-08 14:21:29.192  7337  7337 I ViewRootImpl@35e1c3[MainActivity]: registerCallbacksForSync syncBuffer=false
10-08 14:21:29.195  7337  7437 I ViewRootImpl@35e1c3[MainActivity]: Received frameDrawingCallback syncResult=0 frameNum=1.
10-08 14:21:29.195  7337  7437 I ViewRootImpl@35e1c3[MainActivity]: Setting up sync and frameCommitCallback
10-08 14:21:29.201  7337  7363 I BLASTBufferQueue: [ViewRootImpl@35e1c3[MainActivity]#5](f:0,a:0) onFrameAvailable the first frame is available
10-08 14:21:29.202  7337  7363 I ViewRootImpl@35e1c3[MainActivity]: Received frameCommittedCallback lastAttemptedDrawFrameNum=1 didProduceBuffer=true
10-08 14:21:29.204  7337  7363 D OpenGLRenderer: CFMS:: SetUp Pid : 7337    Tid : 7363
10-08 14:21:29.208  7337  7337 I ViewRootImpl@35e1c3[MainActivity]: onSyncComplete
10-08 14:21:29.209  7337  7337 I ViewRootImpl@35e1c3[MainActivity]: setupSync seqId=0 mSyncId=0 fn=1 caller=android.view.ViewRootImpl$$ExternalSyntheticLambda11.accept:6 android.window.SurfaceSyncer.lambda$setupSync$1$android-window-SurfaceSyncer:128 android.window.SurfaceSyncer$$ExternalSyntheticLambda1.accept:8 android.window.SurfaceSyncer$SyncSet.checkIfSyncIsComplete:382 android.window.SurfaceSyncer$SyncSet.markSyncReady:359 android.window.SurfaceSyncer.markSyncReady:151 android.view.ViewRootImpl.performTraversals:4503 
10-08 14:21:29.209  7337  7337 I ViewRootImpl@35e1c3[MainActivity]: reportDrawFinished seqId=0 mSyncId=-1 fn=1 mSurfaceChangedTransaction=0x7bda9a1e00
10-08 14:21:29.219  7337  7337 I ViewRootImpl@da31563[MainActivity]: ViewPostIme pointer 1
10-08 14:21:29.228  7337  7337 I ViewRootImpl@da31563[MainActivity]: MSG_WINDOW_FOCUS_CHANGED 0 0
10-08 14:21:29.274  7337  7337 I ViewRootImpl@35e1c3[MainActivity]: MSG_WINDOW_FOCUS_CHANGED 1 0
10-08 14:21:29.274  7337  7337 I ViewRootImpl@35e1c3[MainActivity]: mThreadedRenderer.initializeIfNeeded()#2 mSurface={isValid=true 0x7b42717000}
10-08 14:21:29.276  7337  7337 D InputMethodManager: startInputInner - Id : 0
10-08 14:21:29.276  7337  7337 I InputMethodManager: startInputInner - mService.startInputOrWindowGainedFocus
10-08 14:21:30.124  7337  7337 I ViewRootImpl@35e1c3[MainActivity]: ViewPostIme pointer 0
10-08 14:21:30.206  7337  7337 I ViewRootImpl@35e1c3[MainActivity]: ViewPostIme pointer 1
10-08 14:21:30.207  7337  7337 D AbsListView: onTouchUp() mTouchMode : 0
10-08 14:21:30.283  7337  7337 I MSHandlerLifeCycle: removeMultiSplitHandler: no exist. decor=DecorView@8faca3c[MainActivity]
10-08 14:21:30.284  7337  7363 D OpenGLRenderer: setSurface called with nullptr
10-08 14:21:30.284  7337  7363 D OpenGLRenderer: setSurface() destroyed EGLSurface
10-08 14:21:30.285  7337  7363 D OpenGLRenderer: destroyEglSurface
10-08 14:21:30.286  7337  7363 D OpenGLRenderer: endAllActiveAnimators on 0x7b42536000 (MaterialTextView) with handle 0x7b4e2fba80
10-08 14:21:30.287  7337  7337 I ViewRootImpl@35e1c3[MainActivity]: dispatchDetachedFromWindow
10-08 14:21:30.314  7337  7337 D InputTransport: Input channel destroyed: '23847ab', fd=148
10-08 14:21:30.316  7337  7337 I Dialog  : mIsDeviceDefault = false, mIsSamsungBasicInteraction = false, isMetaDataInActivity = false
10-08 14:21:30.391  7337  7337 I DecorView: [INFO] isPopOver=false config=false
10-08 14:21:30.392  7337  7337 I DecorView: updateCaptionType: isFloating=false isApplication=true hasWindowDecorCaption=false this=DecorView@78311d6[]
10-08 14:21:30.392  7337  7337 D DecorView: setCaptionType = 0, this = DecorView@78311d6[]
10-08 14:21:30.394  7337  7337 I DecorView: getCurrentDensityDpi: from app context. densityDpi=420 msg=resources_loaded
10-08 14:21:30.394  7337  7337 I DecorView: setWindowBackground: isPopOver=false color=0 d=android.graphics.drawable.ColorDrawable@6c52344
10-08 14:21:30.400  7337  7363 D NativeCustomFrequencyManager: [NativeCFMS] BpCustomFrequencyManager::BpCustomFrequencyManager()
10-08 14:21:30.401  7337  7337 I DecorView: notifyKeepScreenOnChanged: keepScreenOn=false
10-08 14:21:30.414  7337  7337 D InsetsController: onStateChanged: InsetsState: {mDisplayFrame=Rect(0, 0 - 1080, 2400), mDisplayCutout=DisplayCutout{insets=Rect(0, 88 - 0, 0) waterfall=Insets{left=0, top=0, right=0, bottom=0} boundingRect={Bounds=[Rect(0, 0 - 0, 0), Rect(512, 0 - 568, 88), Rect(0, 0 - 0, 0), Rect(0, 0 - 0, 0)]} cutoutPathParserInfo={CutoutPathParserInfo{displayWidth=1080 displayHeight=2400 physicalDisplayWidth=1080 physicalDisplayHeight=2400 density={2.625} cutoutSpec={M 0,0 M 0,12.25101276465640 a 10.60613009248640,10.60613009248640 0 1,0 0,21.21226018497290 a 10.60613009248640,10.60613009248640 0 1,0 0,-21.21226018497290 Z @dp} rotation={0} scale={1.0} physicalPixelDisplaySizeRatio={1.0}}}}, mRoundedCorners=RoundedCorners{[RoundedCorner{position=TopLeft, radius=84, center=Point(84, 84)}, RoundedCorner{position=TopRight, radius=84, center=Point(996, 84)}, RoundedCorner{position=BottomRight, radius=84, center=Point(996, 2316)}, RoundedCorner{position=BottomLeft, radius=84, center=Point(84, 2316)}]}  mRoundedCornerFrame=Rect(0, 0 - 1080, 2400), mPrivacyIndicatorBounds=PrivacyIndicatorBounds {static bounds=Rect(964, 0 - 1080, 87) rotation=0}, mSources= { InsetsSource: {mType=ITYPE_STATUS_BAR, mFrame=[0,0][1080,88], mVisible=true, mInsetsRoundedCornerFrame=false}, InsetsSource: {mType=ITYPE_NAVIGATION_BAR, mFrame=[0,2361][1080,2400], mVisible=true, mInsetsRoundedCornerFrame=false}, InsetsSource: {mType=ITYPE_LEFT_GESTURES, mFrame=[0,0][130,2400], mVisible=true, mInsetsRoundedCornerFrame=false}, InsetsSource: {mType=ITYPE_RIGHT_GESTURES, mFrame=[950,0][1080,2400], mVisible=true, mInsetsRoundedCornerFrame=false}, InsetsSource: {mType=ITYPE_TOP_MANDATORY_GESTURES, mFrame=[0,0][1080,120], mVisible=true, mInsetsRoundedCornerFrame=false}, InsetsSource: {mType=ITYPE_BOTTOM_MANDATORY_GESTURES, mFrame=[0,2316][1080,2400], mVisible=true, mInsetsRoundedCornerFrame=false}, InsetsSource: {mType=ITYPE_LEFT_DISPLAY_CUTOUT, mFrame=[0,0][-100000,2400], mVisible=true, mInsetsRoundedCornerFrame=false}, InsetsSource: {mType=ITYPE_TOP_DISPLAY_CUTOUT, mFrame=[0,0][1080,88], mVisible=true, mInsetsRoundedCornerFrame=false}, InsetsSource: {mType=ITYPE_RIGHT_DISPLAY_CUTOUT, mFrame=[100000,0][1080,2400], mVisible=true, mInsetsRoundedCornerFrame=false}, InsetsSource: {mType=ITYPE_BOTTOM_DISPLAY_CUTOUT, mFrame=[0,100000][1080,2400], mVisible=true, mInsetsRoundedCornerFrame=false}, InsetsSource: {mType=ITYPE_TOP_TAPPABLE_ELEMENT, mFrame=[0,0][1080,88], mVisible=true, mInsetsRoundedCornerFrame=false}, InsetsSource: {mType=ITYPE_BOTTOM_TAPPABLE_ELEMENT, mFrame=[0,0][0,0], mVisible=true, mInsetsRoundedCornerFrame=false}, InsetsSource: {mType=ITYPE_IME, mFrame=[0,0][0,0], mVisibleFrame=[0,1409][1080,2400], mVisible=false, mInsetsRoundedCornerFrame=false} } host=com.lagradost.cloudstream3/com.lagradost.cloudstream3.MainActivity from=android.view.ViewRootImpl.setView:1732
10-08 14:21:30.415  7337  7337 I ViewRootImpl@d673e5[MainActivity]: setView = com.android.internal.policy.DecorView@78311d6 TM=true
10-08 14:21:30.420  7337  7337 I ViewRootImpl@d673e5[MainActivity]: performTraversals params={(0,0)(fillxfill) gr=CENTER sim={adjust=resize forwardNavigation} ty=APPLICATION fmt=TRANSPARENT wanim=0x7f14000b
10-08 14:21:30.420  7337  7337 I ViewRootImpl@d673e5[MainActivity]:   fl=85810100
10-08 14:21:30.420  7337  7337 I ViewRootImpl@d673e5[MainActivity]:   pfl=12020040
10-08 14:21:30.420  7337  7337 I ViewRootImpl@d673e5[MainActivity]:   vsysui=500
10-08 14:21:30.420  7337  7337 I ViewRootImpl@d673e5[MainActivity]:   bhv=DEFAULT
10-08 14:21:30.420  7337  7337 I ViewRootImpl@d673e5[MainActivity]:   fitSides= naviIconColor=0}
10-08 14:21:30.421  7337  7337 I ViewRootImpl@d673e5[MainActivity]: performTraversals mFirst=true windowShouldResize=true viewVisibilityChanged=false mForceNextWindowRelayout=false params={(0,0)(fillxfill) gr=CENTER sim={adjust=resize forwardNavigation} ty=APPLICATION fmt=TRANSPARENT wanim=0x7f14000b
10-08 14:21:30.421  7337  7337 I ViewRootImpl@d673e5[MainActivity]:   fl=85810100
10-08 14:21:30.421  7337  7337 I ViewRootImpl@d673e5[MainActivity]:   pfl=12020040
10-08 14:21:30.421  7337  7337 I ViewRootImpl@d673e5[MainActivity]:   vsysui=500
10-08 14:21:30.421  7337  7337 I ViewRootImpl@d673e5[MainActivity]:   bhv=DEFAULT
10-08 14:21:30.421  7337  7337 I ViewRootImpl@d673e5[MainActivity]:   fitSides= naviIconColor=0}
10-08 14:21:30.441  7337  7337 I ViewRootImpl@d673e5[MainActivity]: updateBlastSurfaceIfNeeded mBlastBufferQueue=null isSameSurfaceControl=false
10-08 14:21:30.442  7337  7337 I BLASTBufferQueue: new BLASTBufferQueue, mName= ViewRootImpl@d673e5[MainActivity] mNativeObject= 0x7bda9c3c00 sc.mNativeObject= 0x7b425b9680 caller= android.view.ViewRootImpl.updateBlastSurfaceIfNeeded:2909 android.view.ViewRootImpl.relayoutWindow:9847 android.view.ViewRootImpl.performTraversals:3884 android.view.ViewRootImpl.doTraversal:3116 android.view.ViewRootImpl$TraversalRunnable.run:10885 android.view.Choreographer$CallbackRecord.run:1301 android.view.Choreographer$CallbackRecord.run:1309 android.view.Choreographer.doCallbacks:923 android.view.Choreographer.doFrame:852 android.view.Choreographer$FrameDisplayEventReceiver.run:1283 
10-08 14:21:30.442  7337  7337 I BLASTBufferQueue: update, w= 1080 h= 2400 mName = ViewRootImpl@d673e5[MainActivity] mNativeObject= 0x7bda9c3c00 sc.mNativeObject= 0x7b425b9680 format= -2 caller= android.graphics.BLASTBufferQueue.<init>:84 android.view.ViewRootImpl.updateBlastSurfaceIfNeeded:2909 android.view.ViewRootImpl.relayoutWindow:9847 android.view.ViewRootImpl.performTraversals:3884 android.view.ViewRootImpl.doTraversal:3116 android.view.ViewRootImpl$TraversalRunnable.run:10885 
10-08 14:21:30.443  7337  7337 I ViewRootImpl@d673e5[MainActivity]: Relayout returned: old=(0,0,1080,2400) new=(0,0,1080,2400) req=(1080,2400)0 dur=19 res=0x3 s={true 0x7b42717000} ch=true seqId=0
10-08 14:21:30.444  7337  7337 I ViewRootImpl@d673e5[MainActivity]: mThreadedRenderer.initialize() mSurface={isValid=true 0x7b42717000} hwInitialized=true
10-08 14:21:30.445  7337  7363 D OpenGLRenderer: eglCreateWindowSurface
10-08 14:21:30.448  7337  7337 I ViewRootImpl@d673e5[MainActivity]: reportNextDraw android.view.ViewRootImpl.performTraversals:4438 android.view.ViewRootImpl.doTraversal:3116 android.view.ViewRootImpl$TraversalRunnable.run:10885 android.view.Choreographer$CallbackRecord.run:1301 android.view.Choreographer$CallbackRecord.run:1309 
10-08 14:21:30.448  7337  7337 I ViewRootImpl@d673e5[MainActivity]: Setup new sync id=0
