10-08 15:45:06.910 25874 25874 W PanelsChildGestureRegionObserver: failed to register view with ID 2131362800. already registered
10-08 15:45:06.910 25874 25874 I ViewRootImpl@27a4bf[MainActivity]: ViewPostIme pointer 1
10-08 15:45:06.911 25874 25874 W PanelsChildGestureRegionObserver: failed to register view with ID 2131362800. already registered
10-08 15:45:06.916 25874 25874 W PanelsChildGestureRegionObserver: failed to register view with ID 2131362800. already registered
10-08 15:45:06.922 25874 25874 D WindowOnBackDispatcher: onBackInvoked, viewRoot=ViewRootImpl@b4acf96[MainActivity], callback=androidx.activity.OnBackPressedDispatcher$Api33Impl$$ExternalSyntheticLambda0@4ecd78e
10-08 15:45:06.931 25874 25874 I IMM_LC  : hsifw() - flag : 0
10-08 15:45:06.931 25874 25874 I IMM_LC  : hsifw() - mService.hideSoftInput
10-08 15:45:06.939 25874 25874 I CS3ExoPlayer: onStop
10-08 15:45:06.939 25874 25874 I CS3ExoPlayer: saveData
10-08 15:45:06.939 25874 25874 I CS3ExoPlayer: handleEvent Pause
10-08 15:45:07.038 25874 25874 W PanelsChildGestureRegionObserver: failed to register view with ID 2131362800. already registered
10-08 15:45:07.473 25874 25874 W PanelsChildGestureRegionObserver: failed to register view with ID 2131362800. already registered
10-08 15:45:07.488 25874 25966 D SurfaceView@9d60c05: updateSurfacePosition RenderWorker, frameNr = 775, position = [54, 314, 1026, 787] surfaceSize = 1080x525
10-08 15:45:07.488 25874 25966 I SurfaceView@9d60c05: uSP: rtp = Rect(54, 314 - 1026, 787) rtsw = 1080 rtsh = 525
10-08 15:45:07.488 25874 25966 I SurfaceView@9d60c05: onSSPAndSRT: pl = 54 pt = 314 sx = 0.9 sy = 0.9009524
10-08 15:45:07.488 25874 25966 I SurfaceView@9d60c05: aOrMT: ViewRootImpl@27a4bf[MainActivity] t = android.view.SurfaceControl$Transaction@be62e31 fN = 775 android.view.SurfaceView.-$$Nest$mapplyOrMergeTransaction:0 android.view.SurfaceView$SurfaceViewPositionUpdateListener.positionChanged:1537 android.graphics.RenderNode$CompositePositionUpdateListener.positionChanged:373 
10-08 15:45:07.488 25874 25966 I ViewRootImpl@27a4bf[MainActivity]: mWNT: t=0x7bed856b00 mBlastBufferQueue=0x7b5e1ec800 fn= 775 caller= android.view.SurfaceView.applyOrMergeTransaction:1455 android.view.SurfaceView.-$$Nest$mapplyOrMergeTransaction:0 android.view.SurfaceView$SurfaceViewPositionUpdateListener.positionChanged:1537 
10-08 15:45:07.489 25874 25874 I SurfaceView@9d60c05: onWindowVisibilityChanged(8) false android.view.SurfaceView{9d60c05 V.E..V... ........ 0,0-1080,525} of ViewRootImpl@27a4bf[MainActivity]
10-08 15:45:07.489 25874 25874 I SurfaceView@9d60c05: Changes: creating=false format=false size=false visible=true alpha=false hint=false mUseAlpha=false visible=true left=false top=false
10-08 15:45:07.489 25874 25874 I SurfaceView@9d60c05: 165022725 Cur surface: Surface(name=null)/@0x1ebec
10-08 15:45:07.490 25874 25874 I SurfaceView@9d60c05: applyTransactionOnVriDraw: vri = ViewRootImpl@27a4bf[MainActivity] fRS = false t = 0x7b2a96b500 android.view.SurfaceView.performSurfaceTransaction:959 android.view.SurfaceView.updateSurface:1105 android.view.SurfaceView.onWindowVisibilityChanged:371 
10-08 15:45:07.490 25874 25874 I ViewRootImpl@27a4bf[MainActivity]: applyTransactionOnDraw: mRemoved = false isHardwareEnabled = true t = 0x7b2a96b500android.view.SurfaceView.applyTransactionOnVriDraw:2048 android.view.SurfaceView.performSurfaceTransaction:959 android.view.SurfaceView.updateSurface:1105 android.view.SurfaceView.onWindowVisibilityChanged:371 android.view.View.dispatchDetachedFromWindow:22529 
10-08 15:45:07.490 25874 25874 I SurfaceView@9d60c05: surfaceDestroyed
10-08 15:45:07.490 25874 25874 I SurfaceView@9d60c05: surfaceDestroyed callback.size 0 #2 android.view.SurfaceView{9d60c05 V.E..V... ........ 0,0-1080,525}
10-08 15:45:07.490 25874 25874 I SurfaceView@9d60c05: updateSurface: mVisible = false mSurface.isValid() = true
10-08 15:45:07.490 25874 25874 I SurfaceView@9d60c05: releaseSurfaces: viewRoot = ViewRootImpl@27a4bf[MainActivity]
10-08 15:45:07.491 25874 25874 I SurfaceView@9d60c05: applyTransactionOnVriDraw: vri = ViewRootImpl@27a4bf[MainActivity] fRS = true t = 0x7b2a96b800 android.view.SurfaceView.releaseSurfaces:858 android.view.SurfaceView.updateSurface:1172 android.view.SurfaceView.onWindowVisibilityChanged:371 
10-08 15:45:07.491 25874 25874 I SurfaceView@9d60c05: applyTransactionOnVriDraw: viewRoot.applyTransactionOnDrawFromReleaseSurfaces
10-08 15:45:07.491 25874 25874 I ViewRootImpl@27a4bf[MainActivity]: applyTransactionOnDraw: mRemoved = false isHardwareEnabled = true t = 0x7b2a96b800android.view.ViewRootImpl.applyTransactionOnDrawFromReleaseSurfaces:12850 android.view.SurfaceView.applyTransactionOnVriDraw:2046 android.view.SurfaceView.releaseSurfaces:858 android.view.SurfaceView.updateSurface:1172 android.view.SurfaceView.onWindowVisibilityChanged:371 
10-08 15:45:07.491 25874 25874 V SurfaceView@9d60c05: Layout: x=0 y=218 w=1080 h=525, frame=Rect(0, 0 - 1080, 525)
10-08 15:45:07.491 25874 25874 I SurfaceView@9d60c05: onDetachedFromWindow: tryReleaseSurfaces()
10-08 15:45:07.491 25874 25874 I SurfaceView@9d60c05: releaseSurfaces: viewRoot = ViewRootImpl@27a4bf[MainActivity]
10-08 15:45:07.491 25874 25874 I SurfaceView@9d60c05: applyTransactionOnVriDraw: vri = ViewRootImpl@27a4bf[MainActivity] fRS = true t = 0x7b2a96b900 android.view.SurfaceView.releaseSurfaces:858 android.view.SurfaceView.onDetachedFromWindow:500 android.view.View.dispatchDetachedFromWindow:22538 
10-08 15:45:07.491 25874 25874 I SurfaceView@9d60c05: applyTransactionOnVriDraw: viewRoot.applyTransactionOnDrawFromReleaseSurfaces
10-08 15:45:07.492 25874 25874 I ViewRootImpl@27a4bf[MainActivity]: applyTransactionOnDraw: mRemoved = false isHardwareEnabled = true t = 0x7b2a96b900android.view.ViewRootImpl.applyTransactionOnDrawFromReleaseSurfaces:12850 android.view.SurfaceView.applyTransactionOnVriDraw:2046 android.view.SurfaceView.releaseSurfaces:858 android.view.SurfaceView.onDetachedFromWindow:500 android.view.View.dispatchDetachedFromWindow:22538 
10-08 15:45:07.507 25874 25874 I DecorView: notifyKeepScreenOnChanged: keepScreenOn=false
10-08 15:45:07.507 25874 25874 I CS3ExoPlayer: releasePlayer
10-08 15:45:07.508 25874 25874 I CS3ExoPlayer: Handle event: PlayerAttachedEvent(player=null, source=Player)
10-08 15:45:07.508 25874 25874 I DecorView: notifyKeepScreenOnChanged: keepScreenOn=false
10-08 15:45:07.510 25874 25874 I ViewRootImpl@27a4bf[MainActivity]: performTraversals params={(0,0)(fillxfill) sim={state=always_hidden adjust=resize} ty=BASE_APPLICATION wanim=0x1030309
10-08 15:45:07.510 25874 25874 I ViewRootImpl@27a4bf[MainActivity]:   fl=85810100
10-08 15:45:07.510 25874 25874 I ViewRootImpl@27a4bf[MainActivity]:   pfl=12020040
10-08 15:45:07.510 25874 25874 I ViewRootImpl@27a4bf[MainActivity]:   vsysui=500
10-08 15:45:07.510 25874 25874 I ViewRootImpl@27a4bf[MainActivity]:   bhv=DEFAULT
10-08 15:45:07.510 25874 25874 I ViewRootImpl@27a4bf[MainActivity]:   fitSides= naviIconColor=0}
10-08 15:45:07.510 25874 25874 I ViewRootImpl@27a4bf[MainActivity]: performTraversals mFirst=false windowShouldResize=false viewVisibilityChanged=false mForceNextWindowRelayout=false params={(0,0)(fillxfill) sim={state=always_hidden adjust=resize} ty=BASE_APPLICATION fmt=TRANSLUCENT wanim=0x1030309
10-08 15:45:07.510 25874 25874 I ViewRootImpl@27a4bf[MainActivity]:   fl=85810100
10-08 15:45:07.510 25874 25874 I ViewRootImpl@27a4bf[MainActivity]:   pfl=12020040
10-08 15:45:07.510 25874 25874 I ViewRootImpl@27a4bf[MainActivity]:   vsysui=500
10-08 15:45:07.510 25874 25874 I ViewRootImpl@27a4bf[MainActivity]:   bhv=DEFAULT
10-08 15:45:07.510 25874 25874 I ViewRootImpl@27a4bf[MainActivity]:   fitSides= naviIconColor=0}
10-08 15:45:07.515 25874 25874 I ViewRootImpl@27a4bf[MainActivity]: updateBlastSurfaceIfNeeded mBlastBufferQueue=0x7b5e1ec800 isSameSurfaceControl=true
10-08 15:45:07.516 25874 25874 I BLASTBufferQueue: update, w= 1080 h= 2400 mName = ViewRootImpl@27a4bf[MainActivity] mNativeObject= 0x7b5e1ec800 sc.mNativeObject= 0x7b1ce4adc0 format= -3 caller= android.view.ViewRootImpl.updateBlastSurfaceIfNeeded:2898 android.view.ViewRootImpl.relayoutWindow:9847 android.view.ViewRootImpl.performTraversals:3884 android.view.ViewRootImpl.doTraversal:3116 android.view.ViewRootImpl$TraversalRunnable.run:10885 android.view.Choreographer$CallbackRecord.run:1301 
10-08 15:45:07.516 25874 25874 I ViewRootImpl@27a4bf[MainActivity]: Relayout returned: old=(0,0,1080,2400) new=(0,0,1080,2400) req=(1080,2400)0 dur=5 res=0x0 s={true 0x7b5e1fc800} ch=false seqId=0
10-08 15:45:07.516 25874 25874 I ViewRootImpl@27a4bf[MainActivity]: updateBoundsLayer: t = android.view.SurfaceControl$Transaction@a3e9f6d sc = Surface(name=Bounds for - com.lagradost.cloudstream3/com.lagradost.cloudstream3.MainActivity@0)/@0xc8b47a2 frame = 776
10-08 15:45:07.516 25874 25874 I ViewRootImpl@27a4bf[MainActivity]: mWNT: t=0x7b5e366b00 mBlastBufferQueue=0x7b5e1ec800 fn= 776 caller= android.view.ViewRootImpl.prepareSurfaces:2985 android.view.ViewRootImpl.performTraversals:4233 android.view.ViewRootImpl.doTraversal:3116 
10-08 15:45:07.517 25874 25897 D SurfaceView@9d60c05: windowPositionLost, frameNr = 776
10-08 15:45:07.518 25874 25965 I ViewRootImpl@27a4bf[MainActivity]: mWNT: t=0x7b2a96b500 mBlastBufferQueue=0x7b5e1ec800 fn= 776 caller= android.view.ViewRootImpl.lambda$applyTransactionOnDraw$11$android-view-ViewRootImpl:12865 android.view.ViewRootImpl$$ExternalSyntheticLambda1.onFrameDraw:4 android.graphics.HardwareRenderer$FrameDrawingCallback.onFrameDraw:924 
10-08 15:45:07.518 25874 25965 I ViewRootImpl@27a4bf[MainActivity]: mWNT: t=0x7b2a96b800 mBlastBufferQueue=0x7b5e1ec800 fn= 776 caller= android.view.ViewRootImpl.lambda$applyTransactionOnDraw$11$android-view-ViewRootImpl:12865 android.view.ViewRootImpl$$ExternalSyntheticLambda1.onFrameDraw:4 android.graphics.HardwareRenderer$FrameDrawingCallback.onFrameDraw:924 
10-08 15:45:07.518 25874 25965 I ViewRootImpl@27a4bf[MainActivity]: mWNT: t=0x7b2a96b900 mBlastBufferQueue=0x7b5e1ec800 fn= 776 caller= android.view.ViewRootImpl.lambda$applyTransactionOnDraw$11$android-view-ViewRootImpl:12865 android.view.ViewRootImpl$$ExternalSyntheticLambda1.onFrameDraw:4 android.graphics.HardwareRenderer$FrameDrawingCallback.onFrameDraw:924 
10-08 15:45:08.307 25874 25874 I ViewRootImpl@27a4bf[MainActivity]: ViewPostIme pointer 0
10-08 15:45:08.373 25874 25874 I ViewRootImpl@27a4bf[MainActivity]: ViewPostIme pointer 1
10-08 15:45:08.380 25874 25874 I NavComponent: Navigating to fragment: 2131362274
10-08 15:45:08.384 25874 25874 I IMM_LC  : hsifw() - flag : 0
10-08 15:45:08.384 25874 25874 I IMM_LC  : hsifw() - mService.hideSoftInput
10-08 15:45:08.408 25874 25874 D ScrollView: initGoToTop
10-08 15:45:08.664 25874 25874 I SurfaceView@d75a8f8: onWindowVisibilityChanged(0) true android.view.SurfaceView{d75a8f8 V.E..V... ......I. 0,0-0,0} of ViewRootImpl@27a4bf[MainActivity]
10-08 15:45:08.664 25874 25874 D SurfaceView@d75a8f8: updateSurface: has no frame
10-08 15:45:08.669 25874 25874 I CS3ExoPlayer: SET STYLE = SaveCaptionStyle(foregroundColor=-1, backgroundColor=0, windowColor=0, edgeType=1, edgeColor=-16777216, typeface=null, typefaceFilePath=null, elevation=20, fixedTextSize=null, edgeSize=null, removeCaptions=false, removeBloat=true, upperCase=false, bold=false, italic=false, backgroundRadius=null)
10-08 15:45:08.677 25874 25874 I IMM_LC  : hsifw() - flag : 0
10-08 15:45:08.677 25874 25874 I IMM_LC  : hsifw() - mService.hideSoftInput
10-08 15:45:08.680 25874 25930 I SYNCVM  : addFromUrl = https://tv6.egydead.live/%d9%85%d8%b4%d8%a7%d9%87%d8%af%d8%a9-%d9%81%d9%8a%d9%84%d9%85-baban-baban-ban-vampire-2025-%d9%85%d8%aa%d8%b1%d8%ac%d9%85/
10-08 15:45:08.680 25874 25930 I SYNCUTIL: getIdsFromUrl https://tv6.egydead.live/%d9%85%d8%b4%d8%a7%d9%87%d8%af%d8%a9-%d9%81%d9%8a%d9%84%d9%85-baban-baban-ban-vampire-2025-%d9%85%d8%aa%d8%b1%d8%ac%d9%85/
10-08 15:45:08.691 25874 25874 I SurfaceView@d75a8f8: onWindowVisibilityChanged(8) false android.view.SurfaceView{d75a8f8 V.E..V... ......I. 0,0-0,0} of ViewRootImpl@27a4bf[MainActivity]
10-08 15:45:08.691 25874 25874 D SurfaceView@d75a8f8: updateSurface: has no frame
10-08 15:45:08.691 25874 25874 D SurfaceView@d75a8f8: updateSurface: has no frame
10-08 15:45:08.691 25874 25874 I SurfaceView@d75a8f8: onDetachedFromWindow: tryReleaseSurfaces()
10-08 15:45:08.691 25874 25874 I SurfaceView@d75a8f8: releaseSurfaces: viewRoot = ViewRootImpl@27a4bf[MainActivity]
10-08 15:45:08.691 25874 25874 I SurfaceView@d75a8f8: applyTransactionOnVriDraw: vri = ViewRootImpl@27a4bf[MainActivity] fRS = true t = 0x7b2a7a4400 android.view.SurfaceView.releaseSurfaces:858 android.view.SurfaceView.onDetachedFromWindow:500 android.view.View.dispatchDetachedFromWindow:22538 
10-08 15:45:08.691 25874 25874 I SurfaceView@d75a8f8: applyTransactionOnVriDraw: viewRoot.applyTransactionOnDrawFromReleaseSurfaces
10-08 15:45:08.691 25874 25874 I ViewRootImpl@27a4bf[MainActivity]: applyTransactionOnDraw: mRemoved = false isHardwareEnabled = true t = 0x7b2a7a4400android.view.ViewRootImpl.applyTransactionOnDrawFromReleaseSurfaces:12850 android.view.SurfaceView.applyTransactionOnVriDraw:2046 android.view.SurfaceView.releaseSurfaces:858 android.view.SurfaceView.onDetachedFromWindow:500 android.view.View.dispatchDetachedFromWindow:22538 
10-08 15:45:08.693 25874 25874 I SurfaceView@d75a8f8: onWindowVisibilityChanged(0) true android.view.SurfaceView{d75a8f8 V.E..V... ......I. 0,0-0,0} of ViewRootImpl@27a4bf[MainActivity]
10-08 15:45:08.693 25874 25874 D SurfaceView@d75a8f8: updateSurface: has no frame
10-08 15:45:08.697 25874 25874 I DecorView: notifyKeepScreenOnChanged: keepScreenOn=false
10-08 15:45:08.705 25874 25874 I CS3ExoPlayer: reloadPlayer
10-08 15:45:08.706 25874 25874 I CS3ExoPlayer: releasePlayer
10-08 15:45:08.706 25874 25874 I CS3ExoPlayer: Handle event: PlayerAttachedEvent(player=null, source=Player)
10-08 15:45:08.712 25874 25874 I ViewRootImpl@27a4bf[MainActivity]: performTraversals params={(0,0)(fillxfill) sim={state=always_hidden adjust=resize} ty=BASE_APPLICATION wanim=0x1030309
10-08 15:45:08.712 25874 25874 I ViewRootImpl@27a4bf[MainActivity]:   fl=85810100
10-08 15:45:08.712 25874 25874 I ViewRootImpl@27a4bf[MainActivity]:   pfl=12020040
10-08 15:45:08.712 25874 25874 I ViewRootImpl@27a4bf[MainActivity]:   vsysui=500
10-08 15:45:08.712 25874 25874 I ViewRootImpl@27a4bf[MainActivity]:   bhv=DEFAULT
10-08 15:45:08.712 25874 25874 I ViewRootImpl@27a4bf[MainActivity]:   fitSides= naviIconColor=0}
10-08 15:45:08.712 25874 25874 I ViewRootImpl@27a4bf[MainActivity]: performTraversals mFirst=false windowShouldResize=false viewVisibilityChanged=false mForceNextWindowRelayout=false params={(0,0)(fillxfill) sim={state=always_hidden adjust=resize} ty=BASE_APPLICATION fmt=TRANSLUCENT wanim=0x1030309
10-08 15:45:08.712 25874 25874 I ViewRootImpl@27a4bf[MainActivity]:   fl=85810100
10-08 15:45:08.712 25874 25874 I ViewRootImpl@27a4bf[MainActivity]:   pfl=12020040
10-08 15:45:08.712 25874 25874 I ViewRootImpl@27a4bf[MainActivity]:   vsysui=500
10-08 15:45:08.712 25874 25874 I ViewRootImpl@27a4bf[MainActivity]:   bhv=DEFAULT
10-08 15:45:08.712 25874 25874 I ViewRootImpl@27a4bf[MainActivity]:   fitSides= naviIconColor=0}
10-08 15:45:08.720 25874 25874 I ViewRootImpl@27a4bf[MainActivity]: updateBlastSurfaceIfNeeded mBlastBufferQueue=0x7b5e1ec800 isSameSurfaceControl=true
10-08 15:45:08.720 25874 25874 I BLASTBufferQueue: update, w= 1080 h= 2400 mName = ViewRootImpl@27a4bf[MainActivity] mNativeObject= 0x7b5e1ec800 sc.mNativeObject= 0x7b06c450e0 format= -3 caller= android.view.ViewRootImpl.updateBlastSurfaceIfNeeded:2898 android.view.ViewRootImpl.relayoutWindow:9847 android.view.ViewRootImpl.performTraversals:3884 android.view.ViewRootImpl.doTraversal:3116 android.view.ViewRootImpl$TraversalRunnable.run:10885 android.view.Choreographer$CallbackRecord.run:1301 
10-08 15:45:08.720 25874 25874 I ViewRootImpl@27a4bf[MainActivity]: Relayout returned: old=(0,0,1080,2400) new=(0,0,1080,2400) req=(1080,2400)0 dur=8 res=0x0 s={true 0x7b5e1fc800} ch=false seqId=0
10-08 15:45:08.720 25874 25874 I ViewRootImpl@27a4bf[MainActivity]: updateBoundsLayer: t = android.view.SurfaceControl$Transaction@a3e9f6d sc = Surface(name=Bounds for - com.lagradost.cloudstream3/com.lagradost.cloudstream3.MainActivity@0)/@0xc8b47a2 frame = 792
10-08 15:45:08.720 25874 25874 I ViewRootImpl@27a4bf[MainActivity]: mWNT: t=0x7b5e366b00 mBlastBufferQueue=0x7b5e1ec800 fn= 792 caller= android.view.ViewRootImpl.prepareSurfaces:2985 android.view.ViewRootImpl.performTraversals:4233 android.view.ViewRootImpl.doTraversal:3116 
10-08 15:45:08.721 25874 25874 W View    : requestLayout() improperly called by android.widget.FrameLayout{690c004 I.E..V... ......I. 0,0-0,0 #7f0a04e7 app:id/start_panel} during layout: running second layout pass
10-08 15:45:08.721 25874 25874 W View    : requestLayout() improperly called by android.widget.FrameLayout{d3b29ed I.E..V... ......ID 1080,0-1080,2143 #7f0a0168 app:id/end_panel} during layout: running second layout pass
10-08 15:45:08.723 25874 25874 D SurfaceView@d75a8f8: updateSurface: has no frame
10-08 15:45:08.727 25874 25966 I ViewRootImpl@27a4bf[MainActivity]: mWNT: t=0x7b2a7a4400 mBlastBufferQueue=0x7b5e1ec800 fn= 792 caller= android.view.ViewRootImpl.lambda$applyTransactionOnDraw$11$android-view-ViewRootImpl:12865 android.view.ViewRootImpl$$ExternalSyntheticLambda1.onFrameDraw:4 android.graphics.HardwareRenderer$FrameDrawingCallback.onFrameDraw:924 
10-08 15:45:08.730 25874 25874 D SurfaceView@d75a8f8: updateSurface: has no frame
10-08 15:45:08.747 25874 25874 D SurfaceView@d75a8f8: updateSurface: has no frame
10-08 15:45:08.766 25874 25874 D SurfaceView@d75a8f8: updateSurface: has no frame
10-08 15:45:08.781 25874 25874 D SurfaceView@d75a8f8: updateSurface: has no frame
10-08 15:45:08.795 25874 25874 D SurfaceView@d75a8f8: updateSurface: has no frame
10-08 15:45:08.812 25874 25874 D SurfaceView@d75a8f8: updateSurface: has no frame
10-08 15:45:08.829 25874 25874 D SurfaceView@d75a8f8: updateSurface: has no frame
10-08 15:45:08.845 25874 25874 D SurfaceView@d75a8f8: updateSurface: has no frame
10-08 15:45:08.864 25874 25874 D SurfaceView@d75a8f8: updateSurface: has no frame
10-08 15:45:08.878 25874 25874 D SurfaceView@d75a8f8: updateSurface: has no frame
10-08 15:45:08.895 25874 25874 D SurfaceView@d75a8f8: updateSurface: has no frame
10-08 15:45:08.912 25874 25874 D SurfaceView@d75a8f8: updateSurface: has no frame
10-08 15:45:08.929 25874 25874 D SurfaceView@d75a8f8: updateSurface: has no frame
10-08 15:45:08.945 25874 25874 D SurfaceView@d75a8f8: updateSurface: has no frame
10-08 15:45:08.962 25874 25874 D SurfaceView@d75a8f8: updateSurface: has no frame
10-08 15:45:08.979 25874 25874 D SurfaceView@d75a8f8: updateSurface: has no frame
10-08 15:45:08.995 25874 25874 D SurfaceView@d75a8f8: updateSurface: has no frame
10-08 15:45:09.012 25874 25874 D SurfaceView@d75a8f8: updateSurface: has no frame
10-08 15:45:09.029 25874 25874 D SurfaceView@d75a8f8: updateSurface: has no frame
10-08 15:45:09.045 25874 25874 D SurfaceView@d75a8f8: updateSurface: has no frame
10-08 15:45:09.062 25874 25874 D SurfaceView@d75a8f8: updateSurface: has no frame
10-08 15:45:09.079 25874 25874 D SurfaceView@d75a8f8: updateSurface: has no frame
10-08 15:45:09.095 25874 25874 D SurfaceView@d75a8f8: updateSurface: has no frame
10-08 15:45:09.112 25874 25874 D SurfaceView@d75a8f8: updateSurface: has no frame
10-08 15:45:09.128 25874 25874 D SurfaceView@d75a8f8: updateSurface: has no frame
10-08 15:45:09.145 25874 25874 D SurfaceView@d75a8f8: updateSurface: has no frame
10-08 15:45:09.162 25874 25874 D SurfaceView@d75a8f8: updateSurface: has no frame
10-08 15:45:09.179 25874 25874 D SurfaceView@d75a8f8: updateSurface: has no frame
10-08 15:45:09.195 25874 25874 D SurfaceView@d75a8f8: updateSurface: has no frame
10-08 15:45:09.212 25874 25874 D SurfaceView@d75a8f8: updateSurface: has no frame
10-08 15:45:09.228 25874 25874 D SurfaceView@d75a8f8: updateSurface: has no frame
10-08 15:45:09.245 25874 25874 D SurfaceView@d75a8f8: updateSurface: has no frame
10-08 15:45:09.262 25874 25874 D SurfaceView@d75a8f8: updateSurface: has no frame
10-08 15:45:09.278 25874 25874 D SurfaceView@d75a8f8: updateSurface: has no frame
10-08 15:45:09.295 25874 25874 D SurfaceView@d75a8f8: updateSurface: has no frame
10-08 15:45:09.312 25874 25874 D SurfaceView@d75a8f8: updateSurface: has no frame
10-08 15:45:09.328 25874 25874 D SurfaceView@d75a8f8: updateSurface: has no frame
10-08 15:45:09.345 25874 25874 D SurfaceView@d75a8f8: updateSurface: has no frame
10-08 15:45:09.362 25874 25874 D SurfaceView@d75a8f8: updateSurface: has no frame
10-08 15:45:09.378 25874 25874 D SurfaceView@d75a8f8: updateSurface: has no frame
10-08 15:45:09.395 25874 25874 D SurfaceView@d75a8f8: updateSurface: has no frame
10-08 15:45:09.412 25874 25874 D SurfaceView@d75a8f8: updateSurface: has no frame
10-08 15:45:09.429 25874 25874 D SurfaceView@d75a8f8: updateSurface: has no frame
10-08 15:45:09.445 25874 25874 D SurfaceView@d75a8f8: updateSurface: has no frame
10-08 15:45:09.462 25874 25874 D SurfaceView@d75a8f8: updateSurface: has no frame
10-08 15:45:09.479 25874 25874 D SurfaceView@d75a8f8: updateSurface: has no frame
10-08 15:45:09.495 25874 25874 D SurfaceView@d75a8f8: updateSurface: has no frame
10-08 15:45:09.512 25874 25874 D SurfaceView@d75a8f8: updateSurface: has no frame
10-08 15:45:09.528 25874 25874 D SurfaceView@d75a8f8: updateSurface: has no frame
10-08 15:45:09.545 25874 25874 D SurfaceView@d75a8f8: updateSurface: has no frame
10-08 15:45:09.552 25874 25927 I RVM2    : applyMeta
10-08 15:45:09.562 25874 25874 D SurfaceView@d75a8f8: updateSurface: has no frame
10-08 15:45:09.566 25874 25874 W PanelsChildGestureRegionObserver: failed to register view with ID 2131362800. already registered
10-08 15:45:09.570 25874 25874 E CoilImgLoader: Error loading image: coil3.request.NullRequestDataException: The request's data is null.
10-08 15:45:09.577 25874 25874 E CoilImgLoader: Error loading image: coil3.request.NullRequestDataException: The request's data is null.
10-08 15:45:09.617 25874 25930 I SYNCVM  : addFromUrl = https://tv6.egydead.live/%d9%85%d8%b4%d8%a7%d9%87%d8%af%d8%a9-%d9%81%d9%8a%d9%84%d9%85-baban-baban-ban-vampire-2025-%d9%85%d8%aa%d8%b1%d8%ac%d9%85/
10-08 15:45:09.618 25874 25930 I SYNCUTIL: getIdsFromUrl https://tv6.egydead.live/%d9%85%d8%b4%d8%a7%d9%87%d8%af%d8%a9-%d9%81%d9%8a%d9%84%d9%85-baban-baban-ban-vampire-2025-%d9%85%d8%aa%d8%b1%d8%ac%d9%85/
10-08 15:45:09.632 25874 25874 D SurfaceView@d75a8f8: updateSurface: has no frame
10-08 15:45:09.633 25874 25874 I SurfaceView@d75a8f8: Changes: creating=true format=true size=true visible=true alpha=false hint=false mUseAlpha=false visible=true left=true top=true
10-08 15:45:09.635 25874 25874 I BLASTBufferQueue: update, w= 1080 h= 525 mName = null mNativeObject= 0x7b5e1ebf00 sc.mNativeObject= 0x7b06cfbf40 format= 4 caller= android.view.SurfaceView.createBlastSurfaceControls:1383 android.view.SurfaceView.updateSurface:1079 android.view.SurfaceView.lambda$new$0$android-view-SurfaceView:200 android.view.SurfaceView$$ExternalSyntheticLambda5.onPreDraw:2 android.view.ViewTreeObserver.dispatchOnPreDraw:1121 android.view.ViewRootImpl.performTraversals:4442 
10-08 15:45:09.635 25874 25874 I SurfaceView@d75a8f8: 225814776 Cur surface: Surface(name=null)/@0xe13b3c2
10-08 15:45:09.635 25874 25874 I SurfaceView@d75a8f8: pST: sr = Rect(0, 218 - 1080, 743) sw = 1080 sh = 525
10-08 15:45:09.635 25874 25874 D SurfaceView@d75a8f8: performSurfaceTransaction RenderWorker position = [0, 218, 1080, 743] surfaceSize = 1080x525
10-08 15:45:09.636 25874 25874 I SurfaceView@d75a8f8: applyTransactionOnVriDraw: vri = ViewRootImpl@27a4bf[MainActivity] fRS = false t = 0x7b2a672300 android.view.SurfaceView.performSurfaceTransaction:959 android.view.SurfaceView.updateSurface:1105 android.view.SurfaceView.lambda$new$0$android-view-SurfaceView:200 
10-08 15:45:09.636 25874 25874 I ViewRootImpl@27a4bf[MainActivity]: applyTransactionOnDraw: mRemoved = false isHardwareEnabled = true t = 0x7b2a672300android.view.SurfaceView.applyTransactionOnVriDraw:2048 android.view.SurfaceView.performSurfaceTransaction:959 android.view.SurfaceView.updateSurface:1105 android.view.SurfaceView.lambda$new$0$android-view-SurfaceView:200 android.view.SurfaceView$$ExternalSyntheticLambda5.onPreDraw:2 
10-08 15:45:09.636 25874 25874 I SurfaceView@d75a8f8: updateSurface: mVisible = true mSurface.isValid() = true
10-08 15:45:09.636 25874 25874 I SurfaceView@d75a8f8: updateSurface: mSurfaceCreated = false surfaceChanged = true visibleChanged = true
10-08 15:45:09.636 25874 25874 I SurfaceView@d75a8f8: visibleChanged -- surfaceCreated
10-08 15:45:09.636 25874 25874 I SurfaceView@d75a8f8: surfaceCreated 0 #8 android.view.SurfaceView{d75a8f8 V.E..V... ......ID 0,0-1080,525}
10-08 15:45:09.636 25874 25874 I SurfaceView@d75a8f8: surfaceChanged -- format=4 w=1080 h=525
10-08 15:45:09.636 25874 25874 I SurfaceView@d75a8f8: surfaceChanged (1080,525) 0 #8 android.view.SurfaceView{d75a8f8 V.E..V... ......ID 0,0-1080,525}
10-08 15:45:09.636 25874 25874 I SurfaceView@d75a8f8: surfaceRedrawNeeded
10-08 15:45:09.636 25874 25874 V SurfaceView@d75a8f8: Layout: x=0 y=218 w=1080 h=525, frame=Rect(0, 0 - 1080, 525)
10-08 15:45:09.651 25874 25965 D SurfaceView@d75a8f8: updateSurfacePosition RenderWorker, frameNr = 843, position = [0, 218, 1080, 743] surfaceSize = 1080x525
10-08 15:45:09.651 25874 25965 I SurfaceView@d75a8f8: uSP: rtp = Rect(0, 218 - 1080, 743) rtsw = 1080 rtsh = 525
10-08 15:45:09.651 25874 25965 I SurfaceView@d75a8f8: onSSPAndSRT: pl = 0 pt = 218 sx = 1.0 sy = 1.0
10-08 15:45:09.651 25874 25965 I SurfaceView@d75a8f8: aOrMT: ViewRootImpl@27a4bf[MainActivity] t = android.view.SurfaceControl$Transaction@5ecfc2f fN = 843 android.view.SurfaceView.-$$Nest$mapplyOrMergeTransaction:0 android.view.SurfaceView$SurfaceViewPositionUpdateListener.positionChanged:1537 android.graphics.RenderNode$CompositePositionUpdateListener.positionChanged:373 
10-08 15:45:09.651 25874 25965 I ViewRootImpl@27a4bf[MainActivity]: mWNT: t=0x7b2a672900 mBlastBufferQueue=0x7b5e1ec800 fn= 843 caller= android.view.SurfaceView.applyOrMergeTransaction:1455 android.view.SurfaceView.-$$Nest$mapplyOrMergeTransaction:0 android.view.SurfaceView$SurfaceViewPositionUpdateListener.positionChanged:1537 
10-08 15:45:09.652 25874 25965 I ViewRootImpl@27a4bf[MainActivity]: mWNT: t=0x7b2a672300 mBlastBufferQueue=0x7b5e1ec800 fn= 843 caller= android.view.ViewRootImpl.lambda$applyTransactionOnDraw$11$android-view-ViewRootImpl:12865 android.view.ViewRootImpl$$ExternalSyntheticLambda1.onFrameDraw:4 android.graphics.HardwareRenderer$FrameDrawingCallback.onFrameDraw:924 
10-08 15:45:09.669 25874 25874 I SurfaceView@d75a8f8: finishedDrawing
10-08 15:45:11.950 25874 25874 I ViewRootImpl@27a4bf[MainActivity]: ViewPostIme pointer 0
10-08 15:45:12.480 25874 25874 I Dialog  : mIsDeviceDefault = false, mIsSamsungBasicInteraction = false, isMetaDataInActivity = false
10-08 15:45:12.518 25874 25874 I DecorView: [INFO] isPopOver=false config=false
10-08 15:45:12.518 25874 25874 I DecorView: updateCaptionType: isFloating=false isApplication=true hasWindowDecorCaption=false this=DecorView@4c63035[]
10-08 15:45:12.518 25874 25874 D DecorView: setCaptionType = 0, this = DecorView@4c63035[]
10-08 15:45:12.522 25874 25874 I DecorView: getCurrentDensityDpi: from app context. densityDpi=420 msg=resources_loaded
10-08 15:45:12.522 25874 25874 I DecorView: setWindowBackground: isPopOver=false color=0 d=android.graphics.drawable.ColorDrawable@dafbe3b
10-08 15:45:12.534 25874 25897 D NativeCustomFrequencyManager: [NativeCFMS] BpCustomFrequencyManager::BpCustomFrequencyManager()
10-08 15:45:12.535 25874 25874 I DecorView: notifyKeepScreenOnChanged: keepScreenOn=false
10-08 15:45:12.550 25874 25874 D InsetsController: onStateChanged: InsetsState: {mDisplayFrame=Rect(0, 0 - 1080, 2400), mDisplayCutout=DisplayCutout{insets=Rect(0, 88 - 0, 0) waterfall=Insets{left=0, top=0, right=0, bottom=0} boundingRect={Bounds=[Rect(0, 0 - 0, 0), Rect(512, 0 - 568, 88), Rect(0, 0 - 0, 0), Rect(0, 0 - 0, 0)]} cutoutPathParserInfo={CutoutPathParserInfo{displayWidth=1080 displayHeight=2400 physicalDisplayWidth=1080 physicalDisplayHeight=2400 density={2.625} cutoutSpec={M 0,0 M 0,12.25101276465640 a 10.60613009248640,10.60613009248640 0 1,0 0,21.21226018497290 a 10.60613009248640,10.60613009248640 0 1,0 0,-21.21226018497290 Z @dp} rotation={0} scale={1.0} physicalPixelDisplaySizeRatio={1.0}}}}, mRoundedCorners=RoundedCorners{[RoundedCorner{position=TopLeft, radius=84, center=Point(84, 84)}, RoundedCorner{position=TopRight, radius=84, center=Point(996, 84)}, RoundedCorner{position=BottomRight, radius=84, center=Point(996, 2316)}, RoundedCorner{position=BottomLeft, radius=84, center=Point(84, 2316)}]}  mRoundedCornerFrame=Rect(0, 0 - 1080, 2400), mPrivacyIndicatorBounds=PrivacyIndicatorBounds {static bounds=Rect(964, 0 - 1080, 87) rotation=0}, mSources= { InsetsSource: {mType=ITYPE_STATUS_BAR, mFrame=[0,0][1080,88], mVisible=true, mInsetsRoundedCornerFrame=false}, InsetsSource: {mType=ITYPE_NAVIGATION_BAR, mFrame=[0,2361][1080,2400], mVisible=true, mInsetsRoundedCornerFrame=false}, InsetsSource: {mType=ITYPE_LEFT_GESTURES, mFrame=[0,0][130,2400], mVisible=true, mInsetsRoundedCornerFrame=false}, InsetsSource: {mType=ITYPE_RIGHT_GESTURES, mFrame=[950,0][1080,2400], mVisible=true, mInsetsRoundedCornerFrame=false}, InsetsSource: {mType=ITYPE_TOP_MANDATORY_GESTURES, mFrame=[0,0][1080,120], mVisible=true, mInsetsRoundedCornerFrame=false}, InsetsSource: {mType=ITYPE_BOTTOM_MANDATORY_GESTURES, mFrame=[0,2316][1080,2400], mVisible=true, mInsetsRoundedCornerFrame=false}, InsetsSource: {mType=ITYPE_LEFT_DISPLAY_CUTOUT, mFrame=[0,0][-100000,2400], mVisible=true, mInsetsRoundedCornerFrame=false}, InsetsSource: {mType=ITYPE_TOP_DISPLAY_CUTOUT, mFrame=[0,0][1080,88], mVisible=true, mInsetsRoundedCornerFrame=false}, InsetsSource: {mType=ITYPE_RIGHT_DISPLAY_CUTOUT, mFrame=[100000,0][1080,2400], mVisible=true, mInsetsRoundedCornerFrame=false}, InsetsSource: {mType=ITYPE_BOTTOM_DISPLAY_CUTOUT, mFrame=[0,100000][1080,2400], mVisible=true, mInsetsRoundedCornerFrame=false}, InsetsSource: {mType=ITYPE_TOP_TAPPABLE_ELEMENT, mFrame=[0,0][1080,88], mVisible=true, mInsetsRoundedCornerFrame=false}, InsetsSource: {mType=ITYPE_BOTTOM_TAPPABLE_ELEMENT, mFrame=[0,0][0,0], mVisible=true, mInsetsRoundedCornerFrame=false}, InsetsSource: {mType=ITYPE_IME, mFrame=[0,0][0,0], mVisibleFrame=[0,1409][1080,2400], mVisible=false, mInsetsRoundedCornerFrame=false} } host=com.lagradost.cloudstream3/com.lagradost.cloudstream3.MainActivity from=android.view.ViewRootImpl.setView:1732
10-08 15:45:12.551 25874 25874 I ViewRootImpl@80acb70[MainActivity]: setView = com.android.internal.policy.DecorView@4c63035 TM=true
10-08 15:45:12.571 25874 25874 I ViewRootImpl@80acb70[MainActivity]: performTraversals params={(0,0)(fillxfill) gr=CENTER sim={adjust=resize forwardNavigation} ty=APPLICATION fmt=TRANSPARENT wanim=0x7f14000b
10-08 15:45:12.571 25874 25874 I ViewRootImpl@80acb70[MainActivity]:   fl=85810100
10-08 15:45:12.571 25874 25874 I ViewRootImpl@80acb70[MainActivity]:   pfl=12020040
10-08 15:45:12.571 25874 25874 I ViewRootImpl@80acb70[MainActivity]:   vsysui=500
10-08 15:45:12.571 25874 25874 I ViewRootImpl@80acb70[MainActivity]:   bhv=DEFAULT
10-08 15:45:12.571 25874 25874 I ViewRootImpl@80acb70[MainActivity]:   fitSides= naviIconColor=0}
10-08 15:45:12.572 25874 25874 I ViewRootImpl@80acb70[MainActivity]: performTraversals mFirst=true windowShouldResize=true viewVisibilityChanged=false mForceNextWindowRelayout=false params={(0,0)(fillxfill) gr=CENTER sim={adjust=resize forwardNavigation} ty=APPLICATION fmt=TRANSPARENT wanim=0x7f14000b
10-08 15:45:12.572 25874 25874 I ViewRootImpl@80acb70[MainActivity]:   fl=85810100
10-08 15:45:12.572 25874 25874 I ViewRootImpl@80acb70[MainActivity]:   pfl=12020040
10-08 15:45:12.572 25874 25874 I ViewRootImpl@80acb70[MainActivity]:   vsysui=500
10-08 15:45:12.572 25874 25874 I ViewRootImpl@80acb70[MainActivity]:   bhv=DEFAULT
10-08 15:45:12.572 25874 25874 I ViewRootImpl@80acb70[MainActivity]:   fitSides= naviIconColor=0}
10-08 15:45:12.585 25874 25874 I ViewRootImpl@80acb70[MainActivity]: updateBlastSurfaceIfNeeded mBlastBufferQueue=null isSameSurfaceControl=false
10-08 15:45:12.586 25874 25874 I BLASTBufferQueue: new BLASTBufferQueue, mName= ViewRootImpl@80acb70[MainActivity] mNativeObject= 0x7b5e1ecb00 sc.mNativeObject= 0x7b06cfec40 caller= android.view.ViewRootImpl.updateBlastSurfaceIfNeeded:2909 android.view.ViewRootImpl.relayoutWindow:9847 android.view.ViewRootImpl.performTraversals:3884 android.view.ViewRootImpl.doTraversal:3116 android.view.ViewRootImpl$TraversalRunnable.run:10885 android.view.Choreographer$CallbackRecord.run:1301 android.view.Choreographer$CallbackRecord.run:1309 android.view.Choreographer.doCallbacks:923 android.view.Choreographer.doFrame:852 android.view.Choreographer$FrameDisplayEventReceiver.run:1283 
10-08 15:45:12.587 25874 25874 I BLASTBufferQueue: update, w= 1080 h= 2400 mName = ViewRootImpl@80acb70[MainActivity] mNativeObject= 0x7b5e1ecb00 sc.mNativeObject= 0x7b06cfec40 format= -2 caller= android.graphics.BLASTBufferQueue.<init>:84 android.view.ViewRootImpl.updateBlastSurfaceIfNeeded:2909 android.view.ViewRootImpl.relayoutWindow:9847 android.view.ViewRootImpl.performTraversals:3884 android.view.ViewRootImpl.doTraversal:3116 android.view.ViewRootImpl$TraversalRunnable.run:10885 
10-08 15:45:12.587 25874 25874 I ViewRootImpl@80acb70[MainActivity]: Relayout returned: old=(0,0,1080,2400) new=(0,0,1080,2400) req=(1080,2400)0 dur=13 res=0x3 s={true 0x7bdd367000} ch=true seqId=0
10-08 15:45:12.588 25874 25874 I ViewRootImpl@80acb70[MainActivity]: mThreadedRenderer.initialize() mSurface={isValid=true 0x7bdd367000} hwInitialized=true
10-08 15:45:12.589 25874 25897 D OpenGLRenderer: eglCreateWindowSurface
10-08 15:45:12.615 25874 25874 D AbsListView:  in onLayout changed 
10-08 15:45:12.616 25874 25874 I ViewRootImpl@80acb70[MainActivity]: reportNextDraw android.view.ViewRootImpl.performTraversals:4438 android.view.ViewRootImpl.doTraversal:3116 android.view.ViewRootImpl$TraversalRunnable.run:10885 android.view.Choreographer$CallbackRecord.run:1301 android.view.Choreographer$CallbackRecord.run:1309 
10-08 15:45:12.617 25874 25874 I ViewRootImpl@80acb70[MainActivity]: Setup new sync id=0
10-08 15:45:12.617 25874 25874 I ViewRootImpl@80acb70[MainActivity]: Setting syncFrameCallback
10-08 15:45:12.617 25874 25874 I ViewRootImpl@80acb70[MainActivity]: registerCallbacksForSync syncBuffer=false
10-08 15:45:12.620 25874 25966 I ViewRootImpl@80acb70[MainActivity]: Received frameDrawingCallback syncResult=0 frameNum=1.
10-08 15:45:12.620 25874 25966 I ViewRootImpl@80acb70[MainActivity]: Setting up sync and frameCommitCallback
10-08 15:45:12.626 25874 25897 I BLASTBufferQueue: [ViewRootImpl@80acb70[MainActivity]#12](f:0,a:0) onFrameAvailable the first frame is available
10-08 15:45:12.627 25874 25897 I ViewRootImpl@80acb70[MainActivity]: Received frameCommittedCallback lastAttemptedDrawFrameNum=1 didProduceBuffer=true
10-08 15:45:12.629 25874 25897 D OpenGLRenderer: CFMS:: SetUp Pid : 25874    Tid : 25897
10-08 15:45:12.635 25874 25874 I ViewRootImpl@80acb70[MainActivity]: onSyncComplete
10-08 15:45:12.636 25874 25874 I ViewRootImpl@80acb70[MainActivity]: setupSync seqId=0 mSyncId=0 fn=1 caller=android.view.ViewRootImpl$$ExternalSyntheticLambda11.accept:6 android.window.SurfaceSyncer.lambda$setupSync$1$android-window-SurfaceSyncer:128 android.window.SurfaceSyncer$$ExternalSyntheticLambda1.accept:8 android.window.SurfaceSyncer$SyncSet.checkIfSyncIsComplete:382 android.window.SurfaceSyncer$SyncSet.markSyncReady:359 android.window.SurfaceSyncer.markSyncReady:151 android.view.ViewRootImpl.performTraversals:4503 
10-08 15:45:12.636 25874 25874 I ViewRootImpl@80acb70[MainActivity]: reportDrawFinished seqId=0 mSyncId=-1 fn=1 mSurfaceChangedTransaction=0x7b2a672e00
10-08 15:45:12.640 25874 25874 I ViewRootImpl@27a4bf[MainActivity]: MSG_WINDOW_FOCUS_CHANGED 0 0
10-08 15:45:12.695 25874 25874 I ViewRootImpl@27a4bf[MainActivity]: ViewPostIme pointer 1
10-08 15:45:12.697 25874 25874 I ViewRootImpl@80acb70[MainActivity]: MSG_WINDOW_FOCUS_CHANGED 1 0
10-08 15:45:12.697 25874 25874 I ViewRootImpl@80acb70[MainActivity]: mThreadedRenderer.initializeIfNeeded()#2 mSurface={isValid=true 0x7bdd367000}
10-08 15:45:12.699 25874 25874 D InputMethodManager: startInputInner - Id : 0
10-08 15:45:12.699 25874 25874 I InputMethodManager: startInputInner - mService.startInputOrWindowGainedFocus
10-08 15:45:13.390 25874 25874 I ViewRootImpl@80acb70[MainActivity]: ViewPostIme pointer 0
10-08 15:45:13.446 25874 25874 I ViewRootImpl@80acb70[MainActivity]: ViewPostIme pointer 1
10-08 15:45:13.447 25874 25874 D AbsListView: onTouchUp() mTouchMode : 0
10-08 15:45:13.521 25874 25930 D EgyDead : Loading links for URL: https://tv6.egydead.live/%d9%85%d8%b4%d8%a7%d9%87%d8%af%d8%a9-%d9%81%d9%8a%d9%84%d9%85-baban-baban-ban-vampire-2025-%d9%85%d8%aa%d8%b1%d8%ac%d9%85/
10-08 15:45:13.522 25874 25874 I MSHandlerLifeCycle: removeMultiSplitHandler: no exist. decor=DecorView@4c63035[MainActivity]
10-08 15:45:13.523 25874 25897 D OpenGLRenderer: setSurface called with nullptr
10-08 15:45:13.523 25874 25897 D OpenGLRenderer: setSurface() destroyed EGLSurface
10-08 15:45:13.524 25874 25897 D OpenGLRenderer: destroyEglSurface
10-08 15:45:13.526 25874 25897 D OpenGLRenderer: endAllActiveAnimators on 0x7b06dc4500 (MaterialTextView) with handle 0x7b478a1040
10-08 15:45:13.526 25874 25874 I ViewRootImpl@80acb70[MainActivity]: dispatchDetachedFromWindow
10-08 15:45:13.555 25874 25874 D InputTransport: Input channel destroyed: 'a24f1c6', fd=158
10-08 15:45:13.558 25874 25874 I Dialog  : mIsDeviceDefault = false, mIsSamsungBasicInteraction = false, isMetaDataInActivity = false
10-08 15:45:13.588 25874 25874 I DecorView: [INFO] isPopOver=false config=false
10-08 15:45:13.588 25874 25874 I DecorView: updateCaptionType: isFloating=false isApplication=true hasWindowDecorCaption=false this=DecorView@3358183[]
10-08 15:45:13.588 25874 25874 D DecorView: setCaptionType = 0, this = DecorView@3358183[]
10-08 15:45:13.589 25874 25874 I DecorView: getCurrentDensityDpi: from app context. densityDpi=420 msg=resources_loaded
10-08 15:45:13.589 25874 25874 I DecorView: setWindowBackground: isPopOver=false color=0 d=android.graphics.drawable.ColorDrawable@f9d0339
10-08 15:45:13.597 25874 25897 D NativeCustomFrequencyManager: [NativeCFMS] BpCustomFrequencyManager::BpCustomFrequencyManager()
10-08 15:45:13.598 25874 25874 I DecorView: notifyKeepScreenOnChanged: keepScreenOn=false
10-08 15:45:13.609 25874 25874 D InsetsController: onStateChanged: InsetsState: {mDisplayFrame=Rect(0, 0 - 1080, 2400), mDisplayCutout=DisplayCutout{insets=Rect(0, 88 - 0, 0) waterfall=Insets{left=0, top=0, right=0, bottom=0} boundingRect={Bounds=[Rect(0, 0 - 0, 0), Rect(512, 0 - 568, 88), Rect(0, 0 - 0, 0), Rect(0, 0 - 0, 0)]} cutoutPathParserInfo={CutoutPathParserInfo{displayWidth=1080 displayHeight=2400 physicalDisplayWidth=1080 physicalDisplayHeight=2400 density={2.625} cutoutSpec={M 0,0 M 0,12.25101276465640 a 10.60613009248640,10.60613009248640 0 1,0 0,21.21226018497290 a 10.60613009248640,10.60613009248640 0 1,0 0,-21.21226018497290 Z @dp} rotation={0} scale={1.0} physicalPixelDisplaySizeRatio={1.0}}}}, mRoundedCorners=RoundedCorners{[RoundedCorner{position=TopLeft, radius=84, center=Point(84, 84)}, RoundedCorner{position=TopRight, radius=84, center=Point(996, 84)}, RoundedCorner{position=BottomRight, radius=84, center=Point(996, 2316)}, RoundedCorner{position=BottomLeft, radius=84, center=Point(84, 2316)}]}  mRoundedCornerFrame=Rect(0, 0 - 1080, 2400), mPrivacyIndicatorBounds=PrivacyIndicatorBounds {static bounds=Rect(964, 0 - 1080, 87) rotation=0}, mSources= { InsetsSource: {mType=ITYPE_STATUS_BAR, mFrame=[0,0][1080,88], mVisible=true, mInsetsRoundedCornerFrame=false}, InsetsSource: {mType=ITYPE_NAVIGATION_BAR, mFrame=[0,2361][1080,2400], mVisible=true, mInsetsRoundedCornerFrame=false}, InsetsSource: {mType=ITYPE_LEFT_GESTURES, mFrame=[0,0][130,2400], mVisible=true, mInsetsRoundedCornerFrame=false}, InsetsSource: {mType=ITYPE_RIGHT_GESTURES, mFrame=[950,0][1080,2400], mVisible=true, mInsetsRoundedCornerFrame=false}, InsetsSource: {mType=ITYPE_TOP_MANDATORY_GESTURES, mFrame=[0,0][1080,120], mVisible=true, mInsetsRoundedCornerFrame=false}, InsetsSource: {mType=ITYPE_BOTTOM_MANDATORY_GESTURES, mFrame=[0,2316][1080,2400], mVisible=true, mInsetsRoundedCornerFrame=false}, InsetsSource: {mType=ITYPE_LEFT_DISPLAY_CUTOUT, mFrame=[0,0][-100000,2400], mVisible=true, mInsetsRoundedCornerFrame=false}, InsetsSource: {mType=ITYPE_TOP_DISPLAY_CUTOUT, mFrame=[0,0][1080,88], mVisible=true, mInsetsRoundedCornerFrame=false}, InsetsSource: {mType=ITYPE_RIGHT_DISPLAY_CUTOUT, mFrame=[100000,0][1080,2400], mVisible=true, mInsetsRoundedCornerFrame=false}, InsetsSource: {mType=ITYPE_BOTTOM_DISPLAY_CUTOUT, mFrame=[0,100000][1080,2400], mVisible=true, mInsetsRoundedCornerFrame=false}, InsetsSource: {mType=ITYPE_TOP_TAPPABLE_ELEMENT, mFrame=[0,0][1080,88], mVisible=true, mInsetsRoundedCornerFrame=false}, InsetsSource: {mType=ITYPE_BOTTOM_TAPPABLE_ELEMENT, mFrame=[0,0][0,0], mVisible=true, mInsetsRoundedCornerFrame=false}, InsetsSource: {mType=ITYPE_IME, mFrame=[0,0][0,0], mVisibleFrame=[0,1409][1080,2400], mVisible=false, mInsetsRoundedCornerFrame=false} } host=com.lagradost.cloudstream3/com.lagradost.cloudstream3.MainActivity from=android.view.ViewRootImpl.setView:1732
10-08 15:45:13.610 25874 25874 I ViewRootImpl@a2e2e56[MainActivity]: setView = com.android.internal.policy.DecorView@3358183 TM=true
10-08 15:45:13.616 25874 25874 I ViewRootImpl@a2e2e56[MainActivity]: performTraversals params={(0,0)(fillxfill) gr=CENTER sim={adjust=resize forwardNavigation} ty=APPLICATION fmt=TRANSPARENT wanim=0x7f14000b
10-08 15:45:13.616 25874 25874 I ViewRootImpl@a2e2e56[MainActivity]:   fl=85810100
10-08 15:45:13.616 25874 25874 I ViewRootImpl@a2e2e56[MainActivity]:   pfl=12020040
10-08 15:45:13.616 25874 25874 I ViewRootImpl@a2e2e56[MainActivity]:   vsysui=500
10-08 15:45:13.616 25874 25874 I ViewRootImpl@a2e2e56[MainActivity]:   bhv=DEFAULT
10-08 15:45:13.616 25874 25874 I ViewRootImpl@a2e2e56[MainActivity]:   fitSides= naviIconColor=0}
10-08 15:45:13.616 25874 25874 I ViewRootImpl@a2e2e56[MainActivity]: performTraversals mFirst=true windowShouldResize=true viewVisibilityChanged=false mForceNextWindowRelayout=false params={(0,0)(fillxfill) gr=CENTER sim={adjust=resize forwardNavigation} ty=APPLICATION fmt=TRANSPARENT wanim=0x7f14000b
10-08 15:45:13.616 25874 25874 I ViewRootImpl@a2e2e56[MainActivity]:   fl=85810100
10-08 15:45:13.616 25874 25874 I ViewRootImpl@a2e2e56[MainActivity]:   pfl=12020040
10-08 15:45:13.616 25874 25874 I ViewRootImpl@a2e2e56[MainActivity]:   vsysui=500
10-08 15:45:13.616 25874 25874 I ViewRootImpl@a2e2e56[MainActivity]:   bhv=DEFAULT
10-08 15:45:13.616 25874 25874 I ViewRootImpl@a2e2e56[MainActivity]:   fitSides= naviIconColor=0}
10-08 15:45:13.624 25874 25874 I ViewRootImpl@a2e2e56[MainActivity]: updateBlastSurfaceIfNeeded mBlastBufferQueue=null isSameSurfaceControl=false
10-08 15:45:13.624 25874 25874 I BLASTBufferQueue: new BLASTBufferQueue, mName= ViewRootImpl@a2e2e56[MainActivity] mNativeObject= 0x7b5e1ed100 sc.mNativeObject= 0x7b06e2bec0 caller= android.view.ViewRootImpl.updateBlastSurfaceIfNeeded:2909 android.view.ViewRootImpl.relayoutWindow:9847 android.view.ViewRootImpl.performTraversals:3884 android.view.ViewRootImpl.doTraversal:3116 android.view.ViewRootImpl$TraversalRunnable.run:10885 android.view.Choreographer$CallbackRecord.run:1301 android.view.Choreographer$CallbackRecord.run:1309 android.view.Choreographer.doCallbacks:923 android.view.Choreographer.doFrame:852 android.view.Choreographer$FrameDisplayEventReceiver.run:1283 
10-08 15:45:13.625 25874 25874 I BLASTBufferQueue: update, w= 1080 h= 2400 mName = ViewRootImpl@a2e2e56[MainActivity] mNativeObject= 0x7b5e1ed100 sc.mNativeObject= 0x7b06e2bec0 format= -2 caller= android.graphics.BLASTBufferQueue.<init>:84 android.view.ViewRootImpl.updateBlastSurfaceIfNeeded:2909 android.view.ViewRootImpl.relayoutWindow:9847 android.view.ViewRootImpl.performTraversals:3884 android.view.ViewRootImpl.doTraversal:3116 android.view.ViewRootImpl$TraversalRunnable.run:10885 
10-08 15:45:13.625 25874 25874 I ViewRootImpl@a2e2e56[MainActivity]: Relayout returned: old=(0,0,1080,2400) new=(0,0,1080,2400) req=(1080,2400)0 dur=7 res=0x3 s={true 0x7bdd367000} ch=true seqId=0
10-08 15:45:13.626 25874 25874 I ViewRootImpl@a2e2e56[MainActivity]: mThreadedRenderer.initialize() mSurface={isValid=true 0x7bdd367000} hwInitialized=true
10-08 15:45:13.627 25874 25897 D OpenGLRenderer: eglCreateWindowSurface
10-08 15:45:13.629 25874 25874 I ViewRootImpl@a2e2e56[MainActivity]: reportNextDraw android.view.ViewRootImpl.performTraversals:4438 android.view.ViewRootImpl.doTraversal:3116 android.view.ViewRootImpl$TraversalRunnable.run:10885 android.view.Choreographer$CallbackRecord.run:1301 android.view.Choreographer$CallbackRecord.run:1309 
10-08 15:45:13.629 25874 25874 I ViewRootImpl@a2e2e56[MainActivity]: Setup new sync id=0
10-08 15:45:13.629 25874 25874 I ViewRootImpl@a2e2e56[MainActivity]: Setting syncFrameCallback
10-08 15:45:13.629 25874 25874 I ViewRootImpl@a2e2e56[MainActivity]: registerCallbacksForSync syncBuffer=false
10-08 15:45:13.631 25874 25965 I ViewRootImpl@a2e2e56[MainActivity]: Received frameDrawingCallback syncResult=0 frameNum=1.
10-08 15:45:13.631 25874 25965 I ViewRootImpl@a2e2e56[MainActivity]: Setting up sync and frameCommitCallback
10-08 15:45:13.641 25874 25897 I BLASTBufferQueue: [ViewRootImpl@a2e2e56[MainActivity]#13](f:0,a:0) onFrameAvailable the first frame is available
10-08 15:45:13.642 25874 25897 I ViewRootImpl@a2e2e56[MainActivity]: Received frameCommittedCallback lastAttemptedDrawFrameNum=1 didProduceBuffer=true
10-08 15:45:13.644 25874 25897 D OpenGLRenderer: CFMS:: SetUp Pid : 25874    Tid : 25897
10-08 15:45:13.647 25874 25874 I ViewRootImpl@a2e2e56[MainActivity]: onSyncComplete
10-08 15:45:13.647 25874 25874 I ViewRootImpl@a2e2e56[MainActivity]: setupSync seqId=0 mSyncId=0 fn=1 caller=android.view.ViewRootImpl$$ExternalSyntheticLambda11.accept:6 android.window.SurfaceSyncer.lambda$setupSync$1$android-window-SurfaceSyncer:128 android.window.SurfaceSyncer$$ExternalSyntheticLambda1.accept:8 android.window.SurfaceSyncer$SyncSet.checkIfSyncIsComplete:382 android.window.SurfaceSyncer$SyncSet.markSyncReady:359 android.window.SurfaceSyncer.markSyncReady:151 android.view.ViewRootImpl.performTraversals:4503 
10-08 15:45:13.648 25874 25874 I ViewRootImpl@a2e2e56[MainActivity]: reportDrawFinished seqId=0 mSyncId=-1 fn=1 mSurfaceChangedTransaction=0x7b06e26500
10-08 15:45:13.648 25874 25874 D InsetsController: onStateChanged: InsetsState: {mDisplayFrame=Rect(0, 0 - 1080, 2400), mDisplayCutout=DisplayCutout{insets=Rect(0, 88 - 0, 0) waterfall=Insets{left=0, top=0, right=0, bottom=0} boundingRect={Bounds=[Rect(0, 0 - 0, 0), Rect(512, 0 - 568, 88), Rect(0, 0 - 0, 0), Rect(0, 0 - 0, 0)]} cutoutPathParserInfo={CutoutPathParserInfo{displayWidth=1080 displayHeight=2400 physicalDisplayWidth=1080 physicalDisplayHeight=2400 density={2.625} cutoutSpec={M 0,0 M 0,12.25101276465640 a 10.60613009248640,10.60613009248640 0 1,0 0,21.21226018497290 a 10.60613009248640,10.60613009248640 0 1,0 0,-21.21226018497290 Z @dp} rotation={0} scale={1.0} physicalPixelDisplaySizeRatio={1.0}}}}, mRoundedCorners=RoundedCorners{[RoundedCorner{position=TopLeft, radius=84, center=Point(84, 84)}, RoundedCorner{position=TopRight, radius=84, center=Point(996, 84)}, RoundedCorner{position=BottomRight, radius=84, center=Point(996, 2316)}, RoundedCorner{position=BottomLeft, radius=84, center=Point(84, 2316)}]}  mRoundedCornerFrame=Rect(0, 0 - 1080, 2400), mPrivacyIndicatorBounds=PrivacyIndicatorBounds {static bounds=Rect(964, 0 - 1080, 87) rotation=0}, mSources= { InsetsSource: {mType=ITYPE_STATUS_BAR, mFrame=[0,0][1080,88], mVisible=true, mInsetsRoundedCornerFrame=false}, InsetsSource: {mType=ITYPE_NAVIGATION_BAR, mFrame=[0,2361][1080,2400], mVisible=true, mInsetsRoundedCornerFrame=false}, InsetsSource: {mType=ITYPE_LEFT_GESTURES, mFrame=[0,0][130,2400], mVisible=true, mInsetsRoundedCornerFrame=false}, InsetsSource: {mType=ITYPE_RIGHT_GESTURES, mFrame=[950,0][1080,2400], mVisible=true, mInsetsRoundedCornerFrame=false}, InsetsSource: {mType=ITYPE_TOP_MANDATORY_GESTURES, mFrame=[0,0][1080,120], mVisible=true, mInsetsRoundedCornerFrame=false}, InsetsSource: {mType=ITYPE_BOTTOM_MANDATORY_GESTURES, mFrame=[0,2316][1080,2400], mVisible=true, mInsetsRoundedCornerFrame=false}, InsetsSource: {mType=ITYPE_LEFT_DISPLAY_CUTOUT, mFrame=[0,0][-100000,2400], mVisible=true, mInsetsRoundedCornerFrame=false}, InsetsSource: {mType=ITYPE_TOP_DISPLAY_CUTOUT, mFrame=[0,0][1080,88], mVisible=true, mInsetsRoundedCornerFrame=false}, InsetsSource: {mType=ITYPE_RIGHT_DISPLAY_CUTOUT, mFrame=[100000,0][1080,2400], mVisible=true, mInsetsRoundedCornerFrame=false}, InsetsSource: {mType=ITYPE_BOTTOM_DISPLAY_CUTOUT, mFrame=[0,100000][1080,2400], mVisible=true, mInsetsRoundedCornerFrame=false}, InsetsSource: {mType=ITYPE_TOP_TAPPABLE_ELEMENT, mFrame=[0,0][1080,88], mVisible=true, mInsetsRoundedCornerFrame=false}, InsetsSource: {mType=ITYPE_BOTTOM_TAPPABLE_ELEMENT, mFrame=[0,0][0,0], mVisible=true, mInsetsRoundedCornerFrame=false} } host=com.lagradost.cloudstream3/com.lagradost.cloudstream3.MainActivity from=android.view.ViewRootImpl$ViewRootHandler.handleMessageImpl:6740
10-08 15:45:13.650 25874 25874 I ViewRootImpl@27a4bf[MainActivity]: MSG_WINDOW_FOCUS_CHANGED 0 0
10-08 15:45:13.661 25874 25874 I ViewRootImpl@27a4bf[MainActivity]: MSG_WINDOW_FOCUS_CHANGED 0 0
