10-08 23:55:50.976  6299  6427 I SurfaceView@ce715e2: aOrMT: ViewRootImpl@fcd878c[MainActivity] t = android.view.SurfaceControl$Transaction@c32451e fN = 708 android.view.SurfaceView.-$$Nest$mapplyOrMergeTransaction:0 android.view.SurfaceView$SurfaceViewPositionUpdateListener.positionChanged:1537 android.graphics.RenderNode$CompositePositionUpdateListener.positionChanged:373 
10-08 23:55:50.977  6299  6427 I ViewRootImpl@fcd878c[MainActivity]: mWNT: t=0x7b7afe7600 mBlastBufferQueue=0x7b41978900 fn= 708 caller= android.view.SurfaceView.applyOrMergeTransaction:1455 android.view.SurfaceView.-$$Nest$mapplyOrMergeTransaction:0 android.view.SurfaceView$SurfaceViewPositionUpdateListener.positionChanged:1537 
10-08 23:55:50.977  6299  6299 I SurfaceView@ce715e2: onWindowVisibilityChanged(8) false android.view.SurfaceView{ce715e2 V.E..V... ........ 0,0-1080,525} of ViewRootImpl@fcd878c[MainActivity]
10-08 23:55:50.977  6299  6299 I SurfaceView@ce715e2: Changes: creating=false format=false size=false visible=true alpha=false hint=false mUseAlpha=false visible=true left=false top=false
10-08 23:55:50.977  6299  6299 I SurfaceView@ce715e2: 216471010 Cur surface: Surface(name=null)/@0xed41dd2
10-08 23:55:50.977  6299  6299 I SurfaceView@ce715e2: applyTransactionOnVriDraw: vri = ViewRootImpl@fcd878c[MainActivity] fRS = false t = 0x7b345f0700 android.view.SurfaceView.performSurfaceTransaction:959 android.view.SurfaceView.updateSurface:1105 android.view.SurfaceView.onWindowVisibilityChanged:371 
10-08 23:55:50.978  6299  6299 I ViewRootImpl@fcd878c[MainActivity]: applyTransactionOnDraw: mRemoved = false isHardwareEnabled = true t = 0x7b345f0700android.view.SurfaceView.applyTransactionOnVriDraw:2048 android.view.SurfaceView.performSurfaceTransaction:959 android.view.SurfaceView.updateSurface:1105 android.view.SurfaceView.onWindowVisibilityChanged:371 android.view.View.dispatchDetachedFromWindow:22529 
10-08 23:55:50.978  6299  6299 I SurfaceView@ce715e2: surfaceDestroyed
10-08 23:55:50.978  6299  6299 I SurfaceView@ce715e2: surfaceDestroyed callback.size 0 #2 android.view.SurfaceView{ce715e2 V.E..V... ........ 0,0-1080,525}
10-08 23:55:50.978  6299  6299 I SurfaceView@ce715e2: updateSurface: mVisible = false mSurface.isValid() = true
10-08 23:55:50.978  6299  6299 I SurfaceView@ce715e2: releaseSurfaces: viewRoot = ViewRootImpl@fcd878c[MainActivity]
10-08 23:55:50.979  6299  6299 I SurfaceView@ce715e2: applyTransactionOnVriDraw: vri = ViewRootImpl@fcd878c[MainActivity] fRS = true t = 0x7b345f0a00 android.view.SurfaceView.releaseSurfaces:858 android.view.SurfaceView.updateSurface:1172 android.view.SurfaceView.onWindowVisibilityChanged:371 
10-08 23:55:50.979  6299  6299 I SurfaceView@ce715e2: applyTransactionOnVriDraw: viewRoot.applyTransactionOnDrawFromReleaseSurfaces
10-08 23:55:50.979  6299  6299 I ViewRootImpl@fcd878c[MainActivity]: applyTransactionOnDraw: mRemoved = false isHardwareEnabled = true t = 0x7b345f0a00android.view.ViewRootImpl.applyTransactionOnDrawFromReleaseSurfaces:12850 android.view.SurfaceView.applyTransactionOnVriDraw:2046 android.view.SurfaceView.releaseSurfaces:858 android.view.SurfaceView.updateSurface:1172 android.view.SurfaceView.onWindowVisibilityChanged:371 
10-08 23:55:50.979  6299  6299 V SurfaceView@ce715e2: Layout: x=0 y=218 w=1080 h=525, frame=Rect(0, 0 - 1080, 525)
10-08 23:55:50.979  6299  6299 I SurfaceView@ce715e2: onDetachedFromWindow: tryReleaseSurfaces()
10-08 23:55:50.979  6299  6299 I SurfaceView@ce715e2: releaseSurfaces: viewRoot = ViewRootImpl@fcd878c[MainActivity]
10-08 23:55:50.979  6299  6299 I SurfaceView@ce715e2: applyTransactionOnVriDraw: vri = ViewRootImpl@fcd878c[MainActivity] fRS = true t = 0x7b345f0b00 android.view.SurfaceView.releaseSurfaces:858 android.view.SurfaceView.onDetachedFromWindow:500 android.view.View.dispatchDetachedFromWindow:22538 
10-08 23:55:50.979  6299  6299 I SurfaceView@ce715e2: applyTransactionOnVriDraw: viewRoot.applyTransactionOnDrawFromReleaseSurfaces
10-08 23:55:50.980  6299  6299 I ViewRootImpl@fcd878c[MainActivity]: applyTransactionOnDraw: mRemoved = false isHardwareEnabled = true t = 0x7b345f0b00android.view.ViewRootImpl.applyTransactionOnDrawFromReleaseSurfaces:12850 android.view.SurfaceView.applyTransactionOnVriDraw:2046 android.view.SurfaceView.releaseSurfaces:858 android.view.SurfaceView.onDetachedFromWindow:500 android.view.View.dispatchDetachedFromWindow:22538 
10-08 23:55:50.994  6299  6299 I DecorView: notifyKeepScreenOnChanged: keepScreenOn=false
10-08 23:55:50.995  6299  6299 I CS3ExoPlayer: releasePlayer
10-08 23:55:50.995  6299  6299 I CS3ExoPlayer: Handle event: PlayerAttachedEvent(player=null, source=Player)
10-08 23:55:50.996  6299  6299 I DecorView: notifyKeepScreenOnChanged: keepScreenOn=false
10-08 23:55:50.998  6299  6299 I ViewRootImpl@fcd878c[MainActivity]: performTraversals params={(0,0)(fillxfill) sim={state=always_hidden adjust=resize} ty=BASE_APPLICATION wanim=0x1030309
10-08 23:55:50.998  6299  6299 I ViewRootImpl@fcd878c[MainActivity]:   fl=85810100
10-08 23:55:50.998  6299  6299 I ViewRootImpl@fcd878c[MainActivity]:   pfl=12020040
10-08 23:55:50.998  6299  6299 I ViewRootImpl@fcd878c[MainActivity]:   vsysui=500
10-08 23:55:50.998  6299  6299 I ViewRootImpl@fcd878c[MainActivity]:   bhv=DEFAULT
10-08 23:55:50.998  6299  6299 I ViewRootImpl@fcd878c[MainActivity]:   fitSides= naviIconColor=0}
10-08 23:55:50.998  6299  6299 I ViewRootImpl@fcd878c[MainActivity]: performTraversals mFirst=false windowShouldResize=false viewVisibilityChanged=false mForceNextWindowRelayout=false params={(0,0)(fillxfill) sim={state=always_hidden adjust=resize} ty=BASE_APPLICATION fmt=TRANSLUCENT wanim=0x1030309
10-08 23:55:50.998  6299  6299 I ViewRootImpl@fcd878c[MainActivity]:   fl=85810100
10-08 23:55:50.998  6299  6299 I ViewRootImpl@fcd878c[MainActivity]:   pfl=12020040
10-08 23:55:50.998  6299  6299 I ViewRootImpl@fcd878c[MainActivity]:   vsysui=500
10-08 23:55:50.998  6299  6299 I ViewRootImpl@fcd878c[MainActivity]:   bhv=DEFAULT
10-08 23:55:50.998  6299  6299 I ViewRootImpl@fcd878c[MainActivity]:   fitSides= naviIconColor=0}
10-08 23:55:51.007  6299  6299 I ViewRootImpl@fcd878c[MainActivity]: updateBlastSurfaceIfNeeded mBlastBufferQueue=0x7b41978900 isSameSurfaceControl=true
10-08 23:55:51.008  6299  6299 I BLASTBufferQueue: update, w= 1080 h= 2400 mName = ViewRootImpl@fcd878c[MainActivity] mNativeObject= 0x7b41978900 sc.mNativeObject= 0x7b0ee547e0 format= -3 caller= android.view.ViewRootImpl.updateBlastSurfaceIfNeeded:2898 android.view.ViewRootImpl.relayoutWindow:9847 android.view.ViewRootImpl.performTraversals:3884 android.view.ViewRootImpl.doTraversal:3116 android.view.ViewRootImpl$TraversalRunnable.run:10885 android.view.Choreographer$CallbackRecord.run:1301 
10-08 23:55:51.008  6299  6299 I ViewRootImpl@fcd878c[MainActivity]: Relayout returned: old=(0,0,1080,2400) new=(0,0,1080,2400) req=(1080,2400)0 dur=9 res=0x0 s={true 0x7b5fd66800} ch=false seqId=0
10-08 23:55:51.008  6299  6299 I ViewRootImpl@fcd878c[MainActivity]: updateBoundsLayer: t = android.view.SurfaceControl$Transaction@c09d0f6 sc = Surface(name=Bounds for - com.lagradost.cloudstream3/com.lagradost.cloudstream3.MainActivity@0)/@0x21d1cf7 frame = 709
10-08 23:55:51.008  6299  6299 I ViewRootImpl@fcd878c[MainActivity]: mWNT: t=0x7b5ff5c300 mBlastBufferQueue=0x7b41978900 fn= 709 caller= android.view.ViewRootImpl.prepareSurfaces:2985 android.view.ViewRootImpl.performTraversals:4233 android.view.ViewRootImpl.doTraversal:3116 
10-08 23:55:51.009  6299  6348 D SurfaceView@ce715e2: windowPositionLost, frameNr = 709
10-08 23:55:51.010  6299  6426 I ViewRootImpl@fcd878c[MainActivity]: mWNT: t=0x7b345f0700 mBlastBufferQueue=0x7b41978900 fn= 709 caller= android.view.ViewRootImpl.lambda$applyTransactionOnDraw$11$android-view-ViewRootImpl:12865 android.view.ViewRootImpl$$ExternalSyntheticLambda1.onFrameDraw:4 android.graphics.HardwareRenderer$FrameDrawingCallback.onFrameDraw:924 
10-08 23:55:51.011  6299  6426 I ViewRootImpl@fcd878c[MainActivity]: mWNT: t=0x7b345f0a00 mBlastBufferQueue=0x7b41978900 fn= 709 caller= android.view.ViewRootImpl.lambda$applyTransactionOnDraw$11$android-view-ViewRootImpl:12865 android.view.ViewRootImpl$$ExternalSyntheticLambda1.onFrameDraw:4 android.graphics.HardwareRenderer$FrameDrawingCallback.onFrameDraw:924 
10-08 23:55:51.011  6299  6426 I ViewRootImpl@fcd878c[MainActivity]: mWNT: t=0x7b345f0b00 mBlastBufferQueue=0x7b41978900 fn= 709 caller= android.view.ViewRootImpl.lambda$applyTransactionOnDraw$11$android-view-ViewRootImpl:12865 android.view.ViewRootImpl$$ExternalSyntheticLambda1.onFrameDraw:4 android.graphics.HardwareRenderer$FrameDrawingCallback.onFrameDraw:924 
10-08 23:55:51.938  6299  6299 I ViewRootImpl@fcd878c[MainActivity]: ViewPostIme pointer 0
10-08 23:55:51.987  6299  6299 I ViewRootImpl@fcd878c[MainActivity]: ViewPostIme pointer 1
10-08 23:55:52.005  6299  6299 I NavComponent: Navigating to fragment: 2131362274
10-08 23:55:52.012  6299  6299 I IMM_LC  : hsifw() - flag : 0
10-08 23:55:52.013  6299  6299 I IMM_LC  : hsifw() - mService.hideSoftInput
10-08 23:55:52.059  6299  6299 D ScrollView: initGoToTop
10-08 23:55:52.367  6299  6299 I SurfaceView@84c27b5: onWindowVisibilityChanged(0) true android.view.SurfaceView{84c27b5 V.E..V... ......I. 0,0-0,0} of ViewRootImpl@fcd878c[MainActivity]
10-08 23:55:52.367  6299  6299 D SurfaceView@84c27b5: updateSurface: has no frame
10-08 23:55:52.373  6299  6299 I CS3ExoPlayer: SET STYLE = SaveCaptionStyle(foregroundColor=-1, backgroundColor=0, windowColor=0, edgeType=1, edgeColor=-16777216, typeface=null, typefaceFilePath=null, elevation=20, fixedTextSize=null, edgeSize=null, removeCaptions=false, removeBloat=true, upperCase=false, bold=false, italic=false, backgroundRadius=null)
10-08 23:55:52.384  6299  6299 I IMM_LC  : hsifw() - flag : 0
10-08 23:55:52.384  6299  6299 I IMM_LC  : hsifw() - mService.hideSoftInput
10-08 23:55:52.387  6299  6381 I SYNCVM  : addFromUrl = https://tv6.egydead.live/%d9%85%d8%b4%d8%a7%d9%87%d8%af%d8%a9-%d9%81%d9%8a%d9%84%d9%85-maintenance-required-2025-%d9%85%d8%aa%d8%b1%d8%ac%d9%85/
10-08 23:55:52.387  6299  6381 I SYNCUTIL: getIdsFromUrl https://tv6.egydead.live/%d9%85%d8%b4%d8%a7%d9%87%d8%af%d8%a9-%d9%81%d9%8a%d9%84%d9%85-maintenance-required-2025-%d9%85%d8%aa%d8%b1%d8%ac%d9%85/
10-08 23:55:52.401  6299  6299 I SurfaceView@84c27b5: onWindowVisibilityChanged(8) false android.view.SurfaceView{84c27b5 V.E..V... ......I. 0,0-0,0} of ViewRootImpl@fcd878c[MainActivity]
10-08 23:55:52.401  6299  6299 D SurfaceView@84c27b5: updateSurface: has no frame
10-08 23:55:52.401  6299  6299 D SurfaceView@84c27b5: updateSurface: has no frame
10-08 23:55:52.401  6299  6299 I SurfaceView@84c27b5: onDetachedFromWindow: tryReleaseSurfaces()
10-08 23:55:52.401  6299  6299 I SurfaceView@84c27b5: releaseSurfaces: viewRoot = ViewRootImpl@fcd878c[MainActivity]
10-08 23:55:52.401  6299  6299 I SurfaceView@84c27b5: applyTransactionOnVriDraw: vri = ViewRootImpl@fcd878c[MainActivity] fRS = true t = 0x7b220bf700 android.view.SurfaceView.releaseSurfaces:858 android.view.SurfaceView.onDetachedFromWindow:500 android.view.View.dispatchDetachedFromWindow:22538 
10-08 23:55:52.401  6299  6299 I SurfaceView@84c27b5: applyTransactionOnVriDraw: viewRoot.applyTransactionOnDrawFromReleaseSurfaces
10-08 23:55:52.401  6299  6299 I ViewRootImpl@fcd878c[MainActivity]: applyTransactionOnDraw: mRemoved = false isHardwareEnabled = true t = 0x7b220bf700android.view.ViewRootImpl.applyTransactionOnDrawFromReleaseSurfaces:12850 android.view.SurfaceView.applyTransactionOnVriDraw:2046 android.view.SurfaceView.releaseSurfaces:858 android.view.SurfaceView.onDetachedFromWindow:500 android.view.View.dispatchDetachedFromWindow:22538 
10-08 23:55:52.404  6299  6299 I SurfaceView@84c27b5: onWindowVisibilityChanged(0) true android.view.SurfaceView{84c27b5 V.E..V... ......I. 0,0-0,0} of ViewRootImpl@fcd878c[MainActivity]
10-08 23:55:52.404  6299  6299 D SurfaceView@84c27b5: updateSurface: has no frame
10-08 23:55:52.407  6299  6299 I DecorView: notifyKeepScreenOnChanged: keepScreenOn=false
10-08 23:55:52.417  6299  6299 I CS3ExoPlayer: reloadPlayer
10-08 23:55:52.418  6299  6299 I CS3ExoPlayer: releasePlayer
10-08 23:55:52.418  6299  6299 I CS3ExoPlayer: Handle event: PlayerAttachedEvent(player=null, source=Player)
10-08 23:55:52.425  6299  6299 I ViewRootImpl@fcd878c[MainActivity]: performTraversals params={(0,0)(fillxfill) sim={state=always_hidden adjust=resize} ty=BASE_APPLICATION wanim=0x1030309
10-08 23:55:52.425  6299  6299 I ViewRootImpl@fcd878c[MainActivity]:   fl=85810100
10-08 23:55:52.425  6299  6299 I ViewRootImpl@fcd878c[MainActivity]:   pfl=12020040
10-08 23:55:52.425  6299  6299 I ViewRootImpl@fcd878c[MainActivity]:   vsysui=500
10-08 23:55:52.425  6299  6299 I ViewRootImpl@fcd878c[MainActivity]:   bhv=DEFAULT
10-08 23:55:52.425  6299  6299 I ViewRootImpl@fcd878c[MainActivity]:   fitSides= naviIconColor=0}
10-08 23:55:52.425  6299  6299 I ViewRootImpl@fcd878c[MainActivity]: performTraversals mFirst=false windowShouldResize=false viewVisibilityChanged=false mForceNextWindowRelayout=false params={(0,0)(fillxfill) sim={state=always_hidden adjust=resize} ty=BASE_APPLICATION fmt=TRANSLUCENT wanim=0x1030309
10-08 23:55:52.425  6299  6299 I ViewRootImpl@fcd878c[MainActivity]:   fl=85810100
10-08 23:55:52.425  6299  6299 I ViewRootImpl@fcd878c[MainActivity]:   pfl=12020040
10-08 23:55:52.425  6299  6299 I ViewRootImpl@fcd878c[MainActivity]:   vsysui=500
10-08 23:55:52.425  6299  6299 I ViewRootImpl@fcd878c[MainActivity]:   bhv=DEFAULT
10-08 23:55:52.425  6299  6299 I ViewRootImpl@fcd878c[MainActivity]:   fitSides= naviIconColor=0}
10-08 23:55:52.433  6299  6299 I ViewRootImpl@fcd878c[MainActivity]: updateBlastSurfaceIfNeeded mBlastBufferQueue=0x7b41978900 isSameSurfaceControl=true
10-08 23:55:52.434  6299  6299 I BLASTBufferQueue: update, w= 1080 h= 2400 mName = ViewRootImpl@fcd878c[MainActivity] mNativeObject= 0x7b41978900 sc.mNativeObject= 0x7b0e626a60 format= -3 caller= android.view.ViewRootImpl.updateBlastSurfaceIfNeeded:2898 android.view.ViewRootImpl.relayoutWindow:9847 android.view.ViewRootImpl.performTraversals:3884 android.view.ViewRootImpl.doTraversal:3116 android.view.ViewRootImpl$TraversalRunnable.run:10885 android.view.Choreographer$CallbackRecord.run:1301 
10-08 23:55:52.434  6299  6299 I ViewRootImpl@fcd878c[MainActivity]: Relayout returned: old=(0,0,1080,2400) new=(0,0,1080,2400) req=(1080,2400)0 dur=8 res=0x0 s={true 0x7b5fd66800} ch=false seqId=0
10-08 23:55:52.434  6299  6299 I ViewRootImpl@fcd878c[MainActivity]: updateBoundsLayer: t = android.view.SurfaceControl$Transaction@c09d0f6 sc = Surface(name=Bounds for - com.lagradost.cloudstream3/com.lagradost.cloudstream3.MainActivity@0)/@0x21d1cf7 frame = 724
10-08 23:55:52.434  6299  6299 I ViewRootImpl@fcd878c[MainActivity]: mWNT: t=0x7b5ff5c300 mBlastBufferQueue=0x7b41978900 fn= 724 caller= android.view.ViewRootImpl.prepareSurfaces:2985 android.view.ViewRootImpl.performTraversals:4233 android.view.ViewRootImpl.doTraversal:3116 
10-08 23:55:52.435  6299  6299 W View    : requestLayout() improperly called by android.widget.FrameLayout{7648176 I.E..V... ......I. 0,0-0,0 #7f0a04e7 app:id/start_panel} during layout: running second layout pass
10-08 23:55:52.435  6299  6299 W View    : requestLayout() improperly called by android.widget.FrameLayout{c814377 I.E..V... ......ID 1080,0-1080,2143 #7f0a0168 app:id/end_panel} during layout: running second layout pass
10-08 23:55:52.437  6299  6299 D SurfaceView@84c27b5: updateSurface: has no frame
10-08 23:55:52.443  6299  6427 I ViewRootImpl@fcd878c[MainActivity]: mWNT: t=0x7b220bf700 mBlastBufferQueue=0x7b41978900 fn= 724 caller= android.view.ViewRootImpl.lambda$applyTransactionOnDraw$11$android-view-ViewRootImpl:12865 android.view.ViewRootImpl$$ExternalSyntheticLambda1.onFrameDraw:4 android.graphics.HardwareRenderer$FrameDrawingCallback.onFrameDraw:924 
10-08 23:55:52.446  6299  6299 D SurfaceView@84c27b5: updateSurface: has no frame
10-08 23:55:52.468  6299  6299 D SurfaceView@84c27b5: updateSurface: has no frame
10-08 23:55:52.492  6299  6299 D SurfaceView@84c27b5: updateSurface: has no frame
10-08 23:55:52.514  6299  6299 D SurfaceView@84c27b5: updateSurface: has no frame
10-08 23:55:52.528  6299  6299 D SurfaceView@84c27b5: updateSurface: has no frame
10-08 23:55:52.540  6299  6299 D SurfaceView@84c27b5: updateSurface: has no frame
10-08 23:55:52.552  6299  6299 D SurfaceView@84c27b5: updateSurface: has no frame
10-08 23:55:52.566  6299  6299 D SurfaceView@84c27b5: updateSurface: has no frame
10-08 23:55:52.583  6299  6299 D SurfaceView@84c27b5: updateSurface: has no frame
10-08 23:55:52.604  6299  6299 D SurfaceView@84c27b5: updateSurface: has no frame
10-08 23:55:52.616  6299  6299 D SurfaceView@84c27b5: updateSurface: has no frame
10-08 23:55:52.633  6299  6299 D SurfaceView@84c27b5: updateSurface: has no frame
10-08 23:55:52.650  6299  6299 D SurfaceView@84c27b5: updateSurface: has no frame
10-08 23:55:52.666  6299  6299 D SurfaceView@84c27b5: updateSurface: has no frame
10-08 23:55:52.683  6299  6299 D SurfaceView@84c27b5: updateSurface: has no frame
10-08 23:55:52.700  6299  6299 D SurfaceView@84c27b5: updateSurface: has no frame
10-08 23:55:52.716  6299  6299 D SurfaceView@84c27b5: updateSurface: has no frame
10-08 23:55:52.733  6299  6299 D SurfaceView@84c27b5: updateSurface: has no frame
10-08 23:55:52.750  6299  6299 D SurfaceView@84c27b5: updateSurface: has no frame
10-08 23:55:52.766  6299  6299 D SurfaceView@84c27b5: updateSurface: has no frame
10-08 23:55:52.783  6299  6299 D SurfaceView@84c27b5: updateSurface: has no frame
10-08 23:55:52.800  6299  6299 D SurfaceView@84c27b5: updateSurface: has no frame
10-08 23:55:52.816  6299  6299 D SurfaceView@84c27b5: updateSurface: has no frame
10-08 23:55:52.833  6299  6299 D SurfaceView@84c27b5: updateSurface: has no frame
10-08 23:55:52.849  6299  6299 D SurfaceView@84c27b5: updateSurface: has no frame
10-08 23:55:52.851  6299  6379 I RVM2    : applyMeta
10-08 23:55:52.859  6299  6299 W PanelsChildGestureRegionObserver: failed to register view with ID 2131362800. already registered
10-08 23:55:52.862  6299  6299 E CoilImgLoader: Error loading image: coil3.request.NullRequestDataException: The request's data is null.
10-08 23:55:52.868  6299  6299 E CoilImgLoader: Error loading image: coil3.request.NullRequestDataException: The request's data is null.
10-08 23:55:52.909  6299  6383 I SYNCVM  : addFromUrl = https://tv6.egydead.live/%d9%85%d8%b4%d8%a7%d9%87%d8%af%d8%a9-%d9%81%d9%8a%d9%84%d9%85-maintenance-required-2025-%d9%85%d8%aa%d8%b1%d8%ac%d9%85/
10-08 23:55:52.909  6299  6383 I SYNCUTIL: getIdsFromUrl https://tv6.egydead.live/%d9%85%d8%b4%d8%a7%d9%87%d8%af%d8%a9-%d9%81%d9%8a%d9%84%d9%85-maintenance-required-2025-%d9%85%d8%aa%d8%b1%d8%ac%d9%85/
10-08 23:55:52.925  6299  6299 D SurfaceView@84c27b5: updateSurface: has no frame
10-08 23:55:52.926  6299  6299 I SurfaceView@84c27b5: Changes: creating=true format=true size=true visible=true alpha=false hint=false mUseAlpha=false visible=true left=true top=true
10-08 23:55:52.928  6299  6299 I BLASTBufferQueue: update, w= 1080 h= 525 mName = null mNativeObject= 0x7b34924000 sc.mNativeObject= 0x7b0e7262c0 format= 4 caller= android.view.SurfaceView.createBlastSurfaceControls:1383 android.view.SurfaceView.updateSurface:1079 android.view.SurfaceView.lambda$new$0$android-view-SurfaceView:200 android.view.SurfaceView$$ExternalSyntheticLambda5.onPreDraw:2 android.view.ViewTreeObserver.dispatchOnPreDraw:1121 android.view.ViewRootImpl.performTraversals:4442 
10-08 23:55:52.929  6299  6299 I SurfaceView@84c27b5: 139208629 Cur surface: Surface(name=null)/@0xacfb89f
10-08 23:55:52.929  6299  6299 I SurfaceView@84c27b5: pST: sr = Rect(0, 218 - 1080, 743) sw = 1080 sh = 525
10-08 23:55:52.929  6299  6299 D SurfaceView@84c27b5: performSurfaceTransaction RenderWorker position = [0, 218, 1080, 743] surfaceSize = 1080x525
10-08 23:55:52.929  6299  6299 I SurfaceView@84c27b5: applyTransactionOnVriDraw: vri = ViewRootImpl@fcd878c[MainActivity] fRS = false t = 0x7b7afe7000 android.view.SurfaceView.performSurfaceTransaction:959 android.view.SurfaceView.updateSurface:1105 android.view.SurfaceView.lambda$new$0$android-view-SurfaceView:200 
10-08 23:55:52.929  6299  6299 I ViewRootImpl@fcd878c[MainActivity]: applyTransactionOnDraw: mRemoved = false isHardwareEnabled = true t = 0x7b7afe7000android.view.SurfaceView.applyTransactionOnVriDraw:2048 android.view.SurfaceView.performSurfaceTransaction:959 android.view.SurfaceView.updateSurface:1105 android.view.SurfaceView.lambda$new$0$android-view-SurfaceView:200 android.view.SurfaceView$$ExternalSyntheticLambda5.onPreDraw:2 
10-08 23:55:52.929  6299  6299 I SurfaceView@84c27b5: updateSurface: mVisible = true mSurface.isValid() = true
10-08 23:55:52.929  6299  6299 I SurfaceView@84c27b5: updateSurface: mSurfaceCreated = false surfaceChanged = true visibleChanged = true
10-08 23:55:52.930  6299  6299 I SurfaceView@84c27b5: visibleChanged -- surfaceCreated
10-08 23:55:52.930  6299  6299 I SurfaceView@84c27b5: surfaceCreated 0 #8 android.view.SurfaceView{84c27b5 V.E..V... ......ID 0,0-1080,525}
10-08 23:55:52.930  6299  6299 I SurfaceView@84c27b5: surfaceChanged -- format=4 w=1080 h=525
10-08 23:55:52.930  6299  6299 I SurfaceView@84c27b5: surfaceChanged (1080,525) 0 #8 android.view.SurfaceView{84c27b5 V.E..V... ......ID 0,0-1080,525}
10-08 23:55:52.930  6299  6299 I SurfaceView@84c27b5: surfaceRedrawNeeded
10-08 23:55:52.930  6299  6299 V SurfaceView@84c27b5: Layout: x=0 y=218 w=1080 h=525, frame=Rect(0, 0 - 1080, 525)
10-08 23:55:52.942  6299  6426 D SurfaceView@84c27b5: updateSurfacePosition RenderWorker, frameNr = 749, position = [0, 218, 1080, 743] surfaceSize = 1080x525
10-08 23:55:52.942  6299  6426 I SurfaceView@84c27b5: uSP: rtp = Rect(0, 218 - 1080, 743) rtsw = 1080 rtsh = 525
10-08 23:55:52.942  6299  6426 I SurfaceView@84c27b5: onSSPAndSRT: pl = 0 pt = 218 sx = 1.0 sy = 1.0
10-08 23:55:52.942  6299  6426 I SurfaceView@84c27b5: aOrMT: ViewRootImpl@fcd878c[MainActivity] t = android.view.SurfaceControl$Transaction@b828b16 fN = 749 android.view.SurfaceView.-$$Nest$mapplyOrMergeTransaction:0 android.view.SurfaceView$SurfaceViewPositionUpdateListener.positionChanged:1537 android.graphics.RenderNode$CompositePositionUpdateListener.positionChanged:373 
10-08 23:55:52.943  6299  6426 I ViewRootImpl@fcd878c[MainActivity]: mWNT: t=0x7b345f0100 mBlastBufferQueue=0x7b41978900 fn= 749 caller= android.view.SurfaceView.applyOrMergeTransaction:1455 android.view.SurfaceView.-$$Nest$mapplyOrMergeTransaction:0 android.view.SurfaceView$SurfaceViewPositionUpdateListener.positionChanged:1537 
10-08 23:55:52.943  6299  6426 I ViewRootImpl@fcd878c[MainActivity]: mWNT: t=0x7b7afe7000 mBlastBufferQueue=0x7b41978900 fn= 749 caller= android.view.ViewRootImpl.lambda$applyTransactionOnDraw$11$android-view-ViewRootImpl:12865 android.view.ViewRootImpl$$ExternalSyntheticLambda1.onFrameDraw:4 android.graphics.HardwareRenderer$FrameDrawingCallback.onFrameDraw:924 
10-08 23:55:52.960  6299  6299 I SurfaceView@84c27b5: finishedDrawing
10-08 23:55:53.823  6299  6299 I ViewRootImpl@fcd878c[MainActivity]: ViewPostIme pointer 0
10-08 23:55:54.353  6299  6299 I Dialog  : mIsDeviceDefault = false, mIsSamsungBasicInteraction = false, isMetaDataInActivity = false
10-08 23:55:54.393  6299  6299 I DecorView: [INFO] isPopOver=false config=false
10-08 23:55:54.393  6299  6299 I DecorView: updateCaptionType: isFloating=false isApplication=true hasWindowDecorCaption=false this=DecorView@e736ee4[]
10-08 23:55:54.393  6299  6299 D DecorView: setCaptionType = 0, this = DecorView@e736ee4[]
10-08 23:55:54.397  6299  6299 I DecorView: getCurrentDensityDpi: from app context. densityDpi=420 msg=resources_loaded
10-08 23:55:54.397  6299  6299 I DecorView: setWindowBackground: isPopOver=false color=0 d=android.graphics.drawable.ColorDrawable@631ba02
10-08 23:55:54.410  6299  6348 D NativeCustomFrequencyManager: [NativeCFMS] BpCustomFrequencyManager::BpCustomFrequencyManager()
10-08 23:55:54.411  6299  6299 I DecorView: notifyKeepScreenOnChanged: keepScreenOn=false
10-08 23:55:54.429  6299  6299 D InsetsController: onStateChanged: InsetsState: {mDisplayFrame=Rect(0, 0 - 1080, 2400), mDisplayCutout=DisplayCutout{insets=Rect(0, 88 - 0, 0) waterfall=Insets{left=0, top=0, right=0, bottom=0} boundingRect={Bounds=[Rect(0, 0 - 0, 0), Rect(512, 0 - 568, 88), Rect(0, 0 - 0, 0), Rect(0, 0 - 0, 0)]} cutoutPathParserInfo={CutoutPathParserInfo{displayWidth=1080 displayHeight=2400 physicalDisplayWidth=1080 physicalDisplayHeight=2400 density={2.625} cutoutSpec={M 0,0 M 0,12.25101276465640 a 10.60613009248640,10.60613009248640 0 1,0 0,21.21226018497290 a 10.60613009248640,10.60613009248640 0 1,0 0,-21.21226018497290 Z @dp} rotation={0} scale={1.0} physicalPixelDisplaySizeRatio={1.0}}}}, mRoundedCorners=RoundedCorners{[RoundedCorner{position=TopLeft, radius=84, center=Point(84, 84)}, RoundedCorner{position=TopRight, radius=84, center=Point(996, 84)}, RoundedCorner{position=BottomRight, radius=84, center=Point(996, 2316)}, RoundedCorner{position=BottomLeft, radius=84, center=Point(84, 2316)}]}  mRoundedCornerFrame=Rect(0, 0 - 1080, 2400), mPrivacyIndicatorBounds=PrivacyIndicatorBounds {static bounds=Rect(964, 0 - 1080, 87) rotation=0}, mSources= { InsetsSource: {mType=ITYPE_STATUS_BAR, mFrame=[0,0][1080,88], mVisible=true, mInsetsRoundedCornerFrame=false}, InsetsSource: {mType=ITYPE_NAVIGATION_BAR, mFrame=[0,2361][1080,2400], mVisible=true, mInsetsRoundedCornerFrame=false}, InsetsSource: {mType=ITYPE_LEFT_GESTURES, mFrame=[0,0][130,2400], mVisible=true, mInsetsRoundedCornerFrame=false}, InsetsSource: {mType=ITYPE_RIGHT_GESTURES, mFrame=[950,0][1080,2400], mVisible=true, mInsetsRoundedCornerFrame=false}, InsetsSource: {mType=ITYPE_TOP_MANDATORY_GESTURES, mFrame=[0,0][1080,120], mVisible=true, mInsetsRoundedCornerFrame=false}, InsetsSource: {mType=ITYPE_BOTTOM_MANDATORY_GESTURES, mFrame=[0,2316][1080,2400], mVisible=true, mInsetsRoundedCornerFrame=false}, InsetsSource: {mType=ITYPE_LEFT_DISPLAY_CUTOUT, mFrame=[0,0][-100000,2400], mVisible=true, mInsetsRoundedCornerFrame=false}, InsetsSource: {mType=ITYPE_TOP_DISPLAY_CUTOUT, mFrame=[0,0][1080,88], mVisible=true, mInsetsRoundedCornerFrame=false}, InsetsSource: {mType=ITYPE_RIGHT_DISPLAY_CUTOUT, mFrame=[100000,0][1080,2400], mVisible=true, mInsetsRoundedCornerFrame=false}, InsetsSource: {mType=ITYPE_BOTTOM_DISPLAY_CUTOUT, mFrame=[0,100000][1080,2400], mVisible=true, mInsetsRoundedCornerFrame=false}, InsetsSource: {mType=ITYPE_TOP_TAPPABLE_ELEMENT, mFrame=[0,0][1080,88], mVisible=true, mInsetsRoundedCornerFrame=false}, InsetsSource: {mType=ITYPE_BOTTOM_TAPPABLE_ELEMENT, mFrame=[0,0][0,0], mVisible=true, mInsetsRoundedCornerFrame=false}, InsetsSource: {mType=ITYPE_IME, mFrame=[0,0][0,0], mVisibleFrame=[0,1409][1080,2400], mVisible=false, mInsetsRoundedCornerFrame=false} } host=com.lagradost.cloudstream3/com.lagradost.cloudstream3.MainActivity from=android.view.ViewRootImpl.setView:1732
10-08 23:55:54.431  6299  6299 I ViewRootImpl@dbb3d8b[MainActivity]: setView = com.android.internal.policy.DecorView@e736ee4 TM=true
10-08 23:55:54.455  6299  6299 I ViewRootImpl@dbb3d8b[MainActivity]: performTraversals params={(0,0)(fillxfill) gr=CENTER sim={adjust=resize forwardNavigation} ty=APPLICATION fmt=TRANSPARENT wanim=0x7f14000b
10-08 23:55:54.455  6299  6299 I ViewRootImpl@dbb3d8b[MainActivity]:   fl=85810100
10-08 23:55:54.455  6299  6299 I ViewRootImpl@dbb3d8b[MainActivity]:   pfl=12020040
10-08 23:55:54.455  6299  6299 I ViewRootImpl@dbb3d8b[MainActivity]:   vsysui=500
10-08 23:55:54.455  6299  6299 I ViewRootImpl@dbb3d8b[MainActivity]:   bhv=DEFAULT
10-08 23:55:54.455  6299  6299 I ViewRootImpl@dbb3d8b[MainActivity]:   fitSides= naviIconColor=0}
10-08 23:55:54.456  6299  6299 I ViewRootImpl@dbb3d8b[MainActivity]: performTraversals mFirst=true windowShouldResize=true viewVisibilityChanged=false mForceNextWindowRelayout=false params={(0,0)(fillxfill) gr=CENTER sim={adjust=resize forwardNavigation} ty=APPLICATION fmt=TRANSPARENT wanim=0x7f14000b
10-08 23:55:54.456  6299  6299 I ViewRootImpl@dbb3d8b[MainActivity]:   fl=85810100
10-08 23:55:54.456  6299  6299 I ViewRootImpl@dbb3d8b[MainActivity]:   pfl=12020040
10-08 23:55:54.456  6299  6299 I ViewRootImpl@dbb3d8b[MainActivity]:   vsysui=500
10-08 23:55:54.456  6299  6299 I ViewRootImpl@dbb3d8b[MainActivity]:   bhv=DEFAULT
10-08 23:55:54.456  6299  6299 I ViewRootImpl@dbb3d8b[MainActivity]:   fitSides= naviIconColor=0}
10-08 23:55:54.470  6299  6299 I ViewRootImpl@dbb3d8b[MainActivity]: updateBlastSurfaceIfNeeded mBlastBufferQueue=null isSameSurfaceControl=false
10-08 23:55:54.471  6299  6299 I BLASTBufferQueue: new BLASTBufferQueue, mName= ViewRootImpl@dbb3d8b[MainActivity] mNativeObject= 0x7b21f22b00 sc.mNativeObject= 0x7b0e728340 caller= android.view.ViewRootImpl.updateBlastSurfaceIfNeeded:2909 android.view.ViewRootImpl.relayoutWindow:9847 android.view.ViewRootImpl.performTraversals:3884 android.view.ViewRootImpl.doTraversal:3116 android.view.ViewRootImpl$TraversalRunnable.run:10885 android.view.Choreographer$CallbackRecord.run:1301 android.view.Choreographer$CallbackRecord.run:1309 android.view.Choreographer.doCallbacks:923 android.view.Choreographer.doFrame:852 android.view.Choreographer$FrameDisplayEventReceiver.run:1283 
10-08 23:55:54.472  6299  6299 I BLASTBufferQueue: update, w= 1080 h= 2400 mName = ViewRootImpl@dbb3d8b[MainActivity] mNativeObject= 0x7b21f22b00 sc.mNativeObject= 0x7b0e728340 format= -2 caller= android.graphics.BLASTBufferQueue.<init>:84 android.view.ViewRootImpl.updateBlastSurfaceIfNeeded:2909 android.view.ViewRootImpl.relayoutWindow:9847 android.view.ViewRootImpl.performTraversals:3884 android.view.ViewRootImpl.doTraversal:3116 android.view.ViewRootImpl$TraversalRunnable.run:10885 
10-08 23:55:54.473  6299  6299 I ViewRootImpl@dbb3d8b[MainActivity]: Relayout returned: old=(0,0,1080,2400) new=(0,0,1080,2400) req=(1080,2400)0 dur=14 res=0x3 s={true 0x7b7ae6c000} ch=true seqId=0
10-08 23:55:54.474  6299  6299 I ViewRootImpl@dbb3d8b[MainActivity]: mThreadedRenderer.initialize() mSurface={isValid=true 0x7b7ae6c000} hwInitialized=true
10-08 23:55:54.475  6299  6348 D OpenGLRenderer: eglCreateWindowSurface
10-08 23:55:54.505  6299  6299 D AbsListView:  in onLayout changed 
10-08 23:55:54.507  6299  6299 I ViewRootImpl@dbb3d8b[MainActivity]: reportNextDraw android.view.ViewRootImpl.performTraversals:4438 android.view.ViewRootImpl.doTraversal:3116 android.view.ViewRootImpl$TraversalRunnable.run:10885 android.view.Choreographer$CallbackRecord.run:1301 android.view.Choreographer$CallbackRecord.run:1309 
10-08 23:55:54.507  6299  6299 I ViewRootImpl@dbb3d8b[MainActivity]: Setup new sync id=0
10-08 23:55:54.507  6299  6299 I ViewRootImpl@dbb3d8b[MainActivity]: Setting syncFrameCallback
10-08 23:55:54.507  6299  6299 I ViewRootImpl@dbb3d8b[MainActivity]: registerCallbacksForSync syncBuffer=false
10-08 23:55:54.511  6299  6427 I ViewRootImpl@dbb3d8b[MainActivity]: Received frameDrawingCallback syncResult=0 frameNum=1.
10-08 23:55:54.511  6299  6427 I ViewRootImpl@dbb3d8b[MainActivity]: Setting up sync and frameCommitCallback
10-08 23:55:54.518  6299  6348 I BLASTBufferQueue: [ViewRootImpl@dbb3d8b[MainActivity]#9](f:0,a:0) onFrameAvailable the first frame is available
10-08 23:55:54.519  6299  6348 I ViewRootImpl@dbb3d8b[MainActivity]: Received frameCommittedCallback lastAttemptedDrawFrameNum=1 didProduceBuffer=true
10-08 23:55:54.522  6299  6348 D OpenGLRenderer: CFMS:: SetUp Pid : 6299    Tid : 6348
10-08 23:55:54.525  6299  6299 I ViewRootImpl@dbb3d8b[MainActivity]: onSyncComplete
10-08 23:55:54.526  6299  6299 I ViewRootImpl@dbb3d8b[MainActivity]: setupSync seqId=0 mSyncId=0 fn=1 caller=android.view.ViewRootImpl$$ExternalSyntheticLambda11.accept:6 android.window.SurfaceSyncer.lambda$setupSync$1$android-window-SurfaceSyncer:128 android.window.SurfaceSyncer$$ExternalSyntheticLambda1.accept:8 android.window.SurfaceSyncer$SyncSet.checkIfSyncIsComplete:382 android.window.SurfaceSyncer$SyncSet.markSyncReady:359 android.window.SurfaceSyncer.markSyncReady:151 android.view.ViewRootImpl.performTraversals:4503 
10-08 23:55:54.526  6299  6299 I ViewRootImpl@dbb3d8b[MainActivity]: reportDrawFinished seqId=0 mSyncId=-1 fn=1 mSurfaceChangedTransaction=0x7b21dcd700
10-08 23:55:54.529  6299  6299 I ViewRootImpl@fcd878c[MainActivity]: MSG_WINDOW_FOCUS_CHANGED 0 0
10-08 23:55:54.586  6299  6299 I ViewRootImpl@dbb3d8b[MainActivity]: MSG_WINDOW_FOCUS_CHANGED 1 0
10-08 23:55:54.586  6299  6299 I ViewRootImpl@dbb3d8b[MainActivity]: mThreadedRenderer.initializeIfNeeded()#2 mSurface={isValid=true 0x7b7ae6c000}
10-08 23:55:54.587  6299  6299 D InputMethodManager: startInputInner - Id : 0
10-08 23:55:54.587  6299  6299 I InputMethodManager: startInputInner - mService.startInputOrWindowGainedFocus
10-08 23:55:54.596  6299  6299 I ViewRootImpl@fcd878c[MainActivity]: ViewPostIme pointer 1
10-08 23:55:55.467  6299  6299 I ViewRootImpl@dbb3d8b[MainActivity]: ViewPostIme pointer 0
10-08 23:55:55.524  6299  6299 I ViewRootImpl@dbb3d8b[MainActivity]: ViewPostIme pointer 1
10-08 23:55:55.525  6299  6299 D AbsListView: onTouchUp() mTouchMode : 0
10-08 23:55:55.599  6299  6381 D EgyDead : Loading links for URL: https://tv6.egydead.live/%d9%85%d8%b4%d8%a7%d9%87%d8%af%d8%a9-%d9%81%d9%8a%d9%84%d9%85-maintenance-required-2025-%d9%85%d8%aa%d8%b1%d8%ac%d9%85/
10-08 23:55:55.601  6299  6299 I MSHandlerLifeCycle: removeMultiSplitHandler: no exist. decor=DecorView@e736ee4[MainActivity]
10-08 23:55:55.606  6299  6348 D OpenGLRenderer: setSurface called with nullptr
10-08 23:55:55.606  6299  6348 D OpenGLRenderer: setSurface() destroyed EGLSurface
10-08 23:55:55.606  6299  6348 D OpenGLRenderer: destroyEglSurface
10-08 23:55:55.608  6299  6348 D OpenGLRenderer: endAllActiveAnimators on 0x7b0e84bd00 (MaterialTextView) with handle 0x7b34540580
10-08 23:55:55.608  6299  6299 I ViewRootImpl@dbb3d8b[MainActivity]: dispatchDetachedFromWindow
10-08 23:55:55.631  6299  6299 D InputTransport: Input channel destroyed: '2ccf8c6', fd=166
10-08 23:55:55.634  6299  6299 I Dialog  : mIsDeviceDefault = false, mIsSamsungBasicInteraction = false, isMetaDataInActivity = false
10-08 23:55:55.673  6299  6299 I DecorView: [INFO] isPopOver=false config=false
10-08 23:55:55.673  6299  6299 I DecorView: updateCaptionType: isFloating=false isApplication=true hasWindowDecorCaption=false this=DecorView@f53466a[]
10-08 23:55:55.673  6299  6299 D DecorView: setCaptionType = 0, this = DecorView@f53466a[]
10-08 23:55:55.675  6299  6299 I DecorView: getCurrentDensityDpi: from app context. densityDpi=420 msg=resources_loaded
10-08 23:55:55.675  6299  6299 I DecorView: setWindowBackground: isPopOver=false color=0 d=android.graphics.drawable.ColorDrawable@873bbf8
10-08 23:55:55.682  6299  6348 D NativeCustomFrequencyManager: [NativeCFMS] BpCustomFrequencyManager::BpCustomFrequencyManager()
10-08 23:55:55.683  6299  6299 I DecorView: notifyKeepScreenOnChanged: keepScreenOn=false
10-08 23:55:55.692  6299  6299 D InsetsController: onStateChanged: InsetsState: {mDisplayFrame=Rect(0, 0 - 1080, 2400), mDisplayCutout=DisplayCutout{insets=Rect(0, 88 - 0, 0) waterfall=Insets{left=0, top=0, right=0, bottom=0} boundingRect={Bounds=[Rect(0, 0 - 0, 0), Rect(512, 0 - 568, 88), Rect(0, 0 - 0, 0), Rect(0, 0 - 0, 0)]} cutoutPathParserInfo={CutoutPathParserInfo{displayWidth=1080 displayHeight=2400 physicalDisplayWidth=1080 physicalDisplayHeight=2400 density={2.625} cutoutSpec={M 0,0 M 0,12.25101276465640 a 10.60613009248640,10.60613009248640 0 1,0 0,21.21226018497290 a 10.60613009248640,10.60613009248640 0 1,0 0,-21.21226018497290 Z @dp} rotation={0} scale={1.0} physicalPixelDisplaySizeRatio={1.0}}}}, mRoundedCorners=RoundedCorners{[RoundedCorner{position=TopLeft, radius=84, center=Point(84, 84)}, RoundedCorner{position=TopRight, radius=84, center=Point(996, 84)}, RoundedCorner{position=BottomRight, radius=84, center=Point(996, 2316)}, RoundedCorner{position=BottomLeft, radius=84, center=Point(84, 2316)}]}  mRoundedCornerFrame=Rect(0, 0 - 1080, 2400), mPrivacyIndicatorBounds=PrivacyIndicatorBounds {static bounds=Rect(964, 0 - 1080, 87) rotation=0}, mSources= { InsetsSource: {mType=ITYPE_STATUS_BAR, mFrame=[0,0][1080,88], mVisible=true, mInsetsRoundedCornerFrame=false}, InsetsSource: {mType=ITYPE_NAVIGATION_BAR, mFrame=[0,2361][1080,2400], mVisible=true, mInsetsRoundedCornerFrame=false}, InsetsSource: {mType=ITYPE_LEFT_GESTURES, mFrame=[0,0][130,2400], mVisible=true, mInsetsRoundedCornerFrame=false}, InsetsSource: {mType=ITYPE_RIGHT_GESTURES, mFrame=[950,0][1080,2400], mVisible=true, mInsetsRoundedCornerFrame=false}, InsetsSource: {mType=ITYPE_TOP_MANDATORY_GESTURES, mFrame=[0,0][1080,120], mVisible=true, mInsetsRoundedCornerFrame=false}, InsetsSource: {mType=ITYPE_BOTTOM_MANDATORY_GESTURES, mFrame=[0,2316][1080,2400], mVisible=true, mInsetsRoundedCornerFrame=false}, InsetsSource: {mType=ITYPE_LEFT_DISPLAY_CUTOUT, mFrame=[0,0][-100000,2400], mVisible=true, mInsetsRoundedCornerFrame=false}, InsetsSource: {mType=ITYPE_TOP_DISPLAY_CUTOUT, mFrame=[0,0][1080,88], mVisible=true, mInsetsRoundedCornerFrame=false}, InsetsSource: {mType=ITYPE_RIGHT_DISPLAY_CUTOUT, mFrame=[100000,0][1080,2400], mVisible=true, mInsetsRoundedCornerFrame=false}, InsetsSource: {mType=ITYPE_BOTTOM_DISPLAY_CUTOUT, mFrame=[0,100000][1080,2400], mVisible=true, mInsetsRoundedCornerFrame=false}, InsetsSource: {mType=ITYPE_TOP_TAPPABLE_ELEMENT, mFrame=[0,0][1080,88], mVisible=true, mInsetsRoundedCornerFrame=false}, InsetsSource: {mType=ITYPE_BOTTOM_TAPPABLE_ELEMENT, mFrame=[0,0][0,0], mVisible=true, mInsetsRoundedCornerFrame=false}, InsetsSource: {mType=ITYPE_IME, mFrame=[0,0][0,0], mVisibleFrame=[0,1409][1080,2400], mVisible=false, mInsetsRoundedCornerFrame=false} } host=com.lagradost.cloudstream3/com.lagradost.cloudstream3.MainActivity from=android.view.ViewRootImpl.setView:1732
10-08 23:55:55.693  6299  6299 I ViewRootImpl@d6ec109[MainActivity]: setView = com.android.internal.policy.DecorView@f53466a TM=true
10-08 23:55:55.696  6299  6299 D InsetsController: onStateChanged: InsetsState: {mDisplayFrame=Rect(0, 0 - 1080, 2400), mDisplayCutout=DisplayCutout{insets=Rect(0, 88 - 0, 0) waterfall=Insets{left=0, top=0, right=0, bottom=0} boundingRect={Bounds=[Rect(0, 0 - 0, 0), Rect(512, 0 - 568, 88), Rect(0, 0 - 0, 0), Rect(0, 0 - 0, 0)]} cutoutPathParserInfo={CutoutPathParserInfo{displayWidth=1080 displayHeight=2400 physicalDisplayWidth=1080 physicalDisplayHeight=2400 density={2.625} cutoutSpec={M 0,0 M 0,12.25101276465640 a 10.60613009248640,10.60613009248640 0 1,0 0,21.21226018497290 a 10.60613009248640,10.60613009248640 0 1,0 0,-21.21226018497290 Z @dp} rotation={0} scale={1.0} physicalPixelDisplaySizeRatio={1.0}}}}, mRoundedCorners=RoundedCorners{[RoundedCorner{position=TopLeft, radius=84, center=Point(84, 84)}, RoundedCorner{position=TopRight, radius=84, center=Point(996, 84)}, RoundedCorner{position=BottomRight, radius=84, center=Point(996, 2316)}, RoundedCorner{position=BottomLeft, radius=84, center=Point(84, 2316)}]}  mRoundedCornerFrame=Rect(0, 0 - 1080, 2400), mPrivacyIndicatorBounds=PrivacyIndicatorBounds {static bounds=Rect(964, 0 - 1080, 87) rotation=0}, mSources= { InsetsSource: {mType=ITYPE_STATUS_BAR, mFrame=[0,0][1080,88], mVisible=true, mInsetsRoundedCornerFrame=false}, InsetsSource: {mType=ITYPE_NAVIGATION_BAR, mFrame=[0,2361][1080,2400], mVisible=true, mInsetsRoundedCornerFrame=false}, InsetsSource: {mType=ITYPE_LEFT_GESTURES, mFrame=[0,0][130,2400], mVisible=true, mInsetsRoundedCornerFrame=false}, InsetsSource: {mType=ITYPE_RIGHT_GESTURES, mFrame=[950,0][1080,2400], mVisible=true, mInsetsRoundedCornerFrame=false}, InsetsSource: {mType=ITYPE_TOP_MANDATORY_GESTURES, mFrame=[0,0][1080,120], mVisible=true, mInsetsRoundedCornerFrame=false}, InsetsSource: {mType=ITYPE_BOTTOM_MANDATORY_GESTURES, mFrame=[0,2316][1080,2400], mVisible=true, mInsetsRoundedCornerFrame=false}, InsetsSource: {mType=ITYPE_LEFT_DISPLAY_CUTOUT, mFrame=[0,0][-100000,2400], mVisible=true, mInsetsRoundedCornerFrame=false}, InsetsSource: {mType=ITYPE_TOP_DISPLAY_CUTOUT, mFrame=[0,0][1080,88], mVisible=true, mInsetsRoundedCornerFrame=false}, InsetsSource: {mType=ITYPE_RIGHT_DISPLAY_CUTOUT, mFrame=[100000,0][1080,2400], mVisible=true, mInsetsRoundedCornerFrame=false}, InsetsSource: {mType=ITYPE_BOTTOM_DISPLAY_CUTOUT, mFrame=[0,100000][1080,2400], mVisible=true, mInsetsRoundedCornerFrame=false}, InsetsSource: {mType=ITYPE_TOP_TAPPABLE_ELEMENT, mFrame=[0,0][1080,88], mVisible=true, mInsetsRoundedCornerFrame=false}, InsetsSource: {mType=ITYPE_BOTTOM_TAPPABLE_ELEMENT, mFrame=[0,0][0,0], mVisible=true, mInsetsRoundedCornerFrame=false} } host=com.lagradost.cloudstream3/com.lagradost.cloudstream3.MainActivity from=android.view.ViewRootImpl$ViewRootHandler.handleMessageImpl:6740
10-08 23:55:55.703  6299  6299 I ViewRootImpl@d6ec109[MainActivity]: performTraversals params={(0,0)(fillxfill) gr=CENTER sim={adjust=resize forwardNavigation} ty=APPLICATION fmt=TRANSPARENT wanim=0x7f14000b
10-08 23:55:55.703  6299  6299 I ViewRootImpl@d6ec109[MainActivity]:   fl=85810100
10-08 23:55:55.703  6299  6299 I ViewRootImpl@d6ec109[MainActivity]:   pfl=12020040
10-08 23:55:55.703  6299  6299 I ViewRootImpl@d6ec109[MainActivity]:   vsysui=500
10-08 23:55:55.703  6299  6299 I ViewRootImpl@d6ec109[MainActivity]:   bhv=DEFAULT
10-08 23:55:55.703  6299  6299 I ViewRootImpl@d6ec109[MainActivity]:   fitSides= naviIconColor=0}
10-08 23:55:55.704  6299  6299 I ViewRootImpl@d6ec109[MainActivity]: performTraversals mFirst=true windowShouldResize=true viewVisibilityChanged=false mForceNextWindowRelayout=false params={(0,0)(fillxfill) gr=CENTER sim={adjust=resize forwardNavigation} ty=APPLICATION fmt=TRANSPARENT wanim=0x7f14000b
10-08 23:55:55.704  6299  6299 I ViewRootImpl@d6ec109[MainActivity]:   fl=85810100
10-08 23:55:55.704  6299  6299 I ViewRootImpl@d6ec109[MainActivity]:   pfl=12020040
10-08 23:55:55.704  6299  6299 I ViewRootImpl@d6ec109[MainActivity]:   vsysui=500
10-08 23:55:55.704  6299  6299 I ViewRootImpl@d6ec109[MainActivity]:   bhv=DEFAULT
10-08 23:55:55.704  6299  6299 I ViewRootImpl@d6ec109[MainActivity]:   fitSides= naviIconColor=0}
10-08 23:55:55.718  6299  6299 I ViewRootImpl@d6ec109[MainActivity]: updateBlastSurfaceIfNeeded mBlastBufferQueue=null isSameSurfaceControl=false
10-08 23:55:55.719  6299  6299 I BLASTBufferQueue: new BLASTBufferQueue, mName= ViewRootImpl@d6ec109[MainActivity] mNativeObject= 0x7b220eb100 sc.mNativeObject= 0x7b0e7297e0 caller= android.view.ViewRootImpl.updateBlastSurfaceIfNeeded:2909 android.view.ViewRootImpl.relayoutWindow:9847 android.view.ViewRootImpl.performTraversals:3884 android.view.ViewRootImpl.doTraversal:3116 android.view.ViewRootImpl$TraversalRunnable.run:10885 android.view.Choreographer$CallbackRecord.run:1301 android.view.Choreographer$CallbackRecord.run:1309 android.view.Choreographer.doCallbacks:923 android.view.Choreographer.doFrame:852 android.view.Choreographer$FrameDisplayEventReceiver.run:1283 
10-08 23:55:55.719  6299  6299 I BLASTBufferQueue: update, w= 1080 h= 2400 mName = ViewRootImpl@d6ec109[MainActivity] mNativeObject= 0x7b220eb100 sc.mNativeObject= 0x7b0e7297e0 format= -2 caller= android.graphics.BLASTBufferQueue.<init>:84 android.view.ViewRootImpl.updateBlastSurfaceIfNeeded:2909 android.view.ViewRootImpl.relayoutWindow:9847 android.view.ViewRootImpl.performTraversals:3884 android.view.ViewRootImpl.doTraversal:3116 android.view.ViewRootImpl$TraversalRunnable.run:10885 
10-08 23:55:55.720  6299  6299 I ViewRootImpl@d6ec109[MainActivity]: Relayout returned: old=(0,0,1080,2400) new=(0,0,1080,2400) req=(1080,2400)0 dur=14 res=0x3 s={true 0x7b7ae6c000} ch=true seqId=0
10-08 23:55:55.721  6299  6299 I ViewRootImpl@d6ec109[MainActivity]: mThreadedRenderer.initialize() mSurface={isValid=true 0x7b7ae6c000} hwInitialized=true
10-08 23:55:55.721  6299  6348 D OpenGLRenderer: eglCreateWindowSurface
10-08 23:55:55.724  6299  6299 I ViewRootImpl@d6ec109[MainActivity]: reportNextDraw android.view.ViewRootImpl.performTraversals:4438 android.view.ViewRootImpl.doTraversal:3116 android.view.ViewRootImpl$TraversalRunnable.run:10885 android.view.Choreographer$CallbackRecord.run:1301 android.view.Choreographer$CallbackRecord.run:1309 
10-08 23:55:55.725  6299  6299 I ViewRootImpl@d6ec109[MainActivity]: Setup new sync id=0
10-08 23:55:55.725  6299  6299 I ViewRootImpl@d6ec109[MainActivity]: Setting syncFrameCallback
10-08 23:55:55.725  6299  6299 I ViewRootImpl@d6ec109[MainActivity]: registerCallbacksForSync syncBuffer=false
10-08 23:55:55.727  6299  6426 I ViewRootImpl@d6ec109[MainActivity]: Received frameDrawingCallback syncResult=0 frameNum=1.
10-08 23:55:55.727  6299  6426 I ViewRootImpl@d6ec109[MainActivity]: Setting up sync and frameCommitCallback
10-08 23:55:55.735  6299  6348 I BLASTBufferQueue: [ViewRootImpl@d6ec109[MainActivity]#10](f:0,a:0) onFrameAvailable the first frame is available
10-08 23:55:55.736  6299  6348 I ViewRootImpl@d6ec109[MainActivity]: Received frameCommittedCallback lastAttemptedDrawFrameNum=1 didProduceBuffer=true
10-08 23:55:55.738  6299  6348 D OpenGLRenderer: CFMS:: SetUp Pid : 6299    Tid : 6348
10-08 23:55:55.741  6299  6299 I ViewRootImpl@d6ec109[MainActivity]: onSyncComplete
10-08 23:55:55.741  6299  6299 I ViewRootImpl@d6ec109[MainActivity]: setupSync seqId=0 mSyncId=0 fn=1 caller=android.view.ViewRootImpl$$ExternalSyntheticLambda11.accept:6 android.window.SurfaceSyncer.lambda$setupSync$1$android-window-SurfaceSyncer:128 android.window.SurfaceSyncer$$ExternalSyntheticLambda1.accept:8 android.window.SurfaceSyncer$SyncSet.checkIfSyncIsComplete:382 android.window.SurfaceSyncer$SyncSet.markSyncReady:359 android.window.SurfaceSyncer.markSyncReady:151 android.view.ViewRootImpl.performTraversals:4503 
10-08 23:55:55.742  6299  6299 I ViewRootImpl@d6ec109[MainActivity]: reportDrawFinished seqId=0 mSyncId=-1 fn=1 mSurfaceChangedTransaction=0x7b34756300
10-08 23:55:55.743  6299  6299 I ViewRootImpl@fcd878c[MainActivity]: MSG_WINDOW_FOCUS_CHANGED 0 0
10-08 23:55:55.761  6299  6299 I ViewRootImpl@fcd878c[MainActivity]: MSG_WINDOW_FOCUS_CHANGED 0 0
10-08 23:55:55.808  6299  6299 I ViewRootImpl@d6ec109[MainActivity]: MSG_WINDOW_FOCUS_CHANGED 1 0
10-08 23:55:55.808  6299  6299 I ViewRootImpl@d6ec109[MainActivity]: mThreadedRenderer.initializeIfNeeded()#2 mSurface={isValid=true 0x7b7ae6c000}
10-08 23:55:55.809  6299  6299 D InputMethodManager: startInputInner - Id : 0
10-08 23:55:55.809  6299  6299 I InputMethodManager: startInputInner - mService.startInputOrWindowGainedFocus
10-08 23:55:56.081  6299  6381 D EgyDead : Document title:   Maintenance Required 2025  |  
10-08 23:55:56.082  6299  6381 D EgyDead : Found 6 potential server elements.
10-08 23:55:56.082  6299  6381 D EgyDead : Server data-link 0: https://hglink.to/e/23z0w5ty7n9s
10-08 23:55:56.082  6299  6381 D EgyDead : Server data-link 1: https://forafile.com/embed-zhcm0lv72zfu.html
10-08 23:55:56.082  6299  6381 D EgyDead : Server data-link 2: https://dingtezuni.com/v/5y6i7colin6p
10-08 23:55:56.082  6299  6381 D EgyDead : Server data-link 3: https://mxdrop.to/e/wlw9oox4f68pml
10-08 23:55:56.082  6299  6381 D EgyDead : Server data-link 4: https://dsvplay.com/e/wamg00or3pa1
10-08 23:55:56.082  6299  6381 D EgyDead : Server data-link 5: https://listeamed.net/e/edVqE49bnZ1OYWm
10-08 23:55:56.394  6299  6308 I st.cloudstream3: Background concurrent copying GC freed 17MB AllocSpace bytes, 81(5096KB) LOS objects, 46% free, 28MB/52MB, paused 682us,123us total 246.025ms
10-08 23:55:56.419  6299  6348 D OpenGLRenderer: setSurface called with nullptr
10-08 23:55:56.439  6299  6348 D OpenGLRenderer: setSurface called with nullptr
10-08 23:55:56.440  6299  6310 D InputTransport: Input channel destroyed: 'ClientS', fd=170
10-08 23:55:56.441  6299  6310 D InputTransport: Input channel destroyed: 'ClientS', fd=83
10-08 23:55:56.455  6299  6348 D OpenGLRenderer: setSurface called with nullptr
10-08 23:55:56.456  6299  6310 D InputTransport: Input channel destroyed: 'ClientS', fd=262
10-08 23:55:56.456  6299  6310 D InputTransport: Input channel destroyed: 'ClientS', fd=272
10-08 23:55:56.647  6299  6381 D RepoLink: Loaded ExtractorLink: ExtractorLink(name=MixDrop, url=https://s-delivery46.mxcontent.net/v2/wlw9oox4f68pml.mp4?s=NcKsh626LEru5Vi-JqC6yA&e=1759985757&_t=1759966296, referer=https://mxdrop.to/e/wlw9oox4f68pml, type=VIDEO)
10-08 23:55:56.850  6299  6381 D RepoLink: Loaded ExtractorLink: ExtractorLink(name=Vidguard, url=https://7d6vl6pn43.guardstorage.net/hls_3/eNtaIAYDZpgDKRNFe78wSuqwF1uzZQ5YFuqe_gRdNTq7X_mlyznUzQ4id0HkNAXYYDKuMlbW6JdmC4hPmKozDA/master.m3u8?sig=ZN5X72HeNhy_TkM0DtJy1A&expires=1759973157, referer=https://listeamed.net, type=M3U8)
10-08 23:55:56.878  6299  6381 D RepoLink: Loaded ExtractorLink: ExtractorLink(name=DoodStream, url=https://ws298a.cloudatacdn.com/u5kj6s3tvlb3sdgge62nciixix7dxhltnlscmctiwxn3ldwwmaj6j7kd77oq/z51nfimvns~1N8V71jdpd?token=yj338o09q5d84pn4lsy5s4ih, referer=https://ds2play.com/, type=VIDEO)
10-08 23:55:57.349  6299  6381 D ApiError: -------------------------------------------------------------------
10-08 23:55:57.349  6299  6381 D ApiError: safeApiCall: can't bypass captcha
10-08 23:55:57.349  6299  6381 D ApiError: safeApiCall: can't bypass captcha
10-08 23:55:57.350  6299  6381 W System.err: com.lagradost.cloudstream3.ErrorLoadingException: can't bypass captcha
10-08 23:55:57.351  6299  6381 W System.err: 	at com.lagradost.cloudstream3.extractors.Zorofile.getUrl$suspendImpl(Zorofile.kt:34)
10-08 23:55:57.351  6299  6381 W System.err: 	at com.lagradost.cloudstream3.extractors.Zorofile$getUrl$1.invokeSuspend(Unknown Source:18)
10-08 23:55:57.351  6299  6381 W System.err: 	at kotlin.coroutines.jvm.internal.BaseContinuationImpl.resumeWith(ContinuationImpl.kt:33)
