--------- beginning of main
10-08 21:18:10.219 28335 28335 D InputTransport: Input channel destroyed: '6a555a ', fd=158
10-08 21:18:10.259 28335 28335 I ViewRootImpl@c867560[MainActivity]: MSG_WINDOW_FOCUS_CHANGED 1 0
10-08 21:18:10.260 28335 28335 I ViewRootImpl@c867560[MainActivity]: mThreadedRenderer.initializeIfNeeded()#2 mSurface={isValid=true 0x7bdd469800}
10-08 21:18:10.264 28335 28335 D InputMethodManager: startInputInner - Id : 0
10-08 21:18:10.264 28335 28335 I InputMethodManager: startInputInner - mService.startInputOrWindowGainedFocus
10-08 21:18:10.299 28335 28343 W st.cloudstream3: Cleared Reference was only reachable from finalizer (only reported once)
10-08 21:18:10.362 28335 28343 I st.cloudstream3: NativeAlloc concurrent copying GC freed 21MB AllocSpace bytes, 92(3844KB) LOS objects, 49% free, 16MB/32MB, paused 422us,60us total 210.301ms
10-08 21:18:10.363 28335 28344 D InputTransport: Input channel destroyed: 'ClientS', fd=138
10-08 21:18:10.364 28335 28356 D OpenGLRenderer: setSurface called with nullptr
10-08 21:18:11.178 28335 28335 I ViewRootImpl@c867560[MainActivity]: ViewPostIme pointer 0
10-08 21:18:11.274 28335 28335 I ViewRootImpl@c867560[MainActivity]: ViewPostIme pointer 1
10-08 21:18:11.608 28335 28335 I ViewRootImpl@c867560[MainActivity]: ViewPostIme pointer 0
10-08 21:18:11.707 28335 28335 D WindowOnBackDispatcher: onBackInvoked, viewRoot=ViewRootImpl@3c3f69e[MainActivity], callback=androidx.activity.OnBackPressedDispatcher$Api33Impl$$ExternalSyntheticLambda0@a341d53
10-08 21:18:11.716 28335 28335 I IMM_LC  : hsifw() - flag : 0
10-08 21:18:11.716 28335 28335 I IMM_LC  : hsifw() - mService.hideSoftInput
10-08 21:18:11.725 28335 28335 D ScrollView: initGoToTop
10-08 21:18:11.762 28335 28335 E CoilImgLoader: Error loading image: coil3.request.NullRequestDataException: The request's data is null.
10-08 21:18:11.776 28335 28335 D ScrollView:  onsize change changed 
10-08 21:18:12.276 28335 28335 I ViewRootImpl@c867560[MainActivity]: ViewPostIme pointer 0
10-08 21:18:12.385 28335 28335 D WindowOnBackDispatcher: onBackInvoked, viewRoot=ViewRootImpl@3c3f69e[MainActivity], callback=androidx.activity.OnBackPressedDispatcher$Api33Impl$$ExternalSyntheticLambda0@a341d53
10-08 21:18:12.392 28335 28335 I IMM_LC  : hsifw() - flag : 0
10-08 21:18:12.392 28335 28335 I IMM_LC  : hsifw() - mService.hideSoftInput
10-08 21:18:13.375 28335 28335 I ViewRootImpl@c867560[MainActivity]: ViewPostIme pointer 0
10-08 21:18:13.432 28335 28335 I ViewRootImpl@c867560[MainActivity]: ViewPostIme pointer 1
10-08 21:18:13.443 28335 28335 I IMM_LC  : hsifw() - flag : 0
10-08 21:18:13.443 28335 28335 I IMM_LC  : hsifw() - mService.hideSoftInput
10-08 21:18:13.469 28335 28335 D ScrollView: initGoToTop
10-08 21:18:13.504 28335 28335 E CoilImgLoader: Error loading image: coil3.request.NullRequestDataException: The request's data is null.
10-08 21:18:13.519 28335 28335 D ScrollView:  onsize change changed 
10-08 21:18:14.086 28335 28335 I ViewRootImpl@c867560[MainActivity]: ViewPostIme pointer 0
10-08 21:18:14.151 28335 28335 I ViewRootImpl@c867560[MainActivity]: ViewPostIme pointer 1
10-08 21:18:14.158 28335 28335 I NavComponent: Navigating to fragment: 2131361879
10-08 21:18:14.169 28335 28335 I IMM_LC  : hsifw() - flag : 0
10-08 21:18:14.169 28335 28335 I IMM_LC  : hsifw() - mService.hideSoftInput
10-08 21:18:15.062 28335 28335 I ViewRootImpl@c867560[MainActivity]: ViewPostIme pointer 0
10-08 21:18:15.118 28335 28335 I ViewRootImpl@c867560[MainActivity]: ViewPostIme pointer 1
10-08 21:18:15.152 28335 28335 I IMM_LC  : hsifw() - flag : 0
10-08 21:18:15.152 28335 28335 I IMM_LC  : hsifw() - mService.hideSoftInput
10-08 21:18:15.274 28335 28335 I PLG     : updatePluginList = https://raw.githubusercontent.com/adamwolker21/DZ/refs/heads/master/repo.json
10-08 21:18:15.274 28335 28335 I PLG     : getPlugins = https://raw.githubusercontent.com/adamwolker21/DZ/refs/heads/master/repo.json
10-08 21:18:15.481 28335 28391 D VotingApi: Requesting: https://counterapi.com/api/cs-raw.githubusercontent.com-adamwolker21-DZ/vote/806f9e9bb0fe6eed948cf51910bda7c7a4f4470876514f9eb99299b4b4e46db4?readOnly=true
10-08 21:18:15.976 28335 28335 I ViewRootImpl@c867560[MainActivity]: ViewPostIme pointer 0
10-08 21:18:16.044 28335 28335 I ViewRootImpl@c867560[MainActivity]: ViewPostIme pointer 1
10-08 21:18:16.058 28335 28391 I PLG     : handlePluginAction = https://raw.githubusercontent.com/adamwolker21/DZ/refs/heads/master/repo.json, (https://raw.githubusercontent.com/adamwolker21/DZ/refs/heads/master/repo.json, SitePlugin(url=https://raw.githubusercontent.com/adamwolker21/DZ/builds/EgyDead.cs3, status=1, version=1, apiVersion=1, name=EgyDead, internalName=EgyDead, authors=[adamwolker21], description=EgyDead, repositoryUrl=https://github.com/adamwolker21/DZ, tvTypes=[Movie, TvSeries], language=ar, iconUrl=https://www.faselhds.life/icon-faselplud.png, fileSize=25580)), false
10-08 21:18:16.060 28335 28391 D PluginManager: Downloading plugin: https://raw.githubusercontent.com/adamwolker21/DZ/builds/EgyDead.cs3 to /data/user/0/com.lagradost.cloudstream3/files/Extensions/httpsraw.githubusercontent.comadamwolker21DZrefsheadsmasterrepo.json.-468825824/EgyDead.-124080901.cs3
10-08 21:18:16.344 28335 28391 I PluginManager: Unloading plugin: /data/user/0/com.lagradost.cloudstream3/files/Extensions/httpsraw.githubusercontent.comadamwolker21DZrefsheadsmasterrepo.json.-468825824/EgyDead.-124080901.cs3
10-08 21:18:16.344 28335 28391 W PluginManager: Couldn't find plugin /data/user/0/com.lagradost.cloudstream3/files/Extensions/httpsraw.githubusercontent.comadamwolker21DZrefsheadsmasterrepo.json.-468825824/EgyDead.-124080901.cs3
10-08 21:18:16.345 28335 28391 I PluginManager: Loading plugin: PluginData(internalName=EgyDead, url=https://raw.githubusercontent.com/adamwolker21/DZ/builds/EgyDead.cs3, isOnline=true, filePath=/data/user/0/com.lagradost.cloudstream3/files/Extensions/httpsraw.githubusercontent.comadamwolker21DZrefsheadsmasterrepo.json.-468825824/EgyDead.-124080901.cs3, version=-2147483648)
10-08 21:18:16.402 28335 28391 I PluginInstance: Adding EgyDead (https://tv6.egydead.live) MainAPI
10-08 21:18:16.402 28335 28391 I PluginManager: Loaded plugin EgyDead successfully
10-08 21:18:16.402 28335 28391 I PLG     : getPlugins = https://raw.githubusercontent.com/adamwolker21/DZ/refs/heads/master/repo.json
10-08 21:18:16.403 28335 28335 I COMPACT : showToast = Plugin Loaded
10-08 21:18:16.410 28335 28335 D CompatibilityChangeReporter: Compat change id reported: 147798919; UID 10523; state: ENABLED
10-08 21:18:16.410 28335 28335 E Toast   : setGravity() shouldn't be called on text toasts, the values won't be used
10-08 21:18:16.410 28335 28335 I Toast   : setView: it's a custom toast
10-08 21:18:16.418 28335 28335 V Toast   : show: caller = com.lagradost.cloudstream3.CommonActivity.showToast:175 
10-08 21:18:16.494 28335 28335 V Toast   : HANDLE SHOW: android.widget.Toast$TN@ff82b30 mView=null mNextView=androidx.cardview.widget.CardView{f333a9 V.E..V... ......ID 0,0-0,0 #7f0a0557 app:id/toast_layout_root}
10-08 21:18:16.496 28335 28335 V ToastPresenter: sipHeight = -39
10-08 21:18:16.498 28335 28335 V ToastPresenter: yOffset = 13
10-08 21:18:16.506 28335 28356 D NativeCustomFrequencyManager: [NativeCFMS] BpCustomFrequencyManager::BpCustomFrequencyManager()
10-08 21:18:16.515 28335 28335 D InsetsController: onStateChanged: InsetsState: {mDisplayFrame=Rect(0, 0 - 1080, 2400), mDisplayCutout=DisplayCutout{insets=Rect(0, 88 - 0, 0) waterfall=Insets{left=0, top=0, right=0, bottom=0} boundingRect={Bounds=[Rect(0, 0 - 0, 0), Rect(512, 0 - 568, 88), Rect(0, 0 - 0, 0), Rect(0, 0 - 0, 0)]} cutoutPathParserInfo={CutoutPathParserInfo{displayWidth=1080 displayHeight=2400 physicalDisplayWidth=1080 physicalDisplayHeight=2400 density={2.625} cutoutSpec={M 0,0 M 0,12.25101276465640 a 10.60613009248640,10.60613009248640 0 1,0 0,21.21226018497290 a 10.60613009248640,10.60613009248640 0 1,0 0,-21.21226018497290 Z @dp} rotation={0} scale={1.0} physicalPixelDisplaySizeRatio={1.0}}}}, mRoundedCorners=RoundedCorners{[RoundedCorner{position=TopLeft, radius=84, center=Point(84, 84)}, RoundedCorner{position=TopRight, radius=84, center=Point(996, 84)}, RoundedCorner{position=BottomRight, radius=84, center=Point(996, 2316)}, RoundedCorner{position=BottomLeft, radius=84, center=Point(84, 2316)}]}  mRoundedCornerFrame=Rect(0, 0 - 0, 0), mPrivacyIndicatorBounds=PrivacyIndicatorBounds {static bounds=Rect(964, 0 - 1080, 87) rotation=0}, mSources= { InsetsSource: {mType=ITYPE_NAVIGATION_BAR, mFrame=[0,2361][1080,2400], mVisible=true, mInsetsRoundedCornerFrame=false}, InsetsSource: {mType=ITYPE_LEFT_GESTURES, mFrame=[0,0][130,2400], mVisible=true, mInsetsRoundedCornerFrame=false}, InsetsSource: {mType=ITYPE_RIGHT_GESTURES, mFrame=[950,0][1080,2400], mVisible=true, mInsetsRoundedCornerFrame=false}, InsetsSource: {mType=ITYPE_TOP_MANDATORY_GESTURES, mFrame=[0,0][1080,120], mVisible=true, mInsetsRoundedCornerFrame=false}, InsetsSource: {mType=ITYPE_BOTTOM_MANDATORY_GESTURES, mFrame=[0,2316][1080,2400], mVisible=true, mInsetsRoundedCornerFrame=false}, InsetsSource: {mType=ITYPE_LEFT_DISPLAY_CUTOUT, mFrame=[0,0][-100000,2400], mVisible=true, mInsetsRoundedCornerFrame=false}, InsetsSource: {mType=ITYPE_TOP_DISPLAY_CUTOUT, mFrame=[0,0][1080,88], mVisible=true, mInsetsRoundedCornerFrame=false}, InsetsSource: {mType=ITYPE_RIGHT_DISPLAY_CUTOUT, mFrame=[100000,0][1080,2400], mVisible=true, mInsetsRoundedCornerFrame=false}, InsetsSource: {mType=ITYPE_BOTTOM_DISPLAY_CUTOUT, mFrame=[0,100000][1080,2400], mVisible=true, mInsetsRoundedCornerFrame=false}, InsetsSource: {mType=ITYPE_BOTTOM_TAPPABLE_ELEMENT, mFrame=[0,0][0,0], mVisible=true, mInsetsRoundedCornerFrame=false} } host=Toast from=android.view.ViewRootImpl.setView:1732
10-08 21:18:16.516 28335 28335 I ViewRootImpl@f00ad2e[Toast]: setView = androidx.cardview.widget.CardView@f333a9 TM=true
10-08 21:18:16.526 28335 28335 I ViewRootImpl@f00ad2e[Toast]: performTraversals params={(0,13)(wrapxwrap) gr=BOTTOM CENTER sim={adjust=resize} ty=TOAST fmt=TRANSLUCENT wanim=0x1030004 surfaceInsets=Rect(11, 11 - 11, 11)
10-08 21:18:16.526 28335 28335 I ViewRootImpl@f00ad2e[Toast]:   fl=1000098
10-08 21:18:16.526 28335 28335 I ViewRootImpl@f00ad2e[Toast]:   pfl=12000000
10-08 21:18:16.526 28335 28335 I ViewRootImpl@f00ad2e[Toast]:   bhv=DEFAULT
10-08 21:18:16.526 28335 28335 I ViewRootImpl@f00ad2e[Toast]:   fitTypes=STATUS_BARS NAVIGATION_BARS CAPTION_BAR
10-08 21:18:16.526 28335 28335 I ViewRootImpl@f00ad2e[Toast]:   fitIgnoreVis naviIconColor=0}
10-08 21:18:16.527 28335 28335 I ViewRootImpl@f00ad2e[Toast]: performTraversals mFirst=true windowShouldResize=false viewVisibilityChanged=false mForceNextWindowRelayout=false params={(0,13)(wrapxwrap) gr=BOTTOM CENTER sim={adjust=resize} ty=TOAST fmt=TRANSLUCENT wanim=0x1030004 surfaceInsets=Rect(11, 11 - 11, 11)
10-08 21:18:16.527 28335 28335 I ViewRootImpl@f00ad2e[Toast]:   fl=1000098
10-08 21:18:16.527 28335 28335 I ViewRootImpl@f00ad2e[Toast]:   pfl=12000000
10-08 21:18:16.527 28335 28335 I ViewRootImpl@f00ad2e[Toast]:   bhv=DEFAULT
10-08 21:18:16.527 28335 28335 I ViewRootImpl@f00ad2e[Toast]:   fitTypes=STATUS_BARS NAVIGATION_BARS CAPTION_BAR
10-08 21:18:16.527 28335 28335 I ViewRootImpl@f00ad2e[Toast]:   fitIgnoreVis naviIconColor=0}
10-08 21:18:16.541 28335 28335 I ViewRootImpl@f00ad2e[Toast]: updateBlastSurfaceIfNeeded mBlastBufferQueue=null isSameSurfaceControl=false
10-08 21:18:16.542 28335 28335 I BLASTBufferQueue: new BLASTBufferQueue, mName= ViewRootImpl@f00ad2e[Toast] mNativeObject= 0x7b3e955500 sc.mNativeObject= 0x7b3e940a60 caller= android.view.ViewRootImpl.updateBlastSurfaceIfNeeded:2909 android.view.ViewRootImpl.relayoutWindow:9847 android.view.ViewRootImpl.performTraversals:3884 android.view.ViewRootImpl.doTraversal:3116 android.view.ViewRootImpl$TraversalRunnable.run:10885 android.view.Choreographer$CallbackRecord.run:1301 android.view.Choreographer$CallbackRecord.run:1309 android.view.Choreographer.doCallbacks:923 android.view.Choreographer.doFrame:852 android.view.Choreographer$FrameDisplayEventReceiver.run:1283 
10-08 21:18:16.543 28335 28335 I BLASTBufferQueue: update, w= 373 h= 178 mName = ViewRootImpl@f00ad2e[Toast] mNativeObject= 0x7b3e955500 sc.mNativeObject= 0x7b3e940a60 format= -3 caller= android.graphics.BLASTBufferQueue.<init>:84 android.view.ViewRootImpl.updateBlastSurfaceIfNeeded:2909 android.view.ViewRootImpl.relayoutWindow:9847 android.view.ViewRootImpl.performTraversals:3884 android.view.ViewRootImpl.doTraversal:3116 android.view.ViewRootImpl$TraversalRunnable.run:10885 
10-08 21:18:16.543 28335 28335 I ViewRootImpl@f00ad2e[Toast]: Relayout returned: old=(0,88,1080,2361) new=(364,2192,715,2348) req=(351,156)0 dur=14 res=0x3 s={true 0x7bdd467000} ch=true seqId=0
10-08 21:18:16.544 28335 28335 I ViewRootImpl@f00ad2e[Toast]: mThreadedRenderer.initialize() mSurface={isValid=true 0x7bdd467000} hwInitialized=true
10-08 21:18:16.545 28335 28356 D OpenGLRenderer: eglCreateWindowSurface
10-08 21:18:16.546 28335 28335 I ViewRootImpl@f00ad2e[Toast]: reportNextDraw android.view.ViewRootImpl.performTraversals:4438 android.view.ViewRootImpl.doTraversal:3116 android.view.ViewRootImpl$TraversalRunnable.run:10885 android.view.Choreographer$CallbackRecord.run:1301 android.view.Choreographer$CallbackRecord.run:1309 
10-08 21:18:16.546 28335 28335 I ViewRootImpl@f00ad2e[Toast]: Setup new sync id=0
10-08 21:18:16.546 28335 28335 I ViewRootImpl@f00ad2e[Toast]: Setting syncFrameCallback
10-08 21:18:16.546 28335 28335 I ViewRootImpl@f00ad2e[Toast]: registerCallbacksForSync syncBuffer=false
10-08 21:18:16.548 28335 28429 I ViewRootImpl@f00ad2e[Toast]: Received frameDrawingCallback syncResult=0 frameNum=1.
10-08 21:18:16.548 28335 28429 I ViewRootImpl@f00ad2e[Toast]: Setting up sync and frameCommitCallback
10-08 21:18:16.552 28335 28356 I BLASTBufferQueue: [ViewRootImpl@f00ad2e[Toast]#3](f:0,a:0) onFrameAvailable the first frame is available
10-08 21:18:16.553 28335 28356 I ViewRootImpl@f00ad2e[Toast]: Received frameCommittedCallback lastAttemptedDrawFrameNum=1 didProduceBuffer=true
10-08 21:18:16.555 28335 28356 D OpenGLRenderer: CFMS:: SetUp Pid : 28335    Tid : 28356
10-08 21:18:16.559 28335 28335 I ViewRootImpl@f00ad2e[Toast]: onSyncComplete
10-08 21:18:16.560 28335 28335 I ViewRootImpl@f00ad2e[Toast]: setupSync seqId=0 mSyncId=0 fn=1 caller=android.view.ViewRootImpl$$ExternalSyntheticLambda11.accept:6 android.window.SurfaceSyncer.lambda$setupSync$1$android-window-SurfaceSyncer:128 android.window.SurfaceSyncer$$ExternalSyntheticLambda1.accept:8 android.window.SurfaceSyncer$SyncSet.checkIfSyncIsComplete:382 android.window.SurfaceSyncer$SyncSet.markSyncReady:359 android.window.SurfaceSyncer.markSyncReady:151 android.view.ViewRootImpl.performTraversals:4503 
10-08 21:18:16.560 28335 28335 I ViewRootImpl@f00ad2e[Toast]: reportDrawFinished seqId=0 mSyncId=-1 fn=1 mSurfaceChangedTransaction=0x7ca93b4200
10-08 21:18:17.428 28335 28335 I ViewRootImpl@c867560[MainActivity]: ViewPostIme pointer 0
10-08 21:18:17.471 28335 28335 I ViewRootImpl@c867560[MainActivity]: ViewPostIme pointer 1
10-08 21:18:17.501 28335 28335 I IMM_LC  : hsifw() - flag : 0
10-08 21:18:17.501 28335 28335 I IMM_LC  : hsifw() - mService.hideSoftInput
10-08 21:18:17.625 28335 28383 I WebViewFactory: Loading com.google.android.webview version 140.0.7339.207 (code 733920733)
10-08 21:18:17.634 28335 28383 W st.cloudstream3: Failed to find entry 'classes.dex': Entry not found
10-08 21:18:17.636 28335 28383 D nativeloader: Configuring clns-6 for other apk /data/app/~~0iK79XW9X0QppaGo2hZ3dg==/com.google.android.trichromelibrary_733920733-6bb0wVyJqr8G8vJnjVAKKg==/base.apk. target_sdk_version=36, uses_libraries=ALL, library_path=/data/app/~~iwwqLfGPKTES2hsQd9D3lw==/com.google.android.webview-qbQIISas-S18wMUdMAIFhw==/lib/arm64:/data/app/~~iwwqLfGPKTES2hsQd9D3lw==/com.google.android.webview-qbQIISas-S18wMUdMAIFhw==/base.apk!/lib/arm64-v8a:/data/app/~~0iK79XW9X0QppaGo2hZ3dg==/com.google.android.trichromelibrary_733920733-6bb0wVyJqr8G8vJnjVAKKg==/base.apk!/lib/arm64-v8a, permitted_path=/data:/mnt/expand
10-08 21:18:17.636 28335 28383 D nativeloader: Extending system_exposed_libraries: libhumantracking.arcsoft.so:libPortraitDistortionCorrection.arcsoft.so:libPortraitDistortionCorrectionCali.arcsoft.so:libface_landmark.arcsoft.so:libFacialStickerEngine.arcsoft.so:libveengine.arcsoft.so:liblow_light_hdr.arcsoft.so:libhigh_dynamic_range.arcsoft.so:libFacialAttributeDetection.arcsoft.so:libBeauty_v4.camera.samsung.so:libexifa.camera.samsung.so:libjpega.camera.samsung.so:libOpenCv.camera.samsung.so:libImageScreener.camera.samsung.so:libMyFilter.camera.samsung.so:libtensorflowLite.myfilter.camera.samsung.so:libtensorflowlite_inference_api.myfilter.camera.samsung.so:libEventFinder.camera.samsung.so:libHIDTSnapJNI.camera.samsung.so:libSmartScan.camera.samsung.so:libRectify.camera.samsung.so:libDocRectifyWrapper.camera.samsung.so:libUltraWideDistortionCorrection.camera.samsung.so:libWideDistortionCorrection.camera.samsung.so:libHpr_RecGAE_cvFeature_v1.0.camera.samsung.so:libHprFace_GAE_api.camera.samsung.so:libFace_Landmark_API.camera.samsung.so:libHprFace_GAE_jn
10-08 21:18:17.665 28335 28383 I st.cloudstream3: Failed to add image file: Dex cache count and dex file count mismatch while trying to initialize from image
10-08 21:18:17.668 28335 28383 D nativeloader: Configuring clns-7 for other apk /data/app/~~iwwqLfGPKTES2hsQd9D3lw==/com.google.android.webview-qbQIISas-S18wMUdMAIFhw==/base.apk. target_sdk_version=36, uses_libraries=, library_path=/data/app/~~iwwqLfGPKTES2hsQd9D3lw==/com.google.android.webview-qbQIISas-S18wMUdMAIFhw==/lib/arm64:/data/app/~~iwwqLfGPKTES2hsQd9D3lw==/com.google.android.webview-qbQIISas-S18wMUdMAIFhw==/base.apk!/lib/arm64-v8a:/data/app/~~0iK79XW9X0QppaGo2hZ3dg==/com.google.android.trichromelibrary_733920733-6bb0wVyJqr8G8vJnjVAKKg==/base.apk!/lib/arm64-v8a, permitted_path=/data:/mnt/expand
10-08 21:18:17.701 28335 28383 I cr_WVCFactoryProvider: version=140.0.7339.207 (733920733) minSdkVersion=29 multiprocess=true packageId=2 splits=<none>
10-08 21:18:17.706 28335 28383 D nativeloader: Load /data/app/~~0iK79XW9X0QppaGo2hZ3dg==/com.google.android.trichromelibrary_733920733-6bb0wVyJqr8G8vJnjVAKKg==/base.apk!/lib/arm64-v8a/libmonochrome_64.so using class loader ns clns-7 (caller=/data/app/~~iwwqLfGPKTES2hsQd9D3lw==/com.google.android.webview-qbQIISas-S18wMUdMAIFhw==/base.apk): ok
10-08 21:18:17.709 28335 28383 D nativeloader: Load /system/lib64/libwebviewchromium_plat_support.so using class loader ns clns-7 (caller=/data/app/~~iwwqLfGPKTES2hsQd9D3lw==/com.google.android.webview-qbQIISas-S18wMUdMAIFhw==/base.apk): ok
10-08 21:18:17.712 28335 28499 I chromium: [1008/211817.711802:INFO:android_webview/browser/variations/variations_seed_loader.cc:67] Failed to open file for reading.: No such file or directory (2)
10-08 21:18:17.718 28335 28383 I cr_LibraryLoader: Successfully loaded native library
10-08 21:18:17.719 28335 28383 I cr_CachingUmaRecorder: Flushed 13 samples from 13 histograms, 0 samples were dropped.
10-08 21:18:17.722 28335 28388 W st.cloudstream3: Long monitor contention with owner DefaultDispatcher-worker-4 (28383) at java.lang.Object kotlin.SynchronizedLazyImpl.getValue()(LazyJVM.kt:78) waiters=0 in java.lang.Object kotlin.SynchronizedLazyImpl.getValue() for 106ms
10-08 21:18:18.447 28335 28356 D OpenGLRenderer: setSurface called with nullptr
10-08 21:18:18.448 28335 28356 D OpenGLRenderer: setSurface() destroyed EGLSurface
10-08 21:18:18.448 28335 28356 D OpenGLRenderer: destroyEglSurface
10-08 21:18:18.450 28335 28335 I ViewRootImpl@f00ad2e[Toast]: dispatchDetachedFromWindow
10-08 21:18:18.459 28335 28335 D InputTransport: Input channel destroyed: '5f88255', fd=149
10-08 21:18:18.596 28335 28343 I st.cloudstream3: Background concurrent copying GC freed 10220KB AllocSpace bytes, 71(3052KB) LOS objects, 50% free, 22MB/45MB, paused 413us,172us total 169.101ms
10-08 21:18:18.601 28335 28344 D InputTransport: Input channel destroyed: 'ClientS', fd=140
10-08 21:18:18.624 28335 28356 D OpenGLRenderer: setSurface called with nullptr
10-08 21:18:18.645 28335 28345 W System  : A resource failed to call close. 
10-08 21:18:20.038 28335 28335 I ViewRootImpl@c867560[MainActivity]: ViewPostIme pointer 0
10-08 21:18:20.294 28335 28335 I ViewRootImpl@c867560[MainActivity]: ViewPostIme pointer 1
10-08 21:18:20.856 28335 28335 I ViewRootImpl@c867560[MainActivity]: ViewPostIme pointer 0
10-08 21:18:21.380 28335 28335 I ViewRootImpl@c867560[MainActivity]: ViewPostIme pointer 1
10-08 21:18:21.580 28335 28335 I ViewRootImpl@c867560[MainActivity]: ViewPostIme pointer 0
10-08 21:18:22.058 28335 28335 I ViewRootImpl@c867560[MainActivity]: ViewPostIme pointer 1
10-08 21:18:22.474 28335 28335 I ViewRootImpl@c867560[MainActivity]: ViewPostIme pointer 0
10-08 21:18:22.559 28335 28335 I ViewRootImpl@c867560[MainActivity]: ViewPostIme pointer 1
10-08 21:18:22.741 28335 28335 I ViewRootImpl@c867560[MainActivity]: ViewPostIme pointer 0
10-08 21:18:22.824 28335 28335 I ViewRootImpl@c867560[MainActivity]: ViewPostIme pointer 1
10-08 21:18:22.832 28335 28335 I NavComponent: Navigating to fragment: 2131362274
10-08 21:18:22.846 28335 28335 I IMM_LC  : hsifw() - flag : 0
10-08 21:18:22.846 28335 28335 I IMM_LC  : hsifw() - mService.hideSoftInput
10-08 21:18:22.878 28335 28335 D ScrollView: initGoToTop
10-08 21:18:23.161 28335 28335 I SurfaceView@14d3a81: onWindowVisibilityChanged(0) true android.view.SurfaceView{14d3a81 V.E..V... ......I. 0,0-0,0} of ViewRootImpl@c867560[MainActivity]
10-08 21:18:23.161 28335 28335 D SurfaceView@14d3a81: updateSurface: has no frame
10-08 21:18:23.169 28335 28335 I CS3ExoPlayer: SET STYLE = SaveCaptionStyle(foregroundColor=-1, backgroundColor=0, windowColor=0, edgeType=1, edgeColor=-16777216, typeface=null, typefaceFilePath=null, elevation=20, fixedTextSize=null, edgeSize=null, removeCaptions=false, removeBloat=true, upperCase=false, bold=false, italic=false, backgroundRadius=null)
10-08 21:18:23.185 28335 28335 D VideoClickActionHolder: allVideoClickActions: [null:com.lagradost.cloudstream3.actions.temp.PlayInBrowserAction, null:com.lagradost.cloudstream3.actions.temp.CopyClipboardAction, null:com.lagradost.cloudstream3.actions.temp.ViewM3U8Action, null:com.lagradost.cloudstream3.actions.temp.VlcPackage, null:com.lagradost.cloudstream3.actions.temp.MpvPackage, null:com.lagradost.cloudstream3.actions.temp.NextPlayerPackage, null:com.lagradost.cloudstream3.actions.temp.JustPlayerPackage, null:com.lagradost.cloudstream3.actions.temp.fcast.FcastAction, null:com.lagradost.cloudstream3.actions.temp.LibreTorrentPackage, null:com.lagradost.cloudstream3.actions.temp.BiglyBTPackage, null:com.lagradost.cloudstream3.actions.temp.VlcNightlyPackage, null:com.lagradost.cloudstream3.actions.temp.WebVideoCastPackage, null:com.lagradost.cloudstream3.actions.temp.MpvYTDLPackage, null:com.lagradost.cloudstream3.actions.temp.MpvKtPackage, null:com.lagradost.cloudstream3.actions.temp.MpvKtPreviewPackage, null:com.lagradost.cloudstream3.actions.AlwaysAskAction]
10-08 21:18:23.186 28335 28335 I IMM_LC  : hsifw() - flag : 0
10-08 21:18:23.186 28335 28335 I IMM_LC  : hsifw() - mService.hideSoftInput
10-08 21:18:23.189 28335 28387 I SYNCVM  : addFromUrl = https://tv6.egydead.live/%d9%85%d8%b4%d8%a7%d9%87%d8%af%d8%a9-%d9%81%d9%8a%d9%84%d9%85-pretty-crazy-2025-%d9%85%d8%aa%d8%b1%d8%ac%d9%85/
10-08 21:18:23.190 28335 28387 I SYNCUTIL: getIdsFromUrl https://tv6.egydead.live/%d9%85%d8%b4%d8%a7%d9%87%d8%af%d8%a9-%d9%81%d9%8a%d9%84%d9%85-pretty-crazy-2025-%d9%85%d8%aa%d8%b1%d8%ac%d9%85/
10-08 21:18:23.204 28335 28335 I SurfaceView@14d3a81: onWindowVisibilityChanged(8) false android.view.SurfaceView{14d3a81 V.E..V... ......I. 0,0-0,0} of ViewRootImpl@c867560[MainActivity]
10-08 21:18:23.205 28335 28335 D SurfaceView@14d3a81: updateSurface: has no frame
10-08 21:18:23.205 28335 28335 D SurfaceView@14d3a81: updateSurface: has no frame
10-08 21:18:23.205 28335 28335 I SurfaceView@14d3a81: onDetachedFromWindow: tryReleaseSurfaces()
10-08 21:18:23.205 28335 28335 I SurfaceView@14d3a81: releaseSurfaces: viewRoot = ViewRootImpl@c867560[MainActivity]
10-08 21:18:23.205 28335 28335 I SurfaceView@14d3a81: applyTransactionOnVriDraw: vri = ViewRootImpl@c867560[MainActivity] fRS = true t = 0x7af737e200 android.view.SurfaceView.releaseSurfaces:858 android.view.SurfaceView.onDetachedFromWindow:500 android.view.View.dispatchDetachedFromWindow:22538 
10-08 21:18:23.205 28335 28335 I SurfaceView@14d3a81: applyTransactionOnVriDraw: viewRoot.applyTransactionOnDrawFromReleaseSurfaces
10-08 21:18:23.205 28335 28335 I ViewRootImpl@c867560[MainActivity]: applyTransactionOnDraw: mRemoved = false isHardwareEnabled = true t = 0x7af737e200android.view.ViewRootImpl.applyTransactionOnDrawFromReleaseSurfaces:12850 android.view.SurfaceView.applyTransactionOnVriDraw:2046 android.view.SurfaceView.releaseSurfaces:858 android.view.SurfaceView.onDetachedFromWindow:500 android.view.View.dispatchDetachedFromWindow:22538 
10-08 21:18:23.207 28335 28335 I SurfaceView@14d3a81: onWindowVisibilityChanged(0) true android.view.SurfaceView{14d3a81 V.E..V... ......I. 0,0-0,0} of ViewRootImpl@c867560[MainActivity]
10-08 21:18:23.207 28335 28335 D SurfaceView@14d3a81: updateSurface: has no frame
10-08 21:18:23.211 28335 28335 I DecorView: notifyKeepScreenOnChanged: keepScreenOn=false
10-08 21:18:23.223 28335 28335 I CS3ExoPlayer: reloadPlayer
10-08 21:18:23.224 28335 28335 I CS3ExoPlayer: releasePlayer
10-08 21:18:23.224 28335 28335 I CS3ExoPlayer: Handle event: PlayerAttachedEvent(player=null, source=Player)
10-08 21:18:23.229 28335 28335 I ViewRootImpl@c867560[MainActivity]: performTraversals params={(0,0)(fillxfill) sim={state=always_hidden adjust=resize} ty=BASE_APPLICATION wanim=0x1030309
10-08 21:18:23.229 28335 28335 I ViewRootImpl@c867560[MainActivity]:   fl=85810100
10-08 21:18:23.229 28335 28335 I ViewRootImpl@c867560[MainActivity]:   pfl=12020040
10-08 21:18:23.229 28335 28335 I ViewRootImpl@c867560[MainActivity]:   vsysui=500
10-08 21:18:23.229 28335 28335 I ViewRootImpl@c867560[MainActivity]:   bhv=DEFAULT
10-08 21:18:23.229 28335 28335 I ViewRootImpl@c867560[MainActivity]:   fitSides= naviIconColor=0}
10-08 21:18:23.230 28335 28335 I ViewRootImpl@c867560[MainActivity]: performTraversals mFirst=false windowShouldResize=false viewVisibilityChanged=false mForceNextWindowRelayout=false params={(0,0)(fillxfill) sim={state=always_hidden adjust=resize} ty=BASE_APPLICATION fmt=TRANSLUCENT wanim=0x1030309
10-08 21:18:23.230 28335 28335 I ViewRootImpl@c867560[MainActivity]:   fl=85810100
10-08 21:18:23.230 28335 28335 I ViewRootImpl@c867560[MainActivity]:   pfl=12020040
10-08 21:18:23.230 28335 28335 I ViewRootImpl@c867560[MainActivity]:   vsysui=500
10-08 21:18:23.230 28335 28335 I ViewRootImpl@c867560[MainActivity]:   bhv=DEFAULT
10-08 21:18:23.230 28335 28335 I ViewRootImpl@c867560[MainActivity]:   fitSides= naviIconColor=0}
10-08 21:18:23.238 28335 28335 I ViewRootImpl@c867560[MainActivity]: updateBlastSurfaceIfNeeded mBlastBufferQueue=0x7b3e954c00 isSameSurfaceControl=true
10-08 21:18:23.238 28335 28335 I BLASTBufferQueue: update, w= 1080 h= 2400 mName = ViewRootImpl@c867560[MainActivity] mNativeObject= 0x7b3e954c00 sc.mNativeObject= 0x7af736fb80 format= -3 caller= android.view.ViewRootImpl.updateBlastSurfaceIfNeeded:2898 android.view.ViewRootImpl.relayoutWindow:9847 android.view.ViewRootImpl.performTraversals:3884 android.view.ViewRootImpl.doTraversal:3116 android.view.ViewRootImpl$TraversalRunnable.run:10885 android.view.Choreographer$CallbackRecord.run:1301 
10-08 21:18:23.238 28335 28335 I ViewRootImpl@c867560[MainActivity]: Relayout returned: old=(0,0,1080,2400) new=(0,0,1080,2400) req=(1080,2400)0 dur=7 res=0x0 s={true 0x7bdd469800} ch=false seqId=0
10-08 21:18:23.240 28335 28335 W View    : requestLayout() improperly called by android.widget.FrameLayout{b925618 I.E..V... ......I. 0,0-0,0 #7f0a04e7 app:id/start_panel} during layout: running second layout pass
10-08 21:18:23.240 28335 28335 W View    : requestLayout() improperly called by android.widget.FrameLayout{21a2871 I.E..V... ......ID 1080,0-1080,2143 #7f0a0168 app:id/end_panel} during layout: running second layout pass
10-08 21:18:23.241 28335 28335 D SurfaceView@14d3a81: updateSurface: has no frame
10-08 21:18:23.247 28335 28428 I ViewRootImpl@c867560[MainActivity]: mWNT: t=0x7af737e200 mBlastBufferQueue=0x7b3e954c00 fn= 626 caller= android.view.ViewRootImpl.lambda$applyTransactionOnDraw$11$android-view-ViewRootImpl:12865 android.view.ViewRootImpl$$ExternalSyntheticLambda1.onFrameDraw:4 android.graphics.HardwareRenderer$FrameDrawingCallback.onFrameDraw:924 
10-08 21:18:23.250 28335 28335 D SurfaceView@14d3a81: updateSurface: has no frame
10-08 21:18:23.262 28335 28335 D SurfaceView@14d3a81: updateSurface: has no frame
10-08 21:18:23.279 28335 28335 D SurfaceView@14d3a81: updateSurface: has no frame
10-08 21:18:23.296 28335 28335 D SurfaceView@14d3a81: updateSurface: has no frame
10-08 21:18:23.312 28335 28335 D SurfaceView@14d3a81: updateSurface: has no frame
10-08 21:18:23.329 28335 28335 D SurfaceView@14d3a81: updateSurface: has no frame
10-08 21:18:23.346 28335 28335 D SurfaceView@14d3a81: updateSurface: has no frame
10-08 21:18:23.362 28335 28335 D SurfaceView@14d3a81: updateSurface: has no frame
10-08 21:18:23.393 28335 28335 D SurfaceView@14d3a81: updateSurface: has no frame
10-08 21:18:23.405 28335 28335 D SurfaceView@14d3a81: updateSurface: has no frame
10-08 21:18:23.424 28335 28335 D SurfaceView@14d3a81: updateSurface: has no frame
10-08 21:18:23.441 28335 28335 D SurfaceView@14d3a81: updateSurface: has no frame
10-08 21:18:23.446 28335 28335 D SurfaceView@14d3a81: updateSurface: has no frame
10-08 21:18:23.462 28335 28335 D SurfaceView@14d3a81: updateSurface: has no frame
10-08 21:18:23.479 28335 28335 D SurfaceView@14d3a81: updateSurface: has no frame
10-08 21:18:23.495 28335 28386 I RVM2    : applyMeta
10-08 21:18:23.495 28335 28335 D SurfaceView@14d3a81: updateSurface: has no frame
10-08 21:18:23.512 28335 28335 D SurfaceView@14d3a81: updateSurface: has no frame
10-08 21:18:23.529 28335 28335 D SurfaceView@14d3a81: updateSurface: has no frame
10-08 21:18:23.546 28335 28335 D SurfaceView@14d3a81: updateSurface: has no frame
10-08 21:18:23.562 28335 28335 D SurfaceView@14d3a81: updateSurface: has no frame
10-08 21:18:23.579 28335 28335 D SurfaceView@14d3a81: updateSurface: has no frame
10-08 21:18:23.595 28335 28335 D SurfaceView@14d3a81: updateSurface: has no frame
10-08 21:18:23.616 28335 28335 D SurfaceView@14d3a81: updateSurface: has no frame
10-08 21:18:23.629 28335 28335 D SurfaceView@14d3a81: updateSurface: has no frame
10-08 21:18:23.645 28335 28335 D SurfaceView@14d3a81: updateSurface: has no frame
10-08 21:18:23.662 28335 28335 D SurfaceView@14d3a81: updateSurface: has no frame
10-08 21:18:23.678 28335 28335 D SurfaceView@14d3a81: updateSurface: has no frame
10-08 21:18:23.695 28335 28335 D SurfaceView@14d3a81: updateSurface: has no frame
10-08 21:18:23.712 28335 28335 D SurfaceView@14d3a81: updateSurface: has no frame
10-08 21:18:23.729 28335 28335 D SurfaceView@14d3a81: updateSurface: has no frame
10-08 21:18:23.745 28335 28335 D SurfaceView@14d3a81: updateSurface: has no frame
10-08 21:18:23.762 28335 28335 D SurfaceView@14d3a81: updateSurface: has no frame
10-08 21:18:23.778 28335 28335 D SurfaceView@14d3a81: updateSurface: has no frame
10-08 21:18:23.795 28335 28335 D SurfaceView@14d3a81: updateSurface: has no frame
10-08 21:18:23.812 28335 28335 D SurfaceView@14d3a81: updateSurface: has no frame
10-08 21:18:23.826 28335 28335 W PanelsChildGestureRegionObserver: failed to register view with ID 2131362800. already registered
10-08 21:18:23.831 28335 28335 E CoilImgLoader: Error loading image: coil3.request.NullRequestDataException: The request's data is null.
10-08 21:18:23.837 28335 28335 E CoilImgLoader: Error loading image: coil3.request.NullRequestDataException: The request's data is null.
10-08 21:18:23.870 28335 28383 I SYNCVM  : addFromUrl = https://tv6.egydead.live/%d9%85%d8%b4%d8%a7%d9%87%d8%af%d8%a9-%d9%81%d9%8a%d9%84%d9%85-pretty-crazy-2025-%d9%85%d8%aa%d8%b1%d8%ac%d9%85/
10-08 21:18:23.870 28335 28383 I SYNCUTIL: getIdsFromUrl https://tv6.egydead.live/%d9%85%d8%b4%d8%a7%d9%87%d8%af%d8%a9-%d9%81%d9%8a%d9%84%d9%85-pretty-crazy-2025-%d9%85%d8%aa%d8%b1%d8%ac%d9%85/
10-08 21:18:23.883 28335 28335 D SurfaceView@14d3a81: updateSurface: has no frame
10-08 21:18:23.884 28335 28335 I SurfaceView@14d3a81: Changes: creating=true format=true size=true visible=true alpha=false hint=false mUseAlpha=false visible=true left=true top=true
10-08 21:18:23.887 28335 28335 I BLASTBufferQueue: update, w= 1080 h= 525 mName = null mNativeObject= 0x7bdd56bd00 sc.mNativeObject= 0x7af7475e00 format= 4 caller= android.view.SurfaceView.createBlastSurfaceControls:1383 android.view.SurfaceView.updateSurface:1079 android.view.SurfaceView.lambda$new$0$android-view-SurfaceView:200 android.view.SurfaceView$$ExternalSyntheticLambda5.onPreDraw:2 android.view.ViewTreeObserver.dispatchOnPreDraw:1121 android.view.ViewRootImpl.performTraversals:4442 
10-08 21:18:23.887 28335 28335 I SurfaceView@14d3a81: 21838465 Cur surface: Surface(name=null)/@0x15e6d4a
10-08 21:18:23.887 28335 28335 I SurfaceView@14d3a81: pST: sr = Rect(0, 218 - 1080, 743) sw = 1080 sh = 525
10-08 21:18:23.887 28335 28335 D SurfaceView@14d3a81: performSurfaceTransaction RenderWorker position = [0, 218, 1080, 743] surfaceSize = 1080x525
10-08 21:18:23.887 28335 28335 I SurfaceView@14d3a81: applyTransactionOnVriDraw: vri = ViewRootImpl@c867560[MainActivity] fRS = false t = 0x7b2d1ffb00 android.view.SurfaceView.performSurfaceTransaction:959 android.view.SurfaceView.updateSurface:1105 android.view.SurfaceView.lambda$new$0$android-view-SurfaceView:200 
10-08 21:18:23.887 28335 28335 I ViewRootImpl@c867560[MainActivity]: applyTransactionOnDraw: mRemoved = false isHardwareEnabled = true t = 0x7b2d1ffb00android.view.SurfaceView.applyTransactionOnVriDraw:2048 android.view.SurfaceView.performSurfaceTransaction:959 android.view.SurfaceView.updateSurface:1105 android.view.SurfaceView.lambda$new$0$android-view-SurfaceView:200 android.view.SurfaceView$$ExternalSyntheticLambda5.onPreDraw:2 
10-08 21:18:23.887 28335 28335 I SurfaceView@14d3a81: updateSurface: mVisible = true mSurface.isValid() = true
10-08 21:18:23.887 28335 28335 I SurfaceView@14d3a81: updateSurface: mSurfaceCreated = false surfaceChanged = true visibleChanged = true
10-08 21:18:23.887 28335 28335 I SurfaceView@14d3a81: visibleChanged -- surfaceCreated
10-08 21:18:23.887 28335 28335 I SurfaceView@14d3a81: surfaceCreated 0 #8 android.view.SurfaceView{14d3a81 V.E..V... ......ID 0,0-1080,525}
10-08 21:18:23.888 28335 28335 I SurfaceView@14d3a81: surfaceChanged -- format=4 w=1080 h=525
10-08 21:18:23.888 28335 28335 I SurfaceView@14d3a81: surfaceChanged (1080,525) 0 #8 android.view.SurfaceView{14d3a81 V.E..V... ......ID 0,0-1080,525}
10-08 21:18:23.888 28335 28335 I SurfaceView@14d3a81: surfaceRedrawNeeded
10-08 21:18:23.888 28335 28335 V SurfaceView@14d3a81: Layout: x=0 y=218 w=1080 h=525, frame=Rect(0, 0 - 1080, 525)
10-08 21:18:23.898 28335 28429 D SurfaceView@14d3a81: updateSurfacePosition RenderWorker, frameNr = 662, position = [0, 218, 1080, 743] surfaceSize = 1080x525
10-08 21:18:23.898 28335 28429 I SurfaceView@14d3a81: uSP: rtp = Rect(0, 218 - 1080, 743) rtsw = 1080 rtsh = 525
10-08 21:18:23.898 28335 28429 I SurfaceView@14d3a81: onSSPAndSRT: pl = 0 pt = 218 sx = 1.0 sy = 1.0
10-08 21:18:23.899 28335 28429 I SurfaceView@14d3a81: aOrMT: ViewRootImpl@c867560[MainActivity] t = android.view.SurfaceControl$Transaction@6fb8fee fN = 662 android.view.SurfaceView.-$$Nest$mapplyOrMergeTransaction:0 android.view.SurfaceView$SurfaceViewPositionUpdateListener.positionChanged:1537 android.graphics.RenderNode$CompositePositionUpdateListener.positionChanged:373 
10-08 21:18:23.899 28335 28429 I ViewRootImpl@c867560[MainActivity]: mWNT: t=0x7b2d1ffe00 mBlastBufferQueue=0x7b3e954c00 fn= 662 caller= android.view.SurfaceView.applyOrMergeTransaction:1455 android.view.SurfaceView.-$$Nest$mapplyOrMergeTransaction:0 android.view.SurfaceView$SurfaceViewPositionUpdateListener.positionChanged:1537 
10-08 21:18:23.900 28335 28429 I ViewRootImpl@c867560[MainActivity]: mWNT: t=0x7b2d1ffb00 mBlastBufferQueue=0x7b3e954c00 fn= 662 caller= android.view.ViewRootImpl.lambda$applyTransactionOnDraw$11$android-view-ViewRootImpl:12865 android.view.ViewRootImpl$$ExternalSyntheticLambda1.onFrameDraw:4 android.graphics.HardwareRenderer$FrameDrawingCallback.onFrameDraw:924 
10-08 21:18:23.936 28335 28335 I SurfaceView@14d3a81: finishedDrawing
10-08 21:18:24.170 28335 28343 I st.cloudstream3: Background concurrent copying GC freed 14MB AllocSpace bytes, 100(6620KB) LOS objects, 49% free, 24MB/48MB, paused 585us,366us total 200.937ms
10-08 21:18:24.182 28335 28356 D OpenGLRenderer: setSurface called with nullptr
10-08 21:18:25.028 28335 28335 I ViewRootImpl@c867560[MainActivity]: ViewPostIme pointer 0
10-08 21:18:25.562 28335 28335 I Dialog  : mIsDeviceDefault = false, mIsSamsungBasicInteraction = false, isMetaDataInActivity = false
10-08 21:18:25.605 28335 28335 I DecorView: [INFO] isPopOver=false config=false
10-08 21:18:25.605 28335 28335 I DecorView: updateCaptionType: isFloating=false isApplication=true hasWindowDecorCaption=false this=DecorView@3a5f5fe[]
10-08 21:18:25.605 28335 28335 D DecorView: setCaptionType = 0, this = DecorView@3a5f5fe[]
10-08 21:18:25.607 28335 28335 I DecorView: getCurrentDensityDpi: from app context. densityDpi=420 msg=resources_loaded
10-08 21:18:25.607 28335 28335 I DecorView: setWindowBackground: isPopOver=false color=0 d=android.graphics.drawable.ColorDrawable@fa4c7ac
10-08 21:18:25.615 28335 28356 D NativeCustomFrequencyManager: [NativeCFMS] BpCustomFrequencyManager::BpCustomFrequencyManager()
10-08 21:18:25.616 28335 28335 I DecorView: notifyKeepScreenOnChanged: keepScreenOn=false
10-08 21:18:25.628 28335 28335 D InsetsController: onStateChanged: InsetsState: {mDisplayFrame=Rect(0, 0 - 1080, 2400), mDisplayCutout=DisplayCutout{insets=Rect(0, 88 - 0, 0) waterfall=Insets{left=0, top=0, right=0, bottom=0} boundingRect={Bounds=[Rect(0, 0 - 0, 0), Rect(512, 0 - 568, 88), Rect(0, 0 - 0, 0), Rect(0, 0 - 0, 0)]} cutoutPathParserInfo={CutoutPathParserInfo{displayWidth=1080 displayHeight=2400 physicalDisplayWidth=1080 physicalDisplayHeight=2400 density={2.625} cutoutSpec={M 0,0 M 0,12.25101276465640 a 10.60613009248640,10.60613009248640 0 1,0 0,21.21226018497290 a 10.60613009248640,10.60613009248640 0 1,0 0,-21.21226018497290 Z @dp} rotation={0} scale={1.0} physicalPixelDisplaySizeRatio={1.0}}}}, mRoundedCorners=RoundedCorners{[RoundedCorner{position=TopLeft, radius=84, center=Point(84, 84)}, RoundedCorner{position=TopRight, radius=84, center=Point(996, 84)}, RoundedCorner{position=BottomRight, radius=84, center=Point(996, 2316)}, RoundedCorner{position=BottomLeft, radius=84, center=Point(84, 2316)}]}  mRoundedCornerFrame=Rect(0, 0 - 1080, 2400), mPrivacyIndicatorBounds=PrivacyIndicatorBounds {static bounds=Rect(964, 0 - 1080, 87) rotation=0}, mSources= { InsetsSource: {mType=ITYPE_STATUS_BAR, mFrame=[0,0][1080,88], mVisible=true, mInsetsRoundedCornerFrame=false}, InsetsSource: {mType=ITYPE_NAVIGATION_BAR, mFrame=[0,2361][1080,2400], mVisible=true, mInsetsRoundedCornerFrame=false}, InsetsSource: {mType=ITYPE_LEFT_GESTURES, mFrame=[0,0][130,2400], mVisible=true, mInsetsRoundedCornerFrame=false}, InsetsSource: {mType=ITYPE_RIGHT_GESTURES, mFrame=[950,0][1080,2400], mVisible=true, mInsetsRoundedCornerFrame=false}, InsetsSource: {mType=ITYPE_TOP_MANDATORY_GESTURES, mFrame=[0,0][1080,120], mVisible=true, mInsetsRoundedCornerFrame=false}, InsetsSource: {mType=ITYPE_BOTTOM_MANDATORY_GESTURES, mFrame=[0,2316][1080,2400], mVisible=true, mInsetsRoundedCornerFrame=false}, InsetsSource: {mType=ITYPE_LEFT_DISPLAY_CUTOUT, mFrame=[0,0][-100000,2400], mVisible=true, mInsetsRoundedCornerFrame=false}, InsetsSource: {mType=ITYPE_TOP_DISPLAY_CUTOUT, mFrame=[0,0][1080,88], mVisible=true, mInsetsRoundedCornerFrame=false}, InsetsSource: {mType=ITYPE_RIGHT_DISPLAY_CUTOUT, mFrame=[100000,0][1080,2400], mVisible=true, mInsetsRoundedCornerFrame=false}, InsetsSource: {mType=ITYPE_BOTTOM_DISPLAY_CUTOUT, mFrame=[0,100000][1080,2400], mVisible=true, mInsetsRoundedCornerFrame=false}, InsetsSource: {mType=ITYPE_TOP_TAPPABLE_ELEMENT, mFrame=[0,0][1080,88], mVisible=true, mInsetsRoundedCornerFrame=false}, InsetsSource: {mType=ITYPE_BOTTOM_TAPPABLE_ELEMENT, mFrame=[0,0][0,0], mVisible=true, mInsetsRoundedCornerFrame=false}, InsetsSource: {mType=ITYPE_IME, mFrame=[0,0][0,0], mVisibleFrame=[0,1409][1080,2400], mVisible=false, mInsetsRoundedCornerFrame=false} } host=com.lagradost.cloudstream3/com.lagradost.cloudstream3.MainActivity from=android.view.ViewRootImpl.setView:1732
10-08 21:18:25.629 28335 28335 I ViewRootImpl@463e52d[MainActivity]: setView = com.android.internal.policy.DecorView@3a5f5fe TM=true
10-08 21:18:25.648 28335 28335 I ViewRootImpl@463e52d[MainActivity]: performTraversals params={(0,0)(fillxfill) gr=CENTER sim={adjust=resize forwardNavigation} ty=APPLICATION fmt=TRANSPARENT wanim=0x7f14000b
10-08 21:18:25.648 28335 28335 I ViewRootImpl@463e52d[MainActivity]:   fl=85810100
10-08 21:18:25.648 28335 28335 I ViewRootImpl@463e52d[MainActivity]:   pfl=12020040
10-08 21:18:25.648 28335 28335 I ViewRootImpl@463e52d[MainActivity]:   vsysui=500
10-08 21:18:25.648 28335 28335 I ViewRootImpl@463e52d[MainActivity]:   bhv=DEFAULT
10-08 21:18:25.648 28335 28335 I ViewRootImpl@463e52d[MainActivity]:   fitSides= naviIconColor=0}
10-08 21:18:25.649 28335 28335 I ViewRootImpl@463e52d[MainActivity]: performTraversals mFirst=true windowShouldResize=true viewVisibilityChanged=false mForceNextWindowRelayout=false params={(0,0)(fillxfill) gr=CENTER sim={adjust=resize forwardNavigation} ty=APPLICATION fmt=TRANSPARENT wanim=0x7f14000b
10-08 21:18:25.649 28335 28335 I ViewRootImpl@463e52d[MainActivity]:   fl=85810100
10-08 21:18:25.649 28335 28335 I ViewRootImpl@463e52d[MainActivity]:   pfl=12020040
10-08 21:18:25.649 28335 28335 I ViewRootImpl@463e52d[MainActivity]:   vsysui=500
10-08 21:18:25.649 28335 28335 I ViewRootImpl@463e52d[MainActivity]:   bhv=DEFAULT
10-08 21:18:25.649 28335 28335 I ViewRootImpl@463e52d[MainActivity]:   fitSides= naviIconColor=0}
10-08 21:18:25.664 28335 28335 I ViewRootImpl@463e52d[MainActivity]: updateBlastSurfaceIfNeeded mBlastBufferQueue=null isSameSurfaceControl=false
10-08 21:18:25.665 28335 28335 I BLASTBufferQueue: new BLASTBufferQueue, mName= ViewRootImpl@463e52d[MainActivity] mNativeObject= 0x7b5cc0d500 sc.mNativeObject= 0x7bed8b05a0 caller= android.view.ViewRootImpl.updateBlastSurfaceIfNeeded:2909 android.view.ViewRootImpl.relayoutWindow:9847 android.view.ViewRootImpl.performTraversals:3884 android.view.ViewRootImpl.doTraversal:3116 android.view.ViewRootImpl$TraversalRunnable.run:10885 android.view.Choreographer$CallbackRecord.run:1301 android.view.Choreographer$CallbackRecord.run:1309 android.view.Choreographer.doCallbacks:923 android.view.Choreographer.doFrame:852 android.view.Choreographer$FrameDisplayEventReceiver.run:1283 
10-08 21:18:25.665 28335 28335 I BLASTBufferQueue: update, w= 1080 h= 2400 mName = ViewRootImpl@463e52d[MainActivity] mNativeObject= 0x7b5cc0d500 sc.mNativeObject= 0x7bed8b05a0 format= -2 caller= android.graphics.BLASTBufferQueue.<init>:84 android.view.ViewRootImpl.updateBlastSurfaceIfNeeded:2909 android.view.ViewRootImpl.relayoutWindow:9847 android.view.ViewRootImpl.performTraversals:3884 android.view.ViewRootImpl.doTraversal:3116 android.view.ViewRootImpl$TraversalRunnable.run:10885 
10-08 21:18:25.665 28335 28335 I ViewRootImpl@463e52d[MainActivity]: Relayout returned: old=(0,0,1080,2400) new=(0,0,1080,2400) req=(1080,2400)0 dur=14 res=0x3 s={true 0x7af7358000} ch=true seqId=0
10-08 21:18:25.667 28335 28335 I ViewRootImpl@463e52d[MainActivity]: mThreadedRenderer.initialize() mSurface={isValid=true 0x7af7358000} hwInitialized=true
10-08 21:18:25.667 28335 28356 D OpenGLRenderer: eglCreateWindowSurface
10-08 21:18:25.691 28335 28335 D AbsListView:  in onLayout changed 
10-08 21:18:25.692 28335 28335 I ViewRootImpl@463e52d[MainActivity]: reportNextDraw android.view.ViewRootImpl.performTraversals:4438 android.view.ViewRootImpl.doTraversal:3116 android.view.ViewRootImpl$TraversalRunnable.run:10885 android.view.Choreographer$CallbackRecord.run:1301 android.view.Choreographer$CallbackRecord.run:1309 
10-08 21:18:25.692 28335 28335 I ViewRootImpl@463e52d[MainActivity]: Setup new sync id=0
10-08 21:18:25.692 28335 28335 I ViewRootImpl@463e52d[MainActivity]: Setting syncFrameCallback
10-08 21:18:25.693 28335 28335 I ViewRootImpl@463e52d[MainActivity]: registerCallbacksForSync syncBuffer=false
10-08 21:18:25.697 28335 28428 I ViewRootImpl@463e52d[MainActivity]: Received frameDrawingCallback syncResult=0 frameNum=1.
10-08 21:18:25.697 28335 28428 I ViewRootImpl@463e52d[MainActivity]: Setting up sync and frameCommitCallback
10-08 21:18:25.704 28335 28356 I BLASTBufferQueue: [ViewRootImpl@463e52d[MainActivity]#5](f:0,a:0) onFrameAvailable the first frame is available
10-08 21:18:25.706 28335 28356 I ViewRootImpl@463e52d[MainActivity]: Received frameCommittedCallback lastAttemptedDrawFrameNum=1 didProduceBuffer=true
10-08 21:18:25.708 28335 28356 D OpenGLRenderer: CFMS:: SetUp Pid : 28335    Tid : 28356
10-08 21:18:25.713 28335 28335 I ViewRootImpl@463e52d[MainActivity]: onSyncComplete
10-08 21:18:25.713 28335 28335 I ViewRootImpl@463e52d[MainActivity]: setupSync seqId=0 mSyncId=0 fn=1 caller=android.view.ViewRootImpl$$ExternalSyntheticLambda11.accept:6 android.window.SurfaceSyncer.lambda$setupSync$1$android-window-SurfaceSyncer:128 android.window.SurfaceSyncer$$ExternalSyntheticLambda1.accept:8 android.window.SurfaceSyncer$SyncSet.checkIfSyncIsComplete:382 android.window.SurfaceSyncer$SyncSet.markSyncReady:359 android.window.SurfaceSyncer.markSyncReady:151 android.view.ViewRootImpl.performTraversals:4503 
10-08 21:18:25.714 28335 28335 I ViewRootImpl@c867560[MainActivity]: ViewPostIme pointer 1
10-08 21:18:25.714 28335 28335 I ViewRootImpl@463e52d[MainActivity]: reportDrawFinished seqId=0 mSyncId=-1 fn=1 mSurfaceChangedTransaction=0x7ca93b4600
10-08 21:18:25.718 28335 28335 I ViewRootImpl@c867560[MainActivity]: MSG_WINDOW_FOCUS_CHANGED 0 0
10-08 21:18:25.781 28335 28335 I ViewRootImpl@463e52d[MainActivity]: MSG_WINDOW_FOCUS_CHANGED 1 0
10-08 21:18:25.781 28335 28335 I ViewRootImpl@463e52d[MainActivity]: mThreadedRenderer.initializeIfNeeded()#2 mSurface={isValid=true 0x7af7358000}
10-08 21:18:25.783 28335 28335 D InputMethodManager: startInputInner - Id : 0
10-08 21:18:25.783 28335 28335 I InputMethodManager: startInputInner - mService.startInputOrWindowGainedFocus
10-08 21:18:26.508 28335 28335 I ViewRootImpl@463e52d[MainActivity]: ViewPostIme pointer 0
10-08 21:18:26.566 28335 28335 I ViewRootImpl@463e52d[MainActivity]: ViewPostIme pointer 1
10-08 21:18:26.567 28335 28335 D AbsListView: onTouchUp() mTouchMode : 0
10-08 21:18:26.644 28335 28335 I MSHandlerLifeCycle: removeMultiSplitHandler: no exist. decor=DecorView@3a5f5fe[MainActivity]
10-08 21:18:26.645 28335 28356 D OpenGLRenderer: setSurface called with nullptr
10-08 21:18:26.646 28335 28356 D OpenGLRenderer: setSurface() destroyed EGLSurface
10-08 21:18:26.646 28335 28356 D OpenGLRenderer: destroyEglSurface
10-08 21:18:26.646 28335 28387 D EgyDead : Loading links for URL: https://tv6.egydead.live/%d9%85%d8%b4%d8%a7%d9%87%d8%af%d8%a9-%d9%81%d9%8a%d9%84%d9%85-pretty-crazy-2025-%d9%85%d8%aa%d8%b1%d8%ac%d9%85/
10-08 21:18:26.648 28335 28356 D OpenGLRenderer: endAllActiveAnimators on 0x7b5ce3fd00 (MaterialTextView) with handle 0x7bda9b0860
10-08 21:18:26.649 28335 28335 I ViewRootImpl@463e52d[MainActivity]: dispatchDetachedFromWindow
10-08 21:18:26.675 28335 28335 D InputTransport: Input channel destroyed: '5509670', fd=179
10-08 21:18:26.678 28335 28335 I Dialog  : mIsDeviceDefault = false, mIsSamsungBasicInteraction = false, isMetaDataInActivity = false
10-08 21:18:26.759 28335 28335 I DecorView: [INFO] isPopOver=false config=false
10-08 21:18:26.759 28335 28335 I DecorView: updateCaptionType: isFloating=false isApplication=true hasWindowDecorCaption=false this=DecorView@59cf608[]
10-08 21:18:26.759 28335 28335 D DecorView: setCaptionType = 0, this = DecorView@59cf608[]
10-08 21:18:26.761 28335 28335 I DecorView: getCurrentDensityDpi: from app context. densityDpi=420 msg=resources_loaded
10-08 21:18:26.761 28335 28335 I DecorView: setWindowBackground: isPopOver=false color=0 d=android.graphics.drawable.ColorDrawable@e4dcfc6
10-08 21:18:26.769 28335 28356 D NativeCustomFrequencyManager: [NativeCFMS] BpCustomFrequencyManager::BpCustomFrequencyManager()
10-08 21:18:26.770 28335 28335 I DecorView: notifyKeepScreenOnChanged: keepScreenOn=false
