10-08 21:04:46.518 26092 26092 I ViewRootImpl@c93b28c[MainActivity]: mThreadedRenderer.initializeIfNeeded()#2 mSurface={isValid=true 0x7b0f3ac000}
10-08 21:04:46.520 26092 26092 D InputMethodManager: startInputInner - Id : 0
10-08 21:04:46.520 26092 26092 I InputMethodManager: startInputInner - mService.startInputOrWindowGainedFocus
10-08 21:04:47.846 26092 26092 I ViewRootImpl@c93b28c[MainActivity]: ViewPostIme pointer 0
10-08 21:04:47.895 26092 26092 I ViewRootImpl@c93b28c[MainActivity]: ViewPostIme pointer 1
10-08 21:04:47.901 26092 26092 I MSHandlerLifeCycle: removeMultiSplitHandler: no exist. decor=DecorView@6e21ee1[MainActivity]
10-08 21:04:47.902 26092 26114 D OpenGLRenderer: setSurface called with nullptr
10-08 21:04:47.902 26092 26114 D OpenGLRenderer: setSurface() destroyed EGLSurface
10-08 21:04:47.902 26092 26114 D OpenGLRenderer: destroyEglSurface
10-08 21:04:47.904 26092 26092 I ViewRootImpl@c93b28c[MainActivity]: dispatchDetachedFromWindow
10-08 21:04:47.934 26092 26092 D InputTransport: Input channel destroyed: '4f8fe91', fd=122
10-08 21:04:47.939 26092 26092 D InsetsController: onStateChanged: InsetsState: {mDisplayFrame=Rect(0, 0 - 1080, 2400), mDisplayCutout=DisplayCutout{insets=Rect(0, 88 - 0, 0) waterfall=Insets{left=0, top=0, right=0, bottom=0} boundingRect={Bounds=[Rect(0, 0 - 0, 0), Rect(512, 0 - 568, 88), Rect(0, 0 - 0, 0), Rect(0, 0 - 0, 0)]} cutoutPathParserInfo={CutoutPathParserInfo{displayWidth=1080 displayHeight=2400 physicalDisplayWidth=1080 physicalDisplayHeight=2400 density={2.625} cutoutSpec={M 0,0 M 0,12.25101276465640 a 10.60613009248640,10.60613009248640 0 1,0 0,21.21226018497290 a 10.60613009248640,10.60613009248640 0 1,0 0,-21.21226018497290 Z @dp} rotation={0} scale={1.0} physicalPixelDisplaySizeRatio={1.0}}}}, mRoundedCorners=RoundedCorners{[RoundedCorner{position=TopLeft, radius=84, center=Point(84, 84)}, RoundedCorner{position=TopRight, radius=84, center=Point(996, 84)}, RoundedCorner{position=BottomRight, radius=84, center=Point(996, 2316)}, RoundedCorner{position=BottomLeft, radius=84, center=Point(84, 2316)}]}  mRoundedCornerFrame=Rect(0, 0 - 1080, 2400), mPrivacyIndicatorBounds=PrivacyIndicatorBounds {static bounds=Rect(964, 0 - 1080, 87) rotation=0}, mSources= { InsetsSource: {mType=ITYPE_STATUS_BAR, mFrame=[0,0][1080,88], mVisible=true, mInsetsRoundedCornerFrame=false}, InsetsSource: {mType=ITYPE_NAVIGATION_BAR, mFrame=[0,2361][1080,2400], mVisible=true, mInsetsRoundedCornerFrame=false}, InsetsSource: {mType=ITYPE_LEFT_GESTURES, mFrame=[0,0][130,2400], mVisible=true, mInsetsRoundedCornerFrame=false}, InsetsSource: {mType=ITYPE_RIGHT_GESTURES, mFrame=[950,0][1080,2400], mVisible=true, mInsetsRoundedCornerFrame=false}, InsetsSource: {mType=ITYPE_TOP_MANDATORY_GESTURES, mFrame=[0,0][1080,120], mVisible=true, mInsetsRoundedCornerFrame=false}, InsetsSource: {mType=ITYPE_BOTTOM_MANDATORY_GESTURES, mFrame=[0,2316][1080,2400], mVisible=true, mInsetsRoundedCornerFrame=false}, InsetsSource: {mType=ITYPE_LEFT_DISPLAY_CUTOUT, mFrame=[0,0][-100000,2400], mVisible=true, mInsetsRoundedCornerFrame=false}, InsetsSource: {mType=ITYPE_TOP_DISPLAY_CUTOUT, mFrame=[0,0][1080,88], mVisible=true, mInsetsRoundedCornerFrame=false}, InsetsSource: {mType=ITYPE_RIGHT_DISPLAY_CUTOUT, mFrame=[100000,0][1080,2400], mVisible=true, mInsetsRoundedCornerFrame=false}, InsetsSource: {mType=ITYPE_BOTTOM_DISPLAY_CUTOUT, mFrame=[0,100000][1080,2400], mVisible=true, mInsetsRoundedCornerFrame=false}, InsetsSource: {mType=ITYPE_TOP_TAPPABLE_ELEMENT, mFrame=[0,0][1080,88], mVisible=true, mInsetsRoundedCornerFrame=false}, InsetsSource: {mType=ITYPE_BOTTOM_TAPPABLE_ELEMENT, mFrame=[0,0][0,0], mVisible=true, mInsetsRoundedCornerFrame=false} } host=com.lagradost.cloudstream3/com.lagradost.cloudstream3.MainActivity from=android.view.ViewRootImpl$ViewRootHandler.handleMessageImpl:6740
10-08 21:04:47.963 26092 26092 I ViewRootImpl@5dfade[MainActivity]: MSG_WINDOW_FOCUS_CHANGED 1 0
10-08 21:04:47.963 26092 26092 I ViewRootImpl@5dfade[MainActivity]: mThreadedRenderer.initializeIfNeeded()#2 mSurface={isValid=true 0x7bdd469800}
10-08 21:04:47.979 26092 26092 D InputMethodManager: startInputInner - Id : 0
10-08 21:04:47.979 26092 26092 I InputMethodManager: startInputInner - mService.startInputOrWindowGainedFocus
10-08 21:04:48.300 26092 26092 I ViewRootImpl@5dfade[MainActivity]: ViewPostIme pointer 0
10-08 21:04:48.350 26092 26092 W PanelsChildGestureRegionObserver: failed to register view with ID 2131362800. already registered
10-08 21:04:48.359 26092 26092 W PanelsChildGestureRegionObserver: failed to register view with ID 2131362800. already registered
10-08 21:04:48.376 26092 26092 W PanelsChildGestureRegionObserver: failed to register view with ID 2131362800. already registered
10-08 21:04:48.393 26092 26092 W PanelsChildGestureRegionObserver: failed to register view with ID 2131362800. already registered
10-08 21:04:48.409 26092 26092 W PanelsChildGestureRegionObserver: failed to register view with ID 2131362800. already registered
10-08 21:04:48.410 26092 26092 D WindowOnBackDispatcher: onBackInvoked, viewRoot=ViewRootImpl@c93b28c[MainActivity], callback=androidx.activity.OnBackPressedDispatcher$Api33Impl$$ExternalSyntheticLambda0@1660b89
10-08 21:04:48.428 26092 26092 I IMM_LC  : hsifw() - flag : 0
10-08 21:04:48.428 26092 26092 I IMM_LC  : hsifw() - mService.hideSoftInput
10-08 21:04:48.437 26092 26092 I CS3ExoPlayer: onStop
10-08 21:04:48.437 26092 26092 I CS3ExoPlayer: saveData
10-08 21:04:48.437 26092 26092 I CS3ExoPlayer: handleEvent Pause
10-08 21:04:48.532 26092 26092 W PanelsChildGestureRegionObserver: failed to register view with ID 2131362800. already registered
10-08 21:04:48.749 26092 26092 W PanelsChildGestureRegionObserver: failed to register view with ID 2131362800. already registered
10-08 21:04:48.763 26092 26191 D SurfaceView@bbc9e0e: updateSurfacePosition RenderWorker, frameNr = 760, position = [54, 314, 1026, 787] surfaceSize = 1080x525
10-08 21:04:48.763 26092 26191 I SurfaceView@bbc9e0e: uSP: rtp = Rect(54, 314 - 1026, 787) rtsw = 1080 rtsh = 525
10-08 21:04:48.763 26092 26191 I SurfaceView@bbc9e0e: onSSPAndSRT: pl = 54 pt = 314 sx = 0.9 sy = 0.9009524
10-08 21:04:48.764 26092 26191 I SurfaceView@bbc9e0e: aOrMT: ViewRootImpl@5dfade[MainActivity] t = android.view.SurfaceControl$Transaction@de45e2f fN = 760 android.view.SurfaceView.-$$Nest$mapplyOrMergeTransaction:0 android.view.SurfaceView$SurfaceViewPositionUpdateListener.positionChanged:1537 android.graphics.RenderNode$CompositePositionUpdateListener.positionChanged:373 
10-08 21:04:48.764 26092 26191 I ViewRootImpl@5dfade[MainActivity]: mWNT: t=0x7bdd450400 mBlastBufferQueue=0x7b3bf00c00 fn= 760 caller= android.view.SurfaceView.applyOrMergeTransaction:1455 android.view.SurfaceView.-$$Nest$mapplyOrMergeTransaction:0 android.view.SurfaceView$SurfaceViewPositionUpdateListener.positionChanged:1537 
10-08 21:04:48.765 26092 26092 I SurfaceView@bbc9e0e: onWindowVisibilityChanged(8) false android.view.SurfaceView{bbc9e0e V.E..V... ........ 0,0-1080,525} of ViewRootImpl@5dfade[MainActivity]
10-08 21:04:48.765 26092 26092 I SurfaceView@bbc9e0e: Changes: creating=false format=false size=false visible=true alpha=false hint=false mUseAlpha=false visible=true left=false top=false
10-08 21:04:48.765 26092 26092 I SurfaceView@bbc9e0e: 196910606 Cur surface: Surface(name=null)/@0xb1a17d3
10-08 21:04:48.765 26092 26092 I SurfaceView@bbc9e0e: applyTransactionOnVriDraw: vri = ViewRootImpl@5dfade[MainActivity] fRS = false t = 0x7ae56f3c00 android.view.SurfaceView.performSurfaceTransaction:959 android.view.SurfaceView.updateSurface:1105 android.view.SurfaceView.onWindowVisibilityChanged:371 
10-08 21:04:48.766 26092 26092 I ViewRootImpl@5dfade[MainActivity]: applyTransactionOnDraw: mRemoved = false isHardwareEnabled = true t = 0x7ae56f3c00android.view.SurfaceView.applyTransactionOnVriDraw:2048 android.view.SurfaceView.performSurfaceTransaction:959 android.view.SurfaceView.updateSurface:1105 android.view.SurfaceView.onWindowVisibilityChanged:371 android.view.View.dispatchDetachedFromWindow:22529 
10-08 21:04:48.766 26092 26092 I SurfaceView@bbc9e0e: surfaceDestroyed
10-08 21:04:48.766 26092 26092 I SurfaceView@bbc9e0e: surfaceDestroyed callback.size 0 #2 android.view.SurfaceView{bbc9e0e V.E..V... ........ 0,0-1080,525}
10-08 21:04:48.766 26092 26092 I SurfaceView@bbc9e0e: updateSurface: mVisible = false mSurface.isValid() = true
10-08 21:04:48.766 26092 26092 I SurfaceView@bbc9e0e: releaseSurfaces: viewRoot = ViewRootImpl@5dfade[MainActivity]
10-08 21:04:48.766 26092 26092 I SurfaceView@bbc9e0e: applyTransactionOnVriDraw: vri = ViewRootImpl@5dfade[MainActivity] fRS = true t = 0x7ae56f3d00 android.view.SurfaceView.releaseSurfaces:858 android.view.SurfaceView.updateSurface:1172 android.view.SurfaceView.onWindowVisibilityChanged:371 
10-08 21:04:48.767 26092 26092 I SurfaceView@bbc9e0e: applyTransactionOnVriDraw: viewRoot.applyTransactionOnDrawFromReleaseSurfaces
10-08 21:04:48.767 26092 26092 I ViewRootImpl@5dfade[MainActivity]: applyTransactionOnDraw: mRemoved = false isHardwareEnabled = true t = 0x7ae56f3d00android.view.ViewRootImpl.applyTransactionOnDrawFromReleaseSurfaces:12850 android.view.SurfaceView.applyTransactionOnVriDraw:2046 android.view.SurfaceView.releaseSurfaces:858 android.view.SurfaceView.updateSurface:1172 android.view.SurfaceView.onWindowVisibilityChanged:371 
10-08 21:04:48.767 26092 26092 V SurfaceView@bbc9e0e: Layout: x=0 y=218 w=1080 h=525, frame=Rect(0, 0 - 1080, 525)
10-08 21:04:48.767 26092 26092 I SurfaceView@bbc9e0e: onDetachedFromWindow: tryReleaseSurfaces()
10-08 21:04:48.767 26092 26092 I SurfaceView@bbc9e0e: releaseSurfaces: viewRoot = ViewRootImpl@5dfade[MainActivity]
10-08 21:04:48.767 26092 26092 I SurfaceView@bbc9e0e: applyTransactionOnVriDraw: vri = ViewRootImpl@5dfade[MainActivity] fRS = true t = 0x7ae56f3e00 android.view.SurfaceView.releaseSurfaces:858 android.view.SurfaceView.onDetachedFromWindow:500 android.view.View.dispatchDetachedFromWindow:22538 
10-08 21:04:48.767 26092 26092 I SurfaceView@bbc9e0e: applyTransactionOnVriDraw: viewRoot.applyTransactionOnDrawFromReleaseSurfaces
10-08 21:04:48.767 26092 26092 I ViewRootImpl@5dfade[MainActivity]: applyTransactionOnDraw: mRemoved = false isHardwareEnabled = true t = 0x7ae56f3e00android.view.ViewRootImpl.applyTransactionOnDrawFromReleaseSurfaces:12850 android.view.SurfaceView.applyTransactionOnVriDraw:2046 android.view.SurfaceView.releaseSurfaces:858 android.view.SurfaceView.onDetachedFromWindow:500 android.view.View.dispatchDetachedFromWindow:22538 
10-08 21:04:48.779 26092 26092 I DecorView: notifyKeepScreenOnChanged: keepScreenOn=false
10-08 21:04:48.780 26092 26092 I CS3ExoPlayer: releasePlayer
10-08 21:04:48.780 26092 26092 I CS3ExoPlayer: Handle event: PlayerAttachedEvent(player=null, source=Player)
10-08 21:04:48.781 26092 26092 I DecorView: notifyKeepScreenOnChanged: keepScreenOn=false
10-08 21:04:48.782 26092 26092 I ViewRootImpl@5dfade[MainActivity]: performTraversals params={(0,0)(fillxfill) sim={state=always_hidden adjust=resize} ty=BASE_APPLICATION wanim=0x1030309
10-08 21:04:48.782 26092 26092 I ViewRootImpl@5dfade[MainActivity]:   fl=85810100
10-08 21:04:48.782 26092 26092 I ViewRootImpl@5dfade[MainActivity]:   pfl=12020040
10-08 21:04:48.782 26092 26092 I ViewRootImpl@5dfade[MainActivity]:   vsysui=500
10-08 21:04:48.782 26092 26092 I ViewRootImpl@5dfade[MainActivity]:   bhv=DEFAULT
10-08 21:04:48.782 26092 26092 I ViewRootImpl@5dfade[MainActivity]:   fitSides= naviIconColor=0}
10-08 21:04:48.783 26092 26092 I ViewRootImpl@5dfade[MainActivity]: performTraversals mFirst=false windowShouldResize=false viewVisibilityChanged=false mForceNextWindowRelayout=false params={(0,0)(fillxfill) sim={state=always_hidden adjust=resize} ty=BASE_APPLICATION fmt=TRANSLUCENT wanim=0x1030309
10-08 21:04:48.783 26092 26092 I ViewRootImpl@5dfade[MainActivity]:   fl=85810100
10-08 21:04:48.783 26092 26092 I ViewRootImpl@5dfade[MainActivity]:   pfl=12020040
10-08 21:04:48.783 26092 26092 I ViewRootImpl@5dfade[MainActivity]:   vsysui=500
10-08 21:04:48.783 26092 26092 I ViewRootImpl@5dfade[MainActivity]:   bhv=DEFAULT
10-08 21:04:48.783 26092 26092 I ViewRootImpl@5dfade[MainActivity]:   fitSides= naviIconColor=0}
10-08 21:04:48.788 26092 26092 I ViewRootImpl@5dfade[MainActivity]: updateBlastSurfaceIfNeeded mBlastBufferQueue=0x7b3bf00c00 isSameSurfaceControl=true
10-08 21:04:48.788 26092 26092 I BLASTBufferQueue: update, w= 1080 h= 2400 mName = ViewRootImpl@5dfade[MainActivity] mNativeObject= 0x7b3bf00c00 sc.mNativeObject= 0x7b1bfbf9c0 format= -3 caller= android.view.ViewRootImpl.updateBlastSurfaceIfNeeded:2898 android.view.ViewRootImpl.relayoutWindow:9847 android.view.ViewRootImpl.performTraversals:3884 android.view.ViewRootImpl.doTraversal:3116 android.view.ViewRootImpl$TraversalRunnable.run:10885 android.view.Choreographer$CallbackRecord.run:1301 
10-08 21:04:48.788 26092 26092 I ViewRootImpl@5dfade[MainActivity]: Relayout returned: old=(0,0,1080,2400) new=(0,0,1080,2400) req=(1080,2400)0 dur=4 res=0x0 s={true 0x7bdd469800} ch=false seqId=0
10-08 21:04:48.788 26092 26092 I ViewRootImpl@5dfade[MainActivity]: updateBoundsLayer: t = android.view.SurfaceControl$Transaction@39450ab sc = Surface(name=Bounds for - com.lagradost.cloudstream3/com.lagradost.cloudstream3.MainActivity@0)/@0x5fca308 frame = 761
10-08 21:04:48.788 26092 26092 I ViewRootImpl@5dfade[MainActivity]: mWNT: t=0x7b5c71db00 mBlastBufferQueue=0x7b3bf00c00 fn= 761 caller= android.view.ViewRootImpl.prepareSurfaces:2985 android.view.ViewRootImpl.performTraversals:4233 android.view.ViewRootImpl.doTraversal:3116 
10-08 21:04:48.789 26092 26114 D SurfaceView@bbc9e0e: windowPositionLost, frameNr = 761
10-08 21:04:48.793 26092 26190 I ViewRootImpl@5dfade[MainActivity]: mWNT: t=0x7ae56f3c00 mBlastBufferQueue=0x7b3bf00c00 fn= 761 caller= android.view.ViewRootImpl.lambda$applyTransactionOnDraw$11$android-view-ViewRootImpl:12865 android.view.ViewRootImpl$$ExternalSyntheticLambda1.onFrameDraw:4 android.graphics.HardwareRenderer$FrameDrawingCallback.onFrameDraw:924 
10-08 21:04:48.793 26092 26190 I ViewRootImpl@5dfade[MainActivity]: mWNT: t=0x7ae56f3d00 mBlastBufferQueue=0x7b3bf00c00 fn= 761 caller= android.view.ViewRootImpl.lambda$applyTransactionOnDraw$11$android-view-ViewRootImpl:12865 android.view.ViewRootImpl$$ExternalSyntheticLambda1.onFrameDraw:4 android.graphics.HardwareRenderer$FrameDrawingCallback.onFrameDraw:924 
10-08 21:04:48.795 26092 26190 I ViewRootImpl@5dfade[MainActivity]: mWNT: t=0x7ae56f3e00 mBlastBufferQueue=0x7b3bf00c00 fn= 761 caller= android.view.ViewRootImpl.lambda$applyTransactionOnDraw$11$android-view-ViewRootImpl:12865 android.view.ViewRootImpl$$ExternalSyntheticLambda1.onFrameDraw:4 android.graphics.HardwareRenderer$FrameDrawingCallback.onFrameDraw:924 
10-08 21:04:48.904 26092 26101 I st.cloudstream3: Background concurrent copying GC freed 16MB AllocSpace bytes, 114(7560KB) LOS objects, 46% free, 28MB/52MB, paused 175us,80us total 212.295ms
10-08 21:04:48.905 26092 26114 D OpenGLRenderer: setSurface called with nullptr
10-08 21:04:48.906 26092 26102 D InputTransport: Input channel destroyed: 'ClientS', fd=174
10-08 21:04:48.906 26092 26114 D OpenGLRenderer: setSurface called with nullptr
10-08 21:04:48.906 26092 26102 D InputTransport: Input channel destroyed: 'ClientS', fd=259
10-08 21:04:48.909 26092 26114 D OpenGLRenderer: setSurface called with nullptr
10-08 21:04:48.909 26092 26102 D InputTransport: Input channel destroyed: 'ClientS', fd=160
10-08 21:04:48.909 26092 26102 D InputTransport: Input channel destroyed: 'ClientS', fd=122
10-08 21:04:49.349 26092 26092 I ViewRootImpl@5dfade[MainActivity]: ViewPostIme pointer 0
10-08 21:04:49.564 26092 26092 I ViewRootImpl@5dfade[MainActivity]: ViewPostIme pointer 1
10-08 21:04:50.957 26092 26092 I ViewRootImpl@5dfade[MainActivity]: ViewPostIme pointer 0
10-08 21:04:51.014 26092 26092 I ViewRootImpl@5dfade[MainActivity]: ViewPostIme pointer 1
10-08 21:04:51.029 26092 26092 I NavComponent: Navigating to fragment: 2131362274
10-08 21:04:51.037 26092 26092 I IMM_LC  : hsifw() - flag : 0
10-08 21:04:51.037 26092 26092 I IMM_LC  : hsifw() - mService.hideSoftInput
10-08 21:04:51.184 26092 26092 D ScrollView: initGoToTop
10-08 21:04:51.289 26092 26109 W st.cloudstream3: Checksum mismatch for dex EgyDead.-124080901.cs3
10-08 21:04:51.289 26092 26109 W st.cloudstream3: Could not add methods to the existing profiler. Clearing the profile data.
10-08 21:04:51.339 26092 26109 W st.cloudstream3: Failed to flush directory /data/misc/profiles/cur/0/com.lagradost.cloudstream3: Permission denied
10-08 21:04:51.409 26092 26092 I SurfaceView@8497a85: onWindowVisibilityChanged(0) true android.view.SurfaceView{8497a85 V.E..V... ......I. 0,0-0,0} of ViewRootImpl@5dfade[MainActivity]
10-08 21:04:51.409 26092 26092 D SurfaceView@8497a85: updateSurface: has no frame
10-08 21:04:51.414 26092 26092 I CS3ExoPlayer: SET STYLE = SaveCaptionStyle(foregroundColor=-1, backgroundColor=0, windowColor=0, edgeType=1, edgeColor=-16777216, typeface=null, typefaceFilePath=null, elevation=20, fixedTextSize=null, edgeSize=null, removeCaptions=false, removeBloat=true, upperCase=false, bold=false, italic=false, backgroundRadius=null)
10-08 21:04:51.423 26092 26092 I IMM_LC  : hsifw() - flag : 0
10-08 21:04:51.423 26092 26092 I IMM_LC  : hsifw() - mService.hideSoftInput
10-08 21:04:51.425 26092 26144 I SYNCVM  : addFromUrl = https://tv6.egydead.live/%d9%85%d8%b4%d8%a7%d9%87%d8%af%d8%a9-%d9%81%d9%8a%d9%84%d9%85-baban-baban-ban-vampire-2025-%d9%85%d8%aa%d8%b1%d8%ac%d9%85/
10-08 21:04:51.425 26092 26144 I SYNCUTIL: getIdsFromUrl https://tv6.egydead.live/%d9%85%d8%b4%d8%a7%d9%87%d8%af%d8%a9-%d9%81%d9%8a%d9%84%d9%85-baban-baban-ban-vampire-2025-%d9%85%d8%aa%d8%b1%d8%ac%d9%85/
10-08 21:04:51.435 26092 26092 I SurfaceView@8497a85: onWindowVisibilityChanged(8) false android.view.SurfaceView{8497a85 V.E..V... ......I. 0,0-0,0} of ViewRootImpl@5dfade[MainActivity]
10-08 21:04:51.435 26092 26092 D SurfaceView@8497a85: updateSurface: has no frame
10-08 21:04:51.435 26092 26092 D SurfaceView@8497a85: updateSurface: has no frame
10-08 21:04:51.435 26092 26092 I SurfaceView@8497a85: onDetachedFromWindow: tryReleaseSurfaces()
10-08 21:04:51.435 26092 26092 I SurfaceView@8497a85: releaseSurfaces: viewRoot = ViewRootImpl@5dfade[MainActivity]
10-08 21:04:51.435 26092 26092 I SurfaceView@8497a85: applyTransactionOnVriDraw: vri = ViewRootImpl@5dfade[MainActivity] fRS = true t = 0x7b283a3f00 android.view.SurfaceView.releaseSurfaces:858 android.view.SurfaceView.onDetachedFromWindow:500 android.view.View.dispatchDetachedFromWindow:22538 
10-08 21:04:51.435 26092 26092 I SurfaceView@8497a85: applyTransactionOnVriDraw: viewRoot.applyTransactionOnDrawFromReleaseSurfaces
10-08 21:04:51.435 26092 26092 I ViewRootImpl@5dfade[MainActivity]: applyTransactionOnDraw: mRemoved = false isHardwareEnabled = true t = 0x7b283a3f00android.view.ViewRootImpl.applyTransactionOnDrawFromReleaseSurfaces:12850 android.view.SurfaceView.applyTransactionOnVriDraw:2046 android.view.SurfaceView.releaseSurfaces:858 android.view.SurfaceView.onDetachedFromWindow:500 android.view.View.dispatchDetachedFromWindow:22538 
10-08 21:04:51.437 26092 26092 I SurfaceView@8497a85: onWindowVisibilityChanged(0) true android.view.SurfaceView{8497a85 V.E..V... ......I. 0,0-0,0} of ViewRootImpl@5dfade[MainActivity]
10-08 21:04:51.437 26092 26092 D SurfaceView@8497a85: updateSurface: has no frame
10-08 21:04:51.440 26092 26092 I DecorView: notifyKeepScreenOnChanged: keepScreenOn=false
10-08 21:04:51.448 26092 26092 I CS3ExoPlayer: reloadPlayer
10-08 21:04:51.448 26092 26092 I CS3ExoPlayer: releasePlayer
10-08 21:04:51.449 26092 26092 I CS3ExoPlayer: Handle event: PlayerAttachedEvent(player=null, source=Player)
10-08 21:04:51.454 26092 26092 I ViewRootImpl@5dfade[MainActivity]: performTraversals params={(0,0)(fillxfill) sim={state=always_hidden adjust=resize} ty=BASE_APPLICATION wanim=0x1030309
10-08 21:04:51.454 26092 26092 I ViewRootImpl@5dfade[MainActivity]:   fl=85810100
10-08 21:04:51.454 26092 26092 I ViewRootImpl@5dfade[MainActivity]:   pfl=12020040
10-08 21:04:51.454 26092 26092 I ViewRootImpl@5dfade[MainActivity]:   vsysui=500
10-08 21:04:51.454 26092 26092 I ViewRootImpl@5dfade[MainActivity]:   bhv=DEFAULT
10-08 21:04:51.454 26092 26092 I ViewRootImpl@5dfade[MainActivity]:   fitSides= naviIconColor=0}
10-08 21:04:51.454 26092 26092 I ViewRootImpl@5dfade[MainActivity]: performTraversals mFirst=false windowShouldResize=false viewVisibilityChanged=false mForceNextWindowRelayout=false params={(0,0)(fillxfill) sim={state=always_hidden adjust=resize} ty=BASE_APPLICATION fmt=TRANSLUCENT wanim=0x1030309
10-08 21:04:51.454 26092 26092 I ViewRootImpl@5dfade[MainActivity]:   fl=85810100
10-08 21:04:51.454 26092 26092 I ViewRootImpl@5dfade[MainActivity]:   pfl=12020040
10-08 21:04:51.454 26092 26092 I ViewRootImpl@5dfade[MainActivity]:   vsysui=500
10-08 21:04:51.454 26092 26092 I ViewRootImpl@5dfade[MainActivity]:   bhv=DEFAULT
10-08 21:04:51.454 26092 26092 I ViewRootImpl@5dfade[MainActivity]:   fitSides= naviIconColor=0}
10-08 21:04:51.464 26092 26092 I ViewRootImpl@5dfade[MainActivity]: updateBlastSurfaceIfNeeded mBlastBufferQueue=0x7b3bf00c00 isSameSurfaceControl=true
10-08 21:04:51.465 26092 26092 I BLASTBufferQueue: update, w= 1080 h= 2400 mName = ViewRootImpl@5dfade[MainActivity] mNativeObject= 0x7b3bf00c00 sc.mNativeObject= 0x7ae5a9bea0 format= -3 caller= android.view.ViewRootImpl.updateBlastSurfaceIfNeeded:2898 android.view.ViewRootImpl.relayoutWindow:9847 android.view.ViewRootImpl.performTraversals:3884 android.view.ViewRootImpl.doTraversal:3116 android.view.ViewRootImpl$TraversalRunnable.run:10885 android.view.Choreographer$CallbackRecord.run:1301 
10-08 21:04:51.465 26092 26092 I ViewRootImpl@5dfade[MainActivity]: Relayout returned: old=(0,0,1080,2400) new=(0,0,1080,2400) req=(1080,2400)0 dur=10 res=0x0 s={true 0x7bdd469800} ch=false seqId=0
10-08 21:04:51.465 26092 26092 I ViewRootImpl@5dfade[MainActivity]: updateBoundsLayer: t = android.view.SurfaceControl$Transaction@39450ab sc = Surface(name=Bounds for - com.lagradost.cloudstream3/com.lagradost.cloudstream3.MainActivity@0)/@0x5fca308 frame = 850
10-08 21:04:51.465 26092 26092 I ViewRootImpl@5dfade[MainActivity]: mWNT: t=0x7b5c71db00 mBlastBufferQueue=0x7b3bf00c00 fn= 850 caller= android.view.ViewRootImpl.prepareSurfaces:2985 android.view.ViewRootImpl.performTraversals:4233 android.view.ViewRootImpl.doTraversal:3116 
10-08 21:04:51.466 26092 26092 W View    : requestLayout() improperly called by android.widget.FrameLayout{1ad5fb5 I.E..V... ......I. 0,0-0,0 #7f0a04e7 app:id/start_panel} during layout: running second layout pass
10-08 21:04:51.466 26092 26092 W View    : requestLayout() improperly called by android.widget.FrameLayout{4f9164a I.E..V... ......ID 1080,0-1080,2143 #7f0a0168 app:id/end_panel} during layout: running second layout pass
10-08 21:04:51.467 26092 26092 D SurfaceView@8497a85: updateSurface: has no frame
10-08 21:04:51.472 26092 26191 I ViewRootImpl@5dfade[MainActivity]: mWNT: t=0x7b283a3f00 mBlastBufferQueue=0x7b3bf00c00 fn= 850 caller= android.view.ViewRootImpl.lambda$applyTransactionOnDraw$11$android-view-ViewRootImpl:12865 android.view.ViewRootImpl$$ExternalSyntheticLambda1.onFrameDraw:4 android.graphics.HardwareRenderer$FrameDrawingCallback.onFrameDraw:924 
10-08 21:04:51.475 26092 26092 D SurfaceView@8497a85: updateSurface: has no frame
10-08 21:04:51.494 26092 26092 D SurfaceView@8497a85: updateSurface: has no frame
10-08 21:04:51.514 26092 26092 D SurfaceView@8497a85: updateSurface: has no frame
10-08 21:04:51.536 26092 26092 D SurfaceView@8497a85: updateSurface: has no frame
10-08 21:04:51.547 26092 26092 D SurfaceView@8497a85: updateSurface: has no frame
10-08 21:04:51.558 26092 26092 D SurfaceView@8497a85: updateSurface: has no frame
10-08 21:04:51.573 26092 26092 D SurfaceView@8497a85: updateSurface: has no frame
10-08 21:04:51.589 26092 26092 D SurfaceView@8497a85: updateSurface: has no frame
10-08 21:04:51.608 26092 26092 D SurfaceView@8497a85: updateSurface: has no frame
10-08 21:04:51.623 26092 26092 D SurfaceView@8497a85: updateSurface: has no frame
10-08 21:04:51.640 26092 26092 D SurfaceView@8497a85: updateSurface: has no frame
10-08 21:04:51.656 26092 26092 D SurfaceView@8497a85: updateSurface: has no frame
10-08 21:04:51.673 26092 26092 D SurfaceView@8497a85: updateSurface: has no frame
10-08 21:04:51.689 26092 26092 D SurfaceView@8497a85: updateSurface: has no frame
10-08 21:04:51.706 26092 26092 D SurfaceView@8497a85: updateSurface: has no frame
10-08 21:04:51.723 26092 26092 D SurfaceView@8497a85: updateSurface: has no frame
10-08 21:04:51.740 26092 26092 D SurfaceView@8497a85: updateSurface: has no frame
10-08 21:04:51.756 26092 26092 D SurfaceView@8497a85: updateSurface: has no frame
10-08 21:04:51.773 26092 26092 D SurfaceView@8497a85: updateSurface: has no frame
10-08 21:04:51.790 26092 26092 D SurfaceView@8497a85: updateSurface: has no frame
10-08 21:04:51.806 26092 26092 D SurfaceView@8497a85: updateSurface: has no frame
10-08 21:04:51.822 26092 26092 D SurfaceView@8497a85: updateSurface: has no frame
10-08 21:04:51.839 26092 26092 D SurfaceView@8497a85: updateSurface: has no frame
10-08 21:04:51.856 26092 26092 D SurfaceView@8497a85: updateSurface: has no frame
10-08 21:04:51.868 26092 26188 I RVM2    : applyMeta
10-08 21:04:51.873 26092 26092 D SurfaceView@8497a85: updateSurface: has no frame
10-08 21:04:51.875 26092 26092 W PanelsChildGestureRegionObserver: failed to register view with ID 2131362800. already registered
10-08 21:04:51.878 26092 26092 E CoilImgLoader: Error loading image: coil3.request.NullRequestDataException: The request's data is null.
10-08 21:04:51.883 26092 26092 E CoilImgLoader: Error loading image: coil3.request.NullRequestDataException: The request's data is null.
10-08 21:04:51.927 26092 26140 I SYNCVM  : addFromUrl = https://tv6.egydead.live/%d9%85%d8%b4%d8%a7%d9%87%d8%af%d8%a9-%d9%81%d9%8a%d9%84%d9%85-baban-baban-ban-vampire-2025-%d9%85%d8%aa%d8%b1%d8%ac%d9%85/
10-08 21:04:51.927 26092 26140 I SYNCUTIL: getIdsFromUrl https://tv6.egydead.live/%d9%85%d8%b4%d8%a7%d9%87%d8%af%d8%a9-%d9%81%d9%8a%d9%84%d9%85-baban-baban-ban-vampire-2025-%d9%85%d8%aa%d8%b1%d8%ac%d9%85/
10-08 21:04:51.943 26092 26092 D SurfaceView@8497a85: updateSurface: has no frame
10-08 21:04:51.945 26092 26092 I SurfaceView@8497a85: Changes: creating=true format=true size=true visible=true alpha=false hint=false mUseAlpha=false visible=true left=true top=true
10-08 21:04:51.947 26092 26092 I BLASTBufferQueue: update, w= 1080 h= 525 mName = null mNativeObject= 0x7b3bf00f00 sc.mNativeObject= 0x7ae5b32980 format= 4 caller= android.view.SurfaceView.createBlastSurfaceControls:1383 android.view.SurfaceView.updateSurface:1079 android.view.SurfaceView.lambda$new$0$android-view-SurfaceView:200 android.view.SurfaceView$$ExternalSyntheticLambda5.onPreDraw:2 android.view.ViewTreeObserver.dispatchOnPreDraw:1121 android.view.ViewRootImpl.performTraversals:4442 
10-08 21:04:51.947 26092 26092 I SurfaceView@8497a85: 139033221 Cur surface: Surface(name=null)/@0xb7444f4
10-08 21:04:51.947 26092 26092 I SurfaceView@8497a85: pST: sr = Rect(0, 218 - 1080, 743) sw = 1080 sh = 525
10-08 21:04:51.948 26092 26092 D SurfaceView@8497a85: performSurfaceTransaction RenderWorker position = [0, 218, 1080, 743] surfaceSize = 1080x525
10-08 21:04:51.948 26092 26092 I SurfaceView@8497a85: applyTransactionOnVriDraw: vri = ViewRootImpl@5dfade[MainActivity] fRS = false t = 0x7bdd487a00 android.view.SurfaceView.performSurfaceTransaction:959 android.view.SurfaceView.updateSurface:1105 android.view.SurfaceView.lambda$new$0$android-view-SurfaceView:200 
10-08 21:04:51.948 26092 26092 I ViewRootImpl@5dfade[MainActivity]: applyTransactionOnDraw: mRemoved = false isHardwareEnabled = true t = 0x7bdd487a00android.view.SurfaceView.applyTransactionOnVriDraw:2048 android.view.SurfaceView.performSurfaceTransaction:959 android.view.SurfaceView.updateSurface:1105 android.view.SurfaceView.lambda$new$0$android-view-SurfaceView:200 android.view.SurfaceView$$ExternalSyntheticLambda5.onPreDraw:2 
10-08 21:04:51.948 26092 26092 I SurfaceView@8497a85: updateSurface: mVisible = true mSurface.isValid() = true
10-08 21:04:51.948 26092 26092 I SurfaceView@8497a85: updateSurface: mSurfaceCreated = false surfaceChanged = true visibleChanged = true
10-08 21:04:51.948 26092 26092 I SurfaceView@8497a85: visibleChanged -- surfaceCreated
10-08 21:04:51.948 26092 26092 I SurfaceView@8497a85: surfaceCreated 0 #8 android.view.SurfaceView{8497a85 V.E..V... ......ID 0,0-1080,525}
10-08 21:04:51.948 26092 26092 I SurfaceView@8497a85: surfaceChanged -- format=4 w=1080 h=525
10-08 21:04:51.948 26092 26092 I SurfaceView@8497a85: surfaceChanged (1080,525) 0 #8 android.view.SurfaceView{8497a85 V.E..V... ......ID 0,0-1080,525}
10-08 21:04:51.948 26092 26092 I SurfaceView@8497a85: surfaceRedrawNeeded
10-08 21:04:51.949 26092 26092 V SurfaceView@8497a85: Layout: x=0 y=218 w=1080 h=525, frame=Rect(0, 0 - 1080, 525)
10-08 21:04:51.964 26092 26190 D SurfaceView@8497a85: updateSurfacePosition RenderWorker, frameNr = 875, position = [0, 218, 1080, 743] surfaceSize = 1080x525
10-08 21:04:51.964 26092 26190 I SurfaceView@8497a85: uSP: rtp = Rect(0, 218 - 1080, 743) rtsw = 1080 rtsh = 525
10-08 21:04:51.964 26092 26190 I SurfaceView@8497a85: onSSPAndSRT: pl = 0 pt = 218 sx = 1.0 sy = 1.0
10-08 21:04:51.964 26092 26190 I SurfaceView@8497a85: aOrMT: ViewRootImpl@5dfade[MainActivity] t = android.view.SurfaceControl$Transaction@537a519 fN = 875 android.view.SurfaceView.-$$Nest$mapplyOrMergeTransaction:0 android.view.SurfaceView$SurfaceViewPositionUpdateListener.positionChanged:1537 android.graphics.RenderNode$CompositePositionUpdateListener.positionChanged:373 
10-08 21:04:51.965 26092 26190 I ViewRootImpl@5dfade[MainActivity]: mWNT: t=0x7b283a4700 mBlastBufferQueue=0x7b3bf00c00 fn= 875 caller= android.view.SurfaceView.applyOrMergeTransaction:1455 android.view.SurfaceView.-$$Nest$mapplyOrMergeTransaction:0 android.view.SurfaceView$SurfaceViewPositionUpdateListener.positionChanged:1537 
10-08 21:04:51.965 26092 26190 I ViewRootImpl@5dfade[MainActivity]: mWNT: t=0x7bdd487a00 mBlastBufferQueue=0x7b3bf00c00 fn= 875 caller= android.view.ViewRootImpl.lambda$applyTransactionOnDraw$11$android-view-ViewRootImpl:12865 android.view.ViewRootImpl$$ExternalSyntheticLambda1.onFrameDraw:4 android.graphics.HardwareRenderer$FrameDrawingCallback.onFrameDraw:924 
10-08 21:04:51.986 26092 26092 I SurfaceView@8497a85: finishedDrawing
10-08 21:04:52.654 26092 26092 I ViewRootImpl@5dfade[MainActivity]: ViewPostIme pointer 0
10-08 21:04:53.193 26092 26092 I Dialog  : mIsDeviceDefault = false, mIsSamsungBasicInteraction = false, isMetaDataInActivity = false
10-08 21:04:53.230 26092 26092 I DecorView: [INFO] isPopOver=false config=false
10-08 21:04:53.230 26092 26092 I DecorView: updateCaptionType: isFloating=false isApplication=true hasWindowDecorCaption=false this=DecorView@816219f[]
10-08 21:04:53.230 26092 26092 D DecorView: setCaptionType = 0, this = DecorView@816219f[]
10-08 21:04:53.233 26092 26092 I DecorView: getCurrentDensityDpi: from app context. densityDpi=420 msg=resources_loaded
10-08 21:04:53.233 26092 26092 I DecorView: setWindowBackground: isPopOver=false color=0 d=android.graphics.drawable.ColorDrawable@9c786b5
10-08 21:04:53.243 26092 26114 D NativeCustomFrequencyManager: [NativeCFMS] BpCustomFrequencyManager::BpCustomFrequencyManager()
10-08 21:04:53.244 26092 26092 I DecorView: notifyKeepScreenOnChanged: keepScreenOn=false
10-08 21:04:53.258 26092 26092 D InsetsController: onStateChanged: InsetsState: {mDisplayFrame=Rect(0, 0 - 1080, 2400), mDisplayCutout=DisplayCutout{insets=Rect(0, 88 - 0, 0) waterfall=Insets{left=0, top=0, right=0, bottom=0} boundingRect={Bounds=[Rect(0, 0 - 0, 0), Rect(512, 0 - 568, 88), Rect(0, 0 - 0, 0), Rect(0, 0 - 0, 0)]} cutoutPathParserInfo={CutoutPathParserInfo{displayWidth=1080 displayHeight=2400 physicalDisplayWidth=1080 physicalDisplayHeight=2400 density={2.625} cutoutSpec={M 0,0 M 0,12.25101276465640 a 10.60613009248640,10.60613009248640 0 1,0 0,21.21226018497290 a 10.60613009248640,10.60613009248640 0 1,0 0,-21.21226018497290 Z @dp} rotation={0} scale={1.0} physicalPixelDisplaySizeRatio={1.0}}}}, mRoundedCorners=RoundedCorners{[RoundedCorner{position=TopLeft, radius=84, center=Point(84, 84)}, RoundedCorner{position=TopRight, radius=84, center=Point(996, 84)}, RoundedCorner{position=BottomRight, radius=84, center=Point(996, 2316)}, RoundedCorner{position=BottomLeft, radius=84, center=Point(84, 2316)}]}  mRoundedCornerFrame=Rect(0, 0 - 1080, 2400), mPrivacyIndicatorBounds=PrivacyIndicatorBounds {static bounds=Rect(964, 0 - 1080, 87) rotation=0}, mSources= { InsetsSource: {mType=ITYPE_STATUS_BAR, mFrame=[0,0][1080,88], mVisible=true, mInsetsRoundedCornerFrame=false}, InsetsSource: {mType=ITYPE_NAVIGATION_BAR, mFrame=[0,2361][1080,2400], mVisible=true, mInsetsRoundedCornerFrame=false}, InsetsSource: {mType=ITYPE_LEFT_GESTURES, mFrame=[0,0][130,2400], mVisible=true, mInsetsRoundedCornerFrame=false}, InsetsSource: {mType=ITYPE_RIGHT_GESTURES, mFrame=[950,0][1080,2400], mVisible=true, mInsetsRoundedCornerFrame=false}, InsetsSource: {mType=ITYPE_TOP_MANDATORY_GESTURES, mFrame=[0,0][1080,120], mVisible=true, mInsetsRoundedCornerFrame=false}, InsetsSource: {mType=ITYPE_BOTTOM_MANDATORY_GESTURES, mFrame=[0,2316][1080,2400], mVisible=true, mInsetsRoundedCornerFrame=false}, InsetsSource: {mType=ITYPE_LEFT_DISPLAY_CUTOUT, mFrame=[0,0][-100000,2400], mVisible=true, mInsetsRoundedCornerFrame=false}, InsetsSource: {mType=ITYPE_TOP_DISPLAY_CUTOUT, mFrame=[0,0][1080,88], mVisible=true, mInsetsRoundedCornerFrame=false}, InsetsSource: {mType=ITYPE_RIGHT_DISPLAY_CUTOUT, mFrame=[100000,0][1080,2400], mVisible=true, mInsetsRoundedCornerFrame=false}, InsetsSource: {mType=ITYPE_BOTTOM_DISPLAY_CUTOUT, mFrame=[0,100000][1080,2400], mVisible=true, mInsetsRoundedCornerFrame=false}, InsetsSource: {mType=ITYPE_TOP_TAPPABLE_ELEMENT, mFrame=[0,0][1080,88], mVisible=true, mInsetsRoundedCornerFrame=false}, InsetsSource: {mType=ITYPE_BOTTOM_TAPPABLE_ELEMENT, mFrame=[0,0][0,0], mVisible=true, mInsetsRoundedCornerFrame=false}, InsetsSource: {mType=ITYPE_IME, mFrame=[0,0][0,0], mVisibleFrame=[0,1409][1080,2400], mVisible=false, mInsetsRoundedCornerFrame=false} } host=com.lagradost.cloudstream3/com.lagradost.cloudstream3.MainActivity from=android.view.ViewRootImpl.setView:1732
10-08 21:04:53.259 26092 26092 I ViewRootImpl@7231fa2[MainActivity]: setView = com.android.internal.policy.DecorView@816219f TM=true
10-08 21:04:53.276 26092 26092 I ViewRootImpl@7231fa2[MainActivity]: performTraversals params={(0,0)(fillxfill) gr=CENTER sim={adjust=resize forwardNavigation} ty=APPLICATION fmt=TRANSPARENT wanim=0x7f14000b
10-08 21:04:53.276 26092 26092 I ViewRootImpl@7231fa2[MainActivity]:   fl=85810100
10-08 21:04:53.276 26092 26092 I ViewRootImpl@7231fa2[MainActivity]:   pfl=12020040
10-08 21:04:53.276 26092 26092 I ViewRootImpl@7231fa2[MainActivity]:   vsysui=500
10-08 21:04:53.276 26092 26092 I ViewRootImpl@7231fa2[MainActivity]:   bhv=DEFAULT
10-08 21:04:53.276 26092 26092 I ViewRootImpl@7231fa2[MainActivity]:   fitSides= naviIconColor=0}
10-08 21:04:53.277 26092 26092 I ViewRootImpl@7231fa2[MainActivity]: performTraversals mFirst=true windowShouldResize=true viewVisibilityChanged=false mForceNextWindowRelayout=false params={(0,0)(fillxfill) gr=CENTER sim={adjust=resize forwardNavigation} ty=APPLICATION fmt=TRANSPARENT wanim=0x7f14000b
10-08 21:04:53.277 26092 26092 I ViewRootImpl@7231fa2[MainActivity]:   fl=85810100
10-08 21:04:53.277 26092 26092 I ViewRootImpl@7231fa2[MainActivity]:   pfl=12020040
10-08 21:04:53.277 26092 26092 I ViewRootImpl@7231fa2[MainActivity]:   vsysui=500
10-08 21:04:53.277 26092 26092 I ViewRootImpl@7231fa2[MainActivity]:   bhv=DEFAULT
10-08 21:04:53.277 26092 26092 I ViewRootImpl@7231fa2[MainActivity]:   fitSides= naviIconColor=0}
10-08 21:04:53.294 26092 26092 I ViewRootImpl@7231fa2[MainActivity]: updateBlastSurfaceIfNeeded mBlastBufferQueue=null isSameSurfaceControl=false
10-08 21:04:53.295 26092 26092 I BLASTBufferQueue: new BLASTBufferQueue, mName= ViewRootImpl@7231fa2[MainActivity] mNativeObject= 0x7b3bf01200 sc.mNativeObject= 0x7ae5b3e160 caller= android.view.ViewRootImpl.updateBlastSurfaceIfNeeded:2909 android.view.ViewRootImpl.relayoutWindow:9847 android.view.ViewRootImpl.performTraversals:3884 android.view.ViewRootImpl.doTraversal:3116 android.view.ViewRootImpl$TraversalRunnable.run:10885 android.view.Choreographer$CallbackRecord.run:1301 android.view.Choreographer$CallbackRecord.run:1309 android.view.Choreographer.doCallbacks:923 android.view.Choreographer.doFrame:852 android.view.Choreographer$FrameDisplayEventReceiver.run:1283 
10-08 21:04:53.295 26092 26092 I BLASTBufferQueue: update, w= 1080 h= 2400 mName = ViewRootImpl@7231fa2[MainActivity] mNativeObject= 0x7b3bf01200 sc.mNativeObject= 0x7ae5b3e160 format= -2 caller= android.graphics.BLASTBufferQueue.<init>:84 android.view.ViewRootImpl.updateBlastSurfaceIfNeeded:2909 android.view.ViewRootImpl.relayoutWindow:9847 android.view.ViewRootImpl.performTraversals:3884 android.view.ViewRootImpl.doTraversal:3116 android.view.ViewRootImpl$TraversalRunnable.run:10885 
10-08 21:04:53.296 26092 26092 I ViewRootImpl@7231fa2[MainActivity]: Relayout returned: old=(0,0,1080,2400) new=(0,0,1080,2400) req=(1080,2400)0 dur=17 res=0x3 s={true 0x7b1c0b5000} ch=true seqId=0
10-08 21:04:53.296 26092 26092 I ViewRootImpl@7231fa2[MainActivity]: mThreadedRenderer.initialize() mSurface={isValid=true 0x7b1c0b5000} hwInitialized=true
10-08 21:04:53.297 26092 26114 D OpenGLRenderer: eglCreateWindowSurface
10-08 21:04:53.311 26092 26092 D AbsListView:  in onLayout changed 
10-08 21:04:53.312 26092 26092 I ViewRootImpl@7231fa2[MainActivity]: reportNextDraw android.view.ViewRootImpl.performTraversals:4438 android.view.ViewRootImpl.doTraversal:3116 android.view.ViewRootImpl$TraversalRunnable.run:10885 android.view.Choreographer$CallbackRecord.run:1301 android.view.Choreographer$CallbackRecord.run:1309 
10-08 21:04:53.312 26092 26092 I ViewRootImpl@7231fa2[MainActivity]: Setup new sync id=0
10-08 21:04:53.313 26092 26092 I ViewRootImpl@7231fa2[MainActivity]: Setting syncFrameCallback
10-08 21:04:53.313 26092 26092 I ViewRootImpl@7231fa2[MainActivity]: registerCallbacksForSync syncBuffer=false
10-08 21:04:53.315 26092 26191 I ViewRootImpl@7231fa2[MainActivity]: Received frameDrawingCallback syncResult=0 frameNum=1.
10-08 21:04:53.316 26092 26191 I ViewRootImpl@7231fa2[MainActivity]: Setting up sync and frameCommitCallback
10-08 21:04:53.321 26092 26114 I BLASTBufferQueue: [ViewRootImpl@7231fa2[MainActivity]#12](f:0,a:0) onFrameAvailable the first frame is available
10-08 21:04:53.323 26092 26114 I ViewRootImpl@7231fa2[MainActivity]: Received frameCommittedCallback lastAttemptedDrawFrameNum=1 didProduceBuffer=true
10-08 21:04:53.325 26092 26114 D OpenGLRenderer: CFMS:: SetUp Pid : 26092    Tid : 26114
10-08 21:04:53.329 26092 26092 I ViewRootImpl@7231fa2[MainActivity]: onSyncComplete
10-08 21:04:53.330 26092 26092 I ViewRootImpl@7231fa2[MainActivity]: setupSync seqId=0 mSyncId=0 fn=1 caller=android.view.ViewRootImpl$$ExternalSyntheticLambda11.accept:6 android.window.SurfaceSyncer.lambda$setupSync$1$android-window-SurfaceSyncer:128 android.window.SurfaceSyncer$$ExternalSyntheticLambda1.accept:8 android.window.SurfaceSyncer$SyncSet.checkIfSyncIsComplete:382 android.window.SurfaceSyncer$SyncSet.markSyncReady:359 android.window.SurfaceSyncer.markSyncReady:151 android.view.ViewRootImpl.performTraversals:4503 
10-08 21:04:53.330 26092 26092 I ViewRootImpl@7231fa2[MainActivity]: reportDrawFinished seqId=0 mSyncId=-1 fn=1 mSurfaceChangedTransaction=0x7b2844a300
10-08 21:04:53.333 26092 26092 I ViewRootImpl@5dfade[MainActivity]: MSG_WINDOW_FOCUS_CHANGED 0 0
10-08 21:04:53.392 26092 26092 I ViewRootImpl@7231fa2[MainActivity]: MSG_WINDOW_FOCUS_CHANGED 1 0
10-08 21:04:53.392 26092 26092 I ViewRootImpl@7231fa2[MainActivity]: mThreadedRenderer.initializeIfNeeded()#2 mSurface={isValid=true 0x7b1c0b5000}
10-08 21:04:53.394 26092 26092 D InputMethodManager: startInputInner - Id : 0
10-08 21:04:53.394 26092 26092 I InputMethodManager: startInputInner - mService.startInputOrWindowGainedFocus
10-08 21:04:53.491 26092 26092 I ViewRootImpl@5dfade[MainActivity]: ViewPostIme pointer 1
10-08 21:04:56.595 26092 26092 I ViewRootImpl@7231fa2[MainActivity]: ViewPostIme pointer 0
10-08 21:04:56.644 26092 26092 I ViewRootImpl@7231fa2[MainActivity]: ViewPostIme pointer 1
10-08 21:04:56.645 26092 26092 D AbsListView: onTouchUp() mTouchMode : 0
10-08 21:04:56.717 26092 26147 D EgyDead : Loading links for URL: https://tv6.egydead.live/%d9%85%d8%b4%d8%a7%d9%87%d8%af%d8%a9-%d9%81%d9%8a%d9%84%d9%85-baban-baban-ban-vampire-2025-%d9%85%d8%aa%d8%b1%d8%ac%d9%85/
10-08 21:04:56.719 26092 26092 I MSHandlerLifeCycle: removeMultiSplitHandler: no exist. decor=DecorView@816219f[MainActivity]
10-08 21:04:56.722 26092 26114 D OpenGLRenderer: setSurface called with nullptr
10-08 21:04:56.722 26092 26114 D OpenGLRenderer: setSurface() destroyed EGLSurface
10-08 21:04:56.722 26092 26114 D OpenGLRenderer: destroyEglSurface
10-08 21:04:56.725 26092 26114 D OpenGLRenderer: endAllActiveAnimators on 0x7b1bf0fb00 (MaterialTextView) with handle 0x7b47dc9340
10-08 21:04:56.725 26092 26092 I ViewRootImpl@7231fa2[MainActivity]: dispatchDetachedFromWindow
10-08 21:04:56.753 26092 26092 D InputTransport: Input channel destroyed: '89a42f4', fd=159
10-08 21:04:56.756 26092 26092 I Dialog  : mIsDeviceDefault = false, mIsSamsungBasicInteraction = false, isMetaDataInActivity = false
10-08 21:04:56.827 26092 26092 I DecorView: [INFO] isPopOver=false config=false
10-08 21:04:56.827 26092 26092 I DecorView: updateCaptionType: isFloating=false isApplication=true hasWindowDecorCaption=false this=DecorView@b3a7fe1[]
10-08 21:04:56.827 26092 26092 D DecorView: setCaptionType = 0, this = DecorView@b3a7fe1[]
10-08 21:04:56.829 26092 26092 I DecorView: getCurrentDensityDpi: from app context. densityDpi=420 msg=resources_loaded
10-08 21:04:56.829 26092 26092 I DecorView: setWindowBackground: isPopOver=false color=0 d=android.graphics.drawable.ColorDrawable@e29e3c7
10-08 21:04:56.835 26092 26114 D NativeCustomFrequencyManager: [NativeCFMS] BpCustomFrequencyManager::BpCustomFrequencyManager()
10-08 21:04:56.836 26092 26092 I DecorView: notifyKeepScreenOnChanged: keepScreenOn=false
10-08 21:04:56.846 26092 26092 D InsetsController: onStateChanged: InsetsState: {mDisplayFrame=Rect(0, 0 - 1080, 2400), mDisplayCutout=DisplayCutout{insets=Rect(0, 88 - 0, 0) waterfall=Insets{left=0, top=0, right=0, bottom=0} boundingRect={Bounds=[Rect(0, 0 - 0, 0), Rect(512, 0 - 568, 88), Rect(0, 0 - 0, 0), Rect(0, 0 - 0, 0)]} cutoutPathParserInfo={CutoutPathParserInfo{displayWidth=1080 displayHeight=2400 physicalDisplayWidth=1080 physicalDisplayHeight=2400 density={2.625} cutoutSpec={M 0,0 M 0,12.25101276465640 a 10.60613009248640,10.60613009248640 0 1,0 0,21.21226018497290 a 10.60613009248640,10.60613009248640 0 1,0 0,-21.21226018497290 Z @dp} rotation={0} scale={1.0} physicalPixelDisplaySizeRatio={1.0}}}}, mRoundedCorners=RoundedCorners{[RoundedCorner{position=TopLeft, radius=84, center=Point(84, 84)}, RoundedCorner{position=TopRight, radius=84, center=Point(996, 84)}, RoundedCorner{position=BottomRight, radius=84, center=Point(996, 2316)}, RoundedCorner{position=BottomLeft, radius=84, center=Point(84, 2316)}]}  mRoundedCornerFrame=Rect(0, 0 - 1080, 2400), mPrivacyIndicatorBounds=PrivacyIndicatorBounds {static bounds=Rect(964, 0 - 1080, 87) rotation=0}, mSources= { InsetsSource: {mType=ITYPE_STATUS_BAR, mFrame=[0,0][1080,88], mVisible=true, mInsetsRoundedCornerFrame=false}, InsetsSource: {mType=ITYPE_NAVIGATION_BAR, mFrame=[0,2361][1080,2400], mVisible=true, mInsetsRoundedCornerFrame=false}, InsetsSource: {mType=ITYPE_LEFT_GESTURES, mFrame=[0,0][130,2400], mVisible=true, mInsetsRoundedCornerFrame=false}, InsetsSource: {mType=ITYPE_RIGHT_GESTURES, mFrame=[950,0][1080,2400], mVisible=true, mInsetsRoundedCornerFrame=false}, InsetsSource: {mType=ITYPE_TOP_MANDATORY_GESTURES, mFrame=[0,0][1080,120], mVisible=true, mInsetsRoundedCornerFrame=false}, InsetsSource: {mType=ITYPE_BOTTOM_MANDATORY_GESTURES, mFrame=[0,2316][1080,2400], mVisible=true, mInsetsRoundedCornerFrame=false}, InsetsSource: {mType=ITYPE_LEFT_DISPLAY_CUTOUT, mFrame=[0,0][-100000,2400], mVisible=true, mInsetsRoundedCornerFrame=false}, InsetsSource: {mType=ITYPE_TOP_DISPLAY_CUTOUT, mFrame=[0,0][1080,88], mVisible=true, mInsetsRoundedCornerFrame=false}, InsetsSource: {mType=ITYPE_RIGHT_DISPLAY_CUTOUT, mFrame=[100000,0][1080,2400], mVisible=true, mInsetsRoundedCornerFrame=false}, InsetsSource: {mType=ITYPE_BOTTOM_DISPLAY_CUTOUT, mFrame=[0,100000][1080,2400], mVisible=true, mInsetsRoundedCornerFrame=false}, InsetsSource: {mType=ITYPE_TOP_TAPPABLE_ELEMENT, mFrame=[0,0][1080,88], mVisible=true, mInsetsRoundedCornerFrame=false}, InsetsSource: {mType=ITYPE_BOTTOM_TAPPABLE_ELEMENT, mFrame=[0,0][0,0], mVisible=true, mInsetsRoundedCornerFrame=false}, InsetsSource: {mType=ITYPE_IME, mFrame=[0,0][0,0], mVisibleFrame=[0,1409][1080,2400], mVisible=false, mInsetsRoundedCornerFrame=false} } host=com.lagradost.cloudstream3/com.lagradost.cloudstream3.MainActivity from=android.view.ViewRootImpl.setView:1732
10-08 21:04:56.847 26092 26092 I ViewRootImpl@529e78c[MainActivity]: setView = com.android.internal.policy.DecorView@b3a7fe1 TM=true
10-08 21:04:56.852 26092 26092 I ViewRootImpl@529e78c[MainActivity]: performTraversals params={(0,0)(fillxfill) gr=CENTER sim={adjust=resize forwardNavigation} ty=APPLICATION fmt=TRANSPARENT wanim=0x7f14000b
10-08 21:04:56.852 26092 26092 I ViewRootImpl@529e78c[MainActivity]:   fl=85810100
10-08 21:04:56.852 26092 26092 I ViewRootImpl@529e78c[MainActivity]:   pfl=12020040
10-08 21:04:56.852 26092 26092 I ViewRootImpl@529e78c[MainActivity]:   vsysui=500
10-08 21:04:56.852 26092 26092 I ViewRootImpl@529e78c[MainActivity]:   bhv=DEFAULT
10-08 21:04:56.852 26092 26092 I ViewRootImpl@529e78c[MainActivity]:   fitSides= naviIconColor=0}
10-08 21:04:56.853 26092 26092 I ViewRootImpl@529e78c[MainActivity]: performTraversals mFirst=true windowShouldResize=true viewVisibilityChanged=false mForceNextWindowRelayout=false params={(0,0)(fillxfill) gr=CENTER sim={adjust=resize forwardNavigation} ty=APPLICATION fmt=TRANSPARENT wanim=0x7f14000b
10-08 21:04:56.853 26092 26092 I ViewRootImpl@529e78c[MainActivity]:   fl=85810100
10-08 21:04:56.853 26092 26092 I ViewRootImpl@529e78c[MainActivity]:   pfl=12020040
10-08 21:04:56.853 26092 26092 I ViewRootImpl@529e78c[MainActivity]:   vsysui=500
10-08 21:04:56.853 26092 26092 I ViewRootImpl@529e78c[MainActivity]:   bhv=DEFAULT
10-08 21:04:56.853 26092 26092 I ViewRootImpl@529e78c[MainActivity]:   fitSides= naviIconColor=0}
10-08 21:04:56.862 26092 26092 I ViewRootImpl@529e78c[MainActivity]: updateBlastSurfaceIfNeeded mBlastBufferQueue=null isSameSurfaceControl=false
10-08 21:04:56.863 26092 26092 I BLASTBufferQueue: new BLASTBufferQueue, mName= ViewRootImpl@529e78c[MainActivity] mNativeObject= 0x7b3bf01200 sc.mNativeObject= 0x7b1bf825e0 caller= android.view.ViewRootImpl.updateBlastSurfaceIfNeeded:2909 android.view.ViewRootImpl.relayoutWindow:9847 android.view.ViewRootImpl.performTraversals:3884 android.view.ViewRootImpl.doTraversal:3116 android.view.ViewRootImpl$TraversalRunnable.run:10885 android.view.Choreographer$CallbackRecord.run:1301 android.view.Choreographer$CallbackRecord.run:1309 android.view.Choreographer.doCallbacks:923 android.view.Choreographer.doFrame:852 android.view.Choreographer$FrameDisplayEventReceiver.run:1283 
10-08 21:04:56.863 26092 26092 I BLASTBufferQueue: update, w= 1080 h= 2400 mName = ViewRootImpl@529e78c[MainActivity] mNativeObject= 0x7b3bf01200 sc.mNativeObject= 0x7b1bf825e0 format= -2 caller= android.graphics.BLASTBufferQueue.<init>:84 android.view.ViewRootImpl.updateBlastSurfaceIfNeeded:2909 android.view.ViewRootImpl.relayoutWindow:9847 android.view.ViewRootImpl.performTraversals:3884 android.view.ViewRootImpl.doTraversal:3116 android.view.ViewRootImpl$TraversalRunnable.run:10885 
10-08 21:04:56.863 26092 26092 I ViewRootImpl@529e78c[MainActivity]: Relayout returned: old=(0,0,1080,2400) new=(0,0,1080,2400) req=(1080,2400)0 dur=9 res=0x3 s={true 0x7b1c11a000} ch=true seqId=0
10-08 21:04:56.864 26092 26092 I ViewRootImpl@529e78c[MainActivity]: mThreadedRenderer.initialize() mSurface={isValid=true 0x7b1c11a000} hwInitialized=true
10-08 21:04:56.864 26092 26114 D OpenGLRenderer: eglCreateWindowSurface
10-08 21:04:56.866 26092 26092 I ViewRootImpl@529e78c[MainActivity]: reportNextDraw android.view.ViewRootImpl.performTraversals:4438 android.view.ViewRootImpl.doTraversal:3116 android.view.ViewRootImpl$TraversalRunnable.run:10885 android.view.Choreographer$CallbackRecord.run:1301 android.view.Choreographer$CallbackRecord.run:1309 
10-08 21:04:56.866 26092 26092 I ViewRootImpl@529e78c[MainActivity]: Setup new sync id=0
10-08 21:04:56.866 26092 26092 I ViewRootImpl@529e78c[MainActivity]: Setting syncFrameCallback
10-08 21:04:56.866 26092 26092 I ViewRootImpl@529e78c[MainActivity]: registerCallbacksForSync syncBuffer=false
10-08 21:04:56.870 26092 26190 I ViewRootImpl@529e78c[MainActivity]: Received frameDrawingCallback syncResult=0 frameNum=1.
10-08 21:04:56.870 26092 26190 I ViewRootImpl@529e78c[MainActivity]: Setting up sync and frameCommitCallback
10-08 21:04:56.876 26092 26114 I BLASTBufferQueue: [ViewRootImpl@529e78c[MainActivity]#13](f:0,a:0) onFrameAvailable the first frame is available
10-08 21:04:56.877 26092 26114 I ViewRootImpl@529e78c[MainActivity]: Received frameCommittedCallback lastAttemptedDrawFrameNum=1 didProduceBuffer=true
