10-08 14:21:54.452  7337  7408 W System.err: 	at okhttp3.internal.connection.RealCall.getResponseWithInterceptorChain$okhttp(RealCall.kt:205)
10-08 14:21:54.452  7337  7410 I System.out: Exception in NiceHttp: java.io.IOException Canceled
10-08 14:21:54.452  7337  7408 W System.err: 	at okhttp3.internal.connection.RealCall$AsyncCall.run(RealCall.kt:543)
10-08 14:21:54.452  7337  7408 W System.err: 	at java.util.concurrent.ThreadPoolExecutor.runWorker(ThreadPoolExecutor.java:1156)
10-08 14:21:54.452  7337  7408 W System.err: 	at java.util.concurrent.ThreadPoolExecutor$Worker.run(ThreadPoolExecutor.java:651)
10-08 14:21:54.452  7337  7408 W System.err: 	at java.lang.Thread.run(Thread.java:1119)
10-08 14:21:54.452  7337  7396 D ApiError: -------------------------------------------------------------------
10-08 14:21:54.452  7337  7396 D ApiError: safeApiCall: Parent job is Cancelling
10-08 14:21:54.452  7337  7396 D ApiError: safeApiCall: Parent job is Cancelling
10-08 14:21:54.453  7337  7396 W System.err: kotlinx.coroutines.JobCancellationException: Parent job is Cancelling; job=BlockingCoroutine{Cancelling}@829d195
10-08 14:21:54.453  7337  7396 W System.err: Caused by: org.jsoup.select.Selector$SelectorParseException: Did not find balanced marker at 'eval(function(p,a,c,k,e,d))'
10-08 14:21:54.453  7337  7396 W System.err: 	at org.jsoup.select.QueryParser.parse(QueryParser.java:49)
10-08 14:21:54.453  7337  7396 W System.err: 	at org.jsoup.select.Selector.selectFirst(Selector.java:197)
10-08 14:21:54.453  7337  7396 W System.err: 	at org.jsoup.nodes.Element.selectFirst(Element.java:537)
10-08 14:21:54.453  7337  7396 W System.err: 	at com.egydead.StreamHGBase.getUrl$suspendImpl(EgyDeadExtractors.kt:60)
10-08 14:21:54.453  7337  7396 W System.err: 	at com.egydead.StreamHGBase$getUrl$1.invokeSuspend(Unknown Source:18)
10-08 14:21:54.453  7337  7396 W System.err: 	at kotlin.coroutines.jvm.internal.BaseContinuationImpl.resumeWith(ContinuationImpl.kt:33)
10-08 14:21:54.453  7337  7396 W System.err: 	at kotlinx.coroutines.DispatchedTask.run(DispatchedTask.kt:100)
10-08 14:21:54.453  7337  7396 W System.err: 	at kotlinx.coroutines.EventLoopImplBase.processNextEvent(EventLoop.common.kt:263)
10-08 14:21:54.453  7337  7396 W System.err: 	at kotlinx.coroutines.BlockingCoroutine.joinBlocking(Builders.kt:95)
10-08 14:21:54.453  7337  7396 W System.err: 	at kotlinx.coroutines.BuildersKt__BuildersKt.runBlocking(Builders.kt:69)
10-08 14:21:54.453  7337  7396 W System.err: 	at kotlinx.coroutines.BuildersKt.runBlocking(Unknown Source:1)
10-08 14:21:54.453  7337  7396 W System.err: 	at kotlinx.coroutines.BuildersKt__BuildersKt.runBlocking$default(Builders.kt:47)
10-08 14:21:54.454  7337  7396 W System.err: 	at kotlinx.coroutines.BuildersKt.runBlocking$default(Unknown Source:1)
10-08 14:21:54.454  7337  7396 W System.err: 	at com.lagradost.cloudstream3.ParCollectionsKt.apmap(ParCollections.kt:49)
10-08 14:21:54.454  7337  7396 W System.err: 	at com.egydead.EgyDeadProvider.loadLinks(EgyDeadProvider.kt:166)
10-08 14:21:54.454  7337  7396 W System.err: 	at com.egydead.EgyDeadProvider$loadLinks$1.invokeSuspend(Unknown Source:18)
10-08 14:21:54.454  7337  7396 W System.err: 	at kotlin.coroutines.jvm.internal.BaseContinuationImpl.resumeWith(ContinuationImpl.kt:33)
10-08 14:21:54.454  7337  7396 W System.err: 	at kotlinx.coroutines.DispatchedTask.run(DispatchedTask.kt:100)
10-08 14:21:54.454  7337  7396 W System.err: 	at kotlinx.coroutines.internal.LimitedDispatcher$Worker.run(LimitedDispatcher.kt:113)
10-08 14:21:54.454  7337  7396 W System.err: 	at kotlinx.coroutines.scheduling.TaskImpl.run(Tasks.kt:89)
10-08 14:21:54.454  7337  7396 W System.err: 	at kotlinx.coroutines.scheduling.CoroutineScheduler.runSafely(CoroutineScheduler.kt:586)
10-08 14:21:54.454  7337  7396 W System.err: 	at kotlinx.coroutines.scheduling.CoroutineScheduler$Worker.executeTask(CoroutineScheduler.kt:820)
10-08 14:21:54.455  7337  7396 W System.err: 	at kotlinx.coroutines.scheduling.CoroutineScheduler$Worker.runWorker(CoroutineScheduler.kt:717)
10-08 14:21:54.455  7337  7396 W System.err: 	at kotlinx.coroutines.scheduling.CoroutineScheduler$Worker.run(CoroutineScheduler.kt:704)
10-08 14:21:54.455  7337  7396 D ApiError: -------------------------------------------------------------------
10-08 14:21:54.455  7337  7410 W System.err: java.io.IOException: Canceled
10-08 14:21:54.455  7337  7410 W System.err: 	at okhttp3.internal.http.RetryAndFollowUpInterceptor.intercept(RetryAndFollowUpInterceptor.kt:61)
10-08 14:21:54.455  7337  7410 W System.err: 	at okhttp3.internal.http.RealInterceptorChain.proceed(RealInterceptorChain.kt:109)
10-08 14:21:54.456  7337  7410 W System.err: 	at okhttp3.internal.connection.RealCall.getResponseWithInterceptorChain$okhttp(RealCall.kt:205)
10-08 14:21:54.456  7337  7410 W System.err: 	at okhttp3.internal.connection.RealCall$AsyncCall.run(RealCall.kt:543)
10-08 14:21:54.456  7337  7410 W System.err: 	at java.util.concurrent.ThreadPoolExecutor.runWorker(ThreadPoolExecutor.java:1156)
10-08 14:21:54.456  7337  7410 W System.err: 	at java.util.concurrent.ThreadPoolExecutor$Worker.run(ThreadPoolExecutor.java:651)
10-08 14:21:54.456  7337  7410 W System.err: 	at java.lang.Thread.run(Thread.java:1119)
10-08 14:21:54.456  7337  7396 E SafeGet : Failed to get document for url: https://forafile.com/embed-pfm1eaxo8q0f.html
10-08 14:21:54.456  7337  7396 E SafeGet : kotlinx.coroutines.JobCancellationException: Parent job is Cancelling; job=BlockingCoroutine{Cancelling}@829d195
10-08 14:21:54.456  7337  7396 E SafeGet : Caused by: org.jsoup.select.Selector$SelectorParseException: Did not find balanced marker at 'eval(function(p,a,c,k,e,d))'
10-08 14:21:54.456  7337  7396 E SafeGet : 	at org.jsoup.select.QueryParser.parse(QueryParser.java:49)
10-08 14:21:54.456  7337  7396 E SafeGet : 	at org.jsoup.select.Selector.selectFirst(Selector.java:197)
10-08 14:21:54.456  7337  7396 E SafeGet : 	at org.jsoup.nodes.Element.selectFirst(Element.java:537)
10-08 14:21:54.456  7337  7396 E SafeGet : 	at com.egydead.StreamHGBase.getUrl$suspendImpl(EgyDeadExtractors.kt:60)
10-08 14:21:54.456  7337  7396 E SafeGet : 	at com.egydead.StreamHGBase$getUrl$1.invokeSuspend(Unknown Source:18)
10-08 14:21:54.456  7337  7396 E SafeGet : 	at kotlin.coroutines.jvm.internal.BaseContinuationImpl.resumeWith(ContinuationImpl.kt:33)
10-08 14:21:54.456  7337  7396 E SafeGet : 	at kotlinx.coroutines.DispatchedTask.run(DispatchedTask.kt:100)
10-08 14:21:54.456  7337  7396 E SafeGet : 	at kotlinx.coroutines.EventLoopImplBase.processNextEvent(EventLoop.common.kt:263)
10-08 14:21:54.456  7337  7396 E SafeGet : 	at kotlinx.coroutines.BlockingCoroutine.joinBlocking(Builders.kt:95)
10-08 14:21:54.456  7337  7396 E SafeGet : 	at kotlinx.coroutines.BuildersKt__BuildersKt.runBlocking(Builders.kt:69)
10-08 14:21:54.456  7337  7396 E SafeGet : 	at kotlinx.coroutines.BuildersKt.runBlocking(Unknown Source:1)
10-08 14:21:54.456  7337  7396 E SafeGet : 	at kotlinx.coroutines.BuildersKt__BuildersKt.runBlocking$default(Builders.kt:47)
10-08 14:21:54.456  7337  7396 E SafeGet : 	at kotlinx.coroutines.BuildersKt.runBlocking$default(Unknown Source:1)
10-08 14:21:54.456  7337  7396 E SafeGet : 	at com.lagradost.cloudstream3.ParCollectionsKt.apmap(ParCollections.kt:49)
10-08 14:21:54.456  7337  7396 E SafeGet : 	at com.egydead.EgyDeadProvider.loadLinks(EgyDeadProvider.kt:166)
10-08 14:21:54.456  7337  7396 E SafeGet : 	at com.egydead.EgyDeadProvider$loadLinks$1.invokeSuspend(Unknown Source:18)
10-08 14:21:54.456  7337  7396 E SafeGet : 	at kotlin.coroutines.jvm.internal.BaseContinuationImpl.resumeWith(ContinuationImpl.kt:33)
10-08 14:21:54.456  7337  7396 E SafeGet : 	at kotlinx.coroutines.DispatchedTask.run(DispatchedTask.kt:100)
10-08 14:21:54.456  7337  7396 E SafeGet : 	at kotlinx.coroutines.internal.LimitedDispatcher$Worker.run(LimitedDispatcher.kt:113)
10-08 14:21:54.456  7337  7396 E SafeGet : 	at kotlinx.coroutines.scheduling.TaskImpl.run(Tasks.kt:89)
10-08 14:21:54.456  7337  7396 E SafeGet : 	at kotlinx.coroutines.scheduling.CoroutineScheduler.runSafely(CoroutineScheduler.kt:586)
10-08 14:21:54.456  7337  7396 E SafeGet : 	at kotlinx.coroutines.scheduling.CoroutineScheduler$Worker.executeTask(CoroutineScheduler.kt:820)
10-08 14:21:54.456  7337  7396 E SafeGet : 	at kotlinx.coroutines.scheduling.CoroutineScheduler$Worker.runWorker(CoroutineScheduler.kt:717)
10-08 14:21:54.456  7337  7396 E SafeGet : 	at kotlinx.coroutines.scheduling.CoroutineScheduler$Worker.run(CoroutineScheduler.kt:704)
10-08 14:21:54.457  7337  7396 E Forafile: Packed JS not found on page for https://forafile.com/embed-pfm1eaxo8q0f.html. Check for Cloudflare.
10-08 14:21:54.457  7337  7396 D ApiError: -------------------------------------------------------------------
10-08 14:21:54.457  7337  7396 D ApiError: safeApiCall: Parent job is Cancelling
10-08 14:21:54.457  7337  7396 D ApiError: safeApiCall: Parent job is Cancelling
10-08 14:21:54.457  7337  7396 W System.err: kotlinx.coroutines.JobCancellationException: Parent job is Cancelling; job=BlockingCoroutine{Cancelling}@829d195
10-08 14:21:54.457  7337  7396 W System.err: Caused by: org.jsoup.select.Selector$SelectorParseException: Did not find balanced marker at 'eval(function(p,a,c,k,e,d))'
10-08 14:21:54.457  7337  7396 W System.err: 	at org.jsoup.select.QueryParser.parse(QueryParser.java:49)
10-08 14:21:54.457  7337  7396 W System.err: 	at org.jsoup.select.Selector.selectFirst(Selector.java:197)
10-08 14:21:54.457  7337  7396 W System.err: 	at org.jsoup.nodes.Element.selectFirst(Element.java:537)
10-08 14:21:54.457  7337  7396 W System.err: 	at com.egydead.StreamHGBase.getUrl$suspendImpl(EgyDeadExtractors.kt:60)
10-08 14:21:54.457  7337  7396 W System.err: 	at com.egydead.StreamHGBase$getUrl$1.invokeSuspend(Unknown Source:18)
10-08 14:21:54.457  7337  7396 W System.err: 	at kotlin.coroutines.jvm.internal.BaseContinuationImpl.resumeWith(ContinuationImpl.kt:33)
10-08 14:21:54.457  7337  7396 W System.err: 	at kotlinx.coroutines.DispatchedTask.run(DispatchedTask.kt:100)
10-08 14:21:54.457  7337  7396 W System.err: 	at kotlinx.coroutines.EventLoopImplBase.processNextEvent(EventLoop.common.kt:263)
10-08 14:21:54.458  7337  7396 W System.err: 	at kotlinx.coroutines.BlockingCoroutine.joinBlocking(Builders.kt:95)
10-08 14:21:54.458  7337  7396 W System.err: 	at kotlinx.coroutines.BuildersKt__BuildersKt.runBlocking(Builders.kt:69)
10-08 14:21:54.458  7337  7396 W System.err: 	at kotlinx.coroutines.BuildersKt.runBlocking(Unknown Source:1)
10-08 14:21:54.458  7337  7412 I System.out: Exception in NiceHttp: java.io.IOException Canceled
10-08 14:21:54.458  7337  7396 W System.err: 	at kotlinx.coroutines.BuildersKt__BuildersKt.runBlocking$default(Builders.kt:47)
10-08 14:21:54.458  7337  7396 W System.err: 	at kotlinx.coroutines.BuildersKt.runBlocking$default(Unknown Source:1)
10-08 14:21:54.458  7337  7396 W System.err: 	at com.lagradost.cloudstream3.ParCollectionsKt.apmap(ParCollections.kt:49)
10-08 14:21:54.458  7337  7396 W System.err: 	at com.egydead.EgyDeadProvider.loadLinks(EgyDeadProvider.kt:166)
10-08 14:21:54.458  7337  7396 W System.err: 	at com.egydead.EgyDeadProvider$loadLinks$1.invokeSuspend(Unknown Source:18)
10-08 14:21:54.458  7337  7396 W System.err: 	at kotlin.coroutines.jvm.internal.BaseContinuationImpl.resumeWith(ContinuationImpl.kt:33)
10-08 14:21:54.458  7337  7396 W System.err: 	at kotlinx.coroutines.DispatchedTask.run(DispatchedTask.kt:100)
10-08 14:21:54.458  7337  7396 W System.err: 	at kotlinx.coroutines.internal.LimitedDispatcher$Worker.run(LimitedDispatcher.kt:113)
10-08 14:21:54.458  7337  7396 W System.err: 	at kotlinx.coroutines.scheduling.TaskImpl.run(Tasks.kt:89)
10-08 14:21:54.458  7337  7396 W System.err: 	at kotlinx.coroutines.scheduling.CoroutineScheduler.runSafely(CoroutineScheduler.kt:586)
10-08 14:21:54.458  7337  7396 W System.err: 	at kotlinx.coroutines.scheduling.CoroutineScheduler$Worker.executeTask(CoroutineScheduler.kt:820)
10-08 14:21:54.458  7337  7396 W System.err: 	at kotlinx.coroutines.scheduling.CoroutineScheduler$Worker.runWorker(CoroutineScheduler.kt:717)
10-08 14:21:54.458  7337  7396 W System.err: 	at kotlinx.coroutines.scheduling.CoroutineScheduler$Worker.run(CoroutineScheduler.kt:704)
10-08 14:21:54.458  7337  7396 D ApiError: -------------------------------------------------------------------
10-08 14:21:54.458  7337  7411 I System.out: Exception in NiceHttp: java.io.IOException Canceled
10-08 14:21:54.458  7337  7411 W System.err: java.io.IOException: Canceled
10-08 14:21:54.459  7337  7411 W System.err: 	at okhttp3.internal.http.RetryAndFollowUpInterceptor.intercept(RetryAndFollowUpInterceptor.kt:61)
10-08 14:21:54.459  7337  7396 D ApiError: -------------------------------------------------------------------
10-08 14:21:54.459  7337  7396 D ApiError: safeApiCall: Parent job is Cancelling
10-08 14:21:54.459  7337  7396 D ApiError: safeApiCall: Parent job is Cancelling
10-08 14:21:54.459  7337  7411 W System.err: 	at okhttp3.internal.http.RealInterceptorChain.proceed(RealInterceptorChain.kt:109)
10-08 14:21:54.459  7337  7411 W System.err: 	at com.lagradost.cloudstream3.network.CloudflareKiller$intercept$1.invokeSuspend(CloudflareKiller.kt:59)
10-08 14:21:54.459  7337  7411 W System.err: 	at kotlin.coroutines.jvm.internal.BaseContinuationImpl.resumeWith(ContinuationImpl.kt:33)
10-08 14:21:54.459  7337  7363 D OpenGLRenderer: setSurface called with nullptr
10-08 14:21:54.460  7337  7411 W System.err: 	at kotlinx.coroutines.DispatchedTask.run(DispatchedTask.kt:100)
10-08 14:21:54.460  7337  7409 I System.out: Exception in NiceHttp: java.io.IOException Canceled
10-08 14:21:54.460  7337  7411 W System.err: 	at kotlinx.coroutines.EventLoopImplBase.processNextEvent(EventLoop.common.kt:263)
10-08 14:21:54.460  7337  7411 W System.err: 	at kotlinx.coroutines.BlockingCoroutine.joinBlocking(Builders.kt:95)
10-08 14:21:54.461  7337  7411 W System.err: 	at kotlinx.coroutines.BuildersKt__BuildersKt.runBlocking(Builders.kt:69)
10-08 14:21:54.461  7337  7411 W System.err: 	at kotlinx.coroutines.BuildersKt.runBlocking(Unknown Source:1)
10-08 14:21:54.461  7337  7411 W System.err: 	at kotlinx.coroutines.BuildersKt__BuildersKt.runBlocking$default(Builders.kt:47)
10-08 14:21:54.461  7337  7411 W System.err: 	at kotlinx.coroutines.BuildersKt.runBlocking$default(Unknown Source:1)
10-08 14:21:54.461  7337  7411 W System.err: 	at com.lagradost.cloudstream3.network.CloudflareKiller.intercept(CloudflareKiller.kt:54)
10-08 14:21:54.461  7337  7411 W System.err: 	at okhttp3.internal.http.RealInterceptorChain.proceed(RealInterceptorChain.kt:109)
10-08 14:21:54.461  7337  7346 D InputTransport: Input channel destroyed: 'ClientS', fd=121
10-08 14:21:54.461  7337  7411 W System.err: 	at okhttp3.internal.connection.RealCall.getResponseWithInterceptorChain$okhttp(RealCall.kt:205)
10-08 14:21:54.461  7337  7411 W System.err: 	at okhttp3.internal.connection.RealCall$AsyncCall.run(RealCall.kt:543)
10-08 14:21:54.462  7337  7411 W System.err: 	at java.util.concurrent.ThreadPoolExecutor.runWorker(ThreadPoolExecutor.java:1156)
10-08 14:21:54.462  7337  7411 W System.err: 	at java.util.concurrent.ThreadPoolExecutor$Worker.run(ThreadPoolExecutor.java:651)
10-08 14:21:54.462  7337  7411 W System.err: 	at java.lang.Thread.run(Thread.java:1119)
10-08 14:21:54.462  7337  7412 W System.err: java.io.IOException: Canceled
10-08 14:21:54.462  7337  7412 W System.err: 	at okhttp3.internal.http.RetryAndFollowUpInterceptor.intercept(RetryAndFollowUpInterceptor.kt:61)
10-08 14:21:54.462  7337  7412 W System.err: 	at okhttp3.internal.http.RealInterceptorChain.proceed(RealInterceptorChain.kt:109)
10-08 14:21:54.462  7337  7412 W System.err: 	at okhttp3.internal.connection.RealCall.getResponseWithInterceptorChain$okhttp(RealCall.kt:205)
10-08 14:21:54.462  7337  7412 W System.err: 	at okhttp3.internal.connection.RealCall$AsyncCall.run(RealCall.kt:543)
10-08 14:21:54.462  7337  7412 W System.err: 	at java.util.concurrent.ThreadPoolExecutor.runWorker(ThreadPoolExecutor.java:1156)
10-08 14:21:54.463  7337  7412 W System.err: 	at java.util.concurrent.ThreadPoolExecutor$Worker.run(ThreadPoolExecutor.java:651)
10-08 14:21:54.463  7337  7412 W System.err: 	at java.lang.Thread.run(Thread.java:1119)
10-08 14:21:54.463  7337  7396 W System.err: kotlinx.coroutines.JobCancellationException: Parent job is Cancelling; job=BlockingCoroutine{Cancelling}@829d195
10-08 14:21:54.463  7337  7396 W System.err: Caused by: org.jsoup.select.Selector$SelectorParseException: Did not find balanced marker at 'eval(function(p,a,c,k,e,d))'
10-08 14:21:54.463  7337  7396 W System.err: 	at org.jsoup.select.QueryParser.parse(QueryParser.java:49)
10-08 14:21:54.463  7337  7396 W System.err: 	at org.jsoup.select.Selector.selectFirst(Selector.java:197)
10-08 14:21:54.463  7337  7396 W System.err: 	at org.jsoup.nodes.Element.selectFirst(Element.java:537)
10-08 14:21:54.463  7337  7396 W System.err: 	at com.egydead.StreamHGBase.getUrl$suspendImpl(EgyDeadExtractors.kt:60)
10-08 14:21:54.463  7337  7396 W System.err: 	at com.egydead.StreamHGBase$getUrl$1.invokeSuspend(Unknown Source:18)
10-08 14:21:54.463  7337  7396 W System.err: 	at kotlin.coroutines.jvm.internal.BaseContinuationImpl.resumeWith(ContinuationImpl.kt:33)
10-08 14:21:54.463  7337  7396 W System.err: 	at kotlinx.coroutines.DispatchedTask.run(DispatchedTask.kt:100)
10-08 14:21:54.463  7337  7396 W System.err: 	at kotlinx.coroutines.EventLoopImplBase.processNextEvent(EventLoop.common.kt:263)
10-08 14:21:54.463  7337  7396 W System.err: 	at kotlinx.coroutines.BlockingCoroutine.joinBlocking(Builders.kt:95)
10-08 14:21:54.463  7337  7396 W System.err: 	at kotlinx.coroutines.BuildersKt__BuildersKt.runBlocking(Builders.kt:69)
10-08 14:21:54.463  7337  7396 W System.err: 	at kotlinx.coroutines.BuildersKt.runBlocking(Unknown Source:1)
10-08 14:21:54.463  7337  7396 W System.err: 	at kotlinx.coroutines.BuildersKt__BuildersKt.runBlocking$default(Builders.kt:47)
10-08 14:21:54.464  7337  7396 W System.err: 	at kotlinx.coroutines.BuildersKt.runBlocking$default(Unknown Source:1)
10-08 14:21:54.464  7337  7396 W System.err: 	at com.lagradost.cloudstream3.ParCollectionsKt.apmap(ParCollections.kt:49)
10-08 14:21:54.464  7337  7396 W System.err: 	at com.egydead.EgyDeadProvider.loadLinks(EgyDeadProvider.kt:166)
10-08 14:21:54.464  7337  7396 W System.err: 	at com.egydead.EgyDeadProvider$loadLinks$1.invokeSuspend(Unknown Source:18)
10-08 14:21:54.464  7337  7396 W System.err: 	at kotlin.coroutines.jvm.internal.BaseContinuationImpl.resumeWith(ContinuationImpl.kt:33)
10-08 14:21:54.464  7337  7396 W System.err: 	at kotlinx.coroutines.DispatchedTask.run(DispatchedTask.kt:100)
10-08 14:21:54.464  7337  7396 W System.err: 	at kotlinx.coroutines.internal.LimitedDispatcher$Worker.run(LimitedDispatcher.kt:113)
10-08 14:21:54.464  7337  7396 W System.err: 	at kotlinx.coroutines.scheduling.TaskImpl.run(Tasks.kt:89)
10-08 14:21:54.464  7337  7396 W System.err: 	at kotlinx.coroutines.scheduling.CoroutineScheduler.runSafely(CoroutineScheduler.kt:586)
10-08 14:21:54.464  7337  7396 W System.err: 	at kotlinx.coroutines.scheduling.CoroutineScheduler$Worker.executeTask(CoroutineScheduler.kt:820)
10-08 14:21:54.464  7337  7396 W System.err: 	at kotlinx.coroutines.scheduling.CoroutineScheduler$Worker.runWorker(CoroutineScheduler.kt:717)
10-08 14:21:54.464  7337  7396 W System.err: 	at kotlinx.coroutines.scheduling.CoroutineScheduler$Worker.run(CoroutineScheduler.kt:704)
10-08 14:21:54.464  7337  7396 D ApiError: -------------------------------------------------------------------
10-08 14:21:54.465  7337  7396 D ApiError: -------------------------------------------------------------------
10-08 14:21:54.465  7337  7396 D ApiError: safeApiCall: Did not find balanced marker at 'eval(function(p,a,c,k,e,d))'
10-08 14:21:54.465  7337  7396 D ApiError: safeApiCall: Did not find balanced marker at 'eval(function(p,a,c,k,e,d))'
10-08 14:21:54.465  7337  7396 W System.err: org.jsoup.select.Selector$SelectorParseException: Did not find balanced marker at 'eval(function(p,a,c,k,e,d))'
10-08 14:21:54.465  7337  7396 W System.err: 	at org.jsoup.select.QueryParser.parse(QueryParser.java:49)
10-08 14:21:54.465  7337  7396 W System.err: 	at org.jsoup.select.Selector.selectFirst(Selector.java:197)
10-08 14:21:54.465  7337  7396 W System.err: 	at org.jsoup.nodes.Element.selectFirst(Element.java:537)
10-08 14:21:54.465  7337  7396 W System.err: 	at com.egydead.StreamHGBase.getUrl$suspendImpl(EgyDeadExtractors.kt:60)
10-08 14:21:54.465  7337  7396 W System.err: 	at com.egydead.StreamHGBase$getUrl$1.invokeSuspend(Unknown Source:18)
10-08 14:21:54.465  7337  7396 W System.err: 	at kotlin.coroutines.jvm.internal.BaseContinuationImpl.resumeWith(ContinuationImpl.kt:33)
10-08 14:21:54.465  7337  7396 W System.err: 	at kotlinx.coroutines.DispatchedTask.run(DispatchedTask.kt:100)
10-08 14:21:54.465  7337  7396 W System.err: 	at kotlinx.coroutines.EventLoopImplBase.processNextEvent(EventLoop.common.kt:263)
10-08 14:21:54.465  7337  7396 W System.err: 	at kotlinx.coroutines.BlockingCoroutine.joinBlocking(Builders.kt:95)
10-08 14:21:54.465  7337  7396 W System.err: 	at kotlinx.coroutines.BuildersKt__BuildersKt.runBlocking(Builders.kt:69)
10-08 14:21:54.465  7337  7396 W System.err: 	at kotlinx.coroutines.BuildersKt.runBlocking(Unknown Source:1)
10-08 14:21:54.465  7337  7396 W System.err: 	at kotlinx.coroutines.BuildersKt__BuildersKt.runBlocking$default(Builders.kt:47)
10-08 14:21:54.465  7337  7396 W System.err: 	at kotlinx.coroutines.BuildersKt.runBlocking$default(Unknown Source:1)
10-08 14:21:54.465  7337  7396 W System.err: 	at com.lagradost.cloudstream3.ParCollectionsKt.apmap(ParCollections.kt:49)
10-08 14:21:54.465  7337  7396 W System.err: 	at com.egydead.EgyDeadProvider.loadLinks(EgyDeadProvider.kt:166)
10-08 14:21:54.465  7337  7396 W System.err: 	at com.egydead.EgyDeadProvider$loadLinks$1.invokeSuspend(Unknown Source:18)
10-08 14:21:54.466  7337  7396 W System.err: 	at kotlin.coroutines.jvm.internal.BaseContinuationImpl.resumeWith(ContinuationImpl.kt:33)
10-08 14:21:54.466  7337  7396 W System.err: 	at kotlinx.coroutines.DispatchedTask.run(DispatchedTask.kt:100)
10-08 14:21:54.466  7337  7396 W System.err: 	at kotlinx.coroutines.internal.LimitedDispatcher$Worker.run(LimitedDispatcher.kt:113)
10-08 14:21:54.466  7337  7396 W System.err: 	at kotlinx.coroutines.scheduling.TaskImpl.run(Tasks.kt:89)
10-08 14:21:54.466  7337  7396 W System.err: 	at kotlinx.coroutines.scheduling.CoroutineScheduler.runSafely(CoroutineScheduler.kt:586)
10-08 14:21:54.466  7337  7396 W System.err: 	at kotlinx.coroutines.scheduling.CoroutineScheduler$Worker.executeTask(CoroutineScheduler.kt:820)
10-08 14:21:54.466  7337  7396 W System.err: 	at kotlinx.coroutines.scheduling.CoroutineScheduler$Worker.runWorker(CoroutineScheduler.kt:717)
10-08 14:21:54.466  7337  7396 W System.err: 	at kotlinx.coroutines.scheduling.CoroutineScheduler$Worker.run(CoroutineScheduler.kt:704)
10-08 14:21:54.466  7337  7396 D ApiError: -------------------------------------------------------------------
10-08 14:21:54.467  7337  7409 W System.err: java.io.IOException: Canceled
10-08 14:21:54.467  7337  7409 W System.err: 	at okhttp3.internal.http.RetryAndFollowUpInterceptor.intercept(RetryAndFollowUpInterceptor.kt:61)
10-08 14:21:54.467  7337  7409 W System.err: 	at okhttp3.internal.http.RealInterceptorChain.proceed(RealInterceptorChain.kt:109)
10-08 14:21:54.468  7337  7409 W System.err: 	at okhttp3.internal.connection.RealCall.getResponseWithInterceptorChain$okhttp(RealCall.kt:205)
10-08 14:21:54.468  7337  7409 W System.err: 	at okhttp3.internal.connection.RealCall$AsyncCall.run(RealCall.kt:543)
10-08 14:21:54.468  7337  7409 W System.err: 	at java.util.concurrent.ThreadPoolExecutor.runWorker(ThreadPoolExecutor.java:1156)
10-08 14:21:54.468  7337  7409 W System.err: 	at java.util.concurrent.ThreadPoolExecutor$Worker.run(ThreadPoolExecutor.java:651)
10-08 14:21:54.468  7337  7409 W System.err: 	at java.lang.Thread.run(Thread.java:1119)
10-08 14:21:54.470  7337  7337 I MSHandlerLifeCycle: removeMultiSplitHandler: no exist. decor=DecorView@7af2bea[MainActivity]
10-08 14:21:54.475  7337  7363 D OpenGLRenderer: setSurface called with nullptr
10-08 14:21:54.475  7337  7363 D OpenGLRenderer: setSurface called with nullptr
10-08 14:21:54.475  7337  7363 D OpenGLRenderer: setSurface() destroyed EGLSurface
10-08 14:21:54.476  7337  7346 D InputTransport: Input channel destroyed: 'ClientS', fd=251
10-08 14:21:54.476  7337  7363 D OpenGLRenderer: destroyEglSurface
10-08 14:21:54.487  7337  7337 I ViewRootImpl@26f489[MainActivity]: dispatchDetachedFromWindow
10-08 14:21:54.487  7337  7363 D OpenGLRenderer: setSurface called with nullptr
10-08 14:21:54.488  7337  7346 D InputTransport: Input channel destroyed: 'ClientS', fd=168
10-08 14:21:54.489  7337  7346 D InputTransport: Input channel destroyed: 'ClientS', fd=127
10-08 14:21:54.489  7337  7346 D InputTransport: Input channel destroyed: 'ClientS', fd=114
10-08 14:21:54.494  7337  7363 D OpenGLRenderer: setSurface called with nullptr
10-08 14:21:54.495  7337  7346 D InputTransport: Input channel destroyed: 'ClientS', fd=218
10-08 14:21:54.495  7337  7346 D InputTransport: Input channel destroyed: 'ClientS', fd=268
10-08 14:21:54.506  7337  7337 D InputTransport: Input channel destroyed: '8fbc368', fd=122
10-08 14:21:54.509  7337  7337 I Dialog  : mIsDeviceDefault = false, mIsSamsungBasicInteraction = false, isMetaDataInActivity = false
10-08 14:21:54.544  7337  7337 I DecorView: [INFO] isPopOver=false config=false
10-08 14:21:54.544  7337  7337 I DecorView: updateCaptionType: isFloating=false isApplication=true hasWindowDecorCaption=false this=DecorView@3c0bd80[]
10-08 14:21:54.544  7337  7337 D DecorView: setCaptionType = 0, this = DecorView@3c0bd80[]
10-08 14:21:54.546  7337  7337 I DecorView: getCurrentDensityDpi: from app context. densityDpi=420 msg=resources_loaded
10-08 14:21:54.546  7337  7337 I DecorView: setWindowBackground: isPopOver=false color=0 d=android.graphics.drawable.ColorDrawable@ae8cffe
10-08 14:21:54.554  7337  7363 D NativeCustomFrequencyManager: [NativeCFMS] BpCustomFrequencyManager::BpCustomFrequencyManager()
10-08 14:21:54.555  7337  7337 I DecorView: notifyKeepScreenOnChanged: keepScreenOn=false
10-08 14:21:54.565  7337  7337 D InsetsController: onStateChanged: InsetsState: {mDisplayFrame=Rect(0, 0 - 1080, 2400), mDisplayCutout=DisplayCutout{insets=Rect(0, 88 - 0, 0) waterfall=Insets{left=0, top=0, right=0, bottom=0} boundingRect={Bounds=[Rect(0, 0 - 0, 0), Rect(512, 0 - 568, 88), Rect(0, 0 - 0, 0), Rect(0, 0 - 0, 0)]} cutoutPathParserInfo={CutoutPathParserInfo{displayWidth=1080 displayHeight=2400 physicalDisplayWidth=1080 physicalDisplayHeight=2400 density={2.625} cutoutSpec={M 0,0 M 0,12.25101276465640 a 10.60613009248640,10.60613009248640 0 1,0 0,21.21226018497290 a 10.60613009248640,10.60613009248640 0 1,0 0,-21.21226018497290 Z @dp} rotation={0} scale={1.0} physicalPixelDisplaySizeRatio={1.0}}}}, mRoundedCorners=RoundedCorners{[RoundedCorner{position=TopLeft, radius=84, center=Point(84, 84)}, RoundedCorner{position=TopRight, radius=84, center=Point(996, 84)}, RoundedCorner{position=BottomRight, radius=84, center=Point(996, 2316)}, RoundedCorner{position=BottomLeft, radius=84, center=Point(84, 2316)}]}  mRoundedCornerFrame=Rect(0, 0 - 1080, 2400), mPrivacyIndicatorBounds=PrivacyIndicatorBounds {static bounds=Rect(964, 0 - 1080, 87) rotation=0}, mSources= { InsetsSource: {mType=ITYPE_STATUS_BAR, mFrame=[0,0][1080,88], mVisible=true, mInsetsRoundedCornerFrame=false}, InsetsSource: {mType=ITYPE_NAVIGATION_BAR, mFrame=[0,2361][1080,2400], mVisible=true, mInsetsRoundedCornerFrame=false}, InsetsSource: {mType=ITYPE_LEFT_GESTURES, mFrame=[0,0][130,2400], mVisible=true, mInsetsRoundedCornerFrame=false}, InsetsSource: {mType=ITYPE_RIGHT_GESTURES, mFrame=[950,0][1080,2400], mVisible=true, mInsetsRoundedCornerFrame=false}, InsetsSource: {mType=ITYPE_TOP_MANDATORY_GESTURES, mFrame=[0,0][1080,120], mVisible=true, mInsetsRoundedCornerFrame=false}, InsetsSource: {mType=ITYPE_BOTTOM_MANDATORY_GESTURES, mFrame=[0,2316][1080,2400], mVisible=true, mInsetsRoundedCornerFrame=false}, InsetsSource: {mType=ITYPE_LEFT_DISPLAY_CUTOUT, mFrame=[0,0][-100000,2400], mVisible=true, mInsetsRoundedCornerFrame=false}, InsetsSource: {mType=ITYPE_TOP_DISPLAY_CUTOUT, mFrame=[0,0][1080,88], mVisible=true, mInsetsRoundedCornerFrame=false}, InsetsSource: {mType=ITYPE_RIGHT_DISPLAY_CUTOUT, mFrame=[100000,0][1080,2400], mVisible=true, mInsetsRoundedCornerFrame=false}, InsetsSource: {mType=ITYPE_BOTTOM_DISPLAY_CUTOUT, mFrame=[0,100000][1080,2400], mVisible=true, mInsetsRoundedCornerFrame=false}, InsetsSource: {mType=ITYPE_TOP_TAPPABLE_ELEMENT, mFrame=[0,0][1080,88], mVisible=true, mInsetsRoundedCornerFrame=false}, InsetsSource: {mType=ITYPE_BOTTOM_TAPPABLE_ELEMENT, mFrame=[0,0][0,0], mVisible=true, mInsetsRoundedCornerFrame=false}, InsetsSource: {mType=ITYPE_IME, mFrame=[0,0][0,0], mVisibleFrame=[0,1409][1080,2400], mVisible=false, mInsetsRoundedCornerFrame=false} } host=com.lagradost.cloudstream3/com.lagradost.cloudstream3.MainActivity from=android.view.ViewRootImpl.setView:1732
10-08 14:21:54.566  7337  7337 I ViewRootImpl@1691f57[MainActivity]: setView = com.android.internal.policy.DecorView@3c0bd80 TM=true
10-08 14:21:54.572  7337  7337 I ViewRootImpl@1691f57[MainActivity]: performTraversals params={(0,0)(fillxfill) gr=CENTER sim={adjust=resize forwardNavigation} ty=APPLICATION fmt=TRANSPARENT wanim=0x7f14000b
10-08 14:21:54.572  7337  7337 I ViewRootImpl@1691f57[MainActivity]:   fl=85810100
10-08 14:21:54.572  7337  7337 I ViewRootImpl@1691f57[MainActivity]:   pfl=12020040
10-08 14:21:54.572  7337  7337 I ViewRootImpl@1691f57[MainActivity]:   vsysui=500
10-08 14:21:54.572  7337  7337 I ViewRootImpl@1691f57[MainActivity]:   bhv=DEFAULT
10-08 14:21:54.572  7337  7337 I ViewRootImpl@1691f57[MainActivity]:   fitSides= naviIconColor=0}
10-08 14:21:54.573  7337  7337 I ViewRootImpl@1691f57[MainActivity]: performTraversals mFirst=true windowShouldResize=true viewVisibilityChanged=false mForceNextWindowRelayout=false params={(0,0)(fillxfill) gr=CENTER sim={adjust=resize forwardNavigation} ty=APPLICATION fmt=TRANSPARENT wanim=0x7f14000b
10-08 14:21:54.573  7337  7337 I ViewRootImpl@1691f57[MainActivity]:   fl=85810100
10-08 14:21:54.573  7337  7337 I ViewRootImpl@1691f57[MainActivity]:   pfl=12020040
10-08 14:21:54.573  7337  7337 I ViewRootImpl@1691f57[MainActivity]:   vsysui=500
10-08 14:21:54.573  7337  7337 I ViewRootImpl@1691f57[MainActivity]:   bhv=DEFAULT
10-08 14:21:54.573  7337  7337 I ViewRootImpl@1691f57[MainActivity]:   fitSides= naviIconColor=0}
10-08 14:21:54.586  7337  7337 I ViewRootImpl@1691f57[MainActivity]: updateBlastSurfaceIfNeeded mBlastBufferQueue=null isSameSurfaceControl=false
10-08 14:21:54.587  7337  7337 I BLASTBufferQueue: new BLASTBufferQueue, mName= ViewRootImpl@1691f57[MainActivity] mNativeObject= 0x7bed8af700 sc.mNativeObject= 0x7b226b58e0 caller= android.view.ViewRootImpl.updateBlastSurfaceIfNeeded:2909 android.view.ViewRootImpl.relayoutWindow:9847 android.view.ViewRootImpl.performTraversals:3884 android.view.ViewRootImpl.doTraversal:3116 android.view.ViewRootImpl$TraversalRunnable.run:10885 android.view.Choreographer$CallbackRecord.run:1301 android.view.Choreographer$CallbackRecord.run:1309 android.view.Choreographer.doCallbacks:923 android.view.Choreographer.doFrame:852 android.view.Choreographer$FrameDisplayEventReceiver.run:1283 
10-08 14:21:54.587  7337  7337 I BLASTBufferQueue: update, w= 1080 h= 2400 mName = ViewRootImpl@1691f57[MainActivity] mNativeObject= 0x7bed8af700 sc.mNativeObject= 0x7b226b58e0 format= -2 caller= android.graphics.BLASTBufferQueue.<init>:84 android.view.ViewRootImpl.updateBlastSurfaceIfNeeded:2909 android.view.ViewRootImpl.relayoutWindow:9847 android.view.ViewRootImpl.performTraversals:3884 android.view.ViewRootImpl.doTraversal:3116 android.view.ViewRootImpl$TraversalRunnable.run:10885 
10-08 14:21:54.587  7337  7337 I ViewRootImpl@1691f57[MainActivity]: Relayout returned: old=(0,0,1080,2400) new=(0,0,1080,2400) req=(1080,2400)0 dur=13 res=0x3 s={true 0x7b16ea5800} ch=true seqId=0
10-08 14:21:54.588  7337  7337 I ViewRootImpl@1691f57[MainActivity]: mThreadedRenderer.initialize() mSurface={isValid=true 0x7b16ea5800} hwInitialized=true
10-08 14:21:54.589  7337  7363 D OpenGLRenderer: eglCreateWindowSurface
10-08 14:21:54.590  7337  7337 D AbsListView:  in onLayout changed 
10-08 14:21:54.591  7337  7337 I ViewRootImpl@1691f57[MainActivity]: reportNextDraw android.view.ViewRootImpl.performTraversals:4438 android.view.ViewRootImpl.doTraversal:3116 android.view.ViewRootImpl$TraversalRunnable.run:10885 android.view.Choreographer$CallbackRecord.run:1301 android.view.Choreographer$CallbackRecord.run:1309 
10-08 14:21:54.591  7337  7337 I ViewRootImpl@1691f57[MainActivity]: Setup new sync id=0
10-08 14:21:54.591  7337  7337 I ViewRootImpl@1691f57[MainActivity]: Setting syncFrameCallback
10-08 14:21:54.592  7337  7337 I ViewRootImpl@1691f57[MainActivity]: registerCallbacksForSync syncBuffer=false
10-08 14:21:54.594  7337  7437 I ViewRootImpl@1691f57[MainActivity]: Received frameDrawingCallback syncResult=0 frameNum=1.
10-08 14:21:54.594  7337  7437 I ViewRootImpl@1691f57[MainActivity]: Setting up sync and frameCommitCallback
10-08 14:21:54.598  7337  7363 I BLASTBufferQueue: [ViewRootImpl@1691f57[MainActivity]#15](f:0,a:0) onFrameAvailable the first frame is available
10-08 14:21:54.599  7337  7363 I ViewRootImpl@1691f57[MainActivity]: Received frameCommittedCallback lastAttemptedDrawFrameNum=1 didProduceBuffer=true
10-08 14:21:54.601  7337  7363 D OpenGLRenderer: CFMS:: SetUp Pid : 7337    Tid : 7363
10-08 14:21:54.606  7337  7337 I ViewRootImpl@1691f57[MainActivity]: onSyncComplete
10-08 14:21:54.606  7337  7337 I ViewRootImpl@1691f57[MainActivity]: setupSync seqId=0 mSyncId=0 fn=1 caller=android.view.ViewRootImpl$$ExternalSyntheticLambda11.accept:6 android.window.SurfaceSyncer.lambda$setupSync$1$android-window-SurfaceSyncer:128 android.window.SurfaceSyncer$$ExternalSyntheticLambda1.accept:8 android.window.SurfaceSyncer$SyncSet.checkIfSyncIsComplete:382 android.window.SurfaceSyncer$SyncSet.markSyncReady:359 android.window.SurfaceSyncer.markSyncReady:151 android.view.ViewRootImpl.performTraversals:4503 
10-08 14:21:54.606  7337  7337 I ViewRootImpl@1691f57[MainActivity]: reportDrawFinished seqId=0 mSyncId=-1 fn=1 mSurfaceChangedTransaction=0x7b5e5a5600
10-08 14:21:54.607  7337  7337 D InsetsController: onStateChanged: InsetsState: {mDisplayFrame=Rect(0, 0 - 1080, 2400), mDisplayCutout=DisplayCutout{insets=Rect(0, 88 - 0, 0) waterfall=Insets{left=0, top=0, right=0, bottom=0} boundingRect={Bounds=[Rect(0, 0 - 0, 0), Rect(512, 0 - 568, 88), Rect(0, 0 - 0, 0), Rect(0, 0 - 0, 0)]} cutoutPathParserInfo={CutoutPathParserInfo{displayWidth=1080 displayHeight=2400 physicalDisplayWidth=1080 physicalDisplayHeight=2400 density={2.625} cutoutSpec={M 0,0 M 0,12.25101276465640 a 10.60613009248640,10.60613009248640 0 1,0 0,21.21226018497290 a 10.60613009248640,10.60613009248640 0 1,0 0,-21.21226018497290 Z @dp} rotation={0} scale={1.0} physicalPixelDisplaySizeRatio={1.0}}}}, mRoundedCorners=RoundedCorners{[RoundedCorner{position=TopLeft, radius=84, center=Point(84, 84)}, RoundedCorner{position=TopRight, radius=84, center=Point(996, 84)}, RoundedCorner{position=BottomRight, radius=84, center=Point(996, 2316)}, RoundedCorner{position=BottomLeft, radius=84, center=Point(84, 2316)}]}  mRoundedCornerFrame=Rect(0, 0 - 1080, 2400), mPrivacyIndicatorBounds=PrivacyIndicatorBounds {static bounds=Rect(964, 0 - 1080, 87) rotation=0}, mSources= { InsetsSource: {mType=ITYPE_STATUS_BAR, mFrame=[0,0][1080,88], mVisible=true, mInsetsRoundedCornerFrame=false}, InsetsSource: {mType=ITYPE_NAVIGATION_BAR, mFrame=[0,2361][1080,2400], mVisible=true, mInsetsRoundedCornerFrame=false}, InsetsSource: {mType=ITYPE_LEFT_GESTURES, mFrame=[0,0][130,2400], mVisible=true, mInsetsRoundedCornerFrame=false}, InsetsSource: {mType=ITYPE_RIGHT_GESTURES, mFrame=[950,0][1080,2400], mVisible=true, mInsetsRoundedCornerFrame=false}, InsetsSource: {mType=ITYPE_TOP_MANDATORY_GESTURES, mFrame=[0,0][1080,120], mVisible=true, mInsetsRoundedCornerFrame=false}, InsetsSource: {mType=ITYPE_BOTTOM_MANDATORY_GESTURES, mFrame=[0,2316][1080,2400], mVisible=true, mInsetsRoundedCornerFrame=false}, InsetsSource: {mType=ITYPE_LEFT_DISPLAY_CUTOUT, mFrame=[0,0][-100000,2400], mVisible=true, mInsetsRoundedCornerFrame=false}, InsetsSource: {mType=ITYPE_TOP_DISPLAY_CUTOUT, mFrame=[0,0][1080,88], mVisible=true, mInsetsRoundedCornerFrame=false}, InsetsSource: {mType=ITYPE_RIGHT_DISPLAY_CUTOUT, mFrame=[100000,0][1080,2400], mVisible=true, mInsetsRoundedCornerFrame=false}, InsetsSource: {mType=ITYPE_BOTTOM_DISPLAY_CUTOUT, mFrame=[0,100000][1080,2400], mVisible=true, mInsetsRoundedCornerFrame=false}, InsetsSource: {mType=ITYPE_TOP_TAPPABLE_ELEMENT, mFrame=[0,0][1080,88], mVisible=true, mInsetsRoundedCornerFrame=false}, InsetsSource: {mType=ITYPE_BOTTOM_TAPPABLE_ELEMENT, mFrame=[0,0][0,0], mVisible=true, mInsetsRoundedCornerFrame=false} } host=com.lagradost.cloudstream3/com.lagradost.cloudstream3.MainActivity from=android.view.ViewRootImpl$ViewRootHandler.handleMessageImpl:6740
10-08 14:21:54.610  7337  7337 I ViewRootImpl@da31563[MainActivity]: MSG_WINDOW_FOCUS_CHANGED 0 0
10-08 14:21:54.619  7337  7337 I ViewRootImpl@da31563[MainActivity]: MSG_WINDOW_FOCUS_CHANGED 0 0
10-08 14:21:54.672  7337  7337 I ViewRootImpl@1691f57[MainActivity]: MSG_WINDOW_FOCUS_CHANGED 1 0
10-08 14:21:54.673  7337  7337 I ViewRootImpl@1691f57[MainActivity]: mThreadedRenderer.initializeIfNeeded()#2 mSurface={isValid=true 0x7b16ea5800}
10-08 14:21:54.674  7337  7337 D InputMethodManager: startInputInner - Id : 0
10-08 14:21:54.674  7337  7337 I InputMethodManager: startInputInner - mService.startInputOrWindowGainedFocus
10-08 14:21:55.504  7337  7337 I ViewRootImpl@1691f57[MainActivity]: ViewPostIme pointer 0
10-08 14:21:55.569  7337  7337 I ViewRootImpl@1691f57[MainActivity]: ViewPostIme pointer 1
10-08 14:21:55.574  7337  7337 I MSHandlerLifeCycle: removeMultiSplitHandler: no exist. decor=DecorView@3c0bd80[MainActivity]
10-08 14:21:55.575  7337  7363 D OpenGLRenderer: setSurface called with nullptr
10-08 14:21:55.575  7337  7363 D OpenGLRenderer: setSurface() destroyed EGLSurface
10-08 14:21:55.575  7337  7363 D OpenGLRenderer: destroyEglSurface
10-08 14:21:55.578  7337  7337 I ViewRootImpl@1691f57[MainActivity]: dispatchDetachedFromWindow
10-08 14:21:55.606  7337  7337 D InputTransport: Input channel destroyed: '5a1444f', fd=114
10-08 14:21:55.609  7337  7337 D InsetsController: onStateChanged: InsetsState: {mDisplayFrame=Rect(0, 0 - 1080, 2400), mDisplayCutout=DisplayCutout{insets=Rect(0, 88 - 0, 0) waterfall=Insets{left=0, top=0, right=0, bottom=0} boundingRect={Bounds=[Rect(0, 0 - 0, 0), Rect(512, 0 - 568, 88), Rect(0, 0 - 0, 0), Rect(0, 0 - 0, 0)]} cutoutPathParserInfo={CutoutPathParserInfo{displayWidth=1080 displayHeight=2400 physicalDisplayWidth=1080 physicalDisplayHeight=2400 density={2.625} cutoutSpec={M 0,0 M 0,12.25101276465640 a 10.60613009248640,10.60613009248640 0 1,0 0,21.21226018497290 a 10.60613009248640,10.60613009248640 0 1,0 0,-21.21226018497290 Z @dp} rotation={0} scale={1.0} physicalPixelDisplaySizeRatio={1.0}}}}, mRoundedCorners=RoundedCorners{[RoundedCorner{position=TopLeft, radius=84, center=Point(84, 84)}, RoundedCorner{position=TopRight, radius=84, center=Point(996, 84)}, RoundedCorner{position=BottomRight, radius=84, center=Point(996, 2316)}, RoundedCorner{position=BottomLeft, radius=84, center=Point(84, 2316)}]}  mRoundedCornerFrame=Rect(0, 0 - 1080, 2400), mPrivacyIndicatorBounds=PrivacyIndicatorBounds {static bounds=Rect(964, 0 - 1080, 87) rotation=0}, mSources= { InsetsSource: {mType=ITYPE_STATUS_BAR, mFrame=[0,0][1080,88], mVisible=true, mInsetsRoundedCornerFrame=false}, InsetsSource: {mType=ITYPE_NAVIGATION_BAR, mFrame=[0,2361][1080,2400], mVisible=true, mInsetsRoundedCornerFrame=false}, InsetsSource: {mType=ITYPE_LEFT_GESTURES, mFrame=[0,0][130,2400], mVisible=true, mInsetsRoundedCornerFrame=false}, InsetsSource: {mType=ITYPE_RIGHT_GESTURES, mFrame=[950,0][1080,2400], mVisible=true, mInsetsRoundedCornerFrame=false}, InsetsSource: {mType=ITYPE_TOP_MANDATORY_GESTURES, mFrame=[0,0][1080,120], mVisible=true, mInsetsRoundedCornerFrame=false}, InsetsSource: {mType=ITYPE_BOTTOM_MANDATORY_GESTURES, mFrame=[0,2316][1080,2400], mVisible=true, mInsetsRoundedCornerFrame=false}, InsetsSource: {mType=ITYPE_LEFT_DISPLAY_CUTOUT, mFrame=[0,0][-100000,2400], mVisible=true, mInsetsRoundedCornerFrame=false}, InsetsSource: {mType=ITYPE_TOP_DISPLAY_CUTOUT, mFrame=[0,0][1080,88], mVisible=true, mInsetsRoundedCornerFrame=false}, InsetsSource: {mType=ITYPE_RIGHT_DISPLAY_CUTOUT, mFrame=[100000,0][1080,2400], mVisible=true, mInsetsRoundedCornerFrame=false}, InsetsSource: {mType=ITYPE_BOTTOM_DISPLAY_CUTOUT, mFrame=[0,100000][1080,2400], mVisible=true, mInsetsRoundedCornerFrame=false}, InsetsSource: {mType=ITYPE_TOP_TAPPABLE_ELEMENT, mFrame=[0,0][1080,88], mVisible=true, mInsetsRoundedCornerFrame=false}, InsetsSource: {mType=ITYPE_BOTTOM_TAPPABLE_ELEMENT, mFrame=[0,0][0,0], mVisible=true, mInsetsRoundedCornerFrame=false} } host=com.lagradost.cloudstream3/com.lagradost.cloudstream3.MainActivity from=android.view.ViewRootImpl$ViewRootHandler.handleMessageImpl:6740
10-08 14:21:55.637  7337  7337 I ViewRootImpl@da31563[MainActivity]: MSG_WINDOW_FOCUS_CHANGED 1 0
10-08 14:21:55.637  7337  7337 I ViewRootImpl@da31563[MainActivity]: mThreadedRenderer.initializeIfNeeded()#2 mSurface={isValid=true 0x7b5e655800}
10-08 14:21:55.655  7337  7337 D InputMethodManager: startInputInner - Id : 0
10-08 14:21:55.655  7337  7337 I InputMethodManager: startInputInner - mService.startInputOrWindowGainedFocus
10-08 14:21:56.116  7337  7337 I ViewRootImpl@da31563[MainActivity]: ViewPostIme pointer 0
10-08 14:21:56.167  7337  7337 W PanelsChildGestureRegionObserver: failed to register view with ID 2131362800. already registered
10-08 14:21:56.177  7337  7337 W PanelsChildGestureRegionObserver: failed to register view with ID 2131362800. already registered
10-08 14:21:56.183  7337  7337 W PanelsChildGestureRegionObserver: failed to register view with ID 2131362800. already registered
10-08 14:21:56.199  7337  7337 W PanelsChildGestureRegionObserver: failed to register view with ID 2131362800. already registered
10-08 14:21:56.209  7337  7337 D WindowOnBackDispatcher: onBackInvoked, viewRoot=ViewRootImpl@1691f57[MainActivity], callback=androidx.activity.OnBackPressedDispatcher$Api33Impl$$ExternalSyntheticLambda0@4ed6942
10-08 14:21:56.223  7337  7337 I IMM_LC  : hsifw() - flag : 0
10-08 14:21:56.223  7337  7337 I IMM_LC  : hsifw() - mService.hideSoftInput
10-08 14:21:56.229  7337  7337 I CS3ExoPlayer: onStop
10-08 14:21:56.229  7337  7337 I CS3ExoPlayer: saveData
10-08 14:21:56.229  7337  7337 I CS3ExoPlayer: handleEvent Pause
10-08 14:21:56.322  7337  7337 W PanelsChildGestureRegionObserver: failed to register view with ID 2131362800. already registered
10-08 14:21:56.658  7337  7337 W PanelsChildGestureRegionObserver: failed to register view with ID 2131362800. already registered
10-08 14:21:56.676  7337  7438 D SurfaceView@203788: updateSurfacePosition RenderWorker, frameNr = 940, position = [54, 314, 1026, 787] surfaceSize = 1080x525
10-08 14:21:56.677  7337  7438 I SurfaceView@203788: uSP: rtp = Rect(54, 314 - 1026, 787) rtsw = 1080 rtsh = 525
10-08 14:21:56.677  7337  7438 I SurfaceView@203788: onSSPAndSRT: pl = 54 pt = 314 sx = 0.9 sy = 0.9009524
10-08 14:21:56.677  7337  7438 I SurfaceView@203788: aOrMT: ViewRootImpl@da31563[MainActivity] t = android.view.SurfaceControl$Transaction@36d1822 fN = 940 android.view.SurfaceView.-$$Nest$mapplyOrMergeTransaction:0 android.view.SurfaceView$SurfaceViewPositionUpdateListener.positionChanged:1537 android.graphics.RenderNode$CompositePositionUpdateListener.positionChanged:373 
10-08 14:21:56.677  7337  7438 I ViewRootImpl@da31563[MainActivity]: mWNT: t=0x7b16f0db00 mBlastBufferQueue=0x7b42458800 fn= 940 caller= android.view.SurfaceView.applyOrMergeTransaction:1455 android.view.SurfaceView.-$$Nest$mapplyOrMergeTransaction:0 android.view.SurfaceView$SurfaceViewPositionUpdateListener.positionChanged:1537 
10-08 14:21:56.678  7337  7337 I SurfaceView@203788: onWindowVisibilityChanged(8) false android.view.SurfaceView{203788 V.E..V... ........ 0,0-1080,525} of ViewRootImpl@da31563[MainActivity]
10-08 14:21:56.678  7337  7337 I SurfaceView@203788: Changes: creating=false format=false size=false visible=true alpha=false hint=false mUseAlpha=false visible=true left=false top=false
10-08 14:21:56.678  7337  7337 I SurfaceView@203788: 2111368 Cur surface: Surface(name=null)/@0x2828c17
10-08 14:21:56.679  7337  7337 I SurfaceView@203788: applyTransactionOnVriDraw: vri = ViewRootImpl@da31563[MainActivity] fRS = false t = 0x7b24895700 android.view.SurfaceView.performSurfaceTransaction:959 android.view.SurfaceView.updateSurface:1105 android.view.SurfaceView.onWindowVisibilityChanged:371 
10-08 14:21:56.679  7337  7337 I ViewRootImpl@da31563[MainActivity]: applyTransactionOnDraw: mRemoved = false isHardwareEnabled = true t = 0x7b24895700android.view.SurfaceView.applyTransactionOnVriDraw:2048 android.view.SurfaceView.performSurfaceTransaction:959 android.view.SurfaceView.updateSurface:1105 android.view.SurfaceView.onWindowVisibilityChanged:371 android.view.View.dispatchDetachedFromWindow:22529 
10-08 14:21:56.679  7337  7337 I SurfaceView@203788: surfaceDestroyed
10-08 14:21:56.679  7337  7337 I SurfaceView@203788: surfaceDestroyed callback.size 0 #2 android.view.SurfaceView{203788 V.E..V... ........ 0,0-1080,525}
10-08 14:21:56.679  7337  7337 I SurfaceView@203788: updateSurface: mVisible = false mSurface.isValid() = true
10-08 14:21:56.679  7337  7337 I SurfaceView@203788: releaseSurfaces: viewRoot = ViewRootImpl@da31563[MainActivity]
10-08 14:21:56.680  7337  7337 I SurfaceView@203788: applyTransactionOnVriDraw: vri = ViewRootImpl@da31563[MainActivity] fRS = true t = 0x7b24895900 android.view.SurfaceView.releaseSurfaces:858 android.view.SurfaceView.updateSurface:1172 android.view.SurfaceView.onWindowVisibilityChanged:371 
10-08 14:21:56.680  7337  7337 I SurfaceView@203788: applyTransactionOnVriDraw: viewRoot.applyTransactionOnDrawFromReleaseSurfaces
10-08 14:21:56.680  7337  7337 I ViewRootImpl@da31563[MainActivity]: applyTransactionOnDraw: mRemoved = false isHardwareEnabled = true t = 0x7b24895900android.view.ViewRootImpl.applyTransactionOnDrawFromReleaseSurfaces:12850 android.view.SurfaceView.applyTransactionOnVriDraw:2046 android.view.SurfaceView.releaseSurfaces:858 android.view.SurfaceView.updateSurface:1172 android.view.SurfaceView.onWindowVisibilityChanged:371 
10-08 14:21:56.680  7337  7337 V SurfaceView@203788: Layout: x=0 y=218 w=1080 h=525, frame=Rect(0, 0 - 1080, 525)
10-08 14:21:56.680  7337  7337 I SurfaceView@203788: onDetachedFromWindow: tryReleaseSurfaces()
10-08 14:21:56.680  7337  7337 I SurfaceView@203788: releaseSurfaces: viewRoot = ViewRootImpl@da31563[MainActivity]
10-08 14:21:56.680  7337  7337 I SurfaceView@203788: applyTransactionOnVriDraw: vri = ViewRootImpl@da31563[MainActivity] fRS = true t = 0x7b24895f00 android.view.SurfaceView.releaseSurfaces:858 android.view.SurfaceView.onDetachedFromWindow:500 android.view.View.dispatchDetachedFromWindow:22538 
10-08 14:21:56.680  7337  7337 I SurfaceView@203788: applyTransactionOnVriDraw: viewRoot.applyTransactionOnDrawFromReleaseSurfaces
10-08 14:21:56.680  7337  7337 I ViewRootImpl@da31563[MainActivity]: applyTransactionOnDraw: mRemoved = false isHardwareEnabled = true t = 0x7b24895f00android.view.ViewRootImpl.applyTransactionOnDrawFromReleaseSurfaces:12850 android.view.SurfaceView.applyTransactionOnVriDraw:2046 android.view.SurfaceView.releaseSurfaces:858 android.view.SurfaceView.onDetachedFromWindow:500 android.view.View.dispatchDetachedFromWindow:22538 
10-08 14:21:56.691  7337  7337 I DecorView: notifyKeepScreenOnChanged: keepScreenOn=false
10-08 14:21:56.692  7337  7337 I CS3ExoPlayer: releasePlayer
10-08 14:21:56.692  7337  7337 I CS3ExoPlayer: Handle event: PlayerAttachedEvent(player=null, source=Player)
10-08 14:21:56.693  7337  7337 I DecorView: notifyKeepScreenOnChanged: keepScreenOn=false
10-08 14:21:56.694  7337  7337 I ViewRootImpl@da31563[MainActivity]: performTraversals params={(0,0)(fillxfill) sim={state=always_hidden adjust=resize} ty=BASE_APPLICATION wanim=0x1030309
10-08 14:21:56.694  7337  7337 I ViewRootImpl@da31563[MainActivity]:   fl=85810100
10-08 14:21:56.694  7337  7337 I ViewRootImpl@da31563[MainActivity]:   pfl=12020040
10-08 14:21:56.694  7337  7337 I ViewRootImpl@da31563[MainActivity]:   vsysui=500
10-08 14:21:56.694  7337  7337 I ViewRootImpl@da31563[MainActivity]:   bhv=DEFAULT
10-08 14:21:56.694  7337  7337 I ViewRootImpl@da31563[MainActivity]:   fitSides= naviIconColor=0}
10-08 14:21:56.695  7337  7337 I ViewRootImpl@da31563[MainActivity]: performTraversals mFirst=false windowShouldResize=false viewVisibilityChanged=false mForceNextWindowRelayout=false params={(0,0)(fillxfill) sim={state=always_hidden adjust=resize} ty=BASE_APPLICATION fmt=TRANSLUCENT wanim=0x1030309
10-08 14:21:56.695  7337  7337 I ViewRootImpl@da31563[MainActivity]:   fl=85810100
10-08 14:21:56.695  7337  7337 I ViewRootImpl@da31563[MainActivity]:   pfl=12020040
10-08 14:21:56.695  7337  7337 I ViewRootImpl@da31563[MainActivity]:   vsysui=500
10-08 14:21:56.695  7337  7337 I ViewRootImpl@da31563[MainActivity]:   bhv=DEFAULT
10-08 14:21:56.695  7337  7337 I ViewRootImpl@da31563[MainActivity]:   fitSides= naviIconColor=0}
