10-08 15:10:15.192 17607 17607 I SurfaceView@b1d979: surfaceDestroyed callback.size 0 #2 android.view.SurfaceView{b1d979 V.E..V... ........ 0,0-1080,525}
10-08 15:10:15.192 17607 17607 I SurfaceView@b1d979: updateSurface: mVisible = false mSurface.isValid() = true
10-08 15:10:15.193 17607 17607 I SurfaceView@b1d979: releaseSurfaces: viewRoot = ViewRootImpl@2cf4351[MainActivity]
10-08 15:10:15.193 17607 17607 I SurfaceView@b1d979: applyTransactionOnVriDraw: vri = ViewRootImpl@2cf4351[MainActivity] fRS = true t = 0x7b18ac9f00 android.view.SurfaceView.releaseSurfaces:858 android.view.SurfaceView.updateSurface:1172 android.view.SurfaceView.onWindowVisibilityChanged:371 
10-08 15:10:15.193 17607 17607 I SurfaceView@b1d979: applyTransactionOnVriDraw: viewRoot.applyTransactionOnDrawFromReleaseSurfaces
10-08 15:10:15.193 17607 17607 I ViewRootImpl@2cf4351[MainActivity]: applyTransactionOnDraw: mRemoved = false isHardwareEnabled = true t = 0x7b18ac9f00android.view.ViewRootImpl.applyTransactionOnDrawFromReleaseSurfaces:12850 android.view.SurfaceView.applyTransactionOnVriDraw:2046 android.view.SurfaceView.releaseSurfaces:858 android.view.SurfaceView.updateSurface:1172 android.view.SurfaceView.onWindowVisibilityChanged:371 
10-08 15:10:15.193 17607 17607 V SurfaceView@b1d979: Layout: x=0 y=218 w=1080 h=525, frame=Rect(0, 0 - 1080, 525)
10-08 15:10:15.193 17607 17607 I SurfaceView@b1d979: onDetachedFromWindow: tryReleaseSurfaces()
10-08 15:10:15.193 17607 17607 I SurfaceView@b1d979: releaseSurfaces: viewRoot = ViewRootImpl@2cf4351[MainActivity]
10-08 15:10:15.193 17607 17607 I SurfaceView@b1d979: applyTransactionOnVriDraw: vri = ViewRootImpl@2cf4351[MainActivity] fRS = true t = 0x7b18aca000 android.view.SurfaceView.releaseSurfaces:858 android.view.SurfaceView.onDetachedFromWindow:500 android.view.View.dispatchDetachedFromWindow:22538 
10-08 15:10:15.193 17607 17607 I SurfaceView@b1d979: applyTransactionOnVriDraw: viewRoot.applyTransactionOnDrawFromReleaseSurfaces
10-08 15:10:15.193 17607 17607 I ViewRootImpl@2cf4351[MainActivity]: applyTransactionOnDraw: mRemoved = false isHardwareEnabled = true t = 0x7b18aca000android.view.ViewRootImpl.applyTransactionOnDrawFromReleaseSurfaces:12850 android.view.SurfaceView.applyTransactionOnVriDraw:2046 android.view.SurfaceView.releaseSurfaces:858 android.view.SurfaceView.onDetachedFromWindow:500 android.view.View.dispatchDetachedFromWindow:22538 
10-08 15:10:15.202 17607 17607 I DecorView: notifyKeepScreenOnChanged: keepScreenOn=false
10-08 15:10:15.203 17607 17607 I CS3ExoPlayer: releasePlayer
10-08 15:10:15.203 17607 17607 I CS3ExoPlayer: Handle event: PlayerAttachedEvent(player=null, source=Player)
10-08 15:10:15.203 17607 17607 I DecorView: notifyKeepScreenOnChanged: keepScreenOn=false
10-08 15:10:15.205 17607 17607 I ViewRootImpl@2cf4351[MainActivity]: performTraversals params={(0,0)(fillxfill) sim={state=always_hidden adjust=resize} ty=BASE_APPLICATION wanim=0x1030309
10-08 15:10:15.205 17607 17607 I ViewRootImpl@2cf4351[MainActivity]:   fl=85810100
10-08 15:10:15.205 17607 17607 I ViewRootImpl@2cf4351[MainActivity]:   pfl=12020040
10-08 15:10:15.205 17607 17607 I ViewRootImpl@2cf4351[MainActivity]:   vsysui=500
10-08 15:10:15.205 17607 17607 I ViewRootImpl@2cf4351[MainActivity]:   bhv=DEFAULT
10-08 15:10:15.205 17607 17607 I ViewRootImpl@2cf4351[MainActivity]:   fitSides= naviIconColor=0}
10-08 15:10:15.205 17607 17607 I ViewRootImpl@2cf4351[MainActivity]: performTraversals mFirst=false windowShouldResize=false viewVisibilityChanged=false mForceNextWindowRelayout=false params={(0,0)(fillxfill) sim={state=always_hidden adjust=resize} ty=BASE_APPLICATION fmt=TRANSLUCENT wanim=0x1030309
10-08 15:10:15.205 17607 17607 I ViewRootImpl@2cf4351[MainActivity]:   fl=85810100
10-08 15:10:15.205 17607 17607 I ViewRootImpl@2cf4351[MainActivity]:   pfl=12020040
10-08 15:10:15.205 17607 17607 I ViewRootImpl@2cf4351[MainActivity]:   vsysui=500
10-08 15:10:15.205 17607 17607 I ViewRootImpl@2cf4351[MainActivity]:   bhv=DEFAULT
10-08 15:10:15.205 17607 17607 I ViewRootImpl@2cf4351[MainActivity]:   fitSides= naviIconColor=0}
10-08 15:10:15.209 17607 17607 I ViewRootImpl@2cf4351[MainActivity]: updateBlastSurfaceIfNeeded mBlastBufferQueue=0x7b5c027100 isSameSurfaceControl=true
10-08 15:10:15.209 17607 17607 I BLASTBufferQueue: update, w= 1080 h= 2400 mName = ViewRootImpl@2cf4351[MainActivity] mNativeObject= 0x7b5c027100 sc.mNativeObject= 0x7b14169a80 format= -3 caller= android.view.ViewRootImpl.updateBlastSurfaceIfNeeded:2898 android.view.ViewRootImpl.relayoutWindow:9847 android.view.ViewRootImpl.performTraversals:3884 android.view.ViewRootImpl.doTraversal:3116 android.view.ViewRootImpl$TraversalRunnable.run:10885 android.view.Choreographer$CallbackRecord.run:1301 
10-08 15:10:15.210 17607 17607 I ViewRootImpl@2cf4351[MainActivity]: Relayout returned: old=(0,0,1080,2400) new=(0,0,1080,2400) req=(1080,2400)0 dur=4 res=0x0 s={true 0x7b5be60800} ch=false seqId=0
10-08 15:10:15.210 17607 17607 I ViewRootImpl@2cf4351[MainActivity]: updateBoundsLayer: t = android.view.SurfaceControl$Transaction@d368eaa sc = Surface(name=Bounds for - com.lagradost.cloudstream3/com.lagradost.cloudstream3.MainActivity@0)/@0x12eba9b frame = 672
10-08 15:10:15.210 17607 17607 I ViewRootImpl@2cf4351[MainActivity]: mWNT: t=0x7b5c006d00 mBlastBufferQueue=0x7b5c027100 fn= 672 caller= android.view.ViewRootImpl.prepareSurfaces:2985 android.view.ViewRootImpl.performTraversals:4233 android.view.ViewRootImpl.doTraversal:3116 
10-08 15:10:15.211 17607 17651 D SurfaceView@b1d979: windowPositionLost, frameNr = 672
10-08 15:10:15.211 17607 17722 I ViewRootImpl@2cf4351[MainActivity]: mWNT: t=0x7b18a9ad00 mBlastBufferQueue=0x7b5c027100 fn= 672 caller= android.view.ViewRootImpl.lambda$applyTransactionOnDraw$11$android-view-ViewRootImpl:12865 android.view.ViewRootImpl$$ExternalSyntheticLambda1.onFrameDraw:4 android.graphics.HardwareRenderer$FrameDrawingCallback.onFrameDraw:924 
10-08 15:10:15.212 17607 17722 I ViewRootImpl@2cf4351[MainActivity]: mWNT: t=0x7b18ac9f00 mBlastBufferQueue=0x7b5c027100 fn= 672 caller= android.view.ViewRootImpl.lambda$applyTransactionOnDraw$11$android-view-ViewRootImpl:12865 android.view.ViewRootImpl$$ExternalSyntheticLambda1.onFrameDraw:4 android.graphics.HardwareRenderer$FrameDrawingCallback.onFrameDraw:924 
10-08 15:10:15.212 17607 17722 I ViewRootImpl@2cf4351[MainActivity]: mWNT: t=0x7b18aca000 mBlastBufferQueue=0x7b5c027100 fn= 672 caller= android.view.ViewRootImpl.lambda$applyTransactionOnDraw$11$android-view-ViewRootImpl:12865 android.view.ViewRootImpl$$ExternalSyntheticLambda1.onFrameDraw:4 android.graphics.HardwareRenderer$FrameDrawingCallback.onFrameDraw:924 
10-08 15:10:16.714 17607 17607 I ViewRootImpl@2cf4351[MainActivity]: ViewPostIme pointer 0
10-08 15:10:16.770 17607 17607 I ViewRootImpl@2cf4351[MainActivity]: ViewPostIme pointer 1
10-08 15:10:16.787 17607 17607 I NavComponent: Navigating to fragment: 2131362274
10-08 15:10:16.790 17607 17607 I IMM_LC  : hsifw() - flag : 0
10-08 15:10:16.790 17607 17607 I IMM_LC  : hsifw() - mService.hideSoftInput
10-08 15:10:16.815 17607 17607 D ScrollView: initGoToTop
10-08 15:10:17.056 17607 17607 I SurfaceView@c45e59f: onWindowVisibilityChanged(0) true android.view.SurfaceView{c45e59f V.E..V... ......I. 0,0-0,0} of ViewRootImpl@2cf4351[MainActivity]
10-08 15:10:17.056 17607 17607 D SurfaceView@c45e59f: updateSurface: has no frame
10-08 15:10:17.061 17607 17607 I CS3ExoPlayer: SET STYLE = SaveCaptionStyle(foregroundColor=-1, backgroundColor=0, windowColor=0, edgeType=1, edgeColor=-16777216, typeface=null, typefaceFilePath=null, elevation=20, fixedTextSize=null, edgeSize=null, removeCaptions=false, removeBloat=true, upperCase=false, bold=false, italic=false, backgroundRadius=null)
10-08 15:10:17.069 17607 17607 I IMM_LC  : hsifw() - flag : 0
10-08 15:10:17.069 17607 17607 I IMM_LC  : hsifw() - mService.hideSoftInput
10-08 15:10:17.071 17607 17683 I SYNCVM  : addFromUrl = https://tv6.egydead.live/%d9%85%d8%b4%d8%a7%d9%87%d8%af%d8%a9-%d9%81%d9%8a%d9%84%d9%85-mantis-2025-%d9%85%d8%aa%d8%b1%d8%ac%d9%85/
10-08 15:10:17.072 17607 17683 I SYNCUTIL: getIdsFromUrl https://tv6.egydead.live/%d9%85%d8%b4%d8%a7%d9%87%d8%af%d8%a9-%d9%81%d9%8a%d9%84%d9%85-mantis-2025-%d9%85%d8%aa%d8%b1%d8%ac%d9%85/
10-08 15:10:17.073 17607 17681 I RVM2    : applyMeta
10-08 15:10:17.082 17607 17607 I SurfaceView@c45e59f: onWindowVisibilityChanged(8) false android.view.SurfaceView{c45e59f V.E..V... ......I. 0,0-0,0} of ViewRootImpl@2cf4351[MainActivity]
10-08 15:10:17.082 17607 17607 D SurfaceView@c45e59f: updateSurface: has no frame
10-08 15:10:17.082 17607 17607 D SurfaceView@c45e59f: updateSurface: has no frame
10-08 15:10:17.082 17607 17607 I SurfaceView@c45e59f: onDetachedFromWindow: tryReleaseSurfaces()
10-08 15:10:17.082 17607 17607 I SurfaceView@c45e59f: releaseSurfaces: viewRoot = ViewRootImpl@2cf4351[MainActivity]
10-08 15:10:17.082 17607 17607 I SurfaceView@c45e59f: applyTransactionOnVriDraw: vri = ViewRootImpl@2cf4351[MainActivity] fRS = true t = 0x7b2fb0f600 android.view.SurfaceView.releaseSurfaces:858 android.view.SurfaceView.onDetachedFromWindow:500 android.view.View.dispatchDetachedFromWindow:22538 
10-08 15:10:17.082 17607 17607 I SurfaceView@c45e59f: applyTransactionOnVriDraw: viewRoot.applyTransactionOnDrawFromReleaseSurfaces
10-08 15:10:17.082 17607 17607 I ViewRootImpl@2cf4351[MainActivity]: applyTransactionOnDraw: mRemoved = false isHardwareEnabled = true t = 0x7b2fb0f600android.view.ViewRootImpl.applyTransactionOnDrawFromReleaseSurfaces:12850 android.view.SurfaceView.applyTransactionOnVriDraw:2046 android.view.SurfaceView.releaseSurfaces:858 android.view.SurfaceView.onDetachedFromWindow:500 android.view.View.dispatchDetachedFromWindow:22538 
10-08 15:10:17.084 17607 17607 I SurfaceView@c45e59f: onWindowVisibilityChanged(0) true android.view.SurfaceView{c45e59f V.E..V... ......I. 0,0-0,0} of ViewRootImpl@2cf4351[MainActivity]
10-08 15:10:17.084 17607 17607 D SurfaceView@c45e59f: updateSurface: has no frame
10-08 15:10:17.087 17607 17607 I DecorView: notifyKeepScreenOnChanged: keepScreenOn=false
10-08 15:10:17.095 17607 17607 I CS3ExoPlayer: reloadPlayer
10-08 15:10:17.095 17607 17607 I CS3ExoPlayer: releasePlayer
10-08 15:10:17.095 17607 17607 I CS3ExoPlayer: Handle event: PlayerAttachedEvent(player=null, source=Player)
10-08 15:10:17.101 17607 17607 I ViewRootImpl@2cf4351[MainActivity]: performTraversals params={(0,0)(fillxfill) sim={state=always_hidden adjust=resize} ty=BASE_APPLICATION wanim=0x1030309
10-08 15:10:17.101 17607 17607 I ViewRootImpl@2cf4351[MainActivity]:   fl=85810100
10-08 15:10:17.101 17607 17607 I ViewRootImpl@2cf4351[MainActivity]:   pfl=12020040
10-08 15:10:17.101 17607 17607 I ViewRootImpl@2cf4351[MainActivity]:   vsysui=500
10-08 15:10:17.101 17607 17607 I ViewRootImpl@2cf4351[MainActivity]:   bhv=DEFAULT
10-08 15:10:17.101 17607 17607 I ViewRootImpl@2cf4351[MainActivity]:   fitSides= naviIconColor=0}
10-08 15:10:17.101 17607 17607 I ViewRootImpl@2cf4351[MainActivity]: performTraversals mFirst=false windowShouldResize=false viewVisibilityChanged=false mForceNextWindowRelayout=false params={(0,0)(fillxfill) sim={state=always_hidden adjust=resize} ty=BASE_APPLICATION fmt=TRANSLUCENT wanim=0x1030309
10-08 15:10:17.101 17607 17607 I ViewRootImpl@2cf4351[MainActivity]:   fl=85810100
10-08 15:10:17.101 17607 17607 I ViewRootImpl@2cf4351[MainActivity]:   pfl=12020040
10-08 15:10:17.101 17607 17607 I ViewRootImpl@2cf4351[MainActivity]:   vsysui=500
10-08 15:10:17.101 17607 17607 I ViewRootImpl@2cf4351[MainActivity]:   bhv=DEFAULT
10-08 15:10:17.101 17607 17607 I ViewRootImpl@2cf4351[MainActivity]:   fitSides= naviIconColor=0}
10-08 15:10:17.107 17607 17607 I ViewRootImpl@2cf4351[MainActivity]: updateBlastSurfaceIfNeeded mBlastBufferQueue=0x7b5c027100 isSameSurfaceControl=true
10-08 15:10:17.107 17607 17607 I BLASTBufferQueue: update, w= 1080 h= 2400 mName = ViewRootImpl@2cf4351[MainActivity] mNativeObject= 0x7b5c027100 sc.mNativeObject= 0x7b14313d40 format= -3 caller= android.view.ViewRootImpl.updateBlastSurfaceIfNeeded:2898 android.view.ViewRootImpl.relayoutWindow:9847 android.view.ViewRootImpl.performTraversals:3884 android.view.ViewRootImpl.doTraversal:3116 android.view.ViewRootImpl$TraversalRunnable.run:10885 android.view.Choreographer$CallbackRecord.run:1301 
10-08 15:10:17.107 17607 17607 I ViewRootImpl@2cf4351[MainActivity]: Relayout returned: old=(0,0,1080,2400) new=(0,0,1080,2400) req=(1080,2400)0 dur=6 res=0x0 s={true 0x7b5be60800} ch=false seqId=0
10-08 15:10:17.108 17607 17607 I ViewRootImpl@2cf4351[MainActivity]: updateBoundsLayer: t = android.view.SurfaceControl$Transaction@d368eaa sc = Surface(name=Bounds for - com.lagradost.cloudstream3/com.lagradost.cloudstream3.MainActivity@0)/@0x12eba9b frame = 687
10-08 15:10:17.108 17607 17607 I ViewRootImpl@2cf4351[MainActivity]: mWNT: t=0x7b5c006d00 mBlastBufferQueue=0x7b5c027100 fn= 687 caller= android.view.ViewRootImpl.prepareSurfaces:2985 android.view.ViewRootImpl.performTraversals:4233 android.view.ViewRootImpl.doTraversal:3116 
10-08 15:10:17.109 17607 17607 W View    : requestLayout() improperly called by android.widget.FrameLayout{d7339b I.E..V... ......I. 0,0-0,0 #7f0a04e7 app:id/start_panel} during layout: running second layout pass
10-08 15:10:17.109 17607 17607 W View    : requestLayout() improperly called by android.widget.FrameLayout{23c6338 I.E..V... ......ID 1080,0-1080,2143 #7f0a0168 app:id/end_panel} during layout: running second layout pass
10-08 15:10:17.110 17607 17607 D SurfaceView@c45e59f: updateSurface: has no frame
10-08 15:10:17.114 17607 17721 I ViewRootImpl@2cf4351[MainActivity]: mWNT: t=0x7b2fb0f600 mBlastBufferQueue=0x7b5c027100 fn= 687 caller= android.view.ViewRootImpl.lambda$applyTransactionOnDraw$11$android-view-ViewRootImpl:12865 android.view.ViewRootImpl$$ExternalSyntheticLambda1.onFrameDraw:4 android.graphics.HardwareRenderer$FrameDrawingCallback.onFrameDraw:924 
10-08 15:10:17.117 17607 17607 E CoilImgLoader: Error loading image: coil3.request.NullRequestDataException: The request's data is null.
10-08 15:10:17.118 17607 17607 E CoilImgLoader: Error loading image: coil3.request.NullRequestDataException: The request's data is null.
10-08 15:10:17.138 17607 17682 I SYNCVM  : addFromUrl = https://tv6.egydead.live/%d9%85%d8%b4%d8%a7%d9%87%d8%af%d8%a9-%d9%81%d9%8a%d9%84%d9%85-mantis-2025-%d9%85%d8%aa%d8%b1%d8%ac%d9%85/
10-08 15:10:17.138 17607 17682 I SYNCUTIL: getIdsFromUrl https://tv6.egydead.live/%d9%85%d8%b4%d8%a7%d9%87%d8%af%d8%a9-%d9%81%d9%8a%d9%84%d9%85-mantis-2025-%d9%85%d8%aa%d8%b1%d8%ac%d9%85/
10-08 15:10:17.146 17607 17607 D SurfaceView@c45e59f: updateSurface: has no frame
10-08 15:10:17.147 17607 17607 I SurfaceView@c45e59f: Changes: creating=true format=true size=true visible=true alpha=false hint=false mUseAlpha=false visible=true left=true top=true
10-08 15:10:17.149 17607 17607 I BLASTBufferQueue: update, w= 1080 h= 525 mName = null mNativeObject= 0x7bda801e00 sc.mNativeObject= 0x7b2c2dc800 format= 4 caller= android.view.SurfaceView.createBlastSurfaceControls:1383 android.view.SurfaceView.updateSurface:1079 android.view.SurfaceView.lambda$new$0$android-view-SurfaceView:200 android.view.SurfaceView$$ExternalSyntheticLambda5.onPreDraw:2 android.view.ViewTreeObserver.dispatchOnPreDraw:1121 android.view.ViewRootImpl.performTraversals:4442 
10-08 15:10:17.150 17607 17607 I SurfaceView@c45e59f: 205907359 Cur surface: Surface(name=null)/@0xab13be
10-08 15:10:17.150 17607 17607 I SurfaceView@c45e59f: pST: sr = Rect(0, 218 - 1080, 743) sw = 1080 sh = 525
10-08 15:10:17.150 17607 17607 D SurfaceView@c45e59f: performSurfaceTransaction RenderWorker position = [0, 218, 1080, 743] surfaceSize = 1080x525
10-08 15:10:17.150 17607 17607 I SurfaceView@c45e59f: applyTransactionOnVriDraw: vri = ViewRootImpl@2cf4351[MainActivity] fRS = false t = 0x7b2fb0f800 android.view.SurfaceView.performSurfaceTransaction:959 android.view.SurfaceView.updateSurface:1105 android.view.SurfaceView.lambda$new$0$android-view-SurfaceView:200 
10-08 15:10:17.150 17607 17607 I ViewRootImpl@2cf4351[MainActivity]: applyTransactionOnDraw: mRemoved = false isHardwareEnabled = true t = 0x7b2fb0f800android.view.SurfaceView.applyTransactionOnVriDraw:2048 android.view.SurfaceView.performSurfaceTransaction:959 android.view.SurfaceView.updateSurface:1105 android.view.SurfaceView.lambda$new$0$android-view-SurfaceView:200 android.view.SurfaceView$$ExternalSyntheticLambda5.onPreDraw:2 
10-08 15:10:17.150 17607 17607 I SurfaceView@c45e59f: updateSurface: mVisible = true mSurface.isValid() = true
10-08 15:10:17.150 17607 17607 I SurfaceView@c45e59f: updateSurface: mSurfaceCreated = false surfaceChanged = true visibleChanged = true
10-08 15:10:17.150 17607 17607 I SurfaceView@c45e59f: visibleChanged -- surfaceCreated
10-08 15:10:17.150 17607 17607 I SurfaceView@c45e59f: surfaceCreated 0 #8 android.view.SurfaceView{c45e59f V.E..V... ......ID 0,0-1080,525}
10-08 15:10:17.150 17607 17607 I SurfaceView@c45e59f: surfaceChanged -- format=4 w=1080 h=525
10-08 15:10:17.150 17607 17607 I SurfaceView@c45e59f: surfaceChanged (1080,525) 0 #8 android.view.SurfaceView{c45e59f V.E..V... ......ID 0,0-1080,525}
10-08 15:10:17.150 17607 17607 I SurfaceView@c45e59f: surfaceRedrawNeeded
10-08 15:10:17.151 17607 17607 V SurfaceView@c45e59f: Layout: x=0 y=218 w=1080 h=525, frame=Rect(0, 0 - 1080, 525)
10-08 15:10:17.162 17607 17722 D SurfaceView@c45e59f: updateSurfacePosition RenderWorker, frameNr = 688, position = [54, 314, 1026, 787] surfaceSize = 1080x525
10-08 15:10:17.162 17607 17722 I SurfaceView@c45e59f: uSP: rtp = Rect(54, 314 - 1026, 787) rtsw = 1080 rtsh = 525
10-08 15:10:17.162 17607 17722 I SurfaceView@c45e59f: onSSPAndSRT: pl = 54 pt = 314 sx = 0.9 sy = 0.9009524
10-08 15:10:17.162 17607 17722 I SurfaceView@c45e59f: aOrMT: ViewRootImpl@2cf4351[MainActivity] t = android.view.SurfaceControl$Transaction@d82e258 fN = 688 android.view.SurfaceView.-$$Nest$mapplyOrMergeTransaction:0 android.view.SurfaceView$SurfaceViewPositionUpdateListener.positionChanged:1537 android.graphics.RenderNode$CompositePositionUpdateListener.positionChanged:373 
10-08 15:10:17.163 17607 17722 I ViewRootImpl@2cf4351[MainActivity]: mWNT: t=0x7b2fb0f900 mBlastBufferQueue=0x7b5c027100 fn= 688 caller= android.view.SurfaceView.applyOrMergeTransaction:1455 android.view.SurfaceView.-$$Nest$mapplyOrMergeTransaction:0 android.view.SurfaceView$SurfaceViewPositionUpdateListener.positionChanged:1537 
10-08 15:10:17.163 17607 17722 I ViewRootImpl@2cf4351[MainActivity]: mWNT: t=0x7b2fb0f800 mBlastBufferQueue=0x7b5c027100 fn= 688 caller= android.view.ViewRootImpl.lambda$applyTransactionOnDraw$11$android-view-ViewRootImpl:12865 android.view.ViewRootImpl$$ExternalSyntheticLambda1.onFrameDraw:4 android.graphics.HardwareRenderer$FrameDrawingCallback.onFrameDraw:924 
10-08 15:10:17.164 17607 17607 I SurfaceView@c45e59f: finishedDrawing
10-08 15:10:17.177 17607 17721 D SurfaceView@c45e59f: updateSurfacePosition RenderWorker, frameNr = 689, position = [40, 289, 1040, 776] surfaceSize = 1080x525
10-08 15:10:17.177 17607 17721 I SurfaceView@c45e59f: uSP: rtp = Rect(40, 289 - 1040, 776) rtsw = 1080 rtsh = 525
10-08 15:10:17.177 17607 17721 I SurfaceView@c45e59f: onSSPAndSRT: pl = 40 pt = 289 sx = 0.9259259 sy = 0.92761904
10-08 15:10:17.178 17607 17721 I SurfaceView@c45e59f: aOrMT: ViewRootImpl@2cf4351[MainActivity] t = android.view.SurfaceControl$Transaction@d82e258 fN = 689 android.view.SurfaceView.-$$Nest$mapplyOrMergeTransaction:0 android.view.SurfaceView$SurfaceViewPositionUpdateListener.positionChanged:1537 android.graphics.RenderNode$CompositePositionUpdateListener.positionChanged:373 
10-08 15:10:17.178 17607 17721 I ViewRootImpl@2cf4351[MainActivity]: mWNT: t=0x7b2fb0f900 mBlastBufferQueue=0x7b5c027100 fn= 689 caller= android.view.SurfaceView.applyOrMergeTransaction:1455 android.view.SurfaceView.-$$Nest$mapplyOrMergeTransaction:0 android.view.SurfaceView$SurfaceViewPositionUpdateListener.positionChanged:1537 
10-08 15:10:17.202 17607 17722 D SurfaceView@c45e59f: updateSurfacePosition RenderWorker, frameNr = 690, position = [31, 274, 1049, 769] surfaceSize = 1080x525
10-08 15:10:17.203 17607 17722 I SurfaceView@c45e59f: uSP: rtp = Rect(31, 274 - 1049, 769) rtsw = 1080 rtsh = 525
10-08 15:10:17.203 17607 17722 I SurfaceView@c45e59f: onSSPAndSRT: pl = 31 pt = 274 sx = 0.9425926 sy = 0.94285715
10-08 15:10:17.203 17607 17722 I SurfaceView@c45e59f: aOrMT: ViewRootImpl@2cf4351[MainActivity] t = android.view.SurfaceControl$Transaction@d82e258 fN = 690 android.view.SurfaceView.-$$Nest$mapplyOrMergeTransaction:0 android.view.SurfaceView$SurfaceViewPositionUpdateListener.positionChanged:1537 android.graphics.RenderNode$CompositePositionUpdateListener.positionChanged:373 
10-08 15:10:17.203 17607 17722 I ViewRootImpl@2cf4351[MainActivity]: mWNT: t=0x7b2fb0f900 mBlastBufferQueue=0x7b5c027100 fn= 690 caller= android.view.SurfaceView.applyOrMergeTransaction:1455 android.view.SurfaceView.-$$Nest$mapplyOrMergeTransaction:0 android.view.SurfaceView$SurfaceViewPositionUpdateListener.positionChanged:1537 
10-08 15:10:17.222 17607 17721 D SurfaceView@c45e59f: updateSurfacePosition RenderWorker, frameNr = 691, position = [21, 257, 1059, 761] surfaceSize = 1080x525
10-08 15:10:17.222 17607 17721 I SurfaceView@c45e59f: uSP: rtp = Rect(21, 257 - 1059, 761) rtsw = 1080 rtsh = 525
10-08 15:10:17.223 17607 17721 I SurfaceView@c45e59f: onSSPAndSRT: pl = 21 pt = 257 sx = 0.9611111 sy = 0.96
10-08 15:10:17.223 17607 17721 I SurfaceView@c45e59f: aOrMT: ViewRootImpl@2cf4351[MainActivity] t = android.view.SurfaceControl$Transaction@d82e258 fN = 691 android.view.SurfaceView.-$$Nest$mapplyOrMergeTransaction:0 android.view.SurfaceView$SurfaceViewPositionUpdateListener.positionChanged:1537 android.graphics.RenderNode$CompositePositionUpdateListener.positionChanged:373 
10-08 15:10:17.223 17607 17721 I ViewRootImpl@2cf4351[MainActivity]: mWNT: t=0x7b2fb0f900 mBlastBufferQueue=0x7b5c027100 fn= 691 caller= android.view.SurfaceView.applyOrMergeTransaction:1455 android.view.SurfaceView.-$$Nest$mapplyOrMergeTransaction:0 android.view.SurfaceView$SurfaceViewPositionUpdateListener.positionChanged:1537 
10-08 15:10:17.232 17607 17722 D SurfaceView@c45e59f: updateSurfacePosition RenderWorker, frameNr = 692, position = [6, 229, 1074, 749] surfaceSize = 1080x525
10-08 15:10:17.232 17607 17722 I SurfaceView@c45e59f: uSP: rtp = Rect(6, 229 - 1074, 749) rtsw = 1080 rtsh = 525
10-08 15:10:17.232 17607 17722 I SurfaceView@c45e59f: onSSPAndSRT: pl = 6 pt = 229 sx = 0.98888886 sy = 0.9904762
10-08 15:10:17.232 17607 17722 I SurfaceView@c45e59f: aOrMT: ViewRootImpl@2cf4351[MainActivity] t = android.view.SurfaceControl$Transaction@d82e258 fN = 692 android.view.SurfaceView.-$$Nest$mapplyOrMergeTransaction:0 android.view.SurfaceView$SurfaceViewPositionUpdateListener.positionChanged:1537 android.graphics.RenderNode$CompositePositionUpdateListener.positionChanged:373 
10-08 15:10:17.233 17607 17722 I ViewRootImpl@2cf4351[MainActivity]: mWNT: t=0x7b2fb0f900 mBlastBufferQueue=0x7b5c027100 fn= 692 caller= android.view.SurfaceView.applyOrMergeTransaction:1455 android.view.SurfaceView.-$$Nest$mapplyOrMergeTransaction:0 android.view.SurfaceView$SurfaceViewPositionUpdateListener.positionChanged:1537 
10-08 15:10:17.236 17607 17721 D SurfaceView@c45e59f: updateSurfacePosition RenderWorker, frameNr = 692, position = [1, 220, 1079, 745] surfaceSize = 1080x525
10-08 15:10:17.237 17607 17721 I SurfaceView@c45e59f: uSP: rtp = Rect(1, 220 - 1079, 745) rtsw = 1080 rtsh = 525
10-08 15:10:17.237 17607 17721 I SurfaceView@c45e59f: onSSPAndSRT: pl = 1 pt = 220 sx = 0.99814814 sy = 1.0
10-08 15:10:17.237 17607 17721 I SurfaceView@c45e59f: aOrMT: ViewRootImpl@2cf4351[MainActivity] t = android.view.SurfaceControl$Transaction@d82e258 fN = 692 android.view.SurfaceView.-$$Nest$mapplyOrMergeTransaction:0 android.view.SurfaceView$SurfaceViewPositionUpdateListener.positionChanged:1537 android.graphics.RenderNode$CompositePositionUpdateListener.positionChanged:373 
10-08 15:10:17.237 17607 17721 I ViewRootImpl@2cf4351[MainActivity]: mWNT: t=0x7b2fb0f900 mBlastBufferQueue=0x7b5c027100 fn= 692 caller= android.view.SurfaceView.applyOrMergeTransaction:1455 android.view.SurfaceView.-$$Nest$mapplyOrMergeTransaction:0 android.view.SurfaceView$SurfaceViewPositionUpdateListener.positionChanged:1537 
10-08 15:10:17.253 17607 17722 D SurfaceView@c45e59f: updateSurfacePosition RenderWorker, frameNr = 693, position = [0, 218, 1080, 743] surfaceSize = 1080x525
10-08 15:10:17.253 17607 17722 I SurfaceView@c45e59f: uSP: rtp = Rect(0, 218 - 1080, 743) rtsw = 1080 rtsh = 525
10-08 15:10:17.253 17607 17722 I SurfaceView@c45e59f: onSSPAndSRT: pl = 0 pt = 218 sx = 1.0 sy = 1.0
10-08 15:10:17.254 17607 17722 I SurfaceView@c45e59f: aOrMT: ViewRootImpl@2cf4351[MainActivity] t = android.view.SurfaceControl$Transaction@d82e258 fN = 693 android.view.SurfaceView.-$$Nest$mapplyOrMergeTransaction:0 android.view.SurfaceView$SurfaceViewPositionUpdateListener.positionChanged:1537 android.graphics.RenderNode$CompositePositionUpdateListener.positionChanged:373 
10-08 15:10:17.254 17607 17722 I ViewRootImpl@2cf4351[MainActivity]: mWNT: t=0x7b2fb0f900 mBlastBufferQueue=0x7b5c027100 fn= 693 caller= android.view.SurfaceView.applyOrMergeTransaction:1455 android.view.SurfaceView.-$$Nest$mapplyOrMergeTransaction:0 android.view.SurfaceView$SurfaceViewPositionUpdateListener.positionChanged:1537 
10-08 15:10:18.097 17607 17607 I ViewRootImpl@2cf4351[MainActivity]: ViewPostIme pointer 0
10-08 15:10:18.630 17607 17607 I Dialog  : mIsDeviceDefault = false, mIsSamsungBasicInteraction = false, isMetaDataInActivity = false
10-08 15:10:18.670 17607 17607 I DecorView: [INFO] isPopOver=false config=false
10-08 15:10:18.670 17607 17607 I DecorView: updateCaptionType: isFloating=false isApplication=true hasWindowDecorCaption=false this=DecorView@628e1d2[]
10-08 15:10:18.670 17607 17607 D DecorView: setCaptionType = 0, this = DecorView@628e1d2[]
10-08 15:10:18.672 17607 17607 I DecorView: getCurrentDensityDpi: from app context. densityDpi=420 msg=resources_loaded
10-08 15:10:18.672 17607 17607 I DecorView: setWindowBackground: isPopOver=false color=0 d=android.graphics.drawable.ColorDrawable@d5d09a0
10-08 15:10:18.678 17607 17651 D NativeCustomFrequencyManager: [NativeCFMS] BpCustomFrequencyManager::BpCustomFrequencyManager()
10-08 15:10:18.679 17607 17607 I DecorView: notifyKeepScreenOnChanged: keepScreenOn=false
10-08 15:10:18.690 17607 17607 D InsetsController: onStateChanged: InsetsState: {mDisplayFrame=Rect(0, 0 - 1080, 2400), mDisplayCutout=DisplayCutout{insets=Rect(0, 88 - 0, 0) waterfall=Insets{left=0, top=0, right=0, bottom=0} boundingRect={Bounds=[Rect(0, 0 - 0, 0), Rect(512, 0 - 568, 88), Rect(0, 0 - 0, 0), Rect(0, 0 - 0, 0)]} cutoutPathParserInfo={CutoutPathParserInfo{displayWidth=1080 displayHeight=2400 physicalDisplayWidth=1080 physicalDisplayHeight=2400 density={2.625} cutoutSpec={M 0,0 M 0,12.25101276465640 a 10.60613009248640,10.60613009248640 0 1,0 0,21.21226018497290 a 10.60613009248640,10.60613009248640 0 1,0 0,-21.21226018497290 Z @dp} rotation={0} scale={1.0} physicalPixelDisplaySizeRatio={1.0}}}}, mRoundedCorners=RoundedCorners{[RoundedCorner{position=TopLeft, radius=84, center=Point(84, 84)}, RoundedCorner{position=TopRight, radius=84, center=Point(996, 84)}, RoundedCorner{position=BottomRight, radius=84, center=Point(996, 2316)}, RoundedCorner{position=BottomLeft, radius=84, center=Point(84, 2316)}]}  mRoundedCornerFrame=Rect(0, 0 - 1080, 2400), mPrivacyIndicatorBounds=PrivacyIndicatorBounds {static bounds=Rect(964, 0 - 1080, 87) rotation=0}, mSources= { InsetsSource: {mType=ITYPE_STATUS_BAR, mFrame=[0,0][1080,88], mVisible=true, mInsetsRoundedCornerFrame=false}, InsetsSource: {mType=ITYPE_NAVIGATION_BAR, mFrame=[0,2361][1080,2400], mVisible=true, mInsetsRoundedCornerFrame=false}, InsetsSource: {mType=ITYPE_LEFT_GESTURES, mFrame=[0,0][130,2400], mVisible=true, mInsetsRoundedCornerFrame=false}, InsetsSource: {mType=ITYPE_RIGHT_GESTURES, mFrame=[950,0][1080,2400], mVisible=true, mInsetsRoundedCornerFrame=false}, InsetsSource: {mType=ITYPE_TOP_MANDATORY_GESTURES, mFrame=[0,0][1080,120], mVisible=true, mInsetsRoundedCornerFrame=false}, InsetsSource: {mType=ITYPE_BOTTOM_MANDATORY_GESTURES, mFrame=[0,2316][1080,2400], mVisible=true, mInsetsRoundedCornerFrame=false}, InsetsSource: {mType=ITYPE_LEFT_DISPLAY_CUTOUT, mFrame=[0,0][-100000,2400], mVisible=true, mInsetsRoundedCornerFrame=false}, InsetsSource: {mType=ITYPE_TOP_DISPLAY_CUTOUT, mFrame=[0,0][1080,88], mVisible=true, mInsetsRoundedCornerFrame=false}, InsetsSource: {mType=ITYPE_RIGHT_DISPLAY_CUTOUT, mFrame=[100000,0][1080,2400], mVisible=true, mInsetsRoundedCornerFrame=false}, InsetsSource: {mType=ITYPE_BOTTOM_DISPLAY_CUTOUT, mFrame=[0,100000][1080,2400], mVisible=true, mInsetsRoundedCornerFrame=false}, InsetsSource: {mType=ITYPE_TOP_TAPPABLE_ELEMENT, mFrame=[0,0][1080,88], mVisible=true, mInsetsRoundedCornerFrame=false}, InsetsSource: {mType=ITYPE_BOTTOM_TAPPABLE_ELEMENT, mFrame=[0,0][0,0], mVisible=true, mInsetsRoundedCornerFrame=false}, InsetsSource: {mType=ITYPE_IME, mFrame=[0,0][0,0], mVisibleFrame=[0,1409][1080,2400], mVisible=false, mInsetsRoundedCornerFrame=false} } host=com.lagradost.cloudstream3/com.lagradost.cloudstream3.MainActivity from=android.view.ViewRootImpl.setView:1732
10-08 15:10:18.691 17607 17607 I ViewRootImpl@6e48a91[MainActivity]: setView = com.android.internal.policy.DecorView@628e1d2 TM=true
10-08 15:10:18.705 17607 17607 I ViewRootImpl@6e48a91[MainActivity]: performTraversals params={(0,0)(fillxfill) gr=CENTER sim={adjust=resize forwardNavigation} ty=APPLICATION fmt=TRANSPARENT wanim=0x7f14000b
10-08 15:10:18.705 17607 17607 I ViewRootImpl@6e48a91[MainActivity]:   fl=85810100
10-08 15:10:18.705 17607 17607 I ViewRootImpl@6e48a91[MainActivity]:   pfl=12020040
10-08 15:10:18.705 17607 17607 I ViewRootImpl@6e48a91[MainActivity]:   vsysui=500
10-08 15:10:18.705 17607 17607 I ViewRootImpl@6e48a91[MainActivity]:   bhv=DEFAULT
10-08 15:10:18.705 17607 17607 I ViewRootImpl@6e48a91[MainActivity]:   fitSides= naviIconColor=0}
10-08 15:10:18.706 17607 17607 I ViewRootImpl@6e48a91[MainActivity]: performTraversals mFirst=true windowShouldResize=true viewVisibilityChanged=false mForceNextWindowRelayout=false params={(0,0)(fillxfill) gr=CENTER sim={adjust=resize forwardNavigation} ty=APPLICATION fmt=TRANSPARENT wanim=0x7f14000b
10-08 15:10:18.706 17607 17607 I ViewRootImpl@6e48a91[MainActivity]:   fl=85810100
10-08 15:10:18.706 17607 17607 I ViewRootImpl@6e48a91[MainActivity]:   pfl=12020040
10-08 15:10:18.706 17607 17607 I ViewRootImpl@6e48a91[MainActivity]:   vsysui=500
10-08 15:10:18.706 17607 17607 I ViewRootImpl@6e48a91[MainActivity]:   bhv=DEFAULT
10-08 15:10:18.706 17607 17607 I ViewRootImpl@6e48a91[MainActivity]:   fitSides= naviIconColor=0}
10-08 15:10:18.716 17607 17607 I ViewRootImpl@6e48a91[MainActivity]: updateBlastSurfaceIfNeeded mBlastBufferQueue=null isSameSurfaceControl=false
10-08 15:10:18.716 17607 17607 I BLASTBufferQueue: new BLASTBufferQueue, mName= ViewRootImpl@6e48a91[MainActivity] mNativeObject= 0x7bda802100 sc.mNativeObject= 0x7b14167820 caller= android.view.ViewRootImpl.updateBlastSurfaceIfNeeded:2909 android.view.ViewRootImpl.relayoutWindow:9847 android.view.ViewRootImpl.performTraversals:3884 android.view.ViewRootImpl.doTraversal:3116 android.view.ViewRootImpl$TraversalRunnable.run:10885 android.view.Choreographer$CallbackRecord.run:1301 android.view.Choreographer$CallbackRecord.run:1309 android.view.Choreographer.doCallbacks:923 android.view.Choreographer.doFrame:852 android.view.Choreographer$FrameDisplayEventReceiver.run:1283 
10-08 15:10:18.716 17607 17607 I BLASTBufferQueue: update, w= 1080 h= 2400 mName = ViewRootImpl@6e48a91[MainActivity] mNativeObject= 0x7bda802100 sc.mNativeObject= 0x7b14167820 format= -2 caller= android.graphics.BLASTBufferQueue.<init>:84 android.view.ViewRootImpl.updateBlastSurfaceIfNeeded:2909 android.view.ViewRootImpl.relayoutWindow:9847 android.view.ViewRootImpl.performTraversals:3884 android.view.ViewRootImpl.doTraversal:3116 android.view.ViewRootImpl$TraversalRunnable.run:10885 
10-08 15:10:18.717 17607 17607 I ViewRootImpl@6e48a91[MainActivity]: Relayout returned: old=(0,0,1080,2400) new=(0,0,1080,2400) req=(1080,2400)0 dur=10 res=0x3 s={true 0x7bda5af000} ch=true seqId=0
10-08 15:10:18.718 17607 17607 I ViewRootImpl@6e48a91[MainActivity]: mThreadedRenderer.initialize() mSurface={isValid=true 0x7bda5af000} hwInitialized=true
10-08 15:10:18.718 17607 17651 D OpenGLRenderer: eglCreateWindowSurface
10-08 15:10:18.735 17607 17607 D AbsListView:  in onLayout changed 
10-08 15:10:18.736 17607 17607 I ViewRootImpl@6e48a91[MainActivity]: reportNextDraw android.view.ViewRootImpl.performTraversals:4438 android.view.ViewRootImpl.doTraversal:3116 android.view.ViewRootImpl$TraversalRunnable.run:10885 android.view.Choreographer$CallbackRecord.run:1301 android.view.Choreographer$CallbackRecord.run:1309 
10-08 15:10:18.736 17607 17607 I ViewRootImpl@6e48a91[MainActivity]: Setup new sync id=0
10-08 15:10:18.736 17607 17607 I ViewRootImpl@6e48a91[MainActivity]: Setting syncFrameCallback
10-08 15:10:18.736 17607 17607 I ViewRootImpl@6e48a91[MainActivity]: registerCallbacksForSync syncBuffer=false
10-08 15:10:18.740 17607 17721 I ViewRootImpl@6e48a91[MainActivity]: Received frameDrawingCallback syncResult=0 frameNum=1.
10-08 15:10:18.740 17607 17721 I ViewRootImpl@6e48a91[MainActivity]: Setting up sync and frameCommitCallback
10-08 15:10:18.746 17607 17651 I BLASTBufferQueue: [ViewRootImpl@6e48a91[MainActivity]#12](f:0,a:0) onFrameAvailable the first frame is available
10-08 15:10:18.748 17607 17651 I ViewRootImpl@6e48a91[MainActivity]: Received frameCommittedCallback lastAttemptedDrawFrameNum=1 didProduceBuffer=true
10-08 15:10:18.749 17607 17651 D OpenGLRenderer: CFMS:: SetUp Pid : 17607    Tid : 17651
10-08 15:10:18.754 17607 17607 I ViewRootImpl@6e48a91[MainActivity]: onSyncComplete
10-08 15:10:18.754 17607 17607 I ViewRootImpl@6e48a91[MainActivity]: setupSync seqId=0 mSyncId=0 fn=1 caller=android.view.ViewRootImpl$$ExternalSyntheticLambda11.accept:6 android.window.SurfaceSyncer.lambda$setupSync$1$android-window-SurfaceSyncer:128 android.window.SurfaceSyncer$$ExternalSyntheticLambda1.accept:8 android.window.SurfaceSyncer$SyncSet.checkIfSyncIsComplete:382 android.window.SurfaceSyncer$SyncSet.markSyncReady:359 android.window.SurfaceSyncer.markSyncReady:151 android.view.ViewRootImpl.performTraversals:4503 
10-08 15:10:18.755 17607 17607 I ViewRootImpl@6e48a91[MainActivity]: reportDrawFinished seqId=0 mSyncId=-1 fn=1 mSurfaceChangedTransaction=0x7b2c504100
10-08 15:10:18.758 17607 17607 I ViewRootImpl@2cf4351[MainActivity]: MSG_WINDOW_FOCUS_CHANGED 0 0
10-08 15:10:18.801 17607 17607 I ViewRootImpl@2cf4351[MainActivity]: ViewPostIme pointer 1
10-08 15:10:18.821 17607 17607 I ViewRootImpl@6e48a91[MainActivity]: MSG_WINDOW_FOCUS_CHANGED 1 0
10-08 15:10:18.821 17607 17607 I ViewRootImpl@6e48a91[MainActivity]: mThreadedRenderer.initializeIfNeeded()#2 mSurface={isValid=true 0x7bda5af000}
10-08 15:10:18.823 17607 17607 D InputMethodManager: startInputInner - Id : 0
10-08 15:10:18.823 17607 17607 I InputMethodManager: startInputInner - mService.startInputOrWindowGainedFocus
10-08 15:10:19.645 17607 17607 I ViewRootImpl@6e48a91[MainActivity]: ViewPostIme pointer 0
10-08 15:10:19.702 17607 17607 I ViewRootImpl@6e48a91[MainActivity]: ViewPostIme pointer 1
10-08 15:10:19.703 17607 17607 D AbsListView: onTouchUp() mTouchMode : 0
10-08 15:10:19.777 17607 17607 I MSHandlerLifeCycle: removeMultiSplitHandler: no exist. decor=DecorView@628e1d2[MainActivity]
10-08 15:10:19.778 17607 17681 D EgyDead : Loading links for URL: https://tv6.egydead.live/%d9%85%d8%b4%d8%a7%d9%87%d8%af%d8%a9-%d9%81%d9%8a%d9%84%d9%85-mantis-2025-%d9%85%d8%aa%d8%b1%d8%ac%d9%85/
10-08 15:10:19.778 17607 17651 D OpenGLRenderer: setSurface called with nullptr
10-08 15:10:19.779 17607 17651 D OpenGLRenderer: setSurface() destroyed EGLSurface
10-08 15:10:19.779 17607 17651 D OpenGLRenderer: destroyEglSurface
10-08 15:10:19.781 17607 17651 D OpenGLRenderer: endAllActiveAnimators on 0x7b15de4c00 (MaterialTextView) with handle 0x7be16b3f80
10-08 15:10:19.781 17607 17607 I ViewRootImpl@6e48a91[MainActivity]: dispatchDetachedFromWindow
10-08 15:10:19.807 17607 17607 D InputTransport: Input channel destroyed: '656b553', fd=138
10-08 15:10:19.809 17607 17607 I Dialog  : mIsDeviceDefault = false, mIsSamsungBasicInteraction = false, isMetaDataInActivity = false
10-08 15:10:19.848 17607 17607 I DecorView: [INFO] isPopOver=false config=false
10-08 15:10:19.848 17607 17607 I DecorView: updateCaptionType: isFloating=false isApplication=true hasWindowDecorCaption=false this=DecorView@732bba6[]
10-08 15:10:19.848 17607 17607 D DecorView: setCaptionType = 0, this = DecorView@732bba6[]
10-08 15:10:19.850 17607 17607 I DecorView: getCurrentDensityDpi: from app context. densityDpi=420 msg=resources_loaded
10-08 15:10:19.850 17607 17607 I DecorView: setWindowBackground: isPopOver=false color=0 d=android.graphics.drawable.ColorDrawable@798e994
10-08 15:10:19.857 17607 17651 D NativeCustomFrequencyManager: [NativeCFMS] BpCustomFrequencyManager::BpCustomFrequencyManager()
10-08 15:10:19.858 17607 17607 I DecorView: notifyKeepScreenOnChanged: keepScreenOn=false
10-08 15:10:19.870 17607 17607 D InsetsController: onStateChanged: InsetsState: {mDisplayFrame=Rect(0, 0 - 1080, 2400), mDisplayCutout=DisplayCutout{insets=Rect(0, 88 - 0, 0) waterfall=Insets{left=0, top=0, right=0, bottom=0} boundingRect={Bounds=[Rect(0, 0 - 0, 0), Rect(512, 0 - 568, 88), Rect(0, 0 - 0, 0), Rect(0, 0 - 0, 0)]} cutoutPathParserInfo={CutoutPathParserInfo{displayWidth=1080 displayHeight=2400 physicalDisplayWidth=1080 physicalDisplayHeight=2400 density={2.625} cutoutSpec={M 0,0 M 0,12.25101276465640 a 10.60613009248640,10.60613009248640 0 1,0 0,21.21226018497290 a 10.60613009248640,10.60613009248640 0 1,0 0,-21.21226018497290 Z @dp} rotation={0} scale={1.0} physicalPixelDisplaySizeRatio={1.0}}}}, mRoundedCorners=RoundedCorners{[RoundedCorner{position=TopLeft, radius=84, center=Point(84, 84)}, RoundedCorner{position=TopRight, radius=84, center=Point(996, 84)}, RoundedCorner{position=BottomRight, radius=84, center=Point(996, 2316)}, RoundedCorner{position=BottomLeft, radius=84, center=Point(84, 2316)}]}  mRoundedCornerFrame=Rect(0, 0 - 1080, 2400), mPrivacyIndicatorBounds=PrivacyIndicatorBounds {static bounds=Rect(964, 0 - 1080, 87) rotation=0}, mSources= { InsetsSource: {mType=ITYPE_STATUS_BAR, mFrame=[0,0][1080,88], mVisible=true, mInsetsRoundedCornerFrame=false}, InsetsSource: {mType=ITYPE_NAVIGATION_BAR, mFrame=[0,2361][1080,2400], mVisible=true, mInsetsRoundedCornerFrame=false}, InsetsSource: {mType=ITYPE_LEFT_GESTURES, mFrame=[0,0][130,2400], mVisible=true, mInsetsRoundedCornerFrame=false}, InsetsSource: {mType=ITYPE_RIGHT_GESTURES, mFrame=[950,0][1080,2400], mVisible=true, mInsetsRoundedCornerFrame=false}, InsetsSource: {mType=ITYPE_TOP_MANDATORY_GESTURES, mFrame=[0,0][1080,120], mVisible=true, mInsetsRoundedCornerFrame=false}, InsetsSource: {mType=ITYPE_BOTTOM_MANDATORY_GESTURES, mFrame=[0,2316][1080,2400], mVisible=true, mInsetsRoundedCornerFrame=false}, InsetsSource: {mType=ITYPE_LEFT_DISPLAY_CUTOUT, mFrame=[0,0][-100000,2400], mVisible=true, mInsetsRoundedCornerFrame=false}, InsetsSource: {mType=ITYPE_TOP_DISPLAY_CUTOUT, mFrame=[0,0][1080,88], mVisible=true, mInsetsRoundedCornerFrame=false}, InsetsSource: {mType=ITYPE_RIGHT_DISPLAY_CUTOUT, mFrame=[100000,0][1080,2400], mVisible=true, mInsetsRoundedCornerFrame=false}, InsetsSource: {mType=ITYPE_BOTTOM_DISPLAY_CUTOUT, mFrame=[0,100000][1080,2400], mVisible=true, mInsetsRoundedCornerFrame=false}, InsetsSource: {mType=ITYPE_TOP_TAPPABLE_ELEMENT, mFrame=[0,0][1080,88], mVisible=true, mInsetsRoundedCornerFrame=false}, InsetsSource: {mType=ITYPE_BOTTOM_TAPPABLE_ELEMENT, mFrame=[0,0][0,0], mVisible=true, mInsetsRoundedCornerFrame=false}, InsetsSource: {mType=ITYPE_IME, mFrame=[0,0][0,0], mVisibleFrame=[0,1409][1080,2400], mVisible=false, mInsetsRoundedCornerFrame=false} } host=com.lagradost.cloudstream3/com.lagradost.cloudstream3.MainActivity from=android.view.ViewRootImpl.setView:1732
10-08 15:10:19.872 17607 17607 I ViewRootImpl@e5635f5[MainActivity]: setView = com.android.internal.policy.DecorView@732bba6 TM=true
10-08 15:10:19.879 17607 17607 I ViewRootImpl@e5635f5[MainActivity]: performTraversals params={(0,0)(fillxfill) gr=CENTER sim={adjust=resize forwardNavigation} ty=APPLICATION fmt=TRANSPARENT wanim=0x7f14000b
10-08 15:10:19.879 17607 17607 I ViewRootImpl@e5635f5[MainActivity]:   fl=85810100
10-08 15:10:19.879 17607 17607 I ViewRootImpl@e5635f5[MainActivity]:   pfl=12020040
10-08 15:10:19.879 17607 17607 I ViewRootImpl@e5635f5[MainActivity]:   vsysui=500
10-08 15:10:19.879 17607 17607 I ViewRootImpl@e5635f5[MainActivity]:   bhv=DEFAULT
10-08 15:10:19.879 17607 17607 I ViewRootImpl@e5635f5[MainActivity]:   fitSides= naviIconColor=0}
10-08 15:10:19.879 17607 17607 I ViewRootImpl@e5635f5[MainActivity]: performTraversals mFirst=true windowShouldResize=true viewVisibilityChanged=false mForceNextWindowRelayout=false params={(0,0)(fillxfill) gr=CENTER sim={adjust=resize forwardNavigation} ty=APPLICATION fmt=TRANSPARENT wanim=0x7f14000b
10-08 15:10:19.879 17607 17607 I ViewRootImpl@e5635f5[MainActivity]:   fl=85810100
10-08 15:10:19.879 17607 17607 I ViewRootImpl@e5635f5[MainActivity]:   pfl=12020040
10-08 15:10:19.879 17607 17607 I ViewRootImpl@e5635f5[MainActivity]:   vsysui=500
10-08 15:10:19.879 17607 17607 I ViewRootImpl@e5635f5[MainActivity]:   bhv=DEFAULT
10-08 15:10:19.879 17607 17607 I ViewRootImpl@e5635f5[MainActivity]:   fitSides= naviIconColor=0}
10-08 15:10:19.893 17607 17607 I ViewRootImpl@e5635f5[MainActivity]: updateBlastSurfaceIfNeeded mBlastBufferQueue=null isSameSurfaceControl=false
10-08 15:10:19.894 17607 17607 I BLASTBufferQueue: new BLASTBufferQueue, mName= ViewRootImpl@e5635f5[MainActivity] mNativeObject= 0x7b5bda3000 sc.mNativeObject= 0x7b16b74080 caller= android.view.ViewRootImpl.updateBlastSurfaceIfNeeded:2909 android.view.ViewRootImpl.relayoutWindow:9847 android.view.ViewRootImpl.performTraversals:3884 android.view.ViewRootImpl.doTraversal:3116 android.view.ViewRootImpl$TraversalRunnable.run:10885 android.view.Choreographer$CallbackRecord.run:1301 android.view.Choreographer$CallbackRecord.run:1309 android.view.Choreographer.doCallbacks:923 android.view.Choreographer.doFrame:852 android.view.Choreographer$FrameDisplayEventReceiver.run:1283 
10-08 15:10:19.895 17607 17607 I BLASTBufferQueue: update, w= 1080 h= 2400 mName = ViewRootImpl@e5635f5[MainActivity] mNativeObject= 0x7b5bda3000 sc.mNativeObject= 0x7b16b74080 format= -2 caller= android.graphics.BLASTBufferQueue.<init>:84 android.view.ViewRootImpl.updateBlastSurfaceIfNeeded:2909 android.view.ViewRootImpl.relayoutWindow:9847 android.view.ViewRootImpl.performTraversals:3884 android.view.ViewRootImpl.doTraversal:3116 android.view.ViewRootImpl$TraversalRunnable.run:10885 
10-08 15:10:19.895 17607 17607 I ViewRootImpl@e5635f5[MainActivity]: Relayout returned: old=(0,0,1080,2400) new=(0,0,1080,2400) req=(1080,2400)0 dur=14 res=0x3 s={true 0x7bda5af000} ch=true seqId=0
10-08 15:10:19.896 17607 17607 I ViewRootImpl@e5635f5[MainActivity]: mThreadedRenderer.initialize() mSurface={isValid=true 0x7bda5af000} hwInitialized=true
10-08 15:10:19.897 17607 17651 D OpenGLRenderer: eglCreateWindowSurface
10-08 15:10:19.899 17607 17607 I ViewRootImpl@e5635f5[MainActivity]: reportNextDraw android.view.ViewRootImpl.performTraversals:4438 android.view.ViewRootImpl.doTraversal:3116 android.view.ViewRootImpl$TraversalRunnable.run:10885 android.view.Choreographer$CallbackRecord.run:1301 android.view.Choreographer$CallbackRecord.run:1309 
10-08 15:10:19.899 17607 17607 I ViewRootImpl@e5635f5[MainActivity]: Setup new sync id=0
10-08 15:10:19.899 17607 17607 I ViewRootImpl@e5635f5[MainActivity]: Setting syncFrameCallback
10-08 15:10:19.899 17607 17607 I ViewRootImpl@e5635f5[MainActivity]: registerCallbacksForSync syncBuffer=false
10-08 15:10:19.903 17607 17722 I ViewRootImpl@e5635f5[MainActivity]: Received frameDrawingCallback syncResult=0 frameNum=1.
10-08 15:10:19.903 17607 17722 I ViewRootImpl@e5635f5[MainActivity]: Setting up sync and frameCommitCallback
10-08 15:10:19.910 17607 17651 I BLASTBufferQueue: [ViewRootImpl@e5635f5[MainActivity]#13](f:0,a:0) onFrameAvailable the first frame is available
10-08 15:10:19.911 17607 17651 I ViewRootImpl@e5635f5[MainActivity]: Received frameCommittedCallback lastAttemptedDrawFrameNum=1 didProduceBuffer=true
10-08 15:10:19.913 17607 17651 D OpenGLRenderer: CFMS:: SetUp Pid : 17607    Tid : 17651
10-08 15:10:19.918 17607 17607 I ViewRootImpl@e5635f5[MainActivity]: onSyncComplete
10-08 15:10:19.919 17607 17607 I ViewRootImpl@e5635f5[MainActivity]: setupSync seqId=0 mSyncId=0 fn=1 caller=android.view.ViewRootImpl$$ExternalSyntheticLambda11.accept:6 android.window.SurfaceSyncer.lambda$setupSync$1$android-window-SurfaceSyncer:128 android.window.SurfaceSyncer$$ExternalSyntheticLambda1.accept:8 android.window.SurfaceSyncer$SyncSet.checkIfSyncIsComplete:382 android.window.SurfaceSyncer$SyncSet.markSyncReady:359 android.window.SurfaceSyncer.markSyncReady:151 android.view.ViewRootImpl.performTraversals:4503 
10-08 15:10:19.919 17607 17607 I ViewRootImpl@e5635f5[MainActivity]: reportDrawFinished seqId=0 mSyncId=-1 fn=1 mSurfaceChangedTransaction=0x7b2f7a6100
10-08 15:10:19.922 17607 17607 D InsetsController: onStateChanged: InsetsState: {mDisplayFrame=Rect(0, 0 - 1080, 2400), mDisplayCutout=DisplayCutout{insets=Rect(0, 88 - 0, 0) waterfall=Insets{left=0, top=0, right=0, bottom=0} boundingRect={Bounds=[Rect(0, 0 - 0, 0), Rect(512, 0 - 568, 88), Rect(0, 0 - 0, 0), Rect(0, 0 - 0, 0)]} cutoutPathParserInfo={CutoutPathParserInfo{displayWidth=1080 displayHeight=2400 physicalDisplayWidth=1080 physicalDisplayHeight=2400 density={2.625} cutoutSpec={M 0,0 M 0,12.25101276465640 a 10.60613009248640,10.60613009248640 0 1,0 0,21.21226018497290 a 10.60613009248640,10.60613009248640 0 1,0 0,-21.21226018497290 Z @dp} rotation={0} scale={1.0} physicalPixelDisplaySizeRatio={1.0}}}}, mRoundedCorners=RoundedCorners{[RoundedCorner{position=TopLeft, radius=84, center=Point(84, 84)}, RoundedCorner{position=TopRight, radius=84, center=Point(996, 84)}, RoundedCorner{position=BottomRight, radius=84, center=Point(996, 2316)}, RoundedCorner{position=BottomLeft, radius=84, center=Point(84, 2316)}]}  mRoundedCornerFrame=Rect(0, 0 - 1080, 2400), mPrivacyIndicatorBounds=PrivacyIndicatorBounds {static bounds=Rect(964, 0 - 1080, 87) rotation=0}, mSources= { InsetsSource: {mType=ITYPE_STATUS_BAR, mFrame=[0,0][1080,88], mVisible=true, mInsetsRoundedCornerFrame=false}, InsetsSource: {mType=ITYPE_NAVIGATION_BAR, mFrame=[0,2361][1080,2400], mVisible=true, mInsetsRoundedCornerFrame=false}, InsetsSource: {mType=ITYPE_LEFT_GESTURES, mFrame=[0,0][130,2400], mVisible=true, mInsetsRoundedCornerFrame=false}, InsetsSource: {mType=ITYPE_RIGHT_GESTURES, mFrame=[950,0][1080,2400], mVisible=true, mInsetsRoundedCornerFrame=false}, InsetsSource: {mType=ITYPE_TOP_MANDATORY_GESTURES, mFrame=[0,0][1080,120], mVisible=true, mInsetsRoundedCornerFrame=false}, InsetsSource: {mType=ITYPE_BOTTOM_MANDATORY_GESTURES, mFrame=[0,2316][1080,2400], mVisible=true, mInsetsRoundedCornerFrame=false}, InsetsSource: {mType=ITYPE_LEFT_DISPLAY_CUTOUT, mFrame=[0,0][-100000,2400], mVisible=true, mInsetsRoundedCornerFrame=false}, InsetsSource: {mType=ITYPE_TOP_DISPLAY_CUTOUT, mFrame=[0,0][1080,88], mVisible=true, mInsetsRoundedCornerFrame=false}, InsetsSource: {mType=ITYPE_RIGHT_DISPLAY_CUTOUT, mFrame=[100000,0][1080,2400], mVisible=true, mInsetsRoundedCornerFrame=false}, InsetsSource: {mType=ITYPE_BOTTOM_DISPLAY_CUTOUT, mFrame=[0,100000][1080,2400], mVisible=true, mInsetsRoundedCornerFrame=false}, InsetsSource: {mType=ITYPE_TOP_TAPPABLE_ELEMENT, mFrame=[0,0][1080,88], mVisible=true, mInsetsRoundedCornerFrame=false}, InsetsSource: {mType=ITYPE_BOTTOM_TAPPABLE_ELEMENT, mFrame=[0,0][0,0], mVisible=true, mInsetsRoundedCornerFrame=false} } host=com.lagradost.cloudstream3/com.lagradost.cloudstream3.MainActivity from=android.view.ViewRootImpl$ViewRootHandler.handleMessageImpl:6740
10-08 15:10:19.924 17607 17607 I ViewRootImpl@2cf4351[MainActivity]: MSG_WINDOW_FOCUS_CHANGED 0 0
10-08 15:10:19.940 17607 17607 I ViewRootImpl@2cf4351[MainActivity]: MSG_WINDOW_FOCUS_CHANGED 0 0
10-08 15:10:19.972 17607 17607 I ViewRootImpl@e5635f5[MainActivity]: MSG_WINDOW_FOCUS_CHANGED 1 0
10-08 15:10:19.973 17607 17607 I ViewRootImpl@e5635f5[MainActivity]: mThreadedRenderer.initializeIfNeeded()#2 mSurface={isValid=true 0x7bda5af000}
10-08 15:10:19.975 17607 17607 D InputMethodManager: startInputInner - Id : 0
10-08 15:10:19.975 17607 17607 I InputMethodManager: startInputInner - mService.startInputOrWindowGainedFocus
10-08 15:10:20.664 17607 17681 D EgyDead : Document title:   Mantis 2025  |  
10-08 15:10:20.666 17607 17681 D EgyDead : Found 7 potential server elements.
10-08 15:10:20.667 17607 17681 D EgyDead : Server element 0 HTML: <span>
10-08 15:10:20.667 17607 17681 D EgyDead :  <p>StreamHG</p></span>
10-08 15:10:20.667 17607 17681 D EgyDead : Server data-link 0: https://hglink.to/e/kepdjzb7f4vp
10-08 15:10:20.667 17607 17681 D EgyDead : Server element 1 HTML: <span>
10-08 15:10:20.667 17607 17681 D EgyDead :  <p>bigwarp</p></span>
10-08 15:10:20.667 17607 17681 D EgyDead : Server data-link 1: https://bigwarp.pro/embed-mti4fk6nb3ju.html
10-08 15:10:20.667 17607 17681 D EgyDead : Server element 2 HTML: <span>
10-08 15:10:20.667 17607 17681 D EgyDead :  <p>Forafile</p></span>
10-08 15:10:20.667 17607 17681 D EgyDead : Server data-link 2: https://forafile.com/embed-pfm1eaxo8q0f.html
10-08 15:10:20.667 17607 17681 D EgyDead : Server element 3 HTML: <span>
