10-08 15:10:23.070 17607 17607 I ViewRootImpl@2cf4351[MainActivity]: applyTransactionOnDraw: mRemoved = false isHardwareEnabled = true t = 0x7b18a88800android.view.ViewRootImpl.applyTransactionOnDrawFromReleaseSurfaces:12850 android.view.SurfaceView.applyTransactionOnVriDraw:2046 android.view.SurfaceView.releaseSurfaces:858 android.view.SurfaceView.onDetachedFromWindow:500 android.view.View.dispatchDetachedFromWindow:22538 
10-08 15:10:23.079 17607 17607 I DecorView: notifyKeepScreenOnChanged: keepScreenOn=false
10-08 15:10:23.080 17607 17607 I CS3ExoPlayer: releasePlayer
10-08 15:10:23.080 17607 17607 I CS3ExoPlayer: Handle event: PlayerAttachedEvent(player=null, source=Player)
10-08 15:10:23.080 17607 17607 I DecorView: notifyKeepScreenOnChanged: keepScreenOn=false
10-08 15:10:23.082 17607 17607 I ViewRootImpl@2cf4351[MainActivity]: performTraversals params={(0,0)(fillxfill) sim={state=always_hidden adjust=resize} ty=BASE_APPLICATION wanim=0x1030309
10-08 15:10:23.082 17607 17607 I ViewRootImpl@2cf4351[MainActivity]:   fl=85810100
10-08 15:10:23.082 17607 17607 I ViewRootImpl@2cf4351[MainActivity]:   pfl=12020040
10-08 15:10:23.082 17607 17607 I ViewRootImpl@2cf4351[MainActivity]:   vsysui=500
10-08 15:10:23.082 17607 17607 I ViewRootImpl@2cf4351[MainActivity]:   bhv=DEFAULT
10-08 15:10:23.082 17607 17607 I ViewRootImpl@2cf4351[MainActivity]:   fitSides= naviIconColor=0}
10-08 15:10:23.082 17607 17607 I ViewRootImpl@2cf4351[MainActivity]: performTraversals mFirst=false windowShouldResize=false viewVisibilityChanged=false mForceNextWindowRelayout=false params={(0,0)(fillxfill) sim={state=always_hidden adjust=resize} ty=BASE_APPLICATION fmt=TRANSLUCENT wanim=0x1030309
10-08 15:10:23.082 17607 17607 I ViewRootImpl@2cf4351[MainActivity]:   fl=85810100
10-08 15:10:23.082 17607 17607 I ViewRootImpl@2cf4351[MainActivity]:   pfl=12020040
10-08 15:10:23.082 17607 17607 I ViewRootImpl@2cf4351[MainActivity]:   vsysui=500
10-08 15:10:23.082 17607 17607 I ViewRootImpl@2cf4351[MainActivity]:   bhv=DEFAULT
10-08 15:10:23.082 17607 17607 I ViewRootImpl@2cf4351[MainActivity]:   fitSides= naviIconColor=0}
10-08 15:10:23.086 17607 17607 I ViewRootImpl@2cf4351[MainActivity]: updateBlastSurfaceIfNeeded mBlastBufferQueue=0x7b5c027100 isSameSurfaceControl=true
10-08 15:10:23.086 17607 17607 I BLASTBufferQueue: update, w= 1080 h= 2400 mName = ViewRootImpl@2cf4351[MainActivity] mNativeObject= 0x7b5c027100 sc.mNativeObject= 0x7b160d5dc0 format= -3 caller= android.view.ViewRootImpl.updateBlastSurfaceIfNeeded:2898 android.view.ViewRootImpl.relayoutWindow:9847 android.view.ViewRootImpl.performTraversals:3884 android.view.ViewRootImpl.doTraversal:3116 android.view.ViewRootImpl$TraversalRunnable.run:10885 android.view.Choreographer$CallbackRecord.run:1301 
10-08 15:10:23.086 17607 17607 I ViewRootImpl@2cf4351[MainActivity]: Relayout returned: old=(0,0,1080,2400) new=(0,0,1080,2400) req=(1080,2400)0 dur=4 res=0x0 s={true 0x7b5be60800} ch=false seqId=0
10-08 15:10:23.087 17607 17607 I ViewRootImpl@2cf4351[MainActivity]: updateBoundsLayer: t = android.view.SurfaceControl$Transaction@d368eaa sc = Surface(name=Bounds for - com.lagradost.cloudstream3/com.lagradost.cloudstream3.MainActivity@0)/@0x12eba9b frame = 761
10-08 15:10:23.087 17607 17607 I ViewRootImpl@2cf4351[MainActivity]: mWNT: t=0x7b5c006d00 mBlastBufferQueue=0x7b5c027100 fn= 761 caller= android.view.ViewRootImpl.prepareSurfaces:2985 android.view.ViewRootImpl.performTraversals:4233 android.view.ViewRootImpl.doTraversal:3116 
10-08 15:10:23.088 17607 17651 D SurfaceView@c45e59f: windowPositionLost, frameNr = 761
10-08 15:10:23.088 17607 17721 I ViewRootImpl@2cf4351[MainActivity]: mWNT: t=0x7b1606e700 mBlastBufferQueue=0x7b5c027100 fn= 761 caller= android.view.ViewRootImpl.lambda$applyTransactionOnDraw$11$android-view-ViewRootImpl:12865 android.view.ViewRootImpl$$ExternalSyntheticLambda1.onFrameDraw:4 android.graphics.HardwareRenderer$FrameDrawingCallback.onFrameDraw:924 
10-08 15:10:23.088 17607 17721 I ViewRootImpl@2cf4351[MainActivity]: mWNT: t=0x7b2fb0ff00 mBlastBufferQueue=0x7b5c027100 fn= 761 caller= android.view.ViewRootImpl.lambda$applyTransactionOnDraw$11$android-view-ViewRootImpl:12865 android.view.ViewRootImpl$$ExternalSyntheticLambda1.onFrameDraw:4 android.graphics.HardwareRenderer$FrameDrawingCallback.onFrameDraw:924 
10-08 15:10:23.088 17607 17721 I ViewRootImpl@2cf4351[MainActivity]: mWNT: t=0x7b18a88800 mBlastBufferQueue=0x7b5c027100 fn= 761 caller= android.view.ViewRootImpl.lambda$applyTransactionOnDraw$11$android-view-ViewRootImpl:12865 android.view.ViewRootImpl$$ExternalSyntheticLambda1.onFrameDraw:4 android.graphics.HardwareRenderer$FrameDrawingCallback.onFrameDraw:924 
10-08 15:10:23.311 17607 17618 I st.cloudstream3: Background concurrent copying GC freed 20MB AllocSpace bytes, 57(2748KB) LOS objects, 44% free, 30MB/54MB, paused 156us,77us total 222.851ms
10-08 15:10:23.317 17607 17651 D OpenGLRenderer: setSurface called with nullptr
10-08 15:10:23.319 17607 17651 D OpenGLRenderer: setSurface called with nullptr
10-08 15:10:23.319 17607 17619 D InputTransport: Input channel destroyed: 'ClientS', fd=153
10-08 15:10:23.319 17607 17619 D InputTransport: Input channel destroyed: 'ClientS', fd=119
10-08 15:10:23.322 17607 17651 D OpenGLRenderer: setSurface called with nullptr
10-08 15:10:23.323 17607 17619 D InputTransport: Input channel destroyed: 'ClientS', fd=154
10-08 15:10:23.323 17607 17651 D OpenGLRenderer: setSurface called with nullptr
10-08 15:10:23.323 17607 17619 D InputTransport: Input channel destroyed: 'ClientS', fd=244
10-08 15:10:23.324 17607 17651 D OpenGLRenderer: setSurface called with nullptr
10-08 15:10:23.325 17607 17619 D InputTransport: Input channel destroyed: 'ClientS', fd=231
10-08 15:10:23.325 17607 17619 D InputTransport: Input channel destroyed: 'ClientS', fd=236
10-08 15:10:23.325 17607 17619 D InputTransport: Input channel destroyed: 'ClientS', fd=122
10-08 15:10:23.340 17607 17620 W System  : A resource failed to call close. 
10-08 15:10:23.946 17607 17607 I ViewRootImpl@2cf4351[MainActivity]: ViewPostIme pointer 0
10-08 15:10:24.036 17607 17607 I ViewRootImpl@2cf4351[MainActivity]: ViewPostIme pointer 1
10-08 15:10:28.839 17607 17607 I ViewRootImpl@2cf4351[MainActivity]: ViewPostIme pointer 0
10-08 15:10:28.895 17607 17607 I ViewRootImpl@2cf4351[MainActivity]: ViewPostIme pointer 1
10-08 15:10:28.930 17607 17607 I IMM_LC  : hsifw() - flag : 0
10-08 15:10:28.930 17607 17607 I IMM_LC  : hsifw() - mService.hideSoftInput
10-08 15:10:29.085 17607 17607 I PLG     : updatePluginList = https://raw.githubusercontent.com/adamwolker21/DZ/refs/heads/master/repo.json
10-08 15:10:29.085 17607 17607 I PLG     : getPlugins = https://raw.githubusercontent.com/adamwolker21/DZ/refs/heads/master/repo.json
10-08 15:10:30.733 17607 17607 I ViewRootImpl@2cf4351[MainActivity]: ViewPostIme pointer 0
10-08 15:10:30.811 17607 17607 D WindowOnBackDispatcher: onBackInvoked, viewRoot=ViewRootImpl@cf8e08[MainActivity], callback=androidx.activity.OnBackPressedDispatcher$Api33Impl$$ExternalSyntheticLambda0@1c607a8
10-08 15:10:30.819 17607 17607 I IMM_LC  : hsifw() - flag : 0
10-08 15:10:30.820 17607 17607 I IMM_LC  : hsifw() - mService.hideSoftInput
10-08 15:10:31.086 17607 17852 W System  : A resource failed to call response.body().close(). 
10-08 15:10:33.790 17607 17607 I ViewRootImpl@2cf4351[MainActivity]: ViewPostIme pointer 0
10-08 15:10:33.899 17607 17607 D WindowOnBackDispatcher: onBackInvoked, viewRoot=ViewRootImpl@cf8e08[MainActivity], callback=androidx.activity.OnBackPressedDispatcher$Api33Impl$$ExternalSyntheticLambda0@1c607a8
10-08 15:10:33.907 17607 17607 I IMM_LC  : hsifw() - flag : 0
10-08 15:10:33.907 17607 17607 I IMM_LC  : hsifw() - mService.hideSoftInput
10-08 15:10:33.914 17607 17607 D ScrollView: initGoToTop
10-08 15:10:33.952 17607 17607 E CoilImgLoader: Error loading image: coil3.request.NullRequestDataException: The request's data is null.
10-08 15:10:33.967 17607 17607 D ScrollView:  onsize change changed 
10-08 15:10:35.536 17607 17607 I ViewRootImpl@2cf4351[MainActivity]: ViewPostIme pointer 0
10-08 15:10:35.610 17607 17607 I ViewRootImpl@2cf4351[MainActivity]: ViewPostIme pointer 1
10-08 15:10:35.623 17607 17607 I NavComponent: Navigating to fragment: 2131361884
10-08 15:10:35.630 17607 17607 I IMM_LC  : hsifw() - flag : 0
10-08 15:10:35.630 17607 17607 I IMM_LC  : hsifw() - mService.hideSoftInput
10-08 15:10:36.355 17607 17607 I ViewRootImpl@2cf4351[MainActivity]: ViewPostIme pointer 0
10-08 15:10:36.421 17607 17607 I ViewRootImpl@2cf4351[MainActivity]: ViewPostIme pointer 1
10-08 15:10:39.577 17607 17607 I ViewRootImpl@2cf4351[MainActivity]: ViewPostIme pointer 0
10-08 15:10:39.625 17607 17607 I ViewRootImpl@2cf4351[MainActivity]: ViewPostIme pointer 1
10-08 15:10:39.677 17607 17607 I Dialog  : mIsDeviceDefault = false, mIsSamsungBasicInteraction = false, isMetaDataInActivity = false
10-08 15:10:39.687 17607 17607 I DecorView: [INFO] isPopOver=false config=false
10-08 15:10:39.687 17607 17607 I DecorView: updateCaptionType: isFloating=true isApplication=true hasWindowDecorCaption=false this=DecorView@1635359[]
10-08 15:10:39.687 17607 17607 D DecorView: setCaptionType = 0, this = DecorView@1635359[]
10-08 15:10:39.691 17607 17607 I DecorView: setWindowBackground: isPopOver=false color=ff010101 d=android.graphics.drawable.InsetDrawable@60ecfff
10-08 15:10:39.715 17607 17607 D ScrollView: initGoToTop
10-08 15:10:39.729 17607 17651 D NativeCustomFrequencyManager: [NativeCFMS] BpCustomFrequencyManager::BpCustomFrequencyManager()
10-08 15:10:39.730 17607 17607 I DecorView: onImmersiveModeChanged: isStatusBarHidden=true
10-08 15:10:39.748 17607 17607 D InsetsController: onStateChanged: InsetsState: {mDisplayFrame=Rect(0, 0 - 1080, 2400), mDisplayCutout=DisplayCutout{insets=Rect(0, 88 - 0, 0) waterfall=Insets{left=0, top=0, right=0, bottom=0} boundingRect={Bounds=[Rect(0, 0 - 0, 0), Rect(512, 0 - 568, 88), Rect(0, 0 - 0, 0), Rect(0, 0 - 0, 0)]} cutoutPathParserInfo={CutoutPathParserInfo{displayWidth=1080 displayHeight=2400 physicalDisplayWidth=1080 physicalDisplayHeight=2400 density={2.625} cutoutSpec={M 0,0 M 0,12.25101276465640 a 10.60613009248640,10.60613009248640 0 1,0 0,21.21226018497290 a 10.60613009248640,10.60613009248640 0 1,0 0,-21.21226018497290 Z @dp} rotation={0} scale={1.0} physicalPixelDisplaySizeRatio={1.0}}}}, mRoundedCorners=RoundedCorners{[RoundedCorner{position=TopLeft, radius=84, center=Point(84, 84)}, RoundedCorner{position=TopRight, radius=84, center=Point(996, 84)}, RoundedCorner{position=BottomRight, radius=84, center=Point(996, 2316)}, RoundedCorner{position=BottomLeft, radius=84, center=Point(84, 2316)}]}  mRoundedCornerFrame=Rect(0, 0 - 1080, 2400), mPrivacyIndicatorBounds=PrivacyIndicatorBounds {static bounds=Rect(964, 0 - 1080, 87) rotation=0}, mSources= { InsetsSource: {mType=ITYPE_STATUS_BAR, mFrame=[0,0][1080,88], mVisible=true, mInsetsRoundedCornerFrame=false}, InsetsSource: {mType=ITYPE_NAVIGATION_BAR, mFrame=[0,2361][1080,2400], mVisible=true, mInsetsRoundedCornerFrame=false}, InsetsSource: {mType=ITYPE_LEFT_GESTURES, mFrame=[0,0][130,2400], mVisible=true, mInsetsRoundedCornerFrame=false}, InsetsSource: {mType=ITYPE_RIGHT_GESTURES, mFrame=[950,0][1080,2400], mVisible=true, mInsetsRoundedCornerFrame=false}, InsetsSource: {mType=ITYPE_TOP_MANDATORY_GESTURES, mFrame=[0,0][1080,120], mVisible=true, mInsetsRoundedCornerFrame=false}, InsetsSource: {mType=ITYPE_BOTTOM_MANDATORY_GESTURES, mFrame=[0,2316][1080,2400], mVisible=true, mInsetsRoundedCornerFrame=false}, InsetsSource: {mType=ITYPE_LEFT_DISPLAY_CUTOUT, mFrame=[0,0][-100000,2400], mVisible=true, mInsetsRoundedCornerFrame=false}, InsetsSource: {mType=ITYPE_TOP_DISPLAY_CUTOUT, mFrame=[0,0][1080,88], mVisible=true, mInsetsRoundedCornerFrame=false}, InsetsSource: {mType=ITYPE_RIGHT_DISPLAY_CUTOUT, mFrame=[100000,0][1080,2400], mVisible=true, mInsetsRoundedCornerFrame=false}, InsetsSource: {mType=ITYPE_BOTTOM_DISPLAY_CUTOUT, mFrame=[0,100000][1080,2400], mVisible=true, mInsetsRoundedCornerFrame=false}, InsetsSource: {mType=ITYPE_TOP_TAPPABLE_ELEMENT, mFrame=[0,0][1080,88], mVisible=true, mInsetsRoundedCornerFrame=false}, InsetsSource: {mType=ITYPE_BOTTOM_TAPPABLE_ELEMENT, mFrame=[0,0][0,0], mVisible=true, mInsetsRoundedCornerFrame=false} } host=com.lagradost.cloudstream3/com.lagradost.cloudstream3.MainActivity from=android.view.ViewRootImpl.setView:1732
10-08 15:10:39.749 17607 17607 I ViewRootImpl@64502da[MainActivity]: setView = com.android.internal.policy.DecorView@1635359 TM=true
10-08 15:10:40.170 17607 17607 I Choreographer: Skipped 31 frames!  The application may be doing too much work on its main thread.
10-08 15:10:40.247 17607 17607 I ViewRootImpl@64502da[MainActivity]: performTraversals params={(0,0)(wrapxwrap) gr=CENTER sim={adjust=pan forwardNavigation} ty=APPLICATION fmt=TRANSLUCENT wanim=0x7f140008 surfaceInsets=Rect(105, 105 - 105, 105)
10-08 15:10:40.247 17607 17607 I ViewRootImpl@64502da[MainActivity]:   fl=1820402
10-08 15:10:40.247 17607 17607 I ViewRootImpl@64502da[MainActivity]:   pfl=42000000
10-08 15:10:40.247 17607 17607 I ViewRootImpl@64502da[MainActivity]:   bhv=SHOW_TRANSIENT_BARS_BY_SWIPE
10-08 15:10:40.247 17607 17607 I ViewRootImpl@64502da[MainActivity]:   fitTypes=STATUS_BARS NAVIGATION_BARS CAPTION_BAR
10-08 15:10:40.247 17607 17607 I ViewRootImpl@64502da[MainActivity]:  dimAmount=0.6 naviIconColor=0}
10-08 15:10:40.247 17607 17607 I ViewRootImpl@64502da[MainActivity]: performTraversals mFirst=true windowShouldResize=false viewVisibilityChanged=false mForceNextWindowRelayout=false params={(0,0)(wrapxwrap) gr=CENTER sim={adjust=pan forwardNavigation} ty=APPLICATION fmt=TRANSLUCENT wanim=0x7f140008 surfaceInsets=Rect(105, 105 - 105, 105)
10-08 15:10:40.247 17607 17607 I ViewRootImpl@64502da[MainActivity]:   fl=1820402
10-08 15:10:40.247 17607 17607 I ViewRootImpl@64502da[MainActivity]:   pfl=42000000
10-08 15:10:40.247 17607 17607 I ViewRootImpl@64502da[MainActivity]:   bhv=SHOW_TRANSIENT_BARS_BY_SWIPE
10-08 15:10:40.247 17607 17607 I ViewRootImpl@64502da[MainActivity]:   fitTypes=STATUS_BARS NAVIGATION_BARS CAPTION_BAR
10-08 15:10:40.247 17607 17607 I ViewRootImpl@64502da[MainActivity]:  dimAmount=0.6 naviIconColor=0}
10-08 15:10:40.265 17607 17607 I ViewRootImpl@64502da[MainActivity]: updateBlastSurfaceIfNeeded mBlastBufferQueue=null isSameSurfaceControl=false
10-08 15:10:40.267 17607 17607 I BLASTBufferQueue: new BLASTBufferQueue, mName= ViewRootImpl@64502da[MainActivity] mNativeObject= 0x7b16033d00 sc.mNativeObject= 0x7b42101580 caller= android.view.ViewRootImpl.updateBlastSurfaceIfNeeded:2909 android.view.ViewRootImpl.relayoutWindow:9847 android.view.ViewRootImpl.performTraversals:3884 android.view.ViewRootImpl.doTraversal:3116 android.view.ViewRootImpl$TraversalRunnable.run:10885 android.view.Choreographer$CallbackRecord.run:1301 android.view.Choreographer$CallbackRecord.run:1309 android.view.Choreographer.doCallbacks:923 android.view.Choreographer.doFrame:852 android.view.Choreographer$FrameDisplayEventReceiver.run:1283 
10-08 15:10:40.267 17607 17607 I BLASTBufferQueue: update, w= 1234 h= 2483 mName = ViewRootImpl@64502da[MainActivity] mNativeObject= 0x7b16033d00 sc.mNativeObject= 0x7b42101580 format= -3 caller= android.graphics.BLASTBufferQueue.<init>:84 android.view.ViewRootImpl.updateBlastSurfaceIfNeeded:2909 android.view.ViewRootImpl.relayoutWindow:9847 android.view.ViewRootImpl.performTraversals:3884 android.view.ViewRootImpl.doTraversal:3116 android.view.ViewRootImpl$TraversalRunnable.run:10885 
10-08 15:10:40.268 17607 17607 I ViewRootImpl@64502da[MainActivity]: Relayout returned: old=(0,88,1080,2361) new=(28,88,1052,2361) req=(1024,2273)0 dur=18 res=0x3 s={true 0x7bed866800} ch=true seqId=0
10-08 15:10:40.269 17607 17607 I ViewRootImpl@64502da[MainActivity]: mThreadedRenderer.initialize() mSurface={isValid=true 0x7bed866800} hwInitialized=true
10-08 15:10:40.270 17607 17651 D OpenGLRenderer: eglCreateWindowSurface
10-08 15:10:40.277 17607 17607 I ViewRootImpl@64502da[MainActivity]: reportNextDraw android.view.ViewRootImpl.performTraversals:4438 android.view.ViewRootImpl.doTraversal:3116 android.view.ViewRootImpl$TraversalRunnable.run:10885 android.view.Choreographer$CallbackRecord.run:1301 android.view.Choreographer$CallbackRecord.run:1309 
10-08 15:10:40.277 17607 17607 I ViewRootImpl@64502da[MainActivity]: Setup new sync id=0
10-08 15:10:40.277 17607 17607 I ViewRootImpl@64502da[MainActivity]: Setting syncFrameCallback
10-08 15:10:40.277 17607 17607 I ViewRootImpl@64502da[MainActivity]: registerCallbacksForSync syncBuffer=false
10-08 15:10:40.292 17607 17722 I ViewRootImpl@64502da[MainActivity]: Received frameDrawingCallback syncResult=0 frameNum=1.
10-08 15:10:40.292 17607 17722 I ViewRootImpl@64502da[MainActivity]: Setting up sync and frameCommitCallback
10-08 15:10:40.303 17607 17651 I BLASTBufferQueue: [ViewRootImpl@64502da[MainActivity]#15](f:0,a:0) onFrameAvailable the first frame is available
10-08 15:10:40.304 17607 17651 I ViewRootImpl@64502da[MainActivity]: Received frameCommittedCallback lastAttemptedDrawFrameNum=1 didProduceBuffer=true
10-08 15:10:40.306 17607 17651 D OpenGLRenderer: CFMS:: SetUp Pid : 17607    Tid : 17651
10-08 15:10:40.309 17607 17607 I ViewRootImpl@64502da[MainActivity]: onSyncComplete
10-08 15:10:40.310 17607 17607 I ViewRootImpl@64502da[MainActivity]: setupSync seqId=0 mSyncId=0 fn=1 caller=android.view.ViewRootImpl$$ExternalSyntheticLambda11.accept:6 android.window.SurfaceSyncer.lambda$setupSync$1$android-window-SurfaceSyncer:128 android.window.SurfaceSyncer$$ExternalSyntheticLambda1.accept:8 android.window.SurfaceSyncer$SyncSet.checkIfSyncIsComplete:382 android.window.SurfaceSyncer$SyncSet.markSyncReady:359 android.window.SurfaceSyncer.markSyncReady:151 android.view.ViewRootImpl.performTraversals:4503 
10-08 15:10:40.310 17607 17607 I ViewRootImpl@64502da[MainActivity]: reportDrawFinished seqId=0 mSyncId=-1 fn=1 mSurfaceChangedTransaction=0x7b4223e300
10-08 15:10:40.315 17607 17607 I ViewRootImpl@2cf4351[MainActivity]: MSG_WINDOW_FOCUS_CHANGED 0 0
10-08 15:10:40.370 17607 17607 I ViewRootImpl@64502da[MainActivity]: MSG_WINDOW_FOCUS_CHANGED 1 0
10-08 15:10:40.370 17607 17607 I ViewRootImpl@64502da[MainActivity]: mThreadedRenderer.initializeIfNeeded()#2 mSurface={isValid=true 0x7bed866800}
10-08 15:10:41.340 17607 17607 I ViewRootImpl@64502da[MainActivity]: ViewPostIme pointer 0
10-08 15:10:41.397 17607 17607 I ViewRootImpl@64502da[MainActivity]: ViewPostIme pointer 1
10-08 15:10:41.458 17607 17607 W BpBinder: Large outgoing transaction of 310576 bytes, interface descriptor <uncached descriptor>, code 1
10-08 15:10:41.460 17607 17607 I MSHandlerLifeCycle: removeMultiSplitHandler: no exist. decor=DecorView@1635359[MainActivity]
10-08 15:10:41.471 17607 17651 D OpenGLRenderer: setSurface called with nullptr
10-08 15:10:41.471 17607 17651 D OpenGLRenderer: setSurface() destroyed EGLSurface
10-08 15:10:41.471 17607 17651 D OpenGLRenderer: destroyEglSurface
10-08 15:10:41.475 17607 17651 D OpenGLRenderer: endAllActiveAnimators on 0x7b2be72100 (RippleDrawable) with handle 0x7b3c01ddc0
10-08 15:10:41.476 17607 17607 I ViewRootImpl@64502da[MainActivity]: dispatchDetachedFromWindow
10-08 15:10:41.506 17607 17607 D InputTransport: Input channel destroyed: 'cef843f', fd=122
10-08 15:10:41.535 17607 17607 I ViewRootImpl@2cf4351[MainActivity]: MSG_WINDOW_FOCUS_CHANGED 1 0
10-08 15:10:41.535 17607 17607 I ViewRootImpl@2cf4351[MainActivity]: mThreadedRenderer.initializeIfNeeded()#2 mSurface={isValid=true 0x7b5be60800}
10-08 15:10:41.541 17607 17607 D InputMethodManager: startInputInner - Id : 0
10-08 15:10:41.541 17607 17607 I InputMethodManager: startInputInner - mService.startInputOrWindowGainedFocus
10-08 15:10:44.662 17607 17607 I ViewRootImpl@2cf4351[MainActivity]: ViewPostIme pointer 0
10-08 15:10:44.726 17607 17607 I ViewRootImpl@2cf4351[MainActivity]: ViewPostIme pointer 1
10-08 15:10:44.741 17607 17607 I IMM_LC  : hsifw() - flag : 0
10-08 15:10:44.741 17607 17607 I IMM_LC  : hsifw() - mService.hideSoftInput
10-08 15:10:46.326 17607 17607 I ViewRootImpl@2cf4351[MainActivity]: ViewPostIme pointer 0
10-08 15:10:46.427 17607 17607 I ViewRootImpl@2cf4351[MainActivity]: ViewPostIme pointer 1
10-08 15:10:46.957 17607 17607 I ViewRootImpl@2cf4351[MainActivity]: ViewPostIme pointer 0
10-08 15:10:47.126 17607 17607 I ViewRootImpl@2cf4351[MainActivity]: ViewPostIme pointer 1
10-08 15:10:47.390 17607 17607 I ViewRootImpl@2cf4351[MainActivity]: ViewPostIme pointer 0
10-08 15:10:47.608 17607 17607 I ViewRootImpl@2cf4351[MainActivity]: ViewPostIme pointer 1
10-08 15:10:48.268 17607 17607 I ViewRootImpl@2cf4351[MainActivity]: ViewPostIme pointer 0
10-08 15:10:48.535 17607 17607 I ViewRootImpl@2cf4351[MainActivity]: ViewPostIme pointer 1
10-08 15:10:49.180 17607 17607 I ViewRootImpl@2cf4351[MainActivity]: ViewPostIme pointer 0
10-08 15:10:49.229 17607 17607 I ViewRootImpl@2cf4351[MainActivity]: ViewPostIme pointer 1
10-08 15:10:51.518 17607 17607 I ViewRootImpl@2cf4351[MainActivity]: ViewPostIme pointer 0
10-08 15:10:51.665 17607 17607 I ViewRootImpl@2cf4351[MainActivity]: ViewPostIme pointer 1
10-08 15:10:53.276 17607 17607 I ViewRootImpl@2cf4351[MainActivity]: ViewPostIme pointer 0
10-08 15:10:53.473 17607 17607 I ViewRootImpl@2cf4351[MainActivity]: ViewPostIme pointer 1
10-08 15:10:56.695 17607 17607 I ViewRootImpl@2cf4351[MainActivity]: ViewPostIme pointer 0
10-08 15:10:56.769 17607 17607 I ViewRootImpl@2cf4351[MainActivity]: ViewPostIme pointer 1
10-08 15:10:57.098 17607 17607 I ViewRootImpl@2cf4351[MainActivity]: ViewPostIme pointer 0
10-08 15:10:57.181 17607 17607 I ViewRootImpl@2cf4351[MainActivity]: ViewPostIme pointer 1
10-08 15:10:58.355 17607 17607 I ViewRootImpl@2cf4351[MainActivity]: ViewPostIme pointer 0
10-08 15:10:58.396 17607 17607 I ViewRootImpl@2cf4351[MainActivity]: ViewPostIme pointer 1
10-08 15:10:58.404 17607 17607 I NavComponent: Navigating to fragment: 2131362274
10-08 15:10:58.409 17607 17607 I IMM_LC  : hsifw() - flag : 0
10-08 15:10:58.409 17607 17607 I IMM_LC  : hsifw() - mService.hideSoftInput
10-08 15:10:58.439 17607 17607 D ScrollView: initGoToTop
10-08 15:10:58.699 17607 17607 I SurfaceView@8c912f9: onWindowVisibilityChanged(0) true android.view.SurfaceView{8c912f9 V.E..V... ......I. 0,0-0,0} of ViewRootImpl@2cf4351[MainActivity]
10-08 15:10:58.699 17607 17607 D SurfaceView@8c912f9: updateSurface: has no frame
10-08 15:10:58.704 17607 17607 I CS3ExoPlayer: SET STYLE = SaveCaptionStyle(foregroundColor=-1, backgroundColor=0, windowColor=0, edgeType=1, edgeColor=-16777216, typeface=null, typefaceFilePath=null, elevation=20, fixedTextSize=null, edgeSize=null, removeCaptions=false, removeBloat=true, upperCase=false, bold=false, italic=false, backgroundRadius=null)
10-08 15:10:58.713 17607 17607 I IMM_LC  : hsifw() - flag : 0
10-08 15:10:58.713 17607 17607 I IMM_LC  : hsifw() - mService.hideSoftInput
10-08 15:10:58.714 17607 17682 I SYNCVM  : addFromUrl = https://tv6.egydead.live/%d9%85%d8%b4%d8%a7%d9%87%d8%af%d8%a9-%d9%81%d9%8a%d9%84%d9%85-organ-child-2025-%d9%85%d8%aa%d8%b1%d8%ac%d9%85/
10-08 15:10:58.715 17607 17682 I SYNCUTIL: getIdsFromUrl https://tv6.egydead.live/%d9%85%d8%b4%d8%a7%d9%87%d8%af%d8%a9-%d9%81%d9%8a%d9%84%d9%85-organ-child-2025-%d9%85%d8%aa%d8%b1%d8%ac%d9%85/
10-08 15:10:58.726 17607 17607 I SurfaceView@8c912f9: onWindowVisibilityChanged(8) false android.view.SurfaceView{8c912f9 V.E..V... ......I. 0,0-0,0} of ViewRootImpl@2cf4351[MainActivity]
10-08 15:10:58.726 17607 17607 D SurfaceView@8c912f9: updateSurface: has no frame
10-08 15:10:58.726 17607 17607 D SurfaceView@8c912f9: updateSurface: has no frame
10-08 15:10:58.726 17607 17607 I SurfaceView@8c912f9: onDetachedFromWindow: tryReleaseSurfaces()
10-08 15:10:58.726 17607 17607 I SurfaceView@8c912f9: releaseSurfaces: viewRoot = ViewRootImpl@2cf4351[MainActivity]
10-08 15:10:58.726 17607 17607 I SurfaceView@8c912f9: applyTransactionOnVriDraw: vri = ViewRootImpl@2cf4351[MainActivity] fRS = true t = 0x7af1d23000 android.view.SurfaceView.releaseSurfaces:858 android.view.SurfaceView.onDetachedFromWindow:500 android.view.View.dispatchDetachedFromWindow:22538 
10-08 15:10:58.727 17607 17607 I SurfaceView@8c912f9: applyTransactionOnVriDraw: viewRoot.applyTransactionOnDrawFromReleaseSurfaces
10-08 15:10:58.727 17607 17607 I ViewRootImpl@2cf4351[MainActivity]: applyTransactionOnDraw: mRemoved = false isHardwareEnabled = true t = 0x7af1d23000android.view.ViewRootImpl.applyTransactionOnDrawFromReleaseSurfaces:12850 android.view.SurfaceView.applyTransactionOnVriDraw:2046 android.view.SurfaceView.releaseSurfaces:858 android.view.SurfaceView.onDetachedFromWindow:500 android.view.View.dispatchDetachedFromWindow:22538 
10-08 15:10:58.731 17607 17607 I SurfaceView@8c912f9: onWindowVisibilityChanged(0) true android.view.SurfaceView{8c912f9 V.E..V... ......I. 0,0-0,0} of ViewRootImpl@2cf4351[MainActivity]
10-08 15:10:58.731 17607 17607 D SurfaceView@8c912f9: updateSurface: has no frame
10-08 15:10:58.735 17607 17607 I DecorView: notifyKeepScreenOnChanged: keepScreenOn=false
10-08 15:10:58.743 17607 17607 I CS3ExoPlayer: reloadPlayer
10-08 15:10:58.743 17607 17607 I CS3ExoPlayer: releasePlayer
10-08 15:10:58.743 17607 17607 I CS3ExoPlayer: Handle event: PlayerAttachedEvent(player=null, source=Player)
10-08 15:10:58.748 17607 17607 I ViewRootImpl@2cf4351[MainActivity]: performTraversals params={(0,0)(fillxfill) sim={state=always_hidden adjust=resize} ty=BASE_APPLICATION wanim=0x1030309
10-08 15:10:58.748 17607 17607 I ViewRootImpl@2cf4351[MainActivity]:   fl=85810100
10-08 15:10:58.748 17607 17607 I ViewRootImpl@2cf4351[MainActivity]:   pfl=12020040
10-08 15:10:58.748 17607 17607 I ViewRootImpl@2cf4351[MainActivity]:   vsysui=500
10-08 15:10:58.748 17607 17607 I ViewRootImpl@2cf4351[MainActivity]:   bhv=DEFAULT
10-08 15:10:58.748 17607 17607 I ViewRootImpl@2cf4351[MainActivity]:   fitSides= naviIconColor=0}
10-08 15:10:58.749 17607 17607 I ViewRootImpl@2cf4351[MainActivity]: performTraversals mFirst=false windowShouldResize=false viewVisibilityChanged=false mForceNextWindowRelayout=false params={(0,0)(fillxfill) sim={state=always_hidden adjust=resize} ty=BASE_APPLICATION fmt=TRANSLUCENT wanim=0x1030309
10-08 15:10:58.749 17607 17607 I ViewRootImpl@2cf4351[MainActivity]:   fl=85810100
10-08 15:10:58.749 17607 17607 I ViewRootImpl@2cf4351[MainActivity]:   pfl=12020040
10-08 15:10:58.749 17607 17607 I ViewRootImpl@2cf4351[MainActivity]:   vsysui=500
10-08 15:10:58.749 17607 17607 I ViewRootImpl@2cf4351[MainActivity]:   bhv=DEFAULT
10-08 15:10:58.749 17607 17607 I ViewRootImpl@2cf4351[MainActivity]:   fitSides= naviIconColor=0}
10-08 15:10:58.753 17607 17607 I ViewRootImpl@2cf4351[MainActivity]: updateBlastSurfaceIfNeeded mBlastBufferQueue=0x7b5c027100 isSameSurfaceControl=true
10-08 15:10:58.754 17607 17607 I BLASTBufferQueue: update, w= 1080 h= 2400 mName = ViewRootImpl@2cf4351[MainActivity] mNativeObject= 0x7b5c027100 sc.mNativeObject= 0x7b167a36a0 format= -3 caller= android.view.ViewRootImpl.updateBlastSurfaceIfNeeded:2898 android.view.ViewRootImpl.relayoutWindow:9847 android.view.ViewRootImpl.performTraversals:3884 android.view.ViewRootImpl.doTraversal:3116 android.view.ViewRootImpl$TraversalRunnable.run:10885 android.view.Choreographer$CallbackRecord.run:1301 
10-08 15:10:58.754 17607 17607 I ViewRootImpl@2cf4351[MainActivity]: Relayout returned: old=(0,0,1080,2400) new=(0,0,1080,2400) req=(1080,2400)0 dur=4 res=0x0 s={true 0x7b5be60800} ch=false seqId=0
10-08 15:10:58.754 17607 17607 I ViewRootImpl@2cf4351[MainActivity]: updateBoundsLayer: t = android.view.SurfaceControl$Transaction@d368eaa sc = Surface(name=Bounds for - com.lagradost.cloudstream3/com.lagradost.cloudstream3.MainActivity@0)/@0x12eba9b frame = 1430
10-08 15:10:58.754 17607 17607 I ViewRootImpl@2cf4351[MainActivity]: mWNT: t=0x7b5c006d00 mBlastBufferQueue=0x7b5c027100 fn= 1430 caller= android.view.ViewRootImpl.prepareSurfaces:2985 android.view.ViewRootImpl.performTraversals:4233 android.view.ViewRootImpl.doTraversal:3116 
10-08 15:10:58.755 17607 17607 W View    : requestLayout() improperly called by android.widget.FrameLayout{3803850 I.E..V... ......I. 0,0-0,0 #7f0a04e7 app:id/start_panel} during layout: running second layout pass
10-08 15:10:58.755 17607 17607 W View    : requestLayout() improperly called by android.widget.FrameLayout{ca08a49 I.E..V... ......ID 1080,0-1080,2143 #7f0a0168 app:id/end_panel} during layout: running second layout pass
10-08 15:10:58.756 17607 17607 D SurfaceView@8c912f9: updateSurface: has no frame
10-08 15:10:58.760 17607 17721 I ViewRootImpl@2cf4351[MainActivity]: mWNT: t=0x7af1d23000 mBlastBufferQueue=0x7b5c027100 fn= 1430 caller= android.view.ViewRootImpl.lambda$applyTransactionOnDraw$11$android-view-ViewRootImpl:12865 android.view.ViewRootImpl$$ExternalSyntheticLambda1.onFrameDraw:4 android.graphics.HardwareRenderer$FrameDrawingCallback.onFrameDraw:924 
10-08 15:10:58.767 17607 17607 D SurfaceView@8c912f9: updateSurface: has no frame
10-08 15:10:58.772 17607 17607 D SurfaceView@8c912f9: updateSurface: has no frame
10-08 15:10:58.795 17607 17607 D SurfaceView@8c912f9: updateSurface: has no frame
10-08 15:10:58.810 17607 17607 D SurfaceView@8c912f9: updateSurface: has no frame
10-08 15:10:58.822 17607 17607 D SurfaceView@8c912f9: updateSurface: has no frame
10-08 15:10:58.835 17607 17607 D SurfaceView@8c912f9: updateSurface: has no frame
10-08 15:10:58.851 17607 17607 D SurfaceView@8c912f9: updateSurface: has no frame
10-08 15:10:58.868 17607 17607 D SurfaceView@8c912f9: updateSurface: has no frame
10-08 15:10:58.885 17607 17607 D SurfaceView@8c912f9: updateSurface: has no frame
10-08 15:10:58.902 17607 17607 D SurfaceView@8c912f9: updateSurface: has no frame
10-08 15:10:58.918 17607 17607 D SurfaceView@8c912f9: updateSurface: has no frame
10-08 15:10:58.935 17607 17607 D SurfaceView@8c912f9: updateSurface: has no frame
10-08 15:10:58.952 17607 17607 D SurfaceView@8c912f9: updateSurface: has no frame
10-08 15:10:58.968 17607 17607 D SurfaceView@8c912f9: updateSurface: has no frame
10-08 15:10:58.985 17607 17607 D SurfaceView@8c912f9: updateSurface: has no frame
10-08 15:10:59.002 17607 17607 D SurfaceView@8c912f9: updateSurface: has no frame
10-08 15:10:59.018 17607 17607 D SurfaceView@8c912f9: updateSurface: has no frame
10-08 15:10:59.035 17607 17607 D SurfaceView@8c912f9: updateSurface: has no frame
10-08 15:10:59.051 17607 17607 D SurfaceView@8c912f9: updateSurface: has no frame
10-08 15:10:59.068 17607 17607 D SurfaceView@8c912f9: updateSurface: has no frame
10-08 15:10:59.085 17607 17607 D SurfaceView@8c912f9: updateSurface: has no frame
10-08 15:10:59.101 17607 17607 D SurfaceView@8c912f9: updateSurface: has no frame
10-08 15:10:59.118 17607 17607 D SurfaceView@8c912f9: updateSurface: has no frame
10-08 15:10:59.135 17607 17607 D SurfaceView@8c912f9: updateSurface: has no frame
10-08 15:10:59.152 17607 17607 D SurfaceView@8c912f9: updateSurface: has no frame
10-08 15:10:59.168 17607 17607 D SurfaceView@8c912f9: updateSurface: has no frame
10-08 15:10:59.185 17607 17607 D SurfaceView@8c912f9: updateSurface: has no frame
10-08 15:10:59.202 17607 17607 D SurfaceView@8c912f9: updateSurface: has no frame
10-08 15:10:59.218 17607 17607 D SurfaceView@8c912f9: updateSurface: has no frame
10-08 15:10:59.235 17607 17607 D SurfaceView@8c912f9: updateSurface: has no frame
10-08 15:10:59.251 17607 17607 D SurfaceView@8c912f9: updateSurface: has no frame
10-08 15:10:59.268 17607 17607 D SurfaceView@8c912f9: updateSurface: has no frame
10-08 15:10:59.285 17607 17607 D SurfaceView@8c912f9: updateSurface: has no frame
10-08 15:10:59.301 17607 17607 D SurfaceView@8c912f9: updateSurface: has no frame
10-08 15:10:59.318 17607 17607 D SurfaceView@8c912f9: updateSurface: has no frame
10-08 15:10:59.335 17607 17607 D SurfaceView@8c912f9: updateSurface: has no frame
10-08 15:10:59.352 17607 17607 D SurfaceView@8c912f9: updateSurface: has no frame
10-08 15:10:59.368 17607 17607 D SurfaceView@8c912f9: updateSurface: has no frame
10-08 15:10:59.385 17607 17607 D SurfaceView@8c912f9: updateSurface: has no frame
10-08 15:10:59.402 17607 17607 D SurfaceView@8c912f9: updateSurface: has no frame
10-08 15:10:59.418 17607 17607 D SurfaceView@8c912f9: updateSurface: has no frame
10-08 15:10:59.435 17607 17607 D SurfaceView@8c912f9: updateSurface: has no frame
10-08 15:10:59.451 17607 17607 D SurfaceView@8c912f9: updateSurface: has no frame
10-08 15:10:59.468 17607 17607 D SurfaceView@8c912f9: updateSurface: has no frame
10-08 15:10:59.485 17607 17607 D SurfaceView@8c912f9: updateSurface: has no frame
10-08 15:10:59.501 17607 17607 D SurfaceView@8c912f9: updateSurface: has no frame
10-08 15:10:59.519 17607 17607 D SurfaceView@8c912f9: updateSurface: has no frame
10-08 15:10:59.535 17607 17607 D SurfaceView@8c912f9: updateSurface: has no frame
10-08 15:10:59.551 17607 17688 I RVM2    : applyMeta
10-08 15:10:59.551 17607 17607 D SurfaceView@8c912f9: updateSurface: has no frame
10-08 15:10:59.563 17607 17607 W PanelsChildGestureRegionObserver: failed to register view with ID 2131362800. already registered
10-08 15:10:59.566 17607 17607 E CoilImgLoader: Error loading image: coil3.request.NullRequestDataException: The request's data is null.
10-08 15:10:59.573 17607 17607 E CoilImgLoader: Error loading image: coil3.request.NullRequestDataException: The request's data is null.
10-08 15:10:59.612 17607 17682 I SYNCVM  : addFromUrl = https://tv6.egydead.live/%d9%85%d8%b4%d8%a7%d9%87%d8%af%d8%a9-%d9%81%d9%8a%d9%84%d9%85-organ-child-2025-%d9%85%d8%aa%d8%b1%d8%ac%d9%85/
10-08 15:10:59.612 17607 17682 I SYNCUTIL: getIdsFromUrl https://tv6.egydead.live/%d9%85%d8%b4%d8%a7%d9%87%d8%af%d8%a9-%d9%81%d9%8a%d9%84%d9%85-organ-child-2025-%d9%85%d8%aa%d8%b1%d8%ac%d9%85/
10-08 15:10:59.623 17607 17607 D SurfaceView@8c912f9: updateSurface: has no frame
10-08 15:10:59.624 17607 17607 I SurfaceView@8c912f9: Changes: creating=true format=true size=true visible=true alpha=false hint=false mUseAlpha=false visible=true left=true top=true
10-08 15:10:59.626 17607 17607 I BLASTBufferQueue: update, w= 1080 h= 525 mName = null mNativeObject= 0x7b5bda4200 sc.mNativeObject= 0x7af1db1a20 format= 4 caller= android.view.SurfaceView.createBlastSurfaceControls:1383 android.view.SurfaceView.updateSurface:1079 android.view.SurfaceView.lambda$new$0$android-view-SurfaceView:200 android.view.SurfaceView$$ExternalSyntheticLambda5.onPreDraw:2 android.view.ViewTreeObserver.dispatchOnPreDraw:1121 android.view.ViewRootImpl.performTraversals:4442 
10-08 15:10:59.626 17607 17607 I SurfaceView@8c912f9: 147395321 Cur surface: Surface(name=null)/@0x156ea97
10-08 15:10:59.626 17607 17607 I SurfaceView@8c912f9: pST: sr = Rect(0, 218 - 1080, 743) sw = 1080 sh = 525
10-08 15:10:59.627 17607 17607 D SurfaceView@8c912f9: performSurfaceTransaction RenderWorker position = [0, 218, 1080, 743] surfaceSize = 1080x525
10-08 15:10:59.627 17607 17607 I SurfaceView@8c912f9: applyTransactionOnVriDraw: vri = ViewRootImpl@2cf4351[MainActivity] fRS = false t = 0x7b41f23d00 android.view.SurfaceView.performSurfaceTransaction:959 android.view.SurfaceView.updateSurface:1105 android.view.SurfaceView.lambda$new$0$android-view-SurfaceView:200 
10-08 15:10:59.627 17607 17607 I ViewRootImpl@2cf4351[MainActivity]: applyTransactionOnDraw: mRemoved = false isHardwareEnabled = true t = 0x7b41f23d00android.view.SurfaceView.applyTransactionOnVriDraw:2048 android.view.SurfaceView.performSurfaceTransaction:959 android.view.SurfaceView.updateSurface:1105 android.view.SurfaceView.lambda$new$0$android-view-SurfaceView:200 android.view.SurfaceView$$ExternalSyntheticLambda5.onPreDraw:2 
10-08 15:10:59.627 17607 17607 I SurfaceView@8c912f9: updateSurface: mVisible = true mSurface.isValid() = true
10-08 15:10:59.627 17607 17607 I SurfaceView@8c912f9: updateSurface: mSurfaceCreated = false surfaceChanged = true visibleChanged = true
10-08 15:10:59.627 17607 17607 I SurfaceView@8c912f9: visibleChanged -- surfaceCreated
10-08 15:10:59.627 17607 17607 I SurfaceView@8c912f9: surfaceCreated 0 #8 android.view.SurfaceView{8c912f9 V.E..V... ......ID 0,0-1080,525}
10-08 15:10:59.627 17607 17607 I SurfaceView@8c912f9: surfaceChanged -- format=4 w=1080 h=525
10-08 15:10:59.627 17607 17607 I SurfaceView@8c912f9: surfaceChanged (1080,525) 0 #8 android.view.SurfaceView{8c912f9 V.E..V... ......ID 0,0-1080,525}
10-08 15:10:59.627 17607 17607 I SurfaceView@8c912f9: surfaceRedrawNeeded
10-08 15:10:59.628 17607 17607 V SurfaceView@8c912f9: Layout: x=0 y=218 w=1080 h=525, frame=Rect(0, 0 - 1080, 525)
10-08 15:10:59.639 17607 17721 D SurfaceView@8c912f9: updateSurfacePosition RenderWorker, frameNr = 1479, position = [0, 218, 1080, 743] surfaceSize = 1080x525
10-08 15:10:59.639 17607 17721 I SurfaceView@8c912f9: uSP: rtp = Rect(0, 218 - 1080, 743) rtsw = 1080 rtsh = 525
10-08 15:10:59.639 17607 17721 I SurfaceView@8c912f9: onSSPAndSRT: pl = 0 pt = 218 sx = 1.0 sy = 1.0
10-08 15:10:59.640 17607 17721 I SurfaceView@8c912f9: aOrMT: ViewRootImpl@2cf4351[MainActivity] t = android.view.SurfaceControl$Transaction@4057425 fN = 1479 android.view.SurfaceView.-$$Nest$mapplyOrMergeTransaction:0 android.view.SurfaceView$SurfaceViewPositionUpdateListener.positionChanged:1537 android.graphics.RenderNode$CompositePositionUpdateListener.positionChanged:373 
10-08 15:10:59.641 17607 17722 I ViewRootImpl@2cf4351[MainActivity]: mWNT: t=0x7b41f23d00 mBlastBufferQueue=0x7b5c027100 fn= 1479 caller= android.view.ViewRootImpl.lambda$applyTransactionOnDraw$11$android-view-ViewRootImpl:12865 android.view.ViewRootImpl$$ExternalSyntheticLambda1.onFrameDraw:4 android.graphics.HardwareRenderer$FrameDrawingCallback.onFrameDraw:924 
10-08 15:10:59.641 17607 17721 I ViewRootImpl@2cf4351[MainActivity]: mWNT: t=0x7af1d23200 mBlastBufferQueue=0x7b5c027100 fn= 1479 caller= android.view.SurfaceView.applyOrMergeTransaction:1455 android.view.SurfaceView.-$$Nest$mapplyOrMergeTransaction:0 android.view.SurfaceView$SurfaceViewPositionUpdateListener.positionChanged:1537 
10-08 15:10:59.655 17607 17607 I SurfaceView@8c912f9: finishedDrawing
10-08 15:10:59.744 17607 17618 I st.cloudstream3: Background concurrent copying GC freed 17MB AllocSpace bytes, 88(4680KB) LOS objects, 41% free, 33MB/57MB, paused 527us,417us total 242.481ms
10-08 15:10:59.755 17607 17651 D OpenGLRenderer: setSurface called with nullptr
10-08 15:10:59.756 17607 17619 D InputTransport: Input channel destroyed: 'ClientS', fd=119
10-08 15:11:00.459 17607 17607 I ViewRootImpl@2cf4351[MainActivity]: ViewPostIme pointer 0
10-08 15:11:01.001 17607 17607 I Dialog  : mIsDeviceDefault = false, mIsSamsungBasicInteraction = false, isMetaDataInActivity = false
10-08 15:11:01.042 17607 17607 I DecorView: [INFO] isPopOver=false config=false
10-08 15:11:01.043 17607 17607 I DecorView: updateCaptionType: isFloating=false isApplication=true hasWindowDecorCaption=false this=DecorView@4ae0103[]
10-08 15:11:01.043 17607 17607 D DecorView: setCaptionType = 0, this = DecorView@4ae0103[]
10-08 15:11:01.045 17607 17607 I DecorView: getCurrentDensityDpi: from app context. densityDpi=420 msg=resources_loaded
10-08 15:11:01.045 17607 17607 I DecorView: setWindowBackground: isPopOver=false color=0 d=android.graphics.drawable.ColorDrawable@5bc4eb9
10-08 15:11:01.055 17607 17651 D NativeCustomFrequencyManager: [NativeCFMS] BpCustomFrequencyManager::BpCustomFrequencyManager()
10-08 15:11:01.056 17607 17607 I DecorView: notifyKeepScreenOnChanged: keepScreenOn=false
10-08 15:11:01.068 17607 17607 D InsetsController: onStateChanged: InsetsState: {mDisplayFrame=Rect(0, 0 - 1080, 2400), mDisplayCutout=DisplayCutout{insets=Rect(0, 88 - 0, 0) waterfall=Insets{left=0, top=0, right=0, bottom=0} boundingRect={Bounds=[Rect(0, 0 - 0, 0), Rect(512, 0 - 568, 88), Rect(0, 0 - 0, 0), Rect(0, 0 - 0, 0)]} cutoutPathParserInfo={CutoutPathParserInfo{displayWidth=1080 displayHeight=2400 physicalDisplayWidth=1080 physicalDisplayHeight=2400 density={2.625} cutoutSpec={M 0,0 M 0,12.25101276465640 a 10.60613009248640,10.60613009248640 0 1,0 0,21.21226018497290 a 10.60613009248640,10.60613009248640 0 1,0 0,-21.21226018497290 Z @dp} rotation={0} scale={1.0} physicalPixelDisplaySizeRatio={1.0}}}}, mRoundedCorners=RoundedCorners{[RoundedCorner{position=TopLeft, radius=84, center=Point(84, 84)}, RoundedCorner{position=TopRight, radius=84, center=Point(996, 84)}, RoundedCorner{position=BottomRight, radius=84, center=Point(996, 2316)}, RoundedCorner{position=BottomLeft, radius=84, center=Point(84, 2316)}]}  mRoundedCornerFrame=Rect(0, 0 - 1080, 2400), mPrivacyIndicatorBounds=PrivacyIndicatorBounds {static bounds=Rect(964, 0 - 1080, 87) rotation=0}, mSources= { InsetsSource: {mType=ITYPE_STATUS_BAR, mFrame=[0,0][1080,88], mVisible=true, mInsetsRoundedCornerFrame=false}, InsetsSource: {mType=ITYPE_NAVIGATION_BAR, mFrame=[0,2361][1080,2400], mVisible=true, mInsetsRoundedCornerFrame=false}, InsetsSource: {mType=ITYPE_LEFT_GESTURES, mFrame=[0,0][130,2400], mVisible=true, mInsetsRoundedCornerFrame=false}, InsetsSource: {mType=ITYPE_RIGHT_GESTURES, mFrame=[950,0][1080,2400], mVisible=true, mInsetsRoundedCornerFrame=false}, InsetsSource: {mType=ITYPE_TOP_MANDATORY_GESTURES, mFrame=[0,0][1080,120], mVisible=true, mInsetsRoundedCornerFrame=false}, InsetsSource: {mType=ITYPE_BOTTOM_MANDATORY_GESTURES, mFrame=[0,2316][1080,2400], mVisible=true, mInsetsRoundedCornerFrame=false}, InsetsSource: {mType=ITYPE_LEFT_DISPLAY_CUTOUT, mFrame=[0,0][-100000,2400], mVisible=true, mInsetsRoundedCornerFrame=false}, InsetsSource: {mType=ITYPE_TOP_DISPLAY_CUTOUT, mFrame=[0,0][1080,88], mVisible=true, mInsetsRoundedCornerFrame=false}, InsetsSource: {mType=ITYPE_RIGHT_DISPLAY_CUTOUT, mFrame=[100000,0][1080,2400], mVisible=true, mInsetsRoundedCornerFrame=false}, InsetsSource: {mType=ITYPE_BOTTOM_DISPLAY_CUTOUT, mFrame=[0,100000][1080,2400], mVisible=true, mInsetsRoundedCornerFrame=false}, InsetsSource: {mType=ITYPE_TOP_TAPPABLE_ELEMENT, mFrame=[0,0][1080,88], mVisible=true, mInsetsRoundedCornerFrame=false}, InsetsSource: {mType=ITYPE_BOTTOM_TAPPABLE_ELEMENT, mFrame=[0,0][0,0], mVisible=true, mInsetsRoundedCornerFrame=false}, InsetsSource: {mType=ITYPE_IME, mFrame=[0,0][0,0], mVisibleFrame=[0,1409][1080,2400], mVisible=false, mInsetsRoundedCornerFrame=false} } host=com.lagradost.cloudstream3/com.lagradost.cloudstream3.MainActivity from=android.view.ViewRootImpl.setView:1732
10-08 15:11:01.069 17607 17607 I ViewRootImpl@a3183d6[MainActivity]: setView = com.android.internal.policy.DecorView@4ae0103 TM=true
10-08 15:11:01.085 17607 17607 I ViewRootImpl@a3183d6[MainActivity]: performTraversals params={(0,0)(fillxfill) gr=CENTER sim={adjust=resize forwardNavigation} ty=APPLICATION fmt=TRANSPARENT wanim=0x7f14000b
10-08 15:11:01.085 17607 17607 I ViewRootImpl@a3183d6[MainActivity]:   fl=85810100
10-08 15:11:01.085 17607 17607 I ViewRootImpl@a3183d6[MainActivity]:   pfl=12020040
10-08 15:11:01.085 17607 17607 I ViewRootImpl@a3183d6[MainActivity]:   vsysui=500
10-08 15:11:01.085 17607 17607 I ViewRootImpl@a3183d6[MainActivity]:   bhv=DEFAULT
10-08 15:11:01.085 17607 17607 I ViewRootImpl@a3183d6[MainActivity]:   fitSides= naviIconColor=0}
10-08 15:11:01.086 17607 17607 I ViewRootImpl@a3183d6[MainActivity]: performTraversals mFirst=true windowShouldResize=true viewVisibilityChanged=false mForceNextWindowRelayout=false params={(0,0)(fillxfill) gr=CENTER sim={adjust=resize forwardNavigation} ty=APPLICATION fmt=TRANSPARENT wanim=0x7f14000b
10-08 15:11:01.086 17607 17607 I ViewRootImpl@a3183d6[MainActivity]:   fl=85810100
10-08 15:11:01.086 17607 17607 I ViewRootImpl@a3183d6[MainActivity]:   pfl=12020040
10-08 15:11:01.086 17607 17607 I ViewRootImpl@a3183d6[MainActivity]:   vsysui=500
10-08 15:11:01.086 17607 17607 I ViewRootImpl@a3183d6[MainActivity]:   bhv=DEFAULT
10-08 15:11:01.086 17607 17607 I ViewRootImpl@a3183d6[MainActivity]:   fitSides= naviIconColor=0}
10-08 15:11:01.100 17607 17607 I ViewRootImpl@a3183d6[MainActivity]: updateBlastSurfaceIfNeeded mBlastBufferQueue=null isSameSurfaceControl=false
10-08 15:11:01.101 17607 17607 I BLASTBufferQueue: new BLASTBufferQueue, mName= ViewRootImpl@a3183d6[MainActivity] mNativeObject= 0x7bda800600 sc.mNativeObject= 0x7bed7af880 caller= android.view.ViewRootImpl.updateBlastSurfaceIfNeeded:2909 android.view.ViewRootImpl.relayoutWindow:9847 android.view.ViewRootImpl.performTraversals:3884 android.view.ViewRootImpl.doTraversal:3116 android.view.ViewRootImpl$TraversalRunnable.run:10885 android.view.Choreographer$CallbackRecord.run:1301 android.view.Choreographer$CallbackRecord.run:1309 android.view.Choreographer.doCallbacks:923 android.view.Choreographer.doFrame:852 android.view.Choreographer$FrameDisplayEventReceiver.run:1283 
10-08 15:11:01.101 17607 17607 I BLASTBufferQueue: update, w= 1080 h= 2400 mName = ViewRootImpl@a3183d6[MainActivity] mNativeObject= 0x7bda800600 sc.mNativeObject= 0x7bed7af880 format= -2 caller= android.graphics.BLASTBufferQueue.<init>:84 android.view.ViewRootImpl.updateBlastSurfaceIfNeeded:2909 android.view.ViewRootImpl.relayoutWindow:9847 android.view.ViewRootImpl.performTraversals:3884 android.view.ViewRootImpl.doTraversal:3116 android.view.ViewRootImpl$TraversalRunnable.run:10885 
10-08 15:11:01.102 17607 17607 I ViewRootImpl@a3183d6[MainActivity]: Relayout returned: old=(0,0,1080,2400) new=(0,0,1080,2400) req=(1080,2400)0 dur=14 res=0x3 s={true 0x7b16360000} ch=true seqId=0
10-08 15:11:01.103 17607 17607 I ViewRootImpl@a3183d6[MainActivity]: mThreadedRenderer.initialize() mSurface={isValid=true 0x7b16360000} hwInitialized=true
10-08 15:11:01.103 17607 17651 D OpenGLRenderer: eglCreateWindowSurface
10-08 15:11:01.124 17607 17607 D AbsListView:  in onLayout changed 
10-08 15:11:01.125 17607 17607 I ViewRootImpl@a3183d6[MainActivity]: reportNextDraw android.view.ViewRootImpl.performTraversals:4438 android.view.ViewRootImpl.doTraversal:3116 android.view.ViewRootImpl$TraversalRunnable.run:10885 android.view.Choreographer$CallbackRecord.run:1301 android.view.Choreographer$CallbackRecord.run:1309 
10-08 15:11:01.125 17607 17607 I ViewRootImpl@a3183d6[MainActivity]: Setup new sync id=0
10-08 15:11:01.125 17607 17607 I ViewRootImpl@a3183d6[MainActivity]: Setting syncFrameCallback
10-08 15:11:01.125 17607 17607 I ViewRootImpl@a3183d6[MainActivity]: registerCallbacksForSync syncBuffer=false
10-08 15:11:01.129 17607 17722 I ViewRootImpl@a3183d6[MainActivity]: Received frameDrawingCallback syncResult=0 frameNum=1.
10-08 15:11:01.129 17607 17722 I ViewRootImpl@a3183d6[MainActivity]: Setting up sync and frameCommitCallback
10-08 15:11:01.137 17607 17651 I BLASTBufferQueue: [ViewRootImpl@a3183d6[MainActivity]#17](f:0,a:0) onFrameAvailable the first frame is available
10-08 15:11:01.138 17607 17651 I ViewRootImpl@a3183d6[MainActivity]: Received frameCommittedCallback lastAttemptedDrawFrameNum=1 didProduceBuffer=true
10-08 15:11:01.140 17607 17651 D OpenGLRenderer: CFMS:: SetUp Pid : 17607    Tid : 17651
10-08 15:11:01.145 17607 17607 I ViewRootImpl@a3183d6[MainActivity]: onSyncComplete
10-08 15:11:01.146 17607 17607 I ViewRootImpl@a3183d6[MainActivity]: setupSync seqId=0 mSyncId=0 fn=1 caller=android.view.ViewRootImpl$$ExternalSyntheticLambda11.accept:6 android.window.SurfaceSyncer.lambda$setupSync$1$android-window-SurfaceSyncer:128 android.window.SurfaceSyncer$$ExternalSyntheticLambda1.accept:8 android.window.SurfaceSyncer$SyncSet.checkIfSyncIsComplete:382 android.window.SurfaceSyncer$SyncSet.markSyncReady:359 android.window.SurfaceSyncer.markSyncReady:151 android.view.ViewRootImpl.performTraversals:4503 
10-08 15:11:01.146 17607 17607 I ViewRootImpl@2cf4351[MainActivity]: ViewPostIme pointer 1
10-08 15:11:01.147 17607 17607 I ViewRootImpl@a3183d6[MainActivity]: reportDrawFinished seqId=0 mSyncId=-1 fn=1 mSurfaceChangedTransaction=0x7ca93b4300
10-08 15:11:01.151 17607 17607 I ViewRootImpl@2cf4351[MainActivity]: MSG_WINDOW_FOCUS_CHANGED 0 0
10-08 15:11:01.203 17607 17607 I ViewRootImpl@a3183d6[MainActivity]: MSG_WINDOW_FOCUS_CHANGED 1 0
10-08 15:11:01.203 17607 17607 I ViewRootImpl@a3183d6[MainActivity]: mThreadedRenderer.initializeIfNeeded()#2 mSurface={isValid=true 0x7b16360000}
10-08 15:11:01.204 17607 17607 D InputMethodManager: startInputInner - Id : 0
10-08 15:11:01.204 17607 17607 I InputMethodManager: startInputInner - mService.startInputOrWindowGainedFocus
10-08 15:11:01.857 17607 17607 I ViewRootImpl@a3183d6[MainActivity]: ViewPostIme pointer 0
10-08 15:11:01.914 17607 17607 I ViewRootImpl@a3183d6[MainActivity]: ViewPostIme pointer 1
10-08 15:11:01.915 17607 17607 D AbsListView: onTouchUp() mTouchMode : 0
10-08 15:11:01.988 17607 17682 D EgyDead : Loading links for URL: https://tv6.egydead.live/%d9%85%d8%b4%d8%a7%d9%87%d8%af%d8%a9-%d9%81%d9%8a%d9%84%d9%85-organ-child-2025-%d9%85%d8%aa%d8%b1%d8%ac%d9%85/
10-08 15:11:01.990 17607 17607 I MSHandlerLifeCycle: removeMultiSplitHandler: no exist. decor=DecorView@4ae0103[MainActivity]
10-08 15:11:01.993 17607 17651 D OpenGLRenderer: setSurface called with nullptr
10-08 15:11:01.993 17607 17651 D OpenGLRenderer: setSurface() destroyed EGLSurface
10-08 15:11:01.993 17607 17651 D OpenGLRenderer: destroyEglSurface
10-08 15:11:01.995 17607 17651 D OpenGLRenderer: endAllActiveAnimators on 0x7b42060900 (MaterialTextView) with handle 0x7be16b04e0
10-08 15:11:01.995 17607 17607 I ViewRootImpl@a3183d6[MainActivity]: dispatchDetachedFromWindow
10-08 15:11:02.018 17607 17607 D InputTransport: Input channel destroyed: '77a4101', fd=143
10-08 15:11:02.022 17607 17607 I Dialog  : mIsDeviceDefault = false, mIsSamsungBasicInteraction = false, isMetaDataInActivity = false
10-08 15:11:02.088 17607 17607 I DecorView: [INFO] isPopOver=false config=false
10-08 15:11:02.088 17607 17607 I DecorView: updateCaptionType: isFloating=false isApplication=true hasWindowDecorCaption=false this=DecorView@7439320[]
