10-08 14:36:15.097 11531 11531 W PanelsChildGestureRegionObserver: failed to register view with ID 2131362800. already registered
10-08 14:36:15.098 11531 11531 W PanelsChildGestureRegionObserver: failed to register view with ID 2131362800. already registered
10-08 14:36:15.113 11531 11531 W PanelsChildGestureRegionObserver: failed to register view with ID 2131362800. already registered
10-08 14:36:15.116 11531 11531 D WindowOnBackDispatcher: onBackInvoked, viewRoot=ViewRootImpl@dc1b2bf[MainActivity], callback=androidx.activity.OnBackPressedDispatcher$Api33Impl$$ExternalSyntheticLambda0@7004a66
10-08 14:36:15.131 11531 11531 I IMM_LC  : hsifw() - flag : 0
10-08 14:36:15.131 11531 11531 I IMM_LC  : hsifw() - mService.hideSoftInput
10-08 14:36:15.138 11531 11531 I CS3ExoPlayer: onStop
10-08 14:36:15.138 11531 11531 I CS3ExoPlayer: saveData
10-08 14:36:15.138 11531 11531 I CS3ExoPlayer: handleEvent Pause
10-08 14:36:15.222 11531 11531 W PanelsChildGestureRegionObserver: failed to register view with ID 2131362800. already registered
10-08 14:36:15.595 11531 11531 W PanelsChildGestureRegionObserver: failed to register view with ID 2131362800. already registered
10-08 14:36:15.613 11531 11635 D SurfaceView@c53b82b: updateSurfacePosition RenderWorker, frameNr = 624, position = [54, 314, 1026, 787] surfaceSize = 1080x525
10-08 14:36:15.613 11531 11635 I SurfaceView@c53b82b: uSP: rtp = Rect(54, 314 - 1026, 787) rtsw = 1080 rtsh = 525
10-08 14:36:15.613 11531 11635 I SurfaceView@c53b82b: onSSPAndSRT: pl = 54 pt = 314 sx = 0.9 sy = 0.9009524
10-08 14:36:15.613 11531 11635 I SurfaceView@c53b82b: aOrMT: ViewRootImpl@49f6cb7[MainActivity] t = android.view.SurfaceControl$Transaction@54eb637 fN = 624 android.view.SurfaceView.-$$Nest$mapplyOrMergeTransaction:0 android.view.SurfaceView$SurfaceViewPositionUpdateListener.positionChanged:1537 android.graphics.RenderNode$CompositePositionUpdateListener.positionChanged:373 
10-08 14:36:15.614 11531 11635 I ViewRootImpl@49f6cb7[MainActivity]: mWNT: t=0x7b3fc0dc00 mBlastBufferQueue=0x7b3fa88000 fn= 624 caller= android.view.SurfaceView.applyOrMergeTransaction:1455 android.view.SurfaceView.-$$Nest$mapplyOrMergeTransaction:0 android.view.SurfaceView$SurfaceViewPositionUpdateListener.positionChanged:1537 
10-08 14:36:15.614 11531 11531 I SurfaceView@c53b82b: onWindowVisibilityChanged(8) false android.view.SurfaceView{c53b82b V.E..V... ........ 0,0-1080,525} of ViewRootImpl@49f6cb7[MainActivity]
10-08 14:36:15.614 11531 11531 I SurfaceView@c53b82b: Changes: creating=false format=false size=false visible=true alpha=false hint=false mUseAlpha=false visible=true left=false top=false
10-08 14:36:15.615 11531 11531 I SurfaceView@c53b82b: 206813227 Cur surface: Surface(name=null)/@0x97a8455
10-08 14:36:15.615 11531 11531 I SurfaceView@c53b82b: applyTransactionOnVriDraw: vri = ViewRootImpl@49f6cb7[MainActivity] fRS = false t = 0x7b3fb46900 android.view.SurfaceView.performSurfaceTransaction:959 android.view.SurfaceView.updateSurface:1105 android.view.SurfaceView.onWindowVisibilityChanged:371 
10-08 14:36:15.615 11531 11531 I ViewRootImpl@49f6cb7[MainActivity]: applyTransactionOnDraw: mRemoved = false isHardwareEnabled = true t = 0x7b3fb46900android.view.SurfaceView.applyTransactionOnVriDraw:2048 android.view.SurfaceView.performSurfaceTransaction:959 android.view.SurfaceView.updateSurface:1105 android.view.SurfaceView.onWindowVisibilityChanged:371 android.view.View.dispatchDetachedFromWindow:22529 
10-08 14:36:15.615 11531 11531 I SurfaceView@c53b82b: surfaceDestroyed
10-08 14:36:15.615 11531 11531 I SurfaceView@c53b82b: surfaceDestroyed callback.size 0 #2 android.view.SurfaceView{c53b82b V.E..V... ........ 0,0-1080,525}
10-08 14:36:15.615 11531 11531 I SurfaceView@c53b82b: updateSurface: mVisible = false mSurface.isValid() = true
10-08 14:36:15.616 11531 11531 I SurfaceView@c53b82b: releaseSurfaces: viewRoot = ViewRootImpl@49f6cb7[MainActivity]
10-08 14:36:15.616 11531 11531 I SurfaceView@c53b82b: applyTransactionOnVriDraw: vri = ViewRootImpl@49f6cb7[MainActivity] fRS = true t = 0x7b3fb46c00 android.view.SurfaceView.releaseSurfaces:858 android.view.SurfaceView.updateSurface:1172 android.view.SurfaceView.onWindowVisibilityChanged:371 
10-08 14:36:15.616 11531 11531 I SurfaceView@c53b82b: applyTransactionOnVriDraw: viewRoot.applyTransactionOnDrawFromReleaseSurfaces
10-08 14:36:15.616 11531 11531 I ViewRootImpl@49f6cb7[MainActivity]: applyTransactionOnDraw: mRemoved = false isHardwareEnabled = true t = 0x7b3fb46c00android.view.ViewRootImpl.applyTransactionOnDrawFromReleaseSurfaces:12850 android.view.SurfaceView.applyTransactionOnVriDraw:2046 android.view.SurfaceView.releaseSurfaces:858 android.view.SurfaceView.updateSurface:1172 android.view.SurfaceView.onWindowVisibilityChanged:371 
10-08 14:36:15.616 11531 11531 V SurfaceView@c53b82b: Layout: x=0 y=218 w=1080 h=525, frame=Rect(0, 0 - 1080, 525)
10-08 14:36:15.616 11531 11531 I SurfaceView@c53b82b: onDetachedFromWindow: tryReleaseSurfaces()
10-08 14:36:15.616 11531 11531 I SurfaceView@c53b82b: releaseSurfaces: viewRoot = ViewRootImpl@49f6cb7[MainActivity]
10-08 14:36:15.616 11531 11531 I SurfaceView@c53b82b: applyTransactionOnVriDraw: vri = ViewRootImpl@49f6cb7[MainActivity] fRS = true t = 0x7b3fb46d00 android.view.SurfaceView.releaseSurfaces:858 android.view.SurfaceView.onDetachedFromWindow:500 android.view.View.dispatchDetachedFromWindow:22538 
10-08 14:36:15.616 11531 11531 I SurfaceView@c53b82b: applyTransactionOnVriDraw: viewRoot.applyTransactionOnDrawFromReleaseSurfaces
10-08 14:36:15.616 11531 11531 I ViewRootImpl@49f6cb7[MainActivity]: applyTransactionOnDraw: mRemoved = false isHardwareEnabled = true t = 0x7b3fb46d00android.view.ViewRootImpl.applyTransactionOnDrawFromReleaseSurfaces:12850 android.view.SurfaceView.applyTransactionOnVriDraw:2046 android.view.SurfaceView.releaseSurfaces:858 android.view.SurfaceView.onDetachedFromWindow:500 android.view.View.dispatchDetachedFromWindow:22538 
10-08 14:36:15.627 11531 11531 I DecorView: notifyKeepScreenOnChanged: keepScreenOn=false
10-08 14:36:15.628 11531 11531 I CS3ExoPlayer: releasePlayer
10-08 14:36:15.628 11531 11531 I CS3ExoPlayer: Handle event: PlayerAttachedEvent(player=null, source=Player)
10-08 14:36:15.630 11531 11531 I DecorView: notifyKeepScreenOnChanged: keepScreenOn=false
10-08 14:36:15.631 11531 11531 I ViewRootImpl@49f6cb7[MainActivity]: performTraversals params={(0,0)(fillxfill) sim={state=always_hidden adjust=resize} ty=BASE_APPLICATION wanim=0x1030309
10-08 14:36:15.631 11531 11531 I ViewRootImpl@49f6cb7[MainActivity]:   fl=85810100
10-08 14:36:15.631 11531 11531 I ViewRootImpl@49f6cb7[MainActivity]:   pfl=12020040
10-08 14:36:15.631 11531 11531 I ViewRootImpl@49f6cb7[MainActivity]:   vsysui=500
10-08 14:36:15.631 11531 11531 I ViewRootImpl@49f6cb7[MainActivity]:   bhv=DEFAULT
10-08 14:36:15.631 11531 11531 I ViewRootImpl@49f6cb7[MainActivity]:   fitSides= naviIconColor=0}
10-08 14:36:15.632 11531 11531 I ViewRootImpl@49f6cb7[MainActivity]: performTraversals mFirst=false windowShouldResize=false viewVisibilityChanged=false mForceNextWindowRelayout=false params={(0,0)(fillxfill) sim={state=always_hidden adjust=resize} ty=BASE_APPLICATION fmt=TRANSLUCENT wanim=0x1030309
10-08 14:36:15.632 11531 11531 I ViewRootImpl@49f6cb7[MainActivity]:   fl=85810100
10-08 14:36:15.632 11531 11531 I ViewRootImpl@49f6cb7[MainActivity]:   pfl=12020040
10-08 14:36:15.632 11531 11531 I ViewRootImpl@49f6cb7[MainActivity]:   vsysui=500
10-08 14:36:15.632 11531 11531 I ViewRootImpl@49f6cb7[MainActivity]:   bhv=DEFAULT
10-08 14:36:15.632 11531 11531 I ViewRootImpl@49f6cb7[MainActivity]:   fitSides= naviIconColor=0}
10-08 14:36:15.637 11531 11531 I ViewRootImpl@49f6cb7[MainActivity]: updateBlastSurfaceIfNeeded mBlastBufferQueue=0x7b3fa88000 isSameSurfaceControl=true
10-08 14:36:15.637 11531 11531 I BLASTBufferQueue: update, w= 1080 h= 2400 mName = ViewRootImpl@49f6cb7[MainActivity] mNativeObject= 0x7b3fa88000 sc.mNativeObject= 0x7b1471ef00 format= -3 caller= android.view.ViewRootImpl.updateBlastSurfaceIfNeeded:2898 android.view.ViewRootImpl.relayoutWindow:9847 android.view.ViewRootImpl.performTraversals:3884 android.view.ViewRootImpl.doTraversal:3116 android.view.ViewRootImpl$TraversalRunnable.run:10885 android.view.Choreographer$CallbackRecord.run:1301 
10-08 14:36:15.637 11531 11531 I ViewRootImpl@49f6cb7[MainActivity]: Relayout returned: old=(0,0,1080,2400) new=(0,0,1080,2400) req=(1080,2400)0 dur=5 res=0x0 s={true 0x7b5ed64800} ch=false seqId=0
10-08 14:36:15.638 11531 11531 I ViewRootImpl@49f6cb7[MainActivity]: updateBoundsLayer: t = android.view.SurfaceControl$Transaction@ae730ae sc = Surface(name=Bounds for - com.lagradost.cloudstream3/com.lagradost.cloudstream3.MainActivity@0)/@0x9d8ee4f frame = 625
10-08 14:36:15.638 11531 11531 I ViewRootImpl@49f6cb7[MainActivity]: mWNT: t=0x7b5ee84f00 mBlastBufferQueue=0x7b3fa88000 fn= 625 caller= android.view.ViewRootImpl.prepareSurfaces:2985 android.view.ViewRootImpl.performTraversals:4233 android.view.ViewRootImpl.doTraversal:3116 
10-08 14:36:15.639 11531 11557 D SurfaceView@c53b82b: windowPositionLost, frameNr = 625
10-08 14:36:15.640 11531 11633 I ViewRootImpl@49f6cb7[MainActivity]: mWNT: t=0x7b3fb46900 mBlastBufferQueue=0x7b3fa88000 fn= 625 caller= android.view.ViewRootImpl.lambda$applyTransactionOnDraw$11$android-view-ViewRootImpl:12865 android.view.ViewRootImpl$$ExternalSyntheticLambda1.onFrameDraw:4 android.graphics.HardwareRenderer$FrameDrawingCallback.onFrameDraw:924 
10-08 14:36:15.640 11531 11633 I ViewRootImpl@49f6cb7[MainActivity]: mWNT: t=0x7b3fb46c00 mBlastBufferQueue=0x7b3fa88000 fn= 625 caller= android.view.ViewRootImpl.lambda$applyTransactionOnDraw$11$android-view-ViewRootImpl:12865 android.view.ViewRootImpl$$ExternalSyntheticLambda1.onFrameDraw:4 android.graphics.HardwareRenderer$FrameDrawingCallback.onFrameDraw:924 
10-08 14:36:15.640 11531 11633 I ViewRootImpl@49f6cb7[MainActivity]: mWNT: t=0x7b3fb46d00 mBlastBufferQueue=0x7b3fa88000 fn= 625 caller= android.view.ViewRootImpl.lambda$applyTransactionOnDraw$11$android-view-ViewRootImpl:12865 android.view.ViewRootImpl$$ExternalSyntheticLambda1.onFrameDraw:4 android.graphics.HardwareRenderer$FrameDrawingCallback.onFrameDraw:924 
10-08 14:36:17.468 11531 11531 I ViewRootImpl@49f6cb7[MainActivity]: ViewPostIme pointer 0
10-08 14:36:17.517 11531 11531 I ViewRootImpl@49f6cb7[MainActivity]: ViewPostIme pointer 1
10-08 14:36:17.530 11531 11531 I NavComponent: Navigating to fragment: 2131362274
10-08 14:36:17.534 11531 11531 I IMM_LC  : hsifw() - flag : 0
10-08 14:36:17.534 11531 11531 I IMM_LC  : hsifw() - mService.hideSoftInput
10-08 14:36:17.573 11531 11531 D ScrollView: initGoToTop
10-08 14:36:17.873 11531 11531 I SurfaceView@6eae7b8: onWindowVisibilityChanged(0) true android.view.SurfaceView{6eae7b8 V.E..V... ......I. 0,0-0,0} of ViewRootImpl@49f6cb7[MainActivity]
10-08 14:36:17.873 11531 11531 D SurfaceView@6eae7b8: updateSurface: has no frame
10-08 14:36:17.879 11531 11531 I CS3ExoPlayer: SET STYLE = SaveCaptionStyle(foregroundColor=-1, backgroundColor=0, windowColor=0, edgeType=1, edgeColor=-16777216, typeface=null, typefaceFilePath=null, elevation=20, fixedTextSize=null, edgeSize=null, removeCaptions=false, removeBloat=true, upperCase=false, bold=false, italic=false, backgroundRadius=null)
10-08 14:36:17.891 11531 11531 I IMM_LC  : hsifw() - flag : 0
10-08 14:36:17.891 11531 11531 I IMM_LC  : hsifw() - mService.hideSoftInput
10-08 14:36:17.894 11531 11592 I SYNCVM  : addFromUrl = https://tv6.egydead.live/%d9%85%d8%b4%d8%a7%d9%87%d8%af%d8%a9-%d9%81%d9%8a%d9%84%d9%85-baban-baban-ban-vampire-2025-%d9%85%d8%aa%d8%b1%d8%ac%d9%85/
10-08 14:36:17.894 11531 11592 I SYNCUTIL: getIdsFromUrl https://tv6.egydead.live/%d9%85%d8%b4%d8%a7%d9%87%d8%af%d8%a9-%d9%81%d9%8a%d9%84%d9%85-baban-baban-ban-vampire-2025-%d9%85%d8%aa%d8%b1%d8%ac%d9%85/
10-08 14:36:17.910 11531 11531 I SurfaceView@6eae7b8: onWindowVisibilityChanged(8) false android.view.SurfaceView{6eae7b8 V.E..V... ......I. 0,0-0,0} of ViewRootImpl@49f6cb7[MainActivity]
10-08 14:36:17.910 11531 11531 D SurfaceView@6eae7b8: updateSurface: has no frame
10-08 14:36:17.910 11531 11531 D SurfaceView@6eae7b8: updateSurface: has no frame
10-08 14:36:17.910 11531 11531 I SurfaceView@6eae7b8: onDetachedFromWindow: tryReleaseSurfaces()
10-08 14:36:17.910 11531 11531 I SurfaceView@6eae7b8: releaseSurfaces: viewRoot = ViewRootImpl@49f6cb7[MainActivity]
10-08 14:36:17.910 11531 11531 I SurfaceView@6eae7b8: applyTransactionOnVriDraw: vri = ViewRootImpl@49f6cb7[MainActivity] fRS = true t = 0x7afd942d00 android.view.SurfaceView.releaseSurfaces:858 android.view.SurfaceView.onDetachedFromWindow:500 android.view.View.dispatchDetachedFromWindow:22538 
10-08 14:36:17.910 11531 11531 I SurfaceView@6eae7b8: applyTransactionOnVriDraw: viewRoot.applyTransactionOnDrawFromReleaseSurfaces
10-08 14:36:17.910 11531 11531 I ViewRootImpl@49f6cb7[MainActivity]: applyTransactionOnDraw: mRemoved = false isHardwareEnabled = true t = 0x7afd942d00android.view.ViewRootImpl.applyTransactionOnDrawFromReleaseSurfaces:12850 android.view.SurfaceView.applyTransactionOnVriDraw:2046 android.view.SurfaceView.releaseSurfaces:858 android.view.SurfaceView.onDetachedFromWindow:500 android.view.View.dispatchDetachedFromWindow:22538 
10-08 14:36:17.913 11531 11531 I SurfaceView@6eae7b8: onWindowVisibilityChanged(0) true android.view.SurfaceView{6eae7b8 V.E..V... ......I. 0,0-0,0} of ViewRootImpl@49f6cb7[MainActivity]
10-08 14:36:17.913 11531 11531 D SurfaceView@6eae7b8: updateSurface: has no frame
10-08 14:36:17.916 11531 11531 I DecorView: notifyKeepScreenOnChanged: keepScreenOn=false
10-08 14:36:17.927 11531 11531 I CS3ExoPlayer: reloadPlayer
10-08 14:36:17.927 11531 11531 I CS3ExoPlayer: releasePlayer
10-08 14:36:17.927 11531 11531 I CS3ExoPlayer: Handle event: PlayerAttachedEvent(player=null, source=Player)
10-08 14:36:17.935 11531 11531 I ViewRootImpl@49f6cb7[MainActivity]: performTraversals params={(0,0)(fillxfill) sim={state=always_hidden adjust=resize} ty=BASE_APPLICATION wanim=0x1030309
10-08 14:36:17.935 11531 11531 I ViewRootImpl@49f6cb7[MainActivity]:   fl=85810100
10-08 14:36:17.935 11531 11531 I ViewRootImpl@49f6cb7[MainActivity]:   pfl=12020040
10-08 14:36:17.935 11531 11531 I ViewRootImpl@49f6cb7[MainActivity]:   vsysui=500
10-08 14:36:17.935 11531 11531 I ViewRootImpl@49f6cb7[MainActivity]:   bhv=DEFAULT
10-08 14:36:17.935 11531 11531 I ViewRootImpl@49f6cb7[MainActivity]:   fitSides= naviIconColor=0}
10-08 14:36:17.935 11531 11531 I ViewRootImpl@49f6cb7[MainActivity]: performTraversals mFirst=false windowShouldResize=false viewVisibilityChanged=false mForceNextWindowRelayout=false params={(0,0)(fillxfill) sim={state=always_hidden adjust=resize} ty=BASE_APPLICATION fmt=TRANSLUCENT wanim=0x1030309
10-08 14:36:17.935 11531 11531 I ViewRootImpl@49f6cb7[MainActivity]:   fl=85810100
10-08 14:36:17.935 11531 11531 I ViewRootImpl@49f6cb7[MainActivity]:   pfl=12020040
10-08 14:36:17.935 11531 11531 I ViewRootImpl@49f6cb7[MainActivity]:   vsysui=500
10-08 14:36:17.935 11531 11531 I ViewRootImpl@49f6cb7[MainActivity]:   bhv=DEFAULT
10-08 14:36:17.935 11531 11531 I ViewRootImpl@49f6cb7[MainActivity]:   fitSides= naviIconColor=0}
10-08 14:36:17.944 11531 11531 I ViewRootImpl@49f6cb7[MainActivity]: updateBlastSurfaceIfNeeded mBlastBufferQueue=0x7b3fa88000 isSameSurfaceControl=true
10-08 14:36:17.944 11531 11531 I BLASTBufferQueue: update, w= 1080 h= 2400 mName = ViewRootImpl@49f6cb7[MainActivity] mNativeObject= 0x7b3fa88000 sc.mNativeObject= 0x7aeae0cc80 format= -3 caller= android.view.ViewRootImpl.updateBlastSurfaceIfNeeded:2898 android.view.ViewRootImpl.relayoutWindow:9847 android.view.ViewRootImpl.performTraversals:3884 android.view.ViewRootImpl.doTraversal:3116 android.view.ViewRootImpl$TraversalRunnable.run:10885 android.view.Choreographer$CallbackRecord.run:1301 
10-08 14:36:17.944 11531 11531 I ViewRootImpl@49f6cb7[MainActivity]: Relayout returned: old=(0,0,1080,2400) new=(0,0,1080,2400) req=(1080,2400)0 dur=9 res=0x0 s={true 0x7b5ed64800} ch=false seqId=0
10-08 14:36:17.944 11531 11531 I ViewRootImpl@49f6cb7[MainActivity]: updateBoundsLayer: t = android.view.SurfaceControl$Transaction@ae730ae sc = Surface(name=Bounds for - com.lagradost.cloudstream3/com.lagradost.cloudstream3.MainActivity@0)/@0x9d8ee4f frame = 640
10-08 14:36:17.944 11531 11531 I ViewRootImpl@49f6cb7[MainActivity]: mWNT: t=0x7b5ee84f00 mBlastBufferQueue=0x7b3fa88000 fn= 640 caller= android.view.ViewRootImpl.prepareSurfaces:2985 android.view.ViewRootImpl.performTraversals:4233 android.view.ViewRootImpl.doTraversal:3116 
10-08 14:36:17.946 11531 11531 W View    : requestLayout() improperly called by android.widget.FrameLayout{42b3518 I.E..V... ......I. 0,0-0,0 #7f0a04e7 app:id/start_panel} during layout: running second layout pass
10-08 14:36:17.946 11531 11531 W View    : requestLayout() improperly called by android.widget.FrameLayout{9231b71 I.E..V... ......ID 1080,0-1080,2143 #7f0a0168 app:id/end_panel} during layout: running second layout pass
10-08 14:36:17.947 11531 11531 D SurfaceView@6eae7b8: updateSurface: has no frame
10-08 14:36:17.952 11531 11635 I ViewRootImpl@49f6cb7[MainActivity]: mWNT: t=0x7afd942d00 mBlastBufferQueue=0x7b3fa88000 fn= 640 caller= android.view.ViewRootImpl.lambda$applyTransactionOnDraw$11$android-view-ViewRootImpl:12865 android.view.ViewRootImpl$$ExternalSyntheticLambda1.onFrameDraw:4 android.graphics.HardwareRenderer$FrameDrawingCallback.onFrameDraw:924 
10-08 14:36:17.955 11531 11531 D SurfaceView@6eae7b8: updateSurface: has no frame
10-08 14:36:17.974 11531 11531 D SurfaceView@6eae7b8: updateSurface: has no frame
10-08 14:36:17.999 11531 11531 D SurfaceView@6eae7b8: updateSurface: has no frame
10-08 14:36:18.021 11531 11531 D SurfaceView@6eae7b8: updateSurface: has no frame
10-08 14:36:18.036 11531 11531 D SurfaceView@6eae7b8: updateSurface: has no frame
10-08 14:36:18.047 11531 11531 D SurfaceView@6eae7b8: updateSurface: has no frame
10-08 14:36:18.060 11531 11531 D SurfaceView@6eae7b8: updateSurface: has no frame
10-08 14:36:18.077 11531 11531 D SurfaceView@6eae7b8: updateSurface: has no frame
10-08 14:36:18.101 11531 11531 D SurfaceView@6eae7b8: updateSurface: has no frame
10-08 14:36:18.111 11531 11531 D SurfaceView@6eae7b8: updateSurface: has no frame
10-08 14:36:18.127 11531 11531 D SurfaceView@6eae7b8: updateSurface: has no frame
10-08 14:36:18.144 11531 11531 D SurfaceView@6eae7b8: updateSurface: has no frame
10-08 14:36:18.160 11531 11531 D SurfaceView@6eae7b8: updateSurface: has no frame
10-08 14:36:18.178 11531 11531 D SurfaceView@6eae7b8: updateSurface: has no frame
10-08 14:36:18.194 11531 11531 D SurfaceView@6eae7b8: updateSurface: has no frame
10-08 14:36:18.210 11531 11531 D SurfaceView@6eae7b8: updateSurface: has no frame
10-08 14:36:18.227 11531 11531 D SurfaceView@6eae7b8: updateSurface: has no frame
10-08 14:36:18.244 11531 11531 D SurfaceView@6eae7b8: updateSurface: has no frame
10-08 14:36:18.247 11531 11589 I RVM2    : applyMeta
10-08 14:36:18.258 11531 11531 W PanelsChildGestureRegionObserver: failed to register view with ID 2131362800. already registered
10-08 14:36:18.262 11531 11531 E CoilImgLoader: Error loading image: coil3.request.NullRequestDataException: The request's data is null.
10-08 14:36:18.270 11531 11531 E CoilImgLoader: Error loading image: coil3.request.NullRequestDataException: The request's data is null.
10-08 14:36:18.317 11531 11595 I SYNCVM  : addFromUrl = https://tv6.egydead.live/%d9%85%d8%b4%d8%a7%d9%87%d8%af%d8%a9-%d9%81%d9%8a%d9%84%d9%85-baban-baban-ban-vampire-2025-%d9%85%d8%aa%d8%b1%d8%ac%d9%85/
10-08 14:36:18.317 11531 11595 I SYNCUTIL: getIdsFromUrl https://tv6.egydead.live/%d9%85%d8%b4%d8%a7%d9%87%d8%af%d8%a9-%d9%81%d9%8a%d9%84%d9%85-baban-baban-ban-vampire-2025-%d9%85%d8%aa%d8%b1%d8%ac%d9%85/
10-08 14:36:18.338 11531 11531 D SurfaceView@6eae7b8: updateSurface: has no frame
10-08 14:36:18.343 11531 11531 I SurfaceView@6eae7b8: Changes: creating=true format=true size=true visible=true alpha=false hint=false mUseAlpha=false visible=true left=true top=true
10-08 14:36:18.351 11531 11531 I BLASTBufferQueue: update, w= 1080 h= 525 mName = null mNativeObject= 0x7bed8b0700 sc.mNativeObject= 0x7aeaeff4a0 format= 4 caller= android.view.SurfaceView.createBlastSurfaceControls:1383 android.view.SurfaceView.updateSurface:1079 android.view.SurfaceView.lambda$new$0$android-view-SurfaceView:200 android.view.SurfaceView$$ExternalSyntheticLambda5.onPreDraw:2 android.view.ViewTreeObserver.dispatchOnPreDraw:1121 android.view.ViewRootImpl.performTraversals:4442 
10-08 14:36:18.352 11531 11531 I SurfaceView@6eae7b8: 116058040 Cur surface: Surface(name=null)/@0x7afe421
10-08 14:36:18.352 11531 11531 I SurfaceView@6eae7b8: pST: sr = Rect(0, 218 - 1080, 743) sw = 1080 sh = 525
10-08 14:36:18.352 11531 11531 D SurfaceView@6eae7b8: performSurfaceTransaction RenderWorker position = [0, 218, 1080, 743] surfaceSize = 1080x525
10-08 14:36:18.353 11531 11531 I SurfaceView@6eae7b8: applyTransactionOnVriDraw: vri = ViewRootImpl@49f6cb7[MainActivity] fRS = false t = 0x7b3fc0df00 android.view.SurfaceView.performSurfaceTransaction:959 android.view.SurfaceView.updateSurface:1105 android.view.SurfaceView.lambda$new$0$android-view-SurfaceView:200 
10-08 14:36:18.353 11531 11531 I ViewRootImpl@49f6cb7[MainActivity]: applyTransactionOnDraw: mRemoved = false isHardwareEnabled = true t = 0x7b3fc0df00android.view.SurfaceView.applyTransactionOnVriDraw:2048 android.view.SurfaceView.performSurfaceTransaction:959 android.view.SurfaceView.updateSurface:1105 android.view.SurfaceView.lambda$new$0$android-view-SurfaceView:200 android.view.SurfaceView$$ExternalSyntheticLambda5.onPreDraw:2 
10-08 14:36:18.353 11531 11531 I SurfaceView@6eae7b8: updateSurface: mVisible = true mSurface.isValid() = true
10-08 14:36:18.353 11531 11531 I SurfaceView@6eae7b8: updateSurface: mSurfaceCreated = false surfaceChanged = true visibleChanged = true
10-08 14:36:18.353 11531 11531 I SurfaceView@6eae7b8: visibleChanged -- surfaceCreated
10-08 14:36:18.353 11531 11531 I SurfaceView@6eae7b8: surfaceCreated 0 #8 android.view.SurfaceView{6eae7b8 V.E..V... ......ID 0,0-1080,525}
10-08 14:36:18.354 11531 11531 I SurfaceView@6eae7b8: surfaceChanged -- format=4 w=1080 h=525
10-08 14:36:18.354 11531 11531 I SurfaceView@6eae7b8: surfaceChanged (1080,525) 0 #8 android.view.SurfaceView{6eae7b8 V.E..V... ......ID 0,0-1080,525}
10-08 14:36:18.354 11531 11531 I SurfaceView@6eae7b8: surfaceRedrawNeeded
10-08 14:36:18.355 11531 11531 V SurfaceView@6eae7b8: Layout: x=0 y=218 w=1080 h=525, frame=Rect(0, 0 - 1080, 525)
10-08 14:36:18.376 11531 11633 D SurfaceView@6eae7b8: updateSurfacePosition RenderWorker, frameNr = 658, position = [0, 218, 1080, 743] surfaceSize = 1080x525
10-08 14:36:18.377 11531 11633 I SurfaceView@6eae7b8: uSP: rtp = Rect(0, 218 - 1080, 743) rtsw = 1080 rtsh = 525
10-08 14:36:18.377 11531 11633 I SurfaceView@6eae7b8: onSSPAndSRT: pl = 0 pt = 218 sx = 1.0 sy = 1.0
10-08 14:36:18.377 11531 11633 I SurfaceView@6eae7b8: aOrMT: ViewRootImpl@49f6cb7[MainActivity] t = android.view.SurfaceControl$Transaction@21737a3 fN = 658 android.view.SurfaceView.-$$Nest$mapplyOrMergeTransaction:0 android.view.SurfaceView$SurfaceViewPositionUpdateListener.positionChanged:1537 android.graphics.RenderNode$CompositePositionUpdateListener.positionChanged:373 
10-08 14:36:18.377 11531 11633 I ViewRootImpl@49f6cb7[MainActivity]: mWNT: t=0x7b2d7fb700 mBlastBufferQueue=0x7b3fa88000 fn= 658 caller= android.view.SurfaceView.applyOrMergeTransaction:1455 android.view.SurfaceView.-$$Nest$mapplyOrMergeTransaction:0 android.view.SurfaceView$SurfaceViewPositionUpdateListener.positionChanged:1537 
10-08 14:36:18.378 11531 11633 I ViewRootImpl@49f6cb7[MainActivity]: mWNT: t=0x7b3fc0df00 mBlastBufferQueue=0x7b3fa88000 fn= 658 caller= android.view.ViewRootImpl.lambda$applyTransactionOnDraw$11$android-view-ViewRootImpl:12865 android.view.ViewRootImpl$$ExternalSyntheticLambda1.onFrameDraw:4 android.graphics.HardwareRenderer$FrameDrawingCallback.onFrameDraw:924 
10-08 14:36:18.399 11531 11531 I SurfaceView@6eae7b8: finishedDrawing
10-08 14:36:18.510 11531 11541 I st.cloudstream3: Background concurrent copying GC freed 13MB AllocSpace bytes, 44(2852KB) LOS objects, 47% free, 26MB/50MB, paused 641us,205us total 244.108ms
10-08 14:36:18.532 11531 11557 D OpenGLRenderer: setSurface called with nullptr
10-08 14:36:18.533 11531 11542 D InputTransport: Input channel destroyed: 'ClientS', fd=163
10-08 14:36:18.551 11531 11557 D OpenGLRenderer: setSurface called with nullptr
10-08 14:36:18.552 11531 11542 D InputTransport: Input channel destroyed: 'ClientS', fd=245
10-08 14:36:18.553 11531 11542 D InputTransport: Input channel destroyed: 'ClientS', fd=228
10-08 14:36:18.569 11531 11557 D OpenGLRenderer: setSurface called with nullptr
10-08 14:36:18.570 11531 11542 D InputTransport: Input channel destroyed: 'ClientS', fd=157
10-08 14:36:18.570 11531 11542 D InputTransport: Input channel destroyed: 'ClientS', fd=113
10-08 14:36:19.139 11531 11531 I ViewRootImpl@49f6cb7[MainActivity]: ViewPostIme pointer 0
10-08 14:36:19.675 11531 11531 I Dialog  : mIsDeviceDefault = false, mIsSamsungBasicInteraction = false, isMetaDataInActivity = false
10-08 14:36:19.716 11531 11531 I DecorView: [INFO] isPopOver=false config=false
10-08 14:36:19.717 11531 11531 I DecorView: updateCaptionType: isFloating=false isApplication=true hasWindowDecorCaption=false this=DecorView@753123d[]
10-08 14:36:19.717 11531 11531 D DecorView: setCaptionType = 0, this = DecorView@753123d[]
10-08 14:36:19.720 11531 11531 I DecorView: getCurrentDensityDpi: from app context. densityDpi=420 msg=resources_loaded
10-08 14:36:19.720 11531 11531 I DecorView: setWindowBackground: isPopOver=false color=0 d=android.graphics.drawable.ColorDrawable@2814383
10-08 14:36:19.732 11531 11557 D NativeCustomFrequencyManager: [NativeCFMS] BpCustomFrequencyManager::BpCustomFrequencyManager()
10-08 14:36:19.733 11531 11531 I DecorView: notifyKeepScreenOnChanged: keepScreenOn=false
10-08 14:36:19.745 11531 11531 D InsetsController: onStateChanged: InsetsState: {mDisplayFrame=Rect(0, 0 - 1080, 2400), mDisplayCutout=DisplayCutout{insets=Rect(0, 88 - 0, 0) waterfall=Insets{left=0, top=0, right=0, bottom=0} boundingRect={Bounds=[Rect(0, 0 - 0, 0), Rect(512, 0 - 568, 88), Rect(0, 0 - 0, 0), Rect(0, 0 - 0, 0)]} cutoutPathParserInfo={CutoutPathParserInfo{displayWidth=1080 displayHeight=2400 physicalDisplayWidth=1080 physicalDisplayHeight=2400 density={2.625} cutoutSpec={M 0,0 M 0,12.25101276465640 a 10.60613009248640,10.60613009248640 0 1,0 0,21.21226018497290 a 10.60613009248640,10.60613009248640 0 1,0 0,-21.21226018497290 Z @dp} rotation={0} scale={1.0} physicalPixelDisplaySizeRatio={1.0}}}}, mRoundedCorners=RoundedCorners{[RoundedCorner{position=TopLeft, radius=84, center=Point(84, 84)}, RoundedCorner{position=TopRight, radius=84, center=Point(996, 84)}, RoundedCorner{position=BottomRight, radius=84, center=Point(996, 2316)}, RoundedCorner{position=BottomLeft, radius=84, center=Point(84, 2316)}]}  mRoundedCornerFrame=Rect(0, 0 - 1080, 2400), mPrivacyIndicatorBounds=PrivacyIndicatorBounds {static bounds=Rect(964, 0 - 1080, 87) rotation=0}, mSources= { InsetsSource: {mType=ITYPE_STATUS_BAR, mFrame=[0,0][1080,88], mVisible=true, mInsetsRoundedCornerFrame=false}, InsetsSource: {mType=ITYPE_NAVIGATION_BAR, mFrame=[0,2361][1080,2400], mVisible=true, mInsetsRoundedCornerFrame=false}, InsetsSource: {mType=ITYPE_LEFT_GESTURES, mFrame=[0,0][130,2400], mVisible=true, mInsetsRoundedCornerFrame=false}, InsetsSource: {mType=ITYPE_RIGHT_GESTURES, mFrame=[950,0][1080,2400], mVisible=true, mInsetsRoundedCornerFrame=false}, InsetsSource: {mType=ITYPE_TOP_MANDATORY_GESTURES, mFrame=[0,0][1080,120], mVisible=true, mInsetsRoundedCornerFrame=false}, InsetsSource: {mType=ITYPE_BOTTOM_MANDATORY_GESTURES, mFrame=[0,2316][1080,2400], mVisible=true, mInsetsRoundedCornerFrame=false}, InsetsSource: {mType=ITYPE_LEFT_DISPLAY_CUTOUT, mFrame=[0,0][-100000,2400], mVisible=true, mInsetsRoundedCornerFrame=false}, InsetsSource: {mType=ITYPE_TOP_DISPLAY_CUTOUT, mFrame=[0,0][1080,88], mVisible=true, mInsetsRoundedCornerFrame=false}, InsetsSource: {mType=ITYPE_RIGHT_DISPLAY_CUTOUT, mFrame=[100000,0][1080,2400], mVisible=true, mInsetsRoundedCornerFrame=false}, InsetsSource: {mType=ITYPE_BOTTOM_DISPLAY_CUTOUT, mFrame=[0,100000][1080,2400], mVisible=true, mInsetsRoundedCornerFrame=false}, InsetsSource: {mType=ITYPE_TOP_TAPPABLE_ELEMENT, mFrame=[0,0][1080,88], mVisible=true, mInsetsRoundedCornerFrame=false}, InsetsSource: {mType=ITYPE_BOTTOM_TAPPABLE_ELEMENT, mFrame=[0,0][0,0], mVisible=true, mInsetsRoundedCornerFrame=false}, InsetsSource: {mType=ITYPE_IME, mFrame=[0,0][0,0], mVisibleFrame=[0,1409][1080,2400], mVisible=false, mInsetsRoundedCornerFrame=false} } host=com.lagradost.cloudstream3/com.lagradost.cloudstream3.MainActivity from=android.view.ViewRootImpl.setView:1732
10-08 14:36:19.746 11531 11531 I ViewRootImpl@dcdc818[MainActivity]: setView = com.android.internal.policy.DecorView@753123d TM=true
10-08 14:36:19.762 11531 11531 I ViewRootImpl@dcdc818[MainActivity]: performTraversals params={(0,0)(fillxfill) gr=CENTER sim={adjust=resize forwardNavigation} ty=APPLICATION fmt=TRANSPARENT wanim=0x7f14000b
10-08 14:36:19.762 11531 11531 I ViewRootImpl@dcdc818[MainActivity]:   fl=85810100
10-08 14:36:19.762 11531 11531 I ViewRootImpl@dcdc818[MainActivity]:   pfl=12020040
10-08 14:36:19.762 11531 11531 I ViewRootImpl@dcdc818[MainActivity]:   vsysui=500
10-08 14:36:19.762 11531 11531 I ViewRootImpl@dcdc818[MainActivity]:   bhv=DEFAULT
10-08 14:36:19.762 11531 11531 I ViewRootImpl@dcdc818[MainActivity]:   fitSides= naviIconColor=0}
10-08 14:36:19.763 11531 11531 I ViewRootImpl@dcdc818[MainActivity]: performTraversals mFirst=true windowShouldResize=true viewVisibilityChanged=false mForceNextWindowRelayout=false params={(0,0)(fillxfill) gr=CENTER sim={adjust=resize forwardNavigation} ty=APPLICATION fmt=TRANSPARENT wanim=0x7f14000b
10-08 14:36:19.763 11531 11531 I ViewRootImpl@dcdc818[MainActivity]:   fl=85810100
10-08 14:36:19.763 11531 11531 I ViewRootImpl@dcdc818[MainActivity]:   pfl=12020040
10-08 14:36:19.763 11531 11531 I ViewRootImpl@dcdc818[MainActivity]:   vsysui=500
10-08 14:36:19.763 11531 11531 I ViewRootImpl@dcdc818[MainActivity]:   bhv=DEFAULT
10-08 14:36:19.763 11531 11531 I ViewRootImpl@dcdc818[MainActivity]:   fitSides= naviIconColor=0}
10-08 14:36:19.779 11531 11531 I ViewRootImpl@dcdc818[MainActivity]: updateBlastSurfaceIfNeeded mBlastBufferQueue=null isSameSurfaceControl=false
10-08 14:36:19.780 11531 11531 I BLASTBufferQueue: new BLASTBufferQueue, mName= ViewRootImpl@dcdc818[MainActivity] mNativeObject= 0x7bed8ae600 sc.mNativeObject= 0x7bed819760 caller= android.view.ViewRootImpl.updateBlastSurfaceIfNeeded:2909 android.view.ViewRootImpl.relayoutWindow:9847 android.view.ViewRootImpl.performTraversals:3884 android.view.ViewRootImpl.doTraversal:3116 android.view.ViewRootImpl$TraversalRunnable.run:10885 android.view.Choreographer$CallbackRecord.run:1301 android.view.Choreographer$CallbackRecord.run:1309 android.view.Choreographer.doCallbacks:923 android.view.Choreographer.doFrame:852 android.view.Choreographer$FrameDisplayEventReceiver.run:1283 
10-08 14:36:19.780 11531 11531 I BLASTBufferQueue: update, w= 1080 h= 2400 mName = ViewRootImpl@dcdc818[MainActivity] mNativeObject= 0x7bed8ae600 sc.mNativeObject= 0x7bed819760 format= -2 caller= android.graphics.BLASTBufferQueue.<init>:84 android.view.ViewRootImpl.updateBlastSurfaceIfNeeded:2909 android.view.ViewRootImpl.relayoutWindow:9847 android.view.ViewRootImpl.performTraversals:3884 android.view.ViewRootImpl.doTraversal:3116 android.view.ViewRootImpl$TraversalRunnable.run:10885 
10-08 14:36:19.781 11531 11531 I ViewRootImpl@dcdc818[MainActivity]: Relayout returned: old=(0,0,1080,2400) new=(0,0,1080,2400) req=(1080,2400)0 dur=16 res=0x3 s={true 0x7bdd367000} ch=true seqId=0
10-08 14:36:19.782 11531 11531 I ViewRootImpl@dcdc818[MainActivity]: mThreadedRenderer.initialize() mSurface={isValid=true 0x7bdd367000} hwInitialized=true
10-08 14:36:19.783 11531 11557 D OpenGLRenderer: eglCreateWindowSurface
10-08 14:36:19.803 11531 11531 D AbsListView:  in onLayout changed 
10-08 14:36:19.804 11531 11531 I ViewRootImpl@dcdc818[MainActivity]: reportNextDraw android.view.ViewRootImpl.performTraversals:4438 android.view.ViewRootImpl.doTraversal:3116 android.view.ViewRootImpl$TraversalRunnable.run:10885 android.view.Choreographer$CallbackRecord.run:1301 android.view.Choreographer$CallbackRecord.run:1309 
10-08 14:36:19.805 11531 11531 I ViewRootImpl@dcdc818[MainActivity]: Setup new sync id=0
10-08 14:36:19.805 11531 11531 I ViewRootImpl@dcdc818[MainActivity]: Setting syncFrameCallback
10-08 14:36:19.805 11531 11531 I ViewRootImpl@dcdc818[MainActivity]: registerCallbacksForSync syncBuffer=false
10-08 14:36:19.808 11531 11635 I ViewRootImpl@dcdc818[MainActivity]: Received frameDrawingCallback syncResult=0 frameNum=1.
10-08 14:36:19.808 11531 11635 I ViewRootImpl@dcdc818[MainActivity]: Setting up sync and frameCommitCallback
10-08 14:36:19.814 11531 11557 I BLASTBufferQueue: [ViewRootImpl@dcdc818[MainActivity]#8](f:0,a:0) onFrameAvailable the first frame is available
10-08 14:36:19.815 11531 11557 I ViewRootImpl@dcdc818[MainActivity]: Received frameCommittedCallback lastAttemptedDrawFrameNum=1 didProduceBuffer=true
10-08 14:36:19.818 11531 11557 D OpenGLRenderer: CFMS:: SetUp Pid : 11531    Tid : 11557
10-08 14:36:19.822 11531 11531 I ViewRootImpl@dcdc818[MainActivity]: onSyncComplete
10-08 14:36:19.822 11531 11531 I ViewRootImpl@dcdc818[MainActivity]: setupSync seqId=0 mSyncId=0 fn=1 caller=android.view.ViewRootImpl$$ExternalSyntheticLambda11.accept:6 android.window.SurfaceSyncer.lambda$setupSync$1$android-window-SurfaceSyncer:128 android.window.SurfaceSyncer$$ExternalSyntheticLambda1.accept:8 android.window.SurfaceSyncer$SyncSet.checkIfSyncIsComplete:382 android.window.SurfaceSyncer$SyncSet.markSyncReady:359 android.window.SurfaceSyncer.markSyncReady:151 android.view.ViewRootImpl.performTraversals:4503 
10-08 14:36:19.823 11531 11531 I ViewRootImpl@dcdc818[MainActivity]: reportDrawFinished seqId=0 mSyncId=-1 fn=1 mSurfaceChangedTransaction=0x7bdd470600
10-08 14:36:19.826 11531 11531 I ViewRootImpl@49f6cb7[MainActivity]: MSG_WINDOW_FOCUS_CHANGED 0 0
10-08 14:36:19.880 11531 11531 I ViewRootImpl@dcdc818[MainActivity]: MSG_WINDOW_FOCUS_CHANGED 1 0
10-08 14:36:19.880 11531 11531 I ViewRootImpl@dcdc818[MainActivity]: mThreadedRenderer.initializeIfNeeded()#2 mSurface={isValid=true 0x7bdd367000}
10-08 14:36:19.882 11531 11531 D InputMethodManager: startInputInner - Id : 0
10-08 14:36:19.882 11531 11531 I InputMethodManager: startInputInner - mService.startInputOrWindowGainedFocus
10-08 14:36:19.952 11531 11531 I ViewRootImpl@49f6cb7[MainActivity]: ViewPostIme pointer 1
10-08 14:36:20.731 11531 11531 I ViewRootImpl@dcdc818[MainActivity]: ViewPostIme pointer 0
10-08 14:36:20.813 11531 11531 I ViewRootImpl@dcdc818[MainActivity]: ViewPostIme pointer 1
10-08 14:36:20.814 11531 11531 D AbsListView: onTouchUp() mTouchMode : 0
10-08 14:36:20.888 11531 11531 I MSHandlerLifeCycle: removeMultiSplitHandler: no exist. decor=DecorView@753123d[MainActivity]
10-08 14:36:20.888 11531 11557 D OpenGLRenderer: setSurface called with nullptr
10-08 14:36:20.889 11531 11557 D OpenGLRenderer: setSurface() destroyed EGLSurface
10-08 14:36:20.889 11531 11557 D OpenGLRenderer: destroyEglSurface
10-08 14:36:20.891 11531 11557 D OpenGLRenderer: endAllActiveAnimators on 0x7b3fc28100 (MaterialTextView) with handle 0x7bda9c3ae0
10-08 14:36:20.891 11531 11531 I ViewRootImpl@dcdc818[MainActivity]: dispatchDetachedFromWindow
10-08 14:36:20.912 11531 11531 D InputTransport: Input channel destroyed: '3d624b3', fd=145
10-08 14:36:20.915 11531 11531 I Dialog  : mIsDeviceDefault = false, mIsSamsungBasicInteraction = false, isMetaDataInActivity = false
10-08 14:36:20.986 11531 11531 I DecorView: [INFO] isPopOver=false config=false
10-08 14:36:20.987 11531 11531 I DecorView: updateCaptionType: isFloating=false isApplication=true hasWindowDecorCaption=false this=DecorView@a7e0d0f[]
10-08 14:36:20.987 11531 11531 D DecorView: setCaptionType = 0, this = DecorView@a7e0d0f[]
10-08 14:36:20.988 11531 11531 I DecorView: getCurrentDensityDpi: from app context. densityDpi=420 msg=resources_loaded
10-08 14:36:20.988 11531 11531 I DecorView: setWindowBackground: isPopOver=false color=0 d=android.graphics.drawable.ColorDrawable@6e877a5
10-08 14:36:20.996 11531 11557 D NativeCustomFrequencyManager: [NativeCFMS] BpCustomFrequencyManager::BpCustomFrequencyManager()
10-08 14:36:20.997 11531 11531 I DecorView: notifyKeepScreenOnChanged: keepScreenOn=false
10-08 14:36:21.008 11531 11531 D InsetsController: onStateChanged: InsetsState: {mDisplayFrame=Rect(0, 0 - 1080, 2400), mDisplayCutout=DisplayCutout{insets=Rect(0, 88 - 0, 0) waterfall=Insets{left=0, top=0, right=0, bottom=0} boundingRect={Bounds=[Rect(0, 0 - 0, 0), Rect(512, 0 - 568, 88), Rect(0, 0 - 0, 0), Rect(0, 0 - 0, 0)]} cutoutPathParserInfo={CutoutPathParserInfo{displayWidth=1080 displayHeight=2400 physicalDisplayWidth=1080 physicalDisplayHeight=2400 density={2.625} cutoutSpec={M 0,0 M 0,12.25101276465640 a 10.60613009248640,10.60613009248640 0 1,0 0,21.21226018497290 a 10.60613009248640,10.60613009248640 0 1,0 0,-21.21226018497290 Z @dp} rotation={0} scale={1.0} physicalPixelDisplaySizeRatio={1.0}}}}, mRoundedCorners=RoundedCorners{[RoundedCorner{position=TopLeft, radius=84, center=Point(84, 84)}, RoundedCorner{position=TopRight, radius=84, center=Point(996, 84)}, RoundedCorner{position=BottomRight, radius=84, center=Point(996, 2316)}, RoundedCorner{position=BottomLeft, radius=84, center=Point(84, 2316)}]}  mRoundedCornerFrame=Rect(0, 0 - 1080, 2400), mPrivacyIndicatorBounds=PrivacyIndicatorBounds {static bounds=Rect(964, 0 - 1080, 87) rotation=0}, mSources= { InsetsSource: {mType=ITYPE_STATUS_BAR, mFrame=[0,0][1080,88], mVisible=true, mInsetsRoundedCornerFrame=false}, InsetsSource: {mType=ITYPE_NAVIGATION_BAR, mFrame=[0,2361][1080,2400], mVisible=true, mInsetsRoundedCornerFrame=false}, InsetsSource: {mType=ITYPE_LEFT_GESTURES, mFrame=[0,0][130,2400], mVisible=true, mInsetsRoundedCornerFrame=false}, InsetsSource: {mType=ITYPE_RIGHT_GESTURES, mFrame=[950,0][1080,2400], mVisible=true, mInsetsRoundedCornerFrame=false}, InsetsSource: {mType=ITYPE_TOP_MANDATORY_GESTURES, mFrame=[0,0][1080,120], mVisible=true, mInsetsRoundedCornerFrame=false}, InsetsSource: {mType=ITYPE_BOTTOM_MANDATORY_GESTURES, mFrame=[0,2316][1080,2400], mVisible=true, mInsetsRoundedCornerFrame=false}, InsetsSource: {mType=ITYPE_LEFT_DISPLAY_CUTOUT, mFrame=[0,0][-100000,2400], mVisible=true, mInsetsRoundedCornerFrame=false}, InsetsSource: {mType=ITYPE_TOP_DISPLAY_CUTOUT, mFrame=[0,0][1080,88], mVisible=true, mInsetsRoundedCornerFrame=false}, InsetsSource: {mType=ITYPE_RIGHT_DISPLAY_CUTOUT, mFrame=[100000,0][1080,2400], mVisible=true, mInsetsRoundedCornerFrame=false}, InsetsSource: {mType=ITYPE_BOTTOM_DISPLAY_CUTOUT, mFrame=[0,100000][1080,2400], mVisible=true, mInsetsRoundedCornerFrame=false}, InsetsSource: {mType=ITYPE_TOP_TAPPABLE_ELEMENT, mFrame=[0,0][1080,88], mVisible=true, mInsetsRoundedCornerFrame=false}, InsetsSource: {mType=ITYPE_BOTTOM_TAPPABLE_ELEMENT, mFrame=[0,0][0,0], mVisible=true, mInsetsRoundedCornerFrame=false}, InsetsSource: {mType=ITYPE_IME, mFrame=[0,0][0,0], mVisibleFrame=[0,1409][1080,2400], mVisible=false, mInsetsRoundedCornerFrame=false} } host=com.lagradost.cloudstream3/com.lagradost.cloudstream3.MainActivity from=android.view.ViewRootImpl.setView:1732
10-08 14:36:21.009 11531 11531 I ViewRootImpl@a4d6bd2[MainActivity]: setView = com.android.internal.policy.DecorView@a7e0d0f TM=true
10-08 14:36:21.017 11531 11531 I ViewRootImpl@a4d6bd2[MainActivity]: performTraversals params={(0,0)(fillxfill) gr=CENTER sim={adjust=resize forwardNavigation} ty=APPLICATION fmt=TRANSPARENT wanim=0x7f14000b
10-08 14:36:21.017 11531 11531 I ViewRootImpl@a4d6bd2[MainActivity]:   fl=85810100
10-08 14:36:21.017 11531 11531 I ViewRootImpl@a4d6bd2[MainActivity]:   pfl=12020040
10-08 14:36:21.017 11531 11531 I ViewRootImpl@a4d6bd2[MainActivity]:   vsysui=500
10-08 14:36:21.017 11531 11531 I ViewRootImpl@a4d6bd2[MainActivity]:   bhv=DEFAULT
10-08 14:36:21.017 11531 11531 I ViewRootImpl@a4d6bd2[MainActivity]:   fitSides= naviIconColor=0}
10-08 14:36:21.018 11531 11531 I ViewRootImpl@a4d6bd2[MainActivity]: performTraversals mFirst=true windowShouldResize=true viewVisibilityChanged=false mForceNextWindowRelayout=false params={(0,0)(fillxfill) gr=CENTER sim={adjust=resize forwardNavigation} ty=APPLICATION fmt=TRANSPARENT wanim=0x7f14000b
10-08 14:36:21.018 11531 11531 I ViewRootImpl@a4d6bd2[MainActivity]:   fl=85810100
10-08 14:36:21.018 11531 11531 I ViewRootImpl@a4d6bd2[MainActivity]:   pfl=12020040
10-08 14:36:21.018 11531 11531 I ViewRootImpl@a4d6bd2[MainActivity]:   vsysui=500
10-08 14:36:21.018 11531 11531 I ViewRootImpl@a4d6bd2[MainActivity]:   bhv=DEFAULT
10-08 14:36:21.018 11531 11531 I ViewRootImpl@a4d6bd2[MainActivity]:   fitSides= naviIconColor=0}
10-08 14:36:21.029 11531 11531 I ViewRootImpl@a4d6bd2[MainActivity]: updateBlastSurfaceIfNeeded mBlastBufferQueue=null isSameSurfaceControl=false
10-08 14:36:21.030 11531 11531 I BLASTBufferQueue: new BLASTBufferQueue, mName= ViewRootImpl@a4d6bd2[MainActivity] mNativeObject= 0x7bed8ae900 sc.mNativeObject= 0x7b5ed30b80 caller= android.view.ViewRootImpl.updateBlastSurfaceIfNeeded:2909 android.view.ViewRootImpl.relayoutWindow:9847 android.view.ViewRootImpl.performTraversals:3884 android.view.ViewRootImpl.doTraversal:3116 android.view.ViewRootImpl$TraversalRunnable.run:10885 android.view.Choreographer$CallbackRecord.run:1301 android.view.Choreographer$CallbackRecord.run:1309 android.view.Choreographer.doCallbacks:923 android.view.Choreographer.doFrame:852 android.view.Choreographer$FrameDisplayEventReceiver.run:1283 
10-08 14:36:21.031 11531 11531 I BLASTBufferQueue: update, w= 1080 h= 2400 mName = ViewRootImpl@a4d6bd2[MainActivity] mNativeObject= 0x7bed8ae900 sc.mNativeObject= 0x7b5ed30b80 format= -2 caller= android.graphics.BLASTBufferQueue.<init>:84 android.view.ViewRootImpl.updateBlastSurfaceIfNeeded:2909 android.view.ViewRootImpl.relayoutWindow:9847 android.view.ViewRootImpl.performTraversals:3884 android.view.ViewRootImpl.doTraversal:3116 android.view.ViewRootImpl$TraversalRunnable.run:10885 
10-08 14:36:21.031 11531 11531 I ViewRootImpl@a4d6bd2[MainActivity]: Relayout returned: old=(0,0,1080,2400) new=(0,0,1080,2400) req=(1080,2400)0 dur=11 res=0x3 s={true 0x7bdd367000} ch=true seqId=0
10-08 14:36:21.032 11531 11531 I ViewRootImpl@a4d6bd2[MainActivity]: mThreadedRenderer.initialize() mSurface={isValid=true 0x7bdd367000} hwInitialized=true
10-08 14:36:21.033 11531 11557 D OpenGLRenderer: eglCreateWindowSurface
10-08 14:36:21.036 11531 11531 I ViewRootImpl@a4d6bd2[MainActivity]: reportNextDraw android.view.ViewRootImpl.performTraversals:4438 android.view.ViewRootImpl.doTraversal:3116 android.view.ViewRootImpl$TraversalRunnable.run:10885 android.view.Choreographer$CallbackRecord.run:1301 android.view.Choreographer$CallbackRecord.run:1309 
10-08 14:36:21.036 11531 11531 I ViewRootImpl@a4d6bd2[MainActivity]: Setup new sync id=0
10-08 14:36:21.036 11531 11531 I ViewRootImpl@a4d6bd2[MainActivity]: Setting syncFrameCallback
10-08 14:36:21.036 11531 11531 I ViewRootImpl@a4d6bd2[MainActivity]: registerCallbacksForSync syncBuffer=false
10-08 14:36:21.038 11531 11633 I ViewRootImpl@a4d6bd2[MainActivity]: Received frameDrawingCallback syncResult=0 frameNum=1.
10-08 14:36:21.038 11531 11633 I ViewRootImpl@a4d6bd2[MainActivity]: Setting up sync and frameCommitCallback
10-08 14:36:21.046 11531 11557 I BLASTBufferQueue: [ViewRootImpl@a4d6bd2[MainActivity]#9](f:0,a:0) onFrameAvailable the first frame is available
10-08 14:36:21.048 11531 11557 I ViewRootImpl@a4d6bd2[MainActivity]: Received frameCommittedCallback lastAttemptedDrawFrameNum=1 didProduceBuffer=true
10-08 14:36:21.050 11531 11557 D OpenGLRenderer: CFMS:: SetUp Pid : 11531    Tid : 11557
10-08 14:36:21.054 11531 11531 I ViewRootImpl@a4d6bd2[MainActivity]: onSyncComplete
10-08 14:36:21.054 11531 11531 I ViewRootImpl@a4d6bd2[MainActivity]: setupSync seqId=0 mSyncId=0 fn=1 caller=android.view.ViewRootImpl$$ExternalSyntheticLambda11.accept:6 android.window.SurfaceSyncer.lambda$setupSync$1$android-window-SurfaceSyncer:128 android.window.SurfaceSyncer$$ExternalSyntheticLambda1.accept:8 android.window.SurfaceSyncer$SyncSet.checkIfSyncIsComplete:382 android.window.SurfaceSyncer$SyncSet.markSyncReady:359 android.window.SurfaceSyncer.markSyncReady:151 android.view.ViewRootImpl.performTraversals:4503 
10-08 14:36:21.055 11531 11531 I ViewRootImpl@a4d6bd2[MainActivity]: reportDrawFinished seqId=0 mSyncId=-1 fn=1 mSurfaceChangedTransaction=0x7b3fb46c00
10-08 14:36:21.058 11531 11531 D InsetsController: onStateChanged: InsetsState: {mDisplayFrame=Rect(0, 0 - 1080, 2400), mDisplayCutout=DisplayCutout{insets=Rect(0, 88 - 0, 0) waterfall=Insets{left=0, top=0, right=0, bottom=0} boundingRect={Bounds=[Rect(0, 0 - 0, 0), Rect(512, 0 - 568, 88), Rect(0, 0 - 0, 0), Rect(0, 0 - 0, 0)]} cutoutPathParserInfo={CutoutPathParserInfo{displayWidth=1080 displayHeight=2400 physicalDisplayWidth=1080 physicalDisplayHeight=2400 density={2.625} cutoutSpec={M 0,0 M 0,12.25101276465640 a 10.60613009248640,10.60613009248640 0 1,0 0,21.21226018497290 a 10.60613009248640,10.60613009248640 0 1,0 0,-21.21226018497290 Z @dp} rotation={0} scale={1.0} physicalPixelDisplaySizeRatio={1.0}}}}, mRoundedCorners=RoundedCorners{[RoundedCorner{position=TopLeft, radius=84, center=Point(84, 84)}, RoundedCorner{position=TopRight, radius=84, center=Point(996, 84)}, RoundedCorner{position=BottomRight, radius=84, center=Point(996, 2316)}, RoundedCorner{position=BottomLeft, radius=84, center=Point(84, 2316)}]}  mRoundedCornerFrame=Rect(0, 0 - 1080, 2400), mPrivacyIndicatorBounds=PrivacyIndicatorBounds {static bounds=Rect(964, 0 - 1080, 87) rotation=0}, mSources= { InsetsSource: {mType=ITYPE_STATUS_BAR, mFrame=[0,0][1080,88], mVisible=true, mInsetsRoundedCornerFrame=false}, InsetsSource: {mType=ITYPE_NAVIGATION_BAR, mFrame=[0,2361][1080,2400], mVisible=true, mInsetsRoundedCornerFrame=false}, InsetsSource: {mType=ITYPE_LEFT_GESTURES, mFrame=[0,0][130,2400], mVisible=true, mInsetsRoundedCornerFrame=false}, InsetsSource: {mType=ITYPE_RIGHT_GESTURES, mFrame=[950,0][1080,2400], mVisible=true, mInsetsRoundedCornerFrame=false}, InsetsSource: {mType=ITYPE_TOP_MANDATORY_GESTURES, mFrame=[0,0][1080,120], mVisible=true, mInsetsRoundedCornerFrame=false}, InsetsSource: {mType=ITYPE_BOTTOM_MANDATORY_GESTURES, mFrame=[0,2316][1080,2400], mVisible=true, mInsetsRoundedCornerFrame=false}, InsetsSource: {mType=ITYPE_LEFT_DISPLAY_CUTOUT, mFrame=[0,0][-100000,2400], mVisible=true, mInsetsRoundedCornerFrame=false}, InsetsSource: {mType=ITYPE_TOP_DISPLAY_CUTOUT, mFrame=[0,0][1080,88], mVisible=true, mInsetsRoundedCornerFrame=false}, InsetsSource: {mType=ITYPE_RIGHT_DISPLAY_CUTOUT, mFrame=[100000,0][1080,2400], mVisible=true, mInsetsRoundedCornerFrame=false}, InsetsSource: {mType=ITYPE_BOTTOM_DISPLAY_CUTOUT, mFrame=[0,100000][1080,2400], mVisible=true, mInsetsRoundedCornerFrame=false}, InsetsSource: {mType=ITYPE_TOP_TAPPABLE_ELEMENT, mFrame=[0,0][1080,88], mVisible=true, mInsetsRoundedCornerFrame=false}, InsetsSource: {mType=ITYPE_BOTTOM_TAPPABLE_ELEMENT, mFrame=[0,0][0,0], mVisible=true, mInsetsRoundedCornerFrame=false} } host=com.lagradost.cloudstream3/com.lagradost.cloudstream3.MainActivity from=android.view.ViewRootImpl$ViewRootHandler.handleMessageImpl:6740
10-08 14:36:21.060 11531 11531 I ViewRootImpl@49f6cb7[MainActivity]: MSG_WINDOW_FOCUS_CHANGED 0 0
10-08 14:36:21.078 11531 11531 I ViewRootImpl@49f6cb7[MainActivity]: MSG_WINDOW_FOCUS_CHANGED 0 0
10-08 14:36:21.112 11531 11531 I ViewRootImpl@a4d6bd2[MainActivity]: MSG_WINDOW_FOCUS_CHANGED 1 0
10-08 14:36:21.112 11531 11531 I ViewRootImpl@a4d6bd2[MainActivity]: mThreadedRenderer.initializeIfNeeded()#2 mSurface={isValid=true 0x7bdd367000}
10-08 14:36:21.113 11531 11531 D InputMethodManager: startInputInner - Id : 0
10-08 14:36:21.113 11531 11531 I InputMethodManager: startInputInner - mService.startInputOrWindowGainedFocus
10-08 14:36:21.554 11531 11595 D RepoLink: Loaded ExtractorLink: ExtractorLink(name=Bigwarp 1685 kbps, url=https://fs52.bigwarp.io/v/01/01794/qorgjml5820o_x/x.mp4?t=Z92Uab24RuKQ674gglKQJ2CXIstUNRbqGlA_k4Mh_5o&s=1759930582&e=43200&f=8974110&sp=1000&i=0.0&kmnr=926451744458, referer=https://bigwarp.pro/embed-qorgjml5820o.html, type=VIDEO)
10-08 14:36:21.555 11531 11595 D RepoLink: Loaded ExtractorLink: ExtractorLink(name=Bigwarp 2673 kbps, url=https://fs52.bigwarp.io/v/01/01794/qorgjml5820o_o/o.mp4?t=womtkRsphC26HpX_ezr8C7XttivhMvQ7_TJ70iAovmU&s=1759930582&e=43200&f=8974110&sp=600&i=0.0&kmnr=926451744458, referer=https://bigwarp.pro/embed-qorgjml5820o.html, type=VIDEO)
10-08 14:36:21.613 11531 11608 I System.out: Exception in NiceHttp: java.io.IOException Canceled
10-08 14:36:21.613 11531 11606 I System.out: Exception in NiceHttp: java.io.IOException Canceled
10-08 14:36:21.614 11531 11595 E SafeGetAsDocument: Request failed for https://forafile.com/embed-tvyt5j05leym.html. Error: Parent job is Cancelling
10-08 14:36:21.614 11531 11595 E Forafile: Packed JS not found for https://forafile.com/embed-tvyt5j05leym.html. Cloudflare bypass likely failed.
10-08 14:36:21.615 11531 11595 D ApiError: -------------------------------------------------------------------
10-08 14:36:21.615 11531 11595 D ApiError: safeApiCall: Parent job is Cancelling
10-08 14:36:21.615 11531 11597 I System.out: Exception in NiceHttp: java.io.IOException Canceled
10-08 14:36:21.615 11531 11608 W System.err: java.io.IOException: Canceled
