--------- beginning of main
10-09 01:54:54.179  2392  2417 D OpenGLRenderer: endAllActiveAnimators on 0x7b29c09d00 (RippleDrawable) with handle 0x7b3aa770c0
10-09 01:54:54.179  2392  2392 I ViewRootImpl@474308c[MainActivity]: dispatchDetachedFromWindow
10-09 01:54:54.189  2392  2392 D InputTransport: Input channel destroyed: 'e4446b8', fd=145
10-09 01:54:54.210  2392  2392 I ViewRootImpl@49f6cb7[MainActivity]: MSG_WINDOW_FOCUS_CHANGED 1 0
10-09 01:54:54.210  2392  2392 I ViewRootImpl@49f6cb7[MainActivity]: mThreadedRenderer.initializeIfNeeded()#2 mSurface={isValid=true 0x7b6dbf4800}
10-09 01:54:54.212  2392  2392 D InputMethodManager: startInputInner - Id : 0
10-09 01:54:54.212  2392  2392 I InputMethodManager: startInputInner - mService.startInputOrWindowGainedFocus
10-09 01:54:55.596  2392  2392 I ViewRootImpl@49f6cb7[MainActivity]: ViewPostIme pointer 0
10-09 01:54:55.689  2392  2392 D WindowOnBackDispatcher: onBackInvoked, viewRoot=ViewRootImpl@474308c[MainActivity], callback=androidx.activity.OnBackPressedDispatcher$Api33Impl$$ExternalSyntheticLambda0@7004a66
10-09 01:54:55.704  2392  2392 I IMM_LC  : hsifw() - flag : 0
10-09 01:54:55.704  2392  2392 I IMM_LC  : hsifw() - mService.hideSoftInput
10-09 01:54:55.717  2392  2392 D ScrollView: initGoToTop
10-09 01:54:55.770  2392  2392 E CoilImgLoader: Error loading image: coil3.request.NullRequestDataException: The request's data is null.
10-09 01:54:55.788  2392  2392 D ScrollView:  onsize change changed 
10-09 01:54:55.815  2392  2397 W st.cloudstream3: Cleared Reference was only reachable from finalizer (only reported once)
10-09 01:54:55.895  2392  2397 I st.cloudstream3: Background concurrent copying GC freed 19MB AllocSpace bytes, 91(3824KB) LOS objects, 49% free, 13MB/27MB, paused 768us,88us total 201.331ms
10-09 01:54:55.915  2392  2417 D OpenGLRenderer: setSurface called with nullptr
10-09 01:54:55.917  2392  2398 D InputTransport: Input channel destroyed: 'ClientS', fd=123
10-09 01:54:56.612  2392  2392 I ViewRootImpl@49f6cb7[MainActivity]: ViewPostIme pointer 0
10-09 01:54:56.694  2392  2392 I ViewRootImpl@49f6cb7[MainActivity]: ViewPostIme pointer 1
10-09 01:54:56.707  2392  2392 I NavComponent: Navigating to fragment: 2131361879
10-09 01:54:56.713  2392  2392 I IMM_LC  : hsifw() - flag : 0
10-09 01:54:56.713  2392  2392 I IMM_LC  : hsifw() - mService.hideSoftInput
10-09 01:54:57.837  2392  2392 I ViewRootImpl@49f6cb7[MainActivity]: ViewPostIme pointer 0
10-09 01:54:57.893  2392  2392 I ViewRootImpl@49f6cb7[MainActivity]: ViewPostIme pointer 1
10-09 01:54:57.920  2392  2392 I IMM_LC  : hsifw() - flag : 0
10-09 01:54:57.920  2392  2392 I IMM_LC  : hsifw() - mService.hideSoftInput
10-09 01:54:58.046  2392  2392 I PLG     : updatePluginList = https://raw.githubusercontent.com/adamwolker21/DZ/refs/heads/master/repo.json
10-09 01:54:58.046  2392  2392 I PLG     : getPlugins = https://raw.githubusercontent.com/adamwolker21/DZ/refs/heads/master/repo.json
10-09 01:54:58.246  2392  2443 D VotingApi: Requesting: https://counterapi.com/api/cs-raw.githubusercontent.com-adamwolker21-DZ/vote/806f9e9bb0fe6eed948cf51910bda7c7a4f4470876514f9eb99299b4b4e46db4?readOnly=true
10-09 01:54:58.779  2392  2392 I ViewRootImpl@49f6cb7[MainActivity]: ViewPostIme pointer 0
10-09 01:54:58.869  2392  2392 I ViewRootImpl@49f6cb7[MainActivity]: ViewPostIme pointer 1
10-09 01:54:58.878  2392  2450 I PLG     : handlePluginAction = https://raw.githubusercontent.com/adamwolker21/DZ/refs/heads/master/repo.json, (https://raw.githubusercontent.com/adamwolker21/DZ/refs/heads/master/repo.json, SitePlugin(url=https://raw.githubusercontent.com/adamwolker21/DZ/builds/EgyDead.cs3, status=1, version=1, apiVersion=1, name=EgyDead, internalName=EgyDead, authors=[adamwolker21], description=EgyDead, repositoryUrl=https://github.com/adamwolker21/DZ, tvTypes=[Movie, TvSeries], language=ar, iconUrl=https://www.faselhds.life/icon-faselplud.png, fileSize=25231)), false
10-09 01:54:58.879  2392  2450 D PluginManager: Downloading plugin: https://raw.githubusercontent.com/adamwolker21/DZ/builds/EgyDead.cs3 to /data/user/0/com.lagradost.cloudstream3/files/Extensions/httpsraw.githubusercontent.comadamwolker21DZrefsheadsmasterrepo.json.-468825824/EgyDead.-124080901.cs3
10-09 01:54:59.170  2392  2450 I PluginManager: Unloading plugin: /data/user/0/com.lagradost.cloudstream3/files/Extensions/httpsraw.githubusercontent.comadamwolker21DZrefsheadsmasterrepo.json.-468825824/EgyDead.-124080901.cs3
10-09 01:54:59.170  2392  2450 W PluginManager: Couldn't find plugin /data/user/0/com.lagradost.cloudstream3/files/Extensions/httpsraw.githubusercontent.comadamwolker21DZrefsheadsmasterrepo.json.-468825824/EgyDead.-124080901.cs3
10-09 01:54:59.171  2392  2450 I PluginManager: Loading plugin: PluginData(internalName=EgyDead, url=https://raw.githubusercontent.com/adamwolker21/DZ/builds/EgyDead.cs3, isOnline=true, filePath=/data/user/0/com.lagradost.cloudstream3/files/Extensions/httpsraw.githubusercontent.comadamwolker21DZrefsheadsmasterrepo.json.-468825824/EgyDead.-124080901.cs3, version=-2147483648)
10-09 01:54:59.234  2392  2450 I PluginInstance: Adding EgyDead (https://tv6.egydead.live) MainAPI
10-09 01:54:59.234  2392  2450 I PluginManager: Loaded plugin EgyDead successfully
10-09 01:54:59.235  2392  2450 I PLG     : getPlugins = https://raw.githubusercontent.com/adamwolker21/DZ/refs/heads/master/repo.json
10-09 01:54:59.235  2392  2392 I COMPACT : showToast = Plugin Loaded
10-09 01:54:59.244  2392  2392 D CompatibilityChangeReporter: Compat change id reported: 147798919; UID 10523; state: ENABLED
10-09 01:54:59.244  2392  2392 E Toast   : setGravity() shouldn't be called on text toasts, the values won't be used
10-09 01:54:59.244  2392  2392 I Toast   : setView: it's a custom toast
10-09 01:54:59.254  2392  2392 V Toast   : show: caller = com.lagradost.cloudstream3.CommonActivity.showToast:175 
10-09 01:54:59.313  2392  2392 V Toast   : HANDLE SHOW: android.widget.Toast$TN@8c4d1d5 mView=null mNextView=androidx.cardview.widget.CardView{37a6dea V.E..V... ......ID 0,0-0,0 #7f0a0557 app:id/toast_layout_root}
10-09 01:54:59.315  2392  2392 V ToastPresenter: sipHeight = -39
10-09 01:54:59.316  2392  2392 V ToastPresenter: yOffset = 13
10-09 01:54:59.325  2392  2417 D NativeCustomFrequencyManager: [NativeCFMS] BpCustomFrequencyManager::BpCustomFrequencyManager()
10-09 01:54:59.332  2392  2392 D InsetsController: onStateChanged: InsetsState: {mDisplayFrame=Rect(0, 0 - 1080, 2400), mDisplayCutout=DisplayCutout{insets=Rect(0, 88 - 0, 0) waterfall=Insets{left=0, top=0, right=0, bottom=0} boundingRect={Bounds=[Rect(0, 0 - 0, 0), Rect(512, 0 - 568, 88), Rect(0, 0 - 0, 0), Rect(0, 0 - 0, 0)]} cutoutPathParserInfo={CutoutPathParserInfo{displayWidth=1080 displayHeight=2400 physicalDisplayWidth=1080 physicalDisplayHeight=2400 density={2.625} cutoutSpec={M 0,0 M 0,12.25101276465640 a 10.60613009248640,10.60613009248640 0 1,0 0,21.21226018497290 a 10.60613009248640,10.60613009248640 0 1,0 0,-21.21226018497290 Z @dp} rotation={0} scale={1.0} physicalPixelDisplaySizeRatio={1.0}}}}, mRoundedCorners=RoundedCorners{[RoundedCorner{position=TopLeft, radius=84, center=Point(84, 84)}, RoundedCorner{position=TopRight, radius=84, center=Point(996, 84)}, RoundedCorner{position=BottomRight, radius=84, center=Point(996, 2316)}, RoundedCorner{position=BottomLeft, radius=84, center=Point(84, 2316)}]}  mRoundedCornerFrame=Rect(0, 0 - 0, 0), mPrivacyIndicatorBounds=PrivacyIndicatorBounds {static bounds=Rect(964, 0 - 1080, 87) rotation=0}, mSources= { InsetsSource: {mType=ITYPE_NAVIGATION_BAR, mFrame=[0,2361][1080,2400], mVisible=true, mInsetsRoundedCornerFrame=false}, InsetsSource: {mType=ITYPE_LEFT_GESTURES, mFrame=[0,0][130,2400], mVisible=true, mInsetsRoundedCornerFrame=false}, InsetsSource: {mType=ITYPE_RIGHT_GESTURES, mFrame=[950,0][1080,2400], mVisible=true, mInsetsRoundedCornerFrame=false}, InsetsSource: {mType=ITYPE_TOP_MANDATORY_GESTURES, mFrame=[0,0][1080,120], mVisible=true, mInsetsRoundedCornerFrame=false}, InsetsSource: {mType=ITYPE_BOTTOM_MANDATORY_GESTURES, mFrame=[0,2316][1080,2400], mVisible=true, mInsetsRoundedCornerFrame=false}, InsetsSource: {mType=ITYPE_LEFT_DISPLAY_CUTOUT, mFrame=[0,0][-100000,2400], mVisible=true, mInsetsRoundedCornerFrame=false}, InsetsSource: {mType=ITYPE_TOP_DISPLAY_CUTOUT, mFrame=[0,0][1080,88], mVisible=true, mInsetsRoundedCornerFrame=false}, InsetsSource: {mType=ITYPE_RIGHT_DISPLAY_CUTOUT, mFrame=[100000,0][1080,2400], mVisible=true, mInsetsRoundedCornerFrame=false}, InsetsSource: {mType=ITYPE_BOTTOM_DISPLAY_CUTOUT, mFrame=[0,100000][1080,2400], mVisible=true, mInsetsRoundedCornerFrame=false}, InsetsSource: {mType=ITYPE_BOTTOM_TAPPABLE_ELEMENT, mFrame=[0,0][0,0], mVisible=true, mInsetsRoundedCornerFrame=false} } host=Toast from=android.view.ViewRootImpl.setView:1732
10-09 01:54:59.333  2392  2392 I ViewRootImpl@59a48db[Toast]: setView = androidx.cardview.widget.CardView@37a6dea TM=true
10-09 01:54:59.340  2392  2392 I ViewRootImpl@59a48db[Toast]: performTraversals params={(0,13)(wrapxwrap) gr=BOTTOM CENTER sim={adjust=resize} ty=TOAST fmt=TRANSLUCENT wanim=0x1030004 surfaceInsets=Rect(11, 11 - 11, 11)
10-09 01:54:59.340  2392  2392 I ViewRootImpl@59a48db[Toast]:   fl=1000098
10-09 01:54:59.340  2392  2392 I ViewRootImpl@59a48db[Toast]:   pfl=12000000
10-09 01:54:59.340  2392  2392 I ViewRootImpl@59a48db[Toast]:   bhv=DEFAULT
10-09 01:54:59.340  2392  2392 I ViewRootImpl@59a48db[Toast]:   fitTypes=STATUS_BARS NAVIGATION_BARS CAPTION_BAR
10-09 01:54:59.340  2392  2392 I ViewRootImpl@59a48db[Toast]:   fitIgnoreVis naviIconColor=0}
10-09 01:54:59.340  2392  2392 I ViewRootImpl@59a48db[Toast]: performTraversals mFirst=true windowShouldResize=false viewVisibilityChanged=false mForceNextWindowRelayout=false params={(0,13)(wrapxwrap) gr=BOTTOM CENTER sim={adjust=resize} ty=TOAST fmt=TRANSLUCENT wanim=0x1030004 surfaceInsets=Rect(11, 11 - 11, 11)
10-09 01:54:59.340  2392  2392 I ViewRootImpl@59a48db[Toast]:   fl=1000098
10-09 01:54:59.340  2392  2392 I ViewRootImpl@59a48db[Toast]:   pfl=12000000
10-09 01:54:59.340  2392  2392 I ViewRootImpl@59a48db[Toast]:   bhv=DEFAULT
10-09 01:54:59.340  2392  2392 I ViewRootImpl@59a48db[Toast]:   fitTypes=STATUS_BARS NAVIGATION_BARS CAPTION_BAR
10-09 01:54:59.340  2392  2392 I ViewRootImpl@59a48db[Toast]:   fitIgnoreVis naviIconColor=0}
10-09 01:54:59.349  2392  2392 I ViewRootImpl@59a48db[Toast]: updateBlastSurfaceIfNeeded mBlastBufferQueue=null isSameSurfaceControl=false
10-09 01:54:59.349  2392  2392 I BLASTBufferQueue: new BLASTBufferQueue, mName= ViewRootImpl@59a48db[Toast] mNativeObject= 0x7b3aef0200 sc.mNativeObject= 0x7b6dc79180 caller= android.view.ViewRootImpl.updateBlastSurfaceIfNeeded:2909 android.view.ViewRootImpl.relayoutWindow:9847 android.view.ViewRootImpl.performTraversals:3884 android.view.ViewRootImpl.doTraversal:3116 android.view.ViewRootImpl$TraversalRunnable.run:10885 android.view.Choreographer$CallbackRecord.run:1301 android.view.Choreographer$CallbackRecord.run:1309 android.view.Choreographer.doCallbacks:923 android.view.Choreographer.doFrame:852 android.view.Choreographer$FrameDisplayEventReceiver.run:1283 
10-09 01:54:59.350  2392  2392 I BLASTBufferQueue: update, w= 373 h= 178 mName = ViewRootImpl@59a48db[Toast] mNativeObject= 0x7b3aef0200 sc.mNativeObject= 0x7b6dc79180 format= -3 caller= android.graphics.BLASTBufferQueue.<init>:84 android.view.ViewRootImpl.updateBlastSurfaceIfNeeded:2909 android.view.ViewRootImpl.relayoutWindow:9847 android.view.ViewRootImpl.performTraversals:3884 android.view.ViewRootImpl.doTraversal:3116 android.view.ViewRootImpl$TraversalRunnable.run:10885 
10-09 01:54:59.350  2392  2392 I ViewRootImpl@59a48db[Toast]: Relayout returned: old=(0,88,1080,2361) new=(364,2192,715,2348) req=(351,156)0 dur=9 res=0x3 s={true 0x7b3af20000} ch=true seqId=0
10-09 01:54:59.351  2392  2392 I ViewRootImpl@59a48db[Toast]: mThreadedRenderer.initialize() mSurface={isValid=true 0x7b3af20000} hwInitialized=true
10-09 01:54:59.351  2392  2417 D OpenGLRenderer: eglCreateWindowSurface
10-09 01:54:59.352  2392  2392 I ViewRootImpl@59a48db[Toast]: reportNextDraw android.view.ViewRootImpl.performTraversals:4438 android.view.ViewRootImpl.doTraversal:3116 android.view.ViewRootImpl$TraversalRunnable.run:10885 android.view.Choreographer$CallbackRecord.run:1301 android.view.Choreographer$CallbackRecord.run:1309 
10-09 01:54:59.352  2392  2392 I ViewRootImpl@59a48db[Toast]: Setup new sync id=0
10-09 01:54:59.352  2392  2392 I ViewRootImpl@59a48db[Toast]: Setting syncFrameCallback
10-09 01:54:59.352  2392  2392 I ViewRootImpl@59a48db[Toast]: registerCallbacksForSync syncBuffer=false
10-09 01:54:59.364  2392  2493 I ViewRootImpl@59a48db[Toast]: Received frameDrawingCallback syncResult=0 frameNum=1.
10-09 01:54:59.364  2392  2493 I ViewRootImpl@59a48db[Toast]: Setting up sync and frameCommitCallback
10-09 01:54:59.367  2392  2417 I BLASTBufferQueue: [ViewRootImpl@59a48db[Toast]#2](f:0,a:0) onFrameAvailable the first frame is available
10-09 01:54:59.368  2392  2417 I ViewRootImpl@59a48db[Toast]: Received frameCommittedCallback lastAttemptedDrawFrameNum=1 didProduceBuffer=true
10-09 01:54:59.370  2392  2417 D OpenGLRenderer: CFMS:: SetUp Pid : 2392    Tid : 2417
10-09 01:54:59.374  2392  2392 I ViewRootImpl@59a48db[Toast]: onSyncComplete
10-09 01:54:59.375  2392  2392 I ViewRootImpl@59a48db[Toast]: setupSync seqId=0 mSyncId=0 fn=1 caller=android.view.ViewRootImpl$$ExternalSyntheticLambda11.accept:6 android.window.SurfaceSyncer.lambda$setupSync$1$android-window-SurfaceSyncer:128 android.window.SurfaceSyncer$$ExternalSyntheticLambda1.accept:8 android.window.SurfaceSyncer$SyncSet.checkIfSyncIsComplete:382 android.window.SurfaceSyncer$SyncSet.markSyncReady:359 android.window.SurfaceSyncer.markSyncReady:151 android.view.ViewRootImpl.performTraversals:4503 
10-09 01:54:59.375  2392  2392 I ViewRootImpl@59a48db[Toast]: reportDrawFinished seqId=0 mSyncId=-1 fn=1 mSurfaceChangedTransaction=0x7b6dd1ab00
10-09 01:55:00.294  2392  2392 I ViewRootImpl@49f6cb7[MainActivity]: ViewPostIme pointer 0
10-09 01:55:00.367  2392  2392 I ViewRootImpl@49f6cb7[MainActivity]: ViewPostIme pointer 1
10-09 01:55:00.403  2392  2392 I IMM_LC  : hsifw() - flag : 0
10-09 01:55:00.403  2392  2392 I IMM_LC  : hsifw() - mService.hideSoftInput
10-09 01:55:00.544  2392  2443 I WebViewFactory: Loading com.google.android.webview version 140.0.7339.207 (code 733920733)
10-09 01:55:00.553  2392  2443 W st.cloudstream3: Failed to find entry 'classes.dex': Entry not found
10-09 01:55:00.554  2392  2443 D nativeloader: Configuring clns-6 for other apk /data/app/~~0iK79XW9X0QppaGo2hZ3dg==/com.google.android.trichromelibrary_733920733-6bb0wVyJqr8G8vJnjVAKKg==/base.apk. target_sdk_version=36, uses_libraries=ALL, library_path=/data/app/~~iwwqLfGPKTES2hsQd9D3lw==/com.google.android.webview-qbQIISas-S18wMUdMAIFhw==/lib/arm64:/data/app/~~iwwqLfGPKTES2hsQd9D3lw==/com.google.android.webview-qbQIISas-S18wMUdMAIFhw==/base.apk!/lib/arm64-v8a:/data/app/~~0iK79XW9X0QppaGo2hZ3dg==/com.google.android.trichromelibrary_733920733-6bb0wVyJqr8G8vJnjVAKKg==/base.apk!/lib/arm64-v8a, permitted_path=/data:/mnt/expand
10-09 01:55:00.554  2392  2443 D nativeloader: Extending system_exposed_libraries: libhumantracking.arcsoft.so:libPortraitDistortionCorrection.arcsoft.so:libPortraitDistortionCorrectionCali.arcsoft.so:libface_landmark.arcsoft.so:libFacialStickerEngine.arcsoft.so:libveengine.arcsoft.so:liblow_light_hdr.arcsoft.so:libhigh_dynamic_range.arcsoft.so:libFacialAttributeDetection.arcsoft.so:libBeauty_v4.camera.samsung.so:libexifa.camera.samsung.so:libjpega.camera.samsung.so:libOpenCv.camera.samsung.so:libImageScreener.camera.samsung.so:libMyFilter.camera.samsung.so:libtensorflowLite.myfilter.camera.samsung.so:libtensorflowlite_inference_api.myfilter.camera.samsung.so:libEventFinder.camera.samsung.so:libHIDTSnapJNI.camera.samsung.so:libSmartScan.camera.samsung.so:libRectify.camera.samsung.so:libDocRectifyWrapper.camera.samsung.so:libUltraWideDistortionCorrection.camera.samsung.so:libWideDistortionCorrection.camera.samsung.so:libHpr_RecGAE_cvFeature_v1.0.camera.samsung.so:libHprFace_GAE_api.camera.samsung.so:libFace_Landmark_API.camera.samsung.so:libHprFace_GAE_jn
10-09 01:55:00.579  2392  2443 I st.cloudstream3: Failed to add image file: Dex cache count and dex file count mismatch while trying to initialize from image
10-09 01:55:00.581  2392  2443 D nativeloader: Configuring clns-7 for other apk /data/app/~~iwwqLfGPKTES2hsQd9D3lw==/com.google.android.webview-qbQIISas-S18wMUdMAIFhw==/base.apk. target_sdk_version=36, uses_libraries=, library_path=/data/app/~~iwwqLfGPKTES2hsQd9D3lw==/com.google.android.webview-qbQIISas-S18wMUdMAIFhw==/lib/arm64:/data/app/~~iwwqLfGPKTES2hsQd9D3lw==/com.google.android.webview-qbQIISas-S18wMUdMAIFhw==/base.apk!/lib/arm64-v8a:/data/app/~~0iK79XW9X0QppaGo2hZ3dg==/com.google.android.trichromelibrary_733920733-6bb0wVyJqr8G8vJnjVAKKg==/base.apk!/lib/arm64-v8a, permitted_path=/data:/mnt/expand
10-09 01:55:00.614  2392  2443 I cr_WVCFactoryProvider: version=140.0.7339.207 (733920733) minSdkVersion=29 multiprocess=true packageId=2 splits=<none>
10-09 01:55:00.620  2392  2443 D nativeloader: Load /data/app/~~0iK79XW9X0QppaGo2hZ3dg==/com.google.android.trichromelibrary_733920733-6bb0wVyJqr8G8vJnjVAKKg==/base.apk!/lib/arm64-v8a/libmonochrome_64.so using class loader ns clns-7 (caller=/data/app/~~iwwqLfGPKTES2hsQd9D3lw==/com.google.android.webview-qbQIISas-S18wMUdMAIFhw==/base.apk): ok
10-09 01:55:00.622  2392  2443 D nativeloader: Load /system/lib64/libwebviewchromium_plat_support.so using class loader ns clns-7 (caller=/data/app/~~iwwqLfGPKTES2hsQd9D3lw==/com.google.android.webview-qbQIISas-S18wMUdMAIFhw==/base.apk): ok
10-09 01:55:00.626  2392  2553 I chromium: [1009/015500.625606:INFO:android_webview/browser/variations/variations_seed_loader.cc:67] Failed to open file for reading.: No such file or directory (2)
10-09 01:55:00.632  2392  2443 I cr_LibraryLoader: Successfully loaded native library
10-09 01:55:00.633  2392  2443 I cr_CachingUmaRecorder: Flushed 13 samples from 13 histograms, 0 samples were dropped.
10-09 01:55:01.283  2392  2417 D OpenGLRenderer: setSurface called with nullptr
10-09 01:55:01.283  2392  2417 D OpenGLRenderer: setSurface() destroyed EGLSurface
10-09 01:55:01.283  2392  2417 D OpenGLRenderer: destroyEglSurface
10-09 01:55:01.284  2392  2392 I ViewRootImpl@59a48db[Toast]: dispatchDetachedFromWindow
10-09 01:55:01.292  2392  2392 D InputTransport: Input channel destroyed: 'b5ebaeb', fd=148
10-09 01:55:01.384  2392  2397 I st.cloudstream3: Background concurrent copying GC freed 8144KB AllocSpace bytes, 73(3448KB) LOS objects, 49% free, 17MB/35MB, paused 339us,107us total 140.202ms
10-09 01:55:01.395  2392  2399 W System  : A resource failed to call close. 
10-09 01:55:02.746  2392  2392 I ViewRootImpl@49f6cb7[MainActivity]: ViewPostIme pointer 0
10-09 01:55:03.097  2392  2392 I ViewRootImpl@49f6cb7[MainActivity]: ViewPostIme pointer 1
10-09 01:55:04.003  2392  2392 I ViewRootImpl@49f6cb7[MainActivity]: ViewPostIme pointer 0
10-09 01:55:04.490  2392  2392 I ViewRootImpl@49f6cb7[MainActivity]: ViewPostIme pointer 1
10-09 01:55:05.077  2392  2392 I ViewRootImpl@49f6cb7[MainActivity]: ViewPostIme pointer 0
10-09 01:55:05.289  2392  2392 I ViewRootImpl@49f6cb7[MainActivity]: ViewPostIme pointer 1
10-09 01:55:07.537  2392  2392 I ViewRootImpl@49f6cb7[MainActivity]: ViewPostIme pointer 0
10-09 01:55:07.602  2392  2392 I ViewRootImpl@49f6cb7[MainActivity]: ViewPostIme pointer 1
10-09 01:55:07.618  2392  2392 I NavComponent: Navigating to fragment: 2131362274
10-09 01:55:07.653  2392  2392 I IMM_LC  : hsifw() - flag : 0
10-09 01:55:07.653  2392  2392 I IMM_LC  : hsifw() - mService.hideSoftInput
10-09 01:55:07.714  2392  2392 D ScrollView: initGoToTop
10-09 01:55:08.018  2392  2392 I SurfaceView@5749134: onWindowVisibilityChanged(0) true android.view.SurfaceView{5749134 V.E..V... ......I. 0,0-0,0} of ViewRootImpl@49f6cb7[MainActivity]
10-09 01:55:08.018  2392  2392 D SurfaceView@5749134: updateSurface: has no frame
10-09 01:55:08.027  2392  2392 I CS3ExoPlayer: SET STYLE = SaveCaptionStyle(foregroundColor=-1, backgroundColor=0, windowColor=0, edgeType=1, edgeColor=-16777216, typeface=null, typefaceFilePath=null, elevation=20, fixedTextSize=null, edgeSize=null, removeCaptions=false, removeBloat=true, upperCase=false, bold=false, italic=false, backgroundRadius=null)
10-09 01:55:08.044  2392  2392 D VideoClickActionHolder: allVideoClickActions: [null:com.lagradost.cloudstream3.actions.temp.PlayInBrowserAction, null:com.lagradost.cloudstream3.actions.temp.CopyClipboardAction, null:com.lagradost.cloudstream3.actions.temp.ViewM3U8Action, null:com.lagradost.cloudstream3.actions.temp.VlcPackage, null:com.lagradost.cloudstream3.actions.temp.MpvPackage, null:com.lagradost.cloudstream3.actions.temp.NextPlayerPackage, null:com.lagradost.cloudstream3.actions.temp.JustPlayerPackage, null:com.lagradost.cloudstream3.actions.temp.fcast.FcastAction, null:com.lagradost.cloudstream3.actions.temp.LibreTorrentPackage, null:com.lagradost.cloudstream3.actions.temp.BiglyBTPackage, null:com.lagradost.cloudstream3.actions.temp.VlcNightlyPackage, null:com.lagradost.cloudstream3.actions.temp.WebVideoCastPackage, null:com.lagradost.cloudstream3.actions.temp.MpvYTDLPackage, null:com.lagradost.cloudstream3.actions.temp.MpvKtPackage, null:com.lagradost.cloudstream3.actions.temp.MpvKtPreviewPackage, null:com.lagradost.cloudstream3.actions.AlwaysAskAction]
10-09 01:55:08.045  2392  2392 I IMM_LC  : hsifw() - flag : 0
10-09 01:55:08.045  2392  2392 I IMM_LC  : hsifw() - mService.hideSoftInput
10-09 01:55:08.049  2392  2445 I SYNCVM  : addFromUrl = https://tv6.egydead.live/%d9%85%d8%b4%d8%a7%d9%87%d8%af%d8%a9-%d9%81%d9%8a%d9%84%d9%85-pretty-crazy-2025-%d9%85%d8%aa%d8%b1%d8%ac%d9%85/
10-09 01:55:08.050  2392  2445 I SYNCUTIL: getIdsFromUrl https://tv6.egydead.live/%d9%85%d8%b4%d8%a7%d9%87%d8%af%d8%a9-%d9%81%d9%8a%d9%84%d9%85-pretty-crazy-2025-%d9%85%d8%aa%d8%b1%d8%ac%d9%85/
10-09 01:55:08.065  2392  2392 I SurfaceView@5749134: onWindowVisibilityChanged(8) false android.view.SurfaceView{5749134 V.E..V... ......I. 0,0-0,0} of ViewRootImpl@49f6cb7[MainActivity]
10-09 01:55:08.065  2392  2392 D SurfaceView@5749134: updateSurface: has no frame
10-09 01:55:08.065  2392  2392 D SurfaceView@5749134: updateSurface: has no frame
10-09 01:55:08.065  2392  2392 I SurfaceView@5749134: onDetachedFromWindow: tryReleaseSurfaces()
10-09 01:55:08.065  2392  2392 I SurfaceView@5749134: releaseSurfaces: viewRoot = ViewRootImpl@49f6cb7[MainActivity]
10-09 01:55:08.065  2392  2392 I SurfaceView@5749134: applyTransactionOnVriDraw: vri = ViewRootImpl@49f6cb7[MainActivity] fRS = true t = 0x7b29ad2f00 android.view.SurfaceView.releaseSurfaces:858 android.view.SurfaceView.onDetachedFromWindow:500 android.view.View.dispatchDetachedFromWindow:22538 
10-09 01:55:08.065  2392  2392 I SurfaceView@5749134: applyTransactionOnVriDraw: viewRoot.applyTransactionOnDrawFromReleaseSurfaces
10-09 01:55:08.065  2392  2392 I ViewRootImpl@49f6cb7[MainActivity]: applyTransactionOnDraw: mRemoved = false isHardwareEnabled = true t = 0x7b29ad2f00android.view.ViewRootImpl.applyTransactionOnDrawFromReleaseSurfaces:12850 android.view.SurfaceView.applyTransactionOnVriDraw:2046 android.view.SurfaceView.releaseSurfaces:858 android.view.SurfaceView.onDetachedFromWindow:500 android.view.View.dispatchDetachedFromWindow:22538 
10-09 01:55:08.067  2392  2392 I SurfaceView@5749134: onWindowVisibilityChanged(0) true android.view.SurfaceView{5749134 V.E..V... ......I. 0,0-0,0} of ViewRootImpl@49f6cb7[MainActivity]
10-09 01:55:08.067  2392  2392 D SurfaceView@5749134: updateSurface: has no frame
10-09 01:55:08.076  2392  2392 I DecorView: notifyKeepScreenOnChanged: keepScreenOn=false
10-09 01:55:08.092  2392  2392 I CS3ExoPlayer: reloadPlayer
10-09 01:55:08.093  2392  2392 I CS3ExoPlayer: releasePlayer
10-09 01:55:08.093  2392  2392 I CS3ExoPlayer: Handle event: PlayerAttachedEvent(player=null, source=Player)
10-09 01:55:08.098  2392  2392 I ViewRootImpl@49f6cb7[MainActivity]: performTraversals params={(0,0)(fillxfill) sim={state=always_hidden adjust=resize} ty=BASE_APPLICATION wanim=0x1030309
10-09 01:55:08.098  2392  2392 I ViewRootImpl@49f6cb7[MainActivity]:   fl=85810100
10-09 01:55:08.098  2392  2392 I ViewRootImpl@49f6cb7[MainActivity]:   pfl=12020040
10-09 01:55:08.098  2392  2392 I ViewRootImpl@49f6cb7[MainActivity]:   vsysui=500
10-09 01:55:08.098  2392  2392 I ViewRootImpl@49f6cb7[MainActivity]:   bhv=DEFAULT
10-09 01:55:08.098  2392  2392 I ViewRootImpl@49f6cb7[MainActivity]:   fitSides= naviIconColor=0}
10-09 01:55:08.099  2392  2392 I ViewRootImpl@49f6cb7[MainActivity]: performTraversals mFirst=false windowShouldResize=false viewVisibilityChanged=false mForceNextWindowRelayout=false params={(0,0)(fillxfill) sim={state=always_hidden adjust=resize} ty=BASE_APPLICATION fmt=TRANSLUCENT wanim=0x1030309
10-09 01:55:08.099  2392  2392 I ViewRootImpl@49f6cb7[MainActivity]:   fl=85810100
10-09 01:55:08.099  2392  2392 I ViewRootImpl@49f6cb7[MainActivity]:   pfl=12020040
10-09 01:55:08.099  2392  2392 I ViewRootImpl@49f6cb7[MainActivity]:   vsysui=500
10-09 01:55:08.099  2392  2392 I ViewRootImpl@49f6cb7[MainActivity]:   bhv=DEFAULT
10-09 01:55:08.099  2392  2392 I ViewRootImpl@49f6cb7[MainActivity]:   fitSides= naviIconColor=0}
10-09 01:55:08.107  2392  2392 I ViewRootImpl@49f6cb7[MainActivity]: updateBlastSurfaceIfNeeded mBlastBufferQueue=0x7b5f103800 isSameSurfaceControl=true
10-09 01:55:08.107  2392  2392 I BLASTBufferQueue: update, w= 1080 h= 2400 mName = ViewRootImpl@49f6cb7[MainActivity] mNativeObject= 0x7b5f103800 sc.mNativeObject= 0x7b10ff9880 format= -3 caller= android.view.ViewRootImpl.updateBlastSurfaceIfNeeded:2898 android.view.ViewRootImpl.relayoutWindow:9847 android.view.ViewRootImpl.performTraversals:3884 android.view.ViewRootImpl.doTraversal:3116 android.view.ViewRootImpl$TraversalRunnable.run:10885 android.view.Choreographer$CallbackRecord.run:1301 
10-09 01:55:08.107  2392  2392 I ViewRootImpl@49f6cb7[MainActivity]: Relayout returned: old=(0,0,1080,2400) new=(0,0,1080,2400) req=(1080,2400)0 dur=8 res=0x0 s={true 0x7b6dbf4800} ch=false seqId=0
10-09 01:55:08.109  2392  2392 W View    : requestLayout() improperly called by android.widget.FrameLayout{7edcb77 I.E..V... ......I. 0,0-0,0 #7f0a04e7 app:id/start_panel} during layout: running second layout pass
10-09 01:55:08.109  2392  2392 W View    : requestLayout() improperly called by android.widget.FrameLayout{94813e4 I.E..V... ......ID 1080,0-1080,2143 #7f0a0168 app:id/end_panel} during layout: running second layout pass
10-09 01:55:08.110  2392  2392 D SurfaceView@5749134: updateSurface: has no frame
10-09 01:55:08.116  2392  2494 I ViewRootImpl@49f6cb7[MainActivity]: mWNT: t=0x7b29ad2f00 mBlastBufferQueue=0x7b5f103800 fn= 551 caller= android.view.ViewRootImpl.lambda$applyTransactionOnDraw$11$android-view-ViewRootImpl:12865 android.view.ViewRootImpl$$ExternalSyntheticLambda1.onFrameDraw:4 android.graphics.HardwareRenderer$FrameDrawingCallback.onFrameDraw:924 
10-09 01:55:08.118  2392  2392 D SurfaceView@5749134: updateSurface: has no frame
10-09 01:55:08.138  2392  2392 D SurfaceView@5749134: updateSurface: has no frame
10-09 01:55:08.161  2392  2392 D SurfaceView@5749134: updateSurface: has no frame
10-09 01:55:08.195  2392  2392 D SurfaceView@5749134: updateSurface: has no frame
10-09 01:55:08.212  2392  2392 D SurfaceView@5749134: updateSurface: has no frame
10-09 01:55:08.229  2392  2392 D SurfaceView@5749134: updateSurface: has no frame
10-09 01:55:08.249  2392  2392 D SurfaceView@5749134: updateSurface: has no frame
10-09 01:55:08.263  2392  2392 D SurfaceView@5749134: updateSurface: has no frame
10-09 01:55:08.279  2392  2392 D SurfaceView@5749134: updateSurface: has no frame
10-09 01:55:08.296  2392  2392 D SurfaceView@5749134: updateSurface: has no frame
10-09 01:55:08.312  2392  2392 D SurfaceView@5749134: updateSurface: has no frame
10-09 01:55:08.329  2392  2392 D SurfaceView@5749134: updateSurface: has no frame
10-09 01:55:08.345  2392  2392 D SurfaceView@5749134: updateSurface: has no frame
10-09 01:55:08.347  2392  2450 I RVM2    : applyMeta
10-09 01:55:08.362  2392  2392 D SurfaceView@5749134: updateSurface: has no frame
10-09 01:55:08.379  2392  2392 D SurfaceView@5749134: updateSurface: has no frame
10-09 01:55:08.396  2392  2392 D SurfaceView@5749134: updateSurface: has no frame
10-09 01:55:08.412  2392  2392 D SurfaceView@5749134: updateSurface: has no frame
10-09 01:55:08.429  2392  2392 D SurfaceView@5749134: updateSurface: has no frame
10-09 01:55:08.445  2392  2392 D SurfaceView@5749134: updateSurface: has no frame
10-09 01:55:08.462  2392  2392 D SurfaceView@5749134: updateSurface: has no frame
10-09 01:55:08.479  2392  2392 D SurfaceView@5749134: updateSurface: has no frame
10-09 01:55:08.495  2392  2392 D SurfaceView@5749134: updateSurface: has no frame
10-09 01:55:08.512  2392  2392 D SurfaceView@5749134: updateSurface: has no frame
10-09 01:55:08.529  2392  2392 D SurfaceView@5749134: updateSurface: has no frame
10-09 01:55:08.545  2392  2392 D SurfaceView@5749134: updateSurface: has no frame
10-09 01:55:08.562  2392  2392 D SurfaceView@5749134: updateSurface: has no frame
10-09 01:55:08.579  2392  2392 D SurfaceView@5749134: updateSurface: has no frame
10-09 01:55:08.595  2392  2392 D SurfaceView@5749134: updateSurface: has no frame
10-09 01:55:08.612  2392  2392 D SurfaceView@5749134: updateSurface: has no frame
10-09 01:55:08.629  2392  2392 D SurfaceView@5749134: updateSurface: has no frame
10-09 01:55:08.645  2392  2392 D SurfaceView@5749134: updateSurface: has no frame
10-09 01:55:08.662  2392  2392 D SurfaceView@5749134: updateSurface: has no frame
10-09 01:55:08.675  2392  2392 W PanelsChildGestureRegionObserver: failed to register view with ID 2131362800. already registered
10-09 01:55:08.678  2392  2392 E CoilImgLoader: Error loading image: coil3.request.NullRequestDataException: The request's data is null.
10-09 01:55:08.684  2392  2392 E CoilImgLoader: Error loading image: coil3.request.NullRequestDataException: The request's data is null.
10-09 01:55:08.726  2392  2445 I SYNCVM  : addFromUrl = https://tv6.egydead.live/%d9%85%d8%b4%d8%a7%d9%87%d8%af%d8%a9-%d9%81%d9%8a%d9%84%d9%85-pretty-crazy-2025-%d9%85%d8%aa%d8%b1%d8%ac%d9%85/
10-09 01:55:08.726  2392  2445 I SYNCUTIL: getIdsFromUrl https://tv6.egydead.live/%d9%85%d8%b4%d8%a7%d9%87%d8%af%d8%a9-%d9%81%d9%8a%d9%84%d9%85-pretty-crazy-2025-%d9%85%d8%aa%d8%b1%d8%ac%d9%85/
10-09 01:55:08.743  2392  2392 D SurfaceView@5749134: updateSurface: has no frame
10-09 01:55:08.744  2392  2392 I SurfaceView@5749134: Changes: creating=true format=true size=true visible=true alpha=false hint=false mUseAlpha=false visible=true left=true top=true
10-09 01:55:08.748  2392  2392 I BLASTBufferQueue: update, w= 1080 h= 525 mName = null mNativeObject= 0x7b6dc0ea00 sc.mNativeObject= 0x7b3ace0a00 format= 4 caller= android.view.SurfaceView.createBlastSurfaceControls:1383 android.view.SurfaceView.updateSurface:1079 android.view.SurfaceView.lambda$new$0$android-view-SurfaceView:200 android.view.SurfaceView$$ExternalSyntheticLambda5.onPreDraw:2 android.view.ViewTreeObserver.dispatchOnPreDraw:1121 android.view.ViewRootImpl.performTraversals:4442 
10-09 01:55:08.748  2392  2392 I SurfaceView@5749134: 91525428 Cur surface: Surface(name=null)/@0x5890736
10-09 01:55:08.748  2392  2392 I SurfaceView@5749134: pST: sr = Rect(0, 218 - 1080, 743) sw = 1080 sh = 525
10-09 01:55:08.748  2392  2392 D SurfaceView@5749134: performSurfaceTransaction RenderWorker position = [0, 218, 1080, 743] surfaceSize = 1080x525
10-09 01:55:08.748  2392  2392 I SurfaceView@5749134: applyTransactionOnVriDraw: vri = ViewRootImpl@49f6cb7[MainActivity] fRS = false t = 0x7b13966300 android.view.SurfaceView.performSurfaceTransaction:959 android.view.SurfaceView.updateSurface:1105 android.view.SurfaceView.lambda$new$0$android-view-SurfaceView:200 
10-09 01:55:08.748  2392  2392 I ViewRootImpl@49f6cb7[MainActivity]: applyTransactionOnDraw: mRemoved = false isHardwareEnabled = true t = 0x7b13966300android.view.SurfaceView.applyTransactionOnVriDraw:2048 android.view.SurfaceView.performSurfaceTransaction:959 android.view.SurfaceView.updateSurface:1105 android.view.SurfaceView.lambda$new$0$android-view-SurfaceView:200 android.view.SurfaceView$$ExternalSyntheticLambda5.onPreDraw:2 
10-09 01:55:08.748  2392  2392 I SurfaceView@5749134: updateSurface: mVisible = true mSurface.isValid() = true
10-09 01:55:08.748  2392  2392 I SurfaceView@5749134: updateSurface: mSurfaceCreated = false surfaceChanged = true visibleChanged = true
10-09 01:55:08.749  2392  2392 I SurfaceView@5749134: visibleChanged -- surfaceCreated
10-09 01:55:08.749  2392  2392 I SurfaceView@5749134: surfaceCreated 0 #8 android.view.SurfaceView{5749134 V.E..V... ......ID 0,0-1080,525}
10-09 01:55:08.749  2392  2392 I SurfaceView@5749134: surfaceChanged -- format=4 w=1080 h=525
10-09 01:55:08.749  2392  2392 I SurfaceView@5749134: surfaceChanged (1080,525) 0 #8 android.view.SurfaceView{5749134 V.E..V... ......ID 0,0-1080,525}
10-09 01:55:08.749  2392  2392 I SurfaceView@5749134: surfaceRedrawNeeded
10-09 01:55:08.749  2392  2392 V SurfaceView@5749134: Layout: x=0 y=218 w=1080 h=525, frame=Rect(0, 0 - 1080, 525)
10-09 01:55:08.761  2392  2493 D SurfaceView@5749134: updateSurfacePosition RenderWorker, frameNr = 584, position = [0, 218, 1080, 743] surfaceSize = 1080x525
10-09 01:55:08.762  2392  2493 I SurfaceView@5749134: uSP: rtp = Rect(0, 218 - 1080, 743) rtsw = 1080 rtsh = 525
10-09 01:55:08.762  2392  2493 I SurfaceView@5749134: onSSPAndSRT: pl = 0 pt = 218 sx = 1.0 sy = 1.0
10-09 01:55:08.763  2392  2493 I SurfaceView@5749134: aOrMT: ViewRootImpl@49f6cb7[MainActivity] t = android.view.SurfaceControl$Transaction@44e7ed3 fN = 584 android.view.SurfaceView.-$$Nest$mapplyOrMergeTransaction:0 android.view.SurfaceView$SurfaceViewPositionUpdateListener.positionChanged:1537 android.graphics.RenderNode$CompositePositionUpdateListener.positionChanged:373 
10-09 01:55:08.764  2392  2493 I ViewRootImpl@49f6cb7[MainActivity]: mWNT: t=0x7b13966600 mBlastBufferQueue=0x7b5f103800 fn= 584 caller= android.view.SurfaceView.applyOrMergeTransaction:1455 android.view.SurfaceView.-$$Nest$mapplyOrMergeTransaction:0 android.view.SurfaceView$SurfaceViewPositionUpdateListener.positionChanged:1537 
10-09 01:55:08.765  2392  2493 I ViewRootImpl@49f6cb7[MainActivity]: mWNT: t=0x7b13966300 mBlastBufferQueue=0x7b5f103800 fn= 584 caller= android.view.ViewRootImpl.lambda$applyTransactionOnDraw$11$android-view-ViewRootImpl:12865 android.view.ViewRootImpl$$ExternalSyntheticLambda1.onFrameDraw:4 android.graphics.HardwareRenderer$FrameDrawingCallback.onFrameDraw:924 
10-09 01:55:08.793  2392  2392 I SurfaceView@5749134: finishedDrawing
10-09 01:55:08.855  2392  2397 I st.cloudstream3: Background concurrent copying GC freed 10MB AllocSpace bytes, 73(4788KB) LOS objects, 49% free, 20MB/41MB, paused 264us,487us total 164.998ms
10-09 01:55:08.885  2392  2417 D OpenGLRenderer: setSurface called with nullptr
10-09 01:55:09.981  2392  2392 I ViewRootImpl@49f6cb7[MainActivity]: ViewPostIme pointer 0
10-09 01:55:10.520  2392  2392 I Dialog  : mIsDeviceDefault = false, mIsSamsungBasicInteraction = false, isMetaDataInActivity = false
10-09 01:55:10.562  2392  2392 I DecorView: [INFO] isPopOver=false config=false
10-09 01:55:10.562  2392  2392 I DecorView: updateCaptionType: isFloating=false isApplication=true hasWindowDecorCaption=false this=DecorView@48bad88[]
10-09 01:55:10.563  2392  2392 D DecorView: setCaptionType = 0, this = DecorView@48bad88[]
10-09 01:55:10.565  2392  2392 I DecorView: getCurrentDensityDpi: from app context. densityDpi=420 msg=resources_loaded
10-09 01:55:10.565  2392  2392 I DecorView: setWindowBackground: isPopOver=false color=0 d=android.graphics.drawable.ColorDrawable@79a1346
10-09 01:55:10.573  2392  2417 D NativeCustomFrequencyManager: [NativeCFMS] BpCustomFrequencyManager::BpCustomFrequencyManager()
10-09 01:55:10.574  2392  2392 I DecorView: notifyKeepScreenOnChanged: keepScreenOn=false
10-09 01:55:10.587  2392  2392 D InsetsController: onStateChanged: InsetsState: {mDisplayFrame=Rect(0, 0 - 1080, 2400), mDisplayCutout=DisplayCutout{insets=Rect(0, 88 - 0, 0) waterfall=Insets{left=0, top=0, right=0, bottom=0} boundingRect={Bounds=[Rect(0, 0 - 0, 0), Rect(512, 0 - 568, 88), Rect(0, 0 - 0, 0), Rect(0, 0 - 0, 0)]} cutoutPathParserInfo={CutoutPathParserInfo{displayWidth=1080 displayHeight=2400 physicalDisplayWidth=1080 physicalDisplayHeight=2400 density={2.625} cutoutSpec={M 0,0 M 0,12.25101276465640 a 10.60613009248640,10.60613009248640 0 1,0 0,21.21226018497290 a 10.60613009248640,10.60613009248640 0 1,0 0,-21.21226018497290 Z @dp} rotation={0} scale={1.0} physicalPixelDisplaySizeRatio={1.0}}}}, mRoundedCorners=RoundedCorners{[RoundedCorner{position=TopLeft, radius=84, center=Point(84, 84)}, RoundedCorner{position=TopRight, radius=84, center=Point(996, 84)}, RoundedCorner{position=BottomRight, radius=84, center=Point(996, 2316)}, RoundedCorner{position=BottomLeft, radius=84, center=Point(84, 2316)}]}  mRoundedCornerFrame=Rect(0, 0 - 1080, 2400), mPrivacyIndicatorBounds=PrivacyIndicatorBounds {static bounds=Rect(964, 0 - 1080, 87) rotation=0}, mSources= { InsetsSource: {mType=ITYPE_STATUS_BAR, mFrame=[0,0][1080,88], mVisible=true, mInsetsRoundedCornerFrame=false}, InsetsSource: {mType=ITYPE_NAVIGATION_BAR, mFrame=[0,2361][1080,2400], mVisible=true, mInsetsRoundedCornerFrame=false}, InsetsSource: {mType=ITYPE_LEFT_GESTURES, mFrame=[0,0][130,2400], mVisible=true, mInsetsRoundedCornerFrame=false}, InsetsSource: {mType=ITYPE_RIGHT_GESTURES, mFrame=[950,0][1080,2400], mVisible=true, mInsetsRoundedCornerFrame=false}, InsetsSource: {mType=ITYPE_TOP_MANDATORY_GESTURES, mFrame=[0,0][1080,120], mVisible=true, mInsetsRoundedCornerFrame=false}, InsetsSource: {mType=ITYPE_BOTTOM_MANDATORY_GESTURES, mFrame=[0,2316][1080,2400], mVisible=true, mInsetsRoundedCornerFrame=false}, InsetsSource: {mType=ITYPE_LEFT_DISPLAY_CUTOUT, mFrame=[0,0][-100000,2400], mVisible=true, mInsetsRoundedCornerFrame=false}, InsetsSource: {mType=ITYPE_TOP_DISPLAY_CUTOUT, mFrame=[0,0][1080,88], mVisible=true, mInsetsRoundedCornerFrame=false}, InsetsSource: {mType=ITYPE_RIGHT_DISPLAY_CUTOUT, mFrame=[100000,0][1080,2400], mVisible=true, mInsetsRoundedCornerFrame=false}, InsetsSource: {mType=ITYPE_BOTTOM_DISPLAY_CUTOUT, mFrame=[0,100000][1080,2400], mVisible=true, mInsetsRoundedCornerFrame=false}, InsetsSource: {mType=ITYPE_TOP_TAPPABLE_ELEMENT, mFrame=[0,0][1080,88], mVisible=true, mInsetsRoundedCornerFrame=false}, InsetsSource: {mType=ITYPE_BOTTOM_TAPPABLE_ELEMENT, mFrame=[0,0][0,0], mVisible=true, mInsetsRoundedCornerFrame=false}, InsetsSource: {mType=ITYPE_IME, mFrame=[0,0][0,0], mVisibleFrame=[0,1409][1080,2400], mVisible=false, mInsetsRoundedCornerFrame=false} } host=com.lagradost.cloudstream3/com.lagradost.cloudstream3.MainActivity from=android.view.ViewRootImpl.setView:1732
10-09 01:55:10.588  2392  2392 I ViewRootImpl@5aac1ff[MainActivity]: setView = com.android.internal.policy.DecorView@48bad88 TM=true
10-09 01:55:10.604  2392  2392 I ViewRootImpl@5aac1ff[MainActivity]: performTraversals params={(0,0)(fillxfill) gr=CENTER sim={adjust=resize forwardNavigation} ty=APPLICATION fmt=TRANSPARENT wanim=0x7f14000b
10-09 01:55:10.604  2392  2392 I ViewRootImpl@5aac1ff[MainActivity]:   fl=85810100
10-09 01:55:10.604  2392  2392 I ViewRootImpl@5aac1ff[MainActivity]:   pfl=12020040
10-09 01:55:10.604  2392  2392 I ViewRootImpl@5aac1ff[MainActivity]:   vsysui=500
10-09 01:55:10.604  2392  2392 I ViewRootImpl@5aac1ff[MainActivity]:   bhv=DEFAULT
10-09 01:55:10.604  2392  2392 I ViewRootImpl@5aac1ff[MainActivity]:   fitSides= naviIconColor=0}
10-09 01:55:10.605  2392  2392 I ViewRootImpl@5aac1ff[MainActivity]: performTraversals mFirst=true windowShouldResize=true viewVisibilityChanged=false mForceNextWindowRelayout=false params={(0,0)(fillxfill) gr=CENTER sim={adjust=resize forwardNavigation} ty=APPLICATION fmt=TRANSPARENT wanim=0x7f14000b
10-09 01:55:10.605  2392  2392 I ViewRootImpl@5aac1ff[MainActivity]:   fl=85810100
10-09 01:55:10.605  2392  2392 I ViewRootImpl@5aac1ff[MainActivity]:   pfl=12020040
10-09 01:55:10.605  2392  2392 I ViewRootImpl@5aac1ff[MainActivity]:   vsysui=500
10-09 01:55:10.605  2392  2392 I ViewRootImpl@5aac1ff[MainActivity]:   bhv=DEFAULT
10-09 01:55:10.605  2392  2392 I ViewRootImpl@5aac1ff[MainActivity]:   fitSides= naviIconColor=0}
10-09 01:55:10.620  2392  2392 I ViewRootImpl@5aac1ff[MainActivity]: updateBlastSurfaceIfNeeded mBlastBufferQueue=null isSameSurfaceControl=false
10-09 01:55:10.621  2392  2392 I BLASTBufferQueue: new BLASTBufferQueue, mName= ViewRootImpl@5aac1ff[MainActivity] mNativeObject= 0x7b6dc0ed00 sc.mNativeObject= 0x7b6dc377c0 caller= android.view.ViewRootImpl.updateBlastSurfaceIfNeeded:2909 android.view.ViewRootImpl.relayoutWindow:9847 android.view.ViewRootImpl.performTraversals:3884 android.view.ViewRootImpl.doTraversal:3116 android.view.ViewRootImpl$TraversalRunnable.run:10885 android.view.Choreographer$CallbackRecord.run:1301 android.view.Choreographer$CallbackRecord.run:1309 android.view.Choreographer.doCallbacks:923 android.view.Choreographer.doFrame:852 android.view.Choreographer$FrameDisplayEventReceiver.run:1283 
10-09 01:55:10.621  2392  2392 I BLASTBufferQueue: update, w= 1080 h= 2400 mName = ViewRootImpl@5aac1ff[MainActivity] mNativeObject= 0x7b6dc0ed00 sc.mNativeObject= 0x7b6dc377c0 format= -2 caller= android.graphics.BLASTBufferQueue.<init>:84 android.view.ViewRootImpl.updateBlastSurfaceIfNeeded:2909 android.view.ViewRootImpl.relayoutWindow:9847 android.view.ViewRootImpl.performTraversals:3884 android.view.ViewRootImpl.doTraversal:3116 android.view.ViewRootImpl$TraversalRunnable.run:10885 
10-09 01:55:10.621  2392  2392 I ViewRootImpl@5aac1ff[MainActivity]: Relayout returned: old=(0,0,1080,2400) new=(0,0,1080,2400) req=(1080,2400)0 dur=15 res=0x3 s={true 0x7bed8c5800} ch=true seqId=0
10-09 01:55:10.622  2392  2392 I ViewRootImpl@5aac1ff[MainActivity]: mThreadedRenderer.initialize() mSurface={isValid=true 0x7bed8c5800} hwInitialized=true
10-09 01:55:10.623  2392  2417 D OpenGLRenderer: eglCreateWindowSurface
10-09 01:55:10.649  2392  2392 D AbsListView:  in onLayout changed 
10-09 01:55:10.650  2392  2392 I ViewRootImpl@5aac1ff[MainActivity]: reportNextDraw android.view.ViewRootImpl.performTraversals:4438 android.view.ViewRootImpl.doTraversal:3116 android.view.ViewRootImpl$TraversalRunnable.run:10885 android.view.Choreographer$CallbackRecord.run:1301 android.view.Choreographer$CallbackRecord.run:1309 
10-09 01:55:10.651  2392  2392 I ViewRootImpl@5aac1ff[MainActivity]: Setup new sync id=0
10-09 01:55:10.651  2392  2392 I ViewRootImpl@5aac1ff[MainActivity]: Setting syncFrameCallback
10-09 01:55:10.651  2392  2392 I ViewRootImpl@5aac1ff[MainActivity]: registerCallbacksForSync syncBuffer=false
10-09 01:55:10.655  2392  2494 I ViewRootImpl@5aac1ff[MainActivity]: Received frameDrawingCallback syncResult=0 frameNum=1.
10-09 01:55:10.655  2392  2494 I ViewRootImpl@5aac1ff[MainActivity]: Setting up sync and frameCommitCallback
10-09 01:55:10.664  2392  2417 I BLASTBufferQueue: [ViewRootImpl@5aac1ff[MainActivity]#4](f:0,a:0) onFrameAvailable the first frame is available
10-09 01:55:10.665  2392  2417 I ViewRootImpl@5aac1ff[MainActivity]: Received frameCommittedCallback lastAttemptedDrawFrameNum=1 didProduceBuffer=true
10-09 01:55:10.667  2392  2417 D OpenGLRenderer: CFMS:: SetUp Pid : 2392    Tid : 2417
10-09 01:55:10.673  2392  2392 I ViewRootImpl@5aac1ff[MainActivity]: onSyncComplete
10-09 01:55:10.673  2392  2392 I ViewRootImpl@5aac1ff[MainActivity]: setupSync seqId=0 mSyncId=0 fn=1 caller=android.view.ViewRootImpl$$ExternalSyntheticLambda11.accept:6 android.window.SurfaceSyncer.lambda$setupSync$1$android-window-SurfaceSyncer:128 android.window.SurfaceSyncer$$ExternalSyntheticLambda1.accept:8 android.window.SurfaceSyncer$SyncSet.checkIfSyncIsComplete:382 android.window.SurfaceSyncer$SyncSet.markSyncReady:359 android.window.SurfaceSyncer.markSyncReady:151 android.view.ViewRootImpl.performTraversals:4503 
10-09 01:55:10.674  2392  2392 I ViewRootImpl@5aac1ff[MainActivity]: reportDrawFinished seqId=0 mSyncId=-1 fn=1 mSurfaceChangedTransaction=0x7b13a4b200
10-09 01:55:10.693  2392  2392 I ViewRootImpl@49f6cb7[MainActivity]: MSG_WINDOW_FOCUS_CHANGED 0 0
10-09 01:55:10.729  2392  2392 I ViewRootImpl@5aac1ff[MainActivity]: MSG_WINDOW_FOCUS_CHANGED 1 0
10-09 01:55:10.730  2392  2392 I ViewRootImpl@5aac1ff[MainActivity]: mThreadedRenderer.initializeIfNeeded()#2 mSurface={isValid=true 0x7bed8c5800}
10-09 01:55:10.732  2392  2392 D InputMethodManager: startInputInner - Id : 0
10-09 01:55:10.732  2392  2392 I InputMethodManager: startInputInner - mService.startInputOrWindowGainedFocus
10-09 01:55:10.743  2392  2392 I ViewRootImpl@49f6cb7[MainActivity]: ViewPostIme pointer 1
10-09 01:55:11.728  2392  2392 I ViewRootImpl@5aac1ff[MainActivity]: ViewPostIme pointer 0
10-09 01:55:11.793  2392  2392 I ViewRootImpl@5aac1ff[MainActivity]: ViewPostIme pointer 1
10-09 01:55:11.795  2392  2392 D AbsListView: onTouchUp() mTouchMode : 0
10-09 01:55:11.875  2392  2445 D EgyDead : Loading links for URL: https://tv6.egydead.live/%d9%85%d8%b4%d8%a7%d9%87%d8%af%d8%a9-%d9%81%d9%8a%d9%84%d9%85-pretty-crazy-2025-%d9%85%d8%aa%d8%b1%d8%ac%d9%85/
10-09 01:55:11.876  2392  2392 I MSHandlerLifeCycle: removeMultiSplitHandler: no exist. decor=DecorView@48bad88[MainActivity]
10-09 01:55:11.877  2392  2417 D OpenGLRenderer: setSurface called with nullptr
10-09 01:55:11.877  2392  2417 D OpenGLRenderer: setSurface() destroyed EGLSurface
10-09 01:55:11.878  2392  2417 D OpenGLRenderer: destroyEglSurface
10-09 01:55:11.880  2392  2417 D OpenGLRenderer: endAllActiveAnimators on 0x7b5f233100 (MaterialTextView) with handle 0x7b5f3888a0
10-09 01:55:11.880  2392  2392 I ViewRootImpl@5aac1ff[MainActivity]: dispatchDetachedFromWindow
10-09 01:55:11.906  2392  2392 D InputTransport: Input channel destroyed: '387333e', fd=149
10-09 01:55:11.909  2392  2392 I Dialog  : mIsDeviceDefault = false, mIsSamsungBasicInteraction = false, isMetaDataInActivity = false
10-09 01:55:11.977  2392  2392 I DecorView: [INFO] isPopOver=false config=false
10-09 01:55:11.977  2392  2392 I DecorView: updateCaptionType: isFloating=false isApplication=true hasWindowDecorCaption=false this=DecorView@abed1c2[]
10-09 01:55:11.977  2392  2392 D DecorView: setCaptionType = 0, this = DecorView@abed1c2[]
10-09 01:55:11.979  2392  2392 I DecorView: getCurrentDensityDpi: from app context. densityDpi=420 msg=resources_loaded
10-09 01:55:11.979  2392  2392 I DecorView: setWindowBackground: isPopOver=false color=0 d=android.graphics.drawable.ColorDrawable@712d310
10-09 01:55:11.986  2392  2417 D NativeCustomFrequencyManager: [NativeCFMS] BpCustomFrequencyManager::BpCustomFrequencyManager()
10-09 01:55:11.987  2392  2392 I DecorView: notifyKeepScreenOnChanged: keepScreenOn=false
