10-08 15:10:07.800 17607 17607 I ViewRootImpl@8da0fd0[MainActivity]: dispatchDetachedFromWindow
10-08 15:10:07.829 17607 17607 D InputTransport: Input channel destroyed: '577bef8', fd=119
10-08 15:10:07.835 17607 17607 D InsetsController: onStateChanged: InsetsState: {mDisplayFrame=Rect(0, 0 - 1080, 2400), mDisplayCutout=DisplayCutout{insets=Rect(0, 88 - 0, 0) waterfall=Insets{left=0, top=0, right=0, bottom=0} boundingRect={Bounds=[Rect(0, 0 - 0, 0), Rect(512, 0 - 568, 88), Rect(0, 0 - 0, 0), Rect(0, 0 - 0, 0)]} cutoutPathParserInfo={CutoutPathParserInfo{displayWidth=1080 displayHeight=2400 physicalDisplayWidth=1080 physicalDisplayHeight=2400 density={2.625} cutoutSpec={M 0,0 M 0,12.25101276465640 a 10.60613009248640,10.60613009248640 0 1,0 0,21.21226018497290 a 10.60613009248640,10.60613009248640 0 1,0 0,-21.21226018497290 Z @dp} rotation={0} scale={1.0} physicalPixelDisplaySizeRatio={1.0}}}}, mRoundedCorners=RoundedCorners{[RoundedCorner{position=TopLeft, radius=84, center=Point(84, 84)}, RoundedCorner{position=TopRight, radius=84, center=Point(996, 84)}, RoundedCorner{position=BottomRight, radius=84, center=Point(996, 2316)}, RoundedCorner{position=BottomLeft, radius=84, center=Point(84, 2316)}]}  mRoundedCornerFrame=Rect(0, 0 - 1080, 2400), mPrivacyIndicatorBounds=PrivacyIndicatorBounds {static bounds=Rect(964, 0 - 1080, 87) rotation=0}, mSources= { InsetsSource: {mType=ITYPE_STATUS_BAR, mFrame=[0,0][1080,88], mVisible=true, mInsetsRoundedCornerFrame=false}, InsetsSource: {mType=ITYPE_NAVIGATION_BAR, mFrame=[0,2361][1080,2400], mVisible=true, mInsetsRoundedCornerFrame=false}, InsetsSource: {mType=ITYPE_LEFT_GESTURES, mFrame=[0,0][130,2400], mVisible=true, mInsetsRoundedCornerFrame=false}, InsetsSource: {mType=ITYPE_RIGHT_GESTURES, mFrame=[950,0][1080,2400], mVisible=true, mInsetsRoundedCornerFrame=false}, InsetsSource: {mType=ITYPE_TOP_MANDATORY_GESTURES, mFrame=[0,0][1080,120], mVisible=true, mInsetsRoundedCornerFrame=false}, InsetsSource: {mType=ITYPE_BOTTOM_MANDATORY_GESTURES, mFrame=[0,2316][1080,2400], mVisible=true, mInsetsRoundedCornerFrame=false}, InsetsSource: {mType=ITYPE_LEFT_DISPLAY_CUTOUT, mFrame=[0,0][-100000,2400], mVisible=true, mInsetsRoundedCornerFrame=false}, InsetsSource: {mType=ITYPE_TOP_DISPLAY_CUTOUT, mFrame=[0,0][1080,88], mVisible=true, mInsetsRoundedCornerFrame=false}, InsetsSource: {mType=ITYPE_RIGHT_DISPLAY_CUTOUT, mFrame=[100000,0][1080,2400], mVisible=true, mInsetsRoundedCornerFrame=false}, InsetsSource: {mType=ITYPE_BOTTOM_DISPLAY_CUTOUT, mFrame=[0,100000][1080,2400], mVisible=true, mInsetsRoundedCornerFrame=false}, InsetsSource: {mType=ITYPE_TOP_TAPPABLE_ELEMENT, mFrame=[0,0][1080,88], mVisible=true, mInsetsRoundedCornerFrame=false}, InsetsSource: {mType=ITYPE_BOTTOM_TAPPABLE_ELEMENT, mFrame=[0,0][0,0], mVisible=true, mInsetsRoundedCornerFrame=false} } host=com.lagradost.cloudstream3/com.lagradost.cloudstream3.MainActivity from=android.view.ViewRootImpl$ViewRootHandler.handleMessageImpl:6740
10-08 15:10:07.866 17607 17607 I ViewRootImpl@2cf4351[MainActivity]: MSG_WINDOW_FOCUS_CHANGED 1 0
10-08 15:10:07.867 17607 17607 I ViewRootImpl@2cf4351[MainActivity]: mThreadedRenderer.initializeIfNeeded()#2 mSurface={isValid=true 0x7b5be60800}
10-08 15:10:07.883 17607 17607 D InputMethodManager: startInputInner - Id : 0
10-08 15:10:07.883 17607 17607 I InputMethodManager: startInputInner - mService.startInputOrWindowGainedFocus
10-08 15:10:08.079 17607 17607 I ViewRootImpl@2cf4351[MainActivity]: ViewPostIme pointer 0
10-08 15:10:08.143 17607 17607 W PanelsChildGestureRegionObserver: failed to register view with ID 2131362800. already registered
10-08 15:10:08.145 17607 17607 W PanelsChildGestureRegionObserver: failed to register view with ID 2131362800. already registered
10-08 15:10:08.161 17607 17607 W PanelsChildGestureRegionObserver: failed to register view with ID 2131362800. already registered
10-08 15:10:08.171 17607 17607 D WindowOnBackDispatcher: onBackInvoked, viewRoot=ViewRootImpl@8da0fd0[MainActivity], callback=androidx.activity.OnBackPressedDispatcher$Api33Impl$$ExternalSyntheticLambda0@1c607a8
10-08 15:10:08.181 17607 17607 I IMM_LC  : hsifw() - flag : 0
10-08 15:10:08.181 17607 17607 I IMM_LC  : hsifw() - mService.hideSoftInput
10-08 15:10:08.189 17607 17607 I CS3ExoPlayer: onStop
10-08 15:10:08.190 17607 17607 I CS3ExoPlayer: saveData
10-08 15:10:08.190 17607 17607 I CS3ExoPlayer: handleEvent Pause
10-08 15:10:08.286 17607 17607 W PanelsChildGestureRegionObserver: failed to register view with ID 2131362800. already registered
10-08 15:10:08.564 17607 17607 W PanelsChildGestureRegionObserver: failed to register view with ID 2131362800. already registered
10-08 15:10:08.582 17607 17721 D SurfaceView@6f71d6a: updateSurfacePosition RenderWorker, frameNr = 575, position = [54, 314, 1026, 787] surfaceSize = 1080x525
10-08 15:10:08.582 17607 17721 I SurfaceView@6f71d6a: uSP: rtp = Rect(54, 314 - 1026, 787) rtsw = 1080 rtsh = 525
10-08 15:10:08.582 17607 17721 I SurfaceView@6f71d6a: onSSPAndSRT: pl = 54 pt = 314 sx = 0.9 sy = 0.9009524
10-08 15:10:08.582 17607 17721 I SurfaceView@6f71d6a: aOrMT: ViewRootImpl@2cf4351[MainActivity] t = android.view.SurfaceControl$Transaction@6dc5a80 fN = 575 android.view.SurfaceView.-$$Nest$mapplyOrMergeTransaction:0 android.view.SurfaceView$SurfaceViewPositionUpdateListener.positionChanged:1537 android.graphics.RenderNode$CompositePositionUpdateListener.positionChanged:373 
10-08 15:10:08.582 17607 17721 I ViewRootImpl@2cf4351[MainActivity]: mWNT: t=0x7b41f91400 mBlastBufferQueue=0x7b5c027100 fn= 575 caller= android.view.SurfaceView.applyOrMergeTransaction:1455 android.view.SurfaceView.-$$Nest$mapplyOrMergeTransaction:0 android.view.SurfaceView$SurfaceViewPositionUpdateListener.positionChanged:1537 
10-08 15:10:08.583 17607 17607 I SurfaceView@6f71d6a: onWindowVisibilityChanged(8) false android.view.SurfaceView{6f71d6a V.E..V... ........ 0,0-1080,525} of ViewRootImpl@2cf4351[MainActivity]
10-08 15:10:08.583 17607 17607 I SurfaceView@6f71d6a: Changes: creating=false format=false size=false visible=true alpha=false hint=false mUseAlpha=false visible=true left=false top=false
10-08 15:10:08.583 17607 17607 I SurfaceView@6f71d6a: 116858218 Cur surface: Surface(name=null)/@0x3869e7c
10-08 15:10:08.583 17607 17607 I SurfaceView@6f71d6a: applyTransactionOnVriDraw: vri = ViewRootImpl@2cf4351[MainActivity] fRS = false t = 0x7b18eeab00 android.view.SurfaceView.performSurfaceTransaction:959 android.view.SurfaceView.updateSurface:1105 android.view.SurfaceView.onWindowVisibilityChanged:371 
10-08 15:10:08.583 17607 17607 I ViewRootImpl@2cf4351[MainActivity]: applyTransactionOnDraw: mRemoved = false isHardwareEnabled = true t = 0x7b18eeab00android.view.SurfaceView.applyTransactionOnVriDraw:2048 android.view.SurfaceView.performSurfaceTransaction:959 android.view.SurfaceView.updateSurface:1105 android.view.SurfaceView.onWindowVisibilityChanged:371 android.view.View.dispatchDetachedFromWindow:22529 
10-08 15:10:08.583 17607 17607 I SurfaceView@6f71d6a: surfaceDestroyed
10-08 15:10:08.583 17607 17607 I SurfaceView@6f71d6a: surfaceDestroyed callback.size 0 #2 android.view.SurfaceView{6f71d6a V.E..V... ........ 0,0-1080,525}
10-08 15:10:08.583 17607 17607 I SurfaceView@6f71d6a: updateSurface: mVisible = false mSurface.isValid() = true
10-08 15:10:08.584 17607 17607 I SurfaceView@6f71d6a: releaseSurfaces: viewRoot = ViewRootImpl@2cf4351[MainActivity]
10-08 15:10:08.584 17607 17607 I SurfaceView@6f71d6a: applyTransactionOnVriDraw: vri = ViewRootImpl@2cf4351[MainActivity] fRS = true t = 0x7bda7d4600 android.view.SurfaceView.releaseSurfaces:858 android.view.SurfaceView.updateSurface:1172 android.view.SurfaceView.onWindowVisibilityChanged:371 
10-08 15:10:08.584 17607 17607 I SurfaceView@6f71d6a: applyTransactionOnVriDraw: viewRoot.applyTransactionOnDrawFromReleaseSurfaces
10-08 15:10:08.584 17607 17607 I ViewRootImpl@2cf4351[MainActivity]: applyTransactionOnDraw: mRemoved = false isHardwareEnabled = true t = 0x7bda7d4600android.view.ViewRootImpl.applyTransactionOnDrawFromReleaseSurfaces:12850 android.view.SurfaceView.applyTransactionOnVriDraw:2046 android.view.SurfaceView.releaseSurfaces:858 android.view.SurfaceView.updateSurface:1172 android.view.SurfaceView.onWindowVisibilityChanged:371 
10-08 15:10:08.584 17607 17607 V SurfaceView@6f71d6a: Layout: x=0 y=218 w=1080 h=525, frame=Rect(0, 0 - 1080, 525)
10-08 15:10:08.584 17607 17607 I SurfaceView@6f71d6a: onDetachedFromWindow: tryReleaseSurfaces()
10-08 15:10:08.584 17607 17607 I SurfaceView@6f71d6a: releaseSurfaces: viewRoot = ViewRootImpl@2cf4351[MainActivity]
10-08 15:10:08.584 17607 17607 I SurfaceView@6f71d6a: applyTransactionOnVriDraw: vri = ViewRootImpl@2cf4351[MainActivity] fRS = true t = 0x7b18eeae00 android.view.SurfaceView.releaseSurfaces:858 android.view.SurfaceView.onDetachedFromWindow:500 android.view.View.dispatchDetachedFromWindow:22538 
10-08 15:10:08.584 17607 17607 I SurfaceView@6f71d6a: applyTransactionOnVriDraw: viewRoot.applyTransactionOnDrawFromReleaseSurfaces
10-08 15:10:08.584 17607 17607 I ViewRootImpl@2cf4351[MainActivity]: applyTransactionOnDraw: mRemoved = false isHardwareEnabled = true t = 0x7b18eeae00android.view.ViewRootImpl.applyTransactionOnDrawFromReleaseSurfaces:12850 android.view.SurfaceView.applyTransactionOnVriDraw:2046 android.view.SurfaceView.releaseSurfaces:858 android.view.SurfaceView.onDetachedFromWindow:500 android.view.View.dispatchDetachedFromWindow:22538 
10-08 15:10:08.594 17607 17607 I DecorView: notifyKeepScreenOnChanged: keepScreenOn=false
10-08 15:10:08.595 17607 17607 I CS3ExoPlayer: releasePlayer
10-08 15:10:08.595 17607 17607 I CS3ExoPlayer: Handle event: PlayerAttachedEvent(player=null, source=Player)
10-08 15:10:08.596 17607 17607 I DecorView: notifyKeepScreenOnChanged: keepScreenOn=false
10-08 15:10:08.597 17607 17607 I ViewRootImpl@2cf4351[MainActivity]: performTraversals params={(0,0)(fillxfill) sim={state=always_hidden adjust=resize} ty=BASE_APPLICATION wanim=0x1030309
10-08 15:10:08.597 17607 17607 I ViewRootImpl@2cf4351[MainActivity]:   fl=85810100
10-08 15:10:08.597 17607 17607 I ViewRootImpl@2cf4351[MainActivity]:   pfl=12020040
10-08 15:10:08.597 17607 17607 I ViewRootImpl@2cf4351[MainActivity]:   vsysui=500
10-08 15:10:08.597 17607 17607 I ViewRootImpl@2cf4351[MainActivity]:   bhv=DEFAULT
10-08 15:10:08.597 17607 17607 I ViewRootImpl@2cf4351[MainActivity]:   fitSides= naviIconColor=0}
10-08 15:10:08.598 17607 17607 I ViewRootImpl@2cf4351[MainActivity]: performTraversals mFirst=false windowShouldResize=false viewVisibilityChanged=false mForceNextWindowRelayout=false params={(0,0)(fillxfill) sim={state=always_hidden adjust=resize} ty=BASE_APPLICATION fmt=TRANSLUCENT wanim=0x1030309
10-08 15:10:08.598 17607 17607 I ViewRootImpl@2cf4351[MainActivity]:   fl=85810100
10-08 15:10:08.598 17607 17607 I ViewRootImpl@2cf4351[MainActivity]:   pfl=12020040
10-08 15:10:08.598 17607 17607 I ViewRootImpl@2cf4351[MainActivity]:   vsysui=500
10-08 15:10:08.598 17607 17607 I ViewRootImpl@2cf4351[MainActivity]:   bhv=DEFAULT
10-08 15:10:08.598 17607 17607 I ViewRootImpl@2cf4351[MainActivity]:   fitSides= naviIconColor=0}
10-08 15:10:08.602 17607 17607 I ViewRootImpl@2cf4351[MainActivity]: updateBlastSurfaceIfNeeded mBlastBufferQueue=0x7b5c027100 isSameSurfaceControl=true
10-08 15:10:08.602 17607 17607 I BLASTBufferQueue: update, w= 1080 h= 2400 mName = ViewRootImpl@2cf4351[MainActivity] mNativeObject= 0x7b5c027100 sc.mNativeObject= 0x7b1431c240 format= -3 caller= android.view.ViewRootImpl.updateBlastSurfaceIfNeeded:2898 android.view.ViewRootImpl.relayoutWindow:9847 android.view.ViewRootImpl.performTraversals:3884 android.view.ViewRootImpl.doTraversal:3116 android.view.ViewRootImpl$TraversalRunnable.run:10885 android.view.Choreographer$CallbackRecord.run:1301 
10-08 15:10:08.602 17607 17607 I ViewRootImpl@2cf4351[MainActivity]: Relayout returned: old=(0,0,1080,2400) new=(0,0,1080,2400) req=(1080,2400)0 dur=4 res=0x0 s={true 0x7b5be60800} ch=false seqId=0
10-08 15:10:08.602 17607 17607 I ViewRootImpl@2cf4351[MainActivity]: updateBoundsLayer: t = android.view.SurfaceControl$Transaction@d368eaa sc = Surface(name=Bounds for - com.lagradost.cloudstream3/com.lagradost.cloudstream3.MainActivity@0)/@0x12eba9b frame = 576
10-08 15:10:08.602 17607 17607 I ViewRootImpl@2cf4351[MainActivity]: mWNT: t=0x7b5c006d00 mBlastBufferQueue=0x7b5c027100 fn= 576 caller= android.view.ViewRootImpl.prepareSurfaces:2985 android.view.ViewRootImpl.performTraversals:4233 android.view.ViewRootImpl.doTraversal:3116 
10-08 15:10:08.603 17607 17651 D SurfaceView@6f71d6a: windowPositionLost, frameNr = 576
10-08 15:10:08.604 17607 17722 I ViewRootImpl@2cf4351[MainActivity]: mWNT: t=0x7b18eeab00 mBlastBufferQueue=0x7b5c027100 fn= 576 caller= android.view.ViewRootImpl.lambda$applyTransactionOnDraw$11$android-view-ViewRootImpl:12865 android.view.ViewRootImpl$$ExternalSyntheticLambda1.onFrameDraw:4 android.graphics.HardwareRenderer$FrameDrawingCallback.onFrameDraw:924 
10-08 15:10:08.604 17607 17722 I ViewRootImpl@2cf4351[MainActivity]: mWNT: t=0x7bda7d4600 mBlastBufferQueue=0x7b5c027100 fn= 576 caller= android.view.ViewRootImpl.lambda$applyTransactionOnDraw$11$android-view-ViewRootImpl:12865 android.view.ViewRootImpl$$ExternalSyntheticLambda1.onFrameDraw:4 android.graphics.HardwareRenderer$FrameDrawingCallback.onFrameDraw:924 
10-08 15:10:08.605 17607 17722 I ViewRootImpl@2cf4351[MainActivity]: mWNT: t=0x7b18eeae00 mBlastBufferQueue=0x7b5c027100 fn= 576 caller= android.view.ViewRootImpl.lambda$applyTransactionOnDraw$11$android-view-ViewRootImpl:12865 android.view.ViewRootImpl$$ExternalSyntheticLambda1.onFrameDraw:4 android.graphics.HardwareRenderer$FrameDrawingCallback.onFrameDraw:924 
10-08 15:10:09.253 17607 17607 I ViewRootImpl@2cf4351[MainActivity]: ViewPostIme pointer 0
10-08 15:10:09.310 17607 17607 I ViewRootImpl@2cf4351[MainActivity]: ViewPostIme pointer 1
10-08 15:10:09.329 17607 17607 I NavComponent: Navigating to fragment: 2131362274
10-08 15:10:09.332 17607 17607 I IMM_LC  : hsifw() - flag : 0
10-08 15:10:09.332 17607 17607 I IMM_LC  : hsifw() - mService.hideSoftInput
10-08 15:10:09.362 17607 17607 D ScrollView: initGoToTop
10-08 15:10:09.630 17607 17607 I SurfaceView@b1d979: onWindowVisibilityChanged(0) true android.view.SurfaceView{b1d979 V.E..V... ......I. 0,0-0,0} of ViewRootImpl@2cf4351[MainActivity]
10-08 15:10:09.630 17607 17607 D SurfaceView@b1d979: updateSurface: has no frame
10-08 15:10:09.635 17607 17607 I CS3ExoPlayer: SET STYLE = SaveCaptionStyle(foregroundColor=-1, backgroundColor=0, windowColor=0, edgeType=1, edgeColor=-16777216, typeface=null, typefaceFilePath=null, elevation=20, fixedTextSize=null, edgeSize=null, removeCaptions=false, removeBloat=true, upperCase=false, bold=false, italic=false, backgroundRadius=null)
10-08 15:10:09.648 17607 17607 I IMM_LC  : hsifw() - flag : 0
10-08 15:10:09.648 17607 17607 I IMM_LC  : hsifw() - mService.hideSoftInput
10-08 15:10:09.649 17607 17685 I SYNCVM  : addFromUrl = https://tv6.egydead.live/%d9%85%d8%b4%d8%a7%d9%87%d8%af%d8%a9-%d9%81%d9%8a%d9%84%d9%85-baban-baban-ban-vampire-2025-%d9%85%d8%aa%d8%b1%d8%ac%d9%85/
10-08 15:10:09.649 17607 17685 I SYNCUTIL: getIdsFromUrl https://tv6.egydead.live/%d9%85%d8%b4%d8%a7%d9%87%d8%af%d8%a9-%d9%81%d9%8a%d9%84%d9%85-baban-baban-ban-vampire-2025-%d9%85%d8%aa%d8%b1%d8%ac%d9%85/
10-08 15:10:09.667 17607 17607 I SurfaceView@b1d979: onWindowVisibilityChanged(8) false android.view.SurfaceView{b1d979 V.E..V... ......I. 0,0-0,0} of ViewRootImpl@2cf4351[MainActivity]
10-08 15:10:09.667 17607 17607 D SurfaceView@b1d979: updateSurface: has no frame
10-08 15:10:09.667 17607 17607 D SurfaceView@b1d979: updateSurface: has no frame
10-08 15:10:09.667 17607 17607 I SurfaceView@b1d979: onDetachedFromWindow: tryReleaseSurfaces()
10-08 15:10:09.668 17607 17607 I SurfaceView@b1d979: releaseSurfaces: viewRoot = ViewRootImpl@2cf4351[MainActivity]
10-08 15:10:09.668 17607 17607 I SurfaceView@b1d979: applyTransactionOnVriDraw: vri = ViewRootImpl@2cf4351[MainActivity] fRS = true t = 0x7b18d2c700 android.view.SurfaceView.releaseSurfaces:858 android.view.SurfaceView.onDetachedFromWindow:500 android.view.View.dispatchDetachedFromWindow:22538 
10-08 15:10:09.668 17607 17607 I SurfaceView@b1d979: applyTransactionOnVriDraw: viewRoot.applyTransactionOnDrawFromReleaseSurfaces
10-08 15:10:09.668 17607 17607 I ViewRootImpl@2cf4351[MainActivity]: applyTransactionOnDraw: mRemoved = false isHardwareEnabled = true t = 0x7b18d2c700android.view.ViewRootImpl.applyTransactionOnDrawFromReleaseSurfaces:12850 android.view.SurfaceView.applyTransactionOnVriDraw:2046 android.view.SurfaceView.releaseSurfaces:858 android.view.SurfaceView.onDetachedFromWindow:500 android.view.View.dispatchDetachedFromWindow:22538 
10-08 15:10:09.670 17607 17607 I SurfaceView@b1d979: onWindowVisibilityChanged(0) true android.view.SurfaceView{b1d979 V.E..V... ......I. 0,0-0,0} of ViewRootImpl@2cf4351[MainActivity]
10-08 15:10:09.670 17607 17607 D SurfaceView@b1d979: updateSurface: has no frame
10-08 15:10:09.673 17607 17607 I DecorView: notifyKeepScreenOnChanged: keepScreenOn=false
10-08 15:10:09.681 17607 17607 I CS3ExoPlayer: reloadPlayer
10-08 15:10:09.681 17607 17607 I CS3ExoPlayer: releasePlayer
10-08 15:10:09.682 17607 17607 I CS3ExoPlayer: Handle event: PlayerAttachedEvent(player=null, source=Player)
10-08 15:10:09.688 17607 17607 I ViewRootImpl@2cf4351[MainActivity]: performTraversals params={(0,0)(fillxfill) sim={state=always_hidden adjust=resize} ty=BASE_APPLICATION wanim=0x1030309
10-08 15:10:09.688 17607 17607 I ViewRootImpl@2cf4351[MainActivity]:   fl=85810100
10-08 15:10:09.688 17607 17607 I ViewRootImpl@2cf4351[MainActivity]:   pfl=12020040
10-08 15:10:09.688 17607 17607 I ViewRootImpl@2cf4351[MainActivity]:   vsysui=500
10-08 15:10:09.688 17607 17607 I ViewRootImpl@2cf4351[MainActivity]:   bhv=DEFAULT
10-08 15:10:09.688 17607 17607 I ViewRootImpl@2cf4351[MainActivity]:   fitSides= naviIconColor=0}
10-08 15:10:09.688 17607 17607 I ViewRootImpl@2cf4351[MainActivity]: performTraversals mFirst=false windowShouldResize=false viewVisibilityChanged=false mForceNextWindowRelayout=false params={(0,0)(fillxfill) sim={state=always_hidden adjust=resize} ty=BASE_APPLICATION fmt=TRANSLUCENT wanim=0x1030309
10-08 15:10:09.688 17607 17607 I ViewRootImpl@2cf4351[MainActivity]:   fl=85810100
10-08 15:10:09.688 17607 17607 I ViewRootImpl@2cf4351[MainActivity]:   pfl=12020040
10-08 15:10:09.688 17607 17607 I ViewRootImpl@2cf4351[MainActivity]:   vsysui=500
10-08 15:10:09.688 17607 17607 I ViewRootImpl@2cf4351[MainActivity]:   bhv=DEFAULT
10-08 15:10:09.688 17607 17607 I ViewRootImpl@2cf4351[MainActivity]:   fitSides= naviIconColor=0}
10-08 15:10:09.694 17607 17607 I ViewRootImpl@2cf4351[MainActivity]: updateBlastSurfaceIfNeeded mBlastBufferQueue=0x7b5c027100 isSameSurfaceControl=true
10-08 15:10:09.694 17607 17607 I BLASTBufferQueue: update, w= 1080 h= 2400 mName = ViewRootImpl@2cf4351[MainActivity] mNativeObject= 0x7b5c027100 sc.mNativeObject= 0x7b2bfdf640 format= -3 caller= android.view.ViewRootImpl.updateBlastSurfaceIfNeeded:2898 android.view.ViewRootImpl.relayoutWindow:9847 android.view.ViewRootImpl.performTraversals:3884 android.view.ViewRootImpl.doTraversal:3116 android.view.ViewRootImpl$TraversalRunnable.run:10885 android.view.Choreographer$CallbackRecord.run:1301 
10-08 15:10:09.694 17607 17607 I ViewRootImpl@2cf4351[MainActivity]: Relayout returned: old=(0,0,1080,2400) new=(0,0,1080,2400) req=(1080,2400)0 dur=5 res=0x0 s={true 0x7b5be60800} ch=false seqId=0
10-08 15:10:09.694 17607 17607 I ViewRootImpl@2cf4351[MainActivity]: updateBoundsLayer: t = android.view.SurfaceControl$Transaction@d368eaa sc = Surface(name=Bounds for - com.lagradost.cloudstream3/com.lagradost.cloudstream3.MainActivity@0)/@0x12eba9b frame = 592
10-08 15:10:09.694 17607 17607 I ViewRootImpl@2cf4351[MainActivity]: mWNT: t=0x7b5c006d00 mBlastBufferQueue=0x7b5c027100 fn= 592 caller= android.view.ViewRootImpl.prepareSurfaces:2985 android.view.ViewRootImpl.performTraversals:4233 android.view.ViewRootImpl.doTraversal:3116 
10-08 15:10:09.695 17607 17607 W View    : requestLayout() improperly called by android.widget.FrameLayout{db6372a I.E..V... ......I. 0,0-0,0 #7f0a04e7 app:id/start_panel} during layout: running second layout pass
10-08 15:10:09.695 17607 17607 W View    : requestLayout() improperly called by android.widget.FrameLayout{fe0791b I.E..V... ......ID 1080,0-1080,2143 #7f0a0168 app:id/end_panel} during layout: running second layout pass
10-08 15:10:09.696 17607 17607 D SurfaceView@b1d979: updateSurface: has no frame
10-08 15:10:09.700 17607 17721 I ViewRootImpl@2cf4351[MainActivity]: mWNT: t=0x7b18d2c700 mBlastBufferQueue=0x7b5c027100 fn= 592 caller= android.view.ViewRootImpl.lambda$applyTransactionOnDraw$11$android-view-ViewRootImpl:12865 android.view.ViewRootImpl$$ExternalSyntheticLambda1.onFrameDraw:4 android.graphics.HardwareRenderer$FrameDrawingCallback.onFrameDraw:924 
10-08 15:10:09.707 17607 17607 D SurfaceView@b1d979: updateSurface: has no frame
10-08 15:10:09.711 17607 17607 D SurfaceView@b1d979: updateSurface: has no frame
10-08 15:10:09.726 17607 17607 D SurfaceView@b1d979: updateSurface: has no frame
10-08 15:10:09.744 17607 17607 D SurfaceView@b1d979: updateSurface: has no frame
10-08 15:10:09.759 17607 17607 D SurfaceView@b1d979: updateSurface: has no frame
10-08 15:10:09.776 17607 17607 D SurfaceView@b1d979: updateSurface: has no frame
10-08 15:10:09.793 17607 17607 D SurfaceView@b1d979: updateSurface: has no frame
10-08 15:10:09.809 17607 17607 D SurfaceView@b1d979: updateSurface: has no frame
10-08 15:10:09.826 17607 17607 D SurfaceView@b1d979: updateSurface: has no frame
10-08 15:10:09.843 17607 17607 D SurfaceView@b1d979: updateSurface: has no frame
10-08 15:10:09.862 17607 17607 D SurfaceView@b1d979: updateSurface: has no frame
10-08 15:10:09.876 17607 17607 D SurfaceView@b1d979: updateSurface: has no frame
10-08 15:10:09.893 17607 17607 D SurfaceView@b1d979: updateSurface: has no frame
10-08 15:10:09.909 17607 17607 D SurfaceView@b1d979: updateSurface: has no frame
10-08 15:10:09.926 17607 17607 D SurfaceView@b1d979: updateSurface: has no frame
10-08 15:10:09.943 17607 17607 D SurfaceView@b1d979: updateSurface: has no frame
10-08 15:10:09.959 17607 17607 D SurfaceView@b1d979: updateSurface: has no frame
10-08 15:10:09.976 17607 17607 D SurfaceView@b1d979: updateSurface: has no frame
10-08 15:10:09.993 17607 17607 D SurfaceView@b1d979: updateSurface: has no frame
10-08 15:10:10.009 17607 17607 D SurfaceView@b1d979: updateSurface: has no frame
10-08 15:10:10.026 17607 17607 D SurfaceView@b1d979: updateSurface: has no frame
10-08 15:10:10.043 17607 17607 D SurfaceView@b1d979: updateSurface: has no frame
10-08 15:10:10.059 17607 17607 D SurfaceView@b1d979: updateSurface: has no frame
10-08 15:10:10.068 17607 17720 I RVM2    : applyMeta
10-08 15:10:10.073 17607 17607 W PanelsChildGestureRegionObserver: failed to register view with ID 2131362800. already registered
10-08 15:10:10.077 17607 17607 E CoilImgLoader: Error loading image: coil3.request.NullRequestDataException: The request's data is null.
10-08 15:10:10.083 17607 17607 E CoilImgLoader: Error loading image: coil3.request.NullRequestDataException: The request's data is null.
10-08 15:10:10.128 17607 17679 I SYNCVM  : addFromUrl = https://tv6.egydead.live/%d9%85%d8%b4%d8%a7%d9%87%d8%af%d8%a9-%d9%81%d9%8a%d9%84%d9%85-baban-baban-ban-vampire-2025-%d9%85%d8%aa%d8%b1%d8%ac%d9%85/
10-08 15:10:10.128 17607 17679 I SYNCUTIL: getIdsFromUrl https://tv6.egydead.live/%d9%85%d8%b4%d8%a7%d9%87%d8%af%d8%a9-%d9%81%d9%8a%d9%84%d9%85-baban-baban-ban-vampire-2025-%d9%85%d8%aa%d8%b1%d8%ac%d9%85/
10-08 15:10:10.143 17607 17607 D SurfaceView@b1d979: updateSurface: has no frame
10-08 15:10:10.144 17607 17607 I SurfaceView@b1d979: Changes: creating=true format=true size=true visible=true alpha=false hint=false mUseAlpha=false visible=true left=true top=true
10-08 15:10:10.146 17607 17607 I BLASTBufferQueue: update, w= 1080 h= 525 mName = null mNativeObject= 0x7b5bda3300 sc.mNativeObject= 0x7b2c0f85e0 format= 4 caller= android.view.SurfaceView.createBlastSurfaceControls:1383 android.view.SurfaceView.updateSurface:1079 android.view.SurfaceView.lambda$new$0$android-view-SurfaceView:200 android.view.SurfaceView$$ExternalSyntheticLambda5.onPreDraw:2 android.view.ViewTreeObserver.dispatchOnPreDraw:1121 android.view.ViewRootImpl.performTraversals:4442 
10-08 15:10:10.146 17607 17607 I SurfaceView@b1d979: 11655545 Cur surface: Surface(name=null)/@0x2390358
10-08 15:10:10.146 17607 17607 I SurfaceView@b1d979: pST: sr = Rect(0, 218 - 1080, 743) sw = 1080 sh = 525
10-08 15:10:10.147 17607 17607 D SurfaceView@b1d979: performSurfaceTransaction RenderWorker position = [0, 218, 1080, 743] surfaceSize = 1080x525
10-08 15:10:10.147 17607 17607 I SurfaceView@b1d979: applyTransactionOnVriDraw: vri = ViewRootImpl@2cf4351[MainActivity] fRS = false t = 0x7b18eea900 android.view.SurfaceView.performSurfaceTransaction:959 android.view.SurfaceView.updateSurface:1105 android.view.SurfaceView.lambda$new$0$android-view-SurfaceView:200 
10-08 15:10:10.147 17607 17607 I ViewRootImpl@2cf4351[MainActivity]: applyTransactionOnDraw: mRemoved = false isHardwareEnabled = true t = 0x7b18eea900android.view.SurfaceView.applyTransactionOnVriDraw:2048 android.view.SurfaceView.performSurfaceTransaction:959 android.view.SurfaceView.updateSurface:1105 android.view.SurfaceView.lambda$new$0$android-view-SurfaceView:200 android.view.SurfaceView$$ExternalSyntheticLambda5.onPreDraw:2 
10-08 15:10:10.147 17607 17607 I SurfaceView@b1d979: updateSurface: mVisible = true mSurface.isValid() = true
10-08 15:10:10.147 17607 17607 I SurfaceView@b1d979: updateSurface: mSurfaceCreated = false surfaceChanged = true visibleChanged = true
10-08 15:10:10.147 17607 17607 I SurfaceView@b1d979: visibleChanged -- surfaceCreated
10-08 15:10:10.147 17607 17607 I SurfaceView@b1d979: surfaceCreated 0 #8 android.view.SurfaceView{b1d979 V.E..V... ......ID 0,0-1080,525}
10-08 15:10:10.147 17607 17607 I SurfaceView@b1d979: surfaceChanged -- format=4 w=1080 h=525
10-08 15:10:10.147 17607 17607 I SurfaceView@b1d979: surfaceChanged (1080,525) 0 #8 android.view.SurfaceView{b1d979 V.E..V... ......ID 0,0-1080,525}
10-08 15:10:10.147 17607 17607 I SurfaceView@b1d979: surfaceRedrawNeeded
10-08 15:10:10.148 17607 17607 V SurfaceView@b1d979: Layout: x=0 y=218 w=1080 h=525, frame=Rect(0, 0 - 1080, 525)
10-08 15:10:10.159 17607 17722 D SurfaceView@b1d979: updateSurfacePosition RenderWorker, frameNr = 616, position = [0, 218, 1080, 743] surfaceSize = 1080x525
10-08 15:10:10.160 17607 17722 I SurfaceView@b1d979: uSP: rtp = Rect(0, 218 - 1080, 743) rtsw = 1080 rtsh = 525
10-08 15:10:10.160 17607 17722 I SurfaceView@b1d979: onSSPAndSRT: pl = 0 pt = 218 sx = 1.0 sy = 1.0
10-08 15:10:10.160 17607 17722 I SurfaceView@b1d979: aOrMT: ViewRootImpl@2cf4351[MainActivity] t = android.view.SurfaceControl$Transaction@f6200e9 fN = 616 android.view.SurfaceView.-$$Nest$mapplyOrMergeTransaction:0 android.view.SurfaceView$SurfaceViewPositionUpdateListener.positionChanged:1537 android.graphics.RenderNode$CompositePositionUpdateListener.positionChanged:373 
10-08 15:10:10.160 17607 17722 I ViewRootImpl@2cf4351[MainActivity]: mWNT: t=0x7b18d2cc00 mBlastBufferQueue=0x7b5c027100 fn= 616 caller= android.view.SurfaceView.applyOrMergeTransaction:1455 android.view.SurfaceView.-$$Nest$mapplyOrMergeTransaction:0 android.view.SurfaceView$SurfaceViewPositionUpdateListener.positionChanged:1537 
10-08 15:10:10.160 17607 17721 I ViewRootImpl@2cf4351[MainActivity]: mWNT: t=0x7b18eea900 mBlastBufferQueue=0x7b5c027100 fn= 616 caller= android.view.ViewRootImpl.lambda$applyTransactionOnDraw$11$android-view-ViewRootImpl:12865 android.view.ViewRootImpl$$ExternalSyntheticLambda1.onFrameDraw:4 android.graphics.HardwareRenderer$FrameDrawingCallback.onFrameDraw:924 
10-08 15:10:10.178 17607 17607 I SurfaceView@b1d979: finishedDrawing
10-08 15:10:10.736 17607 17607 I ViewRootImpl@2cf4351[MainActivity]: ViewPostIme pointer 0
10-08 15:10:11.266 17607 17607 I Dialog  : mIsDeviceDefault = false, mIsSamsungBasicInteraction = false, isMetaDataInActivity = false
10-08 15:10:11.302 17607 17607 I DecorView: [INFO] isPopOver=false config=false
10-08 15:10:11.303 17607 17607 I DecorView: updateCaptionType: isFloating=false isApplication=true hasWindowDecorCaption=false this=DecorView@35bb0cc[]
10-08 15:10:11.303 17607 17607 D DecorView: setCaptionType = 0, this = DecorView@35bb0cc[]
10-08 15:10:11.306 17607 17607 I DecorView: getCurrentDensityDpi: from app context. densityDpi=420 msg=resources_loaded
10-08 15:10:11.306 17607 17607 I DecorView: setWindowBackground: isPopOver=false color=0 d=android.graphics.drawable.ColorDrawable@5ea522a
10-08 15:10:11.315 17607 17651 D NativeCustomFrequencyManager: [NativeCFMS] BpCustomFrequencyManager::BpCustomFrequencyManager()
10-08 15:10:11.316 17607 17607 I DecorView: notifyKeepScreenOnChanged: keepScreenOn=false
10-08 15:10:11.334 17607 17607 D InsetsController: onStateChanged: InsetsState: {mDisplayFrame=Rect(0, 0 - 1080, 2400), mDisplayCutout=DisplayCutout{insets=Rect(0, 88 - 0, 0) waterfall=Insets{left=0, top=0, right=0, bottom=0} boundingRect={Bounds=[Rect(0, 0 - 0, 0), Rect(512, 0 - 568, 88), Rect(0, 0 - 0, 0), Rect(0, 0 - 0, 0)]} cutoutPathParserInfo={CutoutPathParserInfo{displayWidth=1080 displayHeight=2400 physicalDisplayWidth=1080 physicalDisplayHeight=2400 density={2.625} cutoutSpec={M 0,0 M 0,12.25101276465640 a 10.60613009248640,10.60613009248640 0 1,0 0,21.21226018497290 a 10.60613009248640,10.60613009248640 0 1,0 0,-21.21226018497290 Z @dp} rotation={0} scale={1.0} physicalPixelDisplaySizeRatio={1.0}}}}, mRoundedCorners=RoundedCorners{[RoundedCorner{position=TopLeft, radius=84, center=Point(84, 84)}, RoundedCorner{position=TopRight, radius=84, center=Point(996, 84)}, RoundedCorner{position=BottomRight, radius=84, center=Point(996, 2316)}, RoundedCorner{position=BottomLeft, radius=84, center=Point(84, 2316)}]}  mRoundedCornerFrame=Rect(0, 0 - 1080, 2400), mPrivacyIndicatorBounds=PrivacyIndicatorBounds {static bounds=Rect(964, 0 - 1080, 87) rotation=0}, mSources= { InsetsSource: {mType=ITYPE_STATUS_BAR, mFrame=[0,0][1080,88], mVisible=true, mInsetsRoundedCornerFrame=false}, InsetsSource: {mType=ITYPE_NAVIGATION_BAR, mFrame=[0,2361][1080,2400], mVisible=true, mInsetsRoundedCornerFrame=false}, InsetsSource: {mType=ITYPE_LEFT_GESTURES, mFrame=[0,0][130,2400], mVisible=true, mInsetsRoundedCornerFrame=false}, InsetsSource: {mType=ITYPE_RIGHT_GESTURES, mFrame=[950,0][1080,2400], mVisible=true, mInsetsRoundedCornerFrame=false}, InsetsSource: {mType=ITYPE_TOP_MANDATORY_GESTURES, mFrame=[0,0][1080,120], mVisible=true, mInsetsRoundedCornerFrame=false}, InsetsSource: {mType=ITYPE_BOTTOM_MANDATORY_GESTURES, mFrame=[0,2316][1080,2400], mVisible=true, mInsetsRoundedCornerFrame=false}, InsetsSource: {mType=ITYPE_LEFT_DISPLAY_CUTOUT, mFrame=[0,0][-100000,2400], mVisible=true, mInsetsRoundedCornerFrame=false}, InsetsSource: {mType=ITYPE_TOP_DISPLAY_CUTOUT, mFrame=[0,0][1080,88], mVisible=true, mInsetsRoundedCornerFrame=false}, InsetsSource: {mType=ITYPE_RIGHT_DISPLAY_CUTOUT, mFrame=[100000,0][1080,2400], mVisible=true, mInsetsRoundedCornerFrame=false}, InsetsSource: {mType=ITYPE_BOTTOM_DISPLAY_CUTOUT, mFrame=[0,100000][1080,2400], mVisible=true, mInsetsRoundedCornerFrame=false}, InsetsSource: {mType=ITYPE_TOP_TAPPABLE_ELEMENT, mFrame=[0,0][1080,88], mVisible=true, mInsetsRoundedCornerFrame=false}, InsetsSource: {mType=ITYPE_BOTTOM_TAPPABLE_ELEMENT, mFrame=[0,0][0,0], mVisible=true, mInsetsRoundedCornerFrame=false}, InsetsSource: {mType=ITYPE_IME, mFrame=[0,0][0,0], mVisibleFrame=[0,1409][1080,2400], mVisible=false, mInsetsRoundedCornerFrame=false} } host=com.lagradost.cloudstream3/com.lagradost.cloudstream3.MainActivity from=android.view.ViewRootImpl.setView:1732
10-08 15:10:11.336 17607 17607 I ViewRootImpl@a154f93[MainActivity]: setView = com.android.internal.policy.DecorView@35bb0cc TM=true
10-08 15:10:11.351 17607 17607 I ViewRootImpl@a154f93[MainActivity]: performTraversals params={(0,0)(fillxfill) gr=CENTER sim={adjust=resize forwardNavigation} ty=APPLICATION fmt=TRANSPARENT wanim=0x7f14000b
10-08 15:10:11.351 17607 17607 I ViewRootImpl@a154f93[MainActivity]:   fl=85810100
10-08 15:10:11.351 17607 17607 I ViewRootImpl@a154f93[MainActivity]:   pfl=12020040
10-08 15:10:11.351 17607 17607 I ViewRootImpl@a154f93[MainActivity]:   vsysui=500
10-08 15:10:11.351 17607 17607 I ViewRootImpl@a154f93[MainActivity]:   bhv=DEFAULT
10-08 15:10:11.351 17607 17607 I ViewRootImpl@a154f93[MainActivity]:   fitSides= naviIconColor=0}
10-08 15:10:11.352 17607 17607 I ViewRootImpl@a154f93[MainActivity]: performTraversals mFirst=true windowShouldResize=true viewVisibilityChanged=false mForceNextWindowRelayout=false params={(0,0)(fillxfill) gr=CENTER sim={adjust=resize forwardNavigation} ty=APPLICATION fmt=TRANSPARENT wanim=0x7f14000b
10-08 15:10:11.352 17607 17607 I ViewRootImpl@a154f93[MainActivity]:   fl=85810100
10-08 15:10:11.352 17607 17607 I ViewRootImpl@a154f93[MainActivity]:   pfl=12020040
10-08 15:10:11.352 17607 17607 I ViewRootImpl@a154f93[MainActivity]:   vsysui=500
10-08 15:10:11.352 17607 17607 I ViewRootImpl@a154f93[MainActivity]:   bhv=DEFAULT
10-08 15:10:11.352 17607 17607 I ViewRootImpl@a154f93[MainActivity]:   fitSides= naviIconColor=0}
10-08 15:10:11.367 17607 17607 I ViewRootImpl@a154f93[MainActivity]: updateBlastSurfaceIfNeeded mBlastBufferQueue=null isSameSurfaceControl=false
10-08 15:10:11.368 17607 17607 I BLASTBufferQueue: new BLASTBufferQueue, mName= ViewRootImpl@a154f93[MainActivity] mNativeObject= 0x7b5bda3600 sc.mNativeObject= 0x7b2c0fb240 caller= android.view.ViewRootImpl.updateBlastSurfaceIfNeeded:2909 android.view.ViewRootImpl.relayoutWindow:9847 android.view.ViewRootImpl.performTraversals:3884 android.view.ViewRootImpl.doTraversal:3116 android.view.ViewRootImpl$TraversalRunnable.run:10885 android.view.Choreographer$CallbackRecord.run:1301 android.view.Choreographer$CallbackRecord.run:1309 android.view.Choreographer.doCallbacks:923 android.view.Choreographer.doFrame:852 android.view.Choreographer$FrameDisplayEventReceiver.run:1283 
10-08 15:10:11.368 17607 17607 I BLASTBufferQueue: update, w= 1080 h= 2400 mName = ViewRootImpl@a154f93[MainActivity] mNativeObject= 0x7b5bda3600 sc.mNativeObject= 0x7b2c0fb240 format= -2 caller= android.graphics.BLASTBufferQueue.<init>:84 android.view.ViewRootImpl.updateBlastSurfaceIfNeeded:2909 android.view.ViewRootImpl.relayoutWindow:9847 android.view.ViewRootImpl.performTraversals:3884 android.view.ViewRootImpl.doTraversal:3116 android.view.ViewRootImpl$TraversalRunnable.run:10885 
10-08 15:10:11.369 17607 17607 I ViewRootImpl@a154f93[MainActivity]: Relayout returned: old=(0,0,1080,2400) new=(0,0,1080,2400) req=(1080,2400)0 dur=15 res=0x3 s={true 0x7bda5af000} ch=true seqId=0
10-08 15:10:11.370 17607 17607 I ViewRootImpl@a154f93[MainActivity]: mThreadedRenderer.initialize() mSurface={isValid=true 0x7bda5af000} hwInitialized=true
10-08 15:10:11.370 17607 17651 D OpenGLRenderer: eglCreateWindowSurface
10-08 15:10:11.388 17607 17607 D AbsListView:  in onLayout changed 
10-08 15:10:11.390 17607 17607 I ViewRootImpl@a154f93[MainActivity]: reportNextDraw android.view.ViewRootImpl.performTraversals:4438 android.view.ViewRootImpl.doTraversal:3116 android.view.ViewRootImpl$TraversalRunnable.run:10885 android.view.Choreographer$CallbackRecord.run:1301 android.view.Choreographer$CallbackRecord.run:1309 
10-08 15:10:11.390 17607 17607 I ViewRootImpl@a154f93[MainActivity]: Setup new sync id=0
10-08 15:10:11.390 17607 17607 I ViewRootImpl@a154f93[MainActivity]: Setting syncFrameCallback
10-08 15:10:11.390 17607 17607 I ViewRootImpl@a154f93[MainActivity]: registerCallbacksForSync syncBuffer=false
10-08 15:10:11.395 17607 17722 I ViewRootImpl@a154f93[MainActivity]: Received frameDrawingCallback syncResult=0 frameNum=1.
10-08 15:10:11.395 17607 17722 I ViewRootImpl@a154f93[MainActivity]: Setting up sync and frameCommitCallback
10-08 15:10:11.400 17607 17651 I BLASTBufferQueue: [ViewRootImpl@a154f93[MainActivity]#8](f:0,a:0) onFrameAvailable the first frame is available
10-08 15:10:11.401 17607 17651 I ViewRootImpl@a154f93[MainActivity]: Received frameCommittedCallback lastAttemptedDrawFrameNum=1 didProduceBuffer=true
10-08 15:10:11.403 17607 17651 D OpenGLRenderer: CFMS:: SetUp Pid : 17607    Tid : 17651
10-08 15:10:11.408 17607 17607 I ViewRootImpl@a154f93[MainActivity]: onSyncComplete
10-08 15:10:11.409 17607 17607 I ViewRootImpl@a154f93[MainActivity]: setupSync seqId=0 mSyncId=0 fn=1 caller=android.view.ViewRootImpl$$ExternalSyntheticLambda11.accept:6 android.window.SurfaceSyncer.lambda$setupSync$1$android-window-SurfaceSyncer:128 android.window.SurfaceSyncer$$ExternalSyntheticLambda1.accept:8 android.window.SurfaceSyncer$SyncSet.checkIfSyncIsComplete:382 android.window.SurfaceSyncer$SyncSet.markSyncReady:359 android.window.SurfaceSyncer.markSyncReady:151 android.view.ViewRootImpl.performTraversals:4503 
10-08 15:10:11.409 17607 17607 I ViewRootImpl@a154f93[MainActivity]: reportDrawFinished seqId=0 mSyncId=-1 fn=1 mSurfaceChangedTransaction=0x7b2c07c300
10-08 15:10:11.414 17607 17607 I ViewRootImpl@2cf4351[MainActivity]: MSG_WINDOW_FOCUS_CHANGED 0 0
10-08 15:10:11.448 17607 17607 I ViewRootImpl@2cf4351[MainActivity]: ViewPostIme pointer 1
10-08 15:10:11.461 17607 17607 I ViewRootImpl@a154f93[MainActivity]: MSG_WINDOW_FOCUS_CHANGED 1 0
10-08 15:10:11.461 17607 17607 I ViewRootImpl@a154f93[MainActivity]: mThreadedRenderer.initializeIfNeeded()#2 mSurface={isValid=true 0x7bda5af000}
10-08 15:10:11.463 17607 17607 D InputMethodManager: startInputInner - Id : 0
10-08 15:10:11.463 17607 17607 I InputMethodManager: startInputInner - mService.startInputOrWindowGainedFocus
10-08 15:10:12.145 17607 17607 I ViewRootImpl@a154f93[MainActivity]: ViewPostIme pointer 0
10-08 15:10:12.210 17607 17607 I ViewRootImpl@a154f93[MainActivity]: ViewPostIme pointer 1
10-08 15:10:12.211 17607 17607 D AbsListView: onTouchUp() mTouchMode : 0
10-08 15:10:12.287 17607 17607 I MSHandlerLifeCycle: removeMultiSplitHandler: no exist. decor=DecorView@35bb0cc[MainActivity]
10-08 15:10:12.287 17607 17679 D EgyDead : Loading links for URL: https://tv6.egydead.live/%d9%85%d8%b4%d8%a7%d9%87%d8%af%d8%a9-%d9%81%d9%8a%d9%84%d9%85-baban-baban-ban-vampire-2025-%d9%85%d8%aa%d8%b1%d8%ac%d9%85/
10-08 15:10:12.288 17607 17651 D OpenGLRenderer: setSurface called with nullptr
10-08 15:10:12.288 17607 17651 D OpenGLRenderer: setSurface() destroyed EGLSurface
10-08 15:10:12.288 17607 17651 D OpenGLRenderer: destroyEglSurface
10-08 15:10:12.289 17607 17651 D OpenGLRenderer: endAllActiveAnimators on 0x7b2c1ede00 (MaterialTextView) with handle 0x7be16b0460
10-08 15:10:12.290 17607 17607 I ViewRootImpl@a154f93[MainActivity]: dispatchDetachedFromWindow
10-08 15:10:12.312 17607 17607 D InputTransport: Input channel destroyed: '9c0c0a5', fd=151
10-08 15:10:12.314 17607 17607 I Dialog  : mIsDeviceDefault = false, mIsSamsungBasicInteraction = false, isMetaDataInActivity = false
10-08 15:10:12.349 17607 17607 I DecorView: [INFO] isPopOver=false config=false
10-08 15:10:12.349 17607 17607 I DecorView: updateCaptionType: isFloating=false isApplication=true hasWindowDecorCaption=false this=DecorView@9d40992[]
10-08 15:10:12.349 17607 17607 D DecorView: setCaptionType = 0, this = DecorView@9d40992[]
10-08 15:10:12.351 17607 17607 I DecorView: getCurrentDensityDpi: from app context. densityDpi=420 msg=resources_loaded
10-08 15:10:12.351 17607 17607 I DecorView: setWindowBackground: isPopOver=false color=0 d=android.graphics.drawable.ColorDrawable@bf9d760
10-08 15:10:12.359 17607 17651 D NativeCustomFrequencyManager: [NativeCFMS] BpCustomFrequencyManager::BpCustomFrequencyManager()
10-08 15:10:12.360 17607 17607 I DecorView: notifyKeepScreenOnChanged: keepScreenOn=false
10-08 15:10:12.371 17607 17607 D InsetsController: onStateChanged: InsetsState: {mDisplayFrame=Rect(0, 0 - 1080, 2400), mDisplayCutout=DisplayCutout{insets=Rect(0, 88 - 0, 0) waterfall=Insets{left=0, top=0, right=0, bottom=0} boundingRect={Bounds=[Rect(0, 0 - 0, 0), Rect(512, 0 - 568, 88), Rect(0, 0 - 0, 0), Rect(0, 0 - 0, 0)]} cutoutPathParserInfo={CutoutPathParserInfo{displayWidth=1080 displayHeight=2400 physicalDisplayWidth=1080 physicalDisplayHeight=2400 density={2.625} cutoutSpec={M 0,0 M 0,12.25101276465640 a 10.60613009248640,10.60613009248640 0 1,0 0,21.21226018497290 a 10.60613009248640,10.60613009248640 0 1,0 0,-21.21226018497290 Z @dp} rotation={0} scale={1.0} physicalPixelDisplaySizeRatio={1.0}}}}, mRoundedCorners=RoundedCorners{[RoundedCorner{position=TopLeft, radius=84, center=Point(84, 84)}, RoundedCorner{position=TopRight, radius=84, center=Point(996, 84)}, RoundedCorner{position=BottomRight, radius=84, center=Point(996, 2316)}, RoundedCorner{position=BottomLeft, radius=84, center=Point(84, 2316)}]}  mRoundedCornerFrame=Rect(0, 0 - 1080, 2400), mPrivacyIndicatorBounds=PrivacyIndicatorBounds {static bounds=Rect(964, 0 - 1080, 87) rotation=0}, mSources= { InsetsSource: {mType=ITYPE_STATUS_BAR, mFrame=[0,0][1080,88], mVisible=true, mInsetsRoundedCornerFrame=false}, InsetsSource: {mType=ITYPE_NAVIGATION_BAR, mFrame=[0,2361][1080,2400], mVisible=true, mInsetsRoundedCornerFrame=false}, InsetsSource: {mType=ITYPE_LEFT_GESTURES, mFrame=[0,0][130,2400], mVisible=true, mInsetsRoundedCornerFrame=false}, InsetsSource: {mType=ITYPE_RIGHT_GESTURES, mFrame=[950,0][1080,2400], mVisible=true, mInsetsRoundedCornerFrame=false}, InsetsSource: {mType=ITYPE_TOP_MANDATORY_GESTURES, mFrame=[0,0][1080,120], mVisible=true, mInsetsRoundedCornerFrame=false}, InsetsSource: {mType=ITYPE_BOTTOM_MANDATORY_GESTURES, mFrame=[0,2316][1080,2400], mVisible=true, mInsetsRoundedCornerFrame=false}, InsetsSource: {mType=ITYPE_LEFT_DISPLAY_CUTOUT, mFrame=[0,0][-100000,2400], mVisible=true, mInsetsRoundedCornerFrame=false}, InsetsSource: {mType=ITYPE_TOP_DISPLAY_CUTOUT, mFrame=[0,0][1080,88], mVisible=true, mInsetsRoundedCornerFrame=false}, InsetsSource: {mType=ITYPE_RIGHT_DISPLAY_CUTOUT, mFrame=[100000,0][1080,2400], mVisible=true, mInsetsRoundedCornerFrame=false}, InsetsSource: {mType=ITYPE_BOTTOM_DISPLAY_CUTOUT, mFrame=[0,100000][1080,2400], mVisible=true, mInsetsRoundedCornerFrame=false}, InsetsSource: {mType=ITYPE_TOP_TAPPABLE_ELEMENT, mFrame=[0,0][1080,88], mVisible=true, mInsetsRoundedCornerFrame=false}, InsetsSource: {mType=ITYPE_BOTTOM_TAPPABLE_ELEMENT, mFrame=[0,0][0,0], mVisible=true, mInsetsRoundedCornerFrame=false}, InsetsSource: {mType=ITYPE_IME, mFrame=[0,0][0,0], mVisibleFrame=[0,1409][1080,2400], mVisible=false, mInsetsRoundedCornerFrame=false} } host=com.lagradost.cloudstream3/com.lagradost.cloudstream3.MainActivity from=android.view.ViewRootImpl.setView:1732
10-08 15:10:12.372 17607 17607 I ViewRootImpl@2693d51[MainActivity]: setView = com.android.internal.policy.DecorView@9d40992 TM=true
10-08 15:10:12.378 17607 17607 I ViewRootImpl@2693d51[MainActivity]: performTraversals params={(0,0)(fillxfill) gr=CENTER sim={adjust=resize forwardNavigation} ty=APPLICATION fmt=TRANSPARENT wanim=0x7f14000b
10-08 15:10:12.378 17607 17607 I ViewRootImpl@2693d51[MainActivity]:   fl=85810100
10-08 15:10:12.378 17607 17607 I ViewRootImpl@2693d51[MainActivity]:   pfl=12020040
10-08 15:10:12.378 17607 17607 I ViewRootImpl@2693d51[MainActivity]:   vsysui=500
10-08 15:10:12.378 17607 17607 I ViewRootImpl@2693d51[MainActivity]:   bhv=DEFAULT
10-08 15:10:12.378 17607 17607 I ViewRootImpl@2693d51[MainActivity]:   fitSides= naviIconColor=0}
10-08 15:10:12.379 17607 17607 I ViewRootImpl@2693d51[MainActivity]: performTraversals mFirst=true windowShouldResize=true viewVisibilityChanged=false mForceNextWindowRelayout=false params={(0,0)(fillxfill) gr=CENTER sim={adjust=resize forwardNavigation} ty=APPLICATION fmt=TRANSPARENT wanim=0x7f14000b
10-08 15:10:12.379 17607 17607 I ViewRootImpl@2693d51[MainActivity]:   fl=85810100
10-08 15:10:12.379 17607 17607 I ViewRootImpl@2693d51[MainActivity]:   pfl=12020040
10-08 15:10:12.379 17607 17607 I ViewRootImpl@2693d51[MainActivity]:   vsysui=500
10-08 15:10:12.379 17607 17607 I ViewRootImpl@2693d51[MainActivity]:   bhv=DEFAULT
10-08 15:10:12.379 17607 17607 I ViewRootImpl@2693d51[MainActivity]:   fitSides= naviIconColor=0}
10-08 15:10:12.389 17607 17607 I ViewRootImpl@2693d51[MainActivity]: updateBlastSurfaceIfNeeded mBlastBufferQueue=null isSameSurfaceControl=false
10-08 15:10:12.390 17607 17607 I BLASTBufferQueue: new BLASTBufferQueue, mName= ViewRootImpl@2693d51[MainActivity] mNativeObject= 0x7b5bda4200 sc.mNativeObject= 0x7b2c25a240 caller= android.view.ViewRootImpl.updateBlastSurfaceIfNeeded:2909 android.view.ViewRootImpl.relayoutWindow:9847 android.view.ViewRootImpl.performTraversals:3884 android.view.ViewRootImpl.doTraversal:3116 android.view.ViewRootImpl$TraversalRunnable.run:10885 android.view.Choreographer$CallbackRecord.run:1301 android.view.Choreographer$CallbackRecord.run:1309 android.view.Choreographer.doCallbacks:923 android.view.Choreographer.doFrame:852 android.view.Choreographer$FrameDisplayEventReceiver.run:1283 
10-08 15:10:12.390 17607 17607 I BLASTBufferQueue: update, w= 1080 h= 2400 mName = ViewRootImpl@2693d51[MainActivity] mNativeObject= 0x7b5bda4200 sc.mNativeObject= 0x7b2c25a240 format= -2 caller= android.graphics.BLASTBufferQueue.<init>:84 android.view.ViewRootImpl.updateBlastSurfaceIfNeeded:2909 android.view.ViewRootImpl.relayoutWindow:9847 android.view.ViewRootImpl.performTraversals:3884 android.view.ViewRootImpl.doTraversal:3116 android.view.ViewRootImpl$TraversalRunnable.run:10885 
10-08 15:10:12.391 17607 17607 I ViewRootImpl@2693d51[MainActivity]: Relayout returned: old=(0,0,1080,2400) new=(0,0,1080,2400) req=(1080,2400)0 dur=10 res=0x3 s={true 0x7bda5af000} ch=true seqId=0
10-08 15:10:12.392 17607 17607 I ViewRootImpl@2693d51[MainActivity]: mThreadedRenderer.initialize() mSurface={isValid=true 0x7bda5af000} hwInitialized=true
10-08 15:10:12.393 17607 17651 D OpenGLRenderer: eglCreateWindowSurface
10-08 15:10:12.396 17607 17607 I ViewRootImpl@2693d51[MainActivity]: reportNextDraw android.view.ViewRootImpl.performTraversals:4438 android.view.ViewRootImpl.doTraversal:3116 android.view.ViewRootImpl$TraversalRunnable.run:10885 android.view.Choreographer$CallbackRecord.run:1301 android.view.Choreographer$CallbackRecord.run:1309 
10-08 15:10:12.396 17607 17607 I ViewRootImpl@2693d51[MainActivity]: Setup new sync id=0
10-08 15:10:12.396 17607 17607 I ViewRootImpl@2693d51[MainActivity]: Setting syncFrameCallback
10-08 15:10:12.396 17607 17607 I ViewRootImpl@2693d51[MainActivity]: registerCallbacksForSync syncBuffer=false
10-08 15:10:12.399 17607 17721 I ViewRootImpl@2693d51[MainActivity]: Received frameDrawingCallback syncResult=0 frameNum=1.
10-08 15:10:12.399 17607 17721 I ViewRootImpl@2693d51[MainActivity]: Setting up sync and frameCommitCallback
10-08 15:10:12.405 17607 17651 I BLASTBufferQueue: [ViewRootImpl@2693d51[MainActivity]#9](f:0,a:0) onFrameAvailable the first frame is available
10-08 15:10:12.406 17607 17651 I ViewRootImpl@2693d51[MainActivity]: Received frameCommittedCallback lastAttemptedDrawFrameNum=1 didProduceBuffer=true
10-08 15:10:12.409 17607 17651 D OpenGLRenderer: CFMS:: SetUp Pid : 17607    Tid : 17651
10-08 15:10:12.413 17607 17607 I ViewRootImpl@2693d51[MainActivity]: onSyncComplete
10-08 15:10:12.414 17607 17607 I ViewRootImpl@2693d51[MainActivity]: setupSync seqId=0 mSyncId=0 fn=1 caller=android.view.ViewRootImpl$$ExternalSyntheticLambda11.accept:6 android.window.SurfaceSyncer.lambda$setupSync$1$android-window-SurfaceSyncer:128 android.window.SurfaceSyncer$$ExternalSyntheticLambda1.accept:8 android.window.SurfaceSyncer$SyncSet.checkIfSyncIsComplete:382 android.window.SurfaceSyncer$SyncSet.markSyncReady:359 android.window.SurfaceSyncer.markSyncReady:151 android.view.ViewRootImpl.performTraversals:4503 
10-08 15:10:12.414 17607 17607 I ViewRootImpl@2693d51[MainActivity]: reportDrawFinished seqId=0 mSyncId=-1 fn=1 mSurfaceChangedTransaction=0x7b2c25b000
