10-08 14:21:47.244  7337  7337 I ViewRootImpl@da31563[MainActivity]: MSG_WINDOW_FOCUS_CHANGED 1 0
10-08 14:21:47.244  7337  7337 I ViewRootImpl@da31563[MainActivity]: mThreadedRenderer.initializeIfNeeded()#2 mSurface={isValid=true 0x7b5e655800}
10-08 14:21:47.261  7337  7337 D InputMethodManager: startInputInner - Id : 0
10-08 14:21:47.261  7337  7337 I InputMethodManager: startInputInner - mService.startInputOrWindowGainedFocus
10-08 14:21:47.699  7337  7337 I ViewRootImpl@da31563[MainActivity]: ViewPostIme pointer 0
10-08 14:21:47.752  7337  7337 W PanelsChildGestureRegionObserver: failed to register view with ID 2131362800. already registered
10-08 14:21:47.756  7337  7337 W PanelsChildGestureRegionObserver: failed to register view with ID 2131362800. already registered
10-08 14:21:47.773  7337  7337 W PanelsChildGestureRegionObserver: failed to register view with ID 2131362800. already registered
10-08 14:21:47.790  7337  7337 W PanelsChildGestureRegionObserver: failed to register view with ID 2131362800. already registered
10-08 14:21:47.798  7337  7337 D WindowOnBackDispatcher: onBackInvoked, viewRoot=ViewRootImpl@c44a360[MainActivity], callback=androidx.activity.OnBackPressedDispatcher$Api33Impl$$ExternalSyntheticLambda0@4ed6942
10-08 14:21:47.813  7337  7337 I IMM_LC  : hsifw() - flag : 0
10-08 14:21:47.813  7337  7337 I IMM_LC  : hsifw() - mService.hideSoftInput
10-08 14:21:47.820  7337  7337 I CS3ExoPlayer: onStop
10-08 14:21:47.820  7337  7337 I CS3ExoPlayer: saveData
10-08 14:21:47.820  7337  7337 I CS3ExoPlayer: handleEvent Pause
10-08 14:21:47.922  7337  7337 W PanelsChildGestureRegionObserver: failed to register view with ID 2131362800. already registered
10-08 14:21:48.269  7337  7337 W PanelsChildGestureRegionObserver: failed to register view with ID 2131362800. already registered
10-08 14:21:48.286  7337  7437 D SurfaceView@e6bc59c: updateSurfacePosition RenderWorker, frameNr = 818, position = [54, 314, 1026, 787] surfaceSize = 1080x525
10-08 14:21:48.286  7337  7437 I SurfaceView@e6bc59c: uSP: rtp = Rect(54, 314 - 1026, 787) rtsw = 1080 rtsh = 525
10-08 14:21:48.286  7337  7437 I SurfaceView@e6bc59c: onSSPAndSRT: pl = 54 pt = 314 sx = 0.9 sy = 0.9009524
10-08 14:21:48.286  7337  7437 I SurfaceView@e6bc59c: aOrMT: ViewRootImpl@da31563[MainActivity] t = android.view.SurfaceControl$Transaction@69ef6c fN = 818 android.view.SurfaceView.-$$Nest$mapplyOrMergeTransaction:0 android.view.SurfaceView$SurfaceViewPositionUpdateListener.positionChanged:1537 android.graphics.RenderNode$CompositePositionUpdateListener.positionChanged:373 
10-08 14:21:48.286  7337  7437 I ViewRootImpl@da31563[MainActivity]: mWNT: t=0x7b5e785200 mBlastBufferQueue=0x7b42458800 fn= 818 caller= android.view.SurfaceView.applyOrMergeTransaction:1455 android.view.SurfaceView.-$$Nest$mapplyOrMergeTransaction:0 android.view.SurfaceView$SurfaceViewPositionUpdateListener.positionChanged:1537 
10-08 14:21:48.287  7337  7337 I SurfaceView@e6bc59c: onWindowVisibilityChanged(8) false android.view.SurfaceView{e6bc59c V.E..V... ........ 0,0-1080,525} of ViewRootImpl@da31563[MainActivity]
10-08 14:21:48.287  7337  7337 I SurfaceView@e6bc59c: Changes: creating=false format=false size=false visible=true alpha=false hint=false mUseAlpha=false visible=true left=false top=false
10-08 14:21:48.287  7337  7337 I SurfaceView@e6bc59c: 241943964 Cur surface: Surface(name=null)/@0xb4cfe79
10-08 14:21:48.288  7337  7337 I SurfaceView@e6bc59c: applyTransactionOnVriDraw: vri = ViewRootImpl@da31563[MainActivity] fRS = false t = 0x7b1720f000 android.view.SurfaceView.performSurfaceTransaction:959 android.view.SurfaceView.updateSurface:1105 android.view.SurfaceView.onWindowVisibilityChanged:371 
10-08 14:21:48.288  7337  7337 I ViewRootImpl@da31563[MainActivity]: applyTransactionOnDraw: mRemoved = false isHardwareEnabled = true t = 0x7b1720f000android.view.SurfaceView.applyTransactionOnVriDraw:2048 android.view.SurfaceView.performSurfaceTransaction:959 android.view.SurfaceView.updateSurface:1105 android.view.SurfaceView.onWindowVisibilityChanged:371 android.view.View.dispatchDetachedFromWindow:22529 
10-08 14:21:48.288  7337  7337 I SurfaceView@e6bc59c: surfaceDestroyed
10-08 14:21:48.288  7337  7337 I SurfaceView@e6bc59c: surfaceDestroyed callback.size 0 #2 android.view.SurfaceView{e6bc59c V.E..V... ........ 0,0-1080,525}
10-08 14:21:48.288  7337  7337 I SurfaceView@e6bc59c: updateSurface: mVisible = false mSurface.isValid() = true
10-08 14:21:48.288  7337  7337 I SurfaceView@e6bc59c: releaseSurfaces: viewRoot = ViewRootImpl@da31563[MainActivity]
10-08 14:21:48.288  7337  7337 I SurfaceView@e6bc59c: applyTransactionOnVriDraw: vri = ViewRootImpl@da31563[MainActivity] fRS = true t = 0x7b1720f100 android.view.SurfaceView.releaseSurfaces:858 android.view.SurfaceView.updateSurface:1172 android.view.SurfaceView.onWindowVisibilityChanged:371 
10-08 14:21:48.288  7337  7337 I SurfaceView@e6bc59c: applyTransactionOnVriDraw: viewRoot.applyTransactionOnDrawFromReleaseSurfaces
10-08 14:21:48.289  7337  7337 I ViewRootImpl@da31563[MainActivity]: applyTransactionOnDraw: mRemoved = false isHardwareEnabled = true t = 0x7b1720f100android.view.ViewRootImpl.applyTransactionOnDrawFromReleaseSurfaces:12850 android.view.SurfaceView.applyTransactionOnVriDraw:2046 android.view.SurfaceView.releaseSurfaces:858 android.view.SurfaceView.updateSurface:1172 android.view.SurfaceView.onWindowVisibilityChanged:371 
10-08 14:21:48.289  7337  7337 V SurfaceView@e6bc59c: Layout: x=0 y=218 w=1080 h=525, frame=Rect(0, 0 - 1080, 525)
10-08 14:21:48.289  7337  7337 I SurfaceView@e6bc59c: onDetachedFromWindow: tryReleaseSurfaces()
10-08 14:21:48.289  7337  7337 I SurfaceView@e6bc59c: releaseSurfaces: viewRoot = ViewRootImpl@da31563[MainActivity]
10-08 14:21:48.289  7337  7337 I SurfaceView@e6bc59c: applyTransactionOnVriDraw: vri = ViewRootImpl@da31563[MainActivity] fRS = true t = 0x7b1720f200 android.view.SurfaceView.releaseSurfaces:858 android.view.SurfaceView.onDetachedFromWindow:500 android.view.View.dispatchDetachedFromWindow:22538 
10-08 14:21:48.289  7337  7337 I SurfaceView@e6bc59c: applyTransactionOnVriDraw: viewRoot.applyTransactionOnDrawFromReleaseSurfaces
10-08 14:21:48.289  7337  7337 I ViewRootImpl@da31563[MainActivity]: applyTransactionOnDraw: mRemoved = false isHardwareEnabled = true t = 0x7b1720f200android.view.ViewRootImpl.applyTransactionOnDrawFromReleaseSurfaces:12850 android.view.SurfaceView.applyTransactionOnVriDraw:2046 android.view.SurfaceView.releaseSurfaces:858 android.view.SurfaceView.onDetachedFromWindow:500 android.view.View.dispatchDetachedFromWindow:22538 
10-08 14:21:48.298  7337  7337 I DecorView: notifyKeepScreenOnChanged: keepScreenOn=false
10-08 14:21:48.299  7337  7337 I CS3ExoPlayer: releasePlayer
10-08 14:21:48.299  7337  7337 I CS3ExoPlayer: Handle event: PlayerAttachedEvent(player=null, source=Player)
10-08 14:21:48.300  7337  7337 I DecorView: notifyKeepScreenOnChanged: keepScreenOn=false
10-08 14:21:48.302  7337  7337 I ViewRootImpl@da31563[MainActivity]: performTraversals params={(0,0)(fillxfill) sim={state=always_hidden adjust=resize} ty=BASE_APPLICATION wanim=0x1030309
10-08 14:21:48.302  7337  7337 I ViewRootImpl@da31563[MainActivity]:   fl=85810100
10-08 14:21:48.302  7337  7337 I ViewRootImpl@da31563[MainActivity]:   pfl=12020040
10-08 14:21:48.302  7337  7337 I ViewRootImpl@da31563[MainActivity]:   vsysui=500
10-08 14:21:48.302  7337  7337 I ViewRootImpl@da31563[MainActivity]:   bhv=DEFAULT
10-08 14:21:48.302  7337  7337 I ViewRootImpl@da31563[MainActivity]:   fitSides= naviIconColor=0}
10-08 14:21:48.303  7337  7337 I ViewRootImpl@da31563[MainActivity]: performTraversals mFirst=false windowShouldResize=false viewVisibilityChanged=false mForceNextWindowRelayout=false params={(0,0)(fillxfill) sim={state=always_hidden adjust=resize} ty=BASE_APPLICATION fmt=TRANSLUCENT wanim=0x1030309
10-08 14:21:48.303  7337  7337 I ViewRootImpl@da31563[MainActivity]:   fl=85810100
10-08 14:21:48.303  7337  7337 I ViewRootImpl@da31563[MainActivity]:   pfl=12020040
10-08 14:21:48.303  7337  7337 I ViewRootImpl@da31563[MainActivity]:   vsysui=500
10-08 14:21:48.303  7337  7337 I ViewRootImpl@da31563[MainActivity]:   bhv=DEFAULT
10-08 14:21:48.303  7337  7337 I ViewRootImpl@da31563[MainActivity]:   fitSides= naviIconColor=0}
10-08 14:21:48.309  7337  7337 I ViewRootImpl@da31563[MainActivity]: updateBlastSurfaceIfNeeded mBlastBufferQueue=0x7b42458800 isSameSurfaceControl=true
10-08 14:21:48.309  7337  7337 I BLASTBufferQueue: update, w= 1080 h= 2400 mName = ViewRootImpl@da31563[MainActivity] mNativeObject= 0x7b42458800 sc.mNativeObject= 0x7b16c5d3c0 format= -3 caller= android.view.ViewRootImpl.updateBlastSurfaceIfNeeded:2898 android.view.ViewRootImpl.relayoutWindow:9847 android.view.ViewRootImpl.performTraversals:3884 android.view.ViewRootImpl.doTraversal:3116 android.view.ViewRootImpl$TraversalRunnable.run:10885 android.view.Choreographer$CallbackRecord.run:1301 
10-08 14:21:48.310  7337  7337 I ViewRootImpl@da31563[MainActivity]: Relayout returned: old=(0,0,1080,2400) new=(0,0,1080,2400) req=(1080,2400)0 dur=6 res=0x0 s={true 0x7b5e655800} ch=false seqId=0
10-08 14:21:48.310  7337  7337 I ViewRootImpl@da31563[MainActivity]: updateBoundsLayer: t = android.view.SurfaceControl$Transaction@530a926 sc = Surface(name=Bounds for - com.lagradost.cloudstream3/com.lagradost.cloudstream3.MainActivity@0)/@0x2a5c967 frame = 819
10-08 14:21:48.310  7337  7337 I ViewRootImpl@da31563[MainActivity]: mWNT: t=0x7b42423700 mBlastBufferQueue=0x7b42458800 fn= 819 caller= android.view.ViewRootImpl.prepareSurfaces:2985 android.view.ViewRootImpl.performTraversals:4233 android.view.ViewRootImpl.doTraversal:3116 
10-08 14:21:48.311  7337  7363 D SurfaceView@e6bc59c: windowPositionLost, frameNr = 819
10-08 14:21:48.312  7337  7438 I ViewRootImpl@da31563[MainActivity]: mWNT: t=0x7b1720f000 mBlastBufferQueue=0x7b42458800 fn= 819 caller= android.view.ViewRootImpl.lambda$applyTransactionOnDraw$11$android-view-ViewRootImpl:12865 android.view.ViewRootImpl$$ExternalSyntheticLambda1.onFrameDraw:4 android.graphics.HardwareRenderer$FrameDrawingCallback.onFrameDraw:924 
10-08 14:21:48.312  7337  7438 I ViewRootImpl@da31563[MainActivity]: mWNT: t=0x7b1720f100 mBlastBufferQueue=0x7b42458800 fn= 819 caller= android.view.ViewRootImpl.lambda$applyTransactionOnDraw$11$android-view-ViewRootImpl:12865 android.view.ViewRootImpl$$ExternalSyntheticLambda1.onFrameDraw:4 android.graphics.HardwareRenderer$FrameDrawingCallback.onFrameDraw:924 
10-08 14:21:48.312  7337  7438 I ViewRootImpl@da31563[MainActivity]: mWNT: t=0x7b1720f200 mBlastBufferQueue=0x7b42458800 fn= 819 caller= android.view.ViewRootImpl.lambda$applyTransactionOnDraw$11$android-view-ViewRootImpl:12865 android.view.ViewRootImpl$$ExternalSyntheticLambda1.onFrameDraw:4 android.graphics.HardwareRenderer$FrameDrawingCallback.onFrameDraw:924 
10-08 14:21:49.982  7337  7337 I ViewRootImpl@da31563[MainActivity]: ViewPostIme pointer 0
10-08 14:21:50.030  7337  7337 I ViewRootImpl@da31563[MainActivity]: ViewPostIme pointer 1
10-08 14:21:50.041  7337  7337 I NavComponent: Navigating to fragment: 2131362274
10-08 14:21:50.047  7337  7337 I IMM_LC  : hsifw() - flag : 0
10-08 14:21:50.047  7337  7337 I IMM_LC  : hsifw() - mService.hideSoftInput
10-08 14:21:50.091  7337  7337 D ScrollView: initGoToTop
10-08 14:21:50.381  7337  7337 I SurfaceView@203788: onWindowVisibilityChanged(0) true android.view.SurfaceView{203788 V.E..V... ......I. 0,0-0,0} of ViewRootImpl@da31563[MainActivity]
10-08 14:21:50.381  7337  7337 D SurfaceView@203788: updateSurface: has no frame
10-08 14:21:50.387  7337  7337 I CS3ExoPlayer: SET STYLE = SaveCaptionStyle(foregroundColor=-1, backgroundColor=0, windowColor=0, edgeType=1, edgeColor=-16777216, typeface=null, typefaceFilePath=null, elevation=20, fixedTextSize=null, edgeSize=null, removeCaptions=false, removeBloat=true, upperCase=false, bold=false, italic=false, backgroundRadius=null)
10-08 14:21:50.398  7337  7337 I IMM_LC  : hsifw() - flag : 0
10-08 14:21:50.398  7337  7337 I IMM_LC  : hsifw() - mService.hideSoftInput
10-08 14:21:50.400  7337  7388 I SYNCVM  : addFromUrl = https://tv6.egydead.live/%d9%85%d8%b4%d8%a7%d9%87%d8%af%d8%a9-%d9%81%d9%8a%d9%84%d9%85-mantis-2025-%d9%85%d8%aa%d8%b1%d8%ac%d9%85/
10-08 14:21:50.400  7337  7388 I SYNCUTIL: getIdsFromUrl https://tv6.egydead.live/%d9%85%d8%b4%d8%a7%d9%87%d8%af%d8%a9-%d9%81%d9%8a%d9%84%d9%85-mantis-2025-%d9%85%d8%aa%d8%b1%d8%ac%d9%85/
10-08 14:21:50.413  7337  7337 I SurfaceView@203788: onWindowVisibilityChanged(8) false android.view.SurfaceView{203788 V.E..V... ......I. 0,0-0,0} of ViewRootImpl@da31563[MainActivity]
10-08 14:21:50.413  7337  7337 D SurfaceView@203788: updateSurface: has no frame
10-08 14:21:50.414  7337  7337 D SurfaceView@203788: updateSurface: has no frame
10-08 14:21:50.414  7337  7337 I SurfaceView@203788: onDetachedFromWindow: tryReleaseSurfaces()
10-08 14:21:50.414  7337  7337 I SurfaceView@203788: releaseSurfaces: viewRoot = ViewRootImpl@da31563[MainActivity]
10-08 14:21:50.414  7337  7337 I SurfaceView@203788: applyTransactionOnVriDraw: vri = ViewRootImpl@da31563[MainActivity] fRS = true t = 0x7af1484400 android.view.SurfaceView.releaseSurfaces:858 android.view.SurfaceView.onDetachedFromWindow:500 android.view.View.dispatchDetachedFromWindow:22538 
10-08 14:21:50.414  7337  7337 I SurfaceView@203788: applyTransactionOnVriDraw: viewRoot.applyTransactionOnDrawFromReleaseSurfaces
10-08 14:21:50.414  7337  7337 I ViewRootImpl@da31563[MainActivity]: applyTransactionOnDraw: mRemoved = false isHardwareEnabled = true t = 0x7af1484400android.view.ViewRootImpl.applyTransactionOnDrawFromReleaseSurfaces:12850 android.view.SurfaceView.applyTransactionOnVriDraw:2046 android.view.SurfaceView.releaseSurfaces:858 android.view.SurfaceView.onDetachedFromWindow:500 android.view.View.dispatchDetachedFromWindow:22538 
10-08 14:21:50.416  7337  7337 I SurfaceView@203788: onWindowVisibilityChanged(0) true android.view.SurfaceView{203788 V.E..V... ......I. 0,0-0,0} of ViewRootImpl@da31563[MainActivity]
10-08 14:21:50.416  7337  7337 D SurfaceView@203788: updateSurface: has no frame
10-08 14:21:50.420  7337  7337 I DecorView: notifyKeepScreenOnChanged: keepScreenOn=false
10-08 14:21:50.430  7337  7337 I CS3ExoPlayer: reloadPlayer
10-08 14:21:50.430  7337  7337 I CS3ExoPlayer: releasePlayer
10-08 14:21:50.430  7337  7337 I CS3ExoPlayer: Handle event: PlayerAttachedEvent(player=null, source=Player)
10-08 14:21:50.437  7337  7337 I ViewRootImpl@da31563[MainActivity]: performTraversals params={(0,0)(fillxfill) sim={state=always_hidden adjust=resize} ty=BASE_APPLICATION wanim=0x1030309
10-08 14:21:50.437  7337  7337 I ViewRootImpl@da31563[MainActivity]:   fl=85810100
10-08 14:21:50.437  7337  7337 I ViewRootImpl@da31563[MainActivity]:   pfl=12020040
10-08 14:21:50.437  7337  7337 I ViewRootImpl@da31563[MainActivity]:   vsysui=500
10-08 14:21:50.437  7337  7337 I ViewRootImpl@da31563[MainActivity]:   bhv=DEFAULT
10-08 14:21:50.437  7337  7337 I ViewRootImpl@da31563[MainActivity]:   fitSides= naviIconColor=0}
10-08 14:21:50.437  7337  7337 I ViewRootImpl@da31563[MainActivity]: performTraversals mFirst=false windowShouldResize=false viewVisibilityChanged=false mForceNextWindowRelayout=false params={(0,0)(fillxfill) sim={state=always_hidden adjust=resize} ty=BASE_APPLICATION fmt=TRANSLUCENT wanim=0x1030309
10-08 14:21:50.437  7337  7337 I ViewRootImpl@da31563[MainActivity]:   fl=85810100
10-08 14:21:50.437  7337  7337 I ViewRootImpl@da31563[MainActivity]:   pfl=12020040
10-08 14:21:50.437  7337  7337 I ViewRootImpl@da31563[MainActivity]:   vsysui=500
10-08 14:21:50.437  7337  7337 I ViewRootImpl@da31563[MainActivity]:   bhv=DEFAULT
10-08 14:21:50.437  7337  7337 I ViewRootImpl@da31563[MainActivity]:   fitSides= naviIconColor=0}
10-08 14:21:50.445  7337  7337 I ViewRootImpl@da31563[MainActivity]: updateBlastSurfaceIfNeeded mBlastBufferQueue=0x7b42458800 isSameSurfaceControl=true
10-08 14:21:50.445  7337  7337 I BLASTBufferQueue: update, w= 1080 h= 2400 mName = ViewRootImpl@da31563[MainActivity] mNativeObject= 0x7b42458800 sc.mNativeObject= 0x7aefac85a0 format= -3 caller= android.view.ViewRootImpl.updateBlastSurfaceIfNeeded:2898 android.view.ViewRootImpl.relayoutWindow:9847 android.view.ViewRootImpl.performTraversals:3884 android.view.ViewRootImpl.doTraversal:3116 android.view.ViewRootImpl$TraversalRunnable.run:10885 android.view.Choreographer$CallbackRecord.run:1301 
10-08 14:21:50.446  7337  7337 I ViewRootImpl@da31563[MainActivity]: Relayout returned: old=(0,0,1080,2400) new=(0,0,1080,2400) req=(1080,2400)0 dur=8 res=0x0 s={true 0x7b5e655800} ch=false seqId=0
10-08 14:21:50.446  7337  7337 I ViewRootImpl@da31563[MainActivity]: updateBoundsLayer: t = android.view.SurfaceControl$Transaction@530a926 sc = Surface(name=Bounds for - com.lagradost.cloudstream3/com.lagradost.cloudstream3.MainActivity@0)/@0x2a5c967 frame = 834
10-08 14:21:50.446  7337  7337 I ViewRootImpl@da31563[MainActivity]: mWNT: t=0x7b42423700 mBlastBufferQueue=0x7b42458800 fn= 834 caller= android.view.ViewRootImpl.prepareSurfaces:2985 android.view.ViewRootImpl.performTraversals:4233 android.view.ViewRootImpl.doTraversal:3116 
10-08 14:21:50.447  7337  7337 W View    : requestLayout() improperly called by android.widget.FrameLayout{66d4a3d I.E..V... ......I. 0,0-0,0 #7f0a04e7 app:id/start_panel} during layout: running second layout pass
10-08 14:21:50.447  7337  7337 W View    : requestLayout() improperly called by android.widget.FrameLayout{1556232 I.E..V... ......ID 1080,0-1080,2143 #7f0a0168 app:id/end_panel} during layout: running second layout pass
10-08 14:21:50.449  7337  7337 D SurfaceView@203788: updateSurface: has no frame
10-08 14:21:50.454  7337  7437 I ViewRootImpl@da31563[MainActivity]: mWNT: t=0x7af1484400 mBlastBufferQueue=0x7b42458800 fn= 834 caller= android.view.ViewRootImpl.lambda$applyTransactionOnDraw$11$android-view-ViewRootImpl:12865 android.view.ViewRootImpl$$ExternalSyntheticLambda1.onFrameDraw:4 android.graphics.HardwareRenderer$FrameDrawingCallback.onFrameDraw:924 
10-08 14:21:50.458  7337  7337 D SurfaceView@203788: updateSurface: has no frame
10-08 14:21:50.478  7337  7337 D SurfaceView@203788: updateSurface: has no frame
10-08 14:21:50.500  7337  7337 D SurfaceView@203788: updateSurface: has no frame
10-08 14:21:50.525  7337  7337 D SurfaceView@203788: updateSurface: has no frame
10-08 14:21:50.537  7337  7337 D SurfaceView@203788: updateSurface: has no frame
10-08 14:21:50.554  7337  7337 D SurfaceView@203788: updateSurface: has no frame
10-08 14:21:50.571  7337  7337 D SurfaceView@203788: updateSurface: has no frame
10-08 14:21:50.602  7337  7337 D SurfaceView@203788: updateSurface: has no frame
10-08 14:21:50.619  7337  7337 D SurfaceView@203788: updateSurface: has no frame
10-08 14:21:50.634  7337  7337 D SurfaceView@203788: updateSurface: has no frame
10-08 14:21:50.649  7337  7337 D SurfaceView@203788: updateSurface: has no frame
10-08 14:21:50.654  7337  7337 D SurfaceView@203788: updateSurface: has no frame
10-08 14:21:50.670  7337  7337 D SurfaceView@203788: updateSurface: has no frame
10-08 14:21:50.687  7337  7337 D SurfaceView@203788: updateSurface: has no frame
10-08 14:21:50.704  7337  7337 D SurfaceView@203788: updateSurface: has no frame
10-08 14:21:50.721  7337  7337 D SurfaceView@203788: updateSurface: has no frame
10-08 14:21:50.737  7337  7337 D SurfaceView@203788: updateSurface: has no frame
10-08 14:21:50.754  7337  7337 D SurfaceView@203788: updateSurface: has no frame
10-08 14:21:50.770  7337  7337 D SurfaceView@203788: updateSurface: has no frame
10-08 14:21:50.787  7337  7337 D SurfaceView@203788: updateSurface: has no frame
10-08 14:21:50.803  7337  7337 D SurfaceView@203788: updateSurface: has no frame
10-08 14:21:50.820  7337  7337 D SurfaceView@203788: updateSurface: has no frame
10-08 14:21:50.837  7337  7337 D SurfaceView@203788: updateSurface: has no frame
10-08 14:21:50.854  7337  7337 D SurfaceView@203788: updateSurface: has no frame
10-08 14:21:50.870  7337  7337 D SurfaceView@203788: updateSurface: has no frame
10-08 14:21:50.887  7337  7337 D SurfaceView@203788: updateSurface: has no frame
10-08 14:21:50.903  7337  7337 D SurfaceView@203788: updateSurface: has no frame
10-08 14:21:50.920  7337  7337 D SurfaceView@203788: updateSurface: has no frame
10-08 14:21:50.937  7337  7337 D SurfaceView@203788: updateSurface: has no frame
10-08 14:21:50.954  7337  7337 D SurfaceView@203788: updateSurface: has no frame
10-08 14:21:50.970  7337  7337 D SurfaceView@203788: updateSurface: has no frame
10-08 14:21:50.987  7337  7337 D SurfaceView@203788: updateSurface: has no frame
10-08 14:21:51.003  7337  7337 D SurfaceView@203788: updateSurface: has no frame
10-08 14:21:51.020  7337  7337 D SurfaceView@203788: updateSurface: has no frame
10-08 14:21:51.028  7337  7435 I RVM2    : applyMeta
10-08 14:21:51.036  7337  7337 W PanelsChildGestureRegionObserver: failed to register view with ID 2131362800. already registered
10-08 14:21:51.039  7337  7337 E CoilImgLoader: Error loading image: coil3.request.NullRequestDataException: The request's data is null.
10-08 14:21:51.047  7337  7337 E CoilImgLoader: Error loading image: coil3.request.NullRequestDataException: The request's data is null.
10-08 14:21:51.084  7337  7399 I SYNCVM  : addFromUrl = https://tv6.egydead.live/%d9%85%d8%b4%d8%a7%d9%87%d8%af%d8%a9-%d9%81%d9%8a%d9%84%d9%85-mantis-2025-%d9%85%d8%aa%d8%b1%d8%ac%d9%85/
10-08 14:21:51.084  7337  7399 I SYNCUTIL: getIdsFromUrl https://tv6.egydead.live/%d9%85%d8%b4%d8%a7%d9%87%d8%af%d8%a9-%d9%81%d9%8a%d9%84%d9%85-mantis-2025-%d9%85%d8%aa%d8%b1%d8%ac%d9%85/
10-08 14:21:51.096  7337  7337 D SurfaceView@203788: updateSurface: has no frame
10-08 14:21:51.097  7337  7337 I SurfaceView@203788: Changes: creating=true format=true size=true visible=true alpha=false hint=false mUseAlpha=false visible=true left=true top=true
10-08 14:21:51.099  7337  7337 I BLASTBufferQueue: update, w= 1080 h= 525 mName = null mNativeObject= 0x7b42458e00 sc.mNativeObject= 0x7aefacb8e0 format= 4 caller= android.view.SurfaceView.createBlastSurfaceControls:1383 android.view.SurfaceView.updateSurface:1079 android.view.SurfaceView.lambda$new$0$android-view-SurfaceView:200 android.view.SurfaceView$$ExternalSyntheticLambda5.onPreDraw:2 android.view.ViewTreeObserver.dispatchOnPreDraw:1121 android.view.ViewRootImpl.performTraversals:4442 
10-08 14:21:51.099  7337  7337 I SurfaceView@203788: 2111368 Cur surface: Surface(name=null)/@0x2828c17
10-08 14:21:51.099  7337  7337 I SurfaceView@203788: pST: sr = Rect(0, 218 - 1080, 743) sw = 1080 sh = 525
10-08 14:21:51.100  7337  7337 D SurfaceView@203788: performSurfaceTransaction RenderWorker position = [0, 218, 1080, 743] surfaceSize = 1080x525
10-08 14:21:51.100  7337  7337 I SurfaceView@203788: applyTransactionOnVriDraw: vri = ViewRootImpl@da31563[MainActivity] fRS = false t = 0x7b16f0da00 android.view.SurfaceView.performSurfaceTransaction:959 android.view.SurfaceView.updateSurface:1105 android.view.SurfaceView.lambda$new$0$android-view-SurfaceView:200 
10-08 14:21:51.100  7337  7337 I ViewRootImpl@da31563[MainActivity]: applyTransactionOnDraw: mRemoved = false isHardwareEnabled = true t = 0x7b16f0da00android.view.SurfaceView.applyTransactionOnVriDraw:2048 android.view.SurfaceView.performSurfaceTransaction:959 android.view.SurfaceView.updateSurface:1105 android.view.SurfaceView.lambda$new$0$android-view-SurfaceView:200 android.view.SurfaceView$$ExternalSyntheticLambda5.onPreDraw:2 
10-08 14:21:51.100  7337  7337 I SurfaceView@203788: updateSurface: mVisible = true mSurface.isValid() = true
10-08 14:21:51.100  7337  7337 I SurfaceView@203788: updateSurface: mSurfaceCreated = false surfaceChanged = true visibleChanged = true
10-08 14:21:51.100  7337  7337 I SurfaceView@203788: visibleChanged -- surfaceCreated
10-08 14:21:51.100  7337  7337 I SurfaceView@203788: surfaceCreated 0 #8 android.view.SurfaceView{203788 V.E..V... ......ID 0,0-1080,525}
10-08 14:21:51.100  7337  7337 I SurfaceView@203788: surfaceChanged -- format=4 w=1080 h=525
10-08 14:21:51.100  7337  7337 I SurfaceView@203788: surfaceChanged (1080,525) 0 #8 android.view.SurfaceView{203788 V.E..V... ......ID 0,0-1080,525}
10-08 14:21:51.100  7337  7337 I SurfaceView@203788: surfaceRedrawNeeded
10-08 14:21:51.101  7337  7337 V SurfaceView@203788: Layout: x=0 y=218 w=1080 h=525, frame=Rect(0, 0 - 1080, 525)
10-08 14:21:51.111  7337  7438 D SurfaceView@203788: updateSurfacePosition RenderWorker, frameNr = 869, position = [0, 218, 1080, 743] surfaceSize = 1080x525
10-08 14:21:51.111  7337  7438 I SurfaceView@203788: uSP: rtp = Rect(0, 218 - 1080, 743) rtsw = 1080 rtsh = 525
10-08 14:21:51.111  7337  7438 I SurfaceView@203788: onSSPAndSRT: pl = 0 pt = 218 sx = 1.0 sy = 1.0
10-08 14:21:51.112  7337  7438 I SurfaceView@203788: aOrMT: ViewRootImpl@da31563[MainActivity] t = android.view.SurfaceControl$Transaction@36d1822 fN = 869 android.view.SurfaceView.-$$Nest$mapplyOrMergeTransaction:0 android.view.SurfaceView$SurfaceViewPositionUpdateListener.positionChanged:1537 android.graphics.RenderNode$CompositePositionUpdateListener.positionChanged:373 
10-08 14:21:51.112  7337  7438 I ViewRootImpl@da31563[MainActivity]: mWNT: t=0x7b16f0db00 mBlastBufferQueue=0x7b42458800 fn= 869 caller= android.view.SurfaceView.applyOrMergeTransaction:1455 android.view.SurfaceView.-$$Nest$mapplyOrMergeTransaction:0 android.view.SurfaceView$SurfaceViewPositionUpdateListener.positionChanged:1537 
10-08 14:21:51.113  7337  7438 I ViewRootImpl@da31563[MainActivity]: mWNT: t=0x7b16f0da00 mBlastBufferQueue=0x7b42458800 fn= 869 caller= android.view.ViewRootImpl.lambda$applyTransactionOnDraw$11$android-view-ViewRootImpl:12865 android.view.ViewRootImpl$$ExternalSyntheticLambda1.onFrameDraw:4 android.graphics.HardwareRenderer$FrameDrawingCallback.onFrameDraw:924 
10-08 14:21:51.115  7337  7337 I SurfaceView@203788: finishedDrawing
10-08 14:21:51.895  7337  7337 I ViewRootImpl@da31563[MainActivity]: ViewPostIme pointer 0
10-08 14:21:52.438  7337  7337 I Dialog  : mIsDeviceDefault = false, mIsSamsungBasicInteraction = false, isMetaDataInActivity = false
10-08 14:21:52.478  7337  7337 I DecorView: [INFO] isPopOver=false config=false
10-08 14:21:52.478  7337  7337 I DecorView: updateCaptionType: isFloating=false isApplication=true hasWindowDecorCaption=false this=DecorView@5c2550b[]
10-08 14:21:52.479  7337  7337 D DecorView: setCaptionType = 0, this = DecorView@5c2550b[]
10-08 14:21:52.482  7337  7337 I DecorView: getCurrentDensityDpi: from app context. densityDpi=420 msg=resources_loaded
10-08 14:21:52.482  7337  7337 I DecorView: setWindowBackground: isPopOver=false color=0 d=android.graphics.drawable.ColorDrawable@eaf9601
10-08 14:21:52.492  7337  7363 D NativeCustomFrequencyManager: [NativeCFMS] BpCustomFrequencyManager::BpCustomFrequencyManager()
10-08 14:21:52.493  7337  7337 I DecorView: notifyKeepScreenOnChanged: keepScreenOn=false
10-08 14:21:52.503  7337  7337 D InsetsController: onStateChanged: InsetsState: {mDisplayFrame=Rect(0, 0 - 1080, 2400), mDisplayCutout=DisplayCutout{insets=Rect(0, 88 - 0, 0) waterfall=Insets{left=0, top=0, right=0, bottom=0} boundingRect={Bounds=[Rect(0, 0 - 0, 0), Rect(512, 0 - 568, 88), Rect(0, 0 - 0, 0), Rect(0, 0 - 0, 0)]} cutoutPathParserInfo={CutoutPathParserInfo{displayWidth=1080 displayHeight=2400 physicalDisplayWidth=1080 physicalDisplayHeight=2400 density={2.625} cutoutSpec={M 0,0 M 0,12.25101276465640 a 10.60613009248640,10.60613009248640 0 1,0 0,21.21226018497290 a 10.60613009248640,10.60613009248640 0 1,0 0,-21.21226018497290 Z @dp} rotation={0} scale={1.0} physicalPixelDisplaySizeRatio={1.0}}}}, mRoundedCorners=RoundedCorners{[RoundedCorner{position=TopLeft, radius=84, center=Point(84, 84)}, RoundedCorner{position=TopRight, radius=84, center=Point(996, 84)}, RoundedCorner{position=BottomRight, radius=84, center=Point(996, 2316)}, RoundedCorner{position=BottomLeft, radius=84, center=Point(84, 2316)}]}  mRoundedCornerFrame=Rect(0, 0 - 1080, 2400), mPrivacyIndicatorBounds=PrivacyIndicatorBounds {static bounds=Rect(964, 0 - 1080, 87) rotation=0}, mSources= { InsetsSource: {mType=ITYPE_STATUS_BAR, mFrame=[0,0][1080,88], mVisible=true, mInsetsRoundedCornerFrame=false}, InsetsSource: {mType=ITYPE_NAVIGATION_BAR, mFrame=[0,2361][1080,2400], mVisible=true, mInsetsRoundedCornerFrame=false}, InsetsSource: {mType=ITYPE_LEFT_GESTURES, mFrame=[0,0][130,2400], mVisible=true, mInsetsRoundedCornerFrame=false}, InsetsSource: {mType=ITYPE_RIGHT_GESTURES, mFrame=[950,0][1080,2400], mVisible=true, mInsetsRoundedCornerFrame=false}, InsetsSource: {mType=ITYPE_TOP_MANDATORY_GESTURES, mFrame=[0,0][1080,120], mVisible=true, mInsetsRoundedCornerFrame=false}, InsetsSource: {mType=ITYPE_BOTTOM_MANDATORY_GESTURES, mFrame=[0,2316][1080,2400], mVisible=true, mInsetsRoundedCornerFrame=false}, InsetsSource: {mType=ITYPE_LEFT_DISPLAY_CUTOUT, mFrame=[0,0][-100000,2400], mVisible=true, mInsetsRoundedCornerFrame=false}, InsetsSource: {mType=ITYPE_TOP_DISPLAY_CUTOUT, mFrame=[0,0][1080,88], mVisible=true, mInsetsRoundedCornerFrame=false}, InsetsSource: {mType=ITYPE_RIGHT_DISPLAY_CUTOUT, mFrame=[100000,0][1080,2400], mVisible=true, mInsetsRoundedCornerFrame=false}, InsetsSource: {mType=ITYPE_BOTTOM_DISPLAY_CUTOUT, mFrame=[0,100000][1080,2400], mVisible=true, mInsetsRoundedCornerFrame=false}, InsetsSource: {mType=ITYPE_TOP_TAPPABLE_ELEMENT, mFrame=[0,0][1080,88], mVisible=true, mInsetsRoundedCornerFrame=false}, InsetsSource: {mType=ITYPE_BOTTOM_TAPPABLE_ELEMENT, mFrame=[0,0][0,0], mVisible=true, mInsetsRoundedCornerFrame=false}, InsetsSource: {mType=ITYPE_IME, mFrame=[0,0][0,0], mVisibleFrame=[0,1409][1080,2400], mVisible=false, mInsetsRoundedCornerFrame=false} } host=com.lagradost.cloudstream3/com.lagradost.cloudstream3.MainActivity from=android.view.ViewRootImpl.setView:1732
10-08 14:21:52.505  7337  7337 I ViewRootImpl@4095a7e[MainActivity]: setView = com.android.internal.policy.DecorView@5c2550b TM=true
10-08 14:21:52.521  7337  7337 I ViewRootImpl@4095a7e[MainActivity]: performTraversals params={(0,0)(fillxfill) gr=CENTER sim={adjust=resize forwardNavigation} ty=APPLICATION fmt=TRANSPARENT wanim=0x7f14000b
10-08 14:21:52.521  7337  7337 I ViewRootImpl@4095a7e[MainActivity]:   fl=85810100
10-08 14:21:52.521  7337  7337 I ViewRootImpl@4095a7e[MainActivity]:   pfl=12020040
10-08 14:21:52.521  7337  7337 I ViewRootImpl@4095a7e[MainActivity]:   vsysui=500
10-08 14:21:52.521  7337  7337 I ViewRootImpl@4095a7e[MainActivity]:   bhv=DEFAULT
10-08 14:21:52.521  7337  7337 I ViewRootImpl@4095a7e[MainActivity]:   fitSides= naviIconColor=0}
10-08 14:21:52.522  7337  7337 I ViewRootImpl@4095a7e[MainActivity]: performTraversals mFirst=true windowShouldResize=true viewVisibilityChanged=false mForceNextWindowRelayout=false params={(0,0)(fillxfill) gr=CENTER sim={adjust=resize forwardNavigation} ty=APPLICATION fmt=TRANSPARENT wanim=0x7f14000b
10-08 14:21:52.522  7337  7337 I ViewRootImpl@4095a7e[MainActivity]:   fl=85810100
10-08 14:21:52.522  7337  7337 I ViewRootImpl@4095a7e[MainActivity]:   pfl=12020040
10-08 14:21:52.522  7337  7337 I ViewRootImpl@4095a7e[MainActivity]:   vsysui=500
10-08 14:21:52.522  7337  7337 I ViewRootImpl@4095a7e[MainActivity]:   bhv=DEFAULT
10-08 14:21:52.522  7337  7337 I ViewRootImpl@4095a7e[MainActivity]:   fitSides= naviIconColor=0}
10-08 14:21:52.536  7337  7337 I ViewRootImpl@4095a7e[MainActivity]: updateBlastSurfaceIfNeeded mBlastBufferQueue=null isSameSurfaceControl=false
10-08 14:21:52.537  7337  7337 I BLASTBufferQueue: new BLASTBufferQueue, mName= ViewRootImpl@4095a7e[MainActivity] mNativeObject= 0x7b42459100 sc.mNativeObject= 0x7aefbbff40 caller= android.view.ViewRootImpl.updateBlastSurfaceIfNeeded:2909 android.view.ViewRootImpl.relayoutWindow:9847 android.view.ViewRootImpl.performTraversals:3884 android.view.ViewRootImpl.doTraversal:3116 android.view.ViewRootImpl$TraversalRunnable.run:10885 android.view.Choreographer$CallbackRecord.run:1301 android.view.Choreographer$CallbackRecord.run:1309 android.view.Choreographer.doCallbacks:923 android.view.Choreographer.doFrame:852 android.view.Choreographer$FrameDisplayEventReceiver.run:1283 
10-08 14:21:52.538  7337  7337 I BLASTBufferQueue: update, w= 1080 h= 2400 mName = ViewRootImpl@4095a7e[MainActivity] mNativeObject= 0x7b42459100 sc.mNativeObject= 0x7aefbbff40 format= -2 caller= android.graphics.BLASTBufferQueue.<init>:84 android.view.ViewRootImpl.updateBlastSurfaceIfNeeded:2909 android.view.ViewRootImpl.relayoutWindow:9847 android.view.ViewRootImpl.performTraversals:3884 android.view.ViewRootImpl.doTraversal:3116 android.view.ViewRootImpl$TraversalRunnable.run:10885 
10-08 14:21:52.538  7337  7337 I ViewRootImpl@4095a7e[MainActivity]: Relayout returned: old=(0,0,1080,2400) new=(0,0,1080,2400) req=(1080,2400)0 dur=14 res=0x3 s={true 0x7b16ea5800} ch=true seqId=0
10-08 14:21:52.540  7337  7337 I ViewRootImpl@4095a7e[MainActivity]: mThreadedRenderer.initialize() mSurface={isValid=true 0x7b16ea5800} hwInitialized=true
10-08 14:21:52.540  7337  7363 D OpenGLRenderer: eglCreateWindowSurface
10-08 14:21:52.560  7337  7337 D AbsListView:  in onLayout changed 
10-08 14:21:52.562  7337  7337 I ViewRootImpl@4095a7e[MainActivity]: reportNextDraw android.view.ViewRootImpl.performTraversals:4438 android.view.ViewRootImpl.doTraversal:3116 android.view.ViewRootImpl$TraversalRunnable.run:10885 android.view.Choreographer$CallbackRecord.run:1301 android.view.Choreographer$CallbackRecord.run:1309 
10-08 14:21:52.562  7337  7337 I ViewRootImpl@4095a7e[MainActivity]: Setup new sync id=0
10-08 14:21:52.562  7337  7337 I ViewRootImpl@4095a7e[MainActivity]: Setting syncFrameCallback
10-08 14:21:52.562  7337  7337 I ViewRootImpl@4095a7e[MainActivity]: registerCallbacksForSync syncBuffer=false
10-08 14:21:52.566  7337  7437 I ViewRootImpl@4095a7e[MainActivity]: Received frameDrawingCallback syncResult=0 frameNum=1.
10-08 14:21:52.566  7337  7437 I ViewRootImpl@4095a7e[MainActivity]: Setting up sync and frameCommitCallback
10-08 14:21:52.572  7337  7363 I BLASTBufferQueue: [ViewRootImpl@4095a7e[MainActivity]#13](f:0,a:0) onFrameAvailable the first frame is available
10-08 14:21:52.574  7337  7363 I ViewRootImpl@4095a7e[MainActivity]: Received frameCommittedCallback lastAttemptedDrawFrameNum=1 didProduceBuffer=true
10-08 14:21:52.576  7337  7363 D OpenGLRenderer: CFMS:: SetUp Pid : 7337    Tid : 7363
10-08 14:21:52.580  7337  7337 I ViewRootImpl@4095a7e[MainActivity]: onSyncComplete
10-08 14:21:52.580  7337  7337 I ViewRootImpl@4095a7e[MainActivity]: setupSync seqId=0 mSyncId=0 fn=1 caller=android.view.ViewRootImpl$$ExternalSyntheticLambda11.accept:6 android.window.SurfaceSyncer.lambda$setupSync$1$android-window-SurfaceSyncer:128 android.window.SurfaceSyncer$$ExternalSyntheticLambda1.accept:8 android.window.SurfaceSyncer$SyncSet.checkIfSyncIsComplete:382 android.window.SurfaceSyncer$SyncSet.markSyncReady:359 android.window.SurfaceSyncer.markSyncReady:151 android.view.ViewRootImpl.performTraversals:4503 
10-08 14:21:52.581  7337  7337 I ViewRootImpl@4095a7e[MainActivity]: reportDrawFinished seqId=0 mSyncId=-1 fn=1 mSurfaceChangedTransaction=0x7b16f0dc00
10-08 14:21:52.584  7337  7337 I ViewRootImpl@da31563[MainActivity]: MSG_WINDOW_FOCUS_CHANGED 0 0
10-08 14:21:52.641  7337  7337 I ViewRootImpl@4095a7e[MainActivity]: MSG_WINDOW_FOCUS_CHANGED 1 0
10-08 14:21:52.641  7337  7337 I ViewRootImpl@4095a7e[MainActivity]: mThreadedRenderer.initializeIfNeeded()#2 mSurface={isValid=true 0x7b16ea5800}
10-08 14:21:52.644  7337  7337 D InputMethodManager: startInputInner - Id : 0
10-08 14:21:52.644  7337  7337 I InputMethodManager: startInputInner - mService.startInputOrWindowGainedFocus
10-08 14:21:52.651  7337  7337 I ViewRootImpl@da31563[MainActivity]: ViewPostIme pointer 1
10-08 14:21:53.541  7337  7337 I ViewRootImpl@4095a7e[MainActivity]: ViewPostIme pointer 0
10-08 14:21:53.615  7337  7337 I ViewRootImpl@4095a7e[MainActivity]: ViewPostIme pointer 1
10-08 14:21:53.616  7337  7337 D AbsListView: onTouchUp() mTouchMode : 0
10-08 14:21:53.693  7337  7337 I MSHandlerLifeCycle: removeMultiSplitHandler: no exist. decor=DecorView@5c2550b[MainActivity]
10-08 14:21:53.695  7337  7363 D OpenGLRenderer: setSurface called with nullptr
10-08 14:21:53.695  7337  7363 D OpenGLRenderer: setSurface() destroyed EGLSurface
10-08 14:21:53.696  7337  7363 D OpenGLRenderer: destroyEglSurface
10-08 14:21:53.697  7337  7363 D OpenGLRenderer: endAllActiveAnimators on 0x7aefd71b00 (MaterialTextView) with handle 0x7b3a5134a0
10-08 14:21:53.698  7337  7337 I ViewRootImpl@4095a7e[MainActivity]: dispatchDetachedFromWindow
10-08 14:21:53.719  7337  7337 D InputTransport: Input channel destroyed: '36b0920', fd=166
10-08 14:21:53.723  7337  7337 I Dialog  : mIsDeviceDefault = false, mIsSamsungBasicInteraction = false, isMetaDataInActivity = false
10-08 14:21:53.759  7337  7337 I DecorView: [INFO] isPopOver=false config=false
10-08 14:21:53.760  7337  7337 I DecorView: updateCaptionType: isFloating=false isApplication=true hasWindowDecorCaption=false this=DecorView@7af2bea[]
10-08 14:21:53.760  7337  7337 D DecorView: setCaptionType = 0, this = DecorView@7af2bea[]
10-08 14:21:53.762  7337  7337 I DecorView: getCurrentDensityDpi: from app context. densityDpi=420 msg=resources_loaded
10-08 14:21:53.762  7337  7337 I DecorView: setWindowBackground: isPopOver=false color=0 d=android.graphics.drawable.ColorDrawable@933dd78
10-08 14:21:53.770  7337  7363 D NativeCustomFrequencyManager: [NativeCFMS] BpCustomFrequencyManager::BpCustomFrequencyManager()
10-08 14:21:53.771  7337  7337 I DecorView: notifyKeepScreenOnChanged: keepScreenOn=false
10-08 14:21:53.780  7337  7337 D InsetsController: onStateChanged: InsetsState: {mDisplayFrame=Rect(0, 0 - 1080, 2400), mDisplayCutout=DisplayCutout{insets=Rect(0, 88 - 0, 0) waterfall=Insets{left=0, top=0, right=0, bottom=0} boundingRect={Bounds=[Rect(0, 0 - 0, 0), Rect(512, 0 - 568, 88), Rect(0, 0 - 0, 0), Rect(0, 0 - 0, 0)]} cutoutPathParserInfo={CutoutPathParserInfo{displayWidth=1080 displayHeight=2400 physicalDisplayWidth=1080 physicalDisplayHeight=2400 density={2.625} cutoutSpec={M 0,0 M 0,12.25101276465640 a 10.60613009248640,10.60613009248640 0 1,0 0,21.21226018497290 a 10.60613009248640,10.60613009248640 0 1,0 0,-21.21226018497290 Z @dp} rotation={0} scale={1.0} physicalPixelDisplaySizeRatio={1.0}}}}, mRoundedCorners=RoundedCorners{[RoundedCorner{position=TopLeft, radius=84, center=Point(84, 84)}, RoundedCorner{position=TopRight, radius=84, center=Point(996, 84)}, RoundedCorner{position=BottomRight, radius=84, center=Point(996, 2316)}, RoundedCorner{position=BottomLeft, radius=84, center=Point(84, 2316)}]}  mRoundedCornerFrame=Rect(0, 0 - 1080, 2400), mPrivacyIndicatorBounds=PrivacyIndicatorBounds {static bounds=Rect(964, 0 - 1080, 87) rotation=0}, mSources= { InsetsSource: {mType=ITYPE_STATUS_BAR, mFrame=[0,0][1080,88], mVisible=true, mInsetsRoundedCornerFrame=false}, InsetsSource: {mType=ITYPE_NAVIGATION_BAR, mFrame=[0,2361][1080,2400], mVisible=true, mInsetsRoundedCornerFrame=false}, InsetsSource: {mType=ITYPE_LEFT_GESTURES, mFrame=[0,0][130,2400], mVisible=true, mInsetsRoundedCornerFrame=false}, InsetsSource: {mType=ITYPE_RIGHT_GESTURES, mFrame=[950,0][1080,2400], mVisible=true, mInsetsRoundedCornerFrame=false}, InsetsSource: {mType=ITYPE_TOP_MANDATORY_GESTURES, mFrame=[0,0][1080,120], mVisible=true, mInsetsRoundedCornerFrame=false}, InsetsSource: {mType=ITYPE_BOTTOM_MANDATORY_GESTURES, mFrame=[0,2316][1080,2400], mVisible=true, mInsetsRoundedCornerFrame=false}, InsetsSource: {mType=ITYPE_LEFT_DISPLAY_CUTOUT, mFrame=[0,0][-100000,2400], mVisible=true, mInsetsRoundedCornerFrame=false}, InsetsSource: {mType=ITYPE_TOP_DISPLAY_CUTOUT, mFrame=[0,0][1080,88], mVisible=true, mInsetsRoundedCornerFrame=false}, InsetsSource: {mType=ITYPE_RIGHT_DISPLAY_CUTOUT, mFrame=[100000,0][1080,2400], mVisible=true, mInsetsRoundedCornerFrame=false}, InsetsSource: {mType=ITYPE_BOTTOM_DISPLAY_CUTOUT, mFrame=[0,100000][1080,2400], mVisible=true, mInsetsRoundedCornerFrame=false}, InsetsSource: {mType=ITYPE_TOP_TAPPABLE_ELEMENT, mFrame=[0,0][1080,88], mVisible=true, mInsetsRoundedCornerFrame=false}, InsetsSource: {mType=ITYPE_BOTTOM_TAPPABLE_ELEMENT, mFrame=[0,0][0,0], mVisible=true, mInsetsRoundedCornerFrame=false}, InsetsSource: {mType=ITYPE_IME, mFrame=[0,0][0,0], mVisibleFrame=[0,1409][1080,2400], mVisible=false, mInsetsRoundedCornerFrame=false} } host=com.lagradost.cloudstream3/com.lagradost.cloudstream3.MainActivity from=android.view.ViewRootImpl.setView:1732
10-08 14:21:53.781  7337  7337 I ViewRootImpl@26f489[MainActivity]: setView = com.android.internal.policy.DecorView@7af2bea TM=true
10-08 14:21:53.784  7337  7337 D InsetsController: onStateChanged: InsetsState: {mDisplayFrame=Rect(0, 0 - 1080, 2400), mDisplayCutout=DisplayCutout{insets=Rect(0, 88 - 0, 0) waterfall=Insets{left=0, top=0, right=0, bottom=0} boundingRect={Bounds=[Rect(0, 0 - 0, 0), Rect(512, 0 - 568, 88), Rect(0, 0 - 0, 0), Rect(0, 0 - 0, 0)]} cutoutPathParserInfo={CutoutPathParserInfo{displayWidth=1080 displayHeight=2400 physicalDisplayWidth=1080 physicalDisplayHeight=2400 density={2.625} cutoutSpec={M 0,0 M 0,12.25101276465640 a 10.60613009248640,10.60613009248640 0 1,0 0,21.21226018497290 a 10.60613009248640,10.60613009248640 0 1,0 0,-21.21226018497290 Z @dp} rotation={0} scale={1.0} physicalPixelDisplaySizeRatio={1.0}}}}, mRoundedCorners=RoundedCorners{[RoundedCorner{position=TopLeft, radius=84, center=Point(84, 84)}, RoundedCorner{position=TopRight, radius=84, center=Point(996, 84)}, RoundedCorner{position=BottomRight, radius=84, center=Point(996, 2316)}, RoundedCorner{position=BottomLeft, radius=84, center=Point(84, 2316)}]}  mRoundedCornerFrame=Rect(0, 0 - 1080, 2400), mPrivacyIndicatorBounds=PrivacyIndicatorBounds {static bounds=Rect(964, 0 - 1080, 87) rotation=0}, mSources= { InsetsSource: {mType=ITYPE_STATUS_BAR, mFrame=[0,0][1080,88], mVisible=true, mInsetsRoundedCornerFrame=false}, InsetsSource: {mType=ITYPE_NAVIGATION_BAR, mFrame=[0,2361][1080,2400], mVisible=true, mInsetsRoundedCornerFrame=false}, InsetsSource: {mType=ITYPE_LEFT_GESTURES, mFrame=[0,0][130,2400], mVisible=true, mInsetsRoundedCornerFrame=false}, InsetsSource: {mType=ITYPE_RIGHT_GESTURES, mFrame=[950,0][1080,2400], mVisible=true, mInsetsRoundedCornerFrame=false}, InsetsSource: {mType=ITYPE_TOP_MANDATORY_GESTURES, mFrame=[0,0][1080,120], mVisible=true, mInsetsRoundedCornerFrame=false}, InsetsSource: {mType=ITYPE_BOTTOM_MANDATORY_GESTURES, mFrame=[0,2316][1080,2400], mVisible=true, mInsetsRoundedCornerFrame=false}, InsetsSource: {mType=ITYPE_LEFT_DISPLAY_CUTOUT, mFrame=[0,0][-100000,2400], mVisible=true, mInsetsRoundedCornerFrame=false}, InsetsSource: {mType=ITYPE_TOP_DISPLAY_CUTOUT, mFrame=[0,0][1080,88], mVisible=true, mInsetsRoundedCornerFrame=false}, InsetsSource: {mType=ITYPE_RIGHT_DISPLAY_CUTOUT, mFrame=[100000,0][1080,2400], mVisible=true, mInsetsRoundedCornerFrame=false}, InsetsSource: {mType=ITYPE_BOTTOM_DISPLAY_CUTOUT, mFrame=[0,100000][1080,2400], mVisible=true, mInsetsRoundedCornerFrame=false}, InsetsSource: {mType=ITYPE_TOP_TAPPABLE_ELEMENT, mFrame=[0,0][1080,88], mVisible=true, mInsetsRoundedCornerFrame=false}, InsetsSource: {mType=ITYPE_BOTTOM_TAPPABLE_ELEMENT, mFrame=[0,0][0,0], mVisible=true, mInsetsRoundedCornerFrame=false} } host=com.lagradost.cloudstream3/com.lagradost.cloudstream3.MainActivity from=android.view.ViewRootImpl$ViewRootHandler.handleMessageImpl:6740
10-08 14:21:53.790  7337  7337 I ViewRootImpl@26f489[MainActivity]: performTraversals params={(0,0)(fillxfill) gr=CENTER sim={adjust=resize forwardNavigation} ty=APPLICATION fmt=TRANSPARENT wanim=0x7f14000b
10-08 14:21:53.790  7337  7337 I ViewRootImpl@26f489[MainActivity]:   fl=85810100
10-08 14:21:53.790  7337  7337 I ViewRootImpl@26f489[MainActivity]:   pfl=12020040
10-08 14:21:53.790  7337  7337 I ViewRootImpl@26f489[MainActivity]:   vsysui=500
10-08 14:21:53.790  7337  7337 I ViewRootImpl@26f489[MainActivity]:   bhv=DEFAULT
10-08 14:21:53.790  7337  7337 I ViewRootImpl@26f489[MainActivity]:   fitSides= naviIconColor=0}
10-08 14:21:53.791  7337  7337 I ViewRootImpl@26f489[MainActivity]: performTraversals mFirst=true windowShouldResize=true viewVisibilityChanged=false mForceNextWindowRelayout=false params={(0,0)(fillxfill) gr=CENTER sim={adjust=resize forwardNavigation} ty=APPLICATION fmt=TRANSPARENT wanim=0x7f14000b
10-08 14:21:53.791  7337  7337 I ViewRootImpl@26f489[MainActivity]:   fl=85810100
10-08 14:21:53.791  7337  7337 I ViewRootImpl@26f489[MainActivity]:   pfl=12020040
10-08 14:21:53.791  7337  7337 I ViewRootImpl@26f489[MainActivity]:   vsysui=500
10-08 14:21:53.791  7337  7337 I ViewRootImpl@26f489[MainActivity]:   bhv=DEFAULT
10-08 14:21:53.791  7337  7337 I ViewRootImpl@26f489[MainActivity]:   fitSides= naviIconColor=0}
10-08 14:21:53.804  7337  7337 I ViewRootImpl@26f489[MainActivity]: updateBlastSurfaceIfNeeded mBlastBufferQueue=null isSameSurfaceControl=false
10-08 14:21:53.805  7337  7337 I BLASTBufferQueue: new BLASTBufferQueue, mName= ViewRootImpl@26f489[MainActivity] mNativeObject= 0x7b42459700 sc.mNativeObject= 0x7b0769d780 caller= android.view.ViewRootImpl.updateBlastSurfaceIfNeeded:2909 android.view.ViewRootImpl.relayoutWindow:9847 android.view.ViewRootImpl.performTraversals:3884 android.view.ViewRootImpl.doTraversal:3116 android.view.ViewRootImpl$TraversalRunnable.run:10885 android.view.Choreographer$CallbackRecord.run:1301 android.view.Choreographer$CallbackRecord.run:1309 android.view.Choreographer.doCallbacks:923 android.view.Choreographer.doFrame:852 android.view.Choreographer$FrameDisplayEventReceiver.run:1283 
10-08 14:21:53.805  7337  7337 I BLASTBufferQueue: update, w= 1080 h= 2400 mName = ViewRootImpl@26f489[MainActivity] mNativeObject= 0x7b42459700 sc.mNativeObject= 0x7b0769d780 format= -2 caller= android.graphics.BLASTBufferQueue.<init>:84 android.view.ViewRootImpl.updateBlastSurfaceIfNeeded:2909 android.view.ViewRootImpl.relayoutWindow:9847 android.view.ViewRootImpl.performTraversals:3884 android.view.ViewRootImpl.doTraversal:3116 android.view.ViewRootImpl$TraversalRunnable.run:10885 
10-08 14:21:53.806  7337  7337 I ViewRootImpl@26f489[MainActivity]: Relayout returned: old=(0,0,1080,2400) new=(0,0,1080,2400) req=(1080,2400)0 dur=13 res=0x3 s={true 0x7b16ea5800} ch=true seqId=0
10-08 14:21:53.807  7337  7337 I ViewRootImpl@26f489[MainActivity]: mThreadedRenderer.initialize() mSurface={isValid=true 0x7b16ea5800} hwInitialized=true
10-08 14:21:53.808  7337  7363 D OpenGLRenderer: eglCreateWindowSurface
10-08 14:21:53.811  7337  7337 I ViewRootImpl@26f489[MainActivity]: reportNextDraw android.view.ViewRootImpl.performTraversals:4438 android.view.ViewRootImpl.doTraversal:3116 android.view.ViewRootImpl$TraversalRunnable.run:10885 android.view.Choreographer$CallbackRecord.run:1301 android.view.Choreographer$CallbackRecord.run:1309 
10-08 14:21:53.811  7337  7337 I ViewRootImpl@26f489[MainActivity]: Setup new sync id=0
10-08 14:21:53.811  7337  7337 I ViewRootImpl@26f489[MainActivity]: Setting syncFrameCallback
10-08 14:21:53.811  7337  7337 I ViewRootImpl@26f489[MainActivity]: registerCallbacksForSync syncBuffer=false
10-08 14:21:53.813  7337  7438 I ViewRootImpl@26f489[MainActivity]: Received frameDrawingCallback syncResult=0 frameNum=1.
10-08 14:21:53.814  7337  7438 I ViewRootImpl@26f489[MainActivity]: Setting up sync and frameCommitCallback
10-08 14:21:53.820  7337  7363 I BLASTBufferQueue: [ViewRootImpl@26f489[MainActivity]#14](f:0,a:0) onFrameAvailable the first frame is available
10-08 14:21:53.821  7337  7363 I ViewRootImpl@26f489[MainActivity]: Received frameCommittedCallback lastAttemptedDrawFrameNum=1 didProduceBuffer=true
10-08 14:21:53.823  7337  7363 D OpenGLRenderer: CFMS:: SetUp Pid : 7337    Tid : 7363
10-08 14:21:53.827  7337  7337 I ViewRootImpl@26f489[MainActivity]: onSyncComplete
10-08 14:21:53.827  7337  7337 I ViewRootImpl@26f489[MainActivity]: setupSync seqId=0 mSyncId=0 fn=1 caller=android.view.ViewRootImpl$$ExternalSyntheticLambda11.accept:6 android.window.SurfaceSyncer.lambda$setupSync$1$android-window-SurfaceSyncer:128 android.window.SurfaceSyncer$$ExternalSyntheticLambda1.accept:8 android.window.SurfaceSyncer$SyncSet.checkIfSyncIsComplete:382 android.window.SurfaceSyncer$SyncSet.markSyncReady:359 android.window.SurfaceSyncer.markSyncReady:151 android.view.ViewRootImpl.performTraversals:4503 
10-08 14:21:53.828  7337  7337 I ViewRootImpl@26f489[MainActivity]: reportDrawFinished seqId=0 mSyncId=-1 fn=1 mSurfaceChangedTransaction=0x7aefda7700
10-08 14:21:53.828  7337  7337 I ViewRootImpl@da31563[MainActivity]: MSG_WINDOW_FOCUS_CHANGED 0 0
10-08 14:21:53.846  7337  7337 I ViewRootImpl@da31563[MainActivity]: MSG_WINDOW_FOCUS_CHANGED 0 0
10-08 14:21:53.887  7337  7337 I ViewRootImpl@26f489[MainActivity]: MSG_WINDOW_FOCUS_CHANGED 1 0
10-08 14:21:53.888  7337  7337 I ViewRootImpl@26f489[MainActivity]: mThreadedRenderer.initializeIfNeeded()#2 mSurface={isValid=true 0x7b16ea5800}
10-08 14:21:53.889  7337  7337 D InputMethodManager: startInputInner - Id : 0
10-08 14:21:53.889  7337  7337 I InputMethodManager: startInputInner - mService.startInputOrWindowGainedFocus
10-08 14:21:54.424  7337  7345 I st.cloudstream3: Background concurrent copying GC freed 16MB AllocSpace bytes, 94(4824KB) LOS objects, 40% free, 35MB/59MB, paused 563us,112us total 273.171ms
10-08 14:21:54.452  7337  7408 I System.out: Exception in NiceHttp: java.io.IOException Canceled
10-08 14:21:54.452  7337  7408 W System.err: java.io.IOException: Canceled
10-08 14:21:54.452  7337  7408 W System.err: 	at okhttp3.internal.http.RetryAndFollowUpInterceptor.intercept(RetryAndFollowUpInterceptor.kt:61)
10-08 14:21:54.452  7337  7408 W System.err: 	at okhttp3.internal.http.RealInterceptorChain.proceed(RealInterceptorChain.kt:109)
