10-08 16:42:13.964  9934  9934 I BLASTBufferQueue: new BLASTBufferQueue, mName= ViewRootImpl@1b1a560[MainActivity] mNativeObject= 0x7b448a9c00 sc.mNativeObject= 0x7b0534a160 caller= android.view.ViewRootImpl.updateBlastSurfaceIfNeeded:2909 android.view.ViewRootImpl.relayoutWindow:9847 android.view.ViewRootImpl.performTraversals:3884 android.view.ViewRootImpl.doTraversal:3116 android.view.ViewRootImpl$TraversalRunnable.run:10885 android.view.Choreographer$CallbackRecord.run:1301 android.view.Choreographer$CallbackRecord.run:1309 android.view.Choreographer.doCallbacks:923 android.view.Choreographer.doFrame:852 android.view.Choreographer$FrameDisplayEventReceiver.run:1283 
10-08 16:42:13.965  9934  9934 I BLASTBufferQueue: update, w= 1080 h= 2400 mName = ViewRootImpl@1b1a560[MainActivity] mNativeObject= 0x7b448a9c00 sc.mNativeObject= 0x7b0534a160 format= -2 caller= android.graphics.BLASTBufferQueue.<init>:84 android.view.ViewRootImpl.updateBlastSurfaceIfNeeded:2909 android.view.ViewRootImpl.relayoutWindow:9847 android.view.ViewRootImpl.performTraversals:3884 android.view.ViewRootImpl.doTraversal:3116 android.view.ViewRootImpl$TraversalRunnable.run:10885 
10-08 16:42:13.965  9934  9934 I ViewRootImpl@1b1a560[MainActivity]: Relayout returned: old=(0,0,1080,2400) new=(0,0,1080,2400) req=(1080,2400)0 dur=15 res=0x3 s={true 0x7b050a4000} ch=true seqId=0
10-08 16:42:13.966  9934  9934 I ViewRootImpl@1b1a560[MainActivity]: mThreadedRenderer.initialize() mSurface={isValid=true 0x7b050a4000} hwInitialized=true
10-08 16:42:13.967  9934  9958 D OpenGLRenderer: eglCreateWindowSurface
10-08 16:42:13.984  9934  9934 D AbsListView:  in onLayout changed 
10-08 16:42:13.985  9934  9934 I ViewRootImpl@1b1a560[MainActivity]: reportNextDraw android.view.ViewRootImpl.performTraversals:4438 android.view.ViewRootImpl.doTraversal:3116 android.view.ViewRootImpl$TraversalRunnable.run:10885 android.view.Choreographer$CallbackRecord.run:1301 android.view.Choreographer$CallbackRecord.run:1309 
10-08 16:42:13.985  9934  9934 I ViewRootImpl@1b1a560[MainActivity]: Setup new sync id=0
10-08 16:42:13.985  9934  9934 I ViewRootImpl@1b1a560[MainActivity]: Setting syncFrameCallback
10-08 16:42:13.985  9934  9934 I ViewRootImpl@1b1a560[MainActivity]: registerCallbacksForSync syncBuffer=false
10-08 16:42:13.988  9934 10044 I ViewRootImpl@1b1a560[MainActivity]: Received frameDrawingCallback syncResult=0 frameNum=1.
10-08 16:42:13.988  9934 10044 I ViewRootImpl@1b1a560[MainActivity]: Setting up sync and frameCommitCallback
10-08 16:42:13.997  9934  9958 I BLASTBufferQueue: [ViewRootImpl@1b1a560[MainActivity]#10](f:0,a:0) onFrameAvailable the first frame is available
10-08 16:42:13.998  9934  9958 I ViewRootImpl@1b1a560[MainActivity]: Received frameCommittedCallback lastAttemptedDrawFrameNum=1 didProduceBuffer=true
10-08 16:42:14.000  9934  9958 D OpenGLRenderer: CFMS:: SetUp Pid : 9934    Tid : 9958
10-08 16:42:14.004  9934  9934 I ViewRootImpl@1b1a560[MainActivity]: onSyncComplete
10-08 16:42:14.005  9934  9934 I ViewRootImpl@1b1a560[MainActivity]: setupSync seqId=0 mSyncId=0 fn=1 caller=android.view.ViewRootImpl$$ExternalSyntheticLambda11.accept:6 android.window.SurfaceSyncer.lambda$setupSync$1$android-window-SurfaceSyncer:128 android.window.SurfaceSyncer$$ExternalSyntheticLambda1.accept:8 android.window.SurfaceSyncer$SyncSet.checkIfSyncIsComplete:382 android.window.SurfaceSyncer$SyncSet.markSyncReady:359 android.window.SurfaceSyncer.markSyncReady:151 android.view.ViewRootImpl.performTraversals:4503 
10-08 16:42:14.006  9934  9934 I ViewRootImpl@1b1a560[MainActivity]: reportDrawFinished seqId=0 mSyncId=-1 fn=1 mSurfaceChangedTransaction=0x7b04fff500
10-08 16:42:14.008  9934  9934 D InsetsController: onStateChanged: InsetsState: {mDisplayFrame=Rect(0, 0 - 1080, 2400), mDisplayCutout=DisplayCutout{insets=Rect(0, 88 - 0, 0) waterfall=Insets{left=0, top=0, right=0, bottom=0} boundingRect={Bounds=[Rect(0, 0 - 0, 0), Rect(512, 0 - 568, 88), Rect(0, 0 - 0, 0), Rect(0, 0 - 0, 0)]} cutoutPathParserInfo={CutoutPathParserInfo{displayWidth=1080 displayHeight=2400 physicalDisplayWidth=1080 physicalDisplayHeight=2400 density={2.625} cutoutSpec={M 0,0 M 0,12.25101276465640 a 10.60613009248640,10.60613009248640 0 1,0 0,21.21226018497290 a 10.60613009248640,10.60613009248640 0 1,0 0,-21.21226018497290 Z @dp} rotation={0} scale={1.0} physicalPixelDisplaySizeRatio={1.0}}}}, mRoundedCorners=RoundedCorners{[RoundedCorner{position=TopLeft, radius=84, center=Point(84, 84)}, RoundedCorner{position=TopRight, radius=84, center=Point(996, 84)}, RoundedCorner{position=BottomRight, radius=84, center=Point(996, 2316)}, RoundedCorner{position=BottomLeft, radius=84, center=Point(84, 2316)}]}  mRoundedCornerFrame=Rect(0, 0 - 1080, 2400), mPrivacyIndicatorBounds=PrivacyIndicatorBounds {static bounds=Rect(964, 0 - 1080, 87) rotation=0}, mSources= { InsetsSource: {mType=ITYPE_STATUS_BAR, mFrame=[0,0][1080,88], mVisible=true, mInsetsRoundedCornerFrame=false}, InsetsSource: {mType=ITYPE_NAVIGATION_BAR, mFrame=[0,2361][1080,2400], mVisible=true, mInsetsRoundedCornerFrame=false}, InsetsSource: {mType=ITYPE_LEFT_GESTURES, mFrame=[0,0][130,2400], mVisible=true, mInsetsRoundedCornerFrame=false}, InsetsSource: {mType=ITYPE_RIGHT_GESTURES, mFrame=[950,0][1080,2400], mVisible=true, mInsetsRoundedCornerFrame=false}, InsetsSource: {mType=ITYPE_TOP_MANDATORY_GESTURES, mFrame=[0,0][1080,120], mVisible=true, mInsetsRoundedCornerFrame=false}, InsetsSource: {mType=ITYPE_BOTTOM_MANDATORY_GESTURES, mFrame=[0,2316][1080,2400], mVisible=true, mInsetsRoundedCornerFrame=false}, InsetsSource: {mType=ITYPE_LEFT_DISPLAY_CUTOUT, mFrame=[0,0][-100000,2400], mVisible=true, mInsetsRoundedCornerFrame=false}, InsetsSource: {mType=ITYPE_TOP_DISPLAY_CUTOUT, mFrame=[0,0][1080,88], mVisible=true, mInsetsRoundedCornerFrame=false}, InsetsSource: {mType=ITYPE_RIGHT_DISPLAY_CUTOUT, mFrame=[100000,0][1080,2400], mVisible=true, mInsetsRoundedCornerFrame=false}, InsetsSource: {mType=ITYPE_BOTTOM_DISPLAY_CUTOUT, mFrame=[0,100000][1080,2400], mVisible=true, mInsetsRoundedCornerFrame=false}, InsetsSource: {mType=ITYPE_TOP_TAPPABLE_ELEMENT, mFrame=[0,0][1080,88], mVisible=true, mInsetsRoundedCornerFrame=false}, InsetsSource: {mType=ITYPE_BOTTOM_TAPPABLE_ELEMENT, mFrame=[0,0][0,0], mVisible=true, mInsetsRoundedCornerFrame=false} } host=com.lagradost.cloudstream3/com.lagradost.cloudstream3.MainActivity from=android.view.ViewRootImpl$ViewRootHandler.handleMessageImpl:6740
10-08 16:42:14.010  9934  9934 I ViewRootImpl@a341d53[MainActivity]: MSG_WINDOW_FOCUS_CHANGED 0 0
10-08 16:42:14.023  9934  9934 I ViewRootImpl@a341d53[MainActivity]: MSG_WINDOW_FOCUS_CHANGED 0 0
10-08 16:42:14.076  9934  9934 I ViewRootImpl@1b1a560[MainActivity]: MSG_WINDOW_FOCUS_CHANGED 1 0
10-08 16:42:14.076  9934  9934 I ViewRootImpl@1b1a560[MainActivity]: mThreadedRenderer.initializeIfNeeded()#2 mSurface={isValid=true 0x7b050a4000}
10-08 16:42:14.077  9934  9934 D InputMethodManager: startInputInner - Id : 0
10-08 16:42:14.078  9934  9934 I InputMethodManager: startInputInner - mService.startInputOrWindowGainedFocus
10-08 16:42:17.275  9934  9934 I ViewRootImpl@1b1a560[MainActivity]: ViewPostIme pointer 0
10-08 16:42:17.357  9934  9934 I ViewRootImpl@1b1a560[MainActivity]: ViewPostIme pointer 1
10-08 16:42:17.362  9934  9934 I MSHandlerLifeCycle: removeMultiSplitHandler: no exist. decor=DecorView@ec6b265[MainActivity]
10-08 16:42:17.363  9934  9958 D OpenGLRenderer: setSurface called with nullptr
10-08 16:42:17.364  9934  9958 D OpenGLRenderer: setSurface() destroyed EGLSurface
10-08 16:42:17.364  9934  9958 D OpenGLRenderer: destroyEglSurface
10-08 16:42:17.366  9934  9934 I ViewRootImpl@1b1a560[MainActivity]: dispatchDetachedFromWindow
10-08 16:42:17.395  9934  9934 D InputTransport: Input channel destroyed: '161086e', fd=119
10-08 16:42:17.400  9934  9934 D InsetsController: onStateChanged: InsetsState: {mDisplayFrame=Rect(0, 0 - 1080, 2400), mDisplayCutout=DisplayCutout{insets=Rect(0, 88 - 0, 0) waterfall=Insets{left=0, top=0, right=0, bottom=0} boundingRect={Bounds=[Rect(0, 0 - 0, 0), Rect(512, 0 - 568, 88), Rect(0, 0 - 0, 0), Rect(0, 0 - 0, 0)]} cutoutPathParserInfo={CutoutPathParserInfo{displayWidth=1080 displayHeight=2400 physicalDisplayWidth=1080 physicalDisplayHeight=2400 density={2.625} cutoutSpec={M 0,0 M 0,12.25101276465640 a 10.60613009248640,10.60613009248640 0 1,0 0,21.21226018497290 a 10.60613009248640,10.60613009248640 0 1,0 0,-21.21226018497290 Z @dp} rotation={0} scale={1.0} physicalPixelDisplaySizeRatio={1.0}}}}, mRoundedCorners=RoundedCorners{[RoundedCorner{position=TopLeft, radius=84, center=Point(84, 84)}, RoundedCorner{position=TopRight, radius=84, center=Point(996, 84)}, RoundedCorner{position=BottomRight, radius=84, center=Point(996, 2316)}, RoundedCorner{position=BottomLeft, radius=84, center=Point(84, 2316)}]}  mRoundedCornerFrame=Rect(0, 0 - 1080, 2400), mPrivacyIndicatorBounds=PrivacyIndicatorBounds {static bounds=Rect(964, 0 - 1080, 87) rotation=0}, mSources= { InsetsSource: {mType=ITYPE_STATUS_BAR, mFrame=[0,0][1080,88], mVisible=true, mInsetsRoundedCornerFrame=false}, InsetsSource: {mType=ITYPE_NAVIGATION_BAR, mFrame=[0,2361][1080,2400], mVisible=true, mInsetsRoundedCornerFrame=false}, InsetsSource: {mType=ITYPE_LEFT_GESTURES, mFrame=[0,0][130,2400], mVisible=true, mInsetsRoundedCornerFrame=false}, InsetsSource: {mType=ITYPE_RIGHT_GESTURES, mFrame=[950,0][1080,2400], mVisible=true, mInsetsRoundedCornerFrame=false}, InsetsSource: {mType=ITYPE_TOP_MANDATORY_GESTURES, mFrame=[0,0][1080,120], mVisible=true, mInsetsRoundedCornerFrame=false}, InsetsSource: {mType=ITYPE_BOTTOM_MANDATORY_GESTURES, mFrame=[0,2316][1080,2400], mVisible=true, mInsetsRoundedCornerFrame=false}, InsetsSource: {mType=ITYPE_LEFT_DISPLAY_CUTOUT, mFrame=[0,0][-100000,2400], mVisible=true, mInsetsRoundedCornerFrame=false}, InsetsSource: {mType=ITYPE_TOP_DISPLAY_CUTOUT, mFrame=[0,0][1080,88], mVisible=true, mInsetsRoundedCornerFrame=false}, InsetsSource: {mType=ITYPE_RIGHT_DISPLAY_CUTOUT, mFrame=[100000,0][1080,2400], mVisible=true, mInsetsRoundedCornerFrame=false}, InsetsSource: {mType=ITYPE_BOTTOM_DISPLAY_CUTOUT, mFrame=[0,100000][1080,2400], mVisible=true, mInsetsRoundedCornerFrame=false}, InsetsSource: {mType=ITYPE_TOP_TAPPABLE_ELEMENT, mFrame=[0,0][1080,88], mVisible=true, mInsetsRoundedCornerFrame=false}, InsetsSource: {mType=ITYPE_BOTTOM_TAPPABLE_ELEMENT, mFrame=[0,0][0,0], mVisible=true, mInsetsRoundedCornerFrame=false} } host=com.lagradost.cloudstream3/com.lagradost.cloudstream3.MainActivity from=android.view.ViewRootImpl$ViewRootHandler.handleMessageImpl:6740
10-08 16:42:17.425  9934  9934 I ViewRootImpl@a341d53[MainActivity]: MSG_WINDOW_FOCUS_CHANGED 1 0
10-08 16:42:17.426  9934  9934 I ViewRootImpl@a341d53[MainActivity]: mThreadedRenderer.initializeIfNeeded()#2 mSurface={isValid=true 0x7b5f9b0800}
10-08 16:42:17.437  9934  9934 D InputMethodManager: startInputInner - Id : 0
10-08 16:42:17.437  9934  9934 I InputMethodManager: startInputInner - mService.startInputOrWindowGainedFocus
10-08 16:42:17.787  9934  9934 I ViewRootImpl@a341d53[MainActivity]: ViewPostIme pointer 0
10-08 16:42:17.842  9934  9934 W PanelsChildGestureRegionObserver: failed to register view with ID 2131362800. already registered
10-08 16:42:17.852  9934  9934 W PanelsChildGestureRegionObserver: failed to register view with ID 2131362800. already registered
10-08 16:42:17.854  9934  9934 W PanelsChildGestureRegionObserver: failed to register view with ID 2131362800. already registered
10-08 16:42:17.871  9934  9934 W PanelsChildGestureRegionObserver: failed to register view with ID 2131362800. already registered
10-08 16:42:17.872  9934  9934 D WindowOnBackDispatcher: onBackInvoked, viewRoot=ViewRootImpl@1b1a560[MainActivity], callback=androidx.activity.OnBackPressedDispatcher$Api33Impl$$ExternalSyntheticLambda0@4b6a6f2
10-08 16:42:17.886  9934  9934 I IMM_LC  : hsifw() - flag : 0
10-08 16:42:17.886  9934  9934 I IMM_LC  : hsifw() - mService.hideSoftInput
10-08 16:42:17.893  9934  9934 I CS3ExoPlayer: onStop
10-08 16:42:17.894  9934  9934 I CS3ExoPlayer: saveData
10-08 16:42:17.894  9934  9934 I CS3ExoPlayer: handleEvent Pause
10-08 16:42:17.975  9934  9934 W PanelsChildGestureRegionObserver: failed to register view with ID 2131362800. already registered
10-08 16:42:18.207  9934  9934 I ViewRootImpl@a341d53[MainActivity]: performTraversals mFirst=false windowShouldResize=false viewVisibilityChanged=false mForceNextWindowRelayout=false params={(0,0)(fillxfill) sim={state=always_hidden adjust=resize} ty=BASE_APPLICATION fmt=TRANSLUCENT wanim=0x1030309
10-08 16:42:18.207  9934  9934 I ViewRootImpl@a341d53[MainActivity]:   fl=85810100
10-08 16:42:18.207  9934  9934 I ViewRootImpl@a341d53[MainActivity]:   pfl=12020040
10-08 16:42:18.207  9934  9934 I ViewRootImpl@a341d53[MainActivity]:   vsysui=500
10-08 16:42:18.207  9934  9934 I ViewRootImpl@a341d53[MainActivity]:   bhv=DEFAULT
10-08 16:42:18.207  9934  9934 I ViewRootImpl@a341d53[MainActivity]:   fitSides= naviIconColor=0}
10-08 16:42:18.211  9934  9934 I ViewRootImpl@a341d53[MainActivity]: updateBlastSurfaceIfNeeded mBlastBufferQueue=0x7b448aa500 isSameSurfaceControl=true
10-08 16:42:18.212  9934  9934 I BLASTBufferQueue: update, w= 1080 h= 2400 mName = ViewRootImpl@a341d53[MainActivity] mNativeObject= 0x7b448aa500 sc.mNativeObject= 0x7b23c7cc60 format= -3 caller= android.view.ViewRootImpl.updateBlastSurfaceIfNeeded:2898 android.view.ViewRootImpl.relayoutWindow:9847 android.view.ViewRootImpl.performTraversals:3884 android.view.ViewRootImpl.doTraversal:3116 android.view.ViewRootImpl$TraversalRunnable.run:10885 android.view.Choreographer$CallbackRecord.run:1301 
10-08 16:42:18.212  9934  9934 I ViewRootImpl@a341d53[MainActivity]: Relayout returned: old=(0,0,1080,2400) new=(0,0,1080,2400) req=(1080,2400)0 dur=4 res=0x0 s={true 0x7b5f9b0800} ch=false seqId=0
10-08 16:42:18.237  9934  9934 W PanelsChildGestureRegionObserver: failed to register view with ID 2131362800. already registered
10-08 16:42:18.254  9934 10045 D SurfaceView@f370d69: updateSurfacePosition RenderWorker, frameNr = 446, position = [54, 314, 1026, 787] surfaceSize = 1080x525
10-08 16:42:18.254  9934 10045 I SurfaceView@f370d69: uSP: rtp = Rect(54, 314 - 1026, 787) rtsw = 1080 rtsh = 525
10-08 16:42:18.254  9934 10045 I SurfaceView@f370d69: onSSPAndSRT: pl = 54 pt = 314 sx = 0.9 sy = 0.9009524
10-08 16:42:18.254  9934 10045 I SurfaceView@f370d69: aOrMT: ViewRootImpl@a341d53[MainActivity] t = android.view.SurfaceControl$Transaction@d335708 fN = 446 android.view.SurfaceView.-$$Nest$mapplyOrMergeTransaction:0 android.view.SurfaceView$SurfaceViewPositionUpdateListener.positionChanged:1537 android.graphics.RenderNode$CompositePositionUpdateListener.positionChanged:373 
10-08 16:42:18.254  9934 10045 I ViewRootImpl@a341d53[MainActivity]: mWNT: t=0x7b6a025f00 mBlastBufferQueue=0x7b448aa500 fn= 446 caller= android.view.SurfaceView.applyOrMergeTransaction:1455 android.view.SurfaceView.-$$Nest$mapplyOrMergeTransaction:0 android.view.SurfaceView$SurfaceViewPositionUpdateListener.positionChanged:1537 
10-08 16:42:18.255  9934  9934 I SurfaceView@f370d69: onWindowVisibilityChanged(8) false android.view.SurfaceView{f370d69 V.E...... ........ 0,0-1080,525} of ViewRootImpl@a341d53[MainActivity]
10-08 16:42:18.255  9934  9934 I SurfaceView@f370d69: Changes: creating=false format=false size=false visible=true alpha=false hint=false mUseAlpha=false visible=true left=false top=false
10-08 16:42:18.255  9934  9934 I SurfaceView@f370d69: 255266153 Cur surface: Surface(name=null)/@0xac439ee
10-08 16:42:18.255  9934  9934 I SurfaceView@f370d69: applyTransactionOnVriDraw: vri = ViewRootImpl@a341d53[MainActivity] fRS = false t = 0x7b055baf00 android.view.SurfaceView.performSurfaceTransaction:959 android.view.SurfaceView.updateSurface:1105 android.view.SurfaceView.onWindowVisibilityChanged:371 
10-08 16:42:18.255  9934  9934 I ViewRootImpl@a341d53[MainActivity]: applyTransactionOnDraw: mRemoved = false isHardwareEnabled = true t = 0x7b055baf00android.view.SurfaceView.applyTransactionOnVriDraw:2048 android.view.SurfaceView.performSurfaceTransaction:959 android.view.SurfaceView.updateSurface:1105 android.view.SurfaceView.onWindowVisibilityChanged:371 android.view.View.dispatchDetachedFromWindow:22529 
10-08 16:42:18.255  9934  9934 I SurfaceView@f370d69: surfaceDestroyed
10-08 16:42:18.255  9934  9934 I SurfaceView@f370d69: surfaceDestroyed callback.size 0 #2 android.view.SurfaceView{f370d69 V.E...... ........ 0,0-1080,525}
10-08 16:42:18.255  9934  9934 I SurfaceView@f370d69: updateSurface: mVisible = false mSurface.isValid() = true
10-08 16:42:18.256  9934  9934 I SurfaceView@f370d69: releaseSurfaces: viewRoot = ViewRootImpl@a341d53[MainActivity]
10-08 16:42:18.256  9934  9934 I SurfaceView@f370d69: applyTransactionOnVriDraw: vri = ViewRootImpl@a341d53[MainActivity] fRS = true t = 0x7b240a2000 android.view.SurfaceView.releaseSurfaces:858 android.view.SurfaceView.updateSurface:1172 android.view.SurfaceView.onWindowVisibilityChanged:371 
10-08 16:42:18.256  9934  9934 I SurfaceView@f370d69: applyTransactionOnVriDraw: viewRoot.applyTransactionOnDrawFromReleaseSurfaces
10-08 16:42:18.256  9934  9934 I ViewRootImpl@a341d53[MainActivity]: applyTransactionOnDraw: mRemoved = false isHardwareEnabled = true t = 0x7b240a2000android.view.ViewRootImpl.applyTransactionOnDrawFromReleaseSurfaces:12850 android.view.SurfaceView.applyTransactionOnVriDraw:2046 android.view.SurfaceView.releaseSurfaces:858 android.view.SurfaceView.updateSurface:1172 android.view.SurfaceView.onWindowVisibilityChanged:371 
10-08 16:42:18.256  9934  9934 V SurfaceView@f370d69: Layout: x=0 y=218 w=1080 h=525, frame=Rect(0, 0 - 1080, 525)
10-08 16:42:18.256  9934  9934 I SurfaceView@f370d69: onDetachedFromWindow: tryReleaseSurfaces()
10-08 16:42:18.256  9934  9934 I SurfaceView@f370d69: releaseSurfaces: viewRoot = ViewRootImpl@a341d53[MainActivity]
10-08 16:42:18.256  9934  9934 I SurfaceView@f370d69: applyTransactionOnVriDraw: vri = ViewRootImpl@a341d53[MainActivity] fRS = true t = 0x7b240a2100 android.view.SurfaceView.releaseSurfaces:858 android.view.SurfaceView.onDetachedFromWindow:500 android.view.View.dispatchDetachedFromWindow:22538 
10-08 16:42:18.256  9934  9934 I SurfaceView@f370d69: applyTransactionOnVriDraw: viewRoot.applyTransactionOnDrawFromReleaseSurfaces
10-08 16:42:18.256  9934  9934 I ViewRootImpl@a341d53[MainActivity]: applyTransactionOnDraw: mRemoved = false isHardwareEnabled = true t = 0x7b240a2100android.view.ViewRootImpl.applyTransactionOnDrawFromReleaseSurfaces:12850 android.view.SurfaceView.applyTransactionOnVriDraw:2046 android.view.SurfaceView.releaseSurfaces:858 android.view.SurfaceView.onDetachedFromWindow:500 android.view.View.dispatchDetachedFromWindow:22538 
10-08 16:42:18.263  9934  9934 I DecorView: notifyKeepScreenOnChanged: keepScreenOn=false
10-08 16:42:18.264  9934  9934 I CS3ExoPlayer: releasePlayer
10-08 16:42:18.264  9934  9934 I CS3ExoPlayer: Handle event: PlayerAttachedEvent(player=null, source=Player)
10-08 16:42:18.265  9934  9934 I DecorView: notifyKeepScreenOnChanged: keepScreenOn=false
10-08 16:42:18.270  9934  9934 I ViewRootImpl@a341d53[MainActivity]: performTraversals params={(0,0)(fillxfill) sim={state=always_hidden adjust=resize} ty=BASE_APPLICATION wanim=0x1030309
10-08 16:42:18.270  9934  9934 I ViewRootImpl@a341d53[MainActivity]:   fl=85810100
10-08 16:42:18.270  9934  9934 I ViewRootImpl@a341d53[MainActivity]:   pfl=12020040
10-08 16:42:18.270  9934  9934 I ViewRootImpl@a341d53[MainActivity]:   vsysui=500
10-08 16:42:18.270  9934  9934 I ViewRootImpl@a341d53[MainActivity]:   bhv=DEFAULT
10-08 16:42:18.270  9934  9934 I ViewRootImpl@a341d53[MainActivity]:   fitSides= naviIconColor=0}
10-08 16:42:18.271  9934  9934 I ViewRootImpl@a341d53[MainActivity]: performTraversals mFirst=false windowShouldResize=false viewVisibilityChanged=false mForceNextWindowRelayout=false params={(0,0)(fillxfill) sim={state=always_hidden adjust=resize} ty=BASE_APPLICATION fmt=TRANSLUCENT wanim=0x1030309
10-08 16:42:18.271  9934  9934 I ViewRootImpl@a341d53[MainActivity]:   fl=85810100
10-08 16:42:18.271  9934  9934 I ViewRootImpl@a341d53[MainActivity]:   pfl=12020040
10-08 16:42:18.271  9934  9934 I ViewRootImpl@a341d53[MainActivity]:   vsysui=500
10-08 16:42:18.271  9934  9934 I ViewRootImpl@a341d53[MainActivity]:   bhv=DEFAULT
10-08 16:42:18.271  9934  9934 I ViewRootImpl@a341d53[MainActivity]:   fitSides= naviIconColor=0}
10-08 16:42:18.275  9934  9934 I ViewRootImpl@a341d53[MainActivity]: updateBlastSurfaceIfNeeded mBlastBufferQueue=0x7b448aa500 isSameSurfaceControl=true
10-08 16:42:18.275  9934  9934 I BLASTBufferQueue: update, w= 1080 h= 2400 mName = ViewRootImpl@a341d53[MainActivity] mNativeObject= 0x7b448aa500 sc.mNativeObject= 0x7b23fd45a0 format= -3 caller= android.view.ViewRootImpl.updateBlastSurfaceIfNeeded:2898 android.view.ViewRootImpl.relayoutWindow:9847 android.view.ViewRootImpl.performTraversals:3884 android.view.ViewRootImpl.doTraversal:3116 android.view.ViewRootImpl$TraversalRunnable.run:10885 android.view.Choreographer$CallbackRecord.run:1301 
10-08 16:42:18.275  9934  9934 I ViewRootImpl@a341d53[MainActivity]: Relayout returned: old=(0,0,1080,2400) new=(0,0,1080,2400) req=(1080,2400)0 dur=4 res=0x0 s={true 0x7b5f9b0800} ch=false seqId=0
10-08 16:42:18.275  9934  9934 I ViewRootImpl@a341d53[MainActivity]: updateBoundsLayer: t = android.view.SurfaceControl$Transaction@fd13fa0 sc = Surface(name=Bounds for - com.lagradost.cloudstream3/com.lagradost.cloudstream3.MainActivity@0)/@0x33b0759 frame = 447
10-08 16:42:18.276  9934  9934 I ViewRootImpl@a341d53[MainActivity]: mWNT: t=0x7b5fbc0700 mBlastBufferQueue=0x7b448aa500 fn= 447 caller= android.view.ViewRootImpl.prepareSurfaces:2985 android.view.ViewRootImpl.performTraversals:4233 android.view.ViewRootImpl.doTraversal:3116 
10-08 16:42:18.277  9934  9958 D SurfaceView@f370d69: windowPositionLost, frameNr = 447
10-08 16:42:18.277  9934 10044 I ViewRootImpl@a341d53[MainActivity]: mWNT: t=0x7b055baf00 mBlastBufferQueue=0x7b448aa500 fn= 447 caller= android.view.ViewRootImpl.lambda$applyTransactionOnDraw$11$android-view-ViewRootImpl:12865 android.view.ViewRootImpl$$ExternalSyntheticLambda1.onFrameDraw:4 android.graphics.HardwareRenderer$FrameDrawingCallback.onFrameDraw:924 
10-08 16:42:18.278  9934 10044 I ViewRootImpl@a341d53[MainActivity]: mWNT: t=0x7b240a2000 mBlastBufferQueue=0x7b448aa500 fn= 447 caller= android.view.ViewRootImpl.lambda$applyTransactionOnDraw$11$android-view-ViewRootImpl:12865 android.view.ViewRootImpl$$ExternalSyntheticLambda1.onFrameDraw:4 android.graphics.HardwareRenderer$FrameDrawingCallback.onFrameDraw:924 
10-08 16:42:18.278  9934 10044 I ViewRootImpl@a341d53[MainActivity]: mWNT: t=0x7b240a2100 mBlastBufferQueue=0x7b448aa500 fn= 447 caller= android.view.ViewRootImpl.lambda$applyTransactionOnDraw$11$android-view-ViewRootImpl:12865 android.view.ViewRootImpl$$ExternalSyntheticLambda1.onFrameDraw:4 android.graphics.HardwareRenderer$FrameDrawingCallback.onFrameDraw:924 
10-08 16:42:18.943  9934  9934 I ViewRootImpl@a341d53[MainActivity]: ViewPostIme pointer 0
10-08 16:42:19.029  9934  9934 I ViewRootImpl@a341d53[MainActivity]: ViewPostIme pointer 1
10-08 16:42:21.012  9934  9934 I ViewRootImpl@a341d53[MainActivity]: ViewPostIme pointer 0
10-08 16:42:21.077  9934  9934 I ViewRootImpl@a341d53[MainActivity]: ViewPostIme pointer 1
10-08 16:42:21.091  9934  9934 I NavComponent: Navigating to fragment: 2131362274
10-08 16:42:21.099  9934  9934 I IMM_LC  : hsifw() - flag : 0
10-08 16:42:21.100  9934  9934 I IMM_LC  : hsifw() - mService.hideSoftInput
10-08 16:42:21.148  9934  9934 D ScrollView: initGoToTop
10-08 16:42:21.366  9934  9934 I SurfaceView@a4b7c18: onWindowVisibilityChanged(0) true android.view.SurfaceView{a4b7c18 V.E...... ......I. 0,0-0,0} of ViewRootImpl@a341d53[MainActivity]
10-08 16:42:21.366  9934  9934 D SurfaceView@a4b7c18: updateSurface: has no frame
10-08 16:42:21.371  9934  9934 I CS3ExoPlayer: SET STYLE = SaveCaptionStyle(foregroundColor=-1, backgroundColor=0, windowColor=0, edgeType=1, edgeColor=-16777216, typeface=null, typefaceFilePath=null, elevation=20, fixedTextSize=null, edgeSize=null, removeCaptions=false, removeBloat=true, upperCase=false, bold=false, italic=false, backgroundRadius=null)
10-08 16:42:21.380  9934  9934 I IMM_LC  : hsifw() - flag : 0
10-08 16:42:21.380  9934  9934 I IMM_LC  : hsifw() - mService.hideSoftInput
10-08 16:42:21.382  9934 10042 I SYNCVM  : addFromUrl = https://tv6.egydead.live/%d9%85%d8%b4%d8%a7%d9%87%d8%af%d8%a9-%d9%81%d9%8a%d9%84%d9%85-omniscient-reader-the-prophecy-2025-%d9%85%d8%aa%d8%b1%d8%ac%d9%85/
10-08 16:42:21.382  9934 10042 I SYNCUTIL: getIdsFromUrl https://tv6.egydead.live/%d9%85%d8%b4%d8%a7%d9%87%d8%af%d8%a9-%d9%81%d9%8a%d9%84%d9%85-omniscient-reader-the-prophecy-2025-%d9%85%d8%aa%d8%b1%d8%ac%d9%85/
10-08 16:42:21.394  9934  9934 I SurfaceView@a4b7c18: onWindowVisibilityChanged(8) false android.view.SurfaceView{a4b7c18 V.E...... ......I. 0,0-0,0} of ViewRootImpl@a341d53[MainActivity]
10-08 16:42:21.394  9934  9934 D SurfaceView@a4b7c18: updateSurface: has no frame
10-08 16:42:21.394  9934  9934 D SurfaceView@a4b7c18: updateSurface: has no frame
10-08 16:42:21.394  9934  9934 I SurfaceView@a4b7c18: onDetachedFromWindow: tryReleaseSurfaces()
10-08 16:42:21.394  9934  9934 I SurfaceView@a4b7c18: releaseSurfaces: viewRoot = ViewRootImpl@a341d53[MainActivity]
10-08 16:42:21.395  9934  9934 I SurfaceView@a4b7c18: applyTransactionOnVriDraw: vri = ViewRootImpl@a341d53[MainActivity] fRS = true t = 0x7b05353e00 android.view.SurfaceView.releaseSurfaces:858 android.view.SurfaceView.onDetachedFromWindow:500 android.view.View.dispatchDetachedFromWindow:22538 
10-08 16:42:21.395  9934  9934 I SurfaceView@a4b7c18: applyTransactionOnVriDraw: viewRoot.applyTransactionOnDrawFromReleaseSurfaces
10-08 16:42:21.395  9934  9934 I ViewRootImpl@a341d53[MainActivity]: applyTransactionOnDraw: mRemoved = false isHardwareEnabled = true t = 0x7b05353e00android.view.ViewRootImpl.applyTransactionOnDrawFromReleaseSurfaces:12850 android.view.SurfaceView.applyTransactionOnVriDraw:2046 android.view.SurfaceView.releaseSurfaces:858 android.view.SurfaceView.onDetachedFromWindow:500 android.view.View.dispatchDetachedFromWindow:22538 
10-08 16:42:21.398  9934  9934 I SurfaceView@a4b7c18: onWindowVisibilityChanged(0) true android.view.SurfaceView{a4b7c18 V.E...... ......I. 0,0-0,0} of ViewRootImpl@a341d53[MainActivity]
10-08 16:42:21.398  9934  9934 D SurfaceView@a4b7c18: updateSurface: has no frame
10-08 16:42:21.401  9934  9934 I DecorView: notifyKeepScreenOnChanged: keepScreenOn=false
10-08 16:42:21.410  9934  9934 I CS3ExoPlayer: reloadPlayer
10-08 16:42:21.410  9934  9934 I CS3ExoPlayer: releasePlayer
10-08 16:42:21.410  9934  9934 I CS3ExoPlayer: Handle event: PlayerAttachedEvent(player=null, source=Player)
10-08 16:42:21.416  9934  9934 I ViewRootImpl@a341d53[MainActivity]: performTraversals params={(0,0)(fillxfill) sim={state=always_hidden adjust=resize} ty=BASE_APPLICATION wanim=0x1030309
10-08 16:42:21.416  9934  9934 I ViewRootImpl@a341d53[MainActivity]:   fl=85810100
10-08 16:42:21.416  9934  9934 I ViewRootImpl@a341d53[MainActivity]:   pfl=12020040
10-08 16:42:21.416  9934  9934 I ViewRootImpl@a341d53[MainActivity]:   vsysui=500
10-08 16:42:21.416  9934  9934 I ViewRootImpl@a341d53[MainActivity]:   bhv=DEFAULT
10-08 16:42:21.416  9934  9934 I ViewRootImpl@a341d53[MainActivity]:   fitSides= naviIconColor=0}
10-08 16:42:21.417  9934  9934 I ViewRootImpl@a341d53[MainActivity]: performTraversals mFirst=false windowShouldResize=false viewVisibilityChanged=false mForceNextWindowRelayout=false params={(0,0)(fillxfill) sim={state=always_hidden adjust=resize} ty=BASE_APPLICATION fmt=TRANSLUCENT wanim=0x1030309
10-08 16:42:21.417  9934  9934 I ViewRootImpl@a341d53[MainActivity]:   fl=85810100
10-08 16:42:21.417  9934  9934 I ViewRootImpl@a341d53[MainActivity]:   pfl=12020040
10-08 16:42:21.417  9934  9934 I ViewRootImpl@a341d53[MainActivity]:   vsysui=500
10-08 16:42:21.417  9934  9934 I ViewRootImpl@a341d53[MainActivity]:   bhv=DEFAULT
10-08 16:42:21.417  9934  9934 I ViewRootImpl@a341d53[MainActivity]:   fitSides= naviIconColor=0}
10-08 16:42:21.427  9934  9934 I ViewRootImpl@a341d53[MainActivity]: updateBlastSurfaceIfNeeded mBlastBufferQueue=0x7b448aa500 isSameSurfaceControl=true
10-08 16:42:21.427  9934  9934 I BLASTBufferQueue: update, w= 1080 h= 2400 mName = ViewRootImpl@a341d53[MainActivity] mNativeObject= 0x7b448aa500 sc.mNativeObject= 0x7add17a500 format= -3 caller= android.view.ViewRootImpl.updateBlastSurfaceIfNeeded:2898 android.view.ViewRootImpl.relayoutWindow:9847 android.view.ViewRootImpl.performTraversals:3884 android.view.ViewRootImpl.doTraversal:3116 android.view.ViewRootImpl$TraversalRunnable.run:10885 android.view.Choreographer$CallbackRecord.run:1301 
10-08 16:42:21.428  9934  9934 I ViewRootImpl@a341d53[MainActivity]: Relayout returned: old=(0,0,1080,2400) new=(0,0,1080,2400) req=(1080,2400)0 dur=10 res=0x0 s={true 0x7b5f9b0800} ch=false seqId=0
10-08 16:42:21.428  9934  9934 I ViewRootImpl@a341d53[MainActivity]: updateBoundsLayer: t = android.view.SurfaceControl$Transaction@fd13fa0 sc = Surface(name=Bounds for - com.lagradost.cloudstream3/com.lagradost.cloudstream3.MainActivity@0)/@0x33b0759 frame = 492
10-08 16:42:21.428  9934  9934 I ViewRootImpl@a341d53[MainActivity]: mWNT: t=0x7b5fbc0700 mBlastBufferQueue=0x7b448aa500 fn= 492 caller= android.view.ViewRootImpl.prepareSurfaces:2985 android.view.ViewRootImpl.performTraversals:4233 android.view.ViewRootImpl.doTraversal:3116 
10-08 16:42:21.430  9934  9934 W View    : requestLayout() improperly called by android.widget.FrameLayout{db9c88d I.E...... ......I. 0,0-0,0 #7f0a04e7 app:id/start_panel} during layout: running second layout pass
10-08 16:42:21.430  9934  9934 W View    : requestLayout() improperly called by android.widget.FrameLayout{d438a42 I.E...... ......ID 1080,0-1080,2143 #7f0a0168 app:id/end_panel} during layout: running second layout pass
10-08 16:42:21.433  9934  9934 D SurfaceView@a4b7c18: updateSurface: has no frame
10-08 16:42:21.438  9934 10045 I ViewRootImpl@a341d53[MainActivity]: mWNT: t=0x7b05353e00 mBlastBufferQueue=0x7b448aa500 fn= 492 caller= android.view.ViewRootImpl.lambda$applyTransactionOnDraw$11$android-view-ViewRootImpl:12865 android.view.ViewRootImpl$$ExternalSyntheticLambda1.onFrameDraw:4 android.graphics.HardwareRenderer$FrameDrawingCallback.onFrameDraw:924 
10-08 16:42:21.441  9934  9934 D SurfaceView@a4b7c18: updateSurface: has no frame
10-08 16:42:21.464  9934  9934 D SurfaceView@a4b7c18: updateSurface: has no frame
10-08 16:42:21.482  9934  9934 D SurfaceView@a4b7c18: updateSurface: has no frame
10-08 16:42:21.498  9934  9934 D SurfaceView@a4b7c18: updateSurface: has no frame
10-08 16:42:21.509  9934  9934 D SurfaceView@a4b7c18: updateSurface: has no frame
10-08 16:42:21.519  9934  9934 D SurfaceView@a4b7c18: updateSurface: has no frame
10-08 16:42:21.536  9934  9934 D SurfaceView@a4b7c18: updateSurface: has no frame
10-08 16:42:21.553  9934  9934 D SurfaceView@a4b7c18: updateSurface: has no frame
10-08 16:42:21.569  9934  9934 D SurfaceView@a4b7c18: updateSurface: has no frame
10-08 16:42:21.593  9934  9934 D SurfaceView@a4b7c18: updateSurface: has no frame
10-08 16:42:21.603  9934  9934 D SurfaceView@a4b7c18: updateSurface: has no frame
10-08 16:42:21.620  9934  9934 D SurfaceView@a4b7c18: updateSurface: has no frame
10-08 16:42:21.640  9934  9934 D SurfaceView@a4b7c18: updateSurface: has no frame
10-08 16:42:21.658  9934  9934 D SurfaceView@a4b7c18: updateSurface: has no frame
10-08 16:42:21.671  9934  9934 D SurfaceView@a4b7c18: updateSurface: has no frame
10-08 16:42:21.681  9934  9939 I st.cloudstream3: Background concurrent copying GC freed 16MB AllocSpace bytes, 97(6768KB) LOS objects, 48% free, 25MB/49MB, paused 480us,70us total 228.459ms
10-08 16:42:21.686  9934  9934 D SurfaceView@a4b7c18: updateSurface: has no frame
10-08 16:42:21.693  9934  9958 D OpenGLRenderer: setSurface called with nullptr
10-08 16:42:21.693  9934  9940 D InputTransport: Input channel destroyed: 'ClientS', fd=262
10-08 16:42:21.701  9934  9958 D OpenGLRenderer: setSurface called with nullptr
10-08 16:42:21.702  9934  9940 D InputTransport: Input channel destroyed: 'ClientS', fd=179
10-08 16:42:21.702  9934  9940 D InputTransport: Input channel destroyed: 'ClientS', fd=119
10-08 16:42:21.703  9934  9934 D SurfaceView@a4b7c18: updateSurface: has no frame
10-08 16:42:21.719  9934  9934 D SurfaceView@a4b7c18: updateSurface: has no frame
10-08 16:42:21.736  9934  9934 D SurfaceView@a4b7c18: updateSurface: has no frame
10-08 16:42:21.752  9934  9934 D SurfaceView@a4b7c18: updateSurface: has no frame
10-08 16:42:21.769  9934  9934 D SurfaceView@a4b7c18: updateSurface: has no frame
10-08 16:42:21.786  9934  9934 D SurfaceView@a4b7c18: updateSurface: has no frame
10-08 16:42:21.802  9934  9934 D SurfaceView@a4b7c18: updateSurface: has no frame
10-08 16:42:21.819  9934  9934 D SurfaceView@a4b7c18: updateSurface: has no frame
10-08 16:42:21.835  9934  9934 D SurfaceView@a4b7c18: updateSurface: has no frame
10-08 16:42:21.853  9934  9934 D SurfaceView@a4b7c18: updateSurface: has no frame
10-08 16:42:21.869  9934  9934 D SurfaceView@a4b7c18: updateSurface: has no frame
10-08 16:42:21.886  9934  9934 D SurfaceView@a4b7c18: updateSurface: has no frame
10-08 16:42:21.902  9934  9934 D SurfaceView@a4b7c18: updateSurface: has no frame
10-08 16:42:21.919  9934  9934 D SurfaceView@a4b7c18: updateSurface: has no frame
10-08 16:42:21.936  9934  9934 D SurfaceView@a4b7c18: updateSurface: has no frame
10-08 16:42:21.952  9934  9934 D SurfaceView@a4b7c18: updateSurface: has no frame
10-08 16:42:21.957  9934 10000 I RVM2    : applyMeta
10-08 16:42:21.965  9934  9934 W PanelsChildGestureRegionObserver: failed to register view with ID 2131362800. already registered
10-08 16:42:21.968  9934  9934 E CoilImgLoader: Error loading image: coil3.request.NullRequestDataException: The request's data is null.
10-08 16:42:21.975  9934  9934 E CoilImgLoader: Error loading image: coil3.request.NullRequestDataException: The request's data is null.
10-08 16:42:22.028  9934 10001 I SYNCVM  : addFromUrl = https://tv6.egydead.live/%d9%85%d8%b4%d8%a7%d9%87%d8%af%d8%a9-%d9%81%d9%8a%d9%84%d9%85-omniscient-reader-the-prophecy-2025-%d9%85%d8%aa%d8%b1%d8%ac%d9%85/
10-08 16:42:22.028  9934 10001 I SYNCUTIL: getIdsFromUrl https://tv6.egydead.live/%d9%85%d8%b4%d8%a7%d9%87%d8%af%d8%a9-%d9%81%d9%8a%d9%84%d9%85-omniscient-reader-the-prophecy-2025-%d9%85%d8%aa%d8%b1%d8%ac%d9%85/
10-08 16:42:22.042  9934  9934 I ViewRootImpl@a341d53[MainActivity]: performTraversals mFirst=false windowShouldResize=false viewVisibilityChanged=false mForceNextWindowRelayout=false params={(0,0)(fillxfill) sim={state=always_hidden adjust=pan} ty=BASE_APPLICATION fmt=TRANSLUCENT wanim=0x1030309
10-08 16:42:22.042  9934  9934 I ViewRootImpl@a341d53[MainActivity]:   fl=85810100
10-08 16:42:22.042  9934  9934 I ViewRootImpl@a341d53[MainActivity]:   pfl=12020040
10-08 16:42:22.042  9934  9934 I ViewRootImpl@a341d53[MainActivity]:   vsysui=500
10-08 16:42:22.042  9934  9934 I ViewRootImpl@a341d53[MainActivity]:   bhv=DEFAULT
10-08 16:42:22.042  9934  9934 I ViewRootImpl@a341d53[MainActivity]:   fitSides= naviIconColor=0}
10-08 16:42:22.050  9934  9934 I ViewRootImpl@a341d53[MainActivity]: updateBlastSurfaceIfNeeded mBlastBufferQueue=0x7b448aa500 isSameSurfaceControl=true
10-08 16:42:22.050  9934  9934 I BLASTBufferQueue: update, w= 1080 h= 2400 mName = ViewRootImpl@a341d53[MainActivity] mNativeObject= 0x7b448aa500 sc.mNativeObject= 0x7b7c023c60 format= -3 caller= android.view.ViewRootImpl.updateBlastSurfaceIfNeeded:2898 android.view.ViewRootImpl.relayoutWindow:9847 android.view.ViewRootImpl.performTraversals:3884 android.view.ViewRootImpl.doTraversal:3116 android.view.ViewRootImpl$TraversalRunnable.run:10885 android.view.Choreographer$CallbackRecord.run:1301 
10-08 16:42:22.050  9934  9934 I ViewRootImpl@a341d53[MainActivity]: Relayout returned: old=(0,0,1080,2400) new=(0,0,1080,2400) req=(1080,2400)0 dur=8 res=0x0 s={true 0x7b5f9b0800} ch=false seqId=0
10-08 16:42:22.051  9934  9934 D SurfaceView@a4b7c18: updateSurface: has no frame
10-08 16:42:22.052  9934  9934 I SurfaceView@a4b7c18: Changes: creating=true format=true size=true visible=true alpha=false hint=false mUseAlpha=false visible=true left=true top=true
10-08 16:42:22.054  9934  9934 I BLASTBufferQueue: update, w= 1080 h= 525 mName = null mNativeObject= 0x7b448aa800 sc.mNativeObject= 0x7b7c0245c0 format= 4 caller= android.view.SurfaceView.createBlastSurfaceControls:1383 android.view.SurfaceView.updateSurface:1079 android.view.SurfaceView.lambda$new$0$android-view-SurfaceView:200 android.view.SurfaceView$$ExternalSyntheticLambda5.onPreDraw:2 android.view.ViewTreeObserver.dispatchOnPreDraw:1121 android.view.ViewRootImpl.performTraversals:4442 
10-08 16:42:22.054  9934  9934 I SurfaceView@a4b7c18: 172719128 Cur surface: Surface(name=null)/@0x63f6ad
10-08 16:42:22.054  9934  9934 I SurfaceView@a4b7c18: pST: sr = Rect(0, 218 - 1080, 743) sw = 1080 sh = 525
10-08 16:42:22.054  9934  9934 D SurfaceView@a4b7c18: performSurfaceTransaction RenderWorker position = [0, 218, 1080, 743] surfaceSize = 1080x525
10-08 16:42:22.054  9934  9934 I SurfaceView@a4b7c18: applyTransactionOnVriDraw: vri = ViewRootImpl@a341d53[MainActivity] fRS = false t = 0x7ca9447200 android.view.SurfaceView.performSurfaceTransaction:959 android.view.SurfaceView.updateSurface:1105 android.view.SurfaceView.lambda$new$0$android-view-SurfaceView:200 
10-08 16:42:22.055  9934  9934 I ViewRootImpl@a341d53[MainActivity]: applyTransactionOnDraw: mRemoved = false isHardwareEnabled = true t = 0x7ca9447200android.view.SurfaceView.applyTransactionOnVriDraw:2048 android.view.SurfaceView.performSurfaceTransaction:959 android.view.SurfaceView.updateSurface:1105 android.view.SurfaceView.lambda$new$0$android-view-SurfaceView:200 android.view.SurfaceView$$ExternalSyntheticLambda5.onPreDraw:2 
10-08 16:42:22.055  9934  9934 I SurfaceView@a4b7c18: updateSurface: mVisible = true mSurface.isValid() = true
10-08 16:42:22.055  9934  9934 I SurfaceView@a4b7c18: updateSurface: mSurfaceCreated = false surfaceChanged = true visibleChanged = true
10-08 16:42:22.055  9934  9934 I SurfaceView@a4b7c18: visibleChanged -- surfaceCreated
10-08 16:42:22.055  9934  9934 I SurfaceView@a4b7c18: surfaceCreated 0 #8 android.view.SurfaceView{a4b7c18 V.E...... ......ID 0,0-1080,525}
10-08 16:42:22.055  9934  9934 I SurfaceView@a4b7c18: surfaceChanged -- format=4 w=1080 h=525
10-08 16:42:22.055  9934  9934 I SurfaceView@a4b7c18: surfaceChanged (1080,525) 0 #8 android.view.SurfaceView{a4b7c18 V.E...... ......ID 0,0-1080,525}
10-08 16:42:22.055  9934  9934 I SurfaceView@a4b7c18: surfaceRedrawNeeded
10-08 16:42:22.055  9934  9934 V SurfaceView@a4b7c18: Layout: x=0 y=218 w=1080 h=525, frame=Rect(0, 0 - 1080, 525)
10-08 16:42:22.067  9934 10044 D SurfaceView@a4b7c18: updateSurfacePosition RenderWorker, frameNr = 524, position = [0, 218, 1080, 743] surfaceSize = 1080x525
10-08 16:42:22.068  9934 10044 I SurfaceView@a4b7c18: uSP: rtp = Rect(0, 218 - 1080, 743) rtsw = 1080 rtsh = 525
10-08 16:42:22.068  9934 10044 I SurfaceView@a4b7c18: onSSPAndSRT: pl = 0 pt = 218 sx = 1.0 sy = 1.0
10-08 16:42:22.068  9934 10044 I SurfaceView@a4b7c18: aOrMT: ViewRootImpl@a341d53[MainActivity] t = android.view.SurfaceControl$Transaction@fdad5cf fN = 524 android.view.SurfaceView.-$$Nest$mapplyOrMergeTransaction:0 android.view.SurfaceView$SurfaceViewPositionUpdateListener.positionChanged:1537 android.graphics.RenderNode$CompositePositionUpdateListener.positionChanged:373 
10-08 16:42:22.068  9934 10044 I ViewRootImpl@a341d53[MainActivity]: mWNT: t=0x7bed75b400 mBlastBufferQueue=0x7b448aa500 fn= 524 caller= android.view.SurfaceView.applyOrMergeTransaction:1455 android.view.SurfaceView.-$$Nest$mapplyOrMergeTransaction:0 android.view.SurfaceView$SurfaceViewPositionUpdateListener.positionChanged:1537 
10-08 16:42:22.069  9934 10044 I ViewRootImpl@a341d53[MainActivity]: mWNT: t=0x7ca9447200 mBlastBufferQueue=0x7b448aa500 fn= 524 caller= android.view.ViewRootImpl.lambda$applyTransactionOnDraw$11$android-view-ViewRootImpl:12865 android.view.ViewRootImpl$$ExternalSyntheticLambda1.onFrameDraw:4 android.graphics.HardwareRenderer$FrameDrawingCallback.onFrameDraw:924 
10-08 16:42:22.091  9934  9934 I SurfaceView@a4b7c18: finishedDrawing
10-08 16:42:22.825  9934  9934 I ViewRootImpl@a341d53[MainActivity]: ViewPostIme pointer 0
10-08 16:42:23.358  9934  9934 I Dialog  : mIsDeviceDefault = false, mIsSamsungBasicInteraction = false, isMetaDataInActivity = false
10-08 16:42:23.398  9934  9934 I DecorView: [INFO] isPopOver=false config=false
10-08 16:42:23.398  9934  9934 I DecorView: updateCaptionType: isFloating=false isApplication=true hasWindowDecorCaption=false this=DecorView@c98338e[]
10-08 16:42:23.398  9934  9934 D DecorView: setCaptionType = 0, this = DecorView@c98338e[]
10-08 16:42:23.400  9934  9934 I DecorView: getCurrentDensityDpi: from app context. densityDpi=420 msg=resources_loaded
10-08 16:42:23.400  9934  9934 I DecorView: setWindowBackground: isPopOver=false color=0 d=android.graphics.drawable.ColorDrawable@928a7bc
10-08 16:42:23.410  9934  9958 D NativeCustomFrequencyManager: [NativeCFMS] BpCustomFrequencyManager::BpCustomFrequencyManager()
10-08 16:42:23.411  9934  9934 I DecorView: notifyKeepScreenOnChanged: keepScreenOn=false
10-08 16:42:23.423  9934  9934 D InsetsController: onStateChanged: InsetsState: {mDisplayFrame=Rect(0, 0 - 1080, 2400), mDisplayCutout=DisplayCutout{insets=Rect(0, 88 - 0, 0) waterfall=Insets{left=0, top=0, right=0, bottom=0} boundingRect={Bounds=[Rect(0, 0 - 0, 0), Rect(512, 0 - 568, 88), Rect(0, 0 - 0, 0), Rect(0, 0 - 0, 0)]} cutoutPathParserInfo={CutoutPathParserInfo{displayWidth=1080 displayHeight=2400 physicalDisplayWidth=1080 physicalDisplayHeight=2400 density={2.625} cutoutSpec={M 0,0 M 0,12.25101276465640 a 10.60613009248640,10.60613009248640 0 1,0 0,21.21226018497290 a 10.60613009248640,10.60613009248640 0 1,0 0,-21.21226018497290 Z @dp} rotation={0} scale={1.0} physicalPixelDisplaySizeRatio={1.0}}}}, mRoundedCorners=RoundedCorners{[RoundedCorner{position=TopLeft, radius=84, center=Point(84, 84)}, RoundedCorner{position=TopRight, radius=84, center=Point(996, 84)}, RoundedCorner{position=BottomRight, radius=84, center=Point(996, 2316)}, RoundedCorner{position=BottomLeft, radius=84, center=Point(84, 2316)}]}  mRoundedCornerFrame=Rect(0, 0 - 1080, 2400), mPrivacyIndicatorBounds=PrivacyIndicatorBounds {static bounds=Rect(964, 0 - 1080, 87) rotation=0}, mSources= { InsetsSource: {mType=ITYPE_STATUS_BAR, mFrame=[0,0][1080,88], mVisible=true, mInsetsRoundedCornerFrame=false}, InsetsSource: {mType=ITYPE_NAVIGATION_BAR, mFrame=[0,2361][1080,2400], mVisible=true, mInsetsRoundedCornerFrame=false}, InsetsSource: {mType=ITYPE_LEFT_GESTURES, mFrame=[0,0][130,2400], mVisible=true, mInsetsRoundedCornerFrame=false}, InsetsSource: {mType=ITYPE_RIGHT_GESTURES, mFrame=[950,0][1080,2400], mVisible=true, mInsetsRoundedCornerFrame=false}, InsetsSource: {mType=ITYPE_TOP_MANDATORY_GESTURES, mFrame=[0,0][1080,120], mVisible=true, mInsetsRoundedCornerFrame=false}, InsetsSource: {mType=ITYPE_BOTTOM_MANDATORY_GESTURES, mFrame=[0,2316][1080,2400], mVisible=true, mInsetsRoundedCornerFrame=false}, InsetsSource: {mType=ITYPE_LEFT_DISPLAY_CUTOUT, mFrame=[0,0][-100000,2400], mVisible=true, mInsetsRoundedCornerFrame=false}, InsetsSource: {mType=ITYPE_TOP_DISPLAY_CUTOUT, mFrame=[0,0][1080,88], mVisible=true, mInsetsRoundedCornerFrame=false}, InsetsSource: {mType=ITYPE_RIGHT_DISPLAY_CUTOUT, mFrame=[100000,0][1080,2400], mVisible=true, mInsetsRoundedCornerFrame=false}, InsetsSource: {mType=ITYPE_BOTTOM_DISPLAY_CUTOUT, mFrame=[0,100000][1080,2400], mVisible=true, mInsetsRoundedCornerFrame=false}, InsetsSource: {mType=ITYPE_TOP_TAPPABLE_ELEMENT, mFrame=[0,0][1080,88], mVisible=true, mInsetsRoundedCornerFrame=false}, InsetsSource: {mType=ITYPE_BOTTOM_TAPPABLE_ELEMENT, mFrame=[0,0][0,0], mVisible=true, mInsetsRoundedCornerFrame=false}, InsetsSource: {mType=ITYPE_IME, mFrame=[0,0][0,0], mVisibleFrame=[0,1409][1080,2400], mVisible=false, mInsetsRoundedCornerFrame=false} } host=com.lagradost.cloudstream3/com.lagradost.cloudstream3.MainActivity from=android.view.ViewRootImpl.setView:1732
10-08 16:42:23.424  9934  9934 I ViewRootImpl@9d735fd[MainActivity]: setView = com.android.internal.policy.DecorView@c98338e TM=true
10-08 16:42:23.438  9934  9934 I ViewRootImpl@9d735fd[MainActivity]: performTraversals params={(0,0)(fillxfill) gr=CENTER sim={adjust=resize forwardNavigation} ty=APPLICATION fmt=TRANSPARENT wanim=0x7f14000b
10-08 16:42:23.438  9934  9934 I ViewRootImpl@9d735fd[MainActivity]:   fl=85810100
10-08 16:42:23.438  9934  9934 I ViewRootImpl@9d735fd[MainActivity]:   pfl=12020040
10-08 16:42:23.438  9934  9934 I ViewRootImpl@9d735fd[MainActivity]:   vsysui=500
10-08 16:42:23.438  9934  9934 I ViewRootImpl@9d735fd[MainActivity]:   bhv=DEFAULT
10-08 16:42:23.438  9934  9934 I ViewRootImpl@9d735fd[MainActivity]:   fitSides= naviIconColor=0}
10-08 16:42:23.439  9934  9934 I ViewRootImpl@9d735fd[MainActivity]: performTraversals mFirst=true windowShouldResize=true viewVisibilityChanged=false mForceNextWindowRelayout=false params={(0,0)(fillxfill) gr=CENTER sim={adjust=resize forwardNavigation} ty=APPLICATION fmt=TRANSPARENT wanim=0x7f14000b
10-08 16:42:23.439  9934  9934 I ViewRootImpl@9d735fd[MainActivity]:   fl=85810100
10-08 16:42:23.439  9934  9934 I ViewRootImpl@9d735fd[MainActivity]:   pfl=12020040
10-08 16:42:23.439  9934  9934 I ViewRootImpl@9d735fd[MainActivity]:   vsysui=500
10-08 16:42:23.439  9934  9934 I ViewRootImpl@9d735fd[MainActivity]:   bhv=DEFAULT
10-08 16:42:23.439  9934  9934 I ViewRootImpl@9d735fd[MainActivity]:   fitSides= naviIconColor=0}
10-08 16:42:23.454  9934  9934 I ViewRootImpl@9d735fd[MainActivity]: updateBlastSurfaceIfNeeded mBlastBufferQueue=null isSameSurfaceControl=false
10-08 16:42:23.455  9934  9934 I BLASTBufferQueue: new BLASTBufferQueue, mName= ViewRootImpl@9d735fd[MainActivity] mNativeObject= 0x7b23acfe00 sc.mNativeObject= 0x7bed7af920 caller= android.view.ViewRootImpl.updateBlastSurfaceIfNeeded:2909 android.view.ViewRootImpl.relayoutWindow:9847 android.view.ViewRootImpl.performTraversals:3884 android.view.ViewRootImpl.doTraversal:3116 android.view.ViewRootImpl$TraversalRunnable.run:10885 android.view.Choreographer$CallbackRecord.run:1301 android.view.Choreographer$CallbackRecord.run:1309 android.view.Choreographer.doCallbacks:923 android.view.Choreographer.doFrame:852 android.view.Choreographer$FrameDisplayEventReceiver.run:1283 
10-08 16:42:23.456  9934  9934 I BLASTBufferQueue: update, w= 1080 h= 2400 mName = ViewRootImpl@9d735fd[MainActivity] mNativeObject= 0x7b23acfe00 sc.mNativeObject= 0x7bed7af920 format= -2 caller= android.graphics.BLASTBufferQueue.<init>:84 android.view.ViewRootImpl.updateBlastSurfaceIfNeeded:2909 android.view.ViewRootImpl.relayoutWindow:9847 android.view.ViewRootImpl.performTraversals:3884 android.view.ViewRootImpl.doTraversal:3116 android.view.ViewRootImpl$TraversalRunnable.run:10885 
10-08 16:42:23.456  9934  9934 I ViewRootImpl@9d735fd[MainActivity]: Relayout returned: old=(0,0,1080,2400) new=(0,0,1080,2400) req=(1080,2400)0 dur=15 res=0x3 s={true 0x7b050a4000} ch=true seqId=0
10-08 16:42:23.457  9934  9934 I ViewRootImpl@9d735fd[MainActivity]: mThreadedRenderer.initialize() mSurface={isValid=true 0x7b050a4000} hwInitialized=true
10-08 16:42:23.458  9934  9958 D OpenGLRenderer: eglCreateWindowSurface
10-08 16:42:23.477  9934  9934 D AbsListView:  in onLayout changed 
10-08 16:42:23.478  9934  9934 I ViewRootImpl@9d735fd[MainActivity]: reportNextDraw android.view.ViewRootImpl.performTraversals:4438 android.view.ViewRootImpl.doTraversal:3116 android.view.ViewRootImpl$TraversalRunnable.run:10885 android.view.Choreographer$CallbackRecord.run:1301 android.view.Choreographer$CallbackRecord.run:1309 
10-08 16:42:23.479  9934  9934 I ViewRootImpl@9d735fd[MainActivity]: Setup new sync id=0
10-08 16:42:23.479  9934  9934 I ViewRootImpl@9d735fd[MainActivity]: Setting syncFrameCallback
10-08 16:42:23.479  9934  9934 I ViewRootImpl@9d735fd[MainActivity]: registerCallbacksForSync syncBuffer=false
10-08 16:42:23.483  9934 10045 I ViewRootImpl@9d735fd[MainActivity]: Received frameDrawingCallback syncResult=0 frameNum=1.
10-08 16:42:23.483  9934 10045 I ViewRootImpl@9d735fd[MainActivity]: Setting up sync and frameCommitCallback
10-08 16:42:23.489  9934  9958 I BLASTBufferQueue: [ViewRootImpl@9d735fd[MainActivity]#12](f:0,a:0) onFrameAvailable the first frame is available
10-08 16:42:23.491  9934  9958 I ViewRootImpl@9d735fd[MainActivity]: Received frameCommittedCallback lastAttemptedDrawFrameNum=1 didProduceBuffer=true
10-08 16:42:23.493  9934  9958 D OpenGLRenderer: CFMS:: SetUp Pid : 9934    Tid : 9958
10-08 16:42:23.498  9934  9934 I ViewRootImpl@9d735fd[MainActivity]: onSyncComplete
10-08 16:42:23.498  9934  9934 I ViewRootImpl@9d735fd[MainActivity]: setupSync seqId=0 mSyncId=0 fn=1 caller=android.view.ViewRootImpl$$ExternalSyntheticLambda11.accept:6 android.window.SurfaceSyncer.lambda$setupSync$1$android-window-SurfaceSyncer:128 android.window.SurfaceSyncer$$ExternalSyntheticLambda1.accept:8 android.window.SurfaceSyncer$SyncSet.checkIfSyncIsComplete:382 android.window.SurfaceSyncer$SyncSet.markSyncReady:359 android.window.SurfaceSyncer.markSyncReady:151 android.view.ViewRootImpl.performTraversals:4503 
10-08 16:42:23.499  9934  9934 I ViewRootImpl@9d735fd[MainActivity]: reportDrawFinished seqId=0 mSyncId=-1 fn=1 mSurfaceChangedTransaction=0x7bdaaec500
10-08 16:42:23.509  9934  9934 I ViewRootImpl@a341d53[MainActivity]: ViewPostIme pointer 1
