10-11 11:09:47.587 31558 31558 D InsetsController: onStateChanged: InsetsState: {mDisplayFrame=Rect(0, 0 - 1080, 2400), mDisplayCutout=DisplayCutout{insets=Rect(0, 88 - 0, 0) waterfall=Insets{left=0, top=0, right=0, bottom=0} boundingRect={Bounds=[Rect(0, 0 - 0, 0), Rect(512, 0 - 568, 88), Rect(0, 0 - 0, 0), Rect(0, 0 - 0, 0)]} cutoutPathParserInfo={CutoutPathParserInfo{displayWidth=1080 displayHeight=2400 physicalDisplayWidth=1080 physicalDisplayHeight=2400 density={2.625} cutoutSpec={M 0,0 M 0,12.25101276465640 a 10.60613009248640,10.60613009248640 0 1,0 0,21.21226018497290 a 10.60613009248640,10.60613009248640 0 1,0 0,-21.21226018497290 Z @dp} rotation={0} scale={1.0} physicalPixelDisplaySizeRatio={1.0}}}}, mRoundedCorners=RoundedCorners{[RoundedCorner{position=TopLeft, radius=84, center=Point(84, 84)}, RoundedCorner{position=TopRight, radius=84, center=Point(996, 84)}, RoundedCorner{position=BottomRight, radius=84, center=Point(996, 2316)}, RoundedCorner{position=BottomLeft, radius=84, center=Point(84, 2316)}]}  mRoundedCornerFrame=Rect(0, 0 - 1080, 2400), mPrivacyIndicatorBounds=PrivacyIndicatorBounds {static bounds=Rect(964, 0 - 1080, 87) rotation=0}, mSources= { InsetsSource: {mType=ITYPE_STATUS_BAR, mFrame=[0,0][1080,88], mVisible=true, mInsetsRoundedCornerFrame=false}, InsetsSource: {mType=ITYPE_NAVIGATION_BAR, mFrame=[0,2361][1080,2400], mVisible=true, mInsetsRoundedCornerFrame=false}, InsetsSource: {mType=ITYPE_LEFT_GESTURES, mFrame=[0,0][130,2400], mVisible=true, mInsetsRoundedCornerFrame=false}, InsetsSource: {mType=ITYPE_RIGHT_GESTURES, mFrame=[950,0][1080,2400], mVisible=true, mInsetsRoundedCornerFrame=false}, InsetsSource: {mType=ITYPE_TOP_MANDATORY_GESTURES, mFrame=[0,0][1080,120], mVisible=true, mInsetsRoundedCornerFrame=false}, InsetsSource: {mType=ITYPE_BOTTOM_MANDATORY_GESTURES, mFrame=[0,2316][1080,2400], mVisible=true, mInsetsRoundedCornerFrame=false}, InsetsSource: {mType=ITYPE_LEFT_DISPLAY_CUTOUT, mFrame=[0,0][-100000,2400], mVisible=true, mInsetsRoundedCornerFrame=false}, InsetsSource: {mType=ITYPE_TOP_DISPLAY_CUTOUT, mFrame=[0,0][1080,88], mVisible=true, mInsetsRoundedCornerFrame=false}, InsetsSource: {mType=ITYPE_RIGHT_DISPLAY_CUTOUT, mFrame=[100000,0][1080,2400], mVisible=true, mInsetsRoundedCornerFrame=false}, InsetsSource: {mType=ITYPE_BOTTOM_DISPLAY_CUTOUT, mFrame=[0,100000][1080,2400], mVisible=true, mInsetsRoundedCornerFrame=false}, InsetsSource: {mType=ITYPE_TOP_TAPPABLE_ELEMENT, mFrame=[0,0][1080,88], mVisible=true, mInsetsRoundedCornerFrame=false}, InsetsSource: {mType=ITYPE_BOTTOM_TAPPABLE_ELEMENT, mFrame=[0,0][0,0], mVisible=true, mInsetsRoundedCornerFrame=false} } host=com.lagradost.cloudstream3/com.lagradost.cloudstream3.MainActivity from=android.view.ViewRootImpl$ViewRootHandler.handleMessageImpl:6740
10-11 11:09:47.590 31558 31558 I ViewRootImpl@fd13eaf[MainActivity]: MSG_WINDOW_FOCUS_CHANGED 0 0
10-11 11:09:47.598 31558 31558 I ViewRootImpl@fd13eaf[MainActivity]: MSG_WINDOW_FOCUS_CHANGED 0 0
10-11 11:09:47.643 31558 31558 I ViewRootImpl@edbfbeb[MainActivity]: MSG_WINDOW_FOCUS_CHANGED 1 0
10-11 11:09:47.644 31558 31558 I ViewRootImpl@edbfbeb[MainActivity]: mThreadedRenderer.initializeIfNeeded()#2 mSurface={isValid=true 0x7b40020000}
10-11 11:09:47.644 31558 31558 D InputMethodManager: startInputInner - Id : 0
10-11 11:09:47.644 31558 31558 I InputMethodManager: startInputInner - mService.startInputOrWindowGainedFocus
10-11 11:09:50.077 31558 31558 I ViewRootImpl@edbfbeb[MainActivity]: ViewPostIme pointer 0
10-11 11:09:50.125 31558 31558 I ViewRootImpl@edbfbeb[MainActivity]: ViewPostIme pointer 1
10-11 11:09:50.131 31558 31558 I MSHandlerLifeCycle: removeMultiSplitHandler: no exist. decor=DecorView@718d3c4[MainActivity]
10-11 11:09:50.132 31558 31582 D OpenGLRenderer: setSurface called with nullptr
10-11 11:09:50.132 31558 31582 D OpenGLRenderer: setSurface() destroyed EGLSurface
10-11 11:09:50.132 31558 31582 D OpenGLRenderer: destroyEglSurface
10-11 11:09:50.134 31558 31558 I ViewRootImpl@edbfbeb[MainActivity]: dispatchDetachedFromWindow
10-11 11:09:50.165 31558 31558 D InputTransport: Input channel destroyed: '2289606', fd=131
10-11 11:09:50.170 31558 31558 D InsetsController: onStateChanged: InsetsState: {mDisplayFrame=Rect(0, 0 - 1080, 2400), mDisplayCutout=DisplayCutout{insets=Rect(0, 88 - 0, 0) waterfall=Insets{left=0, top=0, right=0, bottom=0} boundingRect={Bounds=[Rect(0, 0 - 0, 0), Rect(512, 0 - 568, 88), Rect(0, 0 - 0, 0), Rect(0, 0 - 0, 0)]} cutoutPathParserInfo={CutoutPathParserInfo{displayWidth=1080 displayHeight=2400 physicalDisplayWidth=1080 physicalDisplayHeight=2400 density={2.625} cutoutSpec={M 0,0 M 0,12.25101276465640 a 10.60613009248640,10.60613009248640 0 1,0 0,21.21226018497290 a 10.60613009248640,10.60613009248640 0 1,0 0,-21.21226018497290 Z @dp} rotation={0} scale={1.0} physicalPixelDisplaySizeRatio={1.0}}}}, mRoundedCorners=RoundedCorners{[RoundedCorner{position=TopLeft, radius=84, center=Point(84, 84)}, RoundedCorner{position=TopRight, radius=84, center=Point(996, 84)}, RoundedCorner{position=BottomRight, radius=84, center=Point(996, 2316)}, RoundedCorner{position=BottomLeft, radius=84, center=Point(84, 2316)}]}  mRoundedCornerFrame=Rect(0, 0 - 1080, 2400), mPrivacyIndicatorBounds=PrivacyIndicatorBounds {static bounds=Rect(964, 0 - 1080, 87) rotation=0}, mSources= { InsetsSource: {mType=ITYPE_STATUS_BAR, mFrame=[0,0][1080,88], mVisible=true, mInsetsRoundedCornerFrame=false}, InsetsSource: {mType=ITYPE_NAVIGATION_BAR, mFrame=[0,2361][1080,2400], mVisible=true, mInsetsRoundedCornerFrame=false}, InsetsSource: {mType=ITYPE_LEFT_GESTURES, mFrame=[0,0][130,2400], mVisible=true, mInsetsRoundedCornerFrame=false}, InsetsSource: {mType=ITYPE_RIGHT_GESTURES, mFrame=[950,0][1080,2400], mVisible=true, mInsetsRoundedCornerFrame=false}, InsetsSource: {mType=ITYPE_TOP_MANDATORY_GESTURES, mFrame=[0,0][1080,120], mVisible=true, mInsetsRoundedCornerFrame=false}, InsetsSource: {mType=ITYPE_BOTTOM_MANDATORY_GESTURES, mFrame=[0,2316][1080,2400], mVisible=true, mInsetsRoundedCornerFrame=false}, InsetsSource: {mType=ITYPE_LEFT_DISPLAY_CUTOUT, mFrame=[0,0][-100000,2400], mVisible=true, mInsetsRoundedCornerFrame=false}, InsetsSource: {mType=ITYPE_TOP_DISPLAY_CUTOUT, mFrame=[0,0][1080,88], mVisible=true, mInsetsRoundedCornerFrame=false}, InsetsSource: {mType=ITYPE_RIGHT_DISPLAY_CUTOUT, mFrame=[100000,0][1080,2400], mVisible=true, mInsetsRoundedCornerFrame=false}, InsetsSource: {mType=ITYPE_BOTTOM_DISPLAY_CUTOUT, mFrame=[0,100000][1080,2400], mVisible=true, mInsetsRoundedCornerFrame=false}, InsetsSource: {mType=ITYPE_TOP_TAPPABLE_ELEMENT, mFrame=[0,0][1080,88], mVisible=true, mInsetsRoundedCornerFrame=false}, InsetsSource: {mType=ITYPE_BOTTOM_TAPPABLE_ELEMENT, mFrame=[0,0][0,0], mVisible=true, mInsetsRoundedCornerFrame=false} } host=com.lagradost.cloudstream3/com.lagradost.cloudstream3.MainActivity from=android.view.ViewRootImpl$ViewRootHandler.handleMessageImpl:6740
10-11 11:09:50.193 31558 31558 I ViewRootImpl@fd13eaf[MainActivity]: MSG_WINDOW_FOCUS_CHANGED 1 0
10-11 11:09:50.193 31558 31558 I ViewRootImpl@fd13eaf[MainActivity]: mThreadedRenderer.initializeIfNeeded()#2 mSurface={isValid=true 0x7b57e0f000}
10-11 11:09:50.201 31558 31558 D InputMethodManager: startInputInner - Id : 0
10-11 11:09:50.201 31558 31558 I InputMethodManager: startInputInner - mService.startInputOrWindowGainedFocus
10-11 11:09:50.589 31558 31558 I ViewRootImpl@fd13eaf[MainActivity]: ViewPostIme pointer 0
10-11 11:09:50.646 31558 31558 W PanelsChildGestureRegionObserver: failed to register view with ID 2131362800. already registered
10-11 11:09:50.657 31558 31558 W PanelsChildGestureRegionObserver: failed to register view with ID 2131362800. already registered
10-11 11:09:50.671 31558 31558 W PanelsChildGestureRegionObserver: failed to register view with ID 2131362800. already registered
10-11 11:09:50.688 31558 31558 W PanelsChildGestureRegionObserver: failed to register view with ID 2131362800. already registered
10-11 11:09:50.709 31558 31558 W PanelsChildGestureRegionObserver: failed to register view with ID 2131362800. already registered
10-11 11:09:50.710 31558 31558 D WindowOnBackDispatcher: onBackInvoked, viewRoot=ViewRootImpl@edbfbeb[MainActivity], callback=androidx.activity.OnBackPressedDispatcher$Api33Impl$$ExternalSyntheticLambda0@48bac0
10-11 11:09:50.716 31558 31558 I IMM_LC  : hsifw() - flag : 0
10-11 11:09:50.716 31558 31558 I IMM_LC  : hsifw() - mService.hideSoftInput
10-11 11:09:50.719 31558 31558 I CS3ExoPlayer: onStop
10-11 11:09:50.719 31558 31558 I CS3ExoPlayer: saveData
10-11 11:09:50.719 31558 31558 I CS3ExoPlayer: handleEvent Pause
10-11 11:09:50.780 31558 31558 W PanelsChildGestureRegionObserver: failed to register view with ID 2131362800. already registered
10-11 11:09:51.001 31558 31569 I st.cloudstream3: Background concurrent copying GC freed 14MB AllocSpace bytes, 88(6648KB) LOS objects, 49% free, 22MB/45MB, paused 161us,130us total 179.142ms
10-11 11:09:51.009 31558 31582 D OpenGLRenderer: setSurface called with nullptr
10-11 11:09:51.010 31558 31570 D InputTransport: Input channel destroyed: 'ClientS', fd=173
10-11 11:09:51.010 31558 31582 D OpenGLRenderer: setSurface called with nullptr
10-11 11:09:51.011 31558 31570 D InputTransport: Input channel destroyed: 'ClientS', fd=256
10-11 11:09:51.011 31558 31570 D InputTransport: Input channel destroyed: 'ClientS', fd=265
10-11 11:09:51.014 31558 31582 D OpenGLRenderer: setSurface called with nullptr
10-11 11:09:51.014 31558 31570 D InputTransport: Input channel destroyed: 'ClientS', fd=169
10-11 11:09:51.014 31558 31570 D InputTransport: Input channel destroyed: 'ClientS', fd=131
10-11 11:09:51.028 31558 31558 I ViewRootImpl@fd13eaf[MainActivity]: performTraversals mFirst=false windowShouldResize=false viewVisibilityChanged=false mForceNextWindowRelayout=false params={(0,0)(fillxfill) sim={state=always_hidden adjust=resize} ty=BASE_APPLICATION fmt=TRANSLUCENT wanim=0x1030309
10-11 11:09:51.028 31558 31558 I ViewRootImpl@fd13eaf[MainActivity]:   fl=85810100
10-11 11:09:51.028 31558 31558 I ViewRootImpl@fd13eaf[MainActivity]:   pfl=12020040
10-11 11:09:51.028 31558 31558 I ViewRootImpl@fd13eaf[MainActivity]:   vsysui=500
10-11 11:09:51.028 31558 31558 I ViewRootImpl@fd13eaf[MainActivity]:   bhv=DEFAULT
10-11 11:09:51.028 31558 31558 I ViewRootImpl@fd13eaf[MainActivity]:   fitSides= naviIconColor=0}
10-11 11:09:51.032 31558 31558 I ViewRootImpl@fd13eaf[MainActivity]: updateBlastSurfaceIfNeeded mBlastBufferQueue=0x7b3031ad00 isSameSurfaceControl=true
10-11 11:09:51.033 31558 31558 I BLASTBufferQueue: update, w= 1080 h= 2400 mName = ViewRootImpl@fd13eaf[MainActivity] mNativeObject= 0x7b3031ad00 sc.mNativeObject= 0x7bda9b4c00 format= -3 caller= android.view.ViewRootImpl.updateBlastSurfaceIfNeeded:2898 android.view.ViewRootImpl.relayoutWindow:9847 android.view.ViewRootImpl.performTraversals:3884 android.view.ViewRootImpl.doTraversal:3116 android.view.ViewRootImpl$TraversalRunnable.run:10885 android.view.Choreographer$CallbackRecord.run:1301 
10-11 11:09:51.033 31558 31558 I ViewRootImpl@fd13eaf[MainActivity]: Relayout returned: old=(0,0,1080,2400) new=(0,0,1080,2400) req=(1080,2400)0 dur=4 res=0x0 s={true 0x7b57e0f000} ch=false seqId=0
10-11 11:09:51.045 31558 31558 W PanelsChildGestureRegionObserver: failed to register view with ID 2131362800. already registered
10-11 11:09:51.056 31558 31638 D SurfaceView@fa5c9c: updateSurfacePosition RenderWorker, frameNr = 296, position = [54, 314, 1026, 787] surfaceSize = 1080x525
10-11 11:09:51.056 31558 31638 I SurfaceView@fa5c9c: uSP: rtp = Rect(54, 314 - 1026, 787) rtsw = 1080 rtsh = 525
10-11 11:09:51.056 31558 31638 I SurfaceView@fa5c9c: onSSPAndSRT: pl = 54 pt = 314 sx = 0.9 sy = 0.9009524
10-11 11:09:51.056 31558 31638 I SurfaceView@fa5c9c: aOrMT: ViewRootImpl@fd13eaf[MainActivity] t = android.view.SurfaceControl$Transaction@a34983f fN = 296 android.view.SurfaceView.-$$Nest$mapplyOrMergeTransaction:0 android.view.SurfaceView$SurfaceViewPositionUpdateListener.positionChanged:1537 android.graphics.RenderNode$CompositePositionUpdateListener.positionChanged:373 
10-11 11:09:51.056 31558 31638 I ViewRootImpl@fd13eaf[MainActivity]: mWNT: t=0x7b2ffca300 mBlastBufferQueue=0x7b3031ad00 fn= 296 caller= android.view.SurfaceView.applyOrMergeTransaction:1455 android.view.SurfaceView.-$$Nest$mapplyOrMergeTransaction:0 android.view.SurfaceView$SurfaceViewPositionUpdateListener.positionChanged:1537 
10-11 11:09:51.056 31558 31558 I SurfaceView@fa5c9c: onWindowVisibilityChanged(8) false android.view.SurfaceView{fa5c9c V.E...... ........ 0,0-1080,525} of ViewRootImpl@fd13eaf[MainActivity]
10-11 11:09:51.056 31558 31558 I SurfaceView@fa5c9c: Changes: creating=false format=false size=false visible=true alpha=false hint=false mUseAlpha=false visible=true left=false top=false
10-11 11:09:51.056 31558 31558 I SurfaceView@fa5c9c: 16407708 Cur surface: Surface(name=null)/@0xfbbeac8
10-11 11:09:51.056 31558 31558 I SurfaceView@fa5c9c: applyTransactionOnVriDraw: vri = ViewRootImpl@fd13eaf[MainActivity] fRS = false t = 0x7b6b2fb400 android.view.SurfaceView.performSurfaceTransaction:959 android.view.SurfaceView.updateSurface:1105 android.view.SurfaceView.onWindowVisibilityChanged:371 
10-11 11:09:51.057 31558 31558 I ViewRootImpl@fd13eaf[MainActivity]: applyTransactionOnDraw: mRemoved = false isHardwareEnabled = true t = 0x7b6b2fb400android.view.SurfaceView.applyTransactionOnVriDraw:2048 android.view.SurfaceView.performSurfaceTransaction:959 android.view.SurfaceView.updateSurface:1105 android.view.SurfaceView.onWindowVisibilityChanged:371 android.view.View.dispatchDetachedFromWindow:22529 
10-11 11:09:51.057 31558 31558 I SurfaceView@fa5c9c: surfaceDestroyed
10-11 11:09:51.057 31558 31558 I SurfaceView@fa5c9c: surfaceDestroyed callback.size 0 #2 android.view.SurfaceView{fa5c9c V.E...... ........ 0,0-1080,525}
10-11 11:09:51.057 31558 31558 I SurfaceView@fa5c9c: updateSurface: mVisible = false mSurface.isValid() = true
10-11 11:09:51.057 31558 31558 I SurfaceView@fa5c9c: releaseSurfaces: viewRoot = ViewRootImpl@fd13eaf[MainActivity]
10-11 11:09:51.057 31558 31558 I SurfaceView@fa5c9c: applyTransactionOnVriDraw: vri = ViewRootImpl@fd13eaf[MainActivity] fRS = true t = 0x7b6b2fbe00 android.view.SurfaceView.releaseSurfaces:858 android.view.SurfaceView.updateSurface:1172 android.view.SurfaceView.onWindowVisibilityChanged:371 
10-11 11:09:51.057 31558 31558 I SurfaceView@fa5c9c: applyTransactionOnVriDraw: viewRoot.applyTransactionOnDrawFromReleaseSurfaces
10-11 11:09:51.057 31558 31558 I ViewRootImpl@fd13eaf[MainActivity]: applyTransactionOnDraw: mRemoved = false isHardwareEnabled = true t = 0x7b6b2fbe00android.view.ViewRootImpl.applyTransactionOnDrawFromReleaseSurfaces:12850 android.view.SurfaceView.applyTransactionOnVriDraw:2046 android.view.SurfaceView.releaseSurfaces:858 android.view.SurfaceView.updateSurface:1172 android.view.SurfaceView.onWindowVisibilityChanged:371 
10-11 11:09:51.057 31558 31558 V SurfaceView@fa5c9c: Layout: x=0 y=218 w=1080 h=525, frame=Rect(0, 0 - 1080, 525)
10-11 11:09:51.057 31558 31558 I SurfaceView@fa5c9c: onDetachedFromWindow: tryReleaseSurfaces()
10-11 11:09:51.057 31558 31558 I SurfaceView@fa5c9c: releaseSurfaces: viewRoot = ViewRootImpl@fd13eaf[MainActivity]
10-11 11:09:51.058 31558 31558 I SurfaceView@fa5c9c: applyTransactionOnVriDraw: vri = ViewRootImpl@fd13eaf[MainActivity] fRS = true t = 0x7b6b2ff100 android.view.SurfaceView.releaseSurfaces:858 android.view.SurfaceView.onDetachedFromWindow:500 android.view.View.dispatchDetachedFromWindow:22538 
10-11 11:09:51.058 31558 31558 I SurfaceView@fa5c9c: applyTransactionOnVriDraw: viewRoot.applyTransactionOnDrawFromReleaseSurfaces
10-11 11:09:51.058 31558 31558 I ViewRootImpl@fd13eaf[MainActivity]: applyTransactionOnDraw: mRemoved = false isHardwareEnabled = true t = 0x7b6b2ff100android.view.ViewRootImpl.applyTransactionOnDrawFromReleaseSurfaces:12850 android.view.SurfaceView.applyTransactionOnVriDraw:2046 android.view.SurfaceView.releaseSurfaces:858 android.view.SurfaceView.onDetachedFromWindow:500 android.view.View.dispatchDetachedFromWindow:22538 
10-11 11:09:51.062 31558 31558 I DecorView: notifyKeepScreenOnChanged: keepScreenOn=false
10-11 11:09:51.063 31558 31558 I CS3ExoPlayer: releasePlayer
10-11 11:09:51.063 31558 31558 I CS3ExoPlayer: Handle event: PlayerAttachedEvent(player=null, source=Player)
10-11 11:09:51.064 31558 31558 I DecorView: notifyKeepScreenOnChanged: keepScreenOn=false
10-11 11:09:51.072 31558 31558 I ViewRootImpl@fd13eaf[MainActivity]: performTraversals params={(0,0)(fillxfill) sim={state=always_hidden adjust=resize} ty=BASE_APPLICATION wanim=0x1030309
10-11 11:09:51.072 31558 31558 I ViewRootImpl@fd13eaf[MainActivity]:   fl=85810100
10-11 11:09:51.072 31558 31558 I ViewRootImpl@fd13eaf[MainActivity]:   pfl=12020040
10-11 11:09:51.072 31558 31558 I ViewRootImpl@fd13eaf[MainActivity]:   vsysui=500
10-11 11:09:51.072 31558 31558 I ViewRootImpl@fd13eaf[MainActivity]:   bhv=DEFAULT
10-11 11:09:51.072 31558 31558 I ViewRootImpl@fd13eaf[MainActivity]:   fitSides= naviIconColor=0}
10-11 11:09:51.072 31558 31558 I ViewRootImpl@fd13eaf[MainActivity]: performTraversals mFirst=false windowShouldResize=false viewVisibilityChanged=false mForceNextWindowRelayout=false params={(0,0)(fillxfill) sim={state=always_hidden adjust=resize} ty=BASE_APPLICATION fmt=TRANSLUCENT wanim=0x1030309
10-11 11:09:51.072 31558 31558 I ViewRootImpl@fd13eaf[MainActivity]:   fl=85810100
10-11 11:09:51.072 31558 31558 I ViewRootImpl@fd13eaf[MainActivity]:   pfl=12020040
10-11 11:09:51.072 31558 31558 I ViewRootImpl@fd13eaf[MainActivity]:   vsysui=500
10-11 11:09:51.072 31558 31558 I ViewRootImpl@fd13eaf[MainActivity]:   bhv=DEFAULT
10-11 11:09:51.072 31558 31558 I ViewRootImpl@fd13eaf[MainActivity]:   fitSides= naviIconColor=0}
10-11 11:09:51.076 31558 31558 I ViewRootImpl@fd13eaf[MainActivity]: updateBlastSurfaceIfNeeded mBlastBufferQueue=0x7b3031ad00 isSameSurfaceControl=true
10-11 11:09:51.076 31558 31558 I BLASTBufferQueue: update, w= 1080 h= 2400 mName = ViewRootImpl@fd13eaf[MainActivity] mNativeObject= 0x7b3031ad00 sc.mNativeObject= 0x7b6b36a080 format= -3 caller= android.view.ViewRootImpl.updateBlastSurfaceIfNeeded:2898 android.view.ViewRootImpl.relayoutWindow:9847 android.view.ViewRootImpl.performTraversals:3884 android.view.ViewRootImpl.doTraversal:3116 android.view.ViewRootImpl$TraversalRunnable.run:10885 android.view.Choreographer$CallbackRecord.run:1301 
10-11 11:09:51.076 31558 31558 I ViewRootImpl@fd13eaf[MainActivity]: Relayout returned: old=(0,0,1080,2400) new=(0,0,1080,2400) req=(1080,2400)0 dur=4 res=0x0 s={true 0x7b57e0f000} ch=false seqId=0
10-11 11:09:51.076 31558 31558 I ViewRootImpl@fd13eaf[MainActivity]: updateBoundsLayer: t = android.view.SurfaceControl$Transaction@cfad4b0 sc = Surface(name=Bounds for - com.lagradost.cloudstream3/com.lagradost.cloudstream3.MainActivity@0)/@0x3ba5f29 frame = 297
10-11 11:09:51.077 31558 31558 I ViewRootImpl@fd13eaf[MainActivity]: mWNT: t=0x7b30228a00 mBlastBufferQueue=0x7b3031ad00 fn= 297 caller= android.view.ViewRootImpl.prepareSurfaces:2985 android.view.ViewRootImpl.performTraversals:4233 android.view.ViewRootImpl.doTraversal:3116 
10-11 11:09:51.078 31558 31582 D SurfaceView@fa5c9c: windowPositionLost, frameNr = 297
10-11 11:09:51.079 31558 31639 I ViewRootImpl@fd13eaf[MainActivity]: mWNT: t=0x7b6b2fb400 mBlastBufferQueue=0x7b3031ad00 fn= 297 caller= android.view.ViewRootImpl.lambda$applyTransactionOnDraw$11$android-view-ViewRootImpl:12865 android.view.ViewRootImpl$$ExternalSyntheticLambda1.onFrameDraw:4 android.graphics.HardwareRenderer$FrameDrawingCallback.onFrameDraw:924 
10-11 11:09:51.079 31558 31639 I ViewRootImpl@fd13eaf[MainActivity]: mWNT: t=0x7b6b2fbe00 mBlastBufferQueue=0x7b3031ad00 fn= 297 caller= android.view.ViewRootImpl.lambda$applyTransactionOnDraw$11$android-view-ViewRootImpl:12865 android.view.ViewRootImpl$$ExternalSyntheticLambda1.onFrameDraw:4 android.graphics.HardwareRenderer$FrameDrawingCallback.onFrameDraw:924 
10-11 11:09:51.079 31558 31639 I ViewRootImpl@fd13eaf[MainActivity]: mWNT: t=0x7b6b2ff100 mBlastBufferQueue=0x7b3031ad00 fn= 297 caller= android.view.ViewRootImpl.lambda$applyTransactionOnDraw$11$android-view-ViewRootImpl:12865 android.view.ViewRootImpl$$ExternalSyntheticLambda1.onFrameDraw:4 android.graphics.HardwareRenderer$FrameDrawingCallback.onFrameDraw:924 
10-11 11:09:53.201 31558 31558 I ViewRootImpl@fd13eaf[MainActivity]: ViewPostIme pointer 0
10-11 11:09:53.373 31558 31558 I ViewRootImpl@fd13eaf[MainActivity]: ViewPostIme pointer 1
10-11 11:09:53.761 31558 31558 I ViewRootImpl@fd13eaf[MainActivity]: ViewPostIme pointer 0
10-11 11:09:53.836 31558 31558 I ViewRootImpl@fd13eaf[MainActivity]: ViewPostIme pointer 1
10-11 11:09:54.158 31558 31558 I ViewRootImpl@fd13eaf[MainActivity]: ViewPostIme pointer 0
10-11 11:09:54.207 31558 31558 I ViewRootImpl@fd13eaf[MainActivity]: ViewPostIme pointer 1
10-11 11:09:54.221 31558 31558 I NavComponent: Navigating to fragment: 2131362274
10-11 11:09:54.222 31558 31558 I IMM_LC  : hsifw() - flag : 0
10-11 11:09:54.222 31558 31558 I IMM_LC  : hsifw() - mService.hideSoftInput
10-11 11:09:54.239 31558 31558 D ScrollView: initGoToTop
10-11 11:09:54.420 31558 31558 I SurfaceView@613e7f5: onWindowVisibilityChanged(0) true android.view.SurfaceView{613e7f5 V.E...... ......I. 0,0-0,0} of ViewRootImpl@fd13eaf[MainActivity]
10-11 11:09:54.420 31558 31558 D SurfaceView@613e7f5: updateSurface: has no frame
10-11 11:09:54.423 31558 31558 I CS3ExoPlayer: SET STYLE = SaveCaptionStyle(foregroundColor=-1, backgroundColor=0, windowColor=0, edgeType=1, edgeColor=-16777216, typeface=null, typefaceFilePath=null, elevation=20, fixedTextSize=null, edgeSize=null, removeCaptions=false, removeBloat=true, upperCase=false, bold=false, italic=false, backgroundRadius=null)
10-11 11:09:54.428 31558 31558 I IMM_LC  : hsifw() - flag : 0
10-11 11:09:54.428 31558 31558 I IMM_LC  : hsifw() - mService.hideSoftInput
10-11 11:09:54.429 31558 31611 I SYNCVM  : addFromUrl = https://tv6.egydead.live/%d9%85%d8%b4%d8%a7%d9%87%d8%af%d8%a9-%d9%81%d9%8a%d9%84%d9%85-qodrat-2-2025-%d9%85%d8%aa%d8%b1%d8%ac%d9%85/
10-11 11:09:54.429 31558 31611 I SYNCUTIL: getIdsFromUrl https://tv6.egydead.live/%d9%85%d8%b4%d8%a7%d9%87%d8%af%d8%a9-%d9%81%d9%8a%d9%84%d9%85-qodrat-2-2025-%d9%85%d8%aa%d8%b1%d8%ac%d9%85/
10-11 11:09:54.436 31558 31558 I SurfaceView@613e7f5: onWindowVisibilityChanged(8) false android.view.SurfaceView{613e7f5 V.E...... ......I. 0,0-0,0} of ViewRootImpl@fd13eaf[MainActivity]
10-11 11:09:54.436 31558 31558 D SurfaceView@613e7f5: updateSurface: has no frame
10-11 11:09:54.436 31558 31558 D SurfaceView@613e7f5: updateSurface: has no frame
10-11 11:09:54.436 31558 31558 I SurfaceView@613e7f5: onDetachedFromWindow: tryReleaseSurfaces()
10-11 11:09:54.436 31558 31558 I SurfaceView@613e7f5: releaseSurfaces: viewRoot = ViewRootImpl@fd13eaf[MainActivity]
10-11 11:09:54.436 31558 31558 I SurfaceView@613e7f5: applyTransactionOnVriDraw: vri = ViewRootImpl@fd13eaf[MainActivity] fRS = true t = 0x7b163cbd00 android.view.SurfaceView.releaseSurfaces:858 android.view.SurfaceView.onDetachedFromWindow:500 android.view.View.dispatchDetachedFromWindow:22538 
10-11 11:09:54.436 31558 31558 I SurfaceView@613e7f5: applyTransactionOnVriDraw: viewRoot.applyTransactionOnDrawFromReleaseSurfaces
10-11 11:09:54.436 31558 31558 I ViewRootImpl@fd13eaf[MainActivity]: applyTransactionOnDraw: mRemoved = false isHardwareEnabled = true t = 0x7b163cbd00android.view.ViewRootImpl.applyTransactionOnDrawFromReleaseSurfaces:12850 android.view.SurfaceView.applyTransactionOnVriDraw:2046 android.view.SurfaceView.releaseSurfaces:858 android.view.SurfaceView.onDetachedFromWindow:500 android.view.View.dispatchDetachedFromWindow:22538 
10-11 11:09:54.437 31558 31558 I SurfaceView@613e7f5: onWindowVisibilityChanged(0) true android.view.SurfaceView{613e7f5 V.E...... ......I. 0,0-0,0} of ViewRootImpl@fd13eaf[MainActivity]
10-11 11:09:54.437 31558 31558 D SurfaceView@613e7f5: updateSurface: has no frame
10-11 11:09:54.440 31558 31558 I DecorView: notifyKeepScreenOnChanged: keepScreenOn=false
10-11 11:09:54.444 31558 31558 I CS3ExoPlayer: reloadPlayer
10-11 11:09:54.444 31558 31558 I CS3ExoPlayer: releasePlayer
10-11 11:09:54.444 31558 31558 I CS3ExoPlayer: Handle event: PlayerAttachedEvent(player=null, source=Player)
10-11 11:09:54.448 31558 31558 I ViewRootImpl@fd13eaf[MainActivity]: performTraversals params={(0,0)(fillxfill) sim={state=always_hidden adjust=resize} ty=BASE_APPLICATION wanim=0x1030309
10-11 11:09:54.448 31558 31558 I ViewRootImpl@fd13eaf[MainActivity]:   fl=85810100
10-11 11:09:54.448 31558 31558 I ViewRootImpl@fd13eaf[MainActivity]:   pfl=12020040
10-11 11:09:54.448 31558 31558 I ViewRootImpl@fd13eaf[MainActivity]:   vsysui=500
10-11 11:09:54.448 31558 31558 I ViewRootImpl@fd13eaf[MainActivity]:   bhv=DEFAULT
10-11 11:09:54.448 31558 31558 I ViewRootImpl@fd13eaf[MainActivity]:   fitSides= naviIconColor=0}
10-11 11:09:54.448 31558 31558 I ViewRootImpl@fd13eaf[MainActivity]: performTraversals mFirst=false windowShouldResize=false viewVisibilityChanged=false mForceNextWindowRelayout=false params={(0,0)(fillxfill) sim={state=always_hidden adjust=resize} ty=BASE_APPLICATION fmt=TRANSLUCENT wanim=0x1030309
10-11 11:09:54.448 31558 31558 I ViewRootImpl@fd13eaf[MainActivity]:   fl=85810100
10-11 11:09:54.448 31558 31558 I ViewRootImpl@fd13eaf[MainActivity]:   pfl=12020040
10-11 11:09:54.448 31558 31558 I ViewRootImpl@fd13eaf[MainActivity]:   vsysui=500
10-11 11:09:54.448 31558 31558 I ViewRootImpl@fd13eaf[MainActivity]:   bhv=DEFAULT
10-11 11:09:54.448 31558 31558 I ViewRootImpl@fd13eaf[MainActivity]:   fitSides= naviIconColor=0}
10-11 11:09:54.454 31558 31558 I ViewRootImpl@fd13eaf[MainActivity]: updateBlastSurfaceIfNeeded mBlastBufferQueue=0x7b3031ad00 isSameSurfaceControl=true
10-11 11:09:54.455 31558 31558 I BLASTBufferQueue: update, w= 1080 h= 2400 mName = ViewRootImpl@fd13eaf[MainActivity] mNativeObject= 0x7b3031ad00 sc.mNativeObject= 0x7b2b423920 format= -3 caller= android.view.ViewRootImpl.updateBlastSurfaceIfNeeded:2898 android.view.ViewRootImpl.relayoutWindow:9847 android.view.ViewRootImpl.performTraversals:3884 android.view.ViewRootImpl.doTraversal:3116 android.view.ViewRootImpl$TraversalRunnable.run:10885 android.view.Choreographer$CallbackRecord.run:1301 
10-11 11:09:54.455 31558 31558 I ViewRootImpl@fd13eaf[MainActivity]: Relayout returned: old=(0,0,1080,2400) new=(0,0,1080,2400) req=(1080,2400)0 dur=6 res=0x0 s={true 0x7b57e0f000} ch=false seqId=0
10-11 11:09:54.455 31558 31558 I ViewRootImpl@fd13eaf[MainActivity]: updateBoundsLayer: t = android.view.SurfaceControl$Transaction@cfad4b0 sc = Surface(name=Bounds for - com.lagradost.cloudstream3/com.lagradost.cloudstream3.MainActivity@0)/@0x3ba5f29 frame = 342
10-11 11:09:54.455 31558 31558 I ViewRootImpl@fd13eaf[MainActivity]: mWNT: t=0x7b30228a00 mBlastBufferQueue=0x7b3031ad00 fn= 342 caller= android.view.ViewRootImpl.prepareSurfaces:2985 android.view.ViewRootImpl.performTraversals:4233 android.view.ViewRootImpl.doTraversal:3116 
10-11 11:09:54.456 31558 31558 W View    : requestLayout() improperly called by android.widget.FrameLayout{c40b925 I.E...... ......I. 0,0-0,0 #7f0a04e7 app:id/start_panel} during layout: running second layout pass
10-11 11:09:54.456 31558 31558 W View    : requestLayout() improperly called by android.widget.FrameLayout{7964afa I.E...... ......ID 1080,0-1080,2143 #7f0a0168 app:id/end_panel} during layout: running second layout pass
10-11 11:09:54.456 31558 31558 D SurfaceView@613e7f5: updateSurface: has no frame
10-11 11:09:54.462 31558 31638 I ViewRootImpl@fd13eaf[MainActivity]: mWNT: t=0x7b163cbd00 mBlastBufferQueue=0x7b3031ad00 fn= 343 caller= android.view.ViewRootImpl.lambda$applyTransactionOnDraw$11$android-view-ViewRootImpl:12865 android.view.ViewRootImpl$$ExternalSyntheticLambda1.onFrameDraw:4 android.graphics.HardwareRenderer$FrameDrawingCallback.onFrameDraw:924 
10-11 11:09:54.464 31558 31558 D SurfaceView@613e7f5: updateSurface: has no frame
10-11 11:09:54.469 31558 31558 D SurfaceView@613e7f5: updateSurface: has no frame
10-11 11:09:54.486 31558 31558 D SurfaceView@613e7f5: updateSurface: has no frame
10-11 11:09:54.503 31558 31558 D SurfaceView@613e7f5: updateSurface: has no frame
10-11 11:09:54.521 31558 31558 D SurfaceView@613e7f5: updateSurface: has no frame
10-11 11:09:54.536 31558 31558 D SurfaceView@613e7f5: updateSurface: has no frame
10-11 11:09:54.552 31558 31558 D SurfaceView@613e7f5: updateSurface: has no frame
10-11 11:09:54.569 31558 31558 D SurfaceView@613e7f5: updateSurface: has no frame
10-11 11:09:54.586 31558 31558 D SurfaceView@613e7f5: updateSurface: has no frame
10-11 11:09:54.606 31558 31558 D SurfaceView@613e7f5: updateSurface: has no frame
10-11 11:09:54.619 31558 31558 D SurfaceView@613e7f5: updateSurface: has no frame
10-11 11:09:54.636 31558 31558 D SurfaceView@613e7f5: updateSurface: has no frame
10-11 11:09:54.652 31558 31558 D SurfaceView@613e7f5: updateSurface: has no frame
10-11 11:09:54.669 31558 31558 D SurfaceView@613e7f5: updateSurface: has no frame
10-11 11:09:54.686 31558 31558 D SurfaceView@613e7f5: updateSurface: has no frame
10-11 11:09:54.703 31558 31558 D SurfaceView@613e7f5: updateSurface: has no frame
10-11 11:09:54.719 31558 31558 D SurfaceView@613e7f5: updateSurface: has no frame
10-11 11:09:54.736 31558 31558 D SurfaceView@613e7f5: updateSurface: has no frame
10-11 11:09:54.752 31558 31558 D SurfaceView@613e7f5: updateSurface: has no frame
10-11 11:09:54.769 31558 31558 D SurfaceView@613e7f5: updateSurface: has no frame
10-11 11:09:54.786 31558 31558 D SurfaceView@613e7f5: updateSurface: has no frame
10-11 11:09:54.802 31558 31558 D SurfaceView@613e7f5: updateSurface: has no frame
10-11 11:09:54.819 31558 31558 D SurfaceView@613e7f5: updateSurface: has no frame
10-11 11:09:54.836 31558 31558 D SurfaceView@613e7f5: updateSurface: has no frame
10-11 11:09:54.852 31558 31558 D SurfaceView@613e7f5: updateSurface: has no frame
10-11 11:09:54.869 31558 31558 D SurfaceView@613e7f5: updateSurface: has no frame
10-11 11:09:54.886 31558 31558 D SurfaceView@613e7f5: updateSurface: has no frame
10-11 11:09:54.902 31558 31558 D SurfaceView@613e7f5: updateSurface: has no frame
10-11 11:09:54.919 31558 31558 D SurfaceView@613e7f5: updateSurface: has no frame
10-11 11:09:54.936 31558 31558 D SurfaceView@613e7f5: updateSurface: has no frame
10-11 11:09:54.952 31558 31558 D SurfaceView@613e7f5: updateSurface: has no frame
10-11 11:09:54.969 31558 31558 D SurfaceView@613e7f5: updateSurface: has no frame
10-11 11:09:54.986 31558 31558 D SurfaceView@613e7f5: updateSurface: has no frame
10-11 11:09:54.995 31558 31607 I RVM2    : applyMeta
10-11 11:09:54.998 31558 31558 W PanelsChildGestureRegionObserver: failed to register view with ID 2131362800. already registered
10-11 11:09:54.999 31558 31558 E CoilImgLoader: Error loading image: coil3.request.NullRequestDataException: The request's data is null.
10-11 11:09:55.000 31558 31558 E CoilImgLoader: Error loading image: coil3.request.NullRequestDataException: The request's data is null.
10-11 11:09:55.037 31558 31612 I SYNCVM  : addFromUrl = https://tv6.egydead.live/%d9%85%d8%b4%d8%a7%d9%87%d8%af%d8%a9-%d9%81%d9%8a%d9%84%d9%85-qodrat-2-2025-%d9%85%d8%aa%d8%b1%d8%ac%d9%85/
10-11 11:09:55.037 31558 31612 I SYNCUTIL: getIdsFromUrl https://tv6.egydead.live/%d9%85%d8%b4%d8%a7%d9%87%d8%af%d8%a9-%d9%81%d9%8a%d9%84%d9%85-qodrat-2-2025-%d9%85%d8%aa%d8%b1%d8%ac%d9%85/
10-11 11:09:55.050 31558 31558 I ViewRootImpl@fd13eaf[MainActivity]: performTraversals mFirst=false windowShouldResize=false viewVisibilityChanged=false mForceNextWindowRelayout=false params={(0,0)(fillxfill) sim={state=always_hidden adjust=pan} ty=BASE_APPLICATION fmt=TRANSLUCENT wanim=0x1030309
10-11 11:09:55.050 31558 31558 I ViewRootImpl@fd13eaf[MainActivity]:   fl=85810100
10-11 11:09:55.050 31558 31558 I ViewRootImpl@fd13eaf[MainActivity]:   pfl=12020040
10-11 11:09:55.050 31558 31558 I ViewRootImpl@fd13eaf[MainActivity]:   vsysui=500
10-11 11:09:55.050 31558 31558 I ViewRootImpl@fd13eaf[MainActivity]:   bhv=DEFAULT
10-11 11:09:55.050 31558 31558 I ViewRootImpl@fd13eaf[MainActivity]:   fitSides= naviIconColor=0}
10-11 11:09:55.059 31558 31558 I ViewRootImpl@fd13eaf[MainActivity]: updateBlastSurfaceIfNeeded mBlastBufferQueue=0x7b3031ad00 isSameSurfaceControl=true
10-11 11:09:55.060 31558 31558 I BLASTBufferQueue: update, w= 1080 h= 2400 mName = ViewRootImpl@fd13eaf[MainActivity] mNativeObject= 0x7b3031ad00 sc.mNativeObject= 0x7b2b604d00 format= -3 caller= android.view.ViewRootImpl.updateBlastSurfaceIfNeeded:2898 android.view.ViewRootImpl.relayoutWindow:9847 android.view.ViewRootImpl.performTraversals:3884 android.view.ViewRootImpl.doTraversal:3116 android.view.ViewRootImpl$TraversalRunnable.run:10885 android.view.Choreographer$CallbackRecord.run:1301 
10-11 11:09:55.060 31558 31558 I ViewRootImpl@fd13eaf[MainActivity]: Relayout returned: old=(0,0,1080,2400) new=(0,0,1080,2400) req=(1080,2400)0 dur=9 res=0x0 s={true 0x7b57e0f000} ch=false seqId=0
10-11 11:09:55.060 31558 31558 D SurfaceView@613e7f5: updateSurface: has no frame
10-11 11:09:55.061 31558 31558 I SurfaceView@613e7f5: Changes: creating=true format=true size=true visible=true alpha=false hint=false mUseAlpha=false visible=true left=true top=true
10-11 11:09:55.064 31558 31558 I BLASTBufferQueue: update, w= 1080 h= 525 mName = null mNativeObject= 0x7b30159e00 sc.mNativeObject= 0x7b2b604f80 format= 4 caller= android.view.SurfaceView.createBlastSurfaceControls:1383 android.view.SurfaceView.updateSurface:1079 android.view.SurfaceView.lambda$new$0$android-view-SurfaceView:200 android.view.SurfaceView$$ExternalSyntheticLambda5.onPreDraw:2 android.view.ViewTreeObserver.dispatchOnPreDraw:1121 android.view.ViewRootImpl.performTraversals:4442 
10-11 11:09:55.064 31558 31558 I SurfaceView@613e7f5: 101967861 Cur surface: Surface(name=null)/@0x5e226c1
10-11 11:09:55.065 31558 31558 I SurfaceView@613e7f5: pST: sr = Rect(0, 218 - 1080, 743) sw = 1080 sh = 525
10-11 11:09:55.065 31558 31558 D SurfaceView@613e7f5: performSurfaceTransaction RenderWorker position = [0, 218, 1080, 743] surfaceSize = 1080x525
10-11 11:09:55.065 31558 31558 I SurfaceView@613e7f5: applyTransactionOnVriDraw: vri = ViewRootImpl@fd13eaf[MainActivity] fRS = false t = 0x7b164d6800 android.view.SurfaceView.performSurfaceTransaction:959 android.view.SurfaceView.updateSurface:1105 android.view.SurfaceView.lambda$new$0$android-view-SurfaceView:200 
10-11 11:09:55.065 31558 31558 I ViewRootImpl@fd13eaf[MainActivity]: applyTransactionOnDraw: mRemoved = false isHardwareEnabled = true t = 0x7b164d6800android.view.SurfaceView.applyTransactionOnVriDraw:2048 android.view.SurfaceView.performSurfaceTransaction:959 android.view.SurfaceView.updateSurface:1105 android.view.SurfaceView.lambda$new$0$android-view-SurfaceView:200 android.view.SurfaceView$$ExternalSyntheticLambda5.onPreDraw:2 
10-11 11:09:55.065 31558 31558 I SurfaceView@613e7f5: updateSurface: mVisible = true mSurface.isValid() = true
10-11 11:09:55.066 31558 31558 I SurfaceView@613e7f5: updateSurface: mSurfaceCreated = false surfaceChanged = true visibleChanged = true
10-11 11:09:55.066 31558 31558 I SurfaceView@613e7f5: visibleChanged -- surfaceCreated
10-11 11:09:55.066 31558 31558 I SurfaceView@613e7f5: surfaceCreated 0 #8 android.view.SurfaceView{613e7f5 V.E...... ......ID 0,0-1080,525}
10-11 11:09:55.066 31558 31558 I SurfaceView@613e7f5: surfaceChanged -- format=4 w=1080 h=525
10-11 11:09:55.066 31558 31558 I SurfaceView@613e7f5: surfaceChanged (1080,525) 0 #8 android.view.SurfaceView{613e7f5 V.E...... ......ID 0,0-1080,525}
10-11 11:09:55.066 31558 31558 I SurfaceView@613e7f5: surfaceRedrawNeeded
10-11 11:09:55.066 31558 31558 V SurfaceView@613e7f5: Layout: x=0 y=218 w=1080 h=525, frame=Rect(0, 0 - 1080, 525)
10-11 11:09:55.079 31558 31639 D SurfaceView@613e7f5: updateSurfacePosition RenderWorker, frameNr = 375, position = [0, 218, 1080, 743] surfaceSize = 1080x525
10-11 11:09:55.080 31558 31639 I SurfaceView@613e7f5: uSP: rtp = Rect(0, 218 - 1080, 743) rtsw = 1080 rtsh = 525
10-11 11:09:55.080 31558 31639 I SurfaceView@613e7f5: onSSPAndSRT: pl = 0 pt = 218 sx = 1.0 sy = 1.0
10-11 11:09:55.080 31558 31639 I SurfaceView@613e7f5: aOrMT: ViewRootImpl@fd13eaf[MainActivity] t = android.view.SurfaceControl$Transaction@71e6543 fN = 375 android.view.SurfaceView.-$$Nest$mapplyOrMergeTransaction:0 android.view.SurfaceView$SurfaceViewPositionUpdateListener.positionChanged:1537 android.graphics.RenderNode$CompositePositionUpdateListener.positionChanged:373 
10-11 11:09:55.081 31558 31639 I ViewRootImpl@fd13eaf[MainActivity]: mWNT: t=0x7b165d7100 mBlastBufferQueue=0x7b3031ad00 fn= 375 caller= android.view.SurfaceView.applyOrMergeTransaction:1455 android.view.SurfaceView.-$$Nest$mapplyOrMergeTransaction:0 android.view.SurfaceView$SurfaceViewPositionUpdateListener.positionChanged:1537 
10-11 11:09:55.082 31558 31639 I ViewRootImpl@fd13eaf[MainActivity]: mWNT: t=0x7b164d6800 mBlastBufferQueue=0x7b3031ad00 fn= 375 caller= android.view.ViewRootImpl.lambda$applyTransactionOnDraw$11$android-view-ViewRootImpl:12865 android.view.ViewRootImpl$$ExternalSyntheticLambda1.onFrameDraw:4 android.graphics.HardwareRenderer$FrameDrawingCallback.onFrameDraw:924 
10-11 11:09:55.103 31558 31558 I SurfaceView@613e7f5: finishedDrawing
10-11 11:09:55.848 31558 31558 I ViewRootImpl@fd13eaf[MainActivity]: ViewPostIme pointer 0
10-11 11:09:56.375 31558 31558 I Dialog  : mIsDeviceDefault = false, mIsSamsungBasicInteraction = false, isMetaDataInActivity = false
10-11 11:09:56.400 31558 31558 I DecorView: [INFO] isPopOver=false config=false
10-11 11:09:56.401 31558 31558 I DecorView: updateCaptionType: isFloating=false isApplication=true hasWindowDecorCaption=false this=DecorView@ad0e18f[]
10-11 11:09:56.401 31558 31558 D DecorView: setCaptionType = 0, this = DecorView@ad0e18f[]
10-11 11:09:56.403 31558 31558 I DecorView: getCurrentDensityDpi: from app context. densityDpi=420 msg=resources_loaded
10-11 11:09:56.403 31558 31558 I DecorView: setWindowBackground: isPopOver=false color=0 d=android.graphics.drawable.ColorDrawable@5b6a025
10-11 11:09:56.413 31558 31582 D NativeCustomFrequencyManager: [NativeCFMS] BpCustomFrequencyManager::BpCustomFrequencyManager()
10-11 11:09:56.415 31558 31558 I DecorView: notifyKeepScreenOnChanged: keepScreenOn=false
10-11 11:09:56.432 31558 31558 D InsetsController: onStateChanged: InsetsState: {mDisplayFrame=Rect(0, 0 - 1080, 2400), mDisplayCutout=DisplayCutout{insets=Rect(0, 88 - 0, 0) waterfall=Insets{left=0, top=0, right=0, bottom=0} boundingRect={Bounds=[Rect(0, 0 - 0, 0), Rect(512, 0 - 568, 88), Rect(0, 0 - 0, 0), Rect(0, 0 - 0, 0)]} cutoutPathParserInfo={CutoutPathParserInfo{displayWidth=1080 displayHeight=2400 physicalDisplayWidth=1080 physicalDisplayHeight=2400 density={2.625} cutoutSpec={M 0,0 M 0,12.25101276465640 a 10.60613009248640,10.60613009248640 0 1,0 0,21.21226018497290 a 10.60613009248640,10.60613009248640 0 1,0 0,-21.21226018497290 Z @dp} rotation={0} scale={1.0} physicalPixelDisplaySizeRatio={1.0}}}}, mRoundedCorners=RoundedCorners{[RoundedCorner{position=TopLeft, radius=84, center=Point(84, 84)}, RoundedCorner{position=TopRight, radius=84, center=Point(996, 84)}, RoundedCorner{position=BottomRight, radius=84, center=Point(996, 2316)}, RoundedCorner{position=BottomLeft, radius=84, center=Point(84, 2316)}]}  mRoundedCornerFrame=Rect(0, 0 - 1080, 2400), mPrivacyIndicatorBounds=PrivacyIndicatorBounds {static bounds=Rect(964, 0 - 1080, 87) rotation=0}, mSources= { InsetsSource: {mType=ITYPE_STATUS_BAR, mFrame=[0,0][1080,88], mVisible=true, mInsetsRoundedCornerFrame=false}, InsetsSource: {mType=ITYPE_NAVIGATION_BAR, mFrame=[0,2361][1080,2400], mVisible=true, mInsetsRoundedCornerFrame=false}, InsetsSource: {mType=ITYPE_LEFT_GESTURES, mFrame=[0,0][130,2400], mVisible=true, mInsetsRoundedCornerFrame=false}, InsetsSource: {mType=ITYPE_RIGHT_GESTURES, mFrame=[950,0][1080,2400], mVisible=true, mInsetsRoundedCornerFrame=false}, InsetsSource: {mType=ITYPE_TOP_MANDATORY_GESTURES, mFrame=[0,0][1080,120], mVisible=true, mInsetsRoundedCornerFrame=false}, InsetsSource: {mType=ITYPE_BOTTOM_MANDATORY_GESTURES, mFrame=[0,2316][1080,2400], mVisible=true, mInsetsRoundedCornerFrame=false}, InsetsSource: {mType=ITYPE_LEFT_DISPLAY_CUTOUT, mFrame=[0,0][-100000,2400], mVisible=true, mInsetsRoundedCornerFrame=false}, InsetsSource: {mType=ITYPE_TOP_DISPLAY_CUTOUT, mFrame=[0,0][1080,88], mVisible=true, mInsetsRoundedCornerFrame=false}, InsetsSource: {mType=ITYPE_RIGHT_DISPLAY_CUTOUT, mFrame=[100000,0][1080,2400], mVisible=true, mInsetsRoundedCornerFrame=false}, InsetsSource: {mType=ITYPE_BOTTOM_DISPLAY_CUTOUT, mFrame=[0,100000][1080,2400], mVisible=true, mInsetsRoundedCornerFrame=false}, InsetsSource: {mType=ITYPE_TOP_TAPPABLE_ELEMENT, mFrame=[0,0][1080,88], mVisible=true, mInsetsRoundedCornerFrame=false}, InsetsSource: {mType=ITYPE_BOTTOM_TAPPABLE_ELEMENT, mFrame=[0,0][0,0], mVisible=true, mInsetsRoundedCornerFrame=false}, InsetsSource: {mType=ITYPE_IME, mFrame=[0,0][0,0], mVisibleFrame=[0,1409][1080,2400], mVisible=false, mInsetsRoundedCornerFrame=false} } host=com.lagradost.cloudstream3/com.lagradost.cloudstream3.MainActivity from=android.view.ViewRootImpl.setView:1732
10-11 11:09:56.433 31558 31558 I ViewRootImpl@c24fa52[MainActivity]: setView = com.android.internal.policy.DecorView@ad0e18f TM=true
10-11 11:09:56.456 31558 31558 I ViewRootImpl@c24fa52[MainActivity]: performTraversals params={(0,0)(fillxfill) gr=CENTER sim={adjust=resize forwardNavigation} ty=APPLICATION fmt=TRANSPARENT wanim=0x7f14000b
10-11 11:09:56.456 31558 31558 I ViewRootImpl@c24fa52[MainActivity]:   fl=85810100
10-11 11:09:56.456 31558 31558 I ViewRootImpl@c24fa52[MainActivity]:   pfl=12020040
10-11 11:09:56.456 31558 31558 I ViewRootImpl@c24fa52[MainActivity]:   vsysui=500
10-11 11:09:56.456 31558 31558 I ViewRootImpl@c24fa52[MainActivity]:   bhv=DEFAULT
10-11 11:09:56.456 31558 31558 I ViewRootImpl@c24fa52[MainActivity]:   fitSides= naviIconColor=0}
10-11 11:09:56.458 31558 31558 I ViewRootImpl@c24fa52[MainActivity]: performTraversals mFirst=true windowShouldResize=true viewVisibilityChanged=false mForceNextWindowRelayout=false params={(0,0)(fillxfill) gr=CENTER sim={adjust=resize forwardNavigation} ty=APPLICATION fmt=TRANSPARENT wanim=0x7f14000b
10-11 11:09:56.458 31558 31558 I ViewRootImpl@c24fa52[MainActivity]:   fl=85810100
10-11 11:09:56.458 31558 31558 I ViewRootImpl@c24fa52[MainActivity]:   pfl=12020040
10-11 11:09:56.458 31558 31558 I ViewRootImpl@c24fa52[MainActivity]:   vsysui=500
10-11 11:09:56.458 31558 31558 I ViewRootImpl@c24fa52[MainActivity]:   bhv=DEFAULT
10-11 11:09:56.458 31558 31558 I ViewRootImpl@c24fa52[MainActivity]:   fitSides= naviIconColor=0}
10-11 11:09:56.472 31558 31558 I ViewRootImpl@c24fa52[MainActivity]: updateBlastSurfaceIfNeeded mBlastBufferQueue=null isSameSurfaceControl=false
10-11 11:09:56.473 31558 31558 I BLASTBufferQueue: new BLASTBufferQueue, mName= ViewRootImpl@c24fa52[MainActivity] mNativeObject= 0x7b3015a100 sc.mNativeObject= 0x7b2b5f6320 caller= android.view.ViewRootImpl.updateBlastSurfaceIfNeeded:2909 android.view.ViewRootImpl.relayoutWindow:9847 android.view.ViewRootImpl.performTraversals:3884 android.view.ViewRootImpl.doTraversal:3116 android.view.ViewRootImpl$TraversalRunnable.run:10885 android.view.Choreographer$CallbackRecord.run:1301 android.view.Choreographer$CallbackRecord.run:1309 android.view.Choreographer.doCallbacks:923 android.view.Choreographer.doFrame:852 android.view.Choreographer$FrameDisplayEventReceiver.run:1283 
10-11 11:09:56.473 31558 31558 I BLASTBufferQueue: update, w= 1080 h= 2400 mName = ViewRootImpl@c24fa52[MainActivity] mNativeObject= 0x7b3015a100 sc.mNativeObject= 0x7b2b5f6320 format= -2 caller= android.graphics.BLASTBufferQueue.<init>:84 android.view.ViewRootImpl.updateBlastSurfaceIfNeeded:2909 android.view.ViewRootImpl.relayoutWindow:9847 android.view.ViewRootImpl.performTraversals:3884 android.view.ViewRootImpl.doTraversal:3116 android.view.ViewRootImpl$TraversalRunnable.run:10885 
10-11 11:09:56.474 31558 31558 I ViewRootImpl@c24fa52[MainActivity]: Relayout returned: old=(0,0,1080,2400) new=(0,0,1080,2400) req=(1080,2400)0 dur=14 res=0x3 s={true 0x7b3ff37800} ch=true seqId=0
10-11 11:09:56.475 31558 31558 I ViewRootImpl@c24fa52[MainActivity]: mThreadedRenderer.initialize() mSurface={isValid=true 0x7b3ff37800} hwInitialized=true
10-11 11:09:56.476 31558 31582 D OpenGLRenderer: eglCreateWindowSurface
10-11 11:09:56.495 31558 31558 D AbsListView:  in onLayout changed 
10-11 11:09:56.497 31558 31558 I ViewRootImpl@c24fa52[MainActivity]: reportNextDraw android.view.ViewRootImpl.performTraversals:4438 android.view.ViewRootImpl.doTraversal:3116 android.view.ViewRootImpl$TraversalRunnable.run:10885 android.view.Choreographer$CallbackRecord.run:1301 android.view.Choreographer$CallbackRecord.run:1309 
10-11 11:09:56.497 31558 31558 I ViewRootImpl@c24fa52[MainActivity]: Setup new sync id=0
10-11 11:09:56.497 31558 31558 I ViewRootImpl@c24fa52[MainActivity]: Setting syncFrameCallback
10-11 11:09:56.497 31558 31558 I ViewRootImpl@c24fa52[MainActivity]: registerCallbacksForSync syncBuffer=false
10-11 11:09:56.501 31558 31638 I ViewRootImpl@c24fa52[MainActivity]: Received frameDrawingCallback syncResult=0 frameNum=1.
10-11 11:09:56.501 31558 31638 I ViewRootImpl@c24fa52[MainActivity]: Setting up sync and frameCommitCallback
10-11 11:09:56.508 31558 31582 I BLASTBufferQueue: [ViewRootImpl@c24fa52[MainActivity]#10](f:0,a:0) onFrameAvailable the first frame is available
10-11 11:09:56.509 31558 31582 I ViewRootImpl@c24fa52[MainActivity]: Received frameCommittedCallback lastAttemptedDrawFrameNum=1 didProduceBuffer=true
10-11 11:09:56.511 31558 31582 D OpenGLRenderer: CFMS:: SetUp Pid : 31558    Tid : 31582
10-11 11:09:56.515 31558 31558 I ViewRootImpl@c24fa52[MainActivity]: onSyncComplete
10-11 11:09:56.515 31558 31558 I ViewRootImpl@c24fa52[MainActivity]: setupSync seqId=0 mSyncId=0 fn=1 caller=android.view.ViewRootImpl$$ExternalSyntheticLambda11.accept:6 android.window.SurfaceSyncer.lambda$setupSync$1$android-window-SurfaceSyncer:128 android.window.SurfaceSyncer$$ExternalSyntheticLambda1.accept:8 android.window.SurfaceSyncer$SyncSet.checkIfSyncIsComplete:382 android.window.SurfaceSyncer$SyncSet.markSyncReady:359 android.window.SurfaceSyncer.markSyncReady:151 android.view.ViewRootImpl.performTraversals:4503 
10-11 11:09:56.516 31558 31558 I ViewRootImpl@fd13eaf[MainActivity]: ViewPostIme pointer 1
10-11 11:09:56.516 31558 31558 I ViewRootImpl@c24fa52[MainActivity]: reportDrawFinished seqId=0 mSyncId=-1 fn=1 mSurfaceChangedTransaction=0x7b165d7d00
10-11 11:09:56.520 31558 31558 I ViewRootImpl@fd13eaf[MainActivity]: MSG_WINDOW_FOCUS_CHANGED 0 0
10-11 11:09:56.571 31558 31558 I ViewRootImpl@c24fa52[MainActivity]: MSG_WINDOW_FOCUS_CHANGED 1 0
10-11 11:09:56.571 31558 31558 I ViewRootImpl@c24fa52[MainActivity]: mThreadedRenderer.initializeIfNeeded()#2 mSurface={isValid=true 0x7b3ff37800}
10-11 11:09:56.572 31558 31558 D InputMethodManager: startInputInner - Id : 0
10-11 11:09:56.572 31558 31558 I InputMethodManager: startInputInner - mService.startInputOrWindowGainedFocus
10-11 11:09:57.402 31558 31558 I ViewRootImpl@c24fa52[MainActivity]: ViewPostIme pointer 0
10-11 11:09:57.452 31558 31558 I ViewRootImpl@c24fa52[MainActivity]: ViewPostIme pointer 1
10-11 11:09:57.453 31558 31558 D AbsListView: onTouchUp() mTouchMode : 0
10-11 11:09:57.524 31558 31612 D EgyDead : Loading links for URL: https://tv6.egydead.live/%d9%85%d8%b4%d8%a7%d9%87%d8%af%d8%a9-%d9%81%d9%8a%d9%84%d9%85-qodrat-2-2025-%d9%85%d8%aa%d8%b1%d8%ac%d9%85/
10-11 11:09:57.526 31558 31558 I MSHandlerLifeCycle: removeMultiSplitHandler: no exist. decor=DecorView@ad0e18f[MainActivity]
10-11 11:09:57.526 31558 31582 D OpenGLRenderer: setSurface called with nullptr
10-11 11:09:57.527 31558 31582 D OpenGLRenderer: setSurface() destroyed EGLSurface
10-11 11:09:57.527 31558 31582 D OpenGLRenderer: destroyEglSurface
10-11 11:09:57.529 31558 31582 D OpenGLRenderer: endAllActiveAnimators on 0x7b033f4300 (MaterialTextView) with handle 0x7b2b1aff40
10-11 11:09:57.529 31558 31558 I ViewRootImpl@c24fa52[MainActivity]: dispatchDetachedFromWindow
10-11 11:09:57.554 31558 31558 D InputTransport: Input channel destroyed: '611e6bb', fd=164
10-11 11:09:57.557 31558 31558 I Dialog  : mIsDeviceDefault = false, mIsSamsungBasicInteraction = false, isMetaDataInActivity = false
10-11 11:09:57.631 31558 31558 I DecorView: [INFO] isPopOver=false config=false
10-11 11:09:57.631 31558 31558 I DecorView: updateCaptionType: isFloating=false isApplication=true hasWindowDecorCaption=false this=DecorView@b600c51[]
10-11 11:09:57.631 31558 31558 D DecorView: setCaptionType = 0, this = DecorView@b600c51[]
10-11 11:09:57.632 31558 31558 I DecorView: getCurrentDensityDpi: from app context. densityDpi=420 msg=resources_loaded
10-11 11:09:57.633 31558 31558 I DecorView: setWindowBackground: isPopOver=false color=0 d=android.graphics.drawable.ColorDrawable@2ebddb7
10-11 11:09:57.639 31558 31582 D NativeCustomFrequencyManager: [NativeCFMS] BpCustomFrequencyManager::BpCustomFrequencyManager()
10-11 11:09:57.640 31558 31558 I DecorView: notifyKeepScreenOnChanged: keepScreenOn=false
