10-11 13:08:01.786 31574 31674 W System.err: 	at kotlinx.coroutines.BlockingCoroutine.joinBlocking(Builders.kt:95)
10-11 13:08:01.786 31574 31674 W System.err: 	at kotlinx.coroutines.BuildersKt__BuildersKt.runBlocking(Builders.kt:69)
10-11 13:08:01.786 31574 31674 W System.err: 	at kotlinx.coroutines.BuildersKt.runBlocking(Unknown Source:1)
10-11 13:08:01.786 31574 31674 W System.err: 	at kotlinx.coroutines.BuildersKt__BuildersKt.runBlocking$default(Builders.kt:47)
10-11 13:08:01.786 31574 31674 W System.err: 	at kotlinx.coroutines.BuildersKt.runBlocking$default(Unknown Source:1)
10-11 13:08:01.786 31574 31674 W System.err: 	at com.lagradost.cloudstream3.ParCollectionsKt.apmap(ParCollections.kt:49)
10-11 13:08:01.786 31574 31674 W System.err: 	at com.egydead.EgyDeadProvider.loadLinks(EgyDeadProvider.kt:188)
10-11 13:08:01.786 31574 31674 W System.err: 	at com.egydead.EgyDeadProvider$loadLinks$1.invokeSuspend(Unknown Source:18)
10-11 13:08:01.786 31574 31674 W System.err: 	at kotlin.coroutines.jvm.internal.BaseContinuationImpl.resumeWith(ContinuationImpl.kt:33)
10-11 13:08:01.786 31574 31674 W System.err: 	at kotlinx.coroutines.DispatchedTask.run(DispatchedTask.kt:100)
10-11 13:08:01.787 31574 31674 W System.err: 	at kotlinx.coroutines.internal.LimitedDispatcher$Worker.run(LimitedDispatcher.kt:113)
10-11 13:08:01.787 31574 31674 W System.err: 	at kotlinx.coroutines.scheduling.TaskImpl.run(Tasks.kt:89)
10-11 13:08:01.787 31574 31674 W System.err: 	at kotlinx.coroutines.scheduling.CoroutineScheduler.runSafely(CoroutineScheduler.kt:586)
10-11 13:08:01.787 31574 31674 W System.err: 	at kotlinx.coroutines.scheduling.CoroutineScheduler$Worker.executeTask(CoroutineScheduler.kt:820)
10-11 13:08:01.787 31574 31674 W System.err: 	at kotlinx.coroutines.scheduling.CoroutineScheduler$Worker.runWorker(CoroutineScheduler.kt:717)
10-11 13:08:01.787 31574 31674 W System.err: 	at kotlinx.coroutines.scheduling.CoroutineScheduler$Worker.run(CoroutineScheduler.kt:704)
10-11 13:08:01.787 31574 31674 D ApiError: -------------------------------------------------------------------
10-11 13:08:01.791 31574 31574 I MSHandlerLifeCycle: removeMultiSplitHandler: no exist. decor=DecorView@82ce1bd[MainActivity]
10-11 13:08:01.797 31574 31648 D OpenGLRenderer: setSurface called with nullptr
10-11 13:08:01.797 31574 31648 D OpenGLRenderer: setSurface() destroyed EGLSurface
10-11 13:08:01.797 31574 31648 D OpenGLRenderer: destroyEglSurface
10-11 13:08:01.806 31574 31574 I ViewRootImpl@680ad98[MainActivity]: dispatchDetachedFromWindow
10-11 13:08:01.826 31574 31574 D InputTransport: Input channel destroyed: 'aec30c4', fd=128
10-11 13:08:01.828 31574 31574 I Dialog  : mIsDeviceDefault = false, mIsSamsungBasicInteraction = false, isMetaDataInActivity = false
10-11 13:08:01.853 31574 31574 I DecorView: [INFO] isPopOver=false config=false
10-11 13:08:01.853 31574 31574 I DecorView: updateCaptionType: isFloating=false isApplication=true hasWindowDecorCaption=false this=DecorView@4e2442c[]
10-11 13:08:01.853 31574 31574 D DecorView: setCaptionType = 0, this = DecorView@4e2442c[]
10-11 13:08:01.855 31574 31574 I DecorView: getCurrentDensityDpi: from app context. densityDpi=420 msg=resources_loaded
10-11 13:08:01.856 31574 31574 I DecorView: setWindowBackground: isPopOver=false color=0 d=android.graphics.drawable.ColorDrawable@d84848a
10-11 13:08:01.864 31574 31648 D NativeCustomFrequencyManager: [NativeCFMS] BpCustomFrequencyManager::BpCustomFrequencyManager()
10-11 13:08:01.865 31574 31574 I DecorView: notifyKeepScreenOnChanged: keepScreenOn=false
10-11 13:08:01.879 31574 31574 D InsetsController: onStateChanged: InsetsState: {mDisplayFrame=Rect(0, 0 - 1080, 2400), mDisplayCutout=DisplayCutout{insets=Rect(0, 88 - 0, 0) waterfall=Insets{left=0, top=0, right=0, bottom=0} boundingRect={Bounds=[Rect(0, 0 - 0, 0), Rect(512, 0 - 568, 88), Rect(0, 0 - 0, 0), Rect(0, 0 - 0, 0)]} cutoutPathParserInfo={CutoutPathParserInfo{displayWidth=1080 displayHeight=2400 physicalDisplayWidth=1080 physicalDisplayHeight=2400 density={2.625} cutoutSpec={M 0,0 M 0,12.25101276465640 a 10.60613009248640,10.60613009248640 0 1,0 0,21.21226018497290 a 10.60613009248640,10.60613009248640 0 1,0 0,-21.21226018497290 Z @dp} rotation={0} scale={1.0} physicalPixelDisplaySizeRatio={1.0}}}}, mRoundedCorners=RoundedCorners{[RoundedCorner{position=TopLeft, radius=84, center=Point(84, 84)}, RoundedCorner{position=TopRight, radius=84, center=Point(996, 84)}, RoundedCorner{position=BottomRight, radius=84, center=Point(996, 2316)}, RoundedCorner{position=BottomLeft, radius=84, center=Point(84, 2316)}]}  mRoundedCornerFrame=Rect(0, 0 - 1080, 2400), mPrivacyIndicatorBounds=PrivacyIndicatorBounds {static bounds=Rect(964, 0 - 1080, 87) rotation=0}, mSources= { InsetsSource: {mType=ITYPE_STATUS_BAR, mFrame=[0,0][1080,88], mVisible=true, mInsetsRoundedCornerFrame=false}, InsetsSource: {mType=ITYPE_NAVIGATION_BAR, mFrame=[0,2361][1080,2400], mVisible=true, mInsetsRoundedCornerFrame=false}, InsetsSource: {mType=ITYPE_LEFT_GESTURES, mFrame=[0,0][130,2400], mVisible=true, mInsetsRoundedCornerFrame=false}, InsetsSource: {mType=ITYPE_RIGHT_GESTURES, mFrame=[950,0][1080,2400], mVisible=true, mInsetsRoundedCornerFrame=false}, InsetsSource: {mType=ITYPE_TOP_MANDATORY_GESTURES, mFrame=[0,0][1080,120], mVisible=true, mInsetsRoundedCornerFrame=false}, InsetsSource: {mType=ITYPE_BOTTOM_MANDATORY_GESTURES, mFrame=[0,2316][1080,2400], mVisible=true, mInsetsRoundedCornerFrame=false}, InsetsSource: {mType=ITYPE_LEFT_DISPLAY_CUTOUT, mFrame=[0,0][-100000,2400], mVisible=true, mInsetsRoundedCornerFrame=false}, InsetsSource: {mType=ITYPE_TOP_DISPLAY_CUTOUT, mFrame=[0,0][1080,88], mVisible=true, mInsetsRoundedCornerFrame=false}, InsetsSource: {mType=ITYPE_RIGHT_DISPLAY_CUTOUT, mFrame=[100000,0][1080,2400], mVisible=true, mInsetsRoundedCornerFrame=false}, InsetsSource: {mType=ITYPE_BOTTOM_DISPLAY_CUTOUT, mFrame=[0,100000][1080,2400], mVisible=true, mInsetsRoundedCornerFrame=false}, InsetsSource: {mType=ITYPE_TOP_TAPPABLE_ELEMENT, mFrame=[0,0][1080,88], mVisible=true, mInsetsRoundedCornerFrame=false}, InsetsSource: {mType=ITYPE_BOTTOM_TAPPABLE_ELEMENT, mFrame=[0,0][0,0], mVisible=true, mInsetsRoundedCornerFrame=false}, InsetsSource: {mType=ITYPE_IME, mFrame=[0,0][0,0], mVisibleFrame=[0,1409][1080,2400], mVisible=false, mInsetsRoundedCornerFrame=false} } host=com.lagradost.cloudstream3/com.lagradost.cloudstream3.MainActivity from=android.view.ViewRootImpl.setView:1732
10-11 13:08:01.881 31574 31574 I ViewRootImpl@79d7e73[MainActivity]: setView = com.android.internal.policy.DecorView@4e2442c TM=true
10-11 13:08:01.900 31574 31574 I ViewRootImpl@79d7e73[MainActivity]: performTraversals params={(0,0)(fillxfill) gr=CENTER sim={adjust=resize forwardNavigation} ty=APPLICATION fmt=TRANSPARENT wanim=0x7f14000b
10-11 13:08:01.900 31574 31574 I ViewRootImpl@79d7e73[MainActivity]:   fl=85810100
10-11 13:08:01.900 31574 31574 I ViewRootImpl@79d7e73[MainActivity]:   pfl=12020040
10-11 13:08:01.900 31574 31574 I ViewRootImpl@79d7e73[MainActivity]:   vsysui=500
10-11 13:08:01.900 31574 31574 I ViewRootImpl@79d7e73[MainActivity]:   bhv=DEFAULT
10-11 13:08:01.900 31574 31574 I ViewRootImpl@79d7e73[MainActivity]:   fitSides= naviIconColor=0}
10-11 13:08:01.901 31574 31574 I ViewRootImpl@79d7e73[MainActivity]: performTraversals mFirst=true windowShouldResize=true viewVisibilityChanged=false mForceNextWindowRelayout=false params={(0,0)(fillxfill) gr=CENTER sim={adjust=resize forwardNavigation} ty=APPLICATION fmt=TRANSPARENT wanim=0x7f14000b
10-11 13:08:01.901 31574 31574 I ViewRootImpl@79d7e73[MainActivity]:   fl=85810100
10-11 13:08:01.901 31574 31574 I ViewRootImpl@79d7e73[MainActivity]:   pfl=12020040
10-11 13:08:01.901 31574 31574 I ViewRootImpl@79d7e73[MainActivity]:   vsysui=500
10-11 13:08:01.901 31574 31574 I ViewRootImpl@79d7e73[MainActivity]:   bhv=DEFAULT
10-11 13:08:01.901 31574 31574 I ViewRootImpl@79d7e73[MainActivity]:   fitSides= naviIconColor=0}
10-11 13:08:01.913 31574 31574 I ViewRootImpl@79d7e73[MainActivity]: updateBlastSurfaceIfNeeded mBlastBufferQueue=null isSameSurfaceControl=false
10-11 13:08:01.913 31574 31574 I BLASTBufferQueue: new BLASTBufferQueue, mName= ViewRootImpl@79d7e73[MainActivity] mNativeObject= 0x7b550b2d00 sc.mNativeObject= 0x7b673e6760 caller= android.view.ViewRootImpl.updateBlastSurfaceIfNeeded:2909 android.view.ViewRootImpl.relayoutWindow:9847 android.view.ViewRootImpl.performTraversals:3884 android.view.ViewRootImpl.doTraversal:3116 android.view.ViewRootImpl$TraversalRunnable.run:10885 android.view.Choreographer$CallbackRecord.run:1301 android.view.Choreographer$CallbackRecord.run:1309 android.view.Choreographer.doCallbacks:923 android.view.Choreographer.doFrame:852 android.view.Choreographer$FrameDisplayEventReceiver.run:1283 
10-11 13:08:01.914 31574 31574 I BLASTBufferQueue: update, w= 1080 h= 2400 mName = ViewRootImpl@79d7e73[MainActivity] mNativeObject= 0x7b550b2d00 sc.mNativeObject= 0x7b673e6760 format= -2 caller= android.graphics.BLASTBufferQueue.<init>:84 android.view.ViewRootImpl.updateBlastSurfaceIfNeeded:2909 android.view.ViewRootImpl.relayoutWindow:9847 android.view.ViewRootImpl.performTraversals:3884 android.view.ViewRootImpl.doTraversal:3116 android.view.ViewRootImpl$TraversalRunnable.run:10885 
10-11 13:08:01.914 31574 31574 I ViewRootImpl@79d7e73[MainActivity]: Relayout returned: old=(0,0,1080,2400) new=(0,0,1080,2400) req=(1080,2400)0 dur=12 res=0x3 s={true 0x7b2c7f4800} ch=true seqId=0
10-11 13:08:01.915 31574 31574 I ViewRootImpl@79d7e73[MainActivity]: mThreadedRenderer.initialize() mSurface={isValid=true 0x7b2c7f4800} hwInitialized=true
10-11 13:08:01.916 31574 31648 D OpenGLRenderer: eglCreateWindowSurface
10-11 13:08:01.924 31574 31574 D AbsListView:  in onLayout changed 
10-11 13:08:01.926 31574 31574 I ViewRootImpl@79d7e73[MainActivity]: reportNextDraw android.view.ViewRootImpl.performTraversals:4438 android.view.ViewRootImpl.doTraversal:3116 android.view.ViewRootImpl$TraversalRunnable.run:10885 android.view.Choreographer$CallbackRecord.run:1301 android.view.Choreographer$CallbackRecord.run:1309 
10-11 13:08:01.926 31574 31574 I ViewRootImpl@79d7e73[MainActivity]: Setup new sync id=0
10-11 13:08:01.926 31574 31574 I ViewRootImpl@79d7e73[MainActivity]: Setting syncFrameCallback
10-11 13:08:01.926 31574 31574 I ViewRootImpl@79d7e73[MainActivity]: registerCallbacksForSync syncBuffer=false
10-11 13:08:01.929 31574 31701 I ViewRootImpl@79d7e73[MainActivity]: Received frameDrawingCallback syncResult=0 frameNum=1.
10-11 13:08:01.929 31574 31701 I ViewRootImpl@79d7e73[MainActivity]: Setting up sync and frameCommitCallback
10-11 13:08:01.936 31574 31648 I BLASTBufferQueue: [ViewRootImpl@79d7e73[MainActivity]#6](f:0,a:0) onFrameAvailable the first frame is available
10-11 13:08:01.938 31574 31648 I ViewRootImpl@79d7e73[MainActivity]: Received frameCommittedCallback lastAttemptedDrawFrameNum=1 didProduceBuffer=true
10-11 13:08:01.941 31574 31648 D OpenGLRenderer: CFMS:: SetUp Pid : 31574    Tid : 31648
10-11 13:08:01.944 31574 31574 I ViewRootImpl@79d7e73[MainActivity]: onSyncComplete
10-11 13:08:01.944 31574 31574 I ViewRootImpl@79d7e73[MainActivity]: setupSync seqId=0 mSyncId=0 fn=1 caller=android.view.ViewRootImpl$$ExternalSyntheticLambda11.accept:6 android.window.SurfaceSyncer.lambda$setupSync$1$android-window-SurfaceSyncer:128 android.window.SurfaceSyncer$$ExternalSyntheticLambda1.accept:8 android.window.SurfaceSyncer$SyncSet.checkIfSyncIsComplete:382 android.window.SurfaceSyncer$SyncSet.markSyncReady:359 android.window.SurfaceSyncer.markSyncReady:151 android.view.ViewRootImpl.performTraversals:4503 
10-11 13:08:01.945 31574 31574 I ViewRootImpl@79d7e73[MainActivity]: reportDrawFinished seqId=0 mSyncId=-1 fn=1 mSurfaceChangedTransaction=0x7b6732c500
10-11 13:08:01.947 31574 31574 D InsetsController: onStateChanged: InsetsState: {mDisplayFrame=Rect(0, 0 - 1080, 2400), mDisplayCutout=DisplayCutout{insets=Rect(0, 88 - 0, 0) waterfall=Insets{left=0, top=0, right=0, bottom=0} boundingRect={Bounds=[Rect(0, 0 - 0, 0), Rect(512, 0 - 568, 88), Rect(0, 0 - 0, 0), Rect(0, 0 - 0, 0)]} cutoutPathParserInfo={CutoutPathParserInfo{displayWidth=1080 displayHeight=2400 physicalDisplayWidth=1080 physicalDisplayHeight=2400 density={2.625} cutoutSpec={M 0,0 M 0,12.25101276465640 a 10.60613009248640,10.60613009248640 0 1,0 0,21.21226018497290 a 10.60613009248640,10.60613009248640 0 1,0 0,-21.21226018497290 Z @dp} rotation={0} scale={1.0} physicalPixelDisplaySizeRatio={1.0}}}}, mRoundedCorners=RoundedCorners{[RoundedCorner{position=TopLeft, radius=84, center=Point(84, 84)}, RoundedCorner{position=TopRight, radius=84, center=Point(996, 84)}, RoundedCorner{position=BottomRight, radius=84, center=Point(996, 2316)}, RoundedCorner{position=BottomLeft, radius=84, center=Point(84, 2316)}]}  mRoundedCornerFrame=Rect(0, 0 - 1080, 2400), mPrivacyIndicatorBounds=PrivacyIndicatorBounds {static bounds=Rect(964, 0 - 1080, 87) rotation=0}, mSources= { InsetsSource: {mType=ITYPE_STATUS_BAR, mFrame=[0,0][1080,88], mVisible=true, mInsetsRoundedCornerFrame=false}, InsetsSource: {mType=ITYPE_NAVIGATION_BAR, mFrame=[0,2361][1080,2400], mVisible=true, mInsetsRoundedCornerFrame=false}, InsetsSource: {mType=ITYPE_LEFT_GESTURES, mFrame=[0,0][130,2400], mVisible=true, mInsetsRoundedCornerFrame=false}, InsetsSource: {mType=ITYPE_RIGHT_GESTURES, mFrame=[950,0][1080,2400], mVisible=true, mInsetsRoundedCornerFrame=false}, InsetsSource: {mType=ITYPE_TOP_MANDATORY_GESTURES, mFrame=[0,0][1080,120], mVisible=true, mInsetsRoundedCornerFrame=false}, InsetsSource: {mType=ITYPE_BOTTOM_MANDATORY_GESTURES, mFrame=[0,2316][1080,2400], mVisible=true, mInsetsRoundedCornerFrame=false}, InsetsSource: {mType=ITYPE_LEFT_DISPLAY_CUTOUT, mFrame=[0,0][-100000,2400], mVisible=true, mInsetsRoundedCornerFrame=false}, InsetsSource: {mType=ITYPE_TOP_DISPLAY_CUTOUT, mFrame=[0,0][1080,88], mVisible=true, mInsetsRoundedCornerFrame=false}, InsetsSource: {mType=ITYPE_RIGHT_DISPLAY_CUTOUT, mFrame=[100000,0][1080,2400], mVisible=true, mInsetsRoundedCornerFrame=false}, InsetsSource: {mType=ITYPE_BOTTOM_DISPLAY_CUTOUT, mFrame=[0,100000][1080,2400], mVisible=true, mInsetsRoundedCornerFrame=false}, InsetsSource: {mType=ITYPE_TOP_TAPPABLE_ELEMENT, mFrame=[0,0][1080,88], mVisible=true, mInsetsRoundedCornerFrame=false}, InsetsSource: {mType=ITYPE_BOTTOM_TAPPABLE_ELEMENT, mFrame=[0,0][0,0], mVisible=true, mInsetsRoundedCornerFrame=false} } host=com.lagradost.cloudstream3/com.lagradost.cloudstream3.MainActivity from=android.view.ViewRootImpl$ViewRootHandler.handleMessageImpl:6740
10-11 13:08:01.948 31574 31574 I ViewRootImpl@fadb6d7[MainActivity]: MSG_WINDOW_FOCUS_CHANGED 0 0
10-11 13:08:01.956 31574 31574 I ViewRootImpl@fadb6d7[MainActivity]: MSG_WINDOW_FOCUS_CHANGED 0 0
10-11 13:08:02.008 31574 31574 I ViewRootImpl@79d7e73[MainActivity]: MSG_WINDOW_FOCUS_CHANGED 1 0
10-11 13:08:02.008 31574 31574 I ViewRootImpl@79d7e73[MainActivity]: mThreadedRenderer.initializeIfNeeded()#2 mSurface={isValid=true 0x7b2c7f4800}
10-11 13:08:02.009 31574 31574 D InputMethodManager: startInputInner - Id : 0
10-11 13:08:02.009 31574 31574 I InputMethodManager: startInputInner - mService.startInputOrWindowGainedFocus
10-11 13:08:03.348 31574 31574 I ViewRootImpl@79d7e73[MainActivity]: ViewPostIme pointer 0
10-11 13:08:03.405 31574 31574 I ViewRootImpl@79d7e73[MainActivity]: ViewPostIme pointer 1
10-11 13:08:03.411 31574 31574 I MSHandlerLifeCycle: removeMultiSplitHandler: no exist. decor=DecorView@4e2442c[MainActivity]
10-11 13:08:03.412 31574 31648 D OpenGLRenderer: setSurface called with nullptr
10-11 13:08:03.412 31574 31648 D OpenGLRenderer: setSurface() destroyed EGLSurface
10-11 13:08:03.412 31574 31648 D OpenGLRenderer: destroyEglSurface
10-11 13:08:03.414 31574 31574 I ViewRootImpl@79d7e73[MainActivity]: dispatchDetachedFromWindow
10-11 13:08:03.442 31574 31574 D InputTransport: Input channel destroyed: '216f451', fd=83
10-11 13:08:03.447 31574 31574 D InsetsController: onStateChanged: InsetsState: {mDisplayFrame=Rect(0, 0 - 1080, 2400), mDisplayCutout=DisplayCutout{insets=Rect(0, 88 - 0, 0) waterfall=Insets{left=0, top=0, right=0, bottom=0} boundingRect={Bounds=[Rect(0, 0 - 0, 0), Rect(512, 0 - 568, 88), Rect(0, 0 - 0, 0), Rect(0, 0 - 0, 0)]} cutoutPathParserInfo={CutoutPathParserInfo{displayWidth=1080 displayHeight=2400 physicalDisplayWidth=1080 physicalDisplayHeight=2400 density={2.625} cutoutSpec={M 0,0 M 0,12.25101276465640 a 10.60613009248640,10.60613009248640 0 1,0 0,21.21226018497290 a 10.60613009248640,10.60613009248640 0 1,0 0,-21.21226018497290 Z @dp} rotation={0} scale={1.0} physicalPixelDisplaySizeRatio={1.0}}}}, mRoundedCorners=RoundedCorners{[RoundedCorner{position=TopLeft, radius=84, center=Point(84, 84)}, RoundedCorner{position=TopRight, radius=84, center=Point(996, 84)}, RoundedCorner{position=BottomRight, radius=84, center=Point(996, 2316)}, RoundedCorner{position=BottomLeft, radius=84, center=Point(84, 2316)}]}  mRoundedCornerFrame=Rect(0, 0 - 1080, 2400), mPrivacyIndicatorBounds=PrivacyIndicatorBounds {static bounds=Rect(964, 0 - 1080, 87) rotation=0}, mSources= { InsetsSource: {mType=ITYPE_STATUS_BAR, mFrame=[0,0][1080,88], mVisible=true, mInsetsRoundedCornerFrame=false}, InsetsSource: {mType=ITYPE_NAVIGATION_BAR, mFrame=[0,2361][1080,2400], mVisible=true, mInsetsRoundedCornerFrame=false}, InsetsSource: {mType=ITYPE_LEFT_GESTURES, mFrame=[0,0][130,2400], mVisible=true, mInsetsRoundedCornerFrame=false}, InsetsSource: {mType=ITYPE_RIGHT_GESTURES, mFrame=[950,0][1080,2400], mVisible=true, mInsetsRoundedCornerFrame=false}, InsetsSource: {mType=ITYPE_TOP_MANDATORY_GESTURES, mFrame=[0,0][1080,120], mVisible=true, mInsetsRoundedCornerFrame=false}, InsetsSource: {mType=ITYPE_BOTTOM_MANDATORY_GESTURES, mFrame=[0,2316][1080,2400], mVisible=true, mInsetsRoundedCornerFrame=false}, InsetsSource: {mType=ITYPE_LEFT_DISPLAY_CUTOUT, mFrame=[0,0][-100000,2400], mVisible=true, mInsetsRoundedCornerFrame=false}, InsetsSource: {mType=ITYPE_TOP_DISPLAY_CUTOUT, mFrame=[0,0][1080,88], mVisible=true, mInsetsRoundedCornerFrame=false}, InsetsSource: {mType=ITYPE_RIGHT_DISPLAY_CUTOUT, mFrame=[100000,0][1080,2400], mVisible=true, mInsetsRoundedCornerFrame=false}, InsetsSource: {mType=ITYPE_BOTTOM_DISPLAY_CUTOUT, mFrame=[0,100000][1080,2400], mVisible=true, mInsetsRoundedCornerFrame=false}, InsetsSource: {mType=ITYPE_TOP_TAPPABLE_ELEMENT, mFrame=[0,0][1080,88], mVisible=true, mInsetsRoundedCornerFrame=false}, InsetsSource: {mType=ITYPE_BOTTOM_TAPPABLE_ELEMENT, mFrame=[0,0][0,0], mVisible=true, mInsetsRoundedCornerFrame=false} } host=com.lagradost.cloudstream3/com.lagradost.cloudstream3.MainActivity from=android.view.ViewRootImpl$ViewRootHandler.handleMessageImpl:6740
10-11 13:08:03.472 31574 31574 I ViewRootImpl@fadb6d7[MainActivity]: MSG_WINDOW_FOCUS_CHANGED 1 0
10-11 13:08:03.472 31574 31574 I ViewRootImpl@fadb6d7[MainActivity]: mThreadedRenderer.initializeIfNeeded()#2 mSurface={isValid=true 0x7b5517b800}
10-11 13:08:03.481 31574 31574 D InputMethodManager: startInputInner - Id : 0
10-11 13:08:03.481 31574 31574 I InputMethodManager: startInputInner - mService.startInputOrWindowGainedFocus
10-11 13:08:03.885 31574 31574 I ViewRootImpl@fadb6d7[MainActivity]: ViewPostIme pointer 0
10-11 13:08:03.948 31574 31574 W PanelsChildGestureRegionObserver: failed to register view with ID 2131362800. already registered
10-11 13:08:03.952 31574 31574 W PanelsChildGestureRegionObserver: failed to register view with ID 2131362800. already registered
10-11 13:08:03.968 31574 31574 W PanelsChildGestureRegionObserver: failed to register view with ID 2131362800. already registered
10-11 13:08:03.985 31574 31574 W PanelsChildGestureRegionObserver: failed to register view with ID 2131362800. already registered
10-11 13:08:03.988 31574 31574 D WindowOnBackDispatcher: onBackInvoked, viewRoot=ViewRootImpl@79d7e73[MainActivity], callback=androidx.activity.OnBackPressedDispatcher$Api33Impl$$ExternalSyntheticLambda0@c178ed5
10-11 13:08:03.998 31574 31574 I IMM_LC  : hsifw() - flag : 0
10-11 13:08:03.998 31574 31574 I IMM_LC  : hsifw() - mService.hideSoftInput
10-11 13:08:04.001 31574 31574 I CS3ExoPlayer: onStop
10-11 13:08:04.001 31574 31574 I CS3ExoPlayer: saveData
10-11 13:08:04.001 31574 31574 I CS3ExoPlayer: handleEvent Pause
10-11 13:08:04.059 31574 31574 W PanelsChildGestureRegionObserver: failed to register view with ID 2131362800. already registered
10-11 13:08:04.161 31574 31574 I ViewRootImpl@fadb6d7[MainActivity]: performTraversals mFirst=false windowShouldResize=false viewVisibilityChanged=false mForceNextWindowRelayout=false params={(0,0)(fillxfill) sim={state=always_hidden adjust=resize} ty=BASE_APPLICATION fmt=TRANSLUCENT wanim=0x1030309
10-11 13:08:04.161 31574 31574 I ViewRootImpl@fadb6d7[MainActivity]:   fl=85810100
10-11 13:08:04.161 31574 31574 I ViewRootImpl@fadb6d7[MainActivity]:   pfl=12020040
10-11 13:08:04.161 31574 31574 I ViewRootImpl@fadb6d7[MainActivity]:   vsysui=500
10-11 13:08:04.161 31574 31574 I ViewRootImpl@fadb6d7[MainActivity]:   bhv=DEFAULT
10-11 13:08:04.161 31574 31574 I ViewRootImpl@fadb6d7[MainActivity]:   fitSides= naviIconColor=0}
10-11 13:08:04.166 31574 31574 I ViewRootImpl@fadb6d7[MainActivity]: updateBlastSurfaceIfNeeded mBlastBufferQueue=0x7b5517e000 isSameSurfaceControl=true
10-11 13:08:04.166 31574 31574 I BLASTBufferQueue: update, w= 1080 h= 2400 mName = ViewRootImpl@fadb6d7[MainActivity] mNativeObject= 0x7b5517e000 sc.mNativeObject= 0x7b028f2700 format= -3 caller= android.view.ViewRootImpl.updateBlastSurfaceIfNeeded:2898 android.view.ViewRootImpl.relayoutWindow:9847 android.view.ViewRootImpl.performTraversals:3884 android.view.ViewRootImpl.doTraversal:3116 android.view.ViewRootImpl$TraversalRunnable.run:10885 android.view.Choreographer$CallbackRecord.run:1301 
10-11 13:08:04.166 31574 31574 I ViewRootImpl@fadb6d7[MainActivity]: Relayout returned: old=(0,0,1080,2400) new=(0,0,1080,2400) req=(1080,2400)0 dur=5 res=0x0 s={true 0x7b5517b800} ch=false seqId=0
10-11 13:08:04.178 31574 31574 W PanelsChildGestureRegionObserver: failed to register view with ID 2131362800. already registered
10-11 13:08:04.188 31574 31700 D SurfaceView@aa4c112: updateSurfacePosition RenderWorker, frameNr = 351, position = [47, 303, 1033, 782] surfaceSize = 1080x525
10-11 13:08:04.188 31574 31700 I SurfaceView@aa4c112: uSP: rtp = Rect(47, 303 - 1033, 782) rtsw = 1080 rtsh = 525
10-11 13:08:04.188 31574 31700 I SurfaceView@aa4c112: onSSPAndSRT: pl = 47 pt = 303 sx = 0.912963 sy = 0.91238093
10-11 13:08:04.189 31574 31700 I SurfaceView@aa4c112: aOrMT: ViewRootImpl@fadb6d7[MainActivity] t = android.view.SurfaceControl$Transaction@d299f2d fN = 351 android.view.SurfaceView.-$$Nest$mapplyOrMergeTransaction:0 android.view.SurfaceView$SurfaceViewPositionUpdateListener.positionChanged:1537 android.graphics.RenderNode$CompositePositionUpdateListener.positionChanged:373 
10-11 13:08:04.189 31574 31700 I ViewRootImpl@fadb6d7[MainActivity]: mWNT: t=0x7b3f730400 mBlastBufferQueue=0x7b5517e000 fn= 351 caller= android.view.SurfaceView.applyOrMergeTransaction:1455 android.view.SurfaceView.-$$Nest$mapplyOrMergeTransaction:0 android.view.SurfaceView$SurfaceViewPositionUpdateListener.positionChanged:1537 
10-11 13:08:04.202 31574 31701 D SurfaceView@aa4c112: updateSurfacePosition RenderWorker, frameNr = 352, position = [52, 311, 1028, 786] surfaceSize = 1080x525
10-11 13:08:04.202 31574 31701 I SurfaceView@aa4c112: uSP: rtp = Rect(52, 311 - 1028, 786) rtsw = 1080 rtsh = 525
10-11 13:08:04.202 31574 31701 I SurfaceView@aa4c112: onSSPAndSRT: pl = 52 pt = 311 sx = 0.9037037 sy = 0.9047619
10-11 13:08:04.202 31574 31701 I SurfaceView@aa4c112: aOrMT: ViewRootImpl@fadb6d7[MainActivity] t = android.view.SurfaceControl$Transaction@d299f2d fN = 352 android.view.SurfaceView.-$$Nest$mapplyOrMergeTransaction:0 android.view.SurfaceView$SurfaceViewPositionUpdateListener.positionChanged:1537 android.graphics.RenderNode$CompositePositionUpdateListener.positionChanged:373 
10-11 13:08:04.202 31574 31701 I ViewRootImpl@fadb6d7[MainActivity]: mWNT: t=0x7b3f730400 mBlastBufferQueue=0x7b5517e000 fn= 352 caller= android.view.SurfaceView.applyOrMergeTransaction:1455 android.view.SurfaceView.-$$Nest$mapplyOrMergeTransaction:0 android.view.SurfaceView$SurfaceViewPositionUpdateListener.positionChanged:1537 
10-11 13:08:04.218 31574 31700 D SurfaceView@aa4c112: updateSurfacePosition RenderWorker, frameNr = 353, position = [54, 314, 1026, 787] surfaceSize = 1080x525
10-11 13:08:04.218 31574 31700 I SurfaceView@aa4c112: uSP: rtp = Rect(54, 314 - 1026, 787) rtsw = 1080 rtsh = 525
10-11 13:08:04.218 31574 31700 I SurfaceView@aa4c112: onSSPAndSRT: pl = 54 pt = 314 sx = 0.9 sy = 0.9009524
10-11 13:08:04.219 31574 31700 I SurfaceView@aa4c112: aOrMT: ViewRootImpl@fadb6d7[MainActivity] t = android.view.SurfaceControl$Transaction@d299f2d fN = 353 android.view.SurfaceView.-$$Nest$mapplyOrMergeTransaction:0 android.view.SurfaceView$SurfaceViewPositionUpdateListener.positionChanged:1537 android.graphics.RenderNode$CompositePositionUpdateListener.positionChanged:373 
10-11 13:08:04.219 31574 31700 I ViewRootImpl@fadb6d7[MainActivity]: mWNT: t=0x7b3f730400 mBlastBufferQueue=0x7b5517e000 fn= 353 caller= android.view.SurfaceView.applyOrMergeTransaction:1455 android.view.SurfaceView.-$$Nest$mapplyOrMergeTransaction:0 android.view.SurfaceView$SurfaceViewPositionUpdateListener.positionChanged:1537 
10-11 13:08:04.219 31574 31574 I SurfaceView@aa4c112: onWindowVisibilityChanged(8) false android.view.SurfaceView{aa4c112 V.E...... ........ 0,0-1080,525} of ViewRootImpl@fadb6d7[MainActivity]
10-11 13:08:04.219 31574 31574 I SurfaceView@aa4c112: Changes: creating=false format=false size=false visible=true alpha=false hint=false mUseAlpha=false visible=true left=false top=false
10-11 13:08:04.219 31574 31574 I SurfaceView@aa4c112: 178569490 Cur surface: Surface(name=null)/@0x7781675
10-11 13:08:04.220 31574 31574 I SurfaceView@aa4c112: applyTransactionOnVriDraw: vri = ViewRootImpl@fadb6d7[MainActivity] fRS = false t = 0x7b0954e100 android.view.SurfaceView.performSurfaceTransaction:959 android.view.SurfaceView.updateSurface:1105 android.view.SurfaceView.onWindowVisibilityChanged:371 
10-11 13:08:04.220 31574 31574 I ViewRootImpl@fadb6d7[MainActivity]: applyTransactionOnDraw: mRemoved = false isHardwareEnabled = true t = 0x7b0954e100android.view.SurfaceView.applyTransactionOnVriDraw:2048 android.view.SurfaceView.performSurfaceTransaction:959 android.view.SurfaceView.updateSurface:1105 android.view.SurfaceView.onWindowVisibilityChanged:371 android.view.View.dispatchDetachedFromWindow:22529 
10-11 13:08:04.220 31574 31574 I SurfaceView@aa4c112: surfaceDestroyed
10-11 13:08:04.220 31574 31574 I SurfaceView@aa4c112: surfaceDestroyed callback.size 0 #2 android.view.SurfaceView{aa4c112 V.E...... ........ 0,0-1080,525}
10-11 13:08:04.220 31574 31574 I SurfaceView@aa4c112: updateSurface: mVisible = false mSurface.isValid() = true
10-11 13:08:04.221 31574 31574 I SurfaceView@aa4c112: releaseSurfaces: viewRoot = ViewRootImpl@fadb6d7[MainActivity]
10-11 13:08:04.221 31574 31574 I SurfaceView@aa4c112: applyTransactionOnVriDraw: vri = ViewRootImpl@fadb6d7[MainActivity] fRS = true t = 0x7b3f71f400 android.view.SurfaceView.releaseSurfaces:858 android.view.SurfaceView.updateSurface:1172 android.view.SurfaceView.onWindowVisibilityChanged:371 
10-11 13:08:04.221 31574 31574 I SurfaceView@aa4c112: applyTransactionOnVriDraw: viewRoot.applyTransactionOnDrawFromReleaseSurfaces
10-11 13:08:04.221 31574 31574 I ViewRootImpl@fadb6d7[MainActivity]: applyTransactionOnDraw: mRemoved = false isHardwareEnabled = true t = 0x7b3f71f400android.view.ViewRootImpl.applyTransactionOnDrawFromReleaseSurfaces:12850 android.view.SurfaceView.applyTransactionOnVriDraw:2046 android.view.SurfaceView.releaseSurfaces:858 android.view.SurfaceView.updateSurface:1172 android.view.SurfaceView.onWindowVisibilityChanged:371 
10-11 13:08:04.221 31574 31574 V SurfaceView@aa4c112: Layout: x=0 y=218 w=1080 h=525, frame=Rect(0, 0 - 1080, 525)
10-11 13:08:04.221 31574 31574 I SurfaceView@aa4c112: onDetachedFromWindow: tryReleaseSurfaces()
10-11 13:08:04.221 31574 31574 I SurfaceView@aa4c112: releaseSurfaces: viewRoot = ViewRootImpl@fadb6d7[MainActivity]
10-11 13:08:04.222 31574 31574 I SurfaceView@aa4c112: applyTransactionOnVriDraw: vri = ViewRootImpl@fadb6d7[MainActivity] fRS = true t = 0x7b0954e400 android.view.SurfaceView.releaseSurfaces:858 android.view.SurfaceView.onDetachedFromWindow:500 android.view.View.dispatchDetachedFromWindow:22538 
10-11 13:08:04.222 31574 31574 I SurfaceView@aa4c112: applyTransactionOnVriDraw: viewRoot.applyTransactionOnDrawFromReleaseSurfaces
10-11 13:08:04.222 31574 31574 I ViewRootImpl@fadb6d7[MainActivity]: applyTransactionOnDraw: mRemoved = false isHardwareEnabled = true t = 0x7b0954e400android.view.ViewRootImpl.applyTransactionOnDrawFromReleaseSurfaces:12850 android.view.SurfaceView.applyTransactionOnVriDraw:2046 android.view.SurfaceView.releaseSurfaces:858 android.view.SurfaceView.onDetachedFromWindow:500 android.view.View.dispatchDetachedFromWindow:22538 
10-11 13:08:04.228 31574 31574 I DecorView: notifyKeepScreenOnChanged: keepScreenOn=false
10-11 13:08:04.228 31574 31574 I CS3ExoPlayer: releasePlayer
10-11 13:08:04.228 31574 31574 I CS3ExoPlayer: Handle event: PlayerAttachedEvent(player=null, source=Player)
10-11 13:08:04.229 31574 31574 I DecorView: notifyKeepScreenOnChanged: keepScreenOn=false
10-11 13:08:04.234 31574 31574 I ViewRootImpl@fadb6d7[MainActivity]: performTraversals params={(0,0)(fillxfill) sim={state=always_hidden adjust=resize} ty=BASE_APPLICATION wanim=0x1030309
10-11 13:08:04.234 31574 31574 I ViewRootImpl@fadb6d7[MainActivity]:   fl=85810100
10-11 13:08:04.234 31574 31574 I ViewRootImpl@fadb6d7[MainActivity]:   pfl=12020040
10-11 13:08:04.234 31574 31574 I ViewRootImpl@fadb6d7[MainActivity]:   vsysui=500
10-11 13:08:04.234 31574 31574 I ViewRootImpl@fadb6d7[MainActivity]:   bhv=DEFAULT
10-11 13:08:04.234 31574 31574 I ViewRootImpl@fadb6d7[MainActivity]:   fitSides= naviIconColor=0}
10-11 13:08:04.235 31574 31574 I ViewRootImpl@fadb6d7[MainActivity]: performTraversals mFirst=false windowShouldResize=false viewVisibilityChanged=false mForceNextWindowRelayout=false params={(0,0)(fillxfill) sim={state=always_hidden adjust=resize} ty=BASE_APPLICATION fmt=TRANSLUCENT wanim=0x1030309
10-11 13:08:04.235 31574 31574 I ViewRootImpl@fadb6d7[MainActivity]:   fl=85810100
10-11 13:08:04.235 31574 31574 I ViewRootImpl@fadb6d7[MainActivity]:   pfl=12020040
10-11 13:08:04.235 31574 31574 I ViewRootImpl@fadb6d7[MainActivity]:   vsysui=500
10-11 13:08:04.235 31574 31574 I ViewRootImpl@fadb6d7[MainActivity]:   bhv=DEFAULT
10-11 13:08:04.235 31574 31574 I ViewRootImpl@fadb6d7[MainActivity]:   fitSides= naviIconColor=0}
10-11 13:08:04.240 31574 31574 I ViewRootImpl@fadb6d7[MainActivity]: updateBlastSurfaceIfNeeded mBlastBufferQueue=0x7b5517e000 isSameSurfaceControl=true
10-11 13:08:04.240 31574 31574 I BLASTBufferQueue: update, w= 1080 h= 2400 mName = ViewRootImpl@fadb6d7[MainActivity] mNativeObject= 0x7b5517e000 sc.mNativeObject= 0x7b028ff300 format= -3 caller= android.view.ViewRootImpl.updateBlastSurfaceIfNeeded:2898 android.view.ViewRootImpl.relayoutWindow:9847 android.view.ViewRootImpl.performTraversals:3884 android.view.ViewRootImpl.doTraversal:3116 android.view.ViewRootImpl$TraversalRunnable.run:10885 android.view.Choreographer$CallbackRecord.run:1301 
10-11 13:08:04.240 31574 31574 I ViewRootImpl@fadb6d7[MainActivity]: Relayout returned: old=(0,0,1080,2400) new=(0,0,1080,2400) req=(1080,2400)0 dur=4 res=0x0 s={true 0x7b5517b800} ch=false seqId=0
10-11 13:08:04.240 31574 31574 I ViewRootImpl@fadb6d7[MainActivity]: updateBoundsLayer: t = android.view.SurfaceControl$Transaction@f69636f sc = Surface(name=Bounds for - com.lagradost.cloudstream3/com.lagradost.cloudstream3.MainActivity@0)/@0x305587c frame = 354
10-11 13:08:04.240 31574 31574 I ViewRootImpl@fadb6d7[MainActivity]: mWNT: t=0x7b552e1700 mBlastBufferQueue=0x7b5517e000 fn= 354 caller= android.view.ViewRootImpl.prepareSurfaces:2985 android.view.ViewRootImpl.performTraversals:4233 android.view.ViewRootImpl.doTraversal:3116 
10-11 13:08:04.241 31574 31648 D SurfaceView@aa4c112: windowPositionLost, frameNr = 354
10-11 13:08:04.242 31574 31701 I ViewRootImpl@fadb6d7[MainActivity]: mWNT: t=0x7b0954e100 mBlastBufferQueue=0x7b5517e000 fn= 354 caller= android.view.ViewRootImpl.lambda$applyTransactionOnDraw$11$android-view-ViewRootImpl:12865 android.view.ViewRootImpl$$ExternalSyntheticLambda1.onFrameDraw:4 android.graphics.HardwareRenderer$FrameDrawingCallback.onFrameDraw:924 
10-11 13:08:04.242 31574 31701 I ViewRootImpl@fadb6d7[MainActivity]: mWNT: t=0x7b3f71f400 mBlastBufferQueue=0x7b5517e000 fn= 354 caller= android.view.ViewRootImpl.lambda$applyTransactionOnDraw$11$android-view-ViewRootImpl:12865 android.view.ViewRootImpl$$ExternalSyntheticLambda1.onFrameDraw:4 android.graphics.HardwareRenderer$FrameDrawingCallback.onFrameDraw:924 
10-11 13:08:04.242 31574 31701 I ViewRootImpl@fadb6d7[MainActivity]: mWNT: t=0x7b0954e400 mBlastBufferQueue=0x7b5517e000 fn= 354 caller= android.view.ViewRootImpl.lambda$applyTransactionOnDraw$11$android-view-ViewRootImpl:12865 android.view.ViewRootImpl$$ExternalSyntheticLambda1.onFrameDraw:4 android.graphics.HardwareRenderer$FrameDrawingCallback.onFrameDraw:924 
10-11 13:08:09.846 31574 31574 I ViewRootImpl@fadb6d7[MainActivity]: ViewPostIme pointer 0
10-11 13:08:09.902 31574 31574 I ViewRootImpl@fadb6d7[MainActivity]: ViewPostIme pointer 1
10-11 13:08:09.921 31574 31574 I NavComponent: Navigating to fragment: 2131362274
10-11 13:08:09.923 31574 31574 I IMM_LC  : hsifw() - flag : 0
10-11 13:08:09.923 31574 31574 I IMM_LC  : hsifw() - mService.hideSoftInput
10-11 13:08:09.950 31574 31574 D ScrollView: initGoToTop
10-11 13:08:10.132 31574 31574 I SurfaceView@8cb7222: onWindowVisibilityChanged(0) true android.view.SurfaceView{8cb7222 V.E...... ......I. 0,0-0,0} of ViewRootImpl@fadb6d7[MainActivity]
10-11 13:08:10.132 31574 31574 D SurfaceView@8cb7222: updateSurface: has no frame
10-11 13:08:10.134 31574 31574 I CS3ExoPlayer: SET STYLE = SaveCaptionStyle(foregroundColor=-1, backgroundColor=0, windowColor=0, edgeType=1, edgeColor=-16777216, typeface=null, typefaceFilePath=null, elevation=20, fixedTextSize=null, edgeSize=null, removeCaptions=false, removeBloat=true, upperCase=false, bold=false, italic=false, backgroundRadius=null)
10-11 13:08:10.140 31574 31574 I IMM_LC  : hsifw() - flag : 0
10-11 13:08:10.140 31574 31574 I IMM_LC  : hsifw() - mService.hideSoftInput
10-11 13:08:10.142 31574 31677 I SYNCVM  : addFromUrl = https://tv6.egydead.live/%d9%85%d8%b4%d8%a7%d9%87%d8%af%d8%a9-%d9%81%d9%8a%d9%84%d9%85-mantis-2025-%d9%85%d8%aa%d8%b1%d8%ac%d9%85/
10-11 13:08:10.142 31574 31677 I SYNCUTIL: getIdsFromUrl https://tv6.egydead.live/%d9%85%d8%b4%d8%a7%d9%87%d8%af%d8%a9-%d9%81%d9%8a%d9%84%d9%85-mantis-2025-%d9%85%d8%aa%d8%b1%d8%ac%d9%85/
10-11 13:08:10.149 31574 31574 I SurfaceView@8cb7222: onWindowVisibilityChanged(8) false android.view.SurfaceView{8cb7222 V.E...... ......I. 0,0-0,0} of ViewRootImpl@fadb6d7[MainActivity]
10-11 13:08:10.149 31574 31574 D SurfaceView@8cb7222: updateSurface: has no frame
10-11 13:08:10.149 31574 31574 D SurfaceView@8cb7222: updateSurface: has no frame
10-11 13:08:10.149 31574 31574 I SurfaceView@8cb7222: onDetachedFromWindow: tryReleaseSurfaces()
10-11 13:08:10.149 31574 31574 I SurfaceView@8cb7222: releaseSurfaces: viewRoot = ViewRootImpl@fadb6d7[MainActivity]
10-11 13:08:10.149 31574 31574 I SurfaceView@8cb7222: applyTransactionOnVriDraw: vri = ViewRootImpl@fadb6d7[MainActivity] fRS = true t = 0x7b02df1100 android.view.SurfaceView.releaseSurfaces:858 android.view.SurfaceView.onDetachedFromWindow:500 android.view.View.dispatchDetachedFromWindow:22538 
10-11 13:08:10.149 31574 31574 I SurfaceView@8cb7222: applyTransactionOnVriDraw: viewRoot.applyTransactionOnDrawFromReleaseSurfaces
10-11 13:08:10.149 31574 31574 I ViewRootImpl@fadb6d7[MainActivity]: applyTransactionOnDraw: mRemoved = false isHardwareEnabled = true t = 0x7b02df1100android.view.ViewRootImpl.applyTransactionOnDrawFromReleaseSurfaces:12850 android.view.SurfaceView.applyTransactionOnVriDraw:2046 android.view.SurfaceView.releaseSurfaces:858 android.view.SurfaceView.onDetachedFromWindow:500 android.view.View.dispatchDetachedFromWindow:22538 
10-11 13:08:10.150 31574 31574 I SurfaceView@8cb7222: onWindowVisibilityChanged(0) true android.view.SurfaceView{8cb7222 V.E...... ......I. 0,0-0,0} of ViewRootImpl@fadb6d7[MainActivity]
10-11 13:08:10.150 31574 31574 D SurfaceView@8cb7222: updateSurface: has no frame
10-11 13:08:10.153 31574 31574 I DecorView: notifyKeepScreenOnChanged: keepScreenOn=false
10-11 13:08:10.159 31574 31574 I CS3ExoPlayer: reloadPlayer
10-11 13:08:10.159 31574 31574 I CS3ExoPlayer: releasePlayer
10-11 13:08:10.159 31574 31574 I CS3ExoPlayer: Handle event: PlayerAttachedEvent(player=null, source=Player)
10-11 13:08:10.162 31574 31574 I ViewRootImpl@fadb6d7[MainActivity]: performTraversals params={(0,0)(fillxfill) sim={state=always_hidden adjust=resize} ty=BASE_APPLICATION wanim=0x1030309
10-11 13:08:10.162 31574 31574 I ViewRootImpl@fadb6d7[MainActivity]:   fl=85810100
10-11 13:08:10.162 31574 31574 I ViewRootImpl@fadb6d7[MainActivity]:   pfl=12020040
10-11 13:08:10.162 31574 31574 I ViewRootImpl@fadb6d7[MainActivity]:   vsysui=500
10-11 13:08:10.162 31574 31574 I ViewRootImpl@fadb6d7[MainActivity]:   bhv=DEFAULT
10-11 13:08:10.162 31574 31574 I ViewRootImpl@fadb6d7[MainActivity]:   fitSides= naviIconColor=0}
10-11 13:08:10.162 31574 31574 I ViewRootImpl@fadb6d7[MainActivity]: performTraversals mFirst=false windowShouldResize=false viewVisibilityChanged=false mForceNextWindowRelayout=false params={(0,0)(fillxfill) sim={state=always_hidden adjust=resize} ty=BASE_APPLICATION fmt=TRANSLUCENT wanim=0x1030309
10-11 13:08:10.162 31574 31574 I ViewRootImpl@fadb6d7[MainActivity]:   fl=85810100
10-11 13:08:10.162 31574 31574 I ViewRootImpl@fadb6d7[MainActivity]:   pfl=12020040
10-11 13:08:10.162 31574 31574 I ViewRootImpl@fadb6d7[MainActivity]:   vsysui=500
10-11 13:08:10.162 31574 31574 I ViewRootImpl@fadb6d7[MainActivity]:   bhv=DEFAULT
10-11 13:08:10.162 31574 31574 I ViewRootImpl@fadb6d7[MainActivity]:   fitSides= naviIconColor=0}
10-11 13:08:10.168 31574 31574 I ViewRootImpl@fadb6d7[MainActivity]: updateBlastSurfaceIfNeeded mBlastBufferQueue=0x7b5517e000 isSameSurfaceControl=true
10-11 13:08:10.168 31574 31574 I BLASTBufferQueue: update, w= 1080 h= 2400 mName = ViewRootImpl@fadb6d7[MainActivity] mNativeObject= 0x7b5517e000 sc.mNativeObject= 0x7aecbc4ca0 format= -3 caller= android.view.ViewRootImpl.updateBlastSurfaceIfNeeded:2898 android.view.ViewRootImpl.relayoutWindow:9847 android.view.ViewRootImpl.performTraversals:3884 android.view.ViewRootImpl.doTraversal:3116 android.view.ViewRootImpl$TraversalRunnable.run:10885 android.view.Choreographer$CallbackRecord.run:1301 
10-11 13:08:10.169 31574 31574 I ViewRootImpl@fadb6d7[MainActivity]: Relayout returned: old=(0,0,1080,2400) new=(0,0,1080,2400) req=(1080,2400)0 dur=6 res=0x0 s={true 0x7b5517b800} ch=false seqId=0
10-11 13:08:10.169 31574 31574 I ViewRootImpl@fadb6d7[MainActivity]: updateBoundsLayer: t = android.view.SurfaceControl$Transaction@f69636f sc = Surface(name=Bounds for - com.lagradost.cloudstream3/com.lagradost.cloudstream3.MainActivity@0)/@0x305587c frame = 369
10-11 13:08:10.169 31574 31574 I ViewRootImpl@fadb6d7[MainActivity]: mWNT: t=0x7b552e1700 mBlastBufferQueue=0x7b5517e000 fn= 369 caller= android.view.ViewRootImpl.prepareSurfaces:2985 android.view.ViewRootImpl.performTraversals:4233 android.view.ViewRootImpl.doTraversal:3116 
10-11 13:08:10.169 31574 31574 W View    : requestLayout() improperly called by android.widget.FrameLayout{8c0d9ef I.E...... ......I. 0,0-0,0 #7f0a04e7 app:id/start_panel} during layout: running second layout pass
10-11 13:08:10.169 31574 31574 W View    : requestLayout() improperly called by android.widget.FrameLayout{a5dccfc I.E...... ......ID 1080,0-1080,2143 #7f0a0168 app:id/end_panel} during layout: running second layout pass
10-11 13:08:10.170 31574 31574 D SurfaceView@8cb7222: updateSurface: has no frame
10-11 13:08:10.173 31574 31700 I ViewRootImpl@fadb6d7[MainActivity]: mWNT: t=0x7b02df1100 mBlastBufferQueue=0x7b5517e000 fn= 369 caller= android.view.ViewRootImpl.lambda$applyTransactionOnDraw$11$android-view-ViewRootImpl:12865 android.view.ViewRootImpl$$ExternalSyntheticLambda1.onFrameDraw:4 android.graphics.HardwareRenderer$FrameDrawingCallback.onFrameDraw:924 
10-11 13:08:10.175 31574 31574 D SurfaceView@8cb7222: updateSurface: has no frame
10-11 13:08:10.190 31574 31574 D SurfaceView@8cb7222: updateSurface: has no frame
10-11 13:08:10.196 31574 31574 D SurfaceView@8cb7222: updateSurface: has no frame
10-11 13:08:10.213 31574 31574 D SurfaceView@8cb7222: updateSurface: has no frame
10-11 13:08:10.234 31574 31574 D SurfaceView@8cb7222: updateSurface: has no frame
10-11 13:08:10.246 31574 31574 D SurfaceView@8cb7222: updateSurface: has no frame
10-11 13:08:10.264 31574 31574 D SurfaceView@8cb7222: updateSurface: has no frame
10-11 13:08:10.280 31574 31574 D SurfaceView@8cb7222: updateSurface: has no frame
10-11 13:08:10.296 31574 31574 D SurfaceView@8cb7222: updateSurface: has no frame
10-11 13:08:10.317 31574 31574 D SurfaceView@8cb7222: updateSurface: has no frame
10-11 13:08:10.330 31574 31574 D SurfaceView@8cb7222: updateSurface: has no frame
10-11 13:08:10.347 31574 31574 D SurfaceView@8cb7222: updateSurface: has no frame
10-11 13:08:10.363 31574 31574 D SurfaceView@8cb7222: updateSurface: has no frame
10-11 13:08:10.380 31574 31574 D SurfaceView@8cb7222: updateSurface: has no frame
10-11 13:08:10.396 31574 31574 D SurfaceView@8cb7222: updateSurface: has no frame
10-11 13:08:10.413 31574 31574 D SurfaceView@8cb7222: updateSurface: has no frame
10-11 13:08:10.430 31574 31574 D SurfaceView@8cb7222: updateSurface: has no frame
10-11 13:08:10.446 31574 31574 D SurfaceView@8cb7222: updateSurface: has no frame
10-11 13:08:10.463 31574 31574 D SurfaceView@8cb7222: updateSurface: has no frame
10-11 13:08:10.479 31574 31574 D SurfaceView@8cb7222: updateSurface: has no frame
10-11 13:08:10.496 31574 31574 D SurfaceView@8cb7222: updateSurface: has no frame
10-11 13:08:10.513 31574 31574 D SurfaceView@8cb7222: updateSurface: has no frame
10-11 13:08:10.529 31574 31574 D SurfaceView@8cb7222: updateSurface: has no frame
10-11 13:08:10.546 31574 31574 D SurfaceView@8cb7222: updateSurface: has no frame
10-11 13:08:10.563 31574 31574 D SurfaceView@8cb7222: updateSurface: has no frame
10-11 13:08:10.579 31574 31574 D SurfaceView@8cb7222: updateSurface: has no frame
10-11 13:08:10.596 31574 31574 D SurfaceView@8cb7222: updateSurface: has no frame
10-11 13:08:10.613 31574 31574 D SurfaceView@8cb7222: updateSurface: has no frame
10-11 13:08:10.629 31574 31574 D SurfaceView@8cb7222: updateSurface: has no frame
10-11 13:08:10.646 31574 31574 D SurfaceView@8cb7222: updateSurface: has no frame
10-11 13:08:10.663 31574 31574 D SurfaceView@8cb7222: updateSurface: has no frame
10-11 13:08:10.679 31574 31574 D SurfaceView@8cb7222: updateSurface: has no frame
10-11 13:08:10.696 31574 31574 D SurfaceView@8cb7222: updateSurface: has no frame
10-11 13:08:10.713 31574 31574 D SurfaceView@8cb7222: updateSurface: has no frame
10-11 13:08:10.729 31574 31574 D SurfaceView@8cb7222: updateSurface: has no frame
10-11 13:08:10.746 31574 31574 D SurfaceView@8cb7222: updateSurface: has no frame
10-11 13:08:10.746 31574 31680 I RVM2    : applyMeta
10-11 13:08:10.757 31574 31574 W PanelsChildGestureRegionObserver: failed to register view with ID 2131362800. already registered
10-11 13:08:10.758 31574 31574 E CoilImgLoader: Error loading image: coil3.request.NullRequestDataException: The request's data is null.
10-11 13:08:10.759 31574 31574 E CoilImgLoader: Error loading image: coil3.request.NullRequestDataException: The request's data is null.
10-11 13:08:10.788 31574 31673 I SYNCVM  : addFromUrl = https://tv6.egydead.live/%d9%85%d8%b4%d8%a7%d9%87%d8%af%d8%a9-%d9%81%d9%8a%d9%84%d9%85-mantis-2025-%d9%85%d8%aa%d8%b1%d8%ac%d9%85/
10-11 13:08:10.789 31574 31673 I SYNCUTIL: getIdsFromUrl https://tv6.egydead.live/%d9%85%d8%b4%d8%a7%d9%87%d8%af%d8%a9-%d9%81%d9%8a%d9%84%d9%85-mantis-2025-%d9%85%d8%aa%d8%b1%d8%ac%d9%85/
10-11 13:08:10.800 31574 31574 I ViewRootImpl@fadb6d7[MainActivity]: performTraversals mFirst=false windowShouldResize=false viewVisibilityChanged=false mForceNextWindowRelayout=false params={(0,0)(fillxfill) sim={state=always_hidden adjust=pan} ty=BASE_APPLICATION fmt=TRANSLUCENT wanim=0x1030309
10-11 13:08:10.800 31574 31574 I ViewRootImpl@fadb6d7[MainActivity]:   fl=85810100
10-11 13:08:10.800 31574 31574 I ViewRootImpl@fadb6d7[MainActivity]:   pfl=12020040
10-11 13:08:10.800 31574 31574 I ViewRootImpl@fadb6d7[MainActivity]:   vsysui=500
10-11 13:08:10.800 31574 31574 I ViewRootImpl@fadb6d7[MainActivity]:   bhv=DEFAULT
10-11 13:08:10.800 31574 31574 I ViewRootImpl@fadb6d7[MainActivity]:   fitSides= naviIconColor=0}
10-11 13:08:10.808 31574 31574 I ViewRootImpl@fadb6d7[MainActivity]: updateBlastSurfaceIfNeeded mBlastBufferQueue=0x7b5517e000 isSameSurfaceControl=true
10-11 13:08:10.808 31574 31574 I BLASTBufferQueue: update, w= 1080 h= 2400 mName = ViewRootImpl@fadb6d7[MainActivity] mNativeObject= 0x7b5517e000 sc.mNativeObject= 0x7b02d0e880 format= -3 caller= android.view.ViewRootImpl.updateBlastSurfaceIfNeeded:2898 android.view.ViewRootImpl.relayoutWindow:9847 android.view.ViewRootImpl.performTraversals:3884 android.view.ViewRootImpl.doTraversal:3116 android.view.ViewRootImpl$TraversalRunnable.run:10885 android.view.Choreographer$CallbackRecord.run:1301 
10-11 13:08:10.809 31574 31574 I ViewRootImpl@fadb6d7[MainActivity]: Relayout returned: old=(0,0,1080,2400) new=(0,0,1080,2400) req=(1080,2400)0 dur=8 res=0x0 s={true 0x7b5517b800} ch=false seqId=0
10-11 13:08:10.809 31574 31574 D SurfaceView@8cb7222: updateSurface: has no frame
10-11 13:08:10.810 31574 31574 I SurfaceView@8cb7222: Changes: creating=true format=true size=true visible=true alpha=false hint=false mUseAlpha=false visible=true left=true top=true
10-11 13:08:10.813 31574 31574 I BLASTBufferQueue: update, w= 1080 h= 525 mName = null mNativeObject= 0x7b6730a700 sc.mNativeObject= 0x7b02d0bd60 format= 4 caller= android.view.SurfaceView.createBlastSurfaceControls:1383 android.view.SurfaceView.updateSurface:1079 android.view.SurfaceView.lambda$new$0$android-view-SurfaceView:200 android.view.SurfaceView$$ExternalSyntheticLambda5.onPreDraw:2 android.view.ViewTreeObserver.dispatchOnPreDraw:1121 android.view.ViewRootImpl.performTraversals:4442 
10-11 13:08:10.814 31574 31574 I SurfaceView@8cb7222: 147550754 Cur surface: Surface(name=null)/@0x654f39c
10-11 13:08:10.814 31574 31574 I SurfaceView@8cb7222: pST: sr = Rect(0, 218 - 1080, 743) sw = 1080 sh = 525
10-11 13:08:10.814 31574 31574 D SurfaceView@8cb7222: performSurfaceTransaction RenderWorker position = [0, 218, 1080, 743] surfaceSize = 1080x525
10-11 13:08:10.814 31574 31574 I SurfaceView@8cb7222: applyTransactionOnVriDraw: vri = ViewRootImpl@fadb6d7[MainActivity] fRS = false t = 0x7b67305d00 android.view.SurfaceView.performSurfaceTransaction:959 android.view.SurfaceView.updateSurface:1105 android.view.SurfaceView.lambda$new$0$android-view-SurfaceView:200 
10-11 13:08:10.814 31574 31574 I ViewRootImpl@fadb6d7[MainActivity]: applyTransactionOnDraw: mRemoved = false isHardwareEnabled = true t = 0x7b67305d00android.view.SurfaceView.applyTransactionOnVriDraw:2048 android.view.SurfaceView.performSurfaceTransaction:959 android.view.SurfaceView.updateSurface:1105 android.view.SurfaceView.lambda$new$0$android-view-SurfaceView:200 android.view.SurfaceView$$ExternalSyntheticLambda5.onPreDraw:2 
10-11 13:08:10.815 31574 31574 I SurfaceView@8cb7222: updateSurface: mVisible = true mSurface.isValid() = true
10-11 13:08:10.815 31574 31574 I SurfaceView@8cb7222: updateSurface: mSurfaceCreated = false surfaceChanged = true visibleChanged = true
10-11 13:08:10.815 31574 31574 I SurfaceView@8cb7222: visibleChanged -- surfaceCreated
10-11 13:08:10.815 31574 31574 I SurfaceView@8cb7222: surfaceCreated 0 #8 android.view.SurfaceView{8cb7222 V.E...... ......ID 0,0-1080,525}
10-11 13:08:10.815 31574 31574 I SurfaceView@8cb7222: surfaceChanged -- format=4 w=1080 h=525
10-11 13:08:10.815 31574 31574 I SurfaceView@8cb7222: surfaceChanged (1080,525) 0 #8 android.view.SurfaceView{8cb7222 V.E...... ......ID 0,0-1080,525}
10-11 13:08:10.815 31574 31574 I SurfaceView@8cb7222: surfaceRedrawNeeded
10-11 13:08:10.816 31574 31574 V SurfaceView@8cb7222: Layout: x=0 y=218 w=1080 h=525, frame=Rect(0, 0 - 1080, 525)
10-11 13:08:10.829 31574 31701 D SurfaceView@8cb7222: updateSurfacePosition RenderWorker, frameNr = 405, position = [0, 218, 1080, 743] surfaceSize = 1080x525
10-11 13:08:10.830 31574 31701 I SurfaceView@8cb7222: uSP: rtp = Rect(0, 218 - 1080, 743) rtsw = 1080 rtsh = 525
10-11 13:08:10.830 31574 31701 I SurfaceView@8cb7222: onSSPAndSRT: pl = 0 pt = 218 sx = 1.0 sy = 1.0
10-11 13:08:10.830 31574 31701 I SurfaceView@8cb7222: aOrMT: ViewRootImpl@fadb6d7[MainActivity] t = android.view.SurfaceControl$Transaction@d888321 fN = 405 android.view.SurfaceView.-$$Nest$mapplyOrMergeTransaction:0 android.view.SurfaceView$SurfaceViewPositionUpdateListener.positionChanged:1537 android.graphics.RenderNode$CompositePositionUpdateListener.positionChanged:373 
10-11 13:08:10.830 31574 31701 I ViewRootImpl@fadb6d7[MainActivity]: mWNT: t=0x7b02df1400 mBlastBufferQueue=0x7b5517e000 fn= 405 caller= android.view.SurfaceView.applyOrMergeTransaction:1455 android.view.SurfaceView.-$$Nest$mapplyOrMergeTransaction:0 android.view.SurfaceView$SurfaceViewPositionUpdateListener.positionChanged:1537 
