--------- beginning of main
10-11 13:17:09.988  1320  1320 D InputTransport: Input channel destroyed: 'f209385', fd=145
10-11 13:17:10.024  1320  1320 I ViewRootImpl@bf68bc4[MainActivity]: MSG_WINDOW_FOCUS_CHANGED 1 0
10-11 13:17:10.024  1320  1320 I ViewRootImpl@bf68bc4[MainActivity]: mThreadedRenderer.initializeIfNeeded()#2 mSurface={isValid=true 0x7b5949f000}
10-11 13:17:10.028  1320  1320 D InputMethodManager: startInputInner - Id : 0
10-11 13:17:10.028  1320  1320 I InputMethodManager: startInputInner - mService.startInputOrWindowGainedFocus
10-11 13:17:10.740  1320  1320 I ViewRootImpl@bf68bc4[MainActivity]: ViewPostIme pointer 0
10-11 13:17:10.832  1320  1320 D WindowOnBackDispatcher: onBackInvoked, viewRoot=ViewRootImpl@4f11000[MainActivity], callback=androidx.activity.OnBackPressedDispatcher$Api33Impl$$ExternalSyntheticLambda0@97403c7
10-11 13:17:10.840  1320  1320 I IMM_LC  : hsifw() - flag : 0
10-11 13:17:10.840  1320  1320 I IMM_LC  : hsifw() - mService.hideSoftInput
10-11 13:17:10.847  1320  1320 D ScrollView: initGoToTop
10-11 13:17:10.872  1320  1320 E CoilImgLoader: Error loading image: coil3.request.NullRequestDataException: The request's data is null.
10-11 13:17:10.880  1320  1320 D ScrollView:  onsize change changed 
10-11 13:17:11.615  1320  1320 I ViewRootImpl@bf68bc4[MainActivity]: ViewPostIme pointer 0
10-11 13:17:11.689  1320  1320 I ViewRootImpl@bf68bc4[MainActivity]: ViewPostIme pointer 1
10-11 13:17:11.703  1320  1320 I NavComponent: Navigating to fragment: 2131361879
10-11 13:17:11.705  1320  1320 I IMM_LC  : hsifw() - flag : 0
10-11 13:17:11.705  1320  1320 I IMM_LC  : hsifw() - mService.hideSoftInput
10-11 13:17:12.757  1320  1320 I ViewRootImpl@bf68bc4[MainActivity]: ViewPostIme pointer 0
10-11 13:17:12.797  1320  1320 I ViewRootImpl@bf68bc4[MainActivity]: ViewPostIme pointer 1
10-11 13:17:12.809  1320  1320 I IMM_LC  : hsifw() - flag : 0
10-11 13:17:12.809  1320  1320 I IMM_LC  : hsifw() - mService.hideSoftInput
10-11 13:17:12.899  1320  1320 I PLG     : updatePluginList = https://raw.githubusercontent.com/adamwolker21/DZ/refs/heads/master/repo.json
10-11 13:17:12.900  1320  1320 I PLG     : getPlugins = https://raw.githubusercontent.com/adamwolker21/DZ/refs/heads/master/repo.json
10-11 13:17:13.156  1320  1368 D VotingApi: Requesting: https://counterapi.com/api/cs-raw.githubusercontent.com-adamwolker21-DZ/vote/806f9e9bb0fe6eed948cf51910bda7c7a4f4470876514f9eb99299b4b4e46db4?readOnly=true
10-11 13:17:14.380  1320  1320 I ViewRootImpl@bf68bc4[MainActivity]: ViewPostIme pointer 0
10-11 13:17:14.453  1320  1320 I ViewRootImpl@bf68bc4[MainActivity]: ViewPostIme pointer 1
10-11 13:17:14.473  1320  1376 I PLG     : handlePluginAction = https://raw.githubusercontent.com/adamwolker21/DZ/refs/heads/master/repo.json, (https://raw.githubusercontent.com/adamwolker21/DZ/refs/heads/master/repo.json, SitePlugin(url=https://raw.githubusercontent.com/adamwolker21/DZ/builds/EgyDead.cs3, status=1, version=1, apiVersion=1, name=EgyDead, internalName=EgyDead, authors=[adamwolker21], description=EgyDead, repositoryUrl=https://github.com/adamwolker21/DZ, tvTypes=[Movie, TvSeries], language=ar, iconUrl=https://www.faselhds.life/icon-faselplud.png, fileSize=26570)), false
10-11 13:17:14.474  1320  1376 D PluginManager: Downloading plugin: https://raw.githubusercontent.com/adamwolker21/DZ/builds/EgyDead.cs3 to /data/user/0/com.lagradost.cloudstream3/files/Extensions/httpsraw.githubusercontent.comadamwolker21DZrefsheadsmasterrepo.json.-468825824/EgyDead.-124080901.cs3
10-11 13:17:14.761  1320  1376 I PluginManager: Unloading plugin: /data/user/0/com.lagradost.cloudstream3/files/Extensions/httpsraw.githubusercontent.comadamwolker21DZrefsheadsmasterrepo.json.-468825824/EgyDead.-124080901.cs3
10-11 13:17:14.761  1320  1376 W PluginManager: Couldn't find plugin /data/user/0/com.lagradost.cloudstream3/files/Extensions/httpsraw.githubusercontent.comadamwolker21DZrefsheadsmasterrepo.json.-468825824/EgyDead.-124080901.cs3
10-11 13:17:14.761  1320  1376 I PluginManager: Loading plugin: PluginData(internalName=EgyDead, url=https://raw.githubusercontent.com/adamwolker21/DZ/builds/EgyDead.cs3, isOnline=true, filePath=/data/user/0/com.lagradost.cloudstream3/files/Extensions/httpsraw.githubusercontent.comadamwolker21DZrefsheadsmasterrepo.json.-468825824/EgyDead.-124080901.cs3, version=-2147483648)
10-11 13:17:14.798  1320  1376 I PluginInstance: Adding EgyDead (https://tv6.egydead.live) MainAPI
10-11 13:17:14.798  1320  1376 I PluginManager: Loaded plugin EgyDead successfully
10-11 13:17:14.799  1320  1376 I PLG     : getPlugins = https://raw.githubusercontent.com/adamwolker21/DZ/refs/heads/master/repo.json
10-11 13:17:14.799  1320  1320 I COMPACT : showToast = Plugin Loaded
10-11 13:17:14.805  1320  1320 D CompatibilityChangeReporter: Compat change id reported: 147798919; UID 10523; state: ENABLED
10-11 13:17:14.805  1320  1320 E Toast   : setGravity() shouldn't be called on text toasts, the values won't be used
10-11 13:17:14.806  1320  1320 I Toast   : setView: it's a custom toast
10-11 13:17:14.813  1320  1320 V Toast   : show: caller = com.lagradost.cloudstream3.CommonActivity.showToast:175 
10-11 13:17:14.860  1320  1320 V Toast   : HANDLE SHOW: android.widget.Toast$TN@d21e10f mView=null mNextView=androidx.cardview.widget.CardView{a99959c V.E..V... ......ID 0,0-0,0 #7f0a0557 app:id/toast_layout_root}
10-11 13:17:14.862  1320  1320 V ToastPresenter: sipHeight = -39
10-11 13:17:14.864  1320  1320 V ToastPresenter: yOffset = 13
10-11 13:17:14.866  1320  1342 D NativeCustomFrequencyManager: [NativeCFMS] BpCustomFrequencyManager::BpCustomFrequencyManager()
10-11 13:17:14.875  1320  1320 D InsetsController: onStateChanged: InsetsState: {mDisplayFrame=Rect(0, 0 - 1080, 2400), mDisplayCutout=DisplayCutout{insets=Rect(0, 88 - 0, 0) waterfall=Insets{left=0, top=0, right=0, bottom=0} boundingRect={Bounds=[Rect(0, 0 - 0, 0), Rect(512, 0 - 568, 88), Rect(0, 0 - 0, 0), Rect(0, 0 - 0, 0)]} cutoutPathParserInfo={CutoutPathParserInfo{displayWidth=1080 displayHeight=2400 physicalDisplayWidth=1080 physicalDisplayHeight=2400 density={2.625} cutoutSpec={M 0,0 M 0,12.25101276465640 a 10.60613009248640,10.60613009248640 0 1,0 0,21.21226018497290 a 10.60613009248640,10.60613009248640 0 1,0 0,-21.21226018497290 Z @dp} rotation={0} scale={1.0} physicalPixelDisplaySizeRatio={1.0}}}}, mRoundedCorners=RoundedCorners{[RoundedCorner{position=TopLeft, radius=84, center=Point(84, 84)}, RoundedCorner{position=TopRight, radius=84, center=Point(996, 84)}, RoundedCorner{position=BottomRight, radius=84, center=Point(996, 2316)}, RoundedCorner{position=BottomLeft, radius=84, center=Point(84, 2316)}]}  mRoundedCornerFrame=Rect(0, 0 - 0, 0), mPrivacyIndicatorBounds=PrivacyIndicatorBounds {static bounds=Rect(964, 0 - 1080, 87) rotation=0}, mSources= { InsetsSource: {mType=ITYPE_NAVIGATION_BAR, mFrame=[0,2361][1080,2400], mVisible=true, mInsetsRoundedCornerFrame=false}, InsetsSource: {mType=ITYPE_LEFT_GESTURES, mFrame=[0,0][130,2400], mVisible=true, mInsetsRoundedCornerFrame=false}, InsetsSource: {mType=ITYPE_RIGHT_GESTURES, mFrame=[950,0][1080,2400], mVisible=true, mInsetsRoundedCornerFrame=false}, InsetsSource: {mType=ITYPE_TOP_MANDATORY_GESTURES, mFrame=[0,0][1080,120], mVisible=true, mInsetsRoundedCornerFrame=false}, InsetsSource: {mType=ITYPE_BOTTOM_MANDATORY_GESTURES, mFrame=[0,2316][1080,2400], mVisible=true, mInsetsRoundedCornerFrame=false}, InsetsSource: {mType=ITYPE_LEFT_DISPLAY_CUTOUT, mFrame=[0,0][-100000,2400], mVisible=true, mInsetsRoundedCornerFrame=false}, InsetsSource: {mType=ITYPE_TOP_DISPLAY_CUTOUT, mFrame=[0,0][1080,88], mVisible=true, mInsetsRoundedCornerFrame=false}, InsetsSource: {mType=ITYPE_RIGHT_DISPLAY_CUTOUT, mFrame=[100000,0][1080,2400], mVisible=true, mInsetsRoundedCornerFrame=false}, InsetsSource: {mType=ITYPE_BOTTOM_DISPLAY_CUTOUT, mFrame=[0,100000][1080,2400], mVisible=true, mInsetsRoundedCornerFrame=false}, InsetsSource: {mType=ITYPE_BOTTOM_TAPPABLE_ELEMENT, mFrame=[0,0][0,0], mVisible=true, mInsetsRoundedCornerFrame=false} } host=Toast from=android.view.ViewRootImpl.setView:1732
10-11 13:17:14.876  1320  1320 I ViewRootImpl@1a26ba5[Toast]: setView = androidx.cardview.widget.CardView@a99959c TM=true
10-11 13:17:14.884  1320  1320 I ViewRootImpl@1a26ba5[Toast]: performTraversals params={(0,13)(wrapxwrap) gr=BOTTOM CENTER sim={adjust=resize} ty=TOAST fmt=TRANSLUCENT wanim=0x1030004 surfaceInsets=Rect(11, 11 - 11, 11)
10-11 13:17:14.884  1320  1320 I ViewRootImpl@1a26ba5[Toast]:   fl=1000098
10-11 13:17:14.884  1320  1320 I ViewRootImpl@1a26ba5[Toast]:   pfl=12000000
10-11 13:17:14.884  1320  1320 I ViewRootImpl@1a26ba5[Toast]:   bhv=DEFAULT
10-11 13:17:14.884  1320  1320 I ViewRootImpl@1a26ba5[Toast]:   fitTypes=STATUS_BARS NAVIGATION_BARS CAPTION_BAR
10-11 13:17:14.884  1320  1320 I ViewRootImpl@1a26ba5[Toast]:   fitIgnoreVis naviIconColor=0}
10-11 13:17:14.885  1320  1320 I ViewRootImpl@1a26ba5[Toast]: performTraversals mFirst=true windowShouldResize=false viewVisibilityChanged=false mForceNextWindowRelayout=false params={(0,13)(wrapxwrap) gr=BOTTOM CENTER sim={adjust=resize} ty=TOAST fmt=TRANSLUCENT wanim=0x1030004 surfaceInsets=Rect(11, 11 - 11, 11)
10-11 13:17:14.885  1320  1320 I ViewRootImpl@1a26ba5[Toast]:   fl=1000098
10-11 13:17:14.885  1320  1320 I ViewRootImpl@1a26ba5[Toast]:   pfl=12000000
10-11 13:17:14.885  1320  1320 I ViewRootImpl@1a26ba5[Toast]:   bhv=DEFAULT
10-11 13:17:14.885  1320  1320 I ViewRootImpl@1a26ba5[Toast]:   fitTypes=STATUS_BARS NAVIGATION_BARS CAPTION_BAR
10-11 13:17:14.885  1320  1320 I ViewRootImpl@1a26ba5[Toast]:   fitIgnoreVis naviIconColor=0}
10-11 13:17:14.900  1320  1320 I ViewRootImpl@1a26ba5[Toast]: updateBlastSurfaceIfNeeded mBlastBufferQueue=null isSameSurfaceControl=false
10-11 13:17:14.901  1320  1320 I BLASTBufferQueue: new BLASTBufferQueue, mName= ViewRootImpl@1a26ba5[Toast] mNativeObject= 0x7b593d9d00 sc.mNativeObject= 0x7bdd5ea1a0 caller= android.view.ViewRootImpl.updateBlastSurfaceIfNeeded:2909 android.view.ViewRootImpl.relayoutWindow:9847 android.view.ViewRootImpl.performTraversals:3884 android.view.ViewRootImpl.doTraversal:3116 android.view.ViewRootImpl$TraversalRunnable.run:10885 android.view.Choreographer$CallbackRecord.run:1301 android.view.Choreographer$CallbackRecord.run:1309 android.view.Choreographer.doCallbacks:923 android.view.Choreographer.doFrame:852 android.view.Choreographer$FrameDisplayEventReceiver.run:1283 
10-11 13:17:14.901  1320  1320 I BLASTBufferQueue: update, w= 373 h= 178 mName = ViewRootImpl@1a26ba5[Toast] mNativeObject= 0x7b593d9d00 sc.mNativeObject= 0x7bdd5ea1a0 format= -3 caller= android.graphics.BLASTBufferQueue.<init>:84 android.view.ViewRootImpl.updateBlastSurfaceIfNeeded:2909 android.view.ViewRootImpl.relayoutWindow:9847 android.view.ViewRootImpl.performTraversals:3884 android.view.ViewRootImpl.doTraversal:3116 android.view.ViewRootImpl$TraversalRunnable.run:10885 
10-11 13:17:14.902  1320  1320 I ViewRootImpl@1a26ba5[Toast]: Relayout returned: old=(0,88,1080,2361) new=(364,2192,715,2348) req=(351,156)0 dur=15 res=0x3 s={true 0x7b17340800} ch=true seqId=0
10-11 13:17:14.903  1320  1320 I ViewRootImpl@1a26ba5[Toast]: mThreadedRenderer.initialize() mSurface={isValid=true 0x7b17340800} hwInitialized=true
10-11 13:17:14.904  1320  1342 D OpenGLRenderer: eglCreateWindowSurface
10-11 13:17:14.905  1320  1320 I ViewRootImpl@1a26ba5[Toast]: reportNextDraw android.view.ViewRootImpl.performTraversals:4438 android.view.ViewRootImpl.doTraversal:3116 android.view.ViewRootImpl$TraversalRunnable.run:10885 android.view.Choreographer$CallbackRecord.run:1301 android.view.Choreographer$CallbackRecord.run:1309 
10-11 13:17:14.905  1320  1320 I ViewRootImpl@1a26ba5[Toast]: Setup new sync id=0
10-11 13:17:14.905  1320  1320 I ViewRootImpl@1a26ba5[Toast]: Setting syncFrameCallback
10-11 13:17:14.905  1320  1320 I ViewRootImpl@1a26ba5[Toast]: registerCallbacksForSync syncBuffer=false
10-11 13:17:14.907  1320  1395 I ViewRootImpl@1a26ba5[Toast]: Received frameDrawingCallback syncResult=0 frameNum=1.
10-11 13:17:14.907  1320  1395 I ViewRootImpl@1a26ba5[Toast]: Setting up sync and frameCommitCallback
10-11 13:17:14.910  1320  1342 I BLASTBufferQueue: [ViewRootImpl@1a26ba5[Toast]#2](f:0,a:0) onFrameAvailable the first frame is available
10-11 13:17:14.911  1320  1342 I ViewRootImpl@1a26ba5[Toast]: Received frameCommittedCallback lastAttemptedDrawFrameNum=1 didProduceBuffer=true
10-11 13:17:14.912  1320  1342 D OpenGLRenderer: CFMS:: SetUp Pid : 1320    Tid : 1342
10-11 13:17:14.916  1320  1320 I ViewRootImpl@1a26ba5[Toast]: onSyncComplete
10-11 13:17:14.916  1320  1320 I ViewRootImpl@1a26ba5[Toast]: setupSync seqId=0 mSyncId=0 fn=1 caller=android.view.ViewRootImpl$$ExternalSyntheticLambda11.accept:6 android.window.SurfaceSyncer.lambda$setupSync$1$android-window-SurfaceSyncer:128 android.window.SurfaceSyncer$$ExternalSyntheticLambda1.accept:8 android.window.SurfaceSyncer$SyncSet.checkIfSyncIsComplete:382 android.window.SurfaceSyncer$SyncSet.markSyncReady:359 android.window.SurfaceSyncer.markSyncReady:151 android.view.ViewRootImpl.performTraversals:4503 
10-11 13:17:14.917  1320  1320 I ViewRootImpl@1a26ba5[Toast]: reportDrawFinished seqId=0 mSyncId=-1 fn=1 mSurfaceChangedTransaction=0x7bdd431600
10-11 13:17:15.736  1320  1320 I ViewRootImpl@bf68bc4[MainActivity]: ViewPostIme pointer 0
10-11 13:17:15.810  1320  1320 D WindowOnBackDispatcher: onBackInvoked, viewRoot=ViewRootImpl@1a26ba5[Toast], callback=androidx.activity.OnBackPressedDispatcher$Api33Impl$$ExternalSyntheticLambda0@97403c7
10-11 13:17:15.816  1320  1320 I IMM_LC  : hsifw() - flag : 0
10-11 13:17:15.817  1320  1320 I IMM_LC  : hsifw() - mService.hideSoftInput
10-11 13:17:16.528  1320  1320 I ViewRootImpl@bf68bc4[MainActivity]: ViewPostIme pointer 0
10-11 13:17:16.621  1320  1320 D WindowOnBackDispatcher: onBackInvoked, viewRoot=ViewRootImpl@1a26ba5[Toast], callback=androidx.activity.OnBackPressedDispatcher$Api33Impl$$ExternalSyntheticLambda0@97403c7
10-11 13:17:16.625  1320  1320 I IMM_LC  : hsifw() - flag : 0
10-11 13:17:16.625  1320  1320 I IMM_LC  : hsifw() - mService.hideSoftInput
10-11 13:17:16.630  1320  1320 D ScrollView: initGoToTop
10-11 13:17:16.657  1320  1320 E CoilImgLoader: Error loading image: coil3.request.NullRequestDataException: The request's data is null.
10-11 13:17:16.664  1320  1320 D ScrollView:  onsize change changed 
10-11 13:17:16.837  1320  1342 D OpenGLRenderer: setSurface called with nullptr
10-11 13:17:16.837  1320  1342 D OpenGLRenderer: setSurface() destroyed EGLSurface
10-11 13:17:16.837  1320  1342 D OpenGLRenderer: destroyEglSurface
10-11 13:17:16.838  1320  1320 I ViewRootImpl@1a26ba5[Toast]: dispatchDetachedFromWindow
10-11 13:17:16.844  1320  1320 D InputTransport: Input channel destroyed: '434aabf', fd=142
10-11 13:17:17.835  1320  1320 I ViewRootImpl@bf68bc4[MainActivity]: ViewPostIme pointer 0
10-11 13:17:17.928  1320  1320 D WindowOnBackDispatcher: onBackInvoked, viewRoot=ViewRootImpl@1a26ba5[Toast], callback=androidx.activity.OnBackPressedDispatcher$Api33Impl$$ExternalSyntheticLambda0@97403c7
10-11 13:17:17.931  1320  1320 I IMM_LC  : hsifw() - flag : 0
10-11 13:17:17.931  1320  1320 I IMM_LC  : hsifw() - mService.hideSoftInput
10-11 13:17:18.038  1320  1371 I WebViewFactory: Loading com.google.android.webview version 141.0.7390.43 (code 739004333)
10-11 13:17:18.043  1320  1371 W st.cloudstream3: Failed to find entry 'classes.dex': Entry not found
10-11 13:17:18.044  1320  1371 D nativeloader: Configuring clns-6 for other apk /data/app/~~KzgKvUv1JwmzxHei_tsHXQ==/com.google.android.trichromelibrary_739004333-NHJfK8xUfQ5oC0LHEjEvPw==/base.apk. target_sdk_version=36, uses_libraries=ALL, library_path=/data/app/~~Z7EoFjMbPG94A6o-3Nb5UQ==/com.google.android.webview-eZKrupClwVmgDmxWAn78Ag==/lib/arm64:/data/app/~~Z7EoFjMbPG94A6o-3Nb5UQ==/com.google.android.webview-eZKrupClwVmgDmxWAn78Ag==/base.apk!/lib/arm64-v8a:/data/app/~~KzgKvUv1JwmzxHei_tsHXQ==/com.google.android.trichromelibrary_739004333-NHJfK8xUfQ5oC0LHEjEvPw==/base.apk!/lib/arm64-v8a, permitted_path=/data:/mnt/expand
10-11 13:17:18.044  1320  1371 D nativeloader: Extending system_exposed_libraries: libhumantracking.arcsoft.so:libPortraitDistortionCorrection.arcsoft.so:libPortraitDistortionCorrectionCali.arcsoft.so:libface_landmark.arcsoft.so:libFacialStickerEngine.arcsoft.so:libveengine.arcsoft.so:liblow_light_hdr.arcsoft.so:libhigh_dynamic_range.arcsoft.so:libFacialAttributeDetection.arcsoft.so:libBeauty_v4.camera.samsung.so:libexifa.camera.samsung.so:libjpega.camera.samsung.so:libOpenCv.camera.samsung.so:libImageScreener.camera.samsung.so:libMyFilter.camera.samsung.so:libtensorflowLite.myfilter.camera.samsung.so:libtensorflowlite_inference_api.myfilter.camera.samsung.so:libEventFinder.camera.samsung.so:libHIDTSnapJNI.camera.samsung.so:libSmartScan.camera.samsung.so:libRectify.camera.samsung.so:libDocRectifyWrapper.camera.samsung.so:libUltraWideDistortionCorrection.camera.samsung.so:libWideDistortionCorrection.camera.samsung.so:libHpr_RecGAE_cvFeature_v1.0.camera.samsung.so:libHprFace_GAE_api.camera.samsung.so:libFace_Landmark_API.camera.samsung.so:libHprFace_GAE_jn
10-11 13:17:18.050  1320  1371 D nativeloader: Configuring clns-7 for other apk /data/app/~~Z7EoFjMbPG94A6o-3Nb5UQ==/com.google.android.webview-eZKrupClwVmgDmxWAn78Ag==/base.apk. target_sdk_version=36, uses_libraries=, library_path=/data/app/~~Z7EoFjMbPG94A6o-3Nb5UQ==/com.google.android.webview-eZKrupClwVmgDmxWAn78Ag==/lib/arm64:/data/app/~~Z7EoFjMbPG94A6o-3Nb5UQ==/com.google.android.webview-eZKrupClwVmgDmxWAn78Ag==/base.apk!/lib/arm64-v8a:/data/app/~~KzgKvUv1JwmzxHei_tsHXQ==/com.google.android.trichromelibrary_739004333-NHJfK8xUfQ5oC0LHEjEvPw==/base.apk!/lib/arm64-v8a, permitted_path=/data:/mnt/expand
10-11 13:17:18.078  1320  1371 I cr_WVCFactoryProvider: version=141.0.7390.43 (739004333) minSdkVersion=29 multiprocess=true packageId=127 splits=<none>
10-11 13:17:18.086  1320  1371 D nativeloader: Load /data/app/~~KzgKvUv1JwmzxHei_tsHXQ==/com.google.android.trichromelibrary_739004333-NHJfK8xUfQ5oC0LHEjEvPw==/base.apk!/lib/arm64-v8a/libmonochrome_64.so using class loader ns clns-7 (caller=/data/app/~~Z7EoFjMbPG94A6o-3Nb5UQ==/com.google.android.webview-eZKrupClwVmgDmxWAn78Ag==/base.apk): ok
10-11 13:17:18.090  1320  1371 D nativeloader: Load /system/lib64/libwebviewchromium_plat_support.so using class loader ns clns-7 (caller=/data/app/~~Z7EoFjMbPG94A6o-3Nb5UQ==/com.google.android.webview-eZKrupClwVmgDmxWAn78Ag==/base.apk): ok
10-11 13:17:18.094  1320  1448 E chromium: [1011/131718.093555:ERROR:android_webview/browser/variations/variations_seed_loader.cc:39] Seed missing signature.
10-11 13:17:18.100  1320  1371 I cr_LibraryLoader: Successfully loaded native library
10-11 13:17:18.102  1320  1371 I cr_CachingUmaRecorder: Flushed 13 samples from 13 histograms, 0 samples were dropped.
10-11 13:17:18.726  1320  1327 I st.cloudstream3: Background concurrent copying GC freed 6346KB AllocSpace bytes, 39(2116KB) LOS objects, 49% free, 16MB/33MB, paused 379us,62us total 149.298ms
10-11 13:17:18.742  1320  1342 D OpenGLRenderer: setSurface called with nullptr
10-11 13:17:18.743  1320  1328 D InputTransport: Input channel destroyed: 'ClientS', fd=129
10-11 13:17:18.754  1320  1342 D OpenGLRenderer: setSurface called with nullptr
10-11 13:17:18.760  1320  1329 W System  : A resource failed to call close. 
10-11 13:17:20.063  1320  1320 I ViewRootImpl@bf68bc4[MainActivity]: ViewPostIme pointer 0
10-11 13:17:20.310  1320  1320 I ViewRootImpl@bf68bc4[MainActivity]: ViewPostIme pointer 1
10-11 13:17:22.000  1320  1320 I ViewRootImpl@bf68bc4[MainActivity]: ViewPostIme pointer 0
10-11 13:17:22.570  1320  1320 I ViewRootImpl@bf68bc4[MainActivity]: ViewPostIme pointer 1
10-11 13:17:22.934  1320  1320 I ViewRootImpl@bf68bc4[MainActivity]: ViewPostIme pointer 0
10-11 13:17:23.041  1320  1320 I ViewRootImpl@bf68bc4[MainActivity]: ViewPostIme pointer 1
10-11 13:17:23.487  1320  1320 I ViewRootImpl@bf68bc4[MainActivity]: ViewPostIme pointer 0
10-11 13:17:23.561  1320  1320 I ViewRootImpl@bf68bc4[MainActivity]: ViewPostIme pointer 1
10-11 13:17:24.513  1320  1320 I ViewRootImpl@bf68bc4[MainActivity]: ViewPostIme pointer 0
10-11 13:17:24.619  1320  1320 I ViewRootImpl@bf68bc4[MainActivity]: ViewPostIme pointer 1
10-11 13:17:25.139  1320  1320 I ViewRootImpl@bf68bc4[MainActivity]: ViewPostIme pointer 0
10-11 13:17:25.205  1320  1320 I ViewRootImpl@bf68bc4[MainActivity]: ViewPostIme pointer 1
10-11 13:17:25.934  1320  1320 I ViewRootImpl@bf68bc4[MainActivity]: ViewPostIme pointer 0
10-11 13:17:25.983  1320  1320 I ViewRootImpl@bf68bc4[MainActivity]: ViewPostIme pointer 1
10-11 13:17:25.996  1320  1320 I NavComponent: Navigating to fragment: 2131362274
10-11 13:17:26.000  1320  1320 I IMM_LC  : hsifw() - flag : 0
10-11 13:17:26.000  1320  1320 I IMM_LC  : hsifw() - mService.hideSoftInput
10-11 13:17:26.048  1320  1320 D ScrollView: initGoToTop
10-11 13:17:26.304  1320  1320 I SurfaceView@5e4efaf: onWindowVisibilityChanged(0) true android.view.SurfaceView{5e4efaf V.E..V... ......I. 0,0-0,0} of ViewRootImpl@bf68bc4[MainActivity]
10-11 13:17:26.304  1320  1320 D SurfaceView@5e4efaf: updateSurface: has no frame
10-11 13:17:26.308  1320  1320 I CS3ExoPlayer: SET STYLE = SaveCaptionStyle(foregroundColor=-1, backgroundColor=0, windowColor=0, edgeType=1, edgeColor=-16777216, typeface=null, typefaceFilePath=null, elevation=20, fixedTextSize=null, edgeSize=null, removeCaptions=false, removeBloat=true, upperCase=false, bold=false, italic=false, backgroundRadius=null)
10-11 13:17:26.315  1320  1320 D VideoClickActionHolder: allVideoClickActions: [null:com.lagradost.cloudstream3.actions.temp.PlayInBrowserAction, null:com.lagradost.cloudstream3.actions.temp.CopyClipboardAction, null:com.lagradost.cloudstream3.actions.temp.ViewM3U8Action, null:com.lagradost.cloudstream3.actions.temp.VlcPackage, null:com.lagradost.cloudstream3.actions.temp.MpvPackage, null:com.lagradost.cloudstream3.actions.temp.NextPlayerPackage, null:com.lagradost.cloudstream3.actions.temp.JustPlayerPackage, null:com.lagradost.cloudstream3.actions.temp.fcast.FcastAction, null:com.lagradost.cloudstream3.actions.temp.LibreTorrentPackage, null:com.lagradost.cloudstream3.actions.temp.BiglyBTPackage, null:com.lagradost.cloudstream3.actions.temp.VlcNightlyPackage, null:com.lagradost.cloudstream3.actions.temp.WebVideoCastPackage, null:com.lagradost.cloudstream3.actions.temp.MpvYTDLPackage, null:com.lagradost.cloudstream3.actions.temp.MpvKtPackage, null:com.lagradost.cloudstream3.actions.temp.MpvKtPreviewPackage, null:com.lagradost.cloudstream3.actions.AlwaysAskAction]
10-11 13:17:26.315  1320  1320 I IMM_LC  : hsifw() - flag : 0
10-11 13:17:26.315  1320  1320 I IMM_LC  : hsifw() - mService.hideSoftInput
10-11 13:17:26.317  1320  1370 I SYNCVM  : addFromUrl = https://tv6.egydead.live/%d9%85%d8%b4%d8%a7%d9%87%d8%af%d8%a9-%d9%81%d9%8a%d9%84%d9%85-pretty-crazy-2025-%d9%85%d8%aa%d8%b1%d8%ac%d9%85/
10-11 13:17:26.318  1320  1370 I SYNCUTIL: getIdsFromUrl https://tv6.egydead.live/%d9%85%d8%b4%d8%a7%d9%87%d8%af%d8%a9-%d9%81%d9%8a%d9%84%d9%85-pretty-crazy-2025-%d9%85%d8%aa%d8%b1%d8%ac%d9%85/
10-11 13:17:26.325  1320  1320 I SurfaceView@5e4efaf: onWindowVisibilityChanged(8) false android.view.SurfaceView{5e4efaf V.E..V... ......I. 0,0-0,0} of ViewRootImpl@bf68bc4[MainActivity]
10-11 13:17:26.326  1320  1320 D SurfaceView@5e4efaf: updateSurface: has no frame
10-11 13:17:26.326  1320  1320 D SurfaceView@5e4efaf: updateSurface: has no frame
10-11 13:17:26.326  1320  1320 I SurfaceView@5e4efaf: onDetachedFromWindow: tryReleaseSurfaces()
10-11 13:17:26.326  1320  1320 I SurfaceView@5e4efaf: releaseSurfaces: viewRoot = ViewRootImpl@bf68bc4[MainActivity]
10-11 13:17:26.326  1320  1320 I SurfaceView@5e4efaf: applyTransactionOnVriDraw: vri = ViewRootImpl@bf68bc4[MainActivity] fRS = true t = 0x7b0929b900 android.view.SurfaceView.releaseSurfaces:858 android.view.SurfaceView.onDetachedFromWindow:500 android.view.View.dispatchDetachedFromWindow:22538 
10-11 13:17:26.326  1320  1320 I SurfaceView@5e4efaf: applyTransactionOnVriDraw: viewRoot.applyTransactionOnDrawFromReleaseSurfaces
10-11 13:17:26.326  1320  1320 I ViewRootImpl@bf68bc4[MainActivity]: applyTransactionOnDraw: mRemoved = false isHardwareEnabled = true t = 0x7b0929b900android.view.ViewRootImpl.applyTransactionOnDrawFromReleaseSurfaces:12850 android.view.SurfaceView.applyTransactionOnVriDraw:2046 android.view.SurfaceView.releaseSurfaces:858 android.view.SurfaceView.onDetachedFromWindow:500 android.view.View.dispatchDetachedFromWindow:22538 
10-11 13:17:26.327  1320  1320 I SurfaceView@5e4efaf: onWindowVisibilityChanged(0) true android.view.SurfaceView{5e4efaf V.E..V... ......I. 0,0-0,0} of ViewRootImpl@bf68bc4[MainActivity]
10-11 13:17:26.328  1320  1320 D SurfaceView@5e4efaf: updateSurface: has no frame
10-11 13:17:26.334  1320  1320 I DecorView: notifyKeepScreenOnChanged: keepScreenOn=false
10-11 13:17:26.343  1320  1320 I CS3ExoPlayer: reloadPlayer
10-11 13:17:26.343  1320  1320 I CS3ExoPlayer: releasePlayer
10-11 13:17:26.343  1320  1320 I CS3ExoPlayer: Handle event: PlayerAttachedEvent(player=null, source=Player)
10-11 13:17:26.346  1320  1320 I ViewRootImpl@bf68bc4[MainActivity]: performTraversals params={(0,0)(fillxfill) sim={state=always_hidden adjust=resize} ty=BASE_APPLICATION wanim=0x1030309
10-11 13:17:26.346  1320  1320 I ViewRootImpl@bf68bc4[MainActivity]:   fl=85810100
10-11 13:17:26.346  1320  1320 I ViewRootImpl@bf68bc4[MainActivity]:   pfl=12020040
10-11 13:17:26.346  1320  1320 I ViewRootImpl@bf68bc4[MainActivity]:   vsysui=500
10-11 13:17:26.346  1320  1320 I ViewRootImpl@bf68bc4[MainActivity]:   bhv=DEFAULT
10-11 13:17:26.346  1320  1320 I ViewRootImpl@bf68bc4[MainActivity]:   fitSides= naviIconColor=0}
10-11 13:17:26.347  1320  1320 I ViewRootImpl@bf68bc4[MainActivity]: performTraversals mFirst=false windowShouldResize=false viewVisibilityChanged=false mForceNextWindowRelayout=false params={(0,0)(fillxfill) sim={state=always_hidden adjust=resize} ty=BASE_APPLICATION fmt=TRANSLUCENT wanim=0x1030309
10-11 13:17:26.347  1320  1320 I ViewRootImpl@bf68bc4[MainActivity]:   fl=85810100
10-11 13:17:26.347  1320  1320 I ViewRootImpl@bf68bc4[MainActivity]:   pfl=12020040
10-11 13:17:26.347  1320  1320 I ViewRootImpl@bf68bc4[MainActivity]:   vsysui=500
10-11 13:17:26.347  1320  1320 I ViewRootImpl@bf68bc4[MainActivity]:   bhv=DEFAULT
10-11 13:17:26.347  1320  1320 I ViewRootImpl@bf68bc4[MainActivity]:   fitSides= naviIconColor=0}
10-11 13:17:26.357  1320  1320 I ViewRootImpl@bf68bc4[MainActivity]: updateBlastSurfaceIfNeeded mBlastBufferQueue=0x7b43c01300 isSameSurfaceControl=true
10-11 13:17:26.357  1320  1320 I BLASTBufferQueue: update, w= 1080 h= 2400 mName = ViewRootImpl@bf68bc4[MainActivity] mNativeObject= 0x7b43c01300 sc.mNativeObject= 0x7af820b820 format= -3 caller= android.view.ViewRootImpl.updateBlastSurfaceIfNeeded:2898 android.view.ViewRootImpl.relayoutWindow:9847 android.view.ViewRootImpl.performTraversals:3884 android.view.ViewRootImpl.doTraversal:3116 android.view.ViewRootImpl$TraversalRunnable.run:10885 android.view.Choreographer$CallbackRecord.run:1301 
10-11 13:17:26.357  1320  1320 I ViewRootImpl@bf68bc4[MainActivity]: Relayout returned: old=(0,0,1080,2400) new=(0,0,1080,2400) req=(1080,2400)0 dur=10 res=0x0 s={true 0x7b5949f000} ch=false seqId=0
10-11 13:17:26.358  1320  1320 W View    : requestLayout() improperly called by android.widget.FrameLayout{1ad24be I.E..V... ......I. 0,0-0,0 #7f0a04e7 app:id/start_panel} during layout: running second layout pass
10-11 13:17:26.358  1320  1320 W View    : requestLayout() improperly called by android.widget.FrameLayout{deb91f I.E..V... ......ID 1080,0-1080,2143 #7f0a0168 app:id/end_panel} during layout: running second layout pass
10-11 13:17:26.359  1320  1320 D SurfaceView@5e4efaf: updateSurface: has no frame
10-11 13:17:26.364  1320  1396 I ViewRootImpl@bf68bc4[MainActivity]: mWNT: t=0x7b0929b900 mBlastBufferQueue=0x7b43c01300 fn= 625 caller= android.view.ViewRootImpl.lambda$applyTransactionOnDraw$11$android-view-ViewRootImpl:12865 android.view.ViewRootImpl$$ExternalSyntheticLambda1.onFrameDraw:4 android.graphics.HardwareRenderer$FrameDrawingCallback.onFrameDraw:924 
10-11 13:17:26.366  1320  1320 D SurfaceView@5e4efaf: updateSurface: has no frame
10-11 13:17:26.384  1320  1320 D SurfaceView@5e4efaf: updateSurface: has no frame
10-11 13:17:26.406  1320  1320 D SurfaceView@5e4efaf: updateSurface: has no frame
10-11 13:17:26.428  1320  1320 D SurfaceView@5e4efaf: updateSurface: has no frame
10-11 13:17:26.442  1320  1320 D SurfaceView@5e4efaf: updateSurface: has no frame
10-11 13:17:26.458  1320  1320 D SurfaceView@5e4efaf: updateSurface: has no frame
10-11 13:17:26.475  1320  1320 D SurfaceView@5e4efaf: updateSurface: has no frame
10-11 13:17:26.492  1320  1320 D SurfaceView@5e4efaf: updateSurface: has no frame
10-11 13:17:26.515  1320  1320 D SurfaceView@5e4efaf: updateSurface: has no frame
10-11 13:17:26.525  1320  1320 D SurfaceView@5e4efaf: updateSurface: has no frame
10-11 13:17:26.542  1320  1320 D SurfaceView@5e4efaf: updateSurface: has no frame
10-11 13:17:26.558  1320  1320 D SurfaceView@5e4efaf: updateSurface: has no frame
10-11 13:17:26.575  1320  1320 D SurfaceView@5e4efaf: updateSurface: has no frame
10-11 13:17:26.592  1320  1320 D SurfaceView@5e4efaf: updateSurface: has no frame
10-11 13:17:26.608  1320  1320 D SurfaceView@5e4efaf: updateSurface: has no frame
10-11 13:17:26.626  1320  1320 D SurfaceView@5e4efaf: updateSurface: has no frame
10-11 13:17:26.642  1320  1320 D SurfaceView@5e4efaf: updateSurface: has no frame
10-11 13:17:26.660  1320  1320 D SurfaceView@5e4efaf: updateSurface: has no frame
10-11 13:17:26.663  1320  1375 I RVM2    : applyMeta
10-11 13:17:26.675  1320  1320 D SurfaceView@5e4efaf: updateSurface: has no frame
10-11 13:17:26.692  1320  1320 D SurfaceView@5e4efaf: updateSurface: has no frame
10-11 13:17:26.708  1320  1320 D SurfaceView@5e4efaf: updateSurface: has no frame
10-11 13:17:26.725  1320  1320 D SurfaceView@5e4efaf: updateSurface: has no frame
10-11 13:17:26.742  1320  1320 D SurfaceView@5e4efaf: updateSurface: has no frame
10-11 13:17:26.756  1320  1320 W PanelsChildGestureRegionObserver: failed to register view with ID 2131362800. already registered
10-11 13:17:26.758  1320  1320 E CoilImgLoader: Error loading image: coil3.request.NullRequestDataException: The request's data is null.
10-11 13:17:26.758  1320  1320 E CoilImgLoader: Error loading image: coil3.request.NullRequestDataException: The request's data is null.
10-11 13:17:26.804  1320  1375 I SYNCVM  : addFromUrl = https://tv6.egydead.live/%d9%85%d8%b4%d8%a7%d9%87%d8%af%d8%a9-%d9%81%d9%8a%d9%84%d9%85-pretty-crazy-2025-%d9%85%d8%aa%d8%b1%d8%ac%d9%85/
10-11 13:17:26.804  1320  1375 I SYNCUTIL: getIdsFromUrl https://tv6.egydead.live/%d9%85%d8%b4%d8%a7%d9%87%d8%af%d8%a9-%d9%81%d9%8a%d9%84%d9%85-pretty-crazy-2025-%d9%85%d8%aa%d8%b1%d8%ac%d9%85/
10-11 13:17:26.820  1320  1327 I st.cloudstream3: Background concurrent copying GC freed 9716KB AllocSpace bytes, 73(4892KB) LOS objects, 50% free, 23MB/46MB, paused 349us,127us total 195.178ms
10-11 13:17:26.821  1320  1320 D SurfaceView@5e4efaf: updateSurface: has no frame
10-11 13:17:26.822  1320  1320 I SurfaceView@5e4efaf: Changes: creating=true format=true size=true visible=true alpha=false hint=false mUseAlpha=false visible=true left=true top=true
10-11 13:17:26.825  1320  1320 I BLASTBufferQueue: update, w= 1080 h= 525 mName = null mNativeObject= 0x7bdd4b8f00 sc.mNativeObject= 0x7bed81c4e0 format= 4 caller= android.view.SurfaceView.createBlastSurfaceControls:1383 android.view.SurfaceView.updateSurface:1079 android.view.SurfaceView.lambda$new$0$android-view-SurfaceView:200 android.view.SurfaceView$$ExternalSyntheticLambda5.onPreDraw:2 android.view.ViewTreeObserver.dispatchOnPreDraw:1121 android.view.ViewRootImpl.performTraversals:4442 
10-11 13:17:26.825  1320  1320 I SurfaceView@5e4efaf: 98889647 Cur surface: Surface(name=null)/@0x1b4af2e
10-11 13:17:26.825  1320  1320 I SurfaceView@5e4efaf: pST: sr = Rect(0, 218 - 1080, 743) sw = 1080 sh = 525
10-11 13:17:26.825  1320  1320 D SurfaceView@5e4efaf: performSurfaceTransaction RenderWorker position = [0, 218, 1080, 743] surfaceSize = 1080x525
10-11 13:17:26.825  1320  1320 I SurfaceView@5e4efaf: applyTransactionOnVriDraw: vri = ViewRootImpl@bf68bc4[MainActivity] fRS = false t = 0x7bdd46bb00 android.view.SurfaceView.performSurfaceTransaction:959 android.view.SurfaceView.updateSurface:1105 android.view.SurfaceView.lambda$new$0$android-view-SurfaceView:200 
10-11 13:17:26.825  1320  1320 I ViewRootImpl@bf68bc4[MainActivity]: applyTransactionOnDraw: mRemoved = false isHardwareEnabled = true t = 0x7bdd46bb00android.view.SurfaceView.applyTransactionOnVriDraw:2048 android.view.SurfaceView.performSurfaceTransaction:959 android.view.SurfaceView.updateSurface:1105 android.view.SurfaceView.lambda$new$0$android-view-SurfaceView:200 android.view.SurfaceView$$ExternalSyntheticLambda5.onPreDraw:2 
10-11 13:17:26.825  1320  1320 I SurfaceView@5e4efaf: updateSurface: mVisible = true mSurface.isValid() = true
10-11 13:17:26.825  1320  1320 I SurfaceView@5e4efaf: updateSurface: mSurfaceCreated = false surfaceChanged = true visibleChanged = true
10-11 13:17:26.825  1320  1320 I SurfaceView@5e4efaf: visibleChanged -- surfaceCreated
10-11 13:17:26.825  1320  1320 I SurfaceView@5e4efaf: surfaceCreated 0 #8 android.view.SurfaceView{5e4efaf V.E..V... ......ID 0,0-1080,525}
10-11 13:17:26.826  1320  1320 I SurfaceView@5e4efaf: surfaceChanged -- format=4 w=1080 h=525
10-11 13:17:26.826  1320  1320 I SurfaceView@5e4efaf: surfaceChanged (1080,525) 0 #8 android.view.SurfaceView{5e4efaf V.E..V... ......ID 0,0-1080,525}
10-11 13:17:26.826  1320  1320 I SurfaceView@5e4efaf: surfaceRedrawNeeded
10-11 13:17:26.826  1320  1320 V SurfaceView@5e4efaf: Layout: x=0 y=218 w=1080 h=525, frame=Rect(0, 0 - 1080, 525)
10-11 13:17:26.833  1320  1395 D SurfaceView@5e4efaf: updateSurfacePosition RenderWorker, frameNr = 649, position = [0, 218, 1080, 743] surfaceSize = 1080x525
10-11 13:17:26.833  1320  1395 I SurfaceView@5e4efaf: uSP: rtp = Rect(0, 218 - 1080, 743) rtsw = 1080 rtsh = 525
10-11 13:17:26.833  1320  1395 I SurfaceView@5e4efaf: onSSPAndSRT: pl = 0 pt = 218 sx = 1.0 sy = 1.0
10-11 13:17:26.834  1320  1395 I SurfaceView@5e4efaf: aOrMT: ViewRootImpl@bf68bc4[MainActivity] t = android.view.SurfaceControl$Transaction@ceb44eb fN = 649 android.view.SurfaceView.-$$Nest$mapplyOrMergeTransaction:0 android.view.SurfaceView$SurfaceViewPositionUpdateListener.positionChanged:1537 android.graphics.RenderNode$CompositePositionUpdateListener.positionChanged:373 
10-11 13:17:26.834  1320  1395 I ViewRootImpl@bf68bc4[MainActivity]: mWNT: t=0x7bdd46bf00 mBlastBufferQueue=0x7b43c01300 fn= 649 caller= android.view.SurfaceView.applyOrMergeTransaction:1455 android.view.SurfaceView.-$$Nest$mapplyOrMergeTransaction:0 android.view.SurfaceView$SurfaceViewPositionUpdateListener.positionChanged:1537 
10-11 13:17:26.834  1320  1395 I ViewRootImpl@bf68bc4[MainActivity]: mWNT: t=0x7bdd46bb00 mBlastBufferQueue=0x7b43c01300 fn= 649 caller= android.view.ViewRootImpl.lambda$applyTransactionOnDraw$11$android-view-ViewRootImpl:12865 android.view.ViewRootImpl$$ExternalSyntheticLambda1.onFrameDraw:4 android.graphics.HardwareRenderer$FrameDrawingCallback.onFrameDraw:924 
10-11 13:17:26.860  1320  1320 I SurfaceView@5e4efaf: finishedDrawing
10-11 13:17:27.672  1320  1320 I ViewRootImpl@bf68bc4[MainActivity]: ViewPostIme pointer 0
10-11 13:17:28.210  1320  1320 I Dialog  : mIsDeviceDefault = false, mIsSamsungBasicInteraction = false, isMetaDataInActivity = false
10-11 13:17:28.249  1320  1320 I DecorView: [INFO] isPopOver=false config=false
10-11 13:17:28.249  1320  1320 I DecorView: updateCaptionType: isFloating=false isApplication=true hasWindowDecorCaption=false this=DecorView@22b5c8e[]
10-11 13:17:28.249  1320  1320 D DecorView: setCaptionType = 0, this = DecorView@22b5c8e[]
10-11 13:17:28.252  1320  1320 I DecorView: getCurrentDensityDpi: from app context. densityDpi=420 msg=resources_loaded
10-11 13:17:28.252  1320  1320 I DecorView: setWindowBackground: isPopOver=false color=0 d=android.graphics.drawable.ColorDrawable@b2e78bc
10-11 13:17:28.263  1320  1342 D NativeCustomFrequencyManager: [NativeCFMS] BpCustomFrequencyManager::BpCustomFrequencyManager()
10-11 13:17:28.264  1320  1320 I DecorView: notifyKeepScreenOnChanged: keepScreenOn=false
10-11 13:17:28.280  1320  1320 D InsetsController: onStateChanged: InsetsState: {mDisplayFrame=Rect(0, 0 - 1080, 2400), mDisplayCutout=DisplayCutout{insets=Rect(0, 88 - 0, 0) waterfall=Insets{left=0, top=0, right=0, bottom=0} boundingRect={Bounds=[Rect(0, 0 - 0, 0), Rect(512, 0 - 568, 88), Rect(0, 0 - 0, 0), Rect(0, 0 - 0, 0)]} cutoutPathParserInfo={CutoutPathParserInfo{displayWidth=1080 displayHeight=2400 physicalDisplayWidth=1080 physicalDisplayHeight=2400 density={2.625} cutoutSpec={M 0,0 M 0,12.25101276465640 a 10.60613009248640,10.60613009248640 0 1,0 0,21.21226018497290 a 10.60613009248640,10.60613009248640 0 1,0 0,-21.21226018497290 Z @dp} rotation={0} scale={1.0} physicalPixelDisplaySizeRatio={1.0}}}}, mRoundedCorners=RoundedCorners{[RoundedCorner{position=TopLeft, radius=84, center=Point(84, 84)}, RoundedCorner{position=TopRight, radius=84, center=Point(996, 84)}, RoundedCorner{position=BottomRight, radius=84, center=Point(996, 2316)}, RoundedCorner{position=BottomLeft, radius=84, center=Point(84, 2316)}]}  mRoundedCornerFrame=Rect(0, 0 - 1080, 2400), mPrivacyIndicatorBounds=PrivacyIndicatorBounds {static bounds=Rect(964, 0 - 1080, 87) rotation=0}, mSources= { InsetsSource: {mType=ITYPE_STATUS_BAR, mFrame=[0,0][1080,88], mVisible=true, mInsetsRoundedCornerFrame=false}, InsetsSource: {mType=ITYPE_NAVIGATION_BAR, mFrame=[0,2361][1080,2400], mVisible=true, mInsetsRoundedCornerFrame=false}, InsetsSource: {mType=ITYPE_LEFT_GESTURES, mFrame=[0,0][130,2400], mVisible=true, mInsetsRoundedCornerFrame=false}, InsetsSource: {mType=ITYPE_RIGHT_GESTURES, mFrame=[950,0][1080,2400], mVisible=true, mInsetsRoundedCornerFrame=false}, InsetsSource: {mType=ITYPE_TOP_MANDATORY_GESTURES, mFrame=[0,0][1080,120], mVisible=true, mInsetsRoundedCornerFrame=false}, InsetsSource: {mType=ITYPE_BOTTOM_MANDATORY_GESTURES, mFrame=[0,2316][1080,2400], mVisible=true, mInsetsRoundedCornerFrame=false}, InsetsSource: {mType=ITYPE_LEFT_DISPLAY_CUTOUT, mFrame=[0,0][-100000,2400], mVisible=true, mInsetsRoundedCornerFrame=false}, InsetsSource: {mType=ITYPE_TOP_DISPLAY_CUTOUT, mFrame=[0,0][1080,88], mVisible=true, mInsetsRoundedCornerFrame=false}, InsetsSource: {mType=ITYPE_RIGHT_DISPLAY_CUTOUT, mFrame=[100000,0][1080,2400], mVisible=true, mInsetsRoundedCornerFrame=false}, InsetsSource: {mType=ITYPE_BOTTOM_DISPLAY_CUTOUT, mFrame=[0,100000][1080,2400], mVisible=true, mInsetsRoundedCornerFrame=false}, InsetsSource: {mType=ITYPE_TOP_TAPPABLE_ELEMENT, mFrame=[0,0][1080,88], mVisible=true, mInsetsRoundedCornerFrame=false}, InsetsSource: {mType=ITYPE_BOTTOM_TAPPABLE_ELEMENT, mFrame=[0,0][0,0], mVisible=true, mInsetsRoundedCornerFrame=false}, InsetsSource: {mType=ITYPE_IME, mFrame=[0,0][0,0], mVisibleFrame=[0,1409][1080,2400], mVisible=false, mInsetsRoundedCornerFrame=false} } host=com.lagradost.cloudstream3/com.lagradost.cloudstream3.MainActivity from=android.view.ViewRootImpl.setView:1732
10-11 13:17:28.282  1320  1320 I ViewRootImpl@561d2fd[MainActivity]: setView = com.android.internal.policy.DecorView@22b5c8e TM=true
10-11 13:17:28.302  1320  1320 I ViewRootImpl@561d2fd[MainActivity]: performTraversals params={(0,0)(fillxfill) gr=CENTER sim={adjust=resize forwardNavigation} ty=APPLICATION fmt=TRANSPARENT wanim=0x7f14000b
10-11 13:17:28.302  1320  1320 I ViewRootImpl@561d2fd[MainActivity]:   fl=85810100
10-11 13:17:28.302  1320  1320 I ViewRootImpl@561d2fd[MainActivity]:   pfl=12020040
10-11 13:17:28.302  1320  1320 I ViewRootImpl@561d2fd[MainActivity]:   vsysui=500
10-11 13:17:28.302  1320  1320 I ViewRootImpl@561d2fd[MainActivity]:   bhv=DEFAULT
10-11 13:17:28.302  1320  1320 I ViewRootImpl@561d2fd[MainActivity]:   fitSides= naviIconColor=0}
10-11 13:17:28.303  1320  1320 I ViewRootImpl@561d2fd[MainActivity]: performTraversals mFirst=true windowShouldResize=true viewVisibilityChanged=false mForceNextWindowRelayout=false params={(0,0)(fillxfill) gr=CENTER sim={adjust=resize forwardNavigation} ty=APPLICATION fmt=TRANSPARENT wanim=0x7f14000b
10-11 13:17:28.303  1320  1320 I ViewRootImpl@561d2fd[MainActivity]:   fl=85810100
10-11 13:17:28.303  1320  1320 I ViewRootImpl@561d2fd[MainActivity]:   pfl=12020040
10-11 13:17:28.303  1320  1320 I ViewRootImpl@561d2fd[MainActivity]:   vsysui=500
10-11 13:17:28.303  1320  1320 I ViewRootImpl@561d2fd[MainActivity]:   bhv=DEFAULT
10-11 13:17:28.303  1320  1320 I ViewRootImpl@561d2fd[MainActivity]:   fitSides= naviIconColor=0}
10-11 13:17:28.315  1320  1320 I ViewRootImpl@561d2fd[MainActivity]: updateBlastSurfaceIfNeeded mBlastBufferQueue=null isSameSurfaceControl=false
10-11 13:17:28.316  1320  1320 I BLASTBufferQueue: new BLASTBufferQueue, mName= ViewRootImpl@561d2fd[MainActivity] mNativeObject= 0x7bdd4b9800 sc.mNativeObject= 0x7bdd547be0 caller= android.view.ViewRootImpl.updateBlastSurfaceIfNeeded:2909 android.view.ViewRootImpl.relayoutWindow:9847 android.view.ViewRootImpl.performTraversals:3884 android.view.ViewRootImpl.doTraversal:3116 android.view.ViewRootImpl$TraversalRunnable.run:10885 android.view.Choreographer$CallbackRecord.run:1301 android.view.Choreographer$CallbackRecord.run:1309 android.view.Choreographer.doCallbacks:923 android.view.Choreographer.doFrame:852 android.view.Choreographer$FrameDisplayEventReceiver.run:1283 
10-11 13:17:28.316  1320  1320 I BLASTBufferQueue: update, w= 1080 h= 2400 mName = ViewRootImpl@561d2fd[MainActivity] mNativeObject= 0x7bdd4b9800 sc.mNativeObject= 0x7bdd547be0 format= -2 caller= android.graphics.BLASTBufferQueue.<init>:84 android.view.ViewRootImpl.updateBlastSurfaceIfNeeded:2909 android.view.ViewRootImpl.relayoutWindow:9847 android.view.ViewRootImpl.performTraversals:3884 android.view.ViewRootImpl.doTraversal:3116 android.view.ViewRootImpl$TraversalRunnable.run:10885 
10-11 13:17:28.317  1320  1320 I ViewRootImpl@561d2fd[MainActivity]: Relayout returned: old=(0,0,1080,2400) new=(0,0,1080,2400) req=(1080,2400)0 dur=12 res=0x3 s={true 0x7bdd34f800} ch=true seqId=0
10-11 13:17:28.318  1320  1320 I ViewRootImpl@561d2fd[MainActivity]: mThreadedRenderer.initialize() mSurface={isValid=true 0x7bdd34f800} hwInitialized=true
10-11 13:17:28.318  1320  1342 D OpenGLRenderer: eglCreateWindowSurface
10-11 13:17:28.339  1320  1320 D AbsListView:  in onLayout changed 
10-11 13:17:28.341  1320  1320 I ViewRootImpl@561d2fd[MainActivity]: reportNextDraw android.view.ViewRootImpl.performTraversals:4438 android.view.ViewRootImpl.doTraversal:3116 android.view.ViewRootImpl$TraversalRunnable.run:10885 android.view.Choreographer$CallbackRecord.run:1301 android.view.Choreographer$CallbackRecord.run:1309 
10-11 13:17:28.341  1320  1320 I ViewRootImpl@561d2fd[MainActivity]: Setup new sync id=0
10-11 13:17:28.341  1320  1320 I ViewRootImpl@561d2fd[MainActivity]: Setting syncFrameCallback
10-11 13:17:28.341  1320  1320 I ViewRootImpl@561d2fd[MainActivity]: registerCallbacksForSync syncBuffer=false
10-11 13:17:28.345  1320  1396 I ViewRootImpl@561d2fd[MainActivity]: Received frameDrawingCallback syncResult=0 frameNum=1.
10-11 13:17:28.345  1320  1396 I ViewRootImpl@561d2fd[MainActivity]: Setting up sync and frameCommitCallback
10-11 13:17:28.351  1320  1342 I BLASTBufferQueue: [ViewRootImpl@561d2fd[MainActivity]#4](f:0,a:0) onFrameAvailable the first frame is available
10-11 13:17:28.352  1320  1342 I ViewRootImpl@561d2fd[MainActivity]: Received frameCommittedCallback lastAttemptedDrawFrameNum=1 didProduceBuffer=true
10-11 13:17:28.354  1320  1342 D OpenGLRenderer: CFMS:: SetUp Pid : 1320    Tid : 1342
10-11 13:17:28.359  1320  1320 I ViewRootImpl@561d2fd[MainActivity]: onSyncComplete
10-11 13:17:28.360  1320  1320 I ViewRootImpl@561d2fd[MainActivity]: setupSync seqId=0 mSyncId=0 fn=1 caller=android.view.ViewRootImpl$$ExternalSyntheticLambda11.accept:6 android.window.SurfaceSyncer.lambda$setupSync$1$android-window-SurfaceSyncer:128 android.window.SurfaceSyncer$$ExternalSyntheticLambda1.accept:8 android.window.SurfaceSyncer$SyncSet.checkIfSyncIsComplete:382 android.window.SurfaceSyncer$SyncSet.markSyncReady:359 android.window.SurfaceSyncer.markSyncReady:151 android.view.ViewRootImpl.performTraversals:4503 
10-11 13:17:28.360  1320  1320 I ViewRootImpl@561d2fd[MainActivity]: reportDrawFinished seqId=0 mSyncId=-1 fn=1 mSurfaceChangedTransaction=0x7bdd54e000
10-11 13:17:28.372  1320  1320 I ViewRootImpl@bf68bc4[MainActivity]: MSG_WINDOW_FOCUS_CHANGED 0 0
10-11 13:17:28.427  1320  1320 I ViewRootImpl@561d2fd[MainActivity]: MSG_WINDOW_FOCUS_CHANGED 1 0
10-11 13:17:28.427  1320  1320 I ViewRootImpl@561d2fd[MainActivity]: mThreadedRenderer.initializeIfNeeded()#2 mSurface={isValid=true 0x7bdd34f800}
10-11 13:17:28.428  1320  1320 D InputMethodManager: startInputInner - Id : 0
10-11 13:17:28.428  1320  1320 I InputMethodManager: startInputInner - mService.startInputOrWindowGainedFocus
10-11 13:17:28.484  1320  1320 I ViewRootImpl@bf68bc4[MainActivity]: ViewPostIme pointer 1
10-11 13:17:29.385  1320  1320 I ViewRootImpl@561d2fd[MainActivity]: ViewPostIme pointer 0
10-11 13:17:29.451  1320  1320 I ViewRootImpl@561d2fd[MainActivity]: ViewPostIme pointer 1
10-11 13:17:29.452  1320  1320 D AbsListView: onTouchUp() mTouchMode : 0
10-11 13:17:29.529  1320  1320 I MSHandlerLifeCycle: removeMultiSplitHandler: no exist. decor=DecorView@22b5c8e[MainActivity]
10-11 13:17:29.532  1320  1471 D EgyDead : Loading links for URL: https://tv6.egydead.live/%d9%85%d8%b4%d8%a7%d9%87%d8%af%d8%a9-%d9%81%d9%8a%d9%84%d9%85-pretty-crazy-2025-%d9%85%d8%aa%d8%b1%d8%ac%d9%85/
10-11 13:17:29.532  1320  1342 D OpenGLRenderer: setSurface called with nullptr
10-11 13:17:29.533  1320  1342 D OpenGLRenderer: setSurface() destroyed EGLSurface
10-11 13:17:29.533  1320  1342 D OpenGLRenderer: destroyEglSurface
10-11 13:17:29.535  1320  1342 D OpenGLRenderer: endAllActiveAnimators on 0x7b2a980500 (MaterialTextView) with handle 0x7bda975bc0
10-11 13:17:29.535  1320  1320 I ViewRootImpl@561d2fd[MainActivity]: dispatchDetachedFromWindow
10-11 13:17:29.558  1320  1320 D InputTransport: Input channel destroyed: '841ea84', fd=119
10-11 13:17:29.562  1320  1320 I Dialog  : mIsDeviceDefault = false, mIsSamsungBasicInteraction = false, isMetaDataInActivity = false
10-11 13:17:29.657  1320  1320 I DecorView: [INFO] isPopOver=false config=false
10-11 13:17:29.657  1320  1320 I DecorView: updateCaptionType: isFloating=false isApplication=true hasWindowDecorCaption=false this=DecorView@a4b7c18[]
10-11 13:17:29.657  1320  1320 D DecorView: setCaptionType = 0, this = DecorView@a4b7c18[]
10-11 13:17:29.659  1320  1320 I DecorView: getCurrentDensityDpi: from app context. densityDpi=420 msg=resources_loaded
10-11 13:17:29.659  1320  1320 I DecorView: setWindowBackground: isPopOver=false color=0 d=android.graphics.drawable.ColorDrawable@ca86c56
10-11 13:17:29.665  1320  1342 D NativeCustomFrequencyManager: [NativeCFMS] BpCustomFrequencyManager::BpCustomFrequencyManager()
10-11 13:17:29.666  1320  1320 I DecorView: notifyKeepScreenOnChanged: keepScreenOn=false
