10-11 13:17:42.949  1320  1320 I ViewRootImpl@bf68bc4[MainActivity]:   fl=85810100
10-11 13:17:42.949  1320  1320 I ViewRootImpl@bf68bc4[MainActivity]:   pfl=12020040
10-11 13:17:42.949  1320  1320 I ViewRootImpl@bf68bc4[MainActivity]:   vsysui=500
10-11 13:17:42.949  1320  1320 I ViewRootImpl@bf68bc4[MainActivity]:   bhv=DEFAULT
10-11 13:17:42.949  1320  1320 I ViewRootImpl@bf68bc4[MainActivity]:   fitSides= naviIconColor=0}
10-11 13:17:42.949  1320  1320 I ViewRootImpl@bf68bc4[MainActivity]: performTraversals mFirst=false windowShouldResize=false viewVisibilityChanged=false mForceNextWindowRelayout=false params={(0,0)(fillxfill) sim={state=always_hidden adjust=resize} ty=BASE_APPLICATION fmt=TRANSLUCENT wanim=0x1030309
10-11 13:17:42.949  1320  1320 I ViewRootImpl@bf68bc4[MainActivity]:   fl=85810100
10-11 13:17:42.949  1320  1320 I ViewRootImpl@bf68bc4[MainActivity]:   pfl=12020040
10-11 13:17:42.949  1320  1320 I ViewRootImpl@bf68bc4[MainActivity]:   vsysui=500
10-11 13:17:42.949  1320  1320 I ViewRootImpl@bf68bc4[MainActivity]:   bhv=DEFAULT
10-11 13:17:42.949  1320  1320 I ViewRootImpl@bf68bc4[MainActivity]:   fitSides= naviIconColor=0}
10-11 13:17:42.957  1320  1320 I ViewRootImpl@bf68bc4[MainActivity]: updateBlastSurfaceIfNeeded mBlastBufferQueue=0x7b43c01300 isSameSurfaceControl=true
10-11 13:17:42.958  1320  1320 I BLASTBufferQueue: update, w= 1080 h= 2400 mName = ViewRootImpl@bf68bc4[MainActivity] mNativeObject= 0x7b43c01300 sc.mNativeObject= 0x7b08cb53c0 format= -3 caller= android.view.ViewRootImpl.updateBlastSurfaceIfNeeded:2898 android.view.ViewRootImpl.relayoutWindow:9847 android.view.ViewRootImpl.performTraversals:3884 android.view.ViewRootImpl.doTraversal:3116 android.view.ViewRootImpl$TraversalRunnable.run:10885 android.view.Choreographer$CallbackRecord.run:1301 
10-11 13:17:42.958  1320  1320 I ViewRootImpl@bf68bc4[MainActivity]: Relayout returned: old=(0,0,1080,2400) new=(0,0,1080,2400) req=(1080,2400)0 dur=8 res=0x0 s={true 0x7b5949f000} ch=false seqId=0
10-11 13:17:42.958  1320  1320 I ViewRootImpl@bf68bc4[MainActivity]: updateBoundsLayer: t = android.view.SurfaceControl$Transaction@6c6f78a sc = Surface(name=Bounds for - com.lagradost.cloudstream3/com.lagradost.cloudstream3.MainActivity@0)/@0xdfa1fb frame = 823
10-11 13:17:42.958  1320  1320 I ViewRootImpl@bf68bc4[MainActivity]: mWNT: t=0x7b59618400 mBlastBufferQueue=0x7b43c01300 fn= 823 caller= android.view.ViewRootImpl.prepareSurfaces:2985 android.view.ViewRootImpl.performTraversals:4233 android.view.ViewRootImpl.doTraversal:3116 
10-11 13:17:42.960  1320  1320 W View    : requestLayout() improperly called by android.widget.FrameLayout{d0ca00f I.E..V... ......I. 0,0-0,0 #7f0a04e7 app:id/start_panel} during layout: running second layout pass
10-11 13:17:42.960  1320  1320 W View    : requestLayout() improperly called by android.widget.FrameLayout{1bee89c I.E..V... ......ID 1080,0-1080,2143 #7f0a0168 app:id/end_panel} during layout: running second layout pass
10-11 13:17:42.961  1320  1320 D SurfaceView@cbb9503: updateSurface: has no frame
10-11 13:17:42.967  1320  1395 I ViewRootImpl@bf68bc4[MainActivity]: mWNT: t=0x7b2ac29300 mBlastBufferQueue=0x7b43c01300 fn= 823 caller= android.view.ViewRootImpl.lambda$applyTransactionOnDraw$11$android-view-ViewRootImpl:12865 android.view.ViewRootImpl$$ExternalSyntheticLambda1.onFrameDraw:4 android.graphics.HardwareRenderer$FrameDrawingCallback.onFrameDraw:924 
10-11 13:17:42.968  1320  1320 E CoilImgLoader: Error loading image: coil3.request.NullRequestDataException: The request's data is null.
10-11 13:17:42.969  1320  1320 E CoilImgLoader: Error loading image: coil3.request.NullRequestDataException: The request's data is null.
10-11 13:17:42.980  1320  1366 I SYNCVM  : addFromUrl = https://tv6.egydead.live/%d9%85%d8%b4%d8%a7%d9%87%d8%af%d8%a9-%d9%81%d9%8a%d9%84%d9%85-omniscient-reader-the-prophecy-2025-%d9%85%d8%aa%d8%b1%d8%ac%d9%85/
10-11 13:17:42.980  1320  1366 I SYNCUTIL: getIdsFromUrl https://tv6.egydead.live/%d9%85%d8%b4%d8%a7%d9%87%d8%af%d8%a9-%d9%81%d9%8a%d9%84%d9%85-omniscient-reader-the-prophecy-2025-%d9%85%d8%aa%d8%b1%d8%ac%d9%85/
10-11 13:17:42.987  1320  1320 D SurfaceView@cbb9503: updateSurface: has no frame
10-11 13:17:42.988  1320  1320 I SurfaceView@cbb9503: Changes: creating=true format=true size=true visible=true alpha=false hint=false mUseAlpha=false visible=true left=true top=true
10-11 13:17:42.990  1320  1320 I BLASTBufferQueue: update, w= 1080 h= 525 mName = null mNativeObject= 0x7bed8b1a00 sc.mNativeObject= 0x7b08d21220 format= 4 caller= android.view.SurfaceView.createBlastSurfaceControls:1383 android.view.SurfaceView.updateSurface:1079 android.view.SurfaceView.lambda$new$0$android-view-SurfaceView:200 android.view.SurfaceView$$ExternalSyntheticLambda5.onPreDraw:2 android.view.ViewTreeObserver.dispatchOnPreDraw:1121 android.view.ViewRootImpl.performTraversals:4442 
10-11 13:17:42.990  1320  1320 I SurfaceView@cbb9503: 213619971 Cur surface: Surface(name=null)/@0xf2af6b7
10-11 13:17:42.990  1320  1320 I SurfaceView@cbb9503: pST: sr = Rect(0, 218 - 1080, 743) sw = 1080 sh = 525
10-11 13:17:42.990  1320  1320 D SurfaceView@cbb9503: performSurfaceTransaction RenderWorker position = [0, 218, 1080, 743] surfaceSize = 1080x525
10-11 13:17:42.990  1320  1320 I SurfaceView@cbb9503: applyTransactionOnVriDraw: vri = ViewRootImpl@bf68bc4[MainActivity] fRS = false t = 0x7b2ac29700 android.view.SurfaceView.performSurfaceTransaction:959 android.view.SurfaceView.updateSurface:1105 android.view.SurfaceView.lambda$new$0$android-view-SurfaceView:200 
10-11 13:17:42.990  1320  1320 I ViewRootImpl@bf68bc4[MainActivity]: applyTransactionOnDraw: mRemoved = false isHardwareEnabled = true t = 0x7b2ac29700android.view.SurfaceView.applyTransactionOnVriDraw:2048 android.view.SurfaceView.performSurfaceTransaction:959 android.view.SurfaceView.updateSurface:1105 android.view.SurfaceView.lambda$new$0$android-view-SurfaceView:200 android.view.SurfaceView$$ExternalSyntheticLambda5.onPreDraw:2 
10-11 13:17:42.990  1320  1320 I SurfaceView@cbb9503: updateSurface: mVisible = true mSurface.isValid() = true
10-11 13:17:42.991  1320  1320 I SurfaceView@cbb9503: updateSurface: mSurfaceCreated = false surfaceChanged = true visibleChanged = true
10-11 13:17:42.991  1320  1320 I SurfaceView@cbb9503: visibleChanged -- surfaceCreated
10-11 13:17:42.991  1320  1320 I SurfaceView@cbb9503: surfaceCreated 0 #8 android.view.SurfaceView{cbb9503 V.E..V... ......ID 0,0-1080,525}
10-11 13:17:42.991  1320  1320 I SurfaceView@cbb9503: surfaceChanged -- format=4 w=1080 h=525
10-11 13:17:42.991  1320  1320 I SurfaceView@cbb9503: surfaceChanged (1080,525) 0 #8 android.view.SurfaceView{cbb9503 V.E..V... ......ID 0,0-1080,525}
10-11 13:17:42.991  1320  1320 I SurfaceView@cbb9503: surfaceRedrawNeeded
10-11 13:17:42.991  1320  1320 V SurfaceView@cbb9503: Layout: x=0 y=218 w=1080 h=525, frame=Rect(0, 0 - 1080, 525)
10-11 13:17:43.000  1320  1396 D SurfaceView@cbb9503: updateSurfacePosition RenderWorker, frameNr = 824, position = [54, 314, 1026, 787] surfaceSize = 1080x525
10-11 13:17:43.000  1320  1396 I SurfaceView@cbb9503: uSP: rtp = Rect(54, 314 - 1026, 787) rtsw = 1080 rtsh = 525
10-11 13:17:43.000  1320  1396 I SurfaceView@cbb9503: onSSPAndSRT: pl = 54 pt = 314 sx = 0.9 sy = 0.9009524
10-11 13:17:43.000  1320  1396 I SurfaceView@cbb9503: aOrMT: ViewRootImpl@bf68bc4[MainActivity] t = android.view.SurfaceControl$Transaction@4edfb42 fN = 824 android.view.SurfaceView.-$$Nest$mapplyOrMergeTransaction:0 android.view.SurfaceView$SurfaceViewPositionUpdateListener.positionChanged:1537 android.graphics.RenderNode$CompositePositionUpdateListener.positionChanged:373 
10-11 13:17:43.001  1320  1396 I ViewRootImpl@bf68bc4[MainActivity]: mWNT: t=0x7b2ac29900 mBlastBufferQueue=0x7b43c01300 fn= 824 caller= android.view.SurfaceView.applyOrMergeTransaction:1455 android.view.SurfaceView.-$$Nest$mapplyOrMergeTransaction:0 android.view.SurfaceView$SurfaceViewPositionUpdateListener.positionChanged:1537 
10-11 13:17:43.001  1320  1320 I SurfaceView@cbb9503: finishedDrawing
10-11 13:17:43.001  1320  1396 I ViewRootImpl@bf68bc4[MainActivity]: mWNT: t=0x7b2ac29700 mBlastBufferQueue=0x7b43c01300 fn= 824 caller= android.view.ViewRootImpl.lambda$applyTransactionOnDraw$11$android-view-ViewRootImpl:12865 android.view.ViewRootImpl$$ExternalSyntheticLambda1.onFrameDraw:4 android.graphics.HardwareRenderer$FrameDrawingCallback.onFrameDraw:924 
10-11 13:17:43.013  1320  1395 D SurfaceView@cbb9503: updateSurfacePosition RenderWorker, frameNr = 825, position = [48, 304, 1032, 783] surfaceSize = 1080x525
10-11 13:17:43.013  1320  1395 I SurfaceView@cbb9503: uSP: rtp = Rect(48, 304 - 1032, 783) rtsw = 1080 rtsh = 525
10-11 13:17:43.013  1320  1395 I SurfaceView@cbb9503: onSSPAndSRT: pl = 48 pt = 304 sx = 0.9111111 sy = 0.91238093
10-11 13:17:43.014  1320  1395 I SurfaceView@cbb9503: aOrMT: ViewRootImpl@bf68bc4[MainActivity] t = android.view.SurfaceControl$Transaction@4edfb42 fN = 825 android.view.SurfaceView.-$$Nest$mapplyOrMergeTransaction:0 android.view.SurfaceView$SurfaceViewPositionUpdateListener.positionChanged:1537 android.graphics.RenderNode$CompositePositionUpdateListener.positionChanged:373 
10-11 13:17:43.014  1320  1395 I ViewRootImpl@bf68bc4[MainActivity]: mWNT: t=0x7b2ac29900 mBlastBufferQueue=0x7b43c01300 fn= 825 caller= android.view.SurfaceView.applyOrMergeTransaction:1455 android.view.SurfaceView.-$$Nest$mapplyOrMergeTransaction:0 android.view.SurfaceView$SurfaceViewPositionUpdateListener.positionChanged:1537 
10-11 13:17:43.039  1320  1396 D SurfaceView@cbb9503: updateSurfacePosition RenderWorker, frameNr = 826, position = [41, 291, 1039, 777] surfaceSize = 1080x525
10-11 13:17:43.039  1320  1396 I SurfaceView@cbb9503: uSP: rtp = Rect(41, 291 - 1039, 777) rtsw = 1080 rtsh = 525
10-11 13:17:43.039  1320  1396 I SurfaceView@cbb9503: onSSPAndSRT: pl = 41 pt = 291 sx = 0.92407405 sy = 0.9257143
10-11 13:17:43.040  1320  1396 I SurfaceView@cbb9503: aOrMT: ViewRootImpl@bf68bc4[MainActivity] t = android.view.SurfaceControl$Transaction@4edfb42 fN = 826 android.view.SurfaceView.-$$Nest$mapplyOrMergeTransaction:0 android.view.SurfaceView$SurfaceViewPositionUpdateListener.positionChanged:1537 android.graphics.RenderNode$CompositePositionUpdateListener.positionChanged:373 
10-11 13:17:43.040  1320  1396 I ViewRootImpl@bf68bc4[MainActivity]: mWNT: t=0x7b2ac29900 mBlastBufferQueue=0x7b43c01300 fn= 826 caller= android.view.SurfaceView.applyOrMergeTransaction:1455 android.view.SurfaceView.-$$Nest$mapplyOrMergeTransaction:0 android.view.SurfaceView$SurfaceViewPositionUpdateListener.positionChanged:1537 
10-11 13:17:43.048  1320  1395 D SurfaceView@cbb9503: updateSurfacePosition RenderWorker, frameNr = 827, position = [33, 277, 1047, 770] surfaceSize = 1080x525
10-11 13:17:43.048  1320  1395 I SurfaceView@cbb9503: uSP: rtp = Rect(33, 277 - 1047, 770) rtsw = 1080 rtsh = 525
10-11 13:17:43.048  1320  1395 I SurfaceView@cbb9503: onSSPAndSRT: pl = 33 pt = 277 sx = 0.9388889 sy = 0.93904763
10-11 13:17:43.048  1320  1395 I SurfaceView@cbb9503: aOrMT: ViewRootImpl@bf68bc4[MainActivity] t = android.view.SurfaceControl$Transaction@4edfb42 fN = 827 android.view.SurfaceView.-$$Nest$mapplyOrMergeTransaction:0 android.view.SurfaceView$SurfaceViewPositionUpdateListener.positionChanged:1537 android.graphics.RenderNode$CompositePositionUpdateListener.positionChanged:373 
10-11 13:17:43.049  1320  1395 I ViewRootImpl@bf68bc4[MainActivity]: mWNT: t=0x7b2ac29900 mBlastBufferQueue=0x7b43c01300 fn= 827 caller= android.view.SurfaceView.applyOrMergeTransaction:1455 android.view.SurfaceView.-$$Nest$mapplyOrMergeTransaction:0 android.view.SurfaceView$SurfaceViewPositionUpdateListener.positionChanged:1537 
10-11 13:17:43.054  1320  1396 D SurfaceView@cbb9503: updateSurfacePosition RenderWorker, frameNr = 828, position = [23, 260, 1057, 763] surfaceSize = 1080x525
10-11 13:17:43.054  1320  1396 I SurfaceView@cbb9503: uSP: rtp = Rect(23, 260 - 1057, 763) rtsw = 1080 rtsh = 525
10-11 13:17:43.055  1320  1396 I SurfaceView@cbb9503: onSSPAndSRT: pl = 23 pt = 260 sx = 0.9574074 sy = 0.95809525
10-11 13:17:43.055  1320  1396 I SurfaceView@cbb9503: aOrMT: ViewRootImpl@bf68bc4[MainActivity] t = android.view.SurfaceControl$Transaction@4edfb42 fN = 828 android.view.SurfaceView.-$$Nest$mapplyOrMergeTransaction:0 android.view.SurfaceView$SurfaceViewPositionUpdateListener.positionChanged:1537 android.graphics.RenderNode$CompositePositionUpdateListener.positionChanged:373 
10-11 13:17:43.055  1320  1396 I ViewRootImpl@bf68bc4[MainActivity]: mWNT: t=0x7b2ac29900 mBlastBufferQueue=0x7b43c01300 fn= 828 caller= android.view.SurfaceView.applyOrMergeTransaction:1455 android.view.SurfaceView.-$$Nest$mapplyOrMergeTransaction:0 android.view.SurfaceView$SurfaceViewPositionUpdateListener.positionChanged:1537 
10-11 13:17:43.062  1320  1395 D SurfaceView@cbb9503: updateSurfacePosition RenderWorker, frameNr = 828, position = [14, 243, 1066, 755] surfaceSize = 1080x525
10-11 13:17:43.062  1320  1395 I SurfaceView@cbb9503: uSP: rtp = Rect(14, 243 - 1066, 755) rtsw = 1080 rtsh = 525
10-11 13:17:43.062  1320  1395 I SurfaceView@cbb9503: onSSPAndSRT: pl = 14 pt = 243 sx = 0.97407407 sy = 0.9752381
10-11 13:17:43.062  1320  1395 I SurfaceView@cbb9503: aOrMT: ViewRootImpl@bf68bc4[MainActivity] t = android.view.SurfaceControl$Transaction@4edfb42 fN = 828 android.view.SurfaceView.-$$Nest$mapplyOrMergeTransaction:0 android.view.SurfaceView$SurfaceViewPositionUpdateListener.positionChanged:1537 android.graphics.RenderNode$CompositePositionUpdateListener.positionChanged:373 
10-11 13:17:43.062  1320  1395 I ViewRootImpl@bf68bc4[MainActivity]: mWNT: t=0x7b2ac29900 mBlastBufferQueue=0x7b43c01300 fn= 828 caller= android.view.SurfaceView.applyOrMergeTransaction:1455 android.view.SurfaceView.-$$Nest$mapplyOrMergeTransaction:0 android.view.SurfaceView$SurfaceViewPositionUpdateListener.positionChanged:1537 
10-11 13:17:43.079  1320  1396 D SurfaceView@cbb9503: updateSurfacePosition RenderWorker, frameNr = 829, position = [7, 231, 1073, 749] surfaceSize = 1080x525
10-11 13:17:43.079  1320  1396 I SurfaceView@cbb9503: uSP: rtp = Rect(7, 231 - 1073, 749) rtsw = 1080 rtsh = 525
10-11 13:17:43.079  1320  1396 I SurfaceView@cbb9503: onSSPAndSRT: pl = 7 pt = 231 sx = 0.98703706 sy = 0.9866667
10-11 13:17:43.079  1320  1396 I SurfaceView@cbb9503: aOrMT: ViewRootImpl@bf68bc4[MainActivity] t = android.view.SurfaceControl$Transaction@4edfb42 fN = 829 android.view.SurfaceView.-$$Nest$mapplyOrMergeTransaction:0 android.view.SurfaceView$SurfaceViewPositionUpdateListener.positionChanged:1537 android.graphics.RenderNode$CompositePositionUpdateListener.positionChanged:373 
10-11 13:17:43.080  1320  1396 I ViewRootImpl@bf68bc4[MainActivity]: mWNT: t=0x7b2ac29900 mBlastBufferQueue=0x7b43c01300 fn= 829 caller= android.view.SurfaceView.applyOrMergeTransaction:1455 android.view.SurfaceView.-$$Nest$mapplyOrMergeTransaction:0 android.view.SurfaceView$SurfaceViewPositionUpdateListener.positionChanged:1537 
10-11 13:17:43.095  1320  1395 D SurfaceView@cbb9503: updateSurfacePosition RenderWorker, frameNr = 830, position = [2, 221, 1078, 745] surfaceSize = 1080x525
10-11 13:17:43.096  1320  1395 I SurfaceView@cbb9503: uSP: rtp = Rect(2, 221 - 1078, 745) rtsw = 1080 rtsh = 525
10-11 13:17:43.096  1320  1395 I SurfaceView@cbb9503: onSSPAndSRT: pl = 2 pt = 221 sx = 0.9962963 sy = 0.9980952
10-11 13:17:43.096  1320  1395 I SurfaceView@cbb9503: aOrMT: ViewRootImpl@bf68bc4[MainActivity] t = android.view.SurfaceControl$Transaction@4edfb42 fN = 830 android.view.SurfaceView.-$$Nest$mapplyOrMergeTransaction:0 android.view.SurfaceView$SurfaceViewPositionUpdateListener.positionChanged:1537 android.graphics.RenderNode$CompositePositionUpdateListener.positionChanged:373 
10-11 13:17:43.096  1320  1395 I ViewRootImpl@bf68bc4[MainActivity]: mWNT: t=0x7b2ac29900 mBlastBufferQueue=0x7b43c01300 fn= 830 caller= android.view.SurfaceView.applyOrMergeTransaction:1455 android.view.SurfaceView.-$$Nest$mapplyOrMergeTransaction:0 android.view.SurfaceView$SurfaceViewPositionUpdateListener.positionChanged:1537 
10-11 13:17:43.112  1320  1396 D SurfaceView@cbb9503: updateSurfacePosition RenderWorker, frameNr = 831, position = [0, 218, 1080, 744] surfaceSize = 1080x525
10-11 13:17:43.113  1320  1396 I SurfaceView@cbb9503: uSP: rtp = Rect(0, 218 - 1080, 744) rtsw = 1080 rtsh = 525
10-11 13:17:43.113  1320  1396 I SurfaceView@cbb9503: onSSPAndSRT: pl = 0 pt = 218 sx = 1.0 sy = 1.0019047
10-11 13:17:43.113  1320  1396 I SurfaceView@cbb9503: aOrMT: ViewRootImpl@bf68bc4[MainActivity] t = android.view.SurfaceControl$Transaction@4edfb42 fN = 831 android.view.SurfaceView.-$$Nest$mapplyOrMergeTransaction:0 android.view.SurfaceView$SurfaceViewPositionUpdateListener.positionChanged:1537 android.graphics.RenderNode$CompositePositionUpdateListener.positionChanged:373 
10-11 13:17:43.113  1320  1396 I ViewRootImpl@bf68bc4[MainActivity]: mWNT: t=0x7b2ac29900 mBlastBufferQueue=0x7b43c01300 fn= 831 caller= android.view.SurfaceView.applyOrMergeTransaction:1455 android.view.SurfaceView.-$$Nest$mapplyOrMergeTransaction:0 android.view.SurfaceView$SurfaceViewPositionUpdateListener.positionChanged:1537 
10-11 13:17:43.128  1320  1395 D SurfaceView@cbb9503: updateSurfacePosition RenderWorker, frameNr = 832, position = [0, 218, 1080, 743] surfaceSize = 1080x525
10-11 13:17:43.129  1320  1395 I SurfaceView@cbb9503: uSP: rtp = Rect(0, 218 - 1080, 743) rtsw = 1080 rtsh = 525
10-11 13:17:43.129  1320  1395 I SurfaceView@cbb9503: onSSPAndSRT: pl = 0 pt = 218 sx = 1.0 sy = 1.0
10-11 13:17:43.129  1320  1395 I SurfaceView@cbb9503: aOrMT: ViewRootImpl@bf68bc4[MainActivity] t = android.view.SurfaceControl$Transaction@4edfb42 fN = 832 android.view.SurfaceView.-$$Nest$mapplyOrMergeTransaction:0 android.view.SurfaceView$SurfaceViewPositionUpdateListener.positionChanged:1537 android.graphics.RenderNode$CompositePositionUpdateListener.positionChanged:373 
10-11 13:17:43.129  1320  1395 I ViewRootImpl@bf68bc4[MainActivity]: mWNT: t=0x7b2ac29900 mBlastBufferQueue=0x7b43c01300 fn= 832 caller= android.view.SurfaceView.applyOrMergeTransaction:1455 android.view.SurfaceView.-$$Nest$mapplyOrMergeTransaction:0 android.view.SurfaceView$SurfaceViewPositionUpdateListener.positionChanged:1537 
10-11 13:17:43.819  1320  1320 I ViewRootImpl@bf68bc4[MainActivity]: ViewPostIme pointer 0
10-11 13:17:44.359  1320  1320 I Dialog  : mIsDeviceDefault = false, mIsSamsungBasicInteraction = false, isMetaDataInActivity = false
10-11 13:17:44.390  1320  1320 I DecorView: [INFO] isPopOver=false config=false
10-11 13:17:44.390  1320  1320 I DecorView: updateCaptionType: isFloating=false isApplication=true hasWindowDecorCaption=false this=DecorView@eac3dec[]
10-11 13:17:44.390  1320  1320 D DecorView: setCaptionType = 0, this = DecorView@eac3dec[]
10-11 13:17:44.394  1320  1320 I DecorView: getCurrentDensityDpi: from app context. densityDpi=420 msg=resources_loaded
10-11 13:17:44.394  1320  1320 I DecorView: setWindowBackground: isPopOver=false color=0 d=android.graphics.drawable.ColorDrawable@d19744a
10-11 13:17:44.405  1320  1342 D NativeCustomFrequencyManager: [NativeCFMS] BpCustomFrequencyManager::BpCustomFrequencyManager()
10-11 13:17:44.406  1320  1320 I DecorView: notifyKeepScreenOnChanged: keepScreenOn=false
10-11 13:17:44.422  1320  1320 D InsetsController: onStateChanged: InsetsState: {mDisplayFrame=Rect(0, 0 - 1080, 2400), mDisplayCutout=DisplayCutout{insets=Rect(0, 88 - 0, 0) waterfall=Insets{left=0, top=0, right=0, bottom=0} boundingRect={Bounds=[Rect(0, 0 - 0, 0), Rect(512, 0 - 568, 88), Rect(0, 0 - 0, 0), Rect(0, 0 - 0, 0)]} cutoutPathParserInfo={CutoutPathParserInfo{displayWidth=1080 displayHeight=2400 physicalDisplayWidth=1080 physicalDisplayHeight=2400 density={2.625} cutoutSpec={M 0,0 M 0,12.25101276465640 a 10.60613009248640,10.60613009248640 0 1,0 0,21.21226018497290 a 10.60613009248640,10.60613009248640 0 1,0 0,-21.21226018497290 Z @dp} rotation={0} scale={1.0} physicalPixelDisplaySizeRatio={1.0}}}}, mRoundedCorners=RoundedCorners{[RoundedCorner{position=TopLeft, radius=84, center=Point(84, 84)}, RoundedCorner{position=TopRight, radius=84, center=Point(996, 84)}, RoundedCorner{position=BottomRight, radius=84, center=Point(996, 2316)}, RoundedCorner{position=BottomLeft, radius=84, center=Point(84, 2316)}]}  mRoundedCornerFrame=Rect(0, 0 - 1080, 2400), mPrivacyIndicatorBounds=PrivacyIndicatorBounds {static bounds=Rect(964, 0 - 1080, 87) rotation=0}, mSources= { InsetsSource: {mType=ITYPE_STATUS_BAR, mFrame=[0,0][1080,88], mVisible=true, mInsetsRoundedCornerFrame=false}, InsetsSource: {mType=ITYPE_NAVIGATION_BAR, mFrame=[0,2361][1080,2400], mVisible=true, mInsetsRoundedCornerFrame=false}, InsetsSource: {mType=ITYPE_LEFT_GESTURES, mFrame=[0,0][130,2400], mVisible=true, mInsetsRoundedCornerFrame=false}, InsetsSource: {mType=ITYPE_RIGHT_GESTURES, mFrame=[950,0][1080,2400], mVisible=true, mInsetsRoundedCornerFrame=false}, InsetsSource: {mType=ITYPE_TOP_MANDATORY_GESTURES, mFrame=[0,0][1080,120], mVisible=true, mInsetsRoundedCornerFrame=false}, InsetsSource: {mType=ITYPE_BOTTOM_MANDATORY_GESTURES, mFrame=[0,2316][1080,2400], mVisible=true, mInsetsRoundedCornerFrame=false}, InsetsSource: {mType=ITYPE_LEFT_DISPLAY_CUTOUT, mFrame=[0,0][-100000,2400], mVisible=true, mInsetsRoundedCornerFrame=false}, InsetsSource: {mType=ITYPE_TOP_DISPLAY_CUTOUT, mFrame=[0,0][1080,88], mVisible=true, mInsetsRoundedCornerFrame=false}, InsetsSource: {mType=ITYPE_RIGHT_DISPLAY_CUTOUT, mFrame=[100000,0][1080,2400], mVisible=true, mInsetsRoundedCornerFrame=false}, InsetsSource: {mType=ITYPE_BOTTOM_DISPLAY_CUTOUT, mFrame=[0,100000][1080,2400], mVisible=true, mInsetsRoundedCornerFrame=false}, InsetsSource: {mType=ITYPE_TOP_TAPPABLE_ELEMENT, mFrame=[0,0][1080,88], mVisible=true, mInsetsRoundedCornerFrame=false}, InsetsSource: {mType=ITYPE_BOTTOM_TAPPABLE_ELEMENT, mFrame=[0,0][0,0], mVisible=true, mInsetsRoundedCornerFrame=false}, InsetsSource: {mType=ITYPE_IME, mFrame=[0,0][0,0], mVisibleFrame=[0,1409][1080,2400], mVisible=false, mInsetsRoundedCornerFrame=false} } host=com.lagradost.cloudstream3/com.lagradost.cloudstream3.MainActivity from=android.view.ViewRootImpl.setView:1732
10-11 13:17:44.423  1320  1320 I ViewRootImpl@db9eb33[MainActivity]: setView = com.android.internal.policy.DecorView@eac3dec TM=true
10-11 13:17:44.439  1320  1320 I ViewRootImpl@db9eb33[MainActivity]: performTraversals params={(0,0)(fillxfill) gr=CENTER sim={adjust=resize forwardNavigation} ty=APPLICATION fmt=TRANSPARENT wanim=0x7f14000b
10-11 13:17:44.439  1320  1320 I ViewRootImpl@db9eb33[MainActivity]:   fl=85810100
10-11 13:17:44.439  1320  1320 I ViewRootImpl@db9eb33[MainActivity]:   pfl=12020040
10-11 13:17:44.439  1320  1320 I ViewRootImpl@db9eb33[MainActivity]:   vsysui=500
10-11 13:17:44.439  1320  1320 I ViewRootImpl@db9eb33[MainActivity]:   bhv=DEFAULT
10-11 13:17:44.439  1320  1320 I ViewRootImpl@db9eb33[MainActivity]:   fitSides= naviIconColor=0}
10-11 13:17:44.441  1320  1320 I ViewRootImpl@db9eb33[MainActivity]: performTraversals mFirst=true windowShouldResize=true viewVisibilityChanged=false mForceNextWindowRelayout=false params={(0,0)(fillxfill) gr=CENTER sim={adjust=resize forwardNavigation} ty=APPLICATION fmt=TRANSPARENT wanim=0x7f14000b
10-11 13:17:44.441  1320  1320 I ViewRootImpl@db9eb33[MainActivity]:   fl=85810100
10-11 13:17:44.441  1320  1320 I ViewRootImpl@db9eb33[MainActivity]:   pfl=12020040
10-11 13:17:44.441  1320  1320 I ViewRootImpl@db9eb33[MainActivity]:   vsysui=500
10-11 13:17:44.441  1320  1320 I ViewRootImpl@db9eb33[MainActivity]:   bhv=DEFAULT
10-11 13:17:44.441  1320  1320 I ViewRootImpl@db9eb33[MainActivity]:   fitSides= naviIconColor=0}
10-11 13:17:44.455  1320  1320 I ViewRootImpl@db9eb33[MainActivity]: updateBlastSurfaceIfNeeded mBlastBufferQueue=null isSameSurfaceControl=false
10-11 13:17:44.456  1320  1320 I BLASTBufferQueue: new BLASTBufferQueue, mName= ViewRootImpl@db9eb33[MainActivity] mNativeObject= 0x7bdd4b8f00 sc.mNativeObject= 0x7b08d237a0 caller= android.view.ViewRootImpl.updateBlastSurfaceIfNeeded:2909 android.view.ViewRootImpl.relayoutWindow:9847 android.view.ViewRootImpl.performTraversals:3884 android.view.ViewRootImpl.doTraversal:3116 android.view.ViewRootImpl$TraversalRunnable.run:10885 android.view.Choreographer$CallbackRecord.run:1301 android.view.Choreographer$CallbackRecord.run:1309 android.view.Choreographer.doCallbacks:923 android.view.Choreographer.doFrame:852 android.view.Choreographer$FrameDisplayEventReceiver.run:1283 
10-11 13:17:44.456  1320  1320 I BLASTBufferQueue: update, w= 1080 h= 2400 mName = ViewRootImpl@db9eb33[MainActivity] mNativeObject= 0x7bdd4b8f00 sc.mNativeObject= 0x7b08d237a0 format= -2 caller= android.graphics.BLASTBufferQueue.<init>:84 android.view.ViewRootImpl.updateBlastSurfaceIfNeeded:2909 android.view.ViewRootImpl.relayoutWindow:9847 android.view.ViewRootImpl.performTraversals:3884 android.view.ViewRootImpl.doTraversal:3116 android.view.ViewRootImpl$TraversalRunnable.run:10885 
10-11 13:17:44.457  1320  1320 I ViewRootImpl@db9eb33[MainActivity]: Relayout returned: old=(0,0,1080,2400) new=(0,0,1080,2400) req=(1080,2400)0 dur=14 res=0x3 s={true 0x7bdd424800} ch=true seqId=0
10-11 13:17:44.459  1320  1320 I ViewRootImpl@db9eb33[MainActivity]: mThreadedRenderer.initialize() mSurface={isValid=true 0x7bdd424800} hwInitialized=true
10-11 13:17:44.460  1320  1342 D OpenGLRenderer: eglCreateWindowSurface
10-11 13:17:44.487  1320  1320 D AbsListView:  in onLayout changed 
10-11 13:17:44.488  1320  1320 I ViewRootImpl@db9eb33[MainActivity]: reportNextDraw android.view.ViewRootImpl.performTraversals:4438 android.view.ViewRootImpl.doTraversal:3116 android.view.ViewRootImpl$TraversalRunnable.run:10885 android.view.Choreographer$CallbackRecord.run:1301 android.view.Choreographer$CallbackRecord.run:1309 
10-11 13:17:44.488  1320  1320 I ViewRootImpl@db9eb33[MainActivity]: Setup new sync id=0
10-11 13:17:44.488  1320  1320 I ViewRootImpl@db9eb33[MainActivity]: Setting syncFrameCallback
10-11 13:17:44.489  1320  1320 I ViewRootImpl@db9eb33[MainActivity]: registerCallbacksForSync syncBuffer=false
10-11 13:17:44.492  1320  1396 I ViewRootImpl@db9eb33[MainActivity]: Received frameDrawingCallback syncResult=0 frameNum=1.
10-11 13:17:44.492  1320  1396 I ViewRootImpl@db9eb33[MainActivity]: Setting up sync and frameCommitCallback
10-11 13:17:44.499  1320  1342 I BLASTBufferQueue: [ViewRootImpl@db9eb33[MainActivity]#8](f:0,a:0) onFrameAvailable the first frame is available
10-11 13:17:44.501  1320  1342 I ViewRootImpl@db9eb33[MainActivity]: Received frameCommittedCallback lastAttemptedDrawFrameNum=1 didProduceBuffer=true
10-11 13:17:44.503  1320  1342 D OpenGLRenderer: CFMS:: SetUp Pid : 1320    Tid : 1342
10-11 13:17:44.508  1320  1320 I ViewRootImpl@db9eb33[MainActivity]: onSyncComplete
10-11 13:17:44.508  1320  1320 I ViewRootImpl@db9eb33[MainActivity]: setupSync seqId=0 mSyncId=0 fn=1 caller=android.view.ViewRootImpl$$ExternalSyntheticLambda11.accept:6 android.window.SurfaceSyncer.lambda$setupSync$1$android-window-SurfaceSyncer:128 android.window.SurfaceSyncer$$ExternalSyntheticLambda1.accept:8 android.window.SurfaceSyncer$SyncSet.checkIfSyncIsComplete:382 android.window.SurfaceSyncer$SyncSet.markSyncReady:359 android.window.SurfaceSyncer.markSyncReady:151 android.view.ViewRootImpl.performTraversals:4503 
10-11 13:17:44.509  1320  1320 I ViewRootImpl@db9eb33[MainActivity]: reportDrawFinished seqId=0 mSyncId=-1 fn=1 mSurfaceChangedTransaction=0x7b2ac51100
10-11 13:17:44.514  1320  1320 I ViewRootImpl@bf68bc4[MainActivity]: MSG_WINDOW_FOCUS_CHANGED 0 0
10-11 13:17:44.562  1320  1320 I ViewRootImpl@db9eb33[MainActivity]: MSG_WINDOW_FOCUS_CHANGED 1 0
10-11 13:17:44.562  1320  1320 I ViewRootImpl@db9eb33[MainActivity]: mThreadedRenderer.initializeIfNeeded()#2 mSurface={isValid=true 0x7bdd424800}
10-11 13:17:44.563  1320  1320 D InputMethodManager: startInputInner - Id : 0
10-11 13:17:44.563  1320  1320 I InputMethodManager: startInputInner - mService.startInputOrWindowGainedFocus
10-11 13:17:44.634  1320  1320 I ViewRootImpl@bf68bc4[MainActivity]: ViewPostIme pointer 1
10-11 13:17:45.448  1320  1320 I ViewRootImpl@db9eb33[MainActivity]: ViewPostIme pointer 0
10-11 13:17:45.528  1320  1320 I ViewRootImpl@db9eb33[MainActivity]: ViewPostIme pointer 1
10-11 13:17:45.529  1320  1320 D AbsListView: onTouchUp() mTouchMode : 0
10-11 13:17:45.598  1320  1471 D EgyDead : Loading links for URL: https://tv6.egydead.live/%d9%85%d8%b4%d8%a7%d9%87%d8%af%d8%a9-%d9%81%d9%8a%d9%84%d9%85-omniscient-reader-the-prophecy-2025-%d9%85%d8%aa%d8%b1%d8%ac%d9%85/
10-11 13:17:45.600  1320  1320 I MSHandlerLifeCycle: removeMultiSplitHandler: no exist. decor=DecorView@eac3dec[MainActivity]
10-11 13:17:45.601  1320  1342 D OpenGLRenderer: setSurface called with nullptr
10-11 13:17:45.601  1320  1342 D OpenGLRenderer: setSurface() destroyed EGLSurface
10-11 13:17:45.601  1320  1342 D OpenGLRenderer: destroyEglSurface
10-11 13:17:45.604  1320  1342 D OpenGLRenderer: endAllActiveAnimators on 0x7b08d8f200 (MaterialTextView) with handle 0x7b427db260
10-11 13:17:45.604  1320  1320 I ViewRootImpl@db9eb33[MainActivity]: dispatchDetachedFromWindow
10-11 13:17:45.628  1320  1320 D InputTransport: Input channel destroyed: 'e312535', fd=119
10-11 13:17:45.630  1320  1320 I Dialog  : mIsDeviceDefault = false, mIsSamsungBasicInteraction = false, isMetaDataInActivity = false
10-11 13:17:45.696  1320  1320 I DecorView: [INFO] isPopOver=false config=false
10-11 13:17:45.696  1320  1320 I DecorView: updateCaptionType: isFloating=false isApplication=true hasWindowDecorCaption=false this=DecorView@9901ac7[]
10-11 13:17:45.696  1320  1320 D DecorView: setCaptionType = 0, this = DecorView@9901ac7[]
10-11 13:17:45.698  1320  1320 I DecorView: getCurrentDensityDpi: from app context. densityDpi=420 msg=resources_loaded
10-11 13:17:45.698  1320  1320 I DecorView: setWindowBackground: isPopOver=false color=0 d=android.graphics.drawable.ColorDrawable@c81d
10-11 13:17:45.704  1320  1342 D NativeCustomFrequencyManager: [NativeCFMS] BpCustomFrequencyManager::BpCustomFrequencyManager()
10-11 13:17:45.705  1320  1320 I DecorView: notifyKeepScreenOnChanged: keepScreenOn=false
10-11 13:17:45.716  1320  1320 D InsetsController: onStateChanged: InsetsState: {mDisplayFrame=Rect(0, 0 - 1080, 2400), mDisplayCutout=DisplayCutout{insets=Rect(0, 88 - 0, 0) waterfall=Insets{left=0, top=0, right=0, bottom=0} boundingRect={Bounds=[Rect(0, 0 - 0, 0), Rect(512, 0 - 568, 88), Rect(0, 0 - 0, 0), Rect(0, 0 - 0, 0)]} cutoutPathParserInfo={CutoutPathParserInfo{displayWidth=1080 displayHeight=2400 physicalDisplayWidth=1080 physicalDisplayHeight=2400 density={2.625} cutoutSpec={M 0,0 M 0,12.25101276465640 a 10.60613009248640,10.60613009248640 0 1,0 0,21.21226018497290 a 10.60613009248640,10.60613009248640 0 1,0 0,-21.21226018497290 Z @dp} rotation={0} scale={1.0} physicalPixelDisplaySizeRatio={1.0}}}}, mRoundedCorners=RoundedCorners{[RoundedCorner{position=TopLeft, radius=84, center=Point(84, 84)}, RoundedCorner{position=TopRight, radius=84, center=Point(996, 84)}, RoundedCorner{position=BottomRight, radius=84, center=Point(996, 2316)}, RoundedCorner{position=BottomLeft, radius=84, center=Point(84, 2316)}]}  mRoundedCornerFrame=Rect(0, 0 - 1080, 2400), mPrivacyIndicatorBounds=PrivacyIndicatorBounds {static bounds=Rect(964, 0 - 1080, 87) rotation=0}, mSources= { InsetsSource: {mType=ITYPE_STATUS_BAR, mFrame=[0,0][1080,88], mVisible=true, mInsetsRoundedCornerFrame=false}, InsetsSource: {mType=ITYPE_NAVIGATION_BAR, mFrame=[0,2361][1080,2400], mVisible=true, mInsetsRoundedCornerFrame=false}, InsetsSource: {mType=ITYPE_LEFT_GESTURES, mFrame=[0,0][130,2400], mVisible=true, mInsetsRoundedCornerFrame=false}, InsetsSource: {mType=ITYPE_RIGHT_GESTURES, mFrame=[950,0][1080,2400], mVisible=true, mInsetsRoundedCornerFrame=false}, InsetsSource: {mType=ITYPE_TOP_MANDATORY_GESTURES, mFrame=[0,0][1080,120], mVisible=true, mInsetsRoundedCornerFrame=false}, InsetsSource: {mType=ITYPE_BOTTOM_MANDATORY_GESTURES, mFrame=[0,2316][1080,2400], mVisible=true, mInsetsRoundedCornerFrame=false}, InsetsSource: {mType=ITYPE_LEFT_DISPLAY_CUTOUT, mFrame=[0,0][-100000,2400], mVisible=true, mInsetsRoundedCornerFrame=false}, InsetsSource: {mType=ITYPE_TOP_DISPLAY_CUTOUT, mFrame=[0,0][1080,88], mVisible=true, mInsetsRoundedCornerFrame=false}, InsetsSource: {mType=ITYPE_RIGHT_DISPLAY_CUTOUT, mFrame=[100000,0][1080,2400], mVisible=true, mInsetsRoundedCornerFrame=false}, InsetsSource: {mType=ITYPE_BOTTOM_DISPLAY_CUTOUT, mFrame=[0,100000][1080,2400], mVisible=true, mInsetsRoundedCornerFrame=false}, InsetsSource: {mType=ITYPE_TOP_TAPPABLE_ELEMENT, mFrame=[0,0][1080,88], mVisible=true, mInsetsRoundedCornerFrame=false}, InsetsSource: {mType=ITYPE_BOTTOM_TAPPABLE_ELEMENT, mFrame=[0,0][0,0], mVisible=true, mInsetsRoundedCornerFrame=false}, InsetsSource: {mType=ITYPE_IME, mFrame=[0,0][0,0], mVisibleFrame=[0,1409][1080,2400], mVisible=false, mInsetsRoundedCornerFrame=false} } host=com.lagradost.cloudstream3/com.lagradost.cloudstream3.MainActivity from=android.view.ViewRootImpl.setView:1732
10-11 13:17:45.717  1320  1320 I ViewRootImpl@a7089ea[MainActivity]: setView = com.android.internal.policy.DecorView@9901ac7 TM=true
10-11 13:17:45.722  1320  1320 I ViewRootImpl@a7089ea[MainActivity]: performTraversals params={(0,0)(fillxfill) gr=CENTER sim={adjust=resize forwardNavigation} ty=APPLICATION fmt=TRANSPARENT wanim=0x7f14000b
10-11 13:17:45.722  1320  1320 I ViewRootImpl@a7089ea[MainActivity]:   fl=85810100
10-11 13:17:45.722  1320  1320 I ViewRootImpl@a7089ea[MainActivity]:   pfl=12020040
10-11 13:17:45.722  1320  1320 I ViewRootImpl@a7089ea[MainActivity]:   vsysui=500
10-11 13:17:45.722  1320  1320 I ViewRootImpl@a7089ea[MainActivity]:   bhv=DEFAULT
10-11 13:17:45.722  1320  1320 I ViewRootImpl@a7089ea[MainActivity]:   fitSides= naviIconColor=0}
10-11 13:17:45.723  1320  1320 I ViewRootImpl@a7089ea[MainActivity]: performTraversals mFirst=true windowShouldResize=true viewVisibilityChanged=false mForceNextWindowRelayout=false params={(0,0)(fillxfill) gr=CENTER sim={adjust=resize forwardNavigation} ty=APPLICATION fmt=TRANSPARENT wanim=0x7f14000b
10-11 13:17:45.723  1320  1320 I ViewRootImpl@a7089ea[MainActivity]:   fl=85810100
10-11 13:17:45.723  1320  1320 I ViewRootImpl@a7089ea[MainActivity]:   pfl=12020040
10-11 13:17:45.723  1320  1320 I ViewRootImpl@a7089ea[MainActivity]:   vsysui=500
10-11 13:17:45.723  1320  1320 I ViewRootImpl@a7089ea[MainActivity]:   bhv=DEFAULT
10-11 13:17:45.723  1320  1320 I ViewRootImpl@a7089ea[MainActivity]:   fitSides= naviIconColor=0}
10-11 13:17:45.733  1320  1320 I ViewRootImpl@a7089ea[MainActivity]: updateBlastSurfaceIfNeeded mBlastBufferQueue=null isSameSurfaceControl=false
10-11 13:17:45.733  1320  1320 I BLASTBufferQueue: new BLASTBufferQueue, mName= ViewRootImpl@a7089ea[MainActivity] mNativeObject= 0x7bdd4b8f00 sc.mNativeObject= 0x7bcd56d160 caller= android.view.ViewRootImpl.updateBlastSurfaceIfNeeded:2909 android.view.ViewRootImpl.relayoutWindow:9847 android.view.ViewRootImpl.performTraversals:3884 android.view.ViewRootImpl.doTraversal:3116 android.view.ViewRootImpl$TraversalRunnable.run:10885 android.view.Choreographer$CallbackRecord.run:1301 android.view.Choreographer$CallbackRecord.run:1309 android.view.Choreographer.doCallbacks:923 android.view.Choreographer.doFrame:852 android.view.Choreographer$FrameDisplayEventReceiver.run:1283 
10-11 13:17:45.734  1320  1320 I BLASTBufferQueue: update, w= 1080 h= 2400 mName = ViewRootImpl@a7089ea[MainActivity] mNativeObject= 0x7bdd4b8f00 sc.mNativeObject= 0x7bcd56d160 format= -2 caller= android.graphics.BLASTBufferQueue.<init>:84 android.view.ViewRootImpl.updateBlastSurfaceIfNeeded:2909 android.view.ViewRootImpl.relayoutWindow:9847 android.view.ViewRootImpl.performTraversals:3884 android.view.ViewRootImpl.doTraversal:3116 android.view.ViewRootImpl$TraversalRunnable.run:10885 
10-11 13:17:45.734  1320  1320 I ViewRootImpl@a7089ea[MainActivity]: Relayout returned: old=(0,0,1080,2400) new=(0,0,1080,2400) req=(1080,2400)0 dur=10 res=0x3 s={true 0x7bdd424800} ch=true seqId=0
10-11 13:17:45.735  1320  1320 I ViewRootImpl@a7089ea[MainActivity]: mThreadedRenderer.initialize() mSurface={isValid=true 0x7bdd424800} hwInitialized=true
10-11 13:17:45.736  1320  1342 D OpenGLRenderer: eglCreateWindowSurface
10-11 13:17:45.737  1320  1320 I ViewRootImpl@a7089ea[MainActivity]: reportNextDraw android.view.ViewRootImpl.performTraversals:4438 android.view.ViewRootImpl.doTraversal:3116 android.view.ViewRootImpl$TraversalRunnable.run:10885 android.view.Choreographer$CallbackRecord.run:1301 android.view.Choreographer$CallbackRecord.run:1309 
10-11 13:17:45.737  1320  1320 I ViewRootImpl@a7089ea[MainActivity]: Setup new sync id=0
10-11 13:17:45.737  1320  1320 I ViewRootImpl@a7089ea[MainActivity]: Setting syncFrameCallback
10-11 13:17:45.738  1320  1320 I ViewRootImpl@a7089ea[MainActivity]: registerCallbacksForSync syncBuffer=false
10-11 13:17:45.740  1320  1395 I ViewRootImpl@a7089ea[MainActivity]: Received frameDrawingCallback syncResult=0 frameNum=1.
10-11 13:17:45.740  1320  1395 I ViewRootImpl@a7089ea[MainActivity]: Setting up sync and frameCommitCallback
10-11 13:17:45.751  1320  1342 I BLASTBufferQueue: [ViewRootImpl@a7089ea[MainActivity]#9](f:0,a:0) onFrameAvailable the first frame is available
10-11 13:17:45.752  1320  1342 I ViewRootImpl@a7089ea[MainActivity]: Received frameCommittedCallback lastAttemptedDrawFrameNum=1 didProduceBuffer=true
10-11 13:17:45.754  1320  1342 D OpenGLRenderer: CFMS:: SetUp Pid : 1320    Tid : 1342
10-11 13:17:45.758  1320  1320 I ViewRootImpl@a7089ea[MainActivity]: onSyncComplete
10-11 13:17:45.758  1320  1320 I ViewRootImpl@a7089ea[MainActivity]: setupSync seqId=0 mSyncId=0 fn=1 caller=android.view.ViewRootImpl$$ExternalSyntheticLambda11.accept:6 android.window.SurfaceSyncer.lambda$setupSync$1$android-window-SurfaceSyncer:128 android.window.SurfaceSyncer$$ExternalSyntheticLambda1.accept:8 android.window.SurfaceSyncer$SyncSet.checkIfSyncIsComplete:382 android.window.SurfaceSyncer$SyncSet.markSyncReady:359 android.window.SurfaceSyncer.markSyncReady:151 android.view.ViewRootImpl.performTraversals:4503 
10-11 13:17:45.759  1320  1320 I ViewRootImpl@a7089ea[MainActivity]: reportDrawFinished seqId=0 mSyncId=-1 fn=1 mSurfaceChangedTransaction=0x7b08e4ff00
10-11 13:17:45.760  1320  1320 D InsetsController: onStateChanged: InsetsState: {mDisplayFrame=Rect(0, 0 - 1080, 2400), mDisplayCutout=DisplayCutout{insets=Rect(0, 88 - 0, 0) waterfall=Insets{left=0, top=0, right=0, bottom=0} boundingRect={Bounds=[Rect(0, 0 - 0, 0), Rect(512, 0 - 568, 88), Rect(0, 0 - 0, 0), Rect(0, 0 - 0, 0)]} cutoutPathParserInfo={CutoutPathParserInfo{displayWidth=1080 displayHeight=2400 physicalDisplayWidth=1080 physicalDisplayHeight=2400 density={2.625} cutoutSpec={M 0,0 M 0,12.25101276465640 a 10.60613009248640,10.60613009248640 0 1,0 0,21.21226018497290 a 10.60613009248640,10.60613009248640 0 1,0 0,-21.21226018497290 Z @dp} rotation={0} scale={1.0} physicalPixelDisplaySizeRatio={1.0}}}}, mRoundedCorners=RoundedCorners{[RoundedCorner{position=TopLeft, radius=84, center=Point(84, 84)}, RoundedCorner{position=TopRight, radius=84, center=Point(996, 84)}, RoundedCorner{position=BottomRight, radius=84, center=Point(996, 2316)}, RoundedCorner{position=BottomLeft, radius=84, center=Point(84, 2316)}]}  mRoundedCornerFrame=Rect(0, 0 - 1080, 2400), mPrivacyIndicatorBounds=PrivacyIndicatorBounds {static bounds=Rect(964, 0 - 1080, 87) rotation=0}, mSources= { InsetsSource: {mType=ITYPE_STATUS_BAR, mFrame=[0,0][1080,88], mVisible=true, mInsetsRoundedCornerFrame=false}, InsetsSource: {mType=ITYPE_NAVIGATION_BAR, mFrame=[0,2361][1080,2400], mVisible=true, mInsetsRoundedCornerFrame=false}, InsetsSource: {mType=ITYPE_LEFT_GESTURES, mFrame=[0,0][130,2400], mVisible=true, mInsetsRoundedCornerFrame=false}, InsetsSource: {mType=ITYPE_RIGHT_GESTURES, mFrame=[950,0][1080,2400], mVisible=true, mInsetsRoundedCornerFrame=false}, InsetsSource: {mType=ITYPE_TOP_MANDATORY_GESTURES, mFrame=[0,0][1080,120], mVisible=true, mInsetsRoundedCornerFrame=false}, InsetsSource: {mType=ITYPE_BOTTOM_MANDATORY_GESTURES, mFrame=[0,2316][1080,2400], mVisible=true, mInsetsRoundedCornerFrame=false}, InsetsSource: {mType=ITYPE_LEFT_DISPLAY_CUTOUT, mFrame=[0,0][-100000,2400], mVisible=true, mInsetsRoundedCornerFrame=false}, InsetsSource: {mType=ITYPE_TOP_DISPLAY_CUTOUT, mFrame=[0,0][1080,88], mVisible=true, mInsetsRoundedCornerFrame=false}, InsetsSource: {mType=ITYPE_RIGHT_DISPLAY_CUTOUT, mFrame=[100000,0][1080,2400], mVisible=true, mInsetsRoundedCornerFrame=false}, InsetsSource: {mType=ITYPE_BOTTOM_DISPLAY_CUTOUT, mFrame=[0,100000][1080,2400], mVisible=true, mInsetsRoundedCornerFrame=false}, InsetsSource: {mType=ITYPE_TOP_TAPPABLE_ELEMENT, mFrame=[0,0][1080,88], mVisible=true, mInsetsRoundedCornerFrame=false}, InsetsSource: {mType=ITYPE_BOTTOM_TAPPABLE_ELEMENT, mFrame=[0,0][0,0], mVisible=true, mInsetsRoundedCornerFrame=false} } host=com.lagradost.cloudstream3/com.lagradost.cloudstream3.MainActivity from=android.view.ViewRootImpl$ViewRootHandler.handleMessageImpl:6740
10-11 13:17:45.762  1320  1320 I ViewRootImpl@bf68bc4[MainActivity]: MSG_WINDOW_FOCUS_CHANGED 0 0
10-11 13:17:45.774  1320  1320 I ViewRootImpl@bf68bc4[MainActivity]: MSG_WINDOW_FOCUS_CHANGED 0 0
10-11 13:17:45.811  1320  1320 I ViewRootImpl@a7089ea[MainActivity]: MSG_WINDOW_FOCUS_CHANGED 1 0
10-11 13:17:45.812  1320  1320 I ViewRootImpl@a7089ea[MainActivity]: mThreadedRenderer.initializeIfNeeded()#2 mSurface={isValid=true 0x7bdd424800}
10-11 13:17:45.812  1320  1320 D InputMethodManager: startInputInner - Id : 0
10-11 13:17:45.812  1320  1320 I InputMethodManager: startInputInner - mService.startInputOrWindowGainedFocus
10-11 13:17:46.107  1320  1471 D EgyDead : Document title:   Omniscient Reader The Prophecy 2025  |  
10-11 13:17:46.108  1320  1471 D EgyDead : Found 6 potential server elements.
10-11 13:17:46.108  1320  1471 D EgyDead : Server data-link 0: https://hglink.to/e/2ov3g64ukojt
10-11 13:17:46.108  1320  1471 D EgyDead : Server data-link 1: https://forafile.com/embed-irbv3158x4uc.html
10-11 13:17:46.108  1320  1471 D EgyDead : Server data-link 2: https://dingtezuni.com/file/xe4euccolysr
10-11 13:17:46.108  1320  1471 D EgyDead : Server data-link 3: https://mxdrop.to/e/03rkqmq4hk9neog
10-11 13:17:46.108  1320  1471 D EgyDead : Server data-link 4: https://dsvplay.com/e/huwyx7wbog0f
10-11 13:17:46.108  1320  1471 D EgyDead : Server data-link 5: https://listeamed.net/e/l4vexvokPVVE8B9
10-11 13:17:46.627  1320  1471 D RepoLink: Loaded ExtractorLink: ExtractorLink(name=MixDrop, url=https://s-delivery41.mxcontent.net/v2/03rkqmq4hk9neog.mp4?s=2GufycaXKHrxw0GoDVG-PA&e=1760206667&_t=1760190164, referer=https://mxdrop.to/e/03rkqmq4hk9neog, type=VIDEO)
10-11 13:17:46.787  1320  1471 D RepoLink: Loaded ExtractorLink: ExtractorLink(name=Vidguard, url=https://ovyupmbb4t.guardstorage.net/hls_3/h6-V2ER4xwmEcqN2IOai22ho9CBL_WkT9TRu4HYsNYSbme-o1zwaKJvF-ApAfNA9z4SePN8sFrNEk-N1GBzNwQ/master.m3u8?sig=2x8_AxGq6ZKrTaETUR3Qkw&expires=1760194066, referer=https://listeamed.net, type=M3U8)
10-11 13:17:46.793  1320  1471 D RepoLink: Loaded ExtractorLink: ExtractorLink(name=DoodStream, url=https://km270l.cloudatacdn.com/u5kj6ebvsxb3sdgge53ncpqdl42tne5hciqcqy5wuxjl4k26w73k3du7k7na/7vos5clkgi~DVYYIYCzuJ?token=gg7d6ynpmw7r9bfjfowy8cke, referer=https://ds2play.com/, type=VIDEO)
10-11 13:17:46.891  1320  1471 D ApiError: -------------------------------------------------------------------
10-11 13:17:46.891  1320  1471 D ApiError: safeApiCall: can't bypass captcha
10-11 13:17:46.891  1320  1471 D ApiError: safeApiCall: can't bypass captcha
10-11 13:17:46.891  1320  1471 W System.err: com.lagradost.cloudstream3.ErrorLoadingException: can't bypass captcha
10-11 13:17:46.892  1320  1471 W System.err: 	at com.lagradost.cloudstream3.extractors.Zorofile.getUrl$suspendImpl(Zorofile.kt:34)
10-11 13:17:46.892  1320  1471 W System.err: 	at com.lagradost.cloudstream3.extractors.Zorofile$getUrl$1.invokeSuspend(Unknown Source:18)
10-11 13:17:46.892  1320  1471 W System.err: 	at kotlin.coroutines.jvm.internal.BaseContinuationImpl.resumeWith(ContinuationImpl.kt:33)
10-11 13:17:46.892  1320  1471 W System.err: 	at kotlinx.coroutines.DispatchedTask.run(DispatchedTask.kt:100)
10-11 13:17:46.892  1320  1471 W System.err: 	at kotlinx.coroutines.EventLoopImplBase.processNextEvent(EventLoop.common.kt:263)
10-11 13:17:46.892  1320  1471 W System.err: 	at kotlinx.coroutines.BlockingCoroutine.joinBlocking(Builders.kt:95)
10-11 13:17:46.892  1320  1471 W System.err: 	at kotlinx.coroutines.BuildersKt__BuildersKt.runBlocking(Builders.kt:69)
10-11 13:17:46.892  1320  1471 W System.err: 	at kotlinx.coroutines.BuildersKt.runBlocking(Unknown Source:1)
10-11 13:17:46.892  1320  1471 W System.err: 	at kotlinx.coroutines.BuildersKt__BuildersKt.runBlocking$default(Builders.kt:47)
10-11 13:17:46.893  1320  1471 W System.err: 	at kotlinx.coroutines.BuildersKt.runBlocking$default(Unknown Source:1)
10-11 13:17:46.893  1320  1471 W System.err: 	at com.lagradost.cloudstream3.ParCollectionsKt.apmap(ParCollections.kt:49)
10-11 13:17:46.893  1320  1471 W System.err: 	at com.egydead.EgyDeadProvider.loadLinks(EgyDeadProvider.kt:188)
10-11 13:17:46.893  1320  1471 W System.err: 	at com.egydead.EgyDeadProvider$loadLinks$1.invokeSuspend(Unknown Source:18)
10-11 13:17:46.893  1320  1471 W System.err: 	at kotlin.coroutines.jvm.internal.BaseContinuationImpl.resumeWith(ContinuationImpl.kt:33)
10-11 13:17:46.894  1320  1471 W System.err: 	at kotlinx.coroutines.DispatchedTask.run(DispatchedTask.kt:100)
10-11 13:17:46.894  1320  1471 W System.err: 	at kotlinx.coroutines.internal.LimitedDispatcher$Worker.run(LimitedDispatcher.kt:113)
10-11 13:17:46.894  1320  1471 W System.err: 	at kotlinx.coroutines.scheduling.TaskImpl.run(Tasks.kt:89)
10-11 13:17:46.894  1320  1471 W System.err: 	at kotlinx.coroutines.scheduling.CoroutineScheduler.runSafely(CoroutineScheduler.kt:586)
10-11 13:17:46.895  1320  1471 W System.err: 	at kotlinx.coroutines.scheduling.CoroutineScheduler$Worker.executeTask(CoroutineScheduler.kt:820)
10-11 13:17:46.895  1320  1471 W System.err: 	at kotlinx.coroutines.scheduling.CoroutineScheduler$Worker.runWorker(CoroutineScheduler.kt:717)
10-11 13:17:46.895  1320  1471 W System.err: 	at kotlinx.coroutines.scheduling.CoroutineScheduler$Worker.run(CoroutineScheduler.kt:704)
10-11 13:17:46.895  1320  1471 D ApiError: -------------------------------------------------------------------
10-11 13:17:46.901  1320  1320 I MSHandlerLifeCycle: removeMultiSplitHandler: no exist. decor=DecorView@9901ac7[MainActivity]
10-11 13:17:46.908  1320  1342 D OpenGLRenderer: setSurface called with nullptr
10-11 13:17:46.909  1320  1342 D OpenGLRenderer: setSurface() destroyed EGLSurface
10-11 13:17:46.910  1320  1342 D OpenGLRenderer: destroyEglSurface
10-11 13:17:46.917  1320  1320 I ViewRootImpl@a7089ea[MainActivity]: dispatchDetachedFromWindow
10-11 13:17:46.958  1320  1327 I st.cloudstream3: Background concurrent copying GC freed 15MB AllocSpace bytes, 86(6076KB) LOS objects, 50% free, 23MB/47MB, paused 187us,350us total 177.333ms
10-11 13:17:46.961  1320  1342 D OpenGLRenderer: setSurface called with nullptr
10-11 13:17:46.961  1320  1328 D InputTransport: Input channel destroyed: 'ClientS', fd=144
10-11 13:17:46.962  1320  1328 D InputTransport: Input channel destroyed: 'ClientS', fd=175
10-11 13:17:46.966  1320  1320 D InputTransport: Input channel destroyed: '908d2a3', fd=185
10-11 13:17:46.968  1320  1320 I Dialog  : mIsDeviceDefault = false, mIsSamsungBasicInteraction = false, isMetaDataInActivity = false
10-11 13:17:46.992  1320  1320 I DecorView: [INFO] isPopOver=false config=false
10-11 13:17:46.992  1320  1320 I DecorView: updateCaptionType: isFloating=false isApplication=true hasWindowDecorCaption=false this=DecorView@41fdfac[]
10-11 13:17:46.993  1320  1320 D DecorView: setCaptionType = 0, this = DecorView@41fdfac[]
10-11 13:17:46.996  1320  1320 I DecorView: getCurrentDensityDpi: from app context. densityDpi=420 msg=resources_loaded
10-11 13:17:46.996  1320  1320 I DecorView: setWindowBackground: isPopOver=false color=0 d=android.graphics.drawable.ColorDrawable@4544c0a
10-11 13:17:47.001  1320  1342 D NativeCustomFrequencyManager: [NativeCFMS] BpCustomFrequencyManager::BpCustomFrequencyManager()
10-11 13:17:47.002  1320  1320 I DecorView: notifyKeepScreenOnChanged: keepScreenOn=false
