10-11 20:33:48.971  1191  1191 I ViewRootImpl@6784265[MainActivity]: applyTransactionOnDraw: mRemoved = false isHardwareEnabled = true t = 0x7b2a4b6400android.view.ViewRootImpl.applyTransactionOnDrawFromReleaseSurfaces:12850 android.view.SurfaceView.applyTransactionOnVriDraw:2046 android.view.SurfaceView.releaseSurfaces:858 android.view.SurfaceView.updateSurface:1172 android.view.SurfaceView.onWindowVisibilityChanged:371 
10-11 20:33:48.971  1191  1191 V SurfaceView@a20e56e: Layout: x=0 y=218 w=1080 h=525, frame=Rect(0, 0 - 1080, 525)
10-11 20:33:48.971  1191  1191 I SurfaceView@a20e56e: onDetachedFromWindow: tryReleaseSurfaces()
10-11 20:33:48.971  1191  1191 I SurfaceView@a20e56e: releaseSurfaces: viewRoot = ViewRootImpl@6784265[MainActivity]
10-11 20:33:48.971  1191  1191 I SurfaceView@a20e56e: applyTransactionOnVriDraw: vri = ViewRootImpl@6784265[MainActivity] fRS = true t = 0x7b2a4b6500 android.view.SurfaceView.releaseSurfaces:858 android.view.SurfaceView.onDetachedFromWindow:500 android.view.View.dispatchDetachedFromWindow:22538 
10-11 20:33:48.971  1191  1191 I SurfaceView@a20e56e: applyTransactionOnVriDraw: viewRoot.applyTransactionOnDrawFromReleaseSurfaces
10-11 20:33:48.971  1191  1191 I ViewRootImpl@6784265[MainActivity]: applyTransactionOnDraw: mRemoved = false isHardwareEnabled = true t = 0x7b2a4b6500android.view.ViewRootImpl.applyTransactionOnDrawFromReleaseSurfaces:12850 android.view.SurfaceView.applyTransactionOnVriDraw:2046 android.view.SurfaceView.releaseSurfaces:858 android.view.SurfaceView.onDetachedFromWindow:500 android.view.View.dispatchDetachedFromWindow:22538 
10-11 20:33:48.977  1191  1191 I DecorView: notifyKeepScreenOnChanged: keepScreenOn=false
10-11 20:33:48.977  1191  1191 I CS3ExoPlayer: releasePlayer
10-11 20:33:48.977  1191  1191 I CS3ExoPlayer: Handle event: PlayerAttachedEvent(player=null, source=Player)
10-11 20:33:48.978  1191  1191 I DecorView: notifyKeepScreenOnChanged: keepScreenOn=false
10-11 20:33:48.979  1191  1191 I ViewRootImpl@6784265[MainActivity]: performTraversals params={(0,0)(fillxfill) sim={state=always_hidden adjust=resize} ty=BASE_APPLICATION wanim=0x1030309
10-11 20:33:48.979  1191  1191 I ViewRootImpl@6784265[MainActivity]:   fl=85810100
10-11 20:33:48.979  1191  1191 I ViewRootImpl@6784265[MainActivity]:   pfl=12020040
10-11 20:33:48.979  1191  1191 I ViewRootImpl@6784265[MainActivity]:   vsysui=500
10-11 20:33:48.979  1191  1191 I ViewRootImpl@6784265[MainActivity]:   bhv=DEFAULT
10-11 20:33:48.979  1191  1191 I ViewRootImpl@6784265[MainActivity]:   fitSides= naviIconColor=0}
10-11 20:33:48.979  1191  1191 I ViewRootImpl@6784265[MainActivity]: performTraversals mFirst=false windowShouldResize=false viewVisibilityChanged=false mForceNextWindowRelayout=false params={(0,0)(fillxfill) sim={state=always_hidden adjust=resize} ty=BASE_APPLICATION fmt=TRANSLUCENT wanim=0x1030309
10-11 20:33:48.979  1191  1191 I ViewRootImpl@6784265[MainActivity]:   fl=85810100
10-11 20:33:48.979  1191  1191 I ViewRootImpl@6784265[MainActivity]:   pfl=12020040
10-11 20:33:48.979  1191  1191 I ViewRootImpl@6784265[MainActivity]:   vsysui=500
10-11 20:33:48.979  1191  1191 I ViewRootImpl@6784265[MainActivity]:   bhv=DEFAULT
10-11 20:33:48.979  1191  1191 I ViewRootImpl@6784265[MainActivity]:   fitSides= naviIconColor=0}
10-11 20:33:48.983  1191  1191 I ViewRootImpl@6784265[MainActivity]: updateBlastSurfaceIfNeeded mBlastBufferQueue=0x7b5a75f800 isSameSurfaceControl=true
10-11 20:33:48.984  1191  1191 I BLASTBufferQueue: update, w= 1080 h= 2400 mName = ViewRootImpl@6784265[MainActivity] mNativeObject= 0x7b5a75f800 sc.mNativeObject= 0x7b2a4b9940 format= -3 caller= android.view.ViewRootImpl.updateBlastSurfaceIfNeeded:2898 android.view.ViewRootImpl.relayoutWindow:9847 android.view.ViewRootImpl.performTraversals:3884 android.view.ViewRootImpl.doTraversal:3116 android.view.ViewRootImpl$TraversalRunnable.run:10885 android.view.Choreographer$CallbackRecord.run:1301 
10-11 20:33:48.984  1191  1191 I ViewRootImpl@6784265[MainActivity]: Relayout returned: old=(0,0,1080,2400) new=(0,0,1080,2400) req=(1080,2400)0 dur=4 res=0x0 s={true 0x7b5a7df800} ch=false seqId=0
10-11 20:33:48.984  1191  1191 I ViewRootImpl@6784265[MainActivity]: updateBoundsLayer: t = android.view.SurfaceControl$Transaction@f0afc8f sc = Surface(name=Bounds for - com.lagradost.cloudstream3/com.lagradost.cloudstream3.MainActivity@0)/@0x63b4b1c frame = 716
10-11 20:33:48.984  1191  1191 I ViewRootImpl@6784265[MainActivity]: mWNT: t=0x7b5a921900 mBlastBufferQueue=0x7b5a75f800 fn= 716 caller= android.view.ViewRootImpl.prepareSurfaces:2985 android.view.ViewRootImpl.performTraversals:4233 android.view.ViewRootImpl.doTraversal:3116 
10-11 20:33:48.985  1191  1215 D SurfaceView@a20e56e: windowPositionLost, frameNr = 716
10-11 20:33:48.985  1191  1276 I ViewRootImpl@6784265[MainActivity]: mWNT: t=0x7b2a4b6300 mBlastBufferQueue=0x7b5a75f800 fn= 716 caller= android.view.ViewRootImpl.lambda$applyTransactionOnDraw$11$android-view-ViewRootImpl:12865 android.view.ViewRootImpl$$ExternalSyntheticLambda1.onFrameDraw:4 android.graphics.HardwareRenderer$FrameDrawingCallback.onFrameDraw:924 
10-11 20:33:48.985  1191  1276 I ViewRootImpl@6784265[MainActivity]: mWNT: t=0x7b2a4b6400 mBlastBufferQueue=0x7b5a75f800 fn= 716 caller= android.view.ViewRootImpl.lambda$applyTransactionOnDraw$11$android-view-ViewRootImpl:12865 android.view.ViewRootImpl$$ExternalSyntheticLambda1.onFrameDraw:4 android.graphics.HardwareRenderer$FrameDrawingCallback.onFrameDraw:924 
10-11 20:33:48.986  1191  1276 I ViewRootImpl@6784265[MainActivity]: mWNT: t=0x7b2a4b6500 mBlastBufferQueue=0x7b5a75f800 fn= 716 caller= android.view.ViewRootImpl.lambda$applyTransactionOnDraw$11$android-view-ViewRootImpl:12865 android.view.ViewRootImpl$$ExternalSyntheticLambda1.onFrameDraw:4 android.graphics.HardwareRenderer$FrameDrawingCallback.onFrameDraw:924 
10-11 20:33:49.734  1191  1191 I ViewRootImpl@6784265[MainActivity]: ViewPostIme pointer 0
10-11 20:33:49.866  1191  1191 I ViewRootImpl@6784265[MainActivity]: ViewPostIme pointer 1
10-11 20:33:55.298  1191  1191 I ViewRootImpl@6784265[MainActivity]: ViewPostIme pointer 0
10-11 20:33:55.421  1191  1191 I ViewRootImpl@6784265[MainActivity]: ViewPostIme pointer 1
10-11 20:33:56.496  1191  1191 I ViewRootImpl@6784265[MainActivity]: ViewPostIme pointer 0
10-11 20:33:56.553  1191  1191 I ViewRootImpl@6784265[MainActivity]: ViewPostIme pointer 1
10-11 20:33:56.573  1191  1191 I NavComponent: Navigating to fragment: 2131362274
10-11 20:33:56.575  1191  1191 I IMM_LC  : hsifw() - flag : 0
10-11 20:33:56.575  1191  1191 I IMM_LC  : hsifw() - mService.hideSoftInput
10-11 20:33:56.611  1191  1191 D ScrollView: initGoToTop
10-11 20:33:56.825  1191  1191 I SurfaceView@28eb46d: onWindowVisibilityChanged(0) true android.view.SurfaceView{28eb46d V.E..V... ......I. 0,0-0,0} of ViewRootImpl@6784265[MainActivity]
10-11 20:33:56.825  1191  1191 D SurfaceView@28eb46d: updateSurface: has no frame
10-11 20:33:56.831  1191  1191 I CS3ExoPlayer: SET STYLE = SaveCaptionStyle(foregroundColor=-1, backgroundColor=0, windowColor=0, edgeType=1, edgeColor=-16777216, typeface=null, typefaceFilePath=null, elevation=20, fixedTextSize=null, edgeSize=null, removeCaptions=false, removeBloat=true, upperCase=false, bold=false, italic=false, backgroundRadius=null)
10-11 20:33:56.837  1191  1191 I IMM_LC  : hsifw() - flag : 0
10-11 20:33:56.837  1191  1191 I IMM_LC  : hsifw() - mService.hideSoftInput
10-11 20:33:56.840  1191  1254 I SYNCVM  : addFromUrl = https://tv6.egydead.live/%d9%85%d8%b4%d8%a7%d9%87%d8%af%d8%a9-%d9%81%d9%8a%d9%84%d9%85-omniscient-reader-the-prophecy-2025-%d9%85%d8%aa%d8%b1%d8%ac%d9%85/
10-11 20:33:56.840  1191  1254 I SYNCUTIL: getIdsFromUrl https://tv6.egydead.live/%d9%85%d8%b4%d8%a7%d9%87%d8%af%d8%a9-%d9%81%d9%8a%d9%84%d9%85-omniscient-reader-the-prophecy-2025-%d9%85%d8%aa%d8%b1%d8%ac%d9%85/
10-11 20:33:56.849  1191  1191 I SurfaceView@28eb46d: onWindowVisibilityChanged(8) false android.view.SurfaceView{28eb46d V.E..V... ......I. 0,0-0,0} of ViewRootImpl@6784265[MainActivity]
10-11 20:33:56.849  1191  1191 D SurfaceView@28eb46d: updateSurface: has no frame
10-11 20:33:56.849  1191  1191 D SurfaceView@28eb46d: updateSurface: has no frame
10-11 20:33:56.849  1191  1191 I SurfaceView@28eb46d: onDetachedFromWindow: tryReleaseSurfaces()
10-11 20:33:56.849  1191  1191 I SurfaceView@28eb46d: releaseSurfaces: viewRoot = ViewRootImpl@6784265[MainActivity]
10-11 20:33:56.850  1191  1191 I SurfaceView@28eb46d: applyTransactionOnVriDraw: vri = ViewRootImpl@6784265[MainActivity] fRS = true t = 0x7b2a0db400 android.view.SurfaceView.releaseSurfaces:858 android.view.SurfaceView.onDetachedFromWindow:500 android.view.View.dispatchDetachedFromWindow:22538 
10-11 20:33:56.850  1191  1191 I SurfaceView@28eb46d: applyTransactionOnVriDraw: viewRoot.applyTransactionOnDrawFromReleaseSurfaces
10-11 20:33:56.850  1191  1191 I ViewRootImpl@6784265[MainActivity]: applyTransactionOnDraw: mRemoved = false isHardwareEnabled = true t = 0x7b2a0db400android.view.ViewRootImpl.applyTransactionOnDrawFromReleaseSurfaces:12850 android.view.SurfaceView.applyTransactionOnVriDraw:2046 android.view.SurfaceView.releaseSurfaces:858 android.view.SurfaceView.onDetachedFromWindow:500 android.view.View.dispatchDetachedFromWindow:22538 
10-11 20:33:56.852  1191  1191 I SurfaceView@28eb46d: onWindowVisibilityChanged(0) true android.view.SurfaceView{28eb46d V.E..V... ......I. 0,0-0,0} of ViewRootImpl@6784265[MainActivity]
10-11 20:33:56.852  1191  1191 D SurfaceView@28eb46d: updateSurface: has no frame
10-11 20:33:56.855  1191  1191 I DecorView: notifyKeepScreenOnChanged: keepScreenOn=false
10-11 20:33:56.861  1191  1191 I CS3ExoPlayer: reloadPlayer
10-11 20:33:56.861  1191  1191 I CS3ExoPlayer: releasePlayer
10-11 20:33:56.861  1191  1191 I CS3ExoPlayer: Handle event: PlayerAttachedEvent(player=null, source=Player)
10-11 20:33:56.865  1191  1191 I ViewRootImpl@6784265[MainActivity]: performTraversals params={(0,0)(fillxfill) sim={state=always_hidden adjust=resize} ty=BASE_APPLICATION wanim=0x1030309
10-11 20:33:56.865  1191  1191 I ViewRootImpl@6784265[MainActivity]:   fl=85810100
10-11 20:33:56.865  1191  1191 I ViewRootImpl@6784265[MainActivity]:   pfl=12020040
10-11 20:33:56.865  1191  1191 I ViewRootImpl@6784265[MainActivity]:   vsysui=500
10-11 20:33:56.865  1191  1191 I ViewRootImpl@6784265[MainActivity]:   bhv=DEFAULT
10-11 20:33:56.865  1191  1191 I ViewRootImpl@6784265[MainActivity]:   fitSides= naviIconColor=0}
10-11 20:33:56.866  1191  1191 I ViewRootImpl@6784265[MainActivity]: performTraversals mFirst=false windowShouldResize=false viewVisibilityChanged=false mForceNextWindowRelayout=false params={(0,0)(fillxfill) sim={state=always_hidden adjust=resize} ty=BASE_APPLICATION fmt=TRANSLUCENT wanim=0x1030309
10-11 20:33:56.866  1191  1191 I ViewRootImpl@6784265[MainActivity]:   fl=85810100
10-11 20:33:56.866  1191  1191 I ViewRootImpl@6784265[MainActivity]:   pfl=12020040
10-11 20:33:56.866  1191  1191 I ViewRootImpl@6784265[MainActivity]:   vsysui=500
10-11 20:33:56.866  1191  1191 I ViewRootImpl@6784265[MainActivity]:   bhv=DEFAULT
10-11 20:33:56.866  1191  1191 I ViewRootImpl@6784265[MainActivity]:   fitSides= naviIconColor=0}
10-11 20:33:56.874  1191  1191 I ViewRootImpl@6784265[MainActivity]: updateBlastSurfaceIfNeeded mBlastBufferQueue=0x7b5a75f800 isSameSurfaceControl=true
10-11 20:33:56.874  1191  1191 I BLASTBufferQueue: update, w= 1080 h= 2400 mName = ViewRootImpl@6784265[MainActivity] mNativeObject= 0x7b5a75f800 sc.mNativeObject= 0x7b12c2ff20 format= -3 caller= android.view.ViewRootImpl.updateBlastSurfaceIfNeeded:2898 android.view.ViewRootImpl.relayoutWindow:9847 android.view.ViewRootImpl.performTraversals:3884 android.view.ViewRootImpl.doTraversal:3116 android.view.ViewRootImpl$TraversalRunnable.run:10885 android.view.Choreographer$CallbackRecord.run:1301 
10-11 20:33:56.874  1191  1191 I ViewRootImpl@6784265[MainActivity]: Relayout returned: old=(0,0,1080,2400) new=(0,0,1080,2400) req=(1080,2400)0 dur=8 res=0x0 s={true 0x7b5a7df800} ch=false seqId=0
10-11 20:33:56.875  1191  1191 I ViewRootImpl@6784265[MainActivity]: updateBoundsLayer: t = android.view.SurfaceControl$Transaction@f0afc8f sc = Surface(name=Bounds for - com.lagradost.cloudstream3/com.lagradost.cloudstream3.MainActivity@0)/@0x63b4b1c frame = 888
10-11 20:33:56.875  1191  1191 I ViewRootImpl@6784265[MainActivity]: mWNT: t=0x7b5a921900 mBlastBufferQueue=0x7b5a75f800 fn= 888 caller= android.view.ViewRootImpl.prepareSurfaces:2985 android.view.ViewRootImpl.performTraversals:4233 android.view.ViewRootImpl.doTraversal:3116 
10-11 20:33:56.875  1191  1191 W View    : requestLayout() improperly called by android.widget.FrameLayout{b8bc724 I.E..V... ......I. 0,0-0,0 #7f0a04e7 app:id/start_panel} during layout: running second layout pass
10-11 20:33:56.875  1191  1191 W View    : requestLayout() improperly called by android.widget.FrameLayout{b08f28d I.E..V... ......ID 1080,0-1080,2143 #7f0a0168 app:id/end_panel} during layout: running second layout pass
10-11 20:33:56.877  1191  1191 D SurfaceView@28eb46d: updateSurface: has no frame
10-11 20:33:56.881  1191  1277 I ViewRootImpl@6784265[MainActivity]: mWNT: t=0x7b2a0db400 mBlastBufferQueue=0x7b5a75f800 fn= 888 caller= android.view.ViewRootImpl.lambda$applyTransactionOnDraw$11$android-view-ViewRootImpl:12865 android.view.ViewRootImpl$$ExternalSyntheticLambda1.onFrameDraw:4 android.graphics.HardwareRenderer$FrameDrawingCallback.onFrameDraw:924 
10-11 20:33:56.883  1191  1191 D SurfaceView@28eb46d: updateSurface: has no frame
10-11 20:33:56.905  1191  1191 D SurfaceView@28eb46d: updateSurface: has no frame
10-11 20:33:56.924  1191  1191 D SurfaceView@28eb46d: updateSurface: has no frame
10-11 20:33:56.951  1191  1191 D SurfaceView@28eb46d: updateSurface: has no frame
10-11 20:33:56.962  1191  1191 D SurfaceView@28eb46d: updateSurface: has no frame
10-11 20:33:56.981  1191  1191 D SurfaceView@28eb46d: updateSurface: has no frame
10-11 20:33:57.006  1191  1191 D SurfaceView@28eb46d: updateSurface: has no frame
10-11 20:33:57.015  1191  1199 I st.cloudstream3: Background concurrent copying GC freed 14MB AllocSpace bytes, 59(2944KB) LOS objects, 45% free, 28MB/52MB, paused 147us,72us total 206.305ms
10-11 20:33:57.020  1191  1191 D SurfaceView@28eb46d: updateSurface: has no frame
10-11 20:33:57.036  1191  1191 D SurfaceView@28eb46d: updateSurface: has no frame
10-11 20:33:57.042  1191  1215 D OpenGLRenderer: setSurface called with nullptr
10-11 20:33:57.042  1191  1200 D InputTransport: Input channel destroyed: 'ClientS', fd=140
10-11 20:33:57.053  1191  1191 D SurfaceView@28eb46d: updateSurface: has no frame
10-11 20:33:57.060  1191  1215 D OpenGLRenderer: setSurface called with nullptr
10-11 20:33:57.060  1191  1200 D InputTransport: Input channel destroyed: 'ClientS', fd=165
10-11 20:33:57.060  1191  1200 D InputTransport: Input channel destroyed: 'ClientS', fd=174
10-11 20:33:57.070  1191  1191 D SurfaceView@28eb46d: updateSurface: has no frame
10-11 20:33:57.078  1191  1215 D OpenGLRenderer: setSurface called with nullptr
10-11 20:33:57.078  1191  1200 D InputTransport: Input channel destroyed: 'ClientS', fd=159
10-11 20:33:57.079  1191  1200 D InputTransport: Input channel destroyed: 'ClientS', fd=119
10-11 20:33:57.087  1191  1191 D SurfaceView@28eb46d: updateSurface: has no frame
10-11 20:33:57.103  1191  1191 D SurfaceView@28eb46d: updateSurface: has no frame
10-11 20:33:57.120  1191  1191 D SurfaceView@28eb46d: updateSurface: has no frame
10-11 20:33:57.137  1191  1191 D SurfaceView@28eb46d: updateSurface: has no frame
10-11 20:33:57.153  1191  1191 D SurfaceView@28eb46d: updateSurface: has no frame
10-11 20:33:57.161  1191  1244 I RVM2    : applyMeta
10-11 20:33:57.165  1191  1191 W PanelsChildGestureRegionObserver: failed to register view with ID 2131362800. already registered
10-11 20:33:57.165  1191  1191 E CoilImgLoader: Error loading image: coil3.request.NullRequestDataException: The request's data is null.
10-11 20:33:57.167  1191  1191 E CoilImgLoader: Error loading image: coil3.request.NullRequestDataException: The request's data is null.
10-11 20:33:57.168  1191  1250 I SYNCVM  : addFromUrl = https://tv6.egydead.live/%d9%85%d8%b4%d8%a7%d9%87%d8%af%d8%a9-%d9%81%d9%8a%d9%84%d9%85-omniscient-reader-the-prophecy-2025-%d9%85%d8%aa%d8%b1%d8%ac%d9%85/
10-11 20:33:57.168  1191  1250 I SYNCUTIL: getIdsFromUrl https://tv6.egydead.live/%d9%85%d8%b4%d8%a7%d9%87%d8%af%d8%a9-%d9%81%d9%8a%d9%84%d9%85-omniscient-reader-the-prophecy-2025-%d9%85%d8%aa%d8%b1%d8%ac%d9%85/
10-11 20:33:57.187  1191  1191 D SurfaceView@28eb46d: updateSurface: has no frame
10-11 20:33:57.189  1191  1191 I SurfaceView@28eb46d: Changes: creating=true format=true size=true visible=true alpha=false hint=false mUseAlpha=false visible=true left=true top=true
10-11 20:33:57.193  1191  1191 I BLASTBufferQueue: update, w= 1080 h= 525 mName = null mNativeObject= 0x7ca9456d00 sc.mNativeObject= 0x7bdd300780 format= 4 caller= android.view.SurfaceView.createBlastSurfaceControls:1383 android.view.SurfaceView.updateSurface:1079 android.view.SurfaceView.lambda$new$0$android-view-SurfaceView:200 android.view.SurfaceView$$ExternalSyntheticLambda5.onPreDraw:2 android.view.ViewTreeObserver.dispatchOnPreDraw:1121 android.view.ViewRootImpl.performTraversals:4442 
10-11 20:33:57.193  1191  1191 I SurfaceView@28eb46d: 42906733 Cur surface: Surface(name=null)/@0x3ba5f29
10-11 20:33:57.194  1191  1191 I SurfaceView@28eb46d: pST: sr = Rect(0, 218 - 1080, 743) sw = 1080 sh = 525
10-11 20:33:57.194  1191  1191 D SurfaceView@28eb46d: performSurfaceTransaction RenderWorker position = [0, 218, 1080, 743] surfaceSize = 1080x525
10-11 20:33:57.195  1191  1191 I SurfaceView@28eb46d: applyTransactionOnVriDraw: vri = ViewRootImpl@6784265[MainActivity] fRS = false t = 0x7bed817000 android.view.SurfaceView.performSurfaceTransaction:959 android.view.SurfaceView.updateSurface:1105 android.view.SurfaceView.lambda$new$0$android-view-SurfaceView:200 
10-11 20:33:57.195  1191  1191 I ViewRootImpl@6784265[MainActivity]: applyTransactionOnDraw: mRemoved = false isHardwareEnabled = true t = 0x7bed817000android.view.SurfaceView.applyTransactionOnVriDraw:2048 android.view.SurfaceView.performSurfaceTransaction:959 android.view.SurfaceView.updateSurface:1105 android.view.SurfaceView.lambda$new$0$android-view-SurfaceView:200 android.view.SurfaceView$$ExternalSyntheticLambda5.onPreDraw:2 
10-11 20:33:57.195  1191  1191 I SurfaceView@28eb46d: updateSurface: mVisible = true mSurface.isValid() = true
10-11 20:33:57.195  1191  1191 I SurfaceView@28eb46d: updateSurface: mSurfaceCreated = false surfaceChanged = true visibleChanged = true
10-11 20:33:57.196  1191  1191 I SurfaceView@28eb46d: visibleChanged -- surfaceCreated
10-11 20:33:57.196  1191  1191 I SurfaceView@28eb46d: surfaceCreated 0 #8 android.view.SurfaceView{28eb46d V.E..V... ......ID 0,0-1080,525}
10-11 20:33:57.196  1191  1191 I SurfaceView@28eb46d: surfaceChanged -- format=4 w=1080 h=525
10-11 20:33:57.196  1191  1191 I SurfaceView@28eb46d: surfaceChanged (1080,525) 0 #8 android.view.SurfaceView{28eb46d V.E..V... ......ID 0,0-1080,525}
10-11 20:33:57.196  1191  1191 I SurfaceView@28eb46d: surfaceRedrawNeeded
10-11 20:33:57.197  1191  1191 V SurfaceView@28eb46d: Layout: x=0 y=218 w=1080 h=525, frame=Rect(0, 0 - 1080, 525)
10-11 20:33:57.207  1191  1276 D SurfaceView@28eb46d: updateSurfacePosition RenderWorker, frameNr = 905, position = [0, 218, 1080, 743] surfaceSize = 1080x525
10-11 20:33:57.208  1191  1276 I SurfaceView@28eb46d: uSP: rtp = Rect(0, 218 - 1080, 743) rtsw = 1080 rtsh = 525
10-11 20:33:57.208  1191  1276 I SurfaceView@28eb46d: onSSPAndSRT: pl = 0 pt = 218 sx = 1.0 sy = 1.0
10-11 20:33:57.208  1191  1276 I SurfaceView@28eb46d: aOrMT: ViewRootImpl@6784265[MainActivity] t = android.view.SurfaceControl$Transaction@af89a6b fN = 905 android.view.SurfaceView.-$$Nest$mapplyOrMergeTransaction:0 android.view.SurfaceView$SurfaceViewPositionUpdateListener.positionChanged:1537 android.graphics.RenderNode$CompositePositionUpdateListener.positionChanged:373 
10-11 20:33:57.208  1191  1276 I ViewRootImpl@6784265[MainActivity]: mWNT: t=0x7bed817500 mBlastBufferQueue=0x7b5a75f800 fn= 905 caller= android.view.SurfaceView.applyOrMergeTransaction:1455 android.view.SurfaceView.-$$Nest$mapplyOrMergeTransaction:0 android.view.SurfaceView$SurfaceViewPositionUpdateListener.positionChanged:1537 
10-11 20:33:57.209  1191  1276 I ViewRootImpl@6784265[MainActivity]: mWNT: t=0x7bed817000 mBlastBufferQueue=0x7b5a75f800 fn= 905 caller= android.view.ViewRootImpl.lambda$applyTransactionOnDraw$11$android-view-ViewRootImpl:12865 android.view.ViewRootImpl$$ExternalSyntheticLambda1.onFrameDraw:4 android.graphics.HardwareRenderer$FrameDrawingCallback.onFrameDraw:924 
10-11 20:33:57.226  1191  1191 I SurfaceView@28eb46d: finishedDrawing
10-11 20:33:57.770  1191  1191 I ViewRootImpl@6784265[MainActivity]: ViewPostIme pointer 0
10-11 20:33:58.295  1191  1191 I Dialog  : mIsDeviceDefault = false, mIsSamsungBasicInteraction = false, isMetaDataInActivity = false
10-11 20:33:58.321  1191  1191 I DecorView: [INFO] isPopOver=false config=false
10-11 20:33:58.321  1191  1191 I DecorView: updateCaptionType: isFloating=false isApplication=true hasWindowDecorCaption=false this=DecorView@30da00e[]
10-11 20:33:58.321  1191  1191 D DecorView: setCaptionType = 0, this = DecorView@30da00e[]
10-11 20:33:58.323  1191  1191 I DecorView: getCurrentDensityDpi: from app context. densityDpi=420 msg=resources_loaded
10-11 20:33:58.323  1191  1191 I DecorView: setWindowBackground: isPopOver=false color=0 d=android.graphics.drawable.ColorDrawable@b97283c
10-11 20:33:58.330  1191  1215 D NativeCustomFrequencyManager: [NativeCFMS] BpCustomFrequencyManager::BpCustomFrequencyManager()
10-11 20:33:58.331  1191  1191 I DecorView: notifyKeepScreenOnChanged: keepScreenOn=false
10-11 20:33:58.343  1191  1191 D InsetsController: onStateChanged: InsetsState: {mDisplayFrame=Rect(0, 0 - 1080, 2400), mDisplayCutout=DisplayCutout{insets=Rect(0, 88 - 0, 0) waterfall=Insets{left=0, top=0, right=0, bottom=0} boundingRect={Bounds=[Rect(0, 0 - 0, 0), Rect(512, 0 - 568, 88), Rect(0, 0 - 0, 0), Rect(0, 0 - 0, 0)]} cutoutPathParserInfo={CutoutPathParserInfo{displayWidth=1080 displayHeight=2400 physicalDisplayWidth=1080 physicalDisplayHeight=2400 density={2.625} cutoutSpec={M 0,0 M 0,12.25101276465640 a 10.60613009248640,10.60613009248640 0 1,0 0,21.21226018497290 a 10.60613009248640,10.60613009248640 0 1,0 0,-21.21226018497290 Z @dp} rotation={0} scale={1.0} physicalPixelDisplaySizeRatio={1.0}}}}, mRoundedCorners=RoundedCorners{[RoundedCorner{position=TopLeft, radius=84, center=Point(84, 84)}, RoundedCorner{position=TopRight, radius=84, center=Point(996, 84)}, RoundedCorner{position=BottomRight, radius=84, center=Point(996, 2316)}, RoundedCorner{position=BottomLeft, radius=84, center=Point(84, 2316)}]}  mRoundedCornerFrame=Rect(0, 0 - 1080, 2400), mPrivacyIndicatorBounds=PrivacyIndicatorBounds {static bounds=Rect(964, 0 - 1080, 87) rotation=0}, mSources= { InsetsSource: {mType=ITYPE_STATUS_BAR, mFrame=[0,0][1080,88], mVisible=true, mInsetsRoundedCornerFrame=false}, InsetsSource: {mType=ITYPE_NAVIGATION_BAR, mFrame=[0,2361][1080,2400], mVisible=true, mInsetsRoundedCornerFrame=false}, InsetsSource: {mType=ITYPE_LEFT_GESTURES, mFrame=[0,0][130,2400], mVisible=true, mInsetsRoundedCornerFrame=false}, InsetsSource: {mType=ITYPE_RIGHT_GESTURES, mFrame=[950,0][1080,2400], mVisible=true, mInsetsRoundedCornerFrame=false}, InsetsSource: {mType=ITYPE_TOP_MANDATORY_GESTURES, mFrame=[0,0][1080,120], mVisible=true, mInsetsRoundedCornerFrame=false}, InsetsSource: {mType=ITYPE_BOTTOM_MANDATORY_GESTURES, mFrame=[0,2316][1080,2400], mVisible=true, mInsetsRoundedCornerFrame=false}, InsetsSource: {mType=ITYPE_LEFT_DISPLAY_CUTOUT, mFrame=[0,0][-100000,2400], mVisible=true, mInsetsRoundedCornerFrame=false}, InsetsSource: {mType=ITYPE_TOP_DISPLAY_CUTOUT, mFrame=[0,0][1080,88], mVisible=true, mInsetsRoundedCornerFrame=false}, InsetsSource: {mType=ITYPE_RIGHT_DISPLAY_CUTOUT, mFrame=[100000,0][1080,2400], mVisible=true, mInsetsRoundedCornerFrame=false}, InsetsSource: {mType=ITYPE_BOTTOM_DISPLAY_CUTOUT, mFrame=[0,100000][1080,2400], mVisible=true, mInsetsRoundedCornerFrame=false}, InsetsSource: {mType=ITYPE_TOP_TAPPABLE_ELEMENT, mFrame=[0,0][1080,88], mVisible=true, mInsetsRoundedCornerFrame=false}, InsetsSource: {mType=ITYPE_BOTTOM_TAPPABLE_ELEMENT, mFrame=[0,0][0,0], mVisible=true, mInsetsRoundedCornerFrame=false}, InsetsSource: {mType=ITYPE_IME, mFrame=[0,0][0,0], mVisibleFrame=[0,1409][1080,2400], mVisible=false, mInsetsRoundedCornerFrame=false} } host=com.lagradost.cloudstream3/com.lagradost.cloudstream3.MainActivity from=android.view.ViewRootImpl.setView:1732
10-11 20:33:58.344  1191  1191 I ViewRootImpl@ffb3c7d[MainActivity]: setView = com.android.internal.policy.DecorView@30da00e TM=true
10-11 20:33:58.353  1191  1191 I ViewRootImpl@ffb3c7d[MainActivity]: performTraversals params={(0,0)(fillxfill) gr=CENTER sim={adjust=resize forwardNavigation} ty=APPLICATION fmt=TRANSPARENT wanim=0x7f14000b
10-11 20:33:58.353  1191  1191 I ViewRootImpl@ffb3c7d[MainActivity]:   fl=85810100
10-11 20:33:58.353  1191  1191 I ViewRootImpl@ffb3c7d[MainActivity]:   pfl=12020040
10-11 20:33:58.353  1191  1191 I ViewRootImpl@ffb3c7d[MainActivity]:   vsysui=500
10-11 20:33:58.353  1191  1191 I ViewRootImpl@ffb3c7d[MainActivity]:   bhv=DEFAULT
10-11 20:33:58.353  1191  1191 I ViewRootImpl@ffb3c7d[MainActivity]:   fitSides= naviIconColor=0}
10-11 20:33:58.353  1191  1191 I ViewRootImpl@ffb3c7d[MainActivity]: performTraversals mFirst=true windowShouldResize=true viewVisibilityChanged=false mForceNextWindowRelayout=false params={(0,0)(fillxfill) gr=CENTER sim={adjust=resize forwardNavigation} ty=APPLICATION fmt=TRANSPARENT wanim=0x7f14000b
10-11 20:33:58.353  1191  1191 I ViewRootImpl@ffb3c7d[MainActivity]:   fl=85810100
10-11 20:33:58.353  1191  1191 I ViewRootImpl@ffb3c7d[MainActivity]:   pfl=12020040
10-11 20:33:58.353  1191  1191 I ViewRootImpl@ffb3c7d[MainActivity]:   vsysui=500
10-11 20:33:58.353  1191  1191 I ViewRootImpl@ffb3c7d[MainActivity]:   bhv=DEFAULT
10-11 20:33:58.353  1191  1191 I ViewRootImpl@ffb3c7d[MainActivity]:   fitSides= naviIconColor=0}
10-11 20:33:58.366  1191  1191 I ViewRootImpl@ffb3c7d[MainActivity]: updateBlastSurfaceIfNeeded mBlastBufferQueue=null isSameSurfaceControl=false
10-11 20:33:58.367  1191  1191 I BLASTBufferQueue: new BLASTBufferQueue, mName= ViewRootImpl@ffb3c7d[MainActivity] mNativeObject= 0x7b5a718400 sc.mNativeObject= 0x7bdd304060 caller= android.view.ViewRootImpl.updateBlastSurfaceIfNeeded:2909 android.view.ViewRootImpl.relayoutWindow:9847 android.view.ViewRootImpl.performTraversals:3884 android.view.ViewRootImpl.doTraversal:3116 android.view.ViewRootImpl$TraversalRunnable.run:10885 android.view.Choreographer$CallbackRecord.run:1301 android.view.Choreographer$CallbackRecord.run:1309 android.view.Choreographer.doCallbacks:923 android.view.Choreographer.doFrame:852 android.view.Choreographer$FrameDisplayEventReceiver.run:1283 
10-11 20:33:58.367  1191  1191 I BLASTBufferQueue: update, w= 1080 h= 2400 mName = ViewRootImpl@ffb3c7d[MainActivity] mNativeObject= 0x7b5a718400 sc.mNativeObject= 0x7bdd304060 format= -2 caller= android.graphics.BLASTBufferQueue.<init>:84 android.view.ViewRootImpl.updateBlastSurfaceIfNeeded:2909 android.view.ViewRootImpl.relayoutWindow:9847 android.view.ViewRootImpl.performTraversals:3884 android.view.ViewRootImpl.doTraversal:3116 android.view.ViewRootImpl$TraversalRunnable.run:10885 
10-11 20:33:58.367  1191  1191 I ViewRootImpl@ffb3c7d[MainActivity]: Relayout returned: old=(0,0,1080,2400) new=(0,0,1080,2400) req=(1080,2400)0 dur=12 res=0x3 s={true 0x7bdd42c000} ch=true seqId=0
10-11 20:33:58.368  1191  1191 I ViewRootImpl@ffb3c7d[MainActivity]: mThreadedRenderer.initialize() mSurface={isValid=true 0x7bdd42c000} hwInitialized=true
10-11 20:33:58.369  1191  1215 D OpenGLRenderer: eglCreateWindowSurface
10-11 20:33:58.383  1191  1191 D AbsListView:  in onLayout changed 
10-11 20:33:58.384  1191  1191 I ViewRootImpl@ffb3c7d[MainActivity]: reportNextDraw android.view.ViewRootImpl.performTraversals:4438 android.view.ViewRootImpl.doTraversal:3116 android.view.ViewRootImpl$TraversalRunnable.run:10885 android.view.Choreographer$CallbackRecord.run:1301 android.view.Choreographer$CallbackRecord.run:1309 
10-11 20:33:58.385  1191  1191 I ViewRootImpl@ffb3c7d[MainActivity]: Setup new sync id=0
10-11 20:33:58.385  1191  1191 I ViewRootImpl@ffb3c7d[MainActivity]: Setting syncFrameCallback
10-11 20:33:58.385  1191  1191 I ViewRootImpl@ffb3c7d[MainActivity]: registerCallbacksForSync syncBuffer=false
10-11 20:33:58.388  1191  1277 I ViewRootImpl@ffb3c7d[MainActivity]: Received frameDrawingCallback syncResult=0 frameNum=1.
10-11 20:33:58.388  1191  1277 I ViewRootImpl@ffb3c7d[MainActivity]: Setting up sync and frameCommitCallback
10-11 20:33:58.393  1191  1215 I BLASTBufferQueue: [ViewRootImpl@ffb3c7d[MainActivity]#12](f:0,a:0) onFrameAvailable the first frame is available
10-11 20:33:58.394  1191  1215 I ViewRootImpl@ffb3c7d[MainActivity]: Received frameCommittedCallback lastAttemptedDrawFrameNum=1 didProduceBuffer=true
10-11 20:33:58.396  1191  1215 D OpenGLRenderer: CFMS:: SetUp Pid : 1191    Tid : 1215
10-11 20:33:58.401  1191  1191 I ViewRootImpl@ffb3c7d[MainActivity]: onSyncComplete
10-11 20:33:58.401  1191  1191 I ViewRootImpl@ffb3c7d[MainActivity]: setupSync seqId=0 mSyncId=0 fn=1 caller=android.view.ViewRootImpl$$ExternalSyntheticLambda11.accept:6 android.window.SurfaceSyncer.lambda$setupSync$1$android-window-SurfaceSyncer:128 android.window.SurfaceSyncer$$ExternalSyntheticLambda1.accept:8 android.window.SurfaceSyncer$SyncSet.checkIfSyncIsComplete:382 android.window.SurfaceSyncer$SyncSet.markSyncReady:359 android.window.SurfaceSyncer.markSyncReady:151 android.view.ViewRootImpl.performTraversals:4503 
10-11 20:33:58.402  1191  1191 I ViewRootImpl@ffb3c7d[MainActivity]: reportDrawFinished seqId=0 mSyncId=-1 fn=1 mSurfaceChangedTransaction=0x7bed84a900
10-11 20:33:58.406  1191  1191 I ViewRootImpl@6784265[MainActivity]: MSG_WINDOW_FOCUS_CHANGED 0 0
10-11 20:33:58.455  1191  1191 I ViewRootImpl@ffb3c7d[MainActivity]: MSG_WINDOW_FOCUS_CHANGED 1 0
10-11 20:33:58.455  1191  1191 I ViewRootImpl@ffb3c7d[MainActivity]: mThreadedRenderer.initializeIfNeeded()#2 mSurface={isValid=true 0x7bdd42c000}
10-11 20:33:58.456  1191  1191 D InputMethodManager: startInputInner - Id : 0
10-11 20:33:58.457  1191  1191 I InputMethodManager: startInputInner - mService.startInputOrWindowGainedFocus
10-11 20:33:58.779  1191  1191 I ViewRootImpl@6784265[MainActivity]: ViewPostIme pointer 1
10-11 20:33:59.631  1191  1191 I ViewRootImpl@ffb3c7d[MainActivity]: ViewPostIme pointer 0
10-11 20:33:59.689  1191  1191 I ViewRootImpl@ffb3c7d[MainActivity]: ViewPostIme pointer 1
10-11 20:33:59.694  1191  1191 I MSHandlerLifeCycle: removeMultiSplitHandler: no exist. decor=DecorView@30da00e[MainActivity]
10-11 20:33:59.695  1191  1215 D OpenGLRenderer: setSurface called with nullptr
10-11 20:33:59.695  1191  1215 D OpenGLRenderer: setSurface() destroyed EGLSurface
10-11 20:33:59.696  1191  1215 D OpenGLRenderer: destroyEglSurface
10-11 20:33:59.698  1191  1191 I ViewRootImpl@ffb3c7d[MainActivity]: dispatchDetachedFromWindow
10-11 20:33:59.724  1191  1191 D InputTransport: Input channel destroyed: '2a144e6', fd=153
10-11 20:33:59.730  1191  1191 D InsetsController: onStateChanged: InsetsState: {mDisplayFrame=Rect(0, 0 - 1080, 2400), mDisplayCutout=DisplayCutout{insets=Rect(0, 88 - 0, 0) waterfall=Insets{left=0, top=0, right=0, bottom=0} boundingRect={Bounds=[Rect(0, 0 - 0, 0), Rect(512, 0 - 568, 88), Rect(0, 0 - 0, 0), Rect(0, 0 - 0, 0)]} cutoutPathParserInfo={CutoutPathParserInfo{displayWidth=1080 displayHeight=2400 physicalDisplayWidth=1080 physicalDisplayHeight=2400 density={2.625} cutoutSpec={M 0,0 M 0,12.25101276465640 a 10.60613009248640,10.60613009248640 0 1,0 0,21.21226018497290 a 10.60613009248640,10.60613009248640 0 1,0 0,-21.21226018497290 Z @dp} rotation={0} scale={1.0} physicalPixelDisplaySizeRatio={1.0}}}}, mRoundedCorners=RoundedCorners{[RoundedCorner{position=TopLeft, radius=84, center=Point(84, 84)}, RoundedCorner{position=TopRight, radius=84, center=Point(996, 84)}, RoundedCorner{position=BottomRight, radius=84, center=Point(996, 2316)}, RoundedCorner{position=BottomLeft, radius=84, center=Point(84, 2316)}]}  mRoundedCornerFrame=Rect(0, 0 - 1080, 2400), mPrivacyIndicatorBounds=PrivacyIndicatorBounds {static bounds=Rect(964, 0 - 1080, 87) rotation=0}, mSources= { InsetsSource: {mType=ITYPE_STATUS_BAR, mFrame=[0,0][1080,88], mVisible=true, mInsetsRoundedCornerFrame=false}, InsetsSource: {mType=ITYPE_NAVIGATION_BAR, mFrame=[0,2361][1080,2400], mVisible=true, mInsetsRoundedCornerFrame=false}, InsetsSource: {mType=ITYPE_LEFT_GESTURES, mFrame=[0,0][130,2400], mVisible=true, mInsetsRoundedCornerFrame=false}, InsetsSource: {mType=ITYPE_RIGHT_GESTURES, mFrame=[950,0][1080,2400], mVisible=true, mInsetsRoundedCornerFrame=false}, InsetsSource: {mType=ITYPE_TOP_MANDATORY_GESTURES, mFrame=[0,0][1080,120], mVisible=true, mInsetsRoundedCornerFrame=false}, InsetsSource: {mType=ITYPE_BOTTOM_MANDATORY_GESTURES, mFrame=[0,2316][1080,2400], mVisible=true, mInsetsRoundedCornerFrame=false}, InsetsSource: {mType=ITYPE_LEFT_DISPLAY_CUTOUT, mFrame=[0,0][-100000,2400], mVisible=true, mInsetsRoundedCornerFrame=false}, InsetsSource: {mType=ITYPE_TOP_DISPLAY_CUTOUT, mFrame=[0,0][1080,88], mVisible=true, mInsetsRoundedCornerFrame=false}, InsetsSource: {mType=ITYPE_RIGHT_DISPLAY_CUTOUT, mFrame=[100000,0][1080,2400], mVisible=true, mInsetsRoundedCornerFrame=false}, InsetsSource: {mType=ITYPE_BOTTOM_DISPLAY_CUTOUT, mFrame=[0,100000][1080,2400], mVisible=true, mInsetsRoundedCornerFrame=false}, InsetsSource: {mType=ITYPE_TOP_TAPPABLE_ELEMENT, mFrame=[0,0][1080,88], mVisible=true, mInsetsRoundedCornerFrame=false}, InsetsSource: {mType=ITYPE_BOTTOM_TAPPABLE_ELEMENT, mFrame=[0,0][0,0], mVisible=true, mInsetsRoundedCornerFrame=false} } host=com.lagradost.cloudstream3/com.lagradost.cloudstream3.MainActivity from=android.view.ViewRootImpl$ViewRootHandler.handleMessageImpl:6740
10-11 20:33:59.755  1191  1191 I ViewRootImpl@6784265[MainActivity]: MSG_WINDOW_FOCUS_CHANGED 1 0
10-11 20:33:59.755  1191  1191 I ViewRootImpl@6784265[MainActivity]: mThreadedRenderer.initializeIfNeeded()#2 mSurface={isValid=true 0x7b5a7df800}
10-11 20:33:59.764  1191  1191 D InputMethodManager: startInputInner - Id : 0
10-11 20:33:59.764  1191  1191 I InputMethodManager: startInputInner - mService.startInputOrWindowGainedFocus
10-11 20:34:00.235  1191  1191 I ViewRootImpl@6784265[MainActivity]: ViewPostIme pointer 0
10-11 20:34:00.752  1191  1191 I Dialog  : mIsDeviceDefault = false, mIsSamsungBasicInteraction = false, isMetaDataInActivity = false
10-11 20:34:00.826  1191  1191 I DecorView: [INFO] isPopOver=false config=false
10-11 20:34:00.826  1191  1191 I DecorView: updateCaptionType: isFloating=false isApplication=true hasWindowDecorCaption=false this=DecorView@9c24362[]
10-11 20:34:00.826  1191  1191 D DecorView: setCaptionType = 0, this = DecorView@9c24362[]
10-11 20:34:00.827  1191  1191 I DecorView: getCurrentDensityDpi: from app context. densityDpi=420 msg=resources_loaded
10-11 20:34:00.828  1191  1191 I DecorView: setWindowBackground: isPopOver=false color=0 d=android.graphics.drawable.ColorDrawable@916adb0
10-11 20:34:00.833  1191  1215 D NativeCustomFrequencyManager: [NativeCFMS] BpCustomFrequencyManager::BpCustomFrequencyManager()
10-11 20:34:00.834  1191  1191 I DecorView: notifyKeepScreenOnChanged: keepScreenOn=false
10-11 20:34:00.846  1191  1191 D InsetsController: onStateChanged: InsetsState: {mDisplayFrame=Rect(0, 0 - 1080, 2400), mDisplayCutout=DisplayCutout{insets=Rect(0, 88 - 0, 0) waterfall=Insets{left=0, top=0, right=0, bottom=0} boundingRect={Bounds=[Rect(0, 0 - 0, 0), Rect(512, 0 - 568, 88), Rect(0, 0 - 0, 0), Rect(0, 0 - 0, 0)]} cutoutPathParserInfo={CutoutPathParserInfo{displayWidth=1080 displayHeight=2400 physicalDisplayWidth=1080 physicalDisplayHeight=2400 density={2.625} cutoutSpec={M 0,0 M 0,12.25101276465640 a 10.60613009248640,10.60613009248640 0 1,0 0,21.21226018497290 a 10.60613009248640,10.60613009248640 0 1,0 0,-21.21226018497290 Z @dp} rotation={0} scale={1.0} physicalPixelDisplaySizeRatio={1.0}}}}, mRoundedCorners=RoundedCorners{[RoundedCorner{position=TopLeft, radius=84, center=Point(84, 84)}, RoundedCorner{position=TopRight, radius=84, center=Point(996, 84)}, RoundedCorner{position=BottomRight, radius=84, center=Point(996, 2316)}, RoundedCorner{position=BottomLeft, radius=84, center=Point(84, 2316)}]}  mRoundedCornerFrame=Rect(0, 0 - 1080, 2400), mPrivacyIndicatorBounds=PrivacyIndicatorBounds {static bounds=Rect(964, 0 - 1080, 87) rotation=0}, mSources= { InsetsSource: {mType=ITYPE_STATUS_BAR, mFrame=[0,0][1080,88], mVisible=true, mInsetsRoundedCornerFrame=false}, InsetsSource: {mType=ITYPE_NAVIGATION_BAR, mFrame=[0,2361][1080,2400], mVisible=true, mInsetsRoundedCornerFrame=false}, InsetsSource: {mType=ITYPE_LEFT_GESTURES, mFrame=[0,0][130,2400], mVisible=true, mInsetsRoundedCornerFrame=false}, InsetsSource: {mType=ITYPE_RIGHT_GESTURES, mFrame=[950,0][1080,2400], mVisible=true, mInsetsRoundedCornerFrame=false}, InsetsSource: {mType=ITYPE_TOP_MANDATORY_GESTURES, mFrame=[0,0][1080,120], mVisible=true, mInsetsRoundedCornerFrame=false}, InsetsSource: {mType=ITYPE_BOTTOM_MANDATORY_GESTURES, mFrame=[0,2316][1080,2400], mVisible=true, mInsetsRoundedCornerFrame=false}, InsetsSource: {mType=ITYPE_LEFT_DISPLAY_CUTOUT, mFrame=[0,0][-100000,2400], mVisible=true, mInsetsRoundedCornerFrame=false}, InsetsSource: {mType=ITYPE_TOP_DISPLAY_CUTOUT, mFrame=[0,0][1080,88], mVisible=true, mInsetsRoundedCornerFrame=false}, InsetsSource: {mType=ITYPE_RIGHT_DISPLAY_CUTOUT, mFrame=[100000,0][1080,2400], mVisible=true, mInsetsRoundedCornerFrame=false}, InsetsSource: {mType=ITYPE_BOTTOM_DISPLAY_CUTOUT, mFrame=[0,100000][1080,2400], mVisible=true, mInsetsRoundedCornerFrame=false}, InsetsSource: {mType=ITYPE_TOP_TAPPABLE_ELEMENT, mFrame=[0,0][1080,88], mVisible=true, mInsetsRoundedCornerFrame=false}, InsetsSource: {mType=ITYPE_BOTTOM_TAPPABLE_ELEMENT, mFrame=[0,0][0,0], mVisible=true, mInsetsRoundedCornerFrame=false}, InsetsSource: {mType=ITYPE_IME, mFrame=[0,0][0,0], mVisibleFrame=[0,1409][1080,2400], mVisible=false, mInsetsRoundedCornerFrame=false} } host=com.lagradost.cloudstream3/com.lagradost.cloudstream3.MainActivity from=android.view.ViewRootImpl.setView:1732
10-11 20:34:00.847  1191  1191 I ViewRootImpl@78ecf61[MainActivity]: setView = com.android.internal.policy.DecorView@9c24362 TM=true
10-11 20:34:00.851  1191  1191 I ViewRootImpl@78ecf61[MainActivity]: performTraversals params={(0,0)(fillxfill) gr=CENTER sim={adjust=resize forwardNavigation} ty=APPLICATION fmt=TRANSPARENT wanim=0x7f14000b
10-11 20:34:00.851  1191  1191 I ViewRootImpl@78ecf61[MainActivity]:   fl=85810100
10-11 20:34:00.851  1191  1191 I ViewRootImpl@78ecf61[MainActivity]:   pfl=12020040
10-11 20:34:00.851  1191  1191 I ViewRootImpl@78ecf61[MainActivity]:   vsysui=500
10-11 20:34:00.851  1191  1191 I ViewRootImpl@78ecf61[MainActivity]:   bhv=DEFAULT
10-11 20:34:00.851  1191  1191 I ViewRootImpl@78ecf61[MainActivity]:   fitSides= naviIconColor=0}
10-11 20:34:00.852  1191  1191 I ViewRootImpl@78ecf61[MainActivity]: performTraversals mFirst=true windowShouldResize=true viewVisibilityChanged=false mForceNextWindowRelayout=false params={(0,0)(fillxfill) gr=CENTER sim={adjust=resize forwardNavigation} ty=APPLICATION fmt=TRANSPARENT wanim=0x7f14000b
10-11 20:34:00.852  1191  1191 I ViewRootImpl@78ecf61[MainActivity]:   fl=85810100
10-11 20:34:00.852  1191  1191 I ViewRootImpl@78ecf61[MainActivity]:   pfl=12020040
10-11 20:34:00.852  1191  1191 I ViewRootImpl@78ecf61[MainActivity]:   vsysui=500
10-11 20:34:00.852  1191  1191 I ViewRootImpl@78ecf61[MainActivity]:   bhv=DEFAULT
10-11 20:34:00.852  1191  1191 I ViewRootImpl@78ecf61[MainActivity]:   fitSides= naviIconColor=0}
10-11 20:34:00.871  1191  1191 I ViewRootImpl@78ecf61[MainActivity]: updateBlastSurfaceIfNeeded mBlastBufferQueue=null isSameSurfaceControl=false
10-11 20:34:00.872  1191  1191 I BLASTBufferQueue: new BLASTBufferQueue, mName= ViewRootImpl@78ecf61[MainActivity] mNativeObject= 0x7b5a718400 sc.mNativeObject= 0x7b5a7cd900 caller= android.view.ViewRootImpl.updateBlastSurfaceIfNeeded:2909 android.view.ViewRootImpl.relayoutWindow:9847 android.view.ViewRootImpl.performTraversals:3884 android.view.ViewRootImpl.doTraversal:3116 android.view.ViewRootImpl$TraversalRunnable.run:10885 android.view.Choreographer$CallbackRecord.run:1301 android.view.Choreographer$CallbackRecord.run:1309 android.view.Choreographer.doCallbacks:923 android.view.Choreographer.doFrame:852 android.view.Choreographer$FrameDisplayEventReceiver.run:1283 
10-11 20:34:00.872  1191  1191 I BLASTBufferQueue: update, w= 1080 h= 2400 mName = ViewRootImpl@78ecf61[MainActivity] mNativeObject= 0x7b5a718400 sc.mNativeObject= 0x7b5a7cd900 format= -2 caller= android.graphics.BLASTBufferQueue.<init>:84 android.view.ViewRootImpl.updateBlastSurfaceIfNeeded:2909 android.view.ViewRootImpl.relayoutWindow:9847 android.view.ViewRootImpl.performTraversals:3884 android.view.ViewRootImpl.doTraversal:3116 android.view.ViewRootImpl$TraversalRunnable.run:10885 
10-11 20:34:00.873  1191  1191 I ViewRootImpl@78ecf61[MainActivity]: Relayout returned: old=(0,0,1080,2400) new=(0,0,1080,2400) req=(1080,2400)0 dur=19 res=0x3 s={true 0x7bdd42c000} ch=true seqId=0
10-11 20:34:00.874  1191  1191 I ViewRootImpl@78ecf61[MainActivity]: mThreadedRenderer.initialize() mSurface={isValid=true 0x7bdd42c000} hwInitialized=true
10-11 20:34:00.874  1191  1215 D OpenGLRenderer: eglCreateWindowSurface
10-11 20:34:00.876  1191  1191 I ViewRootImpl@78ecf61[MainActivity]: reportNextDraw android.view.ViewRootImpl.performTraversals:4438 android.view.ViewRootImpl.doTraversal:3116 android.view.ViewRootImpl$TraversalRunnable.run:10885 android.view.Choreographer$CallbackRecord.run:1301 android.view.Choreographer$CallbackRecord.run:1309 
10-11 20:34:00.876  1191  1191 I ViewRootImpl@78ecf61[MainActivity]: Setup new sync id=0
10-11 20:34:00.876  1191  1191 I ViewRootImpl@78ecf61[MainActivity]: Setting syncFrameCallback
10-11 20:34:00.876  1191  1191 I ViewRootImpl@78ecf61[MainActivity]: registerCallbacksForSync syncBuffer=false
10-11 20:34:00.878  1191  1276 I ViewRootImpl@78ecf61[MainActivity]: Received frameDrawingCallback syncResult=0 frameNum=1.
10-11 20:34:00.878  1191  1276 I ViewRootImpl@78ecf61[MainActivity]: Setting up sync and frameCommitCallback
10-11 20:34:00.887  1191  1215 I BLASTBufferQueue: [ViewRootImpl@78ecf61[MainActivity]#13](f:0,a:0) onFrameAvailable the first frame is available
10-11 20:34:00.888  1191  1215 I ViewRootImpl@78ecf61[MainActivity]: Received frameCommittedCallback lastAttemptedDrawFrameNum=1 didProduceBuffer=true
10-11 20:34:00.890  1191  1215 D OpenGLRenderer: CFMS:: SetUp Pid : 1191    Tid : 1215
10-11 20:34:00.894  1191  1191 I ViewRootImpl@78ecf61[MainActivity]: onSyncComplete
10-11 20:34:00.894  1191  1191 I ViewRootImpl@78ecf61[MainActivity]: setupSync seqId=0 mSyncId=0 fn=1 caller=android.view.ViewRootImpl$$ExternalSyntheticLambda11.accept:6 android.window.SurfaceSyncer.lambda$setupSync$1$android-window-SurfaceSyncer:128 android.window.SurfaceSyncer$$ExternalSyntheticLambda1.accept:8 android.window.SurfaceSyncer$SyncSet.checkIfSyncIsComplete:382 android.window.SurfaceSyncer$SyncSet.markSyncReady:359 android.window.SurfaceSyncer.markSyncReady:151 android.view.ViewRootImpl.performTraversals:4503 
10-11 20:34:00.894  1191  1191 I ViewRootImpl@78ecf61[MainActivity]: reportDrawFinished seqId=0 mSyncId=-1 fn=1 mSurfaceChangedTransaction=0x7b40a55700
10-11 20:34:00.907  1191  1191 I ViewRootImpl@6784265[MainActivity]: MSG_WINDOW_FOCUS_CHANGED 0 0
10-11 20:34:00.952  1191  1191 I ViewRootImpl@78ecf61[MainActivity]: MSG_WINDOW_FOCUS_CHANGED 1 0
10-11 20:34:00.952  1191  1191 I ViewRootImpl@78ecf61[MainActivity]: mThreadedRenderer.initializeIfNeeded()#2 mSurface={isValid=true 0x7bdd42c000}
10-11 20:34:00.953  1191  1191 D InputMethodManager: startInputInner - Id : 0
10-11 20:34:00.953  1191  1191 I InputMethodManager: startInputInner - mService.startInputOrWindowGainedFocus
10-11 20:34:01.015  1191  1191 I ViewRootImpl@6784265[MainActivity]: ViewPostIme pointer 1
10-11 20:34:01.251  1191  1254 D EgyDeadProvider: Processing server link: https://hglink.to/e/2ov3g64ukojt
10-11 20:34:02.607  1191  1254 E EgyDeadProvider: StreamHG failed on host 'kravaxxa.com': Value var of type java.lang.String cannot be converted to JSONObject
10-11 20:34:03.836  1191  1254 E EgyDeadProvider: StreamHG failed on host 'cavanhabg.com': Value var of type java.lang.String cannot be converted to JSONObject
10-11 20:34:04.874  1191  1254 E EgyDeadProvider: StreamHG failed on host 'dumbalag.com': Value var of type java.lang.String cannot be converted to JSONObject
10-11 20:34:04.874  1191  1254 D EgyDeadProvider: Processing server link: https://forafile.com/embed-irbv3158x4uc.html
10-11 20:34:04.874  1191  1254 D EgyDeadProvider: Processing server link: https://dingtezuni.com/file/xe4euccolysr
10-11 20:34:04.874  1191  1254 D EgyDeadProvider: Processing server link: https://mxdrop.to/e/03rkqmq4hk9neog
10-11 20:34:04.874  1191  1254 D EgyDeadProvider: Processing server link: https://dsvplay.com/e/huwyx7wbog0f
10-11 20:34:04.874  1191  1254 D EgyDeadProvider: Processing server link: https://listeamed.net/e/l4vexvokPVVE8B9
10-11 20:34:04.877  1191  1191 I MSHandlerLifeCycle: removeMultiSplitHandler: no exist. decor=DecorView@9c24362[MainActivity]
10-11 20:34:04.878  1191  1215 D OpenGLRenderer: setSurface called with nullptr
10-11 20:34:04.878  1191  1215 D OpenGLRenderer: setSurface() destroyed EGLSurface
10-11 20:34:04.878  1191  1215 D OpenGLRenderer: destroyEglSurface
10-11 20:34:04.883  1191  1191 I ViewRootImpl@78ecf61[MainActivity]: dispatchDetachedFromWindow
10-11 20:34:04.902  1191  1191 D InputTransport: Input channel destroyed: '477447a', fd=171
10-11 20:34:04.905  1191  1191 I Dialog  : mIsDeviceDefault = false, mIsSamsungBasicInteraction = false, isMetaDataInActivity = false
10-11 20:34:04.931  1191  1191 I DecorView: [INFO] isPopOver=false config=false
10-11 20:34:04.931  1191  1191 I DecorView: updateCaptionType: isFloating=false isApplication=true hasWindowDecorCaption=false this=DecorView@3fb4b07[]
10-11 20:34:04.931  1191  1191 D DecorView: setCaptionType = 0, this = DecorView@3fb4b07[]
10-11 20:34:04.934  1191  1191 I DecorView: getCurrentDensityDpi: from app context. densityDpi=420 msg=resources_loaded
10-11 20:34:04.934  1191  1191 I DecorView: setWindowBackground: isPopOver=false color=0 d=android.graphics.drawable.ColorDrawable@97e125d
10-11 20:34:04.941  1191  1215 D NativeCustomFrequencyManager: [NativeCFMS] BpCustomFrequencyManager::BpCustomFrequencyManager()
10-11 20:34:04.942  1191  1191 I DecorView: notifyKeepScreenOnChanged: keepScreenOn=false
