10-11 18:30:55.295 10759 10759 I ViewRootImpl@4276aad[MainActivity]: applyTransactionOnDraw: mRemoved = false isHardwareEnabled = true t = 0x7b2be29800android.view.ViewRootImpl.applyTransactionOnDrawFromReleaseSurfaces:12850 android.view.SurfaceView.applyTransactionOnVriDraw:2046 android.view.SurfaceView.releaseSurfaces:858 android.view.SurfaceView.onDetachedFromWindow:500 android.view.View.dispatchDetachedFromWindow:22538 
10-11 18:30:55.301 10759 10759 I DecorView: notifyKeepScreenOnChanged: keepScreenOn=false
10-11 18:30:55.302 10759 10759 I CS3ExoPlayer: releasePlayer
10-11 18:30:55.303 10759 10759 I CS3ExoPlayer: Handle event: PlayerAttachedEvent(player=null, source=Player)
10-11 18:30:55.303 10759 10759 I DecorView: notifyKeepScreenOnChanged: keepScreenOn=false
10-11 18:30:55.306 10759 10759 I ViewRootImpl@4276aad[MainActivity]: performTraversals params={(0,0)(fillxfill) sim={state=always_hidden adjust=resize} ty=BASE_APPLICATION wanim=0x1030309
10-11 18:30:55.306 10759 10759 I ViewRootImpl@4276aad[MainActivity]:   fl=85810100
10-11 18:30:55.306 10759 10759 I ViewRootImpl@4276aad[MainActivity]:   pfl=12020040
10-11 18:30:55.306 10759 10759 I ViewRootImpl@4276aad[MainActivity]:   vsysui=500
10-11 18:30:55.306 10759 10759 I ViewRootImpl@4276aad[MainActivity]:   bhv=DEFAULT
10-11 18:30:55.306 10759 10759 I ViewRootImpl@4276aad[MainActivity]:   fitSides= naviIconColor=0}
10-11 18:30:55.307 10759 10759 I ViewRootImpl@4276aad[MainActivity]: performTraversals mFirst=false windowShouldResize=false viewVisibilityChanged=false mForceNextWindowRelayout=false params={(0,0)(fillxfill) sim={state=always_hidden adjust=resize} ty=BASE_APPLICATION fmt=TRANSLUCENT wanim=0x1030309
10-11 18:30:55.307 10759 10759 I ViewRootImpl@4276aad[MainActivity]:   fl=85810100
10-11 18:30:55.307 10759 10759 I ViewRootImpl@4276aad[MainActivity]:   pfl=12020040
10-11 18:30:55.307 10759 10759 I ViewRootImpl@4276aad[MainActivity]:   vsysui=500
10-11 18:30:55.307 10759 10759 I ViewRootImpl@4276aad[MainActivity]:   bhv=DEFAULT
10-11 18:30:55.307 10759 10759 I ViewRootImpl@4276aad[MainActivity]:   fitSides= naviIconColor=0}
10-11 18:30:55.312 10759 10759 I ViewRootImpl@4276aad[MainActivity]: updateBlastSurfaceIfNeeded mBlastBufferQueue=0x7b596a1700 isSameSurfaceControl=true
10-11 18:30:55.313 10759 10759 I BLASTBufferQueue: update, w= 1080 h= 2400 mName = ViewRootImpl@4276aad[MainActivity] mNativeObject= 0x7b596a1700 sc.mNativeObject= 0x7b0e17c460 format= -3 caller= android.view.ViewRootImpl.updateBlastSurfaceIfNeeded:2898 android.view.ViewRootImpl.relayoutWindow:9847 android.view.ViewRootImpl.performTraversals:3884 android.view.ViewRootImpl.doTraversal:3116 android.view.ViewRootImpl$TraversalRunnable.run:10885 android.view.Choreographer$CallbackRecord.run:1301 
10-11 18:30:55.313 10759 10759 I ViewRootImpl@4276aad[MainActivity]: Relayout returned: old=(0,0,1080,2400) new=(0,0,1080,2400) req=(1080,2400)0 dur=5 res=0x0 s={true 0x7b59721800} ch=false seqId=0
10-11 18:30:55.313 10759 10759 I ViewRootImpl@4276aad[MainActivity]: updateBoundsLayer: t = android.view.SurfaceControl$Transaction@4aa062e sc = Surface(name=Bounds for - com.lagradost.cloudstream3/com.lagradost.cloudstream3.MainActivity@0)/@0xfdad5cf frame = 808
10-11 18:30:55.313 10759 10759 I ViewRootImpl@4276aad[MainActivity]: mWNT: t=0x7b5982dc00 mBlastBufferQueue=0x7b596a1700 fn= 808 caller= android.view.ViewRootImpl.prepareSurfaces:2985 android.view.ViewRootImpl.performTraversals:4233 android.view.ViewRootImpl.doTraversal:3116 
10-11 18:30:55.314 10759 10784 D SurfaceView@2a4b6c1: windowPositionLost, frameNr = 808
10-11 18:30:55.315 10759 10837 I ViewRootImpl@4276aad[MainActivity]: mWNT: t=0x7b2bddec00 mBlastBufferQueue=0x7b596a1700 fn= 808 caller= android.view.ViewRootImpl.lambda$applyTransactionOnDraw$11$android-view-ViewRootImpl:12865 android.view.ViewRootImpl$$ExternalSyntheticLambda1.onFrameDraw:4 android.graphics.HardwareRenderer$FrameDrawingCallback.onFrameDraw:924 
10-11 18:30:55.315 10759 10837 I ViewRootImpl@4276aad[MainActivity]: mWNT: t=0x7b2be29200 mBlastBufferQueue=0x7b596a1700 fn= 808 caller= android.view.ViewRootImpl.lambda$applyTransactionOnDraw$11$android-view-ViewRootImpl:12865 android.view.ViewRootImpl$$ExternalSyntheticLambda1.onFrameDraw:4 android.graphics.HardwareRenderer$FrameDrawingCallback.onFrameDraw:924 
10-11 18:30:55.315 10759 10837 I ViewRootImpl@4276aad[MainActivity]: mWNT: t=0x7b2be29800 mBlastBufferQueue=0x7b596a1700 fn= 808 caller= android.view.ViewRootImpl.lambda$applyTransactionOnDraw$11$android-view-ViewRootImpl:12865 android.view.ViewRootImpl$$ExternalSyntheticLambda1.onFrameDraw:4 android.graphics.HardwareRenderer$FrameDrawingCallback.onFrameDraw:924 
10-11 18:30:57.553 10759 10759 I ViewRootImpl@4276aad[MainActivity]: ViewPostIme pointer 0
10-11 18:30:57.695 10759 10759 I ViewRootImpl@4276aad[MainActivity]: ViewPostIme pointer 1
10-11 18:31:00.808 10759 10759 I ViewRootImpl@4276aad[MainActivity]: ViewPostIme pointer 0
10-11 18:31:00.865 10759 10759 I ViewRootImpl@4276aad[MainActivity]: ViewPostIme pointer 1
10-11 18:31:00.888 10759 10759 I NavComponent: Navigating to fragment: 2131362274
10-11 18:31:00.890 10759 10759 I IMM_LC  : hsifw() - flag : 0
10-11 18:31:00.890 10759 10759 I IMM_LC  : hsifw() - mService.hideSoftInput
10-11 18:31:00.933 10759 10759 D ScrollView: initGoToTop
10-11 18:31:01.161 10759 10759 I SurfaceView@a46450a: onWindowVisibilityChanged(0) true android.view.SurfaceView{a46450a V.E..V... ......I. 0,0-0,0} of ViewRootImpl@4276aad[MainActivity]
10-11 18:31:01.161 10759 10759 D SurfaceView@a46450a: updateSurface: has no frame
10-11 18:31:01.164 10759 10759 I CS3ExoPlayer: SET STYLE = SaveCaptionStyle(foregroundColor=-1, backgroundColor=0, windowColor=0, edgeType=1, edgeColor=-16777216, typeface=null, typefaceFilePath=null, elevation=20, fixedTextSize=null, edgeSize=null, removeCaptions=false, removeBloat=true, upperCase=false, bold=false, italic=false, backgroundRadius=null)
10-11 18:31:01.170 10759 10759 I IMM_LC  : hsifw() - flag : 0
10-11 18:31:01.170 10759 10759 I IMM_LC  : hsifw() - mService.hideSoftInput
10-11 18:31:01.172 10759 10908 I SYNCVM  : addFromUrl = https://tv6.egydead.live/%d9%85%d8%b4%d8%a7%d9%87%d8%af%d8%a9-%d9%81%d9%8a%d9%84%d9%85-sons-of-the-neon-night-2025-%d9%85%d8%aa%d8%b1%d8%ac%d9%85/
10-11 18:31:01.172 10759 10908 I SYNCUTIL: getIdsFromUrl https://tv6.egydead.live/%d9%85%d8%b4%d8%a7%d9%87%d8%af%d8%a9-%d9%81%d9%8a%d9%84%d9%85-sons-of-the-neon-night-2025-%d9%85%d8%aa%d8%b1%d8%ac%d9%85/
10-11 18:31:01.179 10759 10759 I SurfaceView@a46450a: onWindowVisibilityChanged(8) false android.view.SurfaceView{a46450a V.E..V... ......I. 0,0-0,0} of ViewRootImpl@4276aad[MainActivity]
10-11 18:31:01.179 10759 10759 D SurfaceView@a46450a: updateSurface: has no frame
10-11 18:31:01.180 10759 10759 D SurfaceView@a46450a: updateSurface: has no frame
10-11 18:31:01.180 10759 10759 I SurfaceView@a46450a: onDetachedFromWindow: tryReleaseSurfaces()
10-11 18:31:01.180 10759 10759 I SurfaceView@a46450a: releaseSurfaces: viewRoot = ViewRootImpl@4276aad[MainActivity]
10-11 18:31:01.180 10759 10759 I SurfaceView@a46450a: applyTransactionOnVriDraw: vri = ViewRootImpl@4276aad[MainActivity] fRS = true t = 0x7b0e28df00 android.view.SurfaceView.releaseSurfaces:858 android.view.SurfaceView.onDetachedFromWindow:500 android.view.View.dispatchDetachedFromWindow:22538 
10-11 18:31:01.180 10759 10759 I SurfaceView@a46450a: applyTransactionOnVriDraw: viewRoot.applyTransactionOnDrawFromReleaseSurfaces
10-11 18:31:01.180 10759 10759 I ViewRootImpl@4276aad[MainActivity]: applyTransactionOnDraw: mRemoved = false isHardwareEnabled = true t = 0x7b0e28df00android.view.ViewRootImpl.applyTransactionOnDrawFromReleaseSurfaces:12850 android.view.SurfaceView.applyTransactionOnVriDraw:2046 android.view.SurfaceView.releaseSurfaces:858 android.view.SurfaceView.onDetachedFromWindow:500 android.view.View.dispatchDetachedFromWindow:22538 
10-11 18:31:01.182 10759 10759 I SurfaceView@a46450a: onWindowVisibilityChanged(0) true android.view.SurfaceView{a46450a V.E..V... ......I. 0,0-0,0} of ViewRootImpl@4276aad[MainActivity]
10-11 18:31:01.182 10759 10759 D SurfaceView@a46450a: updateSurface: has no frame
10-11 18:31:01.184 10759 10759 I DecorView: notifyKeepScreenOnChanged: keepScreenOn=false
10-11 18:31:01.190 10759 10759 I CS3ExoPlayer: reloadPlayer
10-11 18:31:01.190 10759 10759 I CS3ExoPlayer: releasePlayer
10-11 18:31:01.190 10759 10759 I CS3ExoPlayer: Handle event: PlayerAttachedEvent(player=null, source=Player)
10-11 18:31:01.193 10759 10759 I ViewRootImpl@4276aad[MainActivity]: performTraversals params={(0,0)(fillxfill) sim={state=always_hidden adjust=resize} ty=BASE_APPLICATION wanim=0x1030309
10-11 18:31:01.193 10759 10759 I ViewRootImpl@4276aad[MainActivity]:   fl=85810100
10-11 18:31:01.193 10759 10759 I ViewRootImpl@4276aad[MainActivity]:   pfl=12020040
10-11 18:31:01.193 10759 10759 I ViewRootImpl@4276aad[MainActivity]:   vsysui=500
10-11 18:31:01.193 10759 10759 I ViewRootImpl@4276aad[MainActivity]:   bhv=DEFAULT
10-11 18:31:01.193 10759 10759 I ViewRootImpl@4276aad[MainActivity]:   fitSides= naviIconColor=0}
10-11 18:31:01.194 10759 10759 I ViewRootImpl@4276aad[MainActivity]: performTraversals mFirst=false windowShouldResize=false viewVisibilityChanged=false mForceNextWindowRelayout=false params={(0,0)(fillxfill) sim={state=always_hidden adjust=resize} ty=BASE_APPLICATION fmt=TRANSLUCENT wanim=0x1030309
10-11 18:31:01.194 10759 10759 I ViewRootImpl@4276aad[MainActivity]:   fl=85810100
10-11 18:31:01.194 10759 10759 I ViewRootImpl@4276aad[MainActivity]:   pfl=12020040
10-11 18:31:01.194 10759 10759 I ViewRootImpl@4276aad[MainActivity]:   vsysui=500
10-11 18:31:01.194 10759 10759 I ViewRootImpl@4276aad[MainActivity]:   bhv=DEFAULT
10-11 18:31:01.194 10759 10759 I ViewRootImpl@4276aad[MainActivity]:   fitSides= naviIconColor=0}
10-11 18:31:01.202 10759 10759 I ViewRootImpl@4276aad[MainActivity]: updateBlastSurfaceIfNeeded mBlastBufferQueue=0x7b596a1700 isSameSurfaceControl=true
10-11 18:31:01.202 10759 10759 I BLASTBufferQueue: update, w= 1080 h= 2400 mName = ViewRootImpl@4276aad[MainActivity] mNativeObject= 0x7b596a1700 sc.mNativeObject= 0x7b0a439240 format= -3 caller= android.view.ViewRootImpl.updateBlastSurfaceIfNeeded:2898 android.view.ViewRootImpl.relayoutWindow:9847 android.view.ViewRootImpl.performTraversals:3884 android.view.ViewRootImpl.doTraversal:3116 android.view.ViewRootImpl$TraversalRunnable.run:10885 android.view.Choreographer$CallbackRecord.run:1301 
10-11 18:31:01.202 10759 10759 I ViewRootImpl@4276aad[MainActivity]: Relayout returned: old=(0,0,1080,2400) new=(0,0,1080,2400) req=(1080,2400)0 dur=8 res=0x0 s={true 0x7b59721800} ch=false seqId=0
10-11 18:31:01.202 10759 10759 I ViewRootImpl@4276aad[MainActivity]: updateBoundsLayer: t = android.view.SurfaceControl$Transaction@4aa062e sc = Surface(name=Bounds for - com.lagradost.cloudstream3/com.lagradost.cloudstream3.MainActivity@0)/@0xfdad5cf frame = 885
10-11 18:31:01.202 10759 10759 I ViewRootImpl@4276aad[MainActivity]: mWNT: t=0x7b5982dc00 mBlastBufferQueue=0x7b596a1700 fn= 885 caller= android.view.ViewRootImpl.prepareSurfaces:2985 android.view.ViewRootImpl.performTraversals:4233 android.view.ViewRootImpl.doTraversal:3116 
10-11 18:31:01.203 10759 10759 W View    : requestLayout() improperly called by android.widget.FrameLayout{8e62b6a I.E..V... ......I. 0,0-0,0 #7f0a04e7 app:id/start_panel} during layout: running second layout pass
10-11 18:31:01.203 10759 10759 W View    : requestLayout() improperly called by android.widget.FrameLayout{936f85b I.E..V... ......ID 1080,0-1080,2143 #7f0a0168 app:id/end_panel} during layout: running second layout pass
10-11 18:31:01.204 10759 10759 D SurfaceView@a46450a: updateSurface: has no frame
10-11 18:31:01.209 10759 10838 I ViewRootImpl@4276aad[MainActivity]: mWNT: t=0x7b0e28df00 mBlastBufferQueue=0x7b596a1700 fn= 885 caller= android.view.ViewRootImpl.lambda$applyTransactionOnDraw$11$android-view-ViewRootImpl:12865 android.view.ViewRootImpl$$ExternalSyntheticLambda1.onFrameDraw:4 android.graphics.HardwareRenderer$FrameDrawingCallback.onFrameDraw:924 
10-11 18:31:01.211 10759 10759 D SurfaceView@a46450a: updateSurface: has no frame
10-11 18:31:01.239 10759 10759 D SurfaceView@a46450a: updateSurface: has no frame
10-11 18:31:01.258 10759 10759 D SurfaceView@a46450a: updateSurface: has no frame
10-11 18:31:01.284 10759 10759 D SurfaceView@a46450a: updateSurface: has no frame
10-11 18:31:01.302 10759 10759 D SurfaceView@a46450a: updateSurface: has no frame
10-11 18:31:01.318 10759 10759 D SurfaceView@a46450a: updateSurface: has no frame
10-11 18:31:01.334 10759 10759 D SurfaceView@a46450a: updateSurface: has no frame
10-11 18:31:01.351 10759 10759 D SurfaceView@a46450a: updateSurface: has no frame
10-11 18:31:01.375 10759 10759 D SurfaceView@a46450a: updateSurface: has no frame
10-11 18:31:01.384 10759 10759 D SurfaceView@a46450a: updateSurface: has no frame
10-11 18:31:01.401 10759 10759 D SurfaceView@a46450a: updateSurface: has no frame
10-11 18:31:01.418 10759 10759 D SurfaceView@a46450a: updateSurface: has no frame
10-11 18:31:01.434 10759 10759 D SurfaceView@a46450a: updateSurface: has no frame
10-11 18:31:01.451 10759 10759 D SurfaceView@a46450a: updateSurface: has no frame
10-11 18:31:01.468 10759 10759 D SurfaceView@a46450a: updateSurface: has no frame
10-11 18:31:01.484 10759 10759 D SurfaceView@a46450a: updateSurface: has no frame
10-11 18:31:01.501 10759 10759 D SurfaceView@a46450a: updateSurface: has no frame
10-11 18:31:01.517 10759 10759 D SurfaceView@a46450a: updateSurface: has no frame
10-11 18:31:01.534 10759 10759 D SurfaceView@a46450a: updateSurface: has no frame
10-11 18:31:01.551 10759 10759 D SurfaceView@a46450a: updateSurface: has no frame
10-11 18:31:01.567 10759 10759 D SurfaceView@a46450a: updateSurface: has no frame
10-11 18:31:01.584 10759 10759 D SurfaceView@a46450a: updateSurface: has no frame
10-11 18:31:01.601 10759 10759 D SurfaceView@a46450a: updateSurface: has no frame
10-11 18:31:01.617 10759 10759 D SurfaceView@a46450a: updateSurface: has no frame
10-11 18:31:01.634 10759 10759 D SurfaceView@a46450a: updateSurface: has no frame
10-11 18:31:01.651 10759 10759 D SurfaceView@a46450a: updateSurface: has no frame
10-11 18:31:01.668 10759 10759 D SurfaceView@a46450a: updateSurface: has no frame
10-11 18:31:01.684 10759 10759 D SurfaceView@a46450a: updateSurface: has no frame
10-11 18:31:01.701 10759 10759 D SurfaceView@a46450a: updateSurface: has no frame
10-11 18:31:01.717 10759 10759 D SurfaceView@a46450a: updateSurface: has no frame
10-11 18:31:01.734 10759 10759 D SurfaceView@a46450a: updateSurface: has no frame
10-11 18:31:01.751 10759 10759 D SurfaceView@a46450a: updateSurface: has no frame
10-11 18:31:01.767 10759 10759 D SurfaceView@a46450a: updateSurface: has no frame
10-11 18:31:01.784 10759 10759 D SurfaceView@a46450a: updateSurface: has no frame
10-11 18:31:01.801 10759 10759 D SurfaceView@a46450a: updateSurface: has no frame
10-11 18:31:01.817 10759 10759 D SurfaceView@a46450a: updateSurface: has no frame
10-11 18:31:01.834 10759 10759 D SurfaceView@a46450a: updateSurface: has no frame
10-11 18:31:01.851 10759 10759 D SurfaceView@a46450a: updateSurface: has no frame
10-11 18:31:01.868 10759 10759 D SurfaceView@a46450a: updateSurface: has no frame
10-11 18:31:01.884 10759 10759 D SurfaceView@a46450a: updateSurface: has no frame
10-11 18:31:01.901 10759 10759 D SurfaceView@a46450a: updateSurface: has no frame
10-11 18:31:01.917 10759 10759 D SurfaceView@a46450a: updateSurface: has no frame
10-11 18:31:01.920 10759 10820 I RVM2    : applyMeta
10-11 18:31:01.930 10759 10759 W PanelsChildGestureRegionObserver: failed to register view with ID 2131362800. already registered
10-11 18:31:01.931 10759 10759 E CoilImgLoader: Error loading image: coil3.request.NullRequestDataException: The request's data is null.
10-11 18:31:01.932 10759 10759 E CoilImgLoader: Error loading image: coil3.request.NullRequestDataException: The request's data is null.
10-11 18:31:01.967 10759 10908 I SYNCVM  : addFromUrl = https://tv6.egydead.live/%d9%85%d8%b4%d8%a7%d9%87%d8%af%d8%a9-%d9%81%d9%8a%d9%84%d9%85-sons-of-the-neon-night-2025-%d9%85%d8%aa%d8%b1%d8%ac%d9%85/
10-11 18:31:01.967 10759 10908 I SYNCUTIL: getIdsFromUrl https://tv6.egydead.live/%d9%85%d8%b4%d8%a7%d9%87%d8%af%d8%a9-%d9%81%d9%8a%d9%84%d9%85-sons-of-the-neon-night-2025-%d9%85%d8%aa%d8%b1%d8%ac%d9%85/
10-11 18:31:01.979 10759 10759 D SurfaceView@a46450a: updateSurface: has no frame
10-11 18:31:01.981 10759 10759 I SurfaceView@a46450a: Changes: creating=true format=true size=true visible=true alpha=false hint=false mUseAlpha=false visible=true left=true top=true
10-11 18:31:01.984 10759 10759 I BLASTBufferQueue: update, w= 1080 h= 525 mName = null mNativeObject= 0x7bed8af700 sc.mNativeObject= 0x7b0a4b8f60 format= 4 caller= android.view.SurfaceView.createBlastSurfaceControls:1383 android.view.SurfaceView.updateSurface:1079 android.view.SurfaceView.lambda$new$0$android-view-SurfaceView:200 android.view.SurfaceView$$ExternalSyntheticLambda5.onPreDraw:2 android.view.ViewTreeObserver.dispatchOnPreDraw:1121 android.view.ViewRootImpl.performTraversals:4442 
10-11 18:31:01.984 10759 10759 I SurfaceView@a46450a: 172377354 Cur surface: Surface(name=null)/@0x3dd8cfe
10-11 18:31:01.984 10759 10759 I SurfaceView@a46450a: pST: sr = Rect(0, 218 - 1080, 743) sw = 1080 sh = 525
10-11 18:31:01.984 10759 10759 D SurfaceView@a46450a: performSurfaceTransaction RenderWorker position = [0, 218, 1080, 743] surfaceSize = 1080x525
10-11 18:31:01.985 10759 10759 I SurfaceView@a46450a: applyTransactionOnVriDraw: vri = ViewRootImpl@4276aad[MainActivity] fRS = false t = 0x7bdd477300 android.view.SurfaceView.performSurfaceTransaction:959 android.view.SurfaceView.updateSurface:1105 android.view.SurfaceView.lambda$new$0$android-view-SurfaceView:200 
10-11 18:31:01.985 10759 10759 I ViewRootImpl@4276aad[MainActivity]: applyTransactionOnDraw: mRemoved = false isHardwareEnabled = true t = 0x7bdd477300android.view.SurfaceView.applyTransactionOnVriDraw:2048 android.view.SurfaceView.performSurfaceTransaction:959 android.view.SurfaceView.updateSurface:1105 android.view.SurfaceView.lambda$new$0$android-view-SurfaceView:200 android.view.SurfaceView$$ExternalSyntheticLambda5.onPreDraw:2 
10-11 18:31:01.985 10759 10759 I SurfaceView@a46450a: updateSurface: mVisible = true mSurface.isValid() = true
10-11 18:31:01.985 10759 10759 I SurfaceView@a46450a: updateSurface: mSurfaceCreated = false surfaceChanged = true visibleChanged = true
10-11 18:31:01.985 10759 10759 I SurfaceView@a46450a: visibleChanged -- surfaceCreated
10-11 18:31:01.985 10759 10759 I SurfaceView@a46450a: surfaceCreated 0 #8 android.view.SurfaceView{a46450a V.E..V... ......ID 0,0-1080,525}
10-11 18:31:01.985 10759 10759 I SurfaceView@a46450a: surfaceChanged -- format=4 w=1080 h=525
10-11 18:31:01.985 10759 10759 I SurfaceView@a46450a: surfaceChanged (1080,525) 0 #8 android.view.SurfaceView{a46450a V.E..V... ......ID 0,0-1080,525}
10-11 18:31:01.985 10759 10759 I SurfaceView@a46450a: surfaceRedrawNeeded
10-11 18:31:01.986 10759 10759 V SurfaceView@a46450a: Layout: x=0 y=218 w=1080 h=525, frame=Rect(0, 0 - 1080, 525)
10-11 18:31:02.000 10759 10837 D SurfaceView@a46450a: updateSurfacePosition RenderWorker, frameNr = 928, position = [0, 218, 1080, 743] surfaceSize = 1080x525
10-11 18:31:02.000 10759 10837 I SurfaceView@a46450a: uSP: rtp = Rect(0, 218 - 1080, 743) rtsw = 1080 rtsh = 525
10-11 18:31:02.000 10759 10837 I SurfaceView@a46450a: onSSPAndSRT: pl = 0 pt = 218 sx = 1.0 sy = 1.0
10-11 18:31:02.001 10759 10837 I SurfaceView@a46450a: aOrMT: ViewRootImpl@4276aad[MainActivity] t = android.view.SurfaceControl$Transaction@eda9f7b fN = 928 android.view.SurfaceView.-$$Nest$mapplyOrMergeTransaction:0 android.view.SurfaceView$SurfaceViewPositionUpdateListener.positionChanged:1537 android.graphics.RenderNode$CompositePositionUpdateListener.positionChanged:373 
10-11 18:31:02.001 10759 10837 I ViewRootImpl@4276aad[MainActivity]: mWNT: t=0x7bdd477400 mBlastBufferQueue=0x7b596a1700 fn= 928 caller= android.view.SurfaceView.applyOrMergeTransaction:1455 android.view.SurfaceView.-$$Nest$mapplyOrMergeTransaction:0 android.view.SurfaceView$SurfaceViewPositionUpdateListener.positionChanged:1537 
10-11 18:31:02.002 10759 10837 I ViewRootImpl@4276aad[MainActivity]: mWNT: t=0x7bdd477300 mBlastBufferQueue=0x7b596a1700 fn= 928 caller= android.view.ViewRootImpl.lambda$applyTransactionOnDraw$11$android-view-ViewRootImpl:12865 android.view.ViewRootImpl$$ExternalSyntheticLambda1.onFrameDraw:4 android.graphics.HardwareRenderer$FrameDrawingCallback.onFrameDraw:924 
10-11 18:31:02.024 10759 10759 I SurfaceView@a46450a: finishedDrawing
10-11 18:31:02.845 10759 10759 I ViewRootImpl@4276aad[MainActivity]: ViewPostIme pointer 0
10-11 18:31:03.380 10759 10759 I Dialog  : mIsDeviceDefault = false, mIsSamsungBasicInteraction = false, isMetaDataInActivity = false
10-11 18:31:03.403 10759 10759 I DecorView: [INFO] isPopOver=false config=false
10-11 18:31:03.403 10759 10759 I DecorView: updateCaptionType: isFloating=false isApplication=true hasWindowDecorCaption=false this=DecorView@45c886[]
10-11 18:31:03.403 10759 10759 D DecorView: setCaptionType = 0, this = DecorView@45c886[]
10-11 18:31:03.405 10759 10759 I DecorView: getCurrentDensityDpi: from app context. densityDpi=420 msg=resources_loaded
10-11 18:31:03.405 10759 10759 I DecorView: setWindowBackground: isPopOver=false color=0 d=android.graphics.drawable.ColorDrawable@be7f174
10-11 18:31:03.410 10759 10784 D NativeCustomFrequencyManager: [NativeCFMS] BpCustomFrequencyManager::BpCustomFrequencyManager()
10-11 18:31:03.411 10759 10759 I DecorView: notifyKeepScreenOnChanged: keepScreenOn=false
10-11 18:31:03.420 10759 10759 D InsetsController: onStateChanged: InsetsState: {mDisplayFrame=Rect(0, 0 - 1080, 2400), mDisplayCutout=DisplayCutout{insets=Rect(0, 88 - 0, 0) waterfall=Insets{left=0, top=0, right=0, bottom=0} boundingRect={Bounds=[Rect(0, 0 - 0, 0), Rect(512, 0 - 568, 88), Rect(0, 0 - 0, 0), Rect(0, 0 - 0, 0)]} cutoutPathParserInfo={CutoutPathParserInfo{displayWidth=1080 displayHeight=2400 physicalDisplayWidth=1080 physicalDisplayHeight=2400 density={2.625} cutoutSpec={M 0,0 M 0,12.25101276465640 a 10.60613009248640,10.60613009248640 0 1,0 0,21.21226018497290 a 10.60613009248640,10.60613009248640 0 1,0 0,-21.21226018497290 Z @dp} rotation={0} scale={1.0} physicalPixelDisplaySizeRatio={1.0}}}}, mRoundedCorners=RoundedCorners{[RoundedCorner{position=TopLeft, radius=84, center=Point(84, 84)}, RoundedCorner{position=TopRight, radius=84, center=Point(996, 84)}, RoundedCorner{position=BottomRight, radius=84, center=Point(996, 2316)}, RoundedCorner{position=BottomLeft, radius=84, center=Point(84, 2316)}]}  mRoundedCornerFrame=Rect(0, 0 - 1080, 2400), mPrivacyIndicatorBounds=PrivacyIndicatorBounds {static bounds=Rect(964, 0 - 1080, 87) rotation=0}, mSources= { InsetsSource: {mType=ITYPE_STATUS_BAR, mFrame=[0,0][1080,88], mVisible=true, mInsetsRoundedCornerFrame=false}, InsetsSource: {mType=ITYPE_NAVIGATION_BAR, mFrame=[0,2361][1080,2400], mVisible=true, mInsetsRoundedCornerFrame=false}, InsetsSource: {mType=ITYPE_LEFT_GESTURES, mFrame=[0,0][130,2400], mVisible=true, mInsetsRoundedCornerFrame=false}, InsetsSource: {mType=ITYPE_RIGHT_GESTURES, mFrame=[950,0][1080,2400], mVisible=true, mInsetsRoundedCornerFrame=false}, InsetsSource: {mType=ITYPE_TOP_MANDATORY_GESTURES, mFrame=[0,0][1080,120], mVisible=true, mInsetsRoundedCornerFrame=false}, InsetsSource: {mType=ITYPE_BOTTOM_MANDATORY_GESTURES, mFrame=[0,2316][1080,2400], mVisible=true, mInsetsRoundedCornerFrame=false}, InsetsSource: {mType=ITYPE_LEFT_DISPLAY_CUTOUT, mFrame=[0,0][-100000,2400], mVisible=true, mInsetsRoundedCornerFrame=false}, InsetsSource: {mType=ITYPE_TOP_DISPLAY_CUTOUT, mFrame=[0,0][1080,88], mVisible=true, mInsetsRoundedCornerFrame=false}, InsetsSource: {mType=ITYPE_RIGHT_DISPLAY_CUTOUT, mFrame=[100000,0][1080,2400], mVisible=true, mInsetsRoundedCornerFrame=false}, InsetsSource: {mType=ITYPE_BOTTOM_DISPLAY_CUTOUT, mFrame=[0,100000][1080,2400], mVisible=true, mInsetsRoundedCornerFrame=false}, InsetsSource: {mType=ITYPE_TOP_TAPPABLE_ELEMENT, mFrame=[0,0][1080,88], mVisible=true, mInsetsRoundedCornerFrame=false}, InsetsSource: {mType=ITYPE_BOTTOM_TAPPABLE_ELEMENT, mFrame=[0,0][0,0], mVisible=true, mInsetsRoundedCornerFrame=false}, InsetsSource: {mType=ITYPE_IME, mFrame=[0,0][0,0], mVisibleFrame=[0,1409][1080,2400], mVisible=false, mInsetsRoundedCornerFrame=false} } host=com.lagradost.cloudstream3/com.lagradost.cloudstream3.MainActivity from=android.view.ViewRootImpl.setView:1732
10-11 18:31:03.421 10759 10759 I ViewRootImpl@88fbc55[MainActivity]: setView = com.android.internal.policy.DecorView@45c886 TM=true
10-11 18:31:03.428 10759 10759 I ViewRootImpl@88fbc55[MainActivity]: performTraversals params={(0,0)(fillxfill) gr=CENTER sim={adjust=resize forwardNavigation} ty=APPLICATION fmt=TRANSPARENT wanim=0x7f14000b
10-11 18:31:03.428 10759 10759 I ViewRootImpl@88fbc55[MainActivity]:   fl=85810100
10-11 18:31:03.428 10759 10759 I ViewRootImpl@88fbc55[MainActivity]:   pfl=12020040
10-11 18:31:03.428 10759 10759 I ViewRootImpl@88fbc55[MainActivity]:   vsysui=500
10-11 18:31:03.428 10759 10759 I ViewRootImpl@88fbc55[MainActivity]:   bhv=DEFAULT
10-11 18:31:03.428 10759 10759 I ViewRootImpl@88fbc55[MainActivity]:   fitSides= naviIconColor=0}
10-11 18:31:03.429 10759 10759 I ViewRootImpl@88fbc55[MainActivity]: performTraversals mFirst=true windowShouldResize=true viewVisibilityChanged=false mForceNextWindowRelayout=false params={(0,0)(fillxfill) gr=CENTER sim={adjust=resize forwardNavigation} ty=APPLICATION fmt=TRANSPARENT wanim=0x7f14000b
10-11 18:31:03.429 10759 10759 I ViewRootImpl@88fbc55[MainActivity]:   fl=85810100
10-11 18:31:03.429 10759 10759 I ViewRootImpl@88fbc55[MainActivity]:   pfl=12020040
10-11 18:31:03.429 10759 10759 I ViewRootImpl@88fbc55[MainActivity]:   vsysui=500
10-11 18:31:03.429 10759 10759 I ViewRootImpl@88fbc55[MainActivity]:   bhv=DEFAULT
10-11 18:31:03.429 10759 10759 I ViewRootImpl@88fbc55[MainActivity]:   fitSides= naviIconColor=0}
10-11 18:31:03.440 10759 10759 I ViewRootImpl@88fbc55[MainActivity]: updateBlastSurfaceIfNeeded mBlastBufferQueue=null isSameSurfaceControl=false
10-11 18:31:03.441 10759 10759 I BLASTBufferQueue: new BLASTBufferQueue, mName= ViewRootImpl@88fbc55[MainActivity] mNativeObject= 0x7bed8afd00 sc.mNativeObject= 0x7b0e1e3a80 caller= android.view.ViewRootImpl.updateBlastSurfaceIfNeeded:2909 android.view.ViewRootImpl.relayoutWindow:9847 android.view.ViewRootImpl.performTraversals:3884 android.view.ViewRootImpl.doTraversal:3116 android.view.ViewRootImpl$TraversalRunnable.run:10885 android.view.Choreographer$CallbackRecord.run:1301 android.view.Choreographer$CallbackRecord.run:1309 android.view.Choreographer.doCallbacks:923 android.view.Choreographer.doFrame:852 android.view.Choreographer$FrameDisplayEventReceiver.run:1283 
10-11 18:31:03.441 10759 10759 I BLASTBufferQueue: update, w= 1080 h= 2400 mName = ViewRootImpl@88fbc55[MainActivity] mNativeObject= 0x7bed8afd00 sc.mNativeObject= 0x7b0e1e3a80 format= -2 caller= android.graphics.BLASTBufferQueue.<init>:84 android.view.ViewRootImpl.updateBlastSurfaceIfNeeded:2909 android.view.ViewRootImpl.relayoutWindow:9847 android.view.ViewRootImpl.performTraversals:3884 android.view.ViewRootImpl.doTraversal:3116 android.view.ViewRootImpl$TraversalRunnable.run:10885 
10-11 18:31:03.441 10759 10759 I ViewRootImpl@88fbc55[MainActivity]: Relayout returned: old=(0,0,1080,2400) new=(0,0,1080,2400) req=(1080,2400)0 dur=11 res=0x3 s={true 0x7bdd421000} ch=true seqId=0
10-11 18:31:03.442 10759 10759 I ViewRootImpl@88fbc55[MainActivity]: mThreadedRenderer.initialize() mSurface={isValid=true 0x7bdd421000} hwInitialized=true
10-11 18:31:03.442 10759 10784 D OpenGLRenderer: eglCreateWindowSurface
10-11 18:31:03.454 10759 10759 D AbsListView:  in onLayout changed 
10-11 18:31:03.455 10759 10759 I ViewRootImpl@88fbc55[MainActivity]: reportNextDraw android.view.ViewRootImpl.performTraversals:4438 android.view.ViewRootImpl.doTraversal:3116 android.view.ViewRootImpl$TraversalRunnable.run:10885 android.view.Choreographer$CallbackRecord.run:1301 android.view.Choreographer$CallbackRecord.run:1309 
10-11 18:31:03.455 10759 10759 I ViewRootImpl@88fbc55[MainActivity]: Setup new sync id=0
10-11 18:31:03.455 10759 10759 I ViewRootImpl@88fbc55[MainActivity]: Setting syncFrameCallback
10-11 18:31:03.455 10759 10759 I ViewRootImpl@88fbc55[MainActivity]: registerCallbacksForSync syncBuffer=false
10-11 18:31:03.458 10759 10838 I ViewRootImpl@88fbc55[MainActivity]: Received frameDrawingCallback syncResult=0 frameNum=1.
10-11 18:31:03.458 10759 10838 I ViewRootImpl@88fbc55[MainActivity]: Setting up sync and frameCommitCallback
10-11 18:31:03.465 10759 10784 I BLASTBufferQueue: [ViewRootImpl@88fbc55[MainActivity]#9](f:0,a:0) onFrameAvailable the first frame is available
10-11 18:31:03.466 10759 10784 I ViewRootImpl@88fbc55[MainActivity]: Received frameCommittedCallback lastAttemptedDrawFrameNum=1 didProduceBuffer=true
10-11 18:31:03.469 10759 10784 D OpenGLRenderer: CFMS:: SetUp Pid : 10759    Tid : 10784
10-11 18:31:03.472 10759 10759 I ViewRootImpl@88fbc55[MainActivity]: onSyncComplete
10-11 18:31:03.473 10759 10759 I ViewRootImpl@88fbc55[MainActivity]: setupSync seqId=0 mSyncId=0 fn=1 caller=android.view.ViewRootImpl$$ExternalSyntheticLambda11.accept:6 android.window.SurfaceSyncer.lambda$setupSync$1$android-window-SurfaceSyncer:128 android.window.SurfaceSyncer$$ExternalSyntheticLambda1.accept:8 android.window.SurfaceSyncer$SyncSet.checkIfSyncIsComplete:382 android.window.SurfaceSyncer$SyncSet.markSyncReady:359 android.window.SurfaceSyncer.markSyncReady:151 android.view.ViewRootImpl.performTraversals:4503 
10-11 18:31:03.473 10759 10759 I ViewRootImpl@88fbc55[MainActivity]: reportDrawFinished seqId=0 mSyncId=-1 fn=1 mSurfaceChangedTransaction=0x7bdd47c700
10-11 18:31:03.487 10759 10759 I ViewRootImpl@4276aad[MainActivity]: MSG_WINDOW_FOCUS_CHANGED 0 0
10-11 18:31:03.535 10759 10759 I ViewRootImpl@88fbc55[MainActivity]: MSG_WINDOW_FOCUS_CHANGED 1 0
10-11 18:31:03.535 10759 10759 I ViewRootImpl@88fbc55[MainActivity]: mThreadedRenderer.initializeIfNeeded()#2 mSurface={isValid=true 0x7bdd421000}
10-11 18:31:03.536 10759 10759 D InputMethodManager: startInputInner - Id : 0
10-11 18:31:03.536 10759 10759 I InputMethodManager: startInputInner - mService.startInputOrWindowGainedFocus
10-11 18:31:03.581 10759 10759 I ViewRootImpl@4276aad[MainActivity]: ViewPostIme pointer 1
10-11 18:31:04.360 10759 10759 I ViewRootImpl@88fbc55[MainActivity]: ViewPostIme pointer 0
10-11 18:31:04.417 10759 10759 I ViewRootImpl@88fbc55[MainActivity]: ViewPostIme pointer 1
10-11 18:31:04.418 10759 10759 D AbsListView: onTouchUp() mTouchMode : 0
10-11 18:31:04.490 10759 10759 I MSHandlerLifeCycle: removeMultiSplitHandler: no exist. decor=DecorView@45c886[MainActivity]
10-11 18:31:04.491 10759 10784 D OpenGLRenderer: setSurface called with nullptr
10-11 18:31:04.491 10759 10784 D OpenGLRenderer: setSurface() destroyed EGLSurface
10-11 18:31:04.491 10759 10784 D OpenGLRenderer: destroyEglSurface
10-11 18:31:04.494 10759 10784 D OpenGLRenderer: endAllActiveAnimators on 0x7b0a572600 (MaterialTextView) with handle 0x7b423b0300
10-11 18:31:04.494 10759 10759 I ViewRootImpl@88fbc55[MainActivity]: dispatchDetachedFromWindow
10-11 18:31:04.521 10759 10759 D InputTransport: Input channel destroyed: '4814eba', fd=160
10-11 18:31:04.523 10759 10759 I Dialog  : mIsDeviceDefault = false, mIsSamsungBasicInteraction = false, isMetaDataInActivity = false
10-11 18:31:04.596 10759 10759 I DecorView: [INFO] isPopOver=false config=false
10-11 18:31:04.597 10759 10759 I DecorView: updateCaptionType: isFloating=false isApplication=true hasWindowDecorCaption=false this=DecorView@f470849[]
10-11 18:31:04.597 10759 10759 D DecorView: setCaptionType = 0, this = DecorView@f470849[]
10-11 18:31:04.599 10759 10759 I DecorView: getCurrentDensityDpi: from app context. densityDpi=420 msg=resources_loaded
10-11 18:31:04.599 10759 10759 I DecorView: setWindowBackground: isPopOver=false color=0 d=android.graphics.drawable.ColorDrawable@32c666f
10-11 18:31:04.605 10759 10784 D NativeCustomFrequencyManager: [NativeCFMS] BpCustomFrequencyManager::BpCustomFrequencyManager()
10-11 18:31:04.606 10759 10759 I DecorView: notifyKeepScreenOnChanged: keepScreenOn=false
10-11 18:31:04.618 10759 10759 D InsetsController: onStateChanged: InsetsState: {mDisplayFrame=Rect(0, 0 - 1080, 2400), mDisplayCutout=DisplayCutout{insets=Rect(0, 88 - 0, 0) waterfall=Insets{left=0, top=0, right=0, bottom=0} boundingRect={Bounds=[Rect(0, 0 - 0, 0), Rect(512, 0 - 568, 88), Rect(0, 0 - 0, 0), Rect(0, 0 - 0, 0)]} cutoutPathParserInfo={CutoutPathParserInfo{displayWidth=1080 displayHeight=2400 physicalDisplayWidth=1080 physicalDisplayHeight=2400 density={2.625} cutoutSpec={M 0,0 M 0,12.25101276465640 a 10.60613009248640,10.60613009248640 0 1,0 0,21.21226018497290 a 10.60613009248640,10.60613009248640 0 1,0 0,-21.21226018497290 Z @dp} rotation={0} scale={1.0} physicalPixelDisplaySizeRatio={1.0}}}}, mRoundedCorners=RoundedCorners{[RoundedCorner{position=TopLeft, radius=84, center=Point(84, 84)}, RoundedCorner{position=TopRight, radius=84, center=Point(996, 84)}, RoundedCorner{position=BottomRight, radius=84, center=Point(996, 2316)}, RoundedCorner{position=BottomLeft, radius=84, center=Point(84, 2316)}]}  mRoundedCornerFrame=Rect(0, 0 - 1080, 2400), mPrivacyIndicatorBounds=PrivacyIndicatorBounds {static bounds=Rect(964, 0 - 1080, 87) rotation=0}, mSources= { InsetsSource: {mType=ITYPE_STATUS_BAR, mFrame=[0,0][1080,88], mVisible=true, mInsetsRoundedCornerFrame=false}, InsetsSource: {mType=ITYPE_NAVIGATION_BAR, mFrame=[0,2361][1080,2400], mVisible=true, mInsetsRoundedCornerFrame=false}, InsetsSource: {mType=ITYPE_LEFT_GESTURES, mFrame=[0,0][130,2400], mVisible=true, mInsetsRoundedCornerFrame=false}, InsetsSource: {mType=ITYPE_RIGHT_GESTURES, mFrame=[950,0][1080,2400], mVisible=true, mInsetsRoundedCornerFrame=false}, InsetsSource: {mType=ITYPE_TOP_MANDATORY_GESTURES, mFrame=[0,0][1080,120], mVisible=true, mInsetsRoundedCornerFrame=false}, InsetsSource: {mType=ITYPE_BOTTOM_MANDATORY_GESTURES, mFrame=[0,2316][1080,2400], mVisible=true, mInsetsRoundedCornerFrame=false}, InsetsSource: {mType=ITYPE_LEFT_DISPLAY_CUTOUT, mFrame=[0,0][-100000,2400], mVisible=true, mInsetsRoundedCornerFrame=false}, InsetsSource: {mType=ITYPE_TOP_DISPLAY_CUTOUT, mFrame=[0,0][1080,88], mVisible=true, mInsetsRoundedCornerFrame=false}, InsetsSource: {mType=ITYPE_RIGHT_DISPLAY_CUTOUT, mFrame=[100000,0][1080,2400], mVisible=true, mInsetsRoundedCornerFrame=false}, InsetsSource: {mType=ITYPE_BOTTOM_DISPLAY_CUTOUT, mFrame=[0,100000][1080,2400], mVisible=true, mInsetsRoundedCornerFrame=false}, InsetsSource: {mType=ITYPE_TOP_TAPPABLE_ELEMENT, mFrame=[0,0][1080,88], mVisible=true, mInsetsRoundedCornerFrame=false}, InsetsSource: {mType=ITYPE_BOTTOM_TAPPABLE_ELEMENT, mFrame=[0,0][0,0], mVisible=true, mInsetsRoundedCornerFrame=false}, InsetsSource: {mType=ITYPE_IME, mFrame=[0,0][0,0], mVisibleFrame=[0,1409][1080,2400], mVisible=false, mInsetsRoundedCornerFrame=false} } host=com.lagradost.cloudstream3/com.lagradost.cloudstream3.MainActivity from=android.view.ViewRootImpl.setView:1732
10-11 18:31:04.620 10759 10759 I ViewRootImpl@c026214[MainActivity]: setView = com.android.internal.policy.DecorView@f470849 TM=true
10-11 18:31:04.625 10759 10759 I ViewRootImpl@c026214[MainActivity]: performTraversals params={(0,0)(fillxfill) gr=CENTER sim={adjust=resize forwardNavigation} ty=APPLICATION fmt=TRANSPARENT wanim=0x7f14000b
10-11 18:31:04.625 10759 10759 I ViewRootImpl@c026214[MainActivity]:   fl=85810100
10-11 18:31:04.625 10759 10759 I ViewRootImpl@c026214[MainActivity]:   pfl=12020040
10-11 18:31:04.625 10759 10759 I ViewRootImpl@c026214[MainActivity]:   vsysui=500
10-11 18:31:04.625 10759 10759 I ViewRootImpl@c026214[MainActivity]:   bhv=DEFAULT
10-11 18:31:04.625 10759 10759 I ViewRootImpl@c026214[MainActivity]:   fitSides= naviIconColor=0}
10-11 18:31:04.625 10759 10759 I ViewRootImpl@c026214[MainActivity]: performTraversals mFirst=true windowShouldResize=true viewVisibilityChanged=false mForceNextWindowRelayout=false params={(0,0)(fillxfill) gr=CENTER sim={adjust=resize forwardNavigation} ty=APPLICATION fmt=TRANSPARENT wanim=0x7f14000b
10-11 18:31:04.625 10759 10759 I ViewRootImpl@c026214[MainActivity]:   fl=85810100
10-11 18:31:04.625 10759 10759 I ViewRootImpl@c026214[MainActivity]:   pfl=12020040
10-11 18:31:04.625 10759 10759 I ViewRootImpl@c026214[MainActivity]:   vsysui=500
10-11 18:31:04.625 10759 10759 I ViewRootImpl@c026214[MainActivity]:   bhv=DEFAULT
10-11 18:31:04.625 10759 10759 I ViewRootImpl@c026214[MainActivity]:   fitSides= naviIconColor=0}
10-11 18:31:04.636 10759 10759 I ViewRootImpl@c026214[MainActivity]: updateBlastSurfaceIfNeeded mBlastBufferQueue=null isSameSurfaceControl=false
10-11 18:31:04.636 10759 10759 I BLASTBufferQueue: new BLASTBufferQueue, mName= ViewRootImpl@c026214[MainActivity] mNativeObject= 0x7bed8afd00 sc.mNativeObject= 0x7b42c3f9e0 caller= android.view.ViewRootImpl.updateBlastSurfaceIfNeeded:2909 android.view.ViewRootImpl.relayoutWindow:9847 android.view.ViewRootImpl.performTraversals:3884 android.view.ViewRootImpl.doTraversal:3116 android.view.ViewRootImpl$TraversalRunnable.run:10885 android.view.Choreographer$CallbackRecord.run:1301 android.view.Choreographer$CallbackRecord.run:1309 android.view.Choreographer.doCallbacks:923 android.view.Choreographer.doFrame:852 android.view.Choreographer$FrameDisplayEventReceiver.run:1283 
10-11 18:31:04.637 10759 10759 I BLASTBufferQueue: update, w= 1080 h= 2400 mName = ViewRootImpl@c026214[MainActivity] mNativeObject= 0x7bed8afd00 sc.mNativeObject= 0x7b42c3f9e0 format= -2 caller= android.graphics.BLASTBufferQueue.<init>:84 android.view.ViewRootImpl.updateBlastSurfaceIfNeeded:2909 android.view.ViewRootImpl.relayoutWindow:9847 android.view.ViewRootImpl.performTraversals:3884 android.view.ViewRootImpl.doTraversal:3116 android.view.ViewRootImpl$TraversalRunnable.run:10885 
10-11 18:31:04.637 10759 10759 I ViewRootImpl@c026214[MainActivity]: Relayout returned: old=(0,0,1080,2400) new=(0,0,1080,2400) req=(1080,2400)0 dur=10 res=0x3 s={true 0x7bdd421000} ch=true seqId=0
10-11 18:31:04.638 10759 10759 I ViewRootImpl@c026214[MainActivity]: mThreadedRenderer.initialize() mSurface={isValid=true 0x7bdd421000} hwInitialized=true
10-11 18:31:04.639 10759 10784 D OpenGLRenderer: eglCreateWindowSurface
10-11 18:31:04.640 10759 10759 I ViewRootImpl@c026214[MainActivity]: reportNextDraw android.view.ViewRootImpl.performTraversals:4438 android.view.ViewRootImpl.doTraversal:3116 android.view.ViewRootImpl$TraversalRunnable.run:10885 android.view.Choreographer$CallbackRecord.run:1301 android.view.Choreographer$CallbackRecord.run:1309 
10-11 18:31:04.640 10759 10759 I ViewRootImpl@c026214[MainActivity]: Setup new sync id=0
10-11 18:31:04.640 10759 10759 I ViewRootImpl@c026214[MainActivity]: Setting syncFrameCallback
10-11 18:31:04.640 10759 10759 I ViewRootImpl@c026214[MainActivity]: registerCallbacksForSync syncBuffer=false
10-11 18:31:04.642 10759 10837 I ViewRootImpl@c026214[MainActivity]: Received frameDrawingCallback syncResult=0 frameNum=1.
10-11 18:31:04.642 10759 10837 I ViewRootImpl@c026214[MainActivity]: Setting up sync and frameCommitCallback
10-11 18:31:04.655 10759 10784 I BLASTBufferQueue: [ViewRootImpl@c026214[MainActivity]#10](f:0,a:0) onFrameAvailable the first frame is available
10-11 18:31:04.656 10759 10784 I ViewRootImpl@c026214[MainActivity]: Received frameCommittedCallback lastAttemptedDrawFrameNum=1 didProduceBuffer=true
10-11 18:31:04.657 10759 10784 D OpenGLRenderer: CFMS:: SetUp Pid : 10759    Tid : 10784
10-11 18:31:04.661 10759 10759 I ViewRootImpl@c026214[MainActivity]: onSyncComplete
10-11 18:31:04.662 10759 10759 I ViewRootImpl@c026214[MainActivity]: setupSync seqId=0 mSyncId=0 fn=1 caller=android.view.ViewRootImpl$$ExternalSyntheticLambda11.accept:6 android.window.SurfaceSyncer.lambda$setupSync$1$android-window-SurfaceSyncer:128 android.window.SurfaceSyncer$$ExternalSyntheticLambda1.accept:8 android.window.SurfaceSyncer$SyncSet.checkIfSyncIsComplete:382 android.window.SurfaceSyncer$SyncSet.markSyncReady:359 android.window.SurfaceSyncer.markSyncReady:151 android.view.ViewRootImpl.performTraversals:4503 
10-11 18:31:04.662 10759 10759 I ViewRootImpl@c026214[MainActivity]: reportDrawFinished seqId=0 mSyncId=-1 fn=1 mSurfaceChangedTransaction=0x7b0a5a3400
10-11 18:31:04.665 10759 10759 D InsetsController: onStateChanged: InsetsState: {mDisplayFrame=Rect(0, 0 - 1080, 2400), mDisplayCutout=DisplayCutout{insets=Rect(0, 88 - 0, 0) waterfall=Insets{left=0, top=0, right=0, bottom=0} boundingRect={Bounds=[Rect(0, 0 - 0, 0), Rect(512, 0 - 568, 88), Rect(0, 0 - 0, 0), Rect(0, 0 - 0, 0)]} cutoutPathParserInfo={CutoutPathParserInfo{displayWidth=1080 displayHeight=2400 physicalDisplayWidth=1080 physicalDisplayHeight=2400 density={2.625} cutoutSpec={M 0,0 M 0,12.25101276465640 a 10.60613009248640,10.60613009248640 0 1,0 0,21.21226018497290 a 10.60613009248640,10.60613009248640 0 1,0 0,-21.21226018497290 Z @dp} rotation={0} scale={1.0} physicalPixelDisplaySizeRatio={1.0}}}}, mRoundedCorners=RoundedCorners{[RoundedCorner{position=TopLeft, radius=84, center=Point(84, 84)}, RoundedCorner{position=TopRight, radius=84, center=Point(996, 84)}, RoundedCorner{position=BottomRight, radius=84, center=Point(996, 2316)}, RoundedCorner{position=BottomLeft, radius=84, center=Point(84, 2316)}]}  mRoundedCornerFrame=Rect(0, 0 - 1080, 2400), mPrivacyIndicatorBounds=PrivacyIndicatorBounds {static bounds=Rect(964, 0 - 1080, 87) rotation=0}, mSources= { InsetsSource: {mType=ITYPE_STATUS_BAR, mFrame=[0,0][1080,88], mVisible=true, mInsetsRoundedCornerFrame=false}, InsetsSource: {mType=ITYPE_NAVIGATION_BAR, mFrame=[0,2361][1080,2400], mVisible=true, mInsetsRoundedCornerFrame=false}, InsetsSource: {mType=ITYPE_LEFT_GESTURES, mFrame=[0,0][130,2400], mVisible=true, mInsetsRoundedCornerFrame=false}, InsetsSource: {mType=ITYPE_RIGHT_GESTURES, mFrame=[950,0][1080,2400], mVisible=true, mInsetsRoundedCornerFrame=false}, InsetsSource: {mType=ITYPE_TOP_MANDATORY_GESTURES, mFrame=[0,0][1080,120], mVisible=true, mInsetsRoundedCornerFrame=false}, InsetsSource: {mType=ITYPE_BOTTOM_MANDATORY_GESTURES, mFrame=[0,2316][1080,2400], mVisible=true, mInsetsRoundedCornerFrame=false}, InsetsSource: {mType=ITYPE_LEFT_DISPLAY_CUTOUT, mFrame=[0,0][-100000,2400], mVisible=true, mInsetsRoundedCornerFrame=false}, InsetsSource: {mType=ITYPE_TOP_DISPLAY_CUTOUT, mFrame=[0,0][1080,88], mVisible=true, mInsetsRoundedCornerFrame=false}, InsetsSource: {mType=ITYPE_RIGHT_DISPLAY_CUTOUT, mFrame=[100000,0][1080,2400], mVisible=true, mInsetsRoundedCornerFrame=false}, InsetsSource: {mType=ITYPE_BOTTOM_DISPLAY_CUTOUT, mFrame=[0,100000][1080,2400], mVisible=true, mInsetsRoundedCornerFrame=false}, InsetsSource: {mType=ITYPE_TOP_TAPPABLE_ELEMENT, mFrame=[0,0][1080,88], mVisible=true, mInsetsRoundedCornerFrame=false}, InsetsSource: {mType=ITYPE_BOTTOM_TAPPABLE_ELEMENT, mFrame=[0,0][0,0], mVisible=true, mInsetsRoundedCornerFrame=false} } host=com.lagradost.cloudstream3/com.lagradost.cloudstream3.MainActivity from=android.view.ViewRootImpl$ViewRootHandler.handleMessageImpl:6740
10-11 18:31:04.667 10759 10759 I ViewRootImpl@4276aad[MainActivity]: MSG_WINDOW_FOCUS_CHANGED 1 0
10-11 18:31:04.667 10759 10759 I ViewRootImpl@4276aad[MainActivity]: mThreadedRenderer.initializeIfNeeded()#2 mSurface={isValid=true 0x7b59721800}
10-11 18:31:04.671 10759 10759 D InputMethodManager: startInputInner - Id : 0
10-11 18:31:04.672 10759 10759 I InputMethodManager: startInputInner - mService.startInputOrWindowGainedFocus
10-11 18:31:04.695 10759 10759 I ViewRootImpl@4276aad[MainActivity]: MSG_WINDOW_FOCUS_CHANGED 0 0
10-11 18:31:04.724 10759 10759 I ViewRootImpl@c026214[MainActivity]: MSG_WINDOW_FOCUS_CHANGED 1 0
10-11 18:31:04.724 10759 10759 I ViewRootImpl@c026214[MainActivity]: mThreadedRenderer.initializeIfNeeded()#2 mSurface={isValid=true 0x7bdd421000}
10-11 18:31:04.725 10759 10759 D InputMethodManager: startInputInner - Id : 0
10-11 18:31:04.725 10759 10759 I InputMethodManager: startInputInner - mService.startInputOrWindowGainedFocus
10-11 18:31:05.692 10759 10770 I st.cloudstream3: Background concurrent copying GC freed 12MB AllocSpace bytes, 82(6232KB) LOS objects, 45% free, 28MB/52MB, paused 665us,75us total 231.660ms
10-11 18:31:05.699 10759 10771 D InputTransport: Input channel destroyed: 'ClientS', fd=170
10-11 18:31:05.699 10759 10771 D InputTransport: Input channel destroyed: 'ClientS', fd=259
10-11 18:31:05.700 10759 10771 D InputTransport: Input channel destroyed: 'ClientS', fd=165
10-11 18:31:05.721 10759 10784 D OpenGLRenderer: setSurface called with nullptr
10-11 18:31:05.978 10759 10908 D ApiError: -------------------------------------------------------------------
10-11 18:31:05.978 10759 10908 D ApiError: safeApiCall: can't bypass captcha
10-11 18:31:05.978 10759 10908 D ApiError: safeApiCall: can't bypass captcha
10-11 18:31:05.978 10759 10908 W System.err: com.lagradost.cloudstream3.ErrorLoadingException: can't bypass captcha
10-11 18:31:05.979 10759 10908 W System.err: 	at com.lagradost.cloudstream3.extractors.Zorofile.getUrl$suspendImpl(Zorofile.kt:34)
10-11 18:31:05.979 10759 10908 W System.err: 	at com.lagradost.cloudstream3.extractors.Zorofile$getUrl$1.invokeSuspend(Unknown Source:18)
10-11 18:31:05.979 10759 10908 W System.err: 	at kotlin.coroutines.jvm.internal.BaseContinuationImpl.resumeWith(ContinuationImpl.kt:33)
10-11 18:31:05.979 10759 10908 W System.err: 	at kotlinx.coroutines.DispatchedTask.run(DispatchedTask.kt:100)
10-11 18:31:05.979 10759 10908 W System.err: 	at kotlinx.coroutines.EventLoopImplBase.processNextEvent(EventLoop.common.kt:263)
10-11 18:31:05.979 10759 10908 W System.err: 	at kotlinx.coroutines.BlockingCoroutine.joinBlocking(Builders.kt:95)
10-11 18:31:05.979 10759 10908 W System.err: 	at kotlinx.coroutines.BuildersKt__BuildersKt.runBlocking(Builders.kt:69)
10-11 18:31:05.979 10759 10908 W System.err: 	at kotlinx.coroutines.BuildersKt.runBlocking(Unknown Source:1)
10-11 18:31:05.980 10759 10908 W System.err: 	at kotlinx.coroutines.BuildersKt__BuildersKt.runBlocking$default(Builders.kt:47)
10-11 18:31:05.980 10759 10908 W System.err: 	at kotlinx.coroutines.BuildersKt.runBlocking$default(Unknown Source:1)
10-11 18:31:05.980 10759 10908 W System.err: 	at com.lagradost.cloudstream3.ParCollectionsKt.apmap(ParCollections.kt:49)
10-11 18:31:05.980 10759 10908 W System.err: 	at com.egydead.EgyDeadProvider.loadLinks(EgyDeadProvider.kt:179)
10-11 18:31:05.980 10759 10908 W System.err: 	at com.egydead.EgyDeadProvider$loadLinks$1.invokeSuspend(Unknown Source:18)
10-11 18:31:05.980 10759 10908 W System.err: 	at kotlin.coroutines.jvm.internal.BaseContinuationImpl.resumeWith(ContinuationImpl.kt:33)
10-11 18:31:05.980 10759 10908 W System.err: 	at kotlinx.coroutines.DispatchedTask.run(DispatchedTask.kt:100)
10-11 18:31:05.980 10759 10908 W System.err: 	at kotlinx.coroutines.internal.LimitedDispatcher$Worker.run(LimitedDispatcher.kt:113)
10-11 18:31:05.980 10759 10908 W System.err: 	at kotlinx.coroutines.scheduling.TaskImpl.run(Tasks.kt:89)
10-11 18:31:05.980 10759 10908 W System.err: 	at kotlinx.coroutines.scheduling.CoroutineScheduler.runSafely(CoroutineScheduler.kt:586)
10-11 18:31:05.980 10759 10908 W System.err: 	at kotlinx.coroutines.scheduling.CoroutineScheduler$Worker.executeTask(CoroutineScheduler.kt:820)
10-11 18:31:05.981 10759 10908 W System.err: 	at kotlinx.coroutines.scheduling.CoroutineScheduler$Worker.runWorker(CoroutineScheduler.kt:717)
10-11 18:31:05.981 10759 10908 W System.err: 	at kotlinx.coroutines.scheduling.CoroutineScheduler$Worker.run(CoroutineScheduler.kt:704)
10-11 18:31:05.981 10759 10908 D ApiError: -------------------------------------------------------------------
10-11 18:31:05.981 10759 10908 D RepoLink: Loaded ExtractorLink: ExtractorLink(name=MixDrop, url=https://s-delivery51.mxcontent.net/v2/pj684ee3tgdr8g6.mp4?s=aCDOLtQQg1nOt0w53NqfUQ&e=1760225466&_t=1760213500, referer=https://mxdrop.to/e/pj684ee3tgdr8g6, type=VIDEO)
10-11 18:31:05.982 10759 10908 D RepoLink: Loaded ExtractorLink: ExtractorLink(name=Vidguard, url=https://midnetps48.guardstorage.net/hls_3/SQTJFfmB2evVG4959eATqbN4DW8SjTPqmLNiM_iUfKZCua1GUt0ZRcBA4_1l9SG9WbfBNwFRpfL4dXQmt_jKWQ/master.m3u8?sig=_M5oRsXSFX9MtNpb9_xyFQ&expires=1760212866, referer=https://listeamed.net, type=M3U8)
10-11 18:31:05.982 10759 10908 D RepoLink: Loaded ExtractorLink: ExtractorLink(name=DoodStream, url=https://ixx272l.cloudatacdn.com/u5kj632sv3b3sdgge7rncmqalkbzrckgemjqnmu23dl33v2thl5grysbg6fa/2m01a3ngie~c23phnpyJZ?token=q72nuozmi1zyax3speu0axtn, referer=https://ds2play.com/, type=VIDEO)
10-11 18:31:05.993 10759 10759 I MSHandlerLifeCycle: removeMultiSplitHandler: no exist. decor=DecorView@f470849[MainActivity]
10-11 18:31:06.007 10759 10784 D OpenGLRenderer: setSurface called with nullptr
10-11 18:31:06.007 10759 10784 D OpenGLRenderer: setSurface() destroyed EGLSurface
10-11 18:31:06.007 10759 10784 D OpenGLRenderer: destroyEglSurface
10-11 18:31:06.015 10759 10759 I ViewRootImpl@c026214[MainActivity]: dispatchDetachedFromWindow
10-11 18:31:06.044 10759 10759 D InputTransport: Input channel destroyed: '3944610', fd=122
10-11 18:31:06.047 10759 10759 I Dialog  : mIsDeviceDefault = false, mIsSamsungBasicInteraction = false, isMetaDataInActivity = false
10-11 18:31:06.073 10759 10759 I DecorView: [INFO] isPopOver=false config=false
10-11 18:31:06.074 10759 10759 I DecorView: updateCaptionType: isFloating=false isApplication=true hasWindowDecorCaption=false this=DecorView@e613e88[]
10-11 18:31:06.074 10759 10759 D DecorView: setCaptionType = 0, this = DecorView@e613e88[]
