10-11 13:07:51.613 31574 31681 D nativeloader: Configuring clns-7 for other apk /data/app/~~Z7EoFjMbPG94A6o-3Nb5UQ==/com.google.android.webview-eZKrupClwVmgDmxWAn78Ag==/base.apk. target_sdk_version=36, uses_libraries=, library_path=/data/app/~~Z7EoFjMbPG94A6o-3Nb5UQ==/com.google.android.webview-eZKrupClwVmgDmxWAn78Ag==/lib/arm64:/data/app/~~Z7EoFjMbPG94A6o-3Nb5UQ==/com.google.android.webview-eZKrupClwVmgDmxWAn78Ag==/base.apk!/lib/arm64-v8a:/data/app/~~KzgKvUv1JwmzxHei_tsHXQ==/com.google.android.trichromelibrary_739004333-NHJfK8xUfQ5oC0LHEjEvPw==/base.apk!/lib/arm64-v8a, permitted_path=/data:/mnt/expand
10-11 13:07:51.641 31574 31574 I ViewRootImpl@fadb6d7[MainActivity]: performTraversals mFirst=false windowShouldResize=false viewVisibilityChanged=false mForceNextWindowRelayout=false params={(0,0)(fillxfill) sim={state=always_hidden adjust=pan} ty=BASE_APPLICATION wanim=0x1030309
10-11 13:07:51.641 31574 31574 I ViewRootImpl@fadb6d7[MainActivity]:   fl=85810100
10-11 13:07:51.641 31574 31574 I ViewRootImpl@fadb6d7[MainActivity]:   pfl=12020040
10-11 13:07:51.641 31574 31574 I ViewRootImpl@fadb6d7[MainActivity]:   vsysui=500
10-11 13:07:51.641 31574 31574 I ViewRootImpl@fadb6d7[MainActivity]:   bhv=DEFAULT
10-11 13:07:51.641 31574 31574 I ViewRootImpl@fadb6d7[MainActivity]:   fitSides= naviIconColor=0}
10-11 13:07:51.642 31574 31681 I cr_WVCFactoryProvider: version=141.0.7390.43 (739004333) minSdkVersion=29 multiprocess=true packageId=127 splits=<none>
10-11 13:07:51.648 31574 31681 D nativeloader: Load /data/app/~~KzgKvUv1JwmzxHei_tsHXQ==/com.google.android.trichromelibrary_739004333-NHJfK8xUfQ5oC0LHEjEvPw==/base.apk!/lib/arm64-v8a/libmonochrome_64.so using class loader ns clns-7 (caller=/data/app/~~Z7EoFjMbPG94A6o-3Nb5UQ==/com.google.android.webview-eZKrupClwVmgDmxWAn78Ag==/base.apk): ok
10-11 13:07:51.650 31574 31681 D nativeloader: Load /system/lib64/libwebviewchromium_plat_support.so using class loader ns clns-7 (caller=/data/app/~~Z7EoFjMbPG94A6o-3Nb5UQ==/com.google.android.webview-eZKrupClwVmgDmxWAn78Ag==/base.apk): ok
10-11 13:07:51.652 31574 31574 I ViewRootImpl@fadb6d7[MainActivity]: updateBlastSurfaceIfNeeded mBlastBufferQueue=0x7b5517e000 isSameSurfaceControl=true
10-11 13:07:51.652 31574 31574 I BLASTBufferQueue: update, w= 1080 h= 2400 mName = ViewRootImpl@fadb6d7[MainActivity] mNativeObject= 0x7b5517e000 sc.mNativeObject= 0x7b3fa89ec0 format= -1 caller= android.view.ViewRootImpl.updateBlastSurfaceIfNeeded:2898 android.view.ViewRootImpl.relayoutWindow:9847 android.view.ViewRootImpl.performTraversals:3884 android.view.ViewRootImpl.doTraversal:3116 android.view.ViewRootImpl$TraversalRunnable.run:10885 android.view.Choreographer$CallbackRecord.run:1301 
10-11 13:07:51.652 31574 31574 I ViewRootImpl@fadb6d7[MainActivity]: Relayout returned: old=(0,0,1080,2400) new=(0,0,1080,2400) req=(1080,2400)0 dur=11 res=0x0 s={true 0x7b5517b800} ch=false seqId=0
10-11 13:07:51.654 31574 31719 E chromium: [1011/130751.654104:ERROR:android_webview/browser/variations/variations_seed_loader.cc:39] Seed missing signature.
10-11 13:07:51.662 31574 31681 I cr_LibraryLoader: Successfully loaded native library
10-11 13:07:51.663 31574 31681 I cr_CachingUmaRecorder: Flushed 13 samples from 13 histograms, 0 samples were dropped.
10-11 13:07:51.926 31574 31648 D OpenGLRenderer: setSurface called with nullptr
10-11 13:07:51.926 31574 31648 D OpenGLRenderer: setSurface() destroyed EGLSurface
10-11 13:07:51.926 31574 31648 D OpenGLRenderer: destroyEglSurface
10-11 13:07:51.929 31574 31574 I ViewRootImpl@e80870d[Toast]: dispatchDetachedFromWindow
10-11 13:07:51.940 31574 31574 D InputTransport: Input channel destroyed: 'ed8bfa4', fd=154
10-11 13:07:52.680 31574 31574 I ViewRootImpl@fadb6d7[MainActivity]: performTraversals mFirst=false windowShouldResize=false viewVisibilityChanged=false mForceNextWindowRelayout=false params={(0,0)(fillxfill) sim={state=always_hidden adjust=resize} ty=BASE_APPLICATION wanim=0x1030309
10-11 13:07:52.680 31574 31574 I ViewRootImpl@fadb6d7[MainActivity]:   fl=85810100
10-11 13:07:52.680 31574 31574 I ViewRootImpl@fadb6d7[MainActivity]:   pfl=12020040
10-11 13:07:52.680 31574 31574 I ViewRootImpl@fadb6d7[MainActivity]:   vsysui=500
10-11 13:07:52.680 31574 31574 I ViewRootImpl@fadb6d7[MainActivity]:   bhv=DEFAULT
10-11 13:07:52.680 31574 31574 I ViewRootImpl@fadb6d7[MainActivity]:   fitSides= naviIconColor=0}
10-11 13:07:52.690 31574 31574 I ViewRootImpl@fadb6d7[MainActivity]: updateBlastSurfaceIfNeeded mBlastBufferQueue=0x7b5517e000 isSameSurfaceControl=true
10-11 13:07:52.690 31574 31574 I BLASTBufferQueue: update, w= 1080 h= 2400 mName = ViewRootImpl@fadb6d7[MainActivity] mNativeObject= 0x7b5517e000 sc.mNativeObject= 0x7b552f7920 format= -1 caller= android.view.ViewRootImpl.updateBlastSurfaceIfNeeded:2898 android.view.ViewRootImpl.relayoutWindow:9847 android.view.ViewRootImpl.performTraversals:3884 android.view.ViewRootImpl.doTraversal:3116 android.view.ViewRootImpl$TraversalRunnable.run:10885 android.view.Choreographer$CallbackRecord.run:1301 
10-11 13:07:52.691 31574 31574 I ViewRootImpl@fadb6d7[MainActivity]: Relayout returned: old=(0,0,1080,2400) new=(0,0,1080,2400) req=(1080,2400)0 dur=10 res=0x0 s={true 0x7b5517b800} ch=false seqId=0
10-11 13:07:52.717 31574 31574 D CoilImgLoader: setupCoilLogger: Activated EVENT_LISTENER FOR COIL
10-11 13:07:52.717 31574 31574 D CoilImgLoader: buildImageLoader: Setting COIL Image Loader.
10-11 13:07:52.841 31574 31739 D ProfileInstaller: Skipping profile installation for com.lagradost.cloudstream3
10-11 13:07:53.745 31574 31574 I ViewRootImpl@fadb6d7[MainActivity]: ViewPostIme pointer 0
10-11 13:07:54.058 31574 31574 I ViewRootImpl@fadb6d7[MainActivity]: ViewPostIme pointer 1
10-11 13:07:55.119 31574 31574 I ViewRootImpl@fadb6d7[MainActivity]: ViewPostIme pointer 0
10-11 13:07:55.761 31574 31574 I ViewRootImpl@fadb6d7[MainActivity]: ViewPostIme pointer 1
10-11 13:07:56.733 31574 31574 I ViewRootImpl@fadb6d7[MainActivity]: ViewPostIme pointer 0
10-11 13:07:56.790 31574 31574 I ViewRootImpl@fadb6d7[MainActivity]: ViewPostIme pointer 1
10-11 13:07:56.998 31574 31574 I ViewRootImpl@fadb6d7[MainActivity]: ViewPostIme pointer 0
10-11 13:07:57.064 31574 31574 I ViewRootImpl@fadb6d7[MainActivity]: ViewPostIme pointer 1
10-11 13:07:57.076 31574 31574 I NavComponent: Navigating to fragment: 2131362274
10-11 13:07:57.079 31574 31574 I IMM_LC  : hsifw() - flag : 0
10-11 13:07:57.079 31574 31574 I IMM_LC  : hsifw() - mService.hideSoftInput
10-11 13:07:57.128 31574 31574 D ScrollView: initGoToTop
10-11 13:07:57.283 31574 31589 W st.cloudstream3: Cleared Reference was only reachable from finalizer (only reported once)
10-11 13:07:57.357 31574 31589 I st.cloudstream3: Background concurrent copying GC freed 18MB AllocSpace bytes, 127(8864KB) LOS objects, 49% free, 15MB/31MB, paused 420us,173us total 213.101ms
10-11 13:07:57.360 31574 31648 D OpenGLRenderer: setSurface called with nullptr
10-11 13:07:57.361 31574 31648 D OpenGLRenderer: setSurface called with nullptr
10-11 13:07:57.375 31574 31591 W System  : A resource failed to call close. 
10-11 13:07:57.376 31574 31591 W System  : A resource failed to call close. 
10-11 13:07:57.420 31574 31574 I SurfaceView@aa4c112: onWindowVisibilityChanged(0) true android.view.SurfaceView{aa4c112 V.E...... ......I. 0,0-0,0} of ViewRootImpl@fadb6d7[MainActivity]
10-11 13:07:57.420 31574 31574 D SurfaceView@aa4c112: updateSurface: has no frame
10-11 13:07:57.424 31574 31574 I CS3ExoPlayer: SET STYLE = SaveCaptionStyle(foregroundColor=-1, backgroundColor=0, windowColor=0, edgeType=1, edgeColor=-16777216, typeface=null, typefaceFilePath=null, elevation=20, fixedTextSize=null, edgeSize=null, removeCaptions=false, removeBloat=true, upperCase=false, bold=false, italic=false, backgroundRadius=null)
10-11 13:07:57.431 31574 31574 D VideoClickActionHolder: allVideoClickActions: [null:com.lagradost.cloudstream3.actions.temp.PlayInBrowserAction, null:com.lagradost.cloudstream3.actions.temp.CopyClipboardAction, null:com.lagradost.cloudstream3.actions.temp.ViewM3U8Action, null:com.lagradost.cloudstream3.actions.temp.VlcPackage, null:com.lagradost.cloudstream3.actions.temp.MpvPackage, null:com.lagradost.cloudstream3.actions.temp.NextPlayerPackage, null:com.lagradost.cloudstream3.actions.temp.JustPlayerPackage, null:com.lagradost.cloudstream3.actions.temp.fcast.FcastAction, null:com.lagradost.cloudstream3.actions.temp.LibreTorrentPackage, null:com.lagradost.cloudstream3.actions.temp.BiglyBTPackage, null:com.lagradost.cloudstream3.actions.temp.VlcNightlyPackage, null:com.lagradost.cloudstream3.actions.temp.WebVideoCastPackage, null:com.lagradost.cloudstream3.actions.temp.MpvYTDLPackage, null:com.lagradost.cloudstream3.actions.temp.MpvKtPackage, null:com.lagradost.cloudstream3.actions.temp.MpvKtPreviewPackage, null:com.lagradost.cloudstream3.actions.AlwaysAskAction]
10-11 13:07:57.432 31574 31574 I IMM_LC  : hsifw() - flag : 0
10-11 13:07:57.432 31574 31574 I IMM_LC  : hsifw() - mService.hideSoftInput
10-11 13:07:57.434 31574 31674 I SYNCVM  : addFromUrl = https://tv6.egydead.live/%d9%85%d8%b4%d8%a7%d9%87%d8%af%d8%a9-%d9%81%d9%8a%d9%84%d9%85-pretty-crazy-2025-%d9%85%d8%aa%d8%b1%d8%ac%d9%85/
10-11 13:07:57.435 31574 31674 I SYNCUTIL: getIdsFromUrl https://tv6.egydead.live/%d9%85%d8%b4%d8%a7%d9%87%d8%af%d8%a9-%d9%81%d9%8a%d9%84%d9%85-pretty-crazy-2025-%d9%85%d8%aa%d8%b1%d8%ac%d9%85/
10-11 13:07:57.441 31574 31574 I SurfaceView@aa4c112: onWindowVisibilityChanged(8) false android.view.SurfaceView{aa4c112 V.E...... ......I. 0,0-0,0} of ViewRootImpl@fadb6d7[MainActivity]
10-11 13:07:57.441 31574 31574 D SurfaceView@aa4c112: updateSurface: has no frame
10-11 13:07:57.441 31574 31574 D SurfaceView@aa4c112: updateSurface: has no frame
10-11 13:07:57.441 31574 31574 I SurfaceView@aa4c112: onDetachedFromWindow: tryReleaseSurfaces()
10-11 13:07:57.441 31574 31574 I SurfaceView@aa4c112: releaseSurfaces: viewRoot = ViewRootImpl@fadb6d7[MainActivity]
10-11 13:07:57.442 31574 31574 I SurfaceView@aa4c112: applyTransactionOnVriDraw: vri = ViewRootImpl@fadb6d7[MainActivity] fRS = true t = 0x7b67333f00 android.view.SurfaceView.releaseSurfaces:858 android.view.SurfaceView.onDetachedFromWindow:500 android.view.View.dispatchDetachedFromWindow:22538 
10-11 13:07:57.442 31574 31574 I SurfaceView@aa4c112: applyTransactionOnVriDraw: viewRoot.applyTransactionOnDrawFromReleaseSurfaces
10-11 13:07:57.442 31574 31574 I ViewRootImpl@fadb6d7[MainActivity]: applyTransactionOnDraw: mRemoved = false isHardwareEnabled = true t = 0x7b67333f00android.view.ViewRootImpl.applyTransactionOnDrawFromReleaseSurfaces:12850 android.view.SurfaceView.applyTransactionOnVriDraw:2046 android.view.SurfaceView.releaseSurfaces:858 android.view.SurfaceView.onDetachedFromWindow:500 android.view.View.dispatchDetachedFromWindow:22538 
10-11 13:07:57.443 31574 31574 I SurfaceView@aa4c112: onWindowVisibilityChanged(0) true android.view.SurfaceView{aa4c112 V.E...... ......I. 0,0-0,0} of ViewRootImpl@fadb6d7[MainActivity]
10-11 13:07:57.443 31574 31574 D SurfaceView@aa4c112: updateSurface: has no frame
10-11 13:07:57.447 31574 31574 I DecorView: notifyKeepScreenOnChanged: keepScreenOn=false
10-11 13:07:57.455 31574 31574 I CS3ExoPlayer: reloadPlayer
10-11 13:07:57.455 31574 31574 I CS3ExoPlayer: releasePlayer
10-11 13:07:57.456 31574 31574 I CS3ExoPlayer: Handle event: PlayerAttachedEvent(player=null, source=Player)
10-11 13:07:57.459 31574 31574 I ViewRootImpl@fadb6d7[MainActivity]: performTraversals params={(0,0)(fillxfill) sim={state=always_hidden adjust=resize} ty=BASE_APPLICATION wanim=0x1030309
10-11 13:07:57.459 31574 31574 I ViewRootImpl@fadb6d7[MainActivity]:   fl=85810100
10-11 13:07:57.459 31574 31574 I ViewRootImpl@fadb6d7[MainActivity]:   pfl=12020040
10-11 13:07:57.459 31574 31574 I ViewRootImpl@fadb6d7[MainActivity]:   vsysui=500
10-11 13:07:57.459 31574 31574 I ViewRootImpl@fadb6d7[MainActivity]:   bhv=DEFAULT
10-11 13:07:57.459 31574 31574 I ViewRootImpl@fadb6d7[MainActivity]:   fitSides= naviIconColor=0}
10-11 13:07:57.459 31574 31574 I ViewRootImpl@fadb6d7[MainActivity]: performTraversals mFirst=false windowShouldResize=false viewVisibilityChanged=false mForceNextWindowRelayout=false params={(0,0)(fillxfill) sim={state=always_hidden adjust=resize} ty=BASE_APPLICATION fmt=TRANSLUCENT wanim=0x1030309
10-11 13:07:57.459 31574 31574 I ViewRootImpl@fadb6d7[MainActivity]:   fl=85810100
10-11 13:07:57.459 31574 31574 I ViewRootImpl@fadb6d7[MainActivity]:   pfl=12020040
10-11 13:07:57.459 31574 31574 I ViewRootImpl@fadb6d7[MainActivity]:   vsysui=500
10-11 13:07:57.459 31574 31574 I ViewRootImpl@fadb6d7[MainActivity]:   bhv=DEFAULT
10-11 13:07:57.459 31574 31574 I ViewRootImpl@fadb6d7[MainActivity]:   fitSides= naviIconColor=0}
10-11 13:07:57.469 31574 31574 I ViewRootImpl@fadb6d7[MainActivity]: updateBlastSurfaceIfNeeded mBlastBufferQueue=0x7b5517e000 isSameSurfaceControl=true
10-11 13:07:57.469 31574 31574 I BLASTBufferQueue: update, w= 1080 h= 2400 mName = ViewRootImpl@fadb6d7[MainActivity] mNativeObject= 0x7b5517e000 sc.mNativeObject= 0x7b552f5d00 format= -3 caller= android.view.ViewRootImpl.updateBlastSurfaceIfNeeded:2898 android.view.ViewRootImpl.relayoutWindow:9847 android.view.ViewRootImpl.performTraversals:3884 android.view.ViewRootImpl.doTraversal:3116 android.view.ViewRootImpl$TraversalRunnable.run:10885 android.view.Choreographer$CallbackRecord.run:1301 
10-11 13:07:57.469 31574 31574 I ViewRootImpl@fadb6d7[MainActivity]: Relayout returned: old=(0,0,1080,2400) new=(0,0,1080,2400) req=(1080,2400)0 dur=10 res=0x0 s={true 0x7b5517b800} ch=false seqId=0
10-11 13:07:57.471 31574 31574 W View    : requestLayout() improperly called by android.widget.FrameLayout{1964b42 I.E...... ......I. 0,0-0,0 #7f0a04e7 app:id/start_panel} during layout: running second layout pass
10-11 13:07:57.472 31574 31574 W View    : requestLayout() improperly called by android.widget.FrameLayout{ef85753 I.E...... ......ID 1080,0-1080,2143 #7f0a0168 app:id/end_panel} during layout: running second layout pass
10-11 13:07:57.473 31574 31574 D SurfaceView@aa4c112: updateSurface: has no frame
10-11 13:07:57.479 31574 31701 I ViewRootImpl@fadb6d7[MainActivity]: mWNT: t=0x7b67333f00 mBlastBufferQueue=0x7b5517e000 fn= 282 caller= android.view.ViewRootImpl.lambda$applyTransactionOnDraw$11$android-view-ViewRootImpl:12865 android.view.ViewRootImpl$$ExternalSyntheticLambda1.onFrameDraw:4 android.graphics.HardwareRenderer$FrameDrawingCallback.onFrameDraw:924 
10-11 13:07:57.481 31574 31574 D SurfaceView@aa4c112: updateSurface: has no frame
10-11 13:07:57.497 31574 31574 D SurfaceView@aa4c112: updateSurface: has no frame
10-11 13:07:57.517 31574 31574 D SurfaceView@aa4c112: updateSurface: has no frame
10-11 13:07:57.542 31574 31574 D SurfaceView@aa4c112: updateSurface: has no frame
10-11 13:07:57.556 31574 31574 D SurfaceView@aa4c112: updateSurface: has no frame
10-11 13:07:57.572 31574 31574 D SurfaceView@aa4c112: updateSurface: has no frame
10-11 13:07:57.589 31574 31574 D SurfaceView@aa4c112: updateSurface: has no frame
10-11 13:07:57.605 31574 31574 D SurfaceView@aa4c112: updateSurface: has no frame
10-11 13:07:57.613 31574 31681 I RVM2    : applyMeta
10-11 13:07:57.629 31574 31574 D SurfaceView@aa4c112: updateSurface: has no frame
10-11 13:07:57.639 31574 31574 D SurfaceView@aa4c112: updateSurface: has no frame
10-11 13:07:57.656 31574 31574 D SurfaceView@aa4c112: updateSurface: has no frame
10-11 13:07:57.672 31574 31574 D SurfaceView@aa4c112: updateSurface: has no frame
10-11 13:07:57.689 31574 31574 D SurfaceView@aa4c112: updateSurface: has no frame
10-11 13:07:57.699 31574 31574 W PanelsChildGestureRegionObserver: failed to register view with ID 2131362800. already registered
10-11 13:07:57.700 31574 31574 E CoilImgLoader: Error loading image: coil3.request.NullRequestDataException: The request's data is null.
10-11 13:07:57.701 31574 31574 E CoilImgLoader: Error loading image: coil3.request.NullRequestDataException: The request's data is null.
10-11 13:07:57.728 31574 31674 I SYNCVM  : addFromUrl = https://tv6.egydead.live/%d9%85%d8%b4%d8%a7%d9%87%d8%af%d8%a9-%d9%81%d9%8a%d9%84%d9%85-pretty-crazy-2025-%d9%85%d8%aa%d8%b1%d8%ac%d9%85/
10-11 13:07:57.728 31574 31674 I SYNCUTIL: getIdsFromUrl https://tv6.egydead.live/%d9%85%d8%b4%d8%a7%d9%87%d8%af%d8%a9-%d9%81%d9%8a%d9%84%d9%85-pretty-crazy-2025-%d9%85%d8%aa%d8%b1%d8%ac%d9%85/
10-11 13:07:57.744 31574 31574 I ViewRootImpl@fadb6d7[MainActivity]: performTraversals mFirst=false windowShouldResize=false viewVisibilityChanged=false mForceNextWindowRelayout=false params={(0,0)(fillxfill) sim={state=always_hidden adjust=pan} ty=BASE_APPLICATION fmt=TRANSLUCENT wanim=0x1030309
10-11 13:07:57.744 31574 31574 I ViewRootImpl@fadb6d7[MainActivity]:   fl=85810100
10-11 13:07:57.744 31574 31574 I ViewRootImpl@fadb6d7[MainActivity]:   pfl=12020040
10-11 13:07:57.744 31574 31574 I ViewRootImpl@fadb6d7[MainActivity]:   vsysui=500
10-11 13:07:57.744 31574 31574 I ViewRootImpl@fadb6d7[MainActivity]:   bhv=DEFAULT
10-11 13:07:57.744 31574 31574 I ViewRootImpl@fadb6d7[MainActivity]:   fitSides= naviIconColor=0}
10-11 13:07:57.751 31574 31574 I ViewRootImpl@fadb6d7[MainActivity]: updateBlastSurfaceIfNeeded mBlastBufferQueue=0x7b5517e000 isSameSurfaceControl=true
10-11 13:07:57.751 31574 31574 I BLASTBufferQueue: update, w= 1080 h= 2400 mName = ViewRootImpl@fadb6d7[MainActivity] mNativeObject= 0x7b5517e000 sc.mNativeObject= 0x7b2c63a1a0 format= -3 caller= android.view.ViewRootImpl.updateBlastSurfaceIfNeeded:2898 android.view.ViewRootImpl.relayoutWindow:9847 android.view.ViewRootImpl.performTraversals:3884 android.view.ViewRootImpl.doTraversal:3116 android.view.ViewRootImpl$TraversalRunnable.run:10885 android.view.Choreographer$CallbackRecord.run:1301 
10-11 13:07:57.751 31574 31574 I ViewRootImpl@fadb6d7[MainActivity]: Relayout returned: old=(0,0,1080,2400) new=(0,0,1080,2400) req=(1080,2400)0 dur=7 res=0x0 s={true 0x7b5517b800} ch=false seqId=0
10-11 13:07:57.752 31574 31574 D SurfaceView@aa4c112: updateSurface: has no frame
10-11 13:07:57.753 31574 31574 I SurfaceView@aa4c112: Changes: creating=true format=true size=true visible=true alpha=false hint=false mUseAlpha=false visible=true left=true top=true
10-11 13:07:57.757 31574 31574 I BLASTBufferQueue: update, w= 1080 h= 525 mName = null mNativeObject= 0x7b67309b00 sc.mNativeObject= 0x7b2c63a6a0 format= 4 caller= android.view.SurfaceView.createBlastSurfaceControls:1383 android.view.SurfaceView.updateSurface:1079 android.view.SurfaceView.lambda$new$0$android-view-SurfaceView:200 android.view.SurfaceView$$ExternalSyntheticLambda5.onPreDraw:2 android.view.ViewTreeObserver.dispatchOnPreDraw:1121 android.view.ViewRootImpl.performTraversals:4442 
10-11 13:07:57.757 31574 31574 I SurfaceView@aa4c112: 178569490 Cur surface: Surface(name=null)/@0x7781675
10-11 13:07:57.757 31574 31574 I SurfaceView@aa4c112: pST: sr = Rect(0, 218 - 1080, 743) sw = 1080 sh = 525
10-11 13:07:57.757 31574 31574 D SurfaceView@aa4c112: performSurfaceTransaction RenderWorker position = [0, 218, 1080, 743] surfaceSize = 1080x525
10-11 13:07:57.757 31574 31574 I SurfaceView@aa4c112: applyTransactionOnVriDraw: vri = ViewRootImpl@fadb6d7[MainActivity] fRS = false t = 0x7b3f71ff00 android.view.SurfaceView.performSurfaceTransaction:959 android.view.SurfaceView.updateSurface:1105 android.view.SurfaceView.lambda$new$0$android-view-SurfaceView:200 
10-11 13:07:57.758 31574 31574 I ViewRootImpl@fadb6d7[MainActivity]: applyTransactionOnDraw: mRemoved = false isHardwareEnabled = true t = 0x7b3f71ff00android.view.SurfaceView.applyTransactionOnVriDraw:2048 android.view.SurfaceView.performSurfaceTransaction:959 android.view.SurfaceView.updateSurface:1105 android.view.SurfaceView.lambda$new$0$android-view-SurfaceView:200 android.view.SurfaceView$$ExternalSyntheticLambda5.onPreDraw:2 
10-11 13:07:57.758 31574 31574 I SurfaceView@aa4c112: updateSurface: mVisible = true mSurface.isValid() = true
10-11 13:07:57.758 31574 31574 I SurfaceView@aa4c112: updateSurface: mSurfaceCreated = false surfaceChanged = true visibleChanged = true
10-11 13:07:57.758 31574 31574 I SurfaceView@aa4c112: visibleChanged -- surfaceCreated
10-11 13:07:57.758 31574 31574 I SurfaceView@aa4c112: surfaceCreated 0 #8 android.view.SurfaceView{aa4c112 V.E...... ......ID 0,0-1080,525}
10-11 13:07:57.758 31574 31574 I SurfaceView@aa4c112: surfaceChanged -- format=4 w=1080 h=525
10-11 13:07:57.758 31574 31574 I SurfaceView@aa4c112: surfaceChanged (1080,525) 0 #8 android.view.SurfaceView{aa4c112 V.E...... ......ID 0,0-1080,525}
10-11 13:07:57.758 31574 31574 I SurfaceView@aa4c112: surfaceRedrawNeeded
10-11 13:07:57.759 31574 31574 V SurfaceView@aa4c112: Layout: x=0 y=218 w=1080 h=525, frame=Rect(0, 0 - 1080, 525)
10-11 13:07:57.768 31574 31700 D SurfaceView@aa4c112: updateSurfacePosition RenderWorker, frameNr = 296, position = [0, 218, 1080, 743] surfaceSize = 1080x525
10-11 13:07:57.768 31574 31700 I SurfaceView@aa4c112: uSP: rtp = Rect(0, 218 - 1080, 743) rtsw = 1080 rtsh = 525
10-11 13:07:57.768 31574 31700 I SurfaceView@aa4c112: onSSPAndSRT: pl = 0 pt = 218 sx = 1.0 sy = 1.0
10-11 13:07:57.769 31574 31700 I SurfaceView@aa4c112: aOrMT: ViewRootImpl@fadb6d7[MainActivity] t = android.view.SurfaceControl$Transaction@d299f2d fN = 296 android.view.SurfaceView.-$$Nest$mapplyOrMergeTransaction:0 android.view.SurfaceView$SurfaceViewPositionUpdateListener.positionChanged:1537 android.graphics.RenderNode$CompositePositionUpdateListener.positionChanged:373 
10-11 13:07:57.769 31574 31700 I ViewRootImpl@fadb6d7[MainActivity]: mWNT: t=0x7b3f730400 mBlastBufferQueue=0x7b5517e000 fn= 296 caller= android.view.SurfaceView.applyOrMergeTransaction:1455 android.view.SurfaceView.-$$Nest$mapplyOrMergeTransaction:0 android.view.SurfaceView$SurfaceViewPositionUpdateListener.positionChanged:1537 
10-11 13:07:57.769 31574 31700 I ViewRootImpl@fadb6d7[MainActivity]: mWNT: t=0x7b3f71ff00 mBlastBufferQueue=0x7b5517e000 fn= 296 caller= android.view.ViewRootImpl.lambda$applyTransactionOnDraw$11$android-view-ViewRootImpl:12865 android.view.ViewRootImpl$$ExternalSyntheticLambda1.onFrameDraw:4 android.graphics.HardwareRenderer$FrameDrawingCallback.onFrameDraw:924 
10-11 13:07:57.793 31574 31574 I SurfaceView@aa4c112: finishedDrawing
10-11 13:07:58.523 31574 31574 I ViewRootImpl@fadb6d7[MainActivity]: ViewPostIme pointer 0
10-11 13:07:59.054 31574 31574 I Dialog  : mIsDeviceDefault = false, mIsSamsungBasicInteraction = false, isMetaDataInActivity = false
10-11 13:07:59.086 31574 31574 I DecorView: [INFO] isPopOver=false config=false
10-11 13:07:59.086 31574 31574 I DecorView: updateCaptionType: isFloating=false isApplication=true hasWindowDecorCaption=false this=DecorView@1ab16a[]
10-11 13:07:59.086 31574 31574 D DecorView: setCaptionType = 0, this = DecorView@1ab16a[]
10-11 13:07:59.088 31574 31574 I DecorView: getCurrentDensityDpi: from app context. densityDpi=420 msg=resources_loaded
10-11 13:07:59.089 31574 31574 I DecorView: setWindowBackground: isPopOver=false color=0 d=android.graphics.drawable.ColorDrawable@69c9ef8
10-11 13:07:59.098 31574 31648 D NativeCustomFrequencyManager: [NativeCFMS] BpCustomFrequencyManager::BpCustomFrequencyManager()
10-11 13:07:59.099 31574 31574 I DecorView: notifyKeepScreenOnChanged: keepScreenOn=false
10-11 13:07:59.114 31574 31574 D InsetsController: onStateChanged: InsetsState: {mDisplayFrame=Rect(0, 0 - 1080, 2400), mDisplayCutout=DisplayCutout{insets=Rect(0, 88 - 0, 0) waterfall=Insets{left=0, top=0, right=0, bottom=0} boundingRect={Bounds=[Rect(0, 0 - 0, 0), Rect(512, 0 - 568, 88), Rect(0, 0 - 0, 0), Rect(0, 0 - 0, 0)]} cutoutPathParserInfo={CutoutPathParserInfo{displayWidth=1080 displayHeight=2400 physicalDisplayWidth=1080 physicalDisplayHeight=2400 density={2.625} cutoutSpec={M 0,0 M 0,12.25101276465640 a 10.60613009248640,10.60613009248640 0 1,0 0,21.21226018497290 a 10.60613009248640,10.60613009248640 0 1,0 0,-21.21226018497290 Z @dp} rotation={0} scale={1.0} physicalPixelDisplaySizeRatio={1.0}}}}, mRoundedCorners=RoundedCorners{[RoundedCorner{position=TopLeft, radius=84, center=Point(84, 84)}, RoundedCorner{position=TopRight, radius=84, center=Point(996, 84)}, RoundedCorner{position=BottomRight, radius=84, center=Point(996, 2316)}, RoundedCorner{position=BottomLeft, radius=84, center=Point(84, 2316)}]}  mRoundedCornerFrame=Rect(0, 0 - 1080, 2400), mPrivacyIndicatorBounds=PrivacyIndicatorBounds {static bounds=Rect(964, 0 - 1080, 87) rotation=0}, mSources= { InsetsSource: {mType=ITYPE_STATUS_BAR, mFrame=[0,0][1080,88], mVisible=true, mInsetsRoundedCornerFrame=false}, InsetsSource: {mType=ITYPE_NAVIGATION_BAR, mFrame=[0,2361][1080,2400], mVisible=true, mInsetsRoundedCornerFrame=false}, InsetsSource: {mType=ITYPE_LEFT_GESTURES, mFrame=[0,0][130,2400], mVisible=true, mInsetsRoundedCornerFrame=false}, InsetsSource: {mType=ITYPE_RIGHT_GESTURES, mFrame=[950,0][1080,2400], mVisible=true, mInsetsRoundedCornerFrame=false}, InsetsSource: {mType=ITYPE_TOP_MANDATORY_GESTURES, mFrame=[0,0][1080,120], mVisible=true, mInsetsRoundedCornerFrame=false}, InsetsSource: {mType=ITYPE_BOTTOM_MANDATORY_GESTURES, mFrame=[0,2316][1080,2400], mVisible=true, mInsetsRoundedCornerFrame=false}, InsetsSource: {mType=ITYPE_LEFT_DISPLAY_CUTOUT, mFrame=[0,0][-100000,2400], mVisible=true, mInsetsRoundedCornerFrame=false}, InsetsSource: {mType=ITYPE_TOP_DISPLAY_CUTOUT, mFrame=[0,0][1080,88], mVisible=true, mInsetsRoundedCornerFrame=false}, InsetsSource: {mType=ITYPE_RIGHT_DISPLAY_CUTOUT, mFrame=[100000,0][1080,2400], mVisible=true, mInsetsRoundedCornerFrame=false}, InsetsSource: {mType=ITYPE_BOTTOM_DISPLAY_CUTOUT, mFrame=[0,100000][1080,2400], mVisible=true, mInsetsRoundedCornerFrame=false}, InsetsSource: {mType=ITYPE_TOP_TAPPABLE_ELEMENT, mFrame=[0,0][1080,88], mVisible=true, mInsetsRoundedCornerFrame=false}, InsetsSource: {mType=ITYPE_BOTTOM_TAPPABLE_ELEMENT, mFrame=[0,0][0,0], mVisible=true, mInsetsRoundedCornerFrame=false}, InsetsSource: {mType=ITYPE_IME, mFrame=[0,0][0,0], mVisibleFrame=[0,1409][1080,2400], mVisible=false, mInsetsRoundedCornerFrame=false} } host=com.lagradost.cloudstream3/com.lagradost.cloudstream3.MainActivity from=android.view.ViewRootImpl.setView:1732
10-11 13:07:59.116 31574 31574 I ViewRootImpl@8cf4809[MainActivity]: setView = com.android.internal.policy.DecorView@1ab16a TM=true
10-11 13:07:59.138 31574 31574 I ViewRootImpl@8cf4809[MainActivity]: performTraversals params={(0,0)(fillxfill) gr=CENTER sim={adjust=resize forwardNavigation} ty=APPLICATION fmt=TRANSPARENT wanim=0x7f14000b
10-11 13:07:59.138 31574 31574 I ViewRootImpl@8cf4809[MainActivity]:   fl=85810100
10-11 13:07:59.138 31574 31574 I ViewRootImpl@8cf4809[MainActivity]:   pfl=12020040
10-11 13:07:59.138 31574 31574 I ViewRootImpl@8cf4809[MainActivity]:   vsysui=500
10-11 13:07:59.138 31574 31574 I ViewRootImpl@8cf4809[MainActivity]:   bhv=DEFAULT
10-11 13:07:59.138 31574 31574 I ViewRootImpl@8cf4809[MainActivity]:   fitSides= naviIconColor=0}
10-11 13:07:59.140 31574 31574 I ViewRootImpl@8cf4809[MainActivity]: performTraversals mFirst=true windowShouldResize=true viewVisibilityChanged=false mForceNextWindowRelayout=false params={(0,0)(fillxfill) gr=CENTER sim={adjust=resize forwardNavigation} ty=APPLICATION fmt=TRANSPARENT wanim=0x7f14000b
10-11 13:07:59.140 31574 31574 I ViewRootImpl@8cf4809[MainActivity]:   fl=85810100
10-11 13:07:59.140 31574 31574 I ViewRootImpl@8cf4809[MainActivity]:   pfl=12020040
10-11 13:07:59.140 31574 31574 I ViewRootImpl@8cf4809[MainActivity]:   vsysui=500
10-11 13:07:59.140 31574 31574 I ViewRootImpl@8cf4809[MainActivity]:   bhv=DEFAULT
10-11 13:07:59.140 31574 31574 I ViewRootImpl@8cf4809[MainActivity]:   fitSides= naviIconColor=0}
10-11 13:07:59.157 31574 31574 I ViewRootImpl@8cf4809[MainActivity]: updateBlastSurfaceIfNeeded mBlastBufferQueue=null isSameSurfaceControl=false
10-11 13:07:59.158 31574 31574 I BLASTBufferQueue: new BLASTBufferQueue, mName= ViewRootImpl@8cf4809[MainActivity] mNativeObject= 0x7b550b0f00 sc.mNativeObject= 0x7b2c834e20 caller= android.view.ViewRootImpl.updateBlastSurfaceIfNeeded:2909 android.view.ViewRootImpl.relayoutWindow:9847 android.view.ViewRootImpl.performTraversals:3884 android.view.ViewRootImpl.doTraversal:3116 android.view.ViewRootImpl$TraversalRunnable.run:10885 android.view.Choreographer$CallbackRecord.run:1301 android.view.Choreographer$CallbackRecord.run:1309 android.view.Choreographer.doCallbacks:923 android.view.Choreographer.doFrame:852 android.view.Choreographer$FrameDisplayEventReceiver.run:1283 
10-11 13:07:59.158 31574 31574 I BLASTBufferQueue: update, w= 1080 h= 2400 mName = ViewRootImpl@8cf4809[MainActivity] mNativeObject= 0x7b550b0f00 sc.mNativeObject= 0x7b2c834e20 format= -2 caller= android.graphics.BLASTBufferQueue.<init>:84 android.view.ViewRootImpl.updateBlastSurfaceIfNeeded:2909 android.view.ViewRootImpl.relayoutWindow:9847 android.view.ViewRootImpl.performTraversals:3884 android.view.ViewRootImpl.doTraversal:3116 android.view.ViewRootImpl$TraversalRunnable.run:10885 
10-11 13:07:59.159 31574 31574 I ViewRootImpl@8cf4809[MainActivity]: Relayout returned: old=(0,0,1080,2400) new=(0,0,1080,2400) req=(1080,2400)0 dur=17 res=0x3 s={true 0x7b2c7f4800} ch=true seqId=0
10-11 13:07:59.161 31574 31574 I ViewRootImpl@8cf4809[MainActivity]: mThreadedRenderer.initialize() mSurface={isValid=true 0x7b2c7f4800} hwInitialized=true
10-11 13:07:59.161 31574 31648 D OpenGLRenderer: eglCreateWindowSurface
10-11 13:07:59.188 31574 31574 D AbsListView:  in onLayout changed 
10-11 13:07:59.190 31574 31574 I ViewRootImpl@8cf4809[MainActivity]: reportNextDraw android.view.ViewRootImpl.performTraversals:4438 android.view.ViewRootImpl.doTraversal:3116 android.view.ViewRootImpl$TraversalRunnable.run:10885 android.view.Choreographer$CallbackRecord.run:1301 android.view.Choreographer$CallbackRecord.run:1309 
10-11 13:07:59.190 31574 31574 I ViewRootImpl@8cf4809[MainActivity]: Setup new sync id=0
10-11 13:07:59.190 31574 31574 I ViewRootImpl@8cf4809[MainActivity]: Setting syncFrameCallback
10-11 13:07:59.190 31574 31574 I ViewRootImpl@8cf4809[MainActivity]: registerCallbacksForSync syncBuffer=false
10-11 13:07:59.194 31574 31701 I ViewRootImpl@8cf4809[MainActivity]: Received frameDrawingCallback syncResult=0 frameNum=1.
10-11 13:07:59.194 31574 31701 I ViewRootImpl@8cf4809[MainActivity]: Setting up sync and frameCommitCallback
10-11 13:07:59.205 31574 31648 I BLASTBufferQueue: [ViewRootImpl@8cf4809[MainActivity]#4](f:0,a:0) onFrameAvailable the first frame is available
10-11 13:07:59.206 31574 31648 I ViewRootImpl@8cf4809[MainActivity]: Received frameCommittedCallback lastAttemptedDrawFrameNum=1 didProduceBuffer=true
10-11 13:07:59.208 31574 31648 D OpenGLRenderer: CFMS:: SetUp Pid : 31574    Tid : 31648
10-11 13:07:59.212 31574 31574 I ViewRootImpl@8cf4809[MainActivity]: onSyncComplete
10-11 13:07:59.213 31574 31574 I ViewRootImpl@8cf4809[MainActivity]: setupSync seqId=0 mSyncId=0 fn=1 caller=android.view.ViewRootImpl$$ExternalSyntheticLambda11.accept:6 android.window.SurfaceSyncer.lambda$setupSync$1$android-window-SurfaceSyncer:128 android.window.SurfaceSyncer$$ExternalSyntheticLambda1.accept:8 android.window.SurfaceSyncer$SyncSet.checkIfSyncIsComplete:382 android.window.SurfaceSyncer$SyncSet.markSyncReady:359 android.window.SurfaceSyncer.markSyncReady:151 android.view.ViewRootImpl.performTraversals:4503 
10-11 13:07:59.214 31574 31574 I ViewRootImpl@8cf4809[MainActivity]: reportDrawFinished seqId=0 mSyncId=-1 fn=1 mSurfaceChangedTransaction=0x7b3f912300
10-11 13:07:59.235 31574 31574 I ViewRootImpl@fadb6d7[MainActivity]: ViewPostIme pointer 1
10-11 13:07:59.236 31574 31574 I ViewRootImpl@fadb6d7[MainActivity]: MSG_WINDOW_FOCUS_CHANGED 0 0
10-11 13:07:59.274 31574 31574 I ViewRootImpl@8cf4809[MainActivity]: MSG_WINDOW_FOCUS_CHANGED 1 0
10-11 13:07:59.274 31574 31574 I ViewRootImpl@8cf4809[MainActivity]: mThreadedRenderer.initializeIfNeeded()#2 mSurface={isValid=true 0x7b2c7f4800}
10-11 13:07:59.275 31574 31574 D InputMethodManager: startInputInner - Id : 0
10-11 13:07:59.275 31574 31574 I InputMethodManager: startInputInner - mService.startInputOrWindowGainedFocus
10-11 13:08:00.016 31574 31574 I ViewRootImpl@8cf4809[MainActivity]: ViewPostIme pointer 0
10-11 13:08:00.065 31574 31574 I ViewRootImpl@8cf4809[MainActivity]: ViewPostIme pointer 1
10-11 13:08:00.066 31574 31574 D AbsListView: onTouchUp() mTouchMode : 0
10-11 13:08:00.144 31574 31574 I MSHandlerLifeCycle: removeMultiSplitHandler: no exist. decor=DecorView@1ab16a[MainActivity]
10-11 13:08:00.144 31574 31674 D EgyDead : Loading links for URL: https://tv6.egydead.live/%d9%85%d8%b4%d8%a7%d9%87%d8%af%d8%a9-%d9%81%d9%8a%d9%84%d9%85-pretty-crazy-2025-%d9%85%d8%aa%d8%b1%d8%ac%d9%85/
10-11 13:08:00.146 31574 31648 D OpenGLRenderer: setSurface called with nullptr
10-11 13:08:00.146 31574 31648 D OpenGLRenderer: setSurface() destroyed EGLSurface
10-11 13:08:00.146 31574 31648 D OpenGLRenderer: destroyEglSurface
10-11 13:08:00.148 31574 31648 D OpenGLRenderer: endAllActiveAnimators on 0x7b09592100 (MaterialTextView) with handle 0x7b2c99f4c0
10-11 13:08:00.149 31574 31574 I ViewRootImpl@8cf4809[MainActivity]: dispatchDetachedFromWindow
10-11 13:08:00.171 31574 31574 D InputTransport: Input channel destroyed: '1726ed0', fd=128
10-11 13:08:00.174 31574 31574 I Dialog  : mIsDeviceDefault = false, mIsSamsungBasicInteraction = false, isMetaDataInActivity = false
10-11 13:08:00.248 31574 31574 I DecorView: [INFO] isPopOver=false config=false
10-11 13:08:00.248 31574 31574 I DecorView: updateCaptionType: isFloating=false isApplication=true hasWindowDecorCaption=false this=DecorView@82ce1bd[]
10-11 13:08:00.248 31574 31574 D DecorView: setCaptionType = 0, this = DecorView@82ce1bd[]
10-11 13:08:00.249 31574 31574 I DecorView: getCurrentDensityDpi: from app context. densityDpi=420 msg=resources_loaded
10-11 13:08:00.249 31574 31574 I DecorView: setWindowBackground: isPopOver=false color=0 d=android.graphics.drawable.ColorDrawable@1aa5f03
10-11 13:08:00.256 31574 31648 D NativeCustomFrequencyManager: [NativeCFMS] BpCustomFrequencyManager::BpCustomFrequencyManager()
10-11 13:08:00.257 31574 31574 I DecorView: notifyKeepScreenOnChanged: keepScreenOn=false
10-11 13:08:00.266 31574 31574 D InsetsController: onStateChanged: InsetsState: {mDisplayFrame=Rect(0, 0 - 1080, 2400), mDisplayCutout=DisplayCutout{insets=Rect(0, 88 - 0, 0) waterfall=Insets{left=0, top=0, right=0, bottom=0} boundingRect={Bounds=[Rect(0, 0 - 0, 0), Rect(512, 0 - 568, 88), Rect(0, 0 - 0, 0), Rect(0, 0 - 0, 0)]} cutoutPathParserInfo={CutoutPathParserInfo{displayWidth=1080 displayHeight=2400 physicalDisplayWidth=1080 physicalDisplayHeight=2400 density={2.625} cutoutSpec={M 0,0 M 0,12.25101276465640 a 10.60613009248640,10.60613009248640 0 1,0 0,21.21226018497290 a 10.60613009248640,10.60613009248640 0 1,0 0,-21.21226018497290 Z @dp} rotation={0} scale={1.0} physicalPixelDisplaySizeRatio={1.0}}}}, mRoundedCorners=RoundedCorners{[RoundedCorner{position=TopLeft, radius=84, center=Point(84, 84)}, RoundedCorner{position=TopRight, radius=84, center=Point(996, 84)}, RoundedCorner{position=BottomRight, radius=84, center=Point(996, 2316)}, RoundedCorner{position=BottomLeft, radius=84, center=Point(84, 2316)}]}  mRoundedCornerFrame=Rect(0, 0 - 1080, 2400), mPrivacyIndicatorBounds=PrivacyIndicatorBounds {static bounds=Rect(964, 0 - 1080, 87) rotation=0}, mSources= { InsetsSource: {mType=ITYPE_STATUS_BAR, mFrame=[0,0][1080,88], mVisible=true, mInsetsRoundedCornerFrame=false}, InsetsSource: {mType=ITYPE_NAVIGATION_BAR, mFrame=[0,2361][1080,2400], mVisible=true, mInsetsRoundedCornerFrame=false}, InsetsSource: {mType=ITYPE_LEFT_GESTURES, mFrame=[0,0][130,2400], mVisible=true, mInsetsRoundedCornerFrame=false}, InsetsSource: {mType=ITYPE_RIGHT_GESTURES, mFrame=[950,0][1080,2400], mVisible=true, mInsetsRoundedCornerFrame=false}, InsetsSource: {mType=ITYPE_TOP_MANDATORY_GESTURES, mFrame=[0,0][1080,120], mVisible=true, mInsetsRoundedCornerFrame=false}, InsetsSource: {mType=ITYPE_BOTTOM_MANDATORY_GESTURES, mFrame=[0,2316][1080,2400], mVisible=true, mInsetsRoundedCornerFrame=false}, InsetsSource: {mType=ITYPE_LEFT_DISPLAY_CUTOUT, mFrame=[0,0][-100000,2400], mVisible=true, mInsetsRoundedCornerFrame=false}, InsetsSource: {mType=ITYPE_TOP_DISPLAY_CUTOUT, mFrame=[0,0][1080,88], mVisible=true, mInsetsRoundedCornerFrame=false}, InsetsSource: {mType=ITYPE_RIGHT_DISPLAY_CUTOUT, mFrame=[100000,0][1080,2400], mVisible=true, mInsetsRoundedCornerFrame=false}, InsetsSource: {mType=ITYPE_BOTTOM_DISPLAY_CUTOUT, mFrame=[0,100000][1080,2400], mVisible=true, mInsetsRoundedCornerFrame=false}, InsetsSource: {mType=ITYPE_TOP_TAPPABLE_ELEMENT, mFrame=[0,0][1080,88], mVisible=true, mInsetsRoundedCornerFrame=false}, InsetsSource: {mType=ITYPE_BOTTOM_TAPPABLE_ELEMENT, mFrame=[0,0][0,0], mVisible=true, mInsetsRoundedCornerFrame=false}, InsetsSource: {mType=ITYPE_IME, mFrame=[0,0][0,0], mVisibleFrame=[0,1409][1080,2400], mVisible=false, mInsetsRoundedCornerFrame=false} } host=com.lagradost.cloudstream3/com.lagradost.cloudstream3.MainActivity from=android.view.ViewRootImpl.setView:1732
10-11 13:08:00.267 31574 31574 I ViewRootImpl@680ad98[MainActivity]: setView = com.android.internal.policy.DecorView@82ce1bd TM=true
10-11 13:08:00.269 31574 31574 D InsetsController: onStateChanged: InsetsState: {mDisplayFrame=Rect(0, 0 - 1080, 2400), mDisplayCutout=DisplayCutout{insets=Rect(0, 88 - 0, 0) waterfall=Insets{left=0, top=0, right=0, bottom=0} boundingRect={Bounds=[Rect(0, 0 - 0, 0), Rect(512, 0 - 568, 88), Rect(0, 0 - 0, 0), Rect(0, 0 - 0, 0)]} cutoutPathParserInfo={CutoutPathParserInfo{displayWidth=1080 displayHeight=2400 physicalDisplayWidth=1080 physicalDisplayHeight=2400 density={2.625} cutoutSpec={M 0,0 M 0,12.25101276465640 a 10.60613009248640,10.60613009248640 0 1,0 0,21.21226018497290 a 10.60613009248640,10.60613009248640 0 1,0 0,-21.21226018497290 Z @dp} rotation={0} scale={1.0} physicalPixelDisplaySizeRatio={1.0}}}}, mRoundedCorners=RoundedCorners{[RoundedCorner{position=TopLeft, radius=84, center=Point(84, 84)}, RoundedCorner{position=TopRight, radius=84, center=Point(996, 84)}, RoundedCorner{position=BottomRight, radius=84, center=Point(996, 2316)}, RoundedCorner{position=BottomLeft, radius=84, center=Point(84, 2316)}]}  mRoundedCornerFrame=Rect(0, 0 - 1080, 2400), mPrivacyIndicatorBounds=PrivacyIndicatorBounds {static bounds=Rect(964, 0 - 1080, 87) rotation=0}, mSources= { InsetsSource: {mType=ITYPE_STATUS_BAR, mFrame=[0,0][1080,88], mVisible=true, mInsetsRoundedCornerFrame=false}, InsetsSource: {mType=ITYPE_NAVIGATION_BAR, mFrame=[0,2361][1080,2400], mVisible=true, mInsetsRoundedCornerFrame=false}, InsetsSource: {mType=ITYPE_LEFT_GESTURES, mFrame=[0,0][130,2400], mVisible=true, mInsetsRoundedCornerFrame=false}, InsetsSource: {mType=ITYPE_RIGHT_GESTURES, mFrame=[950,0][1080,2400], mVisible=true, mInsetsRoundedCornerFrame=false}, InsetsSource: {mType=ITYPE_TOP_MANDATORY_GESTURES, mFrame=[0,0][1080,120], mVisible=true, mInsetsRoundedCornerFrame=false}, InsetsSource: {mType=ITYPE_BOTTOM_MANDATORY_GESTURES, mFrame=[0,2316][1080,2400], mVisible=true, mInsetsRoundedCornerFrame=false}, InsetsSource: {mType=ITYPE_LEFT_DISPLAY_CUTOUT, mFrame=[0,0][-100000,2400], mVisible=true, mInsetsRoundedCornerFrame=false}, InsetsSource: {mType=ITYPE_TOP_DISPLAY_CUTOUT, mFrame=[0,0][1080,88], mVisible=true, mInsetsRoundedCornerFrame=false}, InsetsSource: {mType=ITYPE_RIGHT_DISPLAY_CUTOUT, mFrame=[100000,0][1080,2400], mVisible=true, mInsetsRoundedCornerFrame=false}, InsetsSource: {mType=ITYPE_BOTTOM_DISPLAY_CUTOUT, mFrame=[0,100000][1080,2400], mVisible=true, mInsetsRoundedCornerFrame=false}, InsetsSource: {mType=ITYPE_TOP_TAPPABLE_ELEMENT, mFrame=[0,0][1080,88], mVisible=true, mInsetsRoundedCornerFrame=false}, InsetsSource: {mType=ITYPE_BOTTOM_TAPPABLE_ELEMENT, mFrame=[0,0][0,0], mVisible=true, mInsetsRoundedCornerFrame=false} } host=com.lagradost.cloudstream3/com.lagradost.cloudstream3.MainActivity from=android.view.ViewRootImpl$ViewRootHandler.handleMessageImpl:6740
10-11 13:08:00.274 31574 31574 I ViewRootImpl@680ad98[MainActivity]: performTraversals params={(0,0)(fillxfill) gr=CENTER sim={adjust=pan forwardNavigation} ty=APPLICATION fmt=TRANSPARENT wanim=0x7f14000b
10-11 13:08:00.274 31574 31574 I ViewRootImpl@680ad98[MainActivity]:   fl=85810100
10-11 13:08:00.274 31574 31574 I ViewRootImpl@680ad98[MainActivity]:   pfl=12020040
10-11 13:08:00.274 31574 31574 I ViewRootImpl@680ad98[MainActivity]:   vsysui=500
10-11 13:08:00.274 31574 31574 I ViewRootImpl@680ad98[MainActivity]:   bhv=DEFAULT
10-11 13:08:00.274 31574 31574 I ViewRootImpl@680ad98[MainActivity]:   fitSides= naviIconColor=0}
10-11 13:08:00.275 31574 31574 I ViewRootImpl@680ad98[MainActivity]: performTraversals mFirst=true windowShouldResize=true viewVisibilityChanged=false mForceNextWindowRelayout=false params={(0,0)(fillxfill) gr=CENTER sim={adjust=pan forwardNavigation} ty=APPLICATION fmt=TRANSPARENT wanim=0x7f14000b
10-11 13:08:00.275 31574 31574 I ViewRootImpl@680ad98[MainActivity]:   fl=85810100
10-11 13:08:00.275 31574 31574 I ViewRootImpl@680ad98[MainActivity]:   pfl=12020040
10-11 13:08:00.275 31574 31574 I ViewRootImpl@680ad98[MainActivity]:   vsysui=500
10-11 13:08:00.275 31574 31574 I ViewRootImpl@680ad98[MainActivity]:   bhv=DEFAULT
10-11 13:08:00.275 31574 31574 I ViewRootImpl@680ad98[MainActivity]:   fitSides= naviIconColor=0}
10-11 13:08:00.293 31574 31574 I ViewRootImpl@680ad98[MainActivity]: updateBlastSurfaceIfNeeded mBlastBufferQueue=null isSameSurfaceControl=false
10-11 13:08:00.294 31574 31574 I BLASTBufferQueue: new BLASTBufferQueue, mName= ViewRootImpl@680ad98[MainActivity] mNativeObject= 0x7b550b1200 sc.mNativeObject= 0x7b3f992760 caller= android.view.ViewRootImpl.updateBlastSurfaceIfNeeded:2909 android.view.ViewRootImpl.relayoutWindow:9847 android.view.ViewRootImpl.performTraversals:3884 android.view.ViewRootImpl.doTraversal:3116 android.view.ViewRootImpl$TraversalRunnable.run:10885 android.view.Choreographer$CallbackRecord.run:1301 android.view.Choreographer$CallbackRecord.run:1309 android.view.Choreographer.doCallbacks:923 android.view.Choreographer.doFrame:852 android.view.Choreographer$FrameDisplayEventReceiver.run:1283 
10-11 13:08:00.295 31574 31574 I BLASTBufferQueue: update, w= 1080 h= 2400 mName = ViewRootImpl@680ad98[MainActivity] mNativeObject= 0x7b550b1200 sc.mNativeObject= 0x7b3f992760 format= -2 caller= android.graphics.BLASTBufferQueue.<init>:84 android.view.ViewRootImpl.updateBlastSurfaceIfNeeded:2909 android.view.ViewRootImpl.relayoutWindow:9847 android.view.ViewRootImpl.performTraversals:3884 android.view.ViewRootImpl.doTraversal:3116 android.view.ViewRootImpl$TraversalRunnable.run:10885 
10-11 13:08:00.295 31574 31574 I ViewRootImpl@680ad98[MainActivity]: Relayout returned: old=(0,0,1080,2400) new=(0,0,1080,2400) req=(1080,2400)0 dur=18 res=0x3 s={true 0x7b2c7f4800} ch=true seqId=0
10-11 13:08:00.296 31574 31574 I ViewRootImpl@680ad98[MainActivity]: mThreadedRenderer.initialize() mSurface={isValid=true 0x7b2c7f4800} hwInitialized=true
10-11 13:08:00.296 31574 31648 D OpenGLRenderer: eglCreateWindowSurface
10-11 13:08:00.298 31574 31574 I ViewRootImpl@680ad98[MainActivity]: reportNextDraw android.view.ViewRootImpl.performTraversals:4438 android.view.ViewRootImpl.doTraversal:3116 android.view.ViewRootImpl$TraversalRunnable.run:10885 android.view.Choreographer$CallbackRecord.run:1301 android.view.Choreographer$CallbackRecord.run:1309 
10-11 13:08:00.298 31574 31574 I ViewRootImpl@680ad98[MainActivity]: Setup new sync id=0
10-11 13:08:00.298 31574 31574 I ViewRootImpl@680ad98[MainActivity]: Setting syncFrameCallback
10-11 13:08:00.299 31574 31574 I ViewRootImpl@680ad98[MainActivity]: registerCallbacksForSync syncBuffer=false
10-11 13:08:00.301 31574 31700 I ViewRootImpl@680ad98[MainActivity]: Received frameDrawingCallback syncResult=0 frameNum=1.
10-11 13:08:00.301 31574 31700 I ViewRootImpl@680ad98[MainActivity]: Setting up sync and frameCommitCallback
10-11 13:08:00.313 31574 31648 I BLASTBufferQueue: [ViewRootImpl@680ad98[MainActivity]#5](f:0,a:0) onFrameAvailable the first frame is available
10-11 13:08:00.314 31574 31648 I ViewRootImpl@680ad98[MainActivity]: Received frameCommittedCallback lastAttemptedDrawFrameNum=1 didProduceBuffer=true
10-11 13:08:00.316 31574 31648 D OpenGLRenderer: CFMS:: SetUp Pid : 31574    Tid : 31648
10-11 13:08:00.321 31574 31574 I ViewRootImpl@680ad98[MainActivity]: onSyncComplete
10-11 13:08:00.322 31574 31574 I ViewRootImpl@680ad98[MainActivity]: setupSync seqId=0 mSyncId=0 fn=1 caller=android.view.ViewRootImpl$$ExternalSyntheticLambda11.accept:6 android.window.SurfaceSyncer.lambda$setupSync$1$android-window-SurfaceSyncer:128 android.window.SurfaceSyncer$$ExternalSyntheticLambda1.accept:8 android.window.SurfaceSyncer$SyncSet.checkIfSyncIsComplete:382 android.window.SurfaceSyncer$SyncSet.markSyncReady:359 android.window.SurfaceSyncer.markSyncReady:151 android.view.ViewRootImpl.performTraversals:4503 
10-11 13:08:00.322 31574 31574 I ViewRootImpl@680ad98[MainActivity]: reportDrawFinished seqId=0 mSyncId=-1 fn=1 mSurfaceChangedTransaction=0x7b02cb2d00
10-11 13:08:00.325 31574 31574 I ViewRootImpl@fadb6d7[MainActivity]: MSG_WINDOW_FOCUS_CHANGED 0 0
10-11 13:08:00.343 31574 31574 I ViewRootImpl@fadb6d7[MainActivity]: MSG_WINDOW_FOCUS_CHANGED 0 0
10-11 13:08:00.390 31574 31574 I ViewRootImpl@680ad98[MainActivity]: MSG_WINDOW_FOCUS_CHANGED 1 0
10-11 13:08:00.390 31574 31574 I ViewRootImpl@680ad98[MainActivity]: mThreadedRenderer.initializeIfNeeded()#2 mSurface={isValid=true 0x7b2c7f4800}
10-11 13:08:00.390 31574 31574 D InputMethodManager: startInputInner - Id : 0
10-11 13:08:00.390 31574 31574 I InputMethodManager: startInputInner - mService.startInputOrWindowGainedFocus
10-11 13:08:00.563 31574 31674 D EgyDead : Document title: Ù…Ø´Ø§Ù‡Ø¯Ø© ÙÙŠÙ„Ù… Pretty Crazy 2025 Ù…ØªØ±Ø¬Ù… | Ø§ÙŠØ¬ÙŠ Ø¯ÙŠØ¯
10-11 13:08:00.564 31574 31674 D EgyDead : Found 7 potential server elements.
10-11 13:08:00.564 31574 31674 D EgyDead : Server data-link 0: https://hglink.to/e/1woe41gjgjoq
10-11 13:08:00.564 31574 31674 D EgyDead : Server data-link 1: https://bigwarp.pro/embed-mdxvolfllzac.html
10-11 13:08:00.564 31574 31674 D EgyDead : Server data-link 2: https://forafile.com/embed-baqfr6isex0d.html
10-11 13:08:00.564 31574 31674 D EgyDead : Server data-link 3: https://dingtezuni.com/v/tdlmjxaur8um
10-11 13:08:00.564 31574 31674 D EgyDead : Server data-link 4: https://mxdrop.to/e/vklg8l06in18o
10-11 13:08:00.564 31574 31674 D EgyDead : Server data-link 5: https://dsvplay.com/e/meg431jvc2x9
10-11 13:08:00.564 31574 31674 D EgyDead : Server data-link 6: https://listeamed.net/e/NMRLEpo96RexXaG
10-11 13:08:00.806 31574 31589 I st.cloudstream3: Background concurrent copying GC freed 10MB AllocSpace bytes, 46(2568KB) LOS objects, 50% free, 19MB/39MB, paused 217us,250us total 146.862ms
10-11 13:08:00.810 31574 31648 D OpenGLRenderer: setSurface called with nullptr
10-11 13:08:00.811 31574 31590 D InputTransport: Input channel destroyed: 'ClientS', fd=156
10-11 13:08:00.811 31574 31590 D InputTransport: Input channel destroyed: 'ClientS', fd=236
10-11 13:08:00.864 31574 31674 D RepoLink: Loaded ExtractorLink: ExtractorLink(name=Bigwarp 2101 kbps, url=https://fs69.bigwarp.io/v/01/02035/mdxvolfllzac_x/x.mp4?t=MoBAshMuWxaSNpEMP88VRdBJHbgTQLyx3drS_pTHAbQ&s=1760184481&e=43200&f=10175030&sp=1000&i=0.0&kmnr=937167788854, referer=https://bigwarp.pro/embed-mdxvolfllzac.html, type=VIDEO)
10-11 13:08:00.865 31574 31674 D RepoLink: Loaded ExtractorLink: ExtractorLink(name=Bigwarp 1889 kbps, url=https://fs69.bigwarp.io/v/01/02035/mdxvolfllzac_o/o.mp4?t=K0ARxadl0_6-sHUN__BSl8CJvfxv3cn-gpuMBZF9FVM&s=1760184481&e=43200&f=10175030&sp=600&i=0.0&kmnr=937167788854, referer=https://bigwarp.pro/embed-mdxvolfllzac.html, type=VIDEO)
10-11 13:08:01.205 31574 31674 D RepoLink: Loaded ExtractorLink: ExtractorLink(name=DoodStream, url=https://oi321o.cloudatacdn.com/u5kj64ajqlb3sdgge575eoytj6bpdjn3v3mwdfu3qlv6kkrjmnlaqvmkfj6q/971jejyd1o~8nliOGlkYr?token=qovgq1x3avggt61drklo3c7y, referer=https://ds2play.com/, type=VIDEO)
10-11 13:08:01.388 31574 31674 D RepoLink: Loaded ExtractorLink: ExtractorLink(name=Vidguard, url=https://7p1z2bdanj.guardstorage.net/hls_3/2nH17s6xdViJ5-NoTZNsf9hvOt811SLVHfYhup2ekHz-8c3g6yPKolXamDXEUhV8TbNwGe5pHOOJt6X1IhC8d50MRH7Y1NXipKn7KtsKLWetVhOhbBwfXSqFvYxc017RhUllvw43pr7Rh_1ups378LAyMSjrAek9Da_Xwv1VWf48FgcnapDA6b1h3vXNR2btT249NCVt0CMA8wu9_b9Z9w/master.m3u8?sig=JLvYfJDorCH68_BGFe97UQ&expires=1760193481, referer=https://listeamed.net, type=M3U8)
10-11 13:08:01.417 31574 31674 D RepoLink: Loaded ExtractorLink: ExtractorLink(name=MixDrop, url=https://s-delivery26.mxcontent.net/v2/vklg8l06in18o.mp4?s=iZISfh6YuJ0CcHeef9feGQ&e=1760206081&_t=1760185585, referer=https://mxdrop.to/e/vklg8l06in18o, type=VIDEO)
10-11 13:08:01.785 31574 31674 D ApiError: -------------------------------------------------------------------
10-11 13:08:01.785 31574 31674 D ApiError: safeApiCall: can't bypass captcha
10-11 13:08:01.785 31574 31674 D ApiError: safeApiCall: can't bypass captcha
10-11 13:08:01.785 31574 31674 W System.err: com.lagradost.cloudstream3.ErrorLoadingException: can't bypass captcha
10-11 13:08:01.786 31574 31674 W System.err: 	at com.lagradost.cloudstream3.extractors.Zorofile.getUrl$suspendImpl(Zorofile.kt:34)
10-11 13:08:01.786 31574 31674 W System.err: 	at com.lagradost.cloudstream3.extractors.Zorofile$getUrl$1.invokeSuspend(Unknown Source:18)
10-11 13:08:01.786 31574 31674 W System.err: 	at kotlin.coroutines.jvm.internal.BaseContinuationImpl.resumeWith(ContinuationImpl.kt:33)
10-11 13:08:01.786 31574 31674 W System.err: 	at kotlinx.coroutines.DispatchedTask.run(DispatchedTask.kt:100)
10-11 13:08:01.786 31574 31674 W System.err: 	at kotlinx.coroutines.EventLoopImplBase.processNextEvent(EventLoop.common.kt:263)
