--------- beginning of main
10-10 01:09:23.267 20773 20773 D InputTransport: Input channel destroyed: '8fb77 c', fd=158
10-10 01:09:23.301 20773 20773 I ViewRootImpl@a5591d[MainActivity]: MSG_WINDOW_FOCUS_CHANGED 1 0
10-10 01:09:23.302 20773 20773 I ViewRootImpl@a5591d[MainActivity]: mThreadedRenderer.initializeIfNeeded()#2 mSurface={isValid=true 0x7b5e3d6800}
10-10 01:09:23.308 20773 20773 D InputMethodManager: startInputInner - Id : 0
10-10 01:09:23.308 20773 20773 I InputMethodManager: startInputInner - mService.startInputOrWindowGainedFocus
10-10 01:09:24.007 20773 20773 I ViewRootImpl@a5591d[MainActivity]: ViewPostIme pointer 0
10-10 01:09:24.134 20773 20773 D WindowOnBackDispatcher: onBackInvoked, viewRoot=ViewRootImpl@1a9ae7b[MainActivity], callback=androidx.activity.OnBackPressedDispatcher$Api33Impl$$ExternalSyntheticLambda0@78b3c24
10-10 01:09:24.149 20773 20773 I IMM_LC  : hsifw() - flag : 0
10-10 01:09:24.149 20773 20773 I IMM_LC  : hsifw() - mService.hideSoftInput
10-10 01:09:24.158 20773 20773 D ScrollView: initGoToTop
10-10 01:09:24.199 20773 20773 E CoilImgLoader: Error loading image: coil3.request.NullRequestDataException: The request's data is null.
10-10 01:09:24.214 20773 20773 D ScrollView:  onsize change changed 
10-10 01:09:25.156 20773 20773 I ViewRootImpl@a5591d[MainActivity]: ViewPostIme pointer 0
10-10 01:09:25.230 20773 20773 I ViewRootImpl@a5591d[MainActivity]: ViewPostIme pointer 1
10-10 01:09:25.248 20773 20773 I NavComponent: Navigating to fragment: 2131361879
10-10 01:09:25.252 20773 20773 I IMM_LC  : hsifw() - flag : 0
10-10 01:09:25.253 20773 20773 I IMM_LC  : hsifw() - mService.hideSoftInput
10-10 01:09:26.232 20773 20773 I ViewRootImpl@a5591d[MainActivity]: ViewPostIme pointer 0
10-10 01:09:26.273 20773 20773 I ViewRootImpl@a5591d[MainActivity]: ViewPostIme pointer 1
10-10 01:09:26.294 20773 20773 I IMM_LC  : hsifw() - flag : 0
10-10 01:09:26.295 20773 20773 I IMM_LC  : hsifw() - mService.hideSoftInput
10-10 01:09:26.429 20773 20773 I PLG     : updatePluginList = https://raw.githubusercontent.com/adamwolker21/DZ/refs/heads/master/repo.json
10-10 01:09:26.429 20773 20773 I PLG     : getPlugins = https://raw.githubusercontent.com/adamwolker21/DZ/refs/heads/master/repo.json
10-10 01:09:27.241 20773 20773 I ViewRootImpl@a5591d[MainActivity]: ViewPostIme pointer 0
10-10 01:09:27.282 20773 20773 I ViewRootImpl@a5591d[MainActivity]: ViewPostIme pointer 1
10-10 01:09:27.307 20773 21239 I PLG     : handlePluginAction = https://raw.githubusercontent.com/adamwolker21/DZ/refs/heads/master/repo.json, (https://raw.githubusercontent.com/adamwolker21/DZ/refs/heads/master/repo.json, SitePlugin(url=https://raw.githubusercontent.com/adamwolker21/DZ/builds/EgyDead.cs3, status=1, version=1, apiVersion=1, name=EgyDead, internalName=EgyDead, authors=[adamwolker21], description=EgyDead, repositoryUrl=https://github.com/adamwolker21/DZ, tvTypes=[Movie, TvSeries], language=ar, iconUrl=https://www.faselhds.life/icon-faselplud.png, fileSize=25893)), false
10-10 01:09:27.309 20773 21239 D PluginManager: Downloading plugin: https://raw.githubusercontent.com/adamwolker21/DZ/builds/EgyDead.cs3 to /data/user/0/com.lagradost.cloudstream3/files/Extensions/httpsraw.githubusercontent.comadamwolker21DZrefsheadsmasterrepo.json.-468825824/EgyDead.-124080901.cs3
10-10 01:09:27.549 20773 21239 I PluginManager: Unloading plugin: /data/user/0/com.lagradost.cloudstream3/files/Extensions/httpsraw.githubusercontent.comadamwolker21DZrefsheadsmasterrepo.json.-468825824/EgyDead.-124080901.cs3
10-10 01:09:27.549 20773 21239 W PluginManager: Couldn't find plugin /data/user/0/com.lagradost.cloudstream3/files/Extensions/httpsraw.githubusercontent.comadamwolker21DZrefsheadsmasterrepo.json.-468825824/EgyDead.-124080901.cs3
10-10 01:09:27.550 20773 21239 I PluginManager: Loading plugin: PluginData(internalName=EgyDead, url=https://raw.githubusercontent.com/adamwolker21/DZ/builds/EgyDead.cs3, isOnline=true, filePath=/data/user/0/com.lagradost.cloudstream3/files/Extensions/httpsraw.githubusercontent.comadamwolker21DZrefsheadsmasterrepo.json.-468825824/EgyDead.-124080901.cs3, version=-2147483648)
10-10 01:09:27.618 20773 21239 I PluginInstance: Adding EgyDead (https://tv6.egydead.live) MainAPI
10-10 01:09:27.618 20773 21239 I PluginManager: Loaded plugin EgyDead successfully
10-10 01:09:27.619 20773 21239 I PLG     : getPlugins = https://raw.githubusercontent.com/adamwolker21/DZ/refs/heads/master/repo.json
10-10 01:09:27.620 20773 20773 I COMPACT : showToast = Plugin Loaded
10-10 01:09:27.629 20773 20773 D CompatibilityChangeReporter: Compat change id reported: 147798919; UID 10523; state: ENABLED
10-10 01:09:27.630 20773 20773 E Toast   : setGravity() shouldn't be called on text toasts, the values won't be used
10-10 01:09:27.630 20773 20773 I Toast   : setView: it's a custom toast
10-10 01:09:27.638 20773 20773 V Toast   : show: caller = com.lagradost.cloudstream3.CommonActivity.showToast:175 
10-10 01:09:27.695 20773 20773 V Toast   : HANDLE SHOW: android.widget.Toast$TN@979f997 mView=null mNextView=androidx.cardview.widget.CardView{4c57784 V.E..V... ......ID 0,0-0,0 #7f0a0557 app:id/toast_layout_root}
10-10 01:09:27.697 20773 20773 V ToastPresenter: sipHeight = -39
10-10 01:09:27.698 20773 20773 V ToastPresenter: yOffset = 13
10-10 01:09:27.710 20773 20797 D NativeCustomFrequencyManager: [NativeCFMS] BpCustomFrequencyManager::BpCustomFrequencyManager()
10-10 01:09:27.719 20773 20773 D InsetsController: onStateChanged: InsetsState: {mDisplayFrame=Rect(0, 0 - 1080, 2400), mDisplayCutout=DisplayCutout{insets=Rect(0, 88 - 0, 0) waterfall=Insets{left=0, top=0, right=0, bottom=0} boundingRect={Bounds=[Rect(0, 0 - 0, 0), Rect(512, 0 - 568, 88), Rect(0, 0 - 0, 0), Rect(0, 0 - 0, 0)]} cutoutPathParserInfo={CutoutPathParserInfo{displayWidth=1080 displayHeight=2400 physicalDisplayWidth=1080 physicalDisplayHeight=2400 density={2.625} cutoutSpec={M 0,0 M 0,12.25101276465640 a 10.60613009248640,10.60613009248640 0 1,0 0,21.21226018497290 a 10.60613009248640,10.60613009248640 0 1,0 0,-21.21226018497290 Z @dp} rotation={0} scale={1.0} physicalPixelDisplaySizeRatio={1.0}}}}, mRoundedCorners=RoundedCorners{[RoundedCorner{position=TopLeft, radius=84, center=Point(84, 84)}, RoundedCorner{position=TopRight, radius=84, center=Point(996, 84)}, RoundedCorner{position=BottomRight, radius=84, center=Point(996, 2316)}, RoundedCorner{position=BottomLeft, radius=84, center=Point(84, 2316)}]}  mRoundedCornerFrame=Rect(0, 0 - 0, 0), mPrivacyIndicatorBounds=PrivacyIndicatorBounds {static bounds=Rect(964, 0 - 1080, 87) rotation=0}, mSources= { InsetsSource: {mType=ITYPE_NAVIGATION_BAR, mFrame=[0,2361][1080,2400], mVisible=true, mInsetsRoundedCornerFrame=false}, InsetsSource: {mType=ITYPE_LEFT_GESTURES, mFrame=[0,0][130,2400], mVisible=true, mInsetsRoundedCornerFrame=false}, InsetsSource: {mType=ITYPE_RIGHT_GESTURES, mFrame=[950,0][1080,2400], mVisible=true, mInsetsRoundedCornerFrame=false}, InsetsSource: {mType=ITYPE_TOP_MANDATORY_GESTURES, mFrame=[0,0][1080,120], mVisible=true, mInsetsRoundedCornerFrame=false}, InsetsSource: {mType=ITYPE_BOTTOM_MANDATORY_GESTURES, mFrame=[0,2316][1080,2400], mVisible=true, mInsetsRoundedCornerFrame=false}, InsetsSource: {mType=ITYPE_LEFT_DISPLAY_CUTOUT, mFrame=[0,0][-100000,2400], mVisible=true, mInsetsRoundedCornerFrame=false}, InsetsSource: {mType=ITYPE_TOP_DISPLAY_CUTOUT, mFrame=[0,0][1080,88], mVisible=true, mInsetsRoundedCornerFrame=false}, InsetsSource: {mType=ITYPE_RIGHT_DISPLAY_CUTOUT, mFrame=[100000,0][1080,2400], mVisible=true, mInsetsRoundedCornerFrame=false}, InsetsSource: {mType=ITYPE_BOTTOM_DISPLAY_CUTOUT, mFrame=[0,100000][1080,2400], mVisible=true, mInsetsRoundedCornerFrame=false}, InsetsSource: {mType=ITYPE_BOTTOM_TAPPABLE_ELEMENT, mFrame=[0,0][0,0], mVisible=true, mInsetsRoundedCornerFrame=false} } host=Toast from=android.view.ViewRootImpl.setView:1732
10-10 01:09:27.720 20773 20773 I ViewRootImpl@6964b6d[Toast]: setView = androidx.cardview.widget.CardView@4c57784 TM=true
10-10 01:09:27.728 20773 20773 I ViewRootImpl@6964b6d[Toast]: performTraversals params={(0,13)(wrapxwrap) gr=BOTTOM CENTER sim={adjust=resize} ty=TOAST fmt=TRANSLUCENT wanim=0x1030004 surfaceInsets=Rect(11, 11 - 11, 11)
10-10 01:09:27.728 20773 20773 I ViewRootImpl@6964b6d[Toast]:   fl=1000098
10-10 01:09:27.728 20773 20773 I ViewRootImpl@6964b6d[Toast]:   pfl=12000000
10-10 01:09:27.728 20773 20773 I ViewRootImpl@6964b6d[Toast]:   bhv=DEFAULT
10-10 01:09:27.728 20773 20773 I ViewRootImpl@6964b6d[Toast]:   fitTypes=STATUS_BARS NAVIGATION_BARS CAPTION_BAR
10-10 01:09:27.728 20773 20773 I ViewRootImpl@6964b6d[Toast]:   fitIgnoreVis naviIconColor=0}
10-10 01:09:27.729 20773 20773 I ViewRootImpl@6964b6d[Toast]: performTraversals mFirst=true windowShouldResize=false viewVisibilityChanged=false mForceNextWindowRelayout=false params={(0,13)(wrapxwrap) gr=BOTTOM CENTER sim={adjust=resize} ty=TOAST fmt=TRANSLUCENT wanim=0x1030004 surfaceInsets=Rect(11, 11 - 11, 11)
10-10 01:09:27.729 20773 20773 I ViewRootImpl@6964b6d[Toast]:   fl=1000098
10-10 01:09:27.729 20773 20773 I ViewRootImpl@6964b6d[Toast]:   pfl=12000000
10-10 01:09:27.729 20773 20773 I ViewRootImpl@6964b6d[Toast]:   bhv=DEFAULT
10-10 01:09:27.729 20773 20773 I ViewRootImpl@6964b6d[Toast]:   fitTypes=STATUS_BARS NAVIGATION_BARS CAPTION_BAR
10-10 01:09:27.729 20773 20773 I ViewRootImpl@6964b6d[Toast]:   fitIgnoreVis naviIconColor=0}
10-10 01:09:27.746 20773 20773 I ViewRootImpl@6964b6d[Toast]: updateBlastSurfaceIfNeeded mBlastBufferQueue=null isSameSurfaceControl=false
10-10 01:09:27.747 20773 20773 I BLASTBufferQueue: new BLASTBufferQueue, mName= ViewRootImpl@6964b6d[Toast] mNativeObject= 0x7b43be3800 sc.mNativeObject= 0x7b466be880 caller= android.view.ViewRootImpl.updateBlastSurfaceIfNeeded:2909 android.view.ViewRootImpl.relayoutWindow:9847 android.view.ViewRootImpl.performTraversals:3884 android.view.ViewRootImpl.doTraversal:3116 android.view.ViewRootImpl$TraversalRunnable.run:10885 android.view.Choreographer$CallbackRecord.run:1301 android.view.Choreographer$CallbackRecord.run:1309 android.view.Choreographer.doCallbacks:923 android.view.Choreographer.doFrame:852 android.view.Choreographer$FrameDisplayEventReceiver.run:1283 
10-10 01:09:27.747 20773 20773 I BLASTBufferQueue: update, w= 373 h= 178 mName = ViewRootImpl@6964b6d[Toast] mNativeObject= 0x7b43be3800 sc.mNativeObject= 0x7b466be880 format= -3 caller= android.graphics.BLASTBufferQueue.<init>:84 android.view.ViewRootImpl.updateBlastSurfaceIfNeeded:2909 android.view.ViewRootImpl.relayoutWindow:9847 android.view.ViewRootImpl.performTraversals:3884 android.view.ViewRootImpl.doTraversal:3116 android.view.ViewRootImpl$TraversalRunnable.run:10885 
10-10 01:09:27.748 20773 20773 I ViewRootImpl@6964b6d[Toast]: Relayout returned: old=(0,88,1080,2361) new=(364,2192,715,2348) req=(351,156)0 dur=17 res=0x3 s={true 0x7b43bd5800} ch=true seqId=0
10-10 01:09:27.749 20773 20773 I ViewRootImpl@6964b6d[Toast]: mThreadedRenderer.initialize() mSurface={isValid=true 0x7b43bd5800} hwInitialized=true
10-10 01:09:27.750 20773 20797 D OpenGLRenderer: eglCreateWindowSurface
10-10 01:09:27.750 20773 20773 I ViewRootImpl@6964b6d[Toast]: reportNextDraw android.view.ViewRootImpl.performTraversals:4438 android.view.ViewRootImpl.doTraversal:3116 android.view.ViewRootImpl$TraversalRunnable.run:10885 android.view.Choreographer$CallbackRecord.run:1301 android.view.Choreographer$CallbackRecord.run:1309 
10-10 01:09:27.750 20773 20773 I ViewRootImpl@6964b6d[Toast]: Setup new sync id=0
10-10 01:09:27.751 20773 20773 I ViewRootImpl@6964b6d[Toast]: Setting syncFrameCallback
10-10 01:09:27.751 20773 20773 I ViewRootImpl@6964b6d[Toast]: registerCallbacksForSync syncBuffer=false
10-10 01:09:27.753 20773 20863 I ViewRootImpl@6964b6d[Toast]: Received frameDrawingCallback syncResult=0 frameNum=1.
10-10 01:09:27.753 20773 20863 I ViewRootImpl@6964b6d[Toast]: Setting up sync and frameCommitCallback
10-10 01:09:27.756 20773 20797 I BLASTBufferQueue: [ViewRootImpl@6964b6d[Toast]#11](f:0,a:0) onFrameAvailable the first frame is available
10-10 01:09:27.757 20773 20797 I ViewRootImpl@6964b6d[Toast]: Received frameCommittedCallback lastAttemptedDrawFrameNum=1 didProduceBuffer=true
10-10 01:09:27.758 20773 20797 D OpenGLRenderer: CFMS:: SetUp Pid : 20773    Tid : 20797
10-10 01:09:27.762 20773 20773 I ViewRootImpl@6964b6d[Toast]: onSyncComplete
10-10 01:09:27.763 20773 20773 I ViewRootImpl@6964b6d[Toast]: setupSync seqId=0 mSyncId=0 fn=1 caller=android.view.ViewRootImpl$$ExternalSyntheticLambda11.accept:6 android.window.SurfaceSyncer.lambda$setupSync$1$android-window-SurfaceSyncer:128 android.window.SurfaceSyncer$$ExternalSyntheticLambda1.accept:8 android.window.SurfaceSyncer$SyncSet.checkIfSyncIsComplete:382 android.window.SurfaceSyncer$SyncSet.markSyncReady:359 android.window.SurfaceSyncer.markSyncReady:151 android.view.ViewRootImpl.performTraversals:4503 
10-10 01:09:27.763 20773 20773 I ViewRootImpl@6964b6d[Toast]: reportDrawFinished seqId=0 mSyncId=-1 fn=1 mSurfaceChangedTransaction=0x7b31d2a300
10-10 01:09:28.756 20773 20773 I ViewRootImpl@a5591d[MainActivity]: ViewPostIme pointer 0
10-10 01:09:28.830 20773 20773 I ViewRootImpl@a5591d[MainActivity]: ViewPostIme pointer 1
10-10 01:09:28.857 20773 20773 I IMM_LC  : hsifw() - flag : 0
10-10 01:09:28.857 20773 20773 I IMM_LC  : hsifw() - mService.hideSoftInput
10-10 01:09:29.107 20773 20784 I st.cloudstream3: Background concurrent copying GC freed 9217KB AllocSpace bytes, 63(1532KB) LOS objects, 50% free, 17MB/35MB, paused 239us,185us total 172.016ms
10-10 01:09:29.110 20773 20832 I WebViewFactory: Loading com.google.android.webview version 141.0.7390.43 (code 739004333)
10-10 01:09:29.120 20773 20832 W st.cloudstream3: Failed to find entry 'classes.dex': Entry not found
10-10 01:09:29.121 20773 20832 D nativeloader: Configuring clns-6 for other apk /data/app/~~KzgKvUv1JwmzxHei_tsHXQ==/com.google.android.trichromelibrary_739004333-NHJfK8xUfQ5oC0LHEjEvPw==/base.apk. target_sdk_version=36, uses_libraries=ALL, library_path=/data/app/~~Z7EoFjMbPG94A6o-3Nb5UQ==/com.google.android.webview-eZKrupClwVmgDmxWAn78Ag==/lib/arm64:/data/app/~~Z7EoFjMbPG94A6o-3Nb5UQ==/com.google.android.webview-eZKrupClwVmgDmxWAn78Ag==/base.apk!/lib/arm64-v8a:/data/app/~~KzgKvUv1JwmzxHei_tsHXQ==/com.google.android.trichromelibrary_739004333-NHJfK8xUfQ5oC0LHEjEvPw==/base.apk!/lib/arm64-v8a, permitted_path=/data:/mnt/expand
10-10 01:09:29.121 20773 20832 D nativeloader: Extending system_exposed_libraries: libhumantracking.arcsoft.so:libPortraitDistortionCorrection.arcsoft.so:libPortraitDistortionCorrectionCali.arcsoft.so:libface_landmark.arcsoft.so:libFacialStickerEngine.arcsoft.so:libveengine.arcsoft.so:liblow_light_hdr.arcsoft.so:libhigh_dynamic_range.arcsoft.so:libFacialAttributeDetection.arcsoft.so:libBeauty_v4.camera.samsung.so:libexifa.camera.samsung.so:libjpega.camera.samsung.so:libOpenCv.camera.samsung.so:libImageScreener.camera.samsung.so:libMyFilter.camera.samsung.so:libtensorflowLite.myfilter.camera.samsung.so:libtensorflowlite_inference_api.myfilter.camera.samsung.so:libEventFinder.camera.samsung.so:libHIDTSnapJNI.camera.samsung.so:libSmartScan.camera.samsung.so:libRectify.camera.samsung.so:libDocRectifyWrapper.camera.samsung.so:libUltraWideDistortionCorrection.camera.samsung.so:libWideDistortionCorrection.camera.samsung.so:libHpr_RecGAE_cvFeature_v1.0.camera.samsung.so:libHprFace_GAE_api.camera.samsung.so:libFace_Landmark_API.camera.samsung.so:libHprFace_GAE_jn
10-10 01:09:29.124 20773 20797 D OpenGLRenderer: setSurface called with nullptr
10-10 01:09:29.126 20773 20785 D InputTransport: Input channel destroyed: 'ClientS', fd=119
10-10 01:09:29.127 20773 20797 D OpenGLRenderer: setSurface called with nullptr
10-10 01:09:29.128 20773 20785 D InputTransport: Input channel destroyed: 'ClientS', fd=142
10-10 01:09:29.129 20773 20832 D nativeloader: Configuring clns-7 for other apk /data/app/~~Z7EoFjMbPG94A6o-3Nb5UQ==/com.google.android.webview-eZKrupClwVmgDmxWAn78Ag==/base.apk. target_sdk_version=36, uses_libraries=, library_path=/data/app/~~Z7EoFjMbPG94A6o-3Nb5UQ==/com.google.android.webview-eZKrupClwVmgDmxWAn78Ag==/lib/arm64:/data/app/~~Z7EoFjMbPG94A6o-3Nb5UQ==/com.google.android.webview-eZKrupClwVmgDmxWAn78Ag==/base.apk!/lib/arm64-v8a:/data/app/~~KzgKvUv1JwmzxHei_tsHXQ==/com.google.android.trichromelibrary_739004333-NHJfK8xUfQ5oC0LHEjEvPw==/base.apk!/lib/arm64-v8a, permitted_path=/data:/mnt/expand
10-10 01:09:29.133 20773 20786 W System  : A resource failed to call close. 
10-10 01:09:29.168 20773 20832 I cr_WVCFactoryProvider: version=141.0.7390.43 (739004333) minSdkVersion=29 multiprocess=true packageId=127 splits=<none>
10-10 01:09:29.176 20773 20832 D nativeloader: Load /data/app/~~KzgKvUv1JwmzxHei_tsHXQ==/com.google.android.trichromelibrary_739004333-NHJfK8xUfQ5oC0LHEjEvPw==/base.apk!/lib/arm64-v8a/libmonochrome_64.so using class loader ns clns-7 (caller=/data/app/~~Z7EoFjMbPG94A6o-3Nb5UQ==/com.google.android.webview-eZKrupClwVmgDmxWAn78Ag==/base.apk): ok
10-10 01:09:29.179 20773 20832 D nativeloader: Load /system/lib64/libwebviewchromium_plat_support.so using class loader ns clns-7 (caller=/data/app/~~Z7EoFjMbPG94A6o-3Nb5UQ==/com.google.android.webview-eZKrupClwVmgDmxWAn78Ag==/base.apk): ok
10-10 01:09:29.184 20773 21372 I chromium: [1010/010929.184260:INFO:android_webview/browser/variations/variations_seed_loader.cc:67] Failed to open file for reading.: No such file or directory (2)
10-10 01:09:29.193 20773 20832 I cr_LibraryLoader: Successfully loaded native library
10-10 01:09:29.195 20773 20832 I cr_CachingUmaRecorder: Flushed 13 samples from 13 histograms, 0 samples were dropped.
10-10 01:09:29.659 20773 20797 D OpenGLRenderer: setSurface called with nullptr
10-10 01:09:29.659 20773 20797 D OpenGLRenderer: setSurface() destroyed EGLSurface
10-10 01:09:29.659 20773 20797 D OpenGLRenderer: destroyEglSurface
10-10 01:09:29.661 20773 20773 I ViewRootImpl@6964b6d[Toast]: dispatchDetachedFromWindow
10-10 01:09:29.669 20773 20773 D InputTransport: Input channel destroyed: '33f1eae', fd=150
10-10 01:09:32.078 20773 20773 I ViewRootImpl@a5591d[MainActivity]: ViewPostIme pointer 0
10-10 01:09:32.390 20773 20773 I ViewRootImpl@a5591d[MainActivity]: ViewPostIme pointer 1
10-10 01:09:32.920 20773 20773 I ViewRootImpl@a5591d[MainActivity]: ViewPostIme pointer 0
10-10 01:09:33.337 20773 20773 I ViewRootImpl@a5591d[MainActivity]: ViewPostIme pointer 1
10-10 01:09:34.096 20773 20773 I ViewRootImpl@a5591d[MainActivity]: ViewPostIme pointer 0
10-10 01:09:34.153 20773 20773 I ViewRootImpl@a5591d[MainActivity]: ViewPostIme pointer 1
10-10 01:09:34.162 20773 20773 I NavComponent: Navigating to fragment: 2131362274
10-10 01:09:34.200 20773 20773 I IMM_LC  : hsifw() - flag : 0
10-10 01:09:34.200 20773 20773 I IMM_LC  : hsifw() - mService.hideSoftInput
10-10 01:09:34.332 20773 20773 D ScrollView: initGoToTop
10-10 01:09:34.568 20773 20784 I st.cloudstream3: Background concurrent copying GC freed 10MB AllocSpace bytes, 84(6228KB) LOS objects, 49% free, 20MB/40MB, paused 500us,160us total 188.406ms
10-10 01:09:34.571 20773 20797 D OpenGLRenderer: setSurface called with nullptr
10-10 01:09:34.810 20773 20773 I SurfaceView@bb945b2: onWindowVisibilityChanged(0) true android.view.SurfaceView{bb945b2 V.E..V... ......I. 0,0-0,0} of ViewRootImpl@a5591d[MainActivity]
10-10 01:09:34.810 20773 20773 D SurfaceView@bb945b2: updateSurface: has no frame
10-10 01:09:34.821 20773 20773 I CS3ExoPlayer: SET STYLE = SaveCaptionStyle(foregroundColor=-1, backgroundColor=0, windowColor=0, edgeType=1, edgeColor=-16777216, typeface=null, typefaceFilePath=null, elevation=20, fixedTextSize=null, edgeSize=null, removeCaptions=false, removeBloat=true, upperCase=false, bold=false, italic=false, backgroundRadius=null)
10-10 01:09:34.842 20773 20773 D VideoClickActionHolder: allVideoClickActions: [null:com.lagradost.cloudstream3.actions.temp.PlayInBrowserAction, null:com.lagradost.cloudstream3.actions.temp.CopyClipboardAction, null:com.lagradost.cloudstream3.actions.temp.ViewM3U8Action, null:com.lagradost.cloudstream3.actions.temp.VlcPackage, null:com.lagradost.cloudstream3.actions.temp.MpvPackage, null:com.lagradost.cloudstream3.actions.temp.NextPlayerPackage, null:com.lagradost.cloudstream3.actions.temp.JustPlayerPackage, null:com.lagradost.cloudstream3.actions.temp.fcast.FcastAction, null:com.lagradost.cloudstream3.actions.temp.LibreTorrentPackage, null:com.lagradost.cloudstream3.actions.temp.BiglyBTPackage, null:com.lagradost.cloudstream3.actions.temp.VlcNightlyPackage, null:com.lagradost.cloudstream3.actions.temp.WebVideoCastPackage, null:com.lagradost.cloudstream3.actions.temp.MpvYTDLPackage, null:com.lagradost.cloudstream3.actions.temp.MpvKtPackage, null:com.lagradost.cloudstream3.actions.temp.MpvKtPreviewPackage, null:com.lagradost.cloudstream3.actions.AlwaysAskAction]
10-10 01:09:34.843 20773 20773 I IMM_LC  : hsifw() - flag : 0
10-10 01:09:34.843 20773 20773 I IMM_LC  : hsifw() - mService.hideSoftInput
10-10 01:09:34.846 20773 20830 I SYNCVM  : addFromUrl = https://tv6.egydead.live/%d9%85%d8%b4%d8%a7%d9%87%d8%af%d8%a9-%d9%81%d9%8a%d9%84%d9%85-pretty-crazy-2025-%d9%85%d8%aa%d8%b1%d8%ac%d9%85/
10-10 01:09:34.847 20773 20830 I SYNCUTIL: getIdsFromUrl https://tv6.egydead.live/%d9%85%d8%b4%d8%a7%d9%87%d8%af%d8%a9-%d9%81%d9%8a%d9%84%d9%85-pretty-crazy-2025-%d9%85%d8%aa%d8%b1%d8%ac%d9%85/
10-10 01:09:34.867 20773 20773 I SurfaceView@bb945b2: onWindowVisibilityChanged(8) false android.view.SurfaceView{bb945b2 V.E..V... ......I. 0,0-0,0} of ViewRootImpl@a5591d[MainActivity]
10-10 01:09:34.867 20773 20773 D SurfaceView@bb945b2: updateSurface: has no frame
10-10 01:09:34.867 20773 20773 D SurfaceView@bb945b2: updateSurface: has no frame
10-10 01:09:34.867 20773 20773 I SurfaceView@bb945b2: onDetachedFromWindow: tryReleaseSurfaces()
10-10 01:09:34.867 20773 20773 I SurfaceView@bb945b2: releaseSurfaces: viewRoot = ViewRootImpl@a5591d[MainActivity]
10-10 01:09:34.867 20773 20773 I SurfaceView@bb945b2: applyTransactionOnVriDraw: vri = ViewRootImpl@a5591d[MainActivity] fRS = true t = 0x7b31d07d00 android.view.SurfaceView.releaseSurfaces:858 android.view.SurfaceView.onDetachedFromWindow:500 android.view.View.dispatchDetachedFromWindow:22538 
10-10 01:09:34.867 20773 20773 I SurfaceView@bb945b2: applyTransactionOnVriDraw: viewRoot.applyTransactionOnDrawFromReleaseSurfaces
10-10 01:09:34.868 20773 20773 I ViewRootImpl@a5591d[MainActivity]: applyTransactionOnDraw: mRemoved = false isHardwareEnabled = true t = 0x7b31d07d00android.view.ViewRootImpl.applyTransactionOnDrawFromReleaseSurfaces:12850 android.view.SurfaceView.applyTransactionOnVriDraw:2046 android.view.SurfaceView.releaseSurfaces:858 android.view.SurfaceView.onDetachedFromWindow:500 android.view.View.dispatchDetachedFromWindow:22538 
10-10 01:09:34.870 20773 20773 I SurfaceView@bb945b2: onWindowVisibilityChanged(0) true android.view.SurfaceView{bb945b2 V.E..V... ......I. 0,0-0,0} of ViewRootImpl@a5591d[MainActivity]
10-10 01:09:34.870 20773 20773 D SurfaceView@bb945b2: updateSurface: has no frame
10-10 01:09:34.877 20773 20773 I DecorView: notifyKeepScreenOnChanged: keepScreenOn=false
10-10 01:09:34.893 20773 20773 I CS3ExoPlayer: reloadPlayer
10-10 01:09:34.893 20773 20773 I CS3ExoPlayer: releasePlayer
10-10 01:09:34.893 20773 20773 I CS3ExoPlayer: Handle event: PlayerAttachedEvent(player=null, source=Player)
10-10 01:09:34.896 20773 20773 I Choreographer: Skipped 40 frames!  The application may be doing too much work on its main thread.
10-10 01:09:34.901 20773 20773 I ViewRootImpl@a5591d[MainActivity]: performTraversals params={(0,0)(fillxfill) sim={state=always_hidden adjust=resize} ty=BASE_APPLICATION wanim=0x1030309
10-10 01:09:34.901 20773 20773 I ViewRootImpl@a5591d[MainActivity]:   fl=85810100
10-10 01:09:34.901 20773 20773 I ViewRootImpl@a5591d[MainActivity]:   pfl=12020040
10-10 01:09:34.901 20773 20773 I ViewRootImpl@a5591d[MainActivity]:   vsysui=500
10-10 01:09:34.901 20773 20773 I ViewRootImpl@a5591d[MainActivity]:   bhv=DEFAULT
10-10 01:09:34.901 20773 20773 I ViewRootImpl@a5591d[MainActivity]:   fitSides= naviIconColor=0}
10-10 01:09:34.901 20773 20773 I ViewRootImpl@a5591d[MainActivity]: performTraversals mFirst=false windowShouldResize=false viewVisibilityChanged=false mForceNextWindowRelayout=false params={(0,0)(fillxfill) sim={state=always_hidden adjust=resize} ty=BASE_APPLICATION fmt=TRANSLUCENT wanim=0x1030309
10-10 01:09:34.901 20773 20773 I ViewRootImpl@a5591d[MainActivity]:   fl=85810100
10-10 01:09:34.901 20773 20773 I ViewRootImpl@a5591d[MainActivity]:   pfl=12020040
10-10 01:09:34.901 20773 20773 I ViewRootImpl@a5591d[MainActivity]:   vsysui=500
10-10 01:09:34.901 20773 20773 I ViewRootImpl@a5591d[MainActivity]:   bhv=DEFAULT
10-10 01:09:34.901 20773 20773 I ViewRootImpl@a5591d[MainActivity]:   fitSides= naviIconColor=0}
10-10 01:09:34.910 20773 20773 I ViewRootImpl@a5591d[MainActivity]: updateBlastSurfaceIfNeeded mBlastBufferQueue=0x7b5e358800 isSameSurfaceControl=true
10-10 01:09:34.911 20773 20773 I BLASTBufferQueue: update, w= 1080 h= 2400 mName = ViewRootImpl@a5591d[MainActivity] mNativeObject= 0x7b5e358800 sc.mNativeObject= 0x7b31ffc740 format= -3 caller= android.view.ViewRootImpl.updateBlastSurfaceIfNeeded:2898 android.view.ViewRootImpl.relayoutWindow:9847 android.view.ViewRootImpl.performTraversals:3884 android.view.ViewRootImpl.doTraversal:3116 android.view.ViewRootImpl$TraversalRunnable.run:10885 android.view.Choreographer$CallbackRecord.run:1301 
10-10 01:09:34.911 20773 20773 I ViewRootImpl@a5591d[MainActivity]: Relayout returned: old=(0,0,1080,2400) new=(0,0,1080,2400) req=(1080,2400)0 dur=9 res=0x0 s={true 0x7b5e3d6800} ch=false seqId=0
10-10 01:09:34.913 20773 20773 W View    : requestLayout() improperly called by android.widget.FrameLayout{956f7e2 I.E..V... ......I. 0,0-0,0 #7f0a04e7 app:id/start_panel} during layout: running second layout pass
10-10 01:09:34.913 20773 20773 W View    : requestLayout() improperly called by android.widget.FrameLayout{45a9773 I.E..V... ......ID 1080,0-1080,2143 #7f0a0168 app:id/end_panel} during layout: running second layout pass
10-10 01:09:34.915 20773 20773 D SurfaceView@bb945b2: updateSurface: has no frame
10-10 01:09:34.922 20773 20862 I ViewRootImpl@a5591d[MainActivity]: mWNT: t=0x7b31d07d00 mBlastBufferQueue=0x7b5e358800 fn= 524 caller= android.view.ViewRootImpl.lambda$applyTransactionOnDraw$11$android-view-ViewRootImpl:12865 android.view.ViewRootImpl$$ExternalSyntheticLambda1.onFrameDraw:4 android.graphics.HardwareRenderer$FrameDrawingCallback.onFrameDraw:924 
10-10 01:09:34.929 20773 20773 D SurfaceView@bb945b2: updateSurface: has no frame
10-10 01:09:34.951 20773 20773 D SurfaceView@bb945b2: updateSurface: has no frame
10-10 01:09:34.960 20773 20899 I OpenGLRenderer: Davey! duration=731ms; Flags=0, FrameTimelineVsyncId=179759742, IntendedVsync=475746062117921, Vsync=475746728102481, InputEventId=0, HandleInputStart=475746736482636, AnimationStart=475746736489713, PerformTraversalsStart=475746736723406, DrawStart=475746755707021, FrameDeadline=475746095437041, FrameInterval=475746736392213, FrameStartTime=16652454, SyncQueued=475746760476213, SyncStart=475746760661521, IssueDrawCommandsStart=475746762011059, SwapBuffers=475746784993790, FrameCompleted=475746793453675, DequeueBufferDuration=58384, QueueBufferDuration=940923, GpuCompleted=475746793453675, SwapBuffersCompleted=475746787674983, DisplayPresentTime=475743331594485, CommandSubmissionCompleted=475746784993790, 
10-10 01:09:34.972 20773 20773 D SurfaceView@bb945b2: updateSurface: has no frame
10-10 01:09:35.000 20773 20773 D SurfaceView@bb945b2: updateSurface: has no frame
10-10 01:09:35.021 20773 20773 D SurfaceView@bb945b2: updateSurface: has no frame
10-10 01:09:35.035 20773 20773 D SurfaceView@bb945b2: updateSurface: has no frame
10-10 01:09:35.052 20773 20773 D SurfaceView@bb945b2: updateSurface: has no frame
10-10 01:09:35.085 20773 20773 D SurfaceView@bb945b2: updateSurface: has no frame
10-10 01:09:35.089 20773 20773 D SurfaceView@bb945b2: updateSurface: has no frame
10-10 01:09:35.105 20773 20773 D SurfaceView@bb945b2: updateSurface: has no frame
10-10 01:09:35.122 20773 20773 D SurfaceView@bb945b2: updateSurface: has no frame
10-10 01:09:35.139 20773 20773 D SurfaceView@bb945b2: updateSurface: has no frame
10-10 01:09:35.155 20773 20773 D SurfaceView@bb945b2: updateSurface: has no frame
10-10 01:09:35.172 20773 20773 D SurfaceView@bb945b2: updateSurface: has no frame
10-10 01:09:35.175 20773 20827 I RVM2    : applyMeta
10-10 01:09:35.189 20773 20773 D SurfaceView@bb945b2: updateSurface: has no frame
10-10 01:09:35.205 20773 20773 D SurfaceView@bb945b2: updateSurface: has no frame
10-10 01:09:35.222 20773 20773 D SurfaceView@bb945b2: updateSurface: has no frame
10-10 01:09:35.238 20773 20773 D SurfaceView@bb945b2: updateSurface: has no frame
10-10 01:09:35.255 20773 20773 D SurfaceView@bb945b2: updateSurface: has no frame
10-10 01:09:35.272 20773 20773 D SurfaceView@bb945b2: updateSurface: has no frame
10-10 01:09:35.288 20773 20773 D SurfaceView@bb945b2: updateSurface: has no frame
10-10 01:09:35.305 20773 20773 D SurfaceView@bb945b2: updateSurface: has no frame
10-10 01:09:35.322 20773 20773 D SurfaceView@bb945b2: updateSurface: has no frame
10-10 01:09:35.338 20773 20773 D SurfaceView@bb945b2: updateSurface: has no frame
10-10 01:09:35.355 20773 20773 D SurfaceView@bb945b2: updateSurface: has no frame
10-10 01:09:35.372 20773 20773 D SurfaceView@bb945b2: updateSurface: has no frame
10-10 01:09:35.388 20773 20773 D SurfaceView@bb945b2: updateSurface: has no frame
10-10 01:09:35.405 20773 20773 D SurfaceView@bb945b2: updateSurface: has no frame
10-10 01:09:35.423 20773 20773 D SurfaceView@bb945b2: updateSurface: has no frame
10-10 01:09:35.439 20773 20773 D SurfaceView@bb945b2: updateSurface: has no frame
10-10 01:09:35.455 20773 20773 D SurfaceView@bb945b2: updateSurface: has no frame
10-10 01:09:35.472 20773 20773 D SurfaceView@bb945b2: updateSurface: has no frame
10-10 01:09:35.488 20773 20773 D SurfaceView@bb945b2: updateSurface: has no frame
10-10 01:09:35.501 20773 20773 W PanelsChildGestureRegionObserver: failed to register view with ID 2131362800. already registered
10-10 01:09:35.505 20773 20773 E CoilImgLoader: Error loading image: coil3.request.NullRequestDataException: The request's data is null.
10-10 01:09:35.513 20773 20773 E CoilImgLoader: Error loading image: coil3.request.NullRequestDataException: The request's data is null.
10-10 01:09:35.557 20773 20827 I SYNCVM  : addFromUrl = https://tv6.egydead.live/%d9%85%d8%b4%d8%a7%d9%87%d8%af%d8%a9-%d9%81%d9%8a%d9%84%d9%85-pretty-crazy-2025-%d9%85%d8%aa%d8%b1%d8%ac%d9%85/
10-10 01:09:35.557 20773 20827 I SYNCUTIL: getIdsFromUrl https://tv6.egydead.live/%d9%85%d8%b4%d8%a7%d9%87%d8%af%d8%a9-%d9%81%d9%8a%d9%84%d9%85-pretty-crazy-2025-%d9%85%d8%aa%d8%b1%d8%ac%d9%85/
10-10 01:09:35.570 20773 20773 D SurfaceView@bb945b2: updateSurface: has no frame
10-10 01:09:35.572 20773 20773 I SurfaceView@bb945b2: Changes: creating=true format=true size=true visible=true alpha=false hint=false mUseAlpha=false visible=true left=true top=true
10-10 01:09:35.575 20773 20773 I BLASTBufferQueue: update, w= 1080 h= 525 mName = null mNativeObject= 0x7b5e30e200 sc.mNativeObject= 0x7b43b85120 format= 4 caller= android.view.SurfaceView.createBlastSurfaceControls:1383 android.view.SurfaceView.updateSurface:1079 android.view.SurfaceView.lambda$new$0$android-view-SurfaceView:200 android.view.SurfaceView$$ExternalSyntheticLambda5.onPreDraw:2 android.view.ViewTreeObserver.dispatchOnPreDraw:1121 android.view.ViewRootImpl.performTraversals:4442 
10-10 01:09:35.575 20773 20773 I SurfaceView@bb945b2: 196691378 Cur surface: Surface(name=null)/@0xfa71584
10-10 01:09:35.575 20773 20773 I SurfaceView@bb945b2: pST: sr = Rect(0, 218 - 1080, 743) sw = 1080 sh = 525
10-10 01:09:35.575 20773 20773 D SurfaceView@bb945b2: performSurfaceTransaction RenderWorker position = [0, 218, 1080, 743] surfaceSize = 1080x525
10-10 01:09:35.575 20773 20773 I SurfaceView@bb945b2: applyTransactionOnVriDraw: vri = ViewRootImpl@a5591d[MainActivity] fRS = false t = 0x7b31d2a200 android.view.SurfaceView.performSurfaceTransaction:959 android.view.SurfaceView.updateSurface:1105 android.view.SurfaceView.lambda$new$0$android-view-SurfaceView:200 
10-10 01:09:35.576 20773 20773 I ViewRootImpl@a5591d[MainActivity]: applyTransactionOnDraw: mRemoved = false isHardwareEnabled = true t = 0x7b31d2a200android.view.SurfaceView.applyTransactionOnVriDraw:2048 android.view.SurfaceView.performSurfaceTransaction:959 android.view.SurfaceView.updateSurface:1105 android.view.SurfaceView.lambda$new$0$android-view-SurfaceView:200 android.view.SurfaceView$$ExternalSyntheticLambda5.onPreDraw:2 
10-10 01:09:35.576 20773 20773 I SurfaceView@bb945b2: updateSurface: mVisible = true mSurface.isValid() = true
10-10 01:09:35.576 20773 20773 I SurfaceView@bb945b2: updateSurface: mSurfaceCreated = false surfaceChanged = true visibleChanged = true
10-10 01:09:35.576 20773 20773 I SurfaceView@bb945b2: visibleChanged -- surfaceCreated
10-10 01:09:35.576 20773 20773 I SurfaceView@bb945b2: surfaceCreated 0 #8 android.view.SurfaceView{bb945b2 V.E..V... ......ID 0,0-1080,525}
10-10 01:09:35.576 20773 20773 I SurfaceView@bb945b2: surfaceChanged -- format=4 w=1080 h=525
10-10 01:09:35.576 20773 20773 I SurfaceView@bb945b2: surfaceChanged (1080,525) 0 #8 android.view.SurfaceView{bb945b2 V.E..V... ......ID 0,0-1080,525}
10-10 01:09:35.576 20773 20773 I SurfaceView@bb945b2: surfaceRedrawNeeded
10-10 01:09:35.577 20773 20773 V SurfaceView@bb945b2: Layout: x=0 y=218 w=1080 h=525, frame=Rect(0, 0 - 1080, 525)
10-10 01:09:35.587 20773 20862 I ViewRootImpl@a5591d[MainActivity]: mWNT: t=0x7b31d2a200 mBlastBufferQueue=0x7b5e358800 fn= 558 caller= android.view.ViewRootImpl.lambda$applyTransactionOnDraw$11$android-view-ViewRootImpl:12865 android.view.ViewRootImpl$$ExternalSyntheticLambda1.onFrameDraw:4 android.graphics.HardwareRenderer$FrameDrawingCallback.onFrameDraw:924 
10-10 01:09:35.587 20773 20863 D SurfaceView@bb945b2: updateSurfacePosition RenderWorker, frameNr = 558, position = [0, 218, 1080, 743] surfaceSize = 1080x525
10-10 01:09:35.587 20773 20863 I SurfaceView@bb945b2: uSP: rtp = Rect(0, 218 - 1080, 743) rtsw = 1080 rtsh = 525
10-10 01:09:35.588 20773 20863 I SurfaceView@bb945b2: onSSPAndSRT: pl = 0 pt = 218 sx = 1.0 sy = 1.0
10-10 01:09:35.588 20773 20863 I SurfaceView@bb945b2: aOrMT: ViewRootImpl@a5591d[MainActivity] t = android.view.SurfaceControl$Transaction@e202a23 fN = 558 android.view.SurfaceView.-$$Nest$mapplyOrMergeTransaction:0 android.view.SurfaceView$SurfaceViewPositionUpdateListener.positionChanged:1537 android.graphics.RenderNode$CompositePositionUpdateListener.positionChanged:373 
10-10 01:09:35.588 20773 20863 I ViewRootImpl@a5591d[MainActivity]: mWNT: t=0x7b31d2ae00 mBlastBufferQueue=0x7b5e358800 fn= 558 caller= android.view.SurfaceView.applyOrMergeTransaction:1455 android.view.SurfaceView.-$$Nest$mapplyOrMergeTransaction:0 android.view.SurfaceView$SurfaceViewPositionUpdateListener.positionChanged:1537 
10-10 01:09:35.614 20773 20773 I SurfaceView@bb945b2: finishedDrawing
10-10 01:09:37.088 20773 20773 I ViewRootImpl@a5591d[MainActivity]: ViewPostIme pointer 0
10-10 01:09:37.626 20773 20773 I Dialog  : mIsDeviceDefault = false, mIsSamsungBasicInteraction = false, isMetaDataInActivity = false
10-10 01:09:37.669 20773 20773 I DecorView: [INFO] isPopOver=false config=false
10-10 01:09:37.670 20773 20773 I DecorView: updateCaptionType: isFloating=false isApplication=true hasWindowDecorCaption=false this=DecorView@3539a67[]
10-10 01:09:37.670 20773 20773 D DecorView: setCaptionType = 0, this = DecorView@3539a67[]
10-10 01:09:37.673 20773 20773 I DecorView: getCurrentDensityDpi: from app context. densityDpi=420 msg=resources_loaded
10-10 01:09:37.674 20773 20773 I DecorView: setWindowBackground: isPopOver=false color=0 d=android.graphics.drawable.ColorDrawable@f3660bd
10-10 01:09:37.686 20773 20797 D NativeCustomFrequencyManager: [NativeCFMS] BpCustomFrequencyManager::BpCustomFrequencyManager()
10-10 01:09:37.687 20773 20773 I DecorView: notifyKeepScreenOnChanged: keepScreenOn=false
10-10 01:09:37.699 20773 20773 D InsetsController: onStateChanged: InsetsState: {mDisplayFrame=Rect(0, 0 - 1080, 2400), mDisplayCutout=DisplayCutout{insets=Rect(0, 88 - 0, 0) waterfall=Insets{left=0, top=0, right=0, bottom=0} boundingRect={Bounds=[Rect(0, 0 - 0, 0), Rect(512, 0 - 568, 88), Rect(0, 0 - 0, 0), Rect(0, 0 - 0, 0)]} cutoutPathParserInfo={CutoutPathParserInfo{displayWidth=1080 displayHeight=2400 physicalDisplayWidth=1080 physicalDisplayHeight=2400 density={2.625} cutoutSpec={M 0,0 M 0,12.25101276465640 a 10.60613009248640,10.60613009248640 0 1,0 0,21.21226018497290 a 10.60613009248640,10.60613009248640 0 1,0 0,-21.21226018497290 Z @dp} rotation={0} scale={1.0} physicalPixelDisplaySizeRatio={1.0}}}}, mRoundedCorners=RoundedCorners{[RoundedCorner{position=TopLeft, radius=84, center=Point(84, 84)}, RoundedCorner{position=TopRight, radius=84, center=Point(996, 84)}, RoundedCorner{position=BottomRight, radius=84, center=Point(996, 2316)}, RoundedCorner{position=BottomLeft, radius=84, center=Point(84, 2316)}]}  mRoundedCornerFrame=Rect(0, 0 - 1080, 2400), mPrivacyIndicatorBounds=PrivacyIndicatorBounds {static bounds=Rect(964, 0 - 1080, 87) rotation=0}, mSources= { InsetsSource: {mType=ITYPE_STATUS_BAR, mFrame=[0,0][1080,88], mVisible=true, mInsetsRoundedCornerFrame=false}, InsetsSource: {mType=ITYPE_NAVIGATION_BAR, mFrame=[0,2361][1080,2400], mVisible=true, mInsetsRoundedCornerFrame=false}, InsetsSource: {mType=ITYPE_LEFT_GESTURES, mFrame=[0,0][130,2400], mVisible=true, mInsetsRoundedCornerFrame=false}, InsetsSource: {mType=ITYPE_RIGHT_GESTURES, mFrame=[950,0][1080,2400], mVisible=true, mInsetsRoundedCornerFrame=false}, InsetsSource: {mType=ITYPE_TOP_MANDATORY_GESTURES, mFrame=[0,0][1080,120], mVisible=true, mInsetsRoundedCornerFrame=false}, InsetsSource: {mType=ITYPE_BOTTOM_MANDATORY_GESTURES, mFrame=[0,2316][1080,2400], mVisible=true, mInsetsRoundedCornerFrame=false}, InsetsSource: {mType=ITYPE_LEFT_DISPLAY_CUTOUT, mFrame=[0,0][-100000,2400], mVisible=true, mInsetsRoundedCornerFrame=false}, InsetsSource: {mType=ITYPE_TOP_DISPLAY_CUTOUT, mFrame=[0,0][1080,88], mVisible=true, mInsetsRoundedCornerFrame=false}, InsetsSource: {mType=ITYPE_RIGHT_DISPLAY_CUTOUT, mFrame=[100000,0][1080,2400], mVisible=true, mInsetsRoundedCornerFrame=false}, InsetsSource: {mType=ITYPE_BOTTOM_DISPLAY_CUTOUT, mFrame=[0,100000][1080,2400], mVisible=true, mInsetsRoundedCornerFrame=false}, InsetsSource: {mType=ITYPE_TOP_TAPPABLE_ELEMENT, mFrame=[0,0][1080,88], mVisible=true, mInsetsRoundedCornerFrame=false}, InsetsSource: {mType=ITYPE_BOTTOM_TAPPABLE_ELEMENT, mFrame=[0,0][0,0], mVisible=true, mInsetsRoundedCornerFrame=false}, InsetsSource: {mType=ITYPE_IME, mFrame=[0,0][0,0], mVisibleFrame=[0,1409][1080,2400], mVisible=false, mInsetsRoundedCornerFrame=false} } host=com.lagradost.cloudstream3/com.lagradost.cloudstream3.MainActivity from=android.view.ViewRootImpl.setView:1732
10-10 01:09:37.700 20773 20773 I ViewRootImpl@5aaa0a[MainActivity]: setView = com.android.internal.policy.DecorView@3539a67 TM=true
10-10 01:09:37.717 20773 20773 I ViewRootImpl@5aaa0a[MainActivity]: performTraversals params={(0,0)(fillxfill) gr=CENTER sim={adjust=resize forwardNavigation} ty=APPLICATION fmt=TRANSPARENT wanim=0x7f14000b
10-10 01:09:37.717 20773 20773 I ViewRootImpl@5aaa0a[MainActivity]:   fl=85810100
10-10 01:09:37.717 20773 20773 I ViewRootImpl@5aaa0a[MainActivity]:   pfl=12020040
10-10 01:09:37.717 20773 20773 I ViewRootImpl@5aaa0a[MainActivity]:   vsysui=500
10-10 01:09:37.717 20773 20773 I ViewRootImpl@5aaa0a[MainActivity]:   bhv=DEFAULT
10-10 01:09:37.717 20773 20773 I ViewRootImpl@5aaa0a[MainActivity]:   fitSides= naviIconColor=0}
10-10 01:09:37.718 20773 20773 I ViewRootImpl@5aaa0a[MainActivity]: performTraversals mFirst=true windowShouldResize=true viewVisibilityChanged=false mForceNextWindowRelayout=false params={(0,0)(fillxfill) gr=CENTER sim={adjust=resize forwardNavigation} ty=APPLICATION fmt=TRANSPARENT wanim=0x7f14000b
10-10 01:09:37.718 20773 20773 I ViewRootImpl@5aaa0a[MainActivity]:   fl=85810100
10-10 01:09:37.718 20773 20773 I ViewRootImpl@5aaa0a[MainActivity]:   pfl=12020040
10-10 01:09:37.718 20773 20773 I ViewRootImpl@5aaa0a[MainActivity]:   vsysui=500
10-10 01:09:37.718 20773 20773 I ViewRootImpl@5aaa0a[MainActivity]:   bhv=DEFAULT
10-10 01:09:37.718 20773 20773 I ViewRootImpl@5aaa0a[MainActivity]:   fitSides= naviIconColor=0}
10-10 01:09:37.733 20773 20773 I ViewRootImpl@5aaa0a[MainActivity]: updateBlastSurfaceIfNeeded mBlastBufferQueue=null isSameSurfaceControl=false
10-10 01:09:37.733 20773 20773 I BLASTBufferQueue: new BLASTBufferQueue, mName= ViewRootImpl@5aaa0a[MainActivity] mNativeObject= 0x7b5e30e500 sc.mNativeObject= 0x7b43bcde80 caller= android.view.ViewRootImpl.updateBlastSurfaceIfNeeded:2909 android.view.ViewRootImpl.relayoutWindow:9847 android.view.ViewRootImpl.performTraversals:3884 android.view.ViewRootImpl.doTraversal:3116 android.view.ViewRootImpl$TraversalRunnable.run:10885 android.view.Choreographer$CallbackRecord.run:1301 android.view.Choreographer$CallbackRecord.run:1309 android.view.Choreographer.doCallbacks:923 android.view.Choreographer.doFrame:852 android.view.Choreographer$FrameDisplayEventReceiver.run:1283 
10-10 01:09:37.734 20773 20773 I BLASTBufferQueue: update, w= 1080 h= 2400 mName = ViewRootImpl@5aaa0a[MainActivity] mNativeObject= 0x7b5e30e500 sc.mNativeObject= 0x7b43bcde80 format= -2 caller= android.graphics.BLASTBufferQueue.<init>:84 android.view.ViewRootImpl.updateBlastSurfaceIfNeeded:2909 android.view.ViewRootImpl.relayoutWindow:9847 android.view.ViewRootImpl.performTraversals:3884 android.view.ViewRootImpl.doTraversal:3116 android.view.ViewRootImpl$TraversalRunnable.run:10885 
10-10 01:09:37.734 20773 20773 I ViewRootImpl@5aaa0a[MainActivity]: Relayout returned: old=(0,0,1080,2400) new=(0,0,1080,2400) req=(1080,2400)0 dur=15 res=0x3 s={true 0x7b0c571000} ch=true seqId=0
10-10 01:09:37.735 20773 20773 I ViewRootImpl@5aaa0a[MainActivity]: mThreadedRenderer.initialize() mSurface={isValid=true 0x7b0c571000} hwInitialized=true
10-10 01:09:37.736 20773 20797 D OpenGLRenderer: eglCreateWindowSurface
10-10 01:09:37.762 20773 20773 D AbsListView:  in onLayout changed 
10-10 01:09:37.764 20773 20773 I ViewRootImpl@5aaa0a[MainActivity]: reportNextDraw android.view.ViewRootImpl.performTraversals:4438 android.view.ViewRootImpl.doTraversal:3116 android.view.ViewRootImpl$TraversalRunnable.run:10885 android.view.Choreographer$CallbackRecord.run:1301 android.view.Choreographer$CallbackRecord.run:1309 
10-10 01:09:37.764 20773 20773 I ViewRootImpl@5aaa0a[MainActivity]: Setup new sync id=0
10-10 01:09:37.764 20773 20773 I ViewRootImpl@5aaa0a[MainActivity]: Setting syncFrameCallback
10-10 01:09:37.764 20773 20773 I ViewRootImpl@5aaa0a[MainActivity]: registerCallbacksForSync syncBuffer=false
10-10 01:09:37.767 20773 20862 I ViewRootImpl@5aaa0a[MainActivity]: Received frameDrawingCallback syncResult=0 frameNum=1.
10-10 01:09:37.768 20773 20862 I ViewRootImpl@5aaa0a[MainActivity]: Setting up sync and frameCommitCallback
10-10 01:09:37.775 20773 20797 I BLASTBufferQueue: [ViewRootImpl@5aaa0a[MainActivity]#13](f:0,a:0) onFrameAvailable the first frame is available
10-10 01:09:37.777 20773 20797 I ViewRootImpl@5aaa0a[MainActivity]: Received frameCommittedCallback lastAttemptedDrawFrameNum=1 didProduceBuffer=true
10-10 01:09:37.779 20773 20797 D OpenGLRenderer: CFMS:: SetUp Pid : 20773    Tid : 20797
10-10 01:09:37.784 20773 20773 I ViewRootImpl@5aaa0a[MainActivity]: onSyncComplete
10-10 01:09:37.785 20773 20773 I ViewRootImpl@5aaa0a[MainActivity]: setupSync seqId=0 mSyncId=0 fn=1 caller=android.view.ViewRootImpl$$ExternalSyntheticLambda11.accept:6 android.window.SurfaceSyncer.lambda$setupSync$1$android-window-SurfaceSyncer:128 android.window.SurfaceSyncer$$ExternalSyntheticLambda1.accept:8 android.window.SurfaceSyncer$SyncSet.checkIfSyncIsComplete:382 android.window.SurfaceSyncer$SyncSet.markSyncReady:359 android.window.SurfaceSyncer.markSyncReady:151 android.view.ViewRootImpl.performTraversals:4503 
10-10 01:09:37.785 20773 20773 I ViewRootImpl@5aaa0a[MainActivity]: reportDrawFinished seqId=0 mSyncId=-1 fn=1 mSurfaceChangedTransaction=0x7b31dc3b00
10-10 01:09:37.789 20773 20773 I ViewRootImpl@a5591d[MainActivity]: MSG_WINDOW_FOCUS_CHANGED 0 0
10-10 01:09:37.811 20773 20773 I ViewRootImpl@a5591d[MainActivity]: ViewPostIme pointer 1
10-10 01:09:37.840 20773 20773 I ViewRootImpl@5aaa0a[MainActivity]: MSG_WINDOW_FOCUS_CHANGED 1 0
10-10 01:09:37.841 20773 20773 I ViewRootImpl@5aaa0a[MainActivity]: mThreadedRenderer.initializeIfNeeded()#2 mSurface={isValid=true 0x7b0c571000}
10-10 01:09:37.842 20773 20773 D InputMethodManager: startInputInner - Id : 0
10-10 01:09:37.842 20773 20773 I InputMethodManager: startInputInner - mService.startInputOrWindowGainedFocus
10-10 01:09:38.818 20773 20773 I ViewRootImpl@5aaa0a[MainActivity]: ViewPostIme pointer 0
10-10 01:09:38.866 20773 20773 I ViewRootImpl@5aaa0a[MainActivity]: ViewPostIme pointer 1
10-10 01:09:38.869 20773 20773 D AbsListView: onTouchUp() mTouchMode : 0
10-10 01:09:38.949 20773 20773 I MSHandlerLifeCycle: removeMultiSplitHandler: no exist. decor=DecorView@3539a67[MainActivity]
10-10 01:09:38.951 20773 20797 D OpenGLRenderer: setSurface called with nullptr
10-10 01:09:38.951 20773 20797 D OpenGLRenderer: setSurface() destroyed EGLSurface
10-10 01:09:38.951 20773 20797 D OpenGLRenderer: destroyEglSurface
10-10 01:09:38.952 20773 20833 D EgyDead : Loading links for URL: https://tv6.egydead.live/%d9%85%d8%b4%d8%a7%d9%87%d8%af%d8%a9-%d9%81%d9%8a%d9%84%d9%85-pretty-crazy-2025-%d9%85%d8%aa%d8%b1%d8%ac%d9%85/
10-10 01:09:38.954 20773 20797 D OpenGLRenderer: endAllActiveAnimators on 0x7b0c5fab00 (MaterialTextView) with handle 0x7b4240ef20
10-10 01:09:38.954 20773 20773 I ViewRootImpl@5aaa0a[MainActivity]: dispatchDetachedFromWindow
10-10 01:09:38.979 20773 20773 D InputTransport: Input channel destroyed: 'c645504', fd=156
10-10 01:09:38.981 20773 20773 I Dialog  : mIsDeviceDefault = false, mIsSamsungBasicInteraction = false, isMetaDataInActivity = false
10-10 01:09:39.052 20773 20773 I DecorView: [INFO] isPopOver=false config=false
10-10 01:09:39.052 20773 20773 I DecorView: updateCaptionType: isFloating=false isApplication=true hasWindowDecorCaption=false this=DecorView@c17e6ee[]
10-10 01:09:39.052 20773 20773 D DecorView: setCaptionType = 0, this = DecorView@c17e6ee[]
10-10 01:09:39.054 20773 20773 I DecorView: getCurrentDensityDpi: from app context. densityDpi=420 msg=resources_loaded
10-10 01:09:39.054 20773 20773 I DecorView: setWindowBackground: isPopOver=false color=0 d=android.graphics.drawable.ColorDrawable@930fa1c
10-10 01:09:39.062 20773 20797 D NativeCustomFrequencyManager: [NativeCFMS] BpCustomFrequencyManager::BpCustomFrequencyManager()
10-10 01:09:39.063 20773 20773 I DecorView: notifyKeepScreenOnChanged: keepScreenOn=false
