10-10 04:58:23.207  1643  1643 I CS3ExoPlayer: SET STYLE = SaveCaptionStyle(foregroundColor=-1, backgroundColor=0, windowColor=0, edgeType=1, edgeColor=-16777216, typeface=null, typefaceFilePath=null, elevation=20, fixedTextSize=null, edgeSize=null, removeCaptions=false, removeBloat=true, upperCase=false, bold=false, italic=false, backgroundRadius=null)
10-10 04:58:23.217  1643  1643 I IMM_LC  : hsifw() - flag : 0
10-10 04:58:23.218  1643  1643 I IMM_LC  : hsifw() - mService.hideSoftInput
10-10 04:58:23.220  1643  1715 I SYNCVM  : addFromUrl = https://tv6.egydead.live/%d9%85%d8%b4%d8%a7%d9%87%d8%af%d8%a9-%d9%81%d9%8a%d9%84%d9%85-baban-baban-ban-vampire-2025-%d9%85%d8%aa%d8%b1%d8%ac%d9%85/
10-10 04:58:23.221  1643  1715 I SYNCUTIL: getIdsFromUrl https://tv6.egydead.live/%d9%85%d8%b4%d8%a7%d9%87%d8%af%d8%a9-%d9%81%d9%8a%d9%84%d9%85-baban-baban-ban-vampire-2025-%d9%85%d8%aa%d8%b1%d8%ac%d9%85/
10-10 04:58:23.237  1643  1643 I SurfaceView@7d0e8e2: onWindowVisibilityChanged(8) false android.view.SurfaceView{7d0e8e2 V.E..V... ......I. 0,0-0,0} of ViewRootImpl@fbf792[MainActivity]
10-10 04:58:23.237  1643  1643 D SurfaceView@7d0e8e2: updateSurface: has no frame
10-10 04:58:23.237  1643  1643 D SurfaceView@7d0e8e2: updateSurface: has no frame
10-10 04:58:23.237  1643  1643 I SurfaceView@7d0e8e2: onDetachedFromWindow: tryReleaseSurfaces()
10-10 04:58:23.237  1643  1643 I SurfaceView@7d0e8e2: releaseSurfaces: viewRoot = ViewRootImpl@fbf792[MainActivity]
10-10 04:58:23.238  1643  1643 I SurfaceView@7d0e8e2: applyTransactionOnVriDraw: vri = ViewRootImpl@fbf792[MainActivity] fRS = true t = 0x7b2d875800 android.view.SurfaceView.releaseSurfaces:858 android.view.SurfaceView.onDetachedFromWindow:500 android.view.View.dispatchDetachedFromWindow:22538 
10-10 04:58:23.238  1643  1643 I SurfaceView@7d0e8e2: applyTransactionOnVriDraw: viewRoot.applyTransactionOnDrawFromReleaseSurfaces
10-10 04:58:23.238  1643  1643 I ViewRootImpl@fbf792[MainActivity]: applyTransactionOnDraw: mRemoved = false isHardwareEnabled = true t = 0x7b2d875800android.view.ViewRootImpl.applyTransactionOnDrawFromReleaseSurfaces:12850 android.view.SurfaceView.applyTransactionOnVriDraw:2046 android.view.SurfaceView.releaseSurfaces:858 android.view.SurfaceView.onDetachedFromWindow:500 android.view.View.dispatchDetachedFromWindow:22538 
10-10 04:58:23.240  1643  1643 I SurfaceView@7d0e8e2: onWindowVisibilityChanged(0) true android.view.SurfaceView{7d0e8e2 V.E..V... ......I. 0,0-0,0} of ViewRootImpl@fbf792[MainActivity]
10-10 04:58:23.240  1643  1643 D SurfaceView@7d0e8e2: updateSurface: has no frame
10-10 04:58:23.244  1643  1643 I DecorView: notifyKeepScreenOnChanged: keepScreenOn=false
10-10 04:58:23.258  1643  1643 I CS3ExoPlayer: reloadPlayer
10-10 04:58:23.258  1643  1643 I CS3ExoPlayer: releasePlayer
10-10 04:58:23.258  1643  1643 I CS3ExoPlayer: Handle event: PlayerAttachedEvent(player=null, source=Player)
10-10 04:58:23.266  1643  1643 I ViewRootImpl@fbf792[MainActivity]: performTraversals params={(0,0)(fillxfill) sim={state=always_hidden adjust=resize} ty=BASE_APPLICATION wanim=0x1030309
10-10 04:58:23.266  1643  1643 I ViewRootImpl@fbf792[MainActivity]:   fl=85810100
10-10 04:58:23.266  1643  1643 I ViewRootImpl@fbf792[MainActivity]:   pfl=12020040
10-10 04:58:23.266  1643  1643 I ViewRootImpl@fbf792[MainActivity]:   vsysui=500
10-10 04:58:23.266  1643  1643 I ViewRootImpl@fbf792[MainActivity]:   bhv=DEFAULT
10-10 04:58:23.266  1643  1643 I ViewRootImpl@fbf792[MainActivity]:   fitSides= naviIconColor=0}
10-10 04:58:23.267  1643  1643 I ViewRootImpl@fbf792[MainActivity]: performTraversals mFirst=false windowShouldResize=false viewVisibilityChanged=false mForceNextWindowRelayout=false params={(0,0)(fillxfill) sim={state=always_hidden adjust=resize} ty=BASE_APPLICATION fmt=TRANSLUCENT wanim=0x1030309
10-10 04:58:23.267  1643  1643 I ViewRootImpl@fbf792[MainActivity]:   fl=85810100
10-10 04:58:23.267  1643  1643 I ViewRootImpl@fbf792[MainActivity]:   pfl=12020040
10-10 04:58:23.267  1643  1643 I ViewRootImpl@fbf792[MainActivity]:   vsysui=500
10-10 04:58:23.267  1643  1643 I ViewRootImpl@fbf792[MainActivity]:   bhv=DEFAULT
10-10 04:58:23.267  1643  1643 I ViewRootImpl@fbf792[MainActivity]:   fitSides= naviIconColor=0}
10-10 04:58:23.277  1643  1643 I ViewRootImpl@fbf792[MainActivity]: updateBlastSurfaceIfNeeded mBlastBufferQueue=0x7b46647c00 isSameSurfaceControl=true
10-10 04:58:23.278  1643  1643 I BLASTBufferQueue: update, w= 1080 h= 2400 mName = ViewRootImpl@fbf792[MainActivity] mNativeObject= 0x7b46647c00 sc.mNativeObject= 0x7b16fda560 format= -3 caller= android.view.ViewRootImpl.updateBlastSurfaceIfNeeded:2898 android.view.ViewRootImpl.relayoutWindow:9847 android.view.ViewRootImpl.performTraversals:3884 android.view.ViewRootImpl.doTraversal:3116 android.view.ViewRootImpl$TraversalRunnable.run:10885 android.view.Choreographer$CallbackRecord.run:1301 
10-10 04:58:23.278  1643  1643 I ViewRootImpl@fbf792[MainActivity]: Relayout returned: old=(0,0,1080,2400) new=(0,0,1080,2400) req=(1080,2400)0 dur=10 res=0x0 s={true 0x7b5e3e2800} ch=false seqId=0
10-10 04:58:23.278  1643  1643 I ViewRootImpl@fbf792[MainActivity]: updateBoundsLayer: t = android.view.SurfaceControl$Transaction@2289ad1 sc = Surface(name=Bounds for - com.lagradost.cloudstream3/com.lagradost.cloudstream3.MainActivity@0)/@0x91bc936 frame = 632
10-10 04:58:23.278  1643  1643 I ViewRootImpl@fbf792[MainActivity]: mWNT: t=0x7b4658a500 mBlastBufferQueue=0x7b46647c00 fn= 632 caller= android.view.ViewRootImpl.prepareSurfaces:2985 android.view.ViewRootImpl.performTraversals:4233 android.view.ViewRootImpl.doTraversal:3116 
10-10 04:58:23.280  1643  1643 W View    : requestLayout() improperly called by android.widget.FrameLayout{b4411d9 I.E..V... ......I. 0,0-0,0 #7f0a04e7 app:id/start_panel} during layout: running second layout pass
10-10 04:58:23.280  1643  1643 W View    : requestLayout() improperly called by android.widget.FrameLayout{41e79e I.E..V... ......ID 1080,0-1080,2143 #7f0a0168 app:id/end_panel} during layout: running second layout pass
10-10 04:58:23.282  1643  1643 D SurfaceView@7d0e8e2: updateSurface: has no frame
10-10 04:58:23.288  1643  1753 I ViewRootImpl@fbf792[MainActivity]: mWNT: t=0x7b2d875800 mBlastBufferQueue=0x7b46647c00 fn= 632 caller= android.view.ViewRootImpl.lambda$applyTransactionOnDraw$11$android-view-ViewRootImpl:12865 android.view.ViewRootImpl$$ExternalSyntheticLambda1.onFrameDraw:4 android.graphics.HardwareRenderer$FrameDrawingCallback.onFrameDraw:924 
10-10 04:58:23.292  1643  1643 D SurfaceView@7d0e8e2: updateSurface: has no frame
10-10 04:58:23.314  1643  1643 D SurfaceView@7d0e8e2: updateSurface: has no frame
10-10 04:58:23.336  1643  1643 D SurfaceView@7d0e8e2: updateSurface: has no frame
10-10 04:58:23.361  1643  1643 D SurfaceView@7d0e8e2: updateSurface: has no frame
10-10 04:58:23.376  1643  1643 D SurfaceView@7d0e8e2: updateSurface: has no frame
10-10 04:58:23.390  1643  1643 D SurfaceView@7d0e8e2: updateSurface: has no frame
10-10 04:58:23.406  1643  1643 D SurfaceView@7d0e8e2: updateSurface: has no frame
10-10 04:58:23.423  1643  1643 D SurfaceView@7d0e8e2: updateSurface: has no frame
10-10 04:58:23.444  1643  1643 D SurfaceView@7d0e8e2: updateSurface: has no frame
10-10 04:58:23.456  1643  1643 D SurfaceView@7d0e8e2: updateSurface: has no frame
10-10 04:58:23.473  1643  1643 D SurfaceView@7d0e8e2: updateSurface: has no frame
10-10 04:58:23.490  1643  1643 D SurfaceView@7d0e8e2: updateSurface: has no frame
10-10 04:58:23.506  1643  1643 D SurfaceView@7d0e8e2: updateSurface: has no frame
10-10 04:58:23.523  1643  1643 D SurfaceView@7d0e8e2: updateSurface: has no frame
10-10 04:58:23.542  1643  1643 D SurfaceView@7d0e8e2: updateSurface: has no frame
10-10 04:58:23.557  1643  1643 D SurfaceView@7d0e8e2: updateSurface: has no frame
10-10 04:58:23.573  1643  1643 D SurfaceView@7d0e8e2: updateSurface: has no frame
10-10 04:58:23.590  1643  1643 D SurfaceView@7d0e8e2: updateSurface: has no frame
10-10 04:58:23.606  1643  1643 D SurfaceView@7d0e8e2: updateSurface: has no frame
10-10 04:58:23.623  1643  1643 D SurfaceView@7d0e8e2: updateSurface: has no frame
10-10 04:58:23.640  1643  1643 D SurfaceView@7d0e8e2: updateSurface: has no frame
10-10 04:58:23.657  1643  1643 D SurfaceView@7d0e8e2: updateSurface: has no frame
10-10 04:58:23.673  1643  1643 D SurfaceView@7d0e8e2: updateSurface: has no frame
10-10 04:58:23.690  1643  1643 D SurfaceView@7d0e8e2: updateSurface: has no frame
10-10 04:58:23.699  1643  1709 I RVM2    : applyMeta
10-10 04:58:23.706  1643  1643 W PanelsChildGestureRegionObserver: failed to register view with ID 2131362800. already registered
10-10 04:58:23.710  1643  1643 E CoilImgLoader: Error loading image: coil3.request.NullRequestDataException: The request's data is null.
10-10 04:58:23.717  1643  1643 E CoilImgLoader: Error loading image: coil3.request.NullRequestDataException: The request's data is null.
10-10 04:58:23.763  1643  1715 I SYNCVM  : addFromUrl = https://tv6.egydead.live/%d9%85%d8%b4%d8%a7%d9%87%d8%af%d8%a9-%d9%81%d9%8a%d9%84%d9%85-baban-baban-ban-vampire-2025-%d9%85%d8%aa%d8%b1%d8%ac%d9%85/
10-10 04:58:23.764  1643  1715 I SYNCUTIL: getIdsFromUrl https://tv6.egydead.live/%d9%85%d8%b4%d8%a7%d9%87%d8%af%d8%a9-%d9%81%d9%8a%d9%84%d9%85-baban-baban-ban-vampire-2025-%d9%85%d8%aa%d8%b1%d8%ac%d9%85/
10-10 04:58:23.777  1643  1643 D SurfaceView@7d0e8e2: updateSurface: has no frame
10-10 04:58:23.779  1643  1643 I SurfaceView@7d0e8e2: Changes: creating=true format=true size=true visible=true alpha=false hint=false mUseAlpha=false visible=true left=true top=true
10-10 04:58:23.781  1643  1643 I BLASTBufferQueue: update, w= 1080 h= 525 mName = null mNativeObject= 0x7bed8b0900 sc.mNativeObject= 0x7b2dad10a0 format= 4 caller= android.view.SurfaceView.createBlastSurfaceControls:1383 android.view.SurfaceView.updateSurface:1079 android.view.SurfaceView.lambda$new$0$android-view-SurfaceView:200 android.view.SurfaceView$$ExternalSyntheticLambda5.onPreDraw:2 android.view.ViewTreeObserver.dispatchOnPreDraw:1121 android.view.ViewRootImpl.performTraversals:4442 
10-10 04:58:23.781  1643  1643 I SurfaceView@7d0e8e2: 131131618 Cur surface: Surface(name=null)/@0xf865e63
10-10 04:58:23.781  1643  1643 I SurfaceView@7d0e8e2: pST: sr = Rect(0, 218 - 1080, 743) sw = 1080 sh = 525
10-10 04:58:23.782  1643  1643 D SurfaceView@7d0e8e2: performSurfaceTransaction RenderWorker position = [0, 218, 1080, 743] surfaceSize = 1080x525
10-10 04:58:23.782  1643  1643 I SurfaceView@7d0e8e2: applyTransactionOnVriDraw: vri = ViewRootImpl@fbf792[MainActivity] fRS = false t = 0x7b5e3a4300 android.view.SurfaceView.performSurfaceTransaction:959 android.view.SurfaceView.updateSurface:1105 android.view.SurfaceView.lambda$new$0$android-view-SurfaceView:200 
10-10 04:58:23.782  1643  1643 I ViewRootImpl@fbf792[MainActivity]: applyTransactionOnDraw: mRemoved = false isHardwareEnabled = true t = 0x7b5e3a4300android.view.SurfaceView.applyTransactionOnVriDraw:2048 android.view.SurfaceView.performSurfaceTransaction:959 android.view.SurfaceView.updateSurface:1105 android.view.SurfaceView.lambda$new$0$android-view-SurfaceView:200 android.view.SurfaceView$$ExternalSyntheticLambda5.onPreDraw:2 
10-10 04:58:23.782  1643  1643 I SurfaceView@7d0e8e2: updateSurface: mVisible = true mSurface.isValid() = true
10-10 04:58:23.782  1643  1643 I SurfaceView@7d0e8e2: updateSurface: mSurfaceCreated = false surfaceChanged = true visibleChanged = true
10-10 04:58:23.782  1643  1643 I SurfaceView@7d0e8e2: visibleChanged -- surfaceCreated
10-10 04:58:23.782  1643  1643 I SurfaceView@7d0e8e2: surfaceCreated 0 #8 android.view.SurfaceView{7d0e8e2 V.E..V... ......ID 0,0-1080,525}
10-10 04:58:23.782  1643  1643 I SurfaceView@7d0e8e2: surfaceChanged -- format=4 w=1080 h=525
10-10 04:58:23.782  1643  1643 I SurfaceView@7d0e8e2: surfaceChanged (1080,525) 0 #8 android.view.SurfaceView{7d0e8e2 V.E..V... ......ID 0,0-1080,525}
10-10 04:58:23.782  1643  1643 I SurfaceView@7d0e8e2: surfaceRedrawNeeded
10-10 04:58:23.783  1643  1643 V SurfaceView@7d0e8e2: Layout: x=0 y=218 w=1080 h=525, frame=Rect(0, 0 - 1080, 525)
10-10 04:58:23.797  1643  1754 D SurfaceView@7d0e8e2: updateSurfacePosition RenderWorker, frameNr = 656, position = [0, 218, 1080, 743] surfaceSize = 1080x525
10-10 04:58:23.797  1643  1754 I SurfaceView@7d0e8e2: uSP: rtp = Rect(0, 218 - 1080, 743) rtsw = 1080 rtsh = 525
10-10 04:58:23.797  1643  1754 I SurfaceView@7d0e8e2: onSSPAndSRT: pl = 0 pt = 218 sx = 1.0 sy = 1.0
10-10 04:58:23.798  1643  1754 I SurfaceView@7d0e8e2: aOrMT: ViewRootImpl@fbf792[MainActivity] t = android.view.SurfaceControl$Transaction@87dec8c fN = 656 android.view.SurfaceView.-$$Nest$mapplyOrMergeTransaction:0 android.view.SurfaceView$SurfaceViewPositionUpdateListener.positionChanged:1537 android.graphics.RenderNode$CompositePositionUpdateListener.positionChanged:373 
10-10 04:58:23.798  1643  1754 I ViewRootImpl@fbf792[MainActivity]: mWNT: t=0x7b5e3a4400 mBlastBufferQueue=0x7b46647c00 fn= 656 caller= android.view.SurfaceView.applyOrMergeTransaction:1455 android.view.SurfaceView.-$$Nest$mapplyOrMergeTransaction:0 android.view.SurfaceView$SurfaceViewPositionUpdateListener.positionChanged:1537 
10-10 04:58:23.799  1643  1754 I ViewRootImpl@fbf792[MainActivity]: mWNT: t=0x7b5e3a4300 mBlastBufferQueue=0x7b46647c00 fn= 656 caller= android.view.ViewRootImpl.lambda$applyTransactionOnDraw$11$android-view-ViewRootImpl:12865 android.view.ViewRootImpl$$ExternalSyntheticLambda1.onFrameDraw:4 android.graphics.HardwareRenderer$FrameDrawingCallback.onFrameDraw:924 
10-10 04:58:23.826  1643  1643 I SurfaceView@7d0e8e2: finishedDrawing
10-10 04:58:24.650  1643  1643 I ViewRootImpl@fbf792[MainActivity]: ViewPostIme pointer 0
10-10 04:58:25.189  1643  1643 I Dialog  : mIsDeviceDefault = false, mIsSamsungBasicInteraction = false, isMetaDataInActivity = false
10-10 04:58:25.225  1643  1643 I DecorView: [INFO] isPopOver=false config=false
10-10 04:58:25.226  1643  1643 I DecorView: updateCaptionType: isFloating=false isApplication=true hasWindowDecorCaption=false this=DecorView@c819720[]
10-10 04:58:25.226  1643  1643 D DecorView: setCaptionType = 0, this = DecorView@c819720[]
10-10 04:58:25.228  1643  1643 I DecorView: getCurrentDensityDpi: from app context. densityDpi=420 msg=resources_loaded
10-10 04:58:25.228  1643  1643 I DecorView: setWindowBackground: isPopOver=false color=0 d=android.graphics.drawable.ColorDrawable@c2c529e
10-10 04:58:25.236  1643  1667 D NativeCustomFrequencyManager: [NativeCFMS] BpCustomFrequencyManager::BpCustomFrequencyManager()
10-10 04:58:25.237  1643  1643 I DecorView: notifyKeepScreenOnChanged: keepScreenOn=false
10-10 04:58:25.250  1643  1643 D InsetsController: onStateChanged: InsetsState: {mDisplayFrame=Rect(0, 0 - 1080, 2400), mDisplayCutout=DisplayCutout{insets=Rect(0, 88 - 0, 0) waterfall=Insets{left=0, top=0, right=0, bottom=0} boundingRect={Bounds=[Rect(0, 0 - 0, 0), Rect(512, 0 - 568, 88), Rect(0, 0 - 0, 0), Rect(0, 0 - 0, 0)]} cutoutPathParserInfo={CutoutPathParserInfo{displayWidth=1080 displayHeight=2400 physicalDisplayWidth=1080 physicalDisplayHeight=2400 density={2.625} cutoutSpec={M 0,0 M 0,12.25101276465640 a 10.60613009248640,10.60613009248640 0 1,0 0,21.21226018497290 a 10.60613009248640,10.60613009248640 0 1,0 0,-21.21226018497290 Z @dp} rotation={0} scale={1.0} physicalPixelDisplaySizeRatio={1.0}}}}, mRoundedCorners=RoundedCorners{[RoundedCorner{position=TopLeft, radius=84, center=Point(84, 84)}, RoundedCorner{position=TopRight, radius=84, center=Point(996, 84)}, RoundedCorner{position=BottomRight, radius=84, center=Point(996, 2316)}, RoundedCorner{position=BottomLeft, radius=84, center=Point(84, 2316)}]}  mRoundedCornerFrame=Rect(0, 0 - 1080, 2400), mPrivacyIndicatorBounds=PrivacyIndicatorBounds {static bounds=Rect(964, 0 - 1080, 87) rotation=0}, mSources= { InsetsSource: {mType=ITYPE_STATUS_BAR, mFrame=[0,0][1080,88], mVisible=true, mInsetsRoundedCornerFrame=false}, InsetsSource: {mType=ITYPE_NAVIGATION_BAR, mFrame=[0,2361][1080,2400], mVisible=true, mInsetsRoundedCornerFrame=false}, InsetsSource: {mType=ITYPE_LEFT_GESTURES, mFrame=[0,0][130,2400], mVisible=true, mInsetsRoundedCornerFrame=false}, InsetsSource: {mType=ITYPE_RIGHT_GESTURES, mFrame=[950,0][1080,2400], mVisible=true, mInsetsRoundedCornerFrame=false}, InsetsSource: {mType=ITYPE_TOP_MANDATORY_GESTURES, mFrame=[0,0][1080,120], mVisible=true, mInsetsRoundedCornerFrame=false}, InsetsSource: {mType=ITYPE_BOTTOM_MANDATORY_GESTURES, mFrame=[0,2316][1080,2400], mVisible=true, mInsetsRoundedCornerFrame=false}, InsetsSource: {mType=ITYPE_LEFT_DISPLAY_CUTOUT, mFrame=[0,0][-100000,2400], mVisible=true, mInsetsRoundedCornerFrame=false}, InsetsSource: {mType=ITYPE_TOP_DISPLAY_CUTOUT, mFrame=[0,0][1080,88], mVisible=true, mInsetsRoundedCornerFrame=false}, InsetsSource: {mType=ITYPE_RIGHT_DISPLAY_CUTOUT, mFrame=[100000,0][1080,2400], mVisible=true, mInsetsRoundedCornerFrame=false}, InsetsSource: {mType=ITYPE_BOTTOM_DISPLAY_CUTOUT, mFrame=[0,100000][1080,2400], mVisible=true, mInsetsRoundedCornerFrame=false}, InsetsSource: {mType=ITYPE_TOP_TAPPABLE_ELEMENT, mFrame=[0,0][1080,88], mVisible=true, mInsetsRoundedCornerFrame=false}, InsetsSource: {mType=ITYPE_BOTTOM_TAPPABLE_ELEMENT, mFrame=[0,0][0,0], mVisible=true, mInsetsRoundedCornerFrame=false}, InsetsSource: {mType=ITYPE_IME, mFrame=[0,0][0,0], mVisibleFrame=[0,1409][1080,2400], mVisible=false, mInsetsRoundedCornerFrame=false} } host=com.lagradost.cloudstream3/com.lagradost.cloudstream3.MainActivity from=android.view.ViewRootImpl.setView:1732
10-10 04:58:25.251  1643  1643 I ViewRootImpl@6be2177[MainActivity]: setView = com.android.internal.policy.DecorView@c819720 TM=true
10-10 04:58:25.264  1643  1643 I ViewRootImpl@6be2177[MainActivity]: performTraversals params={(0,0)(fillxfill) gr=CENTER sim={adjust=resize forwardNavigation} ty=APPLICATION fmt=TRANSPARENT wanim=0x7f14000b
10-10 04:58:25.264  1643  1643 I ViewRootImpl@6be2177[MainActivity]:   fl=85810100
10-10 04:58:25.264  1643  1643 I ViewRootImpl@6be2177[MainActivity]:   pfl=12020040
10-10 04:58:25.264  1643  1643 I ViewRootImpl@6be2177[MainActivity]:   vsysui=500
10-10 04:58:25.264  1643  1643 I ViewRootImpl@6be2177[MainActivity]:   bhv=DEFAULT
10-10 04:58:25.264  1643  1643 I ViewRootImpl@6be2177[MainActivity]:   fitSides= naviIconColor=0}
10-10 04:58:25.265  1643  1643 I ViewRootImpl@6be2177[MainActivity]: performTraversals mFirst=true windowShouldResize=true viewVisibilityChanged=false mForceNextWindowRelayout=false params={(0,0)(fillxfill) gr=CENTER sim={adjust=resize forwardNavigation} ty=APPLICATION fmt=TRANSPARENT wanim=0x7f14000b
10-10 04:58:25.265  1643  1643 I ViewRootImpl@6be2177[MainActivity]:   fl=85810100
10-10 04:58:25.265  1643  1643 I ViewRootImpl@6be2177[MainActivity]:   pfl=12020040
10-10 04:58:25.265  1643  1643 I ViewRootImpl@6be2177[MainActivity]:   vsysui=500
10-10 04:58:25.265  1643  1643 I ViewRootImpl@6be2177[MainActivity]:   bhv=DEFAULT
10-10 04:58:25.265  1643  1643 I ViewRootImpl@6be2177[MainActivity]:   fitSides= naviIconColor=0}
10-10 04:58:25.276  1643  1643 I ViewRootImpl@6be2177[MainActivity]: updateBlastSurfaceIfNeeded mBlastBufferQueue=null isSameSurfaceControl=false
10-10 04:58:25.277  1643  1643 I BLASTBufferQueue: new BLASTBufferQueue, mName= ViewRootImpl@6be2177[MainActivity] mNativeObject= 0x7bed8b2a00 sc.mNativeObject= 0x7b2dad4ac0 caller= android.view.ViewRootImpl.updateBlastSurfaceIfNeeded:2909 android.view.ViewRootImpl.relayoutWindow:9847 android.view.ViewRootImpl.performTraversals:3884 android.view.ViewRootImpl.doTraversal:3116 android.view.ViewRootImpl$TraversalRunnable.run:10885 android.view.Choreographer$CallbackRecord.run:1301 android.view.Choreographer$CallbackRecord.run:1309 android.view.Choreographer.doCallbacks:923 android.view.Choreographer.doFrame:852 android.view.Choreographer$FrameDisplayEventReceiver.run:1283 
10-10 04:58:25.277  1643  1643 I BLASTBufferQueue: update, w= 1080 h= 2400 mName = ViewRootImpl@6be2177[MainActivity] mNativeObject= 0x7bed8b2a00 sc.mNativeObject= 0x7b2dad4ac0 format= -2 caller= android.graphics.BLASTBufferQueue.<init>:84 android.view.ViewRootImpl.updateBlastSurfaceIfNeeded:2909 android.view.ViewRootImpl.relayoutWindow:9847 android.view.ViewRootImpl.performTraversals:3884 android.view.ViewRootImpl.doTraversal:3116 android.view.ViewRootImpl$TraversalRunnable.run:10885 
10-10 04:58:25.277  1643  1643 I ViewRootImpl@6be2177[MainActivity]: Relayout returned: old=(0,0,1080,2400) new=(0,0,1080,2400) req=(1080,2400)0 dur=11 res=0x3 s={true 0x7bdd373000} ch=true seqId=0
10-10 04:58:25.278  1643  1643 I ViewRootImpl@6be2177[MainActivity]: mThreadedRenderer.initialize() mSurface={isValid=true 0x7bdd373000} hwInitialized=true
10-10 04:58:25.279  1643  1667 D OpenGLRenderer: eglCreateWindowSurface
10-10 04:58:25.296  1643  1643 D AbsListView:  in onLayout changed 
10-10 04:58:25.298  1643  1643 I ViewRootImpl@6be2177[MainActivity]: reportNextDraw android.view.ViewRootImpl.performTraversals:4438 android.view.ViewRootImpl.doTraversal:3116 android.view.ViewRootImpl$TraversalRunnable.run:10885 android.view.Choreographer$CallbackRecord.run:1301 android.view.Choreographer$CallbackRecord.run:1309 
10-10 04:58:25.298  1643  1643 I ViewRootImpl@6be2177[MainActivity]: Setup new sync id=0
10-10 04:58:25.298  1643  1643 I ViewRootImpl@6be2177[MainActivity]: Setting syncFrameCallback
10-10 04:58:25.298  1643  1643 I ViewRootImpl@6be2177[MainActivity]: registerCallbacksForSync syncBuffer=false
10-10 04:58:25.301  1643  1753 I ViewRootImpl@6be2177[MainActivity]: Received frameDrawingCallback syncResult=0 frameNum=1.
10-10 04:58:25.301  1643  1753 I ViewRootImpl@6be2177[MainActivity]: Setting up sync and frameCommitCallback
10-10 04:58:25.309  1643  1667 I BLASTBufferQueue: [ViewRootImpl@6be2177[MainActivity]#8](f:0,a:0) onFrameAvailable the first frame is available
10-10 04:58:25.311  1643  1667 I ViewRootImpl@6be2177[MainActivity]: Received frameCommittedCallback lastAttemptedDrawFrameNum=1 didProduceBuffer=true
10-10 04:58:25.314  1643  1667 D OpenGLRenderer: CFMS:: SetUp Pid : 1643    Tid : 1667
10-10 04:58:25.320  1643  1643 I ViewRootImpl@6be2177[MainActivity]: onSyncComplete
10-10 04:58:25.321  1643  1643 I ViewRootImpl@6be2177[MainActivity]: setupSync seqId=0 mSyncId=0 fn=1 caller=android.view.ViewRootImpl$$ExternalSyntheticLambda11.accept:6 android.window.SurfaceSyncer.lambda$setupSync$1$android-window-SurfaceSyncer:128 android.window.SurfaceSyncer$$ExternalSyntheticLambda1.accept:8 android.window.SurfaceSyncer$SyncSet.checkIfSyncIsComplete:382 android.window.SurfaceSyncer$SyncSet.markSyncReady:359 android.window.SurfaceSyncer.markSyncReady:151 android.view.ViewRootImpl.performTraversals:4503 
10-10 04:58:25.328  1643  1643 I ViewRootImpl@fbf792[MainActivity]: ViewPostIme pointer 1
10-10 04:58:25.329  1643  1643 I ViewRootImpl@6be2177[MainActivity]: reportDrawFinished seqId=0 mSyncId=-1 fn=1 mSurfaceChangedTransaction=0x7b5e3a4d00
10-10 04:58:25.339  1643  1643 I ViewRootImpl@fbf792[MainActivity]: MSG_WINDOW_FOCUS_CHANGED 0 0
10-10 04:58:25.391  1643  1643 I ViewRootImpl@6be2177[MainActivity]: MSG_WINDOW_FOCUS_CHANGED 1 0
10-10 04:58:25.391  1643  1643 I ViewRootImpl@6be2177[MainActivity]: mThreadedRenderer.initializeIfNeeded()#2 mSurface={isValid=true 0x7bdd373000}
10-10 04:58:25.393  1643  1643 D InputMethodManager: startInputInner - Id : 0
10-10 04:58:25.393  1643  1643 I InputMethodManager: startInputInner - mService.startInputOrWindowGainedFocus
10-10 04:58:26.489  1643  1643 I ViewRootImpl@6be2177[MainActivity]: ViewPostIme pointer 0
10-10 04:58:26.554  1643  1643 I ViewRootImpl@6be2177[MainActivity]: ViewPostIme pointer 1
10-10 04:58:26.555  1643  1643 D AbsListView: onTouchUp() mTouchMode : 0
10-10 04:58:26.628  1643  1707 D EgyDead : Loading links for URL: https://tv6.egydead.live/%d9%85%d8%b4%d8%a7%d9%87%d8%af%d8%a9-%d9%81%d9%8a%d9%84%d9%85-baban-baban-ban-vampire-2025-%d9%85%d8%aa%d8%b1%d8%ac%d9%85/
10-10 04:58:26.628  1643  1643 I MSHandlerLifeCycle: removeMultiSplitHandler: no exist. decor=DecorView@c819720[MainActivity]
10-10 04:58:26.629  1643  1667 D OpenGLRenderer: setSurface called with nullptr
10-10 04:58:26.629  1643  1667 D OpenGLRenderer: setSurface() destroyed EGLSurface
10-10 04:58:26.629  1643  1667 D OpenGLRenderer: destroyEglSurface
10-10 04:58:26.632  1643  1667 D OpenGLRenderer: endAllActiveAnimators on 0x7b047a4000 (MaterialTextView) with handle 0x7b48b491a0
10-10 04:58:26.633  1643  1643 I ViewRootImpl@6be2177[MainActivity]: dispatchDetachedFromWindow
10-10 04:58:26.656  1643  1643 D InputTransport: Input channel destroyed: '588a159', fd=120
10-10 04:58:26.658  1643  1643 I Dialog  : mIsDeviceDefault = false, mIsSamsungBasicInteraction = false, isMetaDataInActivity = false
10-10 04:58:26.723  1643  1643 I DecorView: [INFO] isPopOver=false config=false
10-10 04:58:26.724  1643  1643 I DecorView: updateCaptionType: isFloating=false isApplication=true hasWindowDecorCaption=false this=DecorView@98d358e[]
10-10 04:58:26.724  1643  1643 D DecorView: setCaptionType = 0, this = DecorView@98d358e[]
10-10 04:58:26.726  1643  1643 I DecorView: getCurrentDensityDpi: from app context. densityDpi=420 msg=resources_loaded
10-10 04:58:26.726  1643  1643 I DecorView: setWindowBackground: isPopOver=false color=0 d=android.graphics.drawable.ColorDrawable@da79bc
10-10 04:58:26.733  1643  1667 D NativeCustomFrequencyManager: [NativeCFMS] BpCustomFrequencyManager::BpCustomFrequencyManager()
10-10 04:58:26.734  1643  1643 I DecorView: notifyKeepScreenOnChanged: keepScreenOn=false
10-10 04:58:26.749  1643  1643 D InsetsController: onStateChanged: InsetsState: {mDisplayFrame=Rect(0, 0 - 1080, 2400), mDisplayCutout=DisplayCutout{insets=Rect(0, 88 - 0, 0) waterfall=Insets{left=0, top=0, right=0, bottom=0} boundingRect={Bounds=[Rect(0, 0 - 0, 0), Rect(512, 0 - 568, 88), Rect(0, 0 - 0, 0), Rect(0, 0 - 0, 0)]} cutoutPathParserInfo={CutoutPathParserInfo{displayWidth=1080 displayHeight=2400 physicalDisplayWidth=1080 physicalDisplayHeight=2400 density={2.625} cutoutSpec={M 0,0 M 0,12.25101276465640 a 10.60613009248640,10.60613009248640 0 1,0 0,21.21226018497290 a 10.60613009248640,10.60613009248640 0 1,0 0,-21.21226018497290 Z @dp} rotation={0} scale={1.0} physicalPixelDisplaySizeRatio={1.0}}}}, mRoundedCorners=RoundedCorners{[RoundedCorner{position=TopLeft, radius=84, center=Point(84, 84)}, RoundedCorner{position=TopRight, radius=84, center=Point(996, 84)}, RoundedCorner{position=BottomRight, radius=84, center=Point(996, 2316)}, RoundedCorner{position=BottomLeft, radius=84, center=Point(84, 2316)}]}  mRoundedCornerFrame=Rect(0, 0 - 1080, 2400), mPrivacyIndicatorBounds=PrivacyIndicatorBounds {static bounds=Rect(964, 0 - 1080, 87) rotation=0}, mSources= { InsetsSource: {mType=ITYPE_STATUS_BAR, mFrame=[0,0][1080,88], mVisible=true, mInsetsRoundedCornerFrame=false}, InsetsSource: {mType=ITYPE_NAVIGATION_BAR, mFrame=[0,2361][1080,2400], mVisible=true, mInsetsRoundedCornerFrame=false}, InsetsSource: {mType=ITYPE_LEFT_GESTURES, mFrame=[0,0][130,2400], mVisible=true, mInsetsRoundedCornerFrame=false}, InsetsSource: {mType=ITYPE_RIGHT_GESTURES, mFrame=[950,0][1080,2400], mVisible=true, mInsetsRoundedCornerFrame=false}, InsetsSource: {mType=ITYPE_TOP_MANDATORY_GESTURES, mFrame=[0,0][1080,120], mVisible=true, mInsetsRoundedCornerFrame=false}, InsetsSource: {mType=ITYPE_BOTTOM_MANDATORY_GESTURES, mFrame=[0,2316][1080,2400], mVisible=true, mInsetsRoundedCornerFrame=false}, InsetsSource: {mType=ITYPE_LEFT_DISPLAY_CUTOUT, mFrame=[0,0][-100000,2400], mVisible=true, mInsetsRoundedCornerFrame=false}, InsetsSource: {mType=ITYPE_TOP_DISPLAY_CUTOUT, mFrame=[0,0][1080,88], mVisible=true, mInsetsRoundedCornerFrame=false}, InsetsSource: {mType=ITYPE_RIGHT_DISPLAY_CUTOUT, mFrame=[100000,0][1080,2400], mVisible=true, mInsetsRoundedCornerFrame=false}, InsetsSource: {mType=ITYPE_BOTTOM_DISPLAY_CUTOUT, mFrame=[0,100000][1080,2400], mVisible=true, mInsetsRoundedCornerFrame=false}, InsetsSource: {mType=ITYPE_TOP_TAPPABLE_ELEMENT, mFrame=[0,0][1080,88], mVisible=true, mInsetsRoundedCornerFrame=false}, InsetsSource: {mType=ITYPE_BOTTOM_TAPPABLE_ELEMENT, mFrame=[0,0][0,0], mVisible=true, mInsetsRoundedCornerFrame=false}, InsetsSource: {mType=ITYPE_IME, mFrame=[0,0][0,0], mVisibleFrame=[0,1409][1080,2400], mVisible=false, mInsetsRoundedCornerFrame=false} } host=com.lagradost.cloudstream3/com.lagradost.cloudstream3.MainActivity from=android.view.ViewRootImpl.setView:1732
10-10 04:58:26.750  1643  1643 I ViewRootImpl@d2cdffd[MainActivity]: setView = com.android.internal.policy.DecorView@98d358e TM=true
10-10 04:58:26.756  1643  1643 I ViewRootImpl@d2cdffd[MainActivity]: performTraversals params={(0,0)(fillxfill) gr=CENTER sim={adjust=resize forwardNavigation} ty=APPLICATION fmt=TRANSPARENT wanim=0x7f14000b
10-10 04:58:26.756  1643  1643 I ViewRootImpl@d2cdffd[MainActivity]:   fl=85810100
10-10 04:58:26.756  1643  1643 I ViewRootImpl@d2cdffd[MainActivity]:   pfl=12020040
10-10 04:58:26.756  1643  1643 I ViewRootImpl@d2cdffd[MainActivity]:   vsysui=500
10-10 04:58:26.756  1643  1643 I ViewRootImpl@d2cdffd[MainActivity]:   bhv=DEFAULT
10-10 04:58:26.756  1643  1643 I ViewRootImpl@d2cdffd[MainActivity]:   fitSides= naviIconColor=0}
10-10 04:58:26.757  1643  1643 I ViewRootImpl@d2cdffd[MainActivity]: performTraversals mFirst=true windowShouldResize=true viewVisibilityChanged=false mForceNextWindowRelayout=false params={(0,0)(fillxfill) gr=CENTER sim={adjust=resize forwardNavigation} ty=APPLICATION fmt=TRANSPARENT wanim=0x7f14000b
10-10 04:58:26.757  1643  1643 I ViewRootImpl@d2cdffd[MainActivity]:   fl=85810100
10-10 04:58:26.757  1643  1643 I ViewRootImpl@d2cdffd[MainActivity]:   pfl=12020040
10-10 04:58:26.757  1643  1643 I ViewRootImpl@d2cdffd[MainActivity]:   vsysui=500
10-10 04:58:26.757  1643  1643 I ViewRootImpl@d2cdffd[MainActivity]:   bhv=DEFAULT
10-10 04:58:26.757  1643  1643 I ViewRootImpl@d2cdffd[MainActivity]:   fitSides= naviIconColor=0}
10-10 04:58:26.767  1643  1643 I ViewRootImpl@d2cdffd[MainActivity]: updateBlastSurfaceIfNeeded mBlastBufferQueue=null isSameSurfaceControl=false
10-10 04:58:26.768  1643  1643 I BLASTBufferQueue: new BLASTBufferQueue, mName= ViewRootImpl@d2cdffd[MainActivity] mNativeObject= 0x7bed8b2a00 sc.mNativeObject= 0x7b46728220 caller= android.view.ViewRootImpl.updateBlastSurfaceIfNeeded:2909 android.view.ViewRootImpl.relayoutWindow:9847 android.view.ViewRootImpl.performTraversals:3884 android.view.ViewRootImpl.doTraversal:3116 android.view.ViewRootImpl$TraversalRunnable.run:10885 android.view.Choreographer$CallbackRecord.run:1301 android.view.Choreographer$CallbackRecord.run:1309 android.view.Choreographer.doCallbacks:923 android.view.Choreographer.doFrame:852 android.view.Choreographer$FrameDisplayEventReceiver.run:1283 
10-10 04:58:26.768  1643  1643 I BLASTBufferQueue: update, w= 1080 h= 2400 mName = ViewRootImpl@d2cdffd[MainActivity] mNativeObject= 0x7bed8b2a00 sc.mNativeObject= 0x7b46728220 format= -2 caller= android.graphics.BLASTBufferQueue.<init>:84 android.view.ViewRootImpl.updateBlastSurfaceIfNeeded:2909 android.view.ViewRootImpl.relayoutWindow:9847 android.view.ViewRootImpl.performTraversals:3884 android.view.ViewRootImpl.doTraversal:3116 android.view.ViewRootImpl$TraversalRunnable.run:10885 
10-10 04:58:26.768  1643  1643 I ViewRootImpl@d2cdffd[MainActivity]: Relayout returned: old=(0,0,1080,2400) new=(0,0,1080,2400) req=(1080,2400)0 dur=10 res=0x3 s={true 0x7bdd373000} ch=true seqId=0
10-10 04:58:26.769  1643  1643 I ViewRootImpl@d2cdffd[MainActivity]: mThreadedRenderer.initialize() mSurface={isValid=true 0x7bdd373000} hwInitialized=true
10-10 04:58:26.770  1643  1667 D OpenGLRenderer: eglCreateWindowSurface
10-10 04:58:26.774  1643  1643 I ViewRootImpl@d2cdffd[MainActivity]: reportNextDraw android.view.ViewRootImpl.performTraversals:4438 android.view.ViewRootImpl.doTraversal:3116 android.view.ViewRootImpl$TraversalRunnable.run:10885 android.view.Choreographer$CallbackRecord.run:1301 android.view.Choreographer$CallbackRecord.run:1309 
10-10 04:58:26.774  1643  1643 I ViewRootImpl@d2cdffd[MainActivity]: Setup new sync id=0
10-10 04:58:26.774  1643  1643 I ViewRootImpl@d2cdffd[MainActivity]: Setting syncFrameCallback
10-10 04:58:26.774  1643  1643 I ViewRootImpl@d2cdffd[MainActivity]: registerCallbacksForSync syncBuffer=false
10-10 04:58:26.776  1643  1754 I ViewRootImpl@d2cdffd[MainActivity]: Received frameDrawingCallback syncResult=0 frameNum=1.
10-10 04:58:26.776  1643  1754 I ViewRootImpl@d2cdffd[MainActivity]: Setting up sync and frameCommitCallback
10-10 04:58:26.783  1643  1667 I BLASTBufferQueue: [ViewRootImpl@d2cdffd[MainActivity]#9](f:0,a:0) onFrameAvailable the first frame is available
10-10 04:58:26.785  1643  1667 I ViewRootImpl@d2cdffd[MainActivity]: Received frameCommittedCallback lastAttemptedDrawFrameNum=1 didProduceBuffer=true
10-10 04:58:26.786  1643  1667 D OpenGLRenderer: CFMS:: SetUp Pid : 1643    Tid : 1667
10-10 04:58:26.790  1643  1643 I ViewRootImpl@d2cdffd[MainActivity]: onSyncComplete
10-10 04:58:26.791  1643  1643 I ViewRootImpl@d2cdffd[MainActivity]: setupSync seqId=0 mSyncId=0 fn=1 caller=android.view.ViewRootImpl$$ExternalSyntheticLambda11.accept:6 android.window.SurfaceSyncer.lambda$setupSync$1$android-window-SurfaceSyncer:128 android.window.SurfaceSyncer$$ExternalSyntheticLambda1.accept:8 android.window.SurfaceSyncer$SyncSet.checkIfSyncIsComplete:382 android.window.SurfaceSyncer$SyncSet.markSyncReady:359 android.window.SurfaceSyncer.markSyncReady:151 android.view.ViewRootImpl.performTraversals:4503 
10-10 04:58:26.791  1643  1643 I ViewRootImpl@d2cdffd[MainActivity]: reportDrawFinished seqId=0 mSyncId=-1 fn=1 mSurfaceChangedTransaction=0x7b048c7c00
10-10 04:58:26.795  1643  1643 D InsetsController: onStateChanged: InsetsState: {mDisplayFrame=Rect(0, 0 - 1080, 2400), mDisplayCutout=DisplayCutout{insets=Rect(0, 88 - 0, 0) waterfall=Insets{left=0, top=0, right=0, bottom=0} boundingRect={Bounds=[Rect(0, 0 - 0, 0), Rect(512, 0 - 568, 88), Rect(0, 0 - 0, 0), Rect(0, 0 - 0, 0)]} cutoutPathParserInfo={CutoutPathParserInfo{displayWidth=1080 displayHeight=2400 physicalDisplayWidth=1080 physicalDisplayHeight=2400 density={2.625} cutoutSpec={M 0,0 M 0,12.25101276465640 a 10.60613009248640,10.60613009248640 0 1,0 0,21.21226018497290 a 10.60613009248640,10.60613009248640 0 1,0 0,-21.21226018497290 Z @dp} rotation={0} scale={1.0} physicalPixelDisplaySizeRatio={1.0}}}}, mRoundedCorners=RoundedCorners{[RoundedCorner{position=TopLeft, radius=84, center=Point(84, 84)}, RoundedCorner{position=TopRight, radius=84, center=Point(996, 84)}, RoundedCorner{position=BottomRight, radius=84, center=Point(996, 2316)}, RoundedCorner{position=BottomLeft, radius=84, center=Point(84, 2316)}]}  mRoundedCornerFrame=Rect(0, 0 - 1080, 2400), mPrivacyIndicatorBounds=PrivacyIndicatorBounds {static bounds=Rect(964, 0 - 1080, 87) rotation=0}, mSources= { InsetsSource: {mType=ITYPE_STATUS_BAR, mFrame=[0,0][1080,88], mVisible=true, mInsetsRoundedCornerFrame=false}, InsetsSource: {mType=ITYPE_NAVIGATION_BAR, mFrame=[0,2361][1080,2400], mVisible=true, mInsetsRoundedCornerFrame=false}, InsetsSource: {mType=ITYPE_LEFT_GESTURES, mFrame=[0,0][130,2400], mVisible=true, mInsetsRoundedCornerFrame=false}, InsetsSource: {mType=ITYPE_RIGHT_GESTURES, mFrame=[950,0][1080,2400], mVisible=true, mInsetsRoundedCornerFrame=false}, InsetsSource: {mType=ITYPE_TOP_MANDATORY_GESTURES, mFrame=[0,0][1080,120], mVisible=true, mInsetsRoundedCornerFrame=false}, InsetsSource: {mType=ITYPE_BOTTOM_MANDATORY_GESTURES, mFrame=[0,2316][1080,2400], mVisible=true, mInsetsRoundedCornerFrame=false}, InsetsSource: {mType=ITYPE_LEFT_DISPLAY_CUTOUT, mFrame=[0,0][-100000,2400], mVisible=true, mInsetsRoundedCornerFrame=false}, InsetsSource: {mType=ITYPE_TOP_DISPLAY_CUTOUT, mFrame=[0,0][1080,88], mVisible=true, mInsetsRoundedCornerFrame=false}, InsetsSource: {mType=ITYPE_RIGHT_DISPLAY_CUTOUT, mFrame=[100000,0][1080,2400], mVisible=true, mInsetsRoundedCornerFrame=false}, InsetsSource: {mType=ITYPE_BOTTOM_DISPLAY_CUTOUT, mFrame=[0,100000][1080,2400], mVisible=true, mInsetsRoundedCornerFrame=false}, InsetsSource: {mType=ITYPE_TOP_TAPPABLE_ELEMENT, mFrame=[0,0][1080,88], mVisible=true, mInsetsRoundedCornerFrame=false}, InsetsSource: {mType=ITYPE_BOTTOM_TAPPABLE_ELEMENT, mFrame=[0,0][0,0], mVisible=true, mInsetsRoundedCornerFrame=false} } host=com.lagradost.cloudstream3/com.lagradost.cloudstream3.MainActivity from=android.view.ViewRootImpl$ViewRootHandler.handleMessageImpl:6740
10-10 04:58:26.797  1643  1643 I ViewRootImpl@fbf792[MainActivity]: MSG_WINDOW_FOCUS_CHANGED 0 0
10-10 04:58:26.814  1643  1643 I ViewRootImpl@fbf792[MainActivity]: MSG_WINDOW_FOCUS_CHANGED 0 0
10-10 04:58:26.859  1643  1643 I ViewRootImpl@d2cdffd[MainActivity]: MSG_WINDOW_FOCUS_CHANGED 1 0
10-10 04:58:26.859  1643  1643 I ViewRootImpl@d2cdffd[MainActivity]: mThreadedRenderer.initializeIfNeeded()#2 mSurface={isValid=true 0x7bdd373000}
10-10 04:58:26.860  1643  1643 D InputMethodManager: startInputInner - Id : 0
10-10 04:58:26.860  1643  1643 I InputMethodManager: startInputInner - mService.startInputOrWindowGainedFocus
10-10 04:58:27.311  1643  1707 D EgyDead : Document title:   Baban Baban Ban Vampire 2025  |  
10-10 04:58:27.312  1643  1707 D EgyDead : Found 7 potential server elements.
10-10 04:58:27.313  1643  1707 D EgyDead : Server data-link 0: https://hglink.to/e/jlms8500r8xa
10-10 04:58:27.313  1643  1707 D EgyDead : Server data-link 1: https://bigwarp.pro/embed-qorgjml5820o.html
10-10 04:58:27.313  1643  1707 D EgyDead : Server data-link 2: https://forafile.com/embed-tvyt5j05leym.html
10-10 04:58:27.313  1643  1707 D EgyDead : Server data-link 3: https://dingtezuni.com/v/62jdubc2evwo
10-10 04:58:27.313  1643  1707 D EgyDead : Server data-link 4: https://mxdrop.to/e/q16n4p7kfxxmee9
10-10 04:58:27.313  1643  1707 D EgyDead : Server data-link 5: https://dsvplay.com/e/ae5u4uswea05
10-10 04:58:27.313  1643  1707 D EgyDead : Server data-link 6: https://listeamed.net/e/edVqE49BoB1OYWm
10-10 04:58:27.626  1643  1727 I System.out: Exception in NiceHttp: javax.net.ssl.SSLHandshakeException connection closed
10-10 04:58:27.633  1643  1707 D ApiError: -------------------------------------------------------------------
10-10 04:58:27.633  1643  1707 D ApiError: safeApiCall: connection closed
10-10 04:58:27.633  1643  1707 D ApiError: safeApiCall: connection closed
10-10 04:58:27.633  1643  1707 W System.err: javax.net.ssl.SSLHandshakeException: connection closed
10-10 04:58:27.633  1643  1707 W System.err: 	at org.conscrypt.SSLUtils.toSSLHandshakeException(SSLUtils.java:361)
10-10 04:58:27.634  1643  1707 W System.err: 	at org.conscrypt.ConscryptEngineSocket.doHandshake(ConscryptEngineSocket.java:232)
10-10 04:58:27.634  1643  1707 W System.err: 	at org.conscrypt.ConscryptEngineSocket.startHandshake(ConscryptEngineSocket.java:209)
10-10 04:58:27.634  1643  1707 W System.err: 	at okhttp3.internal.connection.ConnectPlan.connectTls(ConnectPlan.kt:335)
10-10 04:58:27.634  1643  1707 W System.err: 	at okhttp3.internal.connection.ConnectPlan.connectTlsEtc(ConnectPlan.kt:197)
10-10 04:58:27.634  1643  1707 W System.err: 	at okhttp3.internal.connection.FastFallbackExchangeFinder.find(FastFallbackExchangeFinder.kt:78)
10-10 04:58:27.634  1643  1707 W System.err: 	at okhttp3.internal.connection.RealCall.initExchange$okhttp(RealCall.kt:268)
10-10 04:58:27.634  1643  1707 W System.err: 	at okhttp3.internal.connection.ConnectInterceptor.intercept(ConnectInterceptor.kt:32)
10-10 04:58:27.634  1643  1707 W System.err: 	at okhttp3.internal.http.RealInterceptorChain.proceed(RealInterceptorChain.kt:109)
10-10 04:58:27.634  1643  1707 W System.err: 	at okhttp3.internal.cache.CacheInterceptor.intercept(CacheInterceptor.kt:95)
10-10 04:58:27.634  1643  1707 W System.err: 	at okhttp3.internal.http.RealInterceptorChain.proceed(RealInterceptorChain.kt:109)
10-10 04:58:27.634  1643  1707 W System.err: 	at okhttp3.internal.http.BridgeInterceptor.intercept(BridgeInterceptor.kt:84)
10-10 04:58:27.634  1643  1707 W System.err: 	at okhttp3.internal.http.RealInterceptorChain.proceed(RealInterceptorChain.kt:109)
10-10 04:58:27.634  1643  1707 W System.err: 	at okhttp3.internal.http.RetryAndFollowUpInterceptor.intercept(RetryAndFollowUpInterceptor.kt:65)
10-10 04:58:27.634  1643  1707 W System.err: 	at okhttp3.internal.http.RealInterceptorChain.proceed(RealInterceptorChain.kt:109)
10-10 04:58:27.634  1643  1707 W System.err: 	at okhttp3.internal.connection.RealCall.getResponseWithInterceptorChain$okhttp(RealCall.kt:205)
10-10 04:58:27.634  1643  1707 W System.err: 	at okhttp3.internal.connection.RealCall$AsyncCall.run(RealCall.kt:543)
10-10 04:58:27.634  1643  1707 W System.err: 	at java.util.concurrent.ThreadPoolExecutor.runWorker(ThreadPoolExecutor.java:1156)
10-10 04:58:27.635  1643  1707 W System.err: 	at java.util.concurrent.ThreadPoolExecutor$Worker.run(ThreadPoolExecutor.java:651)
10-10 04:58:27.635  1643  1707 W System.err: 	at java.lang.Thread.run(Thread.java:1119)
10-10 04:58:27.635  1643  1707 W System.err: 	Suppressed: javax.net.ssl.SSLHandshakeException: connection closed
10-10 04:58:27.635  1643  1707 W System.err: 		... 20 more
10-10 04:58:27.635  1643  1707 W System.err: 	Caused by: java.io.EOFException: connection closed
10-10 04:58:27.636  1643  1707 W System.err: 		... 19 more
10-10 04:58:27.636  1643  1707 W System.err: Caused by: java.io.EOFException: connection closed
10-10 04:58:27.636  1643  1707 W System.err: 	... 19 more
10-10 04:58:27.636  1643  1707 D ApiError: -------------------------------------------------------------------
10-10 04:58:27.786  1643  1728 I System.out: Exception in NiceHttp: javax.net.ssl.SSLHandshakeException connection closed
10-10 04:58:27.787  1643  1707 D ApiError: -------------------------------------------------------------------
10-10 04:58:27.787  1643  1707 D ApiError: safeApiCall: connection closed
10-10 04:58:27.788  1643  1707 D ApiError: safeApiCall: connection closed
10-10 04:58:27.788  1643  1707 W System.err: javax.net.ssl.SSLHandshakeException: connection closed
10-10 04:58:27.788  1643  1707 W System.err: 	at org.conscrypt.SSLUtils.toSSLHandshakeException(SSLUtils.java:361)
10-10 04:58:27.788  1643  1707 W System.err: 	at org.conscrypt.ConscryptEngineSocket.doHandshake(ConscryptEngineSocket.java:232)
10-10 04:58:27.788  1643  1707 W System.err: 	at org.conscrypt.ConscryptEngineSocket.startHandshake(ConscryptEngineSocket.java:209)
10-10 04:58:27.788  1643  1707 W System.err: 	at okhttp3.internal.connection.ConnectPlan.connectTls(ConnectPlan.kt:335)
10-10 04:58:27.788  1643  1707 W System.err: 	at okhttp3.internal.connection.ConnectPlan.connectTlsEtc(ConnectPlan.kt:197)
10-10 04:58:27.788  1643  1707 W System.err: 	at okhttp3.internal.connection.FastFallbackExchangeFinder.find(FastFallbackExchangeFinder.kt:78)
10-10 04:58:27.789  1643  1707 W System.err: 	at okhttp3.internal.connection.RealCall.initExchange$okhttp(RealCall.kt:268)
10-10 04:58:27.789  1643  1707 W System.err: 	at okhttp3.internal.connection.ConnectInterceptor.intercept(ConnectInterceptor.kt:32)
10-10 04:58:27.789  1643  1707 W System.err: 	at okhttp3.internal.http.RealInterceptorChain.proceed(RealInterceptorChain.kt:109)
10-10 04:58:27.789  1643  1707 W System.err: 	at okhttp3.internal.cache.CacheInterceptor.intercept(CacheInterceptor.kt:95)
10-10 04:58:27.789  1643  1707 W System.err: 	at okhttp3.internal.http.RealInterceptorChain.proceed(RealInterceptorChain.kt:109)
10-10 04:58:27.789  1643  1707 W System.err: 	at okhttp3.internal.http.BridgeInterceptor.intercept(BridgeInterceptor.kt:84)
10-10 04:58:27.789  1643  1707 W System.err: 	at okhttp3.internal.http.RealInterceptorChain.proceed(RealInterceptorChain.kt:109)
10-10 04:58:27.789  1643  1707 W System.err: 	at okhttp3.internal.http.RetryAndFollowUpInterceptor.intercept(RetryAndFollowUpInterceptor.kt:65)
10-10 04:58:27.789  1643  1707 W System.err: 	at okhttp3.internal.http.RealInterceptorChain.proceed(RealInterceptorChain.kt:109)
10-10 04:58:27.789  1643  1707 W System.err: 	at okhttp3.internal.connection.RealCall.getResponseWithInterceptorChain$okhttp(RealCall.kt:205)
10-10 04:58:27.789  1643  1707 W System.err: 	at okhttp3.internal.connection.RealCall$AsyncCall.run(RealCall.kt:543)
10-10 04:58:27.789  1643  1707 W System.err: 	at java.util.concurrent.ThreadPoolExecutor.runWorker(ThreadPoolExecutor.java:1156)
10-10 04:58:27.790  1643  1707 W System.err: 	at java.util.concurrent.ThreadPoolExecutor$Worker.run(ThreadPoolExecutor.java:651)
10-10 04:58:27.790  1643  1707 W System.err: 	at java.lang.Thread.run(Thread.java:1119)
10-10 04:58:27.790  1643  1707 W System.err: 	Suppressed: javax.net.ssl.SSLHandshakeException: connection closed
10-10 04:58:27.790  1643  1707 W System.err: 		... 20 more
10-10 04:58:27.791  1643  1707 W System.err: 	Caused by: java.io.EOFException: connection closed
10-10 04:58:27.791  1643  1707 W System.err: 		... 19 more
10-10 04:58:27.791  1643  1707 W System.err: 	Suppressed: javax.net.ssl.SSLHandshakeException: connection closed
10-10 04:58:27.791  1643  1707 W System.err: 		... 20 more
10-10 04:58:27.792  1643  1707 W System.err: 	Caused by: java.io.EOFException: connection closed
10-10 04:58:27.792  1643  1707 W System.err: 		... 19 more
10-10 04:58:27.792  1643  1707 W System.err: Caused by: java.io.EOFException: connection closed
10-10 04:58:27.792  1643  1707 W System.err: 	... 19 more
10-10 04:58:27.792  1643  1707 D ApiError: -------------------------------------------------------------------
10-10 04:58:28.008  1643  1707 D RepoLink: Loaded ExtractorLink: ExtractorLink(name=MixDrop, url=https://s-delivery33.mxcontent.net/v2/q16n4p7kfxxmee9.mp4?s=cPot-rrW8MZyYVFIxEcHpw&e=1760090307&_t=1760074870, referer=https://mxdrop.to/e/q16n4p7kfxxmee9, type=VIDEO)
10-10 04:58:28.244  1643  1654 I st.cloudstream3: Background concurrent copying GC freed 14MB AllocSpace bytes, 78(5156KB) LOS objects, 45% free, 28MB/52MB, paused 625us,473us total 243.792ms
10-10 04:58:28.259  1643  1667 D OpenGLRenderer: setSurface called with nullptr
10-10 04:58:28.259  1643  1655 D InputTransport: Input channel destroyed: 'ClientS', fd=154
10-10 04:58:28.259  1643  1655 D InputTransport: Input channel destroyed: 'ClientS', fd=197
10-10 04:58:28.314  1643  1707 D RepoLink: Loaded ExtractorLink: ExtractorLink(name=Vidguard, url=https://ytfci3e6xz.guardstorage.net/hls_3/aMb7Knau3px9KL8qxkc-wd9vLg5k04W599Go6fw7xfpFr2pK28DN-GPVuDW-hCgC9FMtO7dtoJWUAyUHtOc9Hj3QZIAvRdqCv40sNYUYT9225X89qmML5XnUPdVS6VM38eMNbvYvOVHFnX4ZDiexx3VHOkiTi_rUbyyE9eajuvGloe36svvUMCH8Hr1INh1rHlAOf_-Mch60xgCaAXVhVA/master.m3u8?sig=7x0Si97i2DpIPvHluZzH-w&expires=1760077707, referer=https://listeamed.net, type=M3U8)
10-10 04:58:28.318  1643  1643 I MSHandlerLifeCycle: removeMultiSplitHandler: no exist. decor=DecorView@98d358e[MainActivity]
10-10 04:58:28.329  1643  1667 D OpenGLRenderer: setSurface called with nullptr
10-10 04:58:28.329  1643  1667 D OpenGLRenderer: setSurface() destroyed EGLSurface
10-10 04:58:28.329  1643  1667 D OpenGLRenderer: destroyEglSurface
10-10 04:58:28.339  1643  1643 I ViewRootImpl@d2cdffd[MainActivity]: dispatchDetachedFromWindow
10-10 04:58:28.365  1643  1643 D InputTransport: Input channel destroyed: '859d000', fd=120
10-10 04:58:28.367  1643  1643 I Dialog  : mIsDeviceDefault = false, mIsSamsungBasicInteraction = false, isMetaDataInActivity = false
10-10 04:58:28.406  1643  1643 I DecorView: [INFO] isPopOver=false config=false
10-10 04:58:28.406  1643  1643 I DecorView: updateCaptionType: isFloating=false isApplication=true hasWindowDecorCaption=false this=DecorView@40efef3[]
10-10 04:58:28.406  1643  1643 D DecorView: setCaptionType = 0, this = DecorView@40efef3[]
10-10 04:58:28.409  1643  1643 I DecorView: getCurrentDensityDpi: from app context. densityDpi=420 msg=resources_loaded
10-10 04:58:28.409  1643  1643 I DecorView: setWindowBackground: isPopOver=false color=0 d=android.graphics.drawable.ColorDrawable@f26d629
10-10 04:58:28.420  1643  1667 D NativeCustomFrequencyManager: [NativeCFMS] BpCustomFrequencyManager::BpCustomFrequencyManager()
10-10 04:58:28.421  1643  1643 I DecorView: notifyKeepScreenOnChanged: keepScreenOn=false
