--------- beginning of main
10-10 20:11:54.549 11550 11550 D InputTransport: Input channel destroyed: 'd366936', fd=149
10-10 20:11:54.582 11550 11550 I ViewRootImpl@61751e2[MainActivity]: MSG_WINDOW_FOCUS_CHANGED 1 0
10-10 20:11:54.582 11550 11550 I ViewRootImpl@61751e2[MainActivity]: mThreadedRenderer.initializeIfNeeded()#2 mSurface={isValid=true 0x7b5e236800}
10-10 20:11:54.587 11550 11550 D InputMethodManager: startInputInner - Id : 0
10-10 20:11:54.587 11550 11550 I InputMethodManager: startInputInner - mService.startInputOrWindowGainedFocus
10-10 20:11:55.551 11550 11550 I ViewRootImpl@61751e2[MainActivity]: ViewPostIme pointer 0
10-10 20:11:55.620 11550 11550 I ViewRootImpl@61751e2[MainActivity]: ViewPostIme pointer 1
10-10 20:11:55.971 11550 11550 I ViewRootImpl@61751e2[MainActivity]: ViewPostIme pointer 0
10-10 20:11:56.089 11550 11560 W st.cloudstream3: Cleared Reference was only reachable from finalizer (only reported once)
10-10 20:11:56.113 11550 11550 D WindowOnBackDispatcher: onBackInvoked, viewRoot=ViewRootImpl@a833a15[MainActivity], callback=androidx.activity.OnBackPressedDispatcher$Api33Impl$$ExternalSyntheticLambda0@c178ed5
10-10 20:11:56.124 11550 11550 I IMM_LC  : hsifw() - flag : 0
10-10 20:11:56.124 11550 11550 I IMM_LC  : hsifw() - mService.hideSoftInput
10-10 20:11:56.135 11550 11550 D ScrollView: initGoToTop
10-10 20:11:56.155 11550 11560 I st.cloudstream3: Background concurrent copying GC freed 15MB AllocSpace bytes, 67(3072KB) LOS objects, 49% free, 12MB/24MB, paused 329us,53us total 183.840ms
10-10 20:11:56.157 11550 11572 D OpenGLRenderer: setSurface called with nullptr
10-10 20:11:56.158 11550 11561 D InputTransport: Input channel destroyed: 'ClientS', fd=129
10-10 20:11:56.170 11550 11550 E CoilImgLoader: Error loading image: coil3.request.NullRequestDataException: The request's data is null.
10-10 20:11:56.180 11550 11550 D ScrollView:  onsize change changed 
10-10 20:11:56.997 11550 11550 I ViewRootImpl@61751e2[MainActivity]: ViewPostIme pointer 0
10-10 20:11:57.061 11550 11550 I ViewRootImpl@61751e2[MainActivity]: ViewPostIme pointer 1
10-10 20:11:57.078 11550 11550 I NavComponent: Navigating to fragment: 2131361879
10-10 20:11:57.084 11550 11550 I IMM_LC  : hsifw() - flag : 0
10-10 20:11:57.084 11550 11550 I IMM_LC  : hsifw() - mService.hideSoftInput
10-10 20:11:58.187 11550 11550 I ViewRootImpl@61751e2[MainActivity]: ViewPostIme pointer 0
10-10 20:11:58.236 11550 11550 I ViewRootImpl@61751e2[MainActivity]: ViewPostIme pointer 1
10-10 20:11:58.259 11550 11550 I IMM_LC  : hsifw() - flag : 0
10-10 20:11:58.259 11550 11550 I IMM_LC  : hsifw() - mService.hideSoftInput
10-10 20:11:58.404 11550 11550 I PLG     : updatePluginList = https://raw.githubusercontent.com/adamwolker21/DZ/refs/heads/master/repo.json
10-10 20:11:58.404 11550 11550 I PLG     : getPlugins = https://raw.githubusercontent.com/adamwolker21/DZ/refs/heads/master/repo.json
10-10 20:11:58.603 11550 11604 D VotingApi: Requesting: https://counterapi.com/api/cs-raw.githubusercontent.com-adamwolker21-DZ/vote/806f9e9bb0fe6eed948cf51910bda7c7a4f4470876514f9eb99299b4b4e46db4?readOnly=true
10-10 20:11:59.416 11550 11550 I ViewRootImpl@61751e2[MainActivity]: ViewPostIme pointer 0
10-10 20:11:59.434 11550 11550 I ViewRootImpl@61751e2[MainActivity]: ViewPostIme pointer 1
10-10 20:11:59.450 11550 11602 I PLG     : handlePluginAction = https://raw.githubusercontent.com/adamwolker21/DZ/refs/heads/master/repo.json, (https://raw.githubusercontent.com/adamwolker21/DZ/refs/heads/master/repo.json, SitePlugin(url=https://raw.githubusercontent.com/adamwolker21/DZ/builds/EgyDead.cs3, status=1, version=1, apiVersion=1, name=EgyDead, internalName=EgyDead, authors=[adamwolker21], description=EgyDead, repositoryUrl=https://github.com/adamwolker21/DZ, tvTypes=[Movie, TvSeries], language=ar, iconUrl=https://www.faselhds.life/icon-faselplud.png, fileSize=19973)), false
10-10 20:11:59.451 11550 11602 D PluginManager: Downloading plugin: https://raw.githubusercontent.com/adamwolker21/DZ/builds/EgyDead.cs3 to /data/user/0/com.lagradost.cloudstream3/files/Extensions/httpsraw.githubusercontent.comadamwolker21DZrefsheadsmasterrepo.json.-468825824/EgyDead.-124080901.cs3
10-10 20:11:59.707 11550 11602 I PluginManager: Unloading plugin: /data/user/0/com.lagradost.cloudstream3/files/Extensions/httpsraw.githubusercontent.comadamwolker21DZrefsheadsmasterrepo.json.-468825824/EgyDead.-124080901.cs3
10-10 20:11:59.707 11550 11602 W PluginManager: Couldn't find plugin /data/user/0/com.lagradost.cloudstream3/files/Extensions/httpsraw.githubusercontent.comadamwolker21DZrefsheadsmasterrepo.json.-468825824/EgyDead.-124080901.cs3
10-10 20:11:59.707 11550 11602 I PluginManager: Loading plugin: PluginData(internalName=EgyDead, url=https://raw.githubusercontent.com/adamwolker21/DZ/builds/EgyDead.cs3, isOnline=true, filePath=/data/user/0/com.lagradost.cloudstream3/files/Extensions/httpsraw.githubusercontent.comadamwolker21DZrefsheadsmasterrepo.json.-468825824/EgyDead.-124080901.cs3, version=-2147483648)
10-10 20:11:59.771 11550 11602 I PluginInstance: Adding EgyDead (https://tv6.egydead.live) MainAPI
10-10 20:11:59.771 11550 11602 I PluginManager: Loaded plugin EgyDead successfully
10-10 20:11:59.772 11550 11602 I PLG     : getPlugins = https://raw.githubusercontent.com/adamwolker21/DZ/refs/heads/master/repo.json
10-10 20:11:59.772 11550 11550 I COMPACT : showToast = Plugin Loaded
10-10 20:11:59.780 11550 11550 D CompatibilityChangeReporter: Compat change id reported: 147798919; UID 10523; state: ENABLED
10-10 20:11:59.780 11550 11550 E Toast   : setGravity() shouldn't be called on text toasts, the values won't be used
10-10 20:11:59.780 11550 11550 I Toast   : setView: it's a custom toast
10-10 20:11:59.788 11550 11550 V Toast   : show: caller = com.lagradost.cloudstream3.CommonActivity.showToast:175 
10-10 20:11:59.846 11550 11550 V Toast   : HANDLE SHOW: android.widget.Toast$TN@8f626c5 mView=null mNextView=androidx.cardview.widget.CardView{1fcb81a V.E..V... ......ID 0,0-0,0 #7f0a0557 app:id/toast_layout_root}
10-10 20:11:59.848 11550 11550 V ToastPresenter: sipHeight = -39
10-10 20:11:59.849 11550 11550 V ToastPresenter: yOffset = 13
10-10 20:11:59.854 11550 11572 D NativeCustomFrequencyManager: [NativeCFMS] BpCustomFrequencyManager::BpCustomFrequencyManager()
10-10 20:11:59.862 11550 11550 D InsetsController: onStateChanged: InsetsState: {mDisplayFrame=Rect(0, 0 - 1080, 2400), mDisplayCutout=DisplayCutout{insets=Rect(0, 88 - 0, 0) waterfall=Insets{left=0, top=0, right=0, bottom=0} boundingRect={Bounds=[Rect(0, 0 - 0, 0), Rect(512, 0 - 568, 88), Rect(0, 0 - 0, 0), Rect(0, 0 - 0, 0)]} cutoutPathParserInfo={CutoutPathParserInfo{displayWidth=1080 displayHeight=2400 physicalDisplayWidth=1080 physicalDisplayHeight=2400 density={2.625} cutoutSpec={M 0,0 M 0,12.25101276465640 a 10.60613009248640,10.60613009248640 0 1,0 0,21.21226018497290 a 10.60613009248640,10.60613009248640 0 1,0 0,-21.21226018497290 Z @dp} rotation={0} scale={1.0} physicalPixelDisplaySizeRatio={1.0}}}}, mRoundedCorners=RoundedCorners{[RoundedCorner{position=TopLeft, radius=84, center=Point(84, 84)}, RoundedCorner{position=TopRight, radius=84, center=Point(996, 84)}, RoundedCorner{position=BottomRight, radius=84, center=Point(996, 2316)}, RoundedCorner{position=BottomLeft, radius=84, center=Point(84, 2316)}]}  mRoundedCornerFrame=Rect(0, 0 - 0, 0), mPrivacyIndicatorBounds=PrivacyIndicatorBounds {static bounds=Rect(964, 0 - 1080, 87) rotation=0}, mSources= { InsetsSource: {mType=ITYPE_NAVIGATION_BAR, mFrame=[0,2361][1080,2400], mVisible=true, mInsetsRoundedCornerFrame=false}, InsetsSource: {mType=ITYPE_LEFT_GESTURES, mFrame=[0,0][130,2400], mVisible=true, mInsetsRoundedCornerFrame=false}, InsetsSource: {mType=ITYPE_RIGHT_GESTURES, mFrame=[950,0][1080,2400], mVisible=true, mInsetsRoundedCornerFrame=false}, InsetsSource: {mType=ITYPE_TOP_MANDATORY_GESTURES, mFrame=[0,0][1080,120], mVisible=true, mInsetsRoundedCornerFrame=false}, InsetsSource: {mType=ITYPE_BOTTOM_MANDATORY_GESTURES, mFrame=[0,2316][1080,2400], mVisible=true, mInsetsRoundedCornerFrame=false}, InsetsSource: {mType=ITYPE_LEFT_DISPLAY_CUTOUT, mFrame=[0,0][-100000,2400], mVisible=true, mInsetsRoundedCornerFrame=false}, InsetsSource: {mType=ITYPE_TOP_DISPLAY_CUTOUT, mFrame=[0,0][1080,88], mVisible=true, mInsetsRoundedCornerFrame=false}, InsetsSource: {mType=ITYPE_RIGHT_DISPLAY_CUTOUT, mFrame=[100000,0][1080,2400], mVisible=true, mInsetsRoundedCornerFrame=false}, InsetsSource: {mType=ITYPE_BOTTOM_DISPLAY_CUTOUT, mFrame=[0,100000][1080,2400], mVisible=true, mInsetsRoundedCornerFrame=false}, InsetsSource: {mType=ITYPE_BOTTOM_TAPPABLE_ELEMENT, mFrame=[0,0][0,0], mVisible=true, mInsetsRoundedCornerFrame=false} } host=Toast from=android.view.ViewRootImpl.setView:1732
10-10 20:11:59.862 11550 11550 I ViewRootImpl@6ce7f4b[Toast]: setView = androidx.cardview.widget.CardView@1fcb81a TM=true
10-10 20:11:59.868 11550 11550 I ViewRootImpl@6ce7f4b[Toast]: performTraversals params={(0,13)(wrapxwrap) gr=BOTTOM CENTER sim={adjust=resize} ty=TOAST fmt=TRANSLUCENT wanim=0x1030004 surfaceInsets=Rect(11, 11 - 11, 11)
10-10 20:11:59.868 11550 11550 I ViewRootImpl@6ce7f4b[Toast]:   fl=1000098
10-10 20:11:59.868 11550 11550 I ViewRootImpl@6ce7f4b[Toast]:   pfl=12000000
10-10 20:11:59.868 11550 11550 I ViewRootImpl@6ce7f4b[Toast]:   bhv=DEFAULT
10-10 20:11:59.868 11550 11550 I ViewRootImpl@6ce7f4b[Toast]:   fitTypes=STATUS_BARS NAVIGATION_BARS CAPTION_BAR
10-10 20:11:59.868 11550 11550 I ViewRootImpl@6ce7f4b[Toast]:   fitIgnoreVis naviIconColor=0}
10-10 20:11:59.869 11550 11550 I ViewRootImpl@6ce7f4b[Toast]: performTraversals mFirst=true windowShouldResize=false viewVisibilityChanged=false mForceNextWindowRelayout=false params={(0,13)(wrapxwrap) gr=BOTTOM CENTER sim={adjust=resize} ty=TOAST fmt=TRANSLUCENT wanim=0x1030004 surfaceInsets=Rect(11, 11 - 11, 11)
10-10 20:11:59.869 11550 11550 I ViewRootImpl@6ce7f4b[Toast]:   fl=1000098
10-10 20:11:59.869 11550 11550 I ViewRootImpl@6ce7f4b[Toast]:   pfl=12000000
10-10 20:11:59.869 11550 11550 I ViewRootImpl@6ce7f4b[Toast]:   bhv=DEFAULT
10-10 20:11:59.869 11550 11550 I ViewRootImpl@6ce7f4b[Toast]:   fitTypes=STATUS_BARS NAVIGATION_BARS CAPTION_BAR
10-10 20:11:59.869 11550 11550 I ViewRootImpl@6ce7f4b[Toast]:   fitIgnoreVis naviIconColor=0}
10-10 20:11:59.878 11550 11550 I ViewRootImpl@6ce7f4b[Toast]: updateBlastSurfaceIfNeeded mBlastBufferQueue=null isSameSurfaceControl=false
10-10 20:11:59.879 11550 11550 I BLASTBufferQueue: new BLASTBufferQueue, mName= ViewRootImpl@6ce7f4b[Toast] mNativeObject= 0x7b5e18f500 sc.mNativeObject= 0x7b5e155d40 caller= android.view.ViewRootImpl.updateBlastSurfaceIfNeeded:2909 android.view.ViewRootImpl.relayoutWindow:9847 android.view.ViewRootImpl.performTraversals:3884 android.view.ViewRootImpl.doTraversal:3116 android.view.ViewRootImpl$TraversalRunnable.run:10885 android.view.Choreographer$CallbackRecord.run:1301 android.view.Choreographer$CallbackRecord.run:1309 android.view.Choreographer.doCallbacks:923 android.view.Choreographer.doFrame:852 android.view.Choreographer$FrameDisplayEventReceiver.run:1283 
10-10 20:11:59.879 11550 11550 I BLASTBufferQueue: update, w= 373 h= 178 mName = ViewRootImpl@6ce7f4b[Toast] mNativeObject= 0x7b5e18f500 sc.mNativeObject= 0x7b5e155d40 format= -3 caller= android.graphics.BLASTBufferQueue.<init>:84 android.view.ViewRootImpl.updateBlastSurfaceIfNeeded:2909 android.view.ViewRootImpl.relayoutWindow:9847 android.view.ViewRootImpl.performTraversals:3884 android.view.ViewRootImpl.doTraversal:3116 android.view.ViewRootImpl$TraversalRunnable.run:10885 
10-10 20:11:59.880 11550 11550 I ViewRootImpl@6ce7f4b[Toast]: Relayout returned: old=(0,88,1080,2361) new=(364,2192,715,2348) req=(351,156)0 dur=9 res=0x3 s={true 0x7b35654800} ch=true seqId=0
10-10 20:11:59.881 11550 11550 I ViewRootImpl@6ce7f4b[Toast]: mThreadedRenderer.initialize() mSurface={isValid=true 0x7b35654800} hwInitialized=true
10-10 20:11:59.881 11550 11572 D OpenGLRenderer: eglCreateWindowSurface
10-10 20:11:59.881 11550 11550 I ViewRootImpl@6ce7f4b[Toast]: reportNextDraw android.view.ViewRootImpl.performTraversals:4438 android.view.ViewRootImpl.doTraversal:3116 android.view.ViewRootImpl$TraversalRunnable.run:10885 android.view.Choreographer$CallbackRecord.run:1301 android.view.Choreographer$CallbackRecord.run:1309 
10-10 20:11:59.881 11550 11550 I ViewRootImpl@6ce7f4b[Toast]: Setup new sync id=0
10-10 20:11:59.881 11550 11550 I ViewRootImpl@6ce7f4b[Toast]: Setting syncFrameCallback
10-10 20:11:59.881 11550 11550 I ViewRootImpl@6ce7f4b[Toast]: registerCallbacksForSync syncBuffer=false
10-10 20:11:59.883 11550 11630 I ViewRootImpl@6ce7f4b[Toast]: Received frameDrawingCallback syncResult=0 frameNum=1.
10-10 20:11:59.883 11550 11630 I ViewRootImpl@6ce7f4b[Toast]: Setting up sync and frameCommitCallback
10-10 20:11:59.886 11550 11572 I BLASTBufferQueue: [ViewRootImpl@6ce7f4b[Toast]#2](f:0,a:0) onFrameAvailable the first frame is available
10-10 20:11:59.887 11550 11572 I ViewRootImpl@6ce7f4b[Toast]: Received frameCommittedCallback lastAttemptedDrawFrameNum=1 didProduceBuffer=true
10-10 20:11:59.888 11550 11572 D OpenGLRenderer: CFMS:: SetUp Pid : 11550    Tid : 11572
10-10 20:11:59.890 11550 11550 I ViewRootImpl@6ce7f4b[Toast]: onSyncComplete
10-10 20:11:59.890 11550 11550 I ViewRootImpl@6ce7f4b[Toast]: setupSync seqId=0 mSyncId=0 fn=1 caller=android.view.ViewRootImpl$$ExternalSyntheticLambda11.accept:6 android.window.SurfaceSyncer.lambda$setupSync$1$android-window-SurfaceSyncer:128 android.window.SurfaceSyncer$$ExternalSyntheticLambda1.accept:8 android.window.SurfaceSyncer$SyncSet.checkIfSyncIsComplete:382 android.window.SurfaceSyncer$SyncSet.markSyncReady:359 android.window.SurfaceSyncer.markSyncReady:151 android.view.ViewRootImpl.performTraversals:4503 
10-10 20:11:59.890 11550 11550 I ViewRootImpl@6ce7f4b[Toast]: reportDrawFinished seqId=0 mSyncId=-1 fn=1 mSurfaceChangedTransaction=0x7b790bdf00
10-10 20:12:00.950 11550 11550 I ViewRootImpl@61751e2[MainActivity]: ViewPostIme pointer 0
10-10 20:12:01.057 11550 11550 I ViewRootImpl@61751e2[MainActivity]: ViewPostIme pointer 1
10-10 20:12:01.077 11550 11550 I IMM_LC  : hsifw() - flag : 0
10-10 20:12:01.077 11550 11550 I IMM_LC  : hsifw() - mService.hideSoftInput
10-10 20:12:01.239 11550 11601 I WebViewFactory: Loading com.google.android.webview version 141.0.7390.43 (code 739004333)
10-10 20:12:01.248 11550 11601 W st.cloudstream3: Failed to find entry 'classes.dex': Entry not found
10-10 20:12:01.249 11550 11601 D nativeloader: Configuring clns-6 for other apk /data/app/~~KzgKvUv1JwmzxHei_tsHXQ==/com.google.android.trichromelibrary_739004333-NHJfK8xUfQ5oC0LHEjEvPw==/base.apk. target_sdk_version=36, uses_libraries=ALL, library_path=/data/app/~~Z7EoFjMbPG94A6o-3Nb5UQ==/com.google.android.webview-eZKrupClwVmgDmxWAn78Ag==/lib/arm64:/data/app/~~Z7EoFjMbPG94A6o-3Nb5UQ==/com.google.android.webview-eZKrupClwVmgDmxWAn78Ag==/base.apk!/lib/arm64-v8a:/data/app/~~KzgKvUv1JwmzxHei_tsHXQ==/com.google.android.trichromelibrary_739004333-NHJfK8xUfQ5oC0LHEjEvPw==/base.apk!/lib/arm64-v8a, permitted_path=/data:/mnt/expand
10-10 20:12:01.249 11550 11601 D nativeloader: Extending system_exposed_libraries: libhumantracking.arcsoft.so:libPortraitDistortionCorrection.arcsoft.so:libPortraitDistortionCorrectionCali.arcsoft.so:libface_landmark.arcsoft.so:libFacialStickerEngine.arcsoft.so:libveengine.arcsoft.so:liblow_light_hdr.arcsoft.so:libhigh_dynamic_range.arcsoft.so:libFacialAttributeDetection.arcsoft.so:libBeauty_v4.camera.samsung.so:libexifa.camera.samsung.so:libjpega.camera.samsung.so:libOpenCv.camera.samsung.so:libImageScreener.camera.samsung.so:libMyFilter.camera.samsung.so:libtensorflowLite.myfilter.camera.samsung.so:libtensorflowlite_inference_api.myfilter.camera.samsung.so:libEventFinder.camera.samsung.so:libHIDTSnapJNI.camera.samsung.so:libSmartScan.camera.samsung.so:libRectify.camera.samsung.so:libDocRectifyWrapper.camera.samsung.so:libUltraWideDistortionCorrection.camera.samsung.so:libWideDistortionCorrection.camera.samsung.so:libHpr_RecGAE_cvFeature_v1.0.camera.samsung.so:libHprFace_GAE_api.camera.samsung.so:libFace_Landmark_API.camera.samsung.so:libHprFace_GAE_jn
10-10 20:12:01.254 11550 11601 D nativeloader: Configuring clns-7 for other apk /data/app/~~Z7EoFjMbPG94A6o-3Nb5UQ==/com.google.android.webview-eZKrupClwVmgDmxWAn78Ag==/base.apk. target_sdk_version=36, uses_libraries=, library_path=/data/app/~~Z7EoFjMbPG94A6o-3Nb5UQ==/com.google.android.webview-eZKrupClwVmgDmxWAn78Ag==/lib/arm64:/data/app/~~Z7EoFjMbPG94A6o-3Nb5UQ==/com.google.android.webview-eZKrupClwVmgDmxWAn78Ag==/base.apk!/lib/arm64-v8a:/data/app/~~KzgKvUv1JwmzxHei_tsHXQ==/com.google.android.trichromelibrary_739004333-NHJfK8xUfQ5oC0LHEjEvPw==/base.apk!/lib/arm64-v8a, permitted_path=/data:/mnt/expand
10-10 20:12:01.283 11550 11601 I cr_WVCFactoryProvider: version=141.0.7390.43 (739004333) minSdkVersion=29 multiprocess=true packageId=127 splits=<none>
10-10 20:12:01.289 11550 11601 D nativeloader: Load /data/app/~~KzgKvUv1JwmzxHei_tsHXQ==/com.google.android.trichromelibrary_739004333-NHJfK8xUfQ5oC0LHEjEvPw==/base.apk!/lib/arm64-v8a/libmonochrome_64.so using class loader ns clns-7 (caller=/data/app/~~Z7EoFjMbPG94A6o-3Nb5UQ==/com.google.android.webview-eZKrupClwVmgDmxWAn78Ag==/base.apk): ok
10-10 20:12:01.292 11550 11601 D nativeloader: Load /system/lib64/libwebviewchromium_plat_support.so using class loader ns clns-7 (caller=/data/app/~~Z7EoFjMbPG94A6o-3Nb5UQ==/com.google.android.webview-eZKrupClwVmgDmxWAn78Ag==/base.apk): ok
10-10 20:12:01.295 11550 11679 I chromium: [1010/201201.295503:INFO:android_webview/browser/variations/variations_seed_loader.cc:67] Failed to open file for reading.: No such file or directory (2)
10-10 20:12:01.303 11550 11601 I cr_LibraryLoader: Successfully loaded native library
10-10 20:12:01.304 11550 11601 I cr_CachingUmaRecorder: Flushed 13 samples from 13 histograms, 0 samples were dropped.
10-10 20:12:01.819 11550 11572 D OpenGLRenderer: setSurface called with nullptr
10-10 20:12:01.819 11550 11572 D OpenGLRenderer: setSurface() destroyed EGLSurface
10-10 20:12:01.819 11550 11572 D OpenGLRenderer: destroyEglSurface
10-10 20:12:01.820 11550 11550 I ViewRootImpl@6ce7f4b[Toast]: dispatchDetachedFromWindow
10-10 20:12:01.828 11550 11550 D InputTransport: Input channel destroyed: 'd081815', fd=178
10-10 20:12:02.268 11550 11560 I st.cloudstream3: Background concurrent copying GC freed 6985KB AllocSpace bytes, 46(3032KB) LOS objects, 50% free, 17MB/35MB, paused 927us,265us total 129.065ms
10-10 20:12:02.279 11550 11572 D OpenGLRenderer: setSurface called with nullptr
10-10 20:12:02.285 11550 11562 W System  : A resource failed to call close. 
10-10 20:12:03.727 11550 11550 I ViewRootImpl@61751e2[MainActivity]: ViewPostIme pointer 0
10-10 20:12:03.948 11550 11550 I ViewRootImpl@61751e2[MainActivity]: ViewPostIme pointer 1
10-10 20:12:04.559 11550 11550 I ViewRootImpl@61751e2[MainActivity]: ViewPostIme pointer 0
10-10 20:12:04.865 11550 11550 I ViewRootImpl@61751e2[MainActivity]: ViewPostIme pointer 1
10-10 20:12:05.195 11550 11550 I ViewRootImpl@61751e2[MainActivity]: ViewPostIme pointer 0
10-10 20:12:05.390 11550 11550 I ViewRootImpl@61751e2[MainActivity]: ViewPostIme pointer 1
10-10 20:12:05.841 11550 11550 I ViewRootImpl@61751e2[MainActivity]: ViewPostIme pointer 0
10-10 20:12:06.065 11550 11550 I ViewRootImpl@61751e2[MainActivity]: ViewPostIme pointer 1
10-10 20:12:06.445 11550 11550 I ViewRootImpl@61751e2[MainActivity]: ViewPostIme pointer 0
10-10 20:12:06.661 11550 11550 I ViewRootImpl@61751e2[MainActivity]: ViewPostIme pointer 1
10-10 20:12:07.115 11550 11550 I ViewRootImpl@61751e2[MainActivity]: ViewPostIme pointer 0
10-10 20:12:07.182 11550 11550 I ViewRootImpl@61751e2[MainActivity]: ViewPostIme pointer 1
10-10 20:12:07.405 11550 11550 I ViewRootImpl@61751e2[MainActivity]: ViewPostIme pointer 0
10-10 20:12:07.463 11550 11550 I ViewRootImpl@61751e2[MainActivity]: ViewPostIme pointer 1
10-10 20:12:07.471 11550 11550 I NavComponent: Navigating to fragment: 2131362274
10-10 20:12:07.490 11550 11550 I IMM_LC  : hsifw() - flag : 0
10-10 20:12:07.490 11550 11550 I IMM_LC  : hsifw() - mService.hideSoftInput
10-10 20:12:07.553 11550 11550 D ScrollView: initGoToTop
10-10 20:12:07.856 11550 11550 I SurfaceView@ed9a4f7: onWindowVisibilityChanged(0) true android.view.SurfaceView{ed9a4f7 V.E..V... ......I. 0,0-0,0} of ViewRootImpl@61751e2[MainActivity]
10-10 20:12:07.856 11550 11550 D SurfaceView@ed9a4f7: updateSurface: has no frame
10-10 20:12:07.865 11550 11550 I CS3ExoPlayer: SET STYLE = SaveCaptionStyle(foregroundColor=-1, backgroundColor=0, windowColor=0, edgeType=1, edgeColor=-16777216, typeface=null, typefaceFilePath=null, elevation=20, fixedTextSize=null, edgeSize=null, removeCaptions=false, removeBloat=true, upperCase=false, bold=false, italic=false, backgroundRadius=null)
10-10 20:12:07.880 11550 11550 D VideoClickActionHolder: allVideoClickActions: [null:com.lagradost.cloudstream3.actions.temp.PlayInBrowserAction, null:com.lagradost.cloudstream3.actions.temp.CopyClipboardAction, null:com.lagradost.cloudstream3.actions.temp.ViewM3U8Action, null:com.lagradost.cloudstream3.actions.temp.VlcPackage, null:com.lagradost.cloudstream3.actions.temp.MpvPackage, null:com.lagradost.cloudstream3.actions.temp.NextPlayerPackage, null:com.lagradost.cloudstream3.actions.temp.JustPlayerPackage, null:com.lagradost.cloudstream3.actions.temp.fcast.FcastAction, null:com.lagradost.cloudstream3.actions.temp.LibreTorrentPackage, null:com.lagradost.cloudstream3.actions.temp.BiglyBTPackage, null:com.lagradost.cloudstream3.actions.temp.VlcNightlyPackage, null:com.lagradost.cloudstream3.actions.temp.WebVideoCastPackage, null:com.lagradost.cloudstream3.actions.temp.MpvYTDLPackage, null:com.lagradost.cloudstream3.actions.temp.MpvKtPackage, null:com.lagradost.cloudstream3.actions.temp.MpvKtPreviewPackage, null:com.lagradost.cloudstream3.actions.AlwaysAskAction]
10-10 20:12:07.881 11550 11550 I IMM_LC  : hsifw() - flag : 0
10-10 20:12:07.881 11550 11550 I IMM_LC  : hsifw() - mService.hideSoftInput
10-10 20:12:07.883 11550 11610 I SYNCVM  : addFromUrl = https://tv6.egydead.live/%d9%85%d8%b4%d8%a7%d9%87%d8%af%d8%a9-%d9%81%d9%8a%d9%84%d9%85-pretty-crazy-2025-%d9%85%d8%aa%d8%b1%d8%ac%d9%85/
10-10 20:12:07.884 11550 11610 I SYNCUTIL: getIdsFromUrl https://tv6.egydead.live/%d9%85%d8%b4%d8%a7%d9%87%d8%af%d8%a9-%d9%81%d9%8a%d9%84%d9%85-pretty-crazy-2025-%d9%85%d8%aa%d8%b1%d8%ac%d9%85/
10-10 20:12:07.899 11550 11550 I SurfaceView@ed9a4f7: onWindowVisibilityChanged(8) false android.view.SurfaceView{ed9a4f7 V.E..V... ......I. 0,0-0,0} of ViewRootImpl@61751e2[MainActivity]
10-10 20:12:07.900 11550 11550 D SurfaceView@ed9a4f7: updateSurface: has no frame
10-10 20:12:07.900 11550 11550 D SurfaceView@ed9a4f7: updateSurface: has no frame
10-10 20:12:07.900 11550 11550 I SurfaceView@ed9a4f7: onDetachedFromWindow: tryReleaseSurfaces()
10-10 20:12:07.900 11550 11550 I SurfaceView@ed9a4f7: releaseSurfaces: viewRoot = ViewRootImpl@61751e2[MainActivity]
10-10 20:12:07.900 11550 11550 I SurfaceView@ed9a4f7: applyTransactionOnVriDraw: vri = ViewRootImpl@61751e2[MainActivity] fRS = true t = 0x7aec613e00 android.view.SurfaceView.releaseSurfaces:858 android.view.SurfaceView.onDetachedFromWindow:500 android.view.View.dispatchDetachedFromWindow:22538 
10-10 20:12:07.900 11550 11550 I SurfaceView@ed9a4f7: applyTransactionOnVriDraw: viewRoot.applyTransactionOnDrawFromReleaseSurfaces
10-10 20:12:07.900 11550 11550 I ViewRootImpl@61751e2[MainActivity]: applyTransactionOnDraw: mRemoved = false isHardwareEnabled = true t = 0x7aec613e00android.view.ViewRootImpl.applyTransactionOnDrawFromReleaseSurfaces:12850 android.view.SurfaceView.applyTransactionOnVriDraw:2046 android.view.SurfaceView.releaseSurfaces:858 android.view.SurfaceView.onDetachedFromWindow:500 android.view.View.dispatchDetachedFromWindow:22538 
10-10 20:12:07.902 11550 11550 I SurfaceView@ed9a4f7: onWindowVisibilityChanged(0) true android.view.SurfaceView{ed9a4f7 V.E..V... ......I. 0,0-0,0} of ViewRootImpl@61751e2[MainActivity]
10-10 20:12:07.902 11550 11550 D SurfaceView@ed9a4f7: updateSurface: has no frame
10-10 20:12:07.909 11550 11550 I DecorView: notifyKeepScreenOnChanged: keepScreenOn=false
10-10 20:12:07.922 11550 11550 I CS3ExoPlayer: reloadPlayer
10-10 20:12:07.922 11550 11550 I CS3ExoPlayer: releasePlayer
10-10 20:12:07.922 11550 11550 I CS3ExoPlayer: Handle event: PlayerAttachedEvent(player=null, source=Player)
10-10 20:12:07.930 11550 11550 I ViewRootImpl@61751e2[MainActivity]: performTraversals params={(0,0)(fillxfill) sim={state=always_hidden adjust=resize} ty=BASE_APPLICATION wanim=0x1030309
10-10 20:12:07.930 11550 11550 I ViewRootImpl@61751e2[MainActivity]:   fl=85810100
10-10 20:12:07.930 11550 11550 I ViewRootImpl@61751e2[MainActivity]:   pfl=12020040
10-10 20:12:07.930 11550 11550 I ViewRootImpl@61751e2[MainActivity]:   vsysui=500
10-10 20:12:07.930 11550 11550 I ViewRootImpl@61751e2[MainActivity]:   bhv=DEFAULT
10-10 20:12:07.930 11550 11550 I ViewRootImpl@61751e2[MainActivity]:   fitSides= naviIconColor=0}
10-10 20:12:07.931 11550 11550 I ViewRootImpl@61751e2[MainActivity]: performTraversals mFirst=false windowShouldResize=false viewVisibilityChanged=false mForceNextWindowRelayout=false params={(0,0)(fillxfill) sim={state=always_hidden adjust=resize} ty=BASE_APPLICATION fmt=TRANSLUCENT wanim=0x1030309
10-10 20:12:07.931 11550 11550 I ViewRootImpl@61751e2[MainActivity]:   fl=85810100
10-10 20:12:07.931 11550 11550 I ViewRootImpl@61751e2[MainActivity]:   pfl=12020040
10-10 20:12:07.931 11550 11550 I ViewRootImpl@61751e2[MainActivity]:   vsysui=500
10-10 20:12:07.931 11550 11550 I ViewRootImpl@61751e2[MainActivity]:   bhv=DEFAULT
10-10 20:12:07.931 11550 11550 I ViewRootImpl@61751e2[MainActivity]:   fitSides= naviIconColor=0}
10-10 20:12:07.940 11550 11550 I ViewRootImpl@61751e2[MainActivity]: updateBlastSurfaceIfNeeded mBlastBufferQueue=0x7b5e3ec100 isSameSurfaceControl=true
10-10 20:12:07.941 11550 11550 I BLASTBufferQueue: update, w= 1080 h= 2400 mName = ViewRootImpl@61751e2[MainActivity] mNativeObject= 0x7b5e3ec100 sc.mNativeObject= 0x7aec616d60 format= -3 caller= android.view.ViewRootImpl.updateBlastSurfaceIfNeeded:2898 android.view.ViewRootImpl.relayoutWindow:9847 android.view.ViewRootImpl.performTraversals:3884 android.view.ViewRootImpl.doTraversal:3116 android.view.ViewRootImpl$TraversalRunnable.run:10885 android.view.Choreographer$CallbackRecord.run:1301 
10-10 20:12:07.941 11550 11550 I ViewRootImpl@61751e2[MainActivity]: Relayout returned: old=(0,0,1080,2400) new=(0,0,1080,2400) req=(1080,2400)0 dur=9 res=0x0 s={true 0x7b5e236800} ch=false seqId=0
10-10 20:12:07.944 11550 11550 W View    : requestLayout() improperly called by android.widget.FrameLayout{f31dc26 I.E..V... ......I. 0,0-0,0 #7f0a04e7 app:id/start_panel} during layout: running second layout pass
10-10 20:12:07.944 11550 11550 W View    : requestLayout() improperly called by android.widget.FrameLayout{4b28067 I.E..V... ......ID 1080,0-1080,2143 #7f0a0168 app:id/end_panel} during layout: running second layout pass
10-10 20:12:07.946 11550 11550 D SurfaceView@ed9a4f7: updateSurface: has no frame
10-10 20:12:07.951 11550 11631 I ViewRootImpl@61751e2[MainActivity]: mWNT: t=0x7aec613e00 mBlastBufferQueue=0x7b5e3ec100 fn= 628 caller= android.view.ViewRootImpl.lambda$applyTransactionOnDraw$11$android-view-ViewRootImpl:12865 android.view.ViewRootImpl$$ExternalSyntheticLambda1.onFrameDraw:4 android.graphics.HardwareRenderer$FrameDrawingCallback.onFrameDraw:924 
10-10 20:12:07.954 11550 11550 D SurfaceView@ed9a4f7: updateSurface: has no frame
10-10 20:12:07.970 11550 11550 D SurfaceView@ed9a4f7: updateSurface: has no frame
10-10 20:12:07.987 11550 11550 D SurfaceView@ed9a4f7: updateSurface: has no frame
10-10 20:12:08.019 11550 11550 D SurfaceView@ed9a4f7: updateSurface: has no frame
10-10 20:12:08.034 11550 11550 D SurfaceView@ed9a4f7: updateSurface: has no frame
10-10 20:12:08.051 11550 11550 D SurfaceView@ed9a4f7: updateSurface: has no frame
10-10 20:12:08.068 11550 11550 D SurfaceView@ed9a4f7: updateSurface: has no frame
10-10 20:12:08.084 11550 11550 D SurfaceView@ed9a4f7: updateSurface: has no frame
10-10 20:12:08.114 11550 11550 D SurfaceView@ed9a4f7: updateSurface: has no frame
10-10 20:12:08.117 11550 11550 D SurfaceView@ed9a4f7: updateSurface: has no frame
10-10 20:12:08.134 11550 11550 D SurfaceView@ed9a4f7: updateSurface: has no frame
10-10 20:12:08.151 11550 11550 D SurfaceView@ed9a4f7: updateSurface: has no frame
10-10 20:12:08.167 11550 11550 D SurfaceView@ed9a4f7: updateSurface: has no frame
10-10 20:12:08.184 11550 11550 D SurfaceView@ed9a4f7: updateSurface: has no frame
10-10 20:12:08.198 11550 11612 I RVM2    : applyMeta
10-10 20:12:08.201 11550 11550 D SurfaceView@ed9a4f7: updateSurface: has no frame
10-10 20:12:08.217 11550 11550 D SurfaceView@ed9a4f7: updateSurface: has no frame
10-10 20:12:08.234 11550 11550 D SurfaceView@ed9a4f7: updateSurface: has no frame
10-10 20:12:08.251 11550 11550 D SurfaceView@ed9a4f7: updateSurface: has no frame
10-10 20:12:08.268 11550 11550 D SurfaceView@ed9a4f7: updateSurface: has no frame
10-10 20:12:08.284 11550 11550 D SurfaceView@ed9a4f7: updateSurface: has no frame
10-10 20:12:08.301 11550 11550 D SurfaceView@ed9a4f7: updateSurface: has no frame
10-10 20:12:08.317 11550 11550 D SurfaceView@ed9a4f7: updateSurface: has no frame
10-10 20:12:08.334 11550 11550 D SurfaceView@ed9a4f7: updateSurface: has no frame
10-10 20:12:08.351 11550 11550 D SurfaceView@ed9a4f7: updateSurface: has no frame
10-10 20:12:08.393 11550 11550 D SurfaceView@ed9a4f7: updateSurface: has no frame
10-10 20:12:08.405 11550 11550 D SurfaceView@ed9a4f7: updateSurface: has no frame
10-10 20:12:08.410 11550 11560 I st.cloudstream3: Background concurrent copying GC freed 10221KB AllocSpace bytes, 89(6028KB) LOS objects, 50% free, 19MB/38MB, paused 225us,98us total 157.687ms
10-10 20:12:08.417 11550 11550 D SurfaceView@ed9a4f7: updateSurface: has no frame
10-10 20:12:08.436 11550 11550 D SurfaceView@ed9a4f7: updateSurface: has no frame
10-10 20:12:08.451 11550 11550 D SurfaceView@ed9a4f7: updateSurface: has no frame
10-10 20:12:08.468 11550 11550 D SurfaceView@ed9a4f7: updateSurface: has no frame
10-10 20:12:08.484 11550 11550 D SurfaceView@ed9a4f7: updateSurface: has no frame
10-10 20:12:08.500 11550 11550 D SurfaceView@ed9a4f7: updateSurface: has no frame
10-10 20:12:08.517 11550 11550 D SurfaceView@ed9a4f7: updateSurface: has no frame
10-10 20:12:08.534 11550 11550 D SurfaceView@ed9a4f7: updateSurface: has no frame
10-10 20:12:08.551 11550 11550 D SurfaceView@ed9a4f7: updateSurface: has no frame
10-10 20:12:08.567 11550 11550 D SurfaceView@ed9a4f7: updateSurface: has no frame
10-10 20:12:08.584 11550 11550 D SurfaceView@ed9a4f7: updateSurface: has no frame
10-10 20:12:08.596 11550 11550 W PanelsChildGestureRegionObserver: failed to register view with ID 2131362800. already registered
10-10 20:12:08.600 11550 11550 E CoilImgLoader: Error loading image: coil3.request.NullRequestDataException: The request's data is null.
10-10 20:12:08.609 11550 11550 E CoilImgLoader: Error loading image: coil3.request.NullRequestDataException: The request's data is null.
10-10 20:12:08.648 11550 11601 I SYNCVM  : addFromUrl = https://tv6.egydead.live/%d9%85%d8%b4%d8%a7%d9%87%d8%af%d8%a9-%d9%81%d9%8a%d9%84%d9%85-pretty-crazy-2025-%d9%85%d8%aa%d8%b1%d8%ac%d9%85/
10-10 20:12:08.648 11550 11601 I SYNCUTIL: getIdsFromUrl https://tv6.egydead.live/%d9%85%d8%b4%d8%a7%d9%87%d8%af%d8%a9-%d9%81%d9%8a%d9%84%d9%85-pretty-crazy-2025-%d9%85%d8%aa%d8%b1%d8%ac%d9%85/
10-10 20:12:08.665 11550 11550 D SurfaceView@ed9a4f7: updateSurface: has no frame
10-10 20:12:08.667 11550 11550 I SurfaceView@ed9a4f7: Changes: creating=true format=true size=true visible=true alpha=false hint=false mUseAlpha=false visible=true left=true top=true
10-10 20:12:08.670 11550 11550 I BLASTBufferQueue: update, w= 1080 h= 525 mName = null mNativeObject= 0x7b35a32e00 sc.mNativeObject= 0x7b79179ca0 format= 4 caller= android.view.SurfaceView.createBlastSurfaceControls:1383 android.view.SurfaceView.updateSurface:1079 android.view.SurfaceView.lambda$new$0$android-view-SurfaceView:200 android.view.SurfaceView$$ExternalSyntheticLambda5.onPreDraw:2 android.view.ViewTreeObserver.dispatchOnPreDraw:1121 android.view.ViewRootImpl.performTraversals:4442 
10-10 20:12:08.670 11550 11550 I SurfaceView@ed9a4f7: 249144567 Cur surface: Surface(name=null)/@0xb84d135
10-10 20:12:08.670 11550 11550 I SurfaceView@ed9a4f7: pST: sr = Rect(0, 218 - 1080, 743) sw = 1080 sh = 525
10-10 20:12:08.671 11550 11550 D SurfaceView@ed9a4f7: performSurfaceTransaction RenderWorker position = [0, 218, 1080, 743] surfaceSize = 1080x525
10-10 20:12:08.671 11550 11550 I SurfaceView@ed9a4f7: applyTransactionOnVriDraw: vri = ViewRootImpl@61751e2[MainActivity] fRS = false t = 0x7b78fc7a00 android.view.SurfaceView.performSurfaceTransaction:959 android.view.SurfaceView.updateSurface:1105 android.view.SurfaceView.lambda$new$0$android-view-SurfaceView:200 
10-10 20:12:08.671 11550 11550 I ViewRootImpl@61751e2[MainActivity]: applyTransactionOnDraw: mRemoved = false isHardwareEnabled = true t = 0x7b78fc7a00android.view.SurfaceView.applyTransactionOnVriDraw:2048 android.view.SurfaceView.performSurfaceTransaction:959 android.view.SurfaceView.updateSurface:1105 android.view.SurfaceView.lambda$new$0$android-view-SurfaceView:200 android.view.SurfaceView$$ExternalSyntheticLambda5.onPreDraw:2 
10-10 20:12:08.671 11550 11550 I SurfaceView@ed9a4f7: updateSurface: mVisible = true mSurface.isValid() = true
10-10 20:12:08.671 11550 11550 I SurfaceView@ed9a4f7: updateSurface: mSurfaceCreated = false surfaceChanged = true visibleChanged = true
10-10 20:12:08.671 11550 11550 I SurfaceView@ed9a4f7: visibleChanged -- surfaceCreated
10-10 20:12:08.671 11550 11550 I SurfaceView@ed9a4f7: surfaceCreated 0 #8 android.view.SurfaceView{ed9a4f7 V.E..V... ......ID 0,0-1080,525}
10-10 20:12:08.671 11550 11550 I SurfaceView@ed9a4f7: surfaceChanged -- format=4 w=1080 h=525
10-10 20:12:08.671 11550 11550 I SurfaceView@ed9a4f7: surfaceChanged (1080,525) 0 #8 android.view.SurfaceView{ed9a4f7 V.E..V... ......ID 0,0-1080,525}
10-10 20:12:08.671 11550 11550 I SurfaceView@ed9a4f7: surfaceRedrawNeeded
10-10 20:12:08.672 11550 11550 V SurfaceView@ed9a4f7: Layout: x=0 y=218 w=1080 h=525, frame=Rect(0, 0 - 1080, 525)
10-10 20:12:08.689 11550 11630 D SurfaceView@ed9a4f7: updateSurfacePosition RenderWorker, frameNr = 666, position = [0, 218, 1080, 743] surfaceSize = 1080x525
10-10 20:12:08.689 11550 11630 I SurfaceView@ed9a4f7: uSP: rtp = Rect(0, 218 - 1080, 743) rtsw = 1080 rtsh = 525
10-10 20:12:08.689 11550 11630 I SurfaceView@ed9a4f7: onSSPAndSRT: pl = 0 pt = 218 sx = 1.0 sy = 1.0
10-10 20:12:08.690 11550 11631 I ViewRootImpl@61751e2[MainActivity]: mWNT: t=0x7b78fc7a00 mBlastBufferQueue=0x7b5e3ec100 fn= 666 caller= android.view.ViewRootImpl.lambda$applyTransactionOnDraw$11$android-view-ViewRootImpl:12865 android.view.ViewRootImpl$$ExternalSyntheticLambda1.onFrameDraw:4 android.graphics.HardwareRenderer$FrameDrawingCallback.onFrameDraw:924 
10-10 20:12:08.691 11550 11630 I SurfaceView@ed9a4f7: aOrMT: ViewRootImpl@61751e2[MainActivity] t = android.view.SurfaceControl$Transaction@f12a804 fN = 666 android.view.SurfaceView.-$$Nest$mapplyOrMergeTransaction:0 android.view.SurfaceView$SurfaceViewPositionUpdateListener.positionChanged:1537 android.graphics.RenderNode$CompositePositionUpdateListener.positionChanged:373 
10-10 20:12:08.691 11550 11630 I ViewRootImpl@61751e2[MainActivity]: mWNT: t=0x7b790c3d00 mBlastBufferQueue=0x7b5e3ec100 fn= 666 caller= android.view.SurfaceView.applyOrMergeTransaction:1455 android.view.SurfaceView.-$$Nest$mapplyOrMergeTransaction:0 android.view.SurfaceView$SurfaceViewPositionUpdateListener.positionChanged:1537 
10-10 20:12:08.727 11550 11550 I SurfaceView@ed9a4f7: finishedDrawing
10-10 20:12:09.682 11550 11550 I ViewRootImpl@61751e2[MainActivity]: ViewPostIme pointer 0
10-10 20:12:10.220 11550 11550 I Dialog  : mIsDeviceDefault = false, mIsSamsungBasicInteraction = false, isMetaDataInActivity = false
10-10 20:12:10.256 11550 11550 I DecorView: [INFO] isPopOver=false config=false
10-10 20:12:10.256 11550 11550 I DecorView: updateCaptionType: isFloating=false isApplication=true hasWindowDecorCaption=false this=DecorView@f70e15[]
10-10 20:12:10.256 11550 11550 D DecorView: setCaptionType = 0, this = DecorView@f70e15[]
10-10 20:12:10.258 11550 11550 I DecorView: getCurrentDensityDpi: from app context. densityDpi=420 msg=resources_loaded
10-10 20:12:10.258 11550 11550 I DecorView: setWindowBackground: isPopOver=false color=0 d=android.graphics.drawable.ColorDrawable@af37f1b
10-10 20:12:10.263 11550 11572 D NativeCustomFrequencyManager: [NativeCFMS] BpCustomFrequencyManager::BpCustomFrequencyManager()
10-10 20:12:10.264 11550 11550 I DecorView: notifyKeepScreenOnChanged: keepScreenOn=false
10-10 20:12:10.276 11550 11550 D InsetsController: onStateChanged: InsetsState: {mDisplayFrame=Rect(0, 0 - 1080, 2400), mDisplayCutout=DisplayCutout{insets=Rect(0, 88 - 0, 0) waterfall=Insets{left=0, top=0, right=0, bottom=0} boundingRect={Bounds=[Rect(0, 0 - 0, 0), Rect(512, 0 - 568, 88), Rect(0, 0 - 0, 0), Rect(0, 0 - 0, 0)]} cutoutPathParserInfo={CutoutPathParserInfo{displayWidth=1080 displayHeight=2400 physicalDisplayWidth=1080 physicalDisplayHeight=2400 density={2.625} cutoutSpec={M 0,0 M 0,12.25101276465640 a 10.60613009248640,10.60613009248640 0 1,0 0,21.21226018497290 a 10.60613009248640,10.60613009248640 0 1,0 0,-21.21226018497290 Z @dp} rotation={0} scale={1.0} physicalPixelDisplaySizeRatio={1.0}}}}, mRoundedCorners=RoundedCorners{[RoundedCorner{position=TopLeft, radius=84, center=Point(84, 84)}, RoundedCorner{position=TopRight, radius=84, center=Point(996, 84)}, RoundedCorner{position=BottomRight, radius=84, center=Point(996, 2316)}, RoundedCorner{position=BottomLeft, radius=84, center=Point(84, 2316)}]}  mRoundedCornerFrame=Rect(0, 0 - 1080, 2400), mPrivacyIndicatorBounds=PrivacyIndicatorBounds {static bounds=Rect(964, 0 - 1080, 87) rotation=0}, mSources= { InsetsSource: {mType=ITYPE_STATUS_BAR, mFrame=[0,0][1080,88], mVisible=true, mInsetsRoundedCornerFrame=false}, InsetsSource: {mType=ITYPE_NAVIGATION_BAR, mFrame=[0,2361][1080,2400], mVisible=true, mInsetsRoundedCornerFrame=false}, InsetsSource: {mType=ITYPE_LEFT_GESTURES, mFrame=[0,0][130,2400], mVisible=true, mInsetsRoundedCornerFrame=false}, InsetsSource: {mType=ITYPE_RIGHT_GESTURES, mFrame=[950,0][1080,2400], mVisible=true, mInsetsRoundedCornerFrame=false}, InsetsSource: {mType=ITYPE_TOP_MANDATORY_GESTURES, mFrame=[0,0][1080,120], mVisible=true, mInsetsRoundedCornerFrame=false}, InsetsSource: {mType=ITYPE_BOTTOM_MANDATORY_GESTURES, mFrame=[0,2316][1080,2400], mVisible=true, mInsetsRoundedCornerFrame=false}, InsetsSource: {mType=ITYPE_LEFT_DISPLAY_CUTOUT, mFrame=[0,0][-100000,2400], mVisible=true, mInsetsRoundedCornerFrame=false}, InsetsSource: {mType=ITYPE_TOP_DISPLAY_CUTOUT, mFrame=[0,0][1080,88], mVisible=true, mInsetsRoundedCornerFrame=false}, InsetsSource: {mType=ITYPE_RIGHT_DISPLAY_CUTOUT, mFrame=[100000,0][1080,2400], mVisible=true, mInsetsRoundedCornerFrame=false}, InsetsSource: {mType=ITYPE_BOTTOM_DISPLAY_CUTOUT, mFrame=[0,100000][1080,2400], mVisible=true, mInsetsRoundedCornerFrame=false}, InsetsSource: {mType=ITYPE_TOP_TAPPABLE_ELEMENT, mFrame=[0,0][1080,88], mVisible=true, mInsetsRoundedCornerFrame=false}, InsetsSource: {mType=ITYPE_BOTTOM_TAPPABLE_ELEMENT, mFrame=[0,0][0,0], mVisible=true, mInsetsRoundedCornerFrame=false}, InsetsSource: {mType=ITYPE_IME, mFrame=[0,0][0,0], mVisibleFrame=[0,1409][1080,2400], mVisible=false, mInsetsRoundedCornerFrame=false} } host=com.lagradost.cloudstream3/com.lagradost.cloudstream3.MainActivity from=android.view.ViewRootImpl.setView:1732
10-10 20:12:10.278 11550 11550 I ViewRootImpl@788b6d0[MainActivity]: setView = com.android.internal.policy.DecorView@f70e15 TM=true
10-10 20:12:10.291 11550 11550 I ViewRootImpl@788b6d0[MainActivity]: performTraversals params={(0,0)(fillxfill) gr=CENTER sim={adjust=resize forwardNavigation} ty=APPLICATION fmt=TRANSPARENT wanim=0x7f14000b
10-10 20:12:10.291 11550 11550 I ViewRootImpl@788b6d0[MainActivity]:   fl=85810100
10-10 20:12:10.291 11550 11550 I ViewRootImpl@788b6d0[MainActivity]:   pfl=12020040
10-10 20:12:10.291 11550 11550 I ViewRootImpl@788b6d0[MainActivity]:   vsysui=500
10-10 20:12:10.291 11550 11550 I ViewRootImpl@788b6d0[MainActivity]:   bhv=DEFAULT
10-10 20:12:10.291 11550 11550 I ViewRootImpl@788b6d0[MainActivity]:   fitSides= naviIconColor=0}
10-10 20:12:10.292 11550 11550 I ViewRootImpl@788b6d0[MainActivity]: performTraversals mFirst=true windowShouldResize=true viewVisibilityChanged=false mForceNextWindowRelayout=false params={(0,0)(fillxfill) gr=CENTER sim={adjust=resize forwardNavigation} ty=APPLICATION fmt=TRANSPARENT wanim=0x7f14000b
10-10 20:12:10.292 11550 11550 I ViewRootImpl@788b6d0[MainActivity]:   fl=85810100
10-10 20:12:10.292 11550 11550 I ViewRootImpl@788b6d0[MainActivity]:   pfl=12020040
10-10 20:12:10.292 11550 11550 I ViewRootImpl@788b6d0[MainActivity]:   vsysui=500
10-10 20:12:10.292 11550 11550 I ViewRootImpl@788b6d0[MainActivity]:   bhv=DEFAULT
10-10 20:12:10.292 11550 11550 I ViewRootImpl@788b6d0[MainActivity]:   fitSides= naviIconColor=0}
10-10 20:12:10.304 11550 11550 I ViewRootImpl@788b6d0[MainActivity]: updateBlastSurfaceIfNeeded mBlastBufferQueue=null isSameSurfaceControl=false
10-10 20:12:10.305 11550 11550 I BLASTBufferQueue: new BLASTBufferQueue, mName= ViewRootImpl@788b6d0[MainActivity] mNativeObject= 0x7b1c2b0c00 sc.mNativeObject= 0x7b5e22f5a0 caller= android.view.ViewRootImpl.updateBlastSurfaceIfNeeded:2909 android.view.ViewRootImpl.relayoutWindow:9847 android.view.ViewRootImpl.performTraversals:3884 android.view.ViewRootImpl.doTraversal:3116 android.view.ViewRootImpl$TraversalRunnable.run:10885 android.view.Choreographer$CallbackRecord.run:1301 android.view.Choreographer$CallbackRecord.run:1309 android.view.Choreographer.doCallbacks:923 android.view.Choreographer.doFrame:852 android.view.Choreographer$FrameDisplayEventReceiver.run:1283 
10-10 20:12:10.305 11550 11550 I BLASTBufferQueue: update, w= 1080 h= 2400 mName = ViewRootImpl@788b6d0[MainActivity] mNativeObject= 0x7b1c2b0c00 sc.mNativeObject= 0x7b5e22f5a0 format= -2 caller= android.graphics.BLASTBufferQueue.<init>:84 android.view.ViewRootImpl.updateBlastSurfaceIfNeeded:2909 android.view.ViewRootImpl.relayoutWindow:9847 android.view.ViewRootImpl.performTraversals:3884 android.view.ViewRootImpl.doTraversal:3116 android.view.ViewRootImpl$TraversalRunnable.run:10885 
10-10 20:12:10.306 11550 11550 I ViewRootImpl@788b6d0[MainActivity]: Relayout returned: old=(0,0,1080,2400) new=(0,0,1080,2400) req=(1080,2400)0 dur=12 res=0x3 s={true 0x7b78e61000} ch=true seqId=0
10-10 20:12:10.307 11550 11550 I ViewRootImpl@788b6d0[MainActivity]: mThreadedRenderer.initialize() mSurface={isValid=true 0x7b78e61000} hwInitialized=true
10-10 20:12:10.307 11550 11572 D OpenGLRenderer: eglCreateWindowSurface
10-10 20:12:10.326 11550 11550 D AbsListView:  in onLayout changed 
10-10 20:12:10.327 11550 11550 I ViewRootImpl@788b6d0[MainActivity]: reportNextDraw android.view.ViewRootImpl.performTraversals:4438 android.view.ViewRootImpl.doTraversal:3116 android.view.ViewRootImpl$TraversalRunnable.run:10885 android.view.Choreographer$CallbackRecord.run:1301 android.view.Choreographer$CallbackRecord.run:1309 
10-10 20:12:10.327 11550 11550 I ViewRootImpl@788b6d0[MainActivity]: Setup new sync id=0
10-10 20:12:10.327 11550 11550 I ViewRootImpl@788b6d0[MainActivity]: Setting syncFrameCallback
10-10 20:12:10.327 11550 11550 I ViewRootImpl@788b6d0[MainActivity]: registerCallbacksForSync syncBuffer=false
10-10 20:12:10.330 11550 11631 I ViewRootImpl@788b6d0[MainActivity]: Received frameDrawingCallback syncResult=0 frameNum=1.
10-10 20:12:10.330 11550 11631 I ViewRootImpl@788b6d0[MainActivity]: Setting up sync and frameCommitCallback
10-10 20:12:10.335 11550 11572 I BLASTBufferQueue: [ViewRootImpl@788b6d0[MainActivity]#4](f:0,a:0) onFrameAvailable the first frame is available
10-10 20:12:10.336 11550 11572 I ViewRootImpl@788b6d0[MainActivity]: Received frameCommittedCallback lastAttemptedDrawFrameNum=1 didProduceBuffer=true
10-10 20:12:10.338 11550 11572 D OpenGLRenderer: CFMS:: SetUp Pid : 11550    Tid : 11572
10-10 20:12:10.341 11550 11550 I ViewRootImpl@788b6d0[MainActivity]: onSyncComplete
10-10 20:12:10.342 11550 11550 I ViewRootImpl@788b6d0[MainActivity]: setupSync seqId=0 mSyncId=0 fn=1 caller=android.view.ViewRootImpl$$ExternalSyntheticLambda11.accept:6 android.window.SurfaceSyncer.lambda$setupSync$1$android-window-SurfaceSyncer:128 android.window.SurfaceSyncer$$ExternalSyntheticLambda1.accept:8 android.window.SurfaceSyncer$SyncSet.checkIfSyncIsComplete:382 android.window.SurfaceSyncer$SyncSet.markSyncReady:359 android.window.SurfaceSyncer.markSyncReady:151 android.view.ViewRootImpl.performTraversals:4503 
10-10 20:12:10.342 11550 11550 I ViewRootImpl@61751e2[MainActivity]: ViewPostIme pointer 1
10-10 20:12:10.342 11550 11550 I ViewRootImpl@788b6d0[MainActivity]: reportDrawFinished seqId=0 mSyncId=-1 fn=1 mSurfaceChangedTransaction=0x7b5e266300
10-10 20:12:10.345 11550 11550 I ViewRootImpl@61751e2[MainActivity]: MSG_WINDOW_FOCUS_CHANGED 0 0
10-10 20:12:10.403 11550 11550 I ViewRootImpl@788b6d0[MainActivity]: MSG_WINDOW_FOCUS_CHANGED 1 0
10-10 20:12:10.403 11550 11550 I ViewRootImpl@788b6d0[MainActivity]: mThreadedRenderer.initializeIfNeeded()#2 mSurface={isValid=true 0x7b78e61000}
10-10 20:12:10.404 11550 11550 D InputMethodManager: startInputInner - Id : 0
10-10 20:12:10.404 11550 11550 I InputMethodManager: startInputInner - mService.startInputOrWindowGainedFocus
10-10 20:12:11.228 11550 11550 I ViewRootImpl@788b6d0[MainActivity]: ViewPostIme pointer 0
10-10 20:12:11.268 11550 11550 I ViewRootImpl@788b6d0[MainActivity]: ViewPostIme pointer 1
10-10 20:12:11.270 11550 11550 D AbsListView: onTouchUp() mTouchMode : 0
10-10 20:12:11.347 11550 11550 I MSHandlerLifeCycle: removeMultiSplitHandler: no exist. decor=DecorView@f70e15[MainActivity]
10-10 20:12:11.349 11550 11572 D OpenGLRenderer: setSurface called with nullptr
10-10 20:12:11.349 11550 11572 D OpenGLRenderer: setSurface() destroyed EGLSurface
10-10 20:12:11.349 11550 11572 D OpenGLRenderer: destroyEglSurface
10-10 20:12:11.349 11550 11609 D EgyDead : Loading links for URL: https://tv6.egydead.live/%d9%85%d8%b4%d8%a7%d9%87%d8%af%d8%a9-%d9%81%d9%8a%d9%84%d9%85-pretty-crazy-2025-%d9%85%d8%aa%d8%b1%d8%ac%d9%85/
10-10 20:12:11.352 11550 11572 D OpenGLRenderer: endAllActiveAnimators on 0x7b35676000 (MaterialTextView) with handle 0x7b354b5d60
10-10 20:12:11.352 11550 11550 I ViewRootImpl@788b6d0[MainActivity]: dispatchDetachedFromWindow
10-10 20:12:11.371 11550 11550 D InputTransport: Input channel destroyed: '1e744f5', fd=175
10-10 20:12:11.374 11550 11550 I Dialog  : mIsDeviceDefault = false, mIsSamsungBasicInteraction = false, isMetaDataInActivity = false
10-10 20:12:11.450 11550 11550 I DecorView: [INFO] isPopOver=false config=false
10-10 20:12:11.450 11550 11550 I DecorView: updateCaptionType: isFloating=false isApplication=true hasWindowDecorCaption=false this=DecorView@8ff2827[]
10-10 20:12:11.450 11550 11550 D DecorView: setCaptionType = 0, this = DecorView@8ff2827[]
10-10 20:12:11.452 11550 11550 I DecorView: getCurrentDensityDpi: from app context. densityDpi=420 msg=resources_loaded
10-10 20:12:11.452 11550 11550 I DecorView: setWindowBackground: isPopOver=false color=0 d=android.graphics.drawable.ColorDrawable@959047d
10-10 20:12:11.460 11550 11572 D NativeCustomFrequencyManager: [NativeCFMS] BpCustomFrequencyManager::BpCustomFrequencyManager()
10-10 20:12:11.461 11550 11550 I DecorView: notifyKeepScreenOnChanged: keepScreenOn=false
