10-10 02:14:50.146  2975  2975 D CompatibilityChangeReporter: Compat change id reported: 171228096; UID 10523; state: ENABLED
10-10 02:14:50.164  2975  3075 I cr_WVCFactoryProvider: version=141.0.7390.43 (739004333) minSdkVersion=29 multiprocess=true packageId=127 splits=<none>
10-10 02:14:50.170  2975  3075 D nativeloader: Load /data/app/~~KzgKvUv1JwmzxHei_tsHXQ==/com.google.android.trichromelibrary_739004333-NHJfK8xUfQ5oC0LHEjEvPw==/base.apk!/lib/arm64-v8a/libmonochrome_64.so using class loader ns clns-7 (caller=/data/app/~~Z7EoFjMbPG94A6o-3Nb5UQ==/com.google.android.webview-eZKrupClwVmgDmxWAn78Ag==/base.apk): ok
10-10 02:14:50.174  2975  3075 D nativeloader: Load /system/lib64/libwebviewchromium_plat_support.so using class loader ns clns-7 (caller=/data/app/~~Z7EoFjMbPG94A6o-3Nb5UQ==/com.google.android.webview-eZKrupClwVmgDmxWAn78Ag==/base.apk): ok
10-10 02:14:50.179  2975  3311 I chromium: [1010/021450.178767:INFO:android_webview/browser/variations/variations_seed_loader.cc:67] Failed to open file for reading.: No such file or directory (2)
10-10 02:14:50.186  2975  3075 I cr_LibraryLoader: Successfully loaded native library
10-10 02:14:50.187  2975  3075 I cr_CachingUmaRecorder: Flushed 13 samples from 13 histograms, 0 samples were dropped.
10-10 02:14:50.213  2975  2975 I ViewRootImpl@c867560[MainActivity]: performTraversals mFirst=false windowShouldResize=false viewVisibilityChanged=false mForceNextWindowRelayout=false params={(0,0)(fillxfill) sim={state=always_hidden adjust=pan} ty=BASE_APPLICATION wanim=0x1030309
10-10 02:14:50.213  2975  2975 I ViewRootImpl@c867560[MainActivity]:   fl=85810100
10-10 02:14:50.213  2975  2975 I ViewRootImpl@c867560[MainActivity]:   pfl=12020040
10-10 02:14:50.213  2975  2975 I ViewRootImpl@c867560[MainActivity]:   vsysui=500
10-10 02:14:50.213  2975  2975 I ViewRootImpl@c867560[MainActivity]:   bhv=DEFAULT
10-10 02:14:50.213  2975  2975 I ViewRootImpl@c867560[MainActivity]:   fitSides= naviIconColor=0}
10-10 02:14:50.221  2975  2975 I ViewRootImpl@c867560[MainActivity]: updateBlastSurfaceIfNeeded mBlastBufferQueue=0x7b41309f00 isSameSurfaceControl=true
10-10 02:14:50.222  2975  2975 I BLASTBufferQueue: update, w= 1080 h= 2400 mName = ViewRootImpl@c867560[MainActivity] mNativeObject= 0x7b41309f00 sc.mNativeObject= 0x7b2275ae40 format= -1 caller= android.view.ViewRootImpl.updateBlastSurfaceIfNeeded:2898 android.view.ViewRootImpl.relayoutWindow:9847 android.view.ViewRootImpl.performTraversals:3884 android.view.ViewRootImpl.doTraversal:3116 android.view.ViewRootImpl$TraversalRunnable.run:10885 android.view.Choreographer$CallbackRecord.run:1301 
10-10 02:14:50.222  2975  2975 I ViewRootImpl@c867560[MainActivity]: Relayout returned: old=(0,0,1080,2400) new=(0,0,1080,2400) req=(1080,2400)0 dur=8 res=0x0 s={true 0x7b5d596800} ch=false seqId=0
10-10 02:14:51.383  2975  3011 D OpenGLRenderer: setSurface called with nullptr
10-10 02:14:51.383  2975  3011 D OpenGLRenderer: setSurface() destroyed EGLSurface
10-10 02:14:51.383  2975  3011 D OpenGLRenderer: destroyEglSurface
10-10 02:14:51.384  2975  2975 I ViewRootImpl@9d3e4c9[Toast]: dispatchDetachedFromWindow
10-10 02:14:51.396  2975  2975 D InputTransport: Input channel destroyed: '373ef57', fd=131
10-10 02:14:51.446  2975  2975 I ViewRootImpl@c867560[MainActivity]: performTraversals mFirst=false windowShouldResize=false viewVisibilityChanged=false mForceNextWindowRelayout=false params={(0,0)(fillxfill) sim={state=always_hidden adjust=resize} ty=BASE_APPLICATION wanim=0x1030309
10-10 02:14:51.446  2975  2975 I ViewRootImpl@c867560[MainActivity]:   fl=85810100
10-10 02:14:51.446  2975  2975 I ViewRootImpl@c867560[MainActivity]:   pfl=12020040
10-10 02:14:51.446  2975  2975 I ViewRootImpl@c867560[MainActivity]:   vsysui=500
10-10 02:14:51.446  2975  2975 I ViewRootImpl@c867560[MainActivity]:   bhv=DEFAULT
10-10 02:14:51.446  2975  2975 I ViewRootImpl@c867560[MainActivity]:   fitSides= naviIconColor=0}
10-10 02:14:51.455  2975  2975 I ViewRootImpl@c867560[MainActivity]: updateBlastSurfaceIfNeeded mBlastBufferQueue=0x7b41309f00 isSameSurfaceControl=true
10-10 02:14:51.455  2975  2975 I BLASTBufferQueue: update, w= 1080 h= 2400 mName = ViewRootImpl@c867560[MainActivity] mNativeObject= 0x7b41309f00 sc.mNativeObject= 0x7b41343440 format= -1 caller= android.view.ViewRootImpl.updateBlastSurfaceIfNeeded:2898 android.view.ViewRootImpl.relayoutWindow:9847 android.view.ViewRootImpl.performTraversals:3884 android.view.ViewRootImpl.doTraversal:3116 android.view.ViewRootImpl$TraversalRunnable.run:10885 android.view.Choreographer$CallbackRecord.run:1301 
10-10 02:14:51.455  2975  2975 I ViewRootImpl@c867560[MainActivity]: Relayout returned: old=(0,0,1080,2400) new=(0,0,1080,2400) req=(1080,2400)0 dur=8 res=0x0 s={true 0x7b5d596800} ch=false seqId=0
10-10 02:14:51.481  2975  2975 D CoilImgLoader: setupCoilLogger: Activated EVENT_LISTENER FOR COIL
10-10 02:14:51.481  2975  2975 D CoilImgLoader: buildImageLoader: Setting COIL Image Loader.
10-10 02:14:52.101  2975  3330 D ProfileInstaller: Skipping profile installation for com.lagradost.cloudstream3
10-10 02:14:52.835  2975  2975 I ViewRootImpl@c867560[MainActivity]: ViewPostIme pointer 0
10-10 02:14:53.134  2975  2975 I ViewRootImpl@c867560[MainActivity]: ViewPostIme pointer 1
10-10 02:14:53.903  2975  2975 I ViewRootImpl@c867560[MainActivity]: ViewPostIme pointer 0
10-10 02:14:54.375  2975  2975 I ViewRootImpl@c867560[MainActivity]: ViewPostIme pointer 1
10-10 02:14:54.672  2975  2975 I ViewRootImpl@c867560[MainActivity]: ViewPostIme pointer 0
10-10 02:14:55.005  2975  2975 I ViewRootImpl@c867560[MainActivity]: ViewPostIme pointer 1
10-10 02:14:55.560  2975  2975 I ViewRootImpl@c867560[MainActivity]: ViewPostIme pointer 0
10-10 02:14:55.656  2975  2975 I ViewRootImpl@c867560[MainActivity]: ViewPostIme pointer 1
10-10 02:14:55.670  2975  2975 I NavComponent: Navigating to fragment: 2131362274
10-10 02:14:55.689  2975  2975 I IMM_LC  : hsifw() - flag : 0
10-10 02:14:55.689  2975  2975 I IMM_LC  : hsifw() - mService.hideSoftInput
10-10 02:14:55.730  2975  2975 D ScrollView: initGoToTop
10-10 02:14:56.118  2975  2975 I SurfaceView@e55ae8e: onWindowVisibilityChanged(0) true android.view.SurfaceView{e55ae8e V.E...... ......I. 0,0-0,0} of ViewRootImpl@c867560[MainActivity]
10-10 02:14:56.118  2975  2975 D SurfaceView@e55ae8e: updateSurface: has no frame
10-10 02:14:56.135  2975  2975 I CS3ExoPlayer: SET STYLE = SaveCaptionStyle(foregroundColor=-1, backgroundColor=0, windowColor=0, edgeType=1, edgeColor=-16777216, typeface=null, typefaceFilePath=null, elevation=20, fixedTextSize=null, edgeSize=null, removeCaptions=false, removeBloat=true, upperCase=false, bold=false, italic=false, backgroundRadius=null)
10-10 02:14:56.156  2975  2993 W st.cloudstream3: Cleared Reference was only reachable from finalizer (only reported once)
10-10 02:14:56.194  2975  2975 D VideoClickActionHolder: allVideoClickActions: [null:com.lagradost.cloudstream3.actions.temp.PlayInBrowserAction, null:com.lagradost.cloudstream3.actions.temp.CopyClipboardAction, null:com.lagradost.cloudstream3.actions.temp.ViewM3U8Action, null:com.lagradost.cloudstream3.actions.temp.VlcPackage, null:com.lagradost.cloudstream3.actions.temp.MpvPackage, null:com.lagradost.cloudstream3.actions.temp.NextPlayerPackage, null:com.lagradost.cloudstream3.actions.temp.JustPlayerPackage, null:com.lagradost.cloudstream3.actions.temp.fcast.FcastAction, null:com.lagradost.cloudstream3.actions.temp.LibreTorrentPackage, null:com.lagradost.cloudstream3.actions.temp.BiglyBTPackage, null:com.lagradost.cloudstream3.actions.temp.VlcNightlyPackage, null:com.lagradost.cloudstream3.actions.temp.WebVideoCastPackage, null:com.lagradost.cloudstream3.actions.temp.MpvYTDLPackage, null:com.lagradost.cloudstream3.actions.temp.MpvKtPackage, null:com.lagradost.cloudstream3.actions.temp.MpvKtPreviewPackage, null:com.lagradost.cloudstream3.actions.AlwaysAskAction]
10-10 02:14:56.197  2975  2975 I IMM_LC  : hsifw() - flag : 0
10-10 02:14:56.197  2975  2975 I IMM_LC  : hsifw() - mService.hideSoftInput
10-10 02:14:56.240  2975  3070 I SYNCVM  : addFromUrl = https://tv6.egydead.live/%d9%85%d8%b4%d8%a7%d9%87%d8%af%d8%a9-%d9%81%d9%8a%d9%84%d9%85-pretty-crazy-2025-%d9%85%d8%aa%d8%b1%d8%ac%d9%85/
10-10 02:14:56.240  2975  2993 I st.cloudstream3: NativeAlloc concurrent copying GC freed 25MB AllocSpace bytes, 171(10MB) LOS objects, 49% free, 18MB/37MB, paused 605us,84us total 256.369ms
10-10 02:14:56.242  2975  3070 I SYNCUTIL: getIdsFromUrl https://tv6.egydead.live/%d9%85%d8%b4%d8%a7%d9%87%d8%af%d8%a9-%d9%81%d9%8a%d9%84%d9%85-pretty-crazy-2025-%d9%85%d8%aa%d8%b1%d8%ac%d9%85/
10-10 02:14:56.244  2975  3011 D OpenGLRenderer: setSurface called with nullptr
10-10 02:14:56.245  2975  3011 D OpenGLRenderer: setSurface called with nullptr
10-10 02:14:56.249  2975  2975 I SurfaceView@e55ae8e: onWindowVisibilityChanged(8) false android.view.SurfaceView{e55ae8e V.E...... ......I. 0,0-0,0} of ViewRootImpl@c867560[MainActivity]
10-10 02:14:56.249  2975  2975 D SurfaceView@e55ae8e: updateSurface: has no frame
10-10 02:14:56.249  2975  2975 D SurfaceView@e55ae8e: updateSurface: has no frame
10-10 02:14:56.249  2975  2975 I SurfaceView@e55ae8e: onDetachedFromWindow: tryReleaseSurfaces()
10-10 02:14:56.249  2975  2975 I SurfaceView@e55ae8e: releaseSurfaces: viewRoot = ViewRootImpl@c867560[MainActivity]
10-10 02:14:56.250  2975  2975 I SurfaceView@e55ae8e: applyTransactionOnVriDraw: vri = ViewRootImpl@c867560[MainActivity] fRS = true t = 0x7b4140ac00 android.view.SurfaceView.releaseSurfaces:858 android.view.SurfaceView.onDetachedFromWindow:500 android.view.View.dispatchDetachedFromWindow:22538 
10-10 02:14:56.250  2975  2975 I SurfaceView@e55ae8e: applyTransactionOnVriDraw: viewRoot.applyTransactionOnDrawFromReleaseSurfaces
10-10 02:14:56.250  2975  2975 I ViewRootImpl@c867560[MainActivity]: applyTransactionOnDraw: mRemoved = false isHardwareEnabled = true t = 0x7b4140ac00android.view.ViewRootImpl.applyTransactionOnDrawFromReleaseSurfaces:12850 android.view.SurfaceView.applyTransactionOnVriDraw:2046 android.view.SurfaceView.releaseSurfaces:858 android.view.SurfaceView.onDetachedFromWindow:500 android.view.View.dispatchDetachedFromWindow:22538 
10-10 02:14:56.252  2975  2975 I SurfaceView@e55ae8e: onWindowVisibilityChanged(0) true android.view.SurfaceView{e55ae8e V.E...... ......I. 0,0-0,0} of ViewRootImpl@c867560[MainActivity]
10-10 02:14:56.252  2975  2975 D SurfaceView@e55ae8e: updateSurface: has no frame
10-10 02:14:56.261  2975  2975 I DecorView: notifyKeepScreenOnChanged: keepScreenOn=false
10-10 02:14:56.265  2975  2996 W System  : A resource failed to call close. 
10-10 02:14:56.277  2975  2975 I CS3ExoPlayer: reloadPlayer
10-10 02:14:56.277  2975  2975 I CS3ExoPlayer: releasePlayer
10-10 02:14:56.278  2975  2975 I CS3ExoPlayer: Handle event: PlayerAttachedEvent(player=null, source=Player)
10-10 02:14:56.280  2975  2975 I Choreographer: Skipped 34 frames!  The application may be doing too much work on its main thread.
10-10 02:14:56.285  2975  2975 I ViewRootImpl@c867560[MainActivity]: performTraversals params={(0,0)(fillxfill) sim={state=always_hidden adjust=resize} ty=BASE_APPLICATION wanim=0x1030309
10-10 02:14:56.285  2975  2975 I ViewRootImpl@c867560[MainActivity]:   fl=85810100
10-10 02:14:56.285  2975  2975 I ViewRootImpl@c867560[MainActivity]:   pfl=12020040
10-10 02:14:56.285  2975  2975 I ViewRootImpl@c867560[MainActivity]:   vsysui=500
10-10 02:14:56.285  2975  2975 I ViewRootImpl@c867560[MainActivity]:   bhv=DEFAULT
10-10 02:14:56.285  2975  2975 I ViewRootImpl@c867560[MainActivity]:   fitSides= naviIconColor=0}
10-10 02:14:56.286  2975  2975 I ViewRootImpl@c867560[MainActivity]: performTraversals mFirst=false windowShouldResize=false viewVisibilityChanged=false mForceNextWindowRelayout=false params={(0,0)(fillxfill) sim={state=always_hidden adjust=resize} ty=BASE_APPLICATION fmt=TRANSLUCENT wanim=0x1030309
10-10 02:14:56.286  2975  2975 I ViewRootImpl@c867560[MainActivity]:   fl=85810100
10-10 02:14:56.286  2975  2975 I ViewRootImpl@c867560[MainActivity]:   pfl=12020040
10-10 02:14:56.286  2975  2975 I ViewRootImpl@c867560[MainActivity]:   vsysui=500
10-10 02:14:56.286  2975  2975 I ViewRootImpl@c867560[MainActivity]:   bhv=DEFAULT
10-10 02:14:56.286  2975  2975 I ViewRootImpl@c867560[MainActivity]:   fitSides= naviIconColor=0}
10-10 02:14:56.294  2975  2975 I ViewRootImpl@c867560[MainActivity]: updateBlastSurfaceIfNeeded mBlastBufferQueue=0x7b41309f00 isSameSurfaceControl=true
10-10 02:14:56.294  2975  2975 I BLASTBufferQueue: update, w= 1080 h= 2400 mName = ViewRootImpl@c867560[MainActivity] mNativeObject= 0x7b41309f00 sc.mNativeObject= 0x7bed81d0c0 format= -3 caller= android.view.ViewRootImpl.updateBlastSurfaceIfNeeded:2898 android.view.ViewRootImpl.relayoutWindow:9847 android.view.ViewRootImpl.performTraversals:3884 android.view.ViewRootImpl.doTraversal:3116 android.view.ViewRootImpl$TraversalRunnable.run:10885 android.view.Choreographer$CallbackRecord.run:1301 
10-10 02:14:56.294  2975  2975 I ViewRootImpl@c867560[MainActivity]: Relayout returned: old=(0,0,1080,2400) new=(0,0,1080,2400) req=(1080,2400)0 dur=8 res=0x0 s={true 0x7b5d596800} ch=false seqId=0
10-10 02:14:56.296  2975  2975 W View    : requestLayout() improperly called by android.widget.FrameLayout{73f8dd6 I.E...... ......I. 0,0-0,0 #7f0a04e7 app:id/start_panel} during layout: running second layout pass
10-10 02:14:56.296  2975  2975 W View    : requestLayout() improperly called by android.widget.FrameLayout{ccac857 I.E...... ......ID 1080,0-1080,2143 #7f0a0168 app:id/end_panel} during layout: running second layout pass
10-10 02:14:56.298  2975  2975 D SurfaceView@e55ae8e: updateSurface: has no frame
10-10 02:14:56.304  2975  3173 I ViewRootImpl@c867560[MainActivity]: mWNT: t=0x7b4140ac00 mBlastBufferQueue=0x7b41309f00 fn= 265 caller= android.view.ViewRootImpl.lambda$applyTransactionOnDraw$11$android-view-ViewRootImpl:12865 android.view.ViewRootImpl$$ExternalSyntheticLambda1.onFrameDraw:4 android.graphics.HardwareRenderer$FrameDrawingCallback.onFrameDraw:924 
10-10 02:14:56.307  2975  2975 D SurfaceView@e55ae8e: updateSurface: has no frame
10-10 02:14:56.325  2975  2975 D SurfaceView@e55ae8e: updateSurface: has no frame
10-10 02:14:56.345  2975  2975 D SurfaceView@e55ae8e: updateSurface: has no frame
10-10 02:14:56.369  2975  2975 D SurfaceView@e55ae8e: updateSurface: has no frame
10-10 02:14:56.381  2975  2975 D SurfaceView@e55ae8e: updateSurface: has no frame
10-10 02:14:56.398  2975  2975 D SurfaceView@e55ae8e: updateSurface: has no frame
10-10 02:14:56.415  2975  2975 D SurfaceView@e55ae8e: updateSurface: has no frame
10-10 02:14:56.446  2975  2975 D SurfaceView@e55ae8e: updateSurface: has no frame
10-10 02:14:56.469  2975  2975 D SurfaceView@e55ae8e: updateSurface: has no frame
10-10 02:14:56.482  2975  2975 D SurfaceView@e55ae8e: updateSurface: has no frame
10-10 02:14:56.498  2975  2975 D SurfaceView@e55ae8e: updateSurface: has no frame
10-10 02:14:56.515  2975  2975 D SurfaceView@e55ae8e: updateSurface: has no frame
10-10 02:14:56.532  2975  2975 D SurfaceView@e55ae8e: updateSurface: has no frame
10-10 02:14:56.549  2975  2975 D SurfaceView@e55ae8e: updateSurface: has no frame
10-10 02:14:56.565  2975  2975 D SurfaceView@e55ae8e: updateSurface: has no frame
10-10 02:14:56.582  2975  2975 D SurfaceView@e55ae8e: updateSurface: has no frame
10-10 02:14:56.590  2975  3068 I RVM2    : applyMeta
10-10 02:14:56.600  2975  2975 D SurfaceView@e55ae8e: updateSurface: has no frame
10-10 02:14:56.615  2975  2975 D SurfaceView@e55ae8e: updateSurface: has no frame
10-10 02:14:56.632  2975  2975 D SurfaceView@e55ae8e: updateSurface: has no frame
10-10 02:14:56.648  2975  2975 D SurfaceView@e55ae8e: updateSurface: has no frame
10-10 02:14:56.665  2975  2975 D SurfaceView@e55ae8e: updateSurface: has no frame
10-10 02:14:56.684  2975  2975 D SurfaceView@e55ae8e: updateSurface: has no frame
10-10 02:14:56.708  2975  2975 D SurfaceView@e55ae8e: updateSurface: has no frame
10-10 02:14:56.715  2975  2975 D SurfaceView@e55ae8e: updateSurface: has no frame
10-10 02:14:56.732  2975  2975 D SurfaceView@e55ae8e: updateSurface: has no frame
10-10 02:14:56.752  2975  2975 D SurfaceView@e55ae8e: updateSurface: has no frame
10-10 02:14:56.765  2975  2975 D SurfaceView@e55ae8e: updateSurface: has no frame
10-10 02:14:56.784  2975  2975 D SurfaceView@e55ae8e: updateSurface: has no frame
10-10 02:14:56.799  2975  2975 D SurfaceView@e55ae8e: updateSurface: has no frame
10-10 02:14:56.815  2975  2975 D SurfaceView@e55ae8e: updateSurface: has no frame
10-10 02:14:56.832  2975  2975 D SurfaceView@e55ae8e: updateSurface: has no frame
10-10 02:14:56.848  2975  2975 D SurfaceView@e55ae8e: updateSurface: has no frame
10-10 02:14:56.865  2975  2975 D SurfaceView@e55ae8e: updateSurface: has no frame
10-10 02:14:56.881  2975  2975 D SurfaceView@e55ae8e: updateSurface: has no frame
10-10 02:14:56.898  2975  2975 D SurfaceView@e55ae8e: updateSurface: has no frame
10-10 02:14:56.915  2975  2975 D SurfaceView@e55ae8e: updateSurface: has no frame
10-10 02:14:56.931  2975  2975 D SurfaceView@e55ae8e: updateSurface: has no frame
10-10 02:14:56.948  2975  2975 D SurfaceView@e55ae8e: updateSurface: has no frame
10-10 02:14:56.965  2975  2975 D SurfaceView@e55ae8e: updateSurface: has no frame
10-10 02:14:56.978  2975  2975 W PanelsChildGestureRegionObserver: failed to register view with ID 2131362800. already registered
10-10 02:14:56.983  2975  2975 E CoilImgLoader: Error loading image: coil3.request.NullRequestDataException: The request's data is null.
10-10 02:14:56.988  2975  2975 E CoilImgLoader: Error loading image: coil3.request.NullRequestDataException: The request's data is null.
10-10 02:14:57.027  2975  3329 I SYNCVM  : addFromUrl = https://tv6.egydead.live/%d9%85%d8%b4%d8%a7%d9%87%d8%af%d8%a9-%d9%81%d9%8a%d9%84%d9%85-pretty-crazy-2025-%d9%85%d8%aa%d8%b1%d8%ac%d9%85/
10-10 02:14:57.027  2975  3329 I SYNCUTIL: getIdsFromUrl https://tv6.egydead.live/%d9%85%d8%b4%d8%a7%d9%87%d8%af%d8%a9-%d9%81%d9%8a%d9%84%d9%85-pretty-crazy-2025-%d9%85%d8%aa%d8%b1%d8%ac%d9%85/
10-10 02:14:57.044  2975  2975 I ViewRootImpl@c867560[MainActivity]: performTraversals mFirst=false windowShouldResize=false viewVisibilityChanged=false mForceNextWindowRelayout=false params={(0,0)(fillxfill) sim={state=always_hidden adjust=pan} ty=BASE_APPLICATION fmt=TRANSLUCENT wanim=0x1030309
10-10 02:14:57.044  2975  2975 I ViewRootImpl@c867560[MainActivity]:   fl=85810100
10-10 02:14:57.044  2975  2975 I ViewRootImpl@c867560[MainActivity]:   pfl=12020040
10-10 02:14:57.044  2975  2975 I ViewRootImpl@c867560[MainActivity]:   vsysui=500
10-10 02:14:57.044  2975  2975 I ViewRootImpl@c867560[MainActivity]:   bhv=DEFAULT
10-10 02:14:57.044  2975  2975 I ViewRootImpl@c867560[MainActivity]:   fitSides= naviIconColor=0}
10-10 02:14:57.058  2975  2975 I ViewRootImpl@c867560[MainActivity]: updateBlastSurfaceIfNeeded mBlastBufferQueue=0x7b41309f00 isSameSurfaceControl=true
10-10 02:14:57.058  2975  2975 I BLASTBufferQueue: update, w= 1080 h= 2400 mName = ViewRootImpl@c867560[MainActivity] mNativeObject= 0x7b41309f00 sc.mNativeObject= 0x7bdaa00de0 format= -3 caller= android.view.ViewRootImpl.updateBlastSurfaceIfNeeded:2898 android.view.ViewRootImpl.relayoutWindow:9847 android.view.ViewRootImpl.performTraversals:3884 android.view.ViewRootImpl.doTraversal:3116 android.view.ViewRootImpl$TraversalRunnable.run:10885 android.view.Choreographer$CallbackRecord.run:1301 
10-10 02:14:57.059  2975  2975 I ViewRootImpl@c867560[MainActivity]: Relayout returned: old=(0,0,1080,2400) new=(0,0,1080,2400) req=(1080,2400)0 dur=14 res=0x0 s={true 0x7b5d596800} ch=false seqId=0
10-10 02:14:57.060  2975  2975 D SurfaceView@e55ae8e: updateSurface: has no frame
10-10 02:14:57.063  2975  2975 I SurfaceView@e55ae8e: Changes: creating=true format=true size=true visible=true alpha=false hint=false mUseAlpha=false visible=true left=true top=true
10-10 02:14:57.072  2975  2975 I BLASTBufferQueue: update, w= 1080 h= 525 mName = null mNativeObject= 0x7b0799bb00 sc.mNativeObject= 0x7bdaa011a0 format= 4 caller= android.view.SurfaceView.createBlastSurfaceControls:1383 android.view.SurfaceView.updateSurface:1079 android.view.SurfaceView.lambda$new$0$android-view-SurfaceView:200 android.view.SurfaceView$$ExternalSyntheticLambda5.onPreDraw:2 android.view.ViewTreeObserver.dispatchOnPreDraw:1121 android.view.ViewRootImpl.performTraversals:4442 
10-10 02:14:57.073  2975  2975 I SurfaceView@e55ae8e: 240496270 Cur surface: Surface(name=null)/@0xdbb9b70
10-10 02:14:57.073  2975  2975 I SurfaceView@e55ae8e: pST: sr = Rect(0, 218 - 1080, 743) sw = 1080 sh = 525
10-10 02:14:57.073  2975  2975 D SurfaceView@e55ae8e: performSurfaceTransaction RenderWorker position = [0, 218, 1080, 743] surfaceSize = 1080x525
10-10 02:14:57.073  2975  2975 I SurfaceView@e55ae8e: applyTransactionOnVriDraw: vri = ViewRootImpl@c867560[MainActivity] fRS = false t = 0x7bda9c9400 android.view.SurfaceView.performSurfaceTransaction:959 android.view.SurfaceView.updateSurface:1105 android.view.SurfaceView.lambda$new$0$android-view-SurfaceView:200 
10-10 02:14:57.073  2975  2975 I ViewRootImpl@c867560[MainActivity]: applyTransactionOnDraw: mRemoved = false isHardwareEnabled = true t = 0x7bda9c9400android.view.SurfaceView.applyTransactionOnVriDraw:2048 android.view.SurfaceView.performSurfaceTransaction:959 android.view.SurfaceView.updateSurface:1105 android.view.SurfaceView.lambda$new$0$android-view-SurfaceView:200 android.view.SurfaceView$$ExternalSyntheticLambda5.onPreDraw:2 
10-10 02:14:57.073  2975  2975 I SurfaceView@e55ae8e: updateSurface: mVisible = true mSurface.isValid() = true
10-10 02:14:57.073  2975  2975 I SurfaceView@e55ae8e: updateSurface: mSurfaceCreated = false surfaceChanged = true visibleChanged = true
10-10 02:14:57.073  2975  2975 I SurfaceView@e55ae8e: visibleChanged -- surfaceCreated
10-10 02:14:57.073  2975  2975 I SurfaceView@e55ae8e: surfaceCreated 0 #8 android.view.SurfaceView{e55ae8e V.E...... ......ID 0,0-1080,525}
10-10 02:14:57.074  2975  2975 I SurfaceView@e55ae8e: surfaceChanged -- format=4 w=1080 h=525
10-10 02:14:57.074  2975  2975 I SurfaceView@e55ae8e: surfaceChanged (1080,525) 0 #8 android.view.SurfaceView{e55ae8e V.E...... ......ID 0,0-1080,525}
10-10 02:14:57.074  2975  2975 I SurfaceView@e55ae8e: surfaceRedrawNeeded
10-10 02:14:57.074  2975  2975 V SurfaceView@e55ae8e: Layout: x=0 y=218 w=1080 h=525, frame=Rect(0, 0 - 1080, 525)
10-10 02:14:57.098  2975  3172 D SurfaceView@e55ae8e: updateSurfacePosition RenderWorker, frameNr = 306, position = [0, 218, 1080, 743] surfaceSize = 1080x525
10-10 02:14:57.098  2975  3172 I SurfaceView@e55ae8e: uSP: rtp = Rect(0, 218 - 1080, 743) rtsw = 1080 rtsh = 525
10-10 02:14:57.098  2975  3172 I SurfaceView@e55ae8e: onSSPAndSRT: pl = 0 pt = 218 sx = 1.0 sy = 1.0
10-10 02:14:57.099  2975  3172 I SurfaceView@e55ae8e: aOrMT: ViewRootImpl@c867560[MainActivity] t = android.view.SurfaceControl$Transaction@e636888 fN = 306 android.view.SurfaceView.-$$Nest$mapplyOrMergeTransaction:0 android.view.SurfaceView$SurfaceViewPositionUpdateListener.positionChanged:1537 android.graphics.RenderNode$CompositePositionUpdateListener.positionChanged:373 
10-10 02:14:57.099  2975  3172 I ViewRootImpl@c867560[MainActivity]: mWNT: t=0x7bda9c9700 mBlastBufferQueue=0x7b41309f00 fn= 306 caller= android.view.SurfaceView.applyOrMergeTransaction:1455 android.view.SurfaceView.-$$Nest$mapplyOrMergeTransaction:0 android.view.SurfaceView$SurfaceViewPositionUpdateListener.positionChanged:1537 
10-10 02:14:57.100  2975  3172 I ViewRootImpl@c867560[MainActivity]: mWNT: t=0x7bda9c9400 mBlastBufferQueue=0x7b41309f00 fn= 306 caller= android.view.ViewRootImpl.lambda$applyTransactionOnDraw$11$android-view-ViewRootImpl:12865 android.view.ViewRootImpl$$ExternalSyntheticLambda1.onFrameDraw:4 android.graphics.HardwareRenderer$FrameDrawingCallback.onFrameDraw:924 
10-10 02:14:57.136  2975  2975 I SurfaceView@e55ae8e: finishedDrawing
10-10 02:14:57.736  2975  2975 I ViewRootImpl@c867560[MainActivity]: ViewPostIme pointer 0
10-10 02:14:58.278  2975  2975 I Dialog  : mIsDeviceDefault = false, mIsSamsungBasicInteraction = false, isMetaDataInActivity = false
10-10 02:14:58.314  2975  2975 I DecorView: [INFO] isPopOver=false config=false
10-10 02:14:58.314  2975  2975 I DecorView: updateCaptionType: isFloating=false isApplication=true hasWindowDecorCaption=false this=DecorView@1efde7[]
10-10 02:14:58.314  2975  2975 D DecorView: setCaptionType = 0, this = DecorView@1efde7[]
10-10 02:14:58.317  2975  2975 I DecorView: getCurrentDensityDpi: from app context. densityDpi=420 msg=resources_loaded
10-10 02:14:58.317  2975  2975 I DecorView: setWindowBackground: isPopOver=false color=0 d=android.graphics.drawable.ColorDrawable@f7d303d
10-10 02:14:58.325  2975  3011 D NativeCustomFrequencyManager: [NativeCFMS] BpCustomFrequencyManager::BpCustomFrequencyManager()
10-10 02:14:58.326  2975  2975 I DecorView: notifyKeepScreenOnChanged: keepScreenOn=false
10-10 02:14:58.344  2975  2975 D InsetsController: onStateChanged: InsetsState: {mDisplayFrame=Rect(0, 0 - 1080, 2400), mDisplayCutout=DisplayCutout{insets=Rect(0, 88 - 0, 0) waterfall=Insets{left=0, top=0, right=0, bottom=0} boundingRect={Bounds=[Rect(0, 0 - 0, 0), Rect(512, 0 - 568, 88), Rect(0, 0 - 0, 0), Rect(0, 0 - 0, 0)]} cutoutPathParserInfo={CutoutPathParserInfo{displayWidth=1080 displayHeight=2400 physicalDisplayWidth=1080 physicalDisplayHeight=2400 density={2.625} cutoutSpec={M 0,0 M 0,12.25101276465640 a 10.60613009248640,10.60613009248640 0 1,0 0,21.21226018497290 a 10.60613009248640,10.60613009248640 0 1,0 0,-21.21226018497290 Z @dp} rotation={0} scale={1.0} physicalPixelDisplaySizeRatio={1.0}}}}, mRoundedCorners=RoundedCorners{[RoundedCorner{position=TopLeft, radius=84, center=Point(84, 84)}, RoundedCorner{position=TopRight, radius=84, center=Point(996, 84)}, RoundedCorner{position=BottomRight, radius=84, center=Point(996, 2316)}, RoundedCorner{position=BottomLeft, radius=84, center=Point(84, 2316)}]}  mRoundedCornerFrame=Rect(0, 0 - 1080, 2400), mPrivacyIndicatorBounds=PrivacyIndicatorBounds {static bounds=Rect(964, 0 - 1080, 87) rotation=0}, mSources= { InsetsSource: {mType=ITYPE_STATUS_BAR, mFrame=[0,0][1080,88], mVisible=true, mInsetsRoundedCornerFrame=false}, InsetsSource: {mType=ITYPE_NAVIGATION_BAR, mFrame=[0,2361][1080,2400], mVisible=true, mInsetsRoundedCornerFrame=false}, InsetsSource: {mType=ITYPE_LEFT_GESTURES, mFrame=[0,0][130,2400], mVisible=true, mInsetsRoundedCornerFrame=false}, InsetsSource: {mType=ITYPE_RIGHT_GESTURES, mFrame=[950,0][1080,2400], mVisible=true, mInsetsRoundedCornerFrame=false}, InsetsSource: {mType=ITYPE_TOP_MANDATORY_GESTURES, mFrame=[0,0][1080,120], mVisible=true, mInsetsRoundedCornerFrame=false}, InsetsSource: {mType=ITYPE_BOTTOM_MANDATORY_GESTURES, mFrame=[0,2316][1080,2400], mVisible=true, mInsetsRoundedCornerFrame=false}, InsetsSource: {mType=ITYPE_LEFT_DISPLAY_CUTOUT, mFrame=[0,0][-100000,2400], mVisible=true, mInsetsRoundedCornerFrame=false}, InsetsSource: {mType=ITYPE_TOP_DISPLAY_CUTOUT, mFrame=[0,0][1080,88], mVisible=true, mInsetsRoundedCornerFrame=false}, InsetsSource: {mType=ITYPE_RIGHT_DISPLAY_CUTOUT, mFrame=[100000,0][1080,2400], mVisible=true, mInsetsRoundedCornerFrame=false}, InsetsSource: {mType=ITYPE_BOTTOM_DISPLAY_CUTOUT, mFrame=[0,100000][1080,2400], mVisible=true, mInsetsRoundedCornerFrame=false}, InsetsSource: {mType=ITYPE_TOP_TAPPABLE_ELEMENT, mFrame=[0,0][1080,88], mVisible=true, mInsetsRoundedCornerFrame=false}, InsetsSource: {mType=ITYPE_BOTTOM_TAPPABLE_ELEMENT, mFrame=[0,0][0,0], mVisible=true, mInsetsRoundedCornerFrame=false}, InsetsSource: {mType=ITYPE_IME, mFrame=[0,0][0,0], mVisibleFrame=[0,1409][1080,2400], mVisible=false, mInsetsRoundedCornerFrame=false} } host=com.lagradost.cloudstream3/com.lagradost.cloudstream3.MainActivity from=android.view.ViewRootImpl.setView:1732
10-10 02:14:58.347  2975  2975 I ViewRootImpl@d1bb38a[MainActivity]: setView = com.android.internal.policy.DecorView@1efde7 TM=true
10-10 02:14:58.364  2975  2975 I ViewRootImpl@d1bb38a[MainActivity]: performTraversals params={(0,0)(fillxfill) gr=CENTER sim={adjust=resize forwardNavigation} ty=APPLICATION fmt=TRANSPARENT wanim=0x7f14000b
10-10 02:14:58.364  2975  2975 I ViewRootImpl@d1bb38a[MainActivity]:   fl=85810100
10-10 02:14:58.364  2975  2975 I ViewRootImpl@d1bb38a[MainActivity]:   pfl=12020040
10-10 02:14:58.364  2975  2975 I ViewRootImpl@d1bb38a[MainActivity]:   vsysui=500
10-10 02:14:58.364  2975  2975 I ViewRootImpl@d1bb38a[MainActivity]:   bhv=DEFAULT
10-10 02:14:58.364  2975  2975 I ViewRootImpl@d1bb38a[MainActivity]:   fitSides= naviIconColor=0}
10-10 02:14:58.365  2975  2975 I ViewRootImpl@d1bb38a[MainActivity]: performTraversals mFirst=true windowShouldResize=true viewVisibilityChanged=false mForceNextWindowRelayout=false params={(0,0)(fillxfill) gr=CENTER sim={adjust=resize forwardNavigation} ty=APPLICATION fmt=TRANSPARENT wanim=0x7f14000b
10-10 02:14:58.365  2975  2975 I ViewRootImpl@d1bb38a[MainActivity]:   fl=85810100
10-10 02:14:58.365  2975  2975 I ViewRootImpl@d1bb38a[MainActivity]:   pfl=12020040
10-10 02:14:58.365  2975  2975 I ViewRootImpl@d1bb38a[MainActivity]:   vsysui=500
10-10 02:14:58.365  2975  2975 I ViewRootImpl@d1bb38a[MainActivity]:   bhv=DEFAULT
10-10 02:14:58.365  2975  2975 I ViewRootImpl@d1bb38a[MainActivity]:   fitSides= naviIconColor=0}
10-10 02:14:58.383  2975  2975 I ViewRootImpl@d1bb38a[MainActivity]: updateBlastSurfaceIfNeeded mBlastBufferQueue=null isSameSurfaceControl=false
10-10 02:14:58.384  2975  2975 I BLASTBufferQueue: new BLASTBufferQueue, mName= ViewRootImpl@d1bb38a[MainActivity] mNativeObject= 0x7bdaae7f00 sc.mNativeObject= 0x7bdaa0c740 caller= android.view.ViewRootImpl.updateBlastSurfaceIfNeeded:2909 android.view.ViewRootImpl.relayoutWindow:9847 android.view.ViewRootImpl.performTraversals:3884 android.view.ViewRootImpl.doTraversal:3116 android.view.ViewRootImpl$TraversalRunnable.run:10885 android.view.Choreographer$CallbackRecord.run:1301 android.view.Choreographer$CallbackRecord.run:1309 android.view.Choreographer.doCallbacks:923 android.view.Choreographer.doFrame:852 android.view.Choreographer$FrameDisplayEventReceiver.run:1283 
10-10 02:14:58.385  2975  2975 I BLASTBufferQueue: update, w= 1080 h= 2400 mName = ViewRootImpl@d1bb38a[MainActivity] mNativeObject= 0x7bdaae7f00 sc.mNativeObject= 0x7bdaa0c740 format= -2 caller= android.graphics.BLASTBufferQueue.<init>:84 android.view.ViewRootImpl.updateBlastSurfaceIfNeeded:2909 android.view.ViewRootImpl.relayoutWindow:9847 android.view.ViewRootImpl.performTraversals:3884 android.view.ViewRootImpl.doTraversal:3116 android.view.ViewRootImpl$TraversalRunnable.run:10885 
10-10 02:14:58.385  2975  2975 I ViewRootImpl@d1bb38a[MainActivity]: Relayout returned: old=(0,0,1080,2400) new=(0,0,1080,2400) req=(1080,2400)0 dur=18 res=0x3 s={true 0x7b0791e800} ch=true seqId=0
10-10 02:14:58.386  2975  2975 I ViewRootImpl@d1bb38a[MainActivity]: mThreadedRenderer.initialize() mSurface={isValid=true 0x7b0791e800} hwInitialized=true
10-10 02:14:58.387  2975  3011 D OpenGLRenderer: eglCreateWindowSurface
10-10 02:14:58.420  2975  2975 D AbsListView:  in onLayout changed 
10-10 02:14:58.422  2975  2975 I ViewRootImpl@d1bb38a[MainActivity]: reportNextDraw android.view.ViewRootImpl.performTraversals:4438 android.view.ViewRootImpl.doTraversal:3116 android.view.ViewRootImpl$TraversalRunnable.run:10885 android.view.Choreographer$CallbackRecord.run:1301 android.view.Choreographer$CallbackRecord.run:1309 
10-10 02:14:58.422  2975  2975 I ViewRootImpl@d1bb38a[MainActivity]: Setup new sync id=0
10-10 02:14:58.422  2975  2975 I ViewRootImpl@d1bb38a[MainActivity]: Setting syncFrameCallback
10-10 02:14:58.422  2975  2975 I ViewRootImpl@d1bb38a[MainActivity]: registerCallbacksForSync syncBuffer=false
10-10 02:14:58.425  2975  3173 I ViewRootImpl@d1bb38a[MainActivity]: Received frameDrawingCallback syncResult=0 frameNum=1.
10-10 02:14:58.425  2975  3173 I ViewRootImpl@d1bb38a[MainActivity]: Setting up sync and frameCommitCallback
10-10 02:14:58.436  2975  3011 I BLASTBufferQueue: [ViewRootImpl@d1bb38a[MainActivity]#4](f:0,a:0) onFrameAvailable the first frame is available
10-10 02:14:58.437  2975  3011 I ViewRootImpl@d1bb38a[MainActivity]: Received frameCommittedCallback lastAttemptedDrawFrameNum=1 didProduceBuffer=true
10-10 02:14:58.439  2975  3011 D OpenGLRenderer: CFMS:: SetUp Pid : 2975    Tid : 3011
10-10 02:14:58.444  2975  2975 I ViewRootImpl@d1bb38a[MainActivity]: onSyncComplete
10-10 02:14:58.444  2975  2975 I ViewRootImpl@d1bb38a[MainActivity]: setupSync seqId=0 mSyncId=0 fn=1 caller=android.view.ViewRootImpl$$ExternalSyntheticLambda11.accept:6 android.window.SurfaceSyncer.lambda$setupSync$1$android-window-SurfaceSyncer:128 android.window.SurfaceSyncer$$ExternalSyntheticLambda1.accept:8 android.window.SurfaceSyncer$SyncSet.checkIfSyncIsComplete:382 android.window.SurfaceSyncer$SyncSet.markSyncReady:359 android.window.SurfaceSyncer.markSyncReady:151 android.view.ViewRootImpl.performTraversals:4503 
10-10 02:14:58.454  2975  2975 I ViewRootImpl@c867560[MainActivity]: ViewPostIme pointer 1
10-10 02:14:58.454  2975  2975 I ViewRootImpl@d1bb38a[MainActivity]: reportDrawFinished seqId=0 mSyncId=-1 fn=1 mSurfaceChangedTransaction=0x7bdaa18900
10-10 02:14:58.469  2975  2975 I ViewRootImpl@c867560[MainActivity]: MSG_WINDOW_FOCUS_CHANGED 0 0
10-10 02:14:58.520  2975  2975 I ViewRootImpl@d1bb38a[MainActivity]: MSG_WINDOW_FOCUS_CHANGED 1 0
10-10 02:14:58.520  2975  2975 I ViewRootImpl@d1bb38a[MainActivity]: mThreadedRenderer.initializeIfNeeded()#2 mSurface={isValid=true 0x7b0791e800}
10-10 02:14:58.521  2975  2975 D InputMethodManager: startInputInner - Id : 0
10-10 02:14:58.521  2975  2975 I InputMethodManager: startInputInner - mService.startInputOrWindowGainedFocus
10-10 02:14:59.581  2975  2975 I ViewRootImpl@d1bb38a[MainActivity]: ViewPostIme pointer 0
10-10 02:14:59.646  2975  2975 I ViewRootImpl@d1bb38a[MainActivity]: ViewPostIme pointer 1
10-10 02:14:59.648  2975  2975 D AbsListView: onTouchUp() mTouchMode : 0
10-10 02:14:59.724  2975  2975 I MSHandlerLifeCycle: removeMultiSplitHandler: no exist. decor=DecorView@1efde7[MainActivity]
10-10 02:14:59.725  2975  3070 D EgyDead : Loading links for URL: https://tv6.egydead.live/%d9%85%d8%b4%d8%a7%d9%87%d8%af%d8%a9-%d9%81%d9%8a%d9%84%d9%85-pretty-crazy-2025-%d9%85%d8%aa%d8%b1%d8%ac%d9%85/
10-10 02:14:59.725  2975  3011 D OpenGLRenderer: setSurface called with nullptr
10-10 02:14:59.725  2975  3011 D OpenGLRenderer: setSurface() destroyed EGLSurface
10-10 02:14:59.726  2975  3011 D OpenGLRenderer: destroyEglSurface
10-10 02:14:59.728  2975  3011 D OpenGLRenderer: endAllActiveAnimators on 0x7b03775600 (MaterialTextView) with handle 0x7bda775a40
10-10 02:14:59.728  2975  2975 I ViewRootImpl@d1bb38a[MainActivity]: dispatchDetachedFromWindow
10-10 02:14:59.752  2975  2975 D InputTransport: Input channel destroyed: '8d18a5 ', fd=160
10-10 02:14:59.754  2975  2975 I Dialog  : mIsDeviceDefault = false, mIsSamsungBasicInteraction = false, isMetaDataInActivity = false
10-10 02:14:59.823  2975  2975 I DecorView: [INFO] isPopOver=false config=false
10-10 02:14:59.823  2975  2975 I DecorView: updateCaptionType: isFloating=false isApplication=true hasWindowDecorCaption=false this=DecorView@d07386e[]
10-10 02:14:59.823  2975  2975 D DecorView: setCaptionType = 0, this = DecorView@d07386e[]
10-10 02:14:59.825  2975  2975 I DecorView: getCurrentDensityDpi: from app context. densityDpi=420 msg=resources_loaded
10-10 02:14:59.825  2975  2975 I DecorView: setWindowBackground: isPopOver=false color=0 d=android.graphics.drawable.ColorDrawable@560679c
10-10 02:14:59.833  2975  3011 D NativeCustomFrequencyManager: [NativeCFMS] BpCustomFrequencyManager::BpCustomFrequencyManager()
10-10 02:14:59.835  2975  2975 I DecorView: notifyKeepScreenOnChanged: keepScreenOn=false
10-10 02:14:59.852  2975  2975 D InsetsController: onStateChanged: InsetsState: {mDisplayFrame=Rect(0, 0 - 1080, 2400), mDisplayCutout=DisplayCutout{insets=Rect(0, 88 - 0, 0) waterfall=Insets{left=0, top=0, right=0, bottom=0} boundingRect={Bounds=[Rect(0, 0 - 0, 0), Rect(512, 0 - 568, 88), Rect(0, 0 - 0, 0), Rect(0, 0 - 0, 0)]} cutoutPathParserInfo={CutoutPathParserInfo{displayWidth=1080 displayHeight=2400 physicalDisplayWidth=1080 physicalDisplayHeight=2400 density={2.625} cutoutSpec={M 0,0 M 0,12.25101276465640 a 10.60613009248640,10.60613009248640 0 1,0 0,21.21226018497290 a 10.60613009248640,10.60613009248640 0 1,0 0,-21.21226018497290 Z @dp} rotation={0} scale={1.0} physicalPixelDisplaySizeRatio={1.0}}}}, mRoundedCorners=RoundedCorners{[RoundedCorner{position=TopLeft, radius=84, center=Point(84, 84)}, RoundedCorner{position=TopRight, radius=84, center=Point(996, 84)}, RoundedCorner{position=BottomRight, radius=84, center=Point(996, 2316)}, RoundedCorner{position=BottomLeft, radius=84, center=Point(84, 2316)}]}  mRoundedCornerFrame=Rect(0, 0 - 1080, 2400), mPrivacyIndicatorBounds=PrivacyIndicatorBounds {static bounds=Rect(964, 0 - 1080, 87) rotation=0}, mSources= { InsetsSource: {mType=ITYPE_STATUS_BAR, mFrame=[0,0][1080,88], mVisible=true, mInsetsRoundedCornerFrame=false}, InsetsSource: {mType=ITYPE_NAVIGATION_BAR, mFrame=[0,2361][1080,2400], mVisible=true, mInsetsRoundedCornerFrame=false}, InsetsSource: {mType=ITYPE_LEFT_GESTURES, mFrame=[0,0][130,2400], mVisible=true, mInsetsRoundedCornerFrame=false}, InsetsSource: {mType=ITYPE_RIGHT_GESTURES, mFrame=[950,0][1080,2400], mVisible=true, mInsetsRoundedCornerFrame=false}, InsetsSource: {mType=ITYPE_TOP_MANDATORY_GESTURES, mFrame=[0,0][1080,120], mVisible=true, mInsetsRoundedCornerFrame=false}, InsetsSource: {mType=ITYPE_BOTTOM_MANDATORY_GESTURES, mFrame=[0,2316][1080,2400], mVisible=true, mInsetsRoundedCornerFrame=false}, InsetsSource: {mType=ITYPE_LEFT_DISPLAY_CUTOUT, mFrame=[0,0][-100000,2400], mVisible=true, mInsetsRoundedCornerFrame=false}, InsetsSource: {mType=ITYPE_TOP_DISPLAY_CUTOUT, mFrame=[0,0][1080,88], mVisible=true, mInsetsRoundedCornerFrame=false}, InsetsSource: {mType=ITYPE_RIGHT_DISPLAY_CUTOUT, mFrame=[100000,0][1080,2400], mVisible=true, mInsetsRoundedCornerFrame=false}, InsetsSource: {mType=ITYPE_BOTTOM_DISPLAY_CUTOUT, mFrame=[0,100000][1080,2400], mVisible=true, mInsetsRoundedCornerFrame=false}, InsetsSource: {mType=ITYPE_TOP_TAPPABLE_ELEMENT, mFrame=[0,0][1080,88], mVisible=true, mInsetsRoundedCornerFrame=false}, InsetsSource: {mType=ITYPE_BOTTOM_TAPPABLE_ELEMENT, mFrame=[0,0][0,0], mVisible=true, mInsetsRoundedCornerFrame=false}, InsetsSource: {mType=ITYPE_IME, mFrame=[0,0][0,0], mVisibleFrame=[0,1409][1080,2400], mVisible=false, mInsetsRoundedCornerFrame=false} } host=com.lagradost.cloudstream3/com.lagradost.cloudstream3.MainActivity from=android.view.ViewRootImpl.setView:1732
10-10 02:14:59.853  2975  2975 I ViewRootImpl@daa145d[MainActivity]: setView = com.android.internal.policy.DecorView@d07386e TM=true
10-10 02:14:59.861  2975  2975 I ViewRootImpl@daa145d[MainActivity]: performTraversals params={(0,0)(fillxfill) gr=CENTER sim={adjust=pan forwardNavigation} ty=APPLICATION fmt=TRANSPARENT wanim=0x7f14000b
10-10 02:14:59.861  2975  2975 I ViewRootImpl@daa145d[MainActivity]:   fl=85810100
10-10 02:14:59.861  2975  2975 I ViewRootImpl@daa145d[MainActivity]:   pfl=12020040
10-10 02:14:59.861  2975  2975 I ViewRootImpl@daa145d[MainActivity]:   vsysui=500
10-10 02:14:59.861  2975  2975 I ViewRootImpl@daa145d[MainActivity]:   bhv=DEFAULT
10-10 02:14:59.861  2975  2975 I ViewRootImpl@daa145d[MainActivity]:   fitSides= naviIconColor=0}
10-10 02:14:59.862  2975  2975 I ViewRootImpl@daa145d[MainActivity]: performTraversals mFirst=true windowShouldResize=true viewVisibilityChanged=false mForceNextWindowRelayout=false params={(0,0)(fillxfill) gr=CENTER sim={adjust=pan forwardNavigation} ty=APPLICATION fmt=TRANSPARENT wanim=0x7f14000b
10-10 02:14:59.862  2975  2975 I ViewRootImpl@daa145d[MainActivity]:   fl=85810100
10-10 02:14:59.862  2975  2975 I ViewRootImpl@daa145d[MainActivity]:   pfl=12020040
10-10 02:14:59.862  2975  2975 I ViewRootImpl@daa145d[MainActivity]:   vsysui=500
10-10 02:14:59.862  2975  2975 I ViewRootImpl@daa145d[MainActivity]:   bhv=DEFAULT
10-10 02:14:59.862  2975  2975 I ViewRootImpl@daa145d[MainActivity]:   fitSides= naviIconColor=0}
10-10 02:14:59.880  2975  2975 I ViewRootImpl@daa145d[MainActivity]: updateBlastSurfaceIfNeeded mBlastBufferQueue=null isSameSurfaceControl=false
10-10 02:14:59.881  2975  2975 I BLASTBufferQueue: new BLASTBufferQueue, mName= ViewRootImpl@daa145d[MainActivity] mNativeObject= 0x7bdaae7f00 sc.mNativeObject= 0x7b5d4ebc60 caller= android.view.ViewRootImpl.updateBlastSurfaceIfNeeded:2909 android.view.ViewRootImpl.relayoutWindow:9847 android.view.ViewRootImpl.performTraversals:3884 android.view.ViewRootImpl.doTraversal:3116 android.view.ViewRootImpl$TraversalRunnable.run:10885 android.view.Choreographer$CallbackRecord.run:1301 android.view.Choreographer$CallbackRecord.run:1309 android.view.Choreographer.doCallbacks:923 android.view.Choreographer.doFrame:852 android.view.Choreographer$FrameDisplayEventReceiver.run:1283 
10-10 02:14:59.881  2975  2975 I BLASTBufferQueue: update, w= 1080 h= 2400 mName = ViewRootImpl@daa145d[MainActivity] mNativeObject= 0x7bdaae7f00 sc.mNativeObject= 0x7b5d4ebc60 format= -2 caller= android.graphics.BLASTBufferQueue.<init>:84 android.view.ViewRootImpl.updateBlastSurfaceIfNeeded:2909 android.view.ViewRootImpl.relayoutWindow:9847 android.view.ViewRootImpl.performTraversals:3884 android.view.ViewRootImpl.doTraversal:3116 android.view.ViewRootImpl$TraversalRunnable.run:10885 
10-10 02:14:59.882  2975  2975 I ViewRootImpl@daa145d[MainActivity]: Relayout returned: old=(0,0,1080,2400) new=(0,0,1080,2400) req=(1080,2400)0 dur=18 res=0x3 s={true 0x7b22b1f800} ch=true seqId=0
10-10 02:14:59.883  2975  2975 I ViewRootImpl@daa145d[MainActivity]: mThreadedRenderer.initialize() mSurface={isValid=true 0x7b22b1f800} hwInitialized=true
10-10 02:14:59.884  2975  3011 D OpenGLRenderer: eglCreateWindowSurface
10-10 02:14:59.888  2975  2975 I ViewRootImpl@daa145d[MainActivity]: reportNextDraw android.view.ViewRootImpl.performTraversals:4438 android.view.ViewRootImpl.doTraversal:3116 android.view.ViewRootImpl$TraversalRunnable.run:10885 android.view.Choreographer$CallbackRecord.run:1301 android.view.Choreographer$CallbackRecord.run:1309 
10-10 02:14:59.889  2975  2975 I ViewRootImpl@daa145d[MainActivity]: Setup new sync id=0
10-10 02:14:59.889  2975  2975 I ViewRootImpl@daa145d[MainActivity]: Setting syncFrameCallback
10-10 02:14:59.889  2975  2975 I ViewRootImpl@daa145d[MainActivity]: registerCallbacksForSync syncBuffer=false
10-10 02:14:59.891  2975  3172 I ViewRootImpl@daa145d[MainActivity]: Received frameDrawingCallback syncResult=0 frameNum=1.
10-10 02:14:59.891  2975  3172 I ViewRootImpl@daa145d[MainActivity]: Setting up sync and frameCommitCallback
10-10 02:14:59.903  2975  3011 I BLASTBufferQueue: [ViewRootImpl@daa145d[MainActivity]#5](f:0,a:0) onFrameAvailable the first frame is available
10-10 02:14:59.904  2975  3011 I ViewRootImpl@daa145d[MainActivity]: Received frameCommittedCallback lastAttemptedDrawFrameNum=1 didProduceBuffer=true
10-10 02:14:59.908  2975  3011 D OpenGLRenderer: CFMS:: SetUp Pid : 2975    Tid : 3011
10-10 02:14:59.912  2975  2975 I ViewRootImpl@daa145d[MainActivity]: onSyncComplete
10-10 02:14:59.912  2975  2975 I ViewRootImpl@daa145d[MainActivity]: setupSync seqId=0 mSyncId=0 fn=1 caller=android.view.ViewRootImpl$$ExternalSyntheticLambda11.accept:6 android.window.SurfaceSyncer.lambda$setupSync$1$android-window-SurfaceSyncer:128 android.window.SurfaceSyncer$$ExternalSyntheticLambda1.accept:8 android.window.SurfaceSyncer$SyncSet.checkIfSyncIsComplete:382 android.window.SurfaceSyncer$SyncSet.markSyncReady:359 android.window.SurfaceSyncer.markSyncReady:151 android.view.ViewRootImpl.performTraversals:4503 
10-10 02:14:59.913  2975  2975 I ViewRootImpl@daa145d[MainActivity]: reportDrawFinished seqId=0 mSyncId=-1 fn=1 mSurfaceChangedTransaction=0x7b22a2e600
10-10 02:14:59.917  2975  2975 D InsetsController: onStateChanged: InsetsState: {mDisplayFrame=Rect(0, 0 - 1080, 2400), mDisplayCutout=DisplayCutout{insets=Rect(0, 88 - 0, 0) waterfall=Insets{left=0, top=0, right=0, bottom=0} boundingRect={Bounds=[Rect(0, 0 - 0, 0), Rect(512, 0 - 568, 88), Rect(0, 0 - 0, 0), Rect(0, 0 - 0, 0)]} cutoutPathParserInfo={CutoutPathParserInfo{displayWidth=1080 displayHeight=2400 physicalDisplayWidth=1080 physicalDisplayHeight=2400 density={2.625} cutoutSpec={M 0,0 M 0,12.25101276465640 a 10.60613009248640,10.60613009248640 0 1,0 0,21.21226018497290 a 10.60613009248640,10.60613009248640 0 1,0 0,-21.21226018497290 Z @dp} rotation={0} scale={1.0} physicalPixelDisplaySizeRatio={1.0}}}}, mRoundedCorners=RoundedCorners{[RoundedCorner{position=TopLeft, radius=84, center=Point(84, 84)}, RoundedCorner{position=TopRight, radius=84, center=Point(996, 84)}, RoundedCorner{position=BottomRight, radius=84, center=Point(996, 2316)}, RoundedCorner{position=BottomLeft, radius=84, center=Point(84, 2316)}]}  mRoundedCornerFrame=Rect(0, 0 - 1080, 2400), mPrivacyIndicatorBounds=PrivacyIndicatorBounds {static bounds=Rect(964, 0 - 1080, 87) rotation=0}, mSources= { InsetsSource: {mType=ITYPE_STATUS_BAR, mFrame=[0,0][1080,88], mVisible=true, mInsetsRoundedCornerFrame=false}, InsetsSource: {mType=ITYPE_NAVIGATION_BAR, mFrame=[0,2361][1080,2400], mVisible=true, mInsetsRoundedCornerFrame=false}, InsetsSource: {mType=ITYPE_LEFT_GESTURES, mFrame=[0,0][130,2400], mVisible=true, mInsetsRoundedCornerFrame=false}, InsetsSource: {mType=ITYPE_RIGHT_GESTURES, mFrame=[950,0][1080,2400], mVisible=true, mInsetsRoundedCornerFrame=false}, InsetsSource: {mType=ITYPE_TOP_MANDATORY_GESTURES, mFrame=[0,0][1080,120], mVisible=true, mInsetsRoundedCornerFrame=false}, InsetsSource: {mType=ITYPE_BOTTOM_MANDATORY_GESTURES, mFrame=[0,2316][1080,2400], mVisible=true, mInsetsRoundedCornerFrame=false}, InsetsSource: {mType=ITYPE_LEFT_DISPLAY_CUTOUT, mFrame=[0,0][-100000,2400], mVisible=true, mInsetsRoundedCornerFrame=false}, InsetsSource: {mType=ITYPE_TOP_DISPLAY_CUTOUT, mFrame=[0,0][1080,88], mVisible=true, mInsetsRoundedCornerFrame=false}, InsetsSource: {mType=ITYPE_RIGHT_DISPLAY_CUTOUT, mFrame=[100000,0][1080,2400], mVisible=true, mInsetsRoundedCornerFrame=false}, InsetsSource: {mType=ITYPE_BOTTOM_DISPLAY_CUTOUT, mFrame=[0,100000][1080,2400], mVisible=true, mInsetsRoundedCornerFrame=false}, InsetsSource: {mType=ITYPE_TOP_TAPPABLE_ELEMENT, mFrame=[0,0][1080,88], mVisible=true, mInsetsRoundedCornerFrame=false}, InsetsSource: {mType=ITYPE_BOTTOM_TAPPABLE_ELEMENT, mFrame=[0,0][0,0], mVisible=true, mInsetsRoundedCornerFrame=false} } host=com.lagradost.cloudstream3/com.lagradost.cloudstream3.MainActivity from=android.view.ViewRootImpl$ViewRootHandler.handleMessageImpl:6740
10-10 02:14:59.919  2975  2975 I ViewRootImpl@c867560[MainActivity]: MSG_WINDOW_FOCUS_CHANGED 0 0
10-10 02:14:59.940  2975  2975 I ViewRootImpl@c867560[MainActivity]: MSG_WINDOW_FOCUS_CHANGED 0 0
10-10 02:14:59.983  2975  2975 I ViewRootImpl@daa145d[MainActivity]: MSG_WINDOW_FOCUS_CHANGED 1 0
10-10 02:14:59.983  2975  2975 I ViewRootImpl@daa145d[MainActivity]: mThreadedRenderer.initializeIfNeeded()#2 mSurface={isValid=true 0x7b22b1f800}
10-10 02:14:59.984  2975  2975 D InputMethodManager: startInputInner - Id : 0
10-10 02:14:59.985  2975  2975 I InputMethodManager: startInputInner - mService.startInputOrWindowGainedFocus
10-10 02:15:00.203  2975  3070 D EgyDead : Document title: Ù…Ø´Ø§Ù‡Ø¯Ø© ÙÙŠÙ„Ù… Pretty Crazy 2025 Ù…ØªØ±Ø¬Ù… | Ø§ÙŠØ¬ÙŠ Ø¯ÙŠØ¯
10-10 02:15:00.204  2975  3070 D EgyDead : Found 7 potential server elements.
10-10 02:15:00.204  2975  3070 D EgyDead : Server data-link 0: https://hglink.to/e/1woe41gjgjoq
10-10 02:15:00.204  2975  3070 D EgyDead : Server data-link 1: https://bigwarp.pro/embed-mdxvolfllzac.html
10-10 02:15:00.204  2975  3070 D EgyDead : Server data-link 2: https://forafile.com/embed-baqfr6isex0d.html
10-10 02:15:00.204  2975  3070 D EgyDead : Server data-link 3: https://dingtezuni.com/v/tdlmjxaur8um
10-10 02:15:00.204  2975  3070 D EgyDead : Server data-link 4: https://mxdrop.to/e/vklg8l06in18o
10-10 02:15:00.204  2975  3070 D EgyDead : Server data-link 5: https://dsvplay.com/e/meg431jvc2x9
10-10 02:15:00.204  2975  3070 D EgyDead : Server data-link 6: https://listeamed.net/e/NMRLEpo96RexXaG
10-10 02:15:00.698  2975  3070 D RepoLink: Loaded ExtractorLink: ExtractorLink(name=Bigwarp 2101 kbps, url=https://fs69.bigwarp.io/v/01/02035/mdxvolfllzac_x/x.mp4?t=KSvpnBZph5NKDRLA_tMQDFnDjZt12j9ASKwylW-kzF4&s=1760058900&e=43200&f=10175030&sp=1000&i=0.0&kmnr=356368249872, referer=https://bigwarp.pro/embed-mdxvolfllzac.html, type=VIDEO)
10-10 02:15:00.698  2975  3070 D RepoLink: Loaded ExtractorLink: ExtractorLink(name=Bigwarp 1889 kbps, url=https://fs69.bigwarp.io/v/01/02035/mdxvolfllzac_o/o.mp4?t=O--OtF7GxCWsc8UC6-BslDQ9WbOIlnyvO3G_U5qVm7Y&s=1760058900&e=43200&f=10175030&sp=600&i=0.0&kmnr=356368249872, referer=https://bigwarp.pro/embed-mdxvolfllzac.html, type=VIDEO)
10-10 02:15:00.978  2975  3070 D RepoLink: Loaded ExtractorLink: ExtractorLink(name=MixDrop, url=https://s-delivery26.mxcontent.net/v2/vklg8l06in18o.mp4?s=klqZaHdIMYzvg2pZxmhezQ&e=1760080500&_t=1760066238, referer=https://mxdrop.to/e/vklg8l06in18o, type=VIDEO)
10-10 02:15:01.134  2975  2993 I st.cloudstream3: Background concurrent copying GC freed 12MB AllocSpace bytes, 75(3668KB) LOS objects, 48% free, 25MB/49MB, paused 216us,110us total 186.967ms
10-10 02:15:01.141  2975  3011 D OpenGLRenderer: setSurface called with nullptr
10-10 02:15:01.141  2975  2995 D InputTransport: Input channel destroyed: 'ClientS', fd=121
10-10 02:15:01.141  2975  2995 D InputTransport: Input channel destroyed: 'ClientS', fd=253
