10-10 02:15:01.501  2975  3070 D RepoLink: Loaded ExtractorLink: ExtractorLink(name=Vidguard, url=https://7p1z2bdanj.guardstorage.net/hls_3/2nH17s6xdViJ5-NoTZNsf9hvOt811SLVHfYhup2ekHz-8c3g6yPKolXamDXEUhV8TbNwGe5pHOOJt6X1IhC8d50MRH7Y1NXipKn7KtsKLWetVhOhbBwfXSqFvYxc017RhUllvw43pr7Rh_1ups378LAyMSjrAek9Da_Xwv1VWf48FgcnapDA6b1h3vXNR2btT249NCVt0CMA8wu9_b9Z9w/master.m3u8?sig=Y93dGoDvvm31uHLPF6mBQg&expires=1760067900, referer=https://listeamed.net, type=M3U8)
10-10 02:15:01.507  2975  3070 D RepoLink: Loaded ExtractorLink: ExtractorLink(name=DoodStream, url=https://oi321o.cloudatacdn.com/u5kj64ajqlb3sdgge575eoytj6bpdjn3v3mwdfu3qlv6kkrjamgh4obknz4a/3oi69v27lk~0zWWOaspyn?token=qovgq1x3avggt61drklo3c7y, referer=https://ds2play.com/, type=VIDEO)
10-10 02:15:01.587  2975  2992 I st.cloudstream3: Compiler allocated 7061KB to compile java.lang.Object org.mozilla.javascript.Interpreter.interpretLoop(org.mozilla.javascript.Context, org.mozilla.javascript.Interpreter$CallFrame, java.lang.Object)
10-10 02:15:02.032  2975  3070 D ApiError: -------------------------------------------------------------------
10-10 02:15:02.033  2975  3070 D ApiError: safeApiCall: can't bypass captcha
10-10 02:15:02.033  2975  3070 D ApiError: safeApiCall: can't bypass captcha
10-10 02:15:02.033  2975  3070 W System.err: com.lagradost.cloudstream3.ErrorLoadingException: can't bypass captcha
10-10 02:15:02.033  2975  3070 W System.err: 	at com.lagradost.cloudstream3.extractors.Zorofile.getUrl$suspendImpl(Zorofile.kt:34)
10-10 02:15:02.033  2975  3070 W System.err: 	at com.lagradost.cloudstream3.extractors.Zorofile$getUrl$1.invokeSuspend(Unknown Source:18)
10-10 02:15:02.033  2975  3070 W System.err: 	at kotlin.coroutines.jvm.internal.BaseContinuationImpl.resumeWith(ContinuationImpl.kt:33)
10-10 02:15:02.033  2975  3070 W System.err: 	at kotlinx.coroutines.DispatchedTask.run(DispatchedTask.kt:100)
10-10 02:15:02.033  2975  3070 W System.err: 	at kotlinx.coroutines.EventLoopImplBase.processNextEvent(EventLoop.common.kt:263)
10-10 02:15:02.033  2975  3070 W System.err: 	at kotlinx.coroutines.BlockingCoroutine.joinBlocking(Builders.kt:95)
10-10 02:15:02.033  2975  3070 W System.err: 	at kotlinx.coroutines.BuildersKt__BuildersKt.runBlocking(Builders.kt:69)
10-10 02:15:02.033  2975  3070 W System.err: 	at kotlinx.coroutines.BuildersKt.runBlocking(Unknown Source:1)
10-10 02:15:02.033  2975  3070 W System.err: 	at kotlinx.coroutines.BuildersKt__BuildersKt.runBlocking$default(Builders.kt:47)
10-10 02:15:02.033  2975  3070 W System.err: 	at kotlinx.coroutines.BuildersKt.runBlocking$default(Unknown Source:1)
10-10 02:15:02.033  2975  3070 W System.err: 	at com.lagradost.cloudstream3.ParCollectionsKt.apmap(ParCollections.kt:49)
10-10 02:15:02.033  2975  3070 W System.err: 	at com.egydead.EgyDeadProvider.loadLinks(EgyDeadProvider.kt:188)
10-10 02:15:02.034  2975  3070 W System.err: 	at com.egydead.EgyDeadProvider$loadLinks$1.invokeSuspend(Unknown Source:18)
10-10 02:15:02.034  2975  3070 W System.err: 	at kotlin.coroutines.jvm.internal.BaseContinuationImpl.resumeWith(ContinuationImpl.kt:33)
10-10 02:15:02.034  2975  3070 W System.err: 	at kotlinx.coroutines.DispatchedTask.run(DispatchedTask.kt:100)
10-10 02:15:02.034  2975  3070 W System.err: 	at kotlinx.coroutines.internal.LimitedDispatcher$Worker.run(LimitedDispatcher.kt:113)
10-10 02:15:02.034  2975  3070 W System.err: 	at kotlinx.coroutines.scheduling.TaskImpl.run(Tasks.kt:89)
10-10 02:15:02.034  2975  3070 W System.err: 	at kotlinx.coroutines.scheduling.CoroutineScheduler.runSafely(CoroutineScheduler.kt:586)
10-10 02:15:02.034  2975  3070 W System.err: 	at kotlinx.coroutines.scheduling.CoroutineScheduler$Worker.executeTask(CoroutineScheduler.kt:820)
10-10 02:15:02.034  2975  3070 W System.err: 	at kotlinx.coroutines.scheduling.CoroutineScheduler$Worker.runWorker(CoroutineScheduler.kt:717)
10-10 02:15:02.034  2975  3070 W System.err: 	at kotlinx.coroutines.scheduling.CoroutineScheduler$Worker.run(CoroutineScheduler.kt:704)
10-10 02:15:02.034  2975  3070 D ApiError: -------------------------------------------------------------------
10-10 02:15:02.041  2975  2975 I MSHandlerLifeCycle: removeMultiSplitHandler: no exist. decor=DecorView@d07386e[MainActivity]
10-10 02:15:02.054  2975  3011 D OpenGLRenderer: setSurface called with nullptr
10-10 02:15:02.054  2975  3011 D OpenGLRenderer: setSurface() destroyed EGLSurface
10-10 02:15:02.054  2975  3011 D OpenGLRenderer: destroyEglSurface
10-10 02:15:02.064  2975  2975 I ViewRootImpl@daa145d[MainActivity]: dispatchDetachedFromWindow
10-10 02:15:02.087  2975  2975 D InputTransport: Input channel destroyed: 'ad937ef', fd=135
10-10 02:15:02.090  2975  2975 I Dialog  : mIsDeviceDefault = false, mIsSamsungBasicInteraction = false, isMetaDataInActivity = false
10-10 02:15:02.128  2975  2975 I DecorView: [INFO] isPopOver=false config=false
10-10 02:15:02.128  2975  2975 I DecorView: updateCaptionType: isFloating=false isApplication=true hasWindowDecorCaption=false this=DecorView@f658ab[]
10-10 02:15:02.128  2975  2975 D DecorView: setCaptionType = 0, this = DecorView@f658ab[]
10-10 02:15:02.130  2975  2975 I DecorView: getCurrentDensityDpi: from app context. densityDpi=420 msg=resources_loaded
10-10 02:15:02.130  2975  2975 I DecorView: setWindowBackground: isPopOver=false color=0 d=android.graphics.drawable.ColorDrawable@c7352a1
10-10 02:15:02.137  2975  3011 D NativeCustomFrequencyManager: [NativeCFMS] BpCustomFrequencyManager::BpCustomFrequencyManager()
10-10 02:15:02.138  2975  2975 I DecorView: notifyKeepScreenOnChanged: keepScreenOn=false
10-10 02:15:02.155  2975  2975 D InsetsController: onStateChanged: InsetsState: {mDisplayFrame=Rect(0, 0 - 1080, 2400), mDisplayCutout=DisplayCutout{insets=Rect(0, 88 - 0, 0) waterfall=Insets{left=0, top=0, right=0, bottom=0} boundingRect={Bounds=[Rect(0, 0 - 0, 0), Rect(512, 0 - 568, 88), Rect(0, 0 - 0, 0), Rect(0, 0 - 0, 0)]} cutoutPathParserInfo={CutoutPathParserInfo{displayWidth=1080 displayHeight=2400 physicalDisplayWidth=1080 physicalDisplayHeight=2400 density={2.625} cutoutSpec={M 0,0 M 0,12.25101276465640 a 10.60613009248640,10.60613009248640 0 1,0 0,21.21226018497290 a 10.60613009248640,10.60613009248640 0 1,0 0,-21.21226018497290 Z @dp} rotation={0} scale={1.0} physicalPixelDisplaySizeRatio={1.0}}}}, mRoundedCorners=RoundedCorners{[RoundedCorner{position=TopLeft, radius=84, center=Point(84, 84)}, RoundedCorner{position=TopRight, radius=84, center=Point(996, 84)}, RoundedCorner{position=BottomRight, radius=84, center=Point(996, 2316)}, RoundedCorner{position=BottomLeft, radius=84, center=Point(84, 2316)}]}  mRoundedCornerFrame=Rect(0, 0 - 1080, 2400), mPrivacyIndicatorBounds=PrivacyIndicatorBounds {static bounds=Rect(964, 0 - 1080, 87) rotation=0}, mSources= { InsetsSource: {mType=ITYPE_STATUS_BAR, mFrame=[0,0][1080,88], mVisible=true, mInsetsRoundedCornerFrame=false}, InsetsSource: {mType=ITYPE_NAVIGATION_BAR, mFrame=[0,2361][1080,2400], mVisible=true, mInsetsRoundedCornerFrame=false}, InsetsSource: {mType=ITYPE_LEFT_GESTURES, mFrame=[0,0][130,2400], mVisible=true, mInsetsRoundedCornerFrame=false}, InsetsSource: {mType=ITYPE_RIGHT_GESTURES, mFrame=[950,0][1080,2400], mVisible=true, mInsetsRoundedCornerFrame=false}, InsetsSource: {mType=ITYPE_TOP_MANDATORY_GESTURES, mFrame=[0,0][1080,120], mVisible=true, mInsetsRoundedCornerFrame=false}, InsetsSource: {mType=ITYPE_BOTTOM_MANDATORY_GESTURES, mFrame=[0,2316][1080,2400], mVisible=true, mInsetsRoundedCornerFrame=false}, InsetsSource: {mType=ITYPE_LEFT_DISPLAY_CUTOUT, mFrame=[0,0][-100000,2400], mVisible=true, mInsetsRoundedCornerFrame=false}, InsetsSource: {mType=ITYPE_TOP_DISPLAY_CUTOUT, mFrame=[0,0][1080,88], mVisible=true, mInsetsRoundedCornerFrame=false}, InsetsSource: {mType=ITYPE_RIGHT_DISPLAY_CUTOUT, mFrame=[100000,0][1080,2400], mVisible=true, mInsetsRoundedCornerFrame=false}, InsetsSource: {mType=ITYPE_BOTTOM_DISPLAY_CUTOUT, mFrame=[0,100000][1080,2400], mVisible=true, mInsetsRoundedCornerFrame=false}, InsetsSource: {mType=ITYPE_TOP_TAPPABLE_ELEMENT, mFrame=[0,0][1080,88], mVisible=true, mInsetsRoundedCornerFrame=false}, InsetsSource: {mType=ITYPE_BOTTOM_TAPPABLE_ELEMENT, mFrame=[0,0][0,0], mVisible=true, mInsetsRoundedCornerFrame=false}, InsetsSource: {mType=ITYPE_IME, mFrame=[0,0][0,0], mVisibleFrame=[0,1409][1080,2400], mVisible=false, mInsetsRoundedCornerFrame=false} } host=com.lagradost.cloudstream3/com.lagradost.cloudstream3.MainActivity from=android.view.ViewRootImpl.setView:1732
10-10 02:15:02.158  2975  2975 I ViewRootImpl@3474e9e[MainActivity]: setView = com.android.internal.policy.DecorView@f658ab TM=true
10-10 02:15:02.174  2975  2975 I ViewRootImpl@3474e9e[MainActivity]: performTraversals params={(0,0)(fillxfill) gr=CENTER sim={adjust=resize forwardNavigation} ty=APPLICATION fmt=TRANSPARENT wanim=0x7f14000b
10-10 02:15:02.174  2975  2975 I ViewRootImpl@3474e9e[MainActivity]:   fl=85810100
10-10 02:15:02.174  2975  2975 I ViewRootImpl@3474e9e[MainActivity]:   pfl=12020040
10-10 02:15:02.174  2975  2975 I ViewRootImpl@3474e9e[MainActivity]:   vsysui=500
10-10 02:15:02.174  2975  2975 I ViewRootImpl@3474e9e[MainActivity]:   bhv=DEFAULT
10-10 02:15:02.174  2975  2975 I ViewRootImpl@3474e9e[MainActivity]:   fitSides= naviIconColor=0}
10-10 02:15:02.174  2975  2975 I ViewRootImpl@3474e9e[MainActivity]: performTraversals mFirst=true windowShouldResize=true viewVisibilityChanged=false mForceNextWindowRelayout=false params={(0,0)(fillxfill) gr=CENTER sim={adjust=resize forwardNavigation} ty=APPLICATION fmt=TRANSPARENT wanim=0x7f14000b
10-10 02:15:02.174  2975  2975 I ViewRootImpl@3474e9e[MainActivity]:   fl=85810100
10-10 02:15:02.174  2975  2975 I ViewRootImpl@3474e9e[MainActivity]:   pfl=12020040
10-10 02:15:02.174  2975  2975 I ViewRootImpl@3474e9e[MainActivity]:   vsysui=500
10-10 02:15:02.174  2975  2975 I ViewRootImpl@3474e9e[MainActivity]:   bhv=DEFAULT
10-10 02:15:02.174  2975  2975 I ViewRootImpl@3474e9e[MainActivity]:   fitSides= naviIconColor=0}
10-10 02:15:02.188  2975  2975 I ViewRootImpl@3474e9e[MainActivity]: updateBlastSurfaceIfNeeded mBlastBufferQueue=null isSameSurfaceControl=false
10-10 02:15:02.189  2975  2975 I BLASTBufferQueue: new BLASTBufferQueue, mName= ViewRootImpl@3474e9e[MainActivity] mNativeObject= 0x7ca9456d00 sc.mNativeObject= 0x7bed81eec0 caller= android.view.ViewRootImpl.updateBlastSurfaceIfNeeded:2909 android.view.ViewRootImpl.relayoutWindow:9847 android.view.ViewRootImpl.performTraversals:3884 android.view.ViewRootImpl.doTraversal:3116 android.view.ViewRootImpl$TraversalRunnable.run:10885 android.view.Choreographer$CallbackRecord.run:1301 android.view.Choreographer$CallbackRecord.run:1309 android.view.Choreographer.doCallbacks:923 android.view.Choreographer.doFrame:852 android.view.Choreographer$FrameDisplayEventReceiver.run:1283 
10-10 02:15:02.189  2975  2975 I BLASTBufferQueue: update, w= 1080 h= 2400 mName = ViewRootImpl@3474e9e[MainActivity] mNativeObject= 0x7ca9456d00 sc.mNativeObject= 0x7bed81eec0 format= -2 caller= android.graphics.BLASTBufferQueue.<init>:84 android.view.ViewRootImpl.updateBlastSurfaceIfNeeded:2909 android.view.ViewRootImpl.relayoutWindow:9847 android.view.ViewRootImpl.performTraversals:3884 android.view.ViewRootImpl.doTraversal:3116 android.view.ViewRootImpl$TraversalRunnable.run:10885 
10-10 02:15:02.189  2975  2975 I ViewRootImpl@3474e9e[MainActivity]: Relayout returned: old=(0,0,1080,2400) new=(0,0,1080,2400) req=(1080,2400)0 dur=14 res=0x3 s={true 0x7b22b1f800} ch=true seqId=0
10-10 02:15:02.190  2975  2975 I ViewRootImpl@3474e9e[MainActivity]: mThreadedRenderer.initialize() mSurface={isValid=true 0x7b22b1f800} hwInitialized=true
10-10 02:15:02.191  2975  3011 D OpenGLRenderer: eglCreateWindowSurface
10-10 02:15:02.201  2975  2975 D AbsListView:  in onLayout changed 
10-10 02:15:02.202  2975  2975 I ViewRootImpl@3474e9e[MainActivity]: reportNextDraw android.view.ViewRootImpl.performTraversals:4438 android.view.ViewRootImpl.doTraversal:3116 android.view.ViewRootImpl$TraversalRunnable.run:10885 android.view.Choreographer$CallbackRecord.run:1301 android.view.Choreographer$CallbackRecord.run:1309 
10-10 02:15:02.202  2975  2975 I ViewRootImpl@3474e9e[MainActivity]: Setup new sync id=0
10-10 02:15:02.202  2975  2975 I ViewRootImpl@3474e9e[MainActivity]: Setting syncFrameCallback
10-10 02:15:02.202  2975  2975 I ViewRootImpl@3474e9e[MainActivity]: registerCallbacksForSync syncBuffer=false
10-10 02:15:02.204  2975  3173 I ViewRootImpl@3474e9e[MainActivity]: Received frameDrawingCallback syncResult=0 frameNum=1.
10-10 02:15:02.204  2975  3173 I ViewRootImpl@3474e9e[MainActivity]: Setting up sync and frameCommitCallback
10-10 02:15:02.209  2975  3011 I BLASTBufferQueue: [ViewRootImpl@3474e9e[MainActivity]#6](f:0,a:0) onFrameAvailable the first frame is available
10-10 02:15:02.210  2975  3011 I ViewRootImpl@3474e9e[MainActivity]: Received frameCommittedCallback lastAttemptedDrawFrameNum=1 didProduceBuffer=true
10-10 02:15:02.214  2975  3011 D OpenGLRenderer: CFMS:: SetUp Pid : 2975    Tid : 3011
10-10 02:15:02.218  2975  2975 I ViewRootImpl@3474e9e[MainActivity]: onSyncComplete
10-10 02:15:02.219  2975  2975 I ViewRootImpl@3474e9e[MainActivity]: setupSync seqId=0 mSyncId=0 fn=1 caller=android.view.ViewRootImpl$$ExternalSyntheticLambda11.accept:6 android.window.SurfaceSyncer.lambda$setupSync$1$android-window-SurfaceSyncer:128 android.window.SurfaceSyncer$$ExternalSyntheticLambda1.accept:8 android.window.SurfaceSyncer$SyncSet.checkIfSyncIsComplete:382 android.window.SurfaceSyncer$SyncSet.markSyncReady:359 android.window.SurfaceSyncer.markSyncReady:151 android.view.ViewRootImpl.performTraversals:4503 
10-10 02:15:02.219  2975  2975 I ViewRootImpl@3474e9e[MainActivity]: reportDrawFinished seqId=0 mSyncId=-1 fn=1 mSurfaceChangedTransaction=0x7bed6f2300
10-10 02:15:02.222  2975  2975 D InsetsController: onStateChanged: InsetsState: {mDisplayFrame=Rect(0, 0 - 1080, 2400), mDisplayCutout=DisplayCutout{insets=Rect(0, 88 - 0, 0) waterfall=Insets{left=0, top=0, right=0, bottom=0} boundingRect={Bounds=[Rect(0, 0 - 0, 0), Rect(512, 0 - 568, 88), Rect(0, 0 - 0, 0), Rect(0, 0 - 0, 0)]} cutoutPathParserInfo={CutoutPathParserInfo{displayWidth=1080 displayHeight=2400 physicalDisplayWidth=1080 physicalDisplayHeight=2400 density={2.625} cutoutSpec={M 0,0 M 0,12.25101276465640 a 10.60613009248640,10.60613009248640 0 1,0 0,21.21226018497290 a 10.60613009248640,10.60613009248640 0 1,0 0,-21.21226018497290 Z @dp} rotation={0} scale={1.0} physicalPixelDisplaySizeRatio={1.0}}}}, mRoundedCorners=RoundedCorners{[RoundedCorner{position=TopLeft, radius=84, center=Point(84, 84)}, RoundedCorner{position=TopRight, radius=84, center=Point(996, 84)}, RoundedCorner{position=BottomRight, radius=84, center=Point(996, 2316)}, RoundedCorner{position=BottomLeft, radius=84, center=Point(84, 2316)}]}  mRoundedCornerFrame=Rect(0, 0 - 1080, 2400), mPrivacyIndicatorBounds=PrivacyIndicatorBounds {static bounds=Rect(964, 0 - 1080, 87) rotation=0}, mSources= { InsetsSource: {mType=ITYPE_STATUS_BAR, mFrame=[0,0][1080,88], mVisible=true, mInsetsRoundedCornerFrame=false}, InsetsSource: {mType=ITYPE_NAVIGATION_BAR, mFrame=[0,2361][1080,2400], mVisible=true, mInsetsRoundedCornerFrame=false}, InsetsSource: {mType=ITYPE_LEFT_GESTURES, mFrame=[0,0][130,2400], mVisible=true, mInsetsRoundedCornerFrame=false}, InsetsSource: {mType=ITYPE_RIGHT_GESTURES, mFrame=[950,0][1080,2400], mVisible=true, mInsetsRoundedCornerFrame=false}, InsetsSource: {mType=ITYPE_TOP_MANDATORY_GESTURES, mFrame=[0,0][1080,120], mVisible=true, mInsetsRoundedCornerFrame=false}, InsetsSource: {mType=ITYPE_BOTTOM_MANDATORY_GESTURES, mFrame=[0,2316][1080,2400], mVisible=true, mInsetsRoundedCornerFrame=false}, InsetsSource: {mType=ITYPE_LEFT_DISPLAY_CUTOUT, mFrame=[0,0][-100000,2400], mVisible=true, mInsetsRoundedCornerFrame=false}, InsetsSource: {mType=ITYPE_TOP_DISPLAY_CUTOUT, mFrame=[0,0][1080,88], mVisible=true, mInsetsRoundedCornerFrame=false}, InsetsSource: {mType=ITYPE_RIGHT_DISPLAY_CUTOUT, mFrame=[100000,0][1080,2400], mVisible=true, mInsetsRoundedCornerFrame=false}, InsetsSource: {mType=ITYPE_BOTTOM_DISPLAY_CUTOUT, mFrame=[0,100000][1080,2400], mVisible=true, mInsetsRoundedCornerFrame=false}, InsetsSource: {mType=ITYPE_TOP_TAPPABLE_ELEMENT, mFrame=[0,0][1080,88], mVisible=true, mInsetsRoundedCornerFrame=false}, InsetsSource: {mType=ITYPE_BOTTOM_TAPPABLE_ELEMENT, mFrame=[0,0][0,0], mVisible=true, mInsetsRoundedCornerFrame=false} } host=com.lagradost.cloudstream3/com.lagradost.cloudstream3.MainActivity from=android.view.ViewRootImpl$ViewRootHandler.handleMessageImpl:6740
10-10 02:15:02.223  2975  2975 I ViewRootImpl@c867560[MainActivity]: MSG_WINDOW_FOCUS_CHANGED 0 0
10-10 02:15:02.235  2975  2975 I ViewRootImpl@c867560[MainActivity]: MSG_WINDOW_FOCUS_CHANGED 0 0
10-10 02:15:02.281  2975  2975 I ViewRootImpl@3474e9e[MainActivity]: MSG_WINDOW_FOCUS_CHANGED 1 0
10-10 02:15:02.281  2975  2975 I ViewRootImpl@3474e9e[MainActivity]: mThreadedRenderer.initializeIfNeeded()#2 mSurface={isValid=true 0x7b22b1f800}
10-10 02:15:02.282  2975  2975 D InputMethodManager: startInputInner - Id : 0
10-10 02:15:02.283  2975  2975 I InputMethodManager: startInputInner - mService.startInputOrWindowGainedFocus
10-10 02:15:03.360  2975  2975 I ViewRootImpl@3474e9e[MainActivity]: ViewPostIme pointer 0
10-10 02:15:03.468  2975  2975 I ViewRootImpl@3474e9e[MainActivity]: ViewPostIme pointer 1
10-10 02:15:03.473  2975  2975 I MSHandlerLifeCycle: removeMultiSplitHandler: no exist. decor=DecorView@f658ab[MainActivity]
10-10 02:15:03.475  2975  3011 D OpenGLRenderer: setSurface called with nullptr
10-10 02:15:03.475  2975  3011 D OpenGLRenderer: setSurface() destroyed EGLSurface
10-10 02:15:03.475  2975  3011 D OpenGLRenderer: destroyEglSurface
10-10 02:15:03.477  2975  2975 I ViewRootImpl@3474e9e[MainActivity]: dispatchDetachedFromWindow
10-10 02:15:03.505  2975  2975 D InputTransport: Input channel destroyed: 'ab81a2e', fd=127
10-10 02:15:03.508  2975  2975 D InsetsController: onStateChanged: InsetsState: {mDisplayFrame=Rect(0, 0 - 1080, 2400), mDisplayCutout=DisplayCutout{insets=Rect(0, 88 - 0, 0) waterfall=Insets{left=0, top=0, right=0, bottom=0} boundingRect={Bounds=[Rect(0, 0 - 0, 0), Rect(512, 0 - 568, 88), Rect(0, 0 - 0, 0), Rect(0, 0 - 0, 0)]} cutoutPathParserInfo={CutoutPathParserInfo{displayWidth=1080 displayHeight=2400 physicalDisplayWidth=1080 physicalDisplayHeight=2400 density={2.625} cutoutSpec={M 0,0 M 0,12.25101276465640 a 10.60613009248640,10.60613009248640 0 1,0 0,21.21226018497290 a 10.60613009248640,10.60613009248640 0 1,0 0,-21.21226018497290 Z @dp} rotation={0} scale={1.0} physicalPixelDisplaySizeRatio={1.0}}}}, mRoundedCorners=RoundedCorners{[RoundedCorner{position=TopLeft, radius=84, center=Point(84, 84)}, RoundedCorner{position=TopRight, radius=84, center=Point(996, 84)}, RoundedCorner{position=BottomRight, radius=84, center=Point(996, 2316)}, RoundedCorner{position=BottomLeft, radius=84, center=Point(84, 2316)}]}  mRoundedCornerFrame=Rect(0, 0 - 1080, 2400), mPrivacyIndicatorBounds=PrivacyIndicatorBounds {static bounds=Rect(964, 0 - 1080, 87) rotation=0}, mSources= { InsetsSource: {mType=ITYPE_STATUS_BAR, mFrame=[0,0][1080,88], mVisible=true, mInsetsRoundedCornerFrame=false}, InsetsSource: {mType=ITYPE_NAVIGATION_BAR, mFrame=[0,2361][1080,2400], mVisible=true, mInsetsRoundedCornerFrame=false}, InsetsSource: {mType=ITYPE_LEFT_GESTURES, mFrame=[0,0][130,2400], mVisible=true, mInsetsRoundedCornerFrame=false}, InsetsSource: {mType=ITYPE_RIGHT_GESTURES, mFrame=[950,0][1080,2400], mVisible=true, mInsetsRoundedCornerFrame=false}, InsetsSource: {mType=ITYPE_TOP_MANDATORY_GESTURES, mFrame=[0,0][1080,120], mVisible=true, mInsetsRoundedCornerFrame=false}, InsetsSource: {mType=ITYPE_BOTTOM_MANDATORY_GESTURES, mFrame=[0,2316][1080,2400], mVisible=true, mInsetsRoundedCornerFrame=false}, InsetsSource: {mType=ITYPE_LEFT_DISPLAY_CUTOUT, mFrame=[0,0][-100000,2400], mVisible=true, mInsetsRoundedCornerFrame=false}, InsetsSource: {mType=ITYPE_TOP_DISPLAY_CUTOUT, mFrame=[0,0][1080,88], mVisible=true, mInsetsRoundedCornerFrame=false}, InsetsSource: {mType=ITYPE_RIGHT_DISPLAY_CUTOUT, mFrame=[100000,0][1080,2400], mVisible=true, mInsetsRoundedCornerFrame=false}, InsetsSource: {mType=ITYPE_BOTTOM_DISPLAY_CUTOUT, mFrame=[0,100000][1080,2400], mVisible=true, mInsetsRoundedCornerFrame=false}, InsetsSource: {mType=ITYPE_TOP_TAPPABLE_ELEMENT, mFrame=[0,0][1080,88], mVisible=true, mInsetsRoundedCornerFrame=false}, InsetsSource: {mType=ITYPE_BOTTOM_TAPPABLE_ELEMENT, mFrame=[0,0][0,0], mVisible=true, mInsetsRoundedCornerFrame=false} } host=com.lagradost.cloudstream3/com.lagradost.cloudstream3.MainActivity from=android.view.ViewRootImpl$ViewRootHandler.handleMessageImpl:6740
10-10 02:15:03.546  2975  2975 I ViewRootImpl@c867560[MainActivity]: MSG_WINDOW_FOCUS_CHANGED 1 0
10-10 02:15:03.546  2975  2975 I ViewRootImpl@c867560[MainActivity]: mThreadedRenderer.initializeIfNeeded()#2 mSurface={isValid=true 0x7b5d596800}
10-10 02:15:03.562  2975  2975 D InputMethodManager: startInputInner - Id : 0
10-10 02:15:03.562  2975  2975 I InputMethodManager: startInputInner - mService.startInputOrWindowGainedFocus
10-10 02:15:03.840  2975  2975 I ViewRootImpl@c867560[MainActivity]: ViewPostIme pointer 0
10-10 02:15:03.940  2975  2975 I ViewRootImpl@c867560[MainActivity]: ViewPostIme pointer 1
10-10 02:15:04.443  2975  2975 I ViewRootImpl@c867560[MainActivity]: ViewPostIme pointer 0
10-10 02:15:04.496  2975  2975 W PanelsChildGestureRegionObserver: failed to register view with ID 2131362800. already registered
10-10 02:15:04.509  2975  2975 W PanelsChildGestureRegionObserver: failed to register view with ID 2131362800. already registered
10-10 02:15:04.525  2975  2975 W PanelsChildGestureRegionObserver: failed to register view with ID 2131362800. already registered
10-10 02:15:04.542  2975  2975 W PanelsChildGestureRegionObserver: failed to register view with ID 2131362800. already registered
10-10 02:15:04.558  2975  2975 W PanelsChildGestureRegionObserver: failed to register view with ID 2131362800. already registered
10-10 02:15:04.560  2975  2975 D WindowOnBackDispatcher: onBackInvoked, viewRoot=ViewRootImpl@3474e9e[MainActivity], callback=androidx.activity.OnBackPressedDispatcher$Api33Impl$$ExternalSyntheticLambda0@a341d53
10-10 02:15:04.571  2975  2975 I IMM_LC  : hsifw() - flag : 0
10-10 02:15:04.571  2975  2975 I IMM_LC  : hsifw() - mService.hideSoftInput
10-10 02:15:04.578  2975  2975 I CS3ExoPlayer: onStop
10-10 02:15:04.579  2975  2975 I CS3ExoPlayer: saveData
10-10 02:15:04.579  2975  2975 I CS3ExoPlayer: handleEvent Pause
10-10 02:15:04.662  2975  2975 W PanelsChildGestureRegionObserver: failed to register view with ID 2131362800. already registered
10-10 02:15:04.954  2975  2975 I ViewRootImpl@c867560[MainActivity]: performTraversals mFirst=false windowShouldResize=false viewVisibilityChanged=false mForceNextWindowRelayout=false params={(0,0)(fillxfill) sim={state=always_hidden adjust=resize} ty=BASE_APPLICATION fmt=TRANSLUCENT wanim=0x1030309
10-10 02:15:04.954  2975  2975 I ViewRootImpl@c867560[MainActivity]:   fl=85810100
10-10 02:15:04.954  2975  2975 I ViewRootImpl@c867560[MainActivity]:   pfl=12020040
10-10 02:15:04.954  2975  2975 I ViewRootImpl@c867560[MainActivity]:   vsysui=500
10-10 02:15:04.954  2975  2975 I ViewRootImpl@c867560[MainActivity]:   bhv=DEFAULT
10-10 02:15:04.954  2975  2975 I ViewRootImpl@c867560[MainActivity]:   fitSides= naviIconColor=0}
10-10 02:15:04.959  2975  2975 I ViewRootImpl@c867560[MainActivity]: updateBlastSurfaceIfNeeded mBlastBufferQueue=0x7b41309f00 isSameSurfaceControl=true
10-10 02:15:04.959  2975  2975 I BLASTBufferQueue: update, w= 1080 h= 2400 mName = ViewRootImpl@c867560[MainActivity] mNativeObject= 0x7b41309f00 sc.mNativeObject= 0x7b07d79160 format= -3 caller= android.view.ViewRootImpl.updateBlastSurfaceIfNeeded:2898 android.view.ViewRootImpl.relayoutWindow:9847 android.view.ViewRootImpl.performTraversals:3884 android.view.ViewRootImpl.doTraversal:3116 android.view.ViewRootImpl$TraversalRunnable.run:10885 android.view.Choreographer$CallbackRecord.run:1301 
10-10 02:15:04.959  2975  2975 I ViewRootImpl@c867560[MainActivity]: Relayout returned: old=(0,0,1080,2400) new=(0,0,1080,2400) req=(1080,2400)0 dur=5 res=0x0 s={true 0x7b5d596800} ch=false seqId=0
10-10 02:15:04.990  2975  2975 W PanelsChildGestureRegionObserver: failed to register view with ID 2131362800. already registered
10-10 02:15:05.009  2975  3172 D SurfaceView@e55ae8e: updateSurfacePosition RenderWorker, frameNr = 358, position = [54, 314, 1026, 787] surfaceSize = 1080x525
10-10 02:15:05.009  2975  3172 I SurfaceView@e55ae8e: uSP: rtp = Rect(54, 314 - 1026, 787) rtsw = 1080 rtsh = 525
10-10 02:15:05.010  2975  3172 I SurfaceView@e55ae8e: onSSPAndSRT: pl = 54 pt = 314 sx = 0.9 sy = 0.9009524
10-10 02:15:05.010  2975  3172 I SurfaceView@e55ae8e: aOrMT: ViewRootImpl@c867560[MainActivity] t = android.view.SurfaceControl$Transaction@e636888 fN = 358 android.view.SurfaceView.-$$Nest$mapplyOrMergeTransaction:0 android.view.SurfaceView$SurfaceViewPositionUpdateListener.positionChanged:1537 android.graphics.RenderNode$CompositePositionUpdateListener.positionChanged:373 
10-10 02:15:05.010  2975  3172 I ViewRootImpl@c867560[MainActivity]: mWNT: t=0x7bda9c9700 mBlastBufferQueue=0x7b41309f00 fn= 358 caller= android.view.SurfaceView.applyOrMergeTransaction:1455 android.view.SurfaceView.-$$Nest$mapplyOrMergeTransaction:0 android.view.SurfaceView$SurfaceViewPositionUpdateListener.positionChanged:1537 
10-10 02:15:05.011  2975  2975 I SurfaceView@e55ae8e: onWindowVisibilityChanged(8) false android.view.SurfaceView{e55ae8e V.E...... ........ 0,0-1080,525} of ViewRootImpl@c867560[MainActivity]
10-10 02:15:05.011  2975  2975 I SurfaceView@e55ae8e: Changes: creating=false format=false size=false visible=true alpha=false hint=false mUseAlpha=false visible=true left=false top=false
10-10 02:15:05.011  2975  2975 I SurfaceView@e55ae8e: 240496270 Cur surface: Surface(name=null)/@0xdbb9b70
10-10 02:15:05.011  2975  2975 I SurfaceView@e55ae8e: applyTransactionOnVriDraw: vri = ViewRootImpl@c867560[MainActivity] fRS = false t = 0x7b07ac5e00 android.view.SurfaceView.performSurfaceTransaction:959 android.view.SurfaceView.updateSurface:1105 android.view.SurfaceView.onWindowVisibilityChanged:371 
10-10 02:15:05.011  2975  2975 I ViewRootImpl@c867560[MainActivity]: applyTransactionOnDraw: mRemoved = false isHardwareEnabled = true t = 0x7b07ac5e00android.view.SurfaceView.applyTransactionOnVriDraw:2048 android.view.SurfaceView.performSurfaceTransaction:959 android.view.SurfaceView.updateSurface:1105 android.view.SurfaceView.onWindowVisibilityChanged:371 android.view.View.dispatchDetachedFromWindow:22529 
10-10 02:15:05.011  2975  2975 I SurfaceView@e55ae8e: surfaceDestroyed
10-10 02:15:05.011  2975  2975 I SurfaceView@e55ae8e: surfaceDestroyed callback.size 0 #2 android.view.SurfaceView{e55ae8e V.E...... ........ 0,0-1080,525}
10-10 02:15:05.011  2975  2975 I SurfaceView@e55ae8e: updateSurface: mVisible = false mSurface.isValid() = true
10-10 02:15:05.012  2975  2975 I SurfaceView@e55ae8e: releaseSurfaces: viewRoot = ViewRootImpl@c867560[MainActivity]
10-10 02:15:05.012  2975  2975 I SurfaceView@e55ae8e: applyTransactionOnVriDraw: vri = ViewRootImpl@c867560[MainActivity] fRS = true t = 0x7b03696100 android.view.SurfaceView.releaseSurfaces:858 android.view.SurfaceView.updateSurface:1172 android.view.SurfaceView.onWindowVisibilityChanged:371 
10-10 02:15:05.012  2975  2975 I SurfaceView@e55ae8e: applyTransactionOnVriDraw: viewRoot.applyTransactionOnDrawFromReleaseSurfaces
10-10 02:15:05.012  2975  2975 I ViewRootImpl@c867560[MainActivity]: applyTransactionOnDraw: mRemoved = false isHardwareEnabled = true t = 0x7b03696100android.view.ViewRootImpl.applyTransactionOnDrawFromReleaseSurfaces:12850 android.view.SurfaceView.applyTransactionOnVriDraw:2046 android.view.SurfaceView.releaseSurfaces:858 android.view.SurfaceView.updateSurface:1172 android.view.SurfaceView.onWindowVisibilityChanged:371 
10-10 02:15:05.012  2975  2975 V SurfaceView@e55ae8e: Layout: x=0 y=218 w=1080 h=525, frame=Rect(0, 0 - 1080, 525)
10-10 02:15:05.012  2975  2975 I SurfaceView@e55ae8e: onDetachedFromWindow: tryReleaseSurfaces()
10-10 02:15:05.013  2975  2975 I SurfaceView@e55ae8e: releaseSurfaces: viewRoot = ViewRootImpl@c867560[MainActivity]
10-10 02:15:05.013  2975  2975 I SurfaceView@e55ae8e: applyTransactionOnVriDraw: vri = ViewRootImpl@c867560[MainActivity] fRS = true t = 0x7b03696200 android.view.SurfaceView.releaseSurfaces:858 android.view.SurfaceView.onDetachedFromWindow:500 android.view.View.dispatchDetachedFromWindow:22538 
10-10 02:15:05.013  2975  2975 I SurfaceView@e55ae8e: applyTransactionOnVriDraw: viewRoot.applyTransactionOnDrawFromReleaseSurfaces
10-10 02:15:05.013  2975  2975 I ViewRootImpl@c867560[MainActivity]: applyTransactionOnDraw: mRemoved = false isHardwareEnabled = true t = 0x7b03696200android.view.ViewRootImpl.applyTransactionOnDrawFromReleaseSurfaces:12850 android.view.SurfaceView.applyTransactionOnVriDraw:2046 android.view.SurfaceView.releaseSurfaces:858 android.view.SurfaceView.onDetachedFromWindow:500 android.view.View.dispatchDetachedFromWindow:22538 
10-10 02:15:05.027  2975  2975 I DecorView: notifyKeepScreenOnChanged: keepScreenOn=false
10-10 02:15:05.028  2975  2975 I CS3ExoPlayer: releasePlayer
10-10 02:15:05.028  2975  2975 I CS3ExoPlayer: Handle event: PlayerAttachedEvent(player=null, source=Player)
10-10 02:15:05.030  2975  2975 I DecorView: notifyKeepScreenOnChanged: keepScreenOn=false
10-10 02:15:05.032  2975  2975 I ViewRootImpl@c867560[MainActivity]: performTraversals params={(0,0)(fillxfill) sim={state=always_hidden adjust=resize} ty=BASE_APPLICATION wanim=0x1030309
10-10 02:15:05.032  2975  2975 I ViewRootImpl@c867560[MainActivity]:   fl=85810100
10-10 02:15:05.032  2975  2975 I ViewRootImpl@c867560[MainActivity]:   pfl=12020040
10-10 02:15:05.032  2975  2975 I ViewRootImpl@c867560[MainActivity]:   vsysui=500
10-10 02:15:05.032  2975  2975 I ViewRootImpl@c867560[MainActivity]:   bhv=DEFAULT
10-10 02:15:05.032  2975  2975 I ViewRootImpl@c867560[MainActivity]:   fitSides= naviIconColor=0}
10-10 02:15:05.032  2975  2975 I ViewRootImpl@c867560[MainActivity]: performTraversals mFirst=false windowShouldResize=false viewVisibilityChanged=false mForceNextWindowRelayout=false params={(0,0)(fillxfill) sim={state=always_hidden adjust=resize} ty=BASE_APPLICATION fmt=TRANSLUCENT wanim=0x1030309
10-10 02:15:05.032  2975  2975 I ViewRootImpl@c867560[MainActivity]:   fl=85810100
10-10 02:15:05.032  2975  2975 I ViewRootImpl@c867560[MainActivity]:   pfl=12020040
10-10 02:15:05.032  2975  2975 I ViewRootImpl@c867560[MainActivity]:   vsysui=500
10-10 02:15:05.032  2975  2975 I ViewRootImpl@c867560[MainActivity]:   bhv=DEFAULT
10-10 02:15:05.032  2975  2975 I ViewRootImpl@c867560[MainActivity]:   fitSides= naviIconColor=0}
10-10 02:15:05.038  2975  2975 I ViewRootImpl@c867560[MainActivity]: updateBlastSurfaceIfNeeded mBlastBufferQueue=0x7b41309f00 isSameSurfaceControl=true
10-10 02:15:05.038  2975  2975 I BLASTBufferQueue: update, w= 1080 h= 2400 mName = ViewRootImpl@c867560[MainActivity] mNativeObject= 0x7b41309f00 sc.mNativeObject= 0x7b07d7cae0 format= -3 caller= android.view.ViewRootImpl.updateBlastSurfaceIfNeeded:2898 android.view.ViewRootImpl.relayoutWindow:9847 android.view.ViewRootImpl.performTraversals:3884 android.view.ViewRootImpl.doTraversal:3116 android.view.ViewRootImpl$TraversalRunnable.run:10885 android.view.Choreographer$CallbackRecord.run:1301 
10-10 02:15:05.038  2975  2975 I ViewRootImpl@c867560[MainActivity]: Relayout returned: old=(0,0,1080,2400) new=(0,0,1080,2400) req=(1080,2400)0 dur=6 res=0x0 s={true 0x7b5d596800} ch=false seqId=0
10-10 02:15:05.038  2975  2975 I ViewRootImpl@c867560[MainActivity]: updateBoundsLayer: t = android.view.SurfaceControl$Transaction@93772b sc = Surface(name=Bounds for - com.lagradost.cloudstream3/com.lagradost.cloudstream3.MainActivity@0)/@0x35b0788 frame = 359
10-10 02:15:05.039  2975  2975 I ViewRootImpl@c867560[MainActivity]: mWNT: t=0x7b5d74b500 mBlastBufferQueue=0x7b41309f00 fn= 359 caller= android.view.ViewRootImpl.prepareSurfaces:2985 android.view.ViewRootImpl.performTraversals:4233 android.view.ViewRootImpl.doTraversal:3116 
10-10 02:15:05.040  2975  3011 D SurfaceView@e55ae8e: windowPositionLost, frameNr = 359
10-10 02:15:05.041  2975  3173 I ViewRootImpl@c867560[MainActivity]: mWNT: t=0x7b07ac5e00 mBlastBufferQueue=0x7b41309f00 fn= 359 caller= android.view.ViewRootImpl.lambda$applyTransactionOnDraw$11$android-view-ViewRootImpl:12865 android.view.ViewRootImpl$$ExternalSyntheticLambda1.onFrameDraw:4 android.graphics.HardwareRenderer$FrameDrawingCallback.onFrameDraw:924 
10-10 02:15:05.041  2975  3173 I ViewRootImpl@c867560[MainActivity]: mWNT: t=0x7b03696100 mBlastBufferQueue=0x7b41309f00 fn= 359 caller= android.view.ViewRootImpl.lambda$applyTransactionOnDraw$11$android-view-ViewRootImpl:12865 android.view.ViewRootImpl$$ExternalSyntheticLambda1.onFrameDraw:4 android.graphics.HardwareRenderer$FrameDrawingCallback.onFrameDraw:924 
10-10 02:15:05.041  2975  3173 I ViewRootImpl@c867560[MainActivity]: mWNT: t=0x7b03696200 mBlastBufferQueue=0x7b41309f00 fn= 359 caller= android.view.ViewRootImpl.lambda$applyTransactionOnDraw$11$android-view-ViewRootImpl:12865 android.view.ViewRootImpl$$ExternalSyntheticLambda1.onFrameDraw:4 android.graphics.HardwareRenderer$FrameDrawingCallback.onFrameDraw:924 
10-10 02:15:05.851  2975  2975 I ViewRootImpl@c867560[MainActivity]: ViewPostIme pointer 0
10-10 02:15:06.182  2975  2975 I ViewRootImpl@c867560[MainActivity]: ViewPostIme pointer 1
10-10 02:15:10.446  2975  2975 I ViewRootImpl@c867560[MainActivity]: ViewPostIme pointer 0
10-10 02:15:10.503  2975  2975 I ViewRootImpl@c867560[MainActivity]: ViewPostIme pointer 1
10-10 02:15:10.511  2975  2975 I NavComponent: Navigating to fragment: 2131362274
10-10 02:15:10.521  2975  2975 I IMM_LC  : hsifw() - flag : 0
10-10 02:15:10.521  2975  2975 I IMM_LC  : hsifw() - mService.hideSoftInput
10-10 02:15:10.563  2975  2975 D ScrollView: initGoToTop
10-10 02:15:10.837  2975  2975 I SurfaceView@4515966: onWindowVisibilityChanged(0) true android.view.SurfaceView{4515966 V.E...... ......I. 0,0-0,0} of ViewRootImpl@c867560[MainActivity]
10-10 02:15:10.837  2975  2975 D SurfaceView@4515966: updateSurface: has no frame
10-10 02:15:10.843  2975  2975 I CS3ExoPlayer: SET STYLE = SaveCaptionStyle(foregroundColor=-1, backgroundColor=0, windowColor=0, edgeType=1, edgeColor=-16777216, typeface=null, typefaceFilePath=null, elevation=20, fixedTextSize=null, edgeSize=null, removeCaptions=false, removeBloat=true, upperCase=false, bold=false, italic=false, backgroundRadius=null)
10-10 02:15:10.854  2975  2975 I IMM_LC  : hsifw() - flag : 0
10-10 02:15:10.854  2975  2975 I IMM_LC  : hsifw() - mService.hideSoftInput
10-10 02:15:10.856  2975  3329 I SYNCVM  : addFromUrl = https://tv6.egydead.live/%d9%85%d8%b4%d8%a7%d9%87%d8%af%d8%a9-%d9%81%d9%8a%d9%84%d9%85-caramelo-2025-%d9%85%d8%aa%d8%b1%d8%ac%d9%85/
10-10 02:15:10.856  2975  3329 I SYNCUTIL: getIdsFromUrl https://tv6.egydead.live/%d9%85%d8%b4%d8%a7%d9%87%d8%af%d8%a9-%d9%81%d9%8a%d9%84%d9%85-caramelo-2025-%d9%85%d8%aa%d8%b1%d8%ac%d9%85/
10-10 02:15:10.870  2975  2975 I SurfaceView@4515966: onWindowVisibilityChanged(8) false android.view.SurfaceView{4515966 V.E...... ......I. 0,0-0,0} of ViewRootImpl@c867560[MainActivity]
10-10 02:15:10.870  2975  2975 D SurfaceView@4515966: updateSurface: has no frame
10-10 02:15:10.870  2975  2975 D SurfaceView@4515966: updateSurface: has no frame
10-10 02:15:10.870  2975  2975 I SurfaceView@4515966: onDetachedFromWindow: tryReleaseSurfaces()
10-10 02:15:10.870  2975  2975 I SurfaceView@4515966: releaseSurfaces: viewRoot = ViewRootImpl@c867560[MainActivity]
10-10 02:15:10.870  2975  2975 I SurfaceView@4515966: applyTransactionOnVriDraw: vri = ViewRootImpl@c867560[MainActivity] fRS = true t = 0x7b22b4dd00 android.view.SurfaceView.releaseSurfaces:858 android.view.SurfaceView.onDetachedFromWindow:500 android.view.View.dispatchDetachedFromWindow:22538 
10-10 02:15:10.870  2975  2975 I SurfaceView@4515966: applyTransactionOnVriDraw: viewRoot.applyTransactionOnDrawFromReleaseSurfaces
10-10 02:15:10.870  2975  2975 I ViewRootImpl@c867560[MainActivity]: applyTransactionOnDraw: mRemoved = false isHardwareEnabled = true t = 0x7b22b4dd00android.view.ViewRootImpl.applyTransactionOnDrawFromReleaseSurfaces:12850 android.view.SurfaceView.applyTransactionOnVriDraw:2046 android.view.SurfaceView.releaseSurfaces:858 android.view.SurfaceView.onDetachedFromWindow:500 android.view.View.dispatchDetachedFromWindow:22538 
10-10 02:15:10.872  2975  2975 I SurfaceView@4515966: onWindowVisibilityChanged(0) true android.view.SurfaceView{4515966 V.E...... ......I. 0,0-0,0} of ViewRootImpl@c867560[MainActivity]
10-10 02:15:10.872  2975  2975 D SurfaceView@4515966: updateSurface: has no frame
10-10 02:15:10.875  2975  2975 I DecorView: notifyKeepScreenOnChanged: keepScreenOn=false
10-10 02:15:10.886  2975  2975 I CS3ExoPlayer: reloadPlayer
10-10 02:15:10.886  2975  2975 I CS3ExoPlayer: releasePlayer
10-10 02:15:10.886  2975  2975 I CS3ExoPlayer: Handle event: PlayerAttachedEvent(player=null, source=Player)
10-10 02:15:10.893  2975  2975 I ViewRootImpl@c867560[MainActivity]: performTraversals params={(0,0)(fillxfill) sim={state=always_hidden adjust=resize} ty=BASE_APPLICATION wanim=0x1030309
10-10 02:15:10.893  2975  2975 I ViewRootImpl@c867560[MainActivity]:   fl=85810100
10-10 02:15:10.893  2975  2975 I ViewRootImpl@c867560[MainActivity]:   pfl=12020040
10-10 02:15:10.893  2975  2975 I ViewRootImpl@c867560[MainActivity]:   vsysui=500
10-10 02:15:10.893  2975  2975 I ViewRootImpl@c867560[MainActivity]:   bhv=DEFAULT
10-10 02:15:10.893  2975  2975 I ViewRootImpl@c867560[MainActivity]:   fitSides= naviIconColor=0}
10-10 02:15:10.894  2975  2975 I ViewRootImpl@c867560[MainActivity]: performTraversals mFirst=false windowShouldResize=false viewVisibilityChanged=false mForceNextWindowRelayout=false params={(0,0)(fillxfill) sim={state=always_hidden adjust=resize} ty=BASE_APPLICATION fmt=TRANSLUCENT wanim=0x1030309
10-10 02:15:10.894  2975  2975 I ViewRootImpl@c867560[MainActivity]:   fl=85810100
10-10 02:15:10.894  2975  2975 I ViewRootImpl@c867560[MainActivity]:   pfl=12020040
10-10 02:15:10.894  2975  2975 I ViewRootImpl@c867560[MainActivity]:   vsysui=500
10-10 02:15:10.894  2975  2975 I ViewRootImpl@c867560[MainActivity]:   bhv=DEFAULT
10-10 02:15:10.894  2975  2975 I ViewRootImpl@c867560[MainActivity]:   fitSides= naviIconColor=0}
10-10 02:15:10.902  2975  2975 I ViewRootImpl@c867560[MainActivity]: updateBlastSurfaceIfNeeded mBlastBufferQueue=0x7b41309f00 isSameSurfaceControl=true
10-10 02:15:10.902  2975  2975 I BLASTBufferQueue: update, w= 1080 h= 2400 mName = ViewRootImpl@c867560[MainActivity] mNativeObject= 0x7b41309f00 sc.mNativeObject= 0x7b03bcd260 format= -3 caller= android.view.ViewRootImpl.updateBlastSurfaceIfNeeded:2898 android.view.ViewRootImpl.relayoutWindow:9847 android.view.ViewRootImpl.performTraversals:3884 android.view.ViewRootImpl.doTraversal:3116 android.view.ViewRootImpl$TraversalRunnable.run:10885 android.view.Choreographer$CallbackRecord.run:1301 
10-10 02:15:10.902  2975  2975 I ViewRootImpl@c867560[MainActivity]: Relayout returned: old=(0,0,1080,2400) new=(0,0,1080,2400) req=(1080,2400)0 dur=8 res=0x0 s={true 0x7b5d596800} ch=false seqId=0
10-10 02:15:10.903  2975  2975 I ViewRootImpl@c867560[MainActivity]: updateBoundsLayer: t = android.view.SurfaceControl$Transaction@93772b sc = Surface(name=Bounds for - com.lagradost.cloudstream3/com.lagradost.cloudstream3.MainActivity@0)/@0x35b0788 frame = 412
10-10 02:15:10.903  2975  2975 I ViewRootImpl@c867560[MainActivity]: mWNT: t=0x7b5d74b500 mBlastBufferQueue=0x7b41309f00 fn= 412 caller= android.view.ViewRootImpl.prepareSurfaces:2985 android.view.ViewRootImpl.performTraversals:4233 android.view.ViewRootImpl.doTraversal:3116 
10-10 02:15:10.904  2975  2975 W View    : requestLayout() improperly called by android.widget.FrameLayout{758c052 I.E...... ......I. 0,0-0,0 #7f0a04e7 app:id/start_panel} during layout: running second layout pass
10-10 02:15:10.904  2975  2975 W View    : requestLayout() improperly called by android.widget.FrameLayout{ccf0f23 I.E...... ......ID 1080,0-1080,2143 #7f0a0168 app:id/end_panel} during layout: running second layout pass
10-10 02:15:10.906  2975  2975 D SurfaceView@4515966: updateSurface: has no frame
10-10 02:15:10.911  2975  3172 I ViewRootImpl@c867560[MainActivity]: mWNT: t=0x7b22b4dd00 mBlastBufferQueue=0x7b41309f00 fn= 412 caller= android.view.ViewRootImpl.lambda$applyTransactionOnDraw$11$android-view-ViewRootImpl:12865 android.view.ViewRootImpl$$ExternalSyntheticLambda1.onFrameDraw:4 android.graphics.HardwareRenderer$FrameDrawingCallback.onFrameDraw:924 
10-10 02:15:10.914  2975  2975 D SurfaceView@4515966: updateSurface: has no frame
10-10 02:15:10.933  2975  2975 D SurfaceView@4515966: updateSurface: has no frame
10-10 02:15:10.956  2975  2975 D SurfaceView@4515966: updateSurface: has no frame
10-10 02:15:10.980  2975  2975 D SurfaceView@4515966: updateSurface: has no frame
10-10 02:15:10.994  2975  2975 D SurfaceView@4515966: updateSurface: has no frame
10-10 02:15:11.006  2975  2975 D SurfaceView@4515966: updateSurface: has no frame
10-10 02:15:11.022  2975  2975 D SurfaceView@4515966: updateSurface: has no frame
10-10 02:15:11.038  2975  2975 D SurfaceView@4515966: updateSurface: has no frame
10-10 02:15:11.057  2975  2975 D SurfaceView@4515966: updateSurface: has no frame
10-10 02:15:11.072  2975  2975 D SurfaceView@4515966: updateSurface: has no frame
10-10 02:15:11.088  2975  2975 D SurfaceView@4515966: updateSurface: has no frame
10-10 02:15:11.105  2975  2975 D SurfaceView@4515966: updateSurface: has no frame
10-10 02:15:11.122  2975  2975 D SurfaceView@4515966: updateSurface: has no frame
10-10 02:15:11.139  2975  2975 D SurfaceView@4515966: updateSurface: has no frame
10-10 02:15:11.155  2975  2975 D SurfaceView@4515966: updateSurface: has no frame
10-10 02:15:11.172  2975  2975 D SurfaceView@4515966: updateSurface: has no frame
10-10 02:15:11.189  2975  2975 D SurfaceView@4515966: updateSurface: has no frame
10-10 02:15:11.205  2975  2975 D SurfaceView@4515966: updateSurface: has no frame
10-10 02:15:11.222  2975  2975 D SurfaceView@4515966: updateSurface: has no frame
10-10 02:15:11.239  2975  2975 D SurfaceView@4515966: updateSurface: has no frame
10-10 02:15:11.255  2975  2975 D SurfaceView@4515966: updateSurface: has no frame
10-10 02:15:11.272  2975  2975 D SurfaceView@4515966: updateSurface: has no frame
10-10 02:15:11.288  2975  2975 D SurfaceView@4515966: updateSurface: has no frame
10-10 02:15:11.305  2975  2975 D SurfaceView@4515966: updateSurface: has no frame
10-10 02:15:11.322  2975  2975 D SurfaceView@4515966: updateSurface: has no frame
10-10 02:15:11.338  2975  2975 D SurfaceView@4515966: updateSurface: has no frame
10-10 02:15:11.355  2975  2975 D SurfaceView@4515966: updateSurface: has no frame
10-10 02:15:11.372  2975  2975 D SurfaceView@4515966: updateSurface: has no frame
10-10 02:15:11.388  2975  2975 D SurfaceView@4515966: updateSurface: has no frame
10-10 02:15:11.405  2975  2975 D SurfaceView@4515966: updateSurface: has no frame
10-10 02:15:11.421  2975  2975 D SurfaceView@4515966: updateSurface: has no frame
10-10 02:15:11.438  2975  2975 D SurfaceView@4515966: updateSurface: has no frame
10-10 02:15:11.455  2975  2975 D SurfaceView@4515966: updateSurface: has no frame
10-10 02:15:11.472  2975  2975 D SurfaceView@4515966: updateSurface: has no frame
10-10 02:15:11.488  2975  2975 D SurfaceView@4515966: updateSurface: has no frame
10-10 02:15:11.505  2975  2975 D SurfaceView@4515966: updateSurface: has no frame
10-10 02:15:11.521  2975  2975 D SurfaceView@4515966: updateSurface: has no frame
10-10 02:15:11.538  2975  2975 D SurfaceView@4515966: updateSurface: has no frame
10-10 02:15:11.555  2975  2975 D SurfaceView@4515966: updateSurface: has no frame
10-10 02:15:11.571  2975  2975 D SurfaceView@4515966: updateSurface: has no frame
10-10 02:15:11.588  2975  2975 D SurfaceView@4515966: updateSurface: has no frame
10-10 02:15:11.605  2975  2975 D SurfaceView@4515966: updateSurface: has no frame
10-10 02:15:11.621  2975  2975 D SurfaceView@4515966: updateSurface: has no frame
10-10 02:15:11.638  2975  2975 D SurfaceView@4515966: updateSurface: has no frame
10-10 02:15:11.655  2975  2975 D SurfaceView@4515966: updateSurface: has no frame
10-10 02:15:11.671  2975  2975 D SurfaceView@4515966: updateSurface: has no frame
10-10 02:15:11.688  2975  2975 D SurfaceView@4515966: updateSurface: has no frame
10-10 02:15:11.705  2975  2975 D SurfaceView@4515966: updateSurface: has no frame
10-10 02:15:11.721  2975  2975 D SurfaceView@4515966: updateSurface: has no frame
10-10 02:15:11.738  2975  2975 D SurfaceView@4515966: updateSurface: has no frame
10-10 02:15:11.749  2975  3070 I RVM2    : applyMeta
10-10 02:15:11.755  2975  2975 D SurfaceView@4515966: updateSurface: has no frame
10-10 02:15:11.757  2975  2975 W PanelsChildGestureRegionObserver: failed to register view with ID 2131362800. already registered
10-10 02:15:11.762  2975  2975 E CoilImgLoader: Error loading image: coil3.request.NullRequestDataException: The request's data is null.
10-10 02:15:11.769  2975  2975 E CoilImgLoader: Error loading image: coil3.request.NullRequestDataException: The request's data is null.
10-10 02:15:11.815  2975  3073 I SYNCVM  : addFromUrl = https://tv6.egydead.live/%d9%85%d8%b4%d8%a7%d9%87%d8%af%d8%a9-%d9%81%d9%8a%d9%84%d9%85-caramelo-2025-%d9%85%d8%aa%d8%b1%d8%ac%d9%85/
10-10 02:15:11.815  2975  3073 I SYNCUTIL: getIdsFromUrl https://tv6.egydead.live/%d9%85%d8%b4%d8%a7%d9%87%d8%af%d8%a9-%d9%81%d9%8a%d9%84%d9%85-caramelo-2025-%d9%85%d8%aa%d8%b1%d8%ac%d9%85/
10-10 02:15:11.828  2975  2975 I ViewRootImpl@c867560[MainActivity]: performTraversals mFirst=false windowShouldResize=false viewVisibilityChanged=false mForceNextWindowRelayout=false params={(0,0)(fillxfill) sim={state=always_hidden adjust=pan} ty=BASE_APPLICATION fmt=TRANSLUCENT wanim=0x1030309
10-10 02:15:11.828  2975  2975 I ViewRootImpl@c867560[MainActivity]:   fl=85810100
10-10 02:15:11.828  2975  2975 I ViewRootImpl@c867560[MainActivity]:   pfl=12020040
10-10 02:15:11.828  2975  2975 I ViewRootImpl@c867560[MainActivity]:   vsysui=500
10-10 02:15:11.828  2975  2975 I ViewRootImpl@c867560[MainActivity]:   bhv=DEFAULT
10-10 02:15:11.828  2975  2975 I ViewRootImpl@c867560[MainActivity]:   fitSides= naviIconColor=0}
10-10 02:15:11.835  2975  2975 I ViewRootImpl@c867560[MainActivity]: updateBlastSurfaceIfNeeded mBlastBufferQueue=0x7b41309f00 isSameSurfaceControl=true
10-10 02:15:11.836  2975  2975 I BLASTBufferQueue: update, w= 1080 h= 2400 mName = ViewRootImpl@c867560[MainActivity] mNativeObject= 0x7b41309f00 sc.mNativeObject= 0x7b02df0a00 format= -3 caller= android.view.ViewRootImpl.updateBlastSurfaceIfNeeded:2898 android.view.ViewRootImpl.relayoutWindow:9847 android.view.ViewRootImpl.performTraversals:3884 android.view.ViewRootImpl.doTraversal:3116 android.view.ViewRootImpl$TraversalRunnable.run:10885 android.view.Choreographer$CallbackRecord.run:1301 
10-10 02:15:11.836  2975  2975 I ViewRootImpl@c867560[MainActivity]: Relayout returned: old=(0,0,1080,2400) new=(0,0,1080,2400) req=(1080,2400)0 dur=7 res=0x0 s={true 0x7b5d596800} ch=false seqId=0
10-10 02:15:11.836  2975  2975 D SurfaceView@4515966: updateSurface: has no frame
10-10 02:15:11.838  2975  2975 I SurfaceView@4515966: Changes: creating=true format=true size=true visible=true alpha=false hint=false mUseAlpha=false visible=true left=true top=true
10-10 02:15:11.841  2975  2975 I BLASTBufferQueue: update, w= 1080 h= 525 mName = null mNativeObject= 0x7bed8a0900 sc.mNativeObject= 0x7b02df0c80 format= 4 caller= android.view.SurfaceView.createBlastSurfaceControls:1383 android.view.SurfaceView.updateSurface:1079 android.view.SurfaceView.lambda$new$0$android-view-SurfaceView:200 android.view.SurfaceView$$ExternalSyntheticLambda5.onPreDraw:2 android.view.ViewTreeObserver.dispatchOnPreDraw:1121 android.view.ViewRootImpl.performTraversals:4442 
10-10 02:15:11.841  2975  2975 I SurfaceView@4515966: 72440166 Cur surface: Surface(name=null)/@0x561d2fd
10-10 02:15:11.841  2975  2975 I SurfaceView@4515966: pST: sr = Rect(0, 218 - 1080, 743) sw = 1080 sh = 525
10-10 02:15:11.841  2975  2975 D SurfaceView@4515966: performSurfaceTransaction RenderWorker position = [0, 218, 1080, 743] surfaceSize = 1080x525
10-10 02:15:11.842  2975  2975 I SurfaceView@4515966: applyTransactionOnVriDraw: vri = ViewRootImpl@c867560[MainActivity] fRS = false t = 0x7b02db4200 android.view.SurfaceView.performSurfaceTransaction:959 android.view.SurfaceView.updateSurface:1105 android.view.SurfaceView.lambda$new$0$android-view-SurfaceView:200 
10-10 02:15:11.842  2975  2975 I ViewRootImpl@c867560[MainActivity]: applyTransactionOnDraw: mRemoved = false isHardwareEnabled = true t = 0x7b02db4200android.view.SurfaceView.applyTransactionOnVriDraw:2048 android.view.SurfaceView.performSurfaceTransaction:959 android.view.SurfaceView.updateSurface:1105 android.view.SurfaceView.lambda$new$0$android-view-SurfaceView:200 android.view.SurfaceView$$ExternalSyntheticLambda5.onPreDraw:2 
10-10 02:15:11.842  2975  2975 I SurfaceView@4515966: updateSurface: mVisible = true mSurface.isValid() = true
10-10 02:15:11.842  2975  2975 I SurfaceView@4515966: updateSurface: mSurfaceCreated = false surfaceChanged = true visibleChanged = true
10-10 02:15:11.842  2975  2975 I SurfaceView@4515966: visibleChanged -- surfaceCreated
10-10 02:15:11.842  2975  2975 I SurfaceView@4515966: surfaceCreated 0 #8 android.view.SurfaceView{4515966 V.E...... ......ID 0,0-1080,525}
