10-11 02:36:52.838 29616 29616 I ViewRootImpl@610e394[MainActivity]: updateBlastSurfaceIfNeeded mBlastBufferQueue=null isSameSurfaceControl=false
10-11 02:36:52.839 29616 29616 I BLASTBufferQueue: new BLASTBufferQueue, mName= ViewRootImpl@610e394[MainActivity] mNativeObject= 0x7b5ff64200 sc.mNativeObject= 0x7bed81bd80 caller= android.view.ViewRootImpl.updateBlastSurfaceIfNeeded:2909 android.view.ViewRootImpl.relayoutWindow:9847 android.view.ViewRootImpl.performTraversals:3884 android.view.ViewRootImpl.doTraversal:3116 android.view.ViewRootImpl$TraversalRunnable.run:10885 android.view.Choreographer$CallbackRecord.run:1301 android.view.Choreographer$CallbackRecord.run:1309 android.view.Choreographer.doCallbacks:923 android.view.Choreographer.doFrame:852 android.view.Choreographer$FrameDisplayEventReceiver.run:1283 
10-11 02:36:52.839 29616 29616 I BLASTBufferQueue: update, w= 1080 h= 2400 mName = ViewRootImpl@610e394[MainActivity] mNativeObject= 0x7b5ff64200 sc.mNativeObject= 0x7bed81bd80 format= -2 caller= android.graphics.BLASTBufferQueue.<init>:84 android.view.ViewRootImpl.updateBlastSurfaceIfNeeded:2909 android.view.ViewRootImpl.relayoutWindow:9847 android.view.ViewRootImpl.performTraversals:3884 android.view.ViewRootImpl.doTraversal:3116 android.view.ViewRootImpl$TraversalRunnable.run:10885 
10-11 02:36:52.840 29616 29616 I ViewRootImpl@610e394[MainActivity]: Relayout returned: old=(0,0,1080,2400) new=(0,0,1080,2400) req=(1080,2400)0 dur=10 res=0x3 s={true 0x7b7be67000} ch=true seqId=0
10-11 02:36:52.841 29616 29616 I ViewRootImpl@610e394[MainActivity]: mThreadedRenderer.initialize() mSurface={isValid=true 0x7b7be67000} hwInitialized=true
10-11 02:36:52.841 29616 29638 D OpenGLRenderer: eglCreateWindowSurface
10-11 02:36:52.854 29616 29616 D AbsListView:  in onLayout changed 
10-11 02:36:52.855 29616 29616 I ViewRootImpl@610e394[MainActivity]: reportNextDraw android.view.ViewRootImpl.performTraversals:4438 android.view.ViewRootImpl.doTraversal:3116 android.view.ViewRootImpl$TraversalRunnable.run:10885 android.view.Choreographer$CallbackRecord.run:1301 android.view.Choreographer$CallbackRecord.run:1309 
10-11 02:36:52.855 29616 29616 I ViewRootImpl@610e394[MainActivity]: Setup new sync id=0
10-11 02:36:52.855 29616 29616 I ViewRootImpl@610e394[MainActivity]: Setting syncFrameCallback
10-11 02:36:52.855 29616 29616 I ViewRootImpl@610e394[MainActivity]: registerCallbacksForSync syncBuffer=false
10-11 02:36:52.858 29616 29709 I ViewRootImpl@610e394[MainActivity]: Received frameDrawingCallback syncResult=0 frameNum=1.
10-11 02:36:52.858 29616 29709 I ViewRootImpl@610e394[MainActivity]: Setting up sync and frameCommitCallback
10-11 02:36:52.867 29616 29638 I BLASTBufferQueue: [ViewRootImpl@610e394[MainActivity]#11](f:0,a:0) onFrameAvailable the first frame is available
10-11 02:36:52.868 29616 29638 I ViewRootImpl@610e394[MainActivity]: Received frameCommittedCallback lastAttemptedDrawFrameNum=1 didProduceBuffer=true
10-11 02:36:52.870 29616 29638 D OpenGLRenderer: CFMS:: SetUp Pid : 29616    Tid : 29638
10-11 02:36:52.875 29616 29616 I ViewRootImpl@610e394[MainActivity]: onSyncComplete
10-11 02:36:52.876 29616 29616 I ViewRootImpl@610e394[MainActivity]: setupSync seqId=0 mSyncId=0 fn=1 caller=android.view.ViewRootImpl$$ExternalSyntheticLambda11.accept:6 android.window.SurfaceSyncer.lambda$setupSync$1$android-window-SurfaceSyncer:128 android.window.SurfaceSyncer$$ExternalSyntheticLambda1.accept:8 android.window.SurfaceSyncer$SyncSet.checkIfSyncIsComplete:382 android.window.SurfaceSyncer$SyncSet.markSyncReady:359 android.window.SurfaceSyncer.markSyncReady:151 android.view.ViewRootImpl.performTraversals:4503 
10-11 02:36:52.877 29616 29616 I ViewRootImpl@610e394[MainActivity]: reportDrawFinished seqId=0 mSyncId=-1 fn=1 mSurfaceChangedTransaction=0x7b7be6df00
10-11 02:36:52.879 29616 29616 D InsetsController: onStateChanged: InsetsState: {mDisplayFrame=Rect(0, 0 - 1080, 2400), mDisplayCutout=DisplayCutout{insets=Rect(0, 88 - 0, 0) waterfall=Insets{left=0, top=0, right=0, bottom=0} boundingRect={Bounds=[Rect(0, 0 - 0, 0), Rect(512, 0 - 568, 88), Rect(0, 0 - 0, 0), Rect(0, 0 - 0, 0)]} cutoutPathParserInfo={CutoutPathParserInfo{displayWidth=1080 displayHeight=2400 physicalDisplayWidth=1080 physicalDisplayHeight=2400 density={2.625} cutoutSpec={M 0,0 M 0,12.25101276465640 a 10.60613009248640,10.60613009248640 0 1,0 0,21.21226018497290 a 10.60613009248640,10.60613009248640 0 1,0 0,-21.21226018497290 Z @dp} rotation={0} scale={1.0} physicalPixelDisplaySizeRatio={1.0}}}}, mRoundedCorners=RoundedCorners{[RoundedCorner{position=TopLeft, radius=84, center=Point(84, 84)}, RoundedCorner{position=TopRight, radius=84, center=Point(996, 84)}, RoundedCorner{position=BottomRight, radius=84, center=Point(996, 2316)}, RoundedCorner{position=BottomLeft, radius=84, center=Point(84, 2316)}]}  mRoundedCornerFrame=Rect(0, 0 - 1080, 2400), mPrivacyIndicatorBounds=PrivacyIndicatorBounds {static bounds=Rect(964, 0 - 1080, 87) rotation=0}, mSources= { InsetsSource: {mType=ITYPE_STATUS_BAR, mFrame=[0,0][1080,88], mVisible=true, mInsetsRoundedCornerFrame=false}, InsetsSource: {mType=ITYPE_NAVIGATION_BAR, mFrame=[0,2361][1080,2400], mVisible=true, mInsetsRoundedCornerFrame=false}, InsetsSource: {mType=ITYPE_LEFT_GESTURES, mFrame=[0,0][130,2400], mVisible=true, mInsetsRoundedCornerFrame=false}, InsetsSource: {mType=ITYPE_RIGHT_GESTURES, mFrame=[950,0][1080,2400], mVisible=true, mInsetsRoundedCornerFrame=false}, InsetsSource: {mType=ITYPE_TOP_MANDATORY_GESTURES, mFrame=[0,0][1080,120], mVisible=true, mInsetsRoundedCornerFrame=false}, InsetsSource: {mType=ITYPE_BOTTOM_MANDATORY_GESTURES, mFrame=[0,2316][1080,2400], mVisible=true, mInsetsRoundedCornerFrame=false}, InsetsSource: {mType=ITYPE_LEFT_DISPLAY_CUTOUT, mFrame=[0,0][-100000,2400], mVisible=true, mInsetsRoundedCornerFrame=false}, InsetsSource: {mType=ITYPE_TOP_DISPLAY_CUTOUT, mFrame=[0,0][1080,88], mVisible=true, mInsetsRoundedCornerFrame=false}, InsetsSource: {mType=ITYPE_RIGHT_DISPLAY_CUTOUT, mFrame=[100000,0][1080,2400], mVisible=true, mInsetsRoundedCornerFrame=false}, InsetsSource: {mType=ITYPE_BOTTOM_DISPLAY_CUTOUT, mFrame=[0,100000][1080,2400], mVisible=true, mInsetsRoundedCornerFrame=false}, InsetsSource: {mType=ITYPE_TOP_TAPPABLE_ELEMENT, mFrame=[0,0][1080,88], mVisible=true, mInsetsRoundedCornerFrame=false}, InsetsSource: {mType=ITYPE_BOTTOM_TAPPABLE_ELEMENT, mFrame=[0,0][0,0], mVisible=true, mInsetsRoundedCornerFrame=false} } host=com.lagradost.cloudstream3/com.lagradost.cloudstream3.MainActivity from=android.view.ViewRootImpl$ViewRootHandler.handleMessageImpl:6740
10-11 02:36:52.881 29616 29616 I ViewRootImpl@7537700[MainActivity]: MSG_WINDOW_FOCUS_CHANGED 0 0
10-11 02:36:52.892 29616 29616 I ViewRootImpl@7537700[MainActivity]: MSG_WINDOW_FOCUS_CHANGED 0 0
10-11 02:36:52.931 29616 29616 I ViewRootImpl@610e394[MainActivity]: MSG_WINDOW_FOCUS_CHANGED 1 0
10-11 02:36:52.932 29616 29616 I ViewRootImpl@610e394[MainActivity]: mThreadedRenderer.initializeIfNeeded()#2 mSurface={isValid=true 0x7b7be67000}
10-11 02:36:52.933 29616 29616 D InputMethodManager: startInputInner - Id : 0
10-11 02:36:52.933 29616 29616 I InputMethodManager: startInputInner - mService.startInputOrWindowGainedFocus
10-11 02:36:54.754 29616 29616 I ViewRootImpl@610e394[MainActivity]: ViewPostIme pointer 0
10-11 02:36:55.319 29616 29616 D WindowOnBackDispatcher: onBackInvoked, viewRoot=ViewRootImpl@610e394[MainActivity], callback=android.app.Dialog$$ExternalSyntheticLambda3@bc67139
10-11 02:36:55.323 29616 29616 I MSHandlerLifeCycle: removeMultiSplitHandler: no exist. decor=DecorView@63203c9[MainActivity]
10-11 02:36:55.324 29616 29638 D OpenGLRenderer: setSurface called with nullptr
10-11 02:36:55.324 29616 29638 D OpenGLRenderer: setSurface() destroyed EGLSurface
10-11 02:36:55.324 29616 29638 D OpenGLRenderer: destroyEglSurface
10-11 02:36:55.326 29616 29616 I ViewRootImpl@610e394[MainActivity]: dispatchDetachedFromWindow
10-11 02:36:55.352 29616 29616 D InputTransport: Input channel destroyed: '6505237', fd=119
10-11 02:36:55.356 29616 29616 D InsetsController: onStateChanged: InsetsState: {mDisplayFrame=Rect(0, 0 - 1080, 2400), mDisplayCutout=DisplayCutout{insets=Rect(0, 88 - 0, 0) waterfall=Insets{left=0, top=0, right=0, bottom=0} boundingRect={Bounds=[Rect(0, 0 - 0, 0), Rect(512, 0 - 568, 88), Rect(0, 0 - 0, 0), Rect(0, 0 - 0, 0)]} cutoutPathParserInfo={CutoutPathParserInfo{displayWidth=1080 displayHeight=2400 physicalDisplayWidth=1080 physicalDisplayHeight=2400 density={2.625} cutoutSpec={M 0,0 M 0,12.25101276465640 a 10.60613009248640,10.60613009248640 0 1,0 0,21.21226018497290 a 10.60613009248640,10.60613009248640 0 1,0 0,-21.21226018497290 Z @dp} rotation={0} scale={1.0} physicalPixelDisplaySizeRatio={1.0}}}}, mRoundedCorners=RoundedCorners{[RoundedCorner{position=TopLeft, radius=84, center=Point(84, 84)}, RoundedCorner{position=TopRight, radius=84, center=Point(996, 84)}, RoundedCorner{position=BottomRight, radius=84, center=Point(996, 2316)}, RoundedCorner{position=BottomLeft, radius=84, center=Point(84, 2316)}]}  mRoundedCornerFrame=Rect(0, 0 - 1080, 2400), mPrivacyIndicatorBounds=PrivacyIndicatorBounds {static bounds=Rect(964, 0 - 1080, 87) rotation=0}, mSources= { InsetsSource: {mType=ITYPE_STATUS_BAR, mFrame=[0,0][1080,88], mVisible=true, mInsetsRoundedCornerFrame=false}, InsetsSource: {mType=ITYPE_NAVIGATION_BAR, mFrame=[0,2361][1080,2400], mVisible=true, mInsetsRoundedCornerFrame=false}, InsetsSource: {mType=ITYPE_LEFT_GESTURES, mFrame=[0,0][130,2400], mVisible=true, mInsetsRoundedCornerFrame=false}, InsetsSource: {mType=ITYPE_RIGHT_GESTURES, mFrame=[950,0][1080,2400], mVisible=true, mInsetsRoundedCornerFrame=false}, InsetsSource: {mType=ITYPE_TOP_MANDATORY_GESTURES, mFrame=[0,0][1080,120], mVisible=true, mInsetsRoundedCornerFrame=false}, InsetsSource: {mType=ITYPE_BOTTOM_MANDATORY_GESTURES, mFrame=[0,2316][1080,2400], mVisible=true, mInsetsRoundedCornerFrame=false}, InsetsSource: {mType=ITYPE_LEFT_DISPLAY_CUTOUT, mFrame=[0,0][-100000,2400], mVisible=true, mInsetsRoundedCornerFrame=false}, InsetsSource: {mType=ITYPE_TOP_DISPLAY_CUTOUT, mFrame=[0,0][1080,88], mVisible=true, mInsetsRoundedCornerFrame=false}, InsetsSource: {mType=ITYPE_RIGHT_DISPLAY_CUTOUT, mFrame=[100000,0][1080,2400], mVisible=true, mInsetsRoundedCornerFrame=false}, InsetsSource: {mType=ITYPE_BOTTOM_DISPLAY_CUTOUT, mFrame=[0,100000][1080,2400], mVisible=true, mInsetsRoundedCornerFrame=false}, InsetsSource: {mType=ITYPE_TOP_TAPPABLE_ELEMENT, mFrame=[0,0][1080,88], mVisible=true, mInsetsRoundedCornerFrame=false}, InsetsSource: {mType=ITYPE_BOTTOM_TAPPABLE_ELEMENT, mFrame=[0,0][0,0], mVisible=true, mInsetsRoundedCornerFrame=false} } host=com.lagradost.cloudstream3/com.lagradost.cloudstream3.MainActivity from=android.view.ViewRootImpl$ViewRootHandler.handleMessageImpl:6740
10-11 02:36:55.377 29616 29616 I ViewRootImpl@7537700[MainActivity]: MSG_WINDOW_FOCUS_CHANGED 1 0
10-11 02:36:55.377 29616 29616 I ViewRootImpl@7537700[MainActivity]: mThreadedRenderer.initializeIfNeeded()#2 mSurface={isValid=true 0x7b7bfd4800}
10-11 02:36:55.384 29616 29616 D InputMethodManager: startInputInner - Id : 0
10-11 02:36:55.384 29616 29616 I InputMethodManager: startInputInner - mService.startInputOrWindowGainedFocus
10-11 02:36:55.944 29616 29616 I ViewRootImpl@7537700[MainActivity]: ViewPostIme pointer 0
10-11 02:36:56.009 29616 29616 W PanelsChildGestureRegionObserver: failed to register view with ID 2131362800. already registered
10-11 02:36:56.022 29616 29616 W PanelsChildGestureRegionObserver: failed to register view with ID 2131362800. already registered
10-11 02:36:56.039 29616 29616 W PanelsChildGestureRegionObserver: failed to register view with ID 2131362800. already registered
10-11 02:36:56.055 29616 29616 W PanelsChildGestureRegionObserver: failed to register view with ID 2131362800. already registered
10-11 02:36:56.072 29616 29616 W PanelsChildGestureRegionObserver: failed to register view with ID 2131362800. already registered
10-11 02:36:56.089 29616 29616 W PanelsChildGestureRegionObserver: failed to register view with ID 2131362800. already registered
10-11 02:36:56.104 29616 29616 D WindowOnBackDispatcher: onBackInvoked, viewRoot=ViewRootImpl@610e394[MainActivity], callback=androidx.activity.OnBackPressedDispatcher$Api33Impl$$ExternalSyntheticLambda0@61e4548
10-11 02:36:56.118 29616 29616 I IMM_LC  : hsifw() - flag : 0
10-11 02:36:56.118 29616 29616 I IMM_LC  : hsifw() - mService.hideSoftInput
10-11 02:36:56.123 29616 29616 I CS3ExoPlayer: onStop
10-11 02:36:56.123 29616 29616 I CS3ExoPlayer: saveData
10-11 02:36:56.123 29616 29616 I CS3ExoPlayer: handleEvent Pause
10-11 02:36:56.208 29616 29616 W PanelsChildGestureRegionObserver: failed to register view with ID 2131362800. already registered
10-11 02:36:56.536 29616 29616 W PanelsChildGestureRegionObserver: failed to register view with ID 2131362800. already registered
10-11 02:36:56.553 29616 29708 D SurfaceView@21f36db: updateSurfacePosition RenderWorker, frameNr = 749, position = [54, 314, 1026, 787] surfaceSize = 1080x525
10-11 02:36:56.553 29616 29708 I SurfaceView@21f36db: uSP: rtp = Rect(54, 314 - 1026, 787) rtsw = 1080 rtsh = 525
10-11 02:36:56.553 29616 29708 I SurfaceView@21f36db: onSSPAndSRT: pl = 54 pt = 314 sx = 0.9 sy = 0.9009524
10-11 02:36:56.553 29616 29708 I SurfaceView@21f36db: aOrMT: ViewRootImpl@7537700[MainActivity] t = android.view.SurfaceControl$Transaction@b08f28d fN = 749 android.view.SurfaceView.-$$Nest$mapplyOrMergeTransaction:0 android.view.SurfaceView$SurfaceViewPositionUpdateListener.positionChanged:1537 android.graphics.RenderNode$CompositePositionUpdateListener.positionChanged:373 
10-11 02:36:56.553 29616 29708 I ViewRootImpl@7537700[MainActivity]: mWNT: t=0x7b412f6c00 mBlastBufferQueue=0x7b5ff65d00 fn= 749 caller= android.view.SurfaceView.applyOrMergeTransaction:1455 android.view.SurfaceView.-$$Nest$mapplyOrMergeTransaction:0 android.view.SurfaceView$SurfaceViewPositionUpdateListener.positionChanged:1537 
10-11 02:36:56.554 29616 29616 I SurfaceView@21f36db: onWindowVisibilityChanged(8) false android.view.SurfaceView{21f36db V.E..V... ........ 0,0-1080,525} of ViewRootImpl@7537700[MainActivity]
10-11 02:36:56.554 29616 29616 I SurfaceView@21f36db: Changes: creating=false format=false size=false visible=true alpha=false hint=false mUseAlpha=false visible=true left=false top=false
10-11 02:36:56.554 29616 29616 I SurfaceView@21f36db: 35600091 Cur surface: Surface(name=null)/@0x90f6b78
10-11 02:36:56.555 29616 29616 I SurfaceView@21f36db: applyTransactionOnVriDraw: vri = ViewRootImpl@7537700[MainActivity] fRS = false t = 0x7b0b4af700 android.view.SurfaceView.performSurfaceTransaction:959 android.view.SurfaceView.updateSurface:1105 android.view.SurfaceView.onWindowVisibilityChanged:371 
10-11 02:36:56.555 29616 29616 I ViewRootImpl@7537700[MainActivity]: applyTransactionOnDraw: mRemoved = false isHardwareEnabled = true t = 0x7b0b4af700android.view.SurfaceView.applyTransactionOnVriDraw:2048 android.view.SurfaceView.performSurfaceTransaction:959 android.view.SurfaceView.updateSurface:1105 android.view.SurfaceView.onWindowVisibilityChanged:371 android.view.View.dispatchDetachedFromWindow:22529 
10-11 02:36:56.555 29616 29616 I SurfaceView@21f36db: surfaceDestroyed
10-11 02:36:56.555 29616 29616 I SurfaceView@21f36db: surfaceDestroyed callback.size 0 #2 android.view.SurfaceView{21f36db V.E..V... ........ 0,0-1080,525}
10-11 02:36:56.555 29616 29616 I SurfaceView@21f36db: updateSurface: mVisible = false mSurface.isValid() = true
10-11 02:36:56.555 29616 29616 I SurfaceView@21f36db: releaseSurfaces: viewRoot = ViewRootImpl@7537700[MainActivity]
10-11 02:36:56.556 29616 29616 I SurfaceView@21f36db: applyTransactionOnVriDraw: vri = ViewRootImpl@7537700[MainActivity] fRS = true t = 0x7b0b4af900 android.view.SurfaceView.releaseSurfaces:858 android.view.SurfaceView.updateSurface:1172 android.view.SurfaceView.onWindowVisibilityChanged:371 
10-11 02:36:56.556 29616 29616 I SurfaceView@21f36db: applyTransactionOnVriDraw: viewRoot.applyTransactionOnDrawFromReleaseSurfaces
10-11 02:36:56.556 29616 29616 I ViewRootImpl@7537700[MainActivity]: applyTransactionOnDraw: mRemoved = false isHardwareEnabled = true t = 0x7b0b4af900android.view.ViewRootImpl.applyTransactionOnDrawFromReleaseSurfaces:12850 android.view.SurfaceView.applyTransactionOnVriDraw:2046 android.view.SurfaceView.releaseSurfaces:858 android.view.SurfaceView.updateSurface:1172 android.view.SurfaceView.onWindowVisibilityChanged:371 
10-11 02:36:56.556 29616 29616 V SurfaceView@21f36db: Layout: x=0 y=218 w=1080 h=525, frame=Rect(0, 0 - 1080, 525)
10-11 02:36:56.556 29616 29616 I SurfaceView@21f36db: onDetachedFromWindow: tryReleaseSurfaces()
10-11 02:36:56.556 29616 29616 I SurfaceView@21f36db: releaseSurfaces: viewRoot = ViewRootImpl@7537700[MainActivity]
10-11 02:36:56.556 29616 29616 I SurfaceView@21f36db: applyTransactionOnVriDraw: vri = ViewRootImpl@7537700[MainActivity] fRS = true t = 0x7b0b4afa00 android.view.SurfaceView.releaseSurfaces:858 android.view.SurfaceView.onDetachedFromWindow:500 android.view.View.dispatchDetachedFromWindow:22538 
10-11 02:36:56.556 29616 29616 I SurfaceView@21f36db: applyTransactionOnVriDraw: viewRoot.applyTransactionOnDrawFromReleaseSurfaces
10-11 02:36:56.557 29616 29616 I ViewRootImpl@7537700[MainActivity]: applyTransactionOnDraw: mRemoved = false isHardwareEnabled = true t = 0x7b0b4afa00android.view.ViewRootImpl.applyTransactionOnDrawFromReleaseSurfaces:12850 android.view.SurfaceView.applyTransactionOnVriDraw:2046 android.view.SurfaceView.releaseSurfaces:858 android.view.SurfaceView.onDetachedFromWindow:500 android.view.View.dispatchDetachedFromWindow:22538 
10-11 02:36:56.567 29616 29616 I DecorView: notifyKeepScreenOnChanged: keepScreenOn=false
10-11 02:36:56.568 29616 29616 I CS3ExoPlayer: releasePlayer
10-11 02:36:56.568 29616 29616 I CS3ExoPlayer: Handle event: PlayerAttachedEvent(player=null, source=Player)
10-11 02:36:56.569 29616 29616 I DecorView: notifyKeepScreenOnChanged: keepScreenOn=false
10-11 02:36:56.571 29616 29616 I ViewRootImpl@7537700[MainActivity]: performTraversals params={(0,0)(fillxfill) sim={state=always_hidden adjust=resize} ty=BASE_APPLICATION wanim=0x1030309
10-11 02:36:56.571 29616 29616 I ViewRootImpl@7537700[MainActivity]:   fl=85810100
10-11 02:36:56.571 29616 29616 I ViewRootImpl@7537700[MainActivity]:   pfl=12020040
10-11 02:36:56.571 29616 29616 I ViewRootImpl@7537700[MainActivity]:   vsysui=500
10-11 02:36:56.571 29616 29616 I ViewRootImpl@7537700[MainActivity]:   bhv=DEFAULT
10-11 02:36:56.571 29616 29616 I ViewRootImpl@7537700[MainActivity]:   fitSides= naviIconColor=0}
10-11 02:36:56.571 29616 29616 I ViewRootImpl@7537700[MainActivity]: performTraversals mFirst=false windowShouldResize=false viewVisibilityChanged=false mForceNextWindowRelayout=false params={(0,0)(fillxfill) sim={state=always_hidden adjust=resize} ty=BASE_APPLICATION fmt=TRANSLUCENT wanim=0x1030309
10-11 02:36:56.571 29616 29616 I ViewRootImpl@7537700[MainActivity]:   fl=85810100
10-11 02:36:56.571 29616 29616 I ViewRootImpl@7537700[MainActivity]:   pfl=12020040
10-11 02:36:56.571 29616 29616 I ViewRootImpl@7537700[MainActivity]:   vsysui=500
10-11 02:36:56.571 29616 29616 I ViewRootImpl@7537700[MainActivity]:   bhv=DEFAULT
10-11 02:36:56.571 29616 29616 I ViewRootImpl@7537700[MainActivity]:   fitSides= naviIconColor=0}
10-11 02:36:56.576 29616 29616 I ViewRootImpl@7537700[MainActivity]: updateBlastSurfaceIfNeeded mBlastBufferQueue=0x7b5ff65d00 isSameSurfaceControl=true
10-11 02:36:56.576 29616 29616 I BLASTBufferQueue: update, w= 1080 h= 2400 mName = ViewRootImpl@7537700[MainActivity] mNativeObject= 0x7b5ff65d00 sc.mNativeObject= 0x7b0b111320 format= -3 caller= android.view.ViewRootImpl.updateBlastSurfaceIfNeeded:2898 android.view.ViewRootImpl.relayoutWindow:9847 android.view.ViewRootImpl.performTraversals:3884 android.view.ViewRootImpl.doTraversal:3116 android.view.ViewRootImpl$TraversalRunnable.run:10885 android.view.Choreographer$CallbackRecord.run:1301 
10-11 02:36:56.576 29616 29616 I ViewRootImpl@7537700[MainActivity]: Relayout returned: old=(0,0,1080,2400) new=(0,0,1080,2400) req=(1080,2400)0 dur=5 res=0x0 s={true 0x7b7bfd4800} ch=false seqId=0
10-11 02:36:56.577 29616 29616 I ViewRootImpl@7537700[MainActivity]: updateBoundsLayer: t = android.view.SurfaceControl$Transaction@690c004 sc = Surface(name=Bounds for - com.lagradost.cloudstream3/com.lagradost.cloudstream3.MainActivity@0)/@0xd3b29ed frame = 750
10-11 02:36:56.577 29616 29616 I ViewRootImpl@7537700[MainActivity]: mWNT: t=0x7b5ff9dd00 mBlastBufferQueue=0x7b5ff65d00 fn= 750 caller= android.view.ViewRootImpl.prepareSurfaces:2985 android.view.ViewRootImpl.performTraversals:4233 android.view.ViewRootImpl.doTraversal:3116 
10-11 02:36:56.578 29616 29638 D SurfaceView@21f36db: windowPositionLost, frameNr = 750
10-11 02:36:56.579 29616 29709 I ViewRootImpl@7537700[MainActivity]: mWNT: t=0x7b0b4af700 mBlastBufferQueue=0x7b5ff65d00 fn= 750 caller= android.view.ViewRootImpl.lambda$applyTransactionOnDraw$11$android-view-ViewRootImpl:12865 android.view.ViewRootImpl$$ExternalSyntheticLambda1.onFrameDraw:4 android.graphics.HardwareRenderer$FrameDrawingCallback.onFrameDraw:924 
10-11 02:36:56.579 29616 29709 I ViewRootImpl@7537700[MainActivity]: mWNT: t=0x7b0b4af900 mBlastBufferQueue=0x7b5ff65d00 fn= 750 caller= android.view.ViewRootImpl.lambda$applyTransactionOnDraw$11$android-view-ViewRootImpl:12865 android.view.ViewRootImpl$$ExternalSyntheticLambda1.onFrameDraw:4 android.graphics.HardwareRenderer$FrameDrawingCallback.onFrameDraw:924 
10-11 02:36:56.579 29616 29709 I ViewRootImpl@7537700[MainActivity]: mWNT: t=0x7b0b4afa00 mBlastBufferQueue=0x7b5ff65d00 fn= 750 caller= android.view.ViewRootImpl.lambda$applyTransactionOnDraw$11$android-view-ViewRootImpl:12865 android.view.ViewRootImpl$$ExternalSyntheticLambda1.onFrameDraw:4 android.graphics.HardwareRenderer$FrameDrawingCallback.onFrameDraw:924 
10-11 02:36:57.521 29616 29616 I ViewRootImpl@7537700[MainActivity]: ViewPostIme pointer 0
10-11 02:36:57.656 29616 29616 I ViewRootImpl@7537700[MainActivity]: ViewPostIme pointer 1
10-11 02:36:58.215 29616 29616 I ViewRootImpl@7537700[MainActivity]: ViewPostIme pointer 0
10-11 02:36:58.446 29616 29616 I ViewRootImpl@7537700[MainActivity]: ViewPostIme pointer 1
10-11 02:36:58.951 29616 29616 I ViewRootImpl@7537700[MainActivity]: ViewPostIme pointer 0
10-11 02:36:59.017 29616 29616 I ViewRootImpl@7537700[MainActivity]: ViewPostIme pointer 1
10-11 02:36:59.022 29616 29616 I NavComponent: Navigating to fragment: 2131362274
10-11 02:36:59.027 29616 29616 I IMM_LC  : hsifw() - flag : 0
10-11 02:36:59.027 29616 29616 I IMM_LC  : hsifw() - mService.hideSoftInput
10-11 02:36:59.077 29616 29616 D ScrollView: initGoToTop
10-11 02:36:59.380 29616 29616 I SurfaceView@ae874c3: onWindowVisibilityChanged(0) true android.view.SurfaceView{ae874c3 V.E..V... ......I. 0,0-0,0} of ViewRootImpl@7537700[MainActivity]
10-11 02:36:59.380 29616 29616 D SurfaceView@ae874c3: updateSurface: has no frame
10-11 02:36:59.386 29616 29616 I CS3ExoPlayer: SET STYLE = SaveCaptionStyle(foregroundColor=-1, backgroundColor=0, windowColor=0, edgeType=1, edgeColor=-16777216, typeface=null, typefaceFilePath=null, elevation=20, fixedTextSize=null, edgeSize=null, removeCaptions=false, removeBloat=true, upperCase=false, bold=false, italic=false, backgroundRadius=null)
10-11 02:36:59.396 29616 29616 I IMM_LC  : hsifw() - flag : 0
10-11 02:36:59.396 29616 29616 I IMM_LC  : hsifw() - mService.hideSoftInput
10-11 02:36:59.398 29616 29672 I SYNCVM  : addFromUrl = https://tv6.egydead.live/%d9%85%d8%b4%d8%a7%d9%87%d8%af%d8%a9-%d9%81%d9%8a%d9%84%d9%85-qodrat-2-2025-%d9%85%d8%aa%d8%b1%d8%ac%d9%85/
10-11 02:36:59.398 29616 29672 I SYNCUTIL: getIdsFromUrl https://tv6.egydead.live/%d9%85%d8%b4%d8%a7%d9%87%d8%af%d8%a9-%d9%81%d9%8a%d9%84%d9%85-qodrat-2-2025-%d9%85%d8%aa%d8%b1%d8%ac%d9%85/
10-11 02:36:59.417 29616 29616 I SurfaceView@ae874c3: onWindowVisibilityChanged(8) false android.view.SurfaceView{ae874c3 V.E..V... ......I. 0,0-0,0} of ViewRootImpl@7537700[MainActivity]
10-11 02:36:59.417 29616 29616 D SurfaceView@ae874c3: updateSurface: has no frame
10-11 02:36:59.417 29616 29616 D SurfaceView@ae874c3: updateSurface: has no frame
10-11 02:36:59.417 29616 29616 I SurfaceView@ae874c3: onDetachedFromWindow: tryReleaseSurfaces()
10-11 02:36:59.417 29616 29616 I SurfaceView@ae874c3: releaseSurfaces: viewRoot = ViewRootImpl@7537700[MainActivity]
10-11 02:36:59.418 29616 29616 I SurfaceView@ae874c3: applyTransactionOnVriDraw: vri = ViewRootImpl@7537700[MainActivity] fRS = true t = 0x7b2a2bb400 android.view.SurfaceView.releaseSurfaces:858 android.view.SurfaceView.onDetachedFromWindow:500 android.view.View.dispatchDetachedFromWindow:22538 
10-11 02:36:59.418 29616 29616 I SurfaceView@ae874c3: applyTransactionOnVriDraw: viewRoot.applyTransactionOnDrawFromReleaseSurfaces
10-11 02:36:59.418 29616 29616 I ViewRootImpl@7537700[MainActivity]: applyTransactionOnDraw: mRemoved = false isHardwareEnabled = true t = 0x7b2a2bb400android.view.ViewRootImpl.applyTransactionOnDrawFromReleaseSurfaces:12850 android.view.SurfaceView.applyTransactionOnVriDraw:2046 android.view.SurfaceView.releaseSurfaces:858 android.view.SurfaceView.onDetachedFromWindow:500 android.view.View.dispatchDetachedFromWindow:22538 
10-11 02:36:59.420 29616 29616 I SurfaceView@ae874c3: onWindowVisibilityChanged(0) true android.view.SurfaceView{ae874c3 V.E..V... ......I. 0,0-0,0} of ViewRootImpl@7537700[MainActivity]
10-11 02:36:59.420 29616 29616 D SurfaceView@ae874c3: updateSurface: has no frame
10-11 02:36:59.423 29616 29616 I DecorView: notifyKeepScreenOnChanged: keepScreenOn=false
10-11 02:36:59.434 29616 29616 I CS3ExoPlayer: reloadPlayer
10-11 02:36:59.434 29616 29616 I CS3ExoPlayer: releasePlayer
10-11 02:36:59.434 29616 29616 I CS3ExoPlayer: Handle event: PlayerAttachedEvent(player=null, source=Player)
10-11 02:36:59.441 29616 29616 I ViewRootImpl@7537700[MainActivity]: performTraversals params={(0,0)(fillxfill) sim={state=always_hidden adjust=resize} ty=BASE_APPLICATION wanim=0x1030309
10-11 02:36:59.441 29616 29616 I ViewRootImpl@7537700[MainActivity]:   fl=85810100
10-11 02:36:59.441 29616 29616 I ViewRootImpl@7537700[MainActivity]:   pfl=12020040
10-11 02:36:59.441 29616 29616 I ViewRootImpl@7537700[MainActivity]:   vsysui=500
10-11 02:36:59.441 29616 29616 I ViewRootImpl@7537700[MainActivity]:   bhv=DEFAULT
10-11 02:36:59.441 29616 29616 I ViewRootImpl@7537700[MainActivity]:   fitSides= naviIconColor=0}
10-11 02:36:59.442 29616 29616 I ViewRootImpl@7537700[MainActivity]: performTraversals mFirst=false windowShouldResize=false viewVisibilityChanged=false mForceNextWindowRelayout=false params={(0,0)(fillxfill) sim={state=always_hidden adjust=resize} ty=BASE_APPLICATION fmt=TRANSLUCENT wanim=0x1030309
10-11 02:36:59.442 29616 29616 I ViewRootImpl@7537700[MainActivity]:   fl=85810100
10-11 02:36:59.442 29616 29616 I ViewRootImpl@7537700[MainActivity]:   pfl=12020040
10-11 02:36:59.442 29616 29616 I ViewRootImpl@7537700[MainActivity]:   vsysui=500
10-11 02:36:59.442 29616 29616 I ViewRootImpl@7537700[MainActivity]:   bhv=DEFAULT
10-11 02:36:59.442 29616 29616 I ViewRootImpl@7537700[MainActivity]:   fitSides= naviIconColor=0}
10-11 02:36:59.447 29616 29616 I ViewRootImpl@7537700[MainActivity]: updateBlastSurfaceIfNeeded mBlastBufferQueue=0x7b5ff65d00 isSameSurfaceControl=true
10-11 02:36:59.447 29616 29616 I BLASTBufferQueue: update, w= 1080 h= 2400 mName = ViewRootImpl@7537700[MainActivity] mNativeObject= 0x7b5ff65d00 sc.mNativeObject= 0x7b0840b3c0 format= -3 caller= android.view.ViewRootImpl.updateBlastSurfaceIfNeeded:2898 android.view.ViewRootImpl.relayoutWindow:9847 android.view.ViewRootImpl.performTraversals:3884 android.view.ViewRootImpl.doTraversal:3116 android.view.ViewRootImpl$TraversalRunnable.run:10885 android.view.Choreographer$CallbackRecord.run:1301 
10-11 02:36:59.448 29616 29616 I ViewRootImpl@7537700[MainActivity]: Relayout returned: old=(0,0,1080,2400) new=(0,0,1080,2400) req=(1080,2400)0 dur=5 res=0x0 s={true 0x7b7bfd4800} ch=false seqId=0
10-11 02:36:59.448 29616 29616 I ViewRootImpl@7537700[MainActivity]: updateBoundsLayer: t = android.view.SurfaceControl$Transaction@690c004 sc = Surface(name=Bounds for - com.lagradost.cloudstream3/com.lagradost.cloudstream3.MainActivity@0)/@0xd3b29ed frame = 837
10-11 02:36:59.448 29616 29616 I ViewRootImpl@7537700[MainActivity]: mWNT: t=0x7b5ff9dd00 mBlastBufferQueue=0x7b5ff65d00 fn= 837 caller= android.view.ViewRootImpl.prepareSurfaces:2985 android.view.ViewRootImpl.performTraversals:4233 android.view.ViewRootImpl.doTraversal:3116 
10-11 02:36:59.449 29616 29616 W View    : requestLayout() improperly called by android.widget.FrameLayout{a3b2a2a I.E..V... ......I. 0,0-0,0 #7f0a04e7 app:id/start_panel} during layout: running second layout pass
10-11 02:36:59.449 29616 29616 W View    : requestLayout() improperly called by android.widget.FrameLayout{885f01b I.E..V... ......ID 1080,0-1080,2143 #7f0a0168 app:id/end_panel} during layout: running second layout pass
10-11 02:36:59.451 29616 29616 D SurfaceView@ae874c3: updateSurface: has no frame
10-11 02:36:59.455 29616 29708 I ViewRootImpl@7537700[MainActivity]: mWNT: t=0x7b2a2bb400 mBlastBufferQueue=0x7b5ff65d00 fn= 837 caller= android.view.ViewRootImpl.lambda$applyTransactionOnDraw$11$android-view-ViewRootImpl:12865 android.view.ViewRootImpl$$ExternalSyntheticLambda1.onFrameDraw:4 android.graphics.HardwareRenderer$FrameDrawingCallback.onFrameDraw:924 
10-11 02:36:59.459 29616 29616 D SurfaceView@ae874c3: updateSurface: has no frame
10-11 02:36:59.469 29616 29616 D SurfaceView@ae874c3: updateSurface: has no frame
10-11 02:36:59.486 29616 29616 D SurfaceView@ae874c3: updateSurface: has no frame
10-11 02:36:59.503 29616 29616 D SurfaceView@ae874c3: updateSurface: has no frame
10-11 02:36:59.519 29616 29616 D SurfaceView@ae874c3: updateSurface: has no frame
10-11 02:36:59.535 29616 29616 D SurfaceView@ae874c3: updateSurface: has no frame
10-11 02:36:59.552 29616 29616 D SurfaceView@ae874c3: updateSurface: has no frame
10-11 02:36:59.569 29616 29616 D SurfaceView@ae874c3: updateSurface: has no frame
10-11 02:36:59.586 29616 29616 D SurfaceView@ae874c3: updateSurface: has no frame
10-11 02:36:59.619 29616 29616 D SurfaceView@ae874c3: updateSurface: has no frame
10-11 02:36:59.636 29616 29616 D SurfaceView@ae874c3: updateSurface: has no frame
10-11 02:36:59.652 29616 29616 D SurfaceView@ae874c3: updateSurface: has no frame
10-11 02:36:59.669 29616 29616 D SurfaceView@ae874c3: updateSurface: has no frame
10-11 02:36:59.685 29616 29616 D SurfaceView@ae874c3: updateSurface: has no frame
10-11 02:36:59.702 29616 29616 D SurfaceView@ae874c3: updateSurface: has no frame
10-11 02:36:59.719 29616 29616 D SurfaceView@ae874c3: updateSurface: has no frame
10-11 02:36:59.735 29616 29616 D SurfaceView@ae874c3: updateSurface: has no frame
10-11 02:36:59.752 29616 29616 D SurfaceView@ae874c3: updateSurface: has no frame
10-11 02:36:59.769 29616 29616 D SurfaceView@ae874c3: updateSurface: has no frame
10-11 02:36:59.785 29616 29616 D SurfaceView@ae874c3: updateSurface: has no frame
10-11 02:36:59.802 29616 29616 D SurfaceView@ae874c3: updateSurface: has no frame
10-11 02:36:59.819 29616 29616 D SurfaceView@ae874c3: updateSurface: has no frame
10-11 02:36:59.835 29616 29616 D SurfaceView@ae874c3: updateSurface: has no frame
10-11 02:36:59.852 29616 29616 D SurfaceView@ae874c3: updateSurface: has no frame
10-11 02:36:59.868 29616 29616 D SurfaceView@ae874c3: updateSurface: has no frame
10-11 02:36:59.886 29616 29616 D SurfaceView@ae874c3: updateSurface: has no frame
10-11 02:36:59.902 29616 29616 D SurfaceView@ae874c3: updateSurface: has no frame
10-11 02:36:59.919 29616 29616 D SurfaceView@ae874c3: updateSurface: has no frame
10-11 02:36:59.935 29616 29616 D SurfaceView@ae874c3: updateSurface: has no frame
10-11 02:36:59.952 29616 29616 D SurfaceView@ae874c3: updateSurface: has no frame
10-11 02:36:59.969 29616 29616 D SurfaceView@ae874c3: updateSurface: has no frame
10-11 02:36:59.969 29616 29673 I RVM2    : applyMeta
10-11 02:36:59.984 29616 29616 W PanelsChildGestureRegionObserver: failed to register view with ID 2131362800. already registered
10-11 02:36:59.987 29616 29616 E CoilImgLoader: Error loading image: coil3.request.NullRequestDataException: The request's data is null.
10-11 02:36:59.993 29616 29616 E CoilImgLoader: Error loading image: coil3.request.NullRequestDataException: The request's data is null.
10-11 02:37:00.059 29616 29665 I SYNCVM  : addFromUrl = https://tv6.egydead.live/%d9%85%d8%b4%d8%a7%d9%87%d8%af%d8%a9-%d9%81%d9%8a%d9%84%d9%85-qodrat-2-2025-%d9%85%d8%aa%d8%b1%d8%ac%d9%85/
10-11 02:37:00.059 29616 29665 I SYNCUTIL: getIdsFromUrl https://tv6.egydead.live/%d9%85%d8%b4%d8%a7%d9%87%d8%af%d8%a9-%d9%81%d9%8a%d9%84%d9%85-qodrat-2-2025-%d9%85%d8%aa%d8%b1%d8%ac%d9%85/
10-11 02:37:00.076 29616 29616 D SurfaceView@ae874c3: updateSurface: has no frame
10-11 02:37:00.078 29616 29616 I SurfaceView@ae874c3: Changes: creating=true format=true size=true visible=true alpha=false hint=false mUseAlpha=false visible=true left=true top=true
10-11 02:37:00.080 29616 29616 I BLASTBufferQueue: update, w= 1080 h= 525 mName = null mNativeObject= 0x7b1e746f00 sc.mNativeObject= 0x7b08786d00 format= 4 caller= android.view.SurfaceView.createBlastSurfaceControls:1383 android.view.SurfaceView.updateSurface:1079 android.view.SurfaceView.lambda$new$0$android-view-SurfaceView:200 android.view.SurfaceView$$ExternalSyntheticLambda5.onPreDraw:2 android.view.ViewTreeObserver.dispatchOnPreDraw:1121 android.view.ViewRootImpl.performTraversals:4442 
10-11 02:37:00.080 29616 29616 I SurfaceView@ae874c3: 183006403 Cur surface: Surface(name=null)/@0xf310896
10-11 02:37:00.080 29616 29616 I SurfaceView@ae874c3: pST: sr = Rect(0, 218 - 1080, 743) sw = 1080 sh = 525
10-11 02:37:00.081 29616 29616 D SurfaceView@ae874c3: performSurfaceTransaction RenderWorker position = [0, 218, 1080, 743] surfaceSize = 1080x525
10-11 02:37:00.081 29616 29616 I SurfaceView@ae874c3: applyTransactionOnVriDraw: vri = ViewRootImpl@7537700[MainActivity] fRS = false t = 0x7b5ffd4a00 android.view.SurfaceView.performSurfaceTransaction:959 android.view.SurfaceView.updateSurface:1105 android.view.SurfaceView.lambda$new$0$android-view-SurfaceView:200 
10-11 02:37:00.081 29616 29616 I ViewRootImpl@7537700[MainActivity]: applyTransactionOnDraw: mRemoved = false isHardwareEnabled = true t = 0x7b5ffd4a00android.view.SurfaceView.applyTransactionOnVriDraw:2048 android.view.SurfaceView.performSurfaceTransaction:959 android.view.SurfaceView.updateSurface:1105 android.view.SurfaceView.lambda$new$0$android-view-SurfaceView:200 android.view.SurfaceView$$ExternalSyntheticLambda5.onPreDraw:2 
10-11 02:37:00.081 29616 29616 I SurfaceView@ae874c3: updateSurface: mVisible = true mSurface.isValid() = true
10-11 02:37:00.081 29616 29616 I SurfaceView@ae874c3: updateSurface: mSurfaceCreated = false surfaceChanged = true visibleChanged = true
10-11 02:37:00.081 29616 29616 I SurfaceView@ae874c3: visibleChanged -- surfaceCreated
10-11 02:37:00.081 29616 29616 I SurfaceView@ae874c3: surfaceCreated 0 #8 android.view.SurfaceView{ae874c3 V.E..V... ......ID 0,0-1080,525}
10-11 02:37:00.081 29616 29616 I SurfaceView@ae874c3: surfaceChanged -- format=4 w=1080 h=525
10-11 02:37:00.081 29616 29616 I SurfaceView@ae874c3: surfaceChanged (1080,525) 0 #8 android.view.SurfaceView{ae874c3 V.E..V... ......ID 0,0-1080,525}
10-11 02:37:00.081 29616 29616 I SurfaceView@ae874c3: surfaceRedrawNeeded
10-11 02:37:00.082 29616 29616 V SurfaceView@ae874c3: Layout: x=0 y=218 w=1080 h=525, frame=Rect(0, 0 - 1080, 525)
10-11 02:37:00.099 29616 29709 D SurfaceView@ae874c3: updateSurfacePosition RenderWorker, frameNr = 870, position = [0, 218, 1080, 743] surfaceSize = 1080x525
10-11 02:37:00.099 29616 29709 I SurfaceView@ae874c3: uSP: rtp = Rect(0, 218 - 1080, 743) rtsw = 1080 rtsh = 525
10-11 02:37:00.099 29616 29709 I SurfaceView@ae874c3: onSSPAndSRT: pl = 0 pt = 218 sx = 1.0 sy = 1.0
10-11 02:37:00.100 29616 29709 I SurfaceView@ae874c3: aOrMT: ViewRootImpl@7537700[MainActivity] t = android.view.SurfaceControl$Transaction@f19d2b3 fN = 870 android.view.SurfaceView.-$$Nest$mapplyOrMergeTransaction:0 android.view.SurfaceView$SurfaceViewPositionUpdateListener.positionChanged:1537 android.graphics.RenderNode$CompositePositionUpdateListener.positionChanged:373 
10-11 02:37:00.100 29616 29709 I ViewRootImpl@7537700[MainActivity]: mWNT: t=0x7b5ffd4000 mBlastBufferQueue=0x7b5ff65d00 fn= 870 caller= android.view.SurfaceView.applyOrMergeTransaction:1455 android.view.SurfaceView.-$$Nest$mapplyOrMergeTransaction:0 android.view.SurfaceView$SurfaceViewPositionUpdateListener.positionChanged:1537 
10-11 02:37:00.100 29616 29709 I ViewRootImpl@7537700[MainActivity]: mWNT: t=0x7b5ffd4a00 mBlastBufferQueue=0x7b5ff65d00 fn= 870 caller= android.view.ViewRootImpl.lambda$applyTransactionOnDraw$11$android-view-ViewRootImpl:12865 android.view.ViewRootImpl$$ExternalSyntheticLambda1.onFrameDraw:4 android.graphics.HardwareRenderer$FrameDrawingCallback.onFrameDraw:924 
10-11 02:37:00.116 29616 29616 I SurfaceView@ae874c3: finishedDrawing
10-11 02:37:00.867 29616 29616 I ViewRootImpl@7537700[MainActivity]: ViewPostIme pointer 0
10-11 02:37:01.407 29616 29616 I Dialog  : mIsDeviceDefault = false, mIsSamsungBasicInteraction = false, isMetaDataInActivity = false
10-11 02:37:01.441 29616 29616 I DecorView: [INFO] isPopOver=false config=false
10-11 02:37:01.441 29616 29616 I DecorView: updateCaptionType: isFloating=false isApplication=true hasWindowDecorCaption=false this=DecorView@56bd5a0[]
10-11 02:37:01.441 29616 29616 D DecorView: setCaptionType = 0, this = DecorView@56bd5a0[]
10-11 02:37:01.444 29616 29616 I DecorView: getCurrentDensityDpi: from app context. densityDpi=420 msg=resources_loaded
10-11 02:37:01.444 29616 29616 I DecorView: setWindowBackground: isPopOver=false color=0 d=android.graphics.drawable.ColorDrawable@ad8f51e
10-11 02:37:01.453 29616 29638 D NativeCustomFrequencyManager: [NativeCFMS] BpCustomFrequencyManager::BpCustomFrequencyManager()
10-11 02:37:01.454 29616 29616 I DecorView: notifyKeepScreenOnChanged: keepScreenOn=false
10-11 02:37:01.470 29616 29616 D InsetsController: onStateChanged: InsetsState: {mDisplayFrame=Rect(0, 0 - 1080, 2400), mDisplayCutout=DisplayCutout{insets=Rect(0, 88 - 0, 0) waterfall=Insets{left=0, top=0, right=0, bottom=0} boundingRect={Bounds=[Rect(0, 0 - 0, 0), Rect(512, 0 - 568, 88), Rect(0, 0 - 0, 0), Rect(0, 0 - 0, 0)]} cutoutPathParserInfo={CutoutPathParserInfo{displayWidth=1080 displayHeight=2400 physicalDisplayWidth=1080 physicalDisplayHeight=2400 density={2.625} cutoutSpec={M 0,0 M 0,12.25101276465640 a 10.60613009248640,10.60613009248640 0 1,0 0,21.21226018497290 a 10.60613009248640,10.60613009248640 0 1,0 0,-21.21226018497290 Z @dp} rotation={0} scale={1.0} physicalPixelDisplaySizeRatio={1.0}}}}, mRoundedCorners=RoundedCorners{[RoundedCorner{position=TopLeft, radius=84, center=Point(84, 84)}, RoundedCorner{position=TopRight, radius=84, center=Point(996, 84)}, RoundedCorner{position=BottomRight, radius=84, center=Point(996, 2316)}, RoundedCorner{position=BottomLeft, radius=84, center=Point(84, 2316)}]}  mRoundedCornerFrame=Rect(0, 0 - 1080, 2400), mPrivacyIndicatorBounds=PrivacyIndicatorBounds {static bounds=Rect(964, 0 - 1080, 87) rotation=0}, mSources= { InsetsSource: {mType=ITYPE_STATUS_BAR, mFrame=[0,0][1080,88], mVisible=true, mInsetsRoundedCornerFrame=false}, InsetsSource: {mType=ITYPE_NAVIGATION_BAR, mFrame=[0,2361][1080,2400], mVisible=true, mInsetsRoundedCornerFrame=false}, InsetsSource: {mType=ITYPE_LEFT_GESTURES, mFrame=[0,0][130,2400], mVisible=true, mInsetsRoundedCornerFrame=false}, InsetsSource: {mType=ITYPE_RIGHT_GESTURES, mFrame=[950,0][1080,2400], mVisible=true, mInsetsRoundedCornerFrame=false}, InsetsSource: {mType=ITYPE_TOP_MANDATORY_GESTURES, mFrame=[0,0][1080,120], mVisible=true, mInsetsRoundedCornerFrame=false}, InsetsSource: {mType=ITYPE_BOTTOM_MANDATORY_GESTURES, mFrame=[0,2316][1080,2400], mVisible=true, mInsetsRoundedCornerFrame=false}, InsetsSource: {mType=ITYPE_LEFT_DISPLAY_CUTOUT, mFrame=[0,0][-100000,2400], mVisible=true, mInsetsRoundedCornerFrame=false}, InsetsSource: {mType=ITYPE_TOP_DISPLAY_CUTOUT, mFrame=[0,0][1080,88], mVisible=true, mInsetsRoundedCornerFrame=false}, InsetsSource: {mType=ITYPE_RIGHT_DISPLAY_CUTOUT, mFrame=[100000,0][1080,2400], mVisible=true, mInsetsRoundedCornerFrame=false}, InsetsSource: {mType=ITYPE_BOTTOM_DISPLAY_CUTOUT, mFrame=[0,100000][1080,2400], mVisible=true, mInsetsRoundedCornerFrame=false}, InsetsSource: {mType=ITYPE_TOP_TAPPABLE_ELEMENT, mFrame=[0,0][1080,88], mVisible=true, mInsetsRoundedCornerFrame=false}, InsetsSource: {mType=ITYPE_BOTTOM_TAPPABLE_ELEMENT, mFrame=[0,0][0,0], mVisible=true, mInsetsRoundedCornerFrame=false}, InsetsSource: {mType=ITYPE_IME, mFrame=[0,0][0,0], mVisibleFrame=[0,1409][1080,2400], mVisible=false, mInsetsRoundedCornerFrame=false} } host=com.lagradost.cloudstream3/com.lagradost.cloudstream3.MainActivity from=android.view.ViewRootImpl.setView:1732
10-11 02:37:01.471 29616 29616 I ViewRootImpl@407e1f7[MainActivity]: setView = com.android.internal.policy.DecorView@56bd5a0 TM=true
10-11 02:37:01.485 29616 29616 I ViewRootImpl@407e1f7[MainActivity]: performTraversals params={(0,0)(fillxfill) gr=CENTER sim={adjust=resize forwardNavigation} ty=APPLICATION fmt=TRANSPARENT wanim=0x7f14000b
10-11 02:37:01.485 29616 29616 I ViewRootImpl@407e1f7[MainActivity]:   fl=85810100
10-11 02:37:01.485 29616 29616 I ViewRootImpl@407e1f7[MainActivity]:   pfl=12020040
10-11 02:37:01.485 29616 29616 I ViewRootImpl@407e1f7[MainActivity]:   vsysui=500
10-11 02:37:01.485 29616 29616 I ViewRootImpl@407e1f7[MainActivity]:   bhv=DEFAULT
10-11 02:37:01.485 29616 29616 I ViewRootImpl@407e1f7[MainActivity]:   fitSides= naviIconColor=0}
10-11 02:37:01.486 29616 29616 I ViewRootImpl@407e1f7[MainActivity]: performTraversals mFirst=true windowShouldResize=true viewVisibilityChanged=false mForceNextWindowRelayout=false params={(0,0)(fillxfill) gr=CENTER sim={adjust=resize forwardNavigation} ty=APPLICATION fmt=TRANSPARENT wanim=0x7f14000b
10-11 02:37:01.486 29616 29616 I ViewRootImpl@407e1f7[MainActivity]:   fl=85810100
10-11 02:37:01.486 29616 29616 I ViewRootImpl@407e1f7[MainActivity]:   pfl=12020040
10-11 02:37:01.486 29616 29616 I ViewRootImpl@407e1f7[MainActivity]:   vsysui=500
10-11 02:37:01.486 29616 29616 I ViewRootImpl@407e1f7[MainActivity]:   bhv=DEFAULT
10-11 02:37:01.486 29616 29616 I ViewRootImpl@407e1f7[MainActivity]:   fitSides= naviIconColor=0}
10-11 02:37:01.499 29616 29616 I ViewRootImpl@407e1f7[MainActivity]: updateBlastSurfaceIfNeeded mBlastBufferQueue=null isSameSurfaceControl=false
10-11 02:37:01.500 29616 29616 I BLASTBufferQueue: new BLASTBufferQueue, mName= ViewRootImpl@407e1f7[MainActivity] mNativeObject= 0x7b1e747200 sc.mNativeObject= 0x7b0b112ae0 caller= android.view.ViewRootImpl.updateBlastSurfaceIfNeeded:2909 android.view.ViewRootImpl.relayoutWindow:9847 android.view.ViewRootImpl.performTraversals:3884 android.view.ViewRootImpl.doTraversal:3116 android.view.ViewRootImpl$TraversalRunnable.run:10885 android.view.Choreographer$CallbackRecord.run:1301 android.view.Choreographer$CallbackRecord.run:1309 android.view.Choreographer.doCallbacks:923 android.view.Choreographer.doFrame:852 android.view.Choreographer$FrameDisplayEventReceiver.run:1283 
10-11 02:37:01.501 29616 29616 I BLASTBufferQueue: update, w= 1080 h= 2400 mName = ViewRootImpl@407e1f7[MainActivity] mNativeObject= 0x7b1e747200 sc.mNativeObject= 0x7b0b112ae0 format= -2 caller= android.graphics.BLASTBufferQueue.<init>:84 android.view.ViewRootImpl.updateBlastSurfaceIfNeeded:2909 android.view.ViewRootImpl.relayoutWindow:9847 android.view.ViewRootImpl.performTraversals:3884 android.view.ViewRootImpl.doTraversal:3116 android.view.ViewRootImpl$TraversalRunnable.run:10885 
10-11 02:37:01.501 29616 29616 I ViewRootImpl@407e1f7[MainActivity]: Relayout returned: old=(0,0,1080,2400) new=(0,0,1080,2400) req=(1080,2400)0 dur=13 res=0x3 s={true 0x7b7be67000} ch=true seqId=0
10-11 02:37:01.502 29616 29616 I ViewRootImpl@407e1f7[MainActivity]: mThreadedRenderer.initialize() mSurface={isValid=true 0x7b7be67000} hwInitialized=true
10-11 02:37:01.505 29616 29638 D OpenGLRenderer: eglCreateWindowSurface
10-11 02:37:01.525 29616 29616 D AbsListView:  in onLayout changed 
10-11 02:37:01.527 29616 29616 I ViewRootImpl@407e1f7[MainActivity]: reportNextDraw android.view.ViewRootImpl.performTraversals:4438 android.view.ViewRootImpl.doTraversal:3116 android.view.ViewRootImpl$TraversalRunnable.run:10885 android.view.Choreographer$CallbackRecord.run:1301 android.view.Choreographer$CallbackRecord.run:1309 
10-11 02:37:01.527 29616 29616 I ViewRootImpl@407e1f7[MainActivity]: Setup new sync id=0
10-11 02:37:01.527 29616 29616 I ViewRootImpl@407e1f7[MainActivity]: Setting syncFrameCallback
10-11 02:37:01.527 29616 29616 I ViewRootImpl@407e1f7[MainActivity]: registerCallbacksForSync syncBuffer=false
10-11 02:37:01.531 29616 29708 I ViewRootImpl@407e1f7[MainActivity]: Received frameDrawingCallback syncResult=0 frameNum=1.
10-11 02:37:01.531 29616 29708 I ViewRootImpl@407e1f7[MainActivity]: Setting up sync and frameCommitCallback
10-11 02:37:01.538 29616 29638 I BLASTBufferQueue: [ViewRootImpl@407e1f7[MainActivity]#13](f:0,a:0) onFrameAvailable the first frame is available
10-11 02:37:01.539 29616 29638 I ViewRootImpl@407e1f7[MainActivity]: Received frameCommittedCallback lastAttemptedDrawFrameNum=1 didProduceBuffer=true
10-11 02:37:01.542 29616 29638 D OpenGLRenderer: CFMS:: SetUp Pid : 29616    Tid : 29638
10-11 02:37:01.546 29616 29616 I ViewRootImpl@407e1f7[MainActivity]: onSyncComplete
10-11 02:37:01.547 29616 29616 I ViewRootImpl@407e1f7[MainActivity]: setupSync seqId=0 mSyncId=0 fn=1 caller=android.view.ViewRootImpl$$ExternalSyntheticLambda11.accept:6 android.window.SurfaceSyncer.lambda$setupSync$1$android-window-SurfaceSyncer:128 android.window.SurfaceSyncer$$ExternalSyntheticLambda1.accept:8 android.window.SurfaceSyncer$SyncSet.checkIfSyncIsComplete:382 android.window.SurfaceSyncer$SyncSet.markSyncReady:359 android.window.SurfaceSyncer.markSyncReady:151 android.view.ViewRootImpl.performTraversals:4503 
10-11 02:37:01.547 29616 29616 I ViewRootImpl@407e1f7[MainActivity]: reportDrawFinished seqId=0 mSyncId=-1 fn=1 mSurfaceChangedTransaction=0x7b5ffd4400
10-11 02:37:01.569 29616 29616 I ViewRootImpl@7537700[MainActivity]: MSG_WINDOW_FOCUS_CHANGED 0 0
10-11 02:37:01.594 29616 29616 I ViewRootImpl@7537700[MainActivity]: ViewPostIme pointer 1
10-11 02:37:01.603 29616 29616 I ViewRootImpl@407e1f7[MainActivity]: MSG_WINDOW_FOCUS_CHANGED 1 0
10-11 02:37:01.603 29616 29616 I ViewRootImpl@407e1f7[MainActivity]: mThreadedRenderer.initializeIfNeeded()#2 mSurface={isValid=true 0x7b7be67000}
10-11 02:37:01.605 29616 29616 D InputMethodManager: startInputInner - Id : 0
10-11 02:37:01.605 29616 29616 I InputMethodManager: startInputInner - mService.startInputOrWindowGainedFocus
10-11 02:37:02.595 29616 29616 I ViewRootImpl@407e1f7[MainActivity]: ViewPostIme pointer 0
10-11 02:37:02.685 29616 29616 I ViewRootImpl@407e1f7[MainActivity]: ViewPostIme pointer 1
10-11 02:37:02.686 29616 29616 D AbsListView: onTouchUp() mTouchMode : 0
10-11 02:37:02.759 29616 29663 D EgyDead : Loading links for URL: https://tv6.egydead.live/%d9%85%d8%b4%d8%a7%d9%87%d8%af%d8%a9-%d9%81%d9%8a%d9%84%d9%85-qodrat-2-2025-%d9%85%d8%aa%d8%b1%d8%ac%d9%85/
10-11 02:37:02.759 29616 29616 I MSHandlerLifeCycle: removeMultiSplitHandler: no exist. decor=DecorView@56bd5a0[MainActivity]
10-11 02:37:02.760 29616 29638 D OpenGLRenderer: setSurface called with nullptr
10-11 02:37:02.761 29616 29638 D OpenGLRenderer: setSurface() destroyed EGLSurface
10-11 02:37:02.761 29616 29638 D OpenGLRenderer: destroyEglSurface
10-11 02:37:02.764 29616 29638 D OpenGLRenderer: endAllActiveAnimators on 0x7b04412f00 (MaterialTextView) with handle 0x7b1e2ef540
10-11 02:37:02.764 29616 29616 I ViewRootImpl@407e1f7[MainActivity]: dispatchDetachedFromWindow
10-11 02:37:02.787 29616 29616 D InputTransport: Input channel destroyed: '43f3aa3', fd=157
10-11 02:37:02.790 29616 29616 I Dialog  : mIsDeviceDefault = false, mIsSamsungBasicInteraction = false, isMetaDataInActivity = false
10-11 02:37:02.835 29616 29616 I DecorView: [INFO] isPopOver=false config=false
10-11 02:37:02.835 29616 29616 I DecorView: updateCaptionType: isFloating=false isApplication=true hasWindowDecorCaption=false this=DecorView@fd365e7[]
10-11 02:37:02.835 29616 29616 D DecorView: setCaptionType = 0, this = DecorView@fd365e7[]
10-11 02:37:02.837 29616 29616 I DecorView: getCurrentDensityDpi: from app context. densityDpi=420 msg=resources_loaded
10-11 02:37:02.838 29616 29616 I DecorView: setWindowBackground: isPopOver=false color=0 d=android.graphics.drawable.ColorDrawable@70bd83d
10-11 02:37:02.845 29616 29638 D NativeCustomFrequencyManager: [NativeCFMS] BpCustomFrequencyManager::BpCustomFrequencyManager()
10-11 02:37:02.846 29616 29616 I DecorView: notifyKeepScreenOnChanged: keepScreenOn=false
