10-10 12:42:21.349 30794 30794 I ViewRootImpl@a9ca40c[MainActivity]: registerCallbacksForSync syncBuffer=false
10-10 12:42:21.351 30794 30890 I ViewRootImpl@a9ca40c[MainActivity]: Received frameDrawingCallback syncResult=0 frameNum=1.
10-10 12:42:21.351 30794 30890 I ViewRootImpl@a9ca40c[MainActivity]: Setting up sync and frameCommitCallback
10-10 12:42:21.357 30794 30818 I BLASTBufferQueue: [ViewRootImpl@a9ca40c[MainActivity]#10](f:0,a:0) onFrameAvailable the first frame is available
10-10 12:42:21.358 30794 30818 I ViewRootImpl@a9ca40c[MainActivity]: Received frameCommittedCallback lastAttemptedDrawFrameNum=1 didProduceBuffer=true
10-10 12:42:21.361 30794 30818 D OpenGLRenderer: CFMS:: SetUp Pid : 30794    Tid : 30818
10-10 12:42:21.371 30794 30794 I ViewRootImpl@a9ca40c[MainActivity]: onSyncComplete
10-10 12:42:21.372 30794 30794 I ViewRootImpl@a9ca40c[MainActivity]: setupSync seqId=0 mSyncId=0 fn=1 caller=android.view.ViewRootImpl$$ExternalSyntheticLambda11.accept:6 android.window.SurfaceSyncer.lambda$setupSync$1$android-window-SurfaceSyncer:128 android.window.SurfaceSyncer$$ExternalSyntheticLambda1.accept:8 android.window.SurfaceSyncer$SyncSet.checkIfSyncIsComplete:382 android.window.SurfaceSyncer$SyncSet.markSyncReady:359 android.window.SurfaceSyncer.markSyncReady:151 android.view.ViewRootImpl.performTraversals:4503 
10-10 12:42:21.373 30794 30794 I ViewRootImpl@a9ca40c[MainActivity]: reportDrawFinished seqId=0 mSyncId=-1 fn=1 mSurfaceChangedTransaction=0x7bed6f2a00
10-10 12:42:21.373 30794 30794 D InsetsController: onStateChanged: InsetsState: {mDisplayFrame=Rect(0, 0 - 1080, 2400), mDisplayCutout=DisplayCutout{insets=Rect(0, 88 - 0, 0) waterfall=Insets{left=0, top=0, right=0, bottom=0} boundingRect={Bounds=[Rect(0, 0 - 0, 0), Rect(512, 0 - 568, 88), Rect(0, 0 - 0, 0), Rect(0, 0 - 0, 0)]} cutoutPathParserInfo={CutoutPathParserInfo{displayWidth=1080 displayHeight=2400 physicalDisplayWidth=1080 physicalDisplayHeight=2400 density={2.625} cutoutSpec={M 0,0 M 0,12.25101276465640 a 10.60613009248640,10.60613009248640 0 1,0 0,21.21226018497290 a 10.60613009248640,10.60613009248640 0 1,0 0,-21.21226018497290 Z @dp} rotation={0} scale={1.0} physicalPixelDisplaySizeRatio={1.0}}}}, mRoundedCorners=RoundedCorners{[RoundedCorner{position=TopLeft, radius=84, center=Point(84, 84)}, RoundedCorner{position=TopRight, radius=84, center=Point(996, 84)}, RoundedCorner{position=BottomRight, radius=84, center=Point(996, 2316)}, RoundedCorner{position=BottomLeft, radius=84, center=Point(84, 2316)}]}  mRoundedCornerFrame=Rect(0, 0 - 1080, 2400), mPrivacyIndicatorBounds=PrivacyIndicatorBounds {static bounds=Rect(964, 0 - 1080, 87) rotation=0}, mSources= { InsetsSource: {mType=ITYPE_STATUS_BAR, mFrame=[0,0][1080,88], mVisible=true, mInsetsRoundedCornerFrame=false}, InsetsSource: {mType=ITYPE_NAVIGATION_BAR, mFrame=[0,2361][1080,2400], mVisible=true, mInsetsRoundedCornerFrame=false}, InsetsSource: {mType=ITYPE_LEFT_GESTURES, mFrame=[0,0][130,2400], mVisible=true, mInsetsRoundedCornerFrame=false}, InsetsSource: {mType=ITYPE_RIGHT_GESTURES, mFrame=[950,0][1080,2400], mVisible=true, mInsetsRoundedCornerFrame=false}, InsetsSource: {mType=ITYPE_TOP_MANDATORY_GESTURES, mFrame=[0,0][1080,120], mVisible=true, mInsetsRoundedCornerFrame=false}, InsetsSource: {mType=ITYPE_BOTTOM_MANDATORY_GESTURES, mFrame=[0,2316][1080,2400], mVisible=true, mInsetsRoundedCornerFrame=false}, InsetsSource: {mType=ITYPE_LEFT_DISPLAY_CUTOUT, mFrame=[0,0][-100000,2400], mVisible=true, mInsetsRoundedCornerFrame=false}, InsetsSource: {mType=ITYPE_TOP_DISPLAY_CUTOUT, mFrame=[0,0][1080,88], mVisible=true, mInsetsRoundedCornerFrame=false}, InsetsSource: {mType=ITYPE_RIGHT_DISPLAY_CUTOUT, mFrame=[100000,0][1080,2400], mVisible=true, mInsetsRoundedCornerFrame=false}, InsetsSource: {mType=ITYPE_BOTTOM_DISPLAY_CUTOUT, mFrame=[0,100000][1080,2400], mVisible=true, mInsetsRoundedCornerFrame=false}, InsetsSource: {mType=ITYPE_TOP_TAPPABLE_ELEMENT, mFrame=[0,0][1080,88], mVisible=true, mInsetsRoundedCornerFrame=false}, InsetsSource: {mType=ITYPE_BOTTOM_TAPPABLE_ELEMENT, mFrame=[0,0][0,0], mVisible=true, mInsetsRoundedCornerFrame=false} } host=com.lagradost.cloudstream3/com.lagradost.cloudstream3.MainActivity from=android.view.ViewRootImpl$ViewRootHandler.handleMessageImpl:6740
10-10 12:42:21.376 30794 30794 I ViewRootImpl@49f6cb7[MainActivity]: MSG_WINDOW_FOCUS_CHANGED 0 0
10-10 12:42:21.388 30794 30794 I ViewRootImpl@49f6cb7[MainActivity]: MSG_WINDOW_FOCUS_CHANGED 0 0
10-10 12:42:21.433 30794 30794 I ViewRootImpl@a9ca40c[MainActivity]: MSG_WINDOW_FOCUS_CHANGED 1 0
10-10 12:42:21.433 30794 30794 I ViewRootImpl@a9ca40c[MainActivity]: mThreadedRenderer.initializeIfNeeded()#2 mSurface={isValid=true 0x7bda8d7000}
10-10 12:42:21.434 30794 30794 D InputMethodManager: startInputInner - Id : 0
10-10 12:42:21.434 30794 30794 I InputMethodManager: startInputInner - mService.startInputOrWindowGainedFocus
10-10 12:42:22.126 30794 30794 I ViewRootImpl@a9ca40c[MainActivity]: ViewPostIme pointer 0
10-10 12:42:22.227 30794 30794 D WindowOnBackDispatcher: onBackInvoked, viewRoot=ViewRootImpl@a9ca40c[MainActivity], callback=android.app.Dialog$$ExternalSyntheticLambda3@2ad0dd1
10-10 12:42:22.230 30794 30794 I MSHandlerLifeCycle: removeMultiSplitHandler: no exist. decor=DecorView@e6dca61[MainActivity]
10-10 12:42:22.233 30794 30818 D OpenGLRenderer: setSurface called with nullptr
10-10 12:42:22.233 30794 30818 D OpenGLRenderer: setSurface() destroyed EGLSurface
10-10 12:42:22.233 30794 30818 D OpenGLRenderer: destroyEglSurface
10-10 12:42:22.234 30794 30794 I ViewRootImpl@a9ca40c[MainActivity]: dispatchDetachedFromWindow
10-10 12:42:22.255 30794 30794 D InputTransport: Input channel destroyed: 'b6a55f8', fd=113
10-10 12:42:22.258 30794 30794 D InsetsController: onStateChanged: InsetsState: {mDisplayFrame=Rect(0, 0 - 1080, 2400), mDisplayCutout=DisplayCutout{insets=Rect(0, 88 - 0, 0) waterfall=Insets{left=0, top=0, right=0, bottom=0} boundingRect={Bounds=[Rect(0, 0 - 0, 0), Rect(512, 0 - 568, 88), Rect(0, 0 - 0, 0), Rect(0, 0 - 0, 0)]} cutoutPathParserInfo={CutoutPathParserInfo{displayWidth=1080 displayHeight=2400 physicalDisplayWidth=1080 physicalDisplayHeight=2400 density={2.625} cutoutSpec={M 0,0 M 0,12.25101276465640 a 10.60613009248640,10.60613009248640 0 1,0 0,21.21226018497290 a 10.60613009248640,10.60613009248640 0 1,0 0,-21.21226018497290 Z @dp} rotation={0} scale={1.0} physicalPixelDisplaySizeRatio={1.0}}}}, mRoundedCorners=RoundedCorners{[RoundedCorner{position=TopLeft, radius=84, center=Point(84, 84)}, RoundedCorner{position=TopRight, radius=84, center=Point(996, 84)}, RoundedCorner{position=BottomRight, radius=84, center=Point(996, 2316)}, RoundedCorner{position=BottomLeft, radius=84, center=Point(84, 2316)}]}  mRoundedCornerFrame=Rect(0, 0 - 1080, 2400), mPrivacyIndicatorBounds=PrivacyIndicatorBounds {static bounds=Rect(964, 0 - 1080, 87) rotation=0}, mSources= { InsetsSource: {mType=ITYPE_STATUS_BAR, mFrame=[0,0][1080,88], mVisible=true, mInsetsRoundedCornerFrame=false}, InsetsSource: {mType=ITYPE_NAVIGATION_BAR, mFrame=[0,2361][1080,2400], mVisible=true, mInsetsRoundedCornerFrame=false}, InsetsSource: {mType=ITYPE_LEFT_GESTURES, mFrame=[0,0][130,2400], mVisible=true, mInsetsRoundedCornerFrame=false}, InsetsSource: {mType=ITYPE_RIGHT_GESTURES, mFrame=[950,0][1080,2400], mVisible=true, mInsetsRoundedCornerFrame=false}, InsetsSource: {mType=ITYPE_TOP_MANDATORY_GESTURES, mFrame=[0,0][1080,120], mVisible=true, mInsetsRoundedCornerFrame=false}, InsetsSource: {mType=ITYPE_BOTTOM_MANDATORY_GESTURES, mFrame=[0,2316][1080,2400], mVisible=true, mInsetsRoundedCornerFrame=false}, InsetsSource: {mType=ITYPE_LEFT_DISPLAY_CUTOUT, mFrame=[0,0][-100000,2400], mVisible=true, mInsetsRoundedCornerFrame=false}, InsetsSource: {mType=ITYPE_TOP_DISPLAY_CUTOUT, mFrame=[0,0][1080,88], mVisible=true, mInsetsRoundedCornerFrame=false}, InsetsSource: {mType=ITYPE_RIGHT_DISPLAY_CUTOUT, mFrame=[100000,0][1080,2400], mVisible=true, mInsetsRoundedCornerFrame=false}, InsetsSource: {mType=ITYPE_BOTTOM_DISPLAY_CUTOUT, mFrame=[0,100000][1080,2400], mVisible=true, mInsetsRoundedCornerFrame=false}, InsetsSource: {mType=ITYPE_TOP_TAPPABLE_ELEMENT, mFrame=[0,0][1080,88], mVisible=true, mInsetsRoundedCornerFrame=false}, InsetsSource: {mType=ITYPE_BOTTOM_TAPPABLE_ELEMENT, mFrame=[0,0][0,0], mVisible=true, mInsetsRoundedCornerFrame=false} } host=com.lagradost.cloudstream3/com.lagradost.cloudstream3.MainActivity from=android.view.ViewRootImpl$ViewRootHandler.handleMessageImpl:6740
10-10 12:42:22.284 30794 30794 I ViewRootImpl@49f6cb7[MainActivity]: MSG_WINDOW_FOCUS_CHANGED 1 0
10-10 12:42:22.284 30794 30794 I ViewRootImpl@49f6cb7[MainActivity]: mThreadedRenderer.initializeIfNeeded()#2 mSurface={isValid=true 0x7bda9cd800}
10-10 12:42:22.292 30794 30794 D InputMethodManager: startInputInner - Id : 0
10-10 12:42:22.292 30794 30794 I InputMethodManager: startInputInner - mService.startInputOrWindowGainedFocus
10-10 12:42:22.703 30794 30794 I ViewRootImpl@49f6cb7[MainActivity]: ViewPostIme pointer 0
10-10 12:42:22.749 30794 30794 W PanelsChildGestureRegionObserver: failed to register view with ID 2131362800. already registered
10-10 12:42:22.763 30794 30794 W PanelsChildGestureRegionObserver: failed to register view with ID 2131362800. already registered
10-10 12:42:22.779 30794 30794 W PanelsChildGestureRegionObserver: failed to register view with ID 2131362800. already registered
10-10 12:42:22.796 30794 30794 W PanelsChildGestureRegionObserver: failed to register view with ID 2131362800. already registered
10-10 12:42:22.804 30794 30794 D WindowOnBackDispatcher: onBackInvoked, viewRoot=ViewRootImpl@a9ca40c[MainActivity], callback=androidx.activity.OnBackPressedDispatcher$Api33Impl$$ExternalSyntheticLambda0@7004a66
10-10 12:42:22.813 30794 30794 I IMM_LC  : hsifw() - flag : 0
10-10 12:42:22.813 30794 30794 I IMM_LC  : hsifw() - mService.hideSoftInput
10-10 12:42:22.820 30794 30794 I CS3ExoPlayer: onStop
10-10 12:42:22.820 30794 30794 I CS3ExoPlayer: saveData
10-10 12:42:22.820 30794 30794 I CS3ExoPlayer: handleEvent Pause
10-10 12:42:22.922 30794 30794 W PanelsChildGestureRegionObserver: failed to register view with ID 2131362800. already registered
10-10 12:42:23.187 30794 30794 W PanelsChildGestureRegionObserver: failed to register view with ID 2131362800. already registered
10-10 12:42:23.203 30794 30891 D SurfaceView@cc36ec1: updateSurfacePosition RenderWorker, frameNr = 699, position = [54, 314, 1026, 787] surfaceSize = 1080x525
10-10 12:42:23.203 30794 30891 I SurfaceView@cc36ec1: uSP: rtp = Rect(54, 314 - 1026, 787) rtsw = 1080 rtsh = 525
10-10 12:42:23.203 30794 30891 I SurfaceView@cc36ec1: onSSPAndSRT: pl = 54 pt = 314 sx = 0.9 sy = 0.9009524
10-10 12:42:23.203 30794 30891 I SurfaceView@cc36ec1: aOrMT: ViewRootImpl@49f6cb7[MainActivity] t = android.view.SurfaceControl$Transaction@eac3dec fN = 699 android.view.SurfaceView.-$$Nest$mapplyOrMergeTransaction:0 android.view.SurfaceView$SurfaceViewPositionUpdateListener.positionChanged:1537 android.graphics.RenderNode$CompositePositionUpdateListener.positionChanged:373 
10-10 12:42:23.203 30794 30891 I ViewRootImpl@49f6cb7[MainActivity]: mWNT: t=0x7ca93b4600 mBlastBufferQueue=0x7b40c67c00 fn= 699 caller= android.view.SurfaceView.applyOrMergeTransaction:1455 android.view.SurfaceView.-$$Nest$mapplyOrMergeTransaction:0 android.view.SurfaceView$SurfaceViewPositionUpdateListener.positionChanged:1537 
10-10 12:42:23.204 30794 30794 I SurfaceView@cc36ec1: onWindowVisibilityChanged(8) false android.view.SurfaceView{cc36ec1 V.E..V... ........ 0,0-1080,525} of ViewRootImpl@49f6cb7[MainActivity]
10-10 12:42:23.204 30794 30794 I SurfaceView@cc36ec1: Changes: creating=false format=false size=false visible=true alpha=false hint=false mUseAlpha=false visible=true left=false top=false
10-10 12:42:23.204 30794 30794 I SurfaceView@cc36ec1: 214134465 Cur surface: Surface(name=null)/@0x267ab43
10-10 12:42:23.204 30794 30794 I SurfaceView@cc36ec1: applyTransactionOnVriDraw: vri = ViewRootImpl@49f6cb7[MainActivity] fRS = false t = 0x7b19269d00 android.view.SurfaceView.performSurfaceTransaction:959 android.view.SurfaceView.updateSurface:1105 android.view.SurfaceView.onWindowVisibilityChanged:371 
10-10 12:42:23.204 30794 30794 I ViewRootImpl@49f6cb7[MainActivity]: applyTransactionOnDraw: mRemoved = false isHardwareEnabled = true t = 0x7b19269d00android.view.SurfaceView.applyTransactionOnVriDraw:2048 android.view.SurfaceView.performSurfaceTransaction:959 android.view.SurfaceView.updateSurface:1105 android.view.SurfaceView.onWindowVisibilityChanged:371 android.view.View.dispatchDetachedFromWindow:22529 
10-10 12:42:23.204 30794 30794 I SurfaceView@cc36ec1: surfaceDestroyed
10-10 12:42:23.204 30794 30794 I SurfaceView@cc36ec1: surfaceDestroyed callback.size 0 #2 android.view.SurfaceView{cc36ec1 V.E..V... ........ 0,0-1080,525}
10-10 12:42:23.204 30794 30794 I SurfaceView@cc36ec1: updateSurface: mVisible = false mSurface.isValid() = true
10-10 12:42:23.205 30794 30794 I SurfaceView@cc36ec1: releaseSurfaces: viewRoot = ViewRootImpl@49f6cb7[MainActivity]
10-10 12:42:23.205 30794 30794 I SurfaceView@cc36ec1: applyTransactionOnVriDraw: vri = ViewRootImpl@49f6cb7[MainActivity] fRS = true t = 0x7b19390000 android.view.SurfaceView.releaseSurfaces:858 android.view.SurfaceView.updateSurface:1172 android.view.SurfaceView.onWindowVisibilityChanged:371 
10-10 12:42:23.205 30794 30794 I SurfaceView@cc36ec1: applyTransactionOnVriDraw: viewRoot.applyTransactionOnDrawFromReleaseSurfaces
10-10 12:42:23.205 30794 30794 I ViewRootImpl@49f6cb7[MainActivity]: applyTransactionOnDraw: mRemoved = false isHardwareEnabled = true t = 0x7b19390000android.view.ViewRootImpl.applyTransactionOnDrawFromReleaseSurfaces:12850 android.view.SurfaceView.applyTransactionOnVriDraw:2046 android.view.SurfaceView.releaseSurfaces:858 android.view.SurfaceView.updateSurface:1172 android.view.SurfaceView.onWindowVisibilityChanged:371 
10-10 12:42:23.205 30794 30794 V SurfaceView@cc36ec1: Layout: x=0 y=218 w=1080 h=525, frame=Rect(0, 0 - 1080, 525)
10-10 12:42:23.205 30794 30794 I SurfaceView@cc36ec1: onDetachedFromWindow: tryReleaseSurfaces()
10-10 12:42:23.205 30794 30794 I SurfaceView@cc36ec1: releaseSurfaces: viewRoot = ViewRootImpl@49f6cb7[MainActivity]
10-10 12:42:23.205 30794 30794 I SurfaceView@cc36ec1: applyTransactionOnVriDraw: vri = ViewRootImpl@49f6cb7[MainActivity] fRS = true t = 0x7b19390100 android.view.SurfaceView.releaseSurfaces:858 android.view.SurfaceView.onDetachedFromWindow:500 android.view.View.dispatchDetachedFromWindow:22538 
10-10 12:42:23.205 30794 30794 I SurfaceView@cc36ec1: applyTransactionOnVriDraw: viewRoot.applyTransactionOnDrawFromReleaseSurfaces
10-10 12:42:23.206 30794 30794 I ViewRootImpl@49f6cb7[MainActivity]: applyTransactionOnDraw: mRemoved = false isHardwareEnabled = true t = 0x7b19390100android.view.ViewRootImpl.applyTransactionOnDrawFromReleaseSurfaces:12850 android.view.SurfaceView.applyTransactionOnVriDraw:2046 android.view.SurfaceView.releaseSurfaces:858 android.view.SurfaceView.onDetachedFromWindow:500 android.view.View.dispatchDetachedFromWindow:22538 
10-10 12:42:23.214 30794 30794 I DecorView: notifyKeepScreenOnChanged: keepScreenOn=false
10-10 12:42:23.215 30794 30794 I CS3ExoPlayer: releasePlayer
10-10 12:42:23.215 30794 30794 I CS3ExoPlayer: Handle event: PlayerAttachedEvent(player=null, source=Player)
10-10 12:42:23.216 30794 30794 I DecorView: notifyKeepScreenOnChanged: keepScreenOn=false
10-10 12:42:23.217 30794 30794 I ViewRootImpl@49f6cb7[MainActivity]: performTraversals params={(0,0)(fillxfill) sim={state=always_hidden adjust=resize} ty=BASE_APPLICATION wanim=0x1030309
10-10 12:42:23.217 30794 30794 I ViewRootImpl@49f6cb7[MainActivity]:   fl=85810100
10-10 12:42:23.217 30794 30794 I ViewRootImpl@49f6cb7[MainActivity]:   pfl=12020040
10-10 12:42:23.217 30794 30794 I ViewRootImpl@49f6cb7[MainActivity]:   vsysui=500
10-10 12:42:23.217 30794 30794 I ViewRootImpl@49f6cb7[MainActivity]:   bhv=DEFAULT
10-10 12:42:23.217 30794 30794 I ViewRootImpl@49f6cb7[MainActivity]:   fitSides= naviIconColor=0}
10-10 12:42:23.218 30794 30794 I ViewRootImpl@49f6cb7[MainActivity]: performTraversals mFirst=false windowShouldResize=false viewVisibilityChanged=false mForceNextWindowRelayout=false params={(0,0)(fillxfill) sim={state=always_hidden adjust=resize} ty=BASE_APPLICATION fmt=TRANSLUCENT wanim=0x1030309
10-10 12:42:23.218 30794 30794 I ViewRootImpl@49f6cb7[MainActivity]:   fl=85810100
10-10 12:42:23.218 30794 30794 I ViewRootImpl@49f6cb7[MainActivity]:   pfl=12020040
10-10 12:42:23.218 30794 30794 I ViewRootImpl@49f6cb7[MainActivity]:   vsysui=500
10-10 12:42:23.218 30794 30794 I ViewRootImpl@49f6cb7[MainActivity]:   bhv=DEFAULT
10-10 12:42:23.218 30794 30794 I ViewRootImpl@49f6cb7[MainActivity]:   fitSides= naviIconColor=0}
10-10 12:42:23.222 30794 30794 I ViewRootImpl@49f6cb7[MainActivity]: updateBlastSurfaceIfNeeded mBlastBufferQueue=0x7b40c67c00 isSameSurfaceControl=true
10-10 12:42:23.222 30794 30794 I BLASTBufferQueue: update, w= 1080 h= 2400 mName = ViewRootImpl@49f6cb7[MainActivity] mNativeObject= 0x7b40c67c00 sc.mNativeObject= 0x7b2e8954a0 format= -3 caller= android.view.ViewRootImpl.updateBlastSurfaceIfNeeded:2898 android.view.ViewRootImpl.relayoutWindow:9847 android.view.ViewRootImpl.performTraversals:3884 android.view.ViewRootImpl.doTraversal:3116 android.view.ViewRootImpl$TraversalRunnable.run:10885 android.view.Choreographer$CallbackRecord.run:1301 
10-10 12:42:23.222 30794 30794 I ViewRootImpl@49f6cb7[MainActivity]: Relayout returned: old=(0,0,1080,2400) new=(0,0,1080,2400) req=(1080,2400)0 dur=4 res=0x0 s={true 0x7bda9cd800} ch=false seqId=0
10-10 12:42:23.222 30794 30794 I ViewRootImpl@49f6cb7[MainActivity]: updateBoundsLayer: t = android.view.SurfaceControl$Transaction@5f6135d sc = Surface(name=Bounds for - com.lagradost.cloudstream3/com.lagradost.cloudstream3.MainActivity@0)/@0xa9ac4d2 frame = 700
10-10 12:42:23.222 30794 30794 I ViewRootImpl@49f6cb7[MainActivity]: mWNT: t=0x7b5e051f00 mBlastBufferQueue=0x7b40c67c00 fn= 700 caller= android.view.ViewRootImpl.prepareSurfaces:2985 android.view.ViewRootImpl.performTraversals:4233 android.view.ViewRootImpl.doTraversal:3116 
10-10 12:42:23.223 30794 30818 D SurfaceView@cc36ec1: windowPositionLost, frameNr = 700
10-10 12:42:23.224 30794 30890 I ViewRootImpl@49f6cb7[MainActivity]: mWNT: t=0x7b19269d00 mBlastBufferQueue=0x7b40c67c00 fn= 700 caller= android.view.ViewRootImpl.lambda$applyTransactionOnDraw$11$android-view-ViewRootImpl:12865 android.view.ViewRootImpl$$ExternalSyntheticLambda1.onFrameDraw:4 android.graphics.HardwareRenderer$FrameDrawingCallback.onFrameDraw:924 
10-10 12:42:23.224 30794 30890 I ViewRootImpl@49f6cb7[MainActivity]: mWNT: t=0x7b19390000 mBlastBufferQueue=0x7b40c67c00 fn= 700 caller= android.view.ViewRootImpl.lambda$applyTransactionOnDraw$11$android-view-ViewRootImpl:12865 android.view.ViewRootImpl$$ExternalSyntheticLambda1.onFrameDraw:4 android.graphics.HardwareRenderer$FrameDrawingCallback.onFrameDraw:924 
10-10 12:42:23.224 30794 30890 I ViewRootImpl@49f6cb7[MainActivity]: mWNT: t=0x7b19390100 mBlastBufferQueue=0x7b40c67c00 fn= 700 caller= android.view.ViewRootImpl.lambda$applyTransactionOnDraw$11$android-view-ViewRootImpl:12865 android.view.ViewRootImpl$$ExternalSyntheticLambda1.onFrameDraw:4 android.graphics.HardwareRenderer$FrameDrawingCallback.onFrameDraw:924 
10-10 12:42:24.230 30794 30794 I ViewRootImpl@49f6cb7[MainActivity]: ViewPostIme pointer 0
10-10 12:42:24.304 30794 30794 I ViewRootImpl@49f6cb7[MainActivity]: ViewPostIme pointer 1
10-10 12:42:24.500 30794 30813 W st.cloudstream3: Checksum mismatch for dex EgyDead.-124080901.cs3
10-10 12:42:24.500 30794 30813 W st.cloudstream3: Could not add methods to the existing profiler. Clearing the profile data.
10-10 12:42:24.519 30794 30813 W st.cloudstream3: Failed to flush directory /data/misc/profiles/cur/0/com.lagradost.cloudstream3: Permission denied
10-10 12:42:24.940 30794 30794 I ViewRootImpl@49f6cb7[MainActivity]: ViewPostIme pointer 0
10-10 12:42:25.025 30794 30794 I ViewRootImpl@49f6cb7[MainActivity]: ViewPostIme pointer 1
10-10 12:42:25.799 30794 30794 I ViewRootImpl@49f6cb7[MainActivity]: ViewPostIme pointer 0
10-10 12:42:26.102 30794 30794 I ViewRootImpl@49f6cb7[MainActivity]: ViewPostIme pointer 1
10-10 12:42:26.479 30794 30794 I ViewRootImpl@49f6cb7[MainActivity]: ViewPostIme pointer 0
10-10 12:42:26.894 30794 30794 I ViewRootImpl@49f6cb7[MainActivity]: ViewPostIme pointer 1
10-10 12:42:27.630 30794 30794 I ViewRootImpl@49f6cb7[MainActivity]: ViewPostIme pointer 0
10-10 12:42:27.678 30794 30794 I ViewRootImpl@49f6cb7[MainActivity]: ViewPostIme pointer 1
10-10 12:42:27.695 30794 30794 I NavComponent: Navigating to fragment: 2131362274
10-10 12:42:27.699 30794 30794 I IMM_LC  : hsifw() - flag : 0
10-10 12:42:27.699 30794 30794 I IMM_LC  : hsifw() - mService.hideSoftInput
10-10 12:42:27.740 30794 30794 D ScrollView: initGoToTop
10-10 12:42:27.997 30794 30794 I SurfaceView@9312480: onWindowVisibilityChanged(0) true android.view.SurfaceView{9312480 V.E..V... ......I. 0,0-0,0} of ViewRootImpl@49f6cb7[MainActivity]
10-10 12:42:27.997 30794 30794 D SurfaceView@9312480: updateSurface: has no frame
10-10 12:42:28.002 30794 30794 I CS3ExoPlayer: SET STYLE = SaveCaptionStyle(foregroundColor=-1, backgroundColor=0, windowColor=0, edgeType=1, edgeColor=-16777216, typeface=null, typefaceFilePath=null, elevation=20, fixedTextSize=null, edgeSize=null, removeCaptions=false, removeBloat=true, upperCase=false, bold=false, italic=false, backgroundRadius=null)
10-10 12:42:28.011 30794 30794 I IMM_LC  : hsifw() - flag : 0
10-10 12:42:28.011 30794 30794 I IMM_LC  : hsifw() - mService.hideSoftInput
10-10 12:42:28.012 30794 30851 I SYNCVM  : addFromUrl = https://tv6.egydead.live/%d9%85%d8%b4%d8%a7%d9%87%d8%af%d8%a9-%d9%81%d9%8a%d9%84%d9%85-in-tenebras-into-the-darkness-2024-%d9%85%d8%aa%d8%b1%d8%ac%d9%85/
10-10 12:42:28.012 30794 30851 I SYNCUTIL: getIdsFromUrl https://tv6.egydead.live/%d9%85%d8%b4%d8%a7%d9%87%d8%af%d8%a9-%d9%81%d9%8a%d9%84%d9%85-in-tenebras-into-the-darkness-2024-%d9%85%d8%aa%d8%b1%d8%ac%d9%85/
10-10 12:42:28.026 30794 30794 I SurfaceView@9312480: onWindowVisibilityChanged(8) false android.view.SurfaceView{9312480 V.E..V... ......I. 0,0-0,0} of ViewRootImpl@49f6cb7[MainActivity]
10-10 12:42:28.026 30794 30794 D SurfaceView@9312480: updateSurface: has no frame
10-10 12:42:28.026 30794 30794 D SurfaceView@9312480: updateSurface: has no frame
10-10 12:42:28.026 30794 30794 I SurfaceView@9312480: onDetachedFromWindow: tryReleaseSurfaces()
10-10 12:42:28.026 30794 30794 I SurfaceView@9312480: releaseSurfaces: viewRoot = ViewRootImpl@49f6cb7[MainActivity]
10-10 12:42:28.026 30794 30794 I SurfaceView@9312480: applyTransactionOnVriDraw: vri = ViewRootImpl@49f6cb7[MainActivity] fRS = true t = 0x7b193e3200 android.view.SurfaceView.releaseSurfaces:858 android.view.SurfaceView.onDetachedFromWindow:500 android.view.View.dispatchDetachedFromWindow:22538 
10-10 12:42:28.026 30794 30794 I SurfaceView@9312480: applyTransactionOnVriDraw: viewRoot.applyTransactionOnDrawFromReleaseSurfaces
10-10 12:42:28.026 30794 30794 I ViewRootImpl@49f6cb7[MainActivity]: applyTransactionOnDraw: mRemoved = false isHardwareEnabled = true t = 0x7b193e3200android.view.ViewRootImpl.applyTransactionOnDrawFromReleaseSurfaces:12850 android.view.SurfaceView.applyTransactionOnVriDraw:2046 android.view.SurfaceView.releaseSurfaces:858 android.view.SurfaceView.onDetachedFromWindow:500 android.view.View.dispatchDetachedFromWindow:22538 
10-10 12:42:28.028 30794 30794 I SurfaceView@9312480: onWindowVisibilityChanged(0) true android.view.SurfaceView{9312480 V.E..V... ......I. 0,0-0,0} of ViewRootImpl@49f6cb7[MainActivity]
10-10 12:42:28.028 30794 30794 D SurfaceView@9312480: updateSurface: has no frame
10-10 12:42:28.033 30794 30794 I DecorView: notifyKeepScreenOnChanged: keepScreenOn=false
10-10 12:42:28.043 30794 30794 I CS3ExoPlayer: reloadPlayer
10-10 12:42:28.043 30794 30794 I CS3ExoPlayer: releasePlayer
10-10 12:42:28.043 30794 30794 I CS3ExoPlayer: Handle event: PlayerAttachedEvent(player=null, source=Player)
10-10 12:42:28.049 30794 30794 I ViewRootImpl@49f6cb7[MainActivity]: performTraversals params={(0,0)(fillxfill) sim={state=always_hidden adjust=resize} ty=BASE_APPLICATION wanim=0x1030309
10-10 12:42:28.049 30794 30794 I ViewRootImpl@49f6cb7[MainActivity]:   fl=85810100
10-10 12:42:28.049 30794 30794 I ViewRootImpl@49f6cb7[MainActivity]:   pfl=12020040
10-10 12:42:28.049 30794 30794 I ViewRootImpl@49f6cb7[MainActivity]:   vsysui=500
10-10 12:42:28.049 30794 30794 I ViewRootImpl@49f6cb7[MainActivity]:   bhv=DEFAULT
10-10 12:42:28.049 30794 30794 I ViewRootImpl@49f6cb7[MainActivity]:   fitSides= naviIconColor=0}
10-10 12:42:28.050 30794 30794 I ViewRootImpl@49f6cb7[MainActivity]: performTraversals mFirst=false windowShouldResize=false viewVisibilityChanged=false mForceNextWindowRelayout=false params={(0,0)(fillxfill) sim={state=always_hidden adjust=resize} ty=BASE_APPLICATION fmt=TRANSLUCENT wanim=0x1030309
10-10 12:42:28.050 30794 30794 I ViewRootImpl@49f6cb7[MainActivity]:   fl=85810100
10-10 12:42:28.050 30794 30794 I ViewRootImpl@49f6cb7[MainActivity]:   pfl=12020040
10-10 12:42:28.050 30794 30794 I ViewRootImpl@49f6cb7[MainActivity]:   vsysui=500
10-10 12:42:28.050 30794 30794 I ViewRootImpl@49f6cb7[MainActivity]:   bhv=DEFAULT
10-10 12:42:28.050 30794 30794 I ViewRootImpl@49f6cb7[MainActivity]:   fitSides= naviIconColor=0}
10-10 12:42:28.057 30794 30794 I ViewRootImpl@49f6cb7[MainActivity]: updateBlastSurfaceIfNeeded mBlastBufferQueue=0x7b40c67c00 isSameSurfaceControl=true
10-10 12:42:28.057 30794 30794 I BLASTBufferQueue: update, w= 1080 h= 2400 mName = ViewRootImpl@49f6cb7[MainActivity] mNativeObject= 0x7b40c67c00 sc.mNativeObject= 0x7ad5c85ae0 format= -3 caller= android.view.ViewRootImpl.updateBlastSurfaceIfNeeded:2898 android.view.ViewRootImpl.relayoutWindow:9847 android.view.ViewRootImpl.performTraversals:3884 android.view.ViewRootImpl.doTraversal:3116 android.view.ViewRootImpl$TraversalRunnable.run:10885 android.view.Choreographer$CallbackRecord.run:1301 
10-10 12:42:28.057 30794 30794 I ViewRootImpl@49f6cb7[MainActivity]: Relayout returned: old=(0,0,1080,2400) new=(0,0,1080,2400) req=(1080,2400)0 dur=7 res=0x0 s={true 0x7bda9cd800} ch=false seqId=0
10-10 12:42:28.057 30794 30794 I ViewRootImpl@49f6cb7[MainActivity]: updateBoundsLayer: t = android.view.SurfaceControl$Transaction@5f6135d sc = Surface(name=Bounds for - com.lagradost.cloudstream3/com.lagradost.cloudstream3.MainActivity@0)/@0xa9ac4d2 frame = 873
10-10 12:42:28.057 30794 30794 I ViewRootImpl@49f6cb7[MainActivity]: mWNT: t=0x7b5e051f00 mBlastBufferQueue=0x7b40c67c00 fn= 873 caller= android.view.ViewRootImpl.prepareSurfaces:2985 android.view.ViewRootImpl.performTraversals:4233 android.view.ViewRootImpl.doTraversal:3116 
10-10 12:42:28.058 30794 30794 W View    : requestLayout() improperly called by android.widget.FrameLayout{2f04d55 I.E..V... ......I. 0,0-0,0 #7f0a04e7 app:id/start_panel} during layout: running second layout pass
10-10 12:42:28.058 30794 30794 W View    : requestLayout() improperly called by android.widget.FrameLayout{c9f036a I.E..V... ......ID 1080,0-1080,2143 #7f0a0168 app:id/end_panel} during layout: running second layout pass
10-10 12:42:28.060 30794 30794 D SurfaceView@9312480: updateSurface: has no frame
10-10 12:42:28.063 30794 30891 I ViewRootImpl@49f6cb7[MainActivity]: mWNT: t=0x7b193e3200 mBlastBufferQueue=0x7b40c67c00 fn= 873 caller= android.view.ViewRootImpl.lambda$applyTransactionOnDraw$11$android-view-ViewRootImpl:12865 android.view.ViewRootImpl$$ExternalSyntheticLambda1.onFrameDraw:4 android.graphics.HardwareRenderer$FrameDrawingCallback.onFrameDraw:924 
10-10 12:42:28.066 30794 30794 D SurfaceView@9312480: updateSurface: has no frame
10-10 12:42:28.076 30794 30794 D SurfaceView@9312480: updateSurface: has no frame
10-10 12:42:28.093 30794 30794 D SurfaceView@9312480: updateSurface: has no frame
10-10 12:42:28.109 30794 30794 D SurfaceView@9312480: updateSurface: has no frame
10-10 12:42:28.126 30794 30794 D SurfaceView@9312480: updateSurface: has no frame
10-10 12:42:28.142 30794 30794 D SurfaceView@9312480: updateSurface: has no frame
10-10 12:42:28.159 30794 30794 D SurfaceView@9312480: updateSurface: has no frame
10-10 12:42:28.176 30794 30794 D SurfaceView@9312480: updateSurface: has no frame
10-10 12:42:28.192 30794 30794 D SurfaceView@9312480: updateSurface: has no frame
10-10 12:42:28.209 30794 30794 D SurfaceView@9312480: updateSurface: has no frame
10-10 12:42:28.226 30794 30794 D SurfaceView@9312480: updateSurface: has no frame
10-10 12:42:28.243 30794 30794 D SurfaceView@9312480: updateSurface: has no frame
10-10 12:42:28.259 30794 30794 D SurfaceView@9312480: updateSurface: has no frame
10-10 12:42:28.276 30794 30794 D SurfaceView@9312480: updateSurface: has no frame
10-10 12:42:28.292 30794 30794 D SurfaceView@9312480: updateSurface: has no frame
10-10 12:42:28.309 30794 30794 D SurfaceView@9312480: updateSurface: has no frame
10-10 12:42:28.326 30794 30794 D SurfaceView@9312480: updateSurface: has no frame
10-10 12:42:28.343 30794 30794 D SurfaceView@9312480: updateSurface: has no frame
10-10 12:42:28.359 30794 30794 D SurfaceView@9312480: updateSurface: has no frame
10-10 12:42:28.376 30794 30794 D SurfaceView@9312480: updateSurface: has no frame
10-10 12:42:28.393 30794 30794 D SurfaceView@9312480: updateSurface: has no frame
10-10 12:42:28.409 30794 30794 D SurfaceView@9312480: updateSurface: has no frame
10-10 12:42:28.426 30794 30794 D SurfaceView@9312480: updateSurface: has no frame
10-10 12:42:28.443 30794 30794 D SurfaceView@9312480: updateSurface: has no frame
10-10 12:42:28.460 30794 30794 D SurfaceView@9312480: updateSurface: has no frame
10-10 12:42:28.476 30794 30794 D SurfaceView@9312480: updateSurface: has no frame
10-10 12:42:28.493 30794 30794 D SurfaceView@9312480: updateSurface: has no frame
10-10 12:42:28.510 30794 30794 D SurfaceView@9312480: updateSurface: has no frame
10-10 12:42:28.526 30794 30794 D SurfaceView@9312480: updateSurface: has no frame
10-10 12:42:28.543 30794 30794 D SurfaceView@9312480: updateSurface: has no frame
10-10 12:42:28.559 30794 30794 D SurfaceView@9312480: updateSurface: has no frame
10-10 12:42:28.576 30794 30794 D SurfaceView@9312480: updateSurface: has no frame
10-10 12:42:28.592 30794 30794 D SurfaceView@9312480: updateSurface: has no frame
10-10 12:42:28.609 30794 30794 D SurfaceView@9312480: updateSurface: has no frame
10-10 12:42:28.626 30794 30794 D SurfaceView@9312480: updateSurface: has no frame
10-10 12:42:28.642 30794 30794 D SurfaceView@9312480: updateSurface: has no frame
10-10 12:42:28.657 30794 30845 I RVM2    : applyMeta
10-10 12:42:28.659 30794 30794 D SurfaceView@9312480: updateSurface: has no frame
10-10 12:42:28.663 30794 30794 W PanelsChildGestureRegionObserver: failed to register view with ID 2131362800. already registered
10-10 12:42:28.666 30794 30794 E CoilImgLoader: Error loading image: coil3.request.NullRequestDataException: The request's data is null.
10-10 12:42:28.671 30794 30794 E CoilImgLoader: Error loading image: coil3.request.NullRequestDataException: The request's data is null.
10-10 12:42:28.717 30794 30845 I SYNCVM  : addFromUrl = https://tv6.egydead.live/%d9%85%d8%b4%d8%a7%d9%87%d8%af%d8%a9-%d9%81%d9%8a%d9%84%d9%85-in-tenebras-into-the-darkness-2024-%d9%85%d8%aa%d8%b1%d8%ac%d9%85/
10-10 12:42:28.717 30794 30845 I SYNCUTIL: getIdsFromUrl https://tv6.egydead.live/%d9%85%d8%b4%d8%a7%d9%87%d8%af%d8%a9-%d9%81%d9%8a%d9%84%d9%85-in-tenebras-into-the-darkness-2024-%d9%85%d8%aa%d8%b1%d8%ac%d9%85/
10-10 12:42:28.732 30794 30794 D SurfaceView@9312480: updateSurface: has no frame
10-10 12:42:28.733 30794 30794 I SurfaceView@9312480: Changes: creating=true format=true size=true visible=true alpha=false hint=false mUseAlpha=false visible=true left=true top=true
10-10 12:42:28.736 30794 30794 I BLASTBufferQueue: update, w= 1080 h= 525 mName = null mNativeObject= 0x7b40c69400 sc.mNativeObject= 0x7ad5d6cb80 format= 4 caller= android.view.SurfaceView.createBlastSurfaceControls:1383 android.view.SurfaceView.updateSurface:1079 android.view.SurfaceView.lambda$new$0$android-view-SurfaceView:200 android.view.SurfaceView$$ExternalSyntheticLambda5.onPreDraw:2 android.view.ViewTreeObserver.dispatchOnPreDraw:1121 android.view.ViewRootImpl.performTraversals:4442 
10-10 12:42:28.736 30794 30794 I SurfaceView@9312480: 154215552 Cur surface: Surface(name=null)/@0x65128b9
10-10 12:42:28.736 30794 30794 I SurfaceView@9312480: pST: sr = Rect(0, 218 - 1080, 743) sw = 1080 sh = 525
10-10 12:42:28.736 30794 30794 D SurfaceView@9312480: performSurfaceTransaction RenderWorker position = [0, 218, 1080, 743] surfaceSize = 1080x525
10-10 12:42:28.737 30794 30794 I SurfaceView@9312480: applyTransactionOnVriDraw: vri = ViewRootImpl@49f6cb7[MainActivity] fRS = false t = 0x7b19269b00 android.view.SurfaceView.performSurfaceTransaction:959 android.view.SurfaceView.updateSurface:1105 android.view.SurfaceView.lambda$new$0$android-view-SurfaceView:200 
10-10 12:42:28.737 30794 30794 I ViewRootImpl@49f6cb7[MainActivity]: applyTransactionOnDraw: mRemoved = false isHardwareEnabled = true t = 0x7b19269b00android.view.SurfaceView.applyTransactionOnVriDraw:2048 android.view.SurfaceView.performSurfaceTransaction:959 android.view.SurfaceView.updateSurface:1105 android.view.SurfaceView.lambda$new$0$android-view-SurfaceView:200 android.view.SurfaceView$$ExternalSyntheticLambda5.onPreDraw:2 
10-10 12:42:28.737 30794 30794 I SurfaceView@9312480: updateSurface: mVisible = true mSurface.isValid() = true
10-10 12:42:28.737 30794 30794 I SurfaceView@9312480: updateSurface: mSurfaceCreated = false surfaceChanged = true visibleChanged = true
10-10 12:42:28.737 30794 30794 I SurfaceView@9312480: visibleChanged -- surfaceCreated
10-10 12:42:28.737 30794 30794 I SurfaceView@9312480: surfaceCreated 0 #8 android.view.SurfaceView{9312480 V.E..V... ......ID 0,0-1080,525}
10-10 12:42:28.737 30794 30794 I SurfaceView@9312480: surfaceChanged -- format=4 w=1080 h=525
10-10 12:42:28.737 30794 30794 I SurfaceView@9312480: surfaceChanged (1080,525) 0 #8 android.view.SurfaceView{9312480 V.E..V... ......ID 0,0-1080,525}
10-10 12:42:28.737 30794 30794 I SurfaceView@9312480: surfaceRedrawNeeded
10-10 12:42:28.738 30794 30794 V SurfaceView@9312480: Layout: x=0 y=218 w=1080 h=525, frame=Rect(0, 0 - 1080, 525)
10-10 12:42:28.751 30794 30890 D SurfaceView@9312480: updateSurfacePosition RenderWorker, frameNr = 911, position = [0, 218, 1080, 743] surfaceSize = 1080x525
10-10 12:42:28.751 30794 30890 I SurfaceView@9312480: uSP: rtp = Rect(0, 218 - 1080, 743) rtsw = 1080 rtsh = 525
10-10 12:42:28.752 30794 30890 I SurfaceView@9312480: onSSPAndSRT: pl = 0 pt = 218 sx = 1.0 sy = 1.0
10-10 12:42:28.752 30794 30890 I SurfaceView@9312480: aOrMT: ViewRootImpl@49f6cb7[MainActivity] t = android.view.SurfaceControl$Transaction@aa2ceac fN = 911 android.view.SurfaceView.-$$Nest$mapplyOrMergeTransaction:0 android.view.SurfaceView$SurfaceViewPositionUpdateListener.positionChanged:1537 android.graphics.RenderNode$CompositePositionUpdateListener.positionChanged:373 
10-10 12:42:28.752 30794 30890 I ViewRootImpl@49f6cb7[MainActivity]: mWNT: t=0x7b19390200 mBlastBufferQueue=0x7b40c67c00 fn= 911 caller= android.view.SurfaceView.applyOrMergeTransaction:1455 android.view.SurfaceView.-$$Nest$mapplyOrMergeTransaction:0 android.view.SurfaceView$SurfaceViewPositionUpdateListener.positionChanged:1537 
10-10 12:42:28.753 30794 30890 I ViewRootImpl@49f6cb7[MainActivity]: mWNT: t=0x7b19269b00 mBlastBufferQueue=0x7b40c67c00 fn= 911 caller= android.view.ViewRootImpl.lambda$applyTransactionOnDraw$11$android-view-ViewRootImpl:12865 android.view.ViewRootImpl$$ExternalSyntheticLambda1.onFrameDraw:4 android.graphics.HardwareRenderer$FrameDrawingCallback.onFrameDraw:924 
10-10 12:42:28.770 30794 30794 I SurfaceView@9312480: finishedDrawing
10-10 12:42:29.401 30794 30794 I ViewRootImpl@49f6cb7[MainActivity]: ViewPostIme pointer 0
10-10 12:42:29.944 30794 30794 I Dialog  : mIsDeviceDefault = false, mIsSamsungBasicInteraction = false, isMetaDataInActivity = false
10-10 12:42:29.977 30794 30794 I DecorView: [INFO] isPopOver=false config=false
10-10 12:42:29.977 30794 30794 I DecorView: updateCaptionType: isFloating=false isApplication=true hasWindowDecorCaption=false this=DecorView@e7d7799[]
10-10 12:42:29.978 30794 30794 D DecorView: setCaptionType = 0, this = DecorView@e7d7799[]
10-10 12:42:29.979 30794 30794 I DecorView: getCurrentDensityDpi: from app context. densityDpi=420 msg=resources_loaded
10-10 12:42:29.980 30794 30794 I DecorView: setWindowBackground: isPopOver=false color=0 d=android.graphics.drawable.ColorDrawable@162e3f
10-10 12:42:29.987 30794 30818 D NativeCustomFrequencyManager: [NativeCFMS] BpCustomFrequencyManager::BpCustomFrequencyManager()
10-10 12:42:29.988 30794 30794 I DecorView: notifyKeepScreenOnChanged: keepScreenOn=false
10-10 12:42:30.001 30794 30794 D InsetsController: onStateChanged: InsetsState: {mDisplayFrame=Rect(0, 0 - 1080, 2400), mDisplayCutout=DisplayCutout{insets=Rect(0, 88 - 0, 0) waterfall=Insets{left=0, top=0, right=0, bottom=0} boundingRect={Bounds=[Rect(0, 0 - 0, 0), Rect(512, 0 - 568, 88), Rect(0, 0 - 0, 0), Rect(0, 0 - 0, 0)]} cutoutPathParserInfo={CutoutPathParserInfo{displayWidth=1080 displayHeight=2400 physicalDisplayWidth=1080 physicalDisplayHeight=2400 density={2.625} cutoutSpec={M 0,0 M 0,12.25101276465640 a 10.60613009248640,10.60613009248640 0 1,0 0,21.21226018497290 a 10.60613009248640,10.60613009248640 0 1,0 0,-21.21226018497290 Z @dp} rotation={0} scale={1.0} physicalPixelDisplaySizeRatio={1.0}}}}, mRoundedCorners=RoundedCorners{[RoundedCorner{position=TopLeft, radius=84, center=Point(84, 84)}, RoundedCorner{position=TopRight, radius=84, center=Point(996, 84)}, RoundedCorner{position=BottomRight, radius=84, center=Point(996, 2316)}, RoundedCorner{position=BottomLeft, radius=84, center=Point(84, 2316)}]}  mRoundedCornerFrame=Rect(0, 0 - 1080, 2400), mPrivacyIndicatorBounds=PrivacyIndicatorBounds {static bounds=Rect(964, 0 - 1080, 87) rotation=0}, mSources= { InsetsSource: {mType=ITYPE_STATUS_BAR, mFrame=[0,0][1080,88], mVisible=true, mInsetsRoundedCornerFrame=false}, InsetsSource: {mType=ITYPE_NAVIGATION_BAR, mFrame=[0,2361][1080,2400], mVisible=true, mInsetsRoundedCornerFrame=false}, InsetsSource: {mType=ITYPE_LEFT_GESTURES, mFrame=[0,0][130,2400], mVisible=true, mInsetsRoundedCornerFrame=false}, InsetsSource: {mType=ITYPE_RIGHT_GESTURES, mFrame=[950,0][1080,2400], mVisible=true, mInsetsRoundedCornerFrame=false}, InsetsSource: {mType=ITYPE_TOP_MANDATORY_GESTURES, mFrame=[0,0][1080,120], mVisible=true, mInsetsRoundedCornerFrame=false}, InsetsSource: {mType=ITYPE_BOTTOM_MANDATORY_GESTURES, mFrame=[0,2316][1080,2400], mVisible=true, mInsetsRoundedCornerFrame=false}, InsetsSource: {mType=ITYPE_LEFT_DISPLAY_CUTOUT, mFrame=[0,0][-100000,2400], mVisible=true, mInsetsRoundedCornerFrame=false}, InsetsSource: {mType=ITYPE_TOP_DISPLAY_CUTOUT, mFrame=[0,0][1080,88], mVisible=true, mInsetsRoundedCornerFrame=false}, InsetsSource: {mType=ITYPE_RIGHT_DISPLAY_CUTOUT, mFrame=[100000,0][1080,2400], mVisible=true, mInsetsRoundedCornerFrame=false}, InsetsSource: {mType=ITYPE_BOTTOM_DISPLAY_CUTOUT, mFrame=[0,100000][1080,2400], mVisible=true, mInsetsRoundedCornerFrame=false}, InsetsSource: {mType=ITYPE_TOP_TAPPABLE_ELEMENT, mFrame=[0,0][1080,88], mVisible=true, mInsetsRoundedCornerFrame=false}, InsetsSource: {mType=ITYPE_BOTTOM_TAPPABLE_ELEMENT, mFrame=[0,0][0,0], mVisible=true, mInsetsRoundedCornerFrame=false}, InsetsSource: {mType=ITYPE_IME, mFrame=[0,0][0,0], mVisibleFrame=[0,1409][1080,2400], mVisible=false, mInsetsRoundedCornerFrame=false} } host=com.lagradost.cloudstream3/com.lagradost.cloudstream3.MainActivity from=android.view.ViewRootImpl.setView:1732
10-10 12:42:30.002 30794 30794 I ViewRootImpl@7b6b7a4[MainActivity]: setView = com.android.internal.policy.DecorView@e7d7799 TM=true
10-10 12:42:30.014 30794 30794 I ViewRootImpl@7b6b7a4[MainActivity]: performTraversals params={(0,0)(fillxfill) gr=CENTER sim={adjust=resize forwardNavigation} ty=APPLICATION fmt=TRANSPARENT wanim=0x7f14000b
10-10 12:42:30.014 30794 30794 I ViewRootImpl@7b6b7a4[MainActivity]:   fl=85810100
10-10 12:42:30.014 30794 30794 I ViewRootImpl@7b6b7a4[MainActivity]:   pfl=12020040
10-10 12:42:30.014 30794 30794 I ViewRootImpl@7b6b7a4[MainActivity]:   vsysui=500
10-10 12:42:30.014 30794 30794 I ViewRootImpl@7b6b7a4[MainActivity]:   bhv=DEFAULT
10-10 12:42:30.014 30794 30794 I ViewRootImpl@7b6b7a4[MainActivity]:   fitSides= naviIconColor=0}
10-10 12:42:30.015 30794 30794 I ViewRootImpl@7b6b7a4[MainActivity]: performTraversals mFirst=true windowShouldResize=true viewVisibilityChanged=false mForceNextWindowRelayout=false params={(0,0)(fillxfill) gr=CENTER sim={adjust=resize forwardNavigation} ty=APPLICATION fmt=TRANSPARENT wanim=0x7f14000b
10-10 12:42:30.015 30794 30794 I ViewRootImpl@7b6b7a4[MainActivity]:   fl=85810100
10-10 12:42:30.015 30794 30794 I ViewRootImpl@7b6b7a4[MainActivity]:   pfl=12020040
10-10 12:42:30.015 30794 30794 I ViewRootImpl@7b6b7a4[MainActivity]:   vsysui=500
10-10 12:42:30.015 30794 30794 I ViewRootImpl@7b6b7a4[MainActivity]:   bhv=DEFAULT
10-10 12:42:30.015 30794 30794 I ViewRootImpl@7b6b7a4[MainActivity]:   fitSides= naviIconColor=0}
10-10 12:42:30.029 30794 30794 I ViewRootImpl@7b6b7a4[MainActivity]: updateBlastSurfaceIfNeeded mBlastBufferQueue=null isSameSurfaceControl=false
10-10 12:42:30.030 30794 30794 I BLASTBufferQueue: new BLASTBufferQueue, mName= ViewRootImpl@7b6b7a4[MainActivity] mNativeObject= 0x7b40c69700 sc.mNativeObject= 0x7b08563640 caller= android.view.ViewRootImpl.updateBlastSurfaceIfNeeded:2909 android.view.ViewRootImpl.relayoutWindow:9847 android.view.ViewRootImpl.performTraversals:3884 android.view.ViewRootImpl.doTraversal:3116 android.view.ViewRootImpl$TraversalRunnable.run:10885 android.view.Choreographer$CallbackRecord.run:1301 android.view.Choreographer$CallbackRecord.run:1309 android.view.Choreographer.doCallbacks:923 android.view.Choreographer.doFrame:852 android.view.Choreographer$FrameDisplayEventReceiver.run:1283 
10-10 12:42:30.030 30794 30794 I BLASTBufferQueue: update, w= 1080 h= 2400 mName = ViewRootImpl@7b6b7a4[MainActivity] mNativeObject= 0x7b40c69700 sc.mNativeObject= 0x7b08563640 format= -2 caller= android.graphics.BLASTBufferQueue.<init>:84 android.view.ViewRootImpl.updateBlastSurfaceIfNeeded:2909 android.view.ViewRootImpl.relayoutWindow:9847 android.view.ViewRootImpl.performTraversals:3884 android.view.ViewRootImpl.doTraversal:3116 android.view.ViewRootImpl$TraversalRunnable.run:10885 
10-10 12:42:30.030 30794 30794 I ViewRootImpl@7b6b7a4[MainActivity]: Relayout returned: old=(0,0,1080,2400) new=(0,0,1080,2400) req=(1080,2400)0 dur=14 res=0x3 s={true 0x7ad5e79000} ch=true seqId=0
10-10 12:42:30.031 30794 30794 I ViewRootImpl@7b6b7a4[MainActivity]: mThreadedRenderer.initialize() mSurface={isValid=true 0x7ad5e79000} hwInitialized=true
10-10 12:42:30.032 30794 30818 D OpenGLRenderer: eglCreateWindowSurface
10-10 12:42:30.052 30794 30794 D AbsListView:  in onLayout changed 
10-10 12:42:30.053 30794 30794 I ViewRootImpl@7b6b7a4[MainActivity]: reportNextDraw android.view.ViewRootImpl.performTraversals:4438 android.view.ViewRootImpl.doTraversal:3116 android.view.ViewRootImpl$TraversalRunnable.run:10885 android.view.Choreographer$CallbackRecord.run:1301 android.view.Choreographer$CallbackRecord.run:1309 
10-10 12:42:30.053 30794 30794 I ViewRootImpl@7b6b7a4[MainActivity]: Setup new sync id=0
10-10 12:42:30.053 30794 30794 I ViewRootImpl@7b6b7a4[MainActivity]: Setting syncFrameCallback
10-10 12:42:30.053 30794 30794 I ViewRootImpl@7b6b7a4[MainActivity]: registerCallbacksForSync syncBuffer=false
10-10 12:42:30.057 30794 30891 I ViewRootImpl@7b6b7a4[MainActivity]: Received frameDrawingCallback syncResult=0 frameNum=1.
10-10 12:42:30.057 30794 30891 I ViewRootImpl@7b6b7a4[MainActivity]: Setting up sync and frameCommitCallback
10-10 12:42:30.063 30794 30818 I BLASTBufferQueue: [ViewRootImpl@7b6b7a4[MainActivity]#12](f:0,a:0) onFrameAvailable the first frame is available
10-10 12:42:30.065 30794 30818 I ViewRootImpl@7b6b7a4[MainActivity]: Received frameCommittedCallback lastAttemptedDrawFrameNum=1 didProduceBuffer=true
10-10 12:42:30.069 30794 30818 D OpenGLRenderer: CFMS:: SetUp Pid : 30794    Tid : 30818
10-10 12:42:30.072 30794 30794 I ViewRootImpl@7b6b7a4[MainActivity]: onSyncComplete
10-10 12:42:30.073 30794 30794 I ViewRootImpl@7b6b7a4[MainActivity]: setupSync seqId=0 mSyncId=0 fn=1 caller=android.view.ViewRootImpl$$ExternalSyntheticLambda11.accept:6 android.window.SurfaceSyncer.lambda$setupSync$1$android-window-SurfaceSyncer:128 android.window.SurfaceSyncer$$ExternalSyntheticLambda1.accept:8 android.window.SurfaceSyncer$SyncSet.checkIfSyncIsComplete:382 android.window.SurfaceSyncer$SyncSet.markSyncReady:359 android.window.SurfaceSyncer.markSyncReady:151 android.view.ViewRootImpl.performTraversals:4503 
10-10 12:42:30.073 30794 30794 I ViewRootImpl@7b6b7a4[MainActivity]: reportDrawFinished seqId=0 mSyncId=-1 fn=1 mSurfaceChangedTransaction=0x7b193e3f00
10-10 12:42:30.091 30794 30794 I ViewRootImpl@49f6cb7[MainActivity]: ViewPostIme pointer 1
10-10 12:42:30.093 30794 30794 I ViewRootImpl@49f6cb7[MainActivity]: MSG_WINDOW_FOCUS_CHANGED 0 0
10-10 12:42:30.126 30794 30794 I ViewRootImpl@7b6b7a4[MainActivity]: MSG_WINDOW_FOCUS_CHANGED 1 0
10-10 12:42:30.127 30794 30794 I ViewRootImpl@7b6b7a4[MainActivity]: mThreadedRenderer.initializeIfNeeded()#2 mSurface={isValid=true 0x7ad5e79000}
10-10 12:42:30.128 30794 30794 D InputMethodManager: startInputInner - Id : 0
10-10 12:42:30.128 30794 30794 I InputMethodManager: startInputInner - mService.startInputOrWindowGainedFocus
10-10 12:42:31.001 30794 30794 I ViewRootImpl@7b6b7a4[MainActivity]: ViewPostIme pointer 0
10-10 12:42:31.066 30794 30794 I ViewRootImpl@7b6b7a4[MainActivity]: ViewPostIme pointer 1
10-10 12:42:31.067 30794 30794 D AbsListView: onTouchUp() mTouchMode : 0
10-10 12:42:31.141 30794 30845 D EgyDead : Loading links for URL: https://tv6.egydead.live/%d9%85%d8%b4%d8%a7%d9%87%d8%af%d8%a9-%d9%81%d9%8a%d9%84%d9%85-in-tenebras-into-the-darkness-2024-%d9%85%d8%aa%d8%b1%d8%ac%d9%85/
10-10 12:42:31.141 30794 30794 I MSHandlerLifeCycle: removeMultiSplitHandler: no exist. decor=DecorView@e7d7799[MainActivity]
10-10 12:42:31.144 30794 30818 D OpenGLRenderer: setSurface called with nullptr
10-10 12:42:31.144 30794 30818 D OpenGLRenderer: setSurface() destroyed EGLSurface
10-10 12:42:31.144 30794 30818 D OpenGLRenderer: destroyEglSurface
10-10 12:42:31.146 30794 30818 D OpenGLRenderer: endAllActiveAnimators on 0x7ad5e76800 (MaterialTextView) with handle 0x7b3bfb3540
10-10 12:42:31.147 30794 30794 I ViewRootImpl@7b6b7a4[MainActivity]: dispatchDetachedFromWindow
10-10 12:42:31.169 30794 30794 D InputTransport: Input channel destroyed: 'b35871e', fd=158
10-10 12:42:31.172 30794 30794 I Dialog  : mIsDeviceDefault = false, mIsSamsungBasicInteraction = false, isMetaDataInActivity = false
10-10 12:42:31.208 30794 30794 I DecorView: [INFO] isPopOver=false config=false
10-10 12:42:31.208 30794 30794 I DecorView: updateCaptionType: isFloating=false isApplication=true hasWindowDecorCaption=false this=DecorView@6c8a907[]
10-10 12:42:31.208 30794 30794 D DecorView: setCaptionType = 0, this = DecorView@6c8a907[]
10-10 12:42:31.210 30794 30794 I DecorView: getCurrentDensityDpi: from app context. densityDpi=420 msg=resources_loaded
10-10 12:42:31.210 30794 30794 I DecorView: setWindowBackground: isPopOver=false color=0 d=android.graphics.drawable.ColorDrawable@645a05d
10-10 12:42:31.216 30794 30818 D NativeCustomFrequencyManager: [NativeCFMS] BpCustomFrequencyManager::BpCustomFrequencyManager()
10-10 12:42:31.217 30794 30794 I DecorView: notifyKeepScreenOnChanged: keepScreenOn=false
