--------- beginning of main
10-10 04:57:56.513  1643  1643 D InputTransport: Input channel destroyed: '3c9a049', fd=153
10-10 04:57:56.559  1643  1643 I ViewRootImpl@fbf792[MainActivity]: MSG_WINDOW_FOCUS_CHANGED 1 0
10-10 04:57:56.560  1643  1643 I ViewRootImpl@fbf792[MainActivity]: mThreadedRenderer.initializeIfNeeded()#2 mSurface={isValid=true 0x7b5e3e2800}
10-10 04:57:56.564  1643  1643 D InputMethodManager: startInputInner - Id : 0
10-10 04:57:56.564  1643  1643 I InputMethodManager: startInputInner - mService.startInputOrWindowGainedFocus
10-10 04:57:57.410  1643  1643 I ViewRootImpl@fbf792[MainActivity]: ViewPostIme pointer 0
10-10 04:57:57.519  1643  1643 D WindowOnBackDispatcher: onBackInvoked, viewRoot=ViewRootImpl@383a53[MainActivity], callback=androidx.activity.OnBackPressedDispatcher$Api33Impl$$ExternalSyntheticLambda0@11ad745
10-10 04:57:57.532  1643  1643 I IMM_LC  : hsifw() - flag : 0
10-10 04:57:57.532  1643  1643 I IMM_LC  : hsifw() - mService.hideSoftInput
10-10 04:57:57.549  1643  1643 D ScrollView: initGoToTop
10-10 04:57:57.588  1643  1643 E CoilImgLoader: Error loading image: coil3.request.NullRequestDataException: The request's data is null.
10-10 04:57:57.601  1643  1643 D ScrollView:  onsize change changed 
10-10 04:57:57.886  1643  1654 W st.cloudstream3: Cleared Reference was only reachable from finalizer (only reported once)
10-10 04:57:57.995  1643  1654 I st.cloudstream3: Background concurrent copying GC freed 19MB AllocSpace bytes, 91(3824KB) LOS objects, 49% free, 13MB/26MB, paused 464us,84us total 234.207ms
10-10 04:57:57.996  1643  1667 D OpenGLRenderer: setSurface called with nullptr
10-10 04:57:57.997  1643  1655 D InputTransport: Input channel destroyed: 'ClientS', fd=126
10-10 04:57:58.767  1643  1643 I ViewRootImpl@fbf792[MainActivity]: ViewPostIme pointer 0
10-10 04:57:58.823  1643  1643 I ViewRootImpl@fbf792[MainActivity]: ViewPostIme pointer 1
10-10 04:57:58.841  1643  1643 I NavComponent: Navigating to fragment: 2131361879
10-10 04:57:58.845  1643  1643 I IMM_LC  : hsifw() - flag : 0
10-10 04:57:58.846  1643  1643 I IMM_LC  : hsifw() - mService.hideSoftInput
10-10 04:57:59.957  1643  1643 I ViewRootImpl@fbf792[MainActivity]: ViewPostIme pointer 0
10-10 04:58:00.006  1643  1643 I ViewRootImpl@fbf792[MainActivity]: ViewPostIme pointer 1
10-10 04:58:00.035  1643  1643 I IMM_LC  : hsifw() - flag : 0
10-10 04:58:00.035  1643  1643 I IMM_LC  : hsifw() - mService.hideSoftInput
10-10 04:58:00.160  1643  1643 I PLG     : updatePluginList = https://raw.githubusercontent.com/adamwolker21/DZ/refs/heads/master/repo.json
10-10 04:58:00.160  1643  1643 I PLG     : getPlugins = https://raw.githubusercontent.com/adamwolker21/DZ/refs/heads/master/repo.json
10-10 04:58:00.534  1643  1707 D VotingApi: Requesting: https://counterapi.com/api/cs-raw.githubusercontent.com-adamwolker21-DZ/vote/806f9e9bb0fe6eed948cf51910bda7c7a4f4470876514f9eb99299b4b4e46db4?readOnly=true
10-10 04:58:01.264  1643  1643 I ViewRootImpl@fbf792[MainActivity]: ViewPostIme pointer 0
10-10 04:58:01.297  1643  1643 I ViewRootImpl@fbf792[MainActivity]: ViewPostIme pointer 1
10-10 04:58:01.311  1643  1707 I PLG     : handlePluginAction = https://raw.githubusercontent.com/adamwolker21/DZ/refs/heads/master/repo.json, (https://raw.githubusercontent.com/adamwolker21/DZ/refs/heads/master/repo.json, SitePlugin(url=https://raw.githubusercontent.com/adamwolker21/DZ/builds/EgyDead.cs3, status=1, version=1, apiVersion=1, name=EgyDead, internalName=EgyDead, authors=[adamwolker21], description=EgyDead, repositoryUrl=https://github.com/adamwolker21/DZ, tvTypes=[Movie, TvSeries], language=ar, iconUrl=https://www.faselhds.life/icon-faselplud.png, fileSize=26768)), false
10-10 04:58:01.312  1643  1707 D PluginManager: Downloading plugin: https://raw.githubusercontent.com/adamwolker21/DZ/builds/EgyDead.cs3 to /data/user/0/com.lagradost.cloudstream3/files/Extensions/httpsraw.githubusercontent.comadamwolker21DZrefsheadsmasterrepo.json.-468825824/EgyDead.-124080901.cs3
10-10 04:58:01.542  1643  1707 I PluginManager: Unloading plugin: /data/user/0/com.lagradost.cloudstream3/files/Extensions/httpsraw.githubusercontent.comadamwolker21DZrefsheadsmasterrepo.json.-468825824/EgyDead.-124080901.cs3
10-10 04:58:01.542  1643  1707 W PluginManager: Couldn't find plugin /data/user/0/com.lagradost.cloudstream3/files/Extensions/httpsraw.githubusercontent.comadamwolker21DZrefsheadsmasterrepo.json.-468825824/EgyDead.-124080901.cs3
10-10 04:58:01.543  1643  1707 I PluginManager: Loading plugin: PluginData(internalName=EgyDead, url=https://raw.githubusercontent.com/adamwolker21/DZ/builds/EgyDead.cs3, isOnline=true, filePath=/data/user/0/com.lagradost.cloudstream3/files/Extensions/httpsraw.githubusercontent.comadamwolker21DZrefsheadsmasterrepo.json.-468825824/EgyDead.-124080901.cs3, version=-2147483648)
10-10 04:58:01.600  1643  1707 I PluginInstance: Adding EgyDead (https://tv6.egydead.live) MainAPI
10-10 04:58:01.600  1643  1707 I PluginManager: Loaded plugin EgyDead successfully
10-10 04:58:01.600  1643  1707 I PLG     : getPlugins = https://raw.githubusercontent.com/adamwolker21/DZ/refs/heads/master/repo.json
10-10 04:58:01.601  1643  1643 I COMPACT : showToast = Plugin Loaded
10-10 04:58:01.608  1643  1643 D CompatibilityChangeReporter: Compat change id reported: 147798919; UID 10523; state: ENABLED
10-10 04:58:01.608  1643  1643 E Toast   : setGravity() shouldn't be called on text toasts, the values won't be used
10-10 04:58:01.608  1643  1643 I Toast   : setView: it's a custom toast
10-10 04:58:01.615  1643  1643 V Toast   : show: caller = com.lagradost.cloudstream3.CommonActivity.showToast:175 
10-10 04:58:01.674  1643  1643 V Toast   : HANDLE SHOW: android.widget.Toast$TN@6ce6ec7 mView=null mNextView=androidx.cardview.widget.CardView{8ffcf4 V.E..V... ......ID 0,0-0,0 #7f0a0557 app:id/toast_layout_root}
10-10 04:58:01.676  1643  1643 V ToastPresenter: sipHeight = -39
10-10 04:58:01.677  1643  1643 V ToastPresenter: yOffset = 13
10-10 04:58:01.685  1643  1667 D NativeCustomFrequencyManager: [NativeCFMS] BpCustomFrequencyManager::BpCustomFrequencyManager()
10-10 04:58:01.694  1643  1643 D InsetsController: onStateChanged: InsetsState: {mDisplayFrame=Rect(0, 0 - 1080, 2400), mDisplayCutout=DisplayCutout{insets=Rect(0, 88 - 0, 0) waterfall=Insets{left=0, top=0, right=0, bottom=0} boundingRect={Bounds=[Rect(0, 0 - 0, 0), Rect(512, 0 - 568, 88), Rect(0, 0 - 0, 0), Rect(0, 0 - 0, 0)]} cutoutPathParserInfo={CutoutPathParserInfo{displayWidth=1080 displayHeight=2400 physicalDisplayWidth=1080 physicalDisplayHeight=2400 density={2.625} cutoutSpec={M 0,0 M 0,12.25101276465640 a 10.60613009248640,10.60613009248640 0 1,0 0,21.21226018497290 a 10.60613009248640,10.60613009248640 0 1,0 0,-21.21226018497290 Z @dp} rotation={0} scale={1.0} physicalPixelDisplaySizeRatio={1.0}}}}, mRoundedCorners=RoundedCorners{[RoundedCorner{position=TopLeft, radius=84, center=Point(84, 84)}, RoundedCorner{position=TopRight, radius=84, center=Point(996, 84)}, RoundedCorner{position=BottomRight, radius=84, center=Point(996, 2316)}, RoundedCorner{position=BottomLeft, radius=84, center=Point(84, 2316)}]}  mRoundedCornerFrame=Rect(0, 0 - 0, 0), mPrivacyIndicatorBounds=PrivacyIndicatorBounds {static bounds=Rect(964, 0 - 1080, 87) rotation=0}, mSources= { InsetsSource: {mType=ITYPE_NAVIGATION_BAR, mFrame=[0,2361][1080,2400], mVisible=true, mInsetsRoundedCornerFrame=false}, InsetsSource: {mType=ITYPE_LEFT_GESTURES, mFrame=[0,0][130,2400], mVisible=true, mInsetsRoundedCornerFrame=false}, InsetsSource: {mType=ITYPE_RIGHT_GESTURES, mFrame=[950,0][1080,2400], mVisible=true, mInsetsRoundedCornerFrame=false}, InsetsSource: {mType=ITYPE_TOP_MANDATORY_GESTURES, mFrame=[0,0][1080,120], mVisible=true, mInsetsRoundedCornerFrame=false}, InsetsSource: {mType=ITYPE_BOTTOM_MANDATORY_GESTURES, mFrame=[0,2316][1080,2400], mVisible=true, mInsetsRoundedCornerFrame=false}, InsetsSource: {mType=ITYPE_LEFT_DISPLAY_CUTOUT, mFrame=[0,0][-100000,2400], mVisible=true, mInsetsRoundedCornerFrame=false}, InsetsSource: {mType=ITYPE_TOP_DISPLAY_CUTOUT, mFrame=[0,0][1080,88], mVisible=true, mInsetsRoundedCornerFrame=false}, InsetsSource: {mType=ITYPE_RIGHT_DISPLAY_CUTOUT, mFrame=[100000,0][1080,2400], mVisible=true, mInsetsRoundedCornerFrame=false}, InsetsSource: {mType=ITYPE_BOTTOM_DISPLAY_CUTOUT, mFrame=[0,100000][1080,2400], mVisible=true, mInsetsRoundedCornerFrame=false}, InsetsSource: {mType=ITYPE_BOTTOM_TAPPABLE_ELEMENT, mFrame=[0,0][0,0], mVisible=true, mInsetsRoundedCornerFrame=false} } host=Toast from=android.view.ViewRootImpl.setView:1732
10-10 04:58:01.695  1643  1643 I ViewRootImpl@5193c1d[Toast]: setView = androidx.cardview.widget.CardView@8ffcf4 TM=true
10-10 04:58:01.701  1643  1643 I ViewRootImpl@5193c1d[Toast]: performTraversals params={(0,13)(wrapxwrap) gr=BOTTOM CENTER sim={adjust=resize} ty=TOAST fmt=TRANSLUCENT wanim=0x1030004 surfaceInsets=Rect(11, 11 - 11, 11)
10-10 04:58:01.701  1643  1643 I ViewRootImpl@5193c1d[Toast]:   fl=1000098
10-10 04:58:01.701  1643  1643 I ViewRootImpl@5193c1d[Toast]:   pfl=12000000
10-10 04:58:01.701  1643  1643 I ViewRootImpl@5193c1d[Toast]:   bhv=DEFAULT
10-10 04:58:01.701  1643  1643 I ViewRootImpl@5193c1d[Toast]:   fitTypes=STATUS_BARS NAVIGATION_BARS CAPTION_BAR
10-10 04:58:01.701  1643  1643 I ViewRootImpl@5193c1d[Toast]:   fitIgnoreVis naviIconColor=0}
10-10 04:58:01.702  1643  1643 I ViewRootImpl@5193c1d[Toast]: performTraversals mFirst=true windowShouldResize=false viewVisibilityChanged=false mForceNextWindowRelayout=false params={(0,13)(wrapxwrap) gr=BOTTOM CENTER sim={adjust=resize} ty=TOAST fmt=TRANSLUCENT wanim=0x1030004 surfaceInsets=Rect(11, 11 - 11, 11)
10-10 04:58:01.702  1643  1643 I ViewRootImpl@5193c1d[Toast]:   fl=1000098
10-10 04:58:01.702  1643  1643 I ViewRootImpl@5193c1d[Toast]:   pfl=12000000
10-10 04:58:01.702  1643  1643 I ViewRootImpl@5193c1d[Toast]:   bhv=DEFAULT
10-10 04:58:01.702  1643  1643 I ViewRootImpl@5193c1d[Toast]:   fitTypes=STATUS_BARS NAVIGATION_BARS CAPTION_BAR
10-10 04:58:01.702  1643  1643 I ViewRootImpl@5193c1d[Toast]:   fitIgnoreVis naviIconColor=0}
10-10 04:58:01.714  1643  1643 I ViewRootImpl@5193c1d[Toast]: updateBlastSurfaceIfNeeded mBlastBufferQueue=null isSameSurfaceControl=false
10-10 04:58:01.715  1643  1643 I BLASTBufferQueue: new BLASTBufferQueue, mName= ViewRootImpl@5193c1d[Toast] mNativeObject= 0x7b5e38e700 sc.mNativeObject= 0x7b5e35ee20 caller= android.view.ViewRootImpl.updateBlastSurfaceIfNeeded:2909 android.view.ViewRootImpl.relayoutWindow:9847 android.view.ViewRootImpl.performTraversals:3884 android.view.ViewRootImpl.doTraversal:3116 android.view.ViewRootImpl$TraversalRunnable.run:10885 android.view.Choreographer$CallbackRecord.run:1301 android.view.Choreographer$CallbackRecord.run:1309 android.view.Choreographer.doCallbacks:923 android.view.Choreographer.doFrame:852 android.view.Choreographer$FrameDisplayEventReceiver.run:1283 
10-10 04:58:01.716  1643  1643 I BLASTBufferQueue: update, w= 373 h= 178 mName = ViewRootImpl@5193c1d[Toast] mNativeObject= 0x7b5e38e700 sc.mNativeObject= 0x7b5e35ee20 format= -3 caller= android.graphics.BLASTBufferQueue.<init>:84 android.view.ViewRootImpl.updateBlastSurfaceIfNeeded:2909 android.view.ViewRootImpl.relayoutWindow:9847 android.view.ViewRootImpl.performTraversals:3884 android.view.ViewRootImpl.doTraversal:3116 android.view.ViewRootImpl$TraversalRunnable.run:10885 
10-10 04:58:01.716  1643  1643 I ViewRootImpl@5193c1d[Toast]: Relayout returned: old=(0,88,1080,2361) new=(364,2192,715,2348) req=(351,156)0 dur=12 res=0x3 s={true 0x7b17006800} ch=true seqId=0
10-10 04:58:01.717  1643  1643 I ViewRootImpl@5193c1d[Toast]: mThreadedRenderer.initialize() mSurface={isValid=true 0x7b17006800} hwInitialized=true
10-10 04:58:01.718  1643  1667 D OpenGLRenderer: eglCreateWindowSurface
10-10 04:58:01.719  1643  1643 I ViewRootImpl@5193c1d[Toast]: reportNextDraw android.view.ViewRootImpl.performTraversals:4438 android.view.ViewRootImpl.doTraversal:3116 android.view.ViewRootImpl$TraversalRunnable.run:10885 android.view.Choreographer$CallbackRecord.run:1301 android.view.Choreographer$CallbackRecord.run:1309 
10-10 04:58:01.719  1643  1643 I ViewRootImpl@5193c1d[Toast]: Setup new sync id=0
10-10 04:58:01.719  1643  1643 I ViewRootImpl@5193c1d[Toast]: Setting syncFrameCallback
10-10 04:58:01.719  1643  1643 I ViewRootImpl@5193c1d[Toast]: registerCallbacksForSync syncBuffer=false
10-10 04:58:01.721  1643  1753 I ViewRootImpl@5193c1d[Toast]: Received frameDrawingCallback syncResult=0 frameNum=1.
10-10 04:58:01.721  1643  1753 I ViewRootImpl@5193c1d[Toast]: Setting up sync and frameCommitCallback
10-10 04:58:01.725  1643  1667 I BLASTBufferQueue: [ViewRootImpl@5193c1d[Toast]#2](f:0,a:0) onFrameAvailable the first frame is available
10-10 04:58:01.726  1643  1667 I ViewRootImpl@5193c1d[Toast]: Received frameCommittedCallback lastAttemptedDrawFrameNum=1 didProduceBuffer=true
10-10 04:58:01.728  1643  1667 D OpenGLRenderer: CFMS:: SetUp Pid : 1643    Tid : 1667
10-10 04:58:01.731  1643  1643 I ViewRootImpl@5193c1d[Toast]: onSyncComplete
10-10 04:58:01.732  1643  1643 I ViewRootImpl@5193c1d[Toast]: setupSync seqId=0 mSyncId=0 fn=1 caller=android.view.ViewRootImpl$$ExternalSyntheticLambda11.accept:6 android.window.SurfaceSyncer.lambda$setupSync$1$android-window-SurfaceSyncer:128 android.window.SurfaceSyncer$$ExternalSyntheticLambda1.accept:8 android.window.SurfaceSyncer$SyncSet.checkIfSyncIsComplete:382 android.window.SurfaceSyncer$SyncSet.markSyncReady:359 android.window.SurfaceSyncer.markSyncReady:151 android.view.ViewRootImpl.performTraversals:4503 
10-10 04:58:01.732  1643  1643 I ViewRootImpl@5193c1d[Toast]: reportDrawFinished seqId=0 mSyncId=-1 fn=1 mSurfaceChangedTransaction=0x7bed84ea00
10-10 04:58:03.028  1643  1643 I ViewRootImpl@fbf792[MainActivity]: ViewPostIme pointer 0
10-10 04:58:03.094  1643  1643 I ViewRootImpl@fbf792[MainActivity]: ViewPostIme pointer 1
10-10 04:58:03.116  1643  1643 I IMM_LC  : hsifw() - flag : 0
10-10 04:58:03.116  1643  1643 I IMM_LC  : hsifw() - mService.hideSoftInput
10-10 04:58:03.261  1643  1711 I WebViewFactory: Loading com.google.android.webview version 141.0.7390.43 (code 739004333)
10-10 04:58:03.273  1643  1711 W st.cloudstream3: Failed to find entry 'classes.dex': Entry not found
10-10 04:58:03.275  1643  1711 D nativeloader: Configuring clns-6 for other apk /data/app/~~KzgKvUv1JwmzxHei_tsHXQ==/com.google.android.trichromelibrary_739004333-NHJfK8xUfQ5oC0LHEjEvPw==/base.apk. target_sdk_version=36, uses_libraries=ALL, library_path=/data/app/~~Z7EoFjMbPG94A6o-3Nb5UQ==/com.google.android.webview-eZKrupClwVmgDmxWAn78Ag==/lib/arm64:/data/app/~~Z7EoFjMbPG94A6o-3Nb5UQ==/com.google.android.webview-eZKrupClwVmgDmxWAn78Ag==/base.apk!/lib/arm64-v8a:/data/app/~~KzgKvUv1JwmzxHei_tsHXQ==/com.google.android.trichromelibrary_739004333-NHJfK8xUfQ5oC0LHEjEvPw==/base.apk!/lib/arm64-v8a, permitted_path=/data:/mnt/expand
10-10 04:58:03.275  1643  1711 D nativeloader: Extending system_exposed_libraries: libhumantracking.arcsoft.so:libPortraitDistortionCorrection.arcsoft.so:libPortraitDistortionCorrectionCali.arcsoft.so:libface_landmark.arcsoft.so:libFacialStickerEngine.arcsoft.so:libveengine.arcsoft.so:liblow_light_hdr.arcsoft.so:libhigh_dynamic_range.arcsoft.so:libFacialAttributeDetection.arcsoft.so:libBeauty_v4.camera.samsung.so:libexifa.camera.samsung.so:libjpega.camera.samsung.so:libOpenCv.camera.samsung.so:libImageScreener.camera.samsung.so:libMyFilter.camera.samsung.so:libtensorflowLite.myfilter.camera.samsung.so:libtensorflowlite_inference_api.myfilter.camera.samsung.so:libEventFinder.camera.samsung.so:libHIDTSnapJNI.camera.samsung.so:libSmartScan.camera.samsung.so:libRectify.camera.samsung.so:libDocRectifyWrapper.camera.samsung.so:libUltraWideDistortionCorrection.camera.samsung.so:libWideDistortionCorrection.camera.samsung.so:libHpr_RecGAE_cvFeature_v1.0.camera.samsung.so:libHprFace_GAE_api.camera.samsung.so:libFace_Landmark_API.camera.samsung.so:libHprFace_GAE_jn
10-10 04:58:03.286  1643  1711 D nativeloader: Configuring clns-7 for other apk /data/app/~~Z7EoFjMbPG94A6o-3Nb5UQ==/com.google.android.webview-eZKrupClwVmgDmxWAn78Ag==/base.apk. target_sdk_version=36, uses_libraries=, library_path=/data/app/~~Z7EoFjMbPG94A6o-3Nb5UQ==/com.google.android.webview-eZKrupClwVmgDmxWAn78Ag==/lib/arm64:/data/app/~~Z7EoFjMbPG94A6o-3Nb5UQ==/com.google.android.webview-eZKrupClwVmgDmxWAn78Ag==/base.apk!/lib/arm64-v8a:/data/app/~~KzgKvUv1JwmzxHei_tsHXQ==/com.google.android.trichromelibrary_739004333-NHJfK8xUfQ5oC0LHEjEvPw==/base.apk!/lib/arm64-v8a, permitted_path=/data:/mnt/expand
10-10 04:58:03.319  1643  1711 I cr_WVCFactoryProvider: version=141.0.7390.43 (739004333) minSdkVersion=29 multiprocess=true packageId=127 splits=<none>
10-10 04:58:03.327  1643  1711 D nativeloader: Load /data/app/~~KzgKvUv1JwmzxHei_tsHXQ==/com.google.android.trichromelibrary_739004333-NHJfK8xUfQ5oC0LHEjEvPw==/base.apk!/lib/arm64-v8a/libmonochrome_64.so using class loader ns clns-7 (caller=/data/app/~~Z7EoFjMbPG94A6o-3Nb5UQ==/com.google.android.webview-eZKrupClwVmgDmxWAn78Ag==/base.apk): ok
10-10 04:58:03.330  1643  1711 D nativeloader: Load /system/lib64/libwebviewchromium_plat_support.so using class loader ns clns-7 (caller=/data/app/~~Z7EoFjMbPG94A6o-3Nb5UQ==/com.google.android.webview-eZKrupClwVmgDmxWAn78Ag==/base.apk): ok
10-10 04:58:03.335  1643  1807 I chromium: [1010/045803.334783:INFO:android_webview/browser/variations/variations_seed_loader.cc:67] Failed to open file for reading.: No such file or directory (2)
10-10 04:58:03.344  1643  1711 I cr_LibraryLoader: Successfully loaded native library
10-10 04:58:03.346  1643  1711 I cr_CachingUmaRecorder: Flushed 13 samples from 13 histograms, 0 samples were dropped.
10-10 04:58:03.650  1643  1667 D OpenGLRenderer: setSurface called with nullptr
10-10 04:58:03.650  1643  1667 D OpenGLRenderer: setSurface() destroyed EGLSurface
10-10 04:58:03.650  1643  1667 D OpenGLRenderer: destroyEglSurface
10-10 04:58:03.651  1643  1643 I ViewRootImpl@5193c1d[Toast]: dispatchDetachedFromWindow
10-10 04:58:03.660  1643  1643 D InputTransport: Input channel destroyed: '87a3f72', fd=149
10-10 04:58:04.603  1643  1654 I st.cloudstream3: Background concurrent copying GC freed 7790KB AllocSpace bytes, 75(3712KB) LOS objects, 50% free, 18MB/36MB, paused 861us,157us total 168.551ms
10-10 04:58:04.616  1643  1667 D OpenGLRenderer: setSurface called with nullptr
10-10 04:58:04.633  1643  1656 W System  : A resource failed to call close. 
10-10 04:58:05.895  1643  1643 I ViewRootImpl@fbf792[MainActivity]: ViewPostIme pointer 0
10-10 04:58:06.119  1643  1643 I ViewRootImpl@fbf792[MainActivity]: ViewPostIme pointer 1
10-10 04:58:06.500  1643  1643 I ViewRootImpl@fbf792[MainActivity]: ViewPostIme pointer 0
10-10 04:58:06.780  1643  1643 I ViewRootImpl@fbf792[MainActivity]: ViewPostIme pointer 1
10-10 04:58:07.085  1643  1643 I ViewRootImpl@fbf792[MainActivity]: ViewPostIme pointer 0
10-10 04:58:07.435  1643  1643 I ViewRootImpl@fbf792[MainActivity]: ViewPostIme pointer 1
10-10 04:58:07.929  1643  1643 I ViewRootImpl@fbf792[MainActivity]: ViewPostIme pointer 0
10-10 04:58:07.997  1643  1643 I ViewRootImpl@fbf792[MainActivity]: ViewPostIme pointer 1
10-10 04:58:08.301  1643  1643 I ViewRootImpl@fbf792[MainActivity]: ViewPostIme pointer 0
10-10 04:58:08.359  1643  1643 I ViewRootImpl@fbf792[MainActivity]: ViewPostIme pointer 1
10-10 04:58:08.369  1643  1643 I NavComponent: Navigating to fragment: 2131362274
10-10 04:58:08.386  1643  1643 I IMM_LC  : hsifw() - flag : 0
10-10 04:58:08.387  1643  1643 I IMM_LC  : hsifw() - mService.hideSoftInput
10-10 04:58:08.436  1643  1643 D ScrollView: initGoToTop
10-10 04:58:08.806  1643  1643 I SurfaceView@1a3bef: onWindowVisibilityChanged(0) true android.view.SurfaceView{1a3bef V.E..V... ......I. 0,0-0,0} of ViewRootImpl@fbf792[MainActivity]
10-10 04:58:08.806  1643  1643 D SurfaceView@1a3bef: updateSurface: has no frame
10-10 04:58:08.817  1643  1643 I CS3ExoPlayer: SET STYLE = SaveCaptionStyle(foregroundColor=-1, backgroundColor=0, windowColor=0, edgeType=1, edgeColor=-16777216, typeface=null, typefaceFilePath=null, elevation=20, fixedTextSize=null, edgeSize=null, removeCaptions=false, removeBloat=true, upperCase=false, bold=false, italic=false, backgroundRadius=null)
10-10 04:58:08.844  1643  1643 D VideoClickActionHolder: allVideoClickActions: [null:com.lagradost.cloudstream3.actions.temp.PlayInBrowserAction, null:com.lagradost.cloudstream3.actions.temp.CopyClipboardAction, null:com.lagradost.cloudstream3.actions.temp.ViewM3U8Action, null:com.lagradost.cloudstream3.actions.temp.VlcPackage, null:com.lagradost.cloudstream3.actions.temp.MpvPackage, null:com.lagradost.cloudstream3.actions.temp.NextPlayerPackage, null:com.lagradost.cloudstream3.actions.temp.JustPlayerPackage, null:com.lagradost.cloudstream3.actions.temp.fcast.FcastAction, null:com.lagradost.cloudstream3.actions.temp.LibreTorrentPackage, null:com.lagradost.cloudstream3.actions.temp.BiglyBTPackage, null:com.lagradost.cloudstream3.actions.temp.VlcNightlyPackage, null:com.lagradost.cloudstream3.actions.temp.WebVideoCastPackage, null:com.lagradost.cloudstream3.actions.temp.MpvYTDLPackage, null:com.lagradost.cloudstream3.actions.temp.MpvKtPackage, null:com.lagradost.cloudstream3.actions.temp.MpvKtPreviewPackage, null:com.lagradost.cloudstream3.actions.AlwaysAskAction]
10-10 04:58:08.845  1643  1643 I IMM_LC  : hsifw() - flag : 0
10-10 04:58:08.845  1643  1643 I IMM_LC  : hsifw() - mService.hideSoftInput
10-10 04:58:08.848  1643  1821 I SYNCVM  : addFromUrl = https://tv6.egydead.live/%d9%85%d8%b4%d8%a7%d9%87%d8%af%d8%a9-%d9%81%d9%8a%d9%84%d9%85-pretty-crazy-2025-%d9%85%d8%aa%d8%b1%d8%ac%d9%85/
10-10 04:58:08.849  1643  1821 I SYNCUTIL: getIdsFromUrl https://tv6.egydead.live/%d9%85%d8%b4%d8%a7%d9%87%d8%af%d8%a9-%d9%81%d9%8a%d9%84%d9%85-pretty-crazy-2025-%d9%85%d8%aa%d8%b1%d8%ac%d9%85/
10-10 04:58:08.869  1643  1643 I SurfaceView@1a3bef: onWindowVisibilityChanged(8) false android.view.SurfaceView{1a3bef V.E..V... ......I. 0,0-0,0} of ViewRootImpl@fbf792[MainActivity]
10-10 04:58:08.870  1643  1643 D SurfaceView@1a3bef: updateSurface: has no frame
10-10 04:58:08.870  1643  1643 D SurfaceView@1a3bef: updateSurface: has no frame
10-10 04:58:08.870  1643  1643 I SurfaceView@1a3bef: onDetachedFromWindow: tryReleaseSurfaces()
10-10 04:58:08.870  1643  1643 I SurfaceView@1a3bef: releaseSurfaces: viewRoot = ViewRootImpl@fbf792[MainActivity]
10-10 04:58:08.870  1643  1643 I SurfaceView@1a3bef: applyTransactionOnVriDraw: vri = ViewRootImpl@fbf792[MainActivity] fRS = true t = 0x7b04991800 android.view.SurfaceView.releaseSurfaces:858 android.view.SurfaceView.onDetachedFromWindow:500 android.view.View.dispatchDetachedFromWindow:22538 
10-10 04:58:08.870  1643  1643 I SurfaceView@1a3bef: applyTransactionOnVriDraw: viewRoot.applyTransactionOnDrawFromReleaseSurfaces
10-10 04:58:08.870  1643  1643 I ViewRootImpl@fbf792[MainActivity]: applyTransactionOnDraw: mRemoved = false isHardwareEnabled = true t = 0x7b04991800android.view.ViewRootImpl.applyTransactionOnDrawFromReleaseSurfaces:12850 android.view.SurfaceView.applyTransactionOnVriDraw:2046 android.view.SurfaceView.releaseSurfaces:858 android.view.SurfaceView.onDetachedFromWindow:500 android.view.View.dispatchDetachedFromWindow:22538 
10-10 04:58:08.873  1643  1643 I SurfaceView@1a3bef: onWindowVisibilityChanged(0) true android.view.SurfaceView{1a3bef V.E..V... ......I. 0,0-0,0} of ViewRootImpl@fbf792[MainActivity]
10-10 04:58:08.873  1643  1643 D SurfaceView@1a3bef: updateSurface: has no frame
10-10 04:58:08.878  1643  1643 I DecorView: notifyKeepScreenOnChanged: keepScreenOn=false
10-10 04:58:08.894  1643  1643 I CS3ExoPlayer: reloadPlayer
10-10 04:58:08.894  1643  1643 I CS3ExoPlayer: releasePlayer
10-10 04:58:08.895  1643  1643 I CS3ExoPlayer: Handle event: PlayerAttachedEvent(player=null, source=Player)
10-10 04:58:08.902  1643  1643 I ViewRootImpl@fbf792[MainActivity]: performTraversals params={(0,0)(fillxfill) sim={state=always_hidden adjust=resize} ty=BASE_APPLICATION wanim=0x1030309
10-10 04:58:08.902  1643  1643 I ViewRootImpl@fbf792[MainActivity]:   fl=85810100
10-10 04:58:08.902  1643  1643 I ViewRootImpl@fbf792[MainActivity]:   pfl=12020040
10-10 04:58:08.902  1643  1643 I ViewRootImpl@fbf792[MainActivity]:   vsysui=500
10-10 04:58:08.902  1643  1643 I ViewRootImpl@fbf792[MainActivity]:   bhv=DEFAULT
10-10 04:58:08.902  1643  1643 I ViewRootImpl@fbf792[MainActivity]:   fitSides= naviIconColor=0}
10-10 04:58:08.903  1643  1643 I ViewRootImpl@fbf792[MainActivity]: performTraversals mFirst=false windowShouldResize=false viewVisibilityChanged=false mForceNextWindowRelayout=false params={(0,0)(fillxfill) sim={state=always_hidden adjust=resize} ty=BASE_APPLICATION fmt=TRANSLUCENT wanim=0x1030309
10-10 04:58:08.903  1643  1643 I ViewRootImpl@fbf792[MainActivity]:   fl=85810100
10-10 04:58:08.903  1643  1643 I ViewRootImpl@fbf792[MainActivity]:   pfl=12020040
10-10 04:58:08.903  1643  1643 I ViewRootImpl@fbf792[MainActivity]:   vsysui=500
10-10 04:58:08.903  1643  1643 I ViewRootImpl@fbf792[MainActivity]:   bhv=DEFAULT
10-10 04:58:08.903  1643  1643 I ViewRootImpl@fbf792[MainActivity]:   fitSides= naviIconColor=0}
10-10 04:58:08.911  1643  1643 I ViewRootImpl@fbf792[MainActivity]: updateBlastSurfaceIfNeeded mBlastBufferQueue=0x7b46647c00 isSameSurfaceControl=true
10-10 04:58:08.912  1643  1643 I BLASTBufferQueue: update, w= 1080 h= 2400 mName = ViewRootImpl@fbf792[MainActivity] mNativeObject= 0x7b46647c00 sc.mNativeObject= 0x7b0495a7e0 format= -3 caller= android.view.ViewRootImpl.updateBlastSurfaceIfNeeded:2898 android.view.ViewRootImpl.relayoutWindow:9847 android.view.ViewRootImpl.performTraversals:3884 android.view.ViewRootImpl.doTraversal:3116 android.view.ViewRootImpl$TraversalRunnable.run:10885 android.view.Choreographer$CallbackRecord.run:1301 
10-10 04:58:08.912  1643  1643 I ViewRootImpl@fbf792[MainActivity]: Relayout returned: old=(0,0,1080,2400) new=(0,0,1080,2400) req=(1080,2400)0 dur=8 res=0x0 s={true 0x7b5e3e2800} ch=false seqId=0
10-10 04:58:08.914  1643  1643 W View    : requestLayout() improperly called by android.widget.FrameLayout{81e49fe I.E..V... ......I. 0,0-0,0 #7f0a04e7 app:id/start_panel} during layout: running second layout pass
10-10 04:58:08.914  1643  1643 W View    : requestLayout() improperly called by android.widget.FrameLayout{7e5155f I.E..V... ......ID 1080,0-1080,2143 #7f0a0168 app:id/end_panel} during layout: running second layout pass
10-10 04:58:08.916  1643  1643 D SurfaceView@1a3bef: updateSurface: has no frame
10-10 04:58:08.921  1643  1754 I ViewRootImpl@fbf792[MainActivity]: mWNT: t=0x7b04991800 mBlastBufferQueue=0x7b46647c00 fn= 501 caller= android.view.ViewRootImpl.lambda$applyTransactionOnDraw$11$android-view-ViewRootImpl:12865 android.view.ViewRootImpl$$ExternalSyntheticLambda1.onFrameDraw:4 android.graphics.HardwareRenderer$FrameDrawingCallback.onFrameDraw:924 
10-10 04:58:08.926  1643  1643 D SurfaceView@1a3bef: updateSurface: has no frame
10-10 04:58:08.945  1643  1643 D SurfaceView@1a3bef: updateSurface: has no frame
10-10 04:58:08.968  1643  1643 D SurfaceView@1a3bef: updateSurface: has no frame
10-10 04:58:09.006  1643  1643 D SurfaceView@1a3bef: updateSurface: has no frame
10-10 04:58:09.031  1643  1643 D SurfaceView@1a3bef: updateSurface: has no frame
10-10 04:58:09.049  1643  1643 D SurfaceView@1a3bef: updateSurface: has no frame
10-10 04:58:09.093  1643  1643 D SurfaceView@1a3bef: updateSurface: has no frame
10-10 04:58:09.099  1643  1643 D SurfaceView@1a3bef: updateSurface: has no frame
10-10 04:58:09.116  1643  1643 D SurfaceView@1a3bef: updateSurface: has no frame
10-10 04:58:09.132  1643  1643 D SurfaceView@1a3bef: updateSurface: has no frame
10-10 04:58:09.149  1643  1643 D SurfaceView@1a3bef: updateSurface: has no frame
10-10 04:58:09.165  1643  1643 D SurfaceView@1a3bef: updateSurface: has no frame
10-10 04:58:09.182  1643  1643 D SurfaceView@1a3bef: updateSurface: has no frame
10-10 04:58:09.199  1643  1643 D SurfaceView@1a3bef: updateSurface: has no frame
10-10 04:58:09.215  1643  1643 D SurfaceView@1a3bef: updateSurface: has no frame
10-10 04:58:09.232  1643  1643 D SurfaceView@1a3bef: updateSurface: has no frame
10-10 04:58:09.249  1643  1643 D SurfaceView@1a3bef: updateSurface: has no frame
10-10 04:58:09.266  1643  1643 D SurfaceView@1a3bef: updateSurface: has no frame
10-10 04:58:09.282  1643  1643 D SurfaceView@1a3bef: updateSurface: has no frame
10-10 04:58:09.299  1643  1643 D SurfaceView@1a3bef: updateSurface: has no frame
10-10 04:58:09.316  1643  1643 D SurfaceView@1a3bef: updateSurface: has no frame
10-10 04:58:09.332  1643  1643 D SurfaceView@1a3bef: updateSurface: has no frame
10-10 04:58:09.349  1643  1643 D SurfaceView@1a3bef: updateSurface: has no frame
10-10 04:58:09.354  1643  1760 I RVM2    : applyMeta
10-10 04:58:09.365  1643  1643 D SurfaceView@1a3bef: updateSurface: has no frame
10-10 04:58:09.382  1643  1643 D SurfaceView@1a3bef: updateSurface: has no frame
10-10 04:58:09.399  1643  1643 D SurfaceView@1a3bef: updateSurface: has no frame
10-10 04:58:09.416  1643  1643 D SurfaceView@1a3bef: updateSurface: has no frame
10-10 04:58:09.432  1643  1643 D SurfaceView@1a3bef: updateSurface: has no frame
10-10 04:58:09.449  1643  1643 D SurfaceView@1a3bef: updateSurface: has no frame
10-10 04:58:09.465  1643  1643 D SurfaceView@1a3bef: updateSurface: has no frame
10-10 04:58:09.482  1643  1643 D SurfaceView@1a3bef: updateSurface: has no frame
10-10 04:58:09.499  1643  1643 D SurfaceView@1a3bef: updateSurface: has no frame
10-10 04:58:09.515  1643  1643 D SurfaceView@1a3bef: updateSurface: has no frame
10-10 04:58:09.532  1643  1643 D SurfaceView@1a3bef: updateSurface: has no frame
10-10 04:58:09.549  1643  1643 D SurfaceView@1a3bef: updateSurface: has no frame
10-10 04:58:09.565  1643  1643 D SurfaceView@1a3bef: updateSurface: has no frame
10-10 04:58:09.582  1643  1643 D SurfaceView@1a3bef: updateSurface: has no frame
10-10 04:58:09.599  1643  1643 D SurfaceView@1a3bef: updateSurface: has no frame
10-10 04:58:09.615  1643  1643 D SurfaceView@1a3bef: updateSurface: has no frame
10-10 04:58:09.632  1643  1643 D SurfaceView@1a3bef: updateSurface: has no frame
10-10 04:58:09.648  1643  1643 D SurfaceView@1a3bef: updateSurface: has no frame
10-10 04:58:09.665  1643  1643 D SurfaceView@1a3bef: updateSurface: has no frame
10-10 04:58:09.680  1643  1643 W PanelsChildGestureRegionObserver: failed to register view with ID 2131362800. already registered
10-10 04:58:09.684  1643  1643 E CoilImgLoader: Error loading image: coil3.request.NullRequestDataException: The request's data is null.
10-10 04:58:09.692  1643  1643 E CoilImgLoader: Error loading image: coil3.request.NullRequestDataException: The request's data is null.
10-10 04:58:09.731  1643  1760 I SYNCVM  : addFromUrl = https://tv6.egydead.live/%d9%85%d8%b4%d8%a7%d9%87%d8%af%d8%a9-%d9%81%d9%8a%d9%84%d9%85-pretty-crazy-2025-%d9%85%d8%aa%d8%b1%d8%ac%d9%85/
10-10 04:58:09.731  1643  1760 I SYNCUTIL: getIdsFromUrl https://tv6.egydead.live/%d9%85%d8%b4%d8%a7%d9%87%d8%af%d8%a9-%d9%81%d9%8a%d9%84%d9%85-pretty-crazy-2025-%d9%85%d8%aa%d8%b1%d8%ac%d9%85/
10-10 04:58:09.746  1643  1643 D SurfaceView@1a3bef: updateSurface: has no frame
10-10 04:58:09.747  1643  1643 I SurfaceView@1a3bef: Changes: creating=true format=true size=true visible=true alpha=false hint=false mUseAlpha=false visible=true left=true top=true
10-10 04:58:09.751  1643  1643 I BLASTBufferQueue: update, w= 1080 h= 525 mName = null mNativeObject= 0x7bed8b0900 sc.mNativeObject= 0x7b04a15600 format= 4 caller= android.view.SurfaceView.createBlastSurfaceControls:1383 android.view.SurfaceView.updateSurface:1079 android.view.SurfaceView.lambda$new$0$android-view-SurfaceView:200 android.view.SurfaceView$$ExternalSyntheticLambda5.onPreDraw:2 android.view.ViewTreeObserver.dispatchOnPreDraw:1121 android.view.ViewRootImpl.performTraversals:4442 
10-10 04:58:09.751  1643  1643 I SurfaceView@1a3bef: 1719279 Cur surface: Surface(name=null)/@0x34969ca
10-10 04:58:09.751  1643  1643 I SurfaceView@1a3bef: pST: sr = Rect(0, 218 - 1080, 743) sw = 1080 sh = 525
10-10 04:58:09.751  1643  1643 D SurfaceView@1a3bef: performSurfaceTransaction RenderWorker position = [0, 218, 1080, 743] surfaceSize = 1080x525
10-10 04:58:09.751  1643  1643 I SurfaceView@1a3bef: applyTransactionOnVriDraw: vri = ViewRootImpl@fbf792[MainActivity] fRS = false t = 0x7b04a52700 android.view.SurfaceView.performSurfaceTransaction:959 android.view.SurfaceView.updateSurface:1105 android.view.SurfaceView.lambda$new$0$android-view-SurfaceView:200 
10-10 04:58:09.752  1643  1643 I ViewRootImpl@fbf792[MainActivity]: applyTransactionOnDraw: mRemoved = false isHardwareEnabled = true t = 0x7b04a52700android.view.SurfaceView.applyTransactionOnVriDraw:2048 android.view.SurfaceView.performSurfaceTransaction:959 android.view.SurfaceView.updateSurface:1105 android.view.SurfaceView.lambda$new$0$android-view-SurfaceView:200 android.view.SurfaceView$$ExternalSyntheticLambda5.onPreDraw:2 
10-10 04:58:09.752  1643  1643 I SurfaceView@1a3bef: updateSurface: mVisible = true mSurface.isValid() = true
10-10 04:58:09.752  1643  1643 I SurfaceView@1a3bef: updateSurface: mSurfaceCreated = false surfaceChanged = true visibleChanged = true
10-10 04:58:09.752  1643  1643 I SurfaceView@1a3bef: visibleChanged -- surfaceCreated
10-10 04:58:09.752  1643  1643 I SurfaceView@1a3bef: surfaceCreated 0 #8 android.view.SurfaceView{1a3bef V.E..V... ......ID 0,0-1080,525}
10-10 04:58:09.752  1643  1643 I SurfaceView@1a3bef: surfaceChanged -- format=4 w=1080 h=525
10-10 04:58:09.752  1643  1643 I SurfaceView@1a3bef: surfaceChanged (1080,525) 0 #8 android.view.SurfaceView{1a3bef V.E..V... ......ID 0,0-1080,525}
10-10 04:58:09.752  1643  1643 I SurfaceView@1a3bef: surfaceRedrawNeeded
10-10 04:58:09.753  1643  1643 V SurfaceView@1a3bef: Layout: x=0 y=218 w=1080 h=525, frame=Rect(0, 0 - 1080, 525)
10-10 04:58:09.765  1643  1753 D SurfaceView@1a3bef: updateSurfacePosition RenderWorker, frameNr = 544, position = [0, 218, 1080, 743] surfaceSize = 1080x525
10-10 04:58:09.765  1643  1753 I SurfaceView@1a3bef: uSP: rtp = Rect(0, 218 - 1080, 743) rtsw = 1080 rtsh = 525
10-10 04:58:09.765  1643  1753 I SurfaceView@1a3bef: onSSPAndSRT: pl = 0 pt = 218 sx = 1.0 sy = 1.0
10-10 04:58:09.766  1643  1753 I SurfaceView@1a3bef: aOrMT: ViewRootImpl@fbf792[MainActivity] t = android.view.SurfaceControl$Transaction@f12a804 fN = 544 android.view.SurfaceView.-$$Nest$mapplyOrMergeTransaction:0 android.view.SurfaceView$SurfaceViewPositionUpdateListener.positionChanged:1537 android.graphics.RenderNode$CompositePositionUpdateListener.positionChanged:373 
10-10 04:58:09.766  1643  1753 I ViewRootImpl@fbf792[MainActivity]: mWNT: t=0x7b04a52a00 mBlastBufferQueue=0x7b46647c00 fn= 544 caller= android.view.SurfaceView.applyOrMergeTransaction:1455 android.view.SurfaceView.-$$Nest$mapplyOrMergeTransaction:0 android.view.SurfaceView$SurfaceViewPositionUpdateListener.positionChanged:1537 
10-10 04:58:09.767  1643  1753 I ViewRootImpl@fbf792[MainActivity]: mWNT: t=0x7b04a52700 mBlastBufferQueue=0x7b46647c00 fn= 544 caller= android.view.ViewRootImpl.lambda$applyTransactionOnDraw$11$android-view-ViewRootImpl:12865 android.view.ViewRootImpl$$ExternalSyntheticLambda1.onFrameDraw:4 android.graphics.HardwareRenderer$FrameDrawingCallback.onFrameDraw:924 
10-10 04:58:09.793  1643  1643 I SurfaceView@1a3bef: finishedDrawing
10-10 04:58:10.873  1643  1643 I ViewRootImpl@fbf792[MainActivity]: ViewPostIme pointer 0
10-10 04:58:11.405  1643  1643 I Dialog  : mIsDeviceDefault = false, mIsSamsungBasicInteraction = false, isMetaDataInActivity = false
10-10 04:58:11.441  1643  1643 I DecorView: [INFO] isPopOver=false config=false
10-10 04:58:11.441  1643  1643 I DecorView: updateCaptionType: isFloating=false isApplication=true hasWindowDecorCaption=false this=DecorView@55beacd[]
10-10 04:58:11.441  1643  1643 D DecorView: setCaptionType = 0, this = DecorView@55beacd[]
10-10 04:58:11.443  1643  1643 I DecorView: getCurrentDensityDpi: from app context. densityDpi=420 msg=resources_loaded
10-10 04:58:11.443  1643  1643 I DecorView: setWindowBackground: isPopOver=false color=0 d=android.graphics.drawable.ColorDrawable@188b693
10-10 04:58:11.452  1643  1667 D NativeCustomFrequencyManager: [NativeCFMS] BpCustomFrequencyManager::BpCustomFrequencyManager()
10-10 04:58:11.453  1643  1643 I DecorView: notifyKeepScreenOnChanged: keepScreenOn=false
10-10 04:58:11.464  1643  1643 D InsetsController: onStateChanged: InsetsState: {mDisplayFrame=Rect(0, 0 - 1080, 2400), mDisplayCutout=DisplayCutout{insets=Rect(0, 88 - 0, 0) waterfall=Insets{left=0, top=0, right=0, bottom=0} boundingRect={Bounds=[Rect(0, 0 - 0, 0), Rect(512, 0 - 568, 88), Rect(0, 0 - 0, 0), Rect(0, 0 - 0, 0)]} cutoutPathParserInfo={CutoutPathParserInfo{displayWidth=1080 displayHeight=2400 physicalDisplayWidth=1080 physicalDisplayHeight=2400 density={2.625} cutoutSpec={M 0,0 M 0,12.25101276465640 a 10.60613009248640,10.60613009248640 0 1,0 0,21.21226018497290 a 10.60613009248640,10.60613009248640 0 1,0 0,-21.21226018497290 Z @dp} rotation={0} scale={1.0} physicalPixelDisplaySizeRatio={1.0}}}}, mRoundedCorners=RoundedCorners{[RoundedCorner{position=TopLeft, radius=84, center=Point(84, 84)}, RoundedCorner{position=TopRight, radius=84, center=Point(996, 84)}, RoundedCorner{position=BottomRight, radius=84, center=Point(996, 2316)}, RoundedCorner{position=BottomLeft, radius=84, center=Point(84, 2316)}]}  mRoundedCornerFrame=Rect(0, 0 - 1080, 2400), mPrivacyIndicatorBounds=PrivacyIndicatorBounds {static bounds=Rect(964, 0 - 1080, 87) rotation=0}, mSources= { InsetsSource: {mType=ITYPE_STATUS_BAR, mFrame=[0,0][1080,88], mVisible=true, mInsetsRoundedCornerFrame=false}, InsetsSource: {mType=ITYPE_NAVIGATION_BAR, mFrame=[0,2361][1080,2400], mVisible=true, mInsetsRoundedCornerFrame=false}, InsetsSource: {mType=ITYPE_LEFT_GESTURES, mFrame=[0,0][130,2400], mVisible=true, mInsetsRoundedCornerFrame=false}, InsetsSource: {mType=ITYPE_RIGHT_GESTURES, mFrame=[950,0][1080,2400], mVisible=true, mInsetsRoundedCornerFrame=false}, InsetsSource: {mType=ITYPE_TOP_MANDATORY_GESTURES, mFrame=[0,0][1080,120], mVisible=true, mInsetsRoundedCornerFrame=false}, InsetsSource: {mType=ITYPE_BOTTOM_MANDATORY_GESTURES, mFrame=[0,2316][1080,2400], mVisible=true, mInsetsRoundedCornerFrame=false}, InsetsSource: {mType=ITYPE_LEFT_DISPLAY_CUTOUT, mFrame=[0,0][-100000,2400], mVisible=true, mInsetsRoundedCornerFrame=false}, InsetsSource: {mType=ITYPE_TOP_DISPLAY_CUTOUT, mFrame=[0,0][1080,88], mVisible=true, mInsetsRoundedCornerFrame=false}, InsetsSource: {mType=ITYPE_RIGHT_DISPLAY_CUTOUT, mFrame=[100000,0][1080,2400], mVisible=true, mInsetsRoundedCornerFrame=false}, InsetsSource: {mType=ITYPE_BOTTOM_DISPLAY_CUTOUT, mFrame=[0,100000][1080,2400], mVisible=true, mInsetsRoundedCornerFrame=false}, InsetsSource: {mType=ITYPE_TOP_TAPPABLE_ELEMENT, mFrame=[0,0][1080,88], mVisible=true, mInsetsRoundedCornerFrame=false}, InsetsSource: {mType=ITYPE_BOTTOM_TAPPABLE_ELEMENT, mFrame=[0,0][0,0], mVisible=true, mInsetsRoundedCornerFrame=false}, InsetsSource: {mType=ITYPE_IME, mFrame=[0,0][0,0], mVisibleFrame=[0,1409][1080,2400], mVisible=false, mInsetsRoundedCornerFrame=false} } host=com.lagradost.cloudstream3/com.lagradost.cloudstream3.MainActivity from=android.view.ViewRootImpl.setView:1732
10-10 04:58:11.465  1643  1643 I ViewRootImpl@e8c8fe8[MainActivity]: setView = com.android.internal.policy.DecorView@55beacd TM=true
10-10 04:58:11.479  1643  1643 I ViewRootImpl@e8c8fe8[MainActivity]: performTraversals params={(0,0)(fillxfill) gr=CENTER sim={adjust=resize forwardNavigation} ty=APPLICATION fmt=TRANSPARENT wanim=0x7f14000b
10-10 04:58:11.479  1643  1643 I ViewRootImpl@e8c8fe8[MainActivity]:   fl=85810100
10-10 04:58:11.479  1643  1643 I ViewRootImpl@e8c8fe8[MainActivity]:   pfl=12020040
10-10 04:58:11.479  1643  1643 I ViewRootImpl@e8c8fe8[MainActivity]:   vsysui=500
10-10 04:58:11.479  1643  1643 I ViewRootImpl@e8c8fe8[MainActivity]:   bhv=DEFAULT
10-10 04:58:11.479  1643  1643 I ViewRootImpl@e8c8fe8[MainActivity]:   fitSides= naviIconColor=0}
10-10 04:58:11.480  1643  1643 I ViewRootImpl@e8c8fe8[MainActivity]: performTraversals mFirst=true windowShouldResize=true viewVisibilityChanged=false mForceNextWindowRelayout=false params={(0,0)(fillxfill) gr=CENTER sim={adjust=resize forwardNavigation} ty=APPLICATION fmt=TRANSPARENT wanim=0x7f14000b
10-10 04:58:11.480  1643  1643 I ViewRootImpl@e8c8fe8[MainActivity]:   fl=85810100
10-10 04:58:11.480  1643  1643 I ViewRootImpl@e8c8fe8[MainActivity]:   pfl=12020040
10-10 04:58:11.480  1643  1643 I ViewRootImpl@e8c8fe8[MainActivity]:   vsysui=500
10-10 04:58:11.480  1643  1643 I ViewRootImpl@e8c8fe8[MainActivity]:   bhv=DEFAULT
10-10 04:58:11.480  1643  1643 I ViewRootImpl@e8c8fe8[MainActivity]:   fitSides= naviIconColor=0}
10-10 04:58:11.494  1643  1643 I ViewRootImpl@e8c8fe8[MainActivity]: updateBlastSurfaceIfNeeded mBlastBufferQueue=null isSameSurfaceControl=false
10-10 04:58:11.495  1643  1643 I BLASTBufferQueue: new BLASTBufferQueue, mName= ViewRootImpl@e8c8fe8[MainActivity] mNativeObject= 0x7bed8b2700 sc.mNativeObject= 0x7b16e09800 caller= android.view.ViewRootImpl.updateBlastSurfaceIfNeeded:2909 android.view.ViewRootImpl.relayoutWindow:9847 android.view.ViewRootImpl.performTraversals:3884 android.view.ViewRootImpl.doTraversal:3116 android.view.ViewRootImpl$TraversalRunnable.run:10885 android.view.Choreographer$CallbackRecord.run:1301 android.view.Choreographer$CallbackRecord.run:1309 android.view.Choreographer.doCallbacks:923 android.view.Choreographer.doFrame:852 android.view.Choreographer$FrameDisplayEventReceiver.run:1283 
10-10 04:58:11.495  1643  1643 I BLASTBufferQueue: update, w= 1080 h= 2400 mName = ViewRootImpl@e8c8fe8[MainActivity] mNativeObject= 0x7bed8b2700 sc.mNativeObject= 0x7b16e09800 format= -2 caller= android.graphics.BLASTBufferQueue.<init>:84 android.view.ViewRootImpl.updateBlastSurfaceIfNeeded:2909 android.view.ViewRootImpl.relayoutWindow:9847 android.view.ViewRootImpl.performTraversals:3884 android.view.ViewRootImpl.doTraversal:3116 android.view.ViewRootImpl$TraversalRunnable.run:10885 
10-10 04:58:11.495  1643  1643 I ViewRootImpl@e8c8fe8[MainActivity]: Relayout returned: old=(0,0,1080,2400) new=(0,0,1080,2400) req=(1080,2400)0 dur=14 res=0x3 s={true 0x7bdd45f800} ch=true seqId=0
10-10 04:58:11.496  1643  1643 I ViewRootImpl@e8c8fe8[MainActivity]: mThreadedRenderer.initialize() mSurface={isValid=true 0x7bdd45f800} hwInitialized=true
10-10 04:58:11.497  1643  1667 D OpenGLRenderer: eglCreateWindowSurface
10-10 04:58:11.528  1643  1643 D AbsListView:  in onLayout changed 
10-10 04:58:11.529  1643  1643 I ViewRootImpl@e8c8fe8[MainActivity]: reportNextDraw android.view.ViewRootImpl.performTraversals:4438 android.view.ViewRootImpl.doTraversal:3116 android.view.ViewRootImpl$TraversalRunnable.run:10885 android.view.Choreographer$CallbackRecord.run:1301 android.view.Choreographer$CallbackRecord.run:1309 
10-10 04:58:11.529  1643  1643 I ViewRootImpl@e8c8fe8[MainActivity]: Setup new sync id=0
10-10 04:58:11.530  1643  1643 I ViewRootImpl@e8c8fe8[MainActivity]: Setting syncFrameCallback
10-10 04:58:11.530  1643  1643 I ViewRootImpl@e8c8fe8[MainActivity]: registerCallbacksForSync syncBuffer=false
10-10 04:58:11.537  1643  1754 I ViewRootImpl@e8c8fe8[MainActivity]: Received frameDrawingCallback syncResult=0 frameNum=1.
10-10 04:58:11.537  1643  1754 I ViewRootImpl@e8c8fe8[MainActivity]: Setting up sync and frameCommitCallback
10-10 04:58:11.543  1643  1667 I BLASTBufferQueue: [ViewRootImpl@e8c8fe8[MainActivity]#4](f:0,a:0) onFrameAvailable the first frame is available
10-10 04:58:11.545  1643  1667 I ViewRootImpl@e8c8fe8[MainActivity]: Received frameCommittedCallback lastAttemptedDrawFrameNum=1 didProduceBuffer=true
10-10 04:58:11.548  1643  1667 D OpenGLRenderer: CFMS:: SetUp Pid : 1643    Tid : 1667
10-10 04:58:11.553  1643  1643 I ViewRootImpl@e8c8fe8[MainActivity]: onSyncComplete
10-10 04:58:11.554  1643  1643 I ViewRootImpl@e8c8fe8[MainActivity]: setupSync seqId=0 mSyncId=0 fn=1 caller=android.view.ViewRootImpl$$ExternalSyntheticLambda11.accept:6 android.window.SurfaceSyncer.lambda$setupSync$1$android-window-SurfaceSyncer:128 android.window.SurfaceSyncer$$ExternalSyntheticLambda1.accept:8 android.window.SurfaceSyncer$SyncSet.checkIfSyncIsComplete:382 android.window.SurfaceSyncer$SyncSet.markSyncReady:359 android.window.SurfaceSyncer.markSyncReady:151 android.view.ViewRootImpl.performTraversals:4503 
10-10 04:58:11.570  1643  1643 I ViewRootImpl@fbf792[MainActivity]: ViewPostIme pointer 1
10-10 04:58:11.571  1643  1643 I ViewRootImpl@e8c8fe8[MainActivity]: reportDrawFinished seqId=0 mSyncId=-1 fn=1 mSurfaceChangedTransaction=0x7b2d905000
10-10 04:58:11.582  1643  1643 I ViewRootImpl@fbf792[MainActivity]: MSG_WINDOW_FOCUS_CHANGED 0 0
10-10 04:58:11.634  1643  1643 I ViewRootImpl@e8c8fe8[MainActivity]: MSG_WINDOW_FOCUS_CHANGED 1 0
10-10 04:58:11.634  1643  1643 I ViewRootImpl@e8c8fe8[MainActivity]: mThreadedRenderer.initializeIfNeeded()#2 mSurface={isValid=true 0x7bdd45f800}
10-10 04:58:11.636  1643  1643 D InputMethodManager: startInputInner - Id : 0
10-10 04:58:11.636  1643  1643 I InputMethodManager: startInputInner - mService.startInputOrWindowGainedFocus
10-10 04:58:11.726  1643  1654 I st.cloudstream3: Background concurrent copying GC freed 13MB AllocSpace bytes, 57(3136KB) LOS objects, 49% free, 19MB/39MB, paused 397us,89us total 196.970ms
10-10 04:58:13.714  1643  1643 I ViewRootImpl@e8c8fe8[MainActivity]: ViewPostIme pointer 0
10-10 04:58:13.745  1643  1643 I ViewRootImpl@e8c8fe8[MainActivity]: ViewPostIme pointer 1
10-10 04:58:13.747  1643  1643 D AbsListView: onTouchUp() mTouchMode : 0
10-10 04:58:13.824  1643  1643 I MSHandlerLifeCycle: removeMultiSplitHandler: no exist. decor=DecorView@55beacd[MainActivity]
10-10 04:58:13.825  1643  1760 D EgyDead : Loading links for URL: https://tv6.egydead.live/%d9%85%d8%b4%d8%a7%d9%87%d8%af%d8%a9-%d9%81%d9%8a%d9%84%d9%85-pretty-crazy-2025-%d9%85%d8%aa%d8%b1%d8%ac%d9%85/
10-10 04:58:13.825  1643  1667 D OpenGLRenderer: setSurface called with nullptr
10-10 04:58:13.825  1643  1667 D OpenGLRenderer: setSurface() destroyed EGLSurface
10-10 04:58:13.825  1643  1667 D OpenGLRenderer: destroyEglSurface
10-10 04:58:13.828  1643  1667 D OpenGLRenderer: endAllActiveAnimators on 0x7ad6604b00 (MaterialTextView) with handle 0x7b3c00d180
10-10 04:58:13.828  1643  1643 I ViewRootImpl@e8c8fe8[MainActivity]: dispatchDetachedFromWindow
10-10 04:58:13.854  1643  1643 D InputTransport: Input channel destroyed: '94633f4', fd=160
10-10 04:58:13.857  1643  1643 I Dialog  : mIsDeviceDefault = false, mIsSamsungBasicInteraction = false, isMetaDataInActivity = false
10-10 04:58:13.932  1643  1643 I DecorView: [INFO] isPopOver=false config=false
10-10 04:58:13.932  1643  1643 I DecorView: updateCaptionType: isFloating=false isApplication=true hasWindowDecorCaption=false this=DecorView@f694635[]
10-10 04:58:13.932  1643  1643 D DecorView: setCaptionType = 0, this = DecorView@f694635[]
10-10 04:58:13.934  1643  1643 I DecorView: getCurrentDensityDpi: from app context. densityDpi=420 msg=resources_loaded
10-10 04:58:13.934  1643  1643 I DecorView: setWindowBackground: isPopOver=false color=0 d=android.graphics.drawable.ColorDrawable@1cfc43b
10-10 04:58:13.941  1643  1667 D NativeCustomFrequencyManager: [NativeCFMS] BpCustomFrequencyManager::BpCustomFrequencyManager()
10-10 04:58:13.942  1643  1643 I DecorView: notifyKeepScreenOnChanged: keepScreenOn=false
