--------- beginning of main
10-10 01:59:39.939 32231 32231 I ViewRootImpl@48d3b3a[MainActivity]: MSG_WINDOW_FOCUS_CHANGED 1 0
10-10 01:59:39.939 32231 32231 I ViewRootImpl@48d3b3a[MainActivity]: mThreadedRenderer.initializeIfNeeded()#2 mSurface={isValid=true 0x7bdd367000}
10-10 01:59:39.943 32231 32231 D InputMethodManager: startInputInner - Id : 0
10-10 01:59:39.944 32231 32231 I InputMethodManager: startInputInner - mService.startInputOrWindowGainedFocus
10-10 01:59:40.776 32231 32231 I ViewRootImpl@48d3b3a[MainActivity]: ViewPostIme pointer 0
10-10 01:59:40.884 32231 32231 D WindowOnBackDispatcher: onBackInvoked, viewRoot=ViewRootImpl@d5037ea[MainActivity], callback=androidx.activity.OnBackPressedDispatcher$Api33Impl$$ExternalSyntheticLambda0@c178ed5
10-10 01:59:40.895 32231 32231 I IMM_LC  : hsifw() - flag : 0
10-10 01:59:40.895 32231 32231 I IMM_LC  : hsifw() - mService.hideSoftInput
10-10 01:59:40.903 32231 32231 D ScrollView: initGoToTop
10-10 01:59:40.944 32231 32231 E CoilImgLoader: Error loading image: coil3.request.NullRequestDataException: The request's data is null.
10-10 01:59:40.958 32231 32231 D ScrollView:  onsize change changed 
10-10 01:59:41.609 32231 32231 I ViewRootImpl@48d3b3a[MainActivity]: ViewPostIme pointer 0
10-10 01:59:41.666 32231 32231 I ViewRootImpl@48d3b3a[MainActivity]: ViewPostIme pointer 1
10-10 01:59:41.685 32231 32231 I NavComponent: Navigating to fragment: 2131361879
10-10 01:59:41.691 32231 32231 I IMM_LC  : hsifw() - flag : 0
10-10 01:59:41.691 32231 32231 I IMM_LC  : hsifw() - mService.hideSoftInput
10-10 01:59:41.812 32231 32240 W st.cloudstream3: Cleared Reference was only reachable from finalizer (only reported once)
10-10 01:59:41.907 32231 32240 I st.cloudstream3: Background concurrent copying GC freed 22MB AllocSpace bytes, 91(3824KB) LOS objects, 49% free, 16MB/32MB, paused 204us,150us total 211.179ms
10-10 01:59:41.907 32231 32241 D InputTransport: Input channel destroyed: 'ClientS', fd=121
10-10 01:59:41.908 32231 32255 D OpenGLRenderer: setSurface called with nullptr
10-10 01:59:42.662 32231 32231 I ViewRootImpl@48d3b3a[MainActivity]: ViewPostIme pointer 0
10-10 01:59:42.718 32231 32231 I ViewRootImpl@48d3b3a[MainActivity]: ViewPostIme pointer 1
10-10 01:59:42.749 32231 32231 I IMM_LC  : hsifw() - flag : 0
10-10 01:59:42.749 32231 32231 I IMM_LC  : hsifw() - mService.hideSoftInput
10-10 01:59:42.895 32231 32231 I PLG     : updatePluginList = https://raw.githubusercontent.com/adamwolker21/DZ/refs/heads/master/repo.json
10-10 01:59:42.896 32231 32231 I PLG     : getPlugins = https://raw.githubusercontent.com/adamwolker21/DZ/refs/heads/master/repo.json
10-10 01:59:43.064 32231 32303 D VotingApi: Requesting: https://counterapi.com/api/cs-raw.githubusercontent.com-adamwolker21-DZ/vote/806f9e9bb0fe6eed948cf51910bda7c7a4f4470876514f9eb99299b4b4e46db4?readOnly=true
10-10 01:59:43.744 32231 32231 I ViewRootImpl@48d3b3a[MainActivity]: ViewPostIme pointer 0
10-10 01:59:43.759 32231 32231 I ViewRootImpl@48d3b3a[MainActivity]: ViewPostIme pointer 1
10-10 01:59:43.774 32231 32289 I PLG     : handlePluginAction = https://raw.githubusercontent.com/adamwolker21/DZ/refs/heads/master/repo.json, (https://raw.githubusercontent.com/adamwolker21/DZ/refs/heads/master/repo.json, SitePlugin(url=https://raw.githubusercontent.com/adamwolker21/DZ/builds/EgyDead.cs3, status=1, version=1, apiVersion=1, name=EgyDead, internalName=EgyDead, authors=[adamwolker21], description=EgyDead, repositoryUrl=https://github.com/adamwolker21/DZ, tvTypes=[Movie, TvSeries], language=ar, iconUrl=https://www.faselhds.life/icon-faselplud.png, fileSize=26442)), false
10-10 01:59:43.776 32231 32289 D PluginManager: Downloading plugin: https://raw.githubusercontent.com/adamwolker21/DZ/builds/EgyDead.cs3 to /data/user/0/com.lagradost.cloudstream3/files/Extensions/httpsraw.githubusercontent.comadamwolker21DZrefsheadsmasterrepo.json.-468825824/EgyDead.-124080901.cs3
10-10 01:59:44.042 32231 32289 I PluginManager: Unloading plugin: /data/user/0/com.lagradost.cloudstream3/files/Extensions/httpsraw.githubusercontent.comadamwolker21DZrefsheadsmasterrepo.json.-468825824/EgyDead.-124080901.cs3
10-10 01:59:44.043 32231 32289 W PluginManager: Couldn't find plugin /data/user/0/com.lagradost.cloudstream3/files/Extensions/httpsraw.githubusercontent.comadamwolker21DZrefsheadsmasterrepo.json.-468825824/EgyDead.-124080901.cs3
10-10 01:59:44.044 32231 32289 I PluginManager: Loading plugin: PluginData(internalName=EgyDead, url=https://raw.githubusercontent.com/adamwolker21/DZ/builds/EgyDead.cs3, isOnline=true, filePath=/data/user/0/com.lagradost.cloudstream3/files/Extensions/httpsraw.githubusercontent.comadamwolker21DZrefsheadsmasterrepo.json.-468825824/EgyDead.-124080901.cs3, version=-2147483648)
10-10 01:59:44.108 32231 32289 I PluginInstance: Adding EgyDead (https://tv6.egydead.live) MainAPI
10-10 01:59:44.108 32231 32289 I PluginManager: Loaded plugin EgyDead successfully
10-10 01:59:44.109 32231 32289 I PLG     : getPlugins = https://raw.githubusercontent.com/adamwolker21/DZ/refs/heads/master/repo.json
10-10 01:59:44.109 32231 32231 I COMPACT : showToast = Plugin Loaded
10-10 01:59:44.116 32231 32231 D CompatibilityChangeReporter: Compat change id reported: 147798919; UID 10523; state: ENABLED
10-10 01:59:44.116 32231 32231 E Toast   : setGravity() shouldn't be called on text toasts, the values won't be used
10-10 01:59:44.116 32231 32231 I Toast   : setView: it's a custom toast
10-10 01:59:44.128 32231 32231 V Toast   : show: caller = com.lagradost.cloudstream3.CommonActivity.showToast:175 
10-10 01:59:44.191 32231 32231 V Toast   : HANDLE SHOW: android.widget.Toast$TN@79b52e1 mView=null mNextView=androidx.cardview.widget.CardView{b690806 V.E..V... ......ID 0,0-0,0 #7f0a0557 app:id/toast_layout_root}
10-10 01:59:44.192 32231 32231 V ToastPresenter: sipHeight = -39
10-10 01:59:44.194 32231 32231 V ToastPresenter: yOffset = 13
10-10 01:59:44.201 32231 32255 D NativeCustomFrequencyManager: [NativeCFMS] BpCustomFrequencyManager::BpCustomFrequencyManager()
10-10 01:59:44.209 32231 32231 D InsetsController: onStateChanged: InsetsState: {mDisplayFrame=Rect(0, 0 - 1080, 2400), mDisplayCutout=DisplayCutout{insets=Rect(0, 88 - 0, 0) waterfall=Insets{left=0, top=0, right=0, bottom=0} boundingRect={Bounds=[Rect(0, 0 - 0, 0), Rect(512, 0 - 568, 88), Rect(0, 0 - 0, 0), Rect(0, 0 - 0, 0)]} cutoutPathParserInfo={CutoutPathParserInfo{displayWidth=1080 displayHeight=2400 physicalDisplayWidth=1080 physicalDisplayHeight=2400 density={2.625} cutoutSpec={M 0,0 M 0,12.25101276465640 a 10.60613009248640,10.60613009248640 0 1,0 0,21.21226018497290 a 10.60613009248640,10.60613009248640 0 1,0 0,-21.21226018497290 Z @dp} rotation={0} scale={1.0} physicalPixelDisplaySizeRatio={1.0}}}}, mRoundedCorners=RoundedCorners{[RoundedCorner{position=TopLeft, radius=84, center=Point(84, 84)}, RoundedCorner{position=TopRight, radius=84, center=Point(996, 84)}, RoundedCorner{position=BottomRight, radius=84, center=Point(996, 2316)}, RoundedCorner{position=BottomLeft, radius=84, center=Point(84, 2316)}]}  mRoundedCornerFrame=Rect(0, 0 - 0, 0), mPrivacyIndicatorBounds=PrivacyIndicatorBounds {static bounds=Rect(964, 0 - 1080, 87) rotation=0}, mSources= { InsetsSource: {mType=ITYPE_NAVIGATION_BAR, mFrame=[0,2361][1080,2400], mVisible=true, mInsetsRoundedCornerFrame=false}, InsetsSource: {mType=ITYPE_LEFT_GESTURES, mFrame=[0,0][130,2400], mVisible=true, mInsetsRoundedCornerFrame=false}, InsetsSource: {mType=ITYPE_RIGHT_GESTURES, mFrame=[950,0][1080,2400], mVisible=true, mInsetsRoundedCornerFrame=false}, InsetsSource: {mType=ITYPE_TOP_MANDATORY_GESTURES, mFrame=[0,0][1080,120], mVisible=true, mInsetsRoundedCornerFrame=false}, InsetsSource: {mType=ITYPE_BOTTOM_MANDATORY_GESTURES, mFrame=[0,2316][1080,2400], mVisible=true, mInsetsRoundedCornerFrame=false}, InsetsSource: {mType=ITYPE_LEFT_DISPLAY_CUTOUT, mFrame=[0,0][-100000,2400], mVisible=true, mInsetsRoundedCornerFrame=false}, InsetsSource: {mType=ITYPE_TOP_DISPLAY_CUTOUT, mFrame=[0,0][1080,88], mVisible=true, mInsetsRoundedCornerFrame=false}, InsetsSource: {mType=ITYPE_RIGHT_DISPLAY_CUTOUT, mFrame=[100000,0][1080,2400], mVisible=true, mInsetsRoundedCornerFrame=false}, InsetsSource: {mType=ITYPE_BOTTOM_DISPLAY_CUTOUT, mFrame=[0,100000][1080,2400], mVisible=true, mInsetsRoundedCornerFrame=false}, InsetsSource: {mType=ITYPE_BOTTOM_TAPPABLE_ELEMENT, mFrame=[0,0][0,0], mVisible=true, mInsetsRoundedCornerFrame=false} } host=Toast from=android.view.ViewRootImpl.setView:1732
10-10 01:59:44.210 32231 32231 I ViewRootImpl@6ce6ec7[Toast]: setView = androidx.cardview.widget.CardView@b690806 TM=true
10-10 01:59:44.216 32231 32231 I ViewRootImpl@6ce6ec7[Toast]: performTraversals params={(0,13)(wrapxwrap) gr=BOTTOM CENTER sim={adjust=resize} ty=TOAST fmt=TRANSLUCENT wanim=0x1030004 surfaceInsets=Rect(11, 11 - 11, 11)
10-10 01:59:44.216 32231 32231 I ViewRootImpl@6ce6ec7[Toast]:   fl=1000098
10-10 01:59:44.216 32231 32231 I ViewRootImpl@6ce6ec7[Toast]:   pfl=12000000
10-10 01:59:44.216 32231 32231 I ViewRootImpl@6ce6ec7[Toast]:   bhv=DEFAULT
10-10 01:59:44.216 32231 32231 I ViewRootImpl@6ce6ec7[Toast]:   fitTypes=STATUS_BARS NAVIGATION_BARS CAPTION_BAR
10-10 01:59:44.216 32231 32231 I ViewRootImpl@6ce6ec7[Toast]:   fitIgnoreVis naviIconColor=0}
10-10 01:59:44.217 32231 32231 I ViewRootImpl@6ce6ec7[Toast]: performTraversals mFirst=true windowShouldResize=false viewVisibilityChanged=false mForceNextWindowRelayout=false params={(0,13)(wrapxwrap) gr=BOTTOM CENTER sim={adjust=resize} ty=TOAST fmt=TRANSLUCENT wanim=0x1030004 surfaceInsets=Rect(11, 11 - 11, 11)
10-10 01:59:44.217 32231 32231 I ViewRootImpl@6ce6ec7[Toast]:   fl=1000098
10-10 01:59:44.217 32231 32231 I ViewRootImpl@6ce6ec7[Toast]:   pfl=12000000
10-10 01:59:44.217 32231 32231 I ViewRootImpl@6ce6ec7[Toast]:   bhv=DEFAULT
10-10 01:59:44.217 32231 32231 I ViewRootImpl@6ce6ec7[Toast]:   fitTypes=STATUS_BARS NAVIGATION_BARS CAPTION_BAR
10-10 01:59:44.217 32231 32231 I ViewRootImpl@6ce6ec7[Toast]:   fitIgnoreVis naviIconColor=0}
10-10 01:59:44.226 32231 32231 I ViewRootImpl@6ce6ec7[Toast]: updateBlastSurfaceIfNeeded mBlastBufferQueue=null isSameSurfaceControl=false
10-10 01:59:44.226 32231 32231 I BLASTBufferQueue: new BLASTBufferQueue, mName= ViewRootImpl@6ce6ec7[Toast] mNativeObject= 0x7b5cfb9800 sc.mNativeObject= 0x7bdd598580 caller= android.view.ViewRootImpl.updateBlastSurfaceIfNeeded:2909 android.view.ViewRootImpl.relayoutWindow:9847 android.view.ViewRootImpl.performTraversals:3884 android.view.ViewRootImpl.doTraversal:3116 android.view.ViewRootImpl$TraversalRunnable.run:10885 android.view.Choreographer$CallbackRecord.run:1301 android.view.Choreographer$CallbackRecord.run:1309 android.view.Choreographer.doCallbacks:923 android.view.Choreographer.doFrame:852 android.view.Choreographer$FrameDisplayEventReceiver.run:1283 
10-10 01:59:44.226 32231 32231 I BLASTBufferQueue: update, w= 373 h= 178 mName = ViewRootImpl@6ce6ec7[Toast] mNativeObject= 0x7b5cfb9800 sc.mNativeObject= 0x7bdd598580 format= -3 caller= android.graphics.BLASTBufferQueue.<init>:84 android.view.ViewRootImpl.updateBlastSurfaceIfNeeded:2909 android.view.ViewRootImpl.relayoutWindow:9847 android.view.ViewRootImpl.performTraversals:3884 android.view.ViewRootImpl.doTraversal:3116 android.view.ViewRootImpl$TraversalRunnable.run:10885 
10-10 01:59:44.227 32231 32231 I ViewRootImpl@6ce6ec7[Toast]: Relayout returned: old=(0,88,1080,2361) new=(364,2192,715,2348) req=(351,156)0 dur=9 res=0x3 s={true 0x7b121a0000} ch=true seqId=0
10-10 01:59:44.227 32231 32231 I ViewRootImpl@6ce6ec7[Toast]: mThreadedRenderer.initialize() mSurface={isValid=true 0x7b121a0000} hwInitialized=true
10-10 01:59:44.228 32231 32255 D OpenGLRenderer: eglCreateWindowSurface
10-10 01:59:44.246 32231 32231 I ViewRootImpl@6ce6ec7[Toast]: reportNextDraw android.view.ViewRootImpl.performTraversals:4438 android.view.ViewRootImpl.doTraversal:3116 android.view.ViewRootImpl$TraversalRunnable.run:10885 android.view.Choreographer$CallbackRecord.run:1301 android.view.Choreographer$CallbackRecord.run:1309 
10-10 01:59:44.246 32231 32231 I ViewRootImpl@6ce6ec7[Toast]: Setup new sync id=0
10-10 01:59:44.246 32231 32231 I ViewRootImpl@6ce6ec7[Toast]: Setting syncFrameCallback
10-10 01:59:44.246 32231 32231 I ViewRootImpl@6ce6ec7[Toast]: registerCallbacksForSync syncBuffer=false
10-10 01:59:44.248 32231 32352 I ViewRootImpl@6ce6ec7[Toast]: Received frameDrawingCallback syncResult=0 frameNum=1.
10-10 01:59:44.248 32231 32352 I ViewRootImpl@6ce6ec7[Toast]: Setting up sync and frameCommitCallback
10-10 01:59:44.251 32231 32255 I BLASTBufferQueue: [ViewRootImpl@6ce6ec7[Toast]#2](f:0,a:0) onFrameAvailable the first frame is available
10-10 01:59:44.252 32231 32255 I ViewRootImpl@6ce6ec7[Toast]: Received frameCommittedCallback lastAttemptedDrawFrameNum=1 didProduceBuffer=true
10-10 01:59:44.254 32231 32255 D OpenGLRenderer: CFMS:: SetUp Pid : 32231    Tid : 32255
10-10 01:59:44.257 32231 32231 I ViewRootImpl@6ce6ec7[Toast]: onSyncComplete
10-10 01:59:44.258 32231 32231 I ViewRootImpl@6ce6ec7[Toast]: setupSync seqId=0 mSyncId=0 fn=1 caller=android.view.ViewRootImpl$$ExternalSyntheticLambda11.accept:6 android.window.SurfaceSyncer.lambda$setupSync$1$android-window-SurfaceSyncer:128 android.window.SurfaceSyncer$$ExternalSyntheticLambda1.accept:8 android.window.SurfaceSyncer$SyncSet.checkIfSyncIsComplete:382 android.window.SurfaceSyncer$SyncSet.markSyncReady:359 android.window.SurfaceSyncer.markSyncReady:151 android.view.ViewRootImpl.performTraversals:4503 
10-10 01:59:44.258 32231 32231 I ViewRootImpl@6ce6ec7[Toast]: reportDrawFinished seqId=0 mSyncId=-1 fn=1 mSurfaceChangedTransaction=0x7bed6bd900
10-10 01:59:45.457 32231 32231 I ViewRootImpl@48d3b3a[MainActivity]: ViewPostIme pointer 0
10-10 01:59:45.548 32231 32231 I ViewRootImpl@48d3b3a[MainActivity]: ViewPostIme pointer 1
10-10 01:59:45.581 32231 32231 I IMM_LC  : hsifw() - flag : 0
10-10 01:59:45.581 32231 32231 I IMM_LC  : hsifw() - mService.hideSoftInput
10-10 01:59:45.721 32231 32304 I WebViewFactory: Loading com.google.android.webview version 141.0.7390.43 (code 739004333)
10-10 01:59:45.730 32231 32304 W st.cloudstream3: Failed to find entry 'classes.dex': Entry not found
10-10 01:59:45.731 32231 32304 D nativeloader: Configuring clns-6 for other apk /data/app/~~KzgKvUv1JwmzxHei_tsHXQ==/com.google.android.trichromelibrary_739004333-NHJfK8xUfQ5oC0LHEjEvPw==/base.apk. target_sdk_version=36, uses_libraries=ALL, library_path=/data/app/~~Z7EoFjMbPG94A6o-3Nb5UQ==/com.google.android.webview-eZKrupClwVmgDmxWAn78Ag==/lib/arm64:/data/app/~~Z7EoFjMbPG94A6o-3Nb5UQ==/com.google.android.webview-eZKrupClwVmgDmxWAn78Ag==/base.apk!/lib/arm64-v8a:/data/app/~~KzgKvUv1JwmzxHei_tsHXQ==/com.google.android.trichromelibrary_739004333-NHJfK8xUfQ5oC0LHEjEvPw==/base.apk!/lib/arm64-v8a, permitted_path=/data:/mnt/expand
10-10 01:59:45.731 32231 32304 D nativeloader: Extending system_exposed_libraries: libhumantracking.arcsoft.so:libPortraitDistortionCorrection.arcsoft.so:libPortraitDistortionCorrectionCali.arcsoft.so:libface_landmark.arcsoft.so:libFacialStickerEngine.arcsoft.so:libveengine.arcsoft.so:liblow_light_hdr.arcsoft.so:libhigh_dynamic_range.arcsoft.so:libFacialAttributeDetection.arcsoft.so:libBeauty_v4.camera.samsung.so:libexifa.camera.samsung.so:libjpega.camera.samsung.so:libOpenCv.camera.samsung.so:libImageScreener.camera.samsung.so:libMyFilter.camera.samsung.so:libtensorflowLite.myfilter.camera.samsung.so:libtensorflowlite_inference_api.myfilter.camera.samsung.so:libEventFinder.camera.samsung.so:libHIDTSnapJNI.camera.samsung.so:libSmartScan.camera.samsung.so:libRectify.camera.samsung.so:libDocRectifyWrapper.camera.samsung.so:libUltraWideDistortionCorrection.camera.samsung.so:libWideDistortionCorrection.camera.samsung.so:libHpr_RecGAE_cvFeature_v1.0.camera.samsung.so:libHprFace_GAE_api.camera.samsung.so:libFace_Landmark_API.camera.samsung.so:libHprFace_GAE_jn
10-10 01:59:45.740 32231 32304 D nativeloader: Configuring clns-7 for other apk /data/app/~~Z7EoFjMbPG94A6o-3Nb5UQ==/com.google.android.webview-eZKrupClwVmgDmxWAn78Ag==/base.apk. target_sdk_version=36, uses_libraries=, library_path=/data/app/~~Z7EoFjMbPG94A6o-3Nb5UQ==/com.google.android.webview-eZKrupClwVmgDmxWAn78Ag==/lib/arm64:/data/app/~~Z7EoFjMbPG94A6o-3Nb5UQ==/com.google.android.webview-eZKrupClwVmgDmxWAn78Ag==/base.apk!/lib/arm64-v8a:/data/app/~~KzgKvUv1JwmzxHei_tsHXQ==/com.google.android.trichromelibrary_739004333-NHJfK8xUfQ5oC0LHEjEvPw==/base.apk!/lib/arm64-v8a, permitted_path=/data:/mnt/expand
10-10 01:59:45.775 32231 32304 I cr_WVCFactoryProvider: version=141.0.7390.43 (739004333) minSdkVersion=29 multiprocess=true packageId=127 splits=<none>
10-10 01:59:45.781 32231 32304 D nativeloader: Load /data/app/~~KzgKvUv1JwmzxHei_tsHXQ==/com.google.android.trichromelibrary_739004333-NHJfK8xUfQ5oC0LHEjEvPw==/base.apk!/lib/arm64-v8a/libmonochrome_64.so using class loader ns clns-7 (caller=/data/app/~~Z7EoFjMbPG94A6o-3Nb5UQ==/com.google.android.webview-eZKrupClwVmgDmxWAn78Ag==/base.apk): ok
10-10 01:59:45.784 32231 32304 D nativeloader: Load /system/lib64/libwebviewchromium_plat_support.so using class loader ns clns-7 (caller=/data/app/~~Z7EoFjMbPG94A6o-3Nb5UQ==/com.google.android.webview-eZKrupClwVmgDmxWAn78Ag==/base.apk): ok
10-10 01:59:45.788 32231 32418 I chromium: [1010/015945.787835:INFO:android_webview/browser/variations/variations_seed_loader.cc:67] Failed to open file for reading.: No such file or directory (2)
10-10 01:59:45.794 32231 32304 I cr_LibraryLoader: Successfully loaded native library
10-10 01:59:45.795 32231 32304 I cr_CachingUmaRecorder: Flushed 13 samples from 13 histograms, 0 samples were dropped.
10-10 01:59:46.162 32231 32255 D OpenGLRenderer: setSurface called with nullptr
10-10 01:59:46.162 32231 32255 D OpenGLRenderer: setSurface() destroyed EGLSurface
10-10 01:59:46.162 32231 32255 D OpenGLRenderer: destroyEglSurface
10-10 01:59:46.164 32231 32231 I ViewRootImpl@6ce6ec7[Toast]: dispatchDetachedFromWindow
10-10 01:59:46.172 32231 32231 D InputTransport: Input channel destroyed: '92ed220', fd=153
10-10 01:59:46.858 32231 32240 I st.cloudstream3: Background concurrent copying GC freed 8675KB AllocSpace bytes, 96(5092KB) LOS objects, 49% free, 19MB/38MB, paused 245us,65us total 133.933ms
10-10 01:59:46.869 32231 32255 D OpenGLRenderer: setSurface called with nullptr
10-10 01:59:46.879 32231 32242 W System  : A resource failed to call close. 
10-10 01:59:48.242 32231 32231 I ViewRootImpl@48d3b3a[MainActivity]: ViewPostIme pointer 0
10-10 01:59:48.613 32231 32231 I ViewRootImpl@48d3b3a[MainActivity]: ViewPostIme pointer 1
10-10 01:59:49.150 32231 32231 I ViewRootImpl@48d3b3a[MainActivity]: ViewPostIme pointer 0
10-10 01:59:49.586 32231 32231 I ViewRootImpl@48d3b3a[MainActivity]: ViewPostIme pointer 1
10-10 01:59:50.135 32231 32231 I ViewRootImpl@48d3b3a[MainActivity]: ViewPostIme pointer 0
10-10 01:59:50.192 32231 32231 I ViewRootImpl@48d3b3a[MainActivity]: ViewPostIme pointer 1
10-10 01:59:50.215 32231 32231 I NavComponent: Navigating to fragment: 2131362274
10-10 01:59:50.251 32231 32231 I IMM_LC  : hsifw() - flag : 0
10-10 01:59:50.252 32231 32231 I IMM_LC  : hsifw() - mService.hideSoftInput
10-10 01:59:50.335 32231 32231 D ScrollView: initGoToTop
10-10 01:59:50.624 32231 32231 I SurfaceView@922419b: onWindowVisibilityChanged(0) true android.view.SurfaceView{922419b V.E..V... ......I. 0,0-0,0} of ViewRootImpl@48d3b3a[MainActivity]
10-10 01:59:50.624 32231 32231 D SurfaceView@922419b: updateSurface: has no frame
10-10 01:59:50.632 32231 32231 I CS3ExoPlayer: SET STYLE = SaveCaptionStyle(foregroundColor=-1, backgroundColor=0, windowColor=0, edgeType=1, edgeColor=-16777216, typeface=null, typefaceFilePath=null, elevation=20, fixedTextSize=null, edgeSize=null, removeCaptions=false, removeBloat=true, upperCase=false, bold=false, italic=false, backgroundRadius=null)
10-10 01:59:50.648 32231 32231 D VideoClickActionHolder: allVideoClickActions: [null:com.lagradost.cloudstream3.actions.temp.PlayInBrowserAction, null:com.lagradost.cloudstream3.actions.temp.CopyClipboardAction, null:com.lagradost.cloudstream3.actions.temp.ViewM3U8Action, null:com.lagradost.cloudstream3.actions.temp.VlcPackage, null:com.lagradost.cloudstream3.actions.temp.MpvPackage, null:com.lagradost.cloudstream3.actions.temp.NextPlayerPackage, null:com.lagradost.cloudstream3.actions.temp.JustPlayerPackage, null:com.lagradost.cloudstream3.actions.temp.fcast.FcastAction, null:com.lagradost.cloudstream3.actions.temp.LibreTorrentPackage, null:com.lagradost.cloudstream3.actions.temp.BiglyBTPackage, null:com.lagradost.cloudstream3.actions.temp.VlcNightlyPackage, null:com.lagradost.cloudstream3.actions.temp.WebVideoCastPackage, null:com.lagradost.cloudstream3.actions.temp.MpvYTDLPackage, null:com.lagradost.cloudstream3.actions.temp.MpvKtPackage, null:com.lagradost.cloudstream3.actions.temp.MpvKtPreviewPackage, null:com.lagradost.cloudstream3.actions.AlwaysAskAction]
10-10 01:59:50.649 32231 32231 I IMM_LC  : hsifw() - flag : 0
10-10 01:59:50.649 32231 32231 I IMM_LC  : hsifw() - mService.hideSoftInput
10-10 01:59:50.652 32231 32290 I SYNCVM  : addFromUrl = https://tv6.egydead.live/%d9%85%d8%b4%d8%a7%d9%87%d8%af%d8%a9-%d9%81%d9%8a%d9%84%d9%85-pretty-crazy-2025-%d9%85%d8%aa%d8%b1%d8%ac%d9%85/
10-10 01:59:50.653 32231 32290 I SYNCUTIL: getIdsFromUrl https://tv6.egydead.live/%d9%85%d8%b4%d8%a7%d9%87%d8%af%d8%a9-%d9%81%d9%8a%d9%84%d9%85-pretty-crazy-2025-%d9%85%d8%aa%d8%b1%d8%ac%d9%85/
10-10 01:59:50.668 32231 32231 I SurfaceView@922419b: onWindowVisibilityChanged(8) false android.view.SurfaceView{922419b V.E..V... ......I. 0,0-0,0} of ViewRootImpl@48d3b3a[MainActivity]
10-10 01:59:50.668 32231 32231 D SurfaceView@922419b: updateSurface: has no frame
10-10 01:59:50.668 32231 32231 D SurfaceView@922419b: updateSurface: has no frame
10-10 01:59:50.668 32231 32231 I SurfaceView@922419b: onDetachedFromWindow: tryReleaseSurfaces()
10-10 01:59:50.668 32231 32231 I SurfaceView@922419b: releaseSurfaces: viewRoot = ViewRootImpl@48d3b3a[MainActivity]
10-10 01:59:50.668 32231 32231 I SurfaceView@922419b: applyTransactionOnVriDraw: vri = ViewRootImpl@48d3b3a[MainActivity] fRS = true t = 0x7aeea88000 android.view.SurfaceView.releaseSurfaces:858 android.view.SurfaceView.onDetachedFromWindow:500 android.view.View.dispatchDetachedFromWindow:22538 
10-10 01:59:50.668 32231 32231 I SurfaceView@922419b: applyTransactionOnVriDraw: viewRoot.applyTransactionOnDrawFromReleaseSurfaces
10-10 01:59:50.668 32231 32231 I ViewRootImpl@48d3b3a[MainActivity]: applyTransactionOnDraw: mRemoved = false isHardwareEnabled = true t = 0x7aeea88000android.view.ViewRootImpl.applyTransactionOnDrawFromReleaseSurfaces:12850 android.view.SurfaceView.applyTransactionOnVriDraw:2046 android.view.SurfaceView.releaseSurfaces:858 android.view.SurfaceView.onDetachedFromWindow:500 android.view.View.dispatchDetachedFromWindow:22538 
10-10 01:59:50.670 32231 32231 I SurfaceView@922419b: onWindowVisibilityChanged(0) true android.view.SurfaceView{922419b V.E..V... ......I. 0,0-0,0} of ViewRootImpl@48d3b3a[MainActivity]
10-10 01:59:50.670 32231 32231 D SurfaceView@922419b: updateSurface: has no frame
10-10 01:59:50.675 32231 32231 I DecorView: notifyKeepScreenOnChanged: keepScreenOn=false
10-10 01:59:50.688 32231 32231 I CS3ExoPlayer: reloadPlayer
10-10 01:59:50.688 32231 32231 I CS3ExoPlayer: releasePlayer
10-10 01:59:50.688 32231 32231 I CS3ExoPlayer: Handle event: PlayerAttachedEvent(player=null, source=Player)
10-10 01:59:50.694 32231 32231 I ViewRootImpl@48d3b3a[MainActivity]: performTraversals params={(0,0)(fillxfill) sim={state=always_hidden adjust=resize} ty=BASE_APPLICATION wanim=0x1030309
10-10 01:59:50.694 32231 32231 I ViewRootImpl@48d3b3a[MainActivity]:   fl=85810100
10-10 01:59:50.694 32231 32231 I ViewRootImpl@48d3b3a[MainActivity]:   pfl=12020040
10-10 01:59:50.694 32231 32231 I ViewRootImpl@48d3b3a[MainActivity]:   vsysui=500
10-10 01:59:50.694 32231 32231 I ViewRootImpl@48d3b3a[MainActivity]:   bhv=DEFAULT
10-10 01:59:50.694 32231 32231 I ViewRootImpl@48d3b3a[MainActivity]:   fitSides= naviIconColor=0}
10-10 01:59:50.695 32231 32231 I ViewRootImpl@48d3b3a[MainActivity]: performTraversals mFirst=false windowShouldResize=false viewVisibilityChanged=false mForceNextWindowRelayout=false params={(0,0)(fillxfill) sim={state=always_hidden adjust=resize} ty=BASE_APPLICATION fmt=TRANSLUCENT wanim=0x1030309
10-10 01:59:50.695 32231 32231 I ViewRootImpl@48d3b3a[MainActivity]:   fl=85810100
10-10 01:59:50.695 32231 32231 I ViewRootImpl@48d3b3a[MainActivity]:   pfl=12020040
10-10 01:59:50.695 32231 32231 I ViewRootImpl@48d3b3a[MainActivity]:   vsysui=500
10-10 01:59:50.695 32231 32231 I ViewRootImpl@48d3b3a[MainActivity]:   bhv=DEFAULT
10-10 01:59:50.695 32231 32231 I ViewRootImpl@48d3b3a[MainActivity]:   fitSides= naviIconColor=0}
10-10 01:59:50.703 32231 32231 I ViewRootImpl@48d3b3a[MainActivity]: updateBlastSurfaceIfNeeded mBlastBufferQueue=0x7b5d009700 isSameSurfaceControl=true
10-10 01:59:50.703 32231 32231 I BLASTBufferQueue: update, w= 1080 h= 2400 mName = ViewRootImpl@48d3b3a[MainActivity] mNativeObject= 0x7b5d009700 sc.mNativeObject= 0x7aeea41020 format= -3 caller= android.view.ViewRootImpl.updateBlastSurfaceIfNeeded:2898 android.view.ViewRootImpl.relayoutWindow:9847 android.view.ViewRootImpl.performTraversals:3884 android.view.ViewRootImpl.doTraversal:3116 android.view.ViewRootImpl$TraversalRunnable.run:10885 android.view.Choreographer$CallbackRecord.run:1301 
10-10 01:59:50.703 32231 32231 I ViewRootImpl@48d3b3a[MainActivity]: Relayout returned: old=(0,0,1080,2400) new=(0,0,1080,2400) req=(1080,2400)0 dur=8 res=0x0 s={true 0x7bdd367000} ch=false seqId=0
10-10 01:59:50.705 32231 32231 W View    : requestLayout() improperly called by android.widget.FrameLayout{4eb260b I.E..V... ......I. 0,0-0,0 #7f0a04e7 app:id/start_panel} during layout: running second layout pass
10-10 01:59:50.705 32231 32231 W View    : requestLayout() improperly called by android.widget.FrameLayout{538bce8 I.E..V... ......ID 1080,0-1080,2143 #7f0a0168 app:id/end_panel} during layout: running second layout pass
10-10 01:59:50.706 32231 32231 D SurfaceView@922419b: updateSurface: has no frame
10-10 01:59:50.712 32231 32353 I ViewRootImpl@48d3b3a[MainActivity]: mWNT: t=0x7aeea88000 mBlastBufferQueue=0x7b5d009700 fn= 486 caller= android.view.ViewRootImpl.lambda$applyTransactionOnDraw$11$android-view-ViewRootImpl:12865 android.view.ViewRootImpl$$ExternalSyntheticLambda1.onFrameDraw:4 android.graphics.HardwareRenderer$FrameDrawingCallback.onFrameDraw:924 
10-10 01:59:50.714 32231 32231 D SurfaceView@922419b: updateSurface: has no frame
10-10 01:59:50.731 32231 32231 D SurfaceView@922419b: updateSurface: has no frame
10-10 01:59:50.748 32231 32231 D SurfaceView@922419b: updateSurface: has no frame
10-10 01:59:50.779 32231 32231 D SurfaceView@922419b: updateSurface: has no frame
10-10 01:59:50.797 32231 32231 D SurfaceView@922419b: updateSurface: has no frame
10-10 01:59:50.809 32231 32231 D SurfaceView@922419b: updateSurface: has no frame
10-10 01:59:50.825 32231 32231 D SurfaceView@922419b: updateSurface: has no frame
10-10 01:59:50.842 32231 32231 D SurfaceView@922419b: updateSurface: has no frame
10-10 01:59:50.859 32231 32231 D SurfaceView@922419b: updateSurface: has no frame
10-10 01:59:50.876 32231 32231 D SurfaceView@922419b: updateSurface: has no frame
10-10 01:59:50.892 32231 32231 D SurfaceView@922419b: updateSurface: has no frame
10-10 01:59:50.909 32231 32231 D SurfaceView@922419b: updateSurface: has no frame
10-10 01:59:50.926 32231 32231 D SurfaceView@922419b: updateSurface: has no frame
10-10 01:59:50.942 32231 32231 D SurfaceView@922419b: updateSurface: has no frame
10-10 01:59:50.959 32231 32231 D SurfaceView@922419b: updateSurface: has no frame
10-10 01:59:50.976 32231 32231 D SurfaceView@922419b: updateSurface: has no frame
10-10 01:59:50.992 32231 32231 D SurfaceView@922419b: updateSurface: has no frame
10-10 01:59:51.009 32231 32231 D SurfaceView@922419b: updateSurface: has no frame
10-10 01:59:51.026 32231 32231 D SurfaceView@922419b: updateSurface: has no frame
10-10 01:59:51.039 32231 32284 I RVM2    : applyMeta
10-10 01:59:51.042 32231 32231 D SurfaceView@922419b: updateSurface: has no frame
10-10 01:59:51.059 32231 32231 D SurfaceView@922419b: updateSurface: has no frame
10-10 01:59:51.076 32231 32231 D SurfaceView@922419b: updateSurface: has no frame
10-10 01:59:51.092 32231 32231 D SurfaceView@922419b: updateSurface: has no frame
10-10 01:59:51.109 32231 32231 D SurfaceView@922419b: updateSurface: has no frame
10-10 01:59:51.125 32231 32231 D SurfaceView@922419b: updateSurface: has no frame
10-10 01:59:51.142 32231 32231 D SurfaceView@922419b: updateSurface: has no frame
10-10 01:59:51.159 32231 32231 D SurfaceView@922419b: updateSurface: has no frame
10-10 01:59:51.176 32231 32231 D SurfaceView@922419b: updateSurface: has no frame
10-10 01:59:51.192 32231 32231 D SurfaceView@922419b: updateSurface: has no frame
10-10 01:59:51.209 32231 32231 D SurfaceView@922419b: updateSurface: has no frame
10-10 01:59:51.226 32231 32231 D SurfaceView@922419b: updateSurface: has no frame
10-10 01:59:51.242 32231 32231 D SurfaceView@922419b: updateSurface: has no frame
10-10 01:59:51.259 32231 32231 D SurfaceView@922419b: updateSurface: has no frame
10-10 01:59:51.275 32231 32231 D SurfaceView@922419b: updateSurface: has no frame
10-10 01:59:51.292 32231 32231 D SurfaceView@922419b: updateSurface: has no frame
10-10 01:59:51.309 32231 32231 D SurfaceView@922419b: updateSurface: has no frame
10-10 01:59:51.325 32231 32231 D SurfaceView@922419b: updateSurface: has no frame
10-10 01:59:51.344 32231 32231 D SurfaceView@922419b: updateSurface: has no frame
10-10 01:59:51.364 32231 32231 D SurfaceView@922419b: updateSurface: has no frame
10-10 01:59:51.380 32231 32231 D SurfaceView@922419b: updateSurface: has no frame
10-10 01:59:51.388 32231 32240 I st.cloudstream3: Background concurrent copying GC freed 10MB AllocSpace bytes, 72(4580KB) LOS objects, 49% free, 23MB/46MB, paused 264us,106us total 163.562ms
10-10 01:59:51.392 32231 32231 D SurfaceView@922419b: updateSurface: has no frame
10-10 01:59:51.401 32231 32231 W PanelsChildGestureRegionObserver: failed to register view with ID 2131362800. already registered
10-10 01:59:51.404 32231 32231 E CoilImgLoader: Error loading image: coil3.request.NullRequestDataException: The request's data is null.
10-10 01:59:51.410 32231 32231 E CoilImgLoader: Error loading image: coil3.request.NullRequestDataException: The request's data is null.
10-10 01:59:51.436 32231 32303 I SYNCVM  : addFromUrl = https://tv6.egydead.live/%d9%85%d8%b4%d8%a7%d9%87%d8%af%d8%a9-%d9%81%d9%8a%d9%84%d9%85-pretty-crazy-2025-%d9%85%d8%aa%d8%b1%d8%ac%d9%85/
10-10 01:59:51.437 32231 32303 I SYNCUTIL: getIdsFromUrl https://tv6.egydead.live/%d9%85%d8%b4%d8%a7%d9%87%d8%af%d8%a9-%d9%81%d9%8a%d9%84%d9%85-pretty-crazy-2025-%d9%85%d8%aa%d8%b1%d8%ac%d9%85/
10-10 01:59:51.447 32231 32231 D SurfaceView@922419b: updateSurface: has no frame
10-10 01:59:51.448 32231 32231 I SurfaceView@922419b: Changes: creating=true format=true size=true visible=true alpha=false hint=false mUseAlpha=false visible=true left=true top=true
10-10 01:59:51.451 32231 32231 I BLASTBufferQueue: update, w= 1080 h= 525 mName = null mNativeObject= 0x7bed8af300 sc.mNativeObject= 0x7bdd51ae20 format= 4 caller= android.view.SurfaceView.createBlastSurfaceControls:1383 android.view.SurfaceView.updateSurface:1079 android.view.SurfaceView.lambda$new$0$android-view-SurfaceView:200 android.view.SurfaceView$$ExternalSyntheticLambda5.onPreDraw:2 android.view.ViewTreeObserver.dispatchOnPreDraw:1121 android.view.ViewRootImpl.performTraversals:4442 
10-10 01:59:51.451 32231 32231 I SurfaceView@922419b: 153239963 Cur surface: Surface(name=null)/@0xaa6b2a7
10-10 01:59:51.451 32231 32231 I SurfaceView@922419b: pST: sr = Rect(0, 218 - 1080, 743) sw = 1080 sh = 525
10-10 01:59:51.451 32231 32231 D SurfaceView@922419b: performSurfaceTransaction RenderWorker position = [0, 218, 1080, 743] surfaceSize = 1080x525
10-10 01:59:51.451 32231 32231 I SurfaceView@922419b: applyTransactionOnVriDraw: vri = ViewRootImpl@48d3b3a[MainActivity] fRS = false t = 0x7bdd46f300 android.view.SurfaceView.performSurfaceTransaction:959 android.view.SurfaceView.updateSurface:1105 android.view.SurfaceView.lambda$new$0$android-view-SurfaceView:200 
10-10 01:59:51.452 32231 32231 I ViewRootImpl@48d3b3a[MainActivity]: applyTransactionOnDraw: mRemoved = false isHardwareEnabled = true t = 0x7bdd46f300android.view.SurfaceView.applyTransactionOnVriDraw:2048 android.view.SurfaceView.performSurfaceTransaction:959 android.view.SurfaceView.updateSurface:1105 android.view.SurfaceView.lambda$new$0$android-view-SurfaceView:200 android.view.SurfaceView$$ExternalSyntheticLambda5.onPreDraw:2 
10-10 01:59:51.452 32231 32231 I SurfaceView@922419b: updateSurface: mVisible = true mSurface.isValid() = true
10-10 01:59:51.452 32231 32231 I SurfaceView@922419b: updateSurface: mSurfaceCreated = false surfaceChanged = true visibleChanged = true
10-10 01:59:51.452 32231 32231 I SurfaceView@922419b: visibleChanged -- surfaceCreated
10-10 01:59:51.452 32231 32231 I SurfaceView@922419b: surfaceCreated 0 #8 android.view.SurfaceView{922419b V.E..V... ......ID 0,0-1080,525}
10-10 01:59:51.452 32231 32231 I SurfaceView@922419b: surfaceChanged -- format=4 w=1080 h=525
10-10 01:59:51.452 32231 32231 I SurfaceView@922419b: surfaceChanged (1080,525) 0 #8 android.view.SurfaceView{922419b V.E..V... ......ID 0,0-1080,525}
10-10 01:59:51.452 32231 32231 I SurfaceView@922419b: surfaceRedrawNeeded
10-10 01:59:51.453 32231 32231 V SurfaceView@922419b: Layout: x=0 y=218 w=1080 h=525, frame=Rect(0, 0 - 1080, 525)
10-10 01:59:51.462 32231 32352 D SurfaceView@922419b: updateSurfacePosition RenderWorker, frameNr = 527, position = [0, 218, 1080, 743] surfaceSize = 1080x525
10-10 01:59:51.462 32231 32352 I SurfaceView@922419b: uSP: rtp = Rect(0, 218 - 1080, 743) rtsw = 1080 rtsh = 525
10-10 01:59:51.462 32231 32352 I SurfaceView@922419b: onSSPAndSRT: pl = 0 pt = 218 sx = 1.0 sy = 1.0
10-10 01:59:51.463 32231 32352 I SurfaceView@922419b: aOrMT: ViewRootImpl@48d3b3a[MainActivity] t = android.view.SurfaceControl$Transaction@5654f9f fN = 527 android.view.SurfaceView.-$$Nest$mapplyOrMergeTransaction:0 android.view.SurfaceView$SurfaceViewPositionUpdateListener.positionChanged:1537 android.graphics.RenderNode$CompositePositionUpdateListener.positionChanged:373 
10-10 01:59:51.463 32231 32352 I ViewRootImpl@48d3b3a[MainActivity]: mWNT: t=0x7bdd46f600 mBlastBufferQueue=0x7b5d009700 fn= 527 caller= android.view.SurfaceView.applyOrMergeTransaction:1455 android.view.SurfaceView.-$$Nest$mapplyOrMergeTransaction:0 android.view.SurfaceView$SurfaceViewPositionUpdateListener.positionChanged:1537 
10-10 01:59:51.464 32231 32352 I ViewRootImpl@48d3b3a[MainActivity]: mWNT: t=0x7bdd46f300 mBlastBufferQueue=0x7b5d009700 fn= 527 caller= android.view.ViewRootImpl.lambda$applyTransactionOnDraw$11$android-view-ViewRootImpl:12865 android.view.ViewRootImpl$$ExternalSyntheticLambda1.onFrameDraw:4 android.graphics.HardwareRenderer$FrameDrawingCallback.onFrameDraw:924 
10-10 01:59:51.474 32231 32231 I SurfaceView@922419b: finishedDrawing
10-10 01:59:52.555 32231 32231 I ViewRootImpl@48d3b3a[MainActivity]: ViewPostIme pointer 0
10-10 01:59:53.090 32231 32231 I Dialog  : mIsDeviceDefault = false, mIsSamsungBasicInteraction = false, isMetaDataInActivity = false
10-10 01:59:53.131 32231 32231 I DecorView: [INFO] isPopOver=false config=false
10-10 01:59:53.131 32231 32231 I DecorView: updateCaptionType: isFloating=false isApplication=true hasWindowDecorCaption=false this=DecorView@91bbf76[]
10-10 01:59:53.131 32231 32231 D DecorView: setCaptionType = 0, this = DecorView@91bbf76[]
10-10 01:59:53.133 32231 32231 I DecorView: getCurrentDensityDpi: from app context. densityDpi=420 msg=resources_loaded
10-10 01:59:53.133 32231 32231 I DecorView: setWindowBackground: isPopOver=false color=0 d=android.graphics.drawable.ColorDrawable@61699e4
10-10 01:59:53.138 32231 32255 D NativeCustomFrequencyManager: [NativeCFMS] BpCustomFrequencyManager::BpCustomFrequencyManager()
10-10 01:59:53.139 32231 32231 I DecorView: notifyKeepScreenOnChanged: keepScreenOn=false
10-10 01:59:53.149 32231 32231 D InsetsController: onStateChanged: InsetsState: {mDisplayFrame=Rect(0, 0 - 1080, 2400), mDisplayCutout=DisplayCutout{insets=Rect(0, 88 - 0, 0) waterfall=Insets{left=0, top=0, right=0, bottom=0} boundingRect={Bounds=[Rect(0, 0 - 0, 0), Rect(512, 0 - 568, 88), Rect(0, 0 - 0, 0), Rect(0, 0 - 0, 0)]} cutoutPathParserInfo={CutoutPathParserInfo{displayWidth=1080 displayHeight=2400 physicalDisplayWidth=1080 physicalDisplayHeight=2400 density={2.625} cutoutSpec={M 0,0 M 0,12.25101276465640 a 10.60613009248640,10.60613009248640 0 1,0 0,21.21226018497290 a 10.60613009248640,10.60613009248640 0 1,0 0,-21.21226018497290 Z @dp} rotation={0} scale={1.0} physicalPixelDisplaySizeRatio={1.0}}}}, mRoundedCorners=RoundedCorners{[RoundedCorner{position=TopLeft, radius=84, center=Point(84, 84)}, RoundedCorner{position=TopRight, radius=84, center=Point(996, 84)}, RoundedCorner{position=BottomRight, radius=84, center=Point(996, 2316)}, RoundedCorner{position=BottomLeft, radius=84, center=Point(84, 2316)}]}  mRoundedCornerFrame=Rect(0, 0 - 1080, 2400), mPrivacyIndicatorBounds=PrivacyIndicatorBounds {static bounds=Rect(964, 0 - 1080, 87) rotation=0}, mSources= { InsetsSource: {mType=ITYPE_STATUS_BAR, mFrame=[0,0][1080,88], mVisible=true, mInsetsRoundedCornerFrame=false}, InsetsSource: {mType=ITYPE_NAVIGATION_BAR, mFrame=[0,2361][1080,2400], mVisible=true, mInsetsRoundedCornerFrame=false}, InsetsSource: {mType=ITYPE_LEFT_GESTURES, mFrame=[0,0][130,2400], mVisible=true, mInsetsRoundedCornerFrame=false}, InsetsSource: {mType=ITYPE_RIGHT_GESTURES, mFrame=[950,0][1080,2400], mVisible=true, mInsetsRoundedCornerFrame=false}, InsetsSource: {mType=ITYPE_TOP_MANDATORY_GESTURES, mFrame=[0,0][1080,120], mVisible=true, mInsetsRoundedCornerFrame=false}, InsetsSource: {mType=ITYPE_BOTTOM_MANDATORY_GESTURES, mFrame=[0,2316][1080,2400], mVisible=true, mInsetsRoundedCornerFrame=false}, InsetsSource: {mType=ITYPE_LEFT_DISPLAY_CUTOUT, mFrame=[0,0][-100000,2400], mVisible=true, mInsetsRoundedCornerFrame=false}, InsetsSource: {mType=ITYPE_TOP_DISPLAY_CUTOUT, mFrame=[0,0][1080,88], mVisible=true, mInsetsRoundedCornerFrame=false}, InsetsSource: {mType=ITYPE_RIGHT_DISPLAY_CUTOUT, mFrame=[100000,0][1080,2400], mVisible=true, mInsetsRoundedCornerFrame=false}, InsetsSource: {mType=ITYPE_BOTTOM_DISPLAY_CUTOUT, mFrame=[0,100000][1080,2400], mVisible=true, mInsetsRoundedCornerFrame=false}, InsetsSource: {mType=ITYPE_TOP_TAPPABLE_ELEMENT, mFrame=[0,0][1080,88], mVisible=true, mInsetsRoundedCornerFrame=false}, InsetsSource: {mType=ITYPE_BOTTOM_TAPPABLE_ELEMENT, mFrame=[0,0][0,0], mVisible=true, mInsetsRoundedCornerFrame=false}, InsetsSource: {mType=ITYPE_IME, mFrame=[0,0][0,0], mVisibleFrame=[0,1409][1080,2400], mVisible=false, mInsetsRoundedCornerFrame=false} } host=com.lagradost.cloudstream3/com.lagradost.cloudstream3.MainActivity from=android.view.ViewRootImpl.setView:1732
10-10 01:59:53.150 32231 32231 I ViewRootImpl@62cda05[MainActivity]: setView = com.android.internal.policy.DecorView@91bbf76 TM=true
10-10 01:59:53.163 32231 32231 I ViewRootImpl@62cda05[MainActivity]: performTraversals params={(0,0)(fillxfill) gr=CENTER sim={adjust=resize forwardNavigation} ty=APPLICATION fmt=TRANSPARENT wanim=0x7f14000b
10-10 01:59:53.163 32231 32231 I ViewRootImpl@62cda05[MainActivity]:   fl=85810100
10-10 01:59:53.163 32231 32231 I ViewRootImpl@62cda05[MainActivity]:   pfl=12020040
10-10 01:59:53.163 32231 32231 I ViewRootImpl@62cda05[MainActivity]:   vsysui=500
10-10 01:59:53.163 32231 32231 I ViewRootImpl@62cda05[MainActivity]:   bhv=DEFAULT
10-10 01:59:53.163 32231 32231 I ViewRootImpl@62cda05[MainActivity]:   fitSides= naviIconColor=0}
10-10 01:59:53.164 32231 32231 I ViewRootImpl@62cda05[MainActivity]: performTraversals mFirst=true windowShouldResize=true viewVisibilityChanged=false mForceNextWindowRelayout=false params={(0,0)(fillxfill) gr=CENTER sim={adjust=resize forwardNavigation} ty=APPLICATION fmt=TRANSPARENT wanim=0x7f14000b
10-10 01:59:53.164 32231 32231 I ViewRootImpl@62cda05[MainActivity]:   fl=85810100
10-10 01:59:53.164 32231 32231 I ViewRootImpl@62cda05[MainActivity]:   pfl=12020040
10-10 01:59:53.164 32231 32231 I ViewRootImpl@62cda05[MainActivity]:   vsysui=500
10-10 01:59:53.164 32231 32231 I ViewRootImpl@62cda05[MainActivity]:   bhv=DEFAULT
10-10 01:59:53.164 32231 32231 I ViewRootImpl@62cda05[MainActivity]:   fitSides= naviIconColor=0}
10-10 01:59:53.176 32231 32231 I ViewRootImpl@62cda05[MainActivity]: updateBlastSurfaceIfNeeded mBlastBufferQueue=null isSameSurfaceControl=false
10-10 01:59:53.177 32231 32231 I BLASTBufferQueue: new BLASTBufferQueue, mName= ViewRootImpl@62cda05[MainActivity] mNativeObject= 0x7bed8af600 sc.mNativeObject= 0x7b5cfad800 caller= android.view.ViewRootImpl.updateBlastSurfaceIfNeeded:2909 android.view.ViewRootImpl.relayoutWindow:9847 android.view.ViewRootImpl.performTraversals:3884 android.view.ViewRootImpl.doTraversal:3116 android.view.ViewRootImpl$TraversalRunnable.run:10885 android.view.Choreographer$CallbackRecord.run:1301 android.view.Choreographer$CallbackRecord.run:1309 android.view.Choreographer.doCallbacks:923 android.view.Choreographer.doFrame:852 android.view.Choreographer$FrameDisplayEventReceiver.run:1283 
10-10 01:59:53.177 32231 32231 I BLASTBufferQueue: update, w= 1080 h= 2400 mName = ViewRootImpl@62cda05[MainActivity] mNativeObject= 0x7bed8af600 sc.mNativeObject= 0x7b5cfad800 format= -2 caller= android.graphics.BLASTBufferQueue.<init>:84 android.view.ViewRootImpl.updateBlastSurfaceIfNeeded:2909 android.view.ViewRootImpl.relayoutWindow:9847 android.view.ViewRootImpl.performTraversals:3884 android.view.ViewRootImpl.doTraversal:3116 android.view.ViewRootImpl$TraversalRunnable.run:10885 
10-10 01:59:53.177 32231 32231 I ViewRootImpl@62cda05[MainActivity]: Relayout returned: old=(0,0,1080,2400) new=(0,0,1080,2400) req=(1080,2400)0 dur=12 res=0x3 s={true 0x7b3fdab800} ch=true seqId=0
10-10 01:59:53.178 32231 32231 I ViewRootImpl@62cda05[MainActivity]: mThreadedRenderer.initialize() mSurface={isValid=true 0x7b3fdab800} hwInitialized=true
10-10 01:59:53.179 32231 32255 D OpenGLRenderer: eglCreateWindowSurface
10-10 01:59:53.201 32231 32231 D AbsListView:  in onLayout changed 
10-10 01:59:53.202 32231 32231 I ViewRootImpl@62cda05[MainActivity]: reportNextDraw android.view.ViewRootImpl.performTraversals:4438 android.view.ViewRootImpl.doTraversal:3116 android.view.ViewRootImpl$TraversalRunnable.run:10885 android.view.Choreographer$CallbackRecord.run:1301 android.view.Choreographer$CallbackRecord.run:1309 
10-10 01:59:53.202 32231 32231 I ViewRootImpl@62cda05[MainActivity]: Setup new sync id=0
10-10 01:59:53.202 32231 32231 I ViewRootImpl@62cda05[MainActivity]: Setting syncFrameCallback
10-10 01:59:53.202 32231 32231 I ViewRootImpl@62cda05[MainActivity]: registerCallbacksForSync syncBuffer=false
10-10 01:59:53.206 32231 32353 I ViewRootImpl@62cda05[MainActivity]: Received frameDrawingCallback syncResult=0 frameNum=1.
10-10 01:59:53.206 32231 32353 I ViewRootImpl@62cda05[MainActivity]: Setting up sync and frameCommitCallback
10-10 01:59:53.212 32231 32255 I BLASTBufferQueue: [ViewRootImpl@62cda05[MainActivity]#4](f:0,a:0) onFrameAvailable the first frame is available
10-10 01:59:53.214 32231 32255 I ViewRootImpl@62cda05[MainActivity]: Received frameCommittedCallback lastAttemptedDrawFrameNum=1 didProduceBuffer=true
10-10 01:59:53.216 32231 32255 D OpenGLRenderer: CFMS:: SetUp Pid : 32231    Tid : 32255
10-10 01:59:53.220 32231 32231 I ViewRootImpl@62cda05[MainActivity]: onSyncComplete
10-10 01:59:53.220 32231 32231 I ViewRootImpl@62cda05[MainActivity]: setupSync seqId=0 mSyncId=0 fn=1 caller=android.view.ViewRootImpl$$ExternalSyntheticLambda11.accept:6 android.window.SurfaceSyncer.lambda$setupSync$1$android-window-SurfaceSyncer:128 android.window.SurfaceSyncer$$ExternalSyntheticLambda1.accept:8 android.window.SurfaceSyncer$SyncSet.checkIfSyncIsComplete:382 android.window.SurfaceSyncer$SyncSet.markSyncReady:359 android.window.SurfaceSyncer.markSyncReady:151 android.view.ViewRootImpl.performTraversals:4503 
10-10 01:59:53.221 32231 32231 I ViewRootImpl@62cda05[MainActivity]: reportDrawFinished seqId=0 mSyncId=-1 fn=1 mSurfaceChangedTransaction=0x7bdd47f400
10-10 01:59:53.224 32231 32231 I ViewRootImpl@48d3b3a[MainActivity]: MSG_WINDOW_FOCUS_CHANGED 0 0
10-10 01:59:53.258 32231 32231 I ViewRootImpl@48d3b3a[MainActivity]: ViewPostIme pointer 1
10-10 01:59:53.276 32231 32231 I ViewRootImpl@62cda05[MainActivity]: MSG_WINDOW_FOCUS_CHANGED 1 0
10-10 01:59:53.276 32231 32231 I ViewRootImpl@62cda05[MainActivity]: mThreadedRenderer.initializeIfNeeded()#2 mSurface={isValid=true 0x7b3fdab800}
10-10 01:59:53.278 32231 32231 D InputMethodManager: startInputInner - Id : 0
10-10 01:59:53.278 32231 32231 I InputMethodManager: startInputInner - mService.startInputOrWindowGainedFocus
10-10 01:59:54.094 32231 32231 I ViewRootImpl@62cda05[MainActivity]: ViewPostIme pointer 0
10-10 01:59:54.151 32231 32231 I ViewRootImpl@62cda05[MainActivity]: ViewPostIme pointer 1
10-10 01:59:54.152 32231 32231 D AbsListView: onTouchUp() mTouchMode : 0
10-10 01:59:54.230 32231 32284 D EgyDead : Loading links for URL: https://tv6.egydead.live/%d9%85%d8%b4%d8%a7%d9%87%d8%af%d8%a9-%d9%81%d9%8a%d9%84%d9%85-pretty-crazy-2025-%d9%85%d8%aa%d8%b1%d8%ac%d9%85/
10-10 01:59:54.231 32231 32231 I MSHandlerLifeCycle: removeMultiSplitHandler: no exist. decor=DecorView@91bbf76[MainActivity]
10-10 01:59:54.233 32231 32255 D OpenGLRenderer: setSurface called with nullptr
10-10 01:59:54.233 32231 32255 D OpenGLRenderer: setSurface() destroyed EGLSurface
10-10 01:59:54.233 32231 32255 D OpenGLRenderer: destroyEglSurface
10-10 01:59:54.235 32231 32255 D OpenGLRenderer: endAllActiveAnimators on 0x7b3ff01a00 (MaterialTextView) with handle 0x7b49d85f40
10-10 01:59:54.235 32231 32231 I ViewRootImpl@62cda05[MainActivity]: dispatchDetachedFromWindow
10-10 01:59:54.259 32231 32231 D InputTransport: Input channel destroyed: 'eede080', fd=173
10-10 01:59:54.262 32231 32231 I Dialog  : mIsDeviceDefault = false, mIsSamsungBasicInteraction = false, isMetaDataInActivity = false
10-10 01:59:54.343 32231 32231 I DecorView: [INFO] isPopOver=false config=false
10-10 01:59:54.343 32231 32231 I DecorView: updateCaptionType: isFloating=false isApplication=true hasWindowDecorCaption=false this=DecorView@a43b9c0[]
10-10 01:59:54.343 32231 32231 D DecorView: setCaptionType = 0, this = DecorView@a43b9c0[]
10-10 01:59:54.345 32231 32231 I DecorView: getCurrentDensityDpi: from app context. densityDpi=420 msg=resources_loaded
10-10 01:59:54.345 32231 32231 I DecorView: setWindowBackground: isPopOver=false color=0 d=android.graphics.drawable.ColorDrawable@2e0c63e
10-10 01:59:54.352 32231 32255 D NativeCustomFrequencyManager: [NativeCFMS] BpCustomFrequencyManager::BpCustomFrequencyManager()
10-10 01:59:54.353 32231 32231 I DecorView: notifyKeepScreenOnChanged: keepScreenOn=false
