--------- beginning of main
10-11 01:16:48.566 13398 13398 D InputTransport: Input channel destroyed: 'b6ee899', fd=148
10-11 01:16:48.591 13398 13398 I ViewRootImpl@10a13eb[MainActivity]: MSG_WINDOW_FOCUS_CHANGED 1 0
10-11 01:16:48.591 13398 13398 I ViewRootImpl@10a13eb[MainActivity]: mThreadedRenderer.initializeIfNeeded()#2 mSurface={isValid=true 0x7b7afbc800}
10-11 01:16:48.596 13398 13398 D InputMethodManager: startInputInner - Id : 0
10-11 01:16:48.596 13398 13398 I InputMethodManager: startInputInner - mService.startInputOrWindowGainedFocus
10-11 01:16:49.560 13398 13398 I ViewRootImpl@10a13eb[MainActivity]: ViewPostIme pointer 0
10-11 01:16:49.634 13398 13398 I ViewRootImpl@10a13eb[MainActivity]: ViewPostIme pointer 1
10-11 01:16:49.670 13398 13398 I IMM_LC  : hsifw() - flag : 0
10-11 01:16:49.670 13398 13398 I IMM_LC  : hsifw() - mService.hideSoftInput
10-11 01:16:50.826 13398 13398 I ViewRootImpl@10a13eb[MainActivity]: ViewPostIme pointer 0
10-11 01:16:50.866 13398 13398 I ViewRootImpl@10a13eb[MainActivity]: ViewPostIme pointer 1
10-11 01:16:50.891 13398 13398 I IMM_LC  : hsifw() - flag : 0
10-11 01:16:50.891 13398 13398 I IMM_LC  : hsifw() - mService.hideSoftInput
10-11 01:16:51.017 13398 13408 W st.cloudstream3: Cleared Reference was only reachable from finalizer (only reported once)
10-11 01:16:51.092 13398 13408 I st.cloudstream3: Background concurrent copying GC freed 16MB AllocSpace bytes, 67(3072KB) LOS objects, 49% free, 13MB/26MB, paused 822us,138us total 209.134ms
10-11 01:16:51.095 13398 13420 D OpenGLRenderer: setSurface called with nullptr
10-11 01:16:51.096 13398 13409 D InputTransport: Input channel destroyed: 'ClientS', fd=130
10-11 01:16:51.158 13398 13398 I ViewRootImpl@10a13eb[MainActivity]: ViewPostIme pointer 0
10-11 01:16:51.159 13398 13398 I ViewRootImpl@10a13eb[MainActivity]: ViewPostIme pointer 1
10-11 01:16:52.041 13398 13398 I ViewRootImpl@10a13eb[MainActivity]: ViewPostIme pointer 0
10-11 01:16:52.142 13398 13398 D WindowOnBackDispatcher: onBackInvoked, viewRoot=ViewRootImpl@57a55f6[MainActivity], callback=androidx.activity.OnBackPressedDispatcher$Api33Impl$$ExternalSyntheticLambda0@14ae6ea
10-11 01:16:52.157 13398 13398 I IMM_LC  : hsifw() - flag : 0
10-11 01:16:52.157 13398 13398 I IMM_LC  : hsifw() - mService.hideSoftInput
10-11 01:16:52.165 13398 13398 D ScrollView: initGoToTop
10-11 01:16:52.200 13398 13398 E CoilImgLoader: Error loading image: coil3.request.NullRequestDataException: The request's data is null.
10-11 01:16:52.213 13398 13398 D ScrollView:  onsize change changed 
10-11 01:16:53.115 13398 13398 I ViewRootImpl@10a13eb[MainActivity]: ViewPostIme pointer 0
10-11 01:16:53.173 13398 13398 I ViewRootImpl@10a13eb[MainActivity]: ViewPostIme pointer 1
10-11 01:16:53.185 13398 13398 I NavComponent: Navigating to fragment: 2131361879
10-11 01:16:53.191 13398 13398 I IMM_LC  : hsifw() - flag : 0
10-11 01:16:53.191 13398 13398 I IMM_LC  : hsifw() - mService.hideSoftInput
10-11 01:16:54.323 13398 13398 I ViewRootImpl@10a13eb[MainActivity]: ViewPostIme pointer 0
10-11 01:16:54.372 13398 13398 I ViewRootImpl@10a13eb[MainActivity]: ViewPostIme pointer 1
10-11 01:16:54.402 13398 13398 I IMM_LC  : hsifw() - flag : 0
10-11 01:16:54.402 13398 13398 I IMM_LC  : hsifw() - mService.hideSoftInput
10-11 01:16:54.555 13398 13398 I PLG     : updatePluginList = https://raw.githubusercontent.com/adamwolker21/DZ/refs/heads/master/repo.json
10-11 01:16:54.555 13398 13398 I PLG     : getPlugins = https://raw.githubusercontent.com/adamwolker21/DZ/refs/heads/master/repo.json
10-11 01:16:54.846 13398 13457 D VotingApi: Requesting: https://counterapi.com/api/cs-raw.githubusercontent.com-adamwolker21-DZ/vote/806f9e9bb0fe6eed948cf51910bda7c7a4f4470876514f9eb99299b4b4e46db4?readOnly=true
10-11 01:16:55.597 13398 13398 I ViewRootImpl@10a13eb[MainActivity]: ViewPostIme pointer 0
10-11 01:16:55.637 13398 13398 I ViewRootImpl@10a13eb[MainActivity]: ViewPostIme pointer 1
10-11 01:16:55.655 13398 13456 I PLG     : handlePluginAction = https://raw.githubusercontent.com/adamwolker21/DZ/refs/heads/master/repo.json, (https://raw.githubusercontent.com/adamwolker21/DZ/refs/heads/master/repo.json, SitePlugin(url=https://raw.githubusercontent.com/adamwolker21/DZ/builds/EgyDead.cs3, status=1, version=1, apiVersion=1, name=EgyDead, internalName=EgyDead, authors=[adamwolker21], description=EgyDead, repositoryUrl=https://github.com/adamwolker21/DZ, tvTypes=[Movie, TvSeries], language=ar, iconUrl=https://www.faselhds.life/icon-faselplud.png, fileSize=20402)), false
10-11 01:16:55.657 13398 13456 D PluginManager: Downloading plugin: https://raw.githubusercontent.com/adamwolker21/DZ/builds/EgyDead.cs3 to /data/user/0/com.lagradost.cloudstream3/files/Extensions/httpsraw.githubusercontent.comadamwolker21DZrefsheadsmasterrepo.json.-468825824/EgyDead.-124080901.cs3
10-11 01:16:55.911 13398 13456 I PluginManager: Unloading plugin: /data/user/0/com.lagradost.cloudstream3/files/Extensions/httpsraw.githubusercontent.comadamwolker21DZrefsheadsmasterrepo.json.-468825824/EgyDead.-124080901.cs3
10-11 01:16:55.911 13398 13456 W PluginManager: Couldn't find plugin /data/user/0/com.lagradost.cloudstream3/files/Extensions/httpsraw.githubusercontent.comadamwolker21DZrefsheadsmasterrepo.json.-468825824/EgyDead.-124080901.cs3
10-11 01:16:55.912 13398 13456 I PluginManager: Loading plugin: PluginData(internalName=EgyDead, url=https://raw.githubusercontent.com/adamwolker21/DZ/builds/EgyDead.cs3, isOnline=true, filePath=/data/user/0/com.lagradost.cloudstream3/files/Extensions/httpsraw.githubusercontent.comadamwolker21DZrefsheadsmasterrepo.json.-468825824/EgyDead.-124080901.cs3, version=-2147483648)
10-11 01:16:55.977 13398 13456 I PluginInstance: Adding EgyDead (https://tv6.egydead.live) MainAPI
10-11 01:16:55.977 13398 13456 I PluginManager: Loaded plugin EgyDead successfully
10-11 01:16:55.978 13398 13456 I PLG     : getPlugins = https://raw.githubusercontent.com/adamwolker21/DZ/refs/heads/master/repo.json
10-11 01:16:55.978 13398 13398 I COMPACT : showToast = Plugin Loaded
10-11 01:16:55.986 13398 13398 D CompatibilityChangeReporter: Compat change id reported: 147798919; UID 10523; state: ENABLED
10-11 01:16:55.986 13398 13398 E Toast   : setGravity() shouldn't be called on text toasts, the values won't be used
10-11 01:16:55.986 13398 13398 I Toast   : setView: it's a custom toast
10-11 01:16:55.993 13398 13398 V Toast   : show: caller = com.lagradost.cloudstream3.CommonActivity.showToast:175 
10-11 01:16:56.065 13398 13398 V Toast   : HANDLE SHOW: android.widget.Toast$TN@6882038 mView=null mNextView=androidx.cardview.widget.CardView{516f811 V.E..V... ......ID 0,0-0,0 #7f0a0557 app:id/toast_layout_root}
10-11 01:16:56.066 13398 13398 V ToastPresenter: sipHeight = -39
10-11 01:16:56.068 13398 13398 V ToastPresenter: yOffset = 13
10-11 01:16:56.073 13398 13420 D NativeCustomFrequencyManager: [NativeCFMS] BpCustomFrequencyManager::BpCustomFrequencyManager()
10-11 01:16:56.079 13398 13398 D InsetsController: onStateChanged: InsetsState: {mDisplayFrame=Rect(0, 0 - 1080, 2400), mDisplayCutout=DisplayCutout{insets=Rect(0, 88 - 0, 0) waterfall=Insets{left=0, top=0, right=0, bottom=0} boundingRect={Bounds=[Rect(0, 0 - 0, 0), Rect(512, 0 - 568, 88), Rect(0, 0 - 0, 0), Rect(0, 0 - 0, 0)]} cutoutPathParserInfo={CutoutPathParserInfo{displayWidth=1080 displayHeight=2400 physicalDisplayWidth=1080 physicalDisplayHeight=2400 density={2.625} cutoutSpec={M 0,0 M 0,12.25101276465640 a 10.60613009248640,10.60613009248640 0 1,0 0,21.21226018497290 a 10.60613009248640,10.60613009248640 0 1,0 0,-21.21226018497290 Z @dp} rotation={0} scale={1.0} physicalPixelDisplaySizeRatio={1.0}}}}, mRoundedCorners=RoundedCorners{[RoundedCorner{position=TopLeft, radius=84, center=Point(84, 84)}, RoundedCorner{position=TopRight, radius=84, center=Point(996, 84)}, RoundedCorner{position=BottomRight, radius=84, center=Point(996, 2316)}, RoundedCorner{position=BottomLeft, radius=84, center=Point(84, 2316)}]}  mRoundedCornerFrame=Rect(0, 0 - 0, 0), mPrivacyIndicatorBounds=PrivacyIndicatorBounds {static bounds=Rect(964, 0 - 1080, 87) rotation=0}, mSources= { InsetsSource: {mType=ITYPE_NAVIGATION_BAR, mFrame=[0,2361][1080,2400], mVisible=true, mInsetsRoundedCornerFrame=false}, InsetsSource: {mType=ITYPE_LEFT_GESTURES, mFrame=[0,0][130,2400], mVisible=true, mInsetsRoundedCornerFrame=false}, InsetsSource: {mType=ITYPE_RIGHT_GESTURES, mFrame=[950,0][1080,2400], mVisible=true, mInsetsRoundedCornerFrame=false}, InsetsSource: {mType=ITYPE_TOP_MANDATORY_GESTURES, mFrame=[0,0][1080,120], mVisible=true, mInsetsRoundedCornerFrame=false}, InsetsSource: {mType=ITYPE_BOTTOM_MANDATORY_GESTURES, mFrame=[0,2316][1080,2400], mVisible=true, mInsetsRoundedCornerFrame=false}, InsetsSource: {mType=ITYPE_LEFT_DISPLAY_CUTOUT, mFrame=[0,0][-100000,2400], mVisible=true, mInsetsRoundedCornerFrame=false}, InsetsSource: {mType=ITYPE_TOP_DISPLAY_CUTOUT, mFrame=[0,0][1080,88], mVisible=true, mInsetsRoundedCornerFrame=false}, InsetsSource: {mType=ITYPE_RIGHT_DISPLAY_CUTOUT, mFrame=[100000,0][1080,2400], mVisible=true, mInsetsRoundedCornerFrame=false}, InsetsSource: {mType=ITYPE_BOTTOM_DISPLAY_CUTOUT, mFrame=[0,100000][1080,2400], mVisible=true, mInsetsRoundedCornerFrame=false}, InsetsSource: {mType=ITYPE_BOTTOM_TAPPABLE_ELEMENT, mFrame=[0,0][0,0], mVisible=true, mInsetsRoundedCornerFrame=false} } host=Toast from=android.view.ViewRootImpl.setView:1732
10-11 01:16:56.079 13398 13398 I ViewRootImpl@882fd76[Toast]: setView = androidx.cardview.widget.CardView@516f811 TM=true
10-11 01:16:56.085 13398 13398 I ViewRootImpl@882fd76[Toast]: performTraversals params={(0,13)(wrapxwrap) gr=BOTTOM CENTER sim={adjust=resize} ty=TOAST fmt=TRANSLUCENT wanim=0x1030004 surfaceInsets=Rect(11, 11 - 11, 11)
10-11 01:16:56.085 13398 13398 I ViewRootImpl@882fd76[Toast]:   fl=1000098
10-11 01:16:56.085 13398 13398 I ViewRootImpl@882fd76[Toast]:   pfl=12000000
10-11 01:16:56.085 13398 13398 I ViewRootImpl@882fd76[Toast]:   bhv=DEFAULT
10-11 01:16:56.085 13398 13398 I ViewRootImpl@882fd76[Toast]:   fitTypes=STATUS_BARS NAVIGATION_BARS CAPTION_BAR
10-11 01:16:56.085 13398 13398 I ViewRootImpl@882fd76[Toast]:   fitIgnoreVis naviIconColor=0}
10-11 01:16:56.085 13398 13398 I ViewRootImpl@882fd76[Toast]: performTraversals mFirst=true windowShouldResize=false viewVisibilityChanged=false mForceNextWindowRelayout=false params={(0,13)(wrapxwrap) gr=BOTTOM CENTER sim={adjust=resize} ty=TOAST fmt=TRANSLUCENT wanim=0x1030004 surfaceInsets=Rect(11, 11 - 11, 11)
10-11 01:16:56.085 13398 13398 I ViewRootImpl@882fd76[Toast]:   fl=1000098
10-11 01:16:56.085 13398 13398 I ViewRootImpl@882fd76[Toast]:   pfl=12000000
10-11 01:16:56.085 13398 13398 I ViewRootImpl@882fd76[Toast]:   bhv=DEFAULT
10-11 01:16:56.085 13398 13398 I ViewRootImpl@882fd76[Toast]:   fitTypes=STATUS_BARS NAVIGATION_BARS CAPTION_BAR
10-11 01:16:56.085 13398 13398 I ViewRootImpl@882fd76[Toast]:   fitIgnoreVis naviIconColor=0}
10-11 01:16:56.096 13398 13398 I ViewRootImpl@882fd76[Toast]: updateBlastSurfaceIfNeeded mBlastBufferQueue=null isSameSurfaceControl=false
10-11 01:16:56.096 13398 13398 I BLASTBufferQueue: new BLASTBufferQueue, mName= ViewRootImpl@882fd76[Toast] mNativeObject= 0x7b5ffbd800 sc.mNativeObject= 0x7b6002a220 caller= android.view.ViewRootImpl.updateBlastSurfaceIfNeeded:2909 android.view.ViewRootImpl.relayoutWindow:9847 android.view.ViewRootImpl.performTraversals:3884 android.view.ViewRootImpl.doTraversal:3116 android.view.ViewRootImpl$TraversalRunnable.run:10885 android.view.Choreographer$CallbackRecord.run:1301 android.view.Choreographer$CallbackRecord.run:1309 android.view.Choreographer.doCallbacks:923 android.view.Choreographer.doFrame:852 android.view.Choreographer$FrameDisplayEventReceiver.run:1283 
10-11 01:16:56.096 13398 13398 I BLASTBufferQueue: update, w= 373 h= 178 mName = ViewRootImpl@882fd76[Toast] mNativeObject= 0x7b5ffbd800 sc.mNativeObject= 0x7b6002a220 format= -3 caller= android.graphics.BLASTBufferQueue.<init>:84 android.view.ViewRootImpl.updateBlastSurfaceIfNeeded:2909 android.view.ViewRootImpl.relayoutWindow:9847 android.view.ViewRootImpl.performTraversals:3884 android.view.ViewRootImpl.doTraversal:3116 android.view.ViewRootImpl$TraversalRunnable.run:10885 
10-11 01:16:56.096 13398 13398 I ViewRootImpl@882fd76[Toast]: Relayout returned: old=(0,88,1080,2361) new=(364,2192,715,2348) req=(351,156)0 dur=10 res=0x3 s={true 0x7b16bc8000} ch=true seqId=0
10-11 01:16:56.097 13398 13398 I ViewRootImpl@882fd76[Toast]: mThreadedRenderer.initialize() mSurface={isValid=true 0x7b16bc8000} hwInitialized=true
10-11 01:16:56.098 13398 13420 D OpenGLRenderer: eglCreateWindowSurface
10-11 01:16:56.100 13398 13398 I ViewRootImpl@882fd76[Toast]: reportNextDraw android.view.ViewRootImpl.performTraversals:4438 android.view.ViewRootImpl.doTraversal:3116 android.view.ViewRootImpl$TraversalRunnable.run:10885 android.view.Choreographer$CallbackRecord.run:1301 android.view.Choreographer$CallbackRecord.run:1309 
10-11 01:16:56.100 13398 13398 I ViewRootImpl@882fd76[Toast]: Setup new sync id=0
10-11 01:16:56.100 13398 13398 I ViewRootImpl@882fd76[Toast]: Setting syncFrameCallback
10-11 01:16:56.100 13398 13398 I ViewRootImpl@882fd76[Toast]: registerCallbacksForSync syncBuffer=false
10-11 01:16:56.102 13398 13474 I ViewRootImpl@882fd76[Toast]: Received frameDrawingCallback syncResult=0 frameNum=1.
10-11 01:16:56.102 13398 13474 I ViewRootImpl@882fd76[Toast]: Setting up sync and frameCommitCallback
10-11 01:16:56.104 13398 13420 I BLASTBufferQueue: [ViewRootImpl@882fd76[Toast]#2](f:0,a:0) onFrameAvailable the first frame is available
10-11 01:16:56.105 13398 13420 I ViewRootImpl@882fd76[Toast]: Received frameCommittedCallback lastAttemptedDrawFrameNum=1 didProduceBuffer=true
10-11 01:16:56.107 13398 13420 D OpenGLRenderer: CFMS:: SetUp Pid : 13398    Tid : 13420
10-11 01:16:56.109 13398 13398 I ViewRootImpl@882fd76[Toast]: onSyncComplete
10-11 01:16:56.110 13398 13398 I ViewRootImpl@882fd76[Toast]: setupSync seqId=0 mSyncId=0 fn=1 caller=android.view.ViewRootImpl$$ExternalSyntheticLambda11.accept:6 android.window.SurfaceSyncer.lambda$setupSync$1$android-window-SurfaceSyncer:128 android.window.SurfaceSyncer$$ExternalSyntheticLambda1.accept:8 android.window.SurfaceSyncer$SyncSet.checkIfSyncIsComplete:382 android.window.SurfaceSyncer$SyncSet.markSyncReady:359 android.window.SurfaceSyncer.markSyncReady:151 android.view.ViewRootImpl.performTraversals:4503 
10-11 01:16:56.110 13398 13398 I ViewRootImpl@882fd76[Toast]: reportDrawFinished seqId=0 mSyncId=-1 fn=1 mSurfaceChangedTransaction=0x7b60129a00
10-11 01:16:57.311 13398 13398 I ViewRootImpl@10a13eb[MainActivity]: ViewPostIme pointer 0
10-11 01:16:57.359 13398 13398 I ViewRootImpl@10a13eb[MainActivity]: ViewPostIme pointer 1
10-11 01:16:57.378 13398 13398 I IMM_LC  : hsifw() - flag : 0
10-11 01:16:57.378 13398 13398 I IMM_LC  : hsifw() - mService.hideSoftInput
10-11 01:16:57.543 13398 13445 I WebViewFactory: Loading com.google.android.webview version 141.0.7390.43 (code 739004333)
10-11 01:16:57.548 13398 13445 W st.cloudstream3: Failed to find entry 'classes.dex': Entry not found
10-11 01:16:57.549 13398 13445 D nativeloader: Configuring clns-6 for other apk /data/app/~~KzgKvUv1JwmzxHei_tsHXQ==/com.google.android.trichromelibrary_739004333-NHJfK8xUfQ5oC0LHEjEvPw==/base.apk. target_sdk_version=36, uses_libraries=ALL, library_path=/data/app/~~Z7EoFjMbPG94A6o-3Nb5UQ==/com.google.android.webview-eZKrupClwVmgDmxWAn78Ag==/lib/arm64:/data/app/~~Z7EoFjMbPG94A6o-3Nb5UQ==/com.google.android.webview-eZKrupClwVmgDmxWAn78Ag==/base.apk!/lib/arm64-v8a:/data/app/~~KzgKvUv1JwmzxHei_tsHXQ==/com.google.android.trichromelibrary_739004333-NHJfK8xUfQ5oC0LHEjEvPw==/base.apk!/lib/arm64-v8a, permitted_path=/data:/mnt/expand
10-11 01:16:57.549 13398 13445 D nativeloader: Extending system_exposed_libraries: libhumantracking.arcsoft.so:libPortraitDistortionCorrection.arcsoft.so:libPortraitDistortionCorrectionCali.arcsoft.so:libface_landmark.arcsoft.so:libFacialStickerEngine.arcsoft.so:libveengine.arcsoft.so:liblow_light_hdr.arcsoft.so:libhigh_dynamic_range.arcsoft.so:libFacialAttributeDetection.arcsoft.so:libBeauty_v4.camera.samsung.so:libexifa.camera.samsung.so:libjpega.camera.samsung.so:libOpenCv.camera.samsung.so:libImageScreener.camera.samsung.so:libMyFilter.camera.samsung.so:libtensorflowLite.myfilter.camera.samsung.so:libtensorflowlite_inference_api.myfilter.camera.samsung.so:libEventFinder.camera.samsung.so:libHIDTSnapJNI.camera.samsung.so:libSmartScan.camera.samsung.so:libRectify.camera.samsung.so:libDocRectifyWrapper.camera.samsung.so:libUltraWideDistortionCorrection.camera.samsung.so:libWideDistortionCorrection.camera.samsung.so:libHpr_RecGAE_cvFeature_v1.0.camera.samsung.so:libHprFace_GAE_api.camera.samsung.so:libFace_Landmark_API.camera.samsung.so:libHprFace_GAE_jn
10-11 01:16:57.554 13398 13445 D nativeloader: Configuring clns-7 for other apk /data/app/~~Z7EoFjMbPG94A6o-3Nb5UQ==/com.google.android.webview-eZKrupClwVmgDmxWAn78Ag==/base.apk. target_sdk_version=36, uses_libraries=, library_path=/data/app/~~Z7EoFjMbPG94A6o-3Nb5UQ==/com.google.android.webview-eZKrupClwVmgDmxWAn78Ag==/lib/arm64:/data/app/~~Z7EoFjMbPG94A6o-3Nb5UQ==/com.google.android.webview-eZKrupClwVmgDmxWAn78Ag==/base.apk!/lib/arm64-v8a:/data/app/~~KzgKvUv1JwmzxHei_tsHXQ==/com.google.android.trichromelibrary_739004333-NHJfK8xUfQ5oC0LHEjEvPw==/base.apk!/lib/arm64-v8a, permitted_path=/data:/mnt/expand
10-11 01:16:57.585 13398 13445 I cr_WVCFactoryProvider: version=141.0.7390.43 (739004333) minSdkVersion=29 multiprocess=true packageId=127 splits=<none>
10-11 01:16:57.591 13398 13445 D nativeloader: Load /data/app/~~KzgKvUv1JwmzxHei_tsHXQ==/com.google.android.trichromelibrary_739004333-NHJfK8xUfQ5oC0LHEjEvPw==/base.apk!/lib/arm64-v8a/libmonochrome_64.so using class loader ns clns-7 (caller=/data/app/~~Z7EoFjMbPG94A6o-3Nb5UQ==/com.google.android.webview-eZKrupClwVmgDmxWAn78Ag==/base.apk): ok
10-11 01:16:57.593 13398 13445 D nativeloader: Load /system/lib64/libwebviewchromium_plat_support.so using class loader ns clns-7 (caller=/data/app/~~Z7EoFjMbPG94A6o-3Nb5UQ==/com.google.android.webview-eZKrupClwVmgDmxWAn78Ag==/base.apk): ok
10-11 01:16:57.597 13398 13529 I chromium: [1011/011657.596991:INFO:android_webview/browser/variations/variations_seed_loader.cc:67] Failed to open file for reading.: No such file or directory (2)
10-11 01:16:57.604 13398 13445 I cr_LibraryLoader: Successfully loaded native library
10-11 01:16:57.606 13398 13445 I cr_CachingUmaRecorder: Flushed 13 samples from 13 histograms, 0 samples were dropped.
10-11 01:16:58.010 13398 13420 D OpenGLRenderer: setSurface called with nullptr
10-11 01:16:58.010 13398 13420 D OpenGLRenderer: setSurface() destroyed EGLSurface
10-11 01:16:58.010 13398 13420 D OpenGLRenderer: destroyEglSurface
10-11 01:16:58.011 13398 13398 I ViewRootImpl@882fd76[Toast]: dispatchDetachedFromWindow
10-11 01:16:58.021 13398 13398 D InputTransport: Input channel destroyed: '9c45bb3', fd=158
10-11 01:16:58.372 13398 13408 I st.cloudstream3: Background concurrent copying GC freed 8574KB AllocSpace bytes, 73(3560KB) LOS objects, 50% free, 17MB/35MB, paused 317us,69us total 140.403ms
10-11 01:16:58.375 13398 13420 D OpenGLRenderer: setSurface called with nullptr
10-11 01:16:58.391 13398 13410 W System  : A resource failed to call close. 
10-11 01:17:00.111 13398 13398 I ViewRootImpl@10a13eb[MainActivity]: ViewPostIme pointer 0
10-11 01:17:00.358 13398 13398 I ViewRootImpl@10a13eb[MainActivity]: ViewPostIme pointer 1
10-11 01:17:01.069 13398 13398 I ViewRootImpl@10a13eb[MainActivity]: ViewPostIme pointer 0
10-11 01:17:01.360 13398 13398 I ViewRootImpl@10a13eb[MainActivity]: ViewPostIme pointer 1
10-11 01:17:02.835 13398 13398 I ViewRootImpl@10a13eb[MainActivity]: ViewPostIme pointer 0
10-11 01:17:02.867 13398 13398 I ViewRootImpl@10a13eb[MainActivity]: ViewPostIme pointer 1
10-11 01:17:02.882 13398 13398 I NavComponent: Navigating to fragment: 2131362274
10-11 01:17:02.915 13398 13398 I IMM_LC  : hsifw() - flag : 0
10-11 01:17:02.915 13398 13398 I IMM_LC  : hsifw() - mService.hideSoftInput
10-11 01:17:02.959 13398 13398 D ScrollView: initGoToTop
10-11 01:17:03.245 13398 13398 I SurfaceView@79bbf5c: onWindowVisibilityChanged(0) true android.view.SurfaceView{79bbf5c V.E..V... ......I. 0,0-0,0} of ViewRootImpl@10a13eb[MainActivity]
10-11 01:17:03.245 13398 13398 D SurfaceView@79bbf5c: updateSurface: has no frame
10-11 01:17:03.253 13398 13398 I CS3ExoPlayer: SET STYLE = SaveCaptionStyle(foregroundColor=-1, backgroundColor=0, windowColor=0, edgeType=1, edgeColor=-16777216, typeface=null, typefaceFilePath=null, elevation=20, fixedTextSize=null, edgeSize=null, removeCaptions=false, removeBloat=true, upperCase=false, bold=false, italic=false, backgroundRadius=null)
10-11 01:17:03.268 13398 13398 D VideoClickActionHolder: allVideoClickActions: [null:com.lagradost.cloudstream3.actions.temp.PlayInBrowserAction, null:com.lagradost.cloudstream3.actions.temp.CopyClipboardAction, null:com.lagradost.cloudstream3.actions.temp.ViewM3U8Action, null:com.lagradost.cloudstream3.actions.temp.VlcPackage, null:com.lagradost.cloudstream3.actions.temp.MpvPackage, null:com.lagradost.cloudstream3.actions.temp.NextPlayerPackage, null:com.lagradost.cloudstream3.actions.temp.JustPlayerPackage, null:com.lagradost.cloudstream3.actions.temp.fcast.FcastAction, null:com.lagradost.cloudstream3.actions.temp.LibreTorrentPackage, null:com.lagradost.cloudstream3.actions.temp.BiglyBTPackage, null:com.lagradost.cloudstream3.actions.temp.VlcNightlyPackage, null:com.lagradost.cloudstream3.actions.temp.WebVideoCastPackage, null:com.lagradost.cloudstream3.actions.temp.MpvYTDLPackage, null:com.lagradost.cloudstream3.actions.temp.MpvKtPackage, null:com.lagradost.cloudstream3.actions.temp.MpvKtPreviewPackage, null:com.lagradost.cloudstream3.actions.AlwaysAskAction]
10-11 01:17:03.269 13398 13398 I IMM_LC  : hsifw() - flag : 0
10-11 01:17:03.269 13398 13398 I IMM_LC  : hsifw() - mService.hideSoftInput
10-11 01:17:03.272 13398 13453 I SYNCVM  : addFromUrl = https://tv6.egydead.live/%d9%85%d8%b4%d8%a7%d9%87%d8%af%d8%a9-%d9%81%d9%8a%d9%84%d9%85-pretty-crazy-2025-%d9%85%d8%aa%d8%b1%d8%ac%d9%85/
10-11 01:17:03.273 13398 13453 I SYNCUTIL: getIdsFromUrl https://tv6.egydead.live/%d9%85%d8%b4%d8%a7%d9%87%d8%af%d8%a9-%d9%81%d9%8a%d9%84%d9%85-pretty-crazy-2025-%d9%85%d8%aa%d8%b1%d8%ac%d9%85/
10-11 01:17:03.288 13398 13398 I SurfaceView@79bbf5c: onWindowVisibilityChanged(8) false android.view.SurfaceView{79bbf5c V.E..V... ......I. 0,0-0,0} of ViewRootImpl@10a13eb[MainActivity]
10-11 01:17:03.288 13398 13398 D SurfaceView@79bbf5c: updateSurface: has no frame
10-11 01:17:03.288 13398 13398 D SurfaceView@79bbf5c: updateSurface: has no frame
10-11 01:17:03.288 13398 13398 I SurfaceView@79bbf5c: onDetachedFromWindow: tryReleaseSurfaces()
10-11 01:17:03.288 13398 13398 I SurfaceView@79bbf5c: releaseSurfaces: viewRoot = ViewRootImpl@10a13eb[MainActivity]
10-11 01:17:03.289 13398 13398 I SurfaceView@79bbf5c: applyTransactionOnVriDraw: vri = ViewRootImpl@10a13eb[MainActivity] fRS = true t = 0x7b166a1500 android.view.SurfaceView.releaseSurfaces:858 android.view.SurfaceView.onDetachedFromWindow:500 android.view.View.dispatchDetachedFromWindow:22538 
10-11 01:17:03.289 13398 13398 I SurfaceView@79bbf5c: applyTransactionOnVriDraw: viewRoot.applyTransactionOnDrawFromReleaseSurfaces
10-11 01:17:03.289 13398 13398 I ViewRootImpl@10a13eb[MainActivity]: applyTransactionOnDraw: mRemoved = false isHardwareEnabled = true t = 0x7b166a1500android.view.ViewRootImpl.applyTransactionOnDrawFromReleaseSurfaces:12850 android.view.SurfaceView.applyTransactionOnVriDraw:2046 android.view.SurfaceView.releaseSurfaces:858 android.view.SurfaceView.onDetachedFromWindow:500 android.view.View.dispatchDetachedFromWindow:22538 
10-11 01:17:03.290 13398 13398 I SurfaceView@79bbf5c: onWindowVisibilityChanged(0) true android.view.SurfaceView{79bbf5c V.E..V... ......I. 0,0-0,0} of ViewRootImpl@10a13eb[MainActivity]
10-11 01:17:03.290 13398 13398 D SurfaceView@79bbf5c: updateSurface: has no frame
10-11 01:17:03.295 13398 13398 I DecorView: notifyKeepScreenOnChanged: keepScreenOn=false
10-11 01:17:03.307 13398 13398 I CS3ExoPlayer: reloadPlayer
10-11 01:17:03.307 13398 13398 I CS3ExoPlayer: releasePlayer
10-11 01:17:03.308 13398 13398 I CS3ExoPlayer: Handle event: PlayerAttachedEvent(player=null, source=Player)
10-11 01:17:03.313 13398 13398 I ViewRootImpl@10a13eb[MainActivity]: performTraversals params={(0,0)(fillxfill) sim={state=always_hidden adjust=resize} ty=BASE_APPLICATION wanim=0x1030309
10-11 01:17:03.313 13398 13398 I ViewRootImpl@10a13eb[MainActivity]:   fl=85810100
10-11 01:17:03.313 13398 13398 I ViewRootImpl@10a13eb[MainActivity]:   pfl=12020040
10-11 01:17:03.313 13398 13398 I ViewRootImpl@10a13eb[MainActivity]:   vsysui=500
10-11 01:17:03.313 13398 13398 I ViewRootImpl@10a13eb[MainActivity]:   bhv=DEFAULT
10-11 01:17:03.313 13398 13398 I ViewRootImpl@10a13eb[MainActivity]:   fitSides= naviIconColor=0}
10-11 01:17:03.314 13398 13398 I ViewRootImpl@10a13eb[MainActivity]: performTraversals mFirst=false windowShouldResize=false viewVisibilityChanged=false mForceNextWindowRelayout=false params={(0,0)(fillxfill) sim={state=always_hidden adjust=resize} ty=BASE_APPLICATION fmt=TRANSLUCENT wanim=0x1030309
10-11 01:17:03.314 13398 13398 I ViewRootImpl@10a13eb[MainActivity]:   fl=85810100
10-11 01:17:03.314 13398 13398 I ViewRootImpl@10a13eb[MainActivity]:   pfl=12020040
10-11 01:17:03.314 13398 13398 I ViewRootImpl@10a13eb[MainActivity]:   vsysui=500
10-11 01:17:03.314 13398 13398 I ViewRootImpl@10a13eb[MainActivity]:   bhv=DEFAULT
10-11 01:17:03.314 13398 13398 I ViewRootImpl@10a13eb[MainActivity]:   fitSides= naviIconColor=0}
10-11 01:17:03.321 13398 13398 I ViewRootImpl@10a13eb[MainActivity]: updateBlastSurfaceIfNeeded mBlastBufferQueue=0x7b601d3100 isSameSurfaceControl=true
10-11 01:17:03.321 13398 13398 I BLASTBufferQueue: update, w= 1080 h= 2400 mName = ViewRootImpl@10a13eb[MainActivity] mNativeObject= 0x7b601d3100 sc.mNativeObject= 0x7b13dd76a0 format= -3 caller= android.view.ViewRootImpl.updateBlastSurfaceIfNeeded:2898 android.view.ViewRootImpl.relayoutWindow:9847 android.view.ViewRootImpl.performTraversals:3884 android.view.ViewRootImpl.doTraversal:3116 android.view.ViewRootImpl$TraversalRunnable.run:10885 android.view.Choreographer$CallbackRecord.run:1301 
10-11 01:17:03.321 13398 13398 I ViewRootImpl@10a13eb[MainActivity]: Relayout returned: old=(0,0,1080,2400) new=(0,0,1080,2400) req=(1080,2400)0 dur=7 res=0x0 s={true 0x7b7afbc800} ch=false seqId=0
10-11 01:17:03.323 13398 13398 W View    : requestLayout() improperly called by android.widget.FrameLayout{a52eb3f I.E..V... ......I. 0,0-0,0 #7f0a04e7 app:id/start_panel} during layout: running second layout pass
10-11 01:17:03.323 13398 13398 W View    : requestLayout() improperly called by android.widget.FrameLayout{ab58c0c I.E..V... ......ID 1080,0-1080,2143 #7f0a0168 app:id/end_panel} during layout: running second layout pass
10-11 01:17:03.324 13398 13398 D SurfaceView@79bbf5c: updateSurface: has no frame
10-11 01:17:03.330 13398 13475 I ViewRootImpl@10a13eb[MainActivity]: mWNT: t=0x7b166a1500 mBlastBufferQueue=0x7b601d3100 fn= 596 caller= android.view.ViewRootImpl.lambda$applyTransactionOnDraw$11$android-view-ViewRootImpl:12865 android.view.ViewRootImpl$$ExternalSyntheticLambda1.onFrameDraw:4 android.graphics.HardwareRenderer$FrameDrawingCallback.onFrameDraw:924 
10-11 01:17:03.332 13398 13398 D SurfaceView@79bbf5c: updateSurface: has no frame
10-11 01:17:03.348 13398 13398 D SurfaceView@79bbf5c: updateSurface: has no frame
10-11 01:17:03.362 13398 13398 D SurfaceView@79bbf5c: updateSurface: has no frame
10-11 01:17:03.393 13398 13398 D SurfaceView@79bbf5c: updateSurface: has no frame
10-11 01:17:03.409 13398 13398 D SurfaceView@79bbf5c: updateSurface: has no frame
10-11 01:17:03.426 13398 13398 D SurfaceView@79bbf5c: updateSurface: has no frame
10-11 01:17:03.443 13398 13398 D SurfaceView@79bbf5c: updateSurface: has no frame
10-11 01:17:03.459 13398 13398 D SurfaceView@79bbf5c: updateSurface: has no frame
10-11 01:17:03.485 13398 13398 D SurfaceView@79bbf5c: updateSurface: has no frame
10-11 01:17:03.494 13398 13398 D SurfaceView@79bbf5c: updateSurface: has no frame
10-11 01:17:03.510 13398 13398 D SurfaceView@79bbf5c: updateSurface: has no frame
10-11 01:17:03.526 13398 13398 D SurfaceView@79bbf5c: updateSurface: has no frame
10-11 01:17:03.543 13398 13398 D SurfaceView@79bbf5c: updateSurface: has no frame
10-11 01:17:03.549 13398 13448 I RVM2    : applyMeta
10-11 01:17:03.559 13398 13398 D SurfaceView@79bbf5c: updateSurface: has no frame
10-11 01:17:03.576 13398 13398 D SurfaceView@79bbf5c: updateSurface: has no frame
10-11 01:17:03.593 13398 13398 D SurfaceView@79bbf5c: updateSurface: has no frame
10-11 01:17:03.609 13398 13398 D SurfaceView@79bbf5c: updateSurface: has no frame
10-11 01:17:03.626 13398 13398 D SurfaceView@79bbf5c: updateSurface: has no frame
10-11 01:17:03.643 13398 13398 D SurfaceView@79bbf5c: updateSurface: has no frame
10-11 01:17:03.660 13398 13398 D SurfaceView@79bbf5c: updateSurface: has no frame
10-11 01:17:03.676 13398 13398 D SurfaceView@79bbf5c: updateSurface: has no frame
10-11 01:17:03.692 13398 13398 D SurfaceView@79bbf5c: updateSurface: has no frame
10-11 01:17:03.709 13398 13398 D SurfaceView@79bbf5c: updateSurface: has no frame
10-11 01:17:03.726 13398 13398 D SurfaceView@79bbf5c: updateSurface: has no frame
10-11 01:17:03.742 13398 13398 D SurfaceView@79bbf5c: updateSurface: has no frame
10-11 01:17:03.759 13398 13398 D SurfaceView@79bbf5c: updateSurface: has no frame
10-11 01:17:03.777 13398 13398 D SurfaceView@79bbf5c: updateSurface: has no frame
10-11 01:17:03.792 13398 13398 D SurfaceView@79bbf5c: updateSurface: has no frame
10-11 01:17:03.809 13398 13398 D SurfaceView@79bbf5c: updateSurface: has no frame
10-11 01:17:03.823 13398 13398 W PanelsChildGestureRegionObserver: failed to register view with ID 2131362800. already registered
10-11 01:17:03.825 13398 13398 E CoilImgLoader: Error loading image: coil3.request.NullRequestDataException: The request's data is null.
10-11 01:17:03.831 13398 13398 E CoilImgLoader: Error loading image: coil3.request.NullRequestDataException: The request's data is null.
10-11 01:17:03.873 13398 13448 I SYNCVM  : addFromUrl = https://tv6.egydead.live/%d9%85%d8%b4%d8%a7%d9%87%d8%af%d8%a9-%d9%81%d9%8a%d9%84%d9%85-pretty-crazy-2025-%d9%85%d8%aa%d8%b1%d8%ac%d9%85/
10-11 01:17:03.873 13398 13448 I SYNCUTIL: getIdsFromUrl https://tv6.egydead.live/%d9%85%d8%b4%d8%a7%d9%87%d8%af%d8%a9-%d9%81%d9%8a%d9%84%d9%85-pretty-crazy-2025-%d9%85%d8%aa%d8%b1%d8%ac%d9%85/
10-11 01:17:03.890 13398 13398 D SurfaceView@79bbf5c: updateSurface: has no frame
10-11 01:17:03.891 13398 13398 I SurfaceView@79bbf5c: Changes: creating=true format=true size=true visible=true alpha=false hint=false mUseAlpha=false visible=true left=true top=true
10-11 01:17:03.895 13398 13398 I BLASTBufferQueue: update, w= 1080 h= 525 mName = null mNativeObject= 0x7b34585100 sc.mNativeObject= 0x7b60241960 format= 4 caller= android.view.SurfaceView.createBlastSurfaceControls:1383 android.view.SurfaceView.updateSurface:1079 android.view.SurfaceView.lambda$new$0$android-view-SurfaceView:200 android.view.SurfaceView$$ExternalSyntheticLambda5.onPreDraw:2 android.view.ViewTreeObserver.dispatchOnPreDraw:1121 android.view.ViewRootImpl.performTraversals:4442 
10-11 01:17:03.895 13398 13398 I SurfaceView@79bbf5c: 127647580 Cur surface: Surface(name=null)/@0xcaec728
10-11 01:17:03.895 13398 13398 I SurfaceView@79bbf5c: pST: sr = Rect(0, 218 - 1080, 743) sw = 1080 sh = 525
10-11 01:17:03.895 13398 13398 D SurfaceView@79bbf5c: performSurfaceTransaction RenderWorker position = [0, 218, 1080, 743] surfaceSize = 1080x525
10-11 01:17:03.895 13398 13398 I SurfaceView@79bbf5c: applyTransactionOnVriDraw: vri = ViewRootImpl@10a13eb[MainActivity] fRS = false t = 0x7b7afa9b00 android.view.SurfaceView.performSurfaceTransaction:959 android.view.SurfaceView.updateSurface:1105 android.view.SurfaceView.lambda$new$0$android-view-SurfaceView:200 
10-11 01:17:03.895 13398 13398 I ViewRootImpl@10a13eb[MainActivity]: applyTransactionOnDraw: mRemoved = false isHardwareEnabled = true t = 0x7b7afa9b00android.view.SurfaceView.applyTransactionOnVriDraw:2048 android.view.SurfaceView.performSurfaceTransaction:959 android.view.SurfaceView.updateSurface:1105 android.view.SurfaceView.lambda$new$0$android-view-SurfaceView:200 android.view.SurfaceView$$ExternalSyntheticLambda5.onPreDraw:2 
10-11 01:17:03.896 13398 13398 I SurfaceView@79bbf5c: updateSurface: mVisible = true mSurface.isValid() = true
10-11 01:17:03.896 13398 13398 I SurfaceView@79bbf5c: updateSurface: mSurfaceCreated = false surfaceChanged = true visibleChanged = true
10-11 01:17:03.896 13398 13398 I SurfaceView@79bbf5c: visibleChanged -- surfaceCreated
10-11 01:17:03.896 13398 13398 I SurfaceView@79bbf5c: surfaceCreated 0 #8 android.view.SurfaceView{79bbf5c V.E..V... ......ID 0,0-1080,525}
10-11 01:17:03.896 13398 13398 I SurfaceView@79bbf5c: surfaceChanged -- format=4 w=1080 h=525
10-11 01:17:03.896 13398 13398 I SurfaceView@79bbf5c: surfaceChanged (1080,525) 0 #8 android.view.SurfaceView{79bbf5c V.E..V... ......ID 0,0-1080,525}
10-11 01:17:03.896 13398 13398 I SurfaceView@79bbf5c: surfaceRedrawNeeded
10-11 01:17:03.897 13398 13398 V SurfaceView@79bbf5c: Layout: x=0 y=218 w=1080 h=525, frame=Rect(0, 0 - 1080, 525)
10-11 01:17:03.910 13398 13474 D SurfaceView@79bbf5c: updateSurfacePosition RenderWorker, frameNr = 626, position = [0, 218, 1080, 743] surfaceSize = 1080x525
10-11 01:17:03.910 13398 13474 I SurfaceView@79bbf5c: uSP: rtp = Rect(0, 218 - 1080, 743) rtsw = 1080 rtsh = 525
10-11 01:17:03.910 13398 13474 I SurfaceView@79bbf5c: onSSPAndSRT: pl = 0 pt = 218 sx = 1.0 sy = 1.0
10-11 01:17:03.911 13398 13474 I SurfaceView@79bbf5c: aOrMT: ViewRootImpl@10a13eb[MainActivity] t = android.view.SurfaceControl$Transaction@37b4b7d fN = 626 android.view.SurfaceView.-$$Nest$mapplyOrMergeTransaction:0 android.view.SurfaceView$SurfaceViewPositionUpdateListener.positionChanged:1537 android.graphics.RenderNode$CompositePositionUpdateListener.positionChanged:373 
10-11 01:17:03.911 13398 13474 I ViewRootImpl@10a13eb[MainActivity]: mWNT: t=0x7b7afa9f00 mBlastBufferQueue=0x7b601d3100 fn= 626 caller= android.view.SurfaceView.applyOrMergeTransaction:1455 android.view.SurfaceView.-$$Nest$mapplyOrMergeTransaction:0 android.view.SurfaceView$SurfaceViewPositionUpdateListener.positionChanged:1537 
10-11 01:17:03.912 13398 13474 I ViewRootImpl@10a13eb[MainActivity]: mWNT: t=0x7b7afa9b00 mBlastBufferQueue=0x7b601d3100 fn= 626 caller= android.view.ViewRootImpl.lambda$applyTransactionOnDraw$11$android-view-ViewRootImpl:12865 android.view.ViewRootImpl$$ExternalSyntheticLambda1.onFrameDraw:4 android.graphics.HardwareRenderer$FrameDrawingCallback.onFrameDraw:924 
10-11 01:17:03.940 13398 13398 I SurfaceView@79bbf5c: finishedDrawing
10-11 01:17:04.945 13398 13398 I ViewRootImpl@10a13eb[MainActivity]: ViewPostIme pointer 0
10-11 01:17:05.479 13398 13398 I Dialog  : mIsDeviceDefault = false, mIsSamsungBasicInteraction = false, isMetaDataInActivity = false
10-11 01:17:05.521 13398 13398 I DecorView: [INFO] isPopOver=false config=false
10-11 01:17:05.522 13398 13398 I DecorView: updateCaptionType: isFloating=false isApplication=true hasWindowDecorCaption=false this=DecorView@9580c70[]
10-11 01:17:05.522 13398 13398 D DecorView: setCaptionType = 0, this = DecorView@9580c70[]
10-11 01:17:05.526 13398 13398 I DecorView: getCurrentDensityDpi: from app context. densityDpi=420 msg=resources_loaded
10-11 01:17:05.526 13398 13398 I DecorView: setWindowBackground: isPopOver=false color=0 d=android.graphics.drawable.ColorDrawable@f54906e
10-11 01:17:05.535 13398 13420 D NativeCustomFrequencyManager: [NativeCFMS] BpCustomFrequencyManager::BpCustomFrequencyManager()
10-11 01:17:05.536 13398 13398 I DecorView: notifyKeepScreenOnChanged: keepScreenOn=false
10-11 01:17:05.548 13398 13398 D InsetsController: onStateChanged: InsetsState: {mDisplayFrame=Rect(0, 0 - 1080, 2400), mDisplayCutout=DisplayCutout{insets=Rect(0, 88 - 0, 0) waterfall=Insets{left=0, top=0, right=0, bottom=0} boundingRect={Bounds=[Rect(0, 0 - 0, 0), Rect(512, 0 - 568, 88), Rect(0, 0 - 0, 0), Rect(0, 0 - 0, 0)]} cutoutPathParserInfo={CutoutPathParserInfo{displayWidth=1080 displayHeight=2400 physicalDisplayWidth=1080 physicalDisplayHeight=2400 density={2.625} cutoutSpec={M 0,0 M 0,12.25101276465640 a 10.60613009248640,10.60613009248640 0 1,0 0,21.21226018497290 a 10.60613009248640,10.60613009248640 0 1,0 0,-21.21226018497290 Z @dp} rotation={0} scale={1.0} physicalPixelDisplaySizeRatio={1.0}}}}, mRoundedCorners=RoundedCorners{[RoundedCorner{position=TopLeft, radius=84, center=Point(84, 84)}, RoundedCorner{position=TopRight, radius=84, center=Point(996, 84)}, RoundedCorner{position=BottomRight, radius=84, center=Point(996, 2316)}, RoundedCorner{position=BottomLeft, radius=84, center=Point(84, 2316)}]}  mRoundedCornerFrame=Rect(0, 0 - 1080, 2400), mPrivacyIndicatorBounds=PrivacyIndicatorBounds {static bounds=Rect(964, 0 - 1080, 87) rotation=0}, mSources= { InsetsSource: {mType=ITYPE_STATUS_BAR, mFrame=[0,0][1080,88], mVisible=true, mInsetsRoundedCornerFrame=false}, InsetsSource: {mType=ITYPE_NAVIGATION_BAR, mFrame=[0,2361][1080,2400], mVisible=true, mInsetsRoundedCornerFrame=false}, InsetsSource: {mType=ITYPE_LEFT_GESTURES, mFrame=[0,0][130,2400], mVisible=true, mInsetsRoundedCornerFrame=false}, InsetsSource: {mType=ITYPE_RIGHT_GESTURES, mFrame=[950,0][1080,2400], mVisible=true, mInsetsRoundedCornerFrame=false}, InsetsSource: {mType=ITYPE_TOP_MANDATORY_GESTURES, mFrame=[0,0][1080,120], mVisible=true, mInsetsRoundedCornerFrame=false}, InsetsSource: {mType=ITYPE_BOTTOM_MANDATORY_GESTURES, mFrame=[0,2316][1080,2400], mVisible=true, mInsetsRoundedCornerFrame=false}, InsetsSource: {mType=ITYPE_LEFT_DISPLAY_CUTOUT, mFrame=[0,0][-100000,2400], mVisible=true, mInsetsRoundedCornerFrame=false}, InsetsSource: {mType=ITYPE_TOP_DISPLAY_CUTOUT, mFrame=[0,0][1080,88], mVisible=true, mInsetsRoundedCornerFrame=false}, InsetsSource: {mType=ITYPE_RIGHT_DISPLAY_CUTOUT, mFrame=[100000,0][1080,2400], mVisible=true, mInsetsRoundedCornerFrame=false}, InsetsSource: {mType=ITYPE_BOTTOM_DISPLAY_CUTOUT, mFrame=[0,100000][1080,2400], mVisible=true, mInsetsRoundedCornerFrame=false}, InsetsSource: {mType=ITYPE_TOP_TAPPABLE_ELEMENT, mFrame=[0,0][1080,88], mVisible=true, mInsetsRoundedCornerFrame=false}, InsetsSource: {mType=ITYPE_BOTTOM_TAPPABLE_ELEMENT, mFrame=[0,0][0,0], mVisible=true, mInsetsRoundedCornerFrame=false}, InsetsSource: {mType=ITYPE_IME, mFrame=[0,0][0,0], mVisibleFrame=[0,1409][1080,2400], mVisible=false, mInsetsRoundedCornerFrame=false} } host=com.lagradost.cloudstream3/com.lagradost.cloudstream3.MainActivity from=android.view.ViewRootImpl.setView:1732
10-11 01:17:05.550 13398 13398 I ViewRootImpl@8887507[MainActivity]: setView = com.android.internal.policy.DecorView@9580c70 TM=true
10-11 01:17:05.570 13398 13398 I ViewRootImpl@8887507[MainActivity]: performTraversals params={(0,0)(fillxfill) gr=CENTER sim={adjust=resize forwardNavigation} ty=APPLICATION fmt=TRANSPARENT wanim=0x7f14000b
10-11 01:17:05.570 13398 13398 I ViewRootImpl@8887507[MainActivity]:   fl=85810100
10-11 01:17:05.570 13398 13398 I ViewRootImpl@8887507[MainActivity]:   pfl=12020040
10-11 01:17:05.570 13398 13398 I ViewRootImpl@8887507[MainActivity]:   vsysui=500
10-11 01:17:05.570 13398 13398 I ViewRootImpl@8887507[MainActivity]:   bhv=DEFAULT
10-11 01:17:05.570 13398 13398 I ViewRootImpl@8887507[MainActivity]:   fitSides= naviIconColor=0}
10-11 01:17:05.571 13398 13398 I ViewRootImpl@8887507[MainActivity]: performTraversals mFirst=true windowShouldResize=true viewVisibilityChanged=false mForceNextWindowRelayout=false params={(0,0)(fillxfill) gr=CENTER sim={adjust=resize forwardNavigation} ty=APPLICATION fmt=TRANSPARENT wanim=0x7f14000b
10-11 01:17:05.571 13398 13398 I ViewRootImpl@8887507[MainActivity]:   fl=85810100
10-11 01:17:05.571 13398 13398 I ViewRootImpl@8887507[MainActivity]:   pfl=12020040
10-11 01:17:05.571 13398 13398 I ViewRootImpl@8887507[MainActivity]:   vsysui=500
10-11 01:17:05.571 13398 13398 I ViewRootImpl@8887507[MainActivity]:   bhv=DEFAULT
10-11 01:17:05.571 13398 13398 I ViewRootImpl@8887507[MainActivity]:   fitSides= naviIconColor=0}
10-11 01:17:05.584 13398 13398 I ViewRootImpl@8887507[MainActivity]: updateBlastSurfaceIfNeeded mBlastBufferQueue=null isSameSurfaceControl=false
10-11 01:17:05.584 13398 13398 I BLASTBufferQueue: new BLASTBufferQueue, mName= ViewRootImpl@8887507[MainActivity] mNativeObject= 0x7b16789300 sc.mNativeObject= 0x7b60245880 caller= android.view.ViewRootImpl.updateBlastSurfaceIfNeeded:2909 android.view.ViewRootImpl.relayoutWindow:9847 android.view.ViewRootImpl.performTraversals:3884 android.view.ViewRootImpl.doTraversal:3116 android.view.ViewRootImpl$TraversalRunnable.run:10885 android.view.Choreographer$CallbackRecord.run:1301 android.view.Choreographer$CallbackRecord.run:1309 android.view.Choreographer.doCallbacks:923 android.view.Choreographer.doFrame:852 android.view.Choreographer$FrameDisplayEventReceiver.run:1283 
10-11 01:17:05.584 13398 13398 I BLASTBufferQueue: update, w= 1080 h= 2400 mName = ViewRootImpl@8887507[MainActivity] mNativeObject= 0x7b16789300 sc.mNativeObject= 0x7b60245880 format= -2 caller= android.graphics.BLASTBufferQueue.<init>:84 android.view.ViewRootImpl.updateBlastSurfaceIfNeeded:2909 android.view.ViewRootImpl.relayoutWindow:9847 android.view.ViewRootImpl.performTraversals:3884 android.view.ViewRootImpl.doTraversal:3116 android.view.ViewRootImpl$TraversalRunnable.run:10885 
10-11 01:17:05.585 13398 13398 I ViewRootImpl@8887507[MainActivity]: Relayout returned: old=(0,0,1080,2400) new=(0,0,1080,2400) req=(1080,2400)0 dur=13 res=0x3 s={true 0x7b7ae62000} ch=true seqId=0
10-11 01:17:05.585 13398 13398 I ViewRootImpl@8887507[MainActivity]: mThreadedRenderer.initialize() mSurface={isValid=true 0x7b7ae62000} hwInitialized=true
10-11 01:17:05.586 13398 13420 D OpenGLRenderer: eglCreateWindowSurface
10-11 01:17:05.605 13398 13398 D AbsListView:  in onLayout changed 
10-11 01:17:05.606 13398 13398 I ViewRootImpl@8887507[MainActivity]: reportNextDraw android.view.ViewRootImpl.performTraversals:4438 android.view.ViewRootImpl.doTraversal:3116 android.view.ViewRootImpl$TraversalRunnable.run:10885 android.view.Choreographer$CallbackRecord.run:1301 android.view.Choreographer$CallbackRecord.run:1309 
10-11 01:17:05.606 13398 13398 I ViewRootImpl@8887507[MainActivity]: Setup new sync id=0
10-11 01:17:05.606 13398 13398 I ViewRootImpl@8887507[MainActivity]: Setting syncFrameCallback
10-11 01:17:05.606 13398 13398 I ViewRootImpl@8887507[MainActivity]: registerCallbacksForSync syncBuffer=false
10-11 01:17:05.609 13398 13475 I ViewRootImpl@8887507[MainActivity]: Received frameDrawingCallback syncResult=0 frameNum=1.
10-11 01:17:05.609 13398 13475 I ViewRootImpl@8887507[MainActivity]: Setting up sync and frameCommitCallback
10-11 01:17:05.616 13398 13420 I BLASTBufferQueue: [ViewRootImpl@8887507[MainActivity]#4](f:0,a:0) onFrameAvailable the first frame is available
10-11 01:17:05.618 13398 13420 I ViewRootImpl@8887507[MainActivity]: Received frameCommittedCallback lastAttemptedDrawFrameNum=1 didProduceBuffer=true
10-11 01:17:05.619 13398 13420 D OpenGLRenderer: CFMS:: SetUp Pid : 13398    Tid : 13420
10-11 01:17:05.622 13398 13398 I ViewRootImpl@8887507[MainActivity]: onSyncComplete
10-11 01:17:05.623 13398 13398 I ViewRootImpl@8887507[MainActivity]: setupSync seqId=0 mSyncId=0 fn=1 caller=android.view.ViewRootImpl$$ExternalSyntheticLambda11.accept:6 android.window.SurfaceSyncer.lambda$setupSync$1$android-window-SurfaceSyncer:128 android.window.SurfaceSyncer$$ExternalSyntheticLambda1.accept:8 android.window.SurfaceSyncer$SyncSet.checkIfSyncIsComplete:382 android.window.SurfaceSyncer$SyncSet.markSyncReady:359 android.window.SurfaceSyncer.markSyncReady:151 android.view.ViewRootImpl.performTraversals:4503 
10-11 01:17:05.623 13398 13398 I ViewRootImpl@8887507[MainActivity]: reportDrawFinished seqId=0 mSyncId=-1 fn=1 mSurfaceChangedTransaction=0x7b166a1e00
10-11 01:17:05.625 13398 13398 I ViewRootImpl@10a13eb[MainActivity]: MSG_WINDOW_FOCUS_CHANGED 0 0
10-11 01:17:05.669 13398 13398 I ViewRootImpl@10a13eb[MainActivity]: ViewPostIme pointer 1
10-11 01:17:05.680 13398 13398 I ViewRootImpl@8887507[MainActivity]: MSG_WINDOW_FOCUS_CHANGED 1 0
10-11 01:17:05.680 13398 13398 I ViewRootImpl@8887507[MainActivity]: mThreadedRenderer.initializeIfNeeded()#2 mSurface={isValid=true 0x7b7ae62000}
10-11 01:17:05.681 13398 13398 D InputMethodManager: startInputInner - Id : 0
10-11 01:17:05.681 13398 13398 I InputMethodManager: startInputInner - mService.startInputOrWindowGainedFocus
10-11 01:17:05.716 13398 13408 I st.cloudstream3: Background concurrent copying GC freed 11MB AllocSpace bytes, 73(4608KB) LOS objects, 50% free, 19MB/38MB, paused 388us,65us total 168.069ms
10-11 01:17:06.552 13398 13398 I ViewRootImpl@8887507[MainActivity]: ViewPostIme pointer 0
10-11 01:17:06.610 13398 13398 I ViewRootImpl@8887507[MainActivity]: ViewPostIme pointer 1
10-11 01:17:06.612 13398 13398 D AbsListView: onTouchUp() mTouchMode : 0
10-11 01:17:06.691 13398 13398 I MSHandlerLifeCycle: removeMultiSplitHandler: no exist. decor=DecorView@9580c70[MainActivity]
10-11 01:17:06.693 13398 13420 D OpenGLRenderer: setSurface called with nullptr
10-11 01:17:06.693 13398 13420 D OpenGLRenderer: setSurface() destroyed EGLSurface
10-11 01:17:06.693 13398 13420 D OpenGLRenderer: destroyEglSurface
10-11 01:17:06.694 13398 13455 D EgyDead : Loading links for URL: https://tv6.egydead.live/%d9%85%d8%b4%d8%a7%d9%87%d8%af%d8%a9-%d9%81%d9%8a%d9%84%d9%85-pretty-crazy-2025-%d9%85%d8%aa%d8%b1%d8%ac%d9%85/
10-11 01:17:06.695 13398 13420 D OpenGLRenderer: endAllActiveAnimators on 0x7af28e3f00 (MaterialTextView) with handle 0x7b3493ff60
10-11 01:17:06.696 13398 13398 I ViewRootImpl@8887507[MainActivity]: dispatchDetachedFromWindow
10-11 01:17:06.718 13398 13398 D InputTransport: Input channel destroyed: '14179da', fd=165
10-11 01:17:06.721 13398 13398 I Dialog  : mIsDeviceDefault = false, mIsSamsungBasicInteraction = false, isMetaDataInActivity = false
10-11 01:17:06.784 13398 13398 I DecorView: [INFO] isPopOver=false config=false
10-11 01:17:06.784 13398 13398 I DecorView: updateCaptionType: isFloating=false isApplication=true hasWindowDecorCaption=false this=DecorView@936f85b[]
10-11 01:17:06.784 13398 13398 D DecorView: setCaptionType = 0, this = DecorView@936f85b[]
10-11 01:17:06.786 13398 13398 I DecorView: getCurrentDensityDpi: from app context. densityDpi=420 msg=resources_loaded
10-11 01:17:06.786 13398 13398 I DecorView: setWindowBackground: isPopOver=false color=0 d=android.graphics.drawable.ColorDrawable@c64b1d1
10-11 01:17:06.794 13398 13420 D NativeCustomFrequencyManager: [NativeCFMS] BpCustomFrequencyManager::BpCustomFrequencyManager()
10-11 01:17:06.795 13398 13398 I DecorView: notifyKeepScreenOnChanged: keepScreenOn=false
