--------- beginning of main
10-10 01:35:56.684 26012 26012 D InputTransport: Input channel destroyed: '7a5c658', fd=160
10-10 01:35:56.723 26012 26012 I ViewRootImpl@78b3c24[MainActivity]: MSG_WINDOW_FOCUS_CHANGED 1 0
10-10 01:35:56.723 26012 26012 I ViewRootImpl@78b3c24[MainActivity]: mThreadedRenderer.initializeIfNeeded()#2 mSurface={isValid=true 0x7b5d0e1800}
10-10 01:35:56.728 26012 26012 D InputMethodManager: startInputInner - Id : 0
10-10 01:35:56.728 26012 26012 I InputMethodManager: startInputInner - mService.startInputOrWindowGainedFocus
10-10 01:35:58.547 26012 26012 I ViewRootImpl@78b3c24[MainActivity]: ViewPostIme pointer 0
10-10 01:35:58.627 26012 26012 I ViewRootImpl@78b3c24[MainActivity]: ViewPostIme pointer 1
10-10 01:35:58.650 26012 26012 I IMM_LC  : hsifw() - flag : 0
10-10 01:35:58.650 26012 26012 I IMM_LC  : hsifw() - mService.hideSoftInput
10-10 01:35:59.455 26012 26012 I ViewRootImpl@78b3c24[MainActivity]: ViewPostIme pointer 0
10-10 01:35:59.537 26012 26012 I ViewRootImpl@78b3c24[MainActivity]: ViewPostIme pointer 1
10-10 01:35:59.567 26012 26012 I IMM_LC  : hsifw() - flag : 0
10-10 01:35:59.567 26012 26012 I IMM_LC  : hsifw() - mService.hideSoftInput
10-10 01:36:00.331 26012 26012 I ViewRootImpl@78b3c24[MainActivity]: ViewPostIme pointer 0
10-10 01:36:00.430 26012 26012 D WindowOnBackDispatcher: onBackInvoked, viewRoot=ViewRootImpl@879ee0e[MainActivity], callback=androidx.activity.OnBackPressedDispatcher$Api33Impl$$ExternalSyntheticLambda0@2aef1a7
10-10 01:36:00.443 26012 26012 I IMM_LC  : hsifw() - flag : 0
10-10 01:36:00.443 26012 26012 I IMM_LC  : hsifw() - mService.hideSoftInput
10-10 01:36:00.451 26012 26012 D ScrollView: initGoToTop
10-10 01:36:00.492 26012 26012 E CoilImgLoader: Error loading image: coil3.request.NullRequestDataException: The request's data is null.
10-10 01:36:00.508 26012 26012 D ScrollView:  onsize change changed 
10-10 01:36:01.231 26012 26012 I ViewRootImpl@78b3c24[MainActivity]: ViewPostIme pointer 0
10-10 01:36:01.288 26012 26012 I ViewRootImpl@78b3c24[MainActivity]: ViewPostIme pointer 1
10-10 01:36:01.301 26012 26012 I NavComponent: Navigating to fragment: 2131361879
10-10 01:36:01.306 26012 26012 I IMM_LC  : hsifw() - flag : 0
10-10 01:36:01.307 26012 26012 I IMM_LC  : hsifw() - mService.hideSoftInput
10-10 01:36:02.198 26012 26012 I ViewRootImpl@78b3c24[MainActivity]: ViewPostIme pointer 0
10-10 01:36:02.248 26012 26012 I ViewRootImpl@78b3c24[MainActivity]: ViewPostIme pointer 1
10-10 01:36:02.269 26012 26012 I IMM_LC  : hsifw() - flag : 0
10-10 01:36:02.269 26012 26012 I IMM_LC  : hsifw() - mService.hideSoftInput
10-10 01:36:02.408 26012 26012 I PLG     : updatePluginList = https://raw.githubusercontent.com/adamwolker21/DZ/refs/heads/master/repo.json
10-10 01:36:02.408 26012 26012 I PLG     : getPlugins = https://raw.githubusercontent.com/adamwolker21/DZ/refs/heads/master/repo.json
10-10 01:36:02.590 26012 26110 D VotingApi: Requesting: https://counterapi.com/api/cs-raw.githubusercontent.com-adamwolker21-DZ/vote/806f9e9bb0fe6eed948cf51910bda7c7a4f4470876514f9eb99299b4b4e46db4?readOnly=true
10-10 01:36:03.141 26012 26012 I ViewRootImpl@78b3c24[MainActivity]: ViewPostIme pointer 0
10-10 01:36:03.214 26012 26012 I ViewRootImpl@78b3c24[MainActivity]: ViewPostIme pointer 1
10-10 01:36:03.223 26012 26109 I PLG     : handlePluginAction = https://raw.githubusercontent.com/adamwolker21/DZ/refs/heads/master/repo.json, (https://raw.githubusercontent.com/adamwolker21/DZ/refs/heads/master/repo.json, SitePlugin(url=https://raw.githubusercontent.com/adamwolker21/DZ/builds/EgyDead.cs3, status=1, version=1, apiVersion=1, name=EgyDead, internalName=EgyDead, authors=[adamwolker21], description=EgyDead, repositoryUrl=https://github.com/adamwolker21/DZ, tvTypes=[Movie, TvSeries], language=ar, iconUrl=https://www.faselhds.life/icon-faselplud.png, fileSize=26407)), false
10-10 01:36:03.224 26012 26109 D PluginManager: Downloading plugin: https://raw.githubusercontent.com/adamwolker21/DZ/builds/EgyDead.cs3 to /data/user/0/com.lagradost.cloudstream3/files/Extensions/httpsraw.githubusercontent.comadamwolker21DZrefsheadsmasterrepo.json.-468825824/EgyDead.-124080901.cs3
10-10 01:36:03.476 26012 26109 I PluginManager: Unloading plugin: /data/user/0/com.lagradost.cloudstream3/files/Extensions/httpsraw.githubusercontent.comadamwolker21DZrefsheadsmasterrepo.json.-468825824/EgyDead.-124080901.cs3
10-10 01:36:03.476 26012 26109 W PluginManager: Couldn't find plugin /data/user/0/com.lagradost.cloudstream3/files/Extensions/httpsraw.githubusercontent.comadamwolker21DZrefsheadsmasterrepo.json.-468825824/EgyDead.-124080901.cs3
10-10 01:36:03.477 26012 26109 I PluginManager: Loading plugin: PluginData(internalName=EgyDead, url=https://raw.githubusercontent.com/adamwolker21/DZ/builds/EgyDead.cs3, isOnline=true, filePath=/data/user/0/com.lagradost.cloudstream3/files/Extensions/httpsraw.githubusercontent.comadamwolker21DZrefsheadsmasterrepo.json.-468825824/EgyDead.-124080901.cs3, version=-2147483648)
10-10 01:36:03.533 26012 26109 I PluginInstance: Adding EgyDead (https://tv6.egydead.live) MainAPI
10-10 01:36:03.533 26012 26109 I PluginManager: Loaded plugin EgyDead successfully
10-10 01:36:03.534 26012 26109 I PLG     : getPlugins = https://raw.githubusercontent.com/adamwolker21/DZ/refs/heads/master/repo.json
10-10 01:36:03.535 26012 26012 I COMPACT : showToast = Plugin Loaded
10-10 01:36:03.544 26012 26012 D CompatibilityChangeReporter: Compat change id reported: 147798919; UID 10523; state: ENABLED
10-10 01:36:03.544 26012 26012 E Toast   : setGravity() shouldn't be called on text toasts, the values won't be used
10-10 01:36:03.544 26012 26012 I Toast   : setView: it's a custom toast
10-10 01:36:03.552 26012 26012 V Toast   : show: caller = com.lagradost.cloudstream3.CommonActivity.showToast:175 
10-10 01:36:03.615 26012 26012 V Toast   : HANDLE SHOW: android.widget.Toast$TN@69b561c mView=null mNextView=androidx.cardview.widget.CardView{a086225 V.E..V... ......ID 0,0-0,0 #7f0a0557 app:id/toast_layout_root}
10-10 01:36:03.617 26012 26012 V ToastPresenter: sipHeight = -39
10-10 01:36:03.618 26012 26012 V ToastPresenter: yOffset = 13
10-10 01:36:03.629 26012 26036 D NativeCustomFrequencyManager: [NativeCFMS] BpCustomFrequencyManager::BpCustomFrequencyManager()
10-10 01:36:03.638 26012 26012 D InsetsController: onStateChanged: InsetsState: {mDisplayFrame=Rect(0, 0 - 1080, 2400), mDisplayCutout=DisplayCutout{insets=Rect(0, 88 - 0, 0) waterfall=Insets{left=0, top=0, right=0, bottom=0} boundingRect={Bounds=[Rect(0, 0 - 0, 0), Rect(512, 0 - 568, 88), Rect(0, 0 - 0, 0), Rect(0, 0 - 0, 0)]} cutoutPathParserInfo={CutoutPathParserInfo{displayWidth=1080 displayHeight=2400 physicalDisplayWidth=1080 physicalDisplayHeight=2400 density={2.625} cutoutSpec={M 0,0 M 0,12.25101276465640 a 10.60613009248640,10.60613009248640 0 1,0 0,21.21226018497290 a 10.60613009248640,10.60613009248640 0 1,0 0,-21.21226018497290 Z @dp} rotation={0} scale={1.0} physicalPixelDisplaySizeRatio={1.0}}}}, mRoundedCorners=RoundedCorners{[RoundedCorner{position=TopLeft, radius=84, center=Point(84, 84)}, RoundedCorner{position=TopRight, radius=84, center=Point(996, 84)}, RoundedCorner{position=BottomRight, radius=84, center=Point(996, 2316)}, RoundedCorner{position=BottomLeft, radius=84, center=Point(84, 2316)}]}  mRoundedCornerFrame=Rect(0, 0 - 0, 0), mPrivacyIndicatorBounds=PrivacyIndicatorBounds {static bounds=Rect(964, 0 - 1080, 87) rotation=0}, mSources= { InsetsSource: {mType=ITYPE_NAVIGATION_BAR, mFrame=[0,2361][1080,2400], mVisible=true, mInsetsRoundedCornerFrame=false}, InsetsSource: {mType=ITYPE_LEFT_GESTURES, mFrame=[0,0][130,2400], mVisible=true, mInsetsRoundedCornerFrame=false}, InsetsSource: {mType=ITYPE_RIGHT_GESTURES, mFrame=[950,0][1080,2400], mVisible=true, mInsetsRoundedCornerFrame=false}, InsetsSource: {mType=ITYPE_TOP_MANDATORY_GESTURES, mFrame=[0,0][1080,120], mVisible=true, mInsetsRoundedCornerFrame=false}, InsetsSource: {mType=ITYPE_BOTTOM_MANDATORY_GESTURES, mFrame=[0,2316][1080,2400], mVisible=true, mInsetsRoundedCornerFrame=false}, InsetsSource: {mType=ITYPE_LEFT_DISPLAY_CUTOUT, mFrame=[0,0][-100000,2400], mVisible=true, mInsetsRoundedCornerFrame=false}, InsetsSource: {mType=ITYPE_TOP_DISPLAY_CUTOUT, mFrame=[0,0][1080,88], mVisible=true, mInsetsRoundedCornerFrame=false}, InsetsSource: {mType=ITYPE_RIGHT_DISPLAY_CUTOUT, mFrame=[100000,0][1080,2400], mVisible=true, mInsetsRoundedCornerFrame=false}, InsetsSource: {mType=ITYPE_BOTTOM_DISPLAY_CUTOUT, mFrame=[0,100000][1080,2400], mVisible=true, mInsetsRoundedCornerFrame=false}, InsetsSource: {mType=ITYPE_BOTTOM_TAPPABLE_ELEMENT, mFrame=[0,0][0,0], mVisible=true, mInsetsRoundedCornerFrame=false} } host=Toast from=android.view.ViewRootImpl.setView:1732
10-10 01:36:03.640 26012 26012 I ViewRootImpl@1173ffa[Toast]: setView = androidx.cardview.widget.CardView@a086225 TM=true
10-10 01:36:03.647 26012 26012 I ViewRootImpl@1173ffa[Toast]: performTraversals params={(0,13)(wrapxwrap) gr=BOTTOM CENTER sim={adjust=resize} ty=TOAST fmt=TRANSLUCENT wanim=0x1030004 surfaceInsets=Rect(11, 11 - 11, 11)
10-10 01:36:03.647 26012 26012 I ViewRootImpl@1173ffa[Toast]:   fl=1000098
10-10 01:36:03.647 26012 26012 I ViewRootImpl@1173ffa[Toast]:   pfl=12000000
10-10 01:36:03.647 26012 26012 I ViewRootImpl@1173ffa[Toast]:   bhv=DEFAULT
10-10 01:36:03.647 26012 26012 I ViewRootImpl@1173ffa[Toast]:   fitTypes=STATUS_BARS NAVIGATION_BARS CAPTION_BAR
10-10 01:36:03.647 26012 26012 I ViewRootImpl@1173ffa[Toast]:   fitIgnoreVis naviIconColor=0}
10-10 01:36:03.648 26012 26012 I ViewRootImpl@1173ffa[Toast]: performTraversals mFirst=true windowShouldResize=false viewVisibilityChanged=false mForceNextWindowRelayout=false params={(0,13)(wrapxwrap) gr=BOTTOM CENTER sim={adjust=resize} ty=TOAST fmt=TRANSLUCENT wanim=0x1030004 surfaceInsets=Rect(11, 11 - 11, 11)
10-10 01:36:03.648 26012 26012 I ViewRootImpl@1173ffa[Toast]:   fl=1000098
10-10 01:36:03.648 26012 26012 I ViewRootImpl@1173ffa[Toast]:   pfl=12000000
10-10 01:36:03.648 26012 26012 I ViewRootImpl@1173ffa[Toast]:   bhv=DEFAULT
10-10 01:36:03.648 26012 26012 I ViewRootImpl@1173ffa[Toast]:   fitTypes=STATUS_BARS NAVIGATION_BARS CAPTION_BAR
10-10 01:36:03.648 26012 26012 I ViewRootImpl@1173ffa[Toast]:   fitIgnoreVis naviIconColor=0}
10-10 01:36:03.663 26012 26012 I ViewRootImpl@1173ffa[Toast]: updateBlastSurfaceIfNeeded mBlastBufferQueue=null isSameSurfaceControl=false
10-10 01:36:03.664 26012 26012 I BLASTBufferQueue: new BLASTBufferQueue, mName= ViewRootImpl@1173ffa[Toast] mNativeObject= 0x7b1da53000 sc.mNativeObject= 0x7b3ffca840 caller= android.view.ViewRootImpl.updateBlastSurfaceIfNeeded:2909 android.view.ViewRootImpl.relayoutWindow:9847 android.view.ViewRootImpl.performTraversals:3884 android.view.ViewRootImpl.doTraversal:3116 android.view.ViewRootImpl$TraversalRunnable.run:10885 android.view.Choreographer$CallbackRecord.run:1301 android.view.Choreographer$CallbackRecord.run:1309 android.view.Choreographer.doCallbacks:923 android.view.Choreographer.doFrame:852 android.view.Choreographer$FrameDisplayEventReceiver.run:1283 
10-10 01:36:03.664 26012 26012 I BLASTBufferQueue: update, w= 373 h= 178 mName = ViewRootImpl@1173ffa[Toast] mNativeObject= 0x7b1da53000 sc.mNativeObject= 0x7b3ffca840 format= -3 caller= android.graphics.BLASTBufferQueue.<init>:84 android.view.ViewRootImpl.updateBlastSurfaceIfNeeded:2909 android.view.ViewRootImpl.relayoutWindow:9847 android.view.ViewRootImpl.performTraversals:3884 android.view.ViewRootImpl.doTraversal:3116 android.view.ViewRootImpl$TraversalRunnable.run:10885 
10-10 01:36:03.665 26012 26012 I ViewRootImpl@1173ffa[Toast]: Relayout returned: old=(0,88,1080,2361) new=(364,2192,715,2348) req=(351,156)0 dur=14 res=0x3 s={true 0x7b1d9b1800} ch=true seqId=0
10-10 01:36:03.666 26012 26012 I ViewRootImpl@1173ffa[Toast]: mThreadedRenderer.initialize() mSurface={isValid=true 0x7b1d9b1800} hwInitialized=true
10-10 01:36:03.666 26012 26036 D OpenGLRenderer: eglCreateWindowSurface
10-10 01:36:03.667 26012 26012 I ViewRootImpl@1173ffa[Toast]: reportNextDraw android.view.ViewRootImpl.performTraversals:4438 android.view.ViewRootImpl.doTraversal:3116 android.view.ViewRootImpl$TraversalRunnable.run:10885 android.view.Choreographer$CallbackRecord.run:1301 android.view.Choreographer$CallbackRecord.run:1309 
10-10 01:36:03.668 26012 26012 I ViewRootImpl@1173ffa[Toast]: Setup new sync id=0
10-10 01:36:03.668 26012 26012 I ViewRootImpl@1173ffa[Toast]: Setting syncFrameCallback
10-10 01:36:03.668 26012 26012 I ViewRootImpl@1173ffa[Toast]: registerCallbacksForSync syncBuffer=false
10-10 01:36:03.669 26012 26111 I ViewRootImpl@1173ffa[Toast]: Received frameDrawingCallback syncResult=0 frameNum=1.
10-10 01:36:03.670 26012 26111 I ViewRootImpl@1173ffa[Toast]: Setting up sync and frameCommitCallback
10-10 01:36:03.674 26012 26036 I BLASTBufferQueue: [ViewRootImpl@1173ffa[Toast]#4](f:0,a:0) onFrameAvailable the first frame is available
10-10 01:36:03.675 26012 26036 I ViewRootImpl@1173ffa[Toast]: Received frameCommittedCallback lastAttemptedDrawFrameNum=1 didProduceBuffer=true
10-10 01:36:03.676 26012 26036 D OpenGLRenderer: CFMS:: SetUp Pid : 26012    Tid : 26036
10-10 01:36:03.681 26012 26012 I ViewRootImpl@1173ffa[Toast]: onSyncComplete
10-10 01:36:03.681 26012 26012 I ViewRootImpl@1173ffa[Toast]: setupSync seqId=0 mSyncId=0 fn=1 caller=android.view.ViewRootImpl$$ExternalSyntheticLambda11.accept:6 android.window.SurfaceSyncer.lambda$setupSync$1$android-window-SurfaceSyncer:128 android.window.SurfaceSyncer$$ExternalSyntheticLambda1.accept:8 android.window.SurfaceSyncer$SyncSet.checkIfSyncIsComplete:382 android.window.SurfaceSyncer$SyncSet.markSyncReady:359 android.window.SurfaceSyncer.markSyncReady:151 android.view.ViewRootImpl.performTraversals:4503 
10-10 01:36:03.681 26012 26012 I ViewRootImpl@1173ffa[Toast]: reportDrawFinished seqId=0 mSyncId=-1 fn=1 mSurfaceChangedTransaction=0x7bdd4b9600
10-10 01:36:04.543 26012 26012 I ViewRootImpl@78b3c24[MainActivity]: ViewPostIme pointer 0
10-10 01:36:04.600 26012 26012 I ViewRootImpl@78b3c24[MainActivity]: ViewPostIme pointer 1
10-10 01:36:04.628 26012 26012 I IMM_LC  : hsifw() - flag : 0
10-10 01:36:04.628 26012 26012 I IMM_LC  : hsifw() - mService.hideSoftInput
10-10 01:36:04.791 26012 26110 I WebViewFactory: Loading com.google.android.webview version 141.0.7390.43 (code 739004333)
10-10 01:36:04.801 26012 26110 W st.cloudstream3: Failed to find entry 'classes.dex': Entry not found
10-10 01:36:04.802 26012 26110 D nativeloader: Configuring clns-6 for other apk /data/app/~~KzgKvUv1JwmzxHei_tsHXQ==/com.google.android.trichromelibrary_739004333-NHJfK8xUfQ5oC0LHEjEvPw==/base.apk. target_sdk_version=36, uses_libraries=ALL, library_path=/data/app/~~Z7EoFjMbPG94A6o-3Nb5UQ==/com.google.android.webview-eZKrupClwVmgDmxWAn78Ag==/lib/arm64:/data/app/~~Z7EoFjMbPG94A6o-3Nb5UQ==/com.google.android.webview-eZKrupClwVmgDmxWAn78Ag==/base.apk!/lib/arm64-v8a:/data/app/~~KzgKvUv1JwmzxHei_tsHXQ==/com.google.android.trichromelibrary_739004333-NHJfK8xUfQ5oC0LHEjEvPw==/base.apk!/lib/arm64-v8a, permitted_path=/data:/mnt/expand
10-10 01:36:04.802 26012 26110 D nativeloader: Extending system_exposed_libraries: libhumantracking.arcsoft.so:libPortraitDistortionCorrection.arcsoft.so:libPortraitDistortionCorrectionCali.arcsoft.so:libface_landmark.arcsoft.so:libFacialStickerEngine.arcsoft.so:libveengine.arcsoft.so:liblow_light_hdr.arcsoft.so:libhigh_dynamic_range.arcsoft.so:libFacialAttributeDetection.arcsoft.so:libBeauty_v4.camera.samsung.so:libexifa.camera.samsung.so:libjpega.camera.samsung.so:libOpenCv.camera.samsung.so:libImageScreener.camera.samsung.so:libMyFilter.camera.samsung.so:libtensorflowLite.myfilter.camera.samsung.so:libtensorflowlite_inference_api.myfilter.camera.samsung.so:libEventFinder.camera.samsung.so:libHIDTSnapJNI.camera.samsung.so:libSmartScan.camera.samsung.so:libRectify.camera.samsung.so:libDocRectifyWrapper.camera.samsung.so:libUltraWideDistortionCorrection.camera.samsung.so:libWideDistortionCorrection.camera.samsung.so:libHpr_RecGAE_cvFeature_v1.0.camera.samsung.so:libHprFace_GAE_api.camera.samsung.so:libFace_Landmark_API.camera.samsung.so:libHprFace_GAE_jn
10-10 01:36:04.811 26012 26110 D nativeloader: Configuring clns-7 for other apk /data/app/~~Z7EoFjMbPG94A6o-3Nb5UQ==/com.google.android.webview-eZKrupClwVmgDmxWAn78Ag==/base.apk. target_sdk_version=36, uses_libraries=, library_path=/data/app/~~Z7EoFjMbPG94A6o-3Nb5UQ==/com.google.android.webview-eZKrupClwVmgDmxWAn78Ag==/lib/arm64:/data/app/~~Z7EoFjMbPG94A6o-3Nb5UQ==/com.google.android.webview-eZKrupClwVmgDmxWAn78Ag==/base.apk!/lib/arm64-v8a:/data/app/~~KzgKvUv1JwmzxHei_tsHXQ==/com.google.android.trichromelibrary_739004333-NHJfK8xUfQ5oC0LHEjEvPw==/base.apk!/lib/arm64-v8a, permitted_path=/data:/mnt/expand
10-10 01:36:04.839 26012 26110 I cr_WVCFactoryProvider: version=141.0.7390.43 (739004333) minSdkVersion=29 multiprocess=true packageId=127 splits=<none>
10-10 01:36:04.846 26012 26110 D nativeloader: Load /data/app/~~KzgKvUv1JwmzxHei_tsHXQ==/com.google.android.trichromelibrary_739004333-NHJfK8xUfQ5oC0LHEjEvPw==/base.apk!/lib/arm64-v8a/libmonochrome_64.so using class loader ns clns-7 (caller=/data/app/~~Z7EoFjMbPG94A6o-3Nb5UQ==/com.google.android.webview-eZKrupClwVmgDmxWAn78Ag==/base.apk): ok
10-10 01:36:04.851 26012 26110 D nativeloader: Load /system/lib64/libwebviewchromium_plat_support.so using class loader ns clns-7 (caller=/data/app/~~Z7EoFjMbPG94A6o-3Nb5UQ==/com.google.android.webview-eZKrupClwVmgDmxWAn78Ag==/base.apk): ok
10-10 01:36:04.857 26012 26176 I chromium: [1010/013604.856418:INFO:android_webview/browser/variations/variations_seed_loader.cc:67] Failed to open file for reading.: No such file or directory (2)
10-10 01:36:04.865 26012 26110 I cr_LibraryLoader: Successfully loaded native library
10-10 01:36:04.867 26012 26110 I cr_CachingUmaRecorder: Flushed 13 samples from 13 histograms, 0 samples were dropped.
10-10 01:36:04.972 26012 26017 I st.cloudstream3: Background concurrent copying GC freed 9921KB AllocSpace bytes, 68(1528KB) LOS objects, 50% free, 17MB/34MB, paused 146us,68us total 137.148ms
10-10 01:36:04.977 26012 26018 D InputTransport: Input channel destroyed: 'ClientS', fd=83
10-10 01:36:04.977 26012 26036 D OpenGLRenderer: setSurface called with nullptr
10-10 01:36:04.979 26012 26018 D InputTransport: Input channel destroyed: 'ClientS', fd=121
10-10 01:36:04.980 26012 26036 D OpenGLRenderer: setSurface called with nullptr
10-10 01:36:04.989 26012 26019 W System  : A resource failed to call close. 
10-10 01:36:05.565 26012 26036 D OpenGLRenderer: setSurface called with nullptr
10-10 01:36:05.565 26012 26036 D OpenGLRenderer: setSurface() destroyed EGLSurface
10-10 01:36:05.565 26012 26036 D OpenGLRenderer: destroyEglSurface
10-10 01:36:05.567 26012 26012 I ViewRootImpl@1173ffa[Toast]: dispatchDetachedFromWindow
10-10 01:36:05.574 26012 26012 D InputTransport: Input channel destroyed: '6bdb971', fd=173
10-10 01:36:06.878 26012 26012 I ViewRootImpl@78b3c24[MainActivity]: ViewPostIme pointer 0
10-10 01:36:07.309 26012 26012 I ViewRootImpl@78b3c24[MainActivity]: ViewPostIme pointer 1
10-10 01:36:07.736 26012 26012 I ViewRootImpl@78b3c24[MainActivity]: ViewPostIme pointer 0
10-10 01:36:08.204 26012 26012 I ViewRootImpl@78b3c24[MainActivity]: ViewPostIme pointer 1
10-10 01:36:08.700 26012 26012 I ViewRootImpl@78b3c24[MainActivity]: ViewPostIme pointer 0
10-10 01:36:08.782 26012 26012 I ViewRootImpl@78b3c24[MainActivity]: ViewPostIme pointer 1
10-10 01:36:09.023 26012 26012 I ViewRootImpl@78b3c24[MainActivity]: ViewPostIme pointer 0
10-10 01:36:09.072 26012 26012 I ViewRootImpl@78b3c24[MainActivity]: ViewPostIme pointer 1
10-10 01:36:09.080 26012 26012 I NavComponent: Navigating to fragment: 2131362274
10-10 01:36:09.099 26012 26012 I IMM_LC  : hsifw() - flag : 0
10-10 01:36:09.099 26012 26012 I IMM_LC  : hsifw() - mService.hideSoftInput
10-10 01:36:09.147 26012 26012 D ScrollView: initGoToTop
10-10 01:36:09.451 26012 26017 I st.cloudstream3: Background concurrent copying GC freed 10MB AllocSpace bytes, 82(6208KB) LOS objects, 49% free, 19MB/38MB, paused 249us,118us total 161.324ms
10-10 01:36:09.470 26012 26036 D OpenGLRenderer: setSurface called with nullptr
10-10 01:36:09.543 26012 26012 I SurfaceView@33eca51: onWindowVisibilityChanged(0) true android.view.SurfaceView{33eca51 V.E..V... ......I. 0,0-0,0} of ViewRootImpl@78b3c24[MainActivity]
10-10 01:36:09.543 26012 26012 D SurfaceView@33eca51: updateSurface: has no frame
10-10 01:36:09.551 26012 26012 I CS3ExoPlayer: SET STYLE = SaveCaptionStyle(foregroundColor=-1, backgroundColor=0, windowColor=0, edgeType=1, edgeColor=-16777216, typeface=null, typefaceFilePath=null, elevation=20, fixedTextSize=null, edgeSize=null, removeCaptions=false, removeBloat=true, upperCase=false, bold=false, italic=false, backgroundRadius=null)
10-10 01:36:09.571 26012 26012 D VideoClickActionHolder: allVideoClickActions: [null:com.lagradost.cloudstream3.actions.temp.PlayInBrowserAction, null:com.lagradost.cloudstream3.actions.temp.CopyClipboardAction, null:com.lagradost.cloudstream3.actions.temp.ViewM3U8Action, null:com.lagradost.cloudstream3.actions.temp.VlcPackage, null:com.lagradost.cloudstream3.actions.temp.MpvPackage, null:com.lagradost.cloudstream3.actions.temp.NextPlayerPackage, null:com.lagradost.cloudstream3.actions.temp.JustPlayerPackage, null:com.lagradost.cloudstream3.actions.temp.fcast.FcastAction, null:com.lagradost.cloudstream3.actions.temp.LibreTorrentPackage, null:com.lagradost.cloudstream3.actions.temp.BiglyBTPackage, null:com.lagradost.cloudstream3.actions.temp.VlcNightlyPackage, null:com.lagradost.cloudstream3.actions.temp.WebVideoCastPackage, null:com.lagradost.cloudstream3.actions.temp.MpvYTDLPackage, null:com.lagradost.cloudstream3.actions.temp.MpvKtPackage, null:com.lagradost.cloudstream3.actions.temp.MpvKtPreviewPackage, null:com.lagradost.cloudstream3.actions.AlwaysAskAction]
10-10 01:36:09.573 26012 26012 I IMM_LC  : hsifw() - flag : 0
10-10 01:36:09.573 26012 26012 I IMM_LC  : hsifw() - mService.hideSoftInput
10-10 01:36:09.575 26012 26069 I SYNCVM  : addFromUrl = https://tv6.egydead.live/%d9%85%d8%b4%d8%a7%d9%87%d8%af%d8%a9-%d9%81%d9%8a%d9%84%d9%85-pretty-crazy-2025-%d9%85%d8%aa%d8%b1%d8%ac%d9%85/
10-10 01:36:09.576 26012 26069 I SYNCUTIL: getIdsFromUrl https://tv6.egydead.live/%d9%85%d8%b4%d8%a7%d9%87%d8%af%d8%a9-%d9%81%d9%8a%d9%84%d9%85-pretty-crazy-2025-%d9%85%d8%aa%d8%b1%d8%ac%d9%85/
10-10 01:36:09.591 26012 26012 I SurfaceView@33eca51: onWindowVisibilityChanged(8) false android.view.SurfaceView{33eca51 V.E..V... ......I. 0,0-0,0} of ViewRootImpl@78b3c24[MainActivity]
10-10 01:36:09.591 26012 26012 D SurfaceView@33eca51: updateSurface: has no frame
10-10 01:36:09.591 26012 26012 D SurfaceView@33eca51: updateSurface: has no frame
10-10 01:36:09.591 26012 26012 I SurfaceView@33eca51: onDetachedFromWindow: tryReleaseSurfaces()
10-10 01:36:09.591 26012 26012 I SurfaceView@33eca51: releaseSurfaces: viewRoot = ViewRootImpl@78b3c24[MainActivity]
10-10 01:36:09.591 26012 26012 I SurfaceView@33eca51: applyTransactionOnVriDraw: vri = ViewRootImpl@78b3c24[MainActivity] fRS = true t = 0x7bdd50bd00 android.view.SurfaceView.releaseSurfaces:858 android.view.SurfaceView.onDetachedFromWindow:500 android.view.View.dispatchDetachedFromWindow:22538 
10-10 01:36:09.591 26012 26012 I SurfaceView@33eca51: applyTransactionOnVriDraw: viewRoot.applyTransactionOnDrawFromReleaseSurfaces
10-10 01:36:09.591 26012 26012 I ViewRootImpl@78b3c24[MainActivity]: applyTransactionOnDraw: mRemoved = false isHardwareEnabled = true t = 0x7bdd50bd00android.view.ViewRootImpl.applyTransactionOnDrawFromReleaseSurfaces:12850 android.view.SurfaceView.applyTransactionOnVriDraw:2046 android.view.SurfaceView.releaseSurfaces:858 android.view.SurfaceView.onDetachedFromWindow:500 android.view.View.dispatchDetachedFromWindow:22538 
10-10 01:36:09.593 26012 26012 I SurfaceView@33eca51: onWindowVisibilityChanged(0) true android.view.SurfaceView{33eca51 V.E..V... ......I. 0,0-0,0} of ViewRootImpl@78b3c24[MainActivity]
10-10 01:36:09.593 26012 26012 D SurfaceView@33eca51: updateSurface: has no frame
10-10 01:36:09.601 26012 26012 I DecorView: notifyKeepScreenOnChanged: keepScreenOn=false
10-10 01:36:09.613 26012 26012 I CS3ExoPlayer: reloadPlayer
10-10 01:36:09.613 26012 26012 I CS3ExoPlayer: releasePlayer
10-10 01:36:09.614 26012 26012 I CS3ExoPlayer: Handle event: PlayerAttachedEvent(player=null, source=Player)
10-10 01:36:09.615 26012 26012 I Choreographer: Skipped 30 frames!  The application may be doing too much work on its main thread.
10-10 01:36:09.619 26012 26012 I ViewRootImpl@78b3c24[MainActivity]: performTraversals params={(0,0)(fillxfill) sim={state=always_hidden adjust=resize} ty=BASE_APPLICATION wanim=0x1030309
10-10 01:36:09.619 26012 26012 I ViewRootImpl@78b3c24[MainActivity]:   fl=85810100
10-10 01:36:09.619 26012 26012 I ViewRootImpl@78b3c24[MainActivity]:   pfl=12020040
10-10 01:36:09.619 26012 26012 I ViewRootImpl@78b3c24[MainActivity]:   vsysui=500
10-10 01:36:09.619 26012 26012 I ViewRootImpl@78b3c24[MainActivity]:   bhv=DEFAULT
10-10 01:36:09.619 26012 26012 I ViewRootImpl@78b3c24[MainActivity]:   fitSides= naviIconColor=0}
10-10 01:36:09.620 26012 26012 I ViewRootImpl@78b3c24[MainActivity]: performTraversals mFirst=false windowShouldResize=false viewVisibilityChanged=false mForceNextWindowRelayout=false params={(0,0)(fillxfill) sim={state=always_hidden adjust=resize} ty=BASE_APPLICATION fmt=TRANSLUCENT wanim=0x1030309
10-10 01:36:09.620 26012 26012 I ViewRootImpl@78b3c24[MainActivity]:   fl=85810100
10-10 01:36:09.620 26012 26012 I ViewRootImpl@78b3c24[MainActivity]:   pfl=12020040
10-10 01:36:09.620 26012 26012 I ViewRootImpl@78b3c24[MainActivity]:   vsysui=500
10-10 01:36:09.620 26012 26012 I ViewRootImpl@78b3c24[MainActivity]:   bhv=DEFAULT
10-10 01:36:09.620 26012 26012 I ViewRootImpl@78b3c24[MainActivity]:   fitSides= naviIconColor=0}
10-10 01:36:09.628 26012 26012 I ViewRootImpl@78b3c24[MainActivity]: updateBlastSurfaceIfNeeded mBlastBufferQueue=0x7b3fdecc00 isSameSurfaceControl=true
10-10 01:36:09.629 26012 26012 I BLASTBufferQueue: update, w= 1080 h= 2400 mName = ViewRootImpl@78b3c24[MainActivity] mNativeObject= 0x7b3fdecc00 sc.mNativeObject= 0x7b3fe8d820 format= -3 caller= android.view.ViewRootImpl.updateBlastSurfaceIfNeeded:2898 android.view.ViewRootImpl.relayoutWindow:9847 android.view.ViewRootImpl.performTraversals:3884 android.view.ViewRootImpl.doTraversal:3116 android.view.ViewRootImpl$TraversalRunnable.run:10885 android.view.Choreographer$CallbackRecord.run:1301 
10-10 01:36:09.629 26012 26012 I ViewRootImpl@78b3c24[MainActivity]: Relayout returned: old=(0,0,1080,2400) new=(0,0,1080,2400) req=(1080,2400)0 dur=8 res=0x0 s={true 0x7b5d0e1800} ch=false seqId=0
10-10 01:36:09.632 26012 26012 W View    : requestLayout() improperly called by android.widget.FrameLayout{bf13ec3 I.E..V... ......I. 0,0-0,0 #7f0a04e7 app:id/start_panel} during layout: running second layout pass
10-10 01:36:09.632 26012 26012 W View    : requestLayout() improperly called by android.widget.FrameLayout{4a95340 I.E..V... ......ID 1080,0-1080,2143 #7f0a0168 app:id/end_panel} during layout: running second layout pass
10-10 01:36:09.634 26012 26012 D SurfaceView@33eca51: updateSurface: has no frame
10-10 01:36:09.641 26012 26112 I ViewRootImpl@78b3c24[MainActivity]: mWNT: t=0x7bdd50bd00 mBlastBufferQueue=0x7b3fdecc00 fn= 591 caller= android.view.ViewRootImpl.lambda$applyTransactionOnDraw$11$android-view-ViewRootImpl:12865 android.view.ViewRootImpl$$ExternalSyntheticLambda1.onFrameDraw:4 android.graphics.HardwareRenderer$FrameDrawingCallback.onFrameDraw:924 
10-10 01:36:09.643 26012 26012 D SurfaceView@33eca51: updateSurface: has no frame
10-10 01:36:09.664 26012 26012 D SurfaceView@33eca51: updateSurface: has no frame
10-10 01:36:09.685 26012 26012 D SurfaceView@33eca51: updateSurface: has no frame
10-10 01:36:09.729 26012 26012 D SurfaceView@33eca51: updateSurface: has no frame
10-10 01:36:09.747 26012 26012 D SurfaceView@33eca51: updateSurface: has no frame
10-10 01:36:09.761 26012 26012 D SurfaceView@33eca51: updateSurface: has no frame
10-10 01:36:09.777 26012 26012 D SurfaceView@33eca51: updateSurface: has no frame
10-10 01:36:09.795 26012 26012 D SurfaceView@33eca51: updateSurface: has no frame
10-10 01:36:09.811 26012 26012 D SurfaceView@33eca51: updateSurface: has no frame
10-10 01:36:09.828 26012 26012 D SurfaceView@33eca51: updateSurface: has no frame
10-10 01:36:09.844 26012 26012 D SurfaceView@33eca51: updateSurface: has no frame
10-10 01:36:09.861 26012 26012 D SurfaceView@33eca51: updateSurface: has no frame
10-10 01:36:09.868 26012 26110 I RVM2    : applyMeta
10-10 01:36:09.878 26012 26012 D SurfaceView@33eca51: updateSurface: has no frame
10-10 01:36:09.894 26012 26012 D SurfaceView@33eca51: updateSurface: has no frame
10-10 01:36:09.911 26012 26012 D SurfaceView@33eca51: updateSurface: has no frame
10-10 01:36:09.928 26012 26012 D SurfaceView@33eca51: updateSurface: has no frame
10-10 01:36:09.944 26012 26012 D SurfaceView@33eca51: updateSurface: has no frame
10-10 01:36:09.961 26012 26012 D SurfaceView@33eca51: updateSurface: has no frame
10-10 01:36:09.978 26012 26012 D SurfaceView@33eca51: updateSurface: has no frame
10-10 01:36:09.994 26012 26012 D SurfaceView@33eca51: updateSurface: has no frame
10-10 01:36:10.011 26012 26012 D SurfaceView@33eca51: updateSurface: has no frame
10-10 01:36:10.028 26012 26012 D SurfaceView@33eca51: updateSurface: has no frame
10-10 01:36:10.044 26012 26012 D SurfaceView@33eca51: updateSurface: has no frame
10-10 01:36:10.061 26012 26012 D SurfaceView@33eca51: updateSurface: has no frame
10-10 01:36:10.077 26012 26012 D SurfaceView@33eca51: updateSurface: has no frame
10-10 01:36:10.094 26012 26012 D SurfaceView@33eca51: updateSurface: has no frame
10-10 01:36:10.111 26012 26012 D SurfaceView@33eca51: updateSurface: has no frame
10-10 01:36:10.127 26012 26012 D SurfaceView@33eca51: updateSurface: has no frame
10-10 01:36:10.144 26012 26012 D SurfaceView@33eca51: updateSurface: has no frame
10-10 01:36:10.161 26012 26012 D SurfaceView@33eca51: updateSurface: has no frame
10-10 01:36:10.178 26012 26012 D SurfaceView@33eca51: updateSurface: has no frame
10-10 01:36:10.187 26012 26012 W PanelsChildGestureRegionObserver: failed to register view with ID 2131362800. already registered
10-10 01:36:10.191 26012 26012 E CoilImgLoader: Error loading image: coil3.request.NullRequestDataException: The request's data is null.
10-10 01:36:10.199 26012 26012 E CoilImgLoader: Error loading image: coil3.request.NullRequestDataException: The request's data is null.
10-10 01:36:10.246 26012 26068 I SYNCVM  : addFromUrl = https://tv6.egydead.live/%d9%85%d8%b4%d8%a7%d9%87%d8%af%d8%a9-%d9%81%d9%8a%d9%84%d9%85-pretty-crazy-2025-%d9%85%d8%aa%d8%b1%d8%ac%d9%85/
10-10 01:36:10.246 26012 26068 I SYNCUTIL: getIdsFromUrl https://tv6.egydead.live/%d9%85%d8%b4%d8%a7%d9%87%d8%af%d8%a9-%d9%81%d9%8a%d9%84%d9%85-pretty-crazy-2025-%d9%85%d8%aa%d8%b1%d8%ac%d9%85/
10-10 01:36:10.264 26012 26012 D SurfaceView@33eca51: updateSurface: has no frame
10-10 01:36:10.266 26012 26012 I SurfaceView@33eca51: Changes: creating=true format=true size=true visible=true alpha=false hint=false mUseAlpha=false visible=true left=true top=true
10-10 01:36:10.269 26012 26012 I BLASTBufferQueue: update, w= 1080 h= 525 mName = null mNativeObject= 0x7bed8b2700 sc.mNativeObject= 0x7b3ffc61a0 format= 4 caller= android.view.SurfaceView.createBlastSurfaceControls:1383 android.view.SurfaceView.updateSurface:1079 android.view.SurfaceView.lambda$new$0$android-view-SurfaceView:200 android.view.SurfaceView$$ExternalSyntheticLambda5.onPreDraw:2 android.view.ViewTreeObserver.dispatchOnPreDraw:1121 android.view.ViewRootImpl.performTraversals:4442 
10-10 01:36:10.270 26012 26012 I SurfaceView@33eca51: 54446673 Cur surface: Surface(name=null)/@0x53d0583
10-10 01:36:10.270 26012 26012 I SurfaceView@33eca51: pST: sr = Rect(0, 218 - 1080, 743) sw = 1080 sh = 525
10-10 01:36:10.270 26012 26012 D SurfaceView@33eca51: performSurfaceTransaction RenderWorker position = [0, 218, 1080, 743] surfaceSize = 1080x525
10-10 01:36:10.270 26012 26012 I SurfaceView@33eca51: applyTransactionOnVriDraw: vri = ViewRootImpl@78b3c24[MainActivity] fRS = false t = 0x7b3ff69200 android.view.SurfaceView.performSurfaceTransaction:959 android.view.SurfaceView.updateSurface:1105 android.view.SurfaceView.lambda$new$0$android-view-SurfaceView:200 
10-10 01:36:10.270 26012 26012 I ViewRootImpl@78b3c24[MainActivity]: applyTransactionOnDraw: mRemoved = false isHardwareEnabled = true t = 0x7b3ff69200android.view.SurfaceView.applyTransactionOnVriDraw:2048 android.view.SurfaceView.performSurfaceTransaction:959 android.view.SurfaceView.updateSurface:1105 android.view.SurfaceView.lambda$new$0$android-view-SurfaceView:200 android.view.SurfaceView$$ExternalSyntheticLambda5.onPreDraw:2 
10-10 01:36:10.270 26012 26012 I SurfaceView@33eca51: updateSurface: mVisible = true mSurface.isValid() = true
10-10 01:36:10.270 26012 26012 I SurfaceView@33eca51: updateSurface: mSurfaceCreated = false surfaceChanged = true visibleChanged = true
10-10 01:36:10.270 26012 26012 I SurfaceView@33eca51: visibleChanged -- surfaceCreated
10-10 01:36:10.270 26012 26012 I SurfaceView@33eca51: surfaceCreated 0 #8 android.view.SurfaceView{33eca51 V.E..V... ......ID 0,0-1080,525}
10-10 01:36:10.271 26012 26012 I SurfaceView@33eca51: surfaceChanged -- format=4 w=1080 h=525
10-10 01:36:10.271 26012 26012 I SurfaceView@33eca51: surfaceChanged (1080,525) 0 #8 android.view.SurfaceView{33eca51 V.E..V... ......ID 0,0-1080,525}
10-10 01:36:10.271 26012 26012 I SurfaceView@33eca51: surfaceRedrawNeeded
10-10 01:36:10.272 26012 26012 V SurfaceView@33eca51: Layout: x=0 y=218 w=1080 h=525, frame=Rect(0, 0 - 1080, 525)
10-10 01:36:10.284 26012 26111 D SurfaceView@33eca51: updateSurfacePosition RenderWorker, frameNr = 622, position = [0, 218, 1080, 743] surfaceSize = 1080x525
10-10 01:36:10.284 26012 26111 I SurfaceView@33eca51: uSP: rtp = Rect(0, 218 - 1080, 743) rtsw = 1080 rtsh = 525
10-10 01:36:10.284 26012 26111 I SurfaceView@33eca51: onSSPAndSRT: pl = 0 pt = 218 sx = 1.0 sy = 1.0
10-10 01:36:10.285 26012 26111 I SurfaceView@33eca51: aOrMT: ViewRootImpl@78b3c24[MainActivity] t = android.view.SurfaceControl$Transaction@6c6f78a fN = 622 android.view.SurfaceView.-$$Nest$mapplyOrMergeTransaction:0 android.view.SurfaceView$SurfaceViewPositionUpdateListener.positionChanged:1537 android.graphics.RenderNode$CompositePositionUpdateListener.positionChanged:373 
10-10 01:36:10.285 26012 26111 I ViewRootImpl@78b3c24[MainActivity]: mWNT: t=0x7b3ff69600 mBlastBufferQueue=0x7b3fdecc00 fn= 622 caller= android.view.SurfaceView.applyOrMergeTransaction:1455 android.view.SurfaceView.-$$Nest$mapplyOrMergeTransaction:0 android.view.SurfaceView$SurfaceViewPositionUpdateListener.positionChanged:1537 
10-10 01:36:10.285 26012 26111 I ViewRootImpl@78b3c24[MainActivity]: mWNT: t=0x7b3ff69200 mBlastBufferQueue=0x7b3fdecc00 fn= 622 caller= android.view.ViewRootImpl.lambda$applyTransactionOnDraw$11$android-view-ViewRootImpl:12865 android.view.ViewRootImpl$$ExternalSyntheticLambda1.onFrameDraw:4 android.graphics.HardwareRenderer$FrameDrawingCallback.onFrameDraw:924 
10-10 01:36:10.312 26012 26012 I SurfaceView@33eca51: finishedDrawing
10-10 01:36:11.135 26012 26012 I ViewRootImpl@78b3c24[MainActivity]: ViewPostIme pointer 0
10-10 01:36:11.685 26012 26012 I Dialog  : mIsDeviceDefault = false, mIsSamsungBasicInteraction = false, isMetaDataInActivity = false
10-10 01:36:11.725 26012 26012 I DecorView: [INFO] isPopOver=false config=false
10-10 01:36:11.725 26012 26012 I DecorView: updateCaptionType: isFloating=false isApplication=true hasWindowDecorCaption=false this=DecorView@19db9db[]
10-10 01:36:11.725 26012 26012 D DecorView: setCaptionType = 0, this = DecorView@19db9db[]
10-10 01:36:11.727 26012 26012 I DecorView: getCurrentDensityDpi: from app context. densityDpi=420 msg=resources_loaded
10-10 01:36:11.727 26012 26012 I DecorView: setWindowBackground: isPopOver=false color=0 d=android.graphics.drawable.ColorDrawable@1f10f51
10-10 01:36:11.736 26012 26036 D NativeCustomFrequencyManager: [NativeCFMS] BpCustomFrequencyManager::BpCustomFrequencyManager()
10-10 01:36:11.737 26012 26012 I DecorView: notifyKeepScreenOnChanged: keepScreenOn=false
10-10 01:36:11.750 26012 26012 D InsetsController: onStateChanged: InsetsState: {mDisplayFrame=Rect(0, 0 - 1080, 2400), mDisplayCutout=DisplayCutout{insets=Rect(0, 88 - 0, 0) waterfall=Insets{left=0, top=0, right=0, bottom=0} boundingRect={Bounds=[Rect(0, 0 - 0, 0), Rect(512, 0 - 568, 88), Rect(0, 0 - 0, 0), Rect(0, 0 - 0, 0)]} cutoutPathParserInfo={CutoutPathParserInfo{displayWidth=1080 displayHeight=2400 physicalDisplayWidth=1080 physicalDisplayHeight=2400 density={2.625} cutoutSpec={M 0,0 M 0,12.25101276465640 a 10.60613009248640,10.60613009248640 0 1,0 0,21.21226018497290 a 10.60613009248640,10.60613009248640 0 1,0 0,-21.21226018497290 Z @dp} rotation={0} scale={1.0} physicalPixelDisplaySizeRatio={1.0}}}}, mRoundedCorners=RoundedCorners{[RoundedCorner{position=TopLeft, radius=84, center=Point(84, 84)}, RoundedCorner{position=TopRight, radius=84, center=Point(996, 84)}, RoundedCorner{position=BottomRight, radius=84, center=Point(996, 2316)}, RoundedCorner{position=BottomLeft, radius=84, center=Point(84, 2316)}]}  mRoundedCornerFrame=Rect(0, 0 - 1080, 2400), mPrivacyIndicatorBounds=PrivacyIndicatorBounds {static bounds=Rect(964, 0 - 1080, 87) rotation=0}, mSources= { InsetsSource: {mType=ITYPE_STATUS_BAR, mFrame=[0,0][1080,88], mVisible=true, mInsetsRoundedCornerFrame=false}, InsetsSource: {mType=ITYPE_NAVIGATION_BAR, mFrame=[0,2361][1080,2400], mVisible=true, mInsetsRoundedCornerFrame=false}, InsetsSource: {mType=ITYPE_LEFT_GESTURES, mFrame=[0,0][130,2400], mVisible=true, mInsetsRoundedCornerFrame=false}, InsetsSource: {mType=ITYPE_RIGHT_GESTURES, mFrame=[950,0][1080,2400], mVisible=true, mInsetsRoundedCornerFrame=false}, InsetsSource: {mType=ITYPE_TOP_MANDATORY_GESTURES, mFrame=[0,0][1080,120], mVisible=true, mInsetsRoundedCornerFrame=false}, InsetsSource: {mType=ITYPE_BOTTOM_MANDATORY_GESTURES, mFrame=[0,2316][1080,2400], mVisible=true, mInsetsRoundedCornerFrame=false}, InsetsSource: {mType=ITYPE_LEFT_DISPLAY_CUTOUT, mFrame=[0,0][-100000,2400], mVisible=true, mInsetsRoundedCornerFrame=false}, InsetsSource: {mType=ITYPE_TOP_DISPLAY_CUTOUT, mFrame=[0,0][1080,88], mVisible=true, mInsetsRoundedCornerFrame=false}, InsetsSource: {mType=ITYPE_RIGHT_DISPLAY_CUTOUT, mFrame=[100000,0][1080,2400], mVisible=true, mInsetsRoundedCornerFrame=false}, InsetsSource: {mType=ITYPE_BOTTOM_DISPLAY_CUTOUT, mFrame=[0,100000][1080,2400], mVisible=true, mInsetsRoundedCornerFrame=false}, InsetsSource: {mType=ITYPE_TOP_TAPPABLE_ELEMENT, mFrame=[0,0][1080,88], mVisible=true, mInsetsRoundedCornerFrame=false}, InsetsSource: {mType=ITYPE_BOTTOM_TAPPABLE_ELEMENT, mFrame=[0,0][0,0], mVisible=true, mInsetsRoundedCornerFrame=false}, InsetsSource: {mType=ITYPE_IME, mFrame=[0,0][0,0], mVisibleFrame=[0,1409][1080,2400], mVisible=false, mInsetsRoundedCornerFrame=false} } host=com.lagradost.cloudstream3/com.lagradost.cloudstream3.MainActivity from=android.view.ViewRootImpl.setView:1732
10-10 01:36:11.751 26012 26012 I ViewRootImpl@c98338e[MainActivity]: setView = com.android.internal.policy.DecorView@19db9db TM=true
10-10 01:36:11.769 26012 26012 I ViewRootImpl@c98338e[MainActivity]: performTraversals params={(0,0)(fillxfill) gr=CENTER sim={adjust=resize forwardNavigation} ty=APPLICATION fmt=TRANSPARENT wanim=0x7f14000b
10-10 01:36:11.769 26012 26012 I ViewRootImpl@c98338e[MainActivity]:   fl=85810100
10-10 01:36:11.769 26012 26012 I ViewRootImpl@c98338e[MainActivity]:   pfl=12020040
10-10 01:36:11.769 26012 26012 I ViewRootImpl@c98338e[MainActivity]:   vsysui=500
10-10 01:36:11.769 26012 26012 I ViewRootImpl@c98338e[MainActivity]:   bhv=DEFAULT
10-10 01:36:11.769 26012 26012 I ViewRootImpl@c98338e[MainActivity]:   fitSides= naviIconColor=0}
10-10 01:36:11.770 26012 26012 I ViewRootImpl@c98338e[MainActivity]: performTraversals mFirst=true windowShouldResize=true viewVisibilityChanged=false mForceNextWindowRelayout=false params={(0,0)(fillxfill) gr=CENTER sim={adjust=resize forwardNavigation} ty=APPLICATION fmt=TRANSPARENT wanim=0x7f14000b
10-10 01:36:11.770 26012 26012 I ViewRootImpl@c98338e[MainActivity]:   fl=85810100
10-10 01:36:11.770 26012 26012 I ViewRootImpl@c98338e[MainActivity]:   pfl=12020040
10-10 01:36:11.770 26012 26012 I ViewRootImpl@c98338e[MainActivity]:   vsysui=500
10-10 01:36:11.770 26012 26012 I ViewRootImpl@c98338e[MainActivity]:   bhv=DEFAULT
10-10 01:36:11.770 26012 26012 I ViewRootImpl@c98338e[MainActivity]:   fitSides= naviIconColor=0}
10-10 01:36:11.785 26012 26012 I ViewRootImpl@c98338e[MainActivity]: updateBlastSurfaceIfNeeded mBlastBufferQueue=null isSameSurfaceControl=false
10-10 01:36:11.785 26012 26012 I BLASTBufferQueue: new BLASTBufferQueue, mName= ViewRootImpl@c98338e[MainActivity] mNativeObject= 0x7bed8b2d00 sc.mNativeObject= 0x7b3ffcd540 caller= android.view.ViewRootImpl.updateBlastSurfaceIfNeeded:2909 android.view.ViewRootImpl.relayoutWindow:9847 android.view.ViewRootImpl.performTraversals:3884 android.view.ViewRootImpl.doTraversal:3116 android.view.ViewRootImpl$TraversalRunnable.run:10885 android.view.Choreographer$CallbackRecord.run:1301 android.view.Choreographer$CallbackRecord.run:1309 android.view.Choreographer.doCallbacks:923 android.view.Choreographer.doFrame:852 android.view.Choreographer$FrameDisplayEventReceiver.run:1283 
10-10 01:36:11.786 26012 26012 I BLASTBufferQueue: update, w= 1080 h= 2400 mName = ViewRootImpl@c98338e[MainActivity] mNativeObject= 0x7bed8b2d00 sc.mNativeObject= 0x7b3ffcd540 format= -2 caller= android.graphics.BLASTBufferQueue.<init>:84 android.view.ViewRootImpl.updateBlastSurfaceIfNeeded:2909 android.view.ViewRootImpl.relayoutWindow:9847 android.view.ViewRootImpl.performTraversals:3884 android.view.ViewRootImpl.doTraversal:3116 android.view.ViewRootImpl$TraversalRunnable.run:10885 
10-10 01:36:11.786 26012 26012 I ViewRootImpl@c98338e[MainActivity]: Relayout returned: old=(0,0,1080,2400) new=(0,0,1080,2400) req=(1080,2400)0 dur=15 res=0x3 s={true 0x7bdd36e000} ch=true seqId=0
10-10 01:36:11.787 26012 26012 I ViewRootImpl@c98338e[MainActivity]: mThreadedRenderer.initialize() mSurface={isValid=true 0x7bdd36e000} hwInitialized=true
10-10 01:36:11.788 26012 26036 D OpenGLRenderer: eglCreateWindowSurface
10-10 01:36:11.814 26012 26012 D AbsListView:  in onLayout changed 
10-10 01:36:11.815 26012 26012 I ViewRootImpl@c98338e[MainActivity]: reportNextDraw android.view.ViewRootImpl.performTraversals:4438 android.view.ViewRootImpl.doTraversal:3116 android.view.ViewRootImpl$TraversalRunnable.run:10885 android.view.Choreographer$CallbackRecord.run:1301 android.view.Choreographer$CallbackRecord.run:1309 
10-10 01:36:11.815 26012 26012 I ViewRootImpl@c98338e[MainActivity]: Setup new sync id=0
10-10 01:36:11.815 26012 26012 I ViewRootImpl@c98338e[MainActivity]: Setting syncFrameCallback
10-10 01:36:11.815 26012 26012 I ViewRootImpl@c98338e[MainActivity]: registerCallbacksForSync syncBuffer=false
10-10 01:36:11.819 26012 26112 I ViewRootImpl@c98338e[MainActivity]: Received frameDrawingCallback syncResult=0 frameNum=1.
10-10 01:36:11.819 26012 26112 I ViewRootImpl@c98338e[MainActivity]: Setting up sync and frameCommitCallback
10-10 01:36:11.826 26012 26036 I BLASTBufferQueue: [ViewRootImpl@c98338e[MainActivity]#6](f:0,a:0) onFrameAvailable the first frame is available
10-10 01:36:11.827 26012 26036 I ViewRootImpl@c98338e[MainActivity]: Received frameCommittedCallback lastAttemptedDrawFrameNum=1 didProduceBuffer=true
10-10 01:36:11.830 26012 26036 D OpenGLRenderer: CFMS:: SetUp Pid : 26012    Tid : 26036
10-10 01:36:11.833 26012 26012 I ViewRootImpl@c98338e[MainActivity]: onSyncComplete
10-10 01:36:11.834 26012 26012 I ViewRootImpl@c98338e[MainActivity]: setupSync seqId=0 mSyncId=0 fn=1 caller=android.view.ViewRootImpl$$ExternalSyntheticLambda11.accept:6 android.window.SurfaceSyncer.lambda$setupSync$1$android-window-SurfaceSyncer:128 android.window.SurfaceSyncer$$ExternalSyntheticLambda1.accept:8 android.window.SurfaceSyncer$SyncSet.checkIfSyncIsComplete:382 android.window.SurfaceSyncer$SyncSet.markSyncReady:359 android.window.SurfaceSyncer.markSyncReady:151 android.view.ViewRootImpl.performTraversals:4503 
10-10 01:36:11.835 26012 26012 I ViewRootImpl@78b3c24[MainActivity]: ViewPostIme pointer 1
10-10 01:36:11.835 26012 26012 I ViewRootImpl@c98338e[MainActivity]: reportDrawFinished seqId=0 mSyncId=-1 fn=1 mSurfaceChangedTransaction=0x7b4008b100
10-10 01:36:11.838 26012 26012 I ViewRootImpl@78b3c24[MainActivity]: MSG_WINDOW_FOCUS_CHANGED 0 0
10-10 01:36:11.896 26012 26012 I ViewRootImpl@c98338e[MainActivity]: MSG_WINDOW_FOCUS_CHANGED 1 0
10-10 01:36:11.897 26012 26012 I ViewRootImpl@c98338e[MainActivity]: mThreadedRenderer.initializeIfNeeded()#2 mSurface={isValid=true 0x7bdd36e000}
10-10 01:36:11.898 26012 26012 D InputMethodManager: startInputInner - Id : 0
10-10 01:36:11.898 26012 26012 I InputMethodManager: startInputInner - mService.startInputOrWindowGainedFocus
10-10 01:36:12.715 26012 26012 I ViewRootImpl@c98338e[MainActivity]: ViewPostIme pointer 0
10-10 01:36:12.788 26012 26012 I ViewRootImpl@c98338e[MainActivity]: ViewPostIme pointer 1
10-10 01:36:12.790 26012 26012 D AbsListView: onTouchUp() mTouchMode : 0
10-10 01:36:12.868 26012 26069 D EgyDead : Loading links for URL: https://tv6.egydead.live/%d9%85%d8%b4%d8%a7%d9%87%d8%af%d8%a9-%d9%81%d9%8a%d9%84%d9%85-pretty-crazy-2025-%d9%85%d8%aa%d8%b1%d8%ac%d9%85/
10-10 01:36:12.869 26012 26012 I MSHandlerLifeCycle: removeMultiSplitHandler: no exist. decor=DecorView@19db9db[MainActivity]
10-10 01:36:12.870 26012 26036 D OpenGLRenderer: setSurface called with nullptr
10-10 01:36:12.870 26012 26036 D OpenGLRenderer: setSurface() destroyed EGLSurface
10-10 01:36:12.871 26012 26036 D OpenGLRenderer: destroyEglSurface
10-10 01:36:12.874 26012 26036 D OpenGLRenderer: endAllActiveAnimators on 0x7b12e64e00 (MaterialTextView) with handle 0x7bcd7847e0
10-10 01:36:12.874 26012 26012 I ViewRootImpl@c98338e[MainActivity]: dispatchDetachedFromWindow
10-10 01:36:12.900 26012 26012 D InputTransport: Input channel destroyed: '990c451', fd=169
10-10 01:36:12.903 26012 26012 I Dialog  : mIsDeviceDefault = false, mIsSamsungBasicInteraction = false, isMetaDataInActivity = false
10-10 01:36:12.967 26012 26012 I DecorView: [INFO] isPopOver=false config=false
10-10 01:36:12.967 26012 26012 I DecorView: updateCaptionType: isFloating=false isApplication=true hasWindowDecorCaption=false this=DecorView@fb8c532[]
10-10 01:36:12.968 26012 26012 D DecorView: setCaptionType = 0, this = DecorView@fb8c532[]
10-10 01:36:12.969 26012 26012 I DecorView: getCurrentDensityDpi: from app context. densityDpi=420 msg=resources_loaded
10-10 01:36:12.969 26012 26012 I DecorView: setWindowBackground: isPopOver=false color=0 d=android.graphics.drawable.ColorDrawable@ae90c00
10-10 01:36:12.974 26012 26036 D NativeCustomFrequencyManager: [NativeCFMS] BpCustomFrequencyManager::BpCustomFrequencyManager()
10-10 01:36:12.975 26012 26012 I DecorView: notifyKeepScreenOnChanged: keepScreenOn=false
