--------- beginning of main
10-11 02:36:20.424 29616 29616 D InputTransport: Input channel destroyed: 'a5fda62', fd=141
10-11 02:36:20.472 29616 29616 I ViewRootImpl@7537700[MainActivity]: MSG_WINDOW_FOCUS_CHANGED 1 0
10-11 02:36:20.473 29616 29616 I ViewRootImpl@7537700[MainActivity]: mThreadedRenderer.initializeIfNeeded()#2 mSurface={isValid=true 0x7b7bfd4800}
10-11 02:36:20.477 29616 29616 D InputMethodManager: startInputInner - Id : 0
10-11 02:36:20.478 29616 29616 I InputMethodManager: startInputInner - mService.startInputOrWindowGainedFocus
10-11 02:36:21.413 29616 29616 I ViewRootImpl@7537700[MainActivity]: ViewPostIme pointer 0
10-11 02:36:21.486 29616 29616 I ViewRootImpl@7537700[MainActivity]: ViewPostIme pointer 1
10-11 02:36:21.517 29616 29616 I IMM_LC  : hsifw() - flag : 0
10-11 02:36:21.517 29616 29616 I IMM_LC  : hsifw() - mService.hideSoftInput
10-11 02:36:21.997 29616 29624 W st.cloudstream3: Cleared Reference was only reachable from finalizer (only reported once)
10-11 02:36:22.076 29616 29624 I st.cloudstream3: Background concurrent copying GC freed 19MB AllocSpace bytes, 128(7684KB) LOS objects, 50% free, 16MB/33MB, paused 765us,81us total 268.203ms
10-11 02:36:22.083 29616 29638 D OpenGLRenderer: setSurface called with nullptr
10-11 02:36:22.084 29616 29625 D InputTransport: Input channel destroyed: 'ClientS', fd=120
10-11 02:36:22.085 29616 29626 W System  : A resource failed to call ZipFile.close. 
10-11 02:36:22.629 29616 29616 I ViewRootImpl@7537700[MainActivity]: ViewPostIme pointer 0
10-11 02:36:22.711 29616 29616 I ViewRootImpl@7537700[MainActivity]: ViewPostIme pointer 1
10-11 02:36:22.732 29616 29616 I IMM_LC  : hsifw() - flag : 0
10-11 02:36:22.732 29616 29616 I IMM_LC  : hsifw() - mService.hideSoftInput
10-11 02:36:23.879 29616 29616 I ViewRootImpl@7537700[MainActivity]: ViewPostIme pointer 0
10-11 02:36:23.963 29616 29616 I ViewRootImpl@7537700[MainActivity]: ViewPostIme pointer 1
10-11 02:36:24.912 29616 29616 I ViewRootImpl@7537700[MainActivity]: ViewPostIme pointer 0
10-11 02:36:25.046 29616 29616 D WindowOnBackDispatcher: onBackInvoked, viewRoot=ViewRootImpl@b36499b[MainActivity], callback=androidx.activity.OnBackPressedDispatcher$Api33Impl$$ExternalSyntheticLambda0@61e4548
10-11 02:36:25.056 29616 29616 I IMM_LC  : hsifw() - flag : 0
10-11 02:36:25.056 29616 29616 I IMM_LC  : hsifw() - mService.hideSoftInput
10-11 02:36:25.066 29616 29616 D ScrollView: initGoToTop
10-11 02:36:25.097 29616 29616 E CoilImgLoader: Error loading image: coil3.request.NullRequestDataException: The request's data is null.
10-11 02:36:25.112 29616 29616 D ScrollView:  onsize change changed 
10-11 02:36:26.054 29616 29616 I ViewRootImpl@7537700[MainActivity]: ViewPostIme pointer 0
10-11 02:36:26.119 29616 29616 I ViewRootImpl@7537700[MainActivity]: ViewPostIme pointer 1
10-11 02:36:26.132 29616 29616 I NavComponent: Navigating to fragment: 2131361879
10-11 02:36:26.138 29616 29616 I IMM_LC  : hsifw() - flag : 0
10-11 02:36:26.138 29616 29616 I IMM_LC  : hsifw() - mService.hideSoftInput
10-11 02:36:26.940 29616 29616 I ViewRootImpl@7537700[MainActivity]: ViewPostIme pointer 0
10-11 02:36:27.005 29616 29616 I ViewRootImpl@7537700[MainActivity]: ViewPostIme pointer 1
10-11 02:36:27.029 29616 29616 I IMM_LC  : hsifw() - flag : 0
10-11 02:36:27.030 29616 29616 I IMM_LC  : hsifw() - mService.hideSoftInput
10-11 02:36:27.158 29616 29616 I PLG     : updatePluginList = https://raw.githubusercontent.com/adamwolker21/DZ/refs/heads/master/repo.json
10-11 02:36:27.158 29616 29616 I PLG     : getPlugins = https://raw.githubusercontent.com/adamwolker21/DZ/refs/heads/master/repo.json
10-11 02:36:27.486 29616 29673 D VotingApi: Requesting: https://counterapi.com/api/cs-raw.githubusercontent.com-adamwolker21-DZ/vote/806f9e9bb0fe6eed948cf51910bda7c7a4f4470876514f9eb99299b4b4e46db4?readOnly=true
10-11 02:36:27.867 29616 29616 I ViewRootImpl@7537700[MainActivity]: ViewPostIme pointer 0
10-11 02:36:27.933 29616 29616 I ViewRootImpl@7537700[MainActivity]: ViewPostIme pointer 1
10-11 02:36:27.952 29616 29662 I PLG     : handlePluginAction = https://raw.githubusercontent.com/adamwolker21/DZ/refs/heads/master/repo.json, (https://raw.githubusercontent.com/adamwolker21/DZ/refs/heads/master/repo.json, SitePlugin(url=https://raw.githubusercontent.com/adamwolker21/DZ/builds/EgyDead.cs3, status=1, version=1, apiVersion=1, name=EgyDead, internalName=EgyDead, authors=[adamwolker21], description=EgyDead, repositoryUrl=https://github.com/adamwolker21/DZ, tvTypes=[Movie, TvSeries], language=ar, iconUrl=https://www.faselhds.life/icon-faselplud.png, fileSize=20346)), false
10-11 02:36:27.957 29616 29662 I PluginManager: Unloading plugin: /data/user/0/com.lagradost.cloudstream3/files/Extensions/httpsraw.githubusercontent.comadamwolker21DZrefsheadsmasterrepo.json.-468825824/EgyDead.-124080901.cs3
10-11 02:36:28.028 29616 29662 D VideoClickActionHolder: allVideoClickActions: [null:com.lagradost.cloudstream3.actions.temp.PlayInBrowserAction, null:com.lagradost.cloudstream3.actions.temp.CopyClipboardAction, null:com.lagradost.cloudstream3.actions.temp.ViewM3U8Action, null:com.lagradost.cloudstream3.actions.temp.VlcPackage, null:com.lagradost.cloudstream3.actions.temp.MpvPackage, null:com.lagradost.cloudstream3.actions.temp.NextPlayerPackage, null:com.lagradost.cloudstream3.actions.temp.JustPlayerPackage, null:com.lagradost.cloudstream3.actions.temp.fcast.FcastAction, null:com.lagradost.cloudstream3.actions.temp.LibreTorrentPackage, null:com.lagradost.cloudstream3.actions.temp.BiglyBTPackage, null:com.lagradost.cloudstream3.actions.temp.VlcNightlyPackage, null:com.lagradost.cloudstream3.actions.temp.WebVideoCastPackage, null:com.lagradost.cloudstream3.actions.temp.MpvYTDLPackage, null:com.lagradost.cloudstream3.actions.temp.MpvKtPackage, null:com.lagradost.cloudstream3.actions.temp.MpvKtPreviewPackage, null:com.lagradost.cloudstream3.actions.AlwaysAskAction]
10-11 02:36:28.031 29616 29662 I PLG     : getPlugins = https://raw.githubusercontent.com/adamwolker21/DZ/refs/heads/master/repo.json
10-11 02:36:28.099 29616 29662 D VotingApi: Requesting: https://counterapi.com/api/cs-raw.githubusercontent.com-adamwolker21-DZ/vote/806f9e9bb0fe6eed948cf51910bda7c7a4f4470876514f9eb99299b4b4e46db4?readOnly=true
10-11 02:36:28.117 29616 29616 I COMPACT : showToast = Plugin Deleted
10-11 02:36:28.121 29616 29616 D CompatibilityChangeReporter: Compat change id reported: 147798919; UID 10523; state: ENABLED
10-11 02:36:28.122 29616 29616 E Toast   : setGravity() shouldn't be called on text toasts, the values won't be used
10-11 02:36:28.122 29616 29616 I Toast   : setView: it's a custom toast
10-11 02:36:28.128 29616 29616 V Toast   : show: caller = com.lagradost.cloudstream3.CommonActivity.showToast:175 
10-11 02:36:28.147 29616 29616 V Toast   : HANDLE SHOW: android.widget.Toast$TN@f7040b6 mView=null mNextView=androidx.cardview.widget.CardView{94731b7 V.E..V... ......ID 0,0-0,0 #7f0a0557 app:id/toast_layout_root}
10-11 02:36:28.150 29616 29616 V ToastPresenter: sipHeight = -39
10-11 02:36:28.152 29616 29616 V ToastPresenter: yOffset = 13
10-11 02:36:28.162 29616 29638 D NativeCustomFrequencyManager: [NativeCFMS] BpCustomFrequencyManager::BpCustomFrequencyManager()
10-11 02:36:28.174 29616 29616 D InsetsController: onStateChanged: InsetsState: {mDisplayFrame=Rect(0, 0 - 1080, 2400), mDisplayCutout=DisplayCutout{insets=Rect(0, 88 - 0, 0) waterfall=Insets{left=0, top=0, right=0, bottom=0} boundingRect={Bounds=[Rect(0, 0 - 0, 0), Rect(512, 0 - 568, 88), Rect(0, 0 - 0, 0), Rect(0, 0 - 0, 0)]} cutoutPathParserInfo={CutoutPathParserInfo{displayWidth=1080 displayHeight=2400 physicalDisplayWidth=1080 physicalDisplayHeight=2400 density={2.625} cutoutSpec={M 0,0 M 0,12.25101276465640 a 10.60613009248640,10.60613009248640 0 1,0 0,21.21226018497290 a 10.60613009248640,10.60613009248640 0 1,0 0,-21.21226018497290 Z @dp} rotation={0} scale={1.0} physicalPixelDisplaySizeRatio={1.0}}}}, mRoundedCorners=RoundedCorners{[RoundedCorner{position=TopLeft, radius=84, center=Point(84, 84)}, RoundedCorner{position=TopRight, radius=84, center=Point(996, 84)}, RoundedCorner{position=BottomRight, radius=84, center=Point(996, 2316)}, RoundedCorner{position=BottomLeft, radius=84, center=Point(84, 2316)}]}  mRoundedCornerFrame=Rect(0, 0 - 0, 0), mPrivacyIndicatorBounds=PrivacyIndicatorBounds {static bounds=Rect(964, 0 - 1080, 87) rotation=0}, mSources= { InsetsSource: {mType=ITYPE_NAVIGATION_BAR, mFrame=[0,2361][1080,2400], mVisible=true, mInsetsRoundedCornerFrame=false}, InsetsSource: {mType=ITYPE_LEFT_GESTURES, mFrame=[0,0][130,2400], mVisible=true, mInsetsRoundedCornerFrame=false}, InsetsSource: {mType=ITYPE_RIGHT_GESTURES, mFrame=[950,0][1080,2400], mVisible=true, mInsetsRoundedCornerFrame=false}, InsetsSource: {mType=ITYPE_TOP_MANDATORY_GESTURES, mFrame=[0,0][1080,120], mVisible=true, mInsetsRoundedCornerFrame=false}, InsetsSource: {mType=ITYPE_BOTTOM_MANDATORY_GESTURES, mFrame=[0,2316][1080,2400], mVisible=true, mInsetsRoundedCornerFrame=false}, InsetsSource: {mType=ITYPE_LEFT_DISPLAY_CUTOUT, mFrame=[0,0][-100000,2400], mVisible=true, mInsetsRoundedCornerFrame=false}, InsetsSource: {mType=ITYPE_TOP_DISPLAY_CUTOUT, mFrame=[0,0][1080,88], mVisible=true, mInsetsRoundedCornerFrame=false}, InsetsSource: {mType=ITYPE_RIGHT_DISPLAY_CUTOUT, mFrame=[100000,0][1080,2400], mVisible=true, mInsetsRoundedCornerFrame=false}, InsetsSource: {mType=ITYPE_BOTTOM_DISPLAY_CUTOUT, mFrame=[0,100000][1080,2400], mVisible=true, mInsetsRoundedCornerFrame=false}, InsetsSource: {mType=ITYPE_BOTTOM_TAPPABLE_ELEMENT, mFrame=[0,0][0,0], mVisible=true, mInsetsRoundedCornerFrame=false} } host=Toast from=android.view.ViewRootImpl.setView:1732
10-11 02:36:28.176 29616 29616 I ViewRootImpl@f001d24[Toast]: setView = androidx.cardview.widget.CardView@94731b7 TM=true
10-11 02:36:28.191 29616 29616 I ViewRootImpl@f001d24[Toast]: performTraversals params={(0,13)(wrapxwrap) gr=BOTTOM CENTER sim={adjust=resize} ty=TOAST fmt=TRANSLUCENT wanim=0x1030004 surfaceInsets=Rect(11, 11 - 11, 11)
10-11 02:36:28.191 29616 29616 I ViewRootImpl@f001d24[Toast]:   fl=1000098
10-11 02:36:28.191 29616 29616 I ViewRootImpl@f001d24[Toast]:   pfl=12000000
10-11 02:36:28.191 29616 29616 I ViewRootImpl@f001d24[Toast]:   bhv=DEFAULT
10-11 02:36:28.191 29616 29616 I ViewRootImpl@f001d24[Toast]:   fitTypes=STATUS_BARS NAVIGATION_BARS CAPTION_BAR
10-11 02:36:28.191 29616 29616 I ViewRootImpl@f001d24[Toast]:   fitIgnoreVis naviIconColor=0}
10-11 02:36:28.193 29616 29616 I ViewRootImpl@f001d24[Toast]: performTraversals mFirst=true windowShouldResize=false viewVisibilityChanged=false mForceNextWindowRelayout=false params={(0,13)(wrapxwrap) gr=BOTTOM CENTER sim={adjust=resize} ty=TOAST fmt=TRANSLUCENT wanim=0x1030004 surfaceInsets=Rect(11, 11 - 11, 11)
10-11 02:36:28.193 29616 29616 I ViewRootImpl@f001d24[Toast]:   fl=1000098
10-11 02:36:28.193 29616 29616 I ViewRootImpl@f001d24[Toast]:   pfl=12000000
10-11 02:36:28.193 29616 29616 I ViewRootImpl@f001d24[Toast]:   bhv=DEFAULT
10-11 02:36:28.193 29616 29616 I ViewRootImpl@f001d24[Toast]:   fitTypes=STATUS_BARS NAVIGATION_BARS CAPTION_BAR
10-11 02:36:28.193 29616 29616 I ViewRootImpl@f001d24[Toast]:   fitIgnoreVis naviIconColor=0}
10-11 02:36:28.207 29616 29616 I ViewRootImpl@f001d24[Toast]: updateBlastSurfaceIfNeeded mBlastBufferQueue=null isSameSurfaceControl=false
10-11 02:36:28.209 29616 29616 I BLASTBufferQueue: new BLASTBufferQueue, mName= ViewRootImpl@f001d24[Toast] mNativeObject= 0x7b5fe02800 sc.mNativeObject= 0x7b5fe351c0 caller= android.view.ViewRootImpl.updateBlastSurfaceIfNeeded:2909 android.view.ViewRootImpl.relayoutWindow:9847 android.view.ViewRootImpl.performTraversals:3884 android.view.ViewRootImpl.doTraversal:3116 android.view.ViewRootImpl$TraversalRunnable.run:10885 android.view.Choreographer$CallbackRecord.run:1301 android.view.Choreographer$CallbackRecord.run:1309 android.view.Choreographer.doCallbacks:923 android.view.Choreographer.doFrame:852 android.view.Choreographer$FrameDisplayEventReceiver.run:1283 
10-11 02:36:28.209 29616 29616 I BLASTBufferQueue: update, w= 379 h= 178 mName = ViewRootImpl@f001d24[Toast] mNativeObject= 0x7b5fe02800 sc.mNativeObject= 0x7b5fe351c0 format= -3 caller= android.graphics.BLASTBufferQueue.<init>:84 android.view.ViewRootImpl.updateBlastSurfaceIfNeeded:2909 android.view.ViewRootImpl.relayoutWindow:9847 android.view.ViewRootImpl.performTraversals:3884 android.view.ViewRootImpl.doTraversal:3116 android.view.ViewRootImpl$TraversalRunnable.run:10885 
10-11 02:36:28.210 29616 29616 I ViewRootImpl@f001d24[Toast]: Relayout returned: old=(0,88,1080,2361) new=(361,2192,718,2348) req=(357,156)0 dur=14 res=0x3 s={true 0x7b0b4b9000} ch=true seqId=0
10-11 02:36:28.212 29616 29616 I ViewRootImpl@f001d24[Toast]: mThreadedRenderer.initialize() mSurface={isValid=true 0x7b0b4b9000} hwInitialized=true
10-11 02:36:28.213 29616 29638 D OpenGLRenderer: eglCreateWindowSurface
10-11 02:36:28.215 29616 29616 I ViewRootImpl@f001d24[Toast]: reportNextDraw android.view.ViewRootImpl.performTraversals:4438 android.view.ViewRootImpl.doTraversal:3116 android.view.ViewRootImpl$TraversalRunnable.run:10885 android.view.Choreographer$CallbackRecord.run:1301 android.view.Choreographer$CallbackRecord.run:1309 
10-11 02:36:28.216 29616 29616 I ViewRootImpl@f001d24[Toast]: Setup new sync id=0
10-11 02:36:28.216 29616 29616 I ViewRootImpl@f001d24[Toast]: Setting syncFrameCallback
10-11 02:36:28.216 29616 29616 I ViewRootImpl@f001d24[Toast]: registerCallbacksForSync syncBuffer=false
10-11 02:36:28.223 29616 29708 I ViewRootImpl@f001d24[Toast]: Received frameDrawingCallback syncResult=0 frameNum=1.
10-11 02:36:28.223 29616 29708 I ViewRootImpl@f001d24[Toast]: Setting up sync and frameCommitCallback
10-11 02:36:28.225 29616 29638 I BLASTBufferQueue: [ViewRootImpl@f001d24[Toast]#2](f:0,a:0) onFrameAvailable the first frame is available
10-11 02:36:28.226 29616 29638 I ViewRootImpl@f001d24[Toast]: Received frameCommittedCallback lastAttemptedDrawFrameNum=1 didProduceBuffer=true
10-11 02:36:28.228 29616 29638 D OpenGLRenderer: CFMS:: SetUp Pid : 29616    Tid : 29638
10-11 02:36:28.233 29616 29616 I ViewRootImpl@f001d24[Toast]: onSyncComplete
10-11 02:36:28.233 29616 29616 I ViewRootImpl@f001d24[Toast]: setupSync seqId=0 mSyncId=0 fn=1 caller=android.view.ViewRootImpl$$ExternalSyntheticLambda11.accept:6 android.window.SurfaceSyncer.lambda$setupSync$1$android-window-SurfaceSyncer:128 android.window.SurfaceSyncer$$ExternalSyntheticLambda1.accept:8 android.window.SurfaceSyncer$SyncSet.checkIfSyncIsComplete:382 android.window.SurfaceSyncer$SyncSet.markSyncReady:359 android.window.SurfaceSyncer.markSyncReady:151 android.view.ViewRootImpl.performTraversals:4503 
10-11 02:36:28.234 29616 29616 I ViewRootImpl@f001d24[Toast]: reportDrawFinished seqId=0 mSyncId=-1 fn=1 mSurfaceChangedTransaction=0x7b2a2ea900
10-11 02:36:30.139 29616 29638 D OpenGLRenderer: setSurface called with nullptr
10-11 02:36:30.139 29616 29638 D OpenGLRenderer: setSurface() destroyed EGLSurface
10-11 02:36:30.139 29616 29638 D OpenGLRenderer: destroyEglSurface
10-11 02:36:30.141 29616 29616 I ViewRootImpl@f001d24[Toast]: dispatchDetachedFromWindow
10-11 02:36:30.156 29616 29616 D InputTransport: Input channel destroyed: '29b4b79', fd=141
10-11 02:36:32.128 29616 29616 I ViewRootImpl@7537700[MainActivity]: ViewPostIme pointer 0
10-11 02:36:32.202 29616 29616 I ViewRootImpl@7537700[MainActivity]: ViewPostIme pointer 1
10-11 02:36:32.214 29616 29662 I PLG     : handlePluginAction = https://raw.githubusercontent.com/adamwolker21/DZ/refs/heads/master/repo.json, (https://raw.githubusercontent.com/adamwolker21/DZ/refs/heads/master/repo.json, SitePlugin(url=https://raw.githubusercontent.com/adamwolker21/DZ/builds/EgyDead.cs3, status=1, version=1, apiVersion=1, name=EgyDead, internalName=EgyDead, authors=[adamwolker21], description=EgyDead, repositoryUrl=https://github.com/adamwolker21/DZ, tvTypes=[Movie, TvSeries], language=ar, iconUrl=https://www.faselhds.life/icon-faselplud.png, fileSize=20346)), false
10-11 02:36:32.217 29616 29662 D PluginManager: Downloading plugin: https://raw.githubusercontent.com/adamwolker21/DZ/builds/EgyDead.cs3 to /data/user/0/com.lagradost.cloudstream3/files/Extensions/httpsraw.githubusercontent.comadamwolker21DZrefsheadsmasterrepo.json.-468825824/EgyDead.-124080901.cs3
10-11 02:36:32.447 29616 29662 I PluginManager: Unloading plugin: /data/user/0/com.lagradost.cloudstream3/files/Extensions/httpsraw.githubusercontent.comadamwolker21DZrefsheadsmasterrepo.json.-468825824/EgyDead.-124080901.cs3
10-11 02:36:32.447 29616 29662 W PluginManager: Couldn't find plugin /data/user/0/com.lagradost.cloudstream3/files/Extensions/httpsraw.githubusercontent.comadamwolker21DZrefsheadsmasterrepo.json.-468825824/EgyDead.-124080901.cs3
10-11 02:36:32.448 29616 29662 I PluginManager: Loading plugin: PluginData(internalName=EgyDead, url=https://raw.githubusercontent.com/adamwolker21/DZ/builds/EgyDead.cs3, isOnline=true, filePath=/data/user/0/com.lagradost.cloudstream3/files/Extensions/httpsraw.githubusercontent.comadamwolker21DZrefsheadsmasterrepo.json.-468825824/EgyDead.-124080901.cs3, version=-2147483648)
10-11 02:36:32.467 29616 29662 I PluginInstance: Adding EgyDead (https://tv6.egydead.live) MainAPI
10-11 02:36:32.468 29616 29662 I PluginManager: Loaded plugin EgyDead successfully
10-11 02:36:32.469 29616 29662 I PLG     : getPlugins = https://raw.githubusercontent.com/adamwolker21/DZ/refs/heads/master/repo.json
10-11 02:36:32.469 29616 29616 I COMPACT : showToast = Plugin Loaded
10-11 02:36:32.475 29616 29616 E Toast   : setGravity() shouldn't be called on text toasts, the values won't be used
10-11 02:36:32.475 29616 29616 I Toast   : setView: it's a custom toast
10-11 02:36:32.479 29616 29616 V Toast   : show: caller = com.lagradost.cloudstream3.CommonActivity.showToast:175 
10-11 02:36:32.524 29616 29616 V Toast   : HANDLE SHOW: android.widget.Toast$TN@78cc8b5 mView=null mNextView=androidx.cardview.widget.CardView{d16cb4a V.E..V... ......ID 0,0-0,0 #7f0a0557 app:id/toast_layout_root}
10-11 02:36:32.526 29616 29616 V ToastPresenter: sipHeight = -39
10-11 02:36:32.526 29616 29616 V ToastPresenter: yOffset = 13
10-11 02:36:32.529 29616 29638 D NativeCustomFrequencyManager: [NativeCFMS] BpCustomFrequencyManager::BpCustomFrequencyManager()
10-11 02:36:32.538 29616 29616 D InsetsController: onStateChanged: InsetsState: {mDisplayFrame=Rect(0, 0 - 1080, 2400), mDisplayCutout=DisplayCutout{insets=Rect(0, 88 - 0, 0) waterfall=Insets{left=0, top=0, right=0, bottom=0} boundingRect={Bounds=[Rect(0, 0 - 0, 0), Rect(512, 0 - 568, 88), Rect(0, 0 - 0, 0), Rect(0, 0 - 0, 0)]} cutoutPathParserInfo={CutoutPathParserInfo{displayWidth=1080 displayHeight=2400 physicalDisplayWidth=1080 physicalDisplayHeight=2400 density={2.625} cutoutSpec={M 0,0 M 0,12.25101276465640 a 10.60613009248640,10.60613009248640 0 1,0 0,21.21226018497290 a 10.60613009248640,10.60613009248640 0 1,0 0,-21.21226018497290 Z @dp} rotation={0} scale={1.0} physicalPixelDisplaySizeRatio={1.0}}}}, mRoundedCorners=RoundedCorners{[RoundedCorner{position=TopLeft, radius=84, center=Point(84, 84)}, RoundedCorner{position=TopRight, radius=84, center=Point(996, 84)}, RoundedCorner{position=BottomRight, radius=84, center=Point(996, 2316)}, RoundedCorner{position=BottomLeft, radius=84, center=Point(84, 2316)}]}  mRoundedCornerFrame=Rect(0, 0 - 0, 0), mPrivacyIndicatorBounds=PrivacyIndicatorBounds {static bounds=Rect(964, 0 - 1080, 87) rotation=0}, mSources= { InsetsSource: {mType=ITYPE_NAVIGATION_BAR, mFrame=[0,2361][1080,2400], mVisible=true, mInsetsRoundedCornerFrame=false}, InsetsSource: {mType=ITYPE_LEFT_GESTURES, mFrame=[0,0][130,2400], mVisible=true, mInsetsRoundedCornerFrame=false}, InsetsSource: {mType=ITYPE_RIGHT_GESTURES, mFrame=[950,0][1080,2400], mVisible=true, mInsetsRoundedCornerFrame=false}, InsetsSource: {mType=ITYPE_TOP_MANDATORY_GESTURES, mFrame=[0,0][1080,120], mVisible=true, mInsetsRoundedCornerFrame=false}, InsetsSource: {mType=ITYPE_BOTTOM_MANDATORY_GESTURES, mFrame=[0,2316][1080,2400], mVisible=true, mInsetsRoundedCornerFrame=false}, InsetsSource: {mType=ITYPE_LEFT_DISPLAY_CUTOUT, mFrame=[0,0][-100000,2400], mVisible=true, mInsetsRoundedCornerFrame=false}, InsetsSource: {mType=ITYPE_TOP_DISPLAY_CUTOUT, mFrame=[0,0][1080,88], mVisible=true, mInsetsRoundedCornerFrame=false}, InsetsSource: {mType=ITYPE_RIGHT_DISPLAY_CUTOUT, mFrame=[100000,0][1080,2400], mVisible=true, mInsetsRoundedCornerFrame=false}, InsetsSource: {mType=ITYPE_BOTTOM_DISPLAY_CUTOUT, mFrame=[0,100000][1080,2400], mVisible=true, mInsetsRoundedCornerFrame=false}, InsetsSource: {mType=ITYPE_BOTTOM_TAPPABLE_ELEMENT, mFrame=[0,0][0,0], mVisible=true, mInsetsRoundedCornerFrame=false} } host=Toast from=android.view.ViewRootImpl.setView:1732
10-11 02:36:32.540 29616 29616 I ViewRootImpl@9e14abb[Toast]: setView = androidx.cardview.widget.CardView@d16cb4a TM=true
10-11 02:36:32.547 29616 29616 I ViewRootImpl@9e14abb[Toast]: performTraversals params={(0,13)(wrapxwrap) gr=BOTTOM CENTER sim={adjust=resize} ty=TOAST fmt=TRANSLUCENT wanim=0x1030004 surfaceInsets=Rect(11, 11 - 11, 11)
10-11 02:36:32.547 29616 29616 I ViewRootImpl@9e14abb[Toast]:   fl=1000098
10-11 02:36:32.547 29616 29616 I ViewRootImpl@9e14abb[Toast]:   pfl=12000000
10-11 02:36:32.547 29616 29616 I ViewRootImpl@9e14abb[Toast]:   bhv=DEFAULT
10-11 02:36:32.547 29616 29616 I ViewRootImpl@9e14abb[Toast]:   fitTypes=STATUS_BARS NAVIGATION_BARS CAPTION_BAR
10-11 02:36:32.547 29616 29616 I ViewRootImpl@9e14abb[Toast]:   fitIgnoreVis naviIconColor=0}
10-11 02:36:32.548 29616 29616 I ViewRootImpl@9e14abb[Toast]: performTraversals mFirst=true windowShouldResize=false viewVisibilityChanged=false mForceNextWindowRelayout=false params={(0,13)(wrapxwrap) gr=BOTTOM CENTER sim={adjust=resize} ty=TOAST fmt=TRANSLUCENT wanim=0x1030004 surfaceInsets=Rect(11, 11 - 11, 11)
10-11 02:36:32.548 29616 29616 I ViewRootImpl@9e14abb[Toast]:   fl=1000098
10-11 02:36:32.548 29616 29616 I ViewRootImpl@9e14abb[Toast]:   pfl=12000000
10-11 02:36:32.548 29616 29616 I ViewRootImpl@9e14abb[Toast]:   bhv=DEFAULT
10-11 02:36:32.548 29616 29616 I ViewRootImpl@9e14abb[Toast]:   fitTypes=STATUS_BARS NAVIGATION_BARS CAPTION_BAR
10-11 02:36:32.548 29616 29616 I ViewRootImpl@9e14abb[Toast]:   fitIgnoreVis naviIconColor=0}
10-11 02:36:32.560 29616 29616 I ViewRootImpl@9e14abb[Toast]: updateBlastSurfaceIfNeeded mBlastBufferQueue=null isSameSurfaceControl=false
10-11 02:36:32.561 29616 29616 I BLASTBufferQueue: new BLASTBufferQueue, mName= ViewRootImpl@9e14abb[Toast] mNativeObject= 0x7b1e746f00 sc.mNativeObject= 0x7b5fea6000 caller= android.view.ViewRootImpl.updateBlastSurfaceIfNeeded:2909 android.view.ViewRootImpl.relayoutWindow:9847 android.view.ViewRootImpl.performTraversals:3884 android.view.ViewRootImpl.doTraversal:3116 android.view.ViewRootImpl$TraversalRunnable.run:10885 android.view.Choreographer$CallbackRecord.run:1301 android.view.Choreographer$CallbackRecord.run:1309 android.view.Choreographer.doCallbacks:923 android.view.Choreographer.doFrame:852 android.view.Choreographer$FrameDisplayEventReceiver.run:1283 
10-11 02:36:32.561 29616 29616 I BLASTBufferQueue: update, w= 373 h= 178 mName = ViewRootImpl@9e14abb[Toast] mNativeObject= 0x7b1e746f00 sc.mNativeObject= 0x7b5fea6000 format= -3 caller= android.graphics.BLASTBufferQueue.<init>:84 android.view.ViewRootImpl.updateBlastSurfaceIfNeeded:2909 android.view.ViewRootImpl.relayoutWindow:9847 android.view.ViewRootImpl.performTraversals:3884 android.view.ViewRootImpl.doTraversal:3116 android.view.ViewRootImpl$TraversalRunnable.run:10885 
10-11 02:36:32.562 29616 29616 I ViewRootImpl@9e14abb[Toast]: Relayout returned: old=(0,88,1080,2361) new=(364,2192,715,2348) req=(351,156)0 dur=12 res=0x3 s={true 0x7b0b4b9000} ch=true seqId=0
10-11 02:36:32.563 29616 29616 I ViewRootImpl@9e14abb[Toast]: mThreadedRenderer.initialize() mSurface={isValid=true 0x7b0b4b9000} hwInitialized=true
10-11 02:36:32.564 29616 29616 I ViewRootImpl@9e14abb[Toast]: reportNextDraw android.view.ViewRootImpl.performTraversals:4438 android.view.ViewRootImpl.doTraversal:3116 android.view.ViewRootImpl$TraversalRunnable.run:10885 android.view.Choreographer$CallbackRecord.run:1301 android.view.Choreographer$CallbackRecord.run:1309 
10-11 02:36:32.565 29616 29616 I ViewRootImpl@9e14abb[Toast]: Setup new sync id=0
10-11 02:36:32.565 29616 29616 I ViewRootImpl@9e14abb[Toast]: Setting syncFrameCallback
10-11 02:36:32.565 29616 29616 I ViewRootImpl@9e14abb[Toast]: registerCallbacksForSync syncBuffer=false
10-11 02:36:32.575 29616 29638 D OpenGLRenderer: eglCreateWindowSurface
10-11 02:36:32.579 29616 29709 I ViewRootImpl@9e14abb[Toast]: Received frameDrawingCallback syncResult=0 frameNum=1.
10-11 02:36:32.579 29616 29709 I ViewRootImpl@9e14abb[Toast]: Setting up sync and frameCommitCallback
10-11 02:36:32.583 29616 29638 I BLASTBufferQueue: [ViewRootImpl@9e14abb[Toast]#3](f:0,a:0) onFrameAvailable the first frame is available
10-11 02:36:32.584 29616 29638 I ViewRootImpl@9e14abb[Toast]: Received frameCommittedCallback lastAttemptedDrawFrameNum=1 didProduceBuffer=true
10-11 02:36:32.587 29616 29638 D OpenGLRenderer: CFMS:: SetUp Pid : 29616    Tid : 29638
10-11 02:36:32.591 29616 29616 I ViewRootImpl@9e14abb[Toast]: onSyncComplete
10-11 02:36:32.592 29616 29616 I ViewRootImpl@9e14abb[Toast]: setupSync seqId=0 mSyncId=0 fn=1 caller=android.view.ViewRootImpl$$ExternalSyntheticLambda11.accept:6 android.window.SurfaceSyncer.lambda$setupSync$1$android-window-SurfaceSyncer:128 android.window.SurfaceSyncer$$ExternalSyntheticLambda1.accept:8 android.window.SurfaceSyncer$SyncSet.checkIfSyncIsComplete:382 android.window.SurfaceSyncer$SyncSet.markSyncReady:359 android.window.SurfaceSyncer.markSyncReady:151 android.view.ViewRootImpl.performTraversals:4503 
10-11 02:36:32.610 29616 29616 I ViewRootImpl@9e14abb[Toast]: reportDrawFinished seqId=0 mSyncId=-1 fn=1 mSurfaceChangedTransaction=0x7b2a2ea800
10-11 02:36:33.279 29616 29616 I ViewRootImpl@7537700[MainActivity]: ViewPostIme pointer 0
10-11 02:36:33.377 29616 29616 I ViewRootImpl@7537700[MainActivity]: ViewPostIme pointer 1
10-11 02:36:33.406 29616 29616 I IMM_LC  : hsifw() - flag : 0
10-11 02:36:33.406 29616 29616 I IMM_LC  : hsifw() - mService.hideSoftInput
10-11 02:36:34.493 29616 29638 D OpenGLRenderer: setSurface called with nullptr
10-11 02:36:34.493 29616 29638 D OpenGLRenderer: setSurface() destroyed EGLSurface
10-11 02:36:34.493 29616 29638 D OpenGLRenderer: destroyEglSurface
10-11 02:36:34.495 29616 29616 I ViewRootImpl@9e14abb[Toast]: dispatchDetachedFromWindow
10-11 02:36:34.508 29616 29616 D InputTransport: Input channel destroyed: 'f97a607', fd=155
10-11 02:36:35.236 29616 29616 I ViewRootImpl@7537700[MainActivity]: ViewPostIme pointer 0
10-11 02:36:35.359 29616 29616 I ViewRootImpl@7537700[MainActivity]: ViewPostIme pointer 1
10-11 02:36:35.713 29616 29616 I ViewRootImpl@7537700[MainActivity]: ViewPostIme pointer 0
10-11 02:36:35.804 29616 29616 I ViewRootImpl@7537700[MainActivity]: ViewPostIme pointer 1
10-11 02:36:36.135 29616 29616 I ViewRootImpl@7537700[MainActivity]: ViewPostIme pointer 0
10-11 02:36:36.209 29616 29616 I ViewRootImpl@7537700[MainActivity]: ViewPostIme pointer 1
10-11 02:36:36.226 29616 29616 I NavComponent: Navigating to fragment: 2131362274
10-11 02:36:36.244 29616 29616 I IMM_LC  : hsifw() - flag : 0
10-11 02:36:36.244 29616 29616 I IMM_LC  : hsifw() - mService.hideSoftInput
10-11 02:36:36.283 29616 29616 D ScrollView: initGoToTop
10-11 02:36:36.708 29616 29616 I SurfaceView@7e2b972: onWindowVisibilityChanged(0) true android.view.SurfaceView{7e2b972 V.E..V... ......I. 0,0-0,0} of ViewRootImpl@7537700[MainActivity]
10-11 02:36:36.708 29616 29616 D SurfaceView@7e2b972: updateSurface: has no frame
10-11 02:36:36.719 29616 29616 I CS3ExoPlayer: SET STYLE = SaveCaptionStyle(foregroundColor=-1, backgroundColor=0, windowColor=0, edgeType=1, edgeColor=-16777216, typeface=null, typefaceFilePath=null, elevation=20, fixedTextSize=null, edgeSize=null, removeCaptions=false, removeBloat=true, upperCase=false, bold=false, italic=false, backgroundRadius=null)
10-11 02:36:36.737 29616 29616 I IMM_LC  : hsifw() - flag : 0
10-11 02:36:36.737 29616 29616 I IMM_LC  : hsifw() - mService.hideSoftInput
10-11 02:36:36.740 29616 29666 I SYNCVM  : addFromUrl = https://tv6.egydead.live/%d9%85%d8%b4%d8%a7%d9%87%d8%af%d8%a9-%d9%81%d9%8a%d9%84%d9%85-omniscient-reader-the-prophecy-2025-%d9%85%d8%aa%d8%b1%d8%ac%d9%85/
10-11 02:36:36.741 29616 29666 I SYNCUTIL: getIdsFromUrl https://tv6.egydead.live/%d9%85%d8%b4%d8%a7%d9%87%d8%af%d8%a9-%d9%81%d9%8a%d9%84%d9%85-omniscient-reader-the-prophecy-2025-%d9%85%d8%aa%d8%b1%d8%ac%d9%85/
10-11 02:36:36.742 29616 29668 I RVM2    : applyMeta
10-11 02:36:36.773 29616 29616 I SurfaceView@7e2b972: onWindowVisibilityChanged(8) false android.view.SurfaceView{7e2b972 V.E..V... ......I. 0,0-0,0} of ViewRootImpl@7537700[MainActivity]
10-11 02:36:36.773 29616 29616 D SurfaceView@7e2b972: updateSurface: has no frame
10-11 02:36:36.773 29616 29616 D SurfaceView@7e2b972: updateSurface: has no frame
10-11 02:36:36.773 29616 29616 I SurfaceView@7e2b972: onDetachedFromWindow: tryReleaseSurfaces()
10-11 02:36:36.774 29616 29616 I SurfaceView@7e2b972: releaseSurfaces: viewRoot = ViewRootImpl@7537700[MainActivity]
10-11 02:36:36.774 29616 29616 I SurfaceView@7e2b972: applyTransactionOnVriDraw: vri = ViewRootImpl@7537700[MainActivity] fRS = true t = 0x7b089ef400 android.view.SurfaceView.releaseSurfaces:858 android.view.SurfaceView.onDetachedFromWindow:500 android.view.View.dispatchDetachedFromWindow:22538 
10-11 02:36:36.774 29616 29616 I SurfaceView@7e2b972: applyTransactionOnVriDraw: viewRoot.applyTransactionOnDrawFromReleaseSurfaces
10-11 02:36:36.774 29616 29616 I ViewRootImpl@7537700[MainActivity]: applyTransactionOnDraw: mRemoved = false isHardwareEnabled = true t = 0x7b089ef400android.view.ViewRootImpl.applyTransactionOnDrawFromReleaseSurfaces:12850 android.view.SurfaceView.applyTransactionOnVriDraw:2046 android.view.SurfaceView.releaseSurfaces:858 android.view.SurfaceView.onDetachedFromWindow:500 android.view.View.dispatchDetachedFromWindow:22538 
10-11 02:36:36.782 29616 29616 I SurfaceView@7e2b972: onWindowVisibilityChanged(0) true android.view.SurfaceView{7e2b972 V.E..V... ......I. 0,0-0,0} of ViewRootImpl@7537700[MainActivity]
10-11 02:36:36.782 29616 29616 D SurfaceView@7e2b972: updateSurface: has no frame
10-11 02:36:36.791 29616 29616 I DecorView: notifyKeepScreenOnChanged: keepScreenOn=false
10-11 02:36:36.814 29616 29616 I CS3ExoPlayer: reloadPlayer
10-11 02:36:36.814 29616 29616 I CS3ExoPlayer: releasePlayer
10-11 02:36:36.814 29616 29616 I CS3ExoPlayer: Handle event: PlayerAttachedEvent(player=null, source=Player)
10-11 02:36:36.817 29616 29616 I Choreographer: Skipped 33 frames!  The application may be doing too much work on its main thread.
10-11 02:36:36.825 29616 29616 I ViewRootImpl@7537700[MainActivity]: performTraversals params={(0,0)(fillxfill) sim={state=always_hidden adjust=resize} ty=BASE_APPLICATION wanim=0x1030309
10-11 02:36:36.825 29616 29616 I ViewRootImpl@7537700[MainActivity]:   fl=85810100
10-11 02:36:36.825 29616 29616 I ViewRootImpl@7537700[MainActivity]:   pfl=12020040
10-11 02:36:36.825 29616 29616 I ViewRootImpl@7537700[MainActivity]:   vsysui=500
10-11 02:36:36.825 29616 29616 I ViewRootImpl@7537700[MainActivity]:   bhv=DEFAULT
10-11 02:36:36.825 29616 29616 I ViewRootImpl@7537700[MainActivity]:   fitSides= naviIconColor=0}
10-11 02:36:36.826 29616 29616 I ViewRootImpl@7537700[MainActivity]: performTraversals mFirst=false windowShouldResize=false viewVisibilityChanged=false mForceNextWindowRelayout=false params={(0,0)(fillxfill) sim={state=always_hidden adjust=resize} ty=BASE_APPLICATION fmt=TRANSLUCENT wanim=0x1030309
10-11 02:36:36.826 29616 29616 I ViewRootImpl@7537700[MainActivity]:   fl=85810100
10-11 02:36:36.826 29616 29616 I ViewRootImpl@7537700[MainActivity]:   pfl=12020040
10-11 02:36:36.826 29616 29616 I ViewRootImpl@7537700[MainActivity]:   vsysui=500
10-11 02:36:36.826 29616 29616 I ViewRootImpl@7537700[MainActivity]:   bhv=DEFAULT
10-11 02:36:36.826 29616 29616 I ViewRootImpl@7537700[MainActivity]:   fitSides= naviIconColor=0}
10-11 02:36:36.835 29616 29616 I ViewRootImpl@7537700[MainActivity]: updateBlastSurfaceIfNeeded mBlastBufferQueue=0x7b5ff65d00 isSameSurfaceControl=true
10-11 02:36:36.836 29616 29616 I BLASTBufferQueue: update, w= 1080 h= 2400 mName = ViewRootImpl@7537700[MainActivity] mNativeObject= 0x7b5ff65d00 sc.mNativeObject= 0x7b089ec560 format= -3 caller= android.view.ViewRootImpl.updateBlastSurfaceIfNeeded:2898 android.view.ViewRootImpl.relayoutWindow:9847 android.view.ViewRootImpl.performTraversals:3884 android.view.ViewRootImpl.doTraversal:3116 android.view.ViewRootImpl$TraversalRunnable.run:10885 android.view.Choreographer$CallbackRecord.run:1301 
10-11 02:36:36.836 29616 29616 I ViewRootImpl@7537700[MainActivity]: Relayout returned: old=(0,0,1080,2400) new=(0,0,1080,2400) req=(1080,2400)0 dur=9 res=0x0 s={true 0x7b7bfd4800} ch=false seqId=0
10-11 02:36:36.838 29616 29616 W View    : requestLayout() improperly called by android.widget.FrameLayout{7fca463 I.E..V... ......I. 0,0-0,0 #7f0a04e7 app:id/start_panel} during layout: running second layout pass
10-11 02:36:36.838 29616 29616 W View    : requestLayout() improperly called by android.widget.FrameLayout{83a5860 I.E..V... ......ID 1080,0-1080,2143 #7f0a0168 app:id/end_panel} during layout: running second layout pass
10-11 02:36:36.840 29616 29616 D SurfaceView@7e2b972: updateSurface: has no frame
10-11 02:36:36.849 29616 29708 I ViewRootImpl@7537700[MainActivity]: mWNT: t=0x7b089ef400 mBlastBufferQueue=0x7b5ff65d00 fn= 529 caller= android.view.ViewRootImpl.lambda$applyTransactionOnDraw$11$android-view-ViewRootImpl:12865 android.view.ViewRootImpl$$ExternalSyntheticLambda1.onFrameDraw:4 android.graphics.HardwareRenderer$FrameDrawingCallback.onFrameDraw:924 
10-11 02:36:36.871 29616 29616 D SurfaceView@7e2b972: updateSurface: has no frame
10-11 02:36:36.877 29616 29616 D SurfaceView@7e2b972: updateSurface: has no frame
10-11 02:36:36.940 29616 29616 D SurfaceView@7e2b972: updateSurface: has no frame
10-11 02:36:36.946 29616 29624 I st.cloudstream3: Background concurrent copying GC freed 11MB AllocSpace bytes, 55(1228KB) LOS objects, 49% free, 21MB/42MB, paused 188us,268us total 209.749ms
10-11 02:36:36.958 29616 29616 D SurfaceView@7e2b972: updateSurface: has no frame
10-11 02:36:36.971 29616 29638 D OpenGLRenderer: setSurface called with nullptr
10-11 02:36:36.980 29616 29616 D SurfaceView@7e2b972: updateSurface: has no frame
10-11 02:36:36.983 29616 29638 D OpenGLRenderer: setSurface called with nullptr
10-11 02:36:36.990 29616 29616 D SurfaceView@7e2b972: updateSurface: has no frame
10-11 02:36:37.006 29616 29616 D SurfaceView@7e2b972: updateSurface: has no frame
10-11 02:36:37.018 29616 29626 W System  : A resource failed to call close. 
10-11 02:36:37.018 29616 29626 W System  : A resource failed to call close. 
10-11 02:36:37.023 29616 29616 D SurfaceView@7e2b972: updateSurface: has no frame
10-11 02:36:37.040 29616 29616 D SurfaceView@7e2b972: updateSurface: has no frame
10-11 02:36:37.056 29616 29616 D SurfaceView@7e2b972: updateSurface: has no frame
10-11 02:36:37.073 29616 29616 D SurfaceView@7e2b972: updateSurface: has no frame
10-11 02:36:37.090 29616 29616 D SurfaceView@7e2b972: updateSurface: has no frame
10-11 02:36:37.107 29616 29616 D SurfaceView@7e2b972: updateSurface: has no frame
10-11 02:36:37.123 29616 29616 D SurfaceView@7e2b972: updateSurface: has no frame
10-11 02:36:37.140 29616 29616 D SurfaceView@7e2b972: updateSurface: has no frame
10-11 02:36:37.156 29616 29616 D SurfaceView@7e2b972: updateSurface: has no frame
10-11 02:36:37.173 29616 29616 D SurfaceView@7e2b972: updateSurface: has no frame
10-11 02:36:37.191 29616 29616 D SurfaceView@7e2b972: updateSurface: has no frame
10-11 02:36:37.203 29616 29616 W PanelsChildGestureRegionObserver: failed to register view with ID 2131362800. already registered
10-11 02:36:37.207 29616 29616 E CoilImgLoader: Error loading image: coil3.request.NullRequestDataException: The request's data is null.
10-11 02:36:37.215 29616 29616 E CoilImgLoader: Error loading image: coil3.request.NullRequestDataException: The request's data is null.
10-11 02:36:37.279 29616 29666 I SYNCVM  : addFromUrl = https://tv6.egydead.live/%d9%85%d8%b4%d8%a7%d9%87%d8%af%d8%a9-%d9%81%d9%8a%d9%84%d9%85-omniscient-reader-the-prophecy-2025-%d9%85%d8%aa%d8%b1%d8%ac%d9%85/
10-11 02:36:37.279 29616 29666 I SYNCUTIL: getIdsFromUrl https://tv6.egydead.live/%d9%85%d8%b4%d8%a7%d9%87%d8%af%d8%a9-%d9%81%d9%8a%d9%84%d9%85-omniscient-reader-the-prophecy-2025-%d9%85%d8%aa%d8%b1%d8%ac%d9%85/
10-11 02:36:37.302 29616 29616 D SurfaceView@7e2b972: updateSurface: has no frame
10-11 02:36:37.304 29616 29616 I SurfaceView@7e2b972: Changes: creating=true format=true size=true visible=true alpha=false hint=false mUseAlpha=false visible=true left=true top=true
10-11 02:36:37.308 29616 29616 I BLASTBufferQueue: update, w= 1080 h= 525 mName = null mNativeObject= 0x7b5fe03d00 sc.mNativeObject= 0x7b5fe33c80 format= 4 caller= android.view.SurfaceView.createBlastSurfaceControls:1383 android.view.SurfaceView.updateSurface:1079 android.view.SurfaceView.lambda$new$0$android-view-SurfaceView:200 android.view.SurfaceView$$ExternalSyntheticLambda5.onPreDraw:2 android.view.ViewTreeObserver.dispatchOnPreDraw:1121 android.view.ViewRootImpl.performTraversals:4442 
10-11 02:36:37.308 29616 29616 I SurfaceView@7e2b972: 132299122 Cur surface: Surface(name=null)/@0x98cc1b8
10-11 02:36:37.308 29616 29616 I SurfaceView@7e2b972: pST: sr = Rect(0, 218 - 1080, 743) sw = 1080 sh = 525
10-11 02:36:37.308 29616 29616 D SurfaceView@7e2b972: performSurfaceTransaction RenderWorker position = [0, 218, 1080, 743] surfaceSize = 1080x525
10-11 02:36:37.308 29616 29616 I SurfaceView@7e2b972: applyTransactionOnVriDraw: vri = ViewRootImpl@7537700[MainActivity] fRS = false t = 0x7b7beef800 android.view.SurfaceView.performSurfaceTransaction:959 android.view.SurfaceView.updateSurface:1105 android.view.SurfaceView.lambda$new$0$android-view-SurfaceView:200 
10-11 02:36:37.309 29616 29616 I ViewRootImpl@7537700[MainActivity]: applyTransactionOnDraw: mRemoved = false isHardwareEnabled = true t = 0x7b7beef800android.view.SurfaceView.applyTransactionOnVriDraw:2048 android.view.SurfaceView.performSurfaceTransaction:959 android.view.SurfaceView.updateSurface:1105 android.view.SurfaceView.lambda$new$0$android-view-SurfaceView:200 android.view.SurfaceView$$ExternalSyntheticLambda5.onPreDraw:2 
10-11 02:36:37.309 29616 29616 I SurfaceView@7e2b972: updateSurface: mVisible = true mSurface.isValid() = true
10-11 02:36:37.309 29616 29616 I SurfaceView@7e2b972: updateSurface: mSurfaceCreated = false surfaceChanged = true visibleChanged = true
10-11 02:36:37.309 29616 29616 I SurfaceView@7e2b972: visibleChanged -- surfaceCreated
10-11 02:36:37.309 29616 29616 I SurfaceView@7e2b972: surfaceCreated 0 #8 android.view.SurfaceView{7e2b972 V.E..V... ......ID 0,0-1080,525}
10-11 02:36:37.309 29616 29616 I SurfaceView@7e2b972: surfaceChanged -- format=4 w=1080 h=525
10-11 02:36:37.309 29616 29616 I SurfaceView@7e2b972: surfaceChanged (1080,525) 0 #8 android.view.SurfaceView{7e2b972 V.E..V... ......ID 0,0-1080,525}
10-11 02:36:37.309 29616 29616 I SurfaceView@7e2b972: surfaceRedrawNeeded
10-11 02:36:37.310 29616 29616 V SurfaceView@7e2b972: Layout: x=0 y=218 w=1080 h=525, frame=Rect(0, 0 - 1080, 525)
10-11 02:36:37.326 29616 29709 D SurfaceView@7e2b972: updateSurfacePosition RenderWorker, frameNr = 548, position = [0, 218, 1080, 743] surfaceSize = 1080x525
10-11 02:36:37.327 29616 29709 I SurfaceView@7e2b972: uSP: rtp = Rect(0, 218 - 1080, 743) rtsw = 1080 rtsh = 525
10-11 02:36:37.327 29616 29709 I SurfaceView@7e2b972: onSSPAndSRT: pl = 0 pt = 218 sx = 1.0 sy = 1.0
10-11 02:36:37.328 29616 29709 I SurfaceView@7e2b972: aOrMT: ViewRootImpl@7537700[MainActivity] t = android.view.SurfaceControl$Transaction@ca43ef7 fN = 548 android.view.SurfaceView.-$$Nest$mapplyOrMergeTransaction:0 android.view.SurfaceView$SurfaceViewPositionUpdateListener.positionChanged:1537 android.graphics.RenderNode$CompositePositionUpdateListener.positionChanged:373 
10-11 02:36:37.328 29616 29709 I ViewRootImpl@7537700[MainActivity]: mWNT: t=0x7b7beefb00 mBlastBufferQueue=0x7b5ff65d00 fn= 548 caller= android.view.SurfaceView.applyOrMergeTransaction:1455 android.view.SurfaceView.-$$Nest$mapplyOrMergeTransaction:0 android.view.SurfaceView$SurfaceViewPositionUpdateListener.positionChanged:1537 
10-11 02:36:37.329 29616 29709 I ViewRootImpl@7537700[MainActivity]: mWNT: t=0x7b7beef800 mBlastBufferQueue=0x7b5ff65d00 fn= 548 caller= android.view.ViewRootImpl.lambda$applyTransactionOnDraw$11$android-view-ViewRootImpl:12865 android.view.ViewRootImpl$$ExternalSyntheticLambda1.onFrameDraw:4 android.graphics.HardwareRenderer$FrameDrawingCallback.onFrameDraw:924 
10-11 02:36:37.364 29616 29616 I SurfaceView@7e2b972: finishedDrawing
10-11 02:36:38.414 29616 29616 I ViewRootImpl@7537700[MainActivity]: ViewPostIme pointer 0
10-11 02:36:38.948 29616 29616 I Dialog  : mIsDeviceDefault = false, mIsSamsungBasicInteraction = false, isMetaDataInActivity = false
10-11 02:36:38.996 29616 29616 I DecorView: [INFO] isPopOver=false config=false
10-11 02:36:38.996 29616 29616 I DecorView: updateCaptionType: isFloating=false isApplication=true hasWindowDecorCaption=false this=DecorView@821f92c[]
10-11 02:36:38.996 29616 29616 D DecorView: setCaptionType = 0, this = DecorView@821f92c[]
10-11 02:36:38.999 29616 29616 I DecorView: getCurrentDensityDpi: from app context. densityDpi=420 msg=resources_loaded
10-11 02:36:38.999 29616 29616 I DecorView: setWindowBackground: isPopOver=false color=0 d=android.graphics.drawable.ColorDrawable@f87c18a
10-11 02:36:39.007 29616 29638 D NativeCustomFrequencyManager: [NativeCFMS] BpCustomFrequencyManager::BpCustomFrequencyManager()
10-11 02:36:39.008 29616 29616 I DecorView: notifyKeepScreenOnChanged: keepScreenOn=false
10-11 02:36:39.023 29616 29616 D InsetsController: onStateChanged: InsetsState: {mDisplayFrame=Rect(0, 0 - 1080, 2400), mDisplayCutout=DisplayCutout{insets=Rect(0, 88 - 0, 0) waterfall=Insets{left=0, top=0, right=0, bottom=0} boundingRect={Bounds=[Rect(0, 0 - 0, 0), Rect(512, 0 - 568, 88), Rect(0, 0 - 0, 0), Rect(0, 0 - 0, 0)]} cutoutPathParserInfo={CutoutPathParserInfo{displayWidth=1080 displayHeight=2400 physicalDisplayWidth=1080 physicalDisplayHeight=2400 density={2.625} cutoutSpec={M 0,0 M 0,12.25101276465640 a 10.60613009248640,10.60613009248640 0 1,0 0,21.21226018497290 a 10.60613009248640,10.60613009248640 0 1,0 0,-21.21226018497290 Z @dp} rotation={0} scale={1.0} physicalPixelDisplaySizeRatio={1.0}}}}, mRoundedCorners=RoundedCorners{[RoundedCorner{position=TopLeft, radius=84, center=Point(84, 84)}, RoundedCorner{position=TopRight, radius=84, center=Point(996, 84)}, RoundedCorner{position=BottomRight, radius=84, center=Point(996, 2316)}, RoundedCorner{position=BottomLeft, radius=84, center=Point(84, 2316)}]}  mRoundedCornerFrame=Rect(0, 0 - 1080, 2400), mPrivacyIndicatorBounds=PrivacyIndicatorBounds {static bounds=Rect(964, 0 - 1080, 87) rotation=0}, mSources= { InsetsSource: {mType=ITYPE_STATUS_BAR, mFrame=[0,0][1080,88], mVisible=true, mInsetsRoundedCornerFrame=false}, InsetsSource: {mType=ITYPE_NAVIGATION_BAR, mFrame=[0,2361][1080,2400], mVisible=true, mInsetsRoundedCornerFrame=false}, InsetsSource: {mType=ITYPE_LEFT_GESTURES, mFrame=[0,0][130,2400], mVisible=true, mInsetsRoundedCornerFrame=false}, InsetsSource: {mType=ITYPE_RIGHT_GESTURES, mFrame=[950,0][1080,2400], mVisible=true, mInsetsRoundedCornerFrame=false}, InsetsSource: {mType=ITYPE_TOP_MANDATORY_GESTURES, mFrame=[0,0][1080,120], mVisible=true, mInsetsRoundedCornerFrame=false}, InsetsSource: {mType=ITYPE_BOTTOM_MANDATORY_GESTURES, mFrame=[0,2316][1080,2400], mVisible=true, mInsetsRoundedCornerFrame=false}, InsetsSource: {mType=ITYPE_LEFT_DISPLAY_CUTOUT, mFrame=[0,0][-100000,2400], mVisible=true, mInsetsRoundedCornerFrame=false}, InsetsSource: {mType=ITYPE_TOP_DISPLAY_CUTOUT, mFrame=[0,0][1080,88], mVisible=true, mInsetsRoundedCornerFrame=false}, InsetsSource: {mType=ITYPE_RIGHT_DISPLAY_CUTOUT, mFrame=[100000,0][1080,2400], mVisible=true, mInsetsRoundedCornerFrame=false}, InsetsSource: {mType=ITYPE_BOTTOM_DISPLAY_CUTOUT, mFrame=[0,100000][1080,2400], mVisible=true, mInsetsRoundedCornerFrame=false}, InsetsSource: {mType=ITYPE_TOP_TAPPABLE_ELEMENT, mFrame=[0,0][1080,88], mVisible=true, mInsetsRoundedCornerFrame=false}, InsetsSource: {mType=ITYPE_BOTTOM_TAPPABLE_ELEMENT, mFrame=[0,0][0,0], mVisible=true, mInsetsRoundedCornerFrame=false}, InsetsSource: {mType=ITYPE_IME, mFrame=[0,0][0,0], mVisibleFrame=[0,1409][1080,2400], mVisible=false, mInsetsRoundedCornerFrame=false} } host=com.lagradost.cloudstream3/com.lagradost.cloudstream3.MainActivity from=android.view.ViewRootImpl.setView:1732
10-11 02:36:39.024 29616 29616 I ViewRootImpl@45a9773[MainActivity]: setView = com.android.internal.policy.DecorView@821f92c TM=true
10-11 02:36:39.044 29616 29616 I ViewRootImpl@45a9773[MainActivity]: performTraversals params={(0,0)(fillxfill) gr=CENTER sim={adjust=resize forwardNavigation} ty=APPLICATION fmt=TRANSPARENT wanim=0x7f14000b
10-11 02:36:39.044 29616 29616 I ViewRootImpl@45a9773[MainActivity]:   fl=85810100
10-11 02:36:39.044 29616 29616 I ViewRootImpl@45a9773[MainActivity]:   pfl=12020040
10-11 02:36:39.044 29616 29616 I ViewRootImpl@45a9773[MainActivity]:   vsysui=500
10-11 02:36:39.044 29616 29616 I ViewRootImpl@45a9773[MainActivity]:   bhv=DEFAULT
10-11 02:36:39.044 29616 29616 I ViewRootImpl@45a9773[MainActivity]:   fitSides= naviIconColor=0}
10-11 02:36:39.045 29616 29616 I ViewRootImpl@45a9773[MainActivity]: performTraversals mFirst=true windowShouldResize=true viewVisibilityChanged=false mForceNextWindowRelayout=false params={(0,0)(fillxfill) gr=CENTER sim={adjust=resize forwardNavigation} ty=APPLICATION fmt=TRANSPARENT wanim=0x7f14000b
10-11 02:36:39.045 29616 29616 I ViewRootImpl@45a9773[MainActivity]:   fl=85810100
10-11 02:36:39.045 29616 29616 I ViewRootImpl@45a9773[MainActivity]:   pfl=12020040
10-11 02:36:39.045 29616 29616 I ViewRootImpl@45a9773[MainActivity]:   vsysui=500
10-11 02:36:39.045 29616 29616 I ViewRootImpl@45a9773[MainActivity]:   bhv=DEFAULT
10-11 02:36:39.045 29616 29616 I ViewRootImpl@45a9773[MainActivity]:   fitSides= naviIconColor=0}
10-11 02:36:39.059 29616 29616 I ViewRootImpl@45a9773[MainActivity]: updateBlastSurfaceIfNeeded mBlastBufferQueue=null isSameSurfaceControl=false
10-11 02:36:39.060 29616 29616 I BLASTBufferQueue: new BLASTBufferQueue, mName= ViewRootImpl@45a9773[MainActivity] mNativeObject= 0x7bdab5ee00 sc.mNativeObject= 0x7b5fe6be20 caller= android.view.ViewRootImpl.updateBlastSurfaceIfNeeded:2909 android.view.ViewRootImpl.relayoutWindow:9847 android.view.ViewRootImpl.performTraversals:3884 android.view.ViewRootImpl.doTraversal:3116 android.view.ViewRootImpl$TraversalRunnable.run:10885 android.view.Choreographer$CallbackRecord.run:1301 android.view.Choreographer$CallbackRecord.run:1309 android.view.Choreographer.doCallbacks:923 android.view.Choreographer.doFrame:852 android.view.Choreographer$FrameDisplayEventReceiver.run:1283 
10-11 02:36:39.060 29616 29616 I BLASTBufferQueue: update, w= 1080 h= 2400 mName = ViewRootImpl@45a9773[MainActivity] mNativeObject= 0x7bdab5ee00 sc.mNativeObject= 0x7b5fe6be20 format= -2 caller= android.graphics.BLASTBufferQueue.<init>:84 android.view.ViewRootImpl.updateBlastSurfaceIfNeeded:2909 android.view.ViewRootImpl.relayoutWindow:9847 android.view.ViewRootImpl.performTraversals:3884 android.view.ViewRootImpl.doTraversal:3116 android.view.ViewRootImpl$TraversalRunnable.run:10885 
10-11 02:36:39.061 29616 29616 I ViewRootImpl@45a9773[MainActivity]: Relayout returned: old=(0,0,1080,2400) new=(0,0,1080,2400) req=(1080,2400)0 dur=14 res=0x3 s={true 0x7b5ff12800} ch=true seqId=0
10-11 02:36:39.062 29616 29616 I ViewRootImpl@45a9773[MainActivity]: mThreadedRenderer.initialize() mSurface={isValid=true 0x7b5ff12800} hwInitialized=true
10-11 02:36:39.062 29616 29638 D OpenGLRenderer: eglCreateWindowSurface
10-11 02:36:39.086 29616 29616 D AbsListView:  in onLayout changed 
10-11 02:36:39.087 29616 29616 I ViewRootImpl@45a9773[MainActivity]: reportNextDraw android.view.ViewRootImpl.performTraversals:4438 android.view.ViewRootImpl.doTraversal:3116 android.view.ViewRootImpl$TraversalRunnable.run:10885 android.view.Choreographer$CallbackRecord.run:1301 android.view.Choreographer$CallbackRecord.run:1309 
10-11 02:36:39.088 29616 29616 I ViewRootImpl@45a9773[MainActivity]: Setup new sync id=0
10-11 02:36:39.088 29616 29616 I ViewRootImpl@45a9773[MainActivity]: Setting syncFrameCallback
10-11 02:36:39.088 29616 29616 I ViewRootImpl@45a9773[MainActivity]: registerCallbacksForSync syncBuffer=false
10-11 02:36:39.091 29616 29708 I ViewRootImpl@45a9773[MainActivity]: Received frameDrawingCallback syncResult=0 frameNum=1.
10-11 02:36:39.091 29616 29708 I ViewRootImpl@45a9773[MainActivity]: Setting up sync and frameCommitCallback
10-11 02:36:39.097 29616 29638 I BLASTBufferQueue: [ViewRootImpl@45a9773[MainActivity]#5](f:0,a:0) onFrameAvailable the first frame is available
10-11 02:36:39.098 29616 29638 I ViewRootImpl@45a9773[MainActivity]: Received frameCommittedCallback lastAttemptedDrawFrameNum=1 didProduceBuffer=true
10-11 02:36:39.101 29616 29638 D OpenGLRenderer: CFMS:: SetUp Pid : 29616    Tid : 29638
10-11 02:36:39.106 29616 29616 I ViewRootImpl@45a9773[MainActivity]: onSyncComplete
