10-04 19:18:03.988 23929 23929 I ViewRootImpl@1ebc30e[Toast]:   fitIgnoreVis naviIconColor=0}
10-04 19:18:03.988 23929 23929 I ViewRootImpl@1ebc30e[Toast]: performTraversals mFirst=true windowShouldResize=false viewVisibilityChanged=false mForceNextWindowRelayout=false params={(0,13)(wrapxwrap) gr=BOTTOM CENTER sim={adjust=pan} ty=TOAST fmt=TRANSLUCENT wanim=0x1030004 surfaceInsets=Rect(11, 11 - 11, 11)
10-04 19:18:03.988 23929 23929 I ViewRootImpl@1ebc30e[Toast]:   fl=1000098
10-04 19:18:03.988 23929 23929 I ViewRootImpl@1ebc30e[Toast]:   pfl=12000000
10-04 19:18:03.988 23929 23929 I ViewRootImpl@1ebc30e[Toast]:   bhv=DEFAULT
10-04 19:18:03.988 23929 23929 I ViewRootImpl@1ebc30e[Toast]:   fitTypes=STATUS_BARS NAVIGATION_BARS CAPTION_BAR
10-04 19:18:03.988 23929 23929 I ViewRootImpl@1ebc30e[Toast]:   fitIgnoreVis naviIconColor=0}
10-04 19:18:04.004 23929 23929 I ViewRootImpl@1ebc30e[Toast]: updateBlastSurfaceIfNeeded mBlastBufferQueue=null isSameSurfaceControl=false
10-04 19:18:04.005 23929 23929 I BLASTBufferQueue: new BLASTBufferQueue, mName= ViewRootImpl@1ebc30e[Toast] mNativeObject= 0x7b1f558c00 sc.mNativeObject= 0x7b0a241040 caller= android.view.ViewRootImpl.updateBlastSurfaceIfNeeded:2909 android.view.ViewRootImpl.relayoutWindow:9847 android.view.ViewRootImpl.performTraversals:3884 android.view.ViewRootImpl.doTraversal:3116 android.view.ViewRootImpl$TraversalRunnable.run:10885 android.view.Choreographer$CallbackRecord.run:1301 android.view.Choreographer$CallbackRecord.run:1309 android.view.Choreographer.doCallbacks:923 android.view.Choreographer.doFrame:852 android.view.Choreographer$FrameDisplayEventReceiver.run:1283 
10-04 19:18:04.005 23929 23929 I BLASTBufferQueue: update, w= 373 h= 178 mName = ViewRootImpl@1ebc30e[Toast] mNativeObject= 0x7b1f558c00 sc.mNativeObject= 0x7b0a241040 format= -3 caller= android.graphics.BLASTBufferQueue.<init>:84 android.view.ViewRootImpl.updateBlastSurfaceIfNeeded:2909 android.view.ViewRootImpl.relayoutWindow:9847 android.view.ViewRootImpl.performTraversals:3884 android.view.ViewRootImpl.doTraversal:3116 android.view.ViewRootImpl$TraversalRunnable.run:10885 
10-04 19:18:04.006 23929 23929 I ViewRootImpl@1ebc30e[Toast]: Relayout returned: old=(0,88,1080,2361) new=(364,2192,715,2348) req=(351,156)0 dur=15 res=0x3 s={true 0x7b1f717800} ch=true seqId=0
10-04 19:18:04.007 23929 23929 I ViewRootImpl@1ebc30e[Toast]: mThreadedRenderer.initialize() mSurface={isValid=true 0x7b1f717800} hwInitialized=true
10-04 19:18:04.009 23929 23929 I ViewRootImpl@1ebc30e[Toast]: reportNextDraw android.view.ViewRootImpl.performTraversals:4438 android.view.ViewRootImpl.doTraversal:3116 android.view.ViewRootImpl$TraversalRunnable.run:10885 android.view.Choreographer$CallbackRecord.run:1301 android.view.Choreographer$CallbackRecord.run:1309 
10-04 19:18:04.009 23929 23929 I ViewRootImpl@1ebc30e[Toast]: Setup new sync id=0
10-04 19:18:04.009 23929 23929 I ViewRootImpl@1ebc30e[Toast]: Setting syncFrameCallback
10-04 19:18:04.009 23929 23929 I ViewRootImpl@1ebc30e[Toast]: registerCallbacksForSync syncBuffer=false
10-04 19:18:04.013 23929 23949 D OpenGLRenderer: eglCreateWindowSurface
10-04 19:18:04.015 23929 24020 I ViewRootImpl@1ebc30e[Toast]: Received frameDrawingCallback syncResult=0 frameNum=1.
10-04 19:18:04.015 23929 24020 I ViewRootImpl@1ebc30e[Toast]: Setting up sync and frameCommitCallback
10-04 19:18:04.022 23929 23949 I BLASTBufferQueue: [ViewRootImpl@1ebc30e[Toast]#1](f:0,a:0) onFrameAvailable the first frame is available
10-04 19:18:04.024 23929 23949 I ViewRootImpl@1ebc30e[Toast]: Received frameCommittedCallback lastAttemptedDrawFrameNum=1 didProduceBuffer=true
10-04 19:18:04.026 23929 23949 D OpenGLRenderer: CFMS:: SetUp Pid : 23929    Tid : 23949
10-04 19:18:04.031 23929 23929 I ViewRootImpl@1ebc30e[Toast]: onSyncComplete
10-04 19:18:04.031 23929 23929 I ViewRootImpl@1ebc30e[Toast]: setupSync seqId=0 mSyncId=0 fn=1 caller=android.view.ViewRootImpl$$ExternalSyntheticLambda11.accept:6 android.window.SurfaceSyncer.lambda$setupSync$1$android-window-SurfaceSyncer:128 android.window.SurfaceSyncer$$ExternalSyntheticLambda1.accept:8 android.window.SurfaceSyncer$SyncSet.checkIfSyncIsComplete:382 android.window.SurfaceSyncer$SyncSet.markSyncReady:359 android.window.SurfaceSyncer.markSyncReady:151 android.view.ViewRootImpl.performTraversals:4503 
10-04 19:18:04.032 23929 23929 I ViewRootImpl@1ebc30e[Toast]: reportDrawFinished seqId=0 mSyncId=-1 fn=1 mSurfaceChangedTransaction=0x7b1f56a300
10-04 19:18:05.269 23929 23929 I ViewRootImpl@3bedb8a[MainActivity]: ViewPostIme pointer 0
10-04 19:18:05.326 23929 23929 I ViewRootImpl@3bedb8a[MainActivity]: ViewPostIme pointer 1
10-04 19:18:05.353 23929 23929 I IMM_LC  : hsifw() - flag : 0
10-04 19:18:05.354 23929 23929 I IMM_LC  : hsifw() - mService.hideSoftInput
10-04 19:18:05.917 23929 23949 D OpenGLRenderer: setSurface called with nullptr
10-04 19:18:05.917 23929 23949 D OpenGLRenderer: setSurface() destroyed EGLSurface
10-04 19:18:05.917 23929 23949 D OpenGLRenderer: destroyEglSurface
10-04 19:18:05.920 23929 23929 I ViewRootImpl@1ebc30e[Toast]: dispatchDetachedFromWindow
10-04 19:18:05.930 23929 23929 D InputTransport: Input channel destroyed: 'c4697c ', fd=156
10-04 19:18:07.840 23929 23935 W st.cloudstream3: Cleared Reference was only reachable from finalizer (only reported once)
10-04 19:18:07.914 23929 23935 I st.cloudstream3: Background concurrent copying GC freed 24MB AllocSpace bytes, 110(9920KB) LOS objects, 49% free, 22MB/45MB, paused 428us,86us total 231.769ms
10-04 19:18:07.927 23929 23949 D OpenGLRenderer: setSurface called with nullptr
10-04 19:18:07.943 23929 23938 W System  : A resource failed to call close. 
10-04 19:18:08.930 23929 23935 I st.cloudstream3: Background concurrent copying GC freed 5925KB AllocSpace bytes, 97(16MB) LOS objects, 45% free, 28MB/52MB, paused 163us,233us total 164.099ms
10-04 19:18:10.954 23929 23929 I ViewRootImpl@3bedb8a[MainActivity]: ViewPostIme pointer 0
10-04 19:18:11.002 23929 23929 I ViewRootImpl@3bedb8a[MainActivity]: ViewPostIme pointer 1
10-04 19:18:11.017 23929 23929 I NavComponent: Navigating to fragment: 2131362274
10-04 19:18:11.050 23929 23929 I IMM_LC  : hsifw() - flag : 0
10-04 19:18:11.051 23929 23929 I IMM_LC  : hsifw() - mService.hideSoftInput
10-04 19:18:11.202 23929 23929 D ScrollView: initGoToTop
10-04 19:18:11.540 23929 23929 I SurfaceView@22ab420: onWindowVisibilityChanged(0) true android.view.SurfaceView{22ab420 V.E...... ......I. 0,0-0,0} of ViewRootImpl@3bedb8a[MainActivity]
10-04 19:18:11.540 23929 23929 D SurfaceView@22ab420: updateSurface: has no frame
10-04 19:18:11.551 23929 23929 I CS3ExoPlayer: SET STYLE = SaveCaptionStyle(foregroundColor=-1, backgroundColor=0, windowColor=0, edgeType=1, edgeColor=-16777216, typeface=null, typefaceFilePath=null, elevation=20, fixedTextSize=null, edgeSize=null, removeCaptions=false, removeBloat=true, upperCase=false, bold=false, italic=false, backgroundRadius=null)
10-04 19:18:11.570 23929 23929 D VideoClickActionHolder: allVideoClickActions: [null:com.lagradost.cloudstream3.actions.temp.PlayInBrowserAction, null:com.lagradost.cloudstream3.actions.temp.CopyClipboardAction, null:com.lagradost.cloudstream3.actions.temp.ViewM3U8Action, null:com.lagradost.cloudstream3.actions.temp.VlcPackage, null:com.lagradost.cloudstream3.actions.temp.MpvPackage, null:com.lagradost.cloudstream3.actions.temp.NextPlayerPackage, null:com.lagradost.cloudstream3.actions.temp.JustPlayerPackage, null:com.lagradost.cloudstream3.actions.temp.fcast.FcastAction, null:com.lagradost.cloudstream3.actions.temp.LibreTorrentPackage, null:com.lagradost.cloudstream3.actions.temp.BiglyBTPackage, null:com.lagradost.cloudstream3.actions.temp.VlcNightlyPackage, null:com.lagradost.cloudstream3.actions.temp.WebVideoCastPackage, null:com.lagradost.cloudstream3.actions.temp.MpvYTDLPackage, null:com.lagradost.cloudstream3.actions.temp.MpvKtPackage, null:com.lagradost.cloudstream3.actions.temp.MpvKtPreviewPackage, null:com.lagradost.cloudstream3.actions.AlwaysAskAction]
10-04 19:18:11.572 23929 23929 I IMM_LC  : hsifw() - flag : 0
10-04 19:18:11.572 23929 23929 I IMM_LC  : hsifw() - mService.hideSoftInput
10-04 19:18:11.574 23929 23978 I SYNCVM  : addFromUrl = https://wecima.now/watch/%d9%85%d8%b4%d8%a7%d9%87%d8%af%d8%a9-%d9%85%d8%b3%d9%84%d8%b3%d9%84-loves-ambition-%d9%85%d9%88%d8%b3%d9%85-1-%d8%ad%d9%84%d9%82%d8%a9-14/
10-04 19:18:11.574 23929 23978 I SYNCUTIL: getIdsFromUrl https://wecima.now/watch/%d9%85%d8%b4%d8%a7%d9%87%d8%af%d8%a9-%d9%85%d8%b3%d9%84%d8%b3%d9%84-loves-ambition-%d9%85%d9%88%d8%b3%d9%85-1-%d8%ad%d9%84%d9%82%d8%a9-14/
10-04 19:18:11.596 23929 23929 I SurfaceView@22ab420: onWindowVisibilityChanged(8) false android.view.SurfaceView{22ab420 V.E...... ......I. 0,0-0,0} of ViewRootImpl@3bedb8a[MainActivity]
10-04 19:18:11.596 23929 23929 D SurfaceView@22ab420: updateSurface: has no frame
10-04 19:18:11.596 23929 23929 D SurfaceView@22ab420: updateSurface: has no frame
10-04 19:18:11.596 23929 23929 I SurfaceView@22ab420: onDetachedFromWindow: tryReleaseSurfaces()
10-04 19:18:11.596 23929 23929 I SurfaceView@22ab420: releaseSurfaces: viewRoot = ViewRootImpl@3bedb8a[MainActivity]
10-04 19:18:11.597 23929 23929 I SurfaceView@22ab420: applyTransactionOnVriDraw: vri = ViewRootImpl@3bedb8a[MainActivity] fRS = true t = 0x7b383b9800 android.view.SurfaceView.releaseSurfaces:858 android.view.SurfaceView.onDetachedFromWindow:500 android.view.View.dispatchDetachedFromWindow:22538 
10-04 19:18:11.597 23929 23929 I SurfaceView@22ab420: applyTransactionOnVriDraw: viewRoot.applyTransactionOnDrawFromReleaseSurfaces
10-04 19:18:11.597 23929 23929 I ViewRootImpl@3bedb8a[MainActivity]: applyTransactionOnDraw: mRemoved = false isHardwareEnabled = true t = 0x7b383b9800android.view.ViewRootImpl.applyTransactionOnDrawFromReleaseSurfaces:12850 android.view.SurfaceView.applyTransactionOnVriDraw:2046 android.view.SurfaceView.releaseSurfaces:858 android.view.SurfaceView.onDetachedFromWindow:500 android.view.View.dispatchDetachedFromWindow:22538 
10-04 19:18:11.599 23929 23929 I SurfaceView@22ab420: onWindowVisibilityChanged(0) true android.view.SurfaceView{22ab420 V.E...... ......I. 0,0-0,0} of ViewRootImpl@3bedb8a[MainActivity]
10-04 19:18:11.599 23929 23929 D SurfaceView@22ab420: updateSurface: has no frame
10-04 19:18:11.604 23929 23929 I DecorView: notifyKeepScreenOnChanged: keepScreenOn=false
10-04 19:18:11.622 23929 23929 I CS3ExoPlayer: reloadPlayer
10-04 19:18:11.622 23929 23929 I CS3ExoPlayer: releasePlayer
10-04 19:18:11.622 23929 23929 I CS3ExoPlayer: Handle event: PlayerAttachedEvent(player=null, source=Player)
10-04 19:18:11.624 23929 23929 I Choreographer: Skipped 33 frames!  The application may be doing too much work on its main thread.
10-04 19:18:11.629 23929 23929 I ViewRootImpl@3bedb8a[MainActivity]: performTraversals params={(0,0)(fillxfill) sim={state=always_hidden adjust=resize} ty=BASE_APPLICATION wanim=0x1030309
10-04 19:18:11.629 23929 23929 I ViewRootImpl@3bedb8a[MainActivity]:   fl=85810100
10-04 19:18:11.629 23929 23929 I ViewRootImpl@3bedb8a[MainActivity]:   pfl=12020040
10-04 19:18:11.629 23929 23929 I ViewRootImpl@3bedb8a[MainActivity]:   vsysui=500
10-04 19:18:11.629 23929 23929 I ViewRootImpl@3bedb8a[MainActivity]:   bhv=DEFAULT
10-04 19:18:11.629 23929 23929 I ViewRootImpl@3bedb8a[MainActivity]:   fitSides= naviIconColor=0}
10-04 19:18:11.630 23929 23929 I ViewRootImpl@3bedb8a[MainActivity]: performTraversals mFirst=false windowShouldResize=false viewVisibilityChanged=false mForceNextWindowRelayout=false params={(0,0)(fillxfill) sim={state=always_hidden adjust=resize} ty=BASE_APPLICATION fmt=TRANSLUCENT wanim=0x1030309
10-04 19:18:11.630 23929 23929 I ViewRootImpl@3bedb8a[MainActivity]:   fl=85810100
10-04 19:18:11.630 23929 23929 I ViewRootImpl@3bedb8a[MainActivity]:   pfl=12020040
10-04 19:18:11.630 23929 23929 I ViewRootImpl@3bedb8a[MainActivity]:   vsysui=500
10-04 19:18:11.630 23929 23929 I ViewRootImpl@3bedb8a[MainActivity]:   bhv=DEFAULT
10-04 19:18:11.630 23929 23929 I ViewRootImpl@3bedb8a[MainActivity]:   fitSides= naviIconColor=0}
10-04 19:18:11.639 23929 23929 I ViewRootImpl@3bedb8a[MainActivity]: updateBlastSurfaceIfNeeded mBlastBufferQueue=0x7b5cdefd00 isSameSurfaceControl=true
10-04 19:18:11.640 23929 23929 I BLASTBufferQueue: update, w= 1080 h= 2400 mName = ViewRootImpl@3bedb8a[MainActivity] mNativeObject= 0x7b5cdefd00 sc.mNativeObject= 0x7b0a60c620 format= -3 caller= android.view.ViewRootImpl.updateBlastSurfaceIfNeeded:2898 android.view.ViewRootImpl.relayoutWindow:9847 android.view.ViewRootImpl.performTraversals:3884 android.view.ViewRootImpl.doTraversal:3116 android.view.ViewRootImpl$TraversalRunnable.run:10885 android.view.Choreographer$CallbackRecord.run:1301 
10-04 19:18:11.640 23929 23929 I ViewRootImpl@3bedb8a[MainActivity]: Relayout returned: old=(0,0,1080,2400) new=(0,0,1080,2400) req=(1080,2400)0 dur=9 res=0x0 s={true 0x7b5cb76800} ch=false seqId=0
10-04 19:18:11.641 23929 23929 W View    : requestLayout() improperly called by android.widget.FrameLayout{181d93 I.E...... ......I. 0,0-0,0 #7f0a04e7 app:id/start_panel} during layout: running second layout pass
10-04 19:18:11.642 23929 23929 W View    : requestLayout() improperly called by android.widget.FrameLayout{5f991d0 I.E...... ......ID 1080,0-1080,2143 #7f0a0168 app:id/end_panel} during layout: running second layout pass
10-04 19:18:11.643 23929 23929 D SurfaceView@22ab420: updateSurface: has no frame
10-04 19:18:11.649 23929 24021 I ViewRootImpl@3bedb8a[MainActivity]: mWNT: t=0x7b383b9800 mBlastBufferQueue=0x7b5cdefd00 fn= 409 caller= android.view.ViewRootImpl.lambda$applyTransactionOnDraw$11$android-view-ViewRootImpl:12865 android.view.ViewRootImpl$$ExternalSyntheticLambda1.onFrameDraw:4 android.graphics.HardwareRenderer$FrameDrawingCallback.onFrameDraw:924 
10-04 19:18:11.652 23929 23929 D SurfaceView@22ab420: updateSurface: has no frame
10-04 19:18:11.663 23929 23929 D SurfaceView@22ab420: updateSurface: has no frame
10-04 19:18:11.681 23929 23929 D SurfaceView@22ab420: updateSurface: has no frame
10-04 19:18:11.709 23929 23929 D SurfaceView@22ab420: updateSurface: has no frame
10-04 19:18:11.722 23929 23929 D SurfaceView@22ab420: updateSurface: has no frame
10-04 19:18:11.736 23929 23929 D SurfaceView@22ab420: updateSurface: has no frame
10-04 19:18:11.748 23929 23929 D SurfaceView@22ab420: updateSurface: has no frame
10-04 19:18:11.761 23929 23929 D SurfaceView@22ab420: updateSurface: has no frame
10-04 19:18:11.778 23929 23929 D SurfaceView@22ab420: updateSurface: has no frame
10-04 19:18:11.795 23929 23929 D SurfaceView@22ab420: updateSurface: has no frame
10-04 19:18:11.812 23929 23929 D SurfaceView@22ab420: updateSurface: has no frame
10-04 19:18:11.828 23929 23929 D SurfaceView@22ab420: updateSurface: has no frame
10-04 19:18:11.845 23929 23929 D SurfaceView@22ab420: updateSurface: has no frame
10-04 19:18:11.861 23929 23929 D SurfaceView@22ab420: updateSurface: has no frame
10-04 19:18:11.878 23929 23929 D SurfaceView@22ab420: updateSurface: has no frame
10-04 19:18:11.895 23929 23929 D SurfaceView@22ab420: updateSurface: has no frame
10-04 19:18:11.911 23929 23929 D SurfaceView@22ab420: updateSurface: has no frame
10-04 19:18:11.928 23929 23929 D SurfaceView@22ab420: updateSurface: has no frame
10-04 19:18:11.945 23929 23929 D SurfaceView@22ab420: updateSurface: has no frame
10-04 19:18:11.961 23929 23929 D SurfaceView@22ab420: updateSurface: has no frame
10-04 19:18:11.978 23929 23929 D SurfaceView@22ab420: updateSurface: has no frame
10-04 19:18:11.995 23929 23929 D SurfaceView@22ab420: updateSurface: has no frame
10-04 19:18:12.012 23929 23929 D SurfaceView@22ab420: updateSurface: has no frame
10-04 19:18:12.028 23929 23929 D SurfaceView@22ab420: updateSurface: has no frame
10-04 19:18:12.045 23929 23929 D SurfaceView@22ab420: updateSurface: has no frame
10-04 19:18:12.062 23929 23929 D SurfaceView@22ab420: updateSurface: has no frame
10-04 19:18:12.078 23929 23929 D SurfaceView@22ab420: updateSurface: has no frame
10-04 19:18:12.095 23929 23929 D SurfaceView@22ab420: updateSurface: has no frame
10-04 19:18:12.112 23929 23929 D SurfaceView@22ab420: updateSurface: has no frame
10-04 19:18:12.129 23929 23929 D SurfaceView@22ab420: updateSurface: has no frame
10-04 19:18:12.145 23929 23929 D SurfaceView@22ab420: updateSurface: has no frame
10-04 19:18:12.162 23929 23929 D SurfaceView@22ab420: updateSurface: has no frame
10-04 19:18:12.178 23929 23929 D SurfaceView@22ab420: updateSurface: has no frame
10-04 19:18:12.195 23929 23929 D SurfaceView@22ab420: updateSurface: has no frame
10-04 19:18:12.212 23929 23929 D SurfaceView@22ab420: updateSurface: has no frame
10-04 19:18:12.228 23929 23929 D SurfaceView@22ab420: updateSurface: has no frame
10-04 19:18:12.245 23929 23929 D SurfaceView@22ab420: updateSurface: has no frame
10-04 19:18:12.261 23929 23929 D SurfaceView@22ab420: updateSurface: has no frame
10-04 19:18:12.278 23929 23929 D SurfaceView@22ab420: updateSurface: has no frame
10-04 19:18:12.295 23929 23929 D SurfaceView@22ab420: updateSurface: has no frame
10-04 19:18:12.311 23929 23929 D SurfaceView@22ab420: updateSurface: has no frame
10-04 19:18:12.328 23929 23929 D SurfaceView@22ab420: updateSurface: has no frame
10-04 19:18:12.345 23929 23929 D SurfaceView@22ab420: updateSurface: has no frame
10-04 19:18:12.361 23929 23929 D SurfaceView@22ab420: updateSurface: has no frame
10-04 19:18:12.378 23929 23929 D SurfaceView@22ab420: updateSurface: has no frame
10-04 19:18:12.395 23929 23929 D SurfaceView@22ab420: updateSurface: has no frame
10-04 19:18:12.411 23929 23929 D SurfaceView@22ab420: updateSurface: has no frame
10-04 19:18:12.428 23929 23929 D SurfaceView@22ab420: updateSurface: has no frame
10-04 19:18:12.445 23929 23929 D SurfaceView@22ab420: updateSurface: has no frame
10-04 19:18:12.461 23929 23929 D SurfaceView@22ab420: updateSurface: has no frame
10-04 19:18:12.478 23929 23929 D SurfaceView@22ab420: updateSurface: has no frame
10-04 19:18:12.494 23929 23929 D SurfaceView@22ab420: updateSurface: has no frame
10-04 19:18:12.511 23929 23929 D SurfaceView@22ab420: updateSurface: has no frame
10-04 19:18:12.528 23929 23929 D SurfaceView@22ab420: updateSurface: has no frame
10-04 19:18:12.544 23929 23929 D SurfaceView@22ab420: updateSurface: has no frame
10-04 19:18:12.561 23929 23929 D SurfaceView@22ab420: updateSurface: has no frame
10-04 19:18:12.578 23929 23929 D SurfaceView@22ab420: updateSurface: has no frame
10-04 19:18:12.594 23929 23929 D SurfaceView@22ab420: updateSurface: has no frame
10-04 19:18:12.611 23929 23929 D SurfaceView@22ab420: updateSurface: has no frame
10-04 19:18:12.628 23929 23929 D SurfaceView@22ab420: updateSurface: has no frame
10-04 19:18:12.644 23929 23929 D SurfaceView@22ab420: updateSurface: has no frame
10-04 19:18:12.661 23929 23929 D SurfaceView@22ab420: updateSurface: has no frame
10-04 19:18:12.677 23929 23929 D SurfaceView@22ab420: updateSurface: has no frame
10-04 19:18:12.694 23929 23929 D SurfaceView@22ab420: updateSurface: has no frame
10-04 19:18:12.711 23929 23929 D SurfaceView@22ab420: updateSurface: has no frame
10-04 19:18:12.727 23929 23929 D SurfaceView@22ab420: updateSurface: has no frame
10-04 19:18:12.744 23929 23929 D SurfaceView@22ab420: updateSurface: has no frame
10-04 19:18:12.761 23929 23929 D SurfaceView@22ab420: updateSurface: has no frame
10-04 19:18:12.777 23929 23929 D SurfaceView@22ab420: updateSurface: has no frame
10-04 19:18:12.794 23929 23929 D SurfaceView@22ab420: updateSurface: has no frame
10-04 19:18:12.811 23929 23929 D SurfaceView@22ab420: updateSurface: has no frame
10-04 19:18:12.827 23929 23929 D SurfaceView@22ab420: updateSurface: has no frame
10-04 19:18:12.844 23929 23929 D SurfaceView@22ab420: updateSurface: has no frame
10-04 19:18:12.861 23929 23929 D SurfaceView@22ab420: updateSurface: has no frame
10-04 19:18:12.878 23929 23929 D SurfaceView@22ab420: updateSurface: has no frame
10-04 19:18:12.894 23929 23929 D SurfaceView@22ab420: updateSurface: has no frame
10-04 19:18:12.911 23929 23929 D SurfaceView@22ab420: updateSurface: has no frame
10-04 19:18:12.928 23929 23929 D SurfaceView@22ab420: updateSurface: has no frame
10-04 19:18:12.944 23929 23929 D SurfaceView@22ab420: updateSurface: has no frame
10-04 19:18:12.961 23929 23929 D SurfaceView@22ab420: updateSurface: has no frame
10-04 19:18:12.977 23929 23929 D SurfaceView@22ab420: updateSurface: has no frame
10-04 19:18:12.994 23929 23929 D SurfaceView@22ab420: updateSurface: has no frame
10-04 19:18:13.012 23929 23929 D SurfaceView@22ab420: updateSurface: has no frame
10-04 19:18:13.027 23929 23929 D SurfaceView@22ab420: updateSurface: has no frame
10-04 19:18:13.044 23929 23929 D SurfaceView@22ab420: updateSurface: has no frame
10-04 19:18:13.055 23929 23977 I RVM2    : applyMeta
10-04 19:18:13.060 23929 23929 D SurfaceView@22ab420: updateSurface: has no frame
10-04 19:18:13.078 23929 23929 D SurfaceView@22ab420: updateSurface: has no frame
10-04 19:18:13.100 23929 23929 D SurfaceView@22ab420: updateSurface: has no frame
10-04 19:18:13.114 23929 23929 D SurfaceView@22ab420: updateSurface: has no frame
10-04 19:18:13.133 23929 23929 D SurfaceView@22ab420: updateSurface: has no frame
10-04 19:18:13.144 23929 23935 I st.cloudstream3: Background concurrent copying GC freed 12MB AllocSpace bytes, 73(15MB) LOS objects, 46% free, 27MB/51MB, paused 364us,154us total 210.170ms
10-04 19:18:13.144 23929 23929 D SurfaceView@22ab420: updateSurface: has no frame
10-04 19:18:13.160 23929 23929 D SurfaceView@22ab420: updateSurface: has no frame
10-04 19:18:13.177 23929 23929 D SurfaceView@22ab420: updateSurface: has no frame
10-04 19:18:13.193 23929 23929 D SurfaceView@22ab420: updateSurface: has no frame
10-04 19:18:13.210 23929 23929 D SurfaceView@22ab420: updateSurface: has no frame
10-04 19:18:13.227 23929 23929 D SurfaceView@22ab420: updateSurface: has no frame
10-04 19:18:13.244 23929 23929 D SurfaceView@22ab420: updateSurface: has no frame
10-04 19:18:13.260 23929 23929 D SurfaceView@22ab420: updateSurface: has no frame
10-04 19:18:13.277 23929 23929 D SurfaceView@22ab420: updateSurface: has no frame
10-04 19:18:13.293 23929 23929 D SurfaceView@22ab420: updateSurface: has no frame
10-04 19:18:13.310 23929 23929 D SurfaceView@22ab420: updateSurface: has no frame
10-04 19:18:13.327 23929 23929 D SurfaceView@22ab420: updateSurface: has no frame
10-04 19:18:13.343 23929 23929 D SurfaceView@22ab420: updateSurface: has no frame
10-04 19:18:13.360 23929 23929 D SurfaceView@22ab420: updateSurface: has no frame
10-04 19:18:13.377 23929 23929 D SurfaceView@22ab420: updateSurface: has no frame
10-04 19:18:13.393 23929 23929 D SurfaceView@22ab420: updateSurface: has no frame
10-04 19:18:13.410 23929 23929 D SurfaceView@22ab420: updateSurface: has no frame
10-04 19:18:13.427 23929 23929 D SurfaceView@22ab420: updateSurface: has no frame
10-04 19:18:13.441 23929 23929 W PanelsChildGestureRegionObserver: failed to register view with ID 2131362800. already registered
10-04 19:18:13.445 23929 23929 E CoilImgLoader: Error loading image: coil3.request.NullRequestDataException: The request's data is null.
10-04 19:18:13.453 23929 23929 E CoilImgLoader: Error loading image: coil3.request.NullRequestDataException: The request's data is null.
10-04 19:18:13.493 23929 23978 I SYNCVM  : addFromUrl = https://wecima.now/watch/%d9%85%d8%b4%d8%a7%d9%87%d8%af%d8%a9-%d9%85%d8%b3%d9%84%d8%b3%d9%84-loves-ambition-%d9%85%d9%88%d8%b3%d9%85-1-%d8%ad%d9%84%d9%82%d8%a9-14/
10-04 19:18:13.493 23929 23978 I SYNCUTIL: getIdsFromUrl https://wecima.now/watch/%d9%85%d8%b4%d8%a7%d9%87%d8%af%d8%a9-%d9%85%d8%b3%d9%84%d8%b3%d9%84-loves-ambition-%d9%85%d9%88%d8%b3%d9%85-1-%d8%ad%d9%84%d9%82%d8%a9-14/
10-04 19:18:13.679 23929 23929 D SurfaceView@22ab420: updateSurface: has no frame
10-04 19:18:13.683 23929 23929 I SurfaceView@22ab420: Changes: creating=true format=true size=true visible=true alpha=false hint=false mUseAlpha=false visible=true left=true top=true
10-04 19:18:13.687 23929 23929 I BLASTBufferQueue: update, w= 1080 h= 525 mName = null mNativeObject= 0x7b79060200 sc.mNativeObject= 0x7b0a8076c0 format= 4 caller= android.view.SurfaceView.createBlastSurfaceControls:1383 android.view.SurfaceView.updateSurface:1079 android.view.SurfaceView.lambda$new$0$android-view-SurfaceView:200 android.view.SurfaceView$$ExternalSyntheticLambda5.onPreDraw:2 android.view.ViewTreeObserver.dispatchOnPreDraw:1121 android.view.ViewRootImpl.performTraversals:4442 
10-04 19:18:13.687 23929 23929 I SurfaceView@22ab420: 36353056 Cur surface: Surface(name=null)/@0x40e9557
10-04 19:18:13.687 23929 23929 I SurfaceView@22ab420: pST: sr = Rect(0, 218 - 1080, 743) sw = 1080 sh = 525
10-04 19:18:13.687 23929 23929 D SurfaceView@22ab420: performSurfaceTransaction RenderWorker position = [0, 218, 1080, 743] surfaceSize = 1080x525
10-04 19:18:13.688 23929 23929 I SurfaceView@22ab420: applyTransactionOnVriDraw: vri = ViewRootImpl@3bedb8a[MainActivity] fRS = false t = 0x7b1f2e4100 android.view.SurfaceView.performSurfaceTransaction:959 android.view.SurfaceView.updateSurface:1105 android.view.SurfaceView.lambda$new$0$android-view-SurfaceView:200 
10-04 19:18:13.688 23929 23929 I ViewRootImpl@3bedb8a[MainActivity]: applyTransactionOnDraw: mRemoved = false isHardwareEnabled = true t = 0x7b1f2e4100android.view.SurfaceView.applyTransactionOnVriDraw:2048 android.view.SurfaceView.performSurfaceTransaction:959 android.view.SurfaceView.updateSurface:1105 android.view.SurfaceView.lambda$new$0$android-view-SurfaceView:200 android.view.SurfaceView$$ExternalSyntheticLambda5.onPreDraw:2 
10-04 19:18:13.688 23929 23929 I SurfaceView@22ab420: updateSurface: mVisible = true mSurface.isValid() = true
10-04 19:18:13.688 23929 23929 I SurfaceView@22ab420: updateSurface: mSurfaceCreated = false surfaceChanged = true visibleChanged = true
10-04 19:18:13.688 23929 23929 I SurfaceView@22ab420: visibleChanged -- surfaceCreated
10-04 19:18:13.688 23929 23929 I SurfaceView@22ab420: surfaceCreated 0 #8 android.view.SurfaceView{22ab420 V.E...... ......ID 0,0-1080,525}
10-04 19:18:13.688 23929 23929 I SurfaceView@22ab420: surfaceChanged -- format=4 w=1080 h=525
10-04 19:18:13.688 23929 23929 I SurfaceView@22ab420: surfaceChanged (1080,525) 0 #8 android.view.SurfaceView{22ab420 V.E...... ......ID 0,0-1080,525}
10-04 19:18:13.688 23929 23929 I SurfaceView@22ab420: surfaceRedrawNeeded
10-04 19:18:13.689 23929 23929 V SurfaceView@22ab420: Layout: x=0 y=218 w=1080 h=525, frame=Rect(0, 0 - 1080, 525)
10-04 19:18:13.705 23929 24020 D SurfaceView@22ab420: updateSurfacePosition RenderWorker, frameNr = 517, position = [0, 218, 1080, 743] surfaceSize = 1080x525
10-04 19:18:13.706 23929 24020 I SurfaceView@22ab420: uSP: rtp = Rect(0, 218 - 1080, 743) rtsw = 1080 rtsh = 525
10-04 19:18:13.706 23929 24020 I SurfaceView@22ab420: onSSPAndSRT: pl = 0 pt = 218 sx = 1.0 sy = 1.0
10-04 19:18:13.706 23929 24020 I SurfaceView@22ab420: aOrMT: ViewRootImpl@3bedb8a[MainActivity] t = android.view.SurfaceControl$Transaction@7dba4b0 fN = 517 android.view.SurfaceView.-$$Nest$mapplyOrMergeTransaction:0 android.view.SurfaceView$SurfaceViewPositionUpdateListener.positionChanged:1537 android.graphics.RenderNode$CompositePositionUpdateListener.positionChanged:373 
10-04 19:18:13.707 23929 24020 I ViewRootImpl@3bedb8a[MainActivity]: mWNT: t=0x7b1f2e4200 mBlastBufferQueue=0x7b5cdefd00 fn= 517 caller= android.view.SurfaceView.applyOrMergeTransaction:1455 android.view.SurfaceView.-$$Nest$mapplyOrMergeTransaction:0 android.view.SurfaceView$SurfaceViewPositionUpdateListener.positionChanged:1537 
10-04 19:18:13.708 23929 24020 I ViewRootImpl@3bedb8a[MainActivity]: mWNT: t=0x7b1f2e4100 mBlastBufferQueue=0x7b5cdefd00 fn= 517 caller= android.view.ViewRootImpl.lambda$applyTransactionOnDraw$11$android-view-ViewRootImpl:12865 android.view.ViewRootImpl$$ExternalSyntheticLambda1.onFrameDraw:4 android.graphics.HardwareRenderer$FrameDrawingCallback.onFrameDraw:924 
10-04 19:18:13.774 23929 23929 I SurfaceView@22ab420: finishedDrawing
10-04 19:18:14.509 23929 23929 I ViewRootImpl@3bedb8a[MainActivity]: ViewPostIme pointer 0
10-04 19:18:14.572 23929 23929 I SurfaceView@22ab420: Changes: creating=false format=false size=false visible=false alpha=false hint=false mUseAlpha=false visible=false left=false top=true
10-04 19:18:14.572 23929 23929 I SurfaceView@22ab420: 36353056 Cur surface: Surface(name=null)/@0x40e9557
10-04 19:18:14.573 23929 23929 I SurfaceView@22ab420: applyTransactionOnVriDraw: vri = ViewRootImpl@3bedb8a[MainActivity] fRS = false t = 0x7b1f2e4500 android.view.SurfaceView.performSurfaceTransaction:959 android.view.SurfaceView.updateSurface:1105 android.view.SurfaceView.lambda$new$0$android-view-SurfaceView:200 
10-04 19:18:14.574 23929 23929 I ViewRootImpl@3bedb8a[MainActivity]: applyTransactionOnDraw: mRemoved = false isHardwareEnabled = true t = 0x7b1f2e4500android.view.SurfaceView.applyTransactionOnVriDraw:2048 android.view.SurfaceView.performSurfaceTransaction:959 android.view.SurfaceView.updateSurface:1105 android.view.SurfaceView.lambda$new$0$android-view-SurfaceView:200 android.view.SurfaceView$$ExternalSyntheticLambda5.onPreDraw:2 
10-04 19:18:14.574 23929 23929 I SurfaceView@22ab420: updateSurface: mVisible = true mSurface.isValid() = true
10-04 19:18:14.574 23929 23929 I SurfaceView@22ab420: updateSurface: mSurfaceCreated = true surfaceChanged = false visibleChanged = false
10-04 19:18:14.575 23929 23929 V SurfaceView@22ab420: Layout: x=0 y=43 w=1080 h=525, frame=Rect(0, 0 - 1080, 525)
10-04 19:18:14.579 23929 24021 D SurfaceView@22ab420: updateSurfacePosition RenderWorker, frameNr = 535, position = [0, 43, 1080, 568] surfaceSize = 1080x525
10-04 19:18:14.579 23929 24021 I SurfaceView@22ab420: uSP: rtp = Rect(0, 43 - 1080, 568) rtsw = 1080 rtsh = 525
10-04 19:18:14.579 23929 24021 I SurfaceView@22ab420: onSSPAndSRT: pl = 0 pt = 43 sx = 1.0 sy = 1.0
10-04 19:18:14.580 23929 24021 I SurfaceView@22ab420: aOrMT: ViewRootImpl@3bedb8a[MainActivity] t = android.view.SurfaceControl$Transaction@7dba4b0 fN = 535 android.view.SurfaceView.-$$Nest$mapplyOrMergeTransaction:0 android.view.SurfaceView$SurfaceViewPositionUpdateListener.positionChanged:1537 android.graphics.RenderNode$CompositePositionUpdateListener.positionChanged:373 
10-04 19:18:14.580 23929 24021 I ViewRootImpl@3bedb8a[MainActivity]: mWNT: t=0x7b1f2e4200 mBlastBufferQueue=0x7b5cdefd00 fn= 535 caller= android.view.SurfaceView.applyOrMergeTransaction:1455 android.view.SurfaceView.-$$Nest$mapplyOrMergeTransaction:0 android.view.SurfaceView$SurfaceViewPositionUpdateListener.positionChanged:1537 
10-04 19:18:14.581 23929 24021 I ViewRootImpl@3bedb8a[MainActivity]: mWNT: t=0x7b1f2e4500 mBlastBufferQueue=0x7b5cdefd00 fn= 535 caller= android.view.ViewRootImpl.lambda$applyTransactionOnDraw$11$android-view-ViewRootImpl:12865 android.view.ViewRootImpl$$ExternalSyntheticLambda1.onFrameDraw:4 android.graphics.HardwareRenderer$FrameDrawingCallback.onFrameDraw:924 
10-04 19:18:14.590 23929 23929 I SurfaceView@22ab420: Changes: creating=false format=false size=false visible=false alpha=false hint=false mUseAlpha=false visible=false left=false top=true
10-04 19:18:14.590 23929 23929 I SurfaceView@22ab420: 36353056 Cur surface: Surface(name=null)/@0x40e9557
10-04 19:18:14.591 23929 23929 I SurfaceView@22ab420: applyTransactionOnVriDraw: vri = ViewRootImpl@3bedb8a[MainActivity] fRS = false t = 0x7b1f2e4800 android.view.SurfaceView.performSurfaceTransaction:959 android.view.SurfaceView.updateSurface:1105 android.view.SurfaceView.lambda$new$0$android-view-SurfaceView:200 
10-04 19:18:14.592 23929 23929 I ViewRootImpl@3bedb8a[MainActivity]: applyTransactionOnDraw: mRemoved = false isHardwareEnabled = true t = 0x7b1f2e4800android.view.SurfaceView.applyTransactionOnVriDraw:2048 android.view.SurfaceView.performSurfaceTransaction:959 android.view.SurfaceView.updateSurface:1105 android.view.SurfaceView.lambda$new$0$android-view-SurfaceView:200 android.view.SurfaceView$$ExternalSyntheticLambda5.onPreDraw:2 
10-04 19:18:14.592 23929 23929 I SurfaceView@22ab420: updateSurface: mVisible = true mSurface.isValid() = true
10-04 19:18:14.592 23929 23929 I SurfaceView@22ab420: updateSurface: mSurfaceCreated = true surfaceChanged = false visibleChanged = false
10-04 19:18:14.592 23929 23929 V SurfaceView@22ab420: Layout: x=0 y=-175 w=1080 h=525, frame=Rect(0, 0 - 1080, 525)
10-04 19:18:14.604 23929 24020 D SurfaceView@22ab420: updateSurfacePosition RenderWorker, frameNr = 536, position = [0, -175, 1080, 350] surfaceSize = 1080x525
10-04 19:18:14.604 23929 24020 I SurfaceView@22ab420: uSP: rtp = Rect(0, -175 - 1080, 350) rtsw = 1080 rtsh = 525
10-04 19:18:14.604 23929 24020 I SurfaceView@22ab420: onSSPAndSRT: pl = 0 pt = -175 sx = 1.0 sy = 1.0
10-04 19:18:14.604 23929 24020 I SurfaceView@22ab420: aOrMT: ViewRootImpl@3bedb8a[MainActivity] t = android.view.SurfaceControl$Transaction@7dba4b0 fN = 536 android.view.SurfaceView.-$$Nest$mapplyOrMergeTransaction:0 android.view.SurfaceView$SurfaceViewPositionUpdateListener.positionChanged:1537 android.graphics.RenderNode$CompositePositionUpdateListener.positionChanged:373 
10-04 19:18:14.605 23929 24020 I ViewRootImpl@3bedb8a[MainActivity]: mWNT: t=0x7b1f2e4200 mBlastBufferQueue=0x7b5cdefd00 fn= 536 caller= android.view.SurfaceView.applyOrMergeTransaction:1455 android.view.SurfaceView.-$$Nest$mapplyOrMergeTransaction:0 android.view.SurfaceView$SurfaceViewPositionUpdateListener.positionChanged:1537 
10-04 19:18:14.605 23929 24020 I ViewRootImpl@3bedb8a[MainActivity]: mWNT: t=0x7b1f2e4800 mBlastBufferQueue=0x7b5cdefd00 fn= 536 caller= android.view.ViewRootImpl.lambda$applyTransactionOnDraw$11$android-view-ViewRootImpl:12865 android.view.ViewRootImpl$$ExternalSyntheticLambda1.onFrameDraw:4 android.graphics.HardwareRenderer$FrameDrawingCallback.onFrameDraw:924 
10-04 19:18:14.605 23929 23929 I ViewRootImpl@3bedb8a[MainActivity]: ViewPostIme pointer 1
10-04 19:18:14.613 23929 23929 I SurfaceView@22ab420: Changes: creating=false format=false size=false visible=false alpha=false hint=false mUseAlpha=false visible=false left=false top=true
10-04 19:18:14.613 23929 23929 I SurfaceView@22ab420: 36353056 Cur surface: Surface(name=null)/@0x40e9557
10-04 19:18:14.614 23929 23929 I SurfaceView@22ab420: applyTransactionOnVriDraw: vri = ViewRootImpl@3bedb8a[MainActivity] fRS = false t = 0x7aee38b400 android.view.SurfaceView.performSurfaceTransaction:959 android.view.SurfaceView.updateSurface:1105 android.view.SurfaceView.lambda$new$0$android-view-SurfaceView:200 
10-04 19:18:14.614 23929 23929 I ViewRootImpl@3bedb8a[MainActivity]: applyTransactionOnDraw: mRemoved = false isHardwareEnabled = true t = 0x7aee38b400android.view.SurfaceView.applyTransactionOnVriDraw:2048 android.view.SurfaceView.performSurfaceTransaction:959 android.view.SurfaceView.updateSurface:1105 android.view.SurfaceView.lambda$new$0$android-view-SurfaceView:200 android.view.SurfaceView$$ExternalSyntheticLambda5.onPreDraw:2 
10-04 19:18:14.614 23929 23929 I SurfaceView@22ab420: updateSurface: mVisible = true mSurface.isValid() = true
10-04 19:18:14.614 23929 23929 I SurfaceView@22ab420: updateSurface: mSurfaceCreated = true surfaceChanged = false visibleChanged = false
10-04 19:18:14.614 23929 23929 V SurfaceView@22ab420: Layout: x=0 y=-256 w=1080 h=525, frame=Rect(0, 0 - 1080, 525)
10-04 19:18:14.620 23929 24021 D SurfaceView@22ab420: updateSurfacePosition RenderWorker, frameNr = 537, position = [0, -256, 1080, 269] surfaceSize = 1080x525
10-04 19:18:14.620 23929 24021 I SurfaceView@22ab420: uSP: rtp = Rect(0, -256 - 1080, 269) rtsw = 1080 rtsh = 525
10-04 19:18:14.620 23929 24021 I SurfaceView@22ab420: onSSPAndSRT: pl = 0 pt = -256 sx = 1.0 sy = 1.0
10-04 19:18:14.620 23929 24021 I SurfaceView@22ab420: aOrMT: ViewRootImpl@3bedb8a[MainActivity] t = android.view.SurfaceControl$Transaction@7dba4b0 fN = 537 android.view.SurfaceView.-$$Nest$mapplyOrMergeTransaction:0 android.view.SurfaceView$SurfaceViewPositionUpdateListener.positionChanged:1537 android.graphics.RenderNode$CompositePositionUpdateListener.positionChanged:373 
10-04 19:18:14.620 23929 24021 I ViewRootImpl@3bedb8a[MainActivity]: mWNT: t=0x7b1f2e4200 mBlastBufferQueue=0x7b5cdefd00 fn= 537 caller= android.view.SurfaceView.applyOrMergeTransaction:1455 android.view.SurfaceView.-$$Nest$mapplyOrMergeTransaction:0 android.view.SurfaceView$SurfaceViewPositionUpdateListener.positionChanged:1537 
10-04 19:18:14.621 23929 24021 I ViewRootImpl@3bedb8a[MainActivity]: mWNT: t=0x7aee38b400 mBlastBufferQueue=0x7b5cdefd00 fn= 537 caller= android.view.ViewRootImpl.lambda$applyTransactionOnDraw$11$android-view-ViewRootImpl:12865 android.view.ViewRootImpl$$ExternalSyntheticLambda1.onFrameDraw:4 android.graphics.HardwareRenderer$FrameDrawingCallback.onFrameDraw:924 
10-04 19:18:14.630 23929 23929 I SurfaceView@22ab420: Changes: creating=false format=false size=false visible=false alpha=false hint=false mUseAlpha=false visible=false left=false top=true
10-04 19:18:14.630 23929 23929 I SurfaceView@22ab420: 36353056 Cur surface: Surface(name=null)/@0x40e9557
10-04 19:18:14.630 23929 23929 I SurfaceView@22ab420: applyTransactionOnVriDraw: vri = ViewRootImpl@3bedb8a[MainActivity] fRS = false t = 0x7aee38b500 android.view.SurfaceView.performSurfaceTransaction:959 android.view.SurfaceView.updateSurface:1105 android.view.SurfaceView.lambda$new$0$android-view-SurfaceView:200 
10-04 19:18:14.631 23929 23929 I ViewRootImpl@3bedb8a[MainActivity]: applyTransactionOnDraw: mRemoved = false isHardwareEnabled = true t = 0x7aee38b500android.view.SurfaceView.applyTransactionOnVriDraw:2048 android.view.SurfaceView.performSurfaceTransaction:959 android.view.SurfaceView.updateSurface:1105 android.view.SurfaceView.lambda$new$0$android-view-SurfaceView:200 android.view.SurfaceView$$ExternalSyntheticLambda5.onPreDraw:2 
10-04 19:18:14.631 23929 23929 I SurfaceView@22ab420: updateSurface: mVisible = true mSurface.isValid() = true
10-04 19:18:14.631 23929 23929 I SurfaceView@22ab420: updateSurface: mSurfaceCreated = true surfaceChanged = false visibleChanged = false
10-04 19:18:14.631 23929 23929 V SurfaceView@22ab420: Layout: x=0 y=-371 w=1080 h=525, frame=Rect(0, 0 - 1080, 525)
10-04 19:18:14.635 23929 24020 D SurfaceView@22ab420: updateSurfacePosition RenderWorker, frameNr = 538, position = [0, -371, 1080, 154] surfaceSize = 1080x525
10-04 19:18:14.635 23929 24020 I SurfaceView@22ab420: uSP: rtp = Rect(0, -371 - 1080, 154) rtsw = 1080 rtsh = 525
10-04 19:18:14.635 23929 24020 I SurfaceView@22ab420: onSSPAndSRT: pl = 0 pt = -371 sx = 1.0 sy = 1.0
10-04 19:18:14.636 23929 24020 I SurfaceView@22ab420: aOrMT: ViewRootImpl@3bedb8a[MainActivity] t = android.view.SurfaceControl$Transaction@7dba4b0 fN = 538 android.view.SurfaceView.-$$Nest$mapplyOrMergeTransaction:0 android.view.SurfaceView$SurfaceViewPositionUpdateListener.positionChanged:1537 android.graphics.RenderNode$CompositePositionUpdateListener.positionChanged:373 
10-04 19:18:14.636 23929 24020 I ViewRootImpl@3bedb8a[MainActivity]: mWNT: t=0x7b1f2e4200 mBlastBufferQueue=0x7b5cdefd00 fn= 538 caller= android.view.SurfaceView.applyOrMergeTransaction:1455 android.view.SurfaceView.-$$Nest$mapplyOrMergeTransaction:0 android.view.SurfaceView$SurfaceViewPositionUpdateListener.positionChanged:1537 
10-04 19:18:14.636 23929 24020 I ViewRootImpl@3bedb8a[MainActivity]: mWNT: t=0x7aee38b500 mBlastBufferQueue=0x7b5cdefd00 fn= 538 caller= android.view.ViewRootImpl.lambda$applyTransactionOnDraw$11$android-view-ViewRootImpl:12865 android.view.ViewRootImpl$$ExternalSyntheticLambda1.onFrameDraw:4 android.graphics.HardwareRenderer$FrameDrawingCallback.onFrameDraw:924 
10-04 19:18:14.646 23929 23929 I SurfaceView@22ab420: Changes: creating=false format=false size=false visible=false alpha=false hint=false mUseAlpha=false visible=false left=false top=true
10-04 19:18:14.646 23929 23929 I SurfaceView@22ab420: 36353056 Cur surface: Surface(name=null)/@0x40e9557
10-04 19:18:14.647 23929 23929 I SurfaceView@22ab420: applyTransactionOnVriDraw: vri = ViewRootImpl@3bedb8a[MainActivity] fRS = false t = 0x7aee38b600 android.view.SurfaceView.performSurfaceTransaction:959 android.view.SurfaceView.updateSurface:1105 android.view.SurfaceView.lambda$new$0$android-view-SurfaceView:200 
10-04 19:18:14.647 23929 23929 I ViewRootImpl@3bedb8a[MainActivity]: applyTransactionOnDraw: mRemoved = false isHardwareEnabled = true t = 0x7aee38b600android.view.SurfaceView.applyTransactionOnVriDraw:2048 android.view.SurfaceView.performSurfaceTransaction:959 android.view.SurfaceView.updateSurface:1105 android.view.SurfaceView.lambda$new$0$android-view-SurfaceView:200 android.view.SurfaceView$$ExternalSyntheticLambda5.onPreDraw:2 
10-04 19:18:14.647 23929 23929 I SurfaceView@22ab420: updateSurface: mVisible = true mSurface.isValid() = true
10-04 19:18:14.647 23929 23929 I SurfaceView@22ab420: updateSurface: mSurfaceCreated = true surfaceChanged = false visibleChanged = false
10-04 19:18:14.647 23929 23929 V SurfaceView@22ab420: Layout: x=0 y=-543 w=1080 h=525, frame=Rect(0, 0 - 1080, 525)
10-04 19:18:14.652 23929 24021 D SurfaceView@22ab420: updateSurfacePosition RenderWorker, frameNr = 539, position = [0, -543, 1080, -18] surfaceSize = 1080x525
10-04 19:18:14.652 23929 24021 I SurfaceView@22ab420: uSP: rtp = Rect(0, -543 - 1080, -18) rtsw = 1080 rtsh = 525
10-04 19:18:14.652 23929 24021 I SurfaceView@22ab420: onSSPAndSRT: pl = 0 pt = -543 sx = 1.0 sy = 1.0
10-04 19:18:14.652 23929 24021 I SurfaceView@22ab420: aOrMT: ViewRootImpl@3bedb8a[MainActivity] t = android.view.SurfaceControl$Transaction@7dba4b0 fN = 539 android.view.SurfaceView.-$$Nest$mapplyOrMergeTransaction:0 android.view.SurfaceView$SurfaceViewPositionUpdateListener.positionChanged:1537 android.graphics.RenderNode$CompositePositionUpdateListener.positionChanged:373 
10-04 19:18:14.652 23929 24021 I ViewRootImpl@3bedb8a[MainActivity]: mWNT: t=0x7b1f2e4200 mBlastBufferQueue=0x7b5cdefd00 fn= 539 caller= android.view.SurfaceView.applyOrMergeTransaction:1455 android.view.SurfaceView.-$$Nest$mapplyOrMergeTransaction:0 android.view.SurfaceView$SurfaceViewPositionUpdateListener.positionChanged:1537 
10-04 19:18:14.652 23929 24021 I ViewRootImpl@3bedb8a[MainActivity]: mWNT: t=0x7aee38b600 mBlastBufferQueue=0x7b5cdefd00 fn= 539 caller= android.view.ViewRootImpl.lambda$applyTransactionOnDraw$11$android-view-ViewRootImpl:12865 android.view.ViewRootImpl$$ExternalSyntheticLambda1.onFrameDraw:4 android.graphics.HardwareRenderer$FrameDrawingCallback.onFrameDraw:924 
10-04 19:18:14.662 23929 23929 I SurfaceView@22ab420: Changes: creating=false format=false size=false visible=false alpha=false hint=false mUseAlpha=false visible=false left=false top=true
10-04 19:18:14.662 23929 23929 I SurfaceView@22ab420: 36353056 Cur surface: Surface(name=null)/@0x40e9557
10-04 19:18:14.662 23929 23929 I SurfaceView@22ab420: applyTransactionOnVriDraw: vri = ViewRootImpl@3bedb8a[MainActivity] fRS = false t = 0x7aee38b700 android.view.SurfaceView.performSurfaceTransaction:959 android.view.SurfaceView.updateSurface:1105 android.view.SurfaceView.lambda$new$0$android-view-SurfaceView:200 
10-04 19:18:14.662 23929 23929 I ViewRootImpl@3bedb8a[MainActivity]: applyTransactionOnDraw: mRemoved = false isHardwareEnabled = true t = 0x7aee38b700android.view.SurfaceView.applyTransactionOnVriDraw:2048 android.view.SurfaceView.performSurfaceTransaction:959 android.view.SurfaceView.updateSurface:1105 android.view.SurfaceView.lambda$new$0$android-view-SurfaceView:200 android.view.SurfaceView$$ExternalSyntheticLambda5.onPreDraw:2 
10-04 19:18:14.662 23929 23929 I SurfaceView@22ab420: updateSurface: mVisible = true mSurface.isValid() = true
10-04 19:18:14.662 23929 23929 I SurfaceView@22ab420: updateSurface: mSurfaceCreated = true surfaceChanged = false visibleChanged = false
10-04 19:18:14.662 23929 23929 V SurfaceView@22ab420: Layout: x=0 y=-757 w=1080 h=525, frame=Rect(0, 0 - 1080, 525)
10-04 19:18:14.666 23929 24020 D SurfaceView@22ab420: updateSurfacePosition RenderWorker, frameNr = 540, position = [0, -757, 1080, -232] surfaceSize = 1080x525
10-04 19:18:14.666 23929 24020 I SurfaceView@22ab420: uSP: rtp = Rect(0, -757 - 1080, -232) rtsw = 1080 rtsh = 525
10-04 19:18:14.666 23929 24020 I SurfaceView@22ab420: onSSPAndSRT: pl = 0 pt = -757 sx = 1.0 sy = 1.0
10-04 19:18:14.667 23929 24020 I SurfaceView@22ab420: aOrMT: ViewRootImpl@3bedb8a[MainActivity] t = android.view.SurfaceControl$Transaction@7dba4b0 fN = 540 android.view.SurfaceView.-$$Nest$mapplyOrMergeTransaction:0 android.view.SurfaceView$SurfaceViewPositionUpdateListener.positionChanged:1537 android.graphics.RenderNode$CompositePositionUpdateListener.positionChanged:373 
10-04 19:18:14.667 23929 24020 I ViewRootImpl@3bedb8a[MainActivity]: mWNT: t=0x7b1f2e4200 mBlastBufferQueue=0x7b5cdefd00 fn= 540 caller= android.view.SurfaceView.applyOrMergeTransaction:1455 android.view.SurfaceView.-$$Nest$mapplyOrMergeTransaction:0 android.view.SurfaceView$SurfaceViewPositionUpdateListener.positionChanged:1537 
10-04 19:18:14.667 23929 24020 I ViewRootImpl@3bedb8a[MainActivity]: mWNT: t=0x7aee38b700 mBlastBufferQueue=0x7b5cdefd00 fn= 540 caller= android.view.ViewRootImpl.lambda$applyTransactionOnDraw$11$android-view-ViewRootImpl:12865 android.view.ViewRootImpl$$ExternalSyntheticLambda1.onFrameDraw:4 android.graphics.HardwareRenderer$FrameDrawingCallback.onFrameDraw:924 
10-04 19:18:14.678 23929 23929 I SurfaceView@22ab420: Changes: creating=false format=false size=false visible=false alpha=false hint=false mUseAlpha=false visible=false left=false top=true
10-04 19:18:14.678 23929 23929 I SurfaceView@22ab420: 36353056 Cur surface: Surface(name=null)/@0x40e9557
10-04 19:18:14.678 23929 23929 I SurfaceView@22ab420: applyTransactionOnVriDraw: vri = ViewRootImpl@3bedb8a[MainActivity] fRS = false t = 0x7b5ccb1500 android.view.SurfaceView.performSurfaceTransaction:959 android.view.SurfaceView.updateSurface:1105 android.view.SurfaceView.lambda$new$0$android-view-SurfaceView:200 
10-04 19:18:14.678 23929 23929 I ViewRootImpl@3bedb8a[MainActivity]: applyTransactionOnDraw: mRemoved = false isHardwareEnabled = true t = 0x7b5ccb1500android.view.SurfaceView.applyTransactionOnVriDraw:2048 android.view.SurfaceView.performSurfaceTransaction:959 android.view.SurfaceView.updateSurface:1105 android.view.SurfaceView.lambda$new$0$android-view-SurfaceView:200 android.view.SurfaceView$$ExternalSyntheticLambda5.onPreDraw:2 
10-04 19:18:14.678 23929 23929 I SurfaceView@22ab420: updateSurface: mVisible = true mSurface.isValid() = true
10-04 19:18:14.678 23929 23929 I SurfaceView@22ab420: updateSurface: mSurfaceCreated = true surfaceChanged = false visibleChanged = false
10-04 19:18:14.678 23929 23929 V SurfaceView@22ab420: Layout: x=0 y=-971 w=1080 h=525, frame=Rect(0, 0 - 1080, 525)
10-04 19:18:14.682 23929 24021 D SurfaceView@22ab420: updateSurfacePosition RenderWorker, frameNr = 541, position = [0, -971, 1080, -446] surfaceSize = 1080x525
10-04 19:18:14.682 23929 24021 I SurfaceView@22ab420: uSP: rtp = Rect(0, -971 - 1080, -446) rtsw = 1080 rtsh = 525
10-04 19:18:14.682 23929 24021 I SurfaceView@22ab420: onSSPAndSRT: pl = 0 pt = -971 sx = 1.0 sy = 1.0
10-04 19:18:14.682 23929 24021 I SurfaceView@22ab420: aOrMT: ViewRootImpl@3bedb8a[MainActivity] t = android.view.SurfaceControl$Transaction@7dba4b0 fN = 541 android.view.SurfaceView.-$$Nest$mapplyOrMergeTransaction:0 android.view.SurfaceView$SurfaceViewPositionUpdateListener.positionChanged:1537 android.graphics.RenderNode$CompositePositionUpdateListener.positionChanged:373 
10-04 19:18:14.682 23929 24021 I ViewRootImpl@3bedb8a[MainActivity]: mWNT: t=0x7b1f2e4200 mBlastBufferQueue=0x7b5cdefd00 fn= 541 caller= android.view.SurfaceView.applyOrMergeTransaction:1455 android.view.SurfaceView.-$$Nest$mapplyOrMergeTransaction:0 android.view.SurfaceView$SurfaceViewPositionUpdateListener.positionChanged:1537 
10-04 19:18:14.683 23929 24021 I ViewRootImpl@3bedb8a[MainActivity]: mWNT: t=0x7b5ccb1500 mBlastBufferQueue=0x7b5cdefd00 fn= 541 caller= android.view.ViewRootImpl.lambda$applyTransactionOnDraw$11$android-view-ViewRootImpl:12865 android.view.ViewRootImpl$$ExternalSyntheticLambda1.onFrameDraw:4 android.graphics.HardwareRenderer$FrameDrawingCallback.onFrameDraw:924 
10-04 19:18:14.695 23929 23929 I SurfaceView@22ab420: Changes: creating=false format=false size=false visible=false alpha=false hint=false mUseAlpha=false visible=false left=false top=true
10-04 19:18:14.695 23929 23929 I SurfaceView@22ab420: 36353056 Cur surface: Surface(name=null)/@0x40e9557
10-04 19:18:14.696 23929 23929 I SurfaceView@22ab420: applyTransactionOnVriDraw: vri = ViewRootImpl@3bedb8a[MainActivity] fRS = false t = 0x7aee38b300 android.view.SurfaceView.performSurfaceTransaction:959 android.view.SurfaceView.updateSurface:1105 android.view.SurfaceView.lambda$new$0$android-view-SurfaceView:200 
10-04 19:18:14.696 23929 23929 I ViewRootImpl@3bedb8a[MainActivity]: applyTransactionOnDraw: mRemoved = false isHardwareEnabled = true t = 0x7aee38b300android.view.SurfaceView.applyTransactionOnVriDraw:2048 android.view.SurfaceView.performSurfaceTransaction:959 android.view.SurfaceView.updateSurface:1105 android.view.SurfaceView.lambda$new$0$android-view-SurfaceView:200 android.view.SurfaceView$$ExternalSyntheticLambda5.onPreDraw:2 
10-04 19:18:14.696 23929 23929 I SurfaceView@22ab420: updateSurface: mVisible = true mSurface.isValid() = true
10-04 19:18:14.696 23929 23929 I SurfaceView@22ab420: updateSurface: mSurfaceCreated = true surfaceChanged = false visibleChanged = false
10-04 19:18:14.696 23929 23929 V SurfaceView@22ab420: Layout: x=0 y=-1195 w=1080 h=525, frame=Rect(0, 0 - 1080, 525)
10-04 19:18:14.701 23929 24020 D SurfaceView@22ab420: updateSurfacePosition RenderWorker, frameNr = 542, position = [0, -1195, 1080, -670] surfaceSize = 1080x525
