10-04 19:19:02.574 23929 23982 W System.err: 	at kotlinx.coroutines.scheduling.CoroutineScheduler$Worker.executeTask(CoroutineScheduler.kt:820)
10-04 19:19:02.574 23929 23982 W System.err: 	at kotlinx.coroutines.scheduling.CoroutineScheduler$Worker.runWorker(CoroutineScheduler.kt:717)
10-04 19:19:02.574 23929 23982 W System.err: 	at kotlinx.coroutines.scheduling.CoroutineScheduler$Worker.run(CoroutineScheduler.kt:704)
10-04 19:19:02.574 23929 23982 D ApiError: -------------------------------------------------------------------
10-04 19:19:02.647 23929 23929 I ViewRootImpl@c3d9f88[MainActivity]: ViewPostIme pointer 1
10-04 19:19:02.863 23929 23929 I ViewRootImpl@c3d9f88[MainActivity]: ViewPostIme pointer 0
10-04 19:19:02.948 23929 23929 I ViewRootImpl@c3d9f88[MainActivity]: ViewPostIme pointer 1
10-04 19:19:03.219 23929 23929 I ViewRootImpl@c3d9f88[MainActivity]: ViewPostIme pointer 0
10-04 19:19:03.272 23929 23935 I st.cloudstream3: Background concurrent copying GC freed 15MB AllocSpace bytes, 73(7536KB) LOS objects, 41% free, 33MB/57MB, paused 302us,289us total 294.805ms
10-04 19:19:03.284 23929 23949 D OpenGLRenderer: setSurface called with nullptr
10-04 19:19:03.286 23929 23936 D InputTransport: Input channel destroyed: 'ClientS', fd=120
10-04 19:19:03.288 23929 23936 D InputTransport: Input channel destroyed: 'ClientS', fd=141
10-04 19:19:03.590 23929 23929 I ViewRootImpl@c3d9f88[MainActivity]: ViewPostIme pointer 1
10-04 19:19:05.182 23929 23929 I ViewRootImpl@c3d9f88[MainActivity]: ViewPostIme pointer 0
10-04 19:19:05.221 23929 23929 I ViewRootImpl@c3d9f88[MainActivity]: ViewPostIme pointer 1
10-04 19:19:05.236 23929 23929 I NavComponent: Navigating to fragment: 2131362274
10-04 19:19:05.241 23929 23929 I IMM_LC  : hsifw() - flag : 0
10-04 19:19:05.241 23929 23929 I IMM_LC  : hsifw() ignore mServedView == null or mServedView.getWindowToken() != windowToken, mServedView :DecorView@1293a04[MainActivity]
10-04 19:19:05.244 23929 23929 I MSHandlerLifeCycle: check: return. pkg=com.lagradost.cloudstream3 isActivity=false callers=com.android.internal.policy.DecorView.setVisibility:4412 android.app.Dialog.hide:767 com.lagradost.cloudstream3.utils.AppContextUtils.ownHide:123 com.lagradost.cloudstream3.ui.home.HomeFragment$Companion.loadHomepageList$lambda$3:185 com.lagradost.cloudstream3.ui.home.HomeFragment$Companion.$r8$lambda$MoQSIPnUiyzkK5n4sMwjTMvpPNA:0 
10-04 19:19:05.245 23929 23929 I MSHandlerLifeCycle: removeMultiSplitHandler: no exist. decor=DecorView@1293a04[MainActivity]
10-04 19:19:05.276 23929 23929 D ScrollView: initGoToTop
10-04 19:19:05.612 23929 23929 I SurfaceView@6d26fd: onWindowVisibilityChanged(0) true android.view.SurfaceView{6d26fd V.E..V... ......I. 0,0-0,0} of ViewRootImpl@3bedb8a[MainActivity]
10-04 19:19:05.612 23929 23929 D SurfaceView@6d26fd: updateSurface: has no frame
10-04 19:19:05.618 23929 23929 I CS3ExoPlayer: SET STYLE = SaveCaptionStyle(foregroundColor=-1, backgroundColor=0, windowColor=0, edgeType=1, edgeColor=-16777216, typeface=null, typefaceFilePath=null, elevation=20, fixedTextSize=null, edgeSize=null, removeCaptions=false, removeBloat=true, upperCase=false, bold=false, italic=false, backgroundRadius=null)
10-04 19:19:05.629 23929 23929 I IMM_LC  : hsifw() - flag : 0
10-04 19:19:05.629 23929 23929 I IMM_LC  : hsifw() ignore mServedView == null or mServedView.getWindowToken() != windowToken, mServedView :DecorView@1293a04[MainActivity]
10-04 19:19:05.630 23929 23981 I SYNCVM  : addFromUrl = https://wecima.now/watch/%d9%85%d8%b4%d8%a7%d9%87%d8%af%d8%a9-%d9%85%d8%b3%d9%84%d8%b3%d9%84-the-murky-stream-%d9%85%d9%88%d8%b3%d9%85-1-%d8%ad%d9%84%d9%82%d8%a9-4/
10-04 19:19:05.630 23929 23981 I SYNCUTIL: getIdsFromUrl https://wecima.now/watch/%d9%85%d8%b4%d8%a7%d9%87%d8%af%d8%a9-%d9%85%d8%b3%d9%84%d8%b3%d9%84-the-murky-stream-%d9%85%d9%88%d8%b3%d9%85-1-%d8%ad%d9%84%d9%82%d8%a9-4/
10-04 19:19:05.646 23929 23929 I SurfaceView@6d26fd: onWindowVisibilityChanged(8) false android.view.SurfaceView{6d26fd V.E..V... ......I. 0,0-0,0} of ViewRootImpl@3bedb8a[MainActivity]
10-04 19:19:05.646 23929 23929 D SurfaceView@6d26fd: updateSurface: has no frame
10-04 19:19:05.646 23929 23929 D SurfaceView@6d26fd: updateSurface: has no frame
10-04 19:19:05.646 23929 23929 I SurfaceView@6d26fd: onDetachedFromWindow: tryReleaseSurfaces()
10-04 19:19:05.646 23929 23929 I SurfaceView@6d26fd: releaseSurfaces: viewRoot = ViewRootImpl@3bedb8a[MainActivity]
10-04 19:19:05.646 23929 23929 I SurfaceView@6d26fd: applyTransactionOnVriDraw: vri = ViewRootImpl@3bedb8a[MainActivity] fRS = true t = 0x7b3875e700 android.view.SurfaceView.releaseSurfaces:858 android.view.SurfaceView.onDetachedFromWindow:500 android.view.View.dispatchDetachedFromWindow:22538 
10-04 19:19:05.646 23929 23929 I SurfaceView@6d26fd: applyTransactionOnVriDraw: viewRoot.applyTransactionOnDrawFromReleaseSurfaces
10-04 19:19:05.646 23929 23929 I ViewRootImpl@3bedb8a[MainActivity]: applyTransactionOnDraw: mRemoved = false isHardwareEnabled = true t = 0x7b3875e700android.view.ViewRootImpl.applyTransactionOnDrawFromReleaseSurfaces:12850 android.view.SurfaceView.applyTransactionOnVriDraw:2046 android.view.SurfaceView.releaseSurfaces:858 android.view.SurfaceView.onDetachedFromWindow:500 android.view.View.dispatchDetachedFromWindow:22538 
10-04 19:19:05.649 23929 23929 I SurfaceView@6d26fd: onWindowVisibilityChanged(0) true android.view.SurfaceView{6d26fd V.E..V... ......I. 0,0-0,0} of ViewRootImpl@3bedb8a[MainActivity]
10-04 19:19:05.649 23929 23929 D SurfaceView@6d26fd: updateSurface: has no frame
10-04 19:19:05.652 23929 23929 I DecorView: notifyKeepScreenOnChanged: keepScreenOn=false
10-04 19:19:05.662 23929 23929 I CS3ExoPlayer: reloadPlayer
10-04 19:19:05.662 23929 23929 I CS3ExoPlayer: releasePlayer
10-04 19:19:05.663 23929 23929 I CS3ExoPlayer: Handle event: PlayerAttachedEvent(player=null, source=Player)
10-04 19:19:05.670 23929 23929 I ViewRootImpl@3bedb8a[MainActivity]: performTraversals params={(0,0)(fillxfill) sim={state=always_hidden adjust=resize} ty=BASE_APPLICATION wanim=0x1030309
10-04 19:19:05.670 23929 23929 I ViewRootImpl@3bedb8a[MainActivity]:   fl=85810100
10-04 19:19:05.670 23929 23929 I ViewRootImpl@3bedb8a[MainActivity]:   pfl=12020040
10-04 19:19:05.670 23929 23929 I ViewRootImpl@3bedb8a[MainActivity]:   vsysui=500
10-04 19:19:05.670 23929 23929 I ViewRootImpl@3bedb8a[MainActivity]:   bhv=DEFAULT
10-04 19:19:05.670 23929 23929 I ViewRootImpl@3bedb8a[MainActivity]:   fitSides= naviIconColor=0}
10-04 19:19:05.670 23929 23929 I ViewRootImpl@3bedb8a[MainActivity]: performTraversals mFirst=false windowShouldResize=false viewVisibilityChanged=false mForceNextWindowRelayout=false params={(0,0)(fillxfill) sim={state=always_hidden adjust=resize} ty=BASE_APPLICATION fmt=TRANSLUCENT wanim=0x1030309
10-04 19:19:05.670 23929 23929 I ViewRootImpl@3bedb8a[MainActivity]:   fl=85810100
10-04 19:19:05.670 23929 23929 I ViewRootImpl@3bedb8a[MainActivity]:   pfl=12020040
10-04 19:19:05.670 23929 23929 I ViewRootImpl@3bedb8a[MainActivity]:   vsysui=500
10-04 19:19:05.670 23929 23929 I ViewRootImpl@3bedb8a[MainActivity]:   bhv=DEFAULT
10-04 19:19:05.670 23929 23929 I ViewRootImpl@3bedb8a[MainActivity]:   fitSides= naviIconColor=0}
10-04 19:19:05.676 23929 23929 I ViewRootImpl@3bedb8a[MainActivity]: updateBlastSurfaceIfNeeded mBlastBufferQueue=0x7b5cdefd00 isSameSurfaceControl=true
10-04 19:19:05.676 23929 23929 I BLASTBufferQueue: update, w= 1080 h= 2400 mName = ViewRootImpl@3bedb8a[MainActivity] mNativeObject= 0x7b5cdefd00 sc.mNativeObject= 0x7b0a801040 format= -3 caller= android.view.ViewRootImpl.updateBlastSurfaceIfNeeded:2898 android.view.ViewRootImpl.relayoutWindow:9847 android.view.ViewRootImpl.performTraversals:3884 android.view.ViewRootImpl.doTraversal:3116 android.view.ViewRootImpl$TraversalRunnable.run:10885 android.view.Choreographer$CallbackRecord.run:1301 
10-04 19:19:05.676 23929 23929 I ViewRootImpl@3bedb8a[MainActivity]: Relayout returned: old=(0,0,1080,2400) new=(0,0,1080,2400) req=(1080,2400)0 dur=6 res=0x0 s={true 0x7b5cb76800} ch=false seqId=0
10-04 19:19:05.677 23929 23929 W View    : requestLayout() improperly called by android.widget.FrameLayout{3917f47 I.E..V... ......I. 0,0-0,0 #7f0a04e7 app:id/start_panel} during layout: running second layout pass
10-04 19:19:05.677 23929 23929 W View    : requestLayout() improperly called by android.widget.FrameLayout{1a50374 I.E..V... ......ID 1080,0-1080,2143 #7f0a0168 app:id/end_panel} during layout: running second layout pass
10-04 19:19:05.679 23929 23929 D SurfaceView@6d26fd: updateSurface: has no frame
10-04 19:19:05.683 23929 24021 I ViewRootImpl@3bedb8a[MainActivity]: mWNT: t=0x7b3875e700 mBlastBufferQueue=0x7b5cdefd00 fn= 63 caller= android.view.ViewRootImpl.lambda$applyTransactionOnDraw$11$android-view-ViewRootImpl:12865 android.view.ViewRootImpl$$ExternalSyntheticLambda1.onFrameDraw:4 android.graphics.HardwareRenderer$FrameDrawingCallback.onFrameDraw:924 
10-04 19:19:05.689 23929 23949 D OpenGLRenderer: setSurface called with nullptr
10-04 19:19:05.689 23929 23949 D OpenGLRenderer: setSurface() destroyed EGLSurface
10-04 19:19:05.689 23929 23949 D OpenGLRenderer: destroyEglSurface
10-04 19:19:05.700 23929 23929 I ViewRootImpl@c3d9f88[MainActivity]: performTraversals mFirst=false windowShouldResize=false viewVisibilityChanged=true mForceNextWindowRelayout=false params={(0,0)(fillxfill) gr=CENTER sim={adjust=pan} ty=APPLICATION fmt=TRANSPARENT wanim=0x7f14000b
10-04 19:19:05.700 23929 23929 I ViewRootImpl@c3d9f88[MainActivity]:   fl=85810100
10-04 19:19:05.700 23929 23929 I ViewRootImpl@c3d9f88[MainActivity]:   pfl=12020040
10-04 19:19:05.700 23929 23929 I ViewRootImpl@c3d9f88[MainActivity]:   vsysui=500
10-04 19:19:05.700 23929 23929 I ViewRootImpl@c3d9f88[MainActivity]:   bhv=DEFAULT
10-04 19:19:05.700 23929 23929 I ViewRootImpl@c3d9f88[MainActivity]:   fitSides= naviIconColor=0}
10-04 19:19:05.712 23929 23929 D InsetsController: onStateChanged: InsetsState: {mDisplayFrame=Rect(0, 0 - 1080, 2400), mDisplayCutout=DisplayCutout{insets=Rect(0, 88 - 0, 0) waterfall=Insets{left=0, top=0, right=0, bottom=0} boundingRect={Bounds=[Rect(0, 0 - 0, 0), Rect(512, 0 - 568, 88), Rect(0, 0 - 0, 0), Rect(0, 0 - 0, 0)]} cutoutPathParserInfo={CutoutPathParserInfo{displayWidth=1080 displayHeight=2400 physicalDisplayWidth=1080 physicalDisplayHeight=2400 density={2.625} cutoutSpec={M 0,0 M 0,12.25101276465640 a 10.60613009248640,10.60613009248640 0 1,0 0,21.21226018497290 a 10.60613009248640,10.60613009248640 0 1,0 0,-21.21226018497290 Z @dp} rotation={0} scale={1.0} physicalPixelDisplaySizeRatio={1.0}}}}, mRoundedCorners=RoundedCorners{[RoundedCorner{position=TopLeft, radius=84, center=Point(84, 84)}, RoundedCorner{position=TopRight, radius=84, center=Point(996, 84)}, RoundedCorner{position=BottomRight, radius=84, center=Point(996, 2316)}, RoundedCorner{position=BottomLeft, radius=84, center=Point(84, 2316)}]}  mRoundedCornerFrame=Rect(0, 0 - 1080, 2400), mPrivacyIndicatorBounds=PrivacyIndicatorBounds {static bounds=Rect(964, 0 - 1080, 87) rotation=0}, mSources= { InsetsSource: {mType=ITYPE_STATUS_BAR, mFrame=[0,0][1080,88], mVisible=true, mInsetsRoundedCornerFrame=false}, InsetsSource: {mType=ITYPE_NAVIGATION_BAR, mFrame=[0,2361][1080,2400], mVisible=true, mInsetsRoundedCornerFrame=false}, InsetsSource: {mType=ITYPE_LEFT_GESTURES, mFrame=[0,0][130,2400], mVisible=true, mInsetsRoundedCornerFrame=false}, InsetsSource: {mType=ITYPE_RIGHT_GESTURES, mFrame=[950,0][1080,2400], mVisible=true, mInsetsRoundedCornerFrame=false}, InsetsSource: {mType=ITYPE_TOP_MANDATORY_GESTURES, mFrame=[0,0][1080,120], mVisible=true, mInsetsRoundedCornerFrame=false}, InsetsSource: {mType=ITYPE_BOTTOM_MANDATORY_GESTURES, mFrame=[0,2316][1080,2400], mVisible=true, mInsetsRoundedCornerFrame=false}, InsetsSource: {mType=ITYPE_LEFT_DISPLAY_CUTOUT, mFrame=[0,0][-100000,2400], mVisible=true, mInsetsRoundedCornerFrame=false}, InsetsSource: {mType=ITYPE_TOP_DISPLAY_CUTOUT, mFrame=[0,0][1080,88], mVisible=true, mInsetsRoundedCornerFrame=false}, InsetsSource: {mType=ITYPE_RIGHT_DISPLAY_CUTOUT, mFrame=[100000,0][1080,2400], mVisible=true, mInsetsRoundedCornerFrame=false}, InsetsSource: {mType=ITYPE_BOTTOM_DISPLAY_CUTOUT, mFrame=[0,100000][1080,2400], mVisible=true, mInsetsRoundedCornerFrame=false}, InsetsSource: {mType=ITYPE_TOP_TAPPABLE_ELEMENT, mFrame=[0,0][1080,88], mVisible=true, mInsetsRoundedCornerFrame=false}, InsetsSource: {mType=ITYPE_BOTTOM_TAPPABLE_ELEMENT, mFrame=[0,0][0,0], mVisible=true, mInsetsRoundedCornerFrame=false} } host=com.lagradost.cloudstream3/com.lagradost.cloudstream3.MainActivity from=android.view.ViewRootImpl.relayoutWindow:9802
10-04 19:19:05.714 23929 23929 I ViewRootImpl@c3d9f88[MainActivity]: Relayout returned: old=(0,0,1080,2400) new=(0,0,1080,2400) req=(1080,2400)8 dur=13 res=0x2 s={false 0x0} ch=true seqId=0
10-04 19:19:05.721 23929 23929 D SurfaceView@6d26fd: updateSurface: has no frame
10-04 19:19:05.735 23929 23929 D SurfaceView@6d26fd: updateSurface: has no frame
10-04 19:19:05.752 23929 23929 D SurfaceView@6d26fd: updateSurface: has no frame
10-04 19:19:05.754 23929 23929 I ViewRootImpl@c3d9f88[MainActivity]: MSG_WINDOW_FOCUS_CHANGED 0 0
10-04 19:19:05.756 23929 23929 I ViewRootImpl@3bedb8a[MainActivity]: MSG_WINDOW_FOCUS_CHANGED 1 0
10-04 19:19:05.756 23929 23929 I ViewRootImpl@3bedb8a[MainActivity]: mThreadedRenderer.initializeIfNeeded()#2 mSurface={isValid=true 0x7b5cb76800}
10-04 19:19:05.763 23929 23929 D InputMethodManager: startInputInner - Id : 0
10-04 19:19:05.763 23929 23929 I InputMethodManager: startInputInner - mService.startInputOrWindowGainedFocus
10-04 19:19:05.769 23929 23929 D SurfaceView@6d26fd: updateSurface: has no frame
10-04 19:19:05.785 23929 23929 D SurfaceView@6d26fd: updateSurface: has no frame
10-04 19:19:05.802 23929 23929 D SurfaceView@6d26fd: updateSurface: has no frame
10-04 19:19:05.808 23929 23929 I MSHandlerLifeCycle: check: return. pkg=com.lagradost.cloudstream3 isActivity=false callers=com.android.internal.policy.DecorView.setVisibility:4412 android.app.Dialog.hide:767 com.lagradost.cloudstream3.utils.AppContextUtils.ownHide:123 com.lagradost.cloudstream3.ui.home.HomeFragment.onDestroyView:459 androidx.fragment.app.Fragment.performDestroyView:3357 
10-04 19:19:05.808 23929 23929 I MSHandlerLifeCycle: removeMultiSplitHandler: no exist. decor=DecorView@1293a04[MainActivity]
10-04 19:19:05.819 23929 23929 D SurfaceView@6d26fd: updateSurface: has no frame
10-04 19:19:05.835 23929 23929 D SurfaceView@6d26fd: updateSurface: has no frame
10-04 19:19:05.852 23929 23929 D SurfaceView@6d26fd: updateSurface: has no frame
10-04 19:19:05.870 23929 23929 D SurfaceView@6d26fd: updateSurface: has no frame
10-04 19:19:05.886 23929 23929 D SurfaceView@6d26fd: updateSurface: has no frame
10-04 19:19:05.902 23929 23929 D SurfaceView@6d26fd: updateSurface: has no frame
10-04 19:19:05.919 23929 23929 D SurfaceView@6d26fd: updateSurface: has no frame
10-04 19:19:05.935 23929 23929 D SurfaceView@6d26fd: updateSurface: has no frame
10-04 19:19:05.952 23929 23929 D SurfaceView@6d26fd: updateSurface: has no frame
10-04 19:19:05.969 23929 23929 D SurfaceView@6d26fd: updateSurface: has no frame
10-04 19:19:05.985 23929 23929 D SurfaceView@6d26fd: updateSurface: has no frame
10-04 19:19:06.002 23929 23929 D SurfaceView@6d26fd: updateSurface: has no frame
10-04 19:19:06.019 23929 23929 D SurfaceView@6d26fd: updateSurface: has no frame
10-04 19:19:06.035 23929 23929 D SurfaceView@6d26fd: updateSurface: has no frame
10-04 19:19:06.052 23929 23929 D SurfaceView@6d26fd: updateSurface: has no frame
10-04 19:19:06.068 23929 23929 D SurfaceView@6d26fd: updateSurface: has no frame
10-04 19:19:06.085 23929 23929 D SurfaceView@6d26fd: updateSurface: has no frame
10-04 19:19:06.102 23929 23929 D SurfaceView@6d26fd: updateSurface: has no frame
10-04 19:19:06.118 23929 23929 D SurfaceView@6d26fd: updateSurface: has no frame
10-04 19:19:06.135 23929 23929 D SurfaceView@6d26fd: updateSurface: has no frame
10-04 19:19:06.152 23929 23929 D SurfaceView@6d26fd: updateSurface: has no frame
10-04 19:19:06.168 23929 23929 D SurfaceView@6d26fd: updateSurface: has no frame
10-04 19:19:06.185 23929 23929 D SurfaceView@6d26fd: updateSurface: has no frame
10-04 19:19:06.202 23929 23929 D SurfaceView@6d26fd: updateSurface: has no frame
10-04 19:19:06.218 23929 23929 D SurfaceView@6d26fd: updateSurface: has no frame
10-04 19:19:06.235 23929 23929 D SurfaceView@6d26fd: updateSurface: has no frame
10-04 19:19:06.252 23929 23929 D SurfaceView@6d26fd: updateSurface: has no frame
10-04 19:19:06.268 23929 23929 D SurfaceView@6d26fd: updateSurface: has no frame
10-04 19:19:06.285 23929 23929 D SurfaceView@6d26fd: updateSurface: has no frame
10-04 19:19:06.302 23929 23929 D SurfaceView@6d26fd: updateSurface: has no frame
10-04 19:19:06.318 23929 23929 D SurfaceView@6d26fd: updateSurface: has no frame
10-04 19:19:06.327 23929 23983 I RVM2    : applyMeta
10-04 19:19:06.332 23929 23929 W PanelsChildGestureRegionObserver: failed to register view with ID 2131362800. already registered
10-04 19:19:06.335 23929 23929 E CoilImgLoader: Error loading image: coil3.request.NullRequestDataException: The request's data is null.
10-04 19:19:06.341 23929 23929 E CoilImgLoader: Error loading image: coil3.request.NullRequestDataException: The request's data is null.
10-04 19:19:06.391 23929 23983 I SYNCVM  : addFromUrl = https://wecima.now/watch/%d9%85%d8%b4%d8%a7%d9%87%d8%af%d8%a9-%d9%85%d8%b3%d9%84%d8%b3%d9%84-the-murky-stream-%d9%85%d9%88%d8%b3%d9%85-1-%d8%ad%d9%84%d9%82%d8%a9-4/
10-04 19:19:06.391 23929 23983 I SYNCUTIL: getIdsFromUrl https://wecima.now/watch/%d9%85%d8%b4%d8%a7%d9%87%d8%af%d8%a9-%d9%85%d8%b3%d9%84%d8%b3%d9%84-the-murky-stream-%d9%85%d9%88%d8%b3%d9%85-1-%d8%ad%d9%84%d9%82%d8%a9-4/
10-04 19:19:06.474 23929 23929 D SurfaceView@6d26fd: updateSurface: has no frame
10-04 19:19:06.476 23929 23929 I SurfaceView@6d26fd: Changes: creating=true format=true size=true visible=true alpha=false hint=false mUseAlpha=false visible=true left=true top=true
10-04 19:19:06.480 23929 23929 I BLASTBufferQueue: update, w= 1080 h= 525 mName = null mNativeObject= 0x7b79061700 sc.mNativeObject= 0x7aee58d120 format= 4 caller= android.view.SurfaceView.createBlastSurfaceControls:1383 android.view.SurfaceView.updateSurface:1079 android.view.SurfaceView.lambda$new$0$android-view-SurfaceView:200 android.view.SurfaceView$$ExternalSyntheticLambda5.onPreDraw:2 android.view.ViewTreeObserver.dispatchOnPreDraw:1121 android.view.ViewRootImpl.performTraversals:4442 
10-04 19:19:06.481 23929 23929 I SurfaceView@6d26fd: 7153405 Cur surface: Surface(name=null)/@0x8a937ba
10-04 19:19:06.481 23929 23929 I SurfaceView@6d26fd: pST: sr = Rect(0, 218 - 1080, 743) sw = 1080 sh = 525
10-04 19:19:06.481 23929 23929 D SurfaceView@6d26fd: performSurfaceTransaction RenderWorker position = [0, 218, 1080, 743] surfaceSize = 1080x525
10-04 19:19:06.481 23929 23929 I SurfaceView@6d26fd: applyTransactionOnVriDraw: vri = ViewRootImpl@3bedb8a[MainActivity] fRS = false t = 0x7b383dde00 android.view.SurfaceView.performSurfaceTransaction:959 android.view.SurfaceView.updateSurface:1105 android.view.SurfaceView.lambda$new$0$android-view-SurfaceView:200 
10-04 19:19:06.481 23929 23929 I ViewRootImpl@3bedb8a[MainActivity]: applyTransactionOnDraw: mRemoved = false isHardwareEnabled = true t = 0x7b383dde00android.view.SurfaceView.applyTransactionOnVriDraw:2048 android.view.SurfaceView.performSurfaceTransaction:959 android.view.SurfaceView.updateSurface:1105 android.view.SurfaceView.lambda$new$0$android-view-SurfaceView:200 android.view.SurfaceView$$ExternalSyntheticLambda5.onPreDraw:2 
10-04 19:19:06.481 23929 23929 I SurfaceView@6d26fd: updateSurface: mVisible = true mSurface.isValid() = true
10-04 19:19:06.481 23929 23929 I SurfaceView@6d26fd: updateSurface: mSurfaceCreated = false surfaceChanged = true visibleChanged = true
10-04 19:19:06.481 23929 23929 I SurfaceView@6d26fd: visibleChanged -- surfaceCreated
10-04 19:19:06.481 23929 23929 I SurfaceView@6d26fd: surfaceCreated 0 #8 android.view.SurfaceView{6d26fd V.E..V... ......ID 0,0-1080,525}
10-04 19:19:06.481 23929 23929 I SurfaceView@6d26fd: surfaceChanged -- format=4 w=1080 h=525
10-04 19:19:06.481 23929 23929 I SurfaceView@6d26fd: surfaceChanged (1080,525) 0 #8 android.view.SurfaceView{6d26fd V.E..V... ......ID 0,0-1080,525}
10-04 19:19:06.482 23929 23929 I SurfaceView@6d26fd: surfaceRedrawNeeded
10-04 19:19:06.482 23929 23929 V SurfaceView@6d26fd: Layout: x=0 y=218 w=1080 h=525, frame=Rect(0, 0 - 1080, 525)
10-04 19:19:06.495 23929 24020 D SurfaceView@6d26fd: updateSurfacePosition RenderWorker, frameNr = 101, position = [0, 218, 1080, 743] surfaceSize = 1080x525
10-04 19:19:06.496 23929 24020 I SurfaceView@6d26fd: uSP: rtp = Rect(0, 218 - 1080, 743) rtsw = 1080 rtsh = 525
10-04 19:19:06.496 23929 24020 I SurfaceView@6d26fd: onSSPAndSRT: pl = 0 pt = 218 sx = 1.0 sy = 1.0
10-04 19:19:06.496 23929 24020 I SurfaceView@6d26fd: aOrMT: ViewRootImpl@3bedb8a[MainActivity] t = android.view.SurfaceControl$Transaction@1672661 fN = 101 android.view.SurfaceView.-$$Nest$mapplyOrMergeTransaction:0 android.view.SurfaceView$SurfaceViewPositionUpdateListener.positionChanged:1537 android.graphics.RenderNode$CompositePositionUpdateListener.positionChanged:373 
10-04 19:19:06.496 23929 24020 I ViewRootImpl@3bedb8a[MainActivity]: mWNT: t=0x7b383ddf00 mBlastBufferQueue=0x7b5cdefd00 fn= 101 caller= android.view.SurfaceView.applyOrMergeTransaction:1455 android.view.SurfaceView.-$$Nest$mapplyOrMergeTransaction:0 android.view.SurfaceView$SurfaceViewPositionUpdateListener.positionChanged:1537 
10-04 19:19:06.497 23929 24020 I ViewRootImpl@3bedb8a[MainActivity]: mWNT: t=0x7b383dde00 mBlastBufferQueue=0x7b5cdefd00 fn= 101 caller= android.view.ViewRootImpl.lambda$applyTransactionOnDraw$11$android-view-ViewRootImpl:12865 android.view.ViewRootImpl$$ExternalSyntheticLambda1.onFrameDraw:4 android.graphics.HardwareRenderer$FrameDrawingCallback.onFrameDraw:924 
10-04 19:19:06.542 23929 23929 I SurfaceView@6d26fd: finishedDrawing
10-04 19:19:07.776 23929 23929 I ViewRootImpl@3bedb8a[MainActivity]: ViewPostIme pointer 0
10-04 19:19:07.826 23929 23929 I SurfaceView@6d26fd: Changes: creating=false format=false size=false visible=false alpha=false hint=false mUseAlpha=false visible=false left=false top=true
10-04 19:19:07.827 23929 23929 I SurfaceView@6d26fd: 7153405 Cur surface: Surface(name=null)/@0x8a937ba
10-04 19:19:07.828 23929 23929 I SurfaceView@6d26fd: applyTransactionOnVriDraw: vri = ViewRootImpl@3bedb8a[MainActivity] fRS = false t = 0x7b79020b00 android.view.SurfaceView.performSurfaceTransaction:959 android.view.SurfaceView.updateSurface:1105 android.view.SurfaceView.lambda$new$0$android-view-SurfaceView:200 
10-04 19:19:07.829 23929 23929 I ViewRootImpl@3bedb8a[MainActivity]: applyTransactionOnDraw: mRemoved = false isHardwareEnabled = true t = 0x7b79020b00android.view.SurfaceView.applyTransactionOnVriDraw:2048 android.view.SurfaceView.performSurfaceTransaction:959 android.view.SurfaceView.updateSurface:1105 android.view.SurfaceView.lambda$new$0$android-view-SurfaceView:200 android.view.SurfaceView$$ExternalSyntheticLambda5.onPreDraw:2 
10-04 19:19:07.829 23929 23929 I SurfaceView@6d26fd: updateSurface: mVisible = true mSurface.isValid() = true
10-04 19:19:07.829 23929 23929 I SurfaceView@6d26fd: updateSurface: mSurfaceCreated = true surfaceChanged = false visibleChanged = false
10-04 19:19:07.829 23929 23929 V SurfaceView@6d26fd: Layout: x=0 y=176 w=1080 h=525, frame=Rect(0, 0 - 1080, 525)
10-04 19:19:07.834 23929 24021 D SurfaceView@6d26fd: updateSurfacePosition RenderWorker, frameNr = 130, position = [0, 176, 1080, 701] surfaceSize = 1080x525
10-04 19:19:07.834 23929 24021 I SurfaceView@6d26fd: uSP: rtp = Rect(0, 176 - 1080, 701) rtsw = 1080 rtsh = 525
10-04 19:19:07.835 23929 24021 I SurfaceView@6d26fd: onSSPAndSRT: pl = 0 pt = 176 sx = 1.0 sy = 1.0
10-04 19:19:07.835 23929 24021 I SurfaceView@6d26fd: aOrMT: ViewRootImpl@3bedb8a[MainActivity] t = android.view.SurfaceControl$Transaction@1672661 fN = 130 android.view.SurfaceView.-$$Nest$mapplyOrMergeTransaction:0 android.view.SurfaceView$SurfaceViewPositionUpdateListener.positionChanged:1537 android.graphics.RenderNode$CompositePositionUpdateListener.positionChanged:373 
10-04 19:19:07.835 23929 24021 I ViewRootImpl@3bedb8a[MainActivity]: mWNT: t=0x7b383ddf00 mBlastBufferQueue=0x7b5cdefd00 fn= 130 caller= android.view.SurfaceView.applyOrMergeTransaction:1455 android.view.SurfaceView.-$$Nest$mapplyOrMergeTransaction:0 android.view.SurfaceView$SurfaceViewPositionUpdateListener.positionChanged:1537 
10-04 19:19:07.836 23929 24021 I ViewRootImpl@3bedb8a[MainActivity]: mWNT: t=0x7b79020b00 mBlastBufferQueue=0x7b5cdefd00 fn= 130 caller= android.view.ViewRootImpl.lambda$applyTransactionOnDraw$11$android-view-ViewRootImpl:12865 android.view.ViewRootImpl$$ExternalSyntheticLambda1.onFrameDraw:4 android.graphics.HardwareRenderer$FrameDrawingCallback.onFrameDraw:924 
10-04 19:19:07.842 23929 23929 I SurfaceView@6d26fd: Changes: creating=false format=false size=false visible=false alpha=false hint=false mUseAlpha=false visible=false left=false top=true
10-04 19:19:07.843 23929 23929 I SurfaceView@6d26fd: 7153405 Cur surface: Surface(name=null)/@0x8a937ba
10-04 19:19:07.843 23929 23929 I SurfaceView@6d26fd: applyTransactionOnVriDraw: vri = ViewRootImpl@3bedb8a[MainActivity] fRS = false t = 0x7b5cc04300 android.view.SurfaceView.performSurfaceTransaction:959 android.view.SurfaceView.updateSurface:1105 android.view.SurfaceView.lambda$new$0$android-view-SurfaceView:200 
10-04 19:19:07.844 23929 23929 I ViewRootImpl@3bedb8a[MainActivity]: applyTransactionOnDraw: mRemoved = false isHardwareEnabled = true t = 0x7b5cc04300android.view.SurfaceView.applyTransactionOnVriDraw:2048 android.view.SurfaceView.performSurfaceTransaction:959 android.view.SurfaceView.updateSurface:1105 android.view.SurfaceView.lambda$new$0$android-view-SurfaceView:200 android.view.SurfaceView$$ExternalSyntheticLambda5.onPreDraw:2 
10-04 19:19:07.844 23929 23929 I SurfaceView@6d26fd: updateSurface: mVisible = true mSurface.isValid() = true
10-04 19:19:07.844 23929 23929 I SurfaceView@6d26fd: updateSurface: mSurfaceCreated = true surfaceChanged = false visibleChanged = false
10-04 19:19:07.844 23929 23929 V SurfaceView@6d26fd: Layout: x=0 y=120 w=1080 h=525, frame=Rect(0, 0 - 1080, 525)
10-04 19:19:07.854 23929 24020 D SurfaceView@6d26fd: updateSurfacePosition RenderWorker, frameNr = 131, position = [0, 120, 1080, 645] surfaceSize = 1080x525
10-04 19:19:07.854 23929 24020 I SurfaceView@6d26fd: uSP: rtp = Rect(0, 120 - 1080, 645) rtsw = 1080 rtsh = 525
10-04 19:19:07.854 23929 24020 I SurfaceView@6d26fd: onSSPAndSRT: pl = 0 pt = 120 sx = 1.0 sy = 1.0
10-04 19:19:07.855 23929 24020 I SurfaceView@6d26fd: aOrMT: ViewRootImpl@3bedb8a[MainActivity] t = android.view.SurfaceControl$Transaction@1672661 fN = 131 android.view.SurfaceView.-$$Nest$mapplyOrMergeTransaction:0 android.view.SurfaceView$SurfaceViewPositionUpdateListener.positionChanged:1537 android.graphics.RenderNode$CompositePositionUpdateListener.positionChanged:373 
10-04 19:19:07.855 23929 24020 I ViewRootImpl@3bedb8a[MainActivity]: mWNT: t=0x7b383ddf00 mBlastBufferQueue=0x7b5cdefd00 fn= 131 caller= android.view.SurfaceView.applyOrMergeTransaction:1455 android.view.SurfaceView.-$$Nest$mapplyOrMergeTransaction:0 android.view.SurfaceView$SurfaceViewPositionUpdateListener.positionChanged:1537 
10-04 19:19:07.855 23929 24020 I ViewRootImpl@3bedb8a[MainActivity]: mWNT: t=0x7b5cc04300 mBlastBufferQueue=0x7b5cdefd00 fn= 131 caller= android.view.ViewRootImpl.lambda$applyTransactionOnDraw$11$android-view-ViewRootImpl:12865 android.view.ViewRootImpl$$ExternalSyntheticLambda1.onFrameDraw:4 android.graphics.HardwareRenderer$FrameDrawingCallback.onFrameDraw:924 
10-04 19:19:07.861 23929 23929 I SurfaceView@6d26fd: Changes: creating=false format=false size=false visible=false alpha=false hint=false mUseAlpha=false visible=false left=false top=true
10-04 19:19:07.861 23929 23929 I SurfaceView@6d26fd: 7153405 Cur surface: Surface(name=null)/@0x8a937ba
10-04 19:19:07.862 23929 23929 I SurfaceView@6d26fd: applyTransactionOnVriDraw: vri = ViewRootImpl@3bedb8a[MainActivity] fRS = false t = 0x7b5cc04400 android.view.SurfaceView.performSurfaceTransaction:959 android.view.SurfaceView.updateSurface:1105 android.view.SurfaceView.lambda$new$0$android-view-SurfaceView:200 
10-04 19:19:07.863 23929 23929 I ViewRootImpl@3bedb8a[MainActivity]: applyTransactionOnDraw: mRemoved = false isHardwareEnabled = true t = 0x7b5cc04400android.view.SurfaceView.applyTransactionOnVriDraw:2048 android.view.SurfaceView.performSurfaceTransaction:959 android.view.SurfaceView.updateSurface:1105 android.view.SurfaceView.lambda$new$0$android-view-SurfaceView:200 android.view.SurfaceView$$ExternalSyntheticLambda5.onPreDraw:2 
10-04 19:19:07.863 23929 23929 I SurfaceView@6d26fd: updateSurface: mVisible = true mSurface.isValid() = true
10-04 19:19:07.863 23929 23929 I SurfaceView@6d26fd: updateSurface: mSurfaceCreated = true surfaceChanged = false visibleChanged = false
10-04 19:19:07.863 23929 23929 V SurfaceView@6d26fd: Layout: x=0 y=44 w=1080 h=525, frame=Rect(0, 0 - 1080, 525)
10-04 19:19:07.874 23929 24021 D SurfaceView@6d26fd: updateSurfacePosition RenderWorker, frameNr = 132, position = [0, 44, 1080, 569] surfaceSize = 1080x525
10-04 19:19:07.875 23929 24021 I SurfaceView@6d26fd: uSP: rtp = Rect(0, 44 - 1080, 569) rtsw = 1080 rtsh = 525
10-04 19:19:07.875 23929 24021 I SurfaceView@6d26fd: onSSPAndSRT: pl = 0 pt = 44 sx = 1.0 sy = 1.0
10-04 19:19:07.875 23929 24021 I SurfaceView@6d26fd: aOrMT: ViewRootImpl@3bedb8a[MainActivity] t = android.view.SurfaceControl$Transaction@1672661 fN = 132 android.view.SurfaceView.-$$Nest$mapplyOrMergeTransaction:0 android.view.SurfaceView$SurfaceViewPositionUpdateListener.positionChanged:1537 android.graphics.RenderNode$CompositePositionUpdateListener.positionChanged:373 
10-04 19:19:07.875 23929 24021 I ViewRootImpl@3bedb8a[MainActivity]: mWNT: t=0x7b383ddf00 mBlastBufferQueue=0x7b5cdefd00 fn= 132 caller= android.view.SurfaceView.applyOrMergeTransaction:1455 android.view.SurfaceView.-$$Nest$mapplyOrMergeTransaction:0 android.view.SurfaceView$SurfaceViewPositionUpdateListener.positionChanged:1537 
10-04 19:19:07.876 23929 24021 I ViewRootImpl@3bedb8a[MainActivity]: mWNT: t=0x7b5cc04400 mBlastBufferQueue=0x7b5cdefd00 fn= 132 caller= android.view.ViewRootImpl.lambda$applyTransactionOnDraw$11$android-view-ViewRootImpl:12865 android.view.ViewRootImpl$$ExternalSyntheticLambda1.onFrameDraw:4 android.graphics.HardwareRenderer$FrameDrawingCallback.onFrameDraw:924 
10-04 19:19:07.880 23929 23929 I SurfaceView@6d26fd: Changes: creating=false format=false size=false visible=false alpha=false hint=false mUseAlpha=false visible=false left=false top=true
10-04 19:19:07.880 23929 23929 I SurfaceView@6d26fd: 7153405 Cur surface: Surface(name=null)/@0x8a937ba
10-04 19:19:07.881 23929 23929 I SurfaceView@6d26fd: applyTransactionOnVriDraw: vri = ViewRootImpl@3bedb8a[MainActivity] fRS = false t = 0x7b5cc04500 android.view.SurfaceView.performSurfaceTransaction:959 android.view.SurfaceView.updateSurface:1105 android.view.SurfaceView.lambda$new$0$android-view-SurfaceView:200 
10-04 19:19:07.881 23929 23929 I ViewRootImpl@3bedb8a[MainActivity]: applyTransactionOnDraw: mRemoved = false isHardwareEnabled = true t = 0x7b5cc04500android.view.SurfaceView.applyTransactionOnVriDraw:2048 android.view.SurfaceView.performSurfaceTransaction:959 android.view.SurfaceView.updateSurface:1105 android.view.SurfaceView.lambda$new$0$android-view-SurfaceView:200 android.view.SurfaceView$$ExternalSyntheticLambda5.onPreDraw:2 
10-04 19:19:07.881 23929 23929 I SurfaceView@6d26fd: updateSurface: mVisible = true mSurface.isValid() = true
10-04 19:19:07.881 23929 23929 I SurfaceView@6d26fd: updateSurface: mSurfaceCreated = true surfaceChanged = false visibleChanged = false
10-04 19:19:07.881 23929 23929 V SurfaceView@6d26fd: Layout: x=0 y=-43 w=1080 h=525, frame=Rect(0, 0 - 1080, 525)
10-04 19:19:07.895 23929 24020 D SurfaceView@6d26fd: updateSurfacePosition RenderWorker, frameNr = 133, position = [0, -43, 1080, 482] surfaceSize = 1080x525
10-04 19:19:07.895 23929 24020 I SurfaceView@6d26fd: uSP: rtp = Rect(0, -43 - 1080, 482) rtsw = 1080 rtsh = 525
10-04 19:19:07.895 23929 24020 I SurfaceView@6d26fd: onSSPAndSRT: pl = 0 pt = -43 sx = 1.0 sy = 1.0
10-04 19:19:07.896 23929 24020 I SurfaceView@6d26fd: aOrMT: ViewRootImpl@3bedb8a[MainActivity] t = android.view.SurfaceControl$Transaction@1672661 fN = 133 android.view.SurfaceView.-$$Nest$mapplyOrMergeTransaction:0 android.view.SurfaceView$SurfaceViewPositionUpdateListener.positionChanged:1537 android.graphics.RenderNode$CompositePositionUpdateListener.positionChanged:373 
10-04 19:19:07.896 23929 24020 I ViewRootImpl@3bedb8a[MainActivity]: mWNT: t=0x7b383ddf00 mBlastBufferQueue=0x7b5cdefd00 fn= 133 caller= android.view.SurfaceView.applyOrMergeTransaction:1455 android.view.SurfaceView.-$$Nest$mapplyOrMergeTransaction:0 android.view.SurfaceView$SurfaceViewPositionUpdateListener.positionChanged:1537 
10-04 19:19:07.897 23929 24020 I ViewRootImpl@3bedb8a[MainActivity]: mWNT: t=0x7b5cc04500 mBlastBufferQueue=0x7b5cdefd00 fn= 133 caller= android.view.ViewRootImpl.lambda$applyTransactionOnDraw$11$android-view-ViewRootImpl:12865 android.view.ViewRootImpl$$ExternalSyntheticLambda1.onFrameDraw:4 android.graphics.HardwareRenderer$FrameDrawingCallback.onFrameDraw:924 
10-04 19:19:07.899 23929 23929 I SurfaceView@6d26fd: Changes: creating=false format=false size=false visible=false alpha=false hint=false mUseAlpha=false visible=false left=false top=true
10-04 19:19:07.899 23929 23929 I SurfaceView@6d26fd: 7153405 Cur surface: Surface(name=null)/@0x8a937ba
10-04 19:19:07.900 23929 23929 I SurfaceView@6d26fd: applyTransactionOnVriDraw: vri = ViewRootImpl@3bedb8a[MainActivity] fRS = false t = 0x7b5cc04600 android.view.SurfaceView.performSurfaceTransaction:959 android.view.SurfaceView.updateSurface:1105 android.view.SurfaceView.lambda$new$0$android-view-SurfaceView:200 
10-04 19:19:07.900 23929 23929 I ViewRootImpl@3bedb8a[MainActivity]: applyTransactionOnDraw: mRemoved = false isHardwareEnabled = true t = 0x7b5cc04600android.view.SurfaceView.applyTransactionOnVriDraw:2048 android.view.SurfaceView.performSurfaceTransaction:959 android.view.SurfaceView.updateSurface:1105 android.view.SurfaceView.lambda$new$0$android-view-SurfaceView:200 android.view.SurfaceView$$ExternalSyntheticLambda5.onPreDraw:2 
10-04 19:19:07.900 23929 23929 I SurfaceView@6d26fd: updateSurface: mVisible = true mSurface.isValid() = true
10-04 19:19:07.900 23929 23929 I SurfaceView@6d26fd: updateSurface: mSurfaceCreated = true surfaceChanged = false visibleChanged = false
10-04 19:19:07.900 23929 23929 V SurfaceView@6d26fd: Layout: x=0 y=-139 w=1080 h=525, frame=Rect(0, 0 - 1080, 525)
10-04 19:19:07.906 23929 24021 D SurfaceView@6d26fd: updateSurfacePosition RenderWorker, frameNr = 134, position = [0, -139, 1080, 386] surfaceSize = 1080x525
10-04 19:19:07.906 23929 24021 I SurfaceView@6d26fd: uSP: rtp = Rect(0, -139 - 1080, 386) rtsw = 1080 rtsh = 525
10-04 19:19:07.907 23929 24021 I SurfaceView@6d26fd: onSSPAndSRT: pl = 0 pt = -139 sx = 1.0 sy = 1.0
10-04 19:19:07.908 23929 24021 I SurfaceView@6d26fd: aOrMT: ViewRootImpl@3bedb8a[MainActivity] t = android.view.SurfaceControl$Transaction@1672661 fN = 134 android.view.SurfaceView.-$$Nest$mapplyOrMergeTransaction:0 android.view.SurfaceView$SurfaceViewPositionUpdateListener.positionChanged:1537 android.graphics.RenderNode$CompositePositionUpdateListener.positionChanged:373 
10-04 19:19:07.908 23929 24021 I ViewRootImpl@3bedb8a[MainActivity]: mWNT: t=0x7b383ddf00 mBlastBufferQueue=0x7b5cdefd00 fn= 134 caller= android.view.SurfaceView.applyOrMergeTransaction:1455 android.view.SurfaceView.-$$Nest$mapplyOrMergeTransaction:0 android.view.SurfaceView$SurfaceViewPositionUpdateListener.positionChanged:1537 
10-04 19:19:07.909 23929 24021 I ViewRootImpl@3bedb8a[MainActivity]: mWNT: t=0x7b5cc04600 mBlastBufferQueue=0x7b5cdefd00 fn= 134 caller= android.view.ViewRootImpl.lambda$applyTransactionOnDraw$11$android-view-ViewRootImpl:12865 android.view.ViewRootImpl$$ExternalSyntheticLambda1.onFrameDraw:4 android.graphics.HardwareRenderer$FrameDrawingCallback.onFrameDraw:924 
10-04 19:19:07.911 23929 23929 I SurfaceView@6d26fd: Changes: creating=false format=false size=false visible=false alpha=false hint=false mUseAlpha=false visible=false left=false top=true
10-04 19:19:07.911 23929 23929 I SurfaceView@6d26fd: 7153405 Cur surface: Surface(name=null)/@0x8a937ba
10-04 19:19:07.912 23929 23929 I SurfaceView@6d26fd: applyTransactionOnVriDraw: vri = ViewRootImpl@3bedb8a[MainActivity] fRS = false t = 0x7b5cc04700 android.view.SurfaceView.performSurfaceTransaction:959 android.view.SurfaceView.updateSurface:1105 android.view.SurfaceView.lambda$new$0$android-view-SurfaceView:200 
10-04 19:19:07.912 23929 23929 I ViewRootImpl@3bedb8a[MainActivity]: applyTransactionOnDraw: mRemoved = false isHardwareEnabled = true t = 0x7b5cc04700android.view.SurfaceView.applyTransactionOnVriDraw:2048 android.view.SurfaceView.performSurfaceTransaction:959 android.view.SurfaceView.updateSurface:1105 android.view.SurfaceView.lambda$new$0$android-view-SurfaceView:200 android.view.SurfaceView$$ExternalSyntheticLambda5.onPreDraw:2 
10-04 19:19:07.912 23929 23929 I SurfaceView@6d26fd: updateSurface: mVisible = true mSurface.isValid() = true
10-04 19:19:07.912 23929 23929 I SurfaceView@6d26fd: updateSurface: mSurfaceCreated = true surfaceChanged = false visibleChanged = false
10-04 19:19:07.912 23929 23929 V SurfaceView@6d26fd: Layout: x=0 y=-243 w=1080 h=525, frame=Rect(0, 0 - 1080, 525)
10-04 19:19:07.916 23929 24020 D SurfaceView@6d26fd: updateSurfacePosition RenderWorker, frameNr = 135, position = [0, -243, 1080, 282] surfaceSize = 1080x525
10-04 19:19:07.916 23929 24020 I SurfaceView@6d26fd: uSP: rtp = Rect(0, -243 - 1080, 282) rtsw = 1080 rtsh = 525
10-04 19:19:07.916 23929 24020 I SurfaceView@6d26fd: onSSPAndSRT: pl = 0 pt = -243 sx = 1.0 sy = 1.0
10-04 19:19:07.917 23929 24020 I SurfaceView@6d26fd: aOrMT: ViewRootImpl@3bedb8a[MainActivity] t = android.view.SurfaceControl$Transaction@1672661 fN = 135 android.view.SurfaceView.-$$Nest$mapplyOrMergeTransaction:0 android.view.SurfaceView$SurfaceViewPositionUpdateListener.positionChanged:1537 android.graphics.RenderNode$CompositePositionUpdateListener.positionChanged:373 
10-04 19:19:07.917 23929 24020 I ViewRootImpl@3bedb8a[MainActivity]: mWNT: t=0x7b383ddf00 mBlastBufferQueue=0x7b5cdefd00 fn= 135 caller= android.view.SurfaceView.applyOrMergeTransaction:1455 android.view.SurfaceView.-$$Nest$mapplyOrMergeTransaction:0 android.view.SurfaceView$SurfaceViewPositionUpdateListener.positionChanged:1537 
10-04 19:19:07.918 23929 24020 I ViewRootImpl@3bedb8a[MainActivity]: mWNT: t=0x7b5cc04700 mBlastBufferQueue=0x7b5cdefd00 fn= 135 caller= android.view.ViewRootImpl.lambda$applyTransactionOnDraw$11$android-view-ViewRootImpl:12865 android.view.ViewRootImpl$$ExternalSyntheticLambda1.onFrameDraw:4 android.graphics.HardwareRenderer$FrameDrawingCallback.onFrameDraw:924 
10-04 19:19:07.920 23929 23929 I SurfaceView@6d26fd: Changes: creating=false format=false size=false visible=false alpha=false hint=false mUseAlpha=false visible=false left=false top=true
10-04 19:19:07.920 23929 23929 I SurfaceView@6d26fd: 7153405 Cur surface: Surface(name=null)/@0x8a937ba
10-04 19:19:07.921 23929 23929 I SurfaceView@6d26fd: applyTransactionOnVriDraw: vri = ViewRootImpl@3bedb8a[MainActivity] fRS = false t = 0x7b5cc04800 android.view.SurfaceView.performSurfaceTransaction:959 android.view.SurfaceView.updateSurface:1105 android.view.SurfaceView.lambda$new$0$android-view-SurfaceView:200 
10-04 19:19:07.921 23929 23929 I ViewRootImpl@3bedb8a[MainActivity]: applyTransactionOnDraw: mRemoved = false isHardwareEnabled = true t = 0x7b5cc04800android.view.SurfaceView.applyTransactionOnVriDraw:2048 android.view.SurfaceView.performSurfaceTransaction:959 android.view.SurfaceView.updateSurface:1105 android.view.SurfaceView.lambda$new$0$android-view-SurfaceView:200 android.view.SurfaceView$$ExternalSyntheticLambda5.onPreDraw:2 
10-04 19:19:07.921 23929 23929 I SurfaceView@6d26fd: updateSurface: mVisible = true mSurface.isValid() = true
10-04 19:19:07.921 23929 23929 I SurfaceView@6d26fd: updateSurface: mSurfaceCreated = true surfaceChanged = false visibleChanged = false
10-04 19:19:07.921 23929 23929 V SurfaceView@6d26fd: Layout: x=0 y=-338 w=1080 h=525, frame=Rect(0, 0 - 1080, 525)
10-04 19:19:07.927 23929 24021 D SurfaceView@6d26fd: updateSurfacePosition RenderWorker, frameNr = 136, position = [0, -338, 1080, 187] surfaceSize = 1080x525
10-04 19:19:07.927 23929 24021 I SurfaceView@6d26fd: uSP: rtp = Rect(0, -338 - 1080, 187) rtsw = 1080 rtsh = 525
10-04 19:19:07.927 23929 24021 I SurfaceView@6d26fd: onSSPAndSRT: pl = 0 pt = -338 sx = 1.0 sy = 1.0
10-04 19:19:07.927 23929 23929 I ViewRootImpl@3bedb8a[MainActivity]: ViewPostIme pointer 1
10-04 19:19:07.927 23929 24021 I SurfaceView@6d26fd: aOrMT: ViewRootImpl@3bedb8a[MainActivity] t = android.view.SurfaceControl$Transaction@1672661 fN = 136 android.view.SurfaceView.-$$Nest$mapplyOrMergeTransaction:0 android.view.SurfaceView$SurfaceViewPositionUpdateListener.positionChanged:1537 android.graphics.RenderNode$CompositePositionUpdateListener.positionChanged:373 
10-04 19:19:07.928 23929 24021 I ViewRootImpl@3bedb8a[MainActivity]: mWNT: t=0x7b383ddf00 mBlastBufferQueue=0x7b5cdefd00 fn= 136 caller= android.view.SurfaceView.applyOrMergeTransaction:1455 android.view.SurfaceView.-$$Nest$mapplyOrMergeTransaction:0 android.view.SurfaceView$SurfaceViewPositionUpdateListener.positionChanged:1537 
10-04 19:19:07.928 23929 24021 I ViewRootImpl@3bedb8a[MainActivity]: mWNT: t=0x7b5cc04800 mBlastBufferQueue=0x7b5cdefd00 fn= 136 caller= android.view.ViewRootImpl.lambda$applyTransactionOnDraw$11$android-view-ViewRootImpl:12865 android.view.ViewRootImpl$$ExternalSyntheticLambda1.onFrameDraw:4 android.graphics.HardwareRenderer$FrameDrawingCallback.onFrameDraw:924 
10-04 19:19:07.935 23929 23929 I SurfaceView@6d26fd: Changes: creating=false format=false size=false visible=false alpha=false hint=false mUseAlpha=false visible=false left=false top=true
10-04 19:19:07.935 23929 23929 I SurfaceView@6d26fd: 7153405 Cur surface: Surface(name=null)/@0x8a937ba
10-04 19:19:07.935 23929 23929 I SurfaceView@6d26fd: applyTransactionOnVriDraw: vri = ViewRootImpl@3bedb8a[MainActivity] fRS = false t = 0x7b5cc04900 android.view.SurfaceView.performSurfaceTransaction:959 android.view.SurfaceView.updateSurface:1105 android.view.SurfaceView.lambda$new$0$android-view-SurfaceView:200 
10-04 19:19:07.935 23929 23929 I ViewRootImpl@3bedb8a[MainActivity]: applyTransactionOnDraw: mRemoved = false isHardwareEnabled = true t = 0x7b5cc04900android.view.SurfaceView.applyTransactionOnVriDraw:2048 android.view.SurfaceView.performSurfaceTransaction:959 android.view.SurfaceView.updateSurface:1105 android.view.SurfaceView.lambda$new$0$android-view-SurfaceView:200 android.view.SurfaceView$$ExternalSyntheticLambda5.onPreDraw:2 
10-04 19:19:07.935 23929 23929 I SurfaceView@6d26fd: updateSurface: mVisible = true mSurface.isValid() = true
10-04 19:19:07.935 23929 23929 I SurfaceView@6d26fd: updateSurface: mSurfaceCreated = true surfaceChanged = false visibleChanged = false
10-04 19:19:07.935 23929 23929 V SurfaceView@6d26fd: Layout: x=0 y=-365 w=1080 h=525, frame=Rect(0, 0 - 1080, 525)
10-04 19:19:07.944 23929 24020 I ViewRootImpl@3bedb8a[MainActivity]: mWNT: t=0x7b5cc04900 mBlastBufferQueue=0x7b5cdefd00 fn= 137 caller= android.view.ViewRootImpl.lambda$applyTransactionOnDraw$11$android-view-ViewRootImpl:12865 android.view.ViewRootImpl$$ExternalSyntheticLambda1.onFrameDraw:4 android.graphics.HardwareRenderer$FrameDrawingCallback.onFrameDraw:924 
10-04 19:19:07.952 23929 23929 I SurfaceView@6d26fd: Changes: creating=false format=false size=false visible=false alpha=false hint=false mUseAlpha=false visible=false left=false top=true
10-04 19:19:07.952 23929 23929 I SurfaceView@6d26fd: 7153405 Cur surface: Surface(name=null)/@0x8a937ba
10-04 19:19:07.952 23929 23929 I SurfaceView@6d26fd: applyTransactionOnVriDraw: vri = ViewRootImpl@3bedb8a[MainActivity] fRS = false t = 0x7b5cc04a00 android.view.SurfaceView.performSurfaceTransaction:959 android.view.SurfaceView.updateSurface:1105 android.view.SurfaceView.lambda$new$0$android-view-SurfaceView:200 
10-04 19:19:07.952 23929 23929 I ViewRootImpl@3bedb8a[MainActivity]: applyTransactionOnDraw: mRemoved = false isHardwareEnabled = true t = 0x7b5cc04a00android.view.SurfaceView.applyTransactionOnVriDraw:2048 android.view.SurfaceView.performSurfaceTransaction:959 android.view.SurfaceView.updateSurface:1105 android.view.SurfaceView.lambda$new$0$android-view-SurfaceView:200 android.view.SurfaceView$$ExternalSyntheticLambda5.onPreDraw:2 
10-04 19:19:07.952 23929 23929 I SurfaceView@6d26fd: updateSurface: mVisible = true mSurface.isValid() = true
10-04 19:19:07.952 23929 23929 I SurfaceView@6d26fd: updateSurface: mSurfaceCreated = true surfaceChanged = false visibleChanged = false
10-04 19:19:07.952 23929 23929 V SurfaceView@6d26fd: Layout: x=0 y=-413 w=1080 h=525, frame=Rect(0, 0 - 1080, 525)
10-04 19:19:07.958 23929 24021 D SurfaceView@6d26fd: updateSurfacePosition RenderWorker, frameNr = 138, position = [0, -413, 1080, 112] surfaceSize = 1080x525
10-04 19:19:07.959 23929 24021 I SurfaceView@6d26fd: uSP: rtp = Rect(0, -413 - 1080, 112) rtsw = 1080 rtsh = 525
10-04 19:19:07.959 23929 24021 I SurfaceView@6d26fd: onSSPAndSRT: pl = 0 pt = -413 sx = 1.0 sy = 1.0
10-04 19:19:07.959 23929 24021 I SurfaceView@6d26fd: aOrMT: ViewRootImpl@3bedb8a[MainActivity] t = android.view.SurfaceControl$Transaction@1672661 fN = 138 android.view.SurfaceView.-$$Nest$mapplyOrMergeTransaction:0 android.view.SurfaceView$SurfaceViewPositionUpdateListener.positionChanged:1537 android.graphics.RenderNode$CompositePositionUpdateListener.positionChanged:373 
10-04 19:19:07.959 23929 24021 I ViewRootImpl@3bedb8a[MainActivity]: mWNT: t=0x7b383ddf00 mBlastBufferQueue=0x7b5cdefd00 fn= 138 caller= android.view.SurfaceView.applyOrMergeTransaction:1455 android.view.SurfaceView.-$$Nest$mapplyOrMergeTransaction:0 android.view.SurfaceView$SurfaceViewPositionUpdateListener.positionChanged:1537 
10-04 19:19:07.959 23929 24021 I ViewRootImpl@3bedb8a[MainActivity]: mWNT: t=0x7b5cc04a00 mBlastBufferQueue=0x7b5cdefd00 fn= 138 caller= android.view.ViewRootImpl.lambda$applyTransactionOnDraw$11$android-view-ViewRootImpl:12865 android.view.ViewRootImpl$$ExternalSyntheticLambda1.onFrameDraw:4 android.graphics.HardwareRenderer$FrameDrawingCallback.onFrameDraw:924 
10-04 19:19:08.568 23929 23929 I ViewRootImpl@3bedb8a[MainActivity]: ViewPostIme pointer 0
10-04 19:19:09.095 23929 23929 I Dialog  : mIsDeviceDefault = false, mIsSamsungBasicInteraction = false, isMetaDataInActivity = false
10-04 19:19:09.117 23929 23929 I DecorView: [INFO] isPopOver=false config=false
10-04 19:19:09.118 23929 23929 I DecorView: updateCaptionType: isFloating=false isApplication=true hasWindowDecorCaption=false this=DecorView@e37d828[]
10-04 19:19:09.118 23929 23929 D DecorView: setCaptionType = 0, this = DecorView@e37d828[]
10-04 19:19:09.120 23929 23929 I DecorView: getCurrentDensityDpi: from app context. densityDpi=420 msg=resources_loaded
10-04 19:19:09.120 23929 23929 I DecorView: setWindowBackground: isPopOver=false color=0 d=android.graphics.drawable.ColorDrawable@a1bcee6
10-04 19:19:09.128 23929 23949 D NativeCustomFrequencyManager: [NativeCFMS] BpCustomFrequencyManager::BpCustomFrequencyManager()
10-04 19:19:09.128 23929 23929 I DecorView: notifyKeepScreenOnChanged: keepScreenOn=false
