10-04 20:28:01.439  1051  1051 I ViewRootImpl@22a3048[MainActivity]:   pfl=12020040
10-04 20:28:01.439  1051  1051 I ViewRootImpl@22a3048[MainActivity]:   vsysui=500
10-04 20:28:01.439  1051  1051 I ViewRootImpl@22a3048[MainActivity]:   bhv=DEFAULT
10-04 20:28:01.439  1051  1051 I ViewRootImpl@22a3048[MainActivity]:   fitSides= naviIconColor=0}
10-04 20:28:01.439  1051  1051 I ViewRootImpl@22a3048[MainActivity]: performTraversals mFirst=false windowShouldResize=false viewVisibilityChanged=false mForceNextWindowRelayout=false params={(0,0)(fillxfill) gr=CENTER sim={adjust=resize} ty=APPLICATION fmt=TRANSPARENT wanim=0x7f14000b
10-04 20:28:01.439  1051  1051 I ViewRootImpl@22a3048[MainActivity]:   fl=85810100
10-04 20:28:01.439  1051  1051 I ViewRootImpl@22a3048[MainActivity]:   pfl=12020040
10-04 20:28:01.439  1051  1051 I ViewRootImpl@22a3048[MainActivity]:   vsysui=500
10-04 20:28:01.439  1051  1051 I ViewRootImpl@22a3048[MainActivity]:   bhv=DEFAULT
10-04 20:28:01.439  1051  1051 I ViewRootImpl@22a3048[MainActivity]:   fitSides= naviIconColor=0}
10-04 20:28:01.444  1051  1051 I ViewRootImpl@22a3048[MainActivity]: updateBlastSurfaceIfNeeded mBlastBufferQueue=0x7b1b490800 isSameSurfaceControl=true
10-04 20:28:01.445  1051  1051 I BLASTBufferQueue: update, w= 1080 h= 2400 mName = ViewRootImpl@22a3048[MainActivity] mNativeObject= 0x7b1b490800 sc.mNativeObject= 0x7b5c54c000 format= -2 caller= android.view.ViewRootImpl.updateBlastSurfaceIfNeeded:2898 android.view.ViewRootImpl.relayoutWindow:9847 android.view.ViewRootImpl.performTraversals:3884 android.view.ViewRootImpl.doTraversal:3116 android.view.ViewRootImpl$TraversalRunnable.run:10885 android.view.Choreographer$CallbackRecord.run:1301 
10-04 20:28:01.445  1051  1051 I ViewRootImpl@22a3048[MainActivity]: Relayout returned: old=(0,0,1080,2400) new=(0,0,1080,2400) req=(1080,2400)0 dur=5 res=0x0 s={true 0x7afbc85800} ch=false seqId=0
10-04 20:28:01.446  1051  1051 I SurfaceView@e676d: onWindowVisibilityChanged(8) false android.view.SurfaceView{e676d V.E...... ........ 0,0-1080,525} of ViewRootImpl@fb2a030[MainActivity]
10-04 20:28:01.446  1051  1051 I SurfaceView@e676d: Changes: creating=false format=false size=false visible=true alpha=false hint=false mUseAlpha=false visible=true left=false top=false
10-04 20:28:01.446  1051  1051 I SurfaceView@e676d: 943981 Cur surface: Surface(name=null)/@0x89bcc84
10-04 20:28:01.447  1051  1051 I SurfaceView@e676d: applyTransactionOnVriDraw: vri = ViewRootImpl@fb2a030[MainActivity] fRS = false t = 0x7bdab50700 android.view.SurfaceView.performSurfaceTransaction:959 android.view.SurfaceView.updateSurface:1105 android.view.SurfaceView.onWindowVisibilityChanged:371 
10-04 20:28:01.447  1051  1051 I ViewRootImpl@fb2a030[MainActivity]: applyTransactionOnDraw: mRemoved = false isHardwareEnabled = true t = 0x7bdab50700android.view.SurfaceView.applyTransactionOnVriDraw:2048 android.view.SurfaceView.performSurfaceTransaction:959 android.view.SurfaceView.updateSurface:1105 android.view.SurfaceView.onWindowVisibilityChanged:371 android.view.View.dispatchDetachedFromWindow:22529 
10-04 20:28:01.447  1051  1051 I SurfaceView@e676d: surfaceDestroyed
10-04 20:28:01.447  1051  1051 I SurfaceView@e676d: surfaceDestroyed callback.size 0 #2 android.view.SurfaceView{e676d V.E...... ........ 0,0-1080,525}
10-04 20:28:01.447  1051  1051 I SurfaceView@e676d: updateSurface: mVisible = false mSurface.isValid() = true
10-04 20:28:01.447  1051  1051 I SurfaceView@e676d: releaseSurfaces: viewRoot = ViewRootImpl@fb2a030[MainActivity]
10-04 20:28:01.448  1051  1051 I SurfaceView@e676d: applyTransactionOnVriDraw: vri = ViewRootImpl@fb2a030[MainActivity] fRS = true t = 0x7b3d328900 android.view.SurfaceView.releaseSurfaces:858 android.view.SurfaceView.updateSurface:1172 android.view.SurfaceView.onWindowVisibilityChanged:371 
10-04 20:28:01.448  1051  1051 I SurfaceView@e676d: applyTransactionOnVriDraw: viewRoot.applyTransactionOnDrawFromReleaseSurfaces
10-04 20:28:01.448  1051  1051 I ViewRootImpl@fb2a030[MainActivity]: applyTransactionOnDraw: mRemoved = false isHardwareEnabled = true t = 0x7b3d328900android.view.ViewRootImpl.applyTransactionOnDrawFromReleaseSurfaces:12850 android.view.SurfaceView.applyTransactionOnVriDraw:2046 android.view.SurfaceView.releaseSurfaces:858 android.view.SurfaceView.updateSurface:1172 android.view.SurfaceView.onWindowVisibilityChanged:371 
10-04 20:28:01.448  1051  1051 V SurfaceView@e676d: Layout: x=0 y=-609 w=1080 h=525, frame=Rect(0, 0 - 1080, 525)
10-04 20:28:01.448  1051  1051 I SurfaceView@e676d: onDetachedFromWindow: tryReleaseSurfaces()
10-04 20:28:01.448  1051  1051 I SurfaceView@e676d: releaseSurfaces: viewRoot = ViewRootImpl@fb2a030[MainActivity]
10-04 20:28:01.448  1051  1051 I SurfaceView@e676d: applyTransactionOnVriDraw: vri = ViewRootImpl@fb2a030[MainActivity] fRS = true t = 0x7b3d328b00 android.view.SurfaceView.releaseSurfaces:858 android.view.SurfaceView.onDetachedFromWindow:500 android.view.View.dispatchDetachedFromWindow:22538 
10-04 20:28:01.448  1051  1051 I SurfaceView@e676d: applyTransactionOnVriDraw: viewRoot.applyTransactionOnDrawFromReleaseSurfaces
10-04 20:28:01.448  1051  1051 I ViewRootImpl@fb2a030[MainActivity]: applyTransactionOnDraw: mRemoved = false isHardwareEnabled = true t = 0x7b3d328b00android.view.ViewRootImpl.applyTransactionOnDrawFromReleaseSurfaces:12850 android.view.SurfaceView.applyTransactionOnVriDraw:2046 android.view.SurfaceView.releaseSurfaces:858 android.view.SurfaceView.onDetachedFromWindow:500 android.view.View.dispatchDetachedFromWindow:22538 
10-04 20:28:01.459  1051  1051 I DecorView: notifyKeepScreenOnChanged: keepScreenOn=false
10-04 20:28:01.460  1051  1051 I CS3ExoPlayer: releasePlayer
10-04 20:28:01.460  1051  1051 I CS3ExoPlayer: Handle event: PlayerAttachedEvent(player=null, source=Player)
10-04 20:28:01.461  1051  1051 I DecorView: notifyKeepScreenOnChanged: keepScreenOn=false
10-04 20:28:01.461  1051  1051 I ViewRootImpl@fb2a030[MainActivity]: MSG_WINDOW_FOCUS_CHANGED 0 0
10-04 20:28:01.463  1051  1051 I ViewRootImpl@22a3048[MainActivity]: MSG_WINDOW_FOCUS_CHANGED 1 0
10-04 20:28:01.464  1051  1051 I ViewRootImpl@22a3048[MainActivity]: mThreadedRenderer.initializeIfNeeded()#2 mSurface={isValid=true 0x7afbc85800}
10-04 20:28:01.464  1051  1051 D InputMethodManager: startInputInner - Id : 0
10-04 20:28:01.464  1051  1051 I InputMethodManager: startInputInner - mService.startInputOrWindowGainedFocus
10-04 20:28:01.468  1051  1051 I ViewRootImpl@fb2a030[MainActivity]: performTraversals params={(0,0)(fillxfill) sim={state=always_hidden adjust=resize} ty=BASE_APPLICATION wanim=0x1030309
10-04 20:28:01.468  1051  1051 I ViewRootImpl@fb2a030[MainActivity]:   fl=85810100
10-04 20:28:01.468  1051  1051 I ViewRootImpl@fb2a030[MainActivity]:   pfl=12020040
10-04 20:28:01.468  1051  1051 I ViewRootImpl@fb2a030[MainActivity]:   vsysui=500
10-04 20:28:01.468  1051  1051 I ViewRootImpl@fb2a030[MainActivity]:   bhv=DEFAULT
10-04 20:28:01.468  1051  1051 I ViewRootImpl@fb2a030[MainActivity]:   fitSides= naviIconColor=0}
10-04 20:28:01.468  1051  1051 I ViewRootImpl@fb2a030[MainActivity]: performTraversals mFirst=false windowShouldResize=false viewVisibilityChanged=false mForceNextWindowRelayout=false params={(0,0)(fillxfill) sim={state=always_hidden adjust=resize} ty=BASE_APPLICATION fmt=TRANSLUCENT wanim=0x1030309
10-04 20:28:01.468  1051  1051 I ViewRootImpl@fb2a030[MainActivity]:   fl=85810100
10-04 20:28:01.468  1051  1051 I ViewRootImpl@fb2a030[MainActivity]:   pfl=12020040
10-04 20:28:01.468  1051  1051 I ViewRootImpl@fb2a030[MainActivity]:   vsysui=500
10-04 20:28:01.468  1051  1051 I ViewRootImpl@fb2a030[MainActivity]:   bhv=DEFAULT
10-04 20:28:01.468  1051  1051 I ViewRootImpl@fb2a030[MainActivity]:   fitSides= naviIconColor=0}
10-04 20:28:01.475  1051  1051 I ViewRootImpl@fb2a030[MainActivity]: updateBlastSurfaceIfNeeded mBlastBufferQueue=0x7b3d0fb500 isSameSurfaceControl=true
10-04 20:28:01.475  1051  1051 I BLASTBufferQueue: update, w= 1080 h= 2400 mName = ViewRootImpl@fb2a030[MainActivity] mNativeObject= 0x7b3d0fb500 sc.mNativeObject= 0x7b5c54c1e0 format= -3 caller= android.view.ViewRootImpl.updateBlastSurfaceIfNeeded:2898 android.view.ViewRootImpl.relayoutWindow:9847 android.view.ViewRootImpl.performTraversals:3884 android.view.ViewRootImpl.doTraversal:3116 android.view.ViewRootImpl$TraversalRunnable.run:10885 android.view.Choreographer$CallbackRecord.run:1301 
10-04 20:28:01.476  1051  1051 I ViewRootImpl@fb2a030[MainActivity]: Relayout returned: old=(0,0,1080,2400) new=(0,0,1080,2400) req=(1080,2400)0 dur=7 res=0x0 s={true 0x7b5c5e2800} ch=false seqId=0
10-04 20:28:01.476  1051  1051 I ViewRootImpl@fb2a030[MainActivity]: updateBoundsLayer: t = android.view.SurfaceControl$Transaction@6f4cdb6 sc = Surface(name=Bounds for - com.lagradost.cloudstream3/com.lagradost.cloudstream3.MainActivity@0)/@0xdad3ab7 frame = 729
10-04 20:28:01.476  1051  1051 I ViewRootImpl@fb2a030[MainActivity]: mWNT: t=0x7b5c6ac500 mBlastBufferQueue=0x7b3d0fb500 fn= 729 caller= android.view.ViewRootImpl.prepareSurfaces:2985 android.view.ViewRootImpl.performTraversals:4233 android.view.ViewRootImpl.doTraversal:3116 
10-04 20:28:01.477  1051  1082 D SurfaceView@e676d: windowPositionLost, frameNr = 729
10-04 20:28:01.478  1051  1167 I ViewRootImpl@fb2a030[MainActivity]: mWNT: t=0x7bdab50700 mBlastBufferQueue=0x7b3d0fb500 fn= 729 caller= android.view.ViewRootImpl.lambda$applyTransactionOnDraw$11$android-view-ViewRootImpl:12865 android.view.ViewRootImpl$$ExternalSyntheticLambda1.onFrameDraw:4 android.graphics.HardwareRenderer$FrameDrawingCallback.onFrameDraw:924 
10-04 20:28:01.478  1051  1167 I ViewRootImpl@fb2a030[MainActivity]: mWNT: t=0x7b3d328900 mBlastBufferQueue=0x7b3d0fb500 fn= 729 caller= android.view.ViewRootImpl.lambda$applyTransactionOnDraw$11$android-view-ViewRootImpl:12865 android.view.ViewRootImpl$$ExternalSyntheticLambda1.onFrameDraw:4 android.graphics.HardwareRenderer$FrameDrawingCallback.onFrameDraw:924 
10-04 20:28:01.478  1051  1167 I ViewRootImpl@fb2a030[MainActivity]: mWNT: t=0x7b3d328b00 mBlastBufferQueue=0x7b3d0fb500 fn= 729 caller= android.view.ViewRootImpl.lambda$applyTransactionOnDraw$11$android-view-ViewRootImpl:12865 android.view.ViewRootImpl$$ExternalSyntheticLambda1.onFrameDraw:4 android.graphics.HardwareRenderer$FrameDrawingCallback.onFrameDraw:924 
10-04 20:28:03.465  1051  1051 I ViewRootImpl@22a3048[MainActivity]: ViewPostIme pointer 0
10-04 20:28:03.521  1051  1051 I ViewRootImpl@22a3048[MainActivity]: ViewPostIme pointer 1
10-04 20:28:03.532  1051  1051 I NavComponent: Navigating to fragment: 2131362274
10-04 20:28:03.539  1051  1051 I IMM_LC  : hsifw() - flag : 0
10-04 20:28:03.539  1051  1051 I IMM_LC  : hsifw() ignore mServedView == null or mServedView.getWindowToken() != windowToken, mServedView :DecorView@86966c4[MainActivity]
10-04 20:28:03.543  1051  1051 I MSHandlerLifeCycle: check: return. pkg=com.lagradost.cloudstream3 isActivity=false callers=com.android.internal.policy.DecorView.setVisibility:4412 android.app.Dialog.hide:767 com.lagradost.cloudstream3.utils.AppContextUtils.ownHide:123 com.lagradost.cloudstream3.ui.home.HomeFragment$Companion.loadHomepageList$lambda$3:185 com.lagradost.cloudstream3.ui.home.HomeFragment$Companion.$r8$lambda$MoQSIPnUiyzkK5n4sMwjTMvpPNA:0 
10-04 20:28:03.544  1051  1051 I MSHandlerLifeCycle: removeMultiSplitHandler: no exist. decor=DecorView@86966c4[MainActivity]
10-04 20:28:03.579  1051  1051 D ScrollView: initGoToTop
10-04 20:28:03.816  1051  1051 I SurfaceView@14cc375: onWindowVisibilityChanged(0) true android.view.SurfaceView{14cc375 V.E...... ......I. 0,0-0,0} of ViewRootImpl@fb2a030[MainActivity]
10-04 20:28:03.816  1051  1051 D SurfaceView@14cc375: updateSurface: has no frame
10-04 20:28:03.820  1051  1051 I CS3ExoPlayer: SET STYLE = SaveCaptionStyle(foregroundColor=-1, backgroundColor=0, windowColor=0, edgeType=1, edgeColor=-16777216, typeface=null, typefaceFilePath=null, elevation=20, fixedTextSize=null, edgeSize=null, removeCaptions=false, removeBloat=true, upperCase=false, bold=false, italic=false, backgroundRadius=null)
10-04 20:28:03.829  1051  1051 I IMM_LC  : hsifw() - flag : 0
10-04 20:28:03.829  1051  1051 I IMM_LC  : hsifw() ignore mServedView == null or mServedView.getWindowToken() != windowToken, mServedView :DecorView@86966c4[MainActivity]
10-04 20:28:03.830  1051  1174 I SYNCVM  : addFromUrl = https://wecima.now/watch/%d9%85%d8%b4%d8%a7%d9%87%d8%af%d8%a9-%d9%85%d8%b3%d9%84%d8%b3%d9%84-loves-ambition-%d9%85%d9%88%d8%b3%d9%85-1-%d8%ad%d9%84%d9%82%d8%a9-8/
10-04 20:28:03.830  1051  1174 I SYNCUTIL: getIdsFromUrl https://wecima.now/watch/%d9%85%d8%b4%d8%a7%d9%87%d8%af%d8%a9-%d9%85%d8%b3%d9%84%d8%b3%d9%84-loves-ambition-%d9%85%d9%88%d8%b3%d9%85-1-%d8%ad%d9%84%d9%82%d8%a9-8/
10-04 20:28:03.831  1051  1129 I RVM2    : applyMeta
10-04 20:28:03.840  1051  1051 I SurfaceView@14cc375: onWindowVisibilityChanged(8) false android.view.SurfaceView{14cc375 V.E...... ......I. 0,0-0,0} of ViewRootImpl@fb2a030[MainActivity]
10-04 20:28:03.840  1051  1051 D SurfaceView@14cc375: updateSurface: has no frame
10-04 20:28:03.840  1051  1051 D SurfaceView@14cc375: updateSurface: has no frame
10-04 20:28:03.840  1051  1051 I SurfaceView@14cc375: onDetachedFromWindow: tryReleaseSurfaces()
10-04 20:28:03.840  1051  1051 I SurfaceView@14cc375: releaseSurfaces: viewRoot = ViewRootImpl@fb2a030[MainActivity]
10-04 20:28:03.840  1051  1051 I SurfaceView@14cc375: applyTransactionOnVriDraw: vri = ViewRootImpl@fb2a030[MainActivity] fRS = true t = 0x7b1b31b700 android.view.SurfaceView.releaseSurfaces:858 android.view.SurfaceView.onDetachedFromWindow:500 android.view.View.dispatchDetachedFromWindow:22538 
10-04 20:28:03.840  1051  1051 I SurfaceView@14cc375: applyTransactionOnVriDraw: viewRoot.applyTransactionOnDrawFromReleaseSurfaces
10-04 20:28:03.840  1051  1051 I ViewRootImpl@fb2a030[MainActivity]: applyTransactionOnDraw: mRemoved = false isHardwareEnabled = true t = 0x7b1b31b700android.view.ViewRootImpl.applyTransactionOnDrawFromReleaseSurfaces:12850 android.view.SurfaceView.applyTransactionOnVriDraw:2046 android.view.SurfaceView.releaseSurfaces:858 android.view.SurfaceView.onDetachedFromWindow:500 android.view.View.dispatchDetachedFromWindow:22538 
10-04 20:28:03.842  1051  1051 I SurfaceView@14cc375: onWindowVisibilityChanged(0) true android.view.SurfaceView{14cc375 V.E...... ......I. 0,0-0,0} of ViewRootImpl@fb2a030[MainActivity]
10-04 20:28:03.842  1051  1051 D SurfaceView@14cc375: updateSurface: has no frame
10-04 20:28:03.847  1051  1051 I DecorView: notifyKeepScreenOnChanged: keepScreenOn=false
10-04 20:28:03.860  1051  1051 I CS3ExoPlayer: reloadPlayer
10-04 20:28:03.860  1051  1051 I CS3ExoPlayer: releasePlayer
10-04 20:28:03.860  1051  1051 I CS3ExoPlayer: Handle event: PlayerAttachedEvent(player=null, source=Player)
10-04 20:28:03.866  1051  1051 I ViewRootImpl@fb2a030[MainActivity]: performTraversals params={(0,0)(fillxfill) sim={state=always_hidden adjust=resize} ty=BASE_APPLICATION wanim=0x1030309
10-04 20:28:03.866  1051  1051 I ViewRootImpl@fb2a030[MainActivity]:   fl=85810100
10-04 20:28:03.866  1051  1051 I ViewRootImpl@fb2a030[MainActivity]:   pfl=12020040
10-04 20:28:03.866  1051  1051 I ViewRootImpl@fb2a030[MainActivity]:   vsysui=500
10-04 20:28:03.866  1051  1051 I ViewRootImpl@fb2a030[MainActivity]:   bhv=DEFAULT
10-04 20:28:03.866  1051  1051 I ViewRootImpl@fb2a030[MainActivity]:   fitSides= naviIconColor=0}
10-04 20:28:03.868  1051  1051 I ViewRootImpl@fb2a030[MainActivity]: performTraversals mFirst=false windowShouldResize=false viewVisibilityChanged=false mForceNextWindowRelayout=false params={(0,0)(fillxfill) sim={state=always_hidden adjust=resize} ty=BASE_APPLICATION fmt=TRANSLUCENT wanim=0x1030309
10-04 20:28:03.868  1051  1051 I ViewRootImpl@fb2a030[MainActivity]:   fl=85810100
10-04 20:28:03.868  1051  1051 I ViewRootImpl@fb2a030[MainActivity]:   pfl=12020040
10-04 20:28:03.868  1051  1051 I ViewRootImpl@fb2a030[MainActivity]:   vsysui=500
10-04 20:28:03.868  1051  1051 I ViewRootImpl@fb2a030[MainActivity]:   bhv=DEFAULT
10-04 20:28:03.868  1051  1051 I ViewRootImpl@fb2a030[MainActivity]:   fitSides= naviIconColor=0}
10-04 20:28:03.881  1051  1051 I ViewRootImpl@fb2a030[MainActivity]: updateBlastSurfaceIfNeeded mBlastBufferQueue=0x7b3d0fb500 isSameSurfaceControl=true
10-04 20:28:03.882  1051  1051 I BLASTBufferQueue: update, w= 1080 h= 2400 mName = ViewRootImpl@fb2a030[MainActivity] mNativeObject= 0x7b3d0fb500 sc.mNativeObject= 0x7afbbf40e0 format= -3 caller= android.view.ViewRootImpl.updateBlastSurfaceIfNeeded:2898 android.view.ViewRootImpl.relayoutWindow:9847 android.view.ViewRootImpl.performTraversals:3884 android.view.ViewRootImpl.doTraversal:3116 android.view.ViewRootImpl$TraversalRunnable.run:10885 android.view.Choreographer$CallbackRecord.run:1301 
10-04 20:28:03.882  1051  1051 I ViewRootImpl@fb2a030[MainActivity]: Relayout returned: old=(0,0,1080,2400) new=(0,0,1080,2400) req=(1080,2400)0 dur=13 res=0x0 s={true 0x7b5c5e2800} ch=false seqId=0
10-04 20:28:03.882  1051  1051 I ViewRootImpl@fb2a030[MainActivity]: updateBoundsLayer: t = android.view.SurfaceControl$Transaction@6f4cdb6 sc = Surface(name=Bounds for - com.lagradost.cloudstream3/com.lagradost.cloudstream3.MainActivity@0)/@0xdad3ab7 frame = 731
10-04 20:28:03.882  1051  1051 I ViewRootImpl@fb2a030[MainActivity]: mWNT: t=0x7b5c6ac500 mBlastBufferQueue=0x7b3d0fb500 fn= 731 caller= android.view.ViewRootImpl.prepareSurfaces:2985 android.view.ViewRootImpl.performTraversals:4233 android.view.ViewRootImpl.doTraversal:3116 
10-04 20:28:03.884  1051  1051 W View    : requestLayout() improperly called by android.widget.FrameLayout{7a883d1 I.E...... ......I. 0,0-0,0 #7f0a04e7 app:id/start_panel} during layout: running second layout pass
10-04 20:28:03.884  1051  1051 W View    : requestLayout() improperly called by android.widget.FrameLayout{f8ffe36 I.E...... ......ID 1080,0-1080,2143 #7f0a0168 app:id/end_panel} during layout: running second layout pass
10-04 20:28:03.885  1051  1051 D SurfaceView@14cc375: updateSurface: has no frame
10-04 20:28:03.894  1051  1168 I ViewRootImpl@fb2a030[MainActivity]: mWNT: t=0x7b1b31b700 mBlastBufferQueue=0x7b3d0fb500 fn= 731 caller= android.view.ViewRootImpl.lambda$applyTransactionOnDraw$11$android-view-ViewRootImpl:12865 android.view.ViewRootImpl$$ExternalSyntheticLambda1.onFrameDraw:4 android.graphics.HardwareRenderer$FrameDrawingCallback.onFrameDraw:924 
10-04 20:28:03.907  1051  1082 D OpenGLRenderer: setSurface called with nullptr
10-04 20:28:03.907  1051  1082 D OpenGLRenderer: setSurface() destroyed EGLSurface
10-04 20:28:03.907  1051  1082 D OpenGLRenderer: destroyEglSurface
10-04 20:28:03.910  1051  1051 I ViewRootImpl@22a3048[MainActivity]: performTraversals mFirst=false windowShouldResize=false viewVisibilityChanged=true mForceNextWindowRelayout=false params={(0,0)(fillxfill) gr=CENTER sim={adjust=pan} ty=APPLICATION fmt=TRANSPARENT wanim=0x7f14000b
10-04 20:28:03.910  1051  1051 I ViewRootImpl@22a3048[MainActivity]:   fl=85810100
10-04 20:28:03.910  1051  1051 I ViewRootImpl@22a3048[MainActivity]:   pfl=12020040
10-04 20:28:03.910  1051  1051 I ViewRootImpl@22a3048[MainActivity]:   vsysui=500
10-04 20:28:03.910  1051  1051 I ViewRootImpl@22a3048[MainActivity]:   bhv=DEFAULT
10-04 20:28:03.910  1051  1051 I ViewRootImpl@22a3048[MainActivity]:   fitSides= naviIconColor=0}
10-04 20:28:03.929  1051  1051 D InsetsController: onStateChanged: InsetsState: {mDisplayFrame=Rect(0, 0 - 1080, 2400), mDisplayCutout=DisplayCutout{insets=Rect(0, 88 - 0, 0) waterfall=Insets{left=0, top=0, right=0, bottom=0} boundingRect={Bounds=[Rect(0, 0 - 0, 0), Rect(512, 0 - 568, 88), Rect(0, 0 - 0, 0), Rect(0, 0 - 0, 0)]} cutoutPathParserInfo={CutoutPathParserInfo{displayWidth=1080 displayHeight=2400 physicalDisplayWidth=1080 physicalDisplayHeight=2400 density={2.625} cutoutSpec={M 0,0 M 0,12.25101276465640 a 10.60613009248640,10.60613009248640 0 1,0 0,21.21226018497290 a 10.60613009248640,10.60613009248640 0 1,0 0,-21.21226018497290 Z @dp} rotation={0} scale={1.0} physicalPixelDisplaySizeRatio={1.0}}}}, mRoundedCorners=RoundedCorners{[RoundedCorner{position=TopLeft, radius=84, center=Point(84, 84)}, RoundedCorner{position=TopRight, radius=84, center=Point(996, 84)}, RoundedCorner{position=BottomRight, radius=84, center=Point(996, 2316)}, RoundedCorner{position=BottomLeft, radius=84, center=Point(84, 2316)}]}  mRoundedCornerFrame=Rect(0, 0 - 1080, 2400), mPrivacyIndicatorBounds=PrivacyIndicatorBounds {static bounds=Rect(964, 0 - 1080, 87) rotation=0}, mSources= { InsetsSource: {mType=ITYPE_STATUS_BAR, mFrame=[0,0][1080,88], mVisible=true, mInsetsRoundedCornerFrame=false}, InsetsSource: {mType=ITYPE_NAVIGATION_BAR, mFrame=[0,2361][1080,2400], mVisible=true, mInsetsRoundedCornerFrame=false}, InsetsSource: {mType=ITYPE_LEFT_GESTURES, mFrame=[0,0][130,2400], mVisible=true, mInsetsRoundedCornerFrame=false}, InsetsSource: {mType=ITYPE_RIGHT_GESTURES, mFrame=[950,0][1080,2400], mVisible=true, mInsetsRoundedCornerFrame=false}, InsetsSource: {mType=ITYPE_TOP_MANDATORY_GESTURES, mFrame=[0,0][1080,120], mVisible=true, mInsetsRoundedCornerFrame=false}, InsetsSource: {mType=ITYPE_BOTTOM_MANDATORY_GESTURES, mFrame=[0,2316][1080,2400], mVisible=true, mInsetsRoundedCornerFrame=false}, InsetsSource: {mType=ITYPE_LEFT_DISPLAY_CUTOUT, mFrame=[0,0][-100000,2400], mVisible=true, mInsetsRoundedCornerFrame=false}, InsetsSource: {mType=ITYPE_TOP_DISPLAY_CUTOUT, mFrame=[0,0][1080,88], mVisible=true, mInsetsRoundedCornerFrame=false}, InsetsSource: {mType=ITYPE_RIGHT_DISPLAY_CUTOUT, mFrame=[100000,0][1080,2400], mVisible=true, mInsetsRoundedCornerFrame=false}, InsetsSource: {mType=ITYPE_BOTTOM_DISPLAY_CUTOUT, mFrame=[0,100000][1080,2400], mVisible=true, mInsetsRoundedCornerFrame=false}, InsetsSource: {mType=ITYPE_TOP_TAPPABLE_ELEMENT, mFrame=[0,0][1080,88], mVisible=true, mInsetsRoundedCornerFrame=false}, InsetsSource: {mType=ITYPE_BOTTOM_TAPPABLE_ELEMENT, mFrame=[0,0][0,0], mVisible=true, mInsetsRoundedCornerFrame=false} } host=com.lagradost.cloudstream3/com.lagradost.cloudstream3.MainActivity from=android.view.ViewRootImpl.relayoutWindow:9802
10-04 20:28:03.932  1051  1051 I ViewRootImpl@22a3048[MainActivity]: Relayout returned: old=(0,0,1080,2400) new=(0,0,1080,2400) req=(1080,2400)8 dur=21 res=0x2 s={false 0x0} ch=true seqId=0
10-04 20:28:03.937  1051  1051 E CoilImgLoader: Error loading image: coil3.request.NullRequestDataException: The request's data is null.
10-04 20:28:03.939  1051  1051 E CoilImgLoader: Error loading image: coil3.request.NullRequestDataException: The request's data is null.
10-04 20:28:03.960  1051  1129 I SYNCVM  : addFromUrl = https://wecima.now/watch/%d9%85%d8%b4%d8%a7%d9%87%d8%af%d8%a9-%d9%85%d8%b3%d9%84%d8%b3%d9%84-loves-ambition-%d9%85%d9%88%d8%b3%d9%85-1-%d8%ad%d9%84%d9%82%d8%a9-8/
10-04 20:28:03.960  1051  1129 I SYNCUTIL: getIdsFromUrl https://wecima.now/watch/%d9%85%d8%b4%d8%a7%d9%87%d8%af%d8%a9-%d9%85%d8%b3%d9%84%d8%b3%d9%84-loves-ambition-%d9%85%d9%88%d8%b3%d9%85-1-%d8%ad%d9%84%d9%82%d8%a9-8/
10-04 20:28:04.134  1051  1051 D SurfaceView@14cc375: updateSurface: has no frame
10-04 20:28:04.137  1051  1051 I SurfaceView@14cc375: Changes: creating=true format=true size=true visible=true alpha=false hint=false mUseAlpha=false visible=true left=true top=true
10-04 20:28:04.139  1051  1051 I BLASTBufferQueue: update, w= 1080 h= 525 mName = null mNativeObject= 0x7b5c526e00 sc.mNativeObject= 0x7b3af506e0 format= 4 caller= android.view.SurfaceView.createBlastSurfaceControls:1383 android.view.SurfaceView.updateSurface:1079 android.view.SurfaceView.lambda$new$0$android-view-SurfaceView:200 android.view.SurfaceView$$ExternalSyntheticLambda5.onPreDraw:2 android.view.ViewTreeObserver.dispatchOnPreDraw:1121 android.view.ViewRootImpl.performTraversals:4442 
10-04 20:28:04.139  1051  1051 I SurfaceView@14cc375: 21807989 Cur surface: Surface(name=null)/@0xa5767af
10-04 20:28:04.139  1051  1051 I SurfaceView@14cc375: pST: sr = Rect(0, 218 - 1080, 743) sw = 1080 sh = 525
10-04 20:28:04.139  1051  1051 D SurfaceView@14cc375: performSurfaceTransaction RenderWorker position = [0, 218, 1080, 743] surfaceSize = 1080x525
10-04 20:28:04.140  1051  1051 I SurfaceView@14cc375: applyTransactionOnVriDraw: vri = ViewRootImpl@fb2a030[MainActivity] fRS = false t = 0x7b3af4f000 android.view.SurfaceView.performSurfaceTransaction:959 android.view.SurfaceView.updateSurface:1105 android.view.SurfaceView.lambda$new$0$android-view-SurfaceView:200 
10-04 20:28:04.140  1051  1051 I ViewRootImpl@fb2a030[MainActivity]: applyTransactionOnDraw: mRemoved = false isHardwareEnabled = true t = 0x7b3af4f000android.view.SurfaceView.applyTransactionOnVriDraw:2048 android.view.SurfaceView.performSurfaceTransaction:959 android.view.SurfaceView.updateSurface:1105 android.view.SurfaceView.lambda$new$0$android-view-SurfaceView:200 android.view.SurfaceView$$ExternalSyntheticLambda5.onPreDraw:2 
10-04 20:28:04.140  1051  1051 I SurfaceView@14cc375: updateSurface: mVisible = true mSurface.isValid() = true
10-04 20:28:04.140  1051  1051 I SurfaceView@14cc375: updateSurface: mSurfaceCreated = false surfaceChanged = true visibleChanged = true
10-04 20:28:04.140  1051  1051 I SurfaceView@14cc375: visibleChanged -- surfaceCreated
10-04 20:28:04.140  1051  1051 I SurfaceView@14cc375: surfaceCreated 0 #8 android.view.SurfaceView{14cc375 V.E...... ......ID 0,0-1080,525}
10-04 20:28:04.140  1051  1051 I SurfaceView@14cc375: surfaceChanged -- format=4 w=1080 h=525
10-04 20:28:04.140  1051  1051 I SurfaceView@14cc375: surfaceChanged (1080,525) 0 #8 android.view.SurfaceView{14cc375 V.E...... ......ID 0,0-1080,525}
10-04 20:28:04.140  1051  1051 I SurfaceView@14cc375: surfaceRedrawNeeded
10-04 20:28:04.140  1051  1051 V SurfaceView@14cc375: Layout: x=0 y=218 w=1080 h=525, frame=Rect(0, 0 - 1080, 525)
10-04 20:28:04.156  1051  1167 D SurfaceView@14cc375: updateSurfacePosition RenderWorker, frameNr = 732, position = [54, 314, 1026, 787] surfaceSize = 1080x525
10-04 20:28:04.156  1051  1167 I SurfaceView@14cc375: uSP: rtp = Rect(54, 314 - 1026, 787) rtsw = 1080 rtsh = 525
10-04 20:28:04.157  1051  1167 I SurfaceView@14cc375: onSSPAndSRT: pl = 54 pt = 314 sx = 0.9 sy = 0.9009524
10-04 20:28:04.157  1051  1167 I SurfaceView@14cc375: aOrMT: ViewRootImpl@fb2a030[MainActivity] t = android.view.SurfaceControl$Transaction@3b683a8 fN = 732 android.view.SurfaceView.-$$Nest$mapplyOrMergeTransaction:0 android.view.SurfaceView$SurfaceViewPositionUpdateListener.positionChanged:1537 android.graphics.RenderNode$CompositePositionUpdateListener.positionChanged:373 
10-04 20:28:04.157  1051  1167 I ViewRootImpl@fb2a030[MainActivity]: mWNT: t=0x7b3af4f100 mBlastBufferQueue=0x7b3d0fb500 fn= 732 caller= android.view.SurfaceView.applyOrMergeTransaction:1455 android.view.SurfaceView.-$$Nest$mapplyOrMergeTransaction:0 android.view.SurfaceView$SurfaceViewPositionUpdateListener.positionChanged:1537 
10-04 20:28:04.159  1051  1168 I ViewRootImpl@fb2a030[MainActivity]: mWNT: t=0x7b3af4f000 mBlastBufferQueue=0x7b3d0fb500 fn= 732 caller= android.view.ViewRootImpl.lambda$applyTransactionOnDraw$11$android-view-ViewRootImpl:12865 android.view.ViewRootImpl$$ExternalSyntheticLambda1.onFrameDraw:4 android.graphics.HardwareRenderer$FrameDrawingCallback.onFrameDraw:924 
10-04 20:28:04.161  1051  1051 I ViewRootImpl@22a3048[MainActivity]: MSG_WINDOW_FOCUS_CHANGED 0 0
10-04 20:28:04.162  1051  1051 I ViewRootImpl@fb2a030[MainActivity]: MSG_WINDOW_FOCUS_CHANGED 1 0
10-04 20:28:04.163  1051  1051 I ViewRootImpl@fb2a030[MainActivity]: mThreadedRenderer.initializeIfNeeded()#2 mSurface={isValid=true 0x7b5c5e2800}
10-04 20:28:04.167  1051  1051 D InputMethodManager: startInputInner - Id : 0
10-04 20:28:04.167  1051  1051 I InputMethodManager: startInputInner - mService.startInputOrWindowGainedFocus
10-04 20:28:04.184  1051  1167 D SurfaceView@14cc375: updateSurfacePosition RenderWorker, frameNr = 733, position = [0, 218, 1080, 743] surfaceSize = 1080x525
10-04 20:28:04.184  1051  1167 I SurfaceView@14cc375: uSP: rtp = Rect(0, 218 - 1080, 743) rtsw = 1080 rtsh = 525
10-04 20:28:04.184  1051  1167 I SurfaceView@14cc375: onSSPAndSRT: pl = 0 pt = 218 sx = 1.0 sy = 1.0
10-04 20:28:04.184  1051  1167 I SurfaceView@14cc375: aOrMT: ViewRootImpl@fb2a030[MainActivity] t = android.view.SurfaceControl$Transaction@3b683a8 fN = 733 android.view.SurfaceView.-$$Nest$mapplyOrMergeTransaction:0 android.view.SurfaceView$SurfaceViewPositionUpdateListener.positionChanged:1537 android.graphics.RenderNode$CompositePositionUpdateListener.positionChanged:373 
10-04 20:28:04.184  1051  1167 I ViewRootImpl@fb2a030[MainActivity]: mWNT: t=0x7b3af4f100 mBlastBufferQueue=0x7b3d0fb500 fn= 733 caller= android.view.SurfaceView.applyOrMergeTransaction:1455 android.view.SurfaceView.-$$Nest$mapplyOrMergeTransaction:0 android.view.SurfaceView$SurfaceViewPositionUpdateListener.positionChanged:1537 
10-04 20:28:04.198  1051  1051 I SurfaceView@14cc375: finishedDrawing
10-04 20:28:04.202  1051  1051 I MSHandlerLifeCycle: check: return. pkg=com.lagradost.cloudstream3 isActivity=false callers=com.android.internal.policy.DecorView.setVisibility:4412 android.app.Dialog.hide:767 com.lagradost.cloudstream3.utils.AppContextUtils.ownHide:123 com.lagradost.cloudstream3.ui.home.HomeFragment.onDestroyView:459 androidx.fragment.app.Fragment.performDestroyView:3357 
10-04 20:28:04.202  1051  1051 I MSHandlerLifeCycle: removeMultiSplitHandler: no exist. decor=DecorView@86966c4[MainActivity]
10-04 20:28:05.365  1051  1051 I ViewRootImpl@fb2a030[MainActivity]: ViewPostIme pointer 0
10-04 20:28:05.406  1051  1051 I SurfaceView@14cc375: Changes: creating=false format=false size=false visible=false alpha=false hint=false mUseAlpha=false visible=false left=false top=true
10-04 20:28:05.406  1051  1051 I SurfaceView@14cc375: 21807989 Cur surface: Surface(name=null)/@0xa5767af
10-04 20:28:05.407  1051  1051 I SurfaceView@14cc375: applyTransactionOnVriDraw: vri = ViewRootImpl@fb2a030[MainActivity] fRS = false t = 0x7b3af4f500 android.view.SurfaceView.performSurfaceTransaction:959 android.view.SurfaceView.updateSurface:1105 android.view.SurfaceView.lambda$new$0$android-view-SurfaceView:200 
10-04 20:28:05.408  1051  1051 I ViewRootImpl@fb2a030[MainActivity]: applyTransactionOnDraw: mRemoved = false isHardwareEnabled = true t = 0x7b3af4f500android.view.SurfaceView.applyTransactionOnVriDraw:2048 android.view.SurfaceView.performSurfaceTransaction:959 android.view.SurfaceView.updateSurface:1105 android.view.SurfaceView.lambda$new$0$android-view-SurfaceView:200 android.view.SurfaceView$$ExternalSyntheticLambda5.onPreDraw:2 
10-04 20:28:05.408  1051  1051 I SurfaceView@14cc375: updateSurface: mVisible = true mSurface.isValid() = true
10-04 20:28:05.408  1051  1051 I SurfaceView@14cc375: updateSurface: mSurfaceCreated = true surfaceChanged = false visibleChanged = false
10-04 20:28:05.408  1051  1051 V SurfaceView@14cc375: Layout: x=0 y=70 w=1080 h=525, frame=Rect(0, 0 - 1080, 525)
10-04 20:28:05.412  1051  1168 D SurfaceView@14cc375: updateSurfacePosition RenderWorker, frameNr = 758, position = [0, 70, 1080, 595] surfaceSize = 1080x525
10-04 20:28:05.412  1051  1168 I SurfaceView@14cc375: uSP: rtp = Rect(0, 70 - 1080, 595) rtsw = 1080 rtsh = 525
10-04 20:28:05.412  1051  1168 I SurfaceView@14cc375: onSSPAndSRT: pl = 0 pt = 70 sx = 1.0 sy = 1.0
10-04 20:28:05.413  1051  1168 I SurfaceView@14cc375: aOrMT: ViewRootImpl@fb2a030[MainActivity] t = android.view.SurfaceControl$Transaction@3b683a8 fN = 758 android.view.SurfaceView.-$$Nest$mapplyOrMergeTransaction:0 android.view.SurfaceView$SurfaceViewPositionUpdateListener.positionChanged:1537 android.graphics.RenderNode$CompositePositionUpdateListener.positionChanged:373 
10-04 20:28:05.413  1051  1168 I ViewRootImpl@fb2a030[MainActivity]: mWNT: t=0x7b3af4f100 mBlastBufferQueue=0x7b3d0fb500 fn= 758 caller= android.view.SurfaceView.applyOrMergeTransaction:1455 android.view.SurfaceView.-$$Nest$mapplyOrMergeTransaction:0 android.view.SurfaceView$SurfaceViewPositionUpdateListener.positionChanged:1537 
10-04 20:28:05.414  1051  1168 I ViewRootImpl@fb2a030[MainActivity]: mWNT: t=0x7b3af4f500 mBlastBufferQueue=0x7b3d0fb500 fn= 758 caller= android.view.ViewRootImpl.lambda$applyTransactionOnDraw$11$android-view-ViewRootImpl:12865 android.view.ViewRootImpl$$ExternalSyntheticLambda1.onFrameDraw:4 android.graphics.HardwareRenderer$FrameDrawingCallback.onFrameDraw:924 
10-04 20:28:05.424  1051  1051 I SurfaceView@14cc375: Changes: creating=false format=false size=false visible=false alpha=false hint=false mUseAlpha=false visible=false left=false top=true
10-04 20:28:05.424  1051  1051 I SurfaceView@14cc375: 21807989 Cur surface: Surface(name=null)/@0xa5767af
10-04 20:28:05.425  1051  1051 I SurfaceView@14cc375: applyTransactionOnVriDraw: vri = ViewRootImpl@fb2a030[MainActivity] fRS = false t = 0x7b3af4f600 android.view.SurfaceView.performSurfaceTransaction:959 android.view.SurfaceView.updateSurface:1105 android.view.SurfaceView.lambda$new$0$android-view-SurfaceView:200 
10-04 20:28:05.426  1051  1051 I ViewRootImpl@fb2a030[MainActivity]: applyTransactionOnDraw: mRemoved = false isHardwareEnabled = true t = 0x7b3af4f600android.view.SurfaceView.applyTransactionOnVriDraw:2048 android.view.SurfaceView.performSurfaceTransaction:959 android.view.SurfaceView.updateSurface:1105 android.view.SurfaceView.lambda$new$0$android-view-SurfaceView:200 android.view.SurfaceView$$ExternalSyntheticLambda5.onPreDraw:2 
10-04 20:28:05.426  1051  1051 I SurfaceView@14cc375: updateSurface: mVisible = true mSurface.isValid() = true
10-04 20:28:05.426  1051  1051 I SurfaceView@14cc375: updateSurface: mSurfaceCreated = true surfaceChanged = false visibleChanged = false
10-04 20:28:05.426  1051  1051 V SurfaceView@14cc375: Layout: x=0 y=-134 w=1080 h=525, frame=Rect(0, 0 - 1080, 525)
10-04 20:28:05.439  1051  1167 D SurfaceView@14cc375: updateSurfacePosition RenderWorker, frameNr = 759, position = [0, -134, 1080, 391] surfaceSize = 1080x525
10-04 20:28:05.439  1051  1167 I SurfaceView@14cc375: uSP: rtp = Rect(0, -134 - 1080, 391) rtsw = 1080 rtsh = 525
10-04 20:28:05.439  1051  1167 I SurfaceView@14cc375: onSSPAndSRT: pl = 0 pt = -134 sx = 1.0 sy = 1.0
10-04 20:28:05.439  1051  1167 I SurfaceView@14cc375: aOrMT: ViewRootImpl@fb2a030[MainActivity] t = android.view.SurfaceControl$Transaction@3b683a8 fN = 759 android.view.SurfaceView.-$$Nest$mapplyOrMergeTransaction:0 android.view.SurfaceView$SurfaceViewPositionUpdateListener.positionChanged:1537 android.graphics.RenderNode$CompositePositionUpdateListener.positionChanged:373 
10-04 20:28:05.440  1051  1167 I ViewRootImpl@fb2a030[MainActivity]: mWNT: t=0x7b3af4f100 mBlastBufferQueue=0x7b3d0fb500 fn= 759 caller= android.view.SurfaceView.applyOrMergeTransaction:1455 android.view.SurfaceView.-$$Nest$mapplyOrMergeTransaction:0 android.view.SurfaceView$SurfaceViewPositionUpdateListener.positionChanged:1537 
10-04 20:28:05.440  1051  1167 I ViewRootImpl@fb2a030[MainActivity]: mWNT: t=0x7b3af4f600 mBlastBufferQueue=0x7b3d0fb500 fn= 759 caller= android.view.ViewRootImpl.lambda$applyTransactionOnDraw$11$android-view-ViewRootImpl:12865 android.view.ViewRootImpl$$ExternalSyntheticLambda1.onFrameDraw:4 android.graphics.HardwareRenderer$FrameDrawingCallback.onFrameDraw:924 
10-04 20:28:05.441  1051  1051 I ViewRootImpl@fb2a030[MainActivity]: ViewPostIme pointer 1
10-04 20:28:05.446  1051  1051 I SurfaceView@14cc375: Changes: creating=false format=false size=false visible=false alpha=false hint=false mUseAlpha=false visible=false left=false top=true
10-04 20:28:05.446  1051  1051 I SurfaceView@14cc375: 21807989 Cur surface: Surface(name=null)/@0xa5767af
10-04 20:28:05.447  1051  1051 I SurfaceView@14cc375: applyTransactionOnVriDraw: vri = ViewRootImpl@fb2a030[MainActivity] fRS = false t = 0x7bdab51400 android.view.SurfaceView.performSurfaceTransaction:959 android.view.SurfaceView.updateSurface:1105 android.view.SurfaceView.lambda$new$0$android-view-SurfaceView:200 
10-04 20:28:05.447  1051  1051 I ViewRootImpl@fb2a030[MainActivity]: applyTransactionOnDraw: mRemoved = false isHardwareEnabled = true t = 0x7bdab51400android.view.SurfaceView.applyTransactionOnVriDraw:2048 android.view.SurfaceView.performSurfaceTransaction:959 android.view.SurfaceView.updateSurface:1105 android.view.SurfaceView.lambda$new$0$android-view-SurfaceView:200 android.view.SurfaceView$$ExternalSyntheticLambda5.onPreDraw:2 
10-04 20:28:05.447  1051  1051 I SurfaceView@14cc375: updateSurface: mVisible = true mSurface.isValid() = true
10-04 20:28:05.447  1051  1051 I SurfaceView@14cc375: updateSurface: mSurfaceCreated = true surfaceChanged = false visibleChanged = false
10-04 20:28:05.447  1051  1051 V SurfaceView@14cc375: Layout: x=0 y=-226 w=1080 h=525, frame=Rect(0, 0 - 1080, 525)
10-04 20:28:05.452  1051  1168 D SurfaceView@14cc375: updateSurfacePosition RenderWorker, frameNr = 760, position = [0, -226, 1080, 299] surfaceSize = 1080x525
10-04 20:28:05.452  1051  1168 I SurfaceView@14cc375: uSP: rtp = Rect(0, -226 - 1080, 299) rtsw = 1080 rtsh = 525
10-04 20:28:05.452  1051  1168 I SurfaceView@14cc375: onSSPAndSRT: pl = 0 pt = -226 sx = 1.0 sy = 1.0
10-04 20:28:05.453  1051  1168 I SurfaceView@14cc375: aOrMT: ViewRootImpl@fb2a030[MainActivity] t = android.view.SurfaceControl$Transaction@3b683a8 fN = 760 android.view.SurfaceView.-$$Nest$mapplyOrMergeTransaction:0 android.view.SurfaceView$SurfaceViewPositionUpdateListener.positionChanged:1537 android.graphics.RenderNode$CompositePositionUpdateListener.positionChanged:373 
10-04 20:28:05.453  1051  1168 I ViewRootImpl@fb2a030[MainActivity]: mWNT: t=0x7b3af4f100 mBlastBufferQueue=0x7b3d0fb500 fn= 760 caller= android.view.SurfaceView.applyOrMergeTransaction:1455 android.view.SurfaceView.-$$Nest$mapplyOrMergeTransaction:0 android.view.SurfaceView$SurfaceViewPositionUpdateListener.positionChanged:1537 
10-04 20:28:05.453  1051  1168 I ViewRootImpl@fb2a030[MainActivity]: mWNT: t=0x7bdab51400 mBlastBufferQueue=0x7b3d0fb500 fn= 760 caller= android.view.ViewRootImpl.lambda$applyTransactionOnDraw$11$android-view-ViewRootImpl:12865 android.view.ViewRootImpl$$ExternalSyntheticLambda1.onFrameDraw:4 android.graphics.HardwareRenderer$FrameDrawingCallback.onFrameDraw:924 
10-04 20:28:05.471  1051  1051 I SurfaceView@14cc375: Changes: creating=false format=false size=false visible=false alpha=false hint=false mUseAlpha=false visible=false left=false top=true
10-04 20:28:05.471  1051  1051 I SurfaceView@14cc375: 21807989 Cur surface: Surface(name=null)/@0xa5767af
10-04 20:28:05.472  1051  1051 I SurfaceView@14cc375: applyTransactionOnVriDraw: vri = ViewRootImpl@fb2a030[MainActivity] fRS = false t = 0x7b5c60f200 android.view.SurfaceView.performSurfaceTransaction:959 android.view.SurfaceView.updateSurface:1105 android.view.SurfaceView.lambda$new$0$android-view-SurfaceView:200 
10-04 20:28:05.472  1051  1051 I ViewRootImpl@fb2a030[MainActivity]: applyTransactionOnDraw: mRemoved = false isHardwareEnabled = true t = 0x7b5c60f200android.view.SurfaceView.applyTransactionOnVriDraw:2048 android.view.SurfaceView.performSurfaceTransaction:959 android.view.SurfaceView.updateSurface:1105 android.view.SurfaceView.lambda$new$0$android-view-SurfaceView:200 android.view.SurfaceView$$ExternalSyntheticLambda5.onPreDraw:2 
10-04 20:28:05.472  1051  1051 I SurfaceView@14cc375: updateSurface: mVisible = true mSurface.isValid() = true
10-04 20:28:05.472  1051  1051 I SurfaceView@14cc375: updateSurface: mSurfaceCreated = true surfaceChanged = false visibleChanged = false
10-04 20:28:05.472  1051  1051 V SurfaceView@14cc375: Layout: x=0 y=-350 w=1080 h=525, frame=Rect(0, 0 - 1080, 525)
10-04 20:28:05.476  1051  1167 D SurfaceView@14cc375: updateSurfacePosition RenderWorker, frameNr = 762, position = [0, -350, 1080, 175] surfaceSize = 1080x525
10-04 20:28:05.477  1051  1167 I SurfaceView@14cc375: uSP: rtp = Rect(0, -350 - 1080, 175) rtsw = 1080 rtsh = 525
10-04 20:28:05.477  1051  1167 I SurfaceView@14cc375: onSSPAndSRT: pl = 0 pt = -350 sx = 1.0 sy = 1.0
10-04 20:28:05.477  1051  1167 I SurfaceView@14cc375: aOrMT: ViewRootImpl@fb2a030[MainActivity] t = android.view.SurfaceControl$Transaction@3b683a8 fN = 762 android.view.SurfaceView.-$$Nest$mapplyOrMergeTransaction:0 android.view.SurfaceView$SurfaceViewPositionUpdateListener.positionChanged:1537 android.graphics.RenderNode$CompositePositionUpdateListener.positionChanged:373 
10-04 20:28:05.477  1051  1167 I ViewRootImpl@fb2a030[MainActivity]: mWNT: t=0x7b3af4f100 mBlastBufferQueue=0x7b3d0fb500 fn= 762 caller= android.view.SurfaceView.applyOrMergeTransaction:1455 android.view.SurfaceView.-$$Nest$mapplyOrMergeTransaction:0 android.view.SurfaceView$SurfaceViewPositionUpdateListener.positionChanged:1537 
10-04 20:28:05.477  1051  1167 I ViewRootImpl@fb2a030[MainActivity]: mWNT: t=0x7b5c60f200 mBlastBufferQueue=0x7b3d0fb500 fn= 762 caller= android.view.ViewRootImpl.lambda$applyTransactionOnDraw$11$android-view-ViewRootImpl:12865 android.view.ViewRootImpl$$ExternalSyntheticLambda1.onFrameDraw:4 android.graphics.HardwareRenderer$FrameDrawingCallback.onFrameDraw:924 
10-04 20:28:05.481  1051  1051 I SurfaceView@14cc375: Changes: creating=false format=false size=false visible=false alpha=false hint=false mUseAlpha=false visible=false left=false top=true
10-04 20:28:05.481  1051  1051 I SurfaceView@14cc375: 21807989 Cur surface: Surface(name=null)/@0xa5767af
10-04 20:28:05.481  1051  1051 I SurfaceView@14cc375: applyTransactionOnVriDraw: vri = ViewRootImpl@fb2a030[MainActivity] fRS = false t = 0x7b5c60fd00 android.view.SurfaceView.performSurfaceTransaction:959 android.view.SurfaceView.updateSurface:1105 android.view.SurfaceView.lambda$new$0$android-view-SurfaceView:200 
10-04 20:28:05.482  1051  1051 I ViewRootImpl@fb2a030[MainActivity]: applyTransactionOnDraw: mRemoved = false isHardwareEnabled = true t = 0x7b5c60fd00android.view.SurfaceView.applyTransactionOnVriDraw:2048 android.view.SurfaceView.performSurfaceTransaction:959 android.view.SurfaceView.updateSurface:1105 android.view.SurfaceView.lambda$new$0$android-view-SurfaceView:200 android.view.SurfaceView$$ExternalSyntheticLambda5.onPreDraw:2 
10-04 20:28:05.482  1051  1051 I SurfaceView@14cc375: updateSurface: mVisible = true mSurface.isValid() = true
10-04 20:28:05.482  1051  1051 I SurfaceView@14cc375: updateSurface: mSurfaceCreated = true surfaceChanged = false visibleChanged = false
10-04 20:28:05.482  1051  1051 V SurfaceView@14cc375: Layout: x=0 y=-530 w=1080 h=525, frame=Rect(0, 0 - 1080, 525)
10-04 20:28:05.490  1051  1168 I ViewRootImpl@fb2a030[MainActivity]: mWNT: t=0x7b5c60fd00 mBlastBufferQueue=0x7b3d0fb500 fn= 763 caller= android.view.ViewRootImpl.lambda$applyTransactionOnDraw$11$android-view-ViewRootImpl:12865 android.view.ViewRootImpl$$ExternalSyntheticLambda1.onFrameDraw:4 android.graphics.HardwareRenderer$FrameDrawingCallback.onFrameDraw:924 
10-04 20:28:05.495  1051  1051 I SurfaceView@14cc375: Changes: creating=false format=false size=false visible=false alpha=false hint=false mUseAlpha=false visible=false left=false top=true
10-04 20:28:05.496  1051  1051 I SurfaceView@14cc375: 21807989 Cur surface: Surface(name=null)/@0xa5767af
10-04 20:28:05.496  1051  1051 I SurfaceView@14cc375: applyTransactionOnVriDraw: vri = ViewRootImpl@fb2a030[MainActivity] fRS = false t = 0x7b3d328300 android.view.SurfaceView.performSurfaceTransaction:959 android.view.SurfaceView.updateSurface:1105 android.view.SurfaceView.lambda$new$0$android-view-SurfaceView:200 
10-04 20:28:05.496  1051  1051 I ViewRootImpl@fb2a030[MainActivity]: applyTransactionOnDraw: mRemoved = false isHardwareEnabled = true t = 0x7b3d328300android.view.SurfaceView.applyTransactionOnVriDraw:2048 android.view.SurfaceView.performSurfaceTransaction:959 android.view.SurfaceView.updateSurface:1105 android.view.SurfaceView.lambda$new$0$android-view-SurfaceView:200 android.view.SurfaceView$$ExternalSyntheticLambda5.onPreDraw:2 
10-04 20:28:05.496  1051  1051 I SurfaceView@14cc375: updateSurface: mVisible = true mSurface.isValid() = true
10-04 20:28:05.496  1051  1051 I SurfaceView@14cc375: updateSurface: mSurfaceCreated = true surfaceChanged = false visibleChanged = false
10-04 20:28:05.496  1051  1051 V SurfaceView@14cc375: Layout: x=0 y=-722 w=1080 h=525, frame=Rect(0, 0 - 1080, 525)
10-04 20:28:05.501  1051  1167 D SurfaceView@14cc375: updateSurfacePosition RenderWorker, frameNr = 764, position = [0, -722, 1080, -197] surfaceSize = 1080x525
10-04 20:28:05.501  1051  1167 I SurfaceView@14cc375: uSP: rtp = Rect(0, -722 - 1080, -197) rtsw = 1080 rtsh = 525
10-04 20:28:05.501  1051  1167 I SurfaceView@14cc375: onSSPAndSRT: pl = 0 pt = -722 sx = 1.0 sy = 1.0
10-04 20:28:05.501  1051  1167 I SurfaceView@14cc375: aOrMT: ViewRootImpl@fb2a030[MainActivity] t = android.view.SurfaceControl$Transaction@3b683a8 fN = 764 android.view.SurfaceView.-$$Nest$mapplyOrMergeTransaction:0 android.view.SurfaceView$SurfaceViewPositionUpdateListener.positionChanged:1537 android.graphics.RenderNode$CompositePositionUpdateListener.positionChanged:373 
10-04 20:28:05.501  1051  1167 I ViewRootImpl@fb2a030[MainActivity]: mWNT: t=0x7b3af4f100 mBlastBufferQueue=0x7b3d0fb500 fn= 764 caller= android.view.SurfaceView.applyOrMergeTransaction:1455 android.view.SurfaceView.-$$Nest$mapplyOrMergeTransaction:0 android.view.SurfaceView$SurfaceViewPositionUpdateListener.positionChanged:1537 
10-04 20:28:05.501  1051  1167 I ViewRootImpl@fb2a030[MainActivity]: mWNT: t=0x7b3d328300 mBlastBufferQueue=0x7b3d0fb500 fn= 764 caller= android.view.ViewRootImpl.lambda$applyTransactionOnDraw$11$android-view-ViewRootImpl:12865 android.view.ViewRootImpl$$ExternalSyntheticLambda1.onFrameDraw:4 android.graphics.HardwareRenderer$FrameDrawingCallback.onFrameDraw:924 
10-04 20:28:05.513  1051  1051 I SurfaceView@14cc375: Changes: creating=false format=false size=false visible=false alpha=false hint=false mUseAlpha=false visible=false left=false top=true
10-04 20:28:05.513  1051  1051 I SurfaceView@14cc375: 21807989 Cur surface: Surface(name=null)/@0xa5767af
10-04 20:28:05.514  1051  1051 I SurfaceView@14cc375: applyTransactionOnVriDraw: vri = ViewRootImpl@fb2a030[MainActivity] fRS = false t = 0x7b3af4f800 android.view.SurfaceView.performSurfaceTransaction:959 android.view.SurfaceView.updateSurface:1105 android.view.SurfaceView.lambda$new$0$android-view-SurfaceView:200 
10-04 20:28:05.514  1051  1051 I ViewRootImpl@fb2a030[MainActivity]: applyTransactionOnDraw: mRemoved = false isHardwareEnabled = true t = 0x7b3af4f800android.view.SurfaceView.applyTransactionOnVriDraw:2048 android.view.SurfaceView.performSurfaceTransaction:959 android.view.SurfaceView.updateSurface:1105 android.view.SurfaceView.lambda$new$0$android-view-SurfaceView:200 android.view.SurfaceView$$ExternalSyntheticLambda5.onPreDraw:2 
10-04 20:28:05.514  1051  1051 I SurfaceView@14cc375: updateSurface: mVisible = true mSurface.isValid() = true
10-04 20:28:05.514  1051  1051 I SurfaceView@14cc375: updateSurface: mSurfaceCreated = true surfaceChanged = false visibleChanged = false
10-04 20:28:05.514  1051  1051 V SurfaceView@14cc375: Layout: x=0 y=-927 w=1080 h=525, frame=Rect(0, 0 - 1080, 525)
10-04 20:28:05.525  1051  1168 D SurfaceView@14cc375: updateSurfacePosition RenderWorker, frameNr = 765, position = [0, -927, 1080, -402] surfaceSize = 1080x525
10-04 20:28:05.525  1051  1168 I SurfaceView@14cc375: uSP: rtp = Rect(0, -927 - 1080, -402) rtsw = 1080 rtsh = 525
10-04 20:28:05.525  1051  1168 I SurfaceView@14cc375: onSSPAndSRT: pl = 0 pt = -927 sx = 1.0 sy = 1.0
10-04 20:28:05.525  1051  1168 I SurfaceView@14cc375: aOrMT: ViewRootImpl@fb2a030[MainActivity] t = android.view.SurfaceControl$Transaction@3b683a8 fN = 765 android.view.SurfaceView.-$$Nest$mapplyOrMergeTransaction:0 android.view.SurfaceView$SurfaceViewPositionUpdateListener.positionChanged:1537 android.graphics.RenderNode$CompositePositionUpdateListener.positionChanged:373 
10-04 20:28:05.525  1051  1168 I ViewRootImpl@fb2a030[MainActivity]: mWNT: t=0x7b3af4f100 mBlastBufferQueue=0x7b3d0fb500 fn= 765 caller= android.view.SurfaceView.applyOrMergeTransaction:1455 android.view.SurfaceView.-$$Nest$mapplyOrMergeTransaction:0 android.view.SurfaceView$SurfaceViewPositionUpdateListener.positionChanged:1537 
10-04 20:28:05.525  1051  1168 I ViewRootImpl@fb2a030[MainActivity]: mWNT: t=0x7b3af4f800 mBlastBufferQueue=0x7b3d0fb500 fn= 765 caller= android.view.ViewRootImpl.lambda$applyTransactionOnDraw$11$android-view-ViewRootImpl:12865 android.view.ViewRootImpl$$ExternalSyntheticLambda1.onFrameDraw:4 android.graphics.HardwareRenderer$FrameDrawingCallback.onFrameDraw:924 
10-04 20:28:05.529  1051  1051 I SurfaceView@14cc375: Changes: creating=false format=false size=false visible=false alpha=false hint=false mUseAlpha=false visible=false left=false top=true
10-04 20:28:05.529  1051  1051 I SurfaceView@14cc375: 21807989 Cur surface: Surface(name=null)/@0xa5767af
10-04 20:28:05.529  1051  1051 I SurfaceView@14cc375: applyTransactionOnVriDraw: vri = ViewRootImpl@fb2a030[MainActivity] fRS = false t = 0x7b3af4f900 android.view.SurfaceView.performSurfaceTransaction:959 android.view.SurfaceView.updateSurface:1105 android.view.SurfaceView.lambda$new$0$android-view-SurfaceView:200 
10-04 20:28:05.530  1051  1051 I ViewRootImpl@fb2a030[MainActivity]: applyTransactionOnDraw: mRemoved = false isHardwareEnabled = true t = 0x7b3af4f900android.view.SurfaceView.applyTransactionOnVriDraw:2048 android.view.SurfaceView.performSurfaceTransaction:959 android.view.SurfaceView.updateSurface:1105 android.view.SurfaceView.lambda$new$0$android-view-SurfaceView:200 android.view.SurfaceView$$ExternalSyntheticLambda5.onPreDraw:2 
10-04 20:28:05.530  1051  1051 I SurfaceView@14cc375: updateSurface: mVisible = true mSurface.isValid() = true
