10-04 19:06:16.014 20284 20284 I CS3ExoPlayer: releasePlayer
10-04 19:06:16.014 20284 20284 I CS3ExoPlayer: Handle event: PlayerAttachedEvent(player=null, source=Player)
10-04 19:06:16.014 20284 20284 V MediaMetadataRetriever: constructor
10-04 19:06:16.017 20284 20284 I CS3ExoPlayer: loadOnlinePlayer ExtractorLink(name=Vidshare, url=https://nox8-07.ukra1.shop/hls/,pdomnfmbn6m4f4kmlgwcdpd4eerje27yslwfnshcoma4b2ca2nhbnytb6gwa,.urlset/master.m3u8#headers={"Referer":"https:\/\/cdn4.1vid1shar.space\/embed-1onpnirz7fab.html?Key=jxyHdhbOXN6XnYHEew-XeQ&Expires=1759609634","User-Agent":"Mozilla\/5.0 (Windows NT 10.0; Win64; x64) AppleWebKit\/537.36 (KHTML, like Gecko) Chrome\/116.0.0.0 Safari\/537.36"}, referer=, type=VIDEO)
10-04 19:06:16.017 20284 20328 I PreviewImgMp4: Loading with url = https://nox8-07.ukra1.shop/hls/,pdomnfmbn6m4f4kmlgwcdpd4eerje27yslwfnshcoma4b2ca2nhbnytb6gwa,.urlset/master.m3u8#headers={"Referer":"https:\/\/cdn4.1vid1shar.space\/embed-1onpnirz7fab.html?Key=jxyHdhbOXN6XnYHEew-XeQ&Expires=1759609634","User-Agent":"Mozilla\/5.0 (Windows NT 10.0; Win64; x64) AppleWebKit\/537.36 (KHTML, like Gecko) Chrome\/116.0.0.0 Safari\/537.36"} headers = {}
10-04 19:06:16.020 20284 20328 V MediaHTTPService: MediaHTTPService(android.media.MediaHTTPService@7a8011d): Cookies: null
10-04 19:06:16.020 20284 20328 V MediaMetadataRetriever: setDataSource
10-04 19:06:16.021 20284 20328 V MediaHTTPService: makeHTTPConnection: CookieManager created: java.net.CookieManager@c4d7f92
10-04 19:06:16.021 20284 20328 V MediaHTTPService: makeHTTPConnection(android.media.MediaHTTPService@7a8011d): cookieHandler: java.net.CookieManager@c4d7f92 Cookies: null
10-04 19:06:16.024 20284 20532 I ViewRootImpl@4f9032c[MainActivity]: Resizing android.view.ViewRootImpl@e892618: frame = [0,0][2400,1080] reportDraw = false forceLayout = false syncSeqId = 0
10-04 19:06:16.025 20284 20284 I CS3ExoPlayer: loadExo
10-04 19:06:16.028 20284 20532 I MediaHTTPConnection: setReadTimeout and setConnectTimeout with 8000ms
10-04 19:06:16.042 20284 20284 I ExoPlayerImpl: Init dc89219 [AndroidXMedia3/1.6.1] [a51, SM-A515F, samsung, 33]
10-04 19:06:16.051 20284 20284 I NextRenderersFactory: Loaded FfmpegVideoRenderer.
10-04 19:06:16.058 20284 20284 I NextRenderersFactory: Loaded FfmpegAudioRenderer.
10-04 19:06:16.081 20284 20284 I CS3ExoPlayer: Handle event: PlayerAttachedEvent(player=androidx.media3.exoplayer.ExoPlayerImpl@dc89219, source=Player)
10-04 19:06:16.084 20284 20284 I MediaSessionImpl: Init c57b5db [AndroidXMedia3/1.6.1] [a51, SM-A515F, samsung, 33]
10-04 19:06:16.095 20284 20284 I MediaSessionCompat: Couldn't find a unique registered media button receiver in the given context.
10-04 19:06:16.142 20284 20284 I CS3ExoPlayer: Handle event: StatusEvent(wasPlaying=IsBuffering, isPlaying=IsBuffering, source=Player)
10-04 19:06:16.143 20284 20284 I DecorView: notifyKeepScreenOnChanged: keepScreenOn=true
10-04 19:06:16.147 20284 20284 I CS3ExoPlayer: Handle event: PositionEvent(source=Player, fromMs=0, toMs=0, durationMs=-9223372036854775807)
10-04 19:06:16.151 20284 20284 I CS3ExoPlayer: setActiveSubtitles 0
10-04 19:06:16.151 20284 20284 I CS3ExoPlayer: autoSelectFromSettings = null
10-04 19:06:16.155 20284 20284 I ViewRootImpl@4f9032c[MainActivity]: performTraversals params={(0,0)(fillxfill) sim={state=always_hidden adjust=pan} layoutInDisplayCutoutMode=shortEdges ty=BASE_APPLICATION wanim=0x1030309
10-04 19:06:16.155 20284 20284 I ViewRootImpl@4f9032c[MainActivity]:   fl=85810180
10-04 19:06:16.155 20284 20284 I ViewRootImpl@4f9032c[MainActivity]:   pfl=12020040
10-04 19:06:16.155 20284 20284 I ViewRootImpl@4f9032c[MainActivity]:   vsysui=1706
10-04 19:06:16.155 20284 20284 I ViewRootImpl@4f9032c[MainActivity]:   bhv=SHOW_TRANSIENT_BARS_BY_SWIPE
10-04 19:06:16.155 20284 20284 I ViewRootImpl@4f9032c[MainActivity]:   fitSides= naviIconColor=0}
10-04 19:06:16.156 20284 20284 I ViewRootImpl@4f9032c[MainActivity]: performTraversals mFirst=false windowShouldResize=false viewVisibilityChanged=false mForceNextWindowRelayout=false params={(0,0)(fillxfill) sim={state=always_hidden adjust=pan} layoutInDisplayCutoutMode=shortEdges ty=BASE_APPLICATION fmt=TRANSLUCENT wanim=0x1030309
10-04 19:06:16.156 20284 20284 I ViewRootImpl@4f9032c[MainActivity]:   fl=85810180
10-04 19:06:16.156 20284 20284 I ViewRootImpl@4f9032c[MainActivity]:   pfl=12020040
10-04 19:06:16.156 20284 20284 I ViewRootImpl@4f9032c[MainActivity]:   vsysui=1706
10-04 19:06:16.156 20284 20284 I ViewRootImpl@4f9032c[MainActivity]:   bhv=SHOW_TRANSIENT_BARS_BY_SWIPE
10-04 19:06:16.156 20284 20284 I ViewRootImpl@4f9032c[MainActivity]:   fitSides= naviIconColor=0}
10-04 19:06:16.161 20284 20284 D InsetsController: onStateChanged: InsetsState: {mDisplayFrame=Rect(0, 0 - 2400, 1080), mDisplayCutout=DisplayCutout{insets=Rect(88, 0 - 0, 0) waterfall=Insets{left=0, top=0, right=0, bottom=0} boundingRect={Bounds=[Rect(0, 512 - 88, 568), Rect(0, 0 - 0, 0), Rect(0, 0 - 0, 0), Rect(0, 0 - 0, 0)]} cutoutPathParserInfo={CutoutPathParserInfo{displayWidth=1080 displayHeight=2400 physicalDisplayWidth=1080 physicalDisplayHeight=2400 density={2.625} cutoutSpec={M 0,0 M 0,12.25101276465640 a 10.60613009248640,10.60613009248640 0 1,0 0,21.21226018497290 a 10.60613009248640,10.60613009248640 0 1,0 0,-21.21226018497290 Z @dp} rotation={1} scale={1.0} physicalPixelDisplaySizeRatio={1.0}}}}, mRoundedCorners=RoundedCorners{[RoundedCorner{position=TopLeft, radius=84, center=Point(84, 84)}, RoundedCorner{position=TopRight, radius=84, center=Point(2316, 84)}, RoundedCorner{position=BottomRight, radius=84, center=Point(2316, 996)}, RoundedCorner{position=BottomLeft, radius=84, center=Point(84, 996)}]}  mRoundedCornerFrame=Rect(0, 0 - 2400, 1080), mPrivacyIndicatorBounds=PrivacyIndicatorBounds {static bounds=Rect(2284, 0 - 2400, 63) rotation=1}, mSources= { InsetsSource: {mType=ITYPE_STATUS_BAR, mFrame=[0,0][2400,63], mVisible=false, mInsetsRoundedCornerFrame=false}, InsetsSource: {mType=ITYPE_NAVIGATION_BAR, mFrame=[0,1041][2400,1080], mVisible=false, mInsetsRoundedCornerFrame=false}, InsetsSource: {mType=ITYPE_LEFT_GESTURES, mFrame=[0,0][218,1080], mVisible=true, mInsetsRoundedCornerFrame=false}, InsetsSource: {mType=ITYPE_RIGHT_GESTURES, mFrame=[2270,0][2400,1080], mVisible=true, mInsetsRoundedCornerFrame=false}, InsetsSource: {mType=ITYPE_TOP_MANDATORY_GESTURES, mFrame=[0,0][2400,63], mVisible=true, mInsetsRoundedCornerFrame=false}, InsetsSource: {mType=ITYPE_BOTTOM_MANDATORY_GESTURES, mFrame=[0,996][2400,1080], mVisible=true, mInsetsRoundedCornerFrame=false}, InsetsSource: {mType=ITYPE_LEFT_DISPLAY_CUTOUT, mFrame=[0,0][88,1080], mVisible=true, mInsetsRoundedCornerFrame=false}, InsetsSource: {mType=ITYPE_TOP_DISPLAY_CUTOUT, mFrame=[0,0][2400,-100000], mVisible=true, mInsetsRoundedCornerFrame=false}, InsetsSource: {mType=ITYPE_RIGHT_DISPLAY_CUTOUT, mFrame=[100000,0][2400,1080], mVisible=true, mInsetsRoundedCornerFrame=false}, InsetsSource: {mType=ITYPE_BOTTOM_DISPLAY_CUTOUT, mFrame=[0,100000][2400,1080], mVisible=true, mInsetsRoundedCornerFrame=false}, InsetsSource: {mType=ITYPE_TOP_TAPPABLE_ELEMENT, mFrame=[0,0][2400,63], mVisible=true, mInsetsRoundedCornerFrame=false}, InsetsSource: {mType=ITYPE_BOTTOM_TAPPABLE_ELEMENT, mFrame=[0,0][0,0], mVisible=true, mInsetsRoundedCornerFrame=false}, InsetsSource: {mType=ITYPE_IME, mFrame=[0,0][0,0], mVisible=false, mInsetsRoundedCornerFrame=false} } host=com.lagradost.cloudstream3/com.lagradost.cloudstream3.MainActivity from=android.view.ViewRootImpl.relayoutWindow:9802
10-04 19:06:16.162 20284 20284 I ViewRootImpl@4f9032c[MainActivity]: updateBlastSurfaceIfNeeded mBlastBufferQueue=0x7b419ef900 isSameSurfaceControl=true
10-04 19:06:16.163 20284 20284 I BLASTBufferQueue: update, w= 2400 h= 1080 mName = ViewRootImpl@4f9032c[MainActivity] mNativeObject= 0x7b419ef900 sc.mNativeObject= 0x7ada5d2800 format= -3 caller= android.view.ViewRootImpl.updateBlastSurfaceIfNeeded:2898 android.view.ViewRootImpl.relayoutWindow:9847 android.view.ViewRootImpl.performTraversals:3884 android.view.ViewRootImpl.doTraversal:3116 android.view.ViewRootImpl$TraversalRunnable.run:10885 android.view.Choreographer$CallbackRecord.run:1301 
10-04 19:06:16.163 20284 20284 I ViewRootImpl@4f9032c[MainActivity]: Relayout returned: old=(0,0,2400,1080) new=(0,0,2400,1080) req=(2400,1080)0 dur=6 res=0x0 s={true 0x7b7af8e800} ch=false seqId=0
10-04 19:06:16.163 20284 20284 I ViewRootImpl@4f9032c[MainActivity]: updateBoundsLayer: t = android.view.SurfaceControl$Transaction@52de0f2 sc = Surface(name=Bounds for - com.lagradost.cloudstream3/com.lagradost.cloudstream3.MainActivity@0)/@0xc3eb343 frame = 853
10-04 19:06:16.163 20284 20284 I ViewRootImpl@4f9032c[MainActivity]: mWNT: t=0x7b5ba95900 mBlastBufferQueue=0x7b419ef900 fn= 853 caller= android.view.ViewRootImpl.prepareSurfaces:2985 android.view.ViewRootImpl.performTraversals:4233 android.view.ViewRootImpl.doTraversal:3116 
10-04 19:06:16.164 20284 20284 I ViewRootImpl@4f9032c[MainActivity]: Setup new sync id=3
10-04 19:06:16.164 20284 20284 I ViewRootImpl@4f9032c[MainActivity]: Setting syncFrameCallback
10-04 19:06:16.164 20284 20284 E SurfaceSyncer: Failed to find sync for id=0
10-04 19:06:16.164 20284 20284 E SurfaceSyncer: Failed to find sync for id=1
10-04 19:06:16.164 20284 20284 E SurfaceSyncer: Failed to find sync for id=0
10-04 19:06:16.164 20284 20284 E SurfaceSyncer: Failed to find sync for id=1
10-04 19:06:16.164 20284 20284 I ViewRootImpl@4f9032c[MainActivity]: registerCallbacksForSync syncBuffer=false
10-04 19:06:16.166 20284 20385 D SurfaceView@2fcfe64: updateSurfacePosition RenderWorker, frameNr = 853, position = [52, 311, 1028, 786] surfaceSize = 1080x525
10-04 19:06:16.166 20284 20385 I SurfaceView@2fcfe64: uSP: rtp = Rect(52, 311 - 1028, 786) rtsw = 1080 rtsh = 525
10-04 19:06:16.166 20284 20385 I SurfaceView@2fcfe64: onSSPAndSRT: pl = 52 pt = 311 sx = 0.9037037 sy = 0.9047619
10-04 19:06:16.167 20284 20385 I SurfaceView@2fcfe64: aOrMT: ViewRootImpl@4f9032c[MainActivity] t = android.view.SurfaceControl$Transaction@bed97c1 fN = 853 android.view.SurfaceView.-$$Nest$mapplyOrMergeTransaction:0 android.view.SurfaceView$SurfaceViewPositionUpdateListener.positionChanged:1537 android.graphics.RenderNode$CompositePositionUpdateListener.positionChanged:373 
10-04 19:06:16.167 20284 20385 I ViewRootImpl@4f9032c[MainActivity]: mWNT: t=0x7b0a0de500 mBlastBufferQueue=0x7b419ef900 fn= 853 caller= android.view.SurfaceView.applyOrMergeTransaction:1455 android.view.SurfaceView.-$$Nest$mapplyOrMergeTransaction:0 android.view.SurfaceView$SurfaceViewPositionUpdateListener.positionChanged:1537 
10-04 19:06:16.167 20284 20386 D SurfaceView@bd89bf6: updateSurfacePosition RenderWorker, frameNr = 853, position = [3, 1, 2397, 1079] surfaceSize = 2400x1080
10-04 19:06:16.167 20284 20386 I SurfaceView@bd89bf6: uSP: rtp = Rect(3, 1 - 2397, 1079) rtsw = 2400 rtsh = 1080
10-04 19:06:16.167 20284 20386 I SurfaceView@bd89bf6: onSSPAndSRT: pl = 3 pt = 1 sx = 0.9975 sy = 0.99814814
10-04 19:06:16.167 20284 20385 I ViewRootImpl@4f9032c[MainActivity]: Received frameDrawingCallback syncResult=0 frameNum=853.
10-04 19:06:16.167 20284 20385 I ViewRootImpl@4f9032c[MainActivity]: Setting up sync and frameCommitCallback
10-04 19:06:16.167 20284 20386 I SurfaceView@bd89bf6: aOrMT: ViewRootImpl@4f9032c[MainActivity] t = android.view.SurfaceControl$Transaction@aa34016 fN = 853 android.view.SurfaceView.-$$Nest$mapplyOrMergeTransaction:0 android.view.SurfaceView$SurfaceViewPositionUpdateListener.positionChanged:1537 android.graphics.RenderNode$CompositePositionUpdateListener.positionChanged:373 
10-04 19:06:16.168 20284 20386 I ViewRootImpl@4f9032c[MainActivity]: mWNT: t=0x7aed37e000 mBlastBufferQueue=0x7b419ef900 fn= 853 caller= android.view.SurfaceView.applyOrMergeTransaction:1455 android.view.SurfaceView.-$$Nest$mapplyOrMergeTransaction:0 android.view.SurfaceView$SurfaceViewPositionUpdateListener.positionChanged:1537 
10-04 19:06:16.179 20284 20301 I ViewRootImpl@4f9032c[MainActivity]: Received frameCommittedCallback lastAttemptedDrawFrameNum=853 didProduceBuffer=true
10-04 19:06:16.179 20284 20284 I ViewRootImpl@4f9032c[MainActivity]: onSyncComplete
10-04 19:06:16.179 20284 20284 I ViewRootImpl@4f9032c[MainActivity]: setupSync seqId=0 mSyncId=3 fn=853 caller=android.view.ViewRootImpl$$ExternalSyntheticLambda11.accept:6 android.window.SurfaceSyncer.lambda$setupSync$1$android-window-SurfaceSyncer:128 android.window.SurfaceSyncer$$ExternalSyntheticLambda1.accept:8 android.window.SurfaceSyncer$SyncSet.checkIfSyncIsComplete:382 android.window.SurfaceSyncer$SyncSet.markSyncReady:359 android.window.SurfaceSyncer.markSyncReady:151 android.view.ViewRootImpl.performTraversals:4503 
10-04 19:06:16.183 20284 20284 I ViewRootImpl@4f9032c[MainActivity]: reportDrawFinished seqId=0 mSyncId=-1 fn=853 mSurfaceChangedTransaction=0x7b5ba95b00
10-04 19:06:16.183 20284 20284 I SurfaceView@bd89bf6: finishedDrawing
10-04 19:06:16.183 20284 20284 I SurfaceView@2fcfe64: finishedDrawing
10-04 19:06:16.185 20284 20284 D InsetsController: onStateChanged: InsetsState: {mDisplayFrame=Rect(0, 0 - 2400, 1080), mDisplayCutout=DisplayCutout{insets=Rect(88, 0 - 0, 0) waterfall=Insets{left=0, top=0, right=0, bottom=0} boundingRect={Bounds=[Rect(0, 512 - 88, 568), Rect(0, 0 - 0, 0), Rect(0, 0 - 0, 0), Rect(0, 0 - 0, 0)]} cutoutPathParserInfo={CutoutPathParserInfo{displayWidth=1080 displayHeight=2400 physicalDisplayWidth=1080 physicalDisplayHeight=2400 density={2.625} cutoutSpec={M 0,0 M 0,12.25101276465640 a 10.60613009248640,10.60613009248640 0 1,0 0,21.21226018497290 a 10.60613009248640,10.60613009248640 0 1,0 0,-21.21226018497290 Z @dp} rotation={1} scale={1.0} physicalPixelDisplaySizeRatio={1.0}}}}, mRoundedCorners=RoundedCorners{[RoundedCorner{position=TopLeft, radius=84, center=Point(84, 84)}, RoundedCorner{position=TopRight, radius=84, center=Point(2316, 84)}, RoundedCorner{position=BottomRight, radius=84, center=Point(2316, 996)}, RoundedCorner{position=BottomLeft, radius=84, center=Point(84, 996)}]}  mRoundedCornerFrame=Rect(0, 0 - 2400, 1080), mPrivacyIndicatorBounds=PrivacyIndicatorBounds {static bounds=Rect(2284, 0 - 2400, 63) rotation=1}, mSources= { InsetsSource: {mType=ITYPE_STATUS_BAR, mFrame=[0,0][2400,63], mVisible=false, mInsetsRoundedCornerFrame=false}, InsetsSource: {mType=ITYPE_NAVIGATION_BAR, mFrame=[0,1041][2400,1080], mVisible=false, mInsetsRoundedCornerFrame=false}, InsetsSource: {mType=ITYPE_LEFT_GESTURES, mFrame=[0,0][218,1080], mVisible=true, mInsetsRoundedCornerFrame=false}, InsetsSource: {mType=ITYPE_RIGHT_GESTURES, mFrame=[2270,0][2400,1080], mVisible=true, mInsetsRoundedCornerFrame=false}, InsetsSource: {mType=ITYPE_TOP_MANDATORY_GESTURES, mFrame=[0,0][2400,63], mVisible=true, mInsetsRoundedCornerFrame=false}, InsetsSource: {mType=ITYPE_BOTTOM_MANDATORY_GESTURES, mFrame=[0,996][2400,1080], mVisible=true, mInsetsRoundedCornerFrame=false}, InsetsSource: {mType=ITYPE_LEFT_DISPLAY_CUTOUT, mFrame=[0,0][88,1080], mVisible=true, mInsetsRoundedCornerFrame=false}, InsetsSource: {mType=ITYPE_TOP_DISPLAY_CUTOUT, mFrame=[0,0][2400,-100000], mVisible=true, mInsetsRoundedCornerFrame=false}, InsetsSource: {mType=ITYPE_RIGHT_DISPLAY_CUTOUT, mFrame=[100000,0][2400,1080], mVisible=true, mInsetsRoundedCornerFrame=false}, InsetsSource: {mType=ITYPE_BOTTOM_DISPLAY_CUTOUT, mFrame=[0,100000][2400,1080], mVisible=true, mInsetsRoundedCornerFrame=false}, InsetsSource: {mType=ITYPE_TOP_TAPPABLE_ELEMENT, mFrame=[0,0][2400,63], mVisible=true, mInsetsRoundedCornerFrame=false}, InsetsSource: {mType=ITYPE_BOTTOM_TAPPABLE_ELEMENT, mFrame=[0,0][0,0], mVisible=true, mInsetsRoundedCornerFrame=false}, InsetsSource: {mType=ITYPE_IME, mFrame=[0,0][0,0], mVisible=false, mInsetsRoundedCornerFrame=false} } host=com.lagradost.cloudstream3/com.lagradost.cloudstream3.MainActivity from=android.view.ViewRootImpl$ViewRootHandler.handleMessageImpl:6727
10-04 19:06:16.185 20284 20284 I ViewRootImpl@4f9032c[MainActivity]: handleResized, msg = 4 frames=ClientWindowFrames{frame=[0,0][2400,1080] display=[0,0][2400,1080] parentFrame=[0,0][0,0] parentClippedByDisplayCutout=false} forceNextWindowRelayout=false displayId=0 resizeMode=-1 frameChanged=false displayFrameChanged=false configChanged=false displayChanged=false
10-04 19:06:16.188 20284 20284 D InsetsController: cancelAnimation of types: 3, animType: 1, host: com.lagradost.cloudstream3/com.lagradost.cloudstream3.MainActivity, from:android.view.InsetsController.notifyFinished:1375 android.view.InsetsAnimationThreadControlRunner$1.lambda$notifyFinished$0$android-view-InsetsAnimationThreadControlRunner$1:84 android.view.InsetsAnimationThreadControlRunner$1$$ExternalSyntheticLambda1.run:4 
10-04 19:06:16.191 20284 20327 I PreviewImgMp4: Requesting preview for 0.5 but 0 < 3
10-04 19:06:16.213 20284 20284 I SurfaceView@2fcfe64: onWindowVisibilityChanged(8) false android.view.SurfaceView{2fcfe64 V.E...... ......ID 0,0-1080,525} of ViewRootImpl@4f9032c[MainActivity]
10-04 19:06:16.213 20284 20284 I SurfaceView@2fcfe64: Changes: creating=false format=false size=false visible=true alpha=false hint=false mUseAlpha=false visible=true left=false top=false
10-04 19:06:16.213 20284 20284 I SurfaceView@2fcfe64: 50134628 Cur surface: Surface(name=null)/@0x13c1f9a
10-04 19:06:16.213 20284 20284 I SurfaceView@2fcfe64: applyTransactionOnVriDraw: vri = ViewRootImpl@4f9032c[MainActivity] fRS = false t = 0x7aed197c00 android.view.SurfaceView.performSurfaceTransaction:959 android.view.SurfaceView.updateSurface:1105 android.view.SurfaceView.onWindowVisibilityChanged:371 
10-04 19:06:16.214 20284 20284 I ViewRootImpl@4f9032c[MainActivity]: applyTransactionOnDraw: mRemoved = false isHardwareEnabled = true t = 0x7aed197c00android.view.SurfaceView.applyTransactionOnVriDraw:2048 android.view.SurfaceView.performSurfaceTransaction:959 android.view.SurfaceView.updateSurface:1105 android.view.SurfaceView.onWindowVisibilityChanged:371 android.view.View.dispatchDetachedFromWindow:22529 
10-04 19:06:16.214 20284 20284 I SurfaceView@2fcfe64: surfaceDestroyed
10-04 19:06:16.214 20284 20284 I SurfaceView@2fcfe64: surfaceDestroyed callback.size 0 #2 android.view.SurfaceView{2fcfe64 V.E...... ......ID 0,0-1080,525}
10-04 19:06:16.214 20284 20284 I SurfaceView@2fcfe64: updateSurface: mVisible = false mSurface.isValid() = true
10-04 19:06:16.214 20284 20284 I SurfaceView@2fcfe64: releaseSurfaces: viewRoot = ViewRootImpl@4f9032c[MainActivity]
10-04 19:06:16.215 20284 20284 I SurfaceView@2fcfe64: applyTransactionOnVriDraw: vri = ViewRootImpl@4f9032c[MainActivity] fRS = true t = 0x7aed197d00 android.view.SurfaceView.releaseSurfaces:858 android.view.SurfaceView.updateSurface:1172 android.view.SurfaceView.onWindowVisibilityChanged:371 
10-04 19:06:16.215 20284 20284 I SurfaceView@2fcfe64: applyTransactionOnVriDraw: viewRoot.applyTransactionOnDrawFromReleaseSurfaces
10-04 19:06:16.215 20284 20284 I ViewRootImpl@4f9032c[MainActivity]: applyTransactionOnDraw: mRemoved = false isHardwareEnabled = true t = 0x7aed197d00android.view.ViewRootImpl.applyTransactionOnDrawFromReleaseSurfaces:12850 android.view.SurfaceView.applyTransactionOnVriDraw:2046 android.view.SurfaceView.releaseSurfaces:858 android.view.SurfaceView.updateSurface:1172 android.view.SurfaceView.onWindowVisibilityChanged:371 
10-04 19:06:16.215 20284 20284 V SurfaceView@2fcfe64: Layout: x=0 y=218 w=1080 h=525, frame=Rect(0, 0 - 1080, 525)
10-04 19:06:16.215 20284 20284 I SurfaceView@2fcfe64: onDetachedFromWindow: tryReleaseSurfaces()
10-04 19:06:16.215 20284 20284 I SurfaceView@2fcfe64: releaseSurfaces: viewRoot = ViewRootImpl@4f9032c[MainActivity]
10-04 19:06:16.216 20284 20284 I SurfaceView@2fcfe64: applyTransactionOnVriDraw: vri = ViewRootImpl@4f9032c[MainActivity] fRS = true t = 0x7aed197e00 android.view.SurfaceView.releaseSurfaces:858 android.view.SurfaceView.onDetachedFromWindow:500 android.view.View.dispatchDetachedFromWindow:22538 
10-04 19:06:16.216 20284 20284 I SurfaceView@2fcfe64: applyTransactionOnVriDraw: viewRoot.applyTransactionOnDrawFromReleaseSurfaces
10-04 19:06:16.216 20284 20284 I ViewRootImpl@4f9032c[MainActivity]: applyTransactionOnDraw: mRemoved = false isHardwareEnabled = true t = 0x7aed197e00android.view.ViewRootImpl.applyTransactionOnDrawFromReleaseSurfaces:12850 android.view.SurfaceView.applyTransactionOnVriDraw:2046 android.view.SurfaceView.releaseSurfaces:858 android.view.SurfaceView.onDetachedFromWindow:500 android.view.View.dispatchDetachedFromWindow:22538 
10-04 19:06:16.229 20284 20385 D SurfaceView@bd89bf6: updateSurfacePosition RenderWorker, frameNr = 857, position = [0, 0, 2400, 1080] surfaceSize = 2400x1080
10-04 19:06:16.229 20284 20385 I SurfaceView@bd89bf6: uSP: rtp = Rect(0, 0 - 2400, 1080) rtsw = 2400 rtsh = 1080
10-04 19:06:16.229 20284 20385 I SurfaceView@bd89bf6: onSSPAndSRT: pl = 0 pt = 0 sx = 1.0 sy = 1.0
10-04 19:06:16.229 20284 20301 D SurfaceView@2fcfe64: windowPositionLost, frameNr = 857
10-04 19:06:16.229 20284 20385 I SurfaceView@bd89bf6: aOrMT: ViewRootImpl@4f9032c[MainActivity] t = android.view.SurfaceControl$Transaction@aa34016 fN = 857 android.view.SurfaceView.-$$Nest$mapplyOrMergeTransaction:0 android.view.SurfaceView$SurfaceViewPositionUpdateListener.positionChanged:1537 android.graphics.RenderNode$CompositePositionUpdateListener.positionChanged:373 
10-04 19:06:16.229 20284 20385 I ViewRootImpl@4f9032c[MainActivity]: mWNT: t=0x7aed37e000 mBlastBufferQueue=0x7b419ef900 fn= 857 caller= android.view.SurfaceView.applyOrMergeTransaction:1455 android.view.SurfaceView.-$$Nest$mapplyOrMergeTransaction:0 android.view.SurfaceView$SurfaceViewPositionUpdateListener.positionChanged:1537 
10-04 19:06:16.230 20284 20385 I ViewRootImpl@4f9032c[MainActivity]: mWNT: t=0x7aed197c00 mBlastBufferQueue=0x7b419ef900 fn= 857 caller= android.view.ViewRootImpl.lambda$applyTransactionOnDraw$11$android-view-ViewRootImpl:12865 android.view.ViewRootImpl$$ExternalSyntheticLambda1.onFrameDraw:4 android.graphics.HardwareRenderer$FrameDrawingCallback.onFrameDraw:924 
10-04 19:06:16.230 20284 20385 I ViewRootImpl@4f9032c[MainActivity]: mWNT: t=0x7aed197d00 mBlastBufferQueue=0x7b419ef900 fn= 857 caller= android.view.ViewRootImpl.lambda$applyTransactionOnDraw$11$android-view-ViewRootImpl:12865 android.view.ViewRootImpl$$ExternalSyntheticLambda1.onFrameDraw:4 android.graphics.HardwareRenderer$FrameDrawingCallback.onFrameDraw:924 
10-04 19:06:16.230 20284 20385 I ViewRootImpl@4f9032c[MainActivity]: mWNT: t=0x7aed197e00 mBlastBufferQueue=0x7b419ef900 fn= 857 caller= android.view.ViewRootImpl.lambda$applyTransactionOnDraw$11$android-view-ViewRootImpl:12865 android.view.ViewRootImpl$$ExternalSyntheticLambda1.onFrameDraw:4 android.graphics.HardwareRenderer$FrameDrawingCallback.onFrameDraw:924 
10-04 19:06:16.233 20284 20327 I PreviewImgMp4: Requesting preview for 0.5 but 0 < 3
10-04 19:06:16.763 20284 20532 I MediaHTTPConnection: response code = 200
10-04 19:06:16.820 20284 20559 E ExoPlayerImplInternal: Playback error
10-04 19:06:16.820 20284 20559 E ExoPlayerImplInternal:   androidx.media3.exoplayer.ExoPlaybackException: Source error
10-04 19:06:16.820 20284 20559 E ExoPlayerImplInternal:       at androidx.media3.exoplayer.ExoPlayerImplInternal.handleIoException(ExoPlayerImplInternal.java:864)
10-04 19:06:16.820 20284 20559 E ExoPlayerImplInternal:       at androidx.media3.exoplayer.ExoPlayerImplInternal.handleMessage(ExoPlayerImplInternal.java:834)
10-04 19:06:16.820 20284 20559 E ExoPlayerImplInternal:       at android.os.Handler.dispatchMessage(Handler.java:102)
10-04 19:06:16.820 20284 20559 E ExoPlayerImplInternal:       at android.os.Looper.loopOnce(Looper.java:226)
10-04 19:06:16.820 20284 20559 E ExoPlayerImplInternal:       at android.os.Looper.loop(Looper.java:313)
10-04 19:06:16.820 20284 20559 E ExoPlayerImplInternal:       at android.os.HandlerThread.run(HandlerThread.java:67)
10-04 19:06:16.820 20284 20559 E ExoPlayerImplInternal:   Caused by: androidx.media3.exoplayer.source.UnrecognizedInputFormatException: None of the available extractors (FlvExtractor, FlacExtractor, WavExtractor, FragmentedMp4Extractor, Mp4Extractor, AmrExtractor, PsExtractor, OggExtractor, TsExtractor, UpdatedMatroskaExtractor, AdtsExtractor, Ac3Extractor, Ac4Extractor, Mp3Extractor, AviExtractor, JpegExtractor, PngExtractor, WebpExtractor, BmpExtractor, HeifExtractor, AvifExtractor) could read the stream. {contentIsMalformed=false, dataType=1}
10-04 19:06:16.820 20284 20559 E ExoPlayerImplInternal:       at androidx.media3.exoplayer.source.BundledExtractorsAdapter.init(BundledExtractorsAdapter.java:108)
10-04 19:06:16.820 20284 20559 E ExoPlayerImplInternal:       at androidx.media3.exoplayer.source.ProgressiveMediaPeriod$ExtractingLoadable.load(ProgressiveMediaPeriod.java:1124)
10-04 19:06:16.820 20284 20559 E ExoPlayerImplInternal:       at androidx.media3.exoplayer.upstream.Loader$LoadTask.run(Loader.java:453)
10-04 19:06:16.820 20284 20559 E ExoPlayerImplInternal:       at java.util.concurrent.ThreadPoolExecutor.runWorker(ThreadPoolExecutor.java:1156)
10-04 19:06:16.820 20284 20559 E ExoPlayerImplInternal:       at java.util.concurrent.ThreadPoolExecutor$Worker.run(ThreadPoolExecutor.java:651)
10-04 19:06:16.820 20284 20559 E ExoPlayerImplInternal:       at java.lang.Thread.run(Thread.java:1119)
10-04 19:06:16.821 20284 20328 V MediaMetadataRetriever: setDataSource return(-2147483648)
10-04 19:06:16.821 20284 20328 D ApiError: -------------------------------------------------------------------
10-04 19:06:16.821 20284 20328 D ApiError: safeApiCall: setDataSource failed: status = 0x80000000
10-04 19:06:16.821 20284 20328 D ApiError: safeApiCall: setDataSource failed: status = 0x80000000
10-04 19:06:16.822 20284 20328 W System.err: java.lang.RuntimeException: setDataSource failed: status = 0x80000000
10-04 19:06:16.822 20284 20328 W System.err: 	at android.media.MediaMetadataRetriever._setDataSource(Native Method)
10-04 19:06:16.822 20284 20328 W System.err: 	at android.media.MediaMetadataRetriever.setDataSource(MediaMetadataRetriever.java:284)
10-04 19:06:16.822 20284 20328 W System.err: 	at com.lagradost.cloudstream3.ui.player.Mp4PreviewGenerator$load$1.invokeSuspend(PreviewGenerator.kt:486)
10-04 19:06:16.822 20284 20328 W System.err: 	at com.lagradost.cloudstream3.ui.player.Mp4PreviewGenerator$load$1.invoke(Unknown Source:15)
10-04 19:06:16.822 20284 20328 W System.err: 	at com.lagradost.cloudstream3.ui.player.Mp4PreviewGenerator$load$1.invoke(Unknown Source:6)
10-04 19:06:16.822 20284 20328 W System.err: 	at com.lagradost.cloudstream3.utils.Coroutines$ioSafe$1.invokeSuspend(Coroutines.kt:21)
10-04 19:06:16.822 20284 20328 W System.err: 	at com.lagradost.cloudstream3.utils.Coroutines$ioSafe$1.invoke(Unknown Source:8)
10-04 19:06:16.822 20284 20328 W System.err: 	at com.lagradost.cloudstream3.utils.Coroutines$ioSafe$1.invoke(Unknown Source:4)
10-04 19:06:16.822 20284 20328 W System.err: 	at com.lagradost.cloudstream3.mvvm.ArchComponentExtKt$launchSafe$obj$1.invokeSuspend(ArchComponentExt.kt:143)
10-04 19:06:16.822 20284 20328 W System.err: 	at kotlin.coroutines.jvm.internal.BaseContinuationImpl.resumeWith(ContinuationImpl.kt:33)
10-04 19:06:16.822 20284 20328 W System.err: 	at kotlinx.coroutines.DispatchedTask.run(DispatchedTask.kt:100)
10-04 19:06:16.822 20284 20328 W System.err: 	at kotlinx.coroutines.internal.LimitedDispatcher$Worker.run(LimitedDispatcher.kt:113)
10-04 19:06:16.822 20284 20328 W System.err: 	at kotlinx.coroutines.scheduling.TaskImpl.run(Tasks.kt:89)
10-04 19:06:16.822 20284 20328 W System.err: 	at kotlinx.coroutines.scheduling.CoroutineScheduler.runSafely(CoroutineScheduler.kt:586)
10-04 19:06:16.822 20284 20328 W System.err: 	at kotlinx.coroutines.scheduling.CoroutineScheduler$Worker.executeTask(CoroutineScheduler.kt:820)
10-04 19:06:16.822 20284 20328 W System.err: 	at kotlinx.coroutines.scheduling.CoroutineScheduler$Worker.runWorker(CoroutineScheduler.kt:717)
10-04 19:06:16.822 20284 20328 W System.err: 	at kotlinx.coroutines.scheduling.CoroutineScheduler$Worker.run(CoroutineScheduler.kt:704)
10-04 19:06:16.822 20284 20328 D ApiError: -------------------------------------------------------------------
10-04 19:06:16.824 20284 20284 I CS3ExoPlayer: Handle event: ErrorEvent(error=androidx.media3.exoplayer.ExoPlaybackException: Source error, source=Player)
10-04 19:06:16.824 20284 20284 I CS3ExoPlayer: playerError = (ExtractorLink(name=Vidshare, url=https://nox8-07.ukra1.shop/hls/,pdomnfmbn6m4f4kmlgwcdpd4eerje27yslwfnshcoma4b2ca2nhbnytb6gwa,.urlset/master.m3u8#headers={"Referer":"https:\/\/cdn4.1vid1shar.space\/embed-1onpnirz7fab.html?Key=jxyHdhbOXN6XnYHEew-XeQ&Expires=1759609634","User-Agent":"Mozilla\/5.0 (Windows NT 10.0; Win64; x64) AppleWebKit\/537.36 (KHTML, like Gecko) Chrome\/116.0.0.0 Safari\/537.36"}, referer=, type=VIDEO), null)
10-04 19:06:16.825 20284 20284 I COMPACT : showToast = Source error
10-04 19:06:16.825 20284 20284 I COMPACT : ERROR_CODE_PARSING_CONTAINER_UNSUPPORTED (3003)
10-04 19:06:16.825 20284 20284 I COMPACT : Source error
10-04 19:06:16.829 20284 20284 E Toast   : setGravity() shouldn't be called on text toasts, the values won't be used
10-04 19:06:16.829 20284 20284 I Toast   : setView: it's a custom toast
10-04 19:06:16.830 20284 20284 V Toast   : show: caller = com.lagradost.cloudstream3.CommonActivity.showToast:175 
10-04 19:06:16.839 20284 20284 I CS3ExoPlayer: loadPlayer
10-04 19:06:16.839 20284 20284 I CS3ExoPlayer: saveData
10-04 19:06:16.839 20284 20284 I CS3ExoPlayer: Handle event: PositionEvent(source=Player, fromMs=0, toMs=0, durationMs=-9223372036854775807)
10-04 19:06:16.839 20284 20284 I CS3ExoPlayer: releasePlayer
10-04 19:06:16.839 20284 20284 I CS3ExoPlayer: Handle event: PositionEvent(source=Player, fromMs=0, toMs=0, durationMs=-9223372036854775807)
10-04 19:06:16.841 20284 20284 I ExoPlayerImpl: Release dc89219 [AndroidXMedia3/1.6.1] [a51, SM-A515F, samsung, 33] [media3.common, media3.ui, media3.database, media3.exoplayer, media3.decoder, media3.session, media3.datasource, media3.extractor]
10-04 19:06:16.844 20284 20284 I CS3ExoPlayer: Handle event: PlayerAttachedEvent(player=null, source=Player)
10-04 19:06:16.846 20284 20284 V MediaMetadataRetriever: constructor
10-04 19:06:16.847 20284 20284 I CS3ExoPlayer: loadOnlinePlayer ExtractorLink(name=Vidbom, url=https://n50no-05.times20qu20.shop/6jmnusbizuazsalrixxal2xtadaff64gmpxw2yjtx27pxxsnlu4d6sl5i2nq/v.mp4#headers={"Referer":"https:\/\/vbn2.vdbtm.shop\/embed-xs2w49x4ssir.html?Key=jxyHdhbOXN6XnYHEew-XeQ&Expires=1759609634","User-Agent":"Mozilla\/5.0 (Windows NT 10.0; Win64; x64) AppleWebKit\/537.36 (KHTML, like Gecko) Chrome\/116.0.0.0 Safari\/537.36"}, referer=, type=VIDEO)
10-04 19:06:16.848 20284 20328 I PreviewImgMp4: Loading with url = https://n50no-05.times20qu20.shop/6jmnusbizuazsalrixxal2xtadaff64gmpxw2yjtx27pxxsnlu4d6sl5i2nq/v.mp4#headers={"Referer":"https:\/\/vbn2.vdbtm.shop\/embed-xs2w49x4ssir.html?Key=jxyHdhbOXN6XnYHEew-XeQ&Expires=1759609634","User-Agent":"Mozilla\/5.0 (Windows NT 10.0; Win64; x64) AppleWebKit\/537.36 (KHTML, like Gecko) Chrome\/116.0.0.0 Safari\/537.36"} headers = {}
10-04 19:06:16.849 20284 20284 I CS3ExoPlayer: loadExo
10-04 19:06:16.849 20284 20328 V MediaHTTPService: MediaHTTPService(android.media.MediaHTTPService@7068567): Cookies: null
10-04 19:06:16.849 20284 20328 V MediaMetadataRetriever: setDataSource
10-04 19:06:16.850 20284 20328 V MediaHTTPService: makeHTTPConnection: CookieHandler (java.net.CookieManager@c4d7f92) exists.
10-04 19:06:16.850 20284 20328 V MediaHTTPService: makeHTTPConnection(android.media.MediaHTTPService@7068567): cookieHandler: java.net.CookieManager@c4d7f92 Cookies: null
10-04 19:06:16.853 20284 20284 I ExoPlayerImpl: Init f165f14 [AndroidXMedia3/1.6.1] [a51, SM-A515F, samsung, 33]
10-04 19:06:16.859 20284 20400 I MediaHTTPConnection: setReadTimeout and setConnectTimeout with 8000ms
10-04 19:06:16.862 20284 20284 I NextRenderersFactory: Loaded FfmpegVideoRenderer.
10-04 19:06:16.863 20284 20284 I NextRenderersFactory: Loaded FfmpegAudioRenderer.
10-04 19:06:16.871 20284 20284 I CS3ExoPlayer: Handle event: PlayerAttachedEvent(player=androidx.media3.exoplayer.ExoPlayerImpl@f165f14, source=Player)
10-04 19:06:16.871 20284 20284 I MediaSessionImpl: Release c57b5db [AndroidXMedia3/1.6.1] [a51, SM-A515F, samsung, 33] [media3.common, media3.ui, media3.database, media3.exoplayer, media3.decoder, media3.session, media3.datasource, media3.extractor]
10-04 19:06:16.877 20284 20284 I MediaSessionImpl: Init be31db2 [AndroidXMedia3/1.6.1] [a51, SM-A515F, samsung, 33]
10-04 19:06:16.884 20284 20284 I MediaSessionCompat: Couldn't find a unique registered media button receiver in the given context.
10-04 19:06:16.902 20284 20284 W ExoPlayerImplInternal: Ignoring messages sent after release.
10-04 19:06:16.918 20284 20284 I CS3ExoPlayer: Handle event: StatusEvent(wasPlaying=IsBuffering, isPlaying=IsBuffering, source=Player)
10-04 19:06:16.919 20284 20284 I DecorView: notifyKeepScreenOnChanged: keepScreenOn=true
10-04 19:06:16.925 20284 20284 I ViewRootImpl@4f9032c[MainActivity]: ViewPostIme pointer 0
10-04 19:06:16.928 20284 20284 I ViewRootImpl@4f9032c[MainActivity]: ViewPostIme pointer 1
10-04 19:06:16.936 20284 20284 V Toast   : HANDLE SHOW: android.widget.Toast$TN@2cd3d6 mView=null mNextView=androidx.cardview.widget.CardView{9259657 V.E...... ......ID 0,0-0,0 #7f0a0557 app:id/toast_layout_root}
10-04 19:06:16.937 20284 20284 V ToastPresenter: sipHeight = 0
10-04 19:06:16.937 20284 20284 V ToastPresenter: yOffset = 13
10-04 19:06:16.940 20284 20301 D NativeCustomFrequencyManager: [NativeCFMS] BpCustomFrequencyManager::BpCustomFrequencyManager()
10-04 19:06:16.947 20284 20284 D InsetsController: onStateChanged: InsetsState: {mDisplayFrame=Rect(0, 0 - 2400, 1080), mDisplayCutout=DisplayCutout{insets=Rect(88, 0 - 0, 0) waterfall=Insets{left=0, top=0, right=0, bottom=0} boundingRect={Bounds=[Rect(0, 512 - 88, 568), Rect(0, 0 - 0, 0), Rect(0, 0 - 0, 0), Rect(0, 0 - 0, 0)]} cutoutPathParserInfo={CutoutPathParserInfo{displayWidth=1080 displayHeight=2400 physicalDisplayWidth=1080 physicalDisplayHeight=2400 density={2.625} cutoutSpec={M 0,0 M 0,12.25101276465640 a 10.60613009248640,10.60613009248640 0 1,0 0,21.21226018497290 a 10.60613009248640,10.60613009248640 0 1,0 0,-21.21226018497290 Z @dp} rotation={1} scale={1.0} physicalPixelDisplaySizeRatio={1.0}}}}, mRoundedCorners=RoundedCorners{[RoundedCorner{position=TopLeft, radius=84, center=Point(84, 84)}, RoundedCorner{position=TopRight, radius=84, center=Point(2316, 84)}, RoundedCorner{position=BottomRight, radius=84, center=Point(2316, 996)}, RoundedCorner{position=BottomLeft, radius=84, center=Point(84, 996)}]}  mRoundedCornerFrame=Rect(0, 0 - 0, 0), mPrivacyIndicatorBounds=PrivacyIndicatorBounds {static bounds=Rect(2284, 0 - 2400, 63) rotation=1}, mSources= { InsetsSource: {mType=ITYPE_NAVIGATION_BAR, mFrame=[0,1041][2400,1080], mVisible=false, mInsetsRoundedCornerFrame=false}, InsetsSource: {mType=ITYPE_LEFT_GESTURES, mFrame=[0,0][218,1080], mVisible=true, mInsetsRoundedCornerFrame=false}, InsetsSource: {mType=ITYPE_RIGHT_GESTURES, mFrame=[2270,0][2400,1080], mVisible=true, mInsetsRoundedCornerFrame=false}, InsetsSource: {mType=ITYPE_TOP_MANDATORY_GESTURES, mFrame=[0,0][2400,63], mVisible=true, mInsetsRoundedCornerFrame=false}, InsetsSource: {mType=ITYPE_BOTTOM_MANDATORY_GESTURES, mFrame=[0,996][2400,1080], mVisible=true, mInsetsRoundedCornerFrame=false}, InsetsSource: {mType=ITYPE_LEFT_DISPLAY_CUTOUT, mFrame=[0,0][88,1080], mVisible=true, mInsetsRoundedCornerFrame=false}, InsetsSource: {mType=ITYPE_TOP_DISPLAY_CUTOUT, mFrame=[0,0][2400,-100000], mVisible=true, mInsetsRoundedCornerFrame=false}, InsetsSource: {mType=ITYPE_RIGHT_DISPLAY_CUTOUT, mFrame=[100000,0][2400,1080], mVisible=true, mInsetsRoundedCornerFrame=false}, InsetsSource: {mType=ITYPE_BOTTOM_DISPLAY_CUTOUT, mFrame=[0,100000][2400,1080], mVisible=true, mInsetsRoundedCornerFrame=false}, InsetsSource: {mType=ITYPE_BOTTOM_TAPPABLE_ELEMENT, mFrame=[0,0][0,0], mVisible=true, mInsetsRoundedCornerFrame=false} } host=Toast from=android.view.ViewRootImpl.setView:1732
10-04 19:06:16.950 20284 20284 I ViewRootImpl@719b544[Toast]: setView = androidx.cardview.widget.CardView@9259657 TM=true
10-04 19:06:16.976 20284 20284 I ViewRootImpl@4f9032c[MainActivity]: performTraversals params={(0,0)(fillxfill) sim={state=always_hidden adjust=pan} layoutInDisplayCutoutMode=shortEdges ty=BASE_APPLICATION wanim=0x1030309
10-04 19:06:16.976 20284 20284 I ViewRootImpl@4f9032c[MainActivity]:   fl=85810180
10-04 19:06:16.976 20284 20284 I ViewRootImpl@4f9032c[MainActivity]:   pfl=12020040
10-04 19:06:16.976 20284 20284 I ViewRootImpl@4f9032c[MainActivity]:   vsysui=1706
10-04 19:06:16.976 20284 20284 I ViewRootImpl@4f9032c[MainActivity]:   bhv=SHOW_TRANSIENT_BARS_BY_SWIPE
10-04 19:06:16.976 20284 20284 I ViewRootImpl@4f9032c[MainActivity]:   fitSides= naviIconColor=0}
10-04 19:06:16.977 20284 20284 I ViewRootImpl@4f9032c[MainActivity]: performTraversals mFirst=false windowShouldResize=false viewVisibilityChanged=false mForceNextWindowRelayout=false params={(0,0)(fillxfill) sim={state=always_hidden adjust=pan} layoutInDisplayCutoutMode=shortEdges ty=BASE_APPLICATION fmt=TRANSLUCENT wanim=0x1030309
10-04 19:06:16.977 20284 20284 I ViewRootImpl@4f9032c[MainActivity]:   fl=85810180
10-04 19:06:16.977 20284 20284 I ViewRootImpl@4f9032c[MainActivity]:   pfl=12020040
10-04 19:06:16.977 20284 20284 I ViewRootImpl@4f9032c[MainActivity]:   vsysui=1706
10-04 19:06:16.977 20284 20284 I ViewRootImpl@4f9032c[MainActivity]:   bhv=SHOW_TRANSIENT_BARS_BY_SWIPE
10-04 19:06:16.977 20284 20284 I ViewRootImpl@4f9032c[MainActivity]:   fitSides= naviIconColor=0}
10-04 19:06:16.983 20284 20284 I ViewRootImpl@4f9032c[MainActivity]: updateBlastSurfaceIfNeeded mBlastBufferQueue=0x7b419ef900 isSameSurfaceControl=true
10-04 19:06:16.984 20284 20284 I BLASTBufferQueue: update, w= 2400 h= 1080 mName = ViewRootImpl@4f9032c[MainActivity] mNativeObject= 0x7b419ef900 sc.mNativeObject= 0x7ada6b9960 format= -3 caller= android.view.ViewRootImpl.updateBlastSurfaceIfNeeded:2898 android.view.ViewRootImpl.relayoutWindow:9847 android.view.ViewRootImpl.performTraversals:3884 android.view.ViewRootImpl.doTraversal:3116 android.view.ViewRootImpl$TraversalRunnable.run:10885 android.view.Choreographer$CallbackRecord.run:1301 
10-04 19:06:16.984 20284 20284 I ViewRootImpl@4f9032c[MainActivity]: Relayout returned: old=(0,0,2400,1080) new=(0,0,2400,1080) req=(2400,1080)0 dur=6 res=0x0 s={true 0x7b7af8e800} ch=false seqId=0
10-04 19:06:16.984 20284 20284 I ViewRootImpl@4f9032c[MainActivity]: updateBoundsLayer: t = android.view.SurfaceControl$Transaction@52de0f2 sc = Surface(name=Bounds for - com.lagradost.cloudstream3/com.lagradost.cloudstream3.MainActivity@0)/@0xc3eb343 frame = 902
10-04 19:06:16.984 20284 20284 I ViewRootImpl@4f9032c[MainActivity]: mWNT: t=0x7b5ba95900 mBlastBufferQueue=0x7b419ef900 fn= 902 caller= android.view.ViewRootImpl.prepareSurfaces:2985 android.view.ViewRootImpl.performTraversals:4233 android.view.ViewRootImpl.doTraversal:3116 
10-04 19:06:16.998 20284 20284 I ViewRootImpl@719b544[Toast]: performTraversals params={(0,13)(wrapxwrap) gr=BOTTOM CENTER sim={adjust=pan} ty=TOAST fmt=TRANSLUCENT wanim=0x1030004 surfaceInsets=Rect(11, 11 - 11, 11)
10-04 19:06:16.998 20284 20284 I ViewRootImpl@719b544[Toast]:   fl=1000098
10-04 19:06:16.998 20284 20284 I ViewRootImpl@719b544[Toast]:   pfl=12000000
10-04 19:06:16.998 20284 20284 I ViewRootImpl@719b544[Toast]:   bhv=DEFAULT
10-04 19:06:16.998 20284 20284 I ViewRootImpl@719b544[Toast]:   fitTypes=STATUS_BARS NAVIGATION_BARS CAPTION_BAR
10-04 19:06:16.998 20284 20284 I ViewRootImpl@719b544[Toast]:   fitIgnoreVis naviIconColor=0}
10-04 19:06:16.999 20284 20284 I ViewRootImpl@719b544[Toast]: performTraversals mFirst=true windowShouldResize=false viewVisibilityChanged=false mForceNextWindowRelayout=false params={(0,13)(wrapxwrap) gr=BOTTOM CENTER sim={adjust=pan} ty=TOAST fmt=TRANSLUCENT wanim=0x1030004 surfaceInsets=Rect(11, 11 - 11, 11)
10-04 19:06:16.999 20284 20284 I ViewRootImpl@719b544[Toast]:   fl=1000098
10-04 19:06:16.999 20284 20284 I ViewRootImpl@719b544[Toast]:   pfl=12000000
10-04 19:06:16.999 20284 20284 I ViewRootImpl@719b544[Toast]:   bhv=DEFAULT
10-04 19:06:16.999 20284 20284 I ViewRootImpl@719b544[Toast]:   fitTypes=STATUS_BARS NAVIGATION_BARS CAPTION_BAR
10-04 19:06:16.999 20284 20284 I ViewRootImpl@719b544[Toast]:   fitIgnoreVis naviIconColor=0}
10-04 19:06:17.006 20284 20294 I ViewRootImpl@719b544[Toast]: Resizing android.view.ViewRootImpl@f8340f3: frame = [824,680][1664,1028] reportDraw = true forceLayout = true syncSeqId = 1
10-04 19:06:17.008 20284 20284 I ViewRootImpl@719b544[Toast]: updateBlastSurfaceIfNeeded mBlastBufferQueue=null isSameSurfaceControl=false
10-04 19:06:17.009 20284 20284 I BLASTBufferQueue: new BLASTBufferQueue, mName= ViewRootImpl@719b544[Toast] mNativeObject= 0x7b37ab2400 sc.mNativeObject= 0x7ada6ba9a0 caller= android.view.ViewRootImpl.updateBlastSurfaceIfNeeded:2909 android.view.ViewRootImpl.relayoutWindow:9847 android.view.ViewRootImpl.performTraversals:3884 android.view.ViewRootImpl.doTraversal:3116 android.view.ViewRootImpl$TraversalRunnable.run:10885 android.view.Choreographer$CallbackRecord.run:1301 android.view.Choreographer$CallbackRecord.run:1309 android.view.Choreographer.doCallbacks:923 android.view.Choreographer.doFrame:852 android.view.Choreographer$FrameDisplayEventReceiver.run:1283 
10-04 19:06:17.009 20284 20284 I BLASTBufferQueue: update, w= 862 h= 370 mName = ViewRootImpl@719b544[Toast] mNativeObject= 0x7b37ab2400 sc.mNativeObject= 0x7ada6ba9a0 format= -3 caller= android.graphics.BLASTBufferQueue.<init>:84 android.view.ViewRootImpl.updateBlastSurfaceIfNeeded:2909 android.view.ViewRootImpl.relayoutWindow:9847 android.view.ViewRootImpl.performTraversals:3884 android.view.ViewRootImpl.doTraversal:3116 android.view.ViewRootImpl$TraversalRunnable.run:10885 
10-04 19:06:17.010 20284 20284 I ViewRootImpl@719b544[Toast]: Relayout returned: old=(88,0,2400,1041) new=(824,680,1664,1028) req=(840,348)0 dur=9 res=0x3 s={true 0x7b7af8c000} ch=true seqId=1
10-04 19:06:17.010 20284 20284 I ViewRootImpl@719b544[Toast]: Relayout called with blastSync mSyncSeqId=1
10-04 19:06:17.010 20284 20284 I ViewRootImpl@719b544[Toast]: reportNextDraw android.view.ViewRootImpl.performTraversals:3900 android.view.ViewRootImpl.doTraversal:3116 android.view.ViewRootImpl$TraversalRunnable.run:10885 android.view.Choreographer$CallbackRecord.run:1301 android.view.Choreographer$CallbackRecord.run:1309 
10-04 19:06:17.011 20284 20284 I ViewRootImpl@719b544[Toast]: mThreadedRenderer.initialize() mSurface={isValid=true 0x7b7af8c000} hwInitialized=true
10-04 19:06:17.011 20284 20301 D OpenGLRenderer: eglCreateWindowSurface
10-04 19:06:17.012 20284 20284 I ViewRootImpl@719b544[Toast]: reportNextDraw android.view.ViewRootImpl.performTraversals:4438 android.view.ViewRootImpl.doTraversal:3116 android.view.ViewRootImpl$TraversalRunnable.run:10885 android.view.Choreographer$CallbackRecord.run:1301 android.view.Choreographer$CallbackRecord.run:1309 
10-04 19:06:17.012 20284 20284 I ViewRootImpl@719b544[Toast]: Setup new sync id=0
10-04 19:06:17.012 20284 20284 I ViewRootImpl@719b544[Toast]: Setting syncFrameCallback
10-04 19:06:17.012 20284 20284 I ViewRootImpl@719b544[Toast]: registerCallbacksForSync syncBuffer=true
10-04 19:06:17.014 20284 20385 I ViewRootImpl@719b544[Toast]: Received frameDrawingCallback syncResult=0 frameNum=1.
10-04 19:06:17.014 20284 20385 I ViewRootImpl@719b544[Toast]: Setting up sync and frameCommitCallback
10-04 19:06:17.015 20284 20385 I BLASTBufferQueue: syncNextTransaction, mName= ViewRootImpl@719b544[Toast] acquireSingleBuffer= true mNativeObject= 0x7b37ab2400 callback= android.view.ViewRootImpl$12$$ExternalSyntheticLambda0@21853c caller= android.graphics.BLASTBufferQueue.syncNextTransaction:147 android.view.ViewRootImpl$12.onFrameDraw:13385 android.view.ThreadedRenderer$1.onFrameDraw:801 <bottom of call stack> <bottom of call stack> <bottom of call stack> 
10-04 19:06:17.016 20284 20385 I BLASTBufferQueue: [ViewRootImpl@719b544[Toast]#13](f:0,a:0) syncNextTransaction callback: 1, acquireSingleBuffer: 1, mTransactionReadyCallback: 0
10-04 19:06:17.020 20284 20301 I BLASTBufferQueue: [ViewRootImpl@719b544[Toast]#13](f:0,a:0) onFrameAvailable-start syncTransactionSet=true
10-04 19:06:17.020 20284 20301 I BLASTBufferQueue: [ViewRootImpl@719b544[Toast]#13](f:0,a:0) onFrameAvailable the first frame is available
10-04 19:06:17.020 20284 20301 I BLASTBufferQueue: [ViewRootImpl@719b544[Toast]#13](f:0,a:0) onFrameAvailable framenumber=1 syncTransactionSet=true, mSyncedFrameNumbers=0
10-04 19:06:17.020 20284 20301 I BLASTBufferQueue: [ViewRootImpl@719b544[Toast]#13](f:1,a:0) onFrameAvailable framenumber=1 syncTransactionSet=true
10-04 19:06:17.020 20284 20301 I BLASTBufferQueue: [ViewRootImpl@719b544[Toast]#13](f:0,a:1) acquireNextBufferLocked mLastAppliedFrameNumber: 0
10-04 19:06:17.020 20284 20301 I BLASTBufferQueue: [ViewRootImpl@719b544[Toast]#13](f:0,a:1) acquireNextBufferLocked size=862x370 mFrameNumber=1 applyTransaction=false mTimestamp=158285636002781(auto) mPendingTransactions.size=0 graphicBufferId=87119116632145 transform=7
10-04 19:06:17.020 20284 20301 I ViewRootImpl@719b544[Toast]: Received frameCommittedCallback lastAttemptedDrawFrameNum=1 didProduceBuffer=true
10-04 19:06:17.021 20284 20301 D OpenGLRenderer: CFMS:: SetUp Pid : 20284    Tid : 20301
10-04 19:06:17.023 20284 20284 I ViewRootImpl@719b544[Toast]: onSyncComplete
10-04 19:06:17.025 20284 20284 I ViewRootImpl@719b544[Toast]: setupSync seqId=1 mSyncId=0 fn=1 caller=android.view.ViewRootImpl$$ExternalSyntheticLambda11.accept:6 android.window.SurfaceSyncer.lambda$setupSync$1$android-window-SurfaceSyncer:128 android.window.SurfaceSyncer$$ExternalSyntheticLambda1.accept:8 android.window.SurfaceSyncer$SyncSet.checkIfSyncIsComplete:382 android.window.SurfaceSyncer$SyncSet.markSyncReady:359 android.window.SurfaceSyncer.markSyncReady:151 android.view.ViewRootImpl.performTraversals:4503 
10-04 19:06:17.025 20284 20284 I ViewRootImpl@719b544[Toast]: reportDrawFinished seqId=1 mSyncId=-1 fn=1 mSurfaceChangedTransaction=0x7b0a66d000
10-04 19:06:17.043 20284 20327 I PreviewImgMp4: Requesting preview for 0.5 but 0 < 3
10-04 19:06:17.044 20284 20327 I PreviewImgMp4: Requesting preview for 0.5 but 0 < 3
10-04 19:06:17.055 20284 20294 I BLASTBufferQueue: [ViewRootImpl@719b544[Toast]#13](f:0,a:1) transactionCommittedCallback
10-04 19:06:17.056 20284 20294 I BLASTBufferQueue: [ViewRootImpl@719b544[Toast]#13](f:0,a:1) transactionCommittedCallback mSyncedFrameNumbers.erase(1). mSyncedFrameNumbers: 0
10-04 19:06:17.107 20284 20290 I st.cloudstream3: Background concurrent copying GC freed 12MB AllocSpace bytes, 68(9368KB) LOS objects, 40% free, 34MB/58MB, paused 353us,160us total 266.691ms
10-04 19:06:17.112 20284 20291 D InputTransport: Input channel destroyed: 'ClientS', fd=123
10-04 19:06:17.124 20284 20301 D OpenGLRenderer: setSurface called with nullptr
10-04 19:06:17.125 20284 20291 D InputTransport: Input channel destroyed: 'ClientS', fd=141
10-04 19:06:17.126 20284 20284 I ViewRootImpl@719b544[Toast]: handleResized, msg = 5 frames=ClientWindowFrames{frame=[824,680][1664,1028] display=[88,0][2400,1041] parentFrame=[0,0][0,0] parentClippedByDisplayCutout=false} forceNextWindowRelayout=true displayId=0 resizeMode=-1 frameChanged=false displayFrameChanged=false configChanged=false displayChanged=false
10-04 19:06:17.126 20284 20284 I ViewRootImpl@719b544[Toast]: handleResized mSyncSeqId = 1
10-04 19:06:17.126 20284 20284 I ViewRootImpl@719b544[Toast]: reportNextDraw android.view.ViewRootImpl.handleResized:2450 android.view.ViewRootImpl.-$$Nest$mhandleResized:0 android.view.ViewRootImpl$ViewRootHandler.handleMessageImpl:6728 android.view.ViewRootImpl$ViewRootHandler.handleMessage:6697 android.os.Handler.dispatchMessage:106 
10-04 19:06:17.128 20284 20327 I PreviewImgMp4: Requesting preview for 0.5 but 0 < 3
10-04 19:06:17.128 20284 20327 I PreviewImgMp4: Requesting preview for 0.5 but 0 < 3
10-04 19:06:17.152 20284 20301 D OpenGLRenderer: setSurface called with nullptr
10-04 19:06:17.152 20284 20291 D InputTransport: Input channel destroyed: 'ClientS', fd=218
10-04 19:06:17.152 20284 20284 I ViewRootImpl@719b544[Toast]: performTraversals mFirst=false windowShouldResize=false viewVisibilityChanged=false mForceNextWindowRelayout=true params=null
10-04 19:06:17.158 20284 20301 D OpenGLRenderer: setSurface called with nullptr
10-04 19:06:17.158 20284 20291 D InputTransport: Input channel destroyed: 'ClientS', fd=161
10-04 19:06:17.158 20284 20291 D InputTransport: Input channel destroyed: 'ClientS', fd=114
10-04 19:06:17.159 20284 20284 I ViewRootImpl@719b544[Toast]: updateBlastSurfaceIfNeeded mBlastBufferQueue=0x7b37ab2400 isSameSurfaceControl=true
10-04 19:06:17.159 20284 20284 I BLASTBufferQueue: update, w= 862 h= 370 mName = ViewRootImpl@719b544[Toast] mNativeObject= 0x7b37ab2400 sc.mNativeObject= 0x7b0a5d2800 format= -3 caller= android.view.ViewRootImpl.updateBlastSurfaceIfNeeded:2898 android.view.ViewRootImpl.relayoutWindow:9847 android.view.ViewRootImpl.performTraversals:3884 android.view.ViewRootImpl.doTraversal:3116 android.view.ViewRootImpl$TraversalRunnable.run:10885 android.view.Choreographer$CallbackRecord.run:1301 
10-04 19:06:17.159 20284 20284 I ViewRootImpl@719b544[Toast]: Relayout returned: old=(824,680,1664,1028) new=(824,680,1664,1028) req=(840,348)0 dur=7 res=0x0 s={true 0x7b7af8c000} ch=false seqId=1
10-04 19:06:17.160 20284 20284 I ViewRootImpl@719b544[Toast]: mThreadedRenderer.updateSurface() mSurface={isValid=true 0x7b7af8c000}
10-04 19:06:17.160 20284 20301 D OpenGLRenderer: setSurface() destroyed EGLSurface
10-04 19:06:17.160 20284 20284 I ViewRootImpl@719b544[Toast]: Setup new sync id=1
