10-04 22:55:42.681 29796 29921 D SurfaceView@8bce3ee: updateSurfacePosition RenderWorker, frameNr = 544, position = [0, -218, 1080, 307] surfaceSize = 1080x525
10-04 22:55:42.681 29796 29921 I SurfaceView@8bce3ee: uSP: rtp = Rect(0, -218 - 1080, 307) rtsw = 1080 rtsh = 525
10-04 22:55:42.681 29796 29921 I SurfaceView@8bce3ee: onSSPAndSRT: pl = 0 pt = -218 sx = 1.0 sy = 1.0
10-04 22:55:42.682 29796 29921 I SurfaceView@8bce3ee: aOrMT: ViewRootImpl@fb2a030[MainActivity] t = android.view.SurfaceControl$Transaction@ec84e28 fN = 544 android.view.SurfaceView.-$$Nest$mapplyOrMergeTransaction:0 android.view.SurfaceView$SurfaceViewPositionUpdateListener.positionChanged:1537 android.graphics.RenderNode$CompositePositionUpdateListener.positionChanged:373 
10-04 22:55:42.682 29796 29921 I ViewRootImpl@fb2a030[MainActivity]: mWNT: t=0x7b25736500 mBlastBufferQueue=0x7b4988fb00 fn= 544 caller= android.view.SurfaceView.applyOrMergeTransaction:1455 android.view.SurfaceView.-$$Nest$mapplyOrMergeTransaction:0 android.view.SurfaceView$SurfaceViewPositionUpdateListener.positionChanged:1537 
10-04 22:55:42.682 29796 29921 I ViewRootImpl@fb2a030[MainActivity]: mWNT: t=0x7bed897200 mBlastBufferQueue=0x7b4988fb00 fn= 544 caller= android.view.ViewRootImpl.lambda$applyTransactionOnDraw$11$android-view-ViewRootImpl:12865 android.view.ViewRootImpl$$ExternalSyntheticLambda1.onFrameDraw:4 android.graphics.HardwareRenderer$FrameDrawingCallback.onFrameDraw:924 
10-04 22:55:42.690 29796 29796 I SurfaceView@8bce3ee: Changes: creating=false format=false size=false visible=false alpha=false hint=false mUseAlpha=false visible=false left=false top=true
10-04 22:55:42.690 29796 29796 I SurfaceView@8bce3ee: 146596846 Cur surface: Surface(name=null)/@0xc6a842f
10-04 22:55:42.690 29796 29796 I SurfaceView@8bce3ee: applyTransactionOnVriDraw: vri = ViewRootImpl@fb2a030[MainActivity] fRS = false t = 0x7bed8d1a00 android.view.SurfaceView.performSurfaceTransaction:959 android.view.SurfaceView.updateSurface:1105 android.view.SurfaceView.lambda$new$0$android-view-SurfaceView:200 
10-04 22:55:42.691 29796 29796 I ViewRootImpl@fb2a030[MainActivity]: applyTransactionOnDraw: mRemoved = false isHardwareEnabled = true t = 0x7bed8d1a00android.view.SurfaceView.applyTransactionOnVriDraw:2048 android.view.SurfaceView.performSurfaceTransaction:959 android.view.SurfaceView.updateSurface:1105 android.view.SurfaceView.lambda$new$0$android-view-SurfaceView:200 android.view.SurfaceView$$ExternalSyntheticLambda5.onPreDraw:2 
10-04 22:55:42.691 29796 29796 I SurfaceView@8bce3ee: updateSurface: mVisible = true mSurface.isValid() = true
10-04 22:55:42.691 29796 29796 I SurfaceView@8bce3ee: updateSurface: mSurfaceCreated = true surfaceChanged = false visibleChanged = false
10-04 22:55:42.691 29796 29796 V SurfaceView@8bce3ee: Layout: x=0 y=-249 w=1080 h=525, frame=Rect(0, 0 - 1080, 525)
10-04 22:55:42.696 29796 29922 D SurfaceView@8bce3ee: updateSurfacePosition RenderWorker, frameNr = 545, position = [0, -249, 1080, 276] surfaceSize = 1080x525
10-04 22:55:42.696 29796 29922 I SurfaceView@8bce3ee: uSP: rtp = Rect(0, -249 - 1080, 276) rtsw = 1080 rtsh = 525
10-04 22:55:42.696 29796 29922 I SurfaceView@8bce3ee: onSSPAndSRT: pl = 0 pt = -249 sx = 1.0 sy = 1.0
10-04 22:55:42.696 29796 29922 I SurfaceView@8bce3ee: aOrMT: ViewRootImpl@fb2a030[MainActivity] t = android.view.SurfaceControl$Transaction@ec84e28 fN = 545 android.view.SurfaceView.-$$Nest$mapplyOrMergeTransaction:0 android.view.SurfaceView$SurfaceViewPositionUpdateListener.positionChanged:1537 android.graphics.RenderNode$CompositePositionUpdateListener.positionChanged:373 
10-04 22:55:42.696 29796 29922 I ViewRootImpl@fb2a030[MainActivity]: mWNT: t=0x7b25736500 mBlastBufferQueue=0x7b4988fb00 fn= 545 caller= android.view.SurfaceView.applyOrMergeTransaction:1455 android.view.SurfaceView.-$$Nest$mapplyOrMergeTransaction:0 android.view.SurfaceView$SurfaceViewPositionUpdateListener.positionChanged:1537 
10-04 22:55:42.696 29796 29922 I ViewRootImpl@fb2a030[MainActivity]: mWNT: t=0x7bed8d1a00 mBlastBufferQueue=0x7b4988fb00 fn= 545 caller= android.view.ViewRootImpl.lambda$applyTransactionOnDraw$11$android-view-ViewRootImpl:12865 android.view.ViewRootImpl$$ExternalSyntheticLambda1.onFrameDraw:4 android.graphics.HardwareRenderer$FrameDrawingCallback.onFrameDraw:924 
10-04 22:55:42.700 29796 29796 I SurfaceView@8bce3ee: Changes: creating=false format=false size=false visible=false alpha=false hint=false mUseAlpha=false visible=false left=false top=true
10-04 22:55:42.700 29796 29796 I SurfaceView@8bce3ee: 146596846 Cur surface: Surface(name=null)/@0xc6a842f
10-04 22:55:42.701 29796 29796 I SurfaceView@8bce3ee: applyTransactionOnVriDraw: vri = ViewRootImpl@fb2a030[MainActivity] fRS = false t = 0x7bdd571800 android.view.SurfaceView.performSurfaceTransaction:959 android.view.SurfaceView.updateSurface:1105 android.view.SurfaceView.lambda$new$0$android-view-SurfaceView:200 
10-04 22:55:42.701 29796 29796 I ViewRootImpl@fb2a030[MainActivity]: applyTransactionOnDraw: mRemoved = false isHardwareEnabled = true t = 0x7bdd571800android.view.SurfaceView.applyTransactionOnVriDraw:2048 android.view.SurfaceView.performSurfaceTransaction:959 android.view.SurfaceView.updateSurface:1105 android.view.SurfaceView.lambda$new$0$android-view-SurfaceView:200 android.view.SurfaceView$$ExternalSyntheticLambda5.onPreDraw:2 
10-04 22:55:42.701 29796 29796 I SurfaceView@8bce3ee: updateSurface: mVisible = true mSurface.isValid() = true
10-04 22:55:42.701 29796 29796 I SurfaceView@8bce3ee: updateSurface: mSurfaceCreated = true surfaceChanged = false visibleChanged = false
10-04 22:55:42.701 29796 29796 V SurfaceView@8bce3ee: Layout: x=0 y=-342 w=1080 h=525, frame=Rect(0, 0 - 1080, 525)
10-04 22:55:42.708 29796 29921 I ViewRootImpl@fb2a030[MainActivity]: mWNT: t=0x7bdd571800 mBlastBufferQueue=0x7b4988fb00 fn= 546 caller= android.view.ViewRootImpl.lambda$applyTransactionOnDraw$11$android-view-ViewRootImpl:12865 android.view.ViewRootImpl$$ExternalSyntheticLambda1.onFrameDraw:4 android.graphics.HardwareRenderer$FrameDrawingCallback.onFrameDraw:924 
10-04 22:55:42.712 29796 29796 I SurfaceView@8bce3ee: Changes: creating=false format=false size=false visible=false alpha=false hint=false mUseAlpha=false visible=false left=false top=true
10-04 22:55:42.712 29796 29796 I SurfaceView@8bce3ee: 146596846 Cur surface: Surface(name=null)/@0xc6a842f
10-04 22:55:42.713 29796 29796 I SurfaceView@8bce3ee: applyTransactionOnVriDraw: vri = ViewRootImpl@fb2a030[MainActivity] fRS = false t = 0x7b25736f00 android.view.SurfaceView.performSurfaceTransaction:959 android.view.SurfaceView.updateSurface:1105 android.view.SurfaceView.lambda$new$0$android-view-SurfaceView:200 
10-04 22:55:42.713 29796 29796 I ViewRootImpl@fb2a030[MainActivity]: applyTransactionOnDraw: mRemoved = false isHardwareEnabled = true t = 0x7b25736f00android.view.SurfaceView.applyTransactionOnVriDraw:2048 android.view.SurfaceView.performSurfaceTransaction:959 android.view.SurfaceView.updateSurface:1105 android.view.SurfaceView.lambda$new$0$android-view-SurfaceView:200 android.view.SurfaceView$$ExternalSyntheticLambda5.onPreDraw:2 
10-04 22:55:42.713 29796 29796 I SurfaceView@8bce3ee: updateSurface: mVisible = true mSurface.isValid() = true
10-04 22:55:42.713 29796 29796 I SurfaceView@8bce3ee: updateSurface: mSurfaceCreated = true surfaceChanged = false visibleChanged = false
10-04 22:55:42.713 29796 29796 V SurfaceView@8bce3ee: Layout: x=0 y=-477 w=1080 h=525, frame=Rect(0, 0 - 1080, 525)
10-04 22:55:42.720 29796 29922 D SurfaceView@8bce3ee: updateSurfacePosition RenderWorker, frameNr = 547, position = [0, -477, 1080, 48] surfaceSize = 1080x525
10-04 22:55:42.720 29796 29922 I SurfaceView@8bce3ee: uSP: rtp = Rect(0, -477 - 1080, 48) rtsw = 1080 rtsh = 525
10-04 22:55:42.720 29796 29922 I SurfaceView@8bce3ee: onSSPAndSRT: pl = 0 pt = -477 sx = 1.0 sy = 1.0
10-04 22:55:42.721 29796 29922 I SurfaceView@8bce3ee: aOrMT: ViewRootImpl@fb2a030[MainActivity] t = android.view.SurfaceControl$Transaction@ec84e28 fN = 547 android.view.SurfaceView.-$$Nest$mapplyOrMergeTransaction:0 android.view.SurfaceView$SurfaceViewPositionUpdateListener.positionChanged:1537 android.graphics.RenderNode$CompositePositionUpdateListener.positionChanged:373 
10-04 22:55:42.721 29796 29922 I ViewRootImpl@fb2a030[MainActivity]: mWNT: t=0x7b25736500 mBlastBufferQueue=0x7b4988fb00 fn= 547 caller= android.view.SurfaceView.applyOrMergeTransaction:1455 android.view.SurfaceView.-$$Nest$mapplyOrMergeTransaction:0 android.view.SurfaceView$SurfaceViewPositionUpdateListener.positionChanged:1537 
10-04 22:55:42.721 29796 29922 I ViewRootImpl@fb2a030[MainActivity]: mWNT: t=0x7b25736f00 mBlastBufferQueue=0x7b4988fb00 fn= 547 caller= android.view.ViewRootImpl.lambda$applyTransactionOnDraw$11$android-view-ViewRootImpl:12865 android.view.ViewRootImpl$$ExternalSyntheticLambda1.onFrameDraw:4 android.graphics.HardwareRenderer$FrameDrawingCallback.onFrameDraw:924 
10-04 22:55:42.727 29796 29796 I SurfaceView@8bce3ee: Changes: creating=false format=false size=false visible=false alpha=false hint=false mUseAlpha=false visible=false left=false top=true
10-04 22:55:42.727 29796 29796 I SurfaceView@8bce3ee: 146596846 Cur surface: Surface(name=null)/@0xc6a842f
10-04 22:55:42.727 29796 29796 I SurfaceView@8bce3ee: applyTransactionOnVriDraw: vri = ViewRootImpl@fb2a030[MainActivity] fRS = false t = 0x7b2598a700 android.view.SurfaceView.performSurfaceTransaction:959 android.view.SurfaceView.updateSurface:1105 android.view.SurfaceView.lambda$new$0$android-view-SurfaceView:200 
10-04 22:55:42.728 29796 29796 I ViewRootImpl@fb2a030[MainActivity]: applyTransactionOnDraw: mRemoved = false isHardwareEnabled = true t = 0x7b2598a700android.view.SurfaceView.applyTransactionOnVriDraw:2048 android.view.SurfaceView.performSurfaceTransaction:959 android.view.SurfaceView.updateSurface:1105 android.view.SurfaceView.lambda$new$0$android-view-SurfaceView:200 android.view.SurfaceView$$ExternalSyntheticLambda5.onPreDraw:2 
10-04 22:55:42.728 29796 29796 I SurfaceView@8bce3ee: updateSurface: mVisible = true mSurface.isValid() = true
10-04 22:55:42.728 29796 29796 I SurfaceView@8bce3ee: updateSurface: mSurfaceCreated = true surfaceChanged = false visibleChanged = false
10-04 22:55:42.728 29796 29796 V SurfaceView@8bce3ee: Layout: x=0 y=-631 w=1080 h=525, frame=Rect(0, 0 - 1080, 525)
10-04 22:55:42.738 29796 29921 D SurfaceView@8bce3ee: updateSurfacePosition RenderWorker, frameNr = 548, position = [0, -631, 1080, -106] surfaceSize = 1080x525
10-04 22:55:42.738 29796 29921 I SurfaceView@8bce3ee: uSP: rtp = Rect(0, -631 - 1080, -106) rtsw = 1080 rtsh = 525
10-04 22:55:42.738 29796 29921 I SurfaceView@8bce3ee: onSSPAndSRT: pl = 0 pt = -631 sx = 1.0 sy = 1.0
10-04 22:55:42.738 29796 29921 I SurfaceView@8bce3ee: aOrMT: ViewRootImpl@fb2a030[MainActivity] t = android.view.SurfaceControl$Transaction@ec84e28 fN = 548 android.view.SurfaceView.-$$Nest$mapplyOrMergeTransaction:0 android.view.SurfaceView$SurfaceViewPositionUpdateListener.positionChanged:1537 android.graphics.RenderNode$CompositePositionUpdateListener.positionChanged:373 
10-04 22:55:42.738 29796 29921 I ViewRootImpl@fb2a030[MainActivity]: mWNT: t=0x7b25736500 mBlastBufferQueue=0x7b4988fb00 fn= 548 caller= android.view.SurfaceView.applyOrMergeTransaction:1455 android.view.SurfaceView.-$$Nest$mapplyOrMergeTransaction:0 android.view.SurfaceView$SurfaceViewPositionUpdateListener.positionChanged:1537 
10-04 22:55:42.738 29796 29921 I ViewRootImpl@fb2a030[MainActivity]: mWNT: t=0x7b2598a700 mBlastBufferQueue=0x7b4988fb00 fn= 548 caller= android.view.ViewRootImpl.lambda$applyTransactionOnDraw$11$android-view-ViewRootImpl:12865 android.view.ViewRootImpl$$ExternalSyntheticLambda1.onFrameDraw:4 android.graphics.HardwareRenderer$FrameDrawingCallback.onFrameDraw:924 
10-04 22:55:42.744 29796 29796 I SurfaceView@8bce3ee: Changes: creating=false format=false size=false visible=false alpha=false hint=false mUseAlpha=false visible=false left=false top=true
10-04 22:55:42.744 29796 29796 I SurfaceView@8bce3ee: 146596846 Cur surface: Surface(name=null)/@0xc6a842f
10-04 22:55:42.744 29796 29796 I SurfaceView@8bce3ee: applyTransactionOnVriDraw: vri = ViewRootImpl@fb2a030[MainActivity] fRS = false t = 0x7b2598a900 android.view.SurfaceView.performSurfaceTransaction:959 android.view.SurfaceView.updateSurface:1105 android.view.SurfaceView.lambda$new$0$android-view-SurfaceView:200 
10-04 22:55:42.744 29796 29796 I ViewRootImpl@fb2a030[MainActivity]: applyTransactionOnDraw: mRemoved = false isHardwareEnabled = true t = 0x7b2598a900android.view.SurfaceView.applyTransactionOnVriDraw:2048 android.view.SurfaceView.performSurfaceTransaction:959 android.view.SurfaceView.updateSurface:1105 android.view.SurfaceView.lambda$new$0$android-view-SurfaceView:200 android.view.SurfaceView$$ExternalSyntheticLambda5.onPreDraw:2 
10-04 22:55:42.745 29796 29796 I SurfaceView@8bce3ee: updateSurface: mVisible = true mSurface.isValid() = true
10-04 22:55:42.745 29796 29796 I SurfaceView@8bce3ee: updateSurface: mSurfaceCreated = true surfaceChanged = false visibleChanged = false
10-04 22:55:42.745 29796 29796 V SurfaceView@8bce3ee: Layout: x=0 y=-794 w=1080 h=525, frame=Rect(0, 0 - 1080, 525)
10-04 22:55:42.752 29796 29922 D SurfaceView@8bce3ee: updateSurfacePosition RenderWorker, frameNr = 549, position = [0, -794, 1080, -269] surfaceSize = 1080x525
10-04 22:55:42.752 29796 29922 I SurfaceView@8bce3ee: uSP: rtp = Rect(0, -794 - 1080, -269) rtsw = 1080 rtsh = 525
10-04 22:55:42.752 29796 29922 I SurfaceView@8bce3ee: onSSPAndSRT: pl = 0 pt = -794 sx = 1.0 sy = 1.0
10-04 22:55:42.752 29796 29922 I SurfaceView@8bce3ee: aOrMT: ViewRootImpl@fb2a030[MainActivity] t = android.view.SurfaceControl$Transaction@ec84e28 fN = 549 android.view.SurfaceView.-$$Nest$mapplyOrMergeTransaction:0 android.view.SurfaceView$SurfaceViewPositionUpdateListener.positionChanged:1537 android.graphics.RenderNode$CompositePositionUpdateListener.positionChanged:373 
10-04 22:55:42.753 29796 29922 I ViewRootImpl@fb2a030[MainActivity]: mWNT: t=0x7b25736500 mBlastBufferQueue=0x7b4988fb00 fn= 549 caller= android.view.SurfaceView.applyOrMergeTransaction:1455 android.view.SurfaceView.-$$Nest$mapplyOrMergeTransaction:0 android.view.SurfaceView$SurfaceViewPositionUpdateListener.positionChanged:1537 
10-04 22:55:42.753 29796 29922 I ViewRootImpl@fb2a030[MainActivity]: mWNT: t=0x7b2598a900 mBlastBufferQueue=0x7b4988fb00 fn= 549 caller= android.view.ViewRootImpl.lambda$applyTransactionOnDraw$11$android-view-ViewRootImpl:12865 android.view.ViewRootImpl$$ExternalSyntheticLambda1.onFrameDraw:4 android.graphics.HardwareRenderer$FrameDrawingCallback.onFrameDraw:924 
10-04 22:55:42.760 29796 29796 I SurfaceView@8bce3ee: Changes: creating=false format=false size=false visible=false alpha=false hint=false mUseAlpha=false visible=false left=false top=true
10-04 22:55:42.760 29796 29796 I SurfaceView@8bce3ee: 146596846 Cur surface: Surface(name=null)/@0xc6a842f
10-04 22:55:42.760 29796 29796 I SurfaceView@8bce3ee: applyTransactionOnVriDraw: vri = ViewRootImpl@fb2a030[MainActivity] fRS = false t = 0x7b2598ab00 android.view.SurfaceView.performSurfaceTransaction:959 android.view.SurfaceView.updateSurface:1105 android.view.SurfaceView.lambda$new$0$android-view-SurfaceView:200 
10-04 22:55:42.761 29796 29796 I ViewRootImpl@fb2a030[MainActivity]: applyTransactionOnDraw: mRemoved = false isHardwareEnabled = true t = 0x7b2598ab00android.view.SurfaceView.applyTransactionOnVriDraw:2048 android.view.SurfaceView.performSurfaceTransaction:959 android.view.SurfaceView.updateSurface:1105 android.view.SurfaceView.lambda$new$0$android-view-SurfaceView:200 android.view.SurfaceView$$ExternalSyntheticLambda5.onPreDraw:2 
10-04 22:55:42.761 29796 29796 I SurfaceView@8bce3ee: updateSurface: mVisible = true mSurface.isValid() = true
10-04 22:55:42.761 29796 29796 I SurfaceView@8bce3ee: updateSurface: mSurfaceCreated = true surfaceChanged = false visibleChanged = false
10-04 22:55:42.761 29796 29796 V SurfaceView@8bce3ee: Layout: x=0 y=-955 w=1080 h=525, frame=Rect(0, 0 - 1080, 525)
10-04 22:55:42.772 29796 29921 D SurfaceView@8bce3ee: updateSurfacePosition RenderWorker, frameNr = 550, position = [0, -955, 1080, -430] surfaceSize = 1080x525
10-04 22:55:42.772 29796 29921 I SurfaceView@8bce3ee: uSP: rtp = Rect(0, -955 - 1080, -430) rtsw = 1080 rtsh = 525
10-04 22:55:42.772 29796 29921 I SurfaceView@8bce3ee: onSSPAndSRT: pl = 0 pt = -955 sx = 1.0 sy = 1.0
10-04 22:55:42.772 29796 29921 I SurfaceView@8bce3ee: aOrMT: ViewRootImpl@fb2a030[MainActivity] t = android.view.SurfaceControl$Transaction@ec84e28 fN = 550 android.view.SurfaceView.-$$Nest$mapplyOrMergeTransaction:0 android.view.SurfaceView$SurfaceViewPositionUpdateListener.positionChanged:1537 android.graphics.RenderNode$CompositePositionUpdateListener.positionChanged:373 
10-04 22:55:42.772 29796 29921 I ViewRootImpl@fb2a030[MainActivity]: mWNT: t=0x7b25736500 mBlastBufferQueue=0x7b4988fb00 fn= 550 caller= android.view.SurfaceView.applyOrMergeTransaction:1455 android.view.SurfaceView.-$$Nest$mapplyOrMergeTransaction:0 android.view.SurfaceView$SurfaceViewPositionUpdateListener.positionChanged:1537 
10-04 22:55:42.772 29796 29921 I ViewRootImpl@fb2a030[MainActivity]: mWNT: t=0x7b2598ab00 mBlastBufferQueue=0x7b4988fb00 fn= 550 caller= android.view.ViewRootImpl.lambda$applyTransactionOnDraw$11$android-view-ViewRootImpl:12865 android.view.ViewRootImpl$$ExternalSyntheticLambda1.onFrameDraw:4 android.graphics.HardwareRenderer$FrameDrawingCallback.onFrameDraw:924 
10-04 22:55:42.778 29796 29796 I SurfaceView@8bce3ee: Changes: creating=false format=false size=false visible=false alpha=false hint=false mUseAlpha=false visible=false left=false top=true
10-04 22:55:42.778 29796 29796 I SurfaceView@8bce3ee: 146596846 Cur surface: Surface(name=null)/@0xc6a842f
10-04 22:55:42.778 29796 29796 I SurfaceView@8bce3ee: applyTransactionOnVriDraw: vri = ViewRootImpl@fb2a030[MainActivity] fRS = false t = 0x7b2598ad00 android.view.SurfaceView.performSurfaceTransaction:959 android.view.SurfaceView.updateSurface:1105 android.view.SurfaceView.lambda$new$0$android-view-SurfaceView:200 
10-04 22:55:42.779 29796 29796 I ViewRootImpl@fb2a030[MainActivity]: applyTransactionOnDraw: mRemoved = false isHardwareEnabled = true t = 0x7b2598ad00android.view.SurfaceView.applyTransactionOnVriDraw:2048 android.view.SurfaceView.performSurfaceTransaction:959 android.view.SurfaceView.updateSurface:1105 android.view.SurfaceView.lambda$new$0$android-view-SurfaceView:200 android.view.SurfaceView$$ExternalSyntheticLambda5.onPreDraw:2 
10-04 22:55:42.779 29796 29796 I SurfaceView@8bce3ee: updateSurface: mVisible = true mSurface.isValid() = true
10-04 22:55:42.779 29796 29796 I SurfaceView@8bce3ee: updateSurface: mSurfaceCreated = true surfaceChanged = false visibleChanged = false
10-04 22:55:42.779 29796 29796 V SurfaceView@8bce3ee: Layout: x=0 y=-1123 w=1080 h=525, frame=Rect(0, 0 - 1080, 525)
10-04 22:55:42.791 29796 29922 D SurfaceView@8bce3ee: updateSurfacePosition RenderWorker, frameNr = 551, position = [0, -1123, 1080, -598] surfaceSize = 1080x525
10-04 22:55:42.791 29796 29922 I SurfaceView@8bce3ee: uSP: rtp = Rect(0, -1123 - 1080, -598) rtsw = 1080 rtsh = 525
10-04 22:55:42.791 29796 29922 I SurfaceView@8bce3ee: onSSPAndSRT: pl = 0 pt = -1123 sx = 1.0 sy = 1.0
10-04 22:55:42.792 29796 29922 I SurfaceView@8bce3ee: aOrMT: ViewRootImpl@fb2a030[MainActivity] t = android.view.SurfaceControl$Transaction@ec84e28 fN = 551 android.view.SurfaceView.-$$Nest$mapplyOrMergeTransaction:0 android.view.SurfaceView$SurfaceViewPositionUpdateListener.positionChanged:1537 android.graphics.RenderNode$CompositePositionUpdateListener.positionChanged:373 
10-04 22:55:42.792 29796 29922 I ViewRootImpl@fb2a030[MainActivity]: mWNT: t=0x7b25736500 mBlastBufferQueue=0x7b4988fb00 fn= 551 caller= android.view.SurfaceView.applyOrMergeTransaction:1455 android.view.SurfaceView.-$$Nest$mapplyOrMergeTransaction:0 android.view.SurfaceView$SurfaceViewPositionUpdateListener.positionChanged:1537 
10-04 22:55:42.792 29796 29922 I ViewRootImpl@fb2a030[MainActivity]: mWNT: t=0x7b2598ad00 mBlastBufferQueue=0x7b4988fb00 fn= 551 caller= android.view.ViewRootImpl.lambda$applyTransactionOnDraw$11$android-view-ViewRootImpl:12865 android.view.ViewRootImpl$$ExternalSyntheticLambda1.onFrameDraw:4 android.graphics.HardwareRenderer$FrameDrawingCallback.onFrameDraw:924 
10-04 22:55:42.796 29796 29796 I SurfaceView@8bce3ee: Changes: creating=false format=false size=false visible=false alpha=false hint=false mUseAlpha=false visible=false left=false top=true
10-04 22:55:42.796 29796 29796 I SurfaceView@8bce3ee: 146596846 Cur surface: Surface(name=null)/@0xc6a842f
10-04 22:55:42.796 29796 29796 I SurfaceView@8bce3ee: applyTransactionOnVriDraw: vri = ViewRootImpl@fb2a030[MainActivity] fRS = false t = 0x7b2598af00 android.view.SurfaceView.performSurfaceTransaction:959 android.view.SurfaceView.updateSurface:1105 android.view.SurfaceView.lambda$new$0$android-view-SurfaceView:200 
10-04 22:55:42.797 29796 29796 I ViewRootImpl@fb2a030[MainActivity]: applyTransactionOnDraw: mRemoved = false isHardwareEnabled = true t = 0x7b2598af00android.view.SurfaceView.applyTransactionOnVriDraw:2048 android.view.SurfaceView.performSurfaceTransaction:959 android.view.SurfaceView.updateSurface:1105 android.view.SurfaceView.lambda$new$0$android-view-SurfaceView:200 android.view.SurfaceView$$ExternalSyntheticLambda5.onPreDraw:2 
10-04 22:55:42.797 29796 29796 I SurfaceView@8bce3ee: updateSurface: mVisible = true mSurface.isValid() = true
10-04 22:55:42.797 29796 29796 I SurfaceView@8bce3ee: updateSurface: mSurfaceCreated = true surfaceChanged = false visibleChanged = false
10-04 22:55:42.797 29796 29796 V SurfaceView@8bce3ee: Layout: x=0 y=-1278 w=1080 h=525, frame=Rect(0, 0 - 1080, 525)
10-04 22:55:42.806 29796 29921 D SurfaceView@8bce3ee: updateSurfacePosition RenderWorker, frameNr = 552, position = [0, -1278, 1080, -753] surfaceSize = 1080x525
10-04 22:55:42.806 29796 29921 I SurfaceView@8bce3ee: uSP: rtp = Rect(0, -1278 - 1080, -753) rtsw = 1080 rtsh = 525
10-04 22:55:42.806 29796 29921 I SurfaceView@8bce3ee: onSSPAndSRT: pl = 0 pt = -1278 sx = 1.0 sy = 1.0
10-04 22:55:42.806 29796 29921 I SurfaceView@8bce3ee: aOrMT: ViewRootImpl@fb2a030[MainActivity] t = android.view.SurfaceControl$Transaction@ec84e28 fN = 552 android.view.SurfaceView.-$$Nest$mapplyOrMergeTransaction:0 android.view.SurfaceView$SurfaceViewPositionUpdateListener.positionChanged:1537 android.graphics.RenderNode$CompositePositionUpdateListener.positionChanged:373 
10-04 22:55:42.807 29796 29921 I ViewRootImpl@fb2a030[MainActivity]: mWNT: t=0x7b25736500 mBlastBufferQueue=0x7b4988fb00 fn= 552 caller= android.view.SurfaceView.applyOrMergeTransaction:1455 android.view.SurfaceView.-$$Nest$mapplyOrMergeTransaction:0 android.view.SurfaceView$SurfaceViewPositionUpdateListener.positionChanged:1537 
10-04 22:55:42.807 29796 29921 I ViewRootImpl@fb2a030[MainActivity]: mWNT: t=0x7b2598af00 mBlastBufferQueue=0x7b4988fb00 fn= 552 caller= android.view.ViewRootImpl.lambda$applyTransactionOnDraw$11$android-view-ViewRootImpl:12865 android.view.ViewRootImpl$$ExternalSyntheticLambda1.onFrameDraw:4 android.graphics.HardwareRenderer$FrameDrawingCallback.onFrameDraw:924 
10-04 22:55:42.811 29796 29796 I SurfaceView@8bce3ee: Changes: creating=false format=false size=false visible=false alpha=false hint=false mUseAlpha=false visible=false left=false top=true
10-04 22:55:42.811 29796 29796 I SurfaceView@8bce3ee: 146596846 Cur surface: Surface(name=null)/@0xc6a842f
10-04 22:55:42.812 29796 29796 I SurfaceView@8bce3ee: applyTransactionOnVriDraw: vri = ViewRootImpl@fb2a030[MainActivity] fRS = false t = 0x7b09a4d300 android.view.SurfaceView.performSurfaceTransaction:959 android.view.SurfaceView.updateSurface:1105 android.view.SurfaceView.lambda$new$0$android-view-SurfaceView:200 
10-04 22:55:42.812 29796 29796 I ViewRootImpl@fb2a030[MainActivity]: applyTransactionOnDraw: mRemoved = false isHardwareEnabled = true t = 0x7b09a4d300android.view.SurfaceView.applyTransactionOnVriDraw:2048 android.view.SurfaceView.performSurfaceTransaction:959 android.view.SurfaceView.updateSurface:1105 android.view.SurfaceView.lambda$new$0$android-view-SurfaceView:200 android.view.SurfaceView$$ExternalSyntheticLambda5.onPreDraw:2 
10-04 22:55:42.812 29796 29796 I SurfaceView@8bce3ee: updateSurface: mVisible = true mSurface.isValid() = true
10-04 22:55:42.812 29796 29796 I SurfaceView@8bce3ee: updateSurface: mSurfaceCreated = true surfaceChanged = false visibleChanged = false
10-04 22:55:42.812 29796 29796 V SurfaceView@8bce3ee: Layout: x=0 y=-1439 w=1080 h=525, frame=Rect(0, 0 - 1080, 525)
10-04 22:55:42.821 29796 29922 D SurfaceView@8bce3ee: updateSurfacePosition RenderWorker, frameNr = 553, position = [0, -1439, 1080, -914] surfaceSize = 1080x525
10-04 22:55:42.821 29796 29922 I SurfaceView@8bce3ee: uSP: rtp = Rect(0, -1439 - 1080, -914) rtsw = 1080 rtsh = 525
10-04 22:55:42.821 29796 29922 I SurfaceView@8bce3ee: onSSPAndSRT: pl = 0 pt = -1439 sx = 1.0 sy = 1.0
10-04 22:55:42.821 29796 29922 I SurfaceView@8bce3ee: aOrMT: ViewRootImpl@fb2a030[MainActivity] t = android.view.SurfaceControl$Transaction@ec84e28 fN = 553 android.view.SurfaceView.-$$Nest$mapplyOrMergeTransaction:0 android.view.SurfaceView$SurfaceViewPositionUpdateListener.positionChanged:1537 android.graphics.RenderNode$CompositePositionUpdateListener.positionChanged:373 
10-04 22:55:42.821 29796 29922 I ViewRootImpl@fb2a030[MainActivity]: mWNT: t=0x7b25736500 mBlastBufferQueue=0x7b4988fb00 fn= 553 caller= android.view.SurfaceView.applyOrMergeTransaction:1455 android.view.SurfaceView.-$$Nest$mapplyOrMergeTransaction:0 android.view.SurfaceView$SurfaceViewPositionUpdateListener.positionChanged:1537 
10-04 22:55:42.821 29796 29922 I ViewRootImpl@fb2a030[MainActivity]: mWNT: t=0x7b09a4d300 mBlastBufferQueue=0x7b4988fb00 fn= 553 caller= android.view.ViewRootImpl.lambda$applyTransactionOnDraw$11$android-view-ViewRootImpl:12865 android.view.ViewRootImpl$$ExternalSyntheticLambda1.onFrameDraw:4 android.graphics.HardwareRenderer$FrameDrawingCallback.onFrameDraw:924 
10-04 22:55:42.828 29796 29796 I SurfaceView@8bce3ee: Changes: creating=false format=false size=false visible=false alpha=false hint=false mUseAlpha=false visible=false left=false top=true
10-04 22:55:42.828 29796 29796 I SurfaceView@8bce3ee: 146596846 Cur surface: Surface(name=null)/@0xc6a842f
10-04 22:55:42.829 29796 29796 I SurfaceView@8bce3ee: applyTransactionOnVriDraw: vri = ViewRootImpl@fb2a030[MainActivity] fRS = false t = 0x7b09a4d700 android.view.SurfaceView.performSurfaceTransaction:959 android.view.SurfaceView.updateSurface:1105 android.view.SurfaceView.lambda$new$0$android-view-SurfaceView:200 
10-04 22:55:42.829 29796 29796 I ViewRootImpl@fb2a030[MainActivity]: applyTransactionOnDraw: mRemoved = false isHardwareEnabled = true t = 0x7b09a4d700android.view.SurfaceView.applyTransactionOnVriDraw:2048 android.view.SurfaceView.performSurfaceTransaction:959 android.view.SurfaceView.updateSurface:1105 android.view.SurfaceView.lambda$new$0$android-view-SurfaceView:200 android.view.SurfaceView$$ExternalSyntheticLambda5.onPreDraw:2 
10-04 22:55:42.829 29796 29796 I SurfaceView@8bce3ee: updateSurface: mVisible = true mSurface.isValid() = true
10-04 22:55:42.829 29796 29796 I SurfaceView@8bce3ee: updateSurface: mSurfaceCreated = true surfaceChanged = false visibleChanged = false
10-04 22:55:42.829 29796 29796 V SurfaceView@8bce3ee: Layout: x=0 y=-1532 w=1080 h=525, frame=Rect(0, 0 - 1080, 525)
10-04 22:55:42.839 29796 29921 D SurfaceView@8bce3ee: updateSurfacePosition RenderWorker, frameNr = 554, position = [0, -1532, 1080, -1007] surfaceSize = 1080x525
10-04 22:55:42.839 29796 29921 I SurfaceView@8bce3ee: uSP: rtp = Rect(0, -1532 - 1080, -1007) rtsw = 1080 rtsh = 525
10-04 22:55:42.839 29796 29921 I SurfaceView@8bce3ee: onSSPAndSRT: pl = 0 pt = -1532 sx = 1.0 sy = 1.0
10-04 22:55:42.839 29796 29921 I SurfaceView@8bce3ee: aOrMT: ViewRootImpl@fb2a030[MainActivity] t = android.view.SurfaceControl$Transaction@ec84e28 fN = 554 android.view.SurfaceView.-$$Nest$mapplyOrMergeTransaction:0 android.view.SurfaceView$SurfaceViewPositionUpdateListener.positionChanged:1537 android.graphics.RenderNode$CompositePositionUpdateListener.positionChanged:373 
10-04 22:55:42.840 29796 29921 I ViewRootImpl@fb2a030[MainActivity]: mWNT: t=0x7b25736500 mBlastBufferQueue=0x7b4988fb00 fn= 554 caller= android.view.SurfaceView.applyOrMergeTransaction:1455 android.view.SurfaceView.-$$Nest$mapplyOrMergeTransaction:0 android.view.SurfaceView$SurfaceViewPositionUpdateListener.positionChanged:1537 
10-04 22:55:42.840 29796 29921 I ViewRootImpl@fb2a030[MainActivity]: mWNT: t=0x7b09a4d700 mBlastBufferQueue=0x7b4988fb00 fn= 554 caller= android.view.ViewRootImpl.lambda$applyTransactionOnDraw$11$android-view-ViewRootImpl:12865 android.view.ViewRootImpl$$ExternalSyntheticLambda1.onFrameDraw:4 android.graphics.HardwareRenderer$FrameDrawingCallback.onFrameDraw:924 
10-04 22:55:43.561 29796 29796 I ViewRootImpl@fb2a030[MainActivity]: ViewPostIme pointer 0
10-04 22:55:44.072 29796 29796 I Dialog  : mIsDeviceDefault = false, mIsSamsungBasicInteraction = false, isMetaDataInActivity = false
10-04 22:55:44.091 29796 29796 I DecorView: [INFO] isPopOver=false config=false
10-04 22:55:44.091 29796 29796 I DecorView: updateCaptionType: isFloating=false isApplication=true hasWindowDecorCaption=false this=DecorView@35d8f6e[]
10-04 22:55:44.091 29796 29796 D DecorView: setCaptionType = 0, this = DecorView@35d8f6e[]
10-04 22:55:44.093 29796 29796 I DecorView: getCurrentDensityDpi: from app context. densityDpi=420 msg=resources_loaded
10-04 22:55:44.093 29796 29796 I DecorView: setWindowBackground: isPopOver=false color=0 d=android.graphics.drawable.ColorDrawable@d20169c
10-04 22:55:44.100 29796 29833 D NativeCustomFrequencyManager: [NativeCFMS] BpCustomFrequencyManager::BpCustomFrequencyManager()
10-04 22:55:44.101 29796 29796 I DecorView: notifyKeepScreenOnChanged: keepScreenOn=false
10-04 22:55:44.111 29796 29796 D InsetsController: onStateChanged: InsetsState: {mDisplayFrame=Rect(0, 0 - 1080, 2400), mDisplayCutout=DisplayCutout{insets=Rect(0, 88 - 0, 0) waterfall=Insets{left=0, top=0, right=0, bottom=0} boundingRect={Bounds=[Rect(0, 0 - 0, 0), Rect(512, 0 - 568, 88), Rect(0, 0 - 0, 0), Rect(0, 0 - 0, 0)]} cutoutPathParserInfo={CutoutPathParserInfo{displayWidth=1080 displayHeight=2400 physicalDisplayWidth=1080 physicalDisplayHeight=2400 density={2.625} cutoutSpec={M 0,0 M 0,12.25101276465640 a 10.60613009248640,10.60613009248640 0 1,0 0,21.21226018497290 a 10.60613009248640,10.60613009248640 0 1,0 0,-21.21226018497290 Z @dp} rotation={0} scale={1.0} physicalPixelDisplaySizeRatio={1.0}}}}, mRoundedCorners=RoundedCorners{[RoundedCorner{position=TopLeft, radius=84, center=Point(84, 84)}, RoundedCorner{position=TopRight, radius=84, center=Point(996, 84)}, RoundedCorner{position=BottomRight, radius=84, center=Point(996, 2316)}, RoundedCorner{position=BottomLeft, radius=84, center=Point(84, 2316)}]}  mRoundedCornerFrame=Rect(0, 0 - 1080, 2400), mPrivacyIndicatorBounds=PrivacyIndicatorBounds {static bounds=Rect(964, 0 - 1080, 87) rotation=0}, mSources= { InsetsSource: {mType=ITYPE_STATUS_BAR, mFrame=[0,0][1080,88], mVisible=true, mInsetsRoundedCornerFrame=false}, InsetsSource: {mType=ITYPE_NAVIGATION_BAR, mFrame=[0,2361][1080,2400], mVisible=true, mInsetsRoundedCornerFrame=false}, InsetsSource: {mType=ITYPE_LEFT_GESTURES, mFrame=[0,0][130,2400], mVisible=true, mInsetsRoundedCornerFrame=false}, InsetsSource: {mType=ITYPE_RIGHT_GESTURES, mFrame=[950,0][1080,2400], mVisible=true, mInsetsRoundedCornerFrame=false}, InsetsSource: {mType=ITYPE_TOP_MANDATORY_GESTURES, mFrame=[0,0][1080,120], mVisible=true, mInsetsRoundedCornerFrame=false}, InsetsSource: {mType=ITYPE_BOTTOM_MANDATORY_GESTURES, mFrame=[0,2316][1080,2400], mVisible=true, mInsetsRoundedCornerFrame=false}, InsetsSource: {mType=ITYPE_LEFT_DISPLAY_CUTOUT, mFrame=[0,0][-100000,2400], mVisible=true, mInsetsRoundedCornerFrame=false}, InsetsSource: {mType=ITYPE_TOP_DISPLAY_CUTOUT, mFrame=[0,0][1080,88], mVisible=true, mInsetsRoundedCornerFrame=false}, InsetsSource: {mType=ITYPE_RIGHT_DISPLAY_CUTOUT, mFrame=[100000,0][1080,2400], mVisible=true, mInsetsRoundedCornerFrame=false}, InsetsSource: {mType=ITYPE_BOTTOM_DISPLAY_CUTOUT, mFrame=[0,100000][1080,2400], mVisible=true, mInsetsRoundedCornerFrame=false}, InsetsSource: {mType=ITYPE_TOP_TAPPABLE_ELEMENT, mFrame=[0,0][1080,88], mVisible=true, mInsetsRoundedCornerFrame=false}, InsetsSource: {mType=ITYPE_BOTTOM_TAPPABLE_ELEMENT, mFrame=[0,0][0,0], mVisible=true, mInsetsRoundedCornerFrame=false}, InsetsSource: {mType=ITYPE_IME, mFrame=[0,0][0,0], mVisibleFrame=[0,1409][1080,2400], mVisible=false, mInsetsRoundedCornerFrame=false} } host=com.lagradost.cloudstream3/com.lagradost.cloudstream3.MainActivity from=android.view.ViewRootImpl.setView:1732
10-04 22:55:44.113 29796 29796 I ViewRootImpl@3a6f75d[MainActivity]: setView = com.android.internal.policy.DecorView@35d8f6e TM=true
10-04 22:55:44.126 29796 29796 I ViewRootImpl@3a6f75d[MainActivity]: performTraversals params={(0,0)(fillxfill) gr=CENTER sim={adjust=resize forwardNavigation} ty=APPLICATION fmt=TRANSPARENT wanim=0x7f14000b
10-04 22:55:44.126 29796 29796 I ViewRootImpl@3a6f75d[MainActivity]:   fl=85810100
10-04 22:55:44.126 29796 29796 I ViewRootImpl@3a6f75d[MainActivity]:   pfl=12020040
10-04 22:55:44.126 29796 29796 I ViewRootImpl@3a6f75d[MainActivity]:   vsysui=500
10-04 22:55:44.126 29796 29796 I ViewRootImpl@3a6f75d[MainActivity]:   bhv=DEFAULT
10-04 22:55:44.126 29796 29796 I ViewRootImpl@3a6f75d[MainActivity]:   fitSides= naviIconColor=0}
10-04 22:55:44.127 29796 29796 I ViewRootImpl@3a6f75d[MainActivity]: performTraversals mFirst=true windowShouldResize=true viewVisibilityChanged=false mForceNextWindowRelayout=false params={(0,0)(fillxfill) gr=CENTER sim={adjust=resize forwardNavigation} ty=APPLICATION fmt=TRANSPARENT wanim=0x7f14000b
10-04 22:55:44.127 29796 29796 I ViewRootImpl@3a6f75d[MainActivity]:   fl=85810100
10-04 22:55:44.127 29796 29796 I ViewRootImpl@3a6f75d[MainActivity]:   pfl=12020040
10-04 22:55:44.127 29796 29796 I ViewRootImpl@3a6f75d[MainActivity]:   vsysui=500
10-04 22:55:44.127 29796 29796 I ViewRootImpl@3a6f75d[MainActivity]:   bhv=DEFAULT
10-04 22:55:44.127 29796 29796 I ViewRootImpl@3a6f75d[MainActivity]:   fitSides= naviIconColor=0}
10-04 22:55:44.137 29796 29796 I ViewRootImpl@3a6f75d[MainActivity]: updateBlastSurfaceIfNeeded mBlastBufferQueue=null isSameSurfaceControl=false
10-04 22:55:44.138 29796 29796 I BLASTBufferQueue: new BLASTBufferQueue, mName= ViewRootImpl@3a6f75d[MainActivity] mNativeObject= 0x7b259f3600 sc.mNativeObject= 0x7af6421280 caller= android.view.ViewRootImpl.updateBlastSurfaceIfNeeded:2909 android.view.ViewRootImpl.relayoutWindow:9847 android.view.ViewRootImpl.performTraversals:3884 android.view.ViewRootImpl.doTraversal:3116 android.view.ViewRootImpl$TraversalRunnable.run:10885 android.view.Choreographer$CallbackRecord.run:1301 android.view.Choreographer$CallbackRecord.run:1309 android.view.Choreographer.doCallbacks:923 android.view.Choreographer.doFrame:852 android.view.Choreographer$FrameDisplayEventReceiver.run:1283 
10-04 22:55:44.138 29796 29796 I BLASTBufferQueue: update, w= 1080 h= 2400 mName = ViewRootImpl@3a6f75d[MainActivity] mNativeObject= 0x7b259f3600 sc.mNativeObject= 0x7af6421280 format= -2 caller= android.graphics.BLASTBufferQueue.<init>:84 android.view.ViewRootImpl.updateBlastSurfaceIfNeeded:2909 android.view.ViewRootImpl.relayoutWindow:9847 android.view.ViewRootImpl.performTraversals:3884 android.view.ViewRootImpl.doTraversal:3116 android.view.ViewRootImpl$TraversalRunnable.run:10885 
10-04 22:55:44.138 29796 29796 I ViewRootImpl@3a6f75d[MainActivity]: Relayout returned: old=(0,0,1080,2400) new=(0,0,1080,2400) req=(1080,2400)0 dur=10 res=0x3 s={true 0x7bdd362000} ch=true seqId=0
10-04 22:55:44.139 29796 29796 I ViewRootImpl@3a6f75d[MainActivity]: mThreadedRenderer.initialize() mSurface={isValid=true 0x7bdd362000} hwInitialized=true
10-04 22:55:44.140 29796 29833 D OpenGLRenderer: eglCreateWindowSurface
10-04 22:55:44.161 29796 29796 D AbsListView:  in onLayout changed 
10-04 22:55:44.162 29796 29796 I ViewRootImpl@3a6f75d[MainActivity]: reportNextDraw android.view.ViewRootImpl.performTraversals:4438 android.view.ViewRootImpl.doTraversal:3116 android.view.ViewRootImpl$TraversalRunnable.run:10885 android.view.Choreographer$CallbackRecord.run:1301 android.view.Choreographer$CallbackRecord.run:1309 
10-04 22:55:44.162 29796 29796 I ViewRootImpl@3a6f75d[MainActivity]: Setup new sync id=0
10-04 22:55:44.162 29796 29796 I ViewRootImpl@3a6f75d[MainActivity]: Setting syncFrameCallback
10-04 22:55:44.162 29796 29796 I ViewRootImpl@3a6f75d[MainActivity]: registerCallbacksForSync syncBuffer=false
10-04 22:55:44.165 29796 29922 I ViewRootImpl@3a6f75d[MainActivity]: Received frameDrawingCallback syncResult=0 frameNum=1.
10-04 22:55:44.165 29796 29922 I ViewRootImpl@3a6f75d[MainActivity]: Setting up sync and frameCommitCallback
10-04 22:55:44.169 29796 29833 I BLASTBufferQueue: [ViewRootImpl@3a6f75d[MainActivity]#8](f:0,a:0) onFrameAvailable the first frame is available
10-04 22:55:44.169 29796 29833 I ViewRootImpl@3a6f75d[MainActivity]: Received frameCommittedCallback lastAttemptedDrawFrameNum=1 didProduceBuffer=true
10-04 22:55:44.170 29796 29833 D OpenGLRenderer: CFMS:: SetUp Pid : 29796    Tid : 29833
10-04 22:55:44.172 29796 29796 I ViewRootImpl@3a6f75d[MainActivity]: onSyncComplete
10-04 22:55:44.172 29796 29796 I ViewRootImpl@3a6f75d[MainActivity]: setupSync seqId=0 mSyncId=0 fn=1 caller=android.view.ViewRootImpl$$ExternalSyntheticLambda11.accept:6 android.window.SurfaceSyncer.lambda$setupSync$1$android-window-SurfaceSyncer:128 android.window.SurfaceSyncer$$ExternalSyntheticLambda1.accept:8 android.window.SurfaceSyncer$SyncSet.checkIfSyncIsComplete:382 android.window.SurfaceSyncer$SyncSet.markSyncReady:359 android.window.SurfaceSyncer.markSyncReady:151 android.view.ViewRootImpl.performTraversals:4503 
10-04 22:55:44.179 29796 29796 I ViewRootImpl@fb2a030[MainActivity]: ViewPostIme pointer 1
10-04 22:55:44.180 29796 29796 I ViewRootImpl@3a6f75d[MainActivity]: reportDrawFinished seqId=0 mSyncId=-1 fn=1 mSurfaceChangedTransaction=0x7b25700700
10-04 22:55:44.187 29796 29796 I ViewRootImpl@fb2a030[MainActivity]: MSG_WINDOW_FOCUS_CHANGED 0 0
10-04 22:55:44.228 29796 29796 I ViewRootImpl@3a6f75d[MainActivity]: MSG_WINDOW_FOCUS_CHANGED 1 0
10-04 22:55:44.228 29796 29796 I ViewRootImpl@3a6f75d[MainActivity]: mThreadedRenderer.initializeIfNeeded()#2 mSurface={isValid=true 0x7bdd362000}
10-04 22:55:44.229 29796 29796 D InputMethodManager: startInputInner - Id : 0
10-04 22:55:44.229 29796 29796 I InputMethodManager: startInputInner - mService.startInputOrWindowGainedFocus
10-04 22:55:44.893 29796 29796 I ViewRootImpl@3a6f75d[MainActivity]: ViewPostIme pointer 0
10-04 22:55:44.959 29796 29796 I ViewRootImpl@3a6f75d[MainActivity]: ViewPostIme pointer 1
10-04 22:55:44.960 29796 29796 D AbsListView: onTouchUp() mTouchMode : 0
10-04 22:55:45.034 29796 29796 I MSHandlerLifeCycle: removeMultiSplitHandler: no exist. decor=DecorView@35d8f6e[MainActivity]
10-04 22:55:45.035 29796 29833 D OpenGLRenderer: setSurface called with nullptr
10-04 22:55:45.035 29796 29833 D OpenGLRenderer: setSurface() destroyed EGLSurface
10-04 22:55:45.035 29796 29833 D OpenGLRenderer: destroyEglSurface
10-04 22:55:45.039 29796 29833 D OpenGLRenderer: endAllActiveAnimators on 0x7af63bb000 (MaterialTextView) with handle 0x7b310e4260
10-04 22:55:45.040 29796 29796 I ViewRootImpl@3a6f75d[MainActivity]: dispatchDetachedFromWindow
10-04 22:55:45.061 29796 29796 D InputTransport: Input channel destroyed: '8218711', fd=140
10-04 22:55:45.064 29796 29796 I Dialog  : mIsDeviceDefault = false, mIsSamsungBasicInteraction = false, isMetaDataInActivity = false
10-04 22:55:45.145 29796 29796 I DecorView: [INFO] isPopOver=false config=false
10-04 22:55:45.145 29796 29796 I DecorView: updateCaptionType: isFloating=false isApplication=true hasWindowDecorCaption=false this=DecorView@366da6a[]
10-04 22:55:45.145 29796 29796 D DecorView: setCaptionType = 0, this = DecorView@366da6a[]
10-04 22:55:45.147 29796 29796 I DecorView: getCurrentDensityDpi: from app context. densityDpi=420 msg=resources_loaded
10-04 22:55:45.147 29796 29796 I DecorView: setWindowBackground: isPopOver=false color=0 d=android.graphics.drawable.ColorDrawable@3836ff8
10-04 22:55:45.153 29796 29833 D NativeCustomFrequencyManager: [NativeCFMS] BpCustomFrequencyManager::BpCustomFrequencyManager()
10-04 22:55:45.154 29796 29796 I DecorView: notifyKeepScreenOnChanged: keepScreenOn=false
10-04 22:55:45.165 29796 29796 D InsetsController: onStateChanged: InsetsState: {mDisplayFrame=Rect(0, 0 - 1080, 2400), mDisplayCutout=DisplayCutout{insets=Rect(0, 88 - 0, 0) waterfall=Insets{left=0, top=0, right=0, bottom=0} boundingRect={Bounds=[Rect(0, 0 - 0, 0), Rect(512, 0 - 568, 88), Rect(0, 0 - 0, 0), Rect(0, 0 - 0, 0)]} cutoutPathParserInfo={CutoutPathParserInfo{displayWidth=1080 displayHeight=2400 physicalDisplayWidth=1080 physicalDisplayHeight=2400 density={2.625} cutoutSpec={M 0,0 M 0,12.25101276465640 a 10.60613009248640,10.60613009248640 0 1,0 0,21.21226018497290 a 10.60613009248640,10.60613009248640 0 1,0 0,-21.21226018497290 Z @dp} rotation={0} scale={1.0} physicalPixelDisplaySizeRatio={1.0}}}}, mRoundedCorners=RoundedCorners{[RoundedCorner{position=TopLeft, radius=84, center=Point(84, 84)}, RoundedCorner{position=TopRight, radius=84, center=Point(996, 84)}, RoundedCorner{position=BottomRight, radius=84, center=Point(996, 2316)}, RoundedCorner{position=BottomLeft, radius=84, center=Point(84, 2316)}]}  mRoundedCornerFrame=Rect(0, 0 - 1080, 2400), mPrivacyIndicatorBounds=PrivacyIndicatorBounds {static bounds=Rect(964, 0 - 1080, 87) rotation=0}, mSources= { InsetsSource: {mType=ITYPE_STATUS_BAR, mFrame=[0,0][1080,88], mVisible=true, mInsetsRoundedCornerFrame=false}, InsetsSource: {mType=ITYPE_NAVIGATION_BAR, mFrame=[0,2361][1080,2400], mVisible=true, mInsetsRoundedCornerFrame=false}, InsetsSource: {mType=ITYPE_LEFT_GESTURES, mFrame=[0,0][130,2400], mVisible=true, mInsetsRoundedCornerFrame=false}, InsetsSource: {mType=ITYPE_RIGHT_GESTURES, mFrame=[950,0][1080,2400], mVisible=true, mInsetsRoundedCornerFrame=false}, InsetsSource: {mType=ITYPE_TOP_MANDATORY_GESTURES, mFrame=[0,0][1080,120], mVisible=true, mInsetsRoundedCornerFrame=false}, InsetsSource: {mType=ITYPE_BOTTOM_MANDATORY_GESTURES, mFrame=[0,2316][1080,2400], mVisible=true, mInsetsRoundedCornerFrame=false}, InsetsSource: {mType=ITYPE_LEFT_DISPLAY_CUTOUT, mFrame=[0,0][-100000,2400], mVisible=true, mInsetsRoundedCornerFrame=false}, InsetsSource: {mType=ITYPE_TOP_DISPLAY_CUTOUT, mFrame=[0,0][1080,88], mVisible=true, mInsetsRoundedCornerFrame=false}, InsetsSource: {mType=ITYPE_RIGHT_DISPLAY_CUTOUT, mFrame=[100000,0][1080,2400], mVisible=true, mInsetsRoundedCornerFrame=false}, InsetsSource: {mType=ITYPE_BOTTOM_DISPLAY_CUTOUT, mFrame=[0,100000][1080,2400], mVisible=true, mInsetsRoundedCornerFrame=false}, InsetsSource: {mType=ITYPE_TOP_TAPPABLE_ELEMENT, mFrame=[0,0][1080,88], mVisible=true, mInsetsRoundedCornerFrame=false}, InsetsSource: {mType=ITYPE_BOTTOM_TAPPABLE_ELEMENT, mFrame=[0,0][0,0], mVisible=true, mInsetsRoundedCornerFrame=false}, InsetsSource: {mType=ITYPE_IME, mFrame=[0,0][0,0], mVisibleFrame=[0,1409][1080,2400], mVisible=false, mInsetsRoundedCornerFrame=false} } host=com.lagradost.cloudstream3/com.lagradost.cloudstream3.MainActivity from=android.view.ViewRootImpl.setView:1732
10-04 22:55:45.166 29796 29796 I ViewRootImpl@c6e509[MainActivity]: setView = com.android.internal.policy.DecorView@366da6a TM=true
10-04 22:55:45.170 29796 29796 I ViewRootImpl@c6e509[MainActivity]: performTraversals params={(0,0)(fillxfill) gr=CENTER sim={adjust=pan forwardNavigation} ty=APPLICATION fmt=TRANSPARENT wanim=0x7f14000b
10-04 22:55:45.170 29796 29796 I ViewRootImpl@c6e509[MainActivity]:   fl=85810100
10-04 22:55:45.170 29796 29796 I ViewRootImpl@c6e509[MainActivity]:   pfl=12020040
10-04 22:55:45.170 29796 29796 I ViewRootImpl@c6e509[MainActivity]:   vsysui=500
10-04 22:55:45.170 29796 29796 I ViewRootImpl@c6e509[MainActivity]:   bhv=DEFAULT
10-04 22:55:45.170 29796 29796 I ViewRootImpl@c6e509[MainActivity]:   fitSides= naviIconColor=0}
10-04 22:55:45.171 29796 29796 I ViewRootImpl@c6e509[MainActivity]: performTraversals mFirst=true windowShouldResize=true viewVisibilityChanged=false mForceNextWindowRelayout=false params={(0,0)(fillxfill) gr=CENTER sim={adjust=pan forwardNavigation} ty=APPLICATION fmt=TRANSPARENT wanim=0x7f14000b
10-04 22:55:45.171 29796 29796 I ViewRootImpl@c6e509[MainActivity]:   fl=85810100
10-04 22:55:45.171 29796 29796 I ViewRootImpl@c6e509[MainActivity]:   pfl=12020040
10-04 22:55:45.171 29796 29796 I ViewRootImpl@c6e509[MainActivity]:   vsysui=500
10-04 22:55:45.171 29796 29796 I ViewRootImpl@c6e509[MainActivity]:   bhv=DEFAULT
10-04 22:55:45.171 29796 29796 I ViewRootImpl@c6e509[MainActivity]:   fitSides= naviIconColor=0}
10-04 22:55:45.182 29796 29796 I ViewRootImpl@c6e509[MainActivity]: updateBlastSurfaceIfNeeded mBlastBufferQueue=null isSameSurfaceControl=false
10-04 22:55:45.183 29796 29796 I BLASTBufferQueue: new BLASTBufferQueue, mName= ViewRootImpl@c6e509[MainActivity] mNativeObject= 0x7b259f3900 sc.mNativeObject= 0x7af6734a40 caller= android.view.ViewRootImpl.updateBlastSurfaceIfNeeded:2909 android.view.ViewRootImpl.relayoutWindow:9847 android.view.ViewRootImpl.performTraversals:3884 android.view.ViewRootImpl.doTraversal:3116 android.view.ViewRootImpl$TraversalRunnable.run:10885 android.view.Choreographer$CallbackRecord.run:1301 android.view.Choreographer$CallbackRecord.run:1309 android.view.Choreographer.doCallbacks:923 android.view.Choreographer.doFrame:852 android.view.Choreographer$FrameDisplayEventReceiver.run:1283 
10-04 22:55:45.183 29796 29796 I BLASTBufferQueue: update, w= 1080 h= 2400 mName = ViewRootImpl@c6e509[MainActivity] mNativeObject= 0x7b259f3900 sc.mNativeObject= 0x7af6734a40 format= -2 caller= android.graphics.BLASTBufferQueue.<init>:84 android.view.ViewRootImpl.updateBlastSurfaceIfNeeded:2909 android.view.ViewRootImpl.relayoutWindow:9847 android.view.ViewRootImpl.performTraversals:3884 android.view.ViewRootImpl.doTraversal:3116 android.view.ViewRootImpl$TraversalRunnable.run:10885 
10-04 22:55:45.183 29796 29796 I ViewRootImpl@c6e509[MainActivity]: Relayout returned: old=(0,0,1080,2400) new=(0,0,1080,2400) req=(1080,2400)0 dur=11 res=0x3 s={true 0x7bdd362000} ch=true seqId=0
10-04 22:55:45.184 29796 29796 I ViewRootImpl@c6e509[MainActivity]: mThreadedRenderer.initialize() mSurface={isValid=true 0x7bdd362000} hwInitialized=true
10-04 22:55:45.185 29796 29833 D OpenGLRenderer: eglCreateWindowSurface
10-04 22:55:45.187 29796 29796 I ViewRootImpl@c6e509[MainActivity]: reportNextDraw android.view.ViewRootImpl.performTraversals:4438 android.view.ViewRootImpl.doTraversal:3116 android.view.ViewRootImpl$TraversalRunnable.run:10885 android.view.Choreographer$CallbackRecord.run:1301 android.view.Choreographer$CallbackRecord.run:1309 
10-04 22:55:45.187 29796 29796 I ViewRootImpl@c6e509[MainActivity]: Setup new sync id=0
10-04 22:55:45.187 29796 29796 I ViewRootImpl@c6e509[MainActivity]: Setting syncFrameCallback
10-04 22:55:45.187 29796 29796 I ViewRootImpl@c6e509[MainActivity]: registerCallbacksForSync syncBuffer=false
10-04 22:55:45.189 29796 29921 I ViewRootImpl@c6e509[MainActivity]: Received frameDrawingCallback syncResult=0 frameNum=1.
10-04 22:55:45.189 29796 29921 I ViewRootImpl@c6e509[MainActivity]: Setting up sync and frameCommitCallback
10-04 22:55:45.198 29796 29833 I BLASTBufferQueue: [ViewRootImpl@c6e509[MainActivity]#9](f:0,a:0) onFrameAvailable the first frame is available
10-04 22:55:45.199 29796 29833 I ViewRootImpl@c6e509[MainActivity]: Received frameCommittedCallback lastAttemptedDrawFrameNum=1 didProduceBuffer=true
10-04 22:55:45.201 29796 29833 D OpenGLRenderer: CFMS:: SetUp Pid : 29796    Tid : 29833
10-04 22:55:45.204 29796 29796 I ViewRootImpl@c6e509[MainActivity]: onSyncComplete
10-04 22:55:45.205 29796 29796 I ViewRootImpl@c6e509[MainActivity]: setupSync seqId=0 mSyncId=0 fn=1 caller=android.view.ViewRootImpl$$ExternalSyntheticLambda11.accept:6 android.window.SurfaceSyncer.lambda$setupSync$1$android-window-SurfaceSyncer:128 android.window.SurfaceSyncer$$ExternalSyntheticLambda1.accept:8 android.window.SurfaceSyncer$SyncSet.checkIfSyncIsComplete:382 android.window.SurfaceSyncer$SyncSet.markSyncReady:359 android.window.SurfaceSyncer.markSyncReady:151 android.view.ViewRootImpl.performTraversals:4503 
10-04 22:55:45.205 29796 29796 I ViewRootImpl@c6e509[MainActivity]: reportDrawFinished seqId=0 mSyncId=-1 fn=1 mSurfaceChangedTransaction=0x7af63c2e00
