10-04 18:37:27.927 14445 14445 D InsetsController: onStateChanged: InsetsState: {mDisplayFrame=Rect(0, 0 - 1080, 2400), mDisplayCutout=DisplayCutout{insets=Rect(0, 88 - 0, 0) waterfall=Insets{left=0, top=0, right=0, bottom=0} boundingRect={Bounds=[Rect(0, 0 - 0, 0), Rect(512, 0 - 568, 88), Rect(0, 0 - 0, 0), Rect(0, 0 - 0, 0)]} cutoutPathParserInfo={CutoutPathParserInfo{displayWidth=1080 displayHeight=2400 physicalDisplayWidth=1080 physicalDisplayHeight=2400 density={2.625} cutoutSpec={M 0,0 M 0,12.25101276465640 a 10.60613009248640,10.60613009248640 0 1,0 0,21.21226018497290 a 10.60613009248640,10.60613009248640 0 1,0 0,-21.21226018497290 Z @dp} rotation={0} scale={1.0} physicalPixelDisplaySizeRatio={1.0}}}}, mRoundedCorners=RoundedCorners{[RoundedCorner{position=TopLeft, radius=84, center=Point(84, 84)}, RoundedCorner{position=TopRight, radius=84, center=Point(996, 84)}, RoundedCorner{position=BottomRight, radius=84, center=Point(996, 2316)}, RoundedCorner{position=BottomLeft, radius=84, center=Point(84, 2316)}]}  mRoundedCornerFrame=Rect(0, 0 - 1080, 2400), mPrivacyIndicatorBounds=PrivacyIndicatorBounds {static bounds=Rect(964, 0 - 1080, 87) rotation=0}, mSources= { InsetsSource: {mType=ITYPE_STATUS_BAR, mFrame=[0,0][1080,88], mVisible=true, mInsetsRoundedCornerFrame=false}, InsetsSource: {mType=ITYPE_NAVIGATION_BAR, mFrame=[0,2361][1080,2400], mVisible=true, mInsetsRoundedCornerFrame=false}, InsetsSource: {mType=ITYPE_LEFT_GESTURES, mFrame=[0,0][130,2400], mVisible=true, mInsetsRoundedCornerFrame=false}, InsetsSource: {mType=ITYPE_RIGHT_GESTURES, mFrame=[950,0][1080,2400], mVisible=true, mInsetsRoundedCornerFrame=false}, InsetsSource: {mType=ITYPE_TOP_MANDATORY_GESTURES, mFrame=[0,0][1080,120], mVisible=true, mInsetsRoundedCornerFrame=false}, InsetsSource: {mType=ITYPE_BOTTOM_MANDATORY_GESTURES, mFrame=[0,2316][1080,2400], mVisible=true, mInsetsRoundedCornerFrame=false}, InsetsSource: {mType=ITYPE_LEFT_DISPLAY_CUTOUT, mFrame=[0,0][-100000,2400], mVisible=true, mInsetsRoundedCornerFrame=false}, InsetsSource: {mType=ITYPE_TOP_DISPLAY_CUTOUT, mFrame=[0,0][1080,88], mVisible=true, mInsetsRoundedCornerFrame=false}, InsetsSource: {mType=ITYPE_RIGHT_DISPLAY_CUTOUT, mFrame=[100000,0][1080,2400], mVisible=true, mInsetsRoundedCornerFrame=false}, InsetsSource: {mType=ITYPE_BOTTOM_DISPLAY_CUTOUT, mFrame=[0,100000][1080,2400], mVisible=true, mInsetsRoundedCornerFrame=false}, InsetsSource: {mType=ITYPE_TOP_TAPPABLE_ELEMENT, mFrame=[0,0][1080,88], mVisible=true, mInsetsRoundedCornerFrame=false}, InsetsSource: {mType=ITYPE_BOTTOM_TAPPABLE_ELEMENT, mFrame=[0,0][0,0], mVisible=true, mInsetsRoundedCornerFrame=false}, InsetsSource: {mType=ITYPE_IME, mFrame=[0,0][0,0], mVisibleFrame=[0,1409][1080,2400], mVisible=false, mInsetsRoundedCornerFrame=false} } host=com.lagradost.cloudstream3/com.lagradost.cloudstream3.MainActivity from=android.view.ViewRootImpl.relayoutWindow:9802
10-04 18:37:27.928 14445 14445 I ViewRootImpl@7f5677e[MainActivity]: updateBlastSurfaceIfNeeded mBlastBufferQueue=null isSameSurfaceControl=false
10-04 18:37:27.929 14445 14445 I BLASTBufferQueue: new BLASTBufferQueue, mName= ViewRootImpl@7f5677e[MainActivity] mNativeObject= 0x7b1bfbc700 sc.mNativeObject= 0x7aec79b4a0 caller= android.view.ViewRootImpl.updateBlastSurfaceIfNeeded:2909 android.view.ViewRootImpl.relayoutWindow:9847 android.view.ViewRootImpl.performTraversals:3884 android.view.ViewRootImpl.doTraversal:3116 android.view.ViewRootImpl$TraversalRunnable.run:10885 android.view.Choreographer$CallbackRecord.run:1301 android.view.Choreographer$CallbackRecord.run:1309 android.view.Choreographer.doCallbacks:923 android.view.Choreographer.doFrame:852 android.view.Choreographer$FrameDisplayEventReceiver.run:1283 
10-04 18:37:27.929 14445 14445 I BLASTBufferQueue: update, w= 1080 h= 2400 mName = ViewRootImpl@7f5677e[MainActivity] mNativeObject= 0x7b1bfbc700 sc.mNativeObject= 0x7aec79b4a0 format= -2 caller= android.graphics.BLASTBufferQueue.<init>:84 android.view.ViewRootImpl.updateBlastSurfaceIfNeeded:2909 android.view.ViewRootImpl.relayoutWindow:9847 android.view.ViewRootImpl.performTraversals:3884 android.view.ViewRootImpl.doTraversal:3116 android.view.ViewRootImpl$TraversalRunnable.run:10885 
10-04 18:37:27.930 14445 14445 I ViewRootImpl@7f5677e[MainActivity]: Relayout returned: old=(0,0,1080,2400) new=(0,0,1080,2400) req=(1080,2400)0 dur=11 res=0x1 s={true 0x7b5de56800} ch=true seqId=0
10-04 18:37:27.930 14445 14445 I ViewRootImpl@7f5677e[MainActivity]: mThreadedRenderer.initialize() mSurface={isValid=true 0x7b5de56800} hwInitialized=true
10-04 18:37:27.930 14445 14445 I ViewRootImpl@7f5677e[MainActivity]: reportNextDraw android.view.ViewRootImpl.performTraversals:4438 android.view.ViewRootImpl.doTraversal:3116 android.view.ViewRootImpl$TraversalRunnable.run:10885 android.view.Choreographer$CallbackRecord.run:1301 android.view.Choreographer$CallbackRecord.run:1309 
10-04 18:37:27.930 14445 14461 D OpenGLRenderer: eglCreateWindowSurface
10-04 18:37:27.930 14445 14445 I ViewRootImpl@7f5677e[MainActivity]: Setup new sync id=1
10-04 18:37:27.930 14445 14445 I ViewRootImpl@7f5677e[MainActivity]: Setting syncFrameCallback
10-04 18:37:27.931 14445 14445 I ViewRootImpl@7f5677e[MainActivity]: registerCallbacksForSync syncBuffer=false
10-04 18:37:27.936 14445 14536 I ViewRootImpl@7f5677e[MainActivity]: Received frameDrawingCallback syncResult=0 frameNum=1.
10-04 18:37:27.936 14445 14536 I ViewRootImpl@7f5677e[MainActivity]: Setting up sync and frameCommitCallback
10-04 18:37:27.943 14445 14461 I BLASTBufferQueue: [ViewRootImpl@7f5677e[MainActivity]#7](f:0,a:0) onFrameAvailable the first frame is available
10-04 18:37:27.943 14445 14461 I ViewRootImpl@7f5677e[MainActivity]: Received frameCommittedCallback lastAttemptedDrawFrameNum=1 didProduceBuffer=true
10-04 18:37:27.944 14445 14445 I ViewRootImpl@7f5677e[MainActivity]: onSyncComplete
10-04 18:37:27.944 14445 14445 I ViewRootImpl@7f5677e[MainActivity]: setupSync seqId=0 mSyncId=1 fn=1 caller=android.view.ViewRootImpl$$ExternalSyntheticLambda11.accept:6 android.window.SurfaceSyncer.lambda$setupSync$1$android-window-SurfaceSyncer:128 android.window.SurfaceSyncer$$ExternalSyntheticLambda1.accept:8 android.window.SurfaceSyncer$SyncSet.checkIfSyncIsComplete:382 android.window.SurfaceSyncer$SyncSet.markSyncReady:359 android.window.SurfaceSyncer.markSyncReady:151 android.view.ViewRootImpl.performTraversals:4503 
10-04 18:37:27.944 14445 14445 I ViewRootImpl@7f5677e[MainActivity]: reportDrawFinished seqId=0 mSyncId=-1 fn=1 mSurfaceChangedTransaction=0x7b3dace300
10-04 18:37:27.947 14445 14445 W PanelsChildGestureRegionObserver: failed to register view with ID 2131362800. already registered
10-04 18:37:27.958 14445 14445 I DecorView: notifyKeepScreenOnChanged: keepScreenOn=false
10-04 18:37:27.962 14445 14537 D SurfaceView@30282f7: updateSurfacePosition RenderWorker, frameNr = 538, position = [54, 314, 1026, 787] surfaceSize = 1080x525
10-04 18:37:27.962 14445 14537 I SurfaceView@30282f7: uSP: rtp = Rect(54, 314 - 1026, 787) rtsw = 1080 rtsh = 525
10-04 18:37:27.963 14445 14537 I SurfaceView@30282f7: onSSPAndSRT: pl = 54 pt = 314 sx = 0.9 sy = 0.9009524
10-04 18:37:27.963 14445 14537 I SurfaceView@30282f7: aOrMT: ViewRootImpl@9ace973[MainActivity] t = android.view.SurfaceControl$Transaction@d80e1ad fN = 538 android.view.SurfaceView.-$$Nest$mapplyOrMergeTransaction:0 android.view.SurfaceView$SurfaceViewPositionUpdateListener.positionChanged:1537 android.graphics.RenderNode$CompositePositionUpdateListener.positionChanged:373 
10-04 18:37:27.963 14445 14537 I ViewRootImpl@9ace973[MainActivity]: mWNT: t=0x7b79100200 mBlastBufferQueue=0x7b3d603900 fn= 538 caller= android.view.SurfaceView.applyOrMergeTransaction:1455 android.view.SurfaceView.-$$Nest$mapplyOrMergeTransaction:0 android.view.SurfaceView$SurfaceViewPositionUpdateListener.positionChanged:1537 
10-04 18:37:27.963 14445 14445 I ViewRootImpl@7f5677e[MainActivity]: performTraversals params={(0,0)(fillxfill) gr=CENTER sim={adjust=resize} ty=APPLICATION fmt=TRANSPARENT wanim=0x7f14000b
10-04 18:37:27.963 14445 14445 I ViewRootImpl@7f5677e[MainActivity]:   fl=85810100
10-04 18:37:27.963 14445 14445 I ViewRootImpl@7f5677e[MainActivity]:   pfl=12020040
10-04 18:37:27.963 14445 14445 I ViewRootImpl@7f5677e[MainActivity]:   vsysui=500
10-04 18:37:27.963 14445 14445 I ViewRootImpl@7f5677e[MainActivity]:   bhv=DEFAULT
10-04 18:37:27.963 14445 14445 I ViewRootImpl@7f5677e[MainActivity]:   fitSides= naviIconColor=0}
10-04 18:37:27.964 14445 14445 I ViewRootImpl@7f5677e[MainActivity]: performTraversals mFirst=false windowShouldResize=false viewVisibilityChanged=false mForceNextWindowRelayout=false params={(0,0)(fillxfill) gr=CENTER sim={adjust=resize} ty=APPLICATION fmt=TRANSPARENT wanim=0x7f14000b
10-04 18:37:27.964 14445 14445 I ViewRootImpl@7f5677e[MainActivity]:   fl=85810100
10-04 18:37:27.964 14445 14445 I ViewRootImpl@7f5677e[MainActivity]:   pfl=12020040
10-04 18:37:27.964 14445 14445 I ViewRootImpl@7f5677e[MainActivity]:   vsysui=500
10-04 18:37:27.964 14445 14445 I ViewRootImpl@7f5677e[MainActivity]:   bhv=DEFAULT
10-04 18:37:27.964 14445 14445 I ViewRootImpl@7f5677e[MainActivity]:   fitSides= naviIconColor=0}
10-04 18:37:27.970 14445 14445 I ViewRootImpl@7f5677e[MainActivity]: updateBlastSurfaceIfNeeded mBlastBufferQueue=0x7b1bfbc700 isSameSurfaceControl=true
10-04 18:37:27.970 14445 14445 I BLASTBufferQueue: update, w= 1080 h= 2400 mName = ViewRootImpl@7f5677e[MainActivity] mNativeObject= 0x7b1bfbc700 sc.mNativeObject= 0x7b5db243e0 format= -2 caller= android.view.ViewRootImpl.updateBlastSurfaceIfNeeded:2898 android.view.ViewRootImpl.relayoutWindow:9847 android.view.ViewRootImpl.performTraversals:3884 android.view.ViewRootImpl.doTraversal:3116 android.view.ViewRootImpl$TraversalRunnable.run:10885 android.view.Choreographer$CallbackRecord.run:1301 
10-04 18:37:27.970 14445 14445 I ViewRootImpl@7f5677e[MainActivity]: Relayout returned: old=(0,0,1080,2400) new=(0,0,1080,2400) req=(1080,2400)0 dur=6 res=0x0 s={true 0x7b5de56800} ch=false seqId=0
10-04 18:37:27.972 14445 14445 I SurfaceView@30282f7: onWindowVisibilityChanged(8) false android.view.SurfaceView{30282f7 V.E...... ........ 0,0-1080,525} of ViewRootImpl@9ace973[MainActivity]
10-04 18:37:27.972 14445 14445 I SurfaceView@30282f7: Changes: creating=false format=false size=false visible=true alpha=false hint=false mUseAlpha=false visible=true left=false top=false
10-04 18:37:27.972 14445 14445 I SurfaceView@30282f7: 50496247 Cur surface: Surface(name=null)/@0xabc2156
10-04 18:37:27.972 14445 14445 I SurfaceView@30282f7: applyTransactionOnVriDraw: vri = ViewRootImpl@9ace973[MainActivity] fRS = false t = 0x7b3625d800 android.view.SurfaceView.performSurfaceTransaction:959 android.view.SurfaceView.updateSurface:1105 android.view.SurfaceView.onWindowVisibilityChanged:371 
10-04 18:37:27.973 14445 14445 I ViewRootImpl@9ace973[MainActivity]: applyTransactionOnDraw: mRemoved = false isHardwareEnabled = true t = 0x7b3625d800android.view.SurfaceView.applyTransactionOnVriDraw:2048 android.view.SurfaceView.performSurfaceTransaction:959 android.view.SurfaceView.updateSurface:1105 android.view.SurfaceView.onWindowVisibilityChanged:371 android.view.View.dispatchDetachedFromWindow:22529 
10-04 18:37:27.973 14445 14445 I SurfaceView@30282f7: surfaceDestroyed
10-04 18:37:27.973 14445 14445 I SurfaceView@30282f7: surfaceDestroyed callback.size 0 #2 android.view.SurfaceView{30282f7 V.E...... ........ 0,0-1080,525}
10-04 18:37:27.973 14445 14445 I SurfaceView@30282f7: updateSurface: mVisible = false mSurface.isValid() = true
10-04 18:37:27.973 14445 14445 I SurfaceView@30282f7: releaseSurfaces: viewRoot = ViewRootImpl@9ace973[MainActivity]
10-04 18:37:27.973 14445 14445 I SurfaceView@30282f7: applyTransactionOnVriDraw: vri = ViewRootImpl@9ace973[MainActivity] fRS = true t = 0x7b1c551400 android.view.SurfaceView.releaseSurfaces:858 android.view.SurfaceView.updateSurface:1172 android.view.SurfaceView.onWindowVisibilityChanged:371 
10-04 18:37:27.973 14445 14445 I SurfaceView@30282f7: applyTransactionOnVriDraw: viewRoot.applyTransactionOnDrawFromReleaseSurfaces
10-04 18:37:27.974 14445 14445 I ViewRootImpl@9ace973[MainActivity]: applyTransactionOnDraw: mRemoved = false isHardwareEnabled = true t = 0x7b1c551400android.view.ViewRootImpl.applyTransactionOnDrawFromReleaseSurfaces:12850 android.view.SurfaceView.applyTransactionOnVriDraw:2046 android.view.SurfaceView.releaseSurfaces:858 android.view.SurfaceView.updateSurface:1172 android.view.SurfaceView.onWindowVisibilityChanged:371 
10-04 18:37:27.974 14445 14445 V SurfaceView@30282f7: Layout: x=0 y=218 w=1080 h=525, frame=Rect(0, 0 - 1080, 525)
10-04 18:37:27.974 14445 14445 I SurfaceView@30282f7: onDetachedFromWindow: tryReleaseSurfaces()
10-04 18:37:27.974 14445 14445 I SurfaceView@30282f7: releaseSurfaces: viewRoot = ViewRootImpl@9ace973[MainActivity]
10-04 18:37:27.974 14445 14445 I SurfaceView@30282f7: applyTransactionOnVriDraw: vri = ViewRootImpl@9ace973[MainActivity] fRS = true t = 0x7b1c551500 android.view.SurfaceView.releaseSurfaces:858 android.view.SurfaceView.onDetachedFromWindow:500 android.view.View.dispatchDetachedFromWindow:22538 
10-04 18:37:27.974 14445 14445 I SurfaceView@30282f7: applyTransactionOnVriDraw: viewRoot.applyTransactionOnDrawFromReleaseSurfaces
10-04 18:37:27.974 14445 14445 I ViewRootImpl@9ace973[MainActivity]: applyTransactionOnDraw: mRemoved = false isHardwareEnabled = true t = 0x7b1c551500android.view.ViewRootImpl.applyTransactionOnDrawFromReleaseSurfaces:12850 android.view.SurfaceView.applyTransactionOnVriDraw:2046 android.view.SurfaceView.releaseSurfaces:858 android.view.SurfaceView.onDetachedFromWindow:500 android.view.View.dispatchDetachedFromWindow:22538 
10-04 18:37:27.989 14445 14445 I DecorView: notifyKeepScreenOnChanged: keepScreenOn=false
10-04 18:37:27.990 14445 14445 I CS3ExoPlayer: releasePlayer
10-04 18:37:27.990 14445 14445 I CS3ExoPlayer: Handle event: PlayerAttachedEvent(player=null, source=Player)
10-04 18:37:27.991 14445 14445 I DecorView: notifyKeepScreenOnChanged: keepScreenOn=false
10-04 18:37:27.991 14445 14445 I ViewRootImpl@9ace973[MainActivity]: MSG_WINDOW_FOCUS_CHANGED 0 0
10-04 18:37:27.994 14445 14445 I ViewRootImpl@7f5677e[MainActivity]: MSG_WINDOW_FOCUS_CHANGED 1 0
10-04 18:37:27.994 14445 14445 I ViewRootImpl@7f5677e[MainActivity]: mThreadedRenderer.initializeIfNeeded()#2 mSurface={isValid=true 0x7b5de56800}
10-04 18:37:27.995 14445 14445 D InputMethodManager: startInputInner - Id : 0
10-04 18:37:27.995 14445 14445 I InputMethodManager: startInputInner - mService.startInputOrWindowGainedFocus
10-04 18:37:28.000 14445 14445 I ViewRootImpl@9ace973[MainActivity]: performTraversals params={(0,0)(fillxfill) sim={state=always_hidden adjust=resize} ty=BASE_APPLICATION wanim=0x1030309
10-04 18:37:28.000 14445 14445 I ViewRootImpl@9ace973[MainActivity]:   fl=85810100
10-04 18:37:28.000 14445 14445 I ViewRootImpl@9ace973[MainActivity]:   pfl=12020040
10-04 18:37:28.000 14445 14445 I ViewRootImpl@9ace973[MainActivity]:   vsysui=500
10-04 18:37:28.000 14445 14445 I ViewRootImpl@9ace973[MainActivity]:   bhv=DEFAULT
10-04 18:37:28.000 14445 14445 I ViewRootImpl@9ace973[MainActivity]:   fitSides= naviIconColor=0}
10-04 18:37:28.000 14445 14445 I ViewRootImpl@9ace973[MainActivity]: performTraversals mFirst=false windowShouldResize=false viewVisibilityChanged=false mForceNextWindowRelayout=false params={(0,0)(fillxfill) sim={state=always_hidden adjust=resize} ty=BASE_APPLICATION fmt=TRANSLUCENT wanim=0x1030309
10-04 18:37:28.000 14445 14445 I ViewRootImpl@9ace973[MainActivity]:   fl=85810100
10-04 18:37:28.000 14445 14445 I ViewRootImpl@9ace973[MainActivity]:   pfl=12020040
10-04 18:37:28.000 14445 14445 I ViewRootImpl@9ace973[MainActivity]:   vsysui=500
10-04 18:37:28.000 14445 14445 I ViewRootImpl@9ace973[MainActivity]:   bhv=DEFAULT
10-04 18:37:28.000 14445 14445 I ViewRootImpl@9ace973[MainActivity]:   fitSides= naviIconColor=0}
10-04 18:37:28.008 14445 14445 I ViewRootImpl@9ace973[MainActivity]: updateBlastSurfaceIfNeeded mBlastBufferQueue=0x7b3d603900 isSameSurfaceControl=true
10-04 18:37:28.008 14445 14445 I BLASTBufferQueue: update, w= 1080 h= 2400 mName = ViewRootImpl@9ace973[MainActivity] mNativeObject= 0x7b3d603900 sc.mNativeObject= 0x7be1656580 format= -3 caller= android.view.ViewRootImpl.updateBlastSurfaceIfNeeded:2898 android.view.ViewRootImpl.relayoutWindow:9847 android.view.ViewRootImpl.performTraversals:3884 android.view.ViewRootImpl.doTraversal:3116 android.view.ViewRootImpl$TraversalRunnable.run:10885 android.view.Choreographer$CallbackRecord.run:1301 
10-04 18:37:28.008 14445 14445 I ViewRootImpl@9ace973[MainActivity]: Relayout returned: old=(0,0,1080,2400) new=(0,0,1080,2400) req=(1080,2400)0 dur=8 res=0x0 s={true 0x7b5dc16800} ch=false seqId=0
10-04 18:37:28.008 14445 14445 I ViewRootImpl@9ace973[MainActivity]: updateBoundsLayer: t = android.view.SurfaceControl$Transaction@5a5d4b8 sc = Surface(name=Bounds for - com.lagradost.cloudstream3/com.lagradost.cloudstream3.MainActivity@0)/@0xcbbd291 frame = 539
10-04 18:37:28.009 14445 14445 I ViewRootImpl@9ace973[MainActivity]: mWNT: t=0x7b5dcdfd00 mBlastBufferQueue=0x7b3d603900 fn= 539 caller= android.view.ViewRootImpl.prepareSurfaces:2985 android.view.ViewRootImpl.performTraversals:4233 android.view.ViewRootImpl.doTraversal:3116 
10-04 18:37:28.010 14445 14461 D SurfaceView@30282f7: windowPositionLost, frameNr = 539
10-04 18:37:28.011 14445 14536 I ViewRootImpl@9ace973[MainActivity]: mWNT: t=0x7b3625d800 mBlastBufferQueue=0x7b3d603900 fn= 539 caller= android.view.ViewRootImpl.lambda$applyTransactionOnDraw$11$android-view-ViewRootImpl:12865 android.view.ViewRootImpl$$ExternalSyntheticLambda1.onFrameDraw:4 android.graphics.HardwareRenderer$FrameDrawingCallback.onFrameDraw:924 
10-04 18:37:28.011 14445 14536 I ViewRootImpl@9ace973[MainActivity]: mWNT: t=0x7b1c551400 mBlastBufferQueue=0x7b3d603900 fn= 539 caller= android.view.ViewRootImpl.lambda$applyTransactionOnDraw$11$android-view-ViewRootImpl:12865 android.view.ViewRootImpl$$ExternalSyntheticLambda1.onFrameDraw:4 android.graphics.HardwareRenderer$FrameDrawingCallback.onFrameDraw:924 
10-04 18:37:28.012 14445 14536 I ViewRootImpl@9ace973[MainActivity]: mWNT: t=0x7b1c551500 mBlastBufferQueue=0x7b3d603900 fn= 539 caller= android.view.ViewRootImpl.lambda$applyTransactionOnDraw$11$android-view-ViewRootImpl:12865 android.view.ViewRootImpl$$ExternalSyntheticLambda1.onFrameDraw:4 android.graphics.HardwareRenderer$FrameDrawingCallback.onFrameDraw:924 
10-04 18:37:28.750 14445 14445 I ViewRootImpl@7f5677e[MainActivity]: ViewPostIme pointer 0
10-04 18:37:28.865 14445 14445 I ViewRootImpl@7f5677e[MainActivity]: ViewPostIme pointer 1
10-04 18:37:29.412 14445 14445 I ViewRootImpl@7f5677e[MainActivity]: ViewPostIme pointer 0
10-04 18:37:29.419 14445 14456 W st.cloudstream3: Checksum mismatch for dex WeCima.-1708855160.cs3
10-04 18:37:29.419 14445 14456 W st.cloudstream3: Could not add methods to the existing profiler. Clearing the profile data.
10-04 18:37:29.457 14445 14456 W st.cloudstream3: Failed to flush directory /data/misc/profiles/cur/0/com.lagradost.cloudstream3: Permission denied
10-04 18:37:29.644 14445 14445 I ViewRootImpl@7f5677e[MainActivity]: ViewPostIme pointer 1
10-04 18:37:30.860 14445 14445 I ViewRootImpl@7f5677e[MainActivity]: ViewPostIme pointer 0
10-04 18:37:30.910 14445 14445 I ViewRootImpl@7f5677e[MainActivity]: ViewPostIme pointer 1
10-04 18:37:30.913 14445 14445 I NavComponent: Navigating to fragment: 2131362274
10-04 18:37:30.918 14445 14445 I IMM_LC  : hsifw() - flag : 0
10-04 18:37:30.918 14445 14445 I IMM_LC  : hsifw() ignore mServedView == null or mServedView.getWindowToken() != windowToken, mServedView :DecorView@e5e9da[MainActivity]
10-04 18:37:30.921 14445 14445 I MSHandlerLifeCycle: check: return. pkg=com.lagradost.cloudstream3 isActivity=false callers=com.android.internal.policy.DecorView.setVisibility:4412 android.app.Dialog.hide:767 com.lagradost.cloudstream3.utils.AppContextUtils.ownHide:123 com.lagradost.cloudstream3.ui.home.HomeFragment$Companion.loadHomepageList$lambda$3:185 com.lagradost.cloudstream3.ui.home.HomeFragment$Companion.$r8$lambda$MoQSIPnUiyzkK5n4sMwjTMvpPNA:0 
10-04 18:37:30.922 14445 14445 I MSHandlerLifeCycle: removeMultiSplitHandler: no exist. decor=DecorView@e5e9da[MainActivity]
10-04 18:37:30.946 14445 14445 D ScrollView: initGoToTop
10-04 18:37:31.233 14445 14445 I SurfaceView@5dc7c4: onWindowVisibilityChanged(0) true android.view.SurfaceView{5dc7c4 V.E...... ......I. 0,0-0,0} of ViewRootImpl@9ace973[MainActivity]
10-04 18:37:31.233 14445 14445 D SurfaceView@5dc7c4: updateSurface: has no frame
10-04 18:37:31.240 14445 14445 I CS3ExoPlayer: SET STYLE = SaveCaptionStyle(foregroundColor=-1, backgroundColor=0, windowColor=0, edgeType=1, edgeColor=-16777216, typeface=null, typefaceFilePath=null, elevation=20, fixedTextSize=null, edgeSize=null, removeCaptions=false, removeBloat=true, upperCase=false, bold=false, italic=false, backgroundRadius=null)
10-04 18:37:31.250 14445 14445 I IMM_LC  : hsifw() - flag : 0
10-04 18:37:31.251 14445 14445 I IMM_LC  : hsifw() ignore mServedView == null or mServedView.getWindowToken() != windowToken, mServedView :DecorView@e5e9da[MainActivity]
10-04 18:37:31.251 14445 14541 I SYNCVM  : addFromUrl = https://wecima.now/watch/%d9%85%d8%b4%d8%a7%d9%87%d8%af%d8%a9-%d9%81%d9%8a%d9%84%d9%85-alma-and-the-wolf-2025-%d9%85%d8%aa%d8%b1%d8%ac%d9%85/
10-04 18:37:31.251 14445 14541 I SYNCUTIL: getIdsFromUrl https://wecima.now/watch/%d9%85%d8%b4%d8%a7%d9%87%d8%af%d8%a9-%d9%81%d9%8a%d9%84%d9%85-alma-and-the-wolf-2025-%d9%85%d8%aa%d8%b1%d8%ac%d9%85/
10-04 18:37:31.266 14445 14445 I SurfaceView@5dc7c4: onWindowVisibilityChanged(8) false android.view.SurfaceView{5dc7c4 V.E...... ......I. 0,0-0,0} of ViewRootImpl@9ace973[MainActivity]
10-04 18:37:31.266 14445 14445 D SurfaceView@5dc7c4: updateSurface: has no frame
10-04 18:37:31.266 14445 14445 D SurfaceView@5dc7c4: updateSurface: has no frame
10-04 18:37:31.266 14445 14445 I SurfaceView@5dc7c4: onDetachedFromWindow: tryReleaseSurfaces()
10-04 18:37:31.266 14445 14445 I SurfaceView@5dc7c4: releaseSurfaces: viewRoot = ViewRootImpl@9ace973[MainActivity]
10-04 18:37:31.266 14445 14445 I SurfaceView@5dc7c4: applyTransactionOnVriDraw: vri = ViewRootImpl@9ace973[MainActivity] fRS = true t = 0x7aebfd0300 android.view.SurfaceView.releaseSurfaces:858 android.view.SurfaceView.onDetachedFromWindow:500 android.view.View.dispatchDetachedFromWindow:22538 
10-04 18:37:31.266 14445 14445 I SurfaceView@5dc7c4: applyTransactionOnVriDraw: viewRoot.applyTransactionOnDrawFromReleaseSurfaces
10-04 18:37:31.267 14445 14445 I ViewRootImpl@9ace973[MainActivity]: applyTransactionOnDraw: mRemoved = false isHardwareEnabled = true t = 0x7aebfd0300android.view.ViewRootImpl.applyTransactionOnDrawFromReleaseSurfaces:12850 android.view.SurfaceView.applyTransactionOnVriDraw:2046 android.view.SurfaceView.releaseSurfaces:858 android.view.SurfaceView.onDetachedFromWindow:500 android.view.View.dispatchDetachedFromWindow:22538 
10-04 18:37:31.268 14445 14445 I SurfaceView@5dc7c4: onWindowVisibilityChanged(0) true android.view.SurfaceView{5dc7c4 V.E...... ......I. 0,0-0,0} of ViewRootImpl@9ace973[MainActivity]
10-04 18:37:31.269 14445 14445 D SurfaceView@5dc7c4: updateSurface: has no frame
10-04 18:37:31.272 14445 14445 I DecorView: notifyKeepScreenOnChanged: keepScreenOn=false
10-04 18:37:31.283 14445 14445 I CS3ExoPlayer: reloadPlayer
10-04 18:37:31.283 14445 14445 I CS3ExoPlayer: releasePlayer
10-04 18:37:31.283 14445 14445 I CS3ExoPlayer: Handle event: PlayerAttachedEvent(player=null, source=Player)
10-04 18:37:31.290 14445 14445 I ViewRootImpl@9ace973[MainActivity]: performTraversals params={(0,0)(fillxfill) sim={state=always_hidden adjust=resize} ty=BASE_APPLICATION wanim=0x1030309
10-04 18:37:31.290 14445 14445 I ViewRootImpl@9ace973[MainActivity]:   fl=85810100
10-04 18:37:31.290 14445 14445 I ViewRootImpl@9ace973[MainActivity]:   pfl=12020040
10-04 18:37:31.290 14445 14445 I ViewRootImpl@9ace973[MainActivity]:   vsysui=500
10-04 18:37:31.290 14445 14445 I ViewRootImpl@9ace973[MainActivity]:   bhv=DEFAULT
10-04 18:37:31.290 14445 14445 I ViewRootImpl@9ace973[MainActivity]:   fitSides= naviIconColor=0}
10-04 18:37:31.290 14445 14445 I ViewRootImpl@9ace973[MainActivity]: performTraversals mFirst=false windowShouldResize=false viewVisibilityChanged=false mForceNextWindowRelayout=false params={(0,0)(fillxfill) sim={state=always_hidden adjust=resize} ty=BASE_APPLICATION fmt=TRANSLUCENT wanim=0x1030309
10-04 18:37:31.290 14445 14445 I ViewRootImpl@9ace973[MainActivity]:   fl=85810100
10-04 18:37:31.290 14445 14445 I ViewRootImpl@9ace973[MainActivity]:   pfl=12020040
10-04 18:37:31.290 14445 14445 I ViewRootImpl@9ace973[MainActivity]:   vsysui=500
10-04 18:37:31.290 14445 14445 I ViewRootImpl@9ace973[MainActivity]:   bhv=DEFAULT
10-04 18:37:31.290 14445 14445 I ViewRootImpl@9ace973[MainActivity]:   fitSides= naviIconColor=0}
10-04 18:37:31.295 14445 14445 I ViewRootImpl@9ace973[MainActivity]: updateBlastSurfaceIfNeeded mBlastBufferQueue=0x7b3d603900 isSameSurfaceControl=true
10-04 18:37:31.296 14445 14445 I BLASTBufferQueue: update, w= 1080 h= 2400 mName = ViewRootImpl@9ace973[MainActivity] mNativeObject= 0x7b3d603900 sc.mNativeObject= 0x7b03202500 format= -3 caller= android.view.ViewRootImpl.updateBlastSurfaceIfNeeded:2898 android.view.ViewRootImpl.relayoutWindow:9847 android.view.ViewRootImpl.performTraversals:3884 android.view.ViewRootImpl.doTraversal:3116 android.view.ViewRootImpl$TraversalRunnable.run:10885 android.view.Choreographer$CallbackRecord.run:1301 
10-04 18:37:31.296 14445 14445 I ViewRootImpl@9ace973[MainActivity]: Relayout returned: old=(0,0,1080,2400) new=(0,0,1080,2400) req=(1080,2400)0 dur=5 res=0x0 s={true 0x7b5dc16800} ch=false seqId=0
10-04 18:37:31.296 14445 14445 I ViewRootImpl@9ace973[MainActivity]: updateBoundsLayer: t = android.view.SurfaceControl$Transaction@5a5d4b8 sc = Surface(name=Bounds for - com.lagradost.cloudstream3/com.lagradost.cloudstream3.MainActivity@0)/@0xcbbd291 frame = 541
10-04 18:37:31.296 14445 14445 I ViewRootImpl@9ace973[MainActivity]: mWNT: t=0x7b5dcdfd00 mBlastBufferQueue=0x7b3d603900 fn= 541 caller= android.view.ViewRootImpl.prepareSurfaces:2985 android.view.ViewRootImpl.performTraversals:4233 android.view.ViewRootImpl.doTraversal:3116 
10-04 18:37:31.297 14445 14445 W View    : requestLayout() improperly called by android.widget.FrameLayout{1062eb6 I.E...... ......I. 0,0-0,0 #7f0a04e7 app:id/start_panel} during layout: running second layout pass
10-04 18:37:31.297 14445 14445 W View    : requestLayout() improperly called by android.widget.FrameLayout{8a187b7 I.E...... ......ID 1080,0-1080,2143 #7f0a0168 app:id/end_panel} during layout: running second layout pass
10-04 18:37:31.299 14445 14445 D SurfaceView@5dc7c4: updateSurface: has no frame
10-04 18:37:31.303 14445 14537 I ViewRootImpl@9ace973[MainActivity]: mWNT: t=0x7aebfd0300 mBlastBufferQueue=0x7b3d603900 fn= 541 caller= android.view.ViewRootImpl.lambda$applyTransactionOnDraw$11$android-view-ViewRootImpl:12865 android.view.ViewRootImpl$$ExternalSyntheticLambda1.onFrameDraw:4 android.graphics.HardwareRenderer$FrameDrawingCallback.onFrameDraw:924 
10-04 18:37:31.309 14445 14461 D OpenGLRenderer: setSurface called with nullptr
10-04 18:37:31.309 14445 14461 D OpenGLRenderer: setSurface() destroyed EGLSurface
10-04 18:37:31.309 14445 14461 D OpenGLRenderer: destroyEglSurface
10-04 18:37:31.311 14445 14445 I ViewRootImpl@7f5677e[MainActivity]: performTraversals mFirst=false windowShouldResize=false viewVisibilityChanged=true mForceNextWindowRelayout=false params={(0,0)(fillxfill) gr=CENTER sim={adjust=pan} ty=APPLICATION fmt=TRANSPARENT wanim=0x7f14000b
10-04 18:37:31.311 14445 14445 I ViewRootImpl@7f5677e[MainActivity]:   fl=85810100
10-04 18:37:31.311 14445 14445 I ViewRootImpl@7f5677e[MainActivity]:   pfl=12020040
10-04 18:37:31.311 14445 14445 I ViewRootImpl@7f5677e[MainActivity]:   vsysui=500
10-04 18:37:31.311 14445 14445 I ViewRootImpl@7f5677e[MainActivity]:   bhv=DEFAULT
10-04 18:37:31.311 14445 14445 I ViewRootImpl@7f5677e[MainActivity]:   fitSides= naviIconColor=0}
10-04 18:37:31.324 14445 14445 D InsetsController: onStateChanged: InsetsState: {mDisplayFrame=Rect(0, 0 - 1080, 2400), mDisplayCutout=DisplayCutout{insets=Rect(0, 88 - 0, 0) waterfall=Insets{left=0, top=0, right=0, bottom=0} boundingRect={Bounds=[Rect(0, 0 - 0, 0), Rect(512, 0 - 568, 88), Rect(0, 0 - 0, 0), Rect(0, 0 - 0, 0)]} cutoutPathParserInfo={CutoutPathParserInfo{displayWidth=1080 displayHeight=2400 physicalDisplayWidth=1080 physicalDisplayHeight=2400 density={2.625} cutoutSpec={M 0,0 M 0,12.25101276465640 a 10.60613009248640,10.60613009248640 0 1,0 0,21.21226018497290 a 10.60613009248640,10.60613009248640 0 1,0 0,-21.21226018497290 Z @dp} rotation={0} scale={1.0} physicalPixelDisplaySizeRatio={1.0}}}}, mRoundedCorners=RoundedCorners{[RoundedCorner{position=TopLeft, radius=84, center=Point(84, 84)}, RoundedCorner{position=TopRight, radius=84, center=Point(996, 84)}, RoundedCorner{position=BottomRight, radius=84, center=Point(996, 2316)}, RoundedCorner{position=BottomLeft, radius=84, center=Point(84, 2316)}]}  mRoundedCornerFrame=Rect(0, 0 - 1080, 2400), mPrivacyIndicatorBounds=PrivacyIndicatorBounds {static bounds=Rect(964, 0 - 1080, 87) rotation=0}, mSources= { InsetsSource: {mType=ITYPE_STATUS_BAR, mFrame=[0,0][1080,88], mVisible=true, mInsetsRoundedCornerFrame=false}, InsetsSource: {mType=ITYPE_NAVIGATION_BAR, mFrame=[0,2361][1080,2400], mVisible=true, mInsetsRoundedCornerFrame=false}, InsetsSource: {mType=ITYPE_LEFT_GESTURES, mFrame=[0,0][130,2400], mVisible=true, mInsetsRoundedCornerFrame=false}, InsetsSource: {mType=ITYPE_RIGHT_GESTURES, mFrame=[950,0][1080,2400], mVisible=true, mInsetsRoundedCornerFrame=false}, InsetsSource: {mType=ITYPE_TOP_MANDATORY_GESTURES, mFrame=[0,0][1080,120], mVisible=true, mInsetsRoundedCornerFrame=false}, InsetsSource: {mType=ITYPE_BOTTOM_MANDATORY_GESTURES, mFrame=[0,2316][1080,2400], mVisible=true, mInsetsRoundedCornerFrame=false}, InsetsSource: {mType=ITYPE_LEFT_DISPLAY_CUTOUT, mFrame=[0,0][-100000,2400], mVisible=true, mInsetsRoundedCornerFrame=false}, InsetsSource: {mType=ITYPE_TOP_DISPLAY_CUTOUT, mFrame=[0,0][1080,88], mVisible=true, mInsetsRoundedCornerFrame=false}, InsetsSource: {mType=ITYPE_RIGHT_DISPLAY_CUTOUT, mFrame=[100000,0][1080,2400], mVisible=true, mInsetsRoundedCornerFrame=false}, InsetsSource: {mType=ITYPE_BOTTOM_DISPLAY_CUTOUT, mFrame=[0,100000][1080,2400], mVisible=true, mInsetsRoundedCornerFrame=false}, InsetsSource: {mType=ITYPE_TOP_TAPPABLE_ELEMENT, mFrame=[0,0][1080,88], mVisible=true, mInsetsRoundedCornerFrame=false}, InsetsSource: {mType=ITYPE_BOTTOM_TAPPABLE_ELEMENT, mFrame=[0,0][0,0], mVisible=true, mInsetsRoundedCornerFrame=false} } host=com.lagradost.cloudstream3/com.lagradost.cloudstream3.MainActivity from=android.view.ViewRootImpl.relayoutWindow:9802
10-04 18:37:31.326 14445 14445 I ViewRootImpl@7f5677e[MainActivity]: Relayout returned: old=(0,0,1080,2400) new=(0,0,1080,2400) req=(1080,2400)8 dur=14 res=0x2 s={false 0x0} ch=true seqId=0
10-04 18:37:31.331 14445 14445 D SurfaceView@5dc7c4: updateSurface: has no frame
10-04 18:37:31.342 14445 14445 D SurfaceView@5dc7c4: updateSurface: has no frame
10-04 18:37:31.359 14445 14445 D SurfaceView@5dc7c4: updateSurface: has no frame
10-04 18:37:31.360 14445 14445 I ViewRootImpl@7f5677e[MainActivity]: MSG_WINDOW_FOCUS_CHANGED 0 0
10-04 18:37:31.362 14445 14445 I ViewRootImpl@9ace973[MainActivity]: MSG_WINDOW_FOCUS_CHANGED 1 0
10-04 18:37:31.362 14445 14445 I ViewRootImpl@9ace973[MainActivity]: mThreadedRenderer.initializeIfNeeded()#2 mSurface={isValid=true 0x7b5dc16800}
10-04 18:37:31.368 14445 14445 D InputMethodManager: startInputInner - Id : 0
10-04 18:37:31.368 14445 14445 I InputMethodManager: startInputInner - mService.startInputOrWindowGainedFocus
10-04 18:37:31.375 14445 14445 D SurfaceView@5dc7c4: updateSurface: has no frame
10-04 18:37:31.392 14445 14445 D SurfaceView@5dc7c4: updateSurface: has no frame
10-04 18:37:31.409 14445 14445 D SurfaceView@5dc7c4: updateSurface: has no frame
10-04 18:37:31.425 14445 14445 D SurfaceView@5dc7c4: updateSurface: has no frame
10-04 18:37:31.433 14445 14445 I MSHandlerLifeCycle: check: return. pkg=com.lagradost.cloudstream3 isActivity=false callers=com.android.internal.policy.DecorView.setVisibility:4412 android.app.Dialog.hide:767 com.lagradost.cloudstream3.utils.AppContextUtils.ownHide:123 com.lagradost.cloudstream3.ui.home.HomeFragment.onDestroyView:459 androidx.fragment.app.Fragment.performDestroyView:3357 
10-04 18:37:31.433 14445 14445 I MSHandlerLifeCycle: removeMultiSplitHandler: no exist. decor=DecorView@e5e9da[MainActivity]
10-04 18:37:31.442 14445 14445 D SurfaceView@5dc7c4: updateSurface: has no frame
10-04 18:37:31.459 14445 14445 D SurfaceView@5dc7c4: updateSurface: has no frame
10-04 18:37:31.476 14445 14445 D SurfaceView@5dc7c4: updateSurface: has no frame
10-04 18:37:31.492 14445 14445 D SurfaceView@5dc7c4: updateSurface: has no frame
10-04 18:37:31.509 14445 14445 D SurfaceView@5dc7c4: updateSurface: has no frame
10-04 18:37:31.525 14445 14445 D SurfaceView@5dc7c4: updateSurface: has no frame
10-04 18:37:31.542 14445 14445 D SurfaceView@5dc7c4: updateSurface: has no frame
10-04 18:37:31.559 14445 14445 D SurfaceView@5dc7c4: updateSurface: has no frame
10-04 18:37:31.575 14445 14445 D SurfaceView@5dc7c4: updateSurface: has no frame
10-04 18:37:31.592 14445 14445 D SurfaceView@5dc7c4: updateSurface: has no frame
10-04 18:37:31.609 14445 14445 D SurfaceView@5dc7c4: updateSurface: has no frame
10-04 18:37:31.625 14445 14445 D SurfaceView@5dc7c4: updateSurface: has no frame
10-04 18:37:31.642 14445 14445 D SurfaceView@5dc7c4: updateSurface: has no frame
10-04 18:37:31.659 14445 14445 D SurfaceView@5dc7c4: updateSurface: has no frame
10-04 18:37:31.675 14445 14445 D SurfaceView@5dc7c4: updateSurface: has no frame
10-04 18:37:31.692 14445 14445 D SurfaceView@5dc7c4: updateSurface: has no frame
10-04 18:37:31.709 14445 14445 D SurfaceView@5dc7c4: updateSurface: has no frame
10-04 18:37:31.725 14445 14445 D SurfaceView@5dc7c4: updateSurface: has no frame
10-04 18:37:31.742 14445 14445 D SurfaceView@5dc7c4: updateSurface: has no frame
10-04 18:37:31.759 14445 14445 D SurfaceView@5dc7c4: updateSurface: has no frame
10-04 18:37:31.776 14445 14445 D SurfaceView@5dc7c4: updateSurface: has no frame
10-04 18:37:31.792 14445 14445 D SurfaceView@5dc7c4: updateSurface: has no frame
10-04 18:37:31.809 14445 14445 D SurfaceView@5dc7c4: updateSurface: has no frame
10-04 18:37:31.826 14445 14445 D SurfaceView@5dc7c4: updateSurface: has no frame
10-04 18:37:31.842 14445 14445 D SurfaceView@5dc7c4: updateSurface: has no frame
10-04 18:37:31.859 14445 14445 D SurfaceView@5dc7c4: updateSurface: has no frame
10-04 18:37:31.876 14445 14445 D SurfaceView@5dc7c4: updateSurface: has no frame
10-04 18:37:31.892 14445 14445 D SurfaceView@5dc7c4: updateSurface: has no frame
10-04 18:37:31.909 14445 14445 D SurfaceView@5dc7c4: updateSurface: has no frame
10-04 18:37:31.926 14445 14445 D SurfaceView@5dc7c4: updateSurface: has no frame
10-04 18:37:31.942 14445 14445 D SurfaceView@5dc7c4: updateSurface: has no frame
10-04 18:37:31.959 14445 14445 D SurfaceView@5dc7c4: updateSurface: has no frame
10-04 18:37:31.975 14445 14445 D SurfaceView@5dc7c4: updateSurface: has no frame
10-04 18:37:31.992 14445 14445 D SurfaceView@5dc7c4: updateSurface: has no frame
10-04 18:37:32.009 14445 14445 D SurfaceView@5dc7c4: updateSurface: has no frame
10-04 18:37:32.025 14445 14445 D SurfaceView@5dc7c4: updateSurface: has no frame
10-04 18:37:32.042 14445 14445 D SurfaceView@5dc7c4: updateSurface: has no frame
10-04 18:37:32.059 14445 14445 D SurfaceView@5dc7c4: updateSurface: has no frame
10-04 18:37:32.076 14445 14445 D SurfaceView@5dc7c4: updateSurface: has no frame
10-04 18:37:32.093 14445 14445 D SurfaceView@5dc7c4: updateSurface: has no frame
10-04 18:37:32.109 14445 14445 D SurfaceView@5dc7c4: updateSurface: has no frame
10-04 18:37:32.124 14445 14486 I RVM2    : applyMeta
10-04 18:37:32.125 14445 14445 D SurfaceView@5dc7c4: updateSurface: has no frame
10-04 18:37:32.131 14445 14445 W PanelsChildGestureRegionObserver: failed to register view with ID 2131362800. already registered
10-04 18:37:32.133 14445 14445 E CoilImgLoader: Error loading image: coil3.request.NullRequestDataException: The request's data is null.
10-04 18:37:32.137 14445 14445 E CoilImgLoader: Error loading image: coil3.request.NullRequestDataException: The request's data is null.
10-04 18:37:32.198 14445 14487 I SYNCVM  : addFromUrl = https://wecima.now/watch/%d9%85%d8%b4%d8%a7%d9%87%d8%af%d8%a9-%d9%81%d9%8a%d9%84%d9%85-alma-and-the-wolf-2025-%d9%85%d8%aa%d8%b1%d8%ac%d9%85/
10-04 18:37:32.198 14445 14487 I SYNCUTIL: getIdsFromUrl https://wecima.now/watch/%d9%85%d8%b4%d8%a7%d9%87%d8%af%d8%a9-%d9%81%d9%8a%d9%84%d9%85-alma-and-the-wolf-2025-%d9%85%d8%aa%d8%b1%d8%ac%d9%85/
10-04 18:37:32.217 14445 14445 I ViewRootImpl@9ace973[MainActivity]: performTraversals mFirst=false windowShouldResize=false viewVisibilityChanged=false mForceNextWindowRelayout=false params={(0,0)(fillxfill) sim={state=always_hidden adjust=pan} ty=BASE_APPLICATION fmt=TRANSLUCENT wanim=0x1030309
10-04 18:37:32.217 14445 14445 I ViewRootImpl@9ace973[MainActivity]:   fl=85810100
10-04 18:37:32.217 14445 14445 I ViewRootImpl@9ace973[MainActivity]:   pfl=12020040
10-04 18:37:32.217 14445 14445 I ViewRootImpl@9ace973[MainActivity]:   vsysui=500
10-04 18:37:32.217 14445 14445 I ViewRootImpl@9ace973[MainActivity]:   bhv=DEFAULT
10-04 18:37:32.217 14445 14445 I ViewRootImpl@9ace973[MainActivity]:   fitSides= naviIconColor=0}
10-04 18:37:32.228 14445 14445 I ViewRootImpl@9ace973[MainActivity]: updateBlastSurfaceIfNeeded mBlastBufferQueue=0x7b3d603900 isSameSurfaceControl=true
10-04 18:37:32.229 14445 14445 I BLASTBufferQueue: update, w= 1080 h= 2400 mName = ViewRootImpl@9ace973[MainActivity] mNativeObject= 0x7b3d603900 sc.mNativeObject= 0x7b0334d3c0 format= -3 caller= android.view.ViewRootImpl.updateBlastSurfaceIfNeeded:2898 android.view.ViewRootImpl.relayoutWindow:9847 android.view.ViewRootImpl.performTraversals:3884 android.view.ViewRootImpl.doTraversal:3116 android.view.ViewRootImpl$TraversalRunnable.run:10885 android.view.Choreographer$CallbackRecord.run:1301 
10-04 18:37:32.229 14445 14445 I ViewRootImpl@9ace973[MainActivity]: Relayout returned: old=(0,0,1080,2400) new=(0,0,1080,2400) req=(1080,2400)0 dur=11 res=0x0 s={true 0x7b5dc16800} ch=false seqId=0
10-04 18:37:32.229 14445 14445 D SurfaceView@5dc7c4: updateSurface: has no frame
10-04 18:37:32.231 14445 14445 I SurfaceView@5dc7c4: Changes: creating=true format=true size=true visible=true alpha=false hint=false mUseAlpha=false visible=true left=true top=true
10-04 18:37:32.233 14445 14445 I BLASTBufferQueue: update, w= 1080 h= 525 mName = null mNativeObject= 0x7b1bfbc700 sc.mNativeObject= 0x7b0334d640 format= 4 caller= android.view.SurfaceView.createBlastSurfaceControls:1383 android.view.SurfaceView.updateSurface:1079 android.view.SurfaceView.lambda$new$0$android-view-SurfaceView:200 android.view.SurfaceView$$ExternalSyntheticLambda5.onPreDraw:2 android.view.ViewTreeObserver.dispatchOnPreDraw:1121 android.view.ViewRootImpl.performTraversals:4442 
10-04 18:37:32.233 14445 14445 I SurfaceView@5dc7c4: 6145988 Cur surface: Surface(name=null)/@0xd7d0d3a
10-04 18:37:32.233 14445 14445 I SurfaceView@5dc7c4: pST: sr = Rect(0, 218 - 1080, 743) sw = 1080 sh = 525
10-04 18:37:32.234 14445 14445 D SurfaceView@5dc7c4: performSurfaceTransaction RenderWorker position = [0, 218, 1080, 743] surfaceSize = 1080x525
10-04 18:37:32.234 14445 14445 I SurfaceView@5dc7c4: applyTransactionOnVriDraw: vri = ViewRootImpl@9ace973[MainActivity] fRS = false t = 0x7aebfd0700 android.view.SurfaceView.performSurfaceTransaction:959 android.view.SurfaceView.updateSurface:1105 android.view.SurfaceView.lambda$new$0$android-view-SurfaceView:200 
10-04 18:37:32.234 14445 14445 I ViewRootImpl@9ace973[MainActivity]: applyTransactionOnDraw: mRemoved = false isHardwareEnabled = true t = 0x7aebfd0700android.view.SurfaceView.applyTransactionOnVriDraw:2048 android.view.SurfaceView.performSurfaceTransaction:959 android.view.SurfaceView.updateSurface:1105 android.view.SurfaceView.lambda$new$0$android-view-SurfaceView:200 android.view.SurfaceView$$ExternalSyntheticLambda5.onPreDraw:2 
10-04 18:37:32.234 14445 14445 I SurfaceView@5dc7c4: updateSurface: mVisible = true mSurface.isValid() = true
10-04 18:37:32.234 14445 14445 I SurfaceView@5dc7c4: updateSurface: mSurfaceCreated = false surfaceChanged = true visibleChanged = true
10-04 18:37:32.234 14445 14445 I SurfaceView@5dc7c4: visibleChanged -- surfaceCreated
10-04 18:37:32.234 14445 14445 I SurfaceView@5dc7c4: surfaceCreated 0 #8 android.view.SurfaceView{5dc7c4 V.E...... ......ID 0,0-1080,525}
10-04 18:37:32.234 14445 14445 I SurfaceView@5dc7c4: surfaceChanged -- format=4 w=1080 h=525
10-04 18:37:32.234 14445 14445 I SurfaceView@5dc7c4: surfaceChanged (1080,525) 0 #8 android.view.SurfaceView{5dc7c4 V.E...... ......ID 0,0-1080,525}
10-04 18:37:32.234 14445 14445 I SurfaceView@5dc7c4: surfaceRedrawNeeded
10-04 18:37:32.235 14445 14445 V SurfaceView@5dc7c4: Layout: x=0 y=218 w=1080 h=525, frame=Rect(0, 0 - 1080, 525)
10-04 18:37:32.250 14445 14536 D SurfaceView@5dc7c4: updateSurfacePosition RenderWorker, frameNr = 591, position = [0, 218, 1080, 743] surfaceSize = 1080x525
10-04 18:37:32.250 14445 14536 I SurfaceView@5dc7c4: uSP: rtp = Rect(0, 218 - 1080, 743) rtsw = 1080 rtsh = 525
10-04 18:37:32.250 14445 14536 I SurfaceView@5dc7c4: onSSPAndSRT: pl = 0 pt = 218 sx = 1.0 sy = 1.0
10-04 18:37:32.250 14445 14536 I SurfaceView@5dc7c4: aOrMT: ViewRootImpl@9ace973[MainActivity] t = android.view.SurfaceControl$Transaction@c17aff4 fN = 591 android.view.SurfaceView.-$$Nest$mapplyOrMergeTransaction:0 android.view.SurfaceView$SurfaceViewPositionUpdateListener.positionChanged:1537 android.graphics.RenderNode$CompositePositionUpdateListener.positionChanged:373 
10-04 18:37:32.251 14445 14536 I ViewRootImpl@9ace973[MainActivity]: mWNT: t=0x7b5dd90900 mBlastBufferQueue=0x7b3d603900 fn= 591 caller= android.view.SurfaceView.applyOrMergeTransaction:1455 android.view.SurfaceView.-$$Nest$mapplyOrMergeTransaction:0 android.view.SurfaceView$SurfaceViewPositionUpdateListener.positionChanged:1537 
10-04 18:37:32.251 14445 14536 I ViewRootImpl@9ace973[MainActivity]: mWNT: t=0x7aebfd0700 mBlastBufferQueue=0x7b3d603900 fn= 591 caller= android.view.ViewRootImpl.lambda$applyTransactionOnDraw$11$android-view-ViewRootImpl:12865 android.view.ViewRootImpl$$ExternalSyntheticLambda1.onFrameDraw:4 android.graphics.HardwareRenderer$FrameDrawingCallback.onFrameDraw:924 
10-04 18:37:32.277 14445 14445 I SurfaceView@5dc7c4: finishedDrawing
10-04 18:37:32.411 14445 14450 I st.cloudstream3: Background concurrent copying GC freed 11MB AllocSpace bytes, 51(7412KB) LOS objects, 41% free, 34MB/58MB, paused 894us,93us total 273.112ms
10-04 18:37:32.433 14445 14461 D OpenGLRenderer: setSurface called with nullptr
10-04 18:37:32.433 14445 14451 D InputTransport: Input channel destroyed: 'ClientS', fd=189
10-04 18:37:32.449 14445 14461 D OpenGLRenderer: setSurface called with nullptr
10-04 18:37:32.450 14445 14451 D InputTransport: Input channel destroyed: 'ClientS', fd=190
10-04 18:37:32.469 14445 14461 D OpenGLRenderer: setSurface called with nullptr
10-04 18:37:32.470 14445 14451 D InputTransport: Input channel destroyed: 'ClientS', fd=146
10-04 18:37:32.470 14445 14451 D InputTransport: Input channel destroyed: 'ClientS', fd=122
10-04 18:37:32.471 14445 14451 D InputTransport: Input channel destroyed: 'ClientS', fd=166
10-04 18:37:32.474 14445 14451 D InputTransport: Input channel destroyed: 'ClientS', fd=154
10-04 18:37:33.171 14445 14445 I ViewRootImpl@9ace973[MainActivity]: ViewPostIme pointer 0
10-04 18:37:33.705 14445 14445 I Dialog  : mIsDeviceDefault = false, mIsSamsungBasicInteraction = false, isMetaDataInActivity = false
10-04 18:37:33.745 14445 14445 I DecorView: [INFO] isPopOver=false config=false
10-04 18:37:33.746 14445 14445 I DecorView: updateCaptionType: isFloating=false isApplication=true hasWindowDecorCaption=false this=DecorView@3a3b09a[]
10-04 18:37:33.746 14445 14445 D DecorView: setCaptionType = 0, this = DecorView@3a3b09a[]
10-04 18:37:33.748 14445 14445 I DecorView: getCurrentDensityDpi: from app context. densityDpi=420 msg=resources_loaded
10-04 18:37:33.748 14445 14445 I DecorView: setWindowBackground: isPopOver=false color=0 d=android.graphics.drawable.ColorDrawable@fb029a8
10-04 18:37:33.759 14445 14461 D NativeCustomFrequencyManager: [NativeCFMS] BpCustomFrequencyManager::BpCustomFrequencyManager()
10-04 18:37:33.760 14445 14445 I DecorView: notifyKeepScreenOnChanged: keepScreenOn=false
10-04 18:37:33.777 14445 14445 D InsetsController: onStateChanged: InsetsState: {mDisplayFrame=Rect(0, 0 - 1080, 2400), mDisplayCutout=DisplayCutout{insets=Rect(0, 88 - 0, 0) waterfall=Insets{left=0, top=0, right=0, bottom=0} boundingRect={Bounds=[Rect(0, 0 - 0, 0), Rect(512, 0 - 568, 88), Rect(0, 0 - 0, 0), Rect(0, 0 - 0, 0)]} cutoutPathParserInfo={CutoutPathParserInfo{displayWidth=1080 displayHeight=2400 physicalDisplayWidth=1080 physicalDisplayHeight=2400 density={2.625} cutoutSpec={M 0,0 M 0,12.25101276465640 a 10.60613009248640,10.60613009248640 0 1,0 0,21.21226018497290 a 10.60613009248640,10.60613009248640 0 1,0 0,-21.21226018497290 Z @dp} rotation={0} scale={1.0} physicalPixelDisplaySizeRatio={1.0}}}}, mRoundedCorners=RoundedCorners{[RoundedCorner{position=TopLeft, radius=84, center=Point(84, 84)}, RoundedCorner{position=TopRight, radius=84, center=Point(996, 84)}, RoundedCorner{position=BottomRight, radius=84, center=Point(996, 2316)}, RoundedCorner{position=BottomLeft, radius=84, center=Point(84, 2316)}]}  mRoundedCornerFrame=Rect(0, 0 - 1080, 2400), mPrivacyIndicatorBounds=PrivacyIndicatorBounds {static bounds=Rect(964, 0 - 1080, 87) rotation=0}, mSources= { InsetsSource: {mType=ITYPE_STATUS_BAR, mFrame=[0,0][1080,88], mVisible=true, mInsetsRoundedCornerFrame=false}, InsetsSource: {mType=ITYPE_NAVIGATION_BAR, mFrame=[0,2361][1080,2400], mVisible=true, mInsetsRoundedCornerFrame=false}, InsetsSource: {mType=ITYPE_LEFT_GESTURES, mFrame=[0,0][130,2400], mVisible=true, mInsetsRoundedCornerFrame=false}, InsetsSource: {mType=ITYPE_RIGHT_GESTURES, mFrame=[950,0][1080,2400], mVisible=true, mInsetsRoundedCornerFrame=false}, InsetsSource: {mType=ITYPE_TOP_MANDATORY_GESTURES, mFrame=[0,0][1080,120], mVisible=true, mInsetsRoundedCornerFrame=false}, InsetsSource: {mType=ITYPE_BOTTOM_MANDATORY_GESTURES, mFrame=[0,2316][1080,2400], mVisible=true, mInsetsRoundedCornerFrame=false}, InsetsSource: {mType=ITYPE_LEFT_DISPLAY_CUTOUT, mFrame=[0,0][-100000,2400], mVisible=true, mInsetsRoundedCornerFrame=false}, InsetsSource: {mType=ITYPE_TOP_DISPLAY_CUTOUT, mFrame=[0,0][1080,88], mVisible=true, mInsetsRoundedCornerFrame=false}, InsetsSource: {mType=ITYPE_RIGHT_DISPLAY_CUTOUT, mFrame=[100000,0][1080,2400], mVisible=true, mInsetsRoundedCornerFrame=false}, InsetsSource: {mType=ITYPE_BOTTOM_DISPLAY_CUTOUT, mFrame=[0,100000][1080,2400], mVisible=true, mInsetsRoundedCornerFrame=false}, InsetsSource: {mType=ITYPE_TOP_TAPPABLE_ELEMENT, mFrame=[0,0][1080,88], mVisible=true, mInsetsRoundedCornerFrame=false}, InsetsSource: {mType=ITYPE_BOTTOM_TAPPABLE_ELEMENT, mFrame=[0,0][0,0], mVisible=true, mInsetsRoundedCornerFrame=false}, InsetsSource: {mType=ITYPE_IME, mFrame=[0,0][0,0], mVisibleFrame=[0,1409][1080,2400], mVisible=false, mInsetsRoundedCornerFrame=false} } host=com.lagradost.cloudstream3/com.lagradost.cloudstream3.MainActivity from=android.view.ViewRootImpl.setView:1732
10-04 18:37:33.779 14445 14445 I ViewRootImpl@3cda2f9[MainActivity]: setView = com.android.internal.policy.DecorView@3a3b09a TM=true
10-04 18:37:33.802 14445 14445 I ViewRootImpl@3cda2f9[MainActivity]: performTraversals params={(0,0)(fillxfill) gr=CENTER sim={adjust=resize forwardNavigation} ty=APPLICATION fmt=TRANSPARENT wanim=0x7f14000b
10-04 18:37:33.802 14445 14445 I ViewRootImpl@3cda2f9[MainActivity]:   fl=85810100
10-04 18:37:33.802 14445 14445 I ViewRootImpl@3cda2f9[MainActivity]:   pfl=12020040
10-04 18:37:33.802 14445 14445 I ViewRootImpl@3cda2f9[MainActivity]:   vsysui=500
10-04 18:37:33.802 14445 14445 I ViewRootImpl@3cda2f9[MainActivity]:   bhv=DEFAULT
10-04 18:37:33.802 14445 14445 I ViewRootImpl@3cda2f9[MainActivity]:   fitSides= naviIconColor=0}
10-04 18:37:33.803 14445 14445 I ViewRootImpl@3cda2f9[MainActivity]: performTraversals mFirst=true windowShouldResize=true viewVisibilityChanged=false mForceNextWindowRelayout=false params={(0,0)(fillxfill) gr=CENTER sim={adjust=resize forwardNavigation} ty=APPLICATION fmt=TRANSPARENT wanim=0x7f14000b
10-04 18:37:33.803 14445 14445 I ViewRootImpl@3cda2f9[MainActivity]:   fl=85810100
10-04 18:37:33.803 14445 14445 I ViewRootImpl@3cda2f9[MainActivity]:   pfl=12020040
10-04 18:37:33.803 14445 14445 I ViewRootImpl@3cda2f9[MainActivity]:   vsysui=500
10-04 18:37:33.803 14445 14445 I ViewRootImpl@3cda2f9[MainActivity]:   bhv=DEFAULT
10-04 18:37:33.803 14445 14445 I ViewRootImpl@3cda2f9[MainActivity]:   fitSides= naviIconColor=0}
10-04 18:37:33.819 14445 14445 I ViewRootImpl@3cda2f9[MainActivity]: updateBlastSurfaceIfNeeded mBlastBufferQueue=null isSameSurfaceControl=false
