10-04 18:36:57.928 14445 14445 I DecorView: setWindowBackground: isPopOver=false color=0 d=android.graphics.drawable.ColorDrawable@ca24e8
10-04 18:36:57.936 14445 14461 D NativeCustomFrequencyManager: [NativeCFMS] BpCustomFrequencyManager::BpCustomFrequencyManager()
10-04 18:36:57.943 14445 14445 I DecorView: notifyKeepScreenOnChanged: keepScreenOn=false
10-04 18:36:57.959 14445 14445 D InsetsController: onStateChanged: InsetsState: {mDisplayFrame=Rect(0, 0 - 1080, 2400), mDisplayCutout=DisplayCutout{insets=Rect(0, 88 - 0, 0) waterfall=Insets{left=0, top=0, right=0, bottom=0} boundingRect={Bounds=[Rect(0, 0 - 0, 0), Rect(512, 0 - 568, 88), Rect(0, 0 - 0, 0), Rect(0, 0 - 0, 0)]} cutoutPathParserInfo={CutoutPathParserInfo{displayWidth=1080 displayHeight=2400 physicalDisplayWidth=1080 physicalDisplayHeight=2400 density={2.625} cutoutSpec={M 0,0 M 0,12.25101276465640 a 10.60613009248640,10.60613009248640 0 1,0 0,21.21226018497290 a 10.60613009248640,10.60613009248640 0 1,0 0,-21.21226018497290 Z @dp} rotation={0} scale={1.0} physicalPixelDisplaySizeRatio={1.0}}}}, mRoundedCorners=RoundedCorners{[RoundedCorner{position=TopLeft, radius=84, center=Point(84, 84)}, RoundedCorner{position=TopRight, radius=84, center=Point(996, 84)}, RoundedCorner{position=BottomRight, radius=84, center=Point(996, 2316)}, RoundedCorner{position=BottomLeft, radius=84, center=Point(84, 2316)}]}  mRoundedCornerFrame=Rect(0, 0 - 1080, 2400), mPrivacyIndicatorBounds=PrivacyIndicatorBounds {static bounds=Rect(964, 0 - 1080, 87) rotation=0}, mSources= { InsetsSource: {mType=ITYPE_STATUS_BAR, mFrame=[0,0][1080,88], mVisible=true, mInsetsRoundedCornerFrame=false}, InsetsSource: {mType=ITYPE_NAVIGATION_BAR, mFrame=[0,2361][1080,2400], mVisible=true, mInsetsRoundedCornerFrame=false}, InsetsSource: {mType=ITYPE_LEFT_GESTURES, mFrame=[0,0][130,2400], mVisible=true, mInsetsRoundedCornerFrame=false}, InsetsSource: {mType=ITYPE_RIGHT_GESTURES, mFrame=[950,0][1080,2400], mVisible=true, mInsetsRoundedCornerFrame=false}, InsetsSource: {mType=ITYPE_TOP_MANDATORY_GESTURES, mFrame=[0,0][1080,120], mVisible=true, mInsetsRoundedCornerFrame=false}, InsetsSource: {mType=ITYPE_BOTTOM_MANDATORY_GESTURES, mFrame=[0,2316][1080,2400], mVisible=true, mInsetsRoundedCornerFrame=false}, InsetsSource: {mType=ITYPE_LEFT_DISPLAY_CUTOUT, mFrame=[0,0][-100000,2400], mVisible=true, mInsetsRoundedCornerFrame=false}, InsetsSource: {mType=ITYPE_TOP_DISPLAY_CUTOUT, mFrame=[0,0][1080,88], mVisible=true, mInsetsRoundedCornerFrame=false}, InsetsSource: {mType=ITYPE_RIGHT_DISPLAY_CUTOUT, mFrame=[100000,0][1080,2400], mVisible=true, mInsetsRoundedCornerFrame=false}, InsetsSource: {mType=ITYPE_BOTTOM_DISPLAY_CUTOUT, mFrame=[0,100000][1080,2400], mVisible=true, mInsetsRoundedCornerFrame=false}, InsetsSource: {mType=ITYPE_TOP_TAPPABLE_ELEMENT, mFrame=[0,0][1080,88], mVisible=true, mInsetsRoundedCornerFrame=false}, InsetsSource: {mType=ITYPE_BOTTOM_TAPPABLE_ELEMENT, mFrame=[0,0][0,0], mVisible=true, mInsetsRoundedCornerFrame=false}, InsetsSource: {mType=ITYPE_IME, mFrame=[0,0][0,0], mVisibleFrame=[0,1409][1080,2400], mVisible=false, mInsetsRoundedCornerFrame=false} } host=com.lagradost.cloudstream3/com.lagradost.cloudstream3.MainActivity from=android.view.ViewRootImpl.setView:1732
10-04 18:36:57.960 14445 14445 I ViewRootImpl@7f5677e[MainActivity]: setView = com.android.internal.policy.DecorView@e5e9da TM=true
10-04 18:36:58.187 14445 14445 I ViewRootImpl@7f5677e[MainActivity]: performTraversals params={(0,0)(fillxfill) gr=CENTER sim={adjust=resize forwardNavigation} ty=APPLICATION fmt=TRANSPARENT wanim=0x7f14000b
10-04 18:36:58.187 14445 14445 I ViewRootImpl@7f5677e[MainActivity]:   fl=85810100
10-04 18:36:58.187 14445 14445 I ViewRootImpl@7f5677e[MainActivity]:   pfl=12020040
10-04 18:36:58.187 14445 14445 I ViewRootImpl@7f5677e[MainActivity]:   vsysui=500
10-04 18:36:58.187 14445 14445 I ViewRootImpl@7f5677e[MainActivity]:   bhv=DEFAULT
10-04 18:36:58.187 14445 14445 I ViewRootImpl@7f5677e[MainActivity]:   fitSides= naviIconColor=0}
10-04 18:36:58.188 14445 14445 I ViewRootImpl@7f5677e[MainActivity]: performTraversals mFirst=true windowShouldResize=true viewVisibilityChanged=false mForceNextWindowRelayout=false params={(0,0)(fillxfill) gr=CENTER sim={adjust=resize forwardNavigation} ty=APPLICATION fmt=TRANSPARENT wanim=0x7f14000b
10-04 18:36:58.188 14445 14445 I ViewRootImpl@7f5677e[MainActivity]:   fl=85810100
10-04 18:36:58.188 14445 14445 I ViewRootImpl@7f5677e[MainActivity]:   pfl=12020040
10-04 18:36:58.188 14445 14445 I ViewRootImpl@7f5677e[MainActivity]:   vsysui=500
10-04 18:36:58.188 14445 14445 I ViewRootImpl@7f5677e[MainActivity]:   bhv=DEFAULT
10-04 18:36:58.188 14445 14445 I ViewRootImpl@7f5677e[MainActivity]:   fitSides= naviIconColor=0}
10-04 18:36:58.204 14445 14445 I ViewRootImpl@7f5677e[MainActivity]: updateBlastSurfaceIfNeeded mBlastBufferQueue=null isSameSurfaceControl=false
10-04 18:36:58.204 14445 14445 I BLASTBufferQueue: new BLASTBufferQueue, mName= ViewRootImpl@7f5677e[MainActivity] mNativeObject= 0x7b790d1500 sc.mNativeObject= 0x7b06cb4160 caller= android.view.ViewRootImpl.updateBlastSurfaceIfNeeded:2909 android.view.ViewRootImpl.relayoutWindow:9847 android.view.ViewRootImpl.performTraversals:3884 android.view.ViewRootImpl.doTraversal:3116 android.view.ViewRootImpl$TraversalRunnable.run:10885 android.view.Choreographer$CallbackRecord.run:1301 android.view.Choreographer$CallbackRecord.run:1309 android.view.Choreographer.doCallbacks:923 android.view.Choreographer.doFrame:852 android.view.Choreographer$FrameDisplayEventReceiver.run:1283 
10-04 18:36:58.205 14445 14445 I BLASTBufferQueue: update, w= 1080 h= 2400 mName = ViewRootImpl@7f5677e[MainActivity] mNativeObject= 0x7b790d1500 sc.mNativeObject= 0x7b06cb4160 format= -2 caller= android.graphics.BLASTBufferQueue.<init>:84 android.view.ViewRootImpl.updateBlastSurfaceIfNeeded:2909 android.view.ViewRootImpl.relayoutWindow:9847 android.view.ViewRootImpl.performTraversals:3884 android.view.ViewRootImpl.doTraversal:3116 android.view.ViewRootImpl$TraversalRunnable.run:10885 
10-04 18:36:58.205 14445 14445 I ViewRootImpl@7f5677e[MainActivity]: Relayout returned: old=(0,0,1080,2400) new=(0,0,1080,2400) req=(1080,2400)0 dur=16 res=0x3 s={true 0x7b0698f800} ch=true seqId=0
10-04 18:36:58.206 14445 14445 I ViewRootImpl@7f5677e[MainActivity]: mThreadedRenderer.initialize() mSurface={isValid=true 0x7b0698f800} hwInitialized=true
10-04 18:36:58.207 14445 14461 D OpenGLRenderer: eglCreateWindowSurface
10-04 18:36:58.212 14445 14445 I ViewRootImpl@7f5677e[MainActivity]: reportNextDraw android.view.ViewRootImpl.performTraversals:4438 android.view.ViewRootImpl.doTraversal:3116 android.view.ViewRootImpl$TraversalRunnable.run:10885 android.view.Choreographer$CallbackRecord.run:1301 android.view.Choreographer$CallbackRecord.run:1309 
10-04 18:36:58.220 14445 14445 I ViewRootImpl@7f5677e[MainActivity]: Setup new sync id=0
10-04 18:36:58.220 14445 14445 I ViewRootImpl@7f5677e[MainActivity]: Setting syncFrameCallback
10-04 18:36:58.221 14445 14445 I ViewRootImpl@7f5677e[MainActivity]: registerCallbacksForSync syncBuffer=false
10-04 18:36:58.232 14445 14536 I ViewRootImpl@7f5677e[MainActivity]: Received frameDrawingCallback syncResult=0 frameNum=1.
10-04 18:36:58.232 14445 14536 I ViewRootImpl@7f5677e[MainActivity]: Setting up sync and frameCommitCallback
10-04 18:36:58.247 14445 14461 I BLASTBufferQueue: [ViewRootImpl@7f5677e[MainActivity]#2](f:0,a:0) onFrameAvailable the first frame is available
10-04 18:36:58.249 14445 14461 I ViewRootImpl@7f5677e[MainActivity]: Received frameCommittedCallback lastAttemptedDrawFrameNum=1 didProduceBuffer=true
10-04 18:36:58.250 14445 14461 D OpenGLRenderer: CFMS:: SetUp Pid : 14445    Tid : 14461
10-04 18:36:58.256 14445 14445 I ViewRootImpl@7f5677e[MainActivity]: onSyncComplete
10-04 18:36:58.256 14445 14445 I ViewRootImpl@7f5677e[MainActivity]: setupSync seqId=0 mSyncId=0 fn=1 caller=android.view.ViewRootImpl$$ExternalSyntheticLambda11.accept:6 android.window.SurfaceSyncer.lambda$setupSync$1$android-window-SurfaceSyncer:128 android.window.SurfaceSyncer$$ExternalSyntheticLambda1.accept:8 android.window.SurfaceSyncer$SyncSet.checkIfSyncIsComplete:382 android.window.SurfaceSyncer$SyncSet.markSyncReady:359 android.window.SurfaceSyncer.markSyncReady:151 android.view.ViewRootImpl.performTraversals:4503 
10-04 18:36:58.257 14445 14445 I ViewRootImpl@7f5677e[MainActivity]: reportDrawFinished seqId=0 mSyncId=-1 fn=1 mSurfaceChangedTransaction=0x7b3dace300
10-04 18:36:58.287 14445 14445 I ViewRootImpl@9ace973[MainActivity]: MSG_WINDOW_FOCUS_CHANGED 0 0
10-04 18:36:58.320 14445 14445 I ViewRootImpl@7f5677e[MainActivity]: MSG_WINDOW_FOCUS_CHANGED 1 0
10-04 18:36:58.320 14445 14445 I ViewRootImpl@7f5677e[MainActivity]: mThreadedRenderer.initializeIfNeeded()#2 mSurface={isValid=true 0x7b0698f800}
10-04 18:36:58.322 14445 14445 D InputMethodManager: startInputInner - Id : 0
10-04 18:36:58.322 14445 14445 I InputMethodManager: startInputInner - mService.startInputOrWindowGainedFocus
10-04 18:36:58.938 14445 14445 I ViewRootImpl@7f5677e[MainActivity]: ViewPostIme pointer 0
10-04 18:36:59.062 14445 14445 I ViewRootImpl@7f5677e[MainActivity]: ViewPostIme pointer 1
10-04 18:36:59.549 14445 14445 I ViewRootImpl@7f5677e[MainActivity]: ViewPostIme pointer 0
10-04 18:36:59.681 14445 14445 I ViewRootImpl@7f5677e[MainActivity]: ViewPostIme pointer 1
10-04 18:36:59.926 14445 14445 I ViewRootImpl@7f5677e[MainActivity]: ViewPostIme pointer 0
10-04 18:37:00.031 14445 14445 I ViewRootImpl@7f5677e[MainActivity]: ViewPostIme pointer 1
10-04 18:37:00.262 14445 14445 I ViewRootImpl@7f5677e[MainActivity]: ViewPostIme pointer 0
10-04 18:37:00.338 14445 14445 I ViewRootImpl@7f5677e[MainActivity]: ViewPostIme pointer 1
10-04 18:37:01.015 14445 14450 I st.cloudstream3: Background concurrent copying GC freed 10MB AllocSpace bytes, 87(19MB) LOS objects, 48% free, 25MB/49MB, paused 506us,144us total 231.364ms
10-04 18:37:01.019 14445 14451 D InputTransport: Input channel destroyed: 'ClientS', fd=163
10-04 18:37:01.028 14445 14486 D ApiError: -------------------------------------------------------------------
10-04 18:37:01.028 14445 14486 D ApiError: safeApiCall: Only the original thread that created a view hierarchy can touch its views.
10-04 18:37:01.028 14445 14486 D ApiError: safeApiCall: Only the original thread that created a view hierarchy can touch its views.
10-04 18:37:01.028 14445 14486 W System.err: android.view.ViewRootImpl$CalledFromWrongThreadException: Only the original thread that created a view hierarchy can touch its views.
10-04 18:37:01.029 14445 14486 W System.err: 	at android.view.ViewRootImpl.checkThread(ViewRootImpl.java:11586)
10-04 18:37:01.029 14445 14486 W System.err: 	at android.view.ViewRootImpl.requestLayout(ViewRootImpl.java:2648)
10-04 18:37:01.029 14445 14486 W System.err: 	at android.view.View.requestLayout(View.java:27623)
10-04 18:37:01.029 14445 14486 W System.err: 	at android.view.View.requestLayout(View.java:27623)
10-04 18:37:01.029 14445 14486 W System.err: 	at android.view.View.requestLayout(View.java:27623)
10-04 18:37:01.029 14445 14486 W System.err: 	at android.view.View.requestLayout(View.java:27623)
10-04 18:37:01.029 14445 14486 W System.err: 	at android.view.View.requestLayout(View.java:27623)
10-04 18:37:01.029 14445 14486 W System.err: 	at android.view.View.requestLayout(View.java:27623)
10-04 18:37:01.029 14445 14486 W System.err: 	at android.view.View.requestLayout(View.java:27623)
10-04 18:37:01.029 14445 14486 W System.err: 	at android.view.View.requestLayout(View.java:27623)
10-04 18:37:01.029 14445 14486 W System.err: 	at android.view.View.requestLayout(View.java:27623)
10-04 18:37:01.029 14445 14486 W System.err: 	at android.view.View.requestLayout(View.java:27623)
10-04 18:37:01.029 14445 14486 W System.err: 	at androidx.recyclerview.widget.RecyclerView.requestLayout(RecyclerView.java:4881)
10-04 18:37:01.029 14445 14486 W System.err: 	at androidx.recyclerview.widget.RecyclerView$RecyclerViewDataObserver.triggerUpdateProcessor(RecyclerView.java:6060)
10-04 18:37:01.029 14445 14486 W System.err: 	at androidx.recyclerview.widget.RecyclerView$RecyclerViewDataObserver.onItemRangeInserted(RecyclerView.java:6035)
10-04 18:37:01.029 14445 14486 W System.err: 	at androidx.recyclerview.widget.RecyclerView$AdapterDataObservable.notifyItemRangeInserted(RecyclerView.java:13138)
10-04 18:37:01.029 14445 14486 W System.err: 	at androidx.recyclerview.widget.RecyclerView$Adapter.notifyItemRangeInserted(RecyclerView.java:8146)
10-04 18:37:01.029 14445 14486 W System.err: 	at androidx.recyclerview.widget.AdapterListUpdateCallback.onInserted(AdapterListUpdateCallback.java:44)
10-04 18:37:01.029 14445 14486 W System.err: 	at androidx.recyclerview.widget.BatchingListUpdateCallback.dispatchLastEvent(BatchingListUpdateCallback.java:63)
10-04 18:37:01.029 14445 14486 W System.err: 	at androidx.recyclerview.widget.DiffUtil$DiffResult.dispatchUpdatesTo(DiffUtil.java:967)
10-04 18:37:01.029 14445 14486 W System.err: 	at androidx.recyclerview.widget.DiffUtil$DiffResult.dispatchUpdatesTo(DiffUtil.java:840)
10-04 18:37:01.029 14445 14486 W System.err: 	at com.lagradost.cloudstream3.ui.search.SearchAdapter.updateList(SearchAdaptor.kt:83)
10-04 18:37:01.029 14445 14486 W System.err: 	at com.lagradost.cloudstream3.ui.home.HomeFragment$Companion$loadHomepageList$5$onScrollStateChanged$1.invokeSuspend(HomeFragment.kt:212)
10-04 18:37:01.029 14445 14486 W System.err: 	at kotlin.coroutines.jvm.internal.BaseContinuationImpl.resumeWith(ContinuationImpl.kt:33)
10-04 18:37:01.029 14445 14486 W System.err: 	at kotlinx.coroutines.UndispatchedCoroutine.afterResume(CoroutineContext.kt:266)
10-04 18:37:01.029 14445 14486 W System.err: 	at kotlinx.coroutines.AbstractCoroutine.resumeWith(AbstractCoroutine.kt:101)
10-04 18:37:01.029 14445 14486 W System.err: 	at kotlin.coroutines.jvm.internal.BaseContinuationImpl.resumeWith(ContinuationImpl.kt:46)
10-04 18:37:01.030 14445 14486 W System.err: 	at kotlinx.coroutines.internal.ScopeCoroutine.afterResume(Scopes.kt:35)
10-04 18:37:01.030 14445 14486 W System.err: 	at kotlinx.coroutines.AbstractCoroutine.resumeWith(AbstractCoroutine.kt:101)
10-04 18:37:01.030 14445 14486 W System.err: 	at kotlin.coroutines.jvm.internal.BaseContinuationImpl.resumeWith(ContinuationImpl.kt:46)
10-04 18:37:01.030 14445 14486 W System.err: 	at kotlinx.coroutines.DispatchedTask.run(DispatchedTask.kt:100)
10-04 18:37:01.030 14445 14486 W System.err: 	at kotlinx.coroutines.internal.LimitedDispatcher$Worker.run(LimitedDispatcher.kt:113)
10-04 18:37:01.030 14445 14486 W System.err: 	at kotlinx.coroutines.scheduling.TaskImpl.run(Tasks.kt:89)
10-04 18:37:01.030 14445 14486 W System.err: 	at kotlinx.coroutines.scheduling.CoroutineScheduler.runSafely(CoroutineScheduler.kt:586)
10-04 18:37:01.030 14445 14486 W System.err: 	at kotlinx.coroutines.scheduling.CoroutineScheduler$Worker.executeTask(CoroutineScheduler.kt:820)
10-04 18:37:01.030 14445 14486 W System.err: 	at kotlinx.coroutines.scheduling.CoroutineScheduler$Worker.runWorker(CoroutineScheduler.kt:717)
10-04 18:37:01.030 14445 14486 W System.err: 	at kotlinx.coroutines.scheduling.CoroutineScheduler$Worker.run(CoroutineScheduler.kt:704)
10-04 18:37:01.030 14445 14486 D ApiError: -------------------------------------------------------------------
10-04 18:37:01.074 14445 14445 I ViewRootImpl@7f5677e[MainActivity]: ViewPostIme pointer 0
10-04 18:37:01.182 14445 14445 I ViewRootImpl@7f5677e[MainActivity]: ViewPostIme pointer 1
10-04 18:37:02.873 14445 14445 I ViewRootImpl@7f5677e[MainActivity]: ViewPostIme pointer 0
10-04 18:37:02.981 14445 14445 I ViewRootImpl@7f5677e[MainActivity]: ViewPostIme pointer 1
10-04 18:37:03.434 14445 14445 I ViewRootImpl@7f5677e[MainActivity]: ViewPostIme pointer 0
10-04 18:37:03.607 14445 14445 I ViewRootImpl@7f5677e[MainActivity]: ViewPostIme pointer 1
10-04 18:37:05.869 14445 14445 I ViewRootImpl@7f5677e[MainActivity]: ViewPostIme pointer 0
10-04 18:37:06.183 14445 14445 I ViewRootImpl@7f5677e[MainActivity]: ViewPostIme pointer 1
10-04 18:37:06.556 14445 14445 I ViewRootImpl@7f5677e[MainActivity]: ViewPostIme pointer 0
10-04 18:37:06.852 14445 14445 I ViewRootImpl@7f5677e[MainActivity]: ViewPostIme pointer 1
10-04 18:37:07.193 14445 14445 I ViewRootImpl@7f5677e[MainActivity]: ViewPostIme pointer 0
10-04 18:37:07.327 14445 14445 I ViewRootImpl@7f5677e[MainActivity]: ViewPostIme pointer 1
10-04 18:37:07.809 14445 14445 I ViewRootImpl@7f5677e[MainActivity]: ViewPostIme pointer 0
10-04 18:37:07.950 14445 14445 I ViewRootImpl@7f5677e[MainActivity]: ViewPostIme pointer 1
10-04 18:37:08.863 14445 14445 I ViewRootImpl@7f5677e[MainActivity]: ViewPostIme pointer 0
10-04 18:37:08.998 14445 14445 I ViewRootImpl@7f5677e[MainActivity]: ViewPostIme pointer 1
10-04 18:37:10.257 14445 14450 I st.cloudstream3: Background concurrent copying GC freed 13MB AllocSpace bytes, 68(13MB) LOS objects, 49% free, 21MB/43MB, paused 171us,760us total 171.289ms
10-04 18:37:10.354 14445 14445 I ViewRootImpl@7f5677e[MainActivity]: ViewPostIme pointer 0
10-04 18:37:10.794 14445 14445 I ViewRootImpl@7f5677e[MainActivity]: ViewPostIme pointer 1
10-04 18:37:11.420 14445 14445 I ViewRootImpl@7f5677e[MainActivity]: ViewPostIme pointer 0
10-04 18:37:12.102 14445 14445 I ViewRootImpl@7f5677e[MainActivity]: ViewPostIme pointer 1
10-04 18:37:12.773 14445 14445 I ViewRootImpl@7f5677e[MainActivity]: ViewPostIme pointer 0
10-04 18:37:12.996 14445 14445 I ViewRootImpl@7f5677e[MainActivity]: ViewPostIme pointer 1
10-04 18:37:13.190 14445 14445 I ViewRootImpl@7f5677e[MainActivity]: ViewPostIme pointer 0
10-04 18:37:13.528 14445 14445 I ViewRootImpl@7f5677e[MainActivity]: ViewPostIme pointer 1
10-04 18:37:15.446 14445 14445 I ViewRootImpl@7f5677e[MainActivity]: ViewPostIme pointer 0
10-04 18:37:15.493 14445 14445 I ViewRootImpl@7f5677e[MainActivity]: ViewPostIme pointer 1
10-04 18:37:15.509 14445 14445 I NavComponent: Navigating to fragment: 2131362274
10-04 18:37:15.545 14445 14445 I IMM_LC  : hsifw() - flag : 0
10-04 18:37:15.546 14445 14445 I IMM_LC  : hsifw() ignore mServedView == null or mServedView.getWindowToken() != windowToken, mServedView :DecorView@e5e9da[MainActivity]
10-04 18:37:15.550 14445 14445 I MSHandlerLifeCycle: check: return. pkg=com.lagradost.cloudstream3 isActivity=false callers=com.android.internal.policy.DecorView.setVisibility:4412 android.app.Dialog.hide:767 com.lagradost.cloudstream3.utils.AppContextUtils.ownHide:123 com.lagradost.cloudstream3.ui.home.HomeFragment$Companion.loadHomepageList$lambda$3:185 com.lagradost.cloudstream3.ui.home.HomeFragment$Companion.$r8$lambda$MoQSIPnUiyzkK5n4sMwjTMvpPNA:0 
10-04 18:37:15.550 14445 14445 I MSHandlerLifeCycle: removeMultiSplitHandler: no exist. decor=DecorView@e5e9da[MainActivity]
10-04 18:37:15.572 14445 14461 D OpenGLRenderer: setSurface called with nullptr
10-04 18:37:15.572 14445 14461 D OpenGLRenderer: setSurface() destroyed EGLSurface
10-04 18:37:15.572 14445 14461 D OpenGLRenderer: destroyEglSurface
10-04 18:37:15.576 14445 14461 D OpenGLRenderer: endAllActiveAnimators on 0x7b3628fa00 (AppCompatImageView) with handle 0x7bed6ddcc0
10-04 18:37:15.581 14445 14445 I ViewRootImpl@7f5677e[MainActivity]: performTraversals mFirst=false windowShouldResize=false viewVisibilityChanged=true mForceNextWindowRelayout=false params={(0,0)(fillxfill) gr=CENTER sim={adjust=pan} ty=APPLICATION fmt=TRANSPARENT wanim=0x7f14000b
10-04 18:37:15.581 14445 14445 I ViewRootImpl@7f5677e[MainActivity]:   fl=85810100
10-04 18:37:15.581 14445 14445 I ViewRootImpl@7f5677e[MainActivity]:   pfl=12020040
10-04 18:37:15.581 14445 14445 I ViewRootImpl@7f5677e[MainActivity]:   vsysui=500
10-04 18:37:15.581 14445 14445 I ViewRootImpl@7f5677e[MainActivity]:   bhv=DEFAULT
10-04 18:37:15.581 14445 14445 I ViewRootImpl@7f5677e[MainActivity]:   fitSides= naviIconColor=0}
10-04 18:37:15.602 14445 14445 D InsetsController: onStateChanged: InsetsState: {mDisplayFrame=Rect(0, 0 - 1080, 2400), mDisplayCutout=DisplayCutout{insets=Rect(0, 88 - 0, 0) waterfall=Insets{left=0, top=0, right=0, bottom=0} boundingRect={Bounds=[Rect(0, 0 - 0, 0), Rect(512, 0 - 568, 88), Rect(0, 0 - 0, 0), Rect(0, 0 - 0, 0)]} cutoutPathParserInfo={CutoutPathParserInfo{displayWidth=1080 displayHeight=2400 physicalDisplayWidth=1080 physicalDisplayHeight=2400 density={2.625} cutoutSpec={M 0,0 M 0,12.25101276465640 a 10.60613009248640,10.60613009248640 0 1,0 0,21.21226018497290 a 10.60613009248640,10.60613009248640 0 1,0 0,-21.21226018497290 Z @dp} rotation={0} scale={1.0} physicalPixelDisplaySizeRatio={1.0}}}}, mRoundedCorners=RoundedCorners{[RoundedCorner{position=TopLeft, radius=84, center=Point(84, 84)}, RoundedCorner{position=TopRight, radius=84, center=Point(996, 84)}, RoundedCorner{position=BottomRight, radius=84, center=Point(996, 2316)}, RoundedCorner{position=BottomLeft, radius=84, center=Point(84, 2316)}]}  mRoundedCornerFrame=Rect(0, 0 - 1080, 2400), mPrivacyIndicatorBounds=PrivacyIndicatorBounds {static bounds=Rect(964, 0 - 1080, 87) rotation=0}, mSources= { InsetsSource: {mType=ITYPE_STATUS_BAR, mFrame=[0,0][1080,88], mVisible=true, mInsetsRoundedCornerFrame=false}, InsetsSource: {mType=ITYPE_NAVIGATION_BAR, mFrame=[0,2361][1080,2400], mVisible=true, mInsetsRoundedCornerFrame=false}, InsetsSource: {mType=ITYPE_LEFT_GESTURES, mFrame=[0,0][130,2400], mVisible=true, mInsetsRoundedCornerFrame=false}, InsetsSource: {mType=ITYPE_RIGHT_GESTURES, mFrame=[950,0][1080,2400], mVisible=true, mInsetsRoundedCornerFrame=false}, InsetsSource: {mType=ITYPE_TOP_MANDATORY_GESTURES, mFrame=[0,0][1080,120], mVisible=true, mInsetsRoundedCornerFrame=false}, InsetsSource: {mType=ITYPE_BOTTOM_MANDATORY_GESTURES, mFrame=[0,2316][1080,2400], mVisible=true, mInsetsRoundedCornerFrame=false}, InsetsSource: {mType=ITYPE_LEFT_DISPLAY_CUTOUT, mFrame=[0,0][-100000,2400], mVisible=true, mInsetsRoundedCornerFrame=false}, InsetsSource: {mType=ITYPE_TOP_DISPLAY_CUTOUT, mFrame=[0,0][1080,88], mVisible=true, mInsetsRoundedCornerFrame=false}, InsetsSource: {mType=ITYPE_RIGHT_DISPLAY_CUTOUT, mFrame=[100000,0][1080,2400], mVisible=true, mInsetsRoundedCornerFrame=false}, InsetsSource: {mType=ITYPE_BOTTOM_DISPLAY_CUTOUT, mFrame=[0,100000][1080,2400], mVisible=true, mInsetsRoundedCornerFrame=false}, InsetsSource: {mType=ITYPE_TOP_TAPPABLE_ELEMENT, mFrame=[0,0][1080,88], mVisible=true, mInsetsRoundedCornerFrame=false}, InsetsSource: {mType=ITYPE_BOTTOM_TAPPABLE_ELEMENT, mFrame=[0,0][0,0], mVisible=true, mInsetsRoundedCornerFrame=false} } host=com.lagradost.cloudstream3/com.lagradost.cloudstream3.MainActivity from=android.view.ViewRootImpl.relayoutWindow:9802
10-04 18:37:15.608 14445 14445 I ViewRootImpl@7f5677e[MainActivity]: Relayout returned: old=(0,0,1080,2400) new=(0,0,1080,2400) req=(1080,2400)8 dur=24 res=0x2 s={false 0x0} ch=true seqId=0
10-04 18:37:15.664 14445 14445 D ScrollView: initGoToTop
10-04 18:37:16.006 14445 14445 I SurfaceView@30282f7: onWindowVisibilityChanged(0) true android.view.SurfaceView{30282f7 V.E...... ......I. 0,0-0,0} of ViewRootImpl@9ace973[MainActivity]
10-04 18:37:16.006 14445 14445 D SurfaceView@30282f7: updateSurface: has no frame
10-04 18:37:16.017 14445 14445 I CS3ExoPlayer: SET STYLE = SaveCaptionStyle(foregroundColor=-1, backgroundColor=0, windowColor=0, edgeType=1, edgeColor=-16777216, typeface=null, typefaceFilePath=null, elevation=20, fixedTextSize=null, edgeSize=null, removeCaptions=false, removeBloat=true, upperCase=false, bold=false, italic=false, backgroundRadius=null)
10-04 18:37:16.036 14445 14445 D VideoClickActionHolder: allVideoClickActions: [null:com.lagradost.cloudstream3.actions.temp.PlayInBrowserAction, null:com.lagradost.cloudstream3.actions.temp.CopyClipboardAction, null:com.lagradost.cloudstream3.actions.temp.ViewM3U8Action, null:com.lagradost.cloudstream3.actions.temp.VlcPackage, null:com.lagradost.cloudstream3.actions.temp.MpvPackage, null:com.lagradost.cloudstream3.actions.temp.NextPlayerPackage, null:com.lagradost.cloudstream3.actions.temp.JustPlayerPackage, null:com.lagradost.cloudstream3.actions.temp.fcast.FcastAction, null:com.lagradost.cloudstream3.actions.temp.LibreTorrentPackage, null:com.lagradost.cloudstream3.actions.temp.BiglyBTPackage, null:com.lagradost.cloudstream3.actions.temp.VlcNightlyPackage, null:com.lagradost.cloudstream3.actions.temp.WebVideoCastPackage, null:com.lagradost.cloudstream3.actions.temp.MpvYTDLPackage, null:com.lagradost.cloudstream3.actions.temp.MpvKtPackage, null:com.lagradost.cloudstream3.actions.temp.MpvKtPreviewPackage, null:com.lagradost.cloudstream3.actions.AlwaysAskAction]
10-04 18:37:16.037 14445 14445 I IMM_LC  : hsifw() - flag : 0
10-04 18:37:16.037 14445 14445 I IMM_LC  : hsifw() ignore mServedView == null or mServedView.getWindowToken() != windowToken, mServedView :DecorView@e5e9da[MainActivity]
10-04 18:37:16.039 14445 14487 I SYNCVM  : addFromUrl = https://wecima.now/watch/%d9%85%d8%b4%d8%a7%d9%87%d8%af%d8%a9-%d9%85%d8%b3%d9%84%d8%b3%d9%84-genie-make-a-wish-%d9%85%d9%88%d8%b3%d9%85-1-%d8%ad%d9%84%d9%82%d8%a9-4/
10-04 18:37:16.040 14445 14487 I SYNCUTIL: getIdsFromUrl https://wecima.now/watch/%d9%85%d8%b4%d8%a7%d9%87%d8%af%d8%a9-%d9%85%d8%b3%d9%84%d8%b3%d9%84-genie-make-a-wish-%d9%85%d9%88%d8%b3%d9%85-1-%d8%ad%d9%84%d9%82%d8%a9-4/
10-04 18:37:16.060 14445 14445 I SurfaceView@30282f7: onWindowVisibilityChanged(8) false android.view.SurfaceView{30282f7 V.E...... ......I. 0,0-0,0} of ViewRootImpl@9ace973[MainActivity]
10-04 18:37:16.061 14445 14445 D SurfaceView@30282f7: updateSurface: has no frame
10-04 18:37:16.061 14445 14445 D SurfaceView@30282f7: updateSurface: has no frame
10-04 18:37:16.061 14445 14445 I SurfaceView@30282f7: onDetachedFromWindow: tryReleaseSurfaces()
10-04 18:37:16.061 14445 14445 I SurfaceView@30282f7: releaseSurfaces: viewRoot = ViewRootImpl@9ace973[MainActivity]
10-04 18:37:16.061 14445 14445 I SurfaceView@30282f7: applyTransactionOnVriDraw: vri = ViewRootImpl@9ace973[MainActivity] fRS = true t = 0x7b5dd90200 android.view.SurfaceView.releaseSurfaces:858 android.view.SurfaceView.onDetachedFromWindow:500 android.view.View.dispatchDetachedFromWindow:22538 
10-04 18:37:16.061 14445 14445 I SurfaceView@30282f7: applyTransactionOnVriDraw: viewRoot.applyTransactionOnDrawFromReleaseSurfaces
10-04 18:37:16.061 14445 14445 I ViewRootImpl@9ace973[MainActivity]: applyTransactionOnDraw: mRemoved = false isHardwareEnabled = true t = 0x7b5dd90200android.view.ViewRootImpl.applyTransactionOnDrawFromReleaseSurfaces:12850 android.view.SurfaceView.applyTransactionOnVriDraw:2046 android.view.SurfaceView.releaseSurfaces:858 android.view.SurfaceView.onDetachedFromWindow:500 android.view.View.dispatchDetachedFromWindow:22538 
10-04 18:37:16.063 14445 14445 I SurfaceView@30282f7: onWindowVisibilityChanged(0) true android.view.SurfaceView{30282f7 V.E...... ......I. 0,0-0,0} of ViewRootImpl@9ace973[MainActivity]
10-04 18:37:16.063 14445 14445 D SurfaceView@30282f7: updateSurface: has no frame
10-04 18:37:16.070 14445 14445 I DecorView: notifyKeepScreenOnChanged: keepScreenOn=false
10-04 18:37:16.087 14445 14445 I CS3ExoPlayer: reloadPlayer
10-04 18:37:16.087 14445 14445 I CS3ExoPlayer: releasePlayer
10-04 18:37:16.087 14445 14445 I CS3ExoPlayer: Handle event: PlayerAttachedEvent(player=null, source=Player)
10-04 18:37:16.097 14445 14445 I ViewRootImpl@9ace973[MainActivity]: performTraversals params={(0,0)(fillxfill) sim={state=always_hidden adjust=resize} ty=BASE_APPLICATION wanim=0x1030309
10-04 18:37:16.097 14445 14445 I ViewRootImpl@9ace973[MainActivity]:   fl=85810100
10-04 18:37:16.097 14445 14445 I ViewRootImpl@9ace973[MainActivity]:   pfl=12020040
10-04 18:37:16.097 14445 14445 I ViewRootImpl@9ace973[MainActivity]:   vsysui=500
10-04 18:37:16.097 14445 14445 I ViewRootImpl@9ace973[MainActivity]:   bhv=DEFAULT
10-04 18:37:16.097 14445 14445 I ViewRootImpl@9ace973[MainActivity]:   fitSides= naviIconColor=0}
10-04 18:37:16.098 14445 14445 I ViewRootImpl@9ace973[MainActivity]: performTraversals mFirst=false windowShouldResize=false viewVisibilityChanged=false mForceNextWindowRelayout=false params={(0,0)(fillxfill) sim={state=always_hidden adjust=resize} ty=BASE_APPLICATION fmt=TRANSLUCENT wanim=0x1030309
10-04 18:37:16.098 14445 14445 I ViewRootImpl@9ace973[MainActivity]:   fl=85810100
10-04 18:37:16.098 14445 14445 I ViewRootImpl@9ace973[MainActivity]:   pfl=12020040
10-04 18:37:16.098 14445 14445 I ViewRootImpl@9ace973[MainActivity]:   vsysui=500
10-04 18:37:16.098 14445 14445 I ViewRootImpl@9ace973[MainActivity]:   bhv=DEFAULT
10-04 18:37:16.098 14445 14445 I ViewRootImpl@9ace973[MainActivity]:   fitSides= naviIconColor=0}
10-04 18:37:16.108 14445 14445 I ViewRootImpl@9ace973[MainActivity]: updateBlastSurfaceIfNeeded mBlastBufferQueue=0x7b3d603900 isSameSurfaceControl=true
10-04 18:37:16.108 14445 14445 I BLASTBufferQueue: update, w= 1080 h= 2400 mName = ViewRootImpl@9ace973[MainActivity] mNativeObject= 0x7b3d603900 sc.mNativeObject= 0x7b5db9bcc0 format= -3 caller= android.view.ViewRootImpl.updateBlastSurfaceIfNeeded:2898 android.view.ViewRootImpl.relayoutWindow:9847 android.view.ViewRootImpl.performTraversals:3884 android.view.ViewRootImpl.doTraversal:3116 android.view.ViewRootImpl$TraversalRunnable.run:10885 android.view.Choreographer$CallbackRecord.run:1301 
10-04 18:37:16.108 14445 14445 I ViewRootImpl@9ace973[MainActivity]: Relayout returned: old=(0,0,1080,2400) new=(0,0,1080,2400) req=(1080,2400)0 dur=10 res=0x0 s={true 0x7b5dc16800} ch=false seqId=0
10-04 18:37:16.110 14445 14445 W View    : requestLayout() improperly called by android.widget.FrameLayout{7d0f226 I.E...... ......I. 0,0-0,0 #7f0a04e7 app:id/start_panel} during layout: running second layout pass
10-04 18:37:16.110 14445 14445 W View    : requestLayout() improperly called by android.widget.FrameLayout{d22de67 I.E...... ......ID 1080,0-1080,2143 #7f0a0168 app:id/end_panel} during layout: running second layout pass
10-04 18:37:16.112 14445 14445 D SurfaceView@30282f7: updateSurface: has no frame
10-04 18:37:16.117 14445 14537 I ViewRootImpl@9ace973[MainActivity]: mWNT: t=0x7b5dd90200 mBlastBufferQueue=0x7b3d603900 fn= 389 caller= android.view.ViewRootImpl.lambda$applyTransactionOnDraw$11$android-view-ViewRootImpl:12865 android.view.ViewRootImpl$$ExternalSyntheticLambda1.onFrameDraw:4 android.graphics.HardwareRenderer$FrameDrawingCallback.onFrameDraw:924 
10-04 18:37:16.121 14445 14445 I ViewRootImpl@7f5677e[MainActivity]: MSG_WINDOW_FOCUS_CHANGED 0 0
10-04 18:37:16.122 14445 14445 I ViewRootImpl@9ace973[MainActivity]: MSG_WINDOW_FOCUS_CHANGED 1 0
10-04 18:37:16.122 14445 14445 I ViewRootImpl@9ace973[MainActivity]: mThreadedRenderer.initializeIfNeeded()#2 mSurface={isValid=true 0x7b5dc16800}
10-04 18:37:16.130 14445 14445 D InputMethodManager: startInputInner - Id : 0
10-04 18:37:16.130 14445 14445 I InputMethodManager: startInputInner - mService.startInputOrWindowGainedFocus
10-04 18:37:16.134 14445 14445 D SurfaceView@30282f7: updateSurface: has no frame
10-04 18:37:16.138 14445 14445 D SurfaceView@30282f7: updateSurface: has no frame
10-04 18:37:16.165 14445 14445 D SurfaceView@30282f7: updateSurface: has no frame
10-04 18:37:16.176 14445 14445 D SurfaceView@30282f7: updateSurface: has no frame
10-04 18:37:16.187 14445 14445 D SurfaceView@30282f7: updateSurface: has no frame
10-04 18:37:16.202 14445 14445 D SurfaceView@30282f7: updateSurface: has no frame
10-04 18:37:16.219 14445 14445 D SurfaceView@30282f7: updateSurface: has no frame
10-04 18:37:16.236 14445 14445 D SurfaceView@30282f7: updateSurface: has no frame
10-04 18:37:16.258 14445 14445 I MSHandlerLifeCycle: check: return. pkg=com.lagradost.cloudstream3 isActivity=false callers=com.android.internal.policy.DecorView.setVisibility:4412 android.app.Dialog.hide:767 com.lagradost.cloudstream3.utils.AppContextUtils.ownHide:123 com.lagradost.cloudstream3.ui.home.HomeFragment.onDestroyView:459 androidx.fragment.app.Fragment.performDestroyView:3357 
10-04 18:37:16.258 14445 14445 I MSHandlerLifeCycle: removeMultiSplitHandler: no exist. decor=DecorView@e5e9da[MainActivity]
10-04 18:37:16.259 14445 14445 D SurfaceView@30282f7: updateSurface: has no frame
10-04 18:37:16.269 14445 14445 D SurfaceView@30282f7: updateSurface: has no frame
10-04 18:37:16.286 14445 14445 D SurfaceView@30282f7: updateSurface: has no frame
10-04 18:37:16.302 14445 14445 D SurfaceView@30282f7: updateSurface: has no frame
10-04 18:37:16.319 14445 14445 D SurfaceView@30282f7: updateSurface: has no frame
10-04 18:37:16.336 14445 14445 D SurfaceView@30282f7: updateSurface: has no frame
10-04 18:37:16.353 14445 14445 D SurfaceView@30282f7: updateSurface: has no frame
10-04 18:37:16.369 14445 14445 D SurfaceView@30282f7: updateSurface: has no frame
10-04 18:37:16.386 14445 14445 D SurfaceView@30282f7: updateSurface: has no frame
10-04 18:37:16.403 14445 14445 D SurfaceView@30282f7: updateSurface: has no frame
10-04 18:37:16.420 14445 14445 D SurfaceView@30282f7: updateSurface: has no frame
10-04 18:37:16.437 14445 14445 D SurfaceView@30282f7: updateSurface: has no frame
10-04 18:37:16.453 14445 14445 D SurfaceView@30282f7: updateSurface: has no frame
10-04 18:37:16.469 14445 14445 D SurfaceView@30282f7: updateSurface: has no frame
10-04 18:37:16.486 14445 14445 D SurfaceView@30282f7: updateSurface: has no frame
10-04 18:37:16.503 14445 14445 D SurfaceView@30282f7: updateSurface: has no frame
10-04 18:37:16.519 14445 14445 D SurfaceView@30282f7: updateSurface: has no frame
10-04 18:37:16.536 14445 14445 D SurfaceView@30282f7: updateSurface: has no frame
10-04 18:37:16.553 14445 14445 D SurfaceView@30282f7: updateSurface: has no frame
10-04 18:37:16.569 14445 14445 D SurfaceView@30282f7: updateSurface: has no frame
10-04 18:37:16.586 14445 14445 D SurfaceView@30282f7: updateSurface: has no frame
10-04 18:37:16.602 14445 14445 D SurfaceView@30282f7: updateSurface: has no frame
10-04 18:37:16.619 14445 14445 D SurfaceView@30282f7: updateSurface: has no frame
10-04 18:37:16.636 14445 14445 D SurfaceView@30282f7: updateSurface: has no frame
10-04 18:37:16.653 14445 14445 D SurfaceView@30282f7: updateSurface: has no frame
10-04 18:37:16.669 14445 14445 D SurfaceView@30282f7: updateSurface: has no frame
10-04 18:37:16.686 14445 14445 D SurfaceView@30282f7: updateSurface: has no frame
10-04 18:37:16.703 14445 14445 D SurfaceView@30282f7: updateSurface: has no frame
10-04 18:37:16.719 14445 14445 D SurfaceView@30282f7: updateSurface: has no frame
10-04 18:37:16.736 14445 14445 D SurfaceView@30282f7: updateSurface: has no frame
10-04 18:37:16.753 14445 14445 D SurfaceView@30282f7: updateSurface: has no frame
10-04 18:37:16.769 14445 14445 D SurfaceView@30282f7: updateSurface: has no frame
10-04 18:37:16.786 14445 14445 D SurfaceView@30282f7: updateSurface: has no frame
10-04 18:37:16.802 14445 14445 D SurfaceView@30282f7: updateSurface: has no frame
10-04 18:37:16.819 14445 14445 D SurfaceView@30282f7: updateSurface: has no frame
10-04 18:37:16.836 14445 14445 D SurfaceView@30282f7: updateSurface: has no frame
10-04 18:37:16.853 14445 14445 D SurfaceView@30282f7: updateSurface: has no frame
10-04 18:37:16.869 14445 14445 D SurfaceView@30282f7: updateSurface: has no frame
10-04 18:37:16.886 14445 14445 D SurfaceView@30282f7: updateSurface: has no frame
10-04 18:37:16.902 14445 14445 D SurfaceView@30282f7: updateSurface: has no frame
10-04 18:37:16.919 14445 14445 D SurfaceView@30282f7: updateSurface: has no frame
10-04 18:37:16.936 14445 14445 D SurfaceView@30282f7: updateSurface: has no frame
10-04 18:37:16.952 14445 14445 D SurfaceView@30282f7: updateSurface: has no frame
10-04 18:37:16.969 14445 14445 D SurfaceView@30282f7: updateSurface: has no frame
10-04 18:37:16.986 14445 14445 D SurfaceView@30282f7: updateSurface: has no frame
10-04 18:37:17.002 14445 14445 D SurfaceView@30282f7: updateSurface: has no frame
10-04 18:37:17.019 14445 14445 D SurfaceView@30282f7: updateSurface: has no frame
10-04 18:37:17.036 14445 14445 D SurfaceView@30282f7: updateSurface: has no frame
10-04 18:37:17.052 14445 14445 D SurfaceView@30282f7: updateSurface: has no frame
10-04 18:37:17.069 14445 14445 D SurfaceView@30282f7: updateSurface: has no frame
10-04 18:37:17.085 14445 14445 D SurfaceView@30282f7: updateSurface: has no frame
10-04 18:37:17.102 14445 14445 D SurfaceView@30282f7: updateSurface: has no frame
10-04 18:37:17.119 14445 14445 D SurfaceView@30282f7: updateSurface: has no frame
10-04 18:37:17.136 14445 14445 D SurfaceView@30282f7: updateSurface: has no frame
10-04 18:37:17.152 14445 14445 D SurfaceView@30282f7: updateSurface: has no frame
10-04 18:37:17.169 14445 14445 D SurfaceView@30282f7: updateSurface: has no frame
10-04 18:37:17.185 14445 14445 D SurfaceView@30282f7: updateSurface: has no frame
10-04 18:37:17.202 14445 14445 D SurfaceView@30282f7: updateSurface: has no frame
10-04 18:37:17.219 14445 14445 D SurfaceView@30282f7: updateSurface: has no frame
10-04 18:37:17.235 14445 14445 D SurfaceView@30282f7: updateSurface: has no frame
10-04 18:37:17.252 14445 14445 D SurfaceView@30282f7: updateSurface: has no frame
10-04 18:37:17.269 14445 14445 D SurfaceView@30282f7: updateSurface: has no frame
10-04 18:37:17.285 14445 14445 D SurfaceView@30282f7: updateSurface: has no frame
10-04 18:37:17.302 14445 14445 D SurfaceView@30282f7: updateSurface: has no frame
10-04 18:37:17.318 14445 14445 D SurfaceView@30282f7: updateSurface: has no frame
10-04 18:37:17.335 14445 14445 D SurfaceView@30282f7: updateSurface: has no frame
10-04 18:37:17.352 14445 14445 D SurfaceView@30282f7: updateSurface: has no frame
10-04 18:37:17.369 14445 14445 D SurfaceView@30282f7: updateSurface: has no frame
10-04 18:37:17.385 14445 14445 D SurfaceView@30282f7: updateSurface: has no frame
10-04 18:37:17.402 14445 14445 D SurfaceView@30282f7: updateSurface: has no frame
10-04 18:37:17.419 14445 14445 D SurfaceView@30282f7: updateSurface: has no frame
10-04 18:37:17.436 14445 14445 D SurfaceView@30282f7: updateSurface: has no frame
10-04 18:37:17.452 14445 14445 D SurfaceView@30282f7: updateSurface: has no frame
10-04 18:37:17.469 14445 14445 D SurfaceView@30282f7: updateSurface: has no frame
10-04 18:37:17.485 14445 14445 D SurfaceView@30282f7: updateSurface: has no frame
10-04 18:37:17.502 14445 14445 D SurfaceView@30282f7: updateSurface: has no frame
10-04 18:37:17.518 14445 14445 D SurfaceView@30282f7: updateSurface: has no frame
10-04 18:37:17.536 14445 14445 D SurfaceView@30282f7: updateSurface: has no frame
10-04 18:37:17.552 14445 14445 D SurfaceView@30282f7: updateSurface: has no frame
10-04 18:37:17.569 14445 14445 D SurfaceView@30282f7: updateSurface: has no frame
10-04 18:37:17.585 14445 14445 D SurfaceView@30282f7: updateSurface: has no frame
10-04 18:37:17.602 14445 14445 D SurfaceView@30282f7: updateSurface: has no frame
10-04 18:37:17.618 14445 14445 D SurfaceView@30282f7: updateSurface: has no frame
10-04 18:37:17.635 14445 14445 D SurfaceView@30282f7: updateSurface: has no frame
10-04 18:37:17.652 14445 14445 D SurfaceView@30282f7: updateSurface: has no frame
10-04 18:37:17.667 14445 14495 I RVM2    : applyMeta
10-04 18:37:17.668 14445 14445 D SurfaceView@30282f7: updateSurface: has no frame
10-04 18:37:17.685 14445 14445 D SurfaceView@30282f7: updateSurface: has no frame
10-04 18:37:17.702 14445 14445 D SurfaceView@30282f7: updateSurface: has no frame
10-04 18:37:17.719 14445 14445 D SurfaceView@30282f7: updateSurface: has no frame
10-04 18:37:17.735 14445 14445 D SurfaceView@30282f7: updateSurface: has no frame
10-04 18:37:17.752 14445 14445 D SurfaceView@30282f7: updateSurface: has no frame
10-04 18:37:17.768 14445 14445 D SurfaceView@30282f7: updateSurface: has no frame
10-04 18:37:17.785 14445 14445 D SurfaceView@30282f7: updateSurface: has no frame
10-04 18:37:17.802 14445 14445 D SurfaceView@30282f7: updateSurface: has no frame
10-04 18:37:17.818 14445 14445 D SurfaceView@30282f7: updateSurface: has no frame
10-04 18:37:17.835 14445 14445 D SurfaceView@30282f7: updateSurface: has no frame
10-04 18:37:17.852 14445 14445 D SurfaceView@30282f7: updateSurface: has no frame
10-04 18:37:17.868 14445 14445 D SurfaceView@30282f7: updateSurface: has no frame
10-04 18:37:17.885 14445 14445 D SurfaceView@30282f7: updateSurface: has no frame
10-04 18:37:17.901 14445 14445 D SurfaceView@30282f7: updateSurface: has no frame
10-04 18:37:17.918 14445 14445 D SurfaceView@30282f7: updateSurface: has no frame
10-04 18:37:17.935 14445 14445 D SurfaceView@30282f7: updateSurface: has no frame
10-04 18:37:17.952 14445 14445 D SurfaceView@30282f7: updateSurface: has no frame
10-04 18:37:17.968 14445 14445 D SurfaceView@30282f7: updateSurface: has no frame
10-04 18:37:17.985 14445 14445 D SurfaceView@30282f7: updateSurface: has no frame
10-04 18:37:18.002 14445 14445 D SurfaceView@30282f7: updateSurface: has no frame
10-04 18:37:18.018 14445 14445 D SurfaceView@30282f7: updateSurface: has no frame
10-04 18:37:18.033 14445 14445 W PanelsChildGestureRegionObserver: failed to register view with ID 2131362800. already registered
10-04 18:37:18.037 14445 14445 E CoilImgLoader: Error loading image: coil3.request.NullRequestDataException: The request's data is null.
10-04 18:37:18.042 14445 14445 E CoilImgLoader: Error loading image: coil3.request.NullRequestDataException: The request's data is null.
10-04 18:37:18.089 14445 14487 I SYNCVM  : addFromUrl = https://wecima.now/watch/%d9%85%d8%b4%d8%a7%d9%87%d8%af%d8%a9-%d9%85%d8%b3%d9%84%d8%b3%d9%84-genie-make-a-wish-%d9%85%d9%88%d8%b3%d9%85-1-%d8%ad%d9%84%d9%82%d8%a9-4/
10-04 18:37:18.090 14445 14487 I SYNCUTIL: getIdsFromUrl https://wecima.now/watch/%d9%85%d8%b4%d8%a7%d9%87%d8%af%d8%a9-%d9%85%d8%b3%d9%84%d8%b3%d9%84-genie-make-a-wish-%d9%85%d9%88%d8%b3%d9%85-1-%d8%ad%d9%84%d9%82%d8%a9-4/
10-04 18:37:18.362 14445 14450 I st.cloudstream3: Background concurrent copying GC freed 9230KB AllocSpace bytes, 44(8300KB) LOS objects, 46% free, 28MB/52MB, paused 466us,90us total 233.853ms
10-04 18:37:18.366 14445 14451 D InputTransport: Input channel destroyed: 'ClientS', fd=170
10-04 18:37:18.384 14445 14445 D SurfaceView@30282f7: updateSurface: has no frame
10-04 18:37:18.388 14445 14445 I SurfaceView@30282f7: Changes: creating=true format=true size=true visible=true alpha=false hint=false mUseAlpha=false visible=true left=true top=true
10-04 18:37:18.392 14445 14445 I BLASTBufferQueue: update, w= 1080 h= 525 mName = null mNativeObject= 0x7bdd5a4e00 sc.mNativeObject= 0x7b5dbcad80 format= 4 caller= android.view.SurfaceView.createBlastSurfaceControls:1383 android.view.SurfaceView.updateSurface:1079 android.view.SurfaceView.lambda$new$0$android-view-SurfaceView:200 android.view.SurfaceView$$ExternalSyntheticLambda5.onPreDraw:2 android.view.ViewTreeObserver.dispatchOnPreDraw:1121 android.view.ViewRootImpl.performTraversals:4442 
10-04 18:37:18.392 14445 14445 I SurfaceView@30282f7: 50496247 Cur surface: Surface(name=null)/@0xabc2156
10-04 18:37:18.392 14445 14445 I SurfaceView@30282f7: pST: sr = Rect(0, 218 - 1080, 743) sw = 1080 sh = 525
10-04 18:37:18.392 14445 14445 D SurfaceView@30282f7: performSurfaceTransaction RenderWorker position = [0, 218, 1080, 743] surfaceSize = 1080x525
10-04 18:37:18.392 14445 14445 I SurfaceView@30282f7: applyTransactionOnVriDraw: vri = ViewRootImpl@9ace973[MainActivity] fRS = false t = 0x7b79100100 android.view.SurfaceView.performSurfaceTransaction:959 android.view.SurfaceView.updateSurface:1105 android.view.SurfaceView.lambda$new$0$android-view-SurfaceView:200 
10-04 18:37:18.392 14445 14445 I ViewRootImpl@9ace973[MainActivity]: applyTransactionOnDraw: mRemoved = false isHardwareEnabled = true t = 0x7b79100100android.view.SurfaceView.applyTransactionOnVriDraw:2048 android.view.SurfaceView.performSurfaceTransaction:959 android.view.SurfaceView.updateSurface:1105 android.view.SurfaceView.lambda$new$0$android-view-SurfaceView:200 android.view.SurfaceView$$ExternalSyntheticLambda5.onPreDraw:2 
10-04 18:37:18.393 14445 14445 I SurfaceView@30282f7: updateSurface: mVisible = true mSurface.isValid() = true
10-04 18:37:18.393 14445 14445 I SurfaceView@30282f7: updateSurface: mSurfaceCreated = false surfaceChanged = true visibleChanged = true
10-04 18:37:18.393 14445 14445 I SurfaceView@30282f7: visibleChanged -- surfaceCreated
10-04 18:37:18.393 14445 14445 I SurfaceView@30282f7: surfaceCreated 0 #8 android.view.SurfaceView{30282f7 V.E...... ......ID 0,0-1080,525}
10-04 18:37:18.393 14445 14445 I SurfaceView@30282f7: surfaceChanged -- format=4 w=1080 h=525
10-04 18:37:18.393 14445 14445 I SurfaceView@30282f7: surfaceChanged (1080,525) 0 #8 android.view.SurfaceView{30282f7 V.E...... ......ID 0,0-1080,525}
10-04 18:37:18.393 14445 14445 I SurfaceView@30282f7: surfaceRedrawNeeded
10-04 18:37:18.393 14445 14445 V SurfaceView@30282f7: Layout: x=0 y=218 w=1080 h=525, frame=Rect(0, 0 - 1080, 525)
10-04 18:37:18.411 14445 14536 D SurfaceView@30282f7: updateSurfacePosition RenderWorker, frameNr = 505, position = [0, 218, 1080, 743] surfaceSize = 1080x525
10-04 18:37:18.412 14445 14536 I SurfaceView@30282f7: uSP: rtp = Rect(0, 218 - 1080, 743) rtsw = 1080 rtsh = 525
10-04 18:37:18.412 14445 14536 I SurfaceView@30282f7: onSSPAndSRT: pl = 0 pt = 218 sx = 1.0 sy = 1.0
10-04 18:37:18.412 14445 14536 I SurfaceView@30282f7: aOrMT: ViewRootImpl@9ace973[MainActivity] t = android.view.SurfaceControl$Transaction@d80e1ad fN = 505 android.view.SurfaceView.-$$Nest$mapplyOrMergeTransaction:0 android.view.SurfaceView$SurfaceViewPositionUpdateListener.positionChanged:1537 android.graphics.RenderNode$CompositePositionUpdateListener.positionChanged:373 
10-04 18:37:18.413 14445 14536 I ViewRootImpl@9ace973[MainActivity]: mWNT: t=0x7b79100200 mBlastBufferQueue=0x7b3d603900 fn= 505 caller= android.view.SurfaceView.applyOrMergeTransaction:1455 android.view.SurfaceView.-$$Nest$mapplyOrMergeTransaction:0 android.view.SurfaceView$SurfaceViewPositionUpdateListener.positionChanged:1537 
10-04 18:37:18.414 14445 14536 I ViewRootImpl@9ace973[MainActivity]: mWNT: t=0x7b79100100 mBlastBufferQueue=0x7b3d603900 fn= 505 caller= android.view.ViewRootImpl.lambda$applyTransactionOnDraw$11$android-view-ViewRootImpl:12865 android.view.ViewRootImpl$$ExternalSyntheticLambda1.onFrameDraw:4 android.graphics.HardwareRenderer$FrameDrawingCallback.onFrameDraw:924 
10-04 18:37:18.477 14445 14445 I SurfaceView@30282f7: finishedDrawing
10-04 18:37:20.154 14445 14445 I ViewRootImpl@9ace973[MainActivity]: ViewPostIme pointer 0
10-04 18:37:20.683 14445 14445 I Dialog  : mIsDeviceDefault = false, mIsSamsungBasicInteraction = false, isMetaDataInActivity = false
10-04 18:37:20.711 14445 14445 I DecorView: [INFO] isPopOver=false config=false
10-04 18:37:20.711 14445 14445 I DecorView: updateCaptionType: isFloating=false isApplication=true hasWindowDecorCaption=false this=DecorView@7fca463[]
10-04 18:37:20.712 14445 14445 D DecorView: setCaptionType = 0, this = DecorView@7fca463[]
10-04 18:37:20.713 14445 14445 I DecorView: getCurrentDensityDpi: from app context. densityDpi=420 msg=resources_loaded
10-04 18:37:20.713 14445 14445 I DecorView: setWindowBackground: isPopOver=false color=0 d=android.graphics.drawable.ColorDrawable@2051119
10-04 18:37:20.721 14445 14461 D NativeCustomFrequencyManager: [NativeCFMS] BpCustomFrequencyManager::BpCustomFrequencyManager()
10-04 18:37:20.722 14445 14445 I DecorView: notifyKeepScreenOnChanged: keepScreenOn=false
