10-04 19:05:53.640 20284 20284 I ViewRootImpl@4f9032c[MainActivity]: MSG_WINDOW_FOCUS_CHANGED 0 0
10-04 19:05:53.652 20284 20284 I ViewRootImpl@4f9032c[MainActivity]: MSG_WINDOW_FOCUS_CHANGED 0 0
10-04 19:05:53.687 20284 20284 I ViewRootImpl@907e8e7[MainActivity]: MSG_WINDOW_FOCUS_CHANGED 1 0
10-04 19:05:53.687 20284 20284 I ViewRootImpl@907e8e7[MainActivity]: mThreadedRenderer.initializeIfNeeded()#2 mSurface={isValid=true 0x7b37992800}
10-04 19:05:53.688 20284 20284 D InputMethodManager: startInputInner - Id : 0
10-04 19:05:53.688 20284 20284 I InputMethodManager: startInputInner - mService.startInputOrWindowGainedFocus
10-04 19:05:57.714 20284 20284 I ViewRootImpl@907e8e7[MainActivity]: ViewPostIme pointer 0
10-04 19:05:57.761 20284 20284 I ViewRootImpl@907e8e7[MainActivity]: ViewPostIme pointer 1
10-04 19:05:57.767 20284 20284 I MSHandlerLifeCycle: removeMultiSplitHandler: no exist. decor=DecorView@3d0d0[MainActivity]
10-04 19:05:57.768 20284 20301 D OpenGLRenderer: setSurface called with nullptr
10-04 19:05:57.768 20284 20301 D OpenGLRenderer: setSurface() destroyed EGLSurface
10-04 19:05:57.768 20284 20301 D OpenGLRenderer: destroyEglSurface
10-04 19:05:57.770 20284 20284 I ViewRootImpl@907e8e7[MainActivity]: dispatchDetachedFromWindow
10-04 19:05:57.802 20284 20284 D InputTransport: Input channel destroyed: 'd4febaf', fd=114
10-04 19:05:57.806 20284 20284 D InsetsController: onStateChanged: InsetsState: {mDisplayFrame=Rect(0, 0 - 1080, 2400), mDisplayCutout=DisplayCutout{insets=Rect(0, 88 - 0, 0) waterfall=Insets{left=0, top=0, right=0, bottom=0} boundingRect={Bounds=[Rect(0, 0 - 0, 0), Rect(512, 0 - 568, 88), Rect(0, 0 - 0, 0), Rect(0, 0 - 0, 0)]} cutoutPathParserInfo={CutoutPathParserInfo{displayWidth=1080 displayHeight=2400 physicalDisplayWidth=1080 physicalDisplayHeight=2400 density={2.625} cutoutSpec={M 0,0 M 0,12.25101276465640 a 10.60613009248640,10.60613009248640 0 1,0 0,21.21226018497290 a 10.60613009248640,10.60613009248640 0 1,0 0,-21.21226018497290 Z @dp} rotation={0} scale={1.0} physicalPixelDisplaySizeRatio={1.0}}}}, mRoundedCorners=RoundedCorners{[RoundedCorner{position=TopLeft, radius=84, center=Point(84, 84)}, RoundedCorner{position=TopRight, radius=84, center=Point(996, 84)}, RoundedCorner{position=BottomRight, radius=84, center=Point(996, 2316)}, RoundedCorner{position=BottomLeft, radius=84, center=Point(84, 2316)}]}  mRoundedCornerFrame=Rect(0, 0 - 1080, 2400), mPrivacyIndicatorBounds=PrivacyIndicatorBounds {static bounds=Rect(964, 0 - 1080, 87) rotation=0}, mSources= { InsetsSource: {mType=ITYPE_STATUS_BAR, mFrame=[0,0][1080,88], mVisible=true, mInsetsRoundedCornerFrame=false}, InsetsSource: {mType=ITYPE_NAVIGATION_BAR, mFrame=[0,2361][1080,2400], mVisible=true, mInsetsRoundedCornerFrame=false}, InsetsSource: {mType=ITYPE_LEFT_GESTURES, mFrame=[0,0][130,2400], mVisible=true, mInsetsRoundedCornerFrame=false}, InsetsSource: {mType=ITYPE_RIGHT_GESTURES, mFrame=[950,0][1080,2400], mVisible=true, mInsetsRoundedCornerFrame=false}, InsetsSource: {mType=ITYPE_TOP_MANDATORY_GESTURES, mFrame=[0,0][1080,120], mVisible=true, mInsetsRoundedCornerFrame=false}, InsetsSource: {mType=ITYPE_BOTTOM_MANDATORY_GESTURES, mFrame=[0,2316][1080,2400], mVisible=true, mInsetsRoundedCornerFrame=false}, InsetsSource: {mType=ITYPE_LEFT_DISPLAY_CUTOUT, mFrame=[0,0][-100000,2400], mVisible=true, mInsetsRoundedCornerFrame=false}, InsetsSource: {mType=ITYPE_TOP_DISPLAY_CUTOUT, mFrame=[0,0][1080,88], mVisible=true, mInsetsRoundedCornerFrame=false}, InsetsSource: {mType=ITYPE_RIGHT_DISPLAY_CUTOUT, mFrame=[100000,0][1080,2400], mVisible=true, mInsetsRoundedCornerFrame=false}, InsetsSource: {mType=ITYPE_BOTTOM_DISPLAY_CUTOUT, mFrame=[0,100000][1080,2400], mVisible=true, mInsetsRoundedCornerFrame=false}, InsetsSource: {mType=ITYPE_TOP_TAPPABLE_ELEMENT, mFrame=[0,0][1080,88], mVisible=true, mInsetsRoundedCornerFrame=false}, InsetsSource: {mType=ITYPE_BOTTOM_TAPPABLE_ELEMENT, mFrame=[0,0][0,0], mVisible=true, mInsetsRoundedCornerFrame=false} } host=com.lagradost.cloudstream3/com.lagradost.cloudstream3.MainActivity from=android.view.ViewRootImpl$ViewRootHandler.handleMessageImpl:6740
10-04 19:05:57.832 20284 20284 I ViewRootImpl@4f9032c[MainActivity]: MSG_WINDOW_FOCUS_CHANGED 1 0
10-04 19:05:57.832 20284 20284 I ViewRootImpl@4f9032c[MainActivity]: mThreadedRenderer.initializeIfNeeded()#2 mSurface={isValid=true 0x7b7af8e800}
10-04 19:05:57.852 20284 20284 D InputMethodManager: startInputInner - Id : 0
10-04 19:05:57.852 20284 20284 I InputMethodManager: startInputInner - mService.startInputOrWindowGainedFocus
10-04 19:05:59.575 20284 20284 I ViewRootImpl@4f9032c[MainActivity]: ViewPostIme pointer 0
10-04 19:05:59.634 20284 20284 W PanelsChildGestureRegionObserver: failed to register view with ID 2131362800. already registered
10-04 19:05:59.641 20284 20284 W PanelsChildGestureRegionObserver: failed to register view with ID 2131362800. already registered
10-04 19:05:59.646 20284 20284 W PanelsChildGestureRegionObserver: failed to register view with ID 2131362800. already registered
10-04 19:05:59.662 20284 20284 W PanelsChildGestureRegionObserver: failed to register view with ID 2131362800. already registered
10-04 19:05:59.678 20284 20284 W PanelsChildGestureRegionObserver: failed to register view with ID 2131362800. already registered
10-04 19:05:59.680 20284 20284 D WindowOnBackDispatcher: onBackInvoked, viewRoot=ViewRootImpl@907e8e7[MainActivity], callback=androidx.activity.OnBackPressedDispatcher$Api33Impl$$ExternalSyntheticLambda0@6784265
10-04 19:05:59.690 20284 20284 I IMM_LC  : hsifw() - flag : 0
10-04 19:05:59.691 20284 20284 I IMM_LC  : hsifw() - mService.hideSoftInput
10-04 19:05:59.698 20284 20284 I CS3ExoPlayer: onStop
10-04 19:05:59.698 20284 20284 I CS3ExoPlayer: saveData
10-04 19:05:59.698 20284 20284 I CS3ExoPlayer: handleEvent Pause
10-04 19:05:59.786 20284 20284 W PanelsChildGestureRegionObserver: failed to register view with ID 2131362800. already registered
10-04 19:05:59.937 20284 20284 W PanelsChildGestureRegionObserver: failed to register view with ID 2131362800. already registered
10-04 19:05:59.951 20284 20386 D SurfaceView@20aa672: updateSurfacePosition RenderWorker, frameNr = 716, position = [53, -431, 1027, 43] surfaceSize = 1080x525
10-04 19:05:59.951 20284 20386 I SurfaceView@20aa672: uSP: rtp = Rect(53, -431 - 1027, 43) rtsw = 1080 rtsh = 525
10-04 19:05:59.951 20284 20386 I SurfaceView@20aa672: onSSPAndSRT: pl = 53 pt = -431 sx = 0.90185183 sy = 0.9028571
10-04 19:05:59.951 20284 20386 I SurfaceView@20aa672: aOrMT: ViewRootImpl@4f9032c[MainActivity] t = android.view.SurfaceControl$Transaction@22029c5 fN = 716 android.view.SurfaceView.-$$Nest$mapplyOrMergeTransaction:0 android.view.SurfaceView$SurfaceViewPositionUpdateListener.positionChanged:1537 android.graphics.RenderNode$CompositePositionUpdateListener.positionChanged:373 
10-04 19:05:59.951 20284 20386 I ViewRootImpl@4f9032c[MainActivity]: mWNT: t=0x7b7af82700 mBlastBufferQueue=0x7b419ef900 fn= 716 caller= android.view.SurfaceView.applyOrMergeTransaction:1455 android.view.SurfaceView.-$$Nest$mapplyOrMergeTransaction:0 android.view.SurfaceView$SurfaceViewPositionUpdateListener.positionChanged:1537 
10-04 19:05:59.983 20284 20385 D SurfaceView@20aa672: updateSurfacePosition RenderWorker, frameNr = 717, position = [54, -431, 1026, 43] surfaceSize = 1080x525
10-04 19:05:59.983 20284 20385 I SurfaceView@20aa672: uSP: rtp = Rect(54, -431 - 1026, 43) rtsw = 1080 rtsh = 525
10-04 19:05:59.983 20284 20385 I SurfaceView@20aa672: onSSPAndSRT: pl = 54 pt = -431 sx = 0.9 sy = 0.9028571
10-04 19:05:59.983 20284 20385 I SurfaceView@20aa672: aOrMT: ViewRootImpl@4f9032c[MainActivity] t = android.view.SurfaceControl$Transaction@22029c5 fN = 717 android.view.SurfaceView.-$$Nest$mapplyOrMergeTransaction:0 android.view.SurfaceView$SurfaceViewPositionUpdateListener.positionChanged:1537 android.graphics.RenderNode$CompositePositionUpdateListener.positionChanged:373 
10-04 19:05:59.983 20284 20385 I ViewRootImpl@4f9032c[MainActivity]: mWNT: t=0x7b7af82700 mBlastBufferQueue=0x7b419ef900 fn= 717 caller= android.view.SurfaceView.applyOrMergeTransaction:1455 android.view.SurfaceView.-$$Nest$mapplyOrMergeTransaction:0 android.view.SurfaceView$SurfaceViewPositionUpdateListener.positionChanged:1537 
10-04 19:05:59.984 20284 20284 I SurfaceView@20aa672: onWindowVisibilityChanged(8) false android.view.SurfaceView{20aa672 V.E...... ........ 0,0-1080,525} of ViewRootImpl@4f9032c[MainActivity]
10-04 19:05:59.984 20284 20284 I SurfaceView@20aa672: Changes: creating=false format=false size=false visible=true alpha=false hint=false mUseAlpha=false visible=true left=false top=false
10-04 19:05:59.984 20284 20284 I SurfaceView@20aa672: 34252402 Cur surface: Surface(name=null)/@0x42f9c2
10-04 19:05:59.985 20284 20284 I SurfaceView@20aa672: applyTransactionOnVriDraw: vri = ViewRootImpl@4f9032c[MainActivity] fRS = false t = 0x7bed837800 android.view.SurfaceView.performSurfaceTransaction:959 android.view.SurfaceView.updateSurface:1105 android.view.SurfaceView.onWindowVisibilityChanged:371 
10-04 19:05:59.985 20284 20284 I ViewRootImpl@4f9032c[MainActivity]: applyTransactionOnDraw: mRemoved = false isHardwareEnabled = true t = 0x7bed837800android.view.SurfaceView.applyTransactionOnVriDraw:2048 android.view.SurfaceView.performSurfaceTransaction:959 android.view.SurfaceView.updateSurface:1105 android.view.SurfaceView.onWindowVisibilityChanged:371 android.view.View.dispatchDetachedFromWindow:22529 
10-04 19:05:59.985 20284 20284 I SurfaceView@20aa672: surfaceDestroyed
10-04 19:05:59.985 20284 20284 I SurfaceView@20aa672: surfaceDestroyed callback.size 0 #2 android.view.SurfaceView{20aa672 V.E...... ........ 0,0-1080,525}
10-04 19:05:59.985 20284 20284 I SurfaceView@20aa672: updateSurface: mVisible = false mSurface.isValid() = true
10-04 19:05:59.985 20284 20284 I SurfaceView@20aa672: releaseSurfaces: viewRoot = ViewRootImpl@4f9032c[MainActivity]
10-04 19:05:59.986 20284 20284 I SurfaceView@20aa672: applyTransactionOnVriDraw: vri = ViewRootImpl@4f9032c[MainActivity] fRS = true t = 0x7b5bbd1600 android.view.SurfaceView.releaseSurfaces:858 android.view.SurfaceView.updateSurface:1172 android.view.SurfaceView.onWindowVisibilityChanged:371 
10-04 19:05:59.986 20284 20284 I SurfaceView@20aa672: applyTransactionOnVriDraw: viewRoot.applyTransactionOnDrawFromReleaseSurfaces
10-04 19:05:59.986 20284 20284 I ViewRootImpl@4f9032c[MainActivity]: applyTransactionOnDraw: mRemoved = false isHardwareEnabled = true t = 0x7b5bbd1600android.view.ViewRootImpl.applyTransactionOnDrawFromReleaseSurfaces:12850 android.view.SurfaceView.applyTransactionOnVriDraw:2046 android.view.SurfaceView.releaseSurfaces:858 android.view.SurfaceView.updateSurface:1172 android.view.SurfaceView.onWindowVisibilityChanged:371 
10-04 19:05:59.986 20284 20284 V SurfaceView@20aa672: Layout: x=0 y=-609 w=1080 h=525, frame=Rect(0, 0 - 1080, 525)
10-04 19:05:59.986 20284 20284 I SurfaceView@20aa672: onDetachedFromWindow: tryReleaseSurfaces()
10-04 19:05:59.986 20284 20284 I SurfaceView@20aa672: releaseSurfaces: viewRoot = ViewRootImpl@4f9032c[MainActivity]
10-04 19:05:59.986 20284 20284 I SurfaceView@20aa672: applyTransactionOnVriDraw: vri = ViewRootImpl@4f9032c[MainActivity] fRS = true t = 0x7b5bbd1800 android.view.SurfaceView.releaseSurfaces:858 android.view.SurfaceView.onDetachedFromWindow:500 android.view.View.dispatchDetachedFromWindow:22538 
10-04 19:05:59.986 20284 20284 I SurfaceView@20aa672: applyTransactionOnVriDraw: viewRoot.applyTransactionOnDrawFromReleaseSurfaces
10-04 19:05:59.987 20284 20284 I ViewRootImpl@4f9032c[MainActivity]: applyTransactionOnDraw: mRemoved = false isHardwareEnabled = true t = 0x7b5bbd1800android.view.ViewRootImpl.applyTransactionOnDrawFromReleaseSurfaces:12850 android.view.SurfaceView.applyTransactionOnVriDraw:2046 android.view.SurfaceView.releaseSurfaces:858 android.view.SurfaceView.onDetachedFromWindow:500 android.view.View.dispatchDetachedFromWindow:22538 
10-04 19:05:59.998 20284 20284 I DecorView: notifyKeepScreenOnChanged: keepScreenOn=false
10-04 19:05:59.999 20284 20284 I CS3ExoPlayer: releasePlayer
10-04 19:06:00.000 20284 20284 I CS3ExoPlayer: Handle event: PlayerAttachedEvent(player=null, source=Player)
10-04 19:06:00.001 20284 20284 I DecorView: notifyKeepScreenOnChanged: keepScreenOn=false
10-04 19:06:00.002 20284 20284 I ViewRootImpl@4f9032c[MainActivity]: performTraversals params={(0,0)(fillxfill) sim={state=always_hidden adjust=resize} ty=BASE_APPLICATION wanim=0x1030309
10-04 19:06:00.002 20284 20284 I ViewRootImpl@4f9032c[MainActivity]:   fl=85810100
10-04 19:06:00.002 20284 20284 I ViewRootImpl@4f9032c[MainActivity]:   pfl=12020040
10-04 19:06:00.002 20284 20284 I ViewRootImpl@4f9032c[MainActivity]:   vsysui=500
10-04 19:06:00.002 20284 20284 I ViewRootImpl@4f9032c[MainActivity]:   bhv=DEFAULT
10-04 19:06:00.002 20284 20284 I ViewRootImpl@4f9032c[MainActivity]:   fitSides= naviIconColor=0}
10-04 19:06:00.003 20284 20284 I ViewRootImpl@4f9032c[MainActivity]: performTraversals mFirst=false windowShouldResize=false viewVisibilityChanged=false mForceNextWindowRelayout=false params={(0,0)(fillxfill) sim={state=always_hidden adjust=resize} ty=BASE_APPLICATION fmt=TRANSLUCENT wanim=0x1030309
10-04 19:06:00.003 20284 20284 I ViewRootImpl@4f9032c[MainActivity]:   fl=85810100
10-04 19:06:00.003 20284 20284 I ViewRootImpl@4f9032c[MainActivity]:   pfl=12020040
10-04 19:06:00.003 20284 20284 I ViewRootImpl@4f9032c[MainActivity]:   vsysui=500
10-04 19:06:00.003 20284 20284 I ViewRootImpl@4f9032c[MainActivity]:   bhv=DEFAULT
10-04 19:06:00.003 20284 20284 I ViewRootImpl@4f9032c[MainActivity]:   fitSides= naviIconColor=0}
10-04 19:06:00.009 20284 20284 I ViewRootImpl@4f9032c[MainActivity]: updateBlastSurfaceIfNeeded mBlastBufferQueue=0x7b419ef900 isSameSurfaceControl=true
10-04 19:06:00.009 20284 20284 I BLASTBufferQueue: update, w= 1080 h= 2400 mName = ViewRootImpl@4f9032c[MainActivity] mNativeObject= 0x7b419ef900 sc.mNativeObject= 0x7b37a24ba0 format= -3 caller= android.view.ViewRootImpl.updateBlastSurfaceIfNeeded:2898 android.view.ViewRootImpl.relayoutWindow:9847 android.view.ViewRootImpl.performTraversals:3884 android.view.ViewRootImpl.doTraversal:3116 android.view.ViewRootImpl$TraversalRunnable.run:10885 android.view.Choreographer$CallbackRecord.run:1301 
10-04 19:06:00.009 20284 20284 I ViewRootImpl@4f9032c[MainActivity]: Relayout returned: old=(0,0,1080,2400) new=(0,0,1080,2400) req=(1080,2400)0 dur=6 res=0x0 s={true 0x7b7af8e800} ch=false seqId=0
10-04 19:06:00.009 20284 20284 I ViewRootImpl@4f9032c[MainActivity]: updateBoundsLayer: t = android.view.SurfaceControl$Transaction@52de0f2 sc = Surface(name=Bounds for - com.lagradost.cloudstream3/com.lagradost.cloudstream3.MainActivity@0)/@0xc3eb343 frame = 718
10-04 19:06:00.010 20284 20284 I ViewRootImpl@4f9032c[MainActivity]: mWNT: t=0x7b5ba95900 mBlastBufferQueue=0x7b419ef900 fn= 718 caller= android.view.ViewRootImpl.prepareSurfaces:2985 android.view.ViewRootImpl.performTraversals:4233 android.view.ViewRootImpl.doTraversal:3116 
10-04 19:06:00.011 20284 20301 D SurfaceView@20aa672: windowPositionLost, frameNr = 718
10-04 19:06:00.012 20284 20386 I ViewRootImpl@4f9032c[MainActivity]: mWNT: t=0x7bed837800 mBlastBufferQueue=0x7b419ef900 fn= 718 caller= android.view.ViewRootImpl.lambda$applyTransactionOnDraw$11$android-view-ViewRootImpl:12865 android.view.ViewRootImpl$$ExternalSyntheticLambda1.onFrameDraw:4 android.graphics.HardwareRenderer$FrameDrawingCallback.onFrameDraw:924 
10-04 19:06:00.012 20284 20386 I ViewRootImpl@4f9032c[MainActivity]: mWNT: t=0x7b5bbd1600 mBlastBufferQueue=0x7b419ef900 fn= 718 caller= android.view.ViewRootImpl.lambda$applyTransactionOnDraw$11$android-view-ViewRootImpl:12865 android.view.ViewRootImpl$$ExternalSyntheticLambda1.onFrameDraw:4 android.graphics.HardwareRenderer$FrameDrawingCallback.onFrameDraw:924 
10-04 19:06:00.012 20284 20386 I ViewRootImpl@4f9032c[MainActivity]: mWNT: t=0x7b5bbd1800 mBlastBufferQueue=0x7b419ef900 fn= 718 caller= android.view.ViewRootImpl.lambda$applyTransactionOnDraw$11$android-view-ViewRootImpl:12865 android.view.ViewRootImpl$$ExternalSyntheticLambda1.onFrameDraw:4 android.graphics.HardwareRenderer$FrameDrawingCallback.onFrameDraw:924 
10-04 19:06:01.082 20284 20284 I ViewRootImpl@4f9032c[MainActivity]: ViewPostIme pointer 0
10-04 19:06:01.122 20284 20284 I ViewRootImpl@4f9032c[MainActivity]: ViewPostIme pointer 1
10-04 19:06:01.135 20284 20284 I Dialog  : mIsDeviceDefault = false, mIsSamsungBasicInteraction = false, isMetaDataInActivity = false
10-04 19:06:01.164 20284 20284 I DecorView: [INFO] isPopOver=false config=false
10-04 19:06:01.165 20284 20284 I DecorView: updateCaptionType: isFloating=false isApplication=true hasWindowDecorCaption=false this=DecorView@4304684[]
10-04 19:06:01.165 20284 20284 D DecorView: setCaptionType = 0, this = DecorView@4304684[]
10-04 19:06:01.167 20284 20284 I DecorView: getCurrentDensityDpi: from app context. densityDpi=420 msg=resources_loaded
10-04 19:06:01.167 20284 20284 I DecorView: setWindowBackground: isPopOver=false color=0 d=android.graphics.drawable.ColorDrawable@d9c6aa2
10-04 19:06:01.176 20284 20301 D NativeCustomFrequencyManager: [NativeCFMS] BpCustomFrequencyManager::BpCustomFrequencyManager()
10-04 19:06:01.177 20284 20284 I DecorView: notifyKeepScreenOnChanged: keepScreenOn=false
10-04 19:06:01.189 20284 20284 D InsetsController: onStateChanged: InsetsState: {mDisplayFrame=Rect(0, 0 - 1080, 2400), mDisplayCutout=DisplayCutout{insets=Rect(0, 88 - 0, 0) waterfall=Insets{left=0, top=0, right=0, bottom=0} boundingRect={Bounds=[Rect(0, 0 - 0, 0), Rect(512, 0 - 568, 88), Rect(0, 0 - 0, 0), Rect(0, 0 - 0, 0)]} cutoutPathParserInfo={CutoutPathParserInfo{displayWidth=1080 displayHeight=2400 physicalDisplayWidth=1080 physicalDisplayHeight=2400 density={2.625} cutoutSpec={M 0,0 M 0,12.25101276465640 a 10.60613009248640,10.60613009248640 0 1,0 0,21.21226018497290 a 10.60613009248640,10.60613009248640 0 1,0 0,-21.21226018497290 Z @dp} rotation={0} scale={1.0} physicalPixelDisplaySizeRatio={1.0}}}}, mRoundedCorners=RoundedCorners{[RoundedCorner{position=TopLeft, radius=84, center=Point(84, 84)}, RoundedCorner{position=TopRight, radius=84, center=Point(996, 84)}, RoundedCorner{position=BottomRight, radius=84, center=Point(996, 2316)}, RoundedCorner{position=BottomLeft, radius=84, center=Point(84, 2316)}]}  mRoundedCornerFrame=Rect(0, 0 - 1080, 2400), mPrivacyIndicatorBounds=PrivacyIndicatorBounds {static bounds=Rect(964, 0 - 1080, 87) rotation=0}, mSources= { InsetsSource: {mType=ITYPE_STATUS_BAR, mFrame=[0,0][1080,88], mVisible=true, mInsetsRoundedCornerFrame=false}, InsetsSource: {mType=ITYPE_NAVIGATION_BAR, mFrame=[0,2361][1080,2400], mVisible=true, mInsetsRoundedCornerFrame=false}, InsetsSource: {mType=ITYPE_LEFT_GESTURES, mFrame=[0,0][130,2400], mVisible=true, mInsetsRoundedCornerFrame=false}, InsetsSource: {mType=ITYPE_RIGHT_GESTURES, mFrame=[950,0][1080,2400], mVisible=true, mInsetsRoundedCornerFrame=false}, InsetsSource: {mType=ITYPE_TOP_MANDATORY_GESTURES, mFrame=[0,0][1080,120], mVisible=true, mInsetsRoundedCornerFrame=false}, InsetsSource: {mType=ITYPE_BOTTOM_MANDATORY_GESTURES, mFrame=[0,2316][1080,2400], mVisible=true, mInsetsRoundedCornerFrame=false}, InsetsSource: {mType=ITYPE_LEFT_DISPLAY_CUTOUT, mFrame=[0,0][-100000,2400], mVisible=true, mInsetsRoundedCornerFrame=false}, InsetsSource: {mType=ITYPE_TOP_DISPLAY_CUTOUT, mFrame=[0,0][1080,88], mVisible=true, mInsetsRoundedCornerFrame=false}, InsetsSource: {mType=ITYPE_RIGHT_DISPLAY_CUTOUT, mFrame=[100000,0][1080,2400], mVisible=true, mInsetsRoundedCornerFrame=false}, InsetsSource: {mType=ITYPE_BOTTOM_DISPLAY_CUTOUT, mFrame=[0,100000][1080,2400], mVisible=true, mInsetsRoundedCornerFrame=false}, InsetsSource: {mType=ITYPE_TOP_TAPPABLE_ELEMENT, mFrame=[0,0][1080,88], mVisible=true, mInsetsRoundedCornerFrame=false}, InsetsSource: {mType=ITYPE_BOTTOM_TAPPABLE_ELEMENT, mFrame=[0,0][0,0], mVisible=true, mInsetsRoundedCornerFrame=false}, InsetsSource: {mType=ITYPE_IME, mFrame=[0,0][0,0], mVisibleFrame=[0,1409][1080,2400], mVisible=false, mInsetsRoundedCornerFrame=false} } host=com.lagradost.cloudstream3/com.lagradost.cloudstream3.MainActivity from=android.view.ViewRootImpl.setView:1732
10-04 19:06:01.190 20284 20284 I ViewRootImpl@6f0408[MainActivity]: setView = com.android.internal.policy.DecorView@4304684 TM=true
10-04 19:06:01.392 20284 20284 I ViewRootImpl@6f0408[MainActivity]: performTraversals params={(0,0)(fillxfill) gr=CENTER sim={adjust=resize forwardNavigation} ty=APPLICATION fmt=TRANSPARENT wanim=0x7f14000b
10-04 19:06:01.392 20284 20284 I ViewRootImpl@6f0408[MainActivity]:   fl=85810100
10-04 19:06:01.392 20284 20284 I ViewRootImpl@6f0408[MainActivity]:   pfl=12020040
10-04 19:06:01.392 20284 20284 I ViewRootImpl@6f0408[MainActivity]:   vsysui=500
10-04 19:06:01.392 20284 20284 I ViewRootImpl@6f0408[MainActivity]:   bhv=DEFAULT
10-04 19:06:01.392 20284 20284 I ViewRootImpl@6f0408[MainActivity]:   fitSides= naviIconColor=0}
10-04 19:06:01.392 20284 20284 I ViewRootImpl@6f0408[MainActivity]: performTraversals mFirst=true windowShouldResize=true viewVisibilityChanged=false mForceNextWindowRelayout=false params={(0,0)(fillxfill) gr=CENTER sim={adjust=resize forwardNavigation} ty=APPLICATION fmt=TRANSPARENT wanim=0x7f14000b
10-04 19:06:01.392 20284 20284 I ViewRootImpl@6f0408[MainActivity]:   fl=85810100
10-04 19:06:01.392 20284 20284 I ViewRootImpl@6f0408[MainActivity]:   pfl=12020040
10-04 19:06:01.392 20284 20284 I ViewRootImpl@6f0408[MainActivity]:   vsysui=500
10-04 19:06:01.392 20284 20284 I ViewRootImpl@6f0408[MainActivity]:   bhv=DEFAULT
10-04 19:06:01.392 20284 20284 I ViewRootImpl@6f0408[MainActivity]:   fitSides= naviIconColor=0}
10-04 19:06:01.407 20284 20284 I ViewRootImpl@6f0408[MainActivity]: updateBlastSurfaceIfNeeded mBlastBufferQueue=null isSameSurfaceControl=false
10-04 19:06:01.408 20284 20284 I BLASTBufferQueue: new BLASTBufferQueue, mName= ViewRootImpl@6f0408[MainActivity] mNativeObject= 0x7b37ab0600 sc.mNativeObject= 0x7b0a74c440 caller= android.view.ViewRootImpl.updateBlastSurfaceIfNeeded:2909 android.view.ViewRootImpl.relayoutWindow:9847 android.view.ViewRootImpl.performTraversals:3884 android.view.ViewRootImpl.doTraversal:3116 android.view.ViewRootImpl$TraversalRunnable.run:10885 android.view.Choreographer$CallbackRecord.run:1301 android.view.Choreographer$CallbackRecord.run:1309 android.view.Choreographer.doCallbacks:923 android.view.Choreographer.doFrame:852 android.view.Choreographer$FrameDisplayEventReceiver.run:1283 
10-04 19:06:01.408 20284 20284 I BLASTBufferQueue: update, w= 1080 h= 2400 mName = ViewRootImpl@6f0408[MainActivity] mNativeObject= 0x7b37ab0600 sc.mNativeObject= 0x7b0a74c440 format= -2 caller= android.graphics.BLASTBufferQueue.<init>:84 android.view.ViewRootImpl.updateBlastSurfaceIfNeeded:2909 android.view.ViewRootImpl.relayoutWindow:9847 android.view.ViewRootImpl.performTraversals:3884 android.view.ViewRootImpl.doTraversal:3116 android.view.ViewRootImpl$TraversalRunnable.run:10885 
10-04 19:06:01.408 20284 20284 I ViewRootImpl@6f0408[MainActivity]: Relayout returned: old=(0,0,1080,2400) new=(0,0,1080,2400) req=(1080,2400)0 dur=15 res=0x3 s={true 0x7b7af8c000} ch=true seqId=0
10-04 19:06:01.409 20284 20284 I ViewRootImpl@6f0408[MainActivity]: mThreadedRenderer.initialize() mSurface={isValid=true 0x7b7af8c000} hwInitialized=true
10-04 19:06:01.411 20284 20301 D OpenGLRenderer: eglCreateWindowSurface
10-04 19:06:01.414 20284 20284 I ViewRootImpl@6f0408[MainActivity]: reportNextDraw android.view.ViewRootImpl.performTraversals:4438 android.view.ViewRootImpl.doTraversal:3116 android.view.ViewRootImpl$TraversalRunnable.run:10885 android.view.Choreographer$CallbackRecord.run:1301 android.view.Choreographer$CallbackRecord.run:1309 
10-04 19:06:01.421 20284 20284 I ViewRootImpl@6f0408[MainActivity]: Setup new sync id=0
10-04 19:06:01.421 20284 20284 I ViewRootImpl@6f0408[MainActivity]: Setting syncFrameCallback
10-04 19:06:01.421 20284 20284 I ViewRootImpl@6f0408[MainActivity]: registerCallbacksForSync syncBuffer=false
10-04 19:06:01.430 20284 20385 I ViewRootImpl@6f0408[MainActivity]: Received frameDrawingCallback syncResult=0 frameNum=1.
10-04 19:06:01.430 20284 20385 I ViewRootImpl@6f0408[MainActivity]: Setting up sync and frameCommitCallback
10-04 19:06:01.442 20284 20301 I BLASTBufferQueue: [ViewRootImpl@6f0408[MainActivity]#7](f:0,a:0) onFrameAvailable the first frame is available
10-04 19:06:01.445 20284 20301 I ViewRootImpl@6f0408[MainActivity]: Received frameCommittedCallback lastAttemptedDrawFrameNum=1 didProduceBuffer=true
10-04 19:06:01.449 20284 20301 D OpenGLRenderer: CFMS:: SetUp Pid : 20284    Tid : 20301
10-04 19:06:01.454 20284 20284 I ViewRootImpl@6f0408[MainActivity]: onSyncComplete
10-04 19:06:01.455 20284 20284 I ViewRootImpl@6f0408[MainActivity]: setupSync seqId=0 mSyncId=0 fn=1 caller=android.view.ViewRootImpl$$ExternalSyntheticLambda11.accept:6 android.window.SurfaceSyncer.lambda$setupSync$1$android-window-SurfaceSyncer:128 android.window.SurfaceSyncer$$ExternalSyntheticLambda1.accept:8 android.window.SurfaceSyncer$SyncSet.checkIfSyncIsComplete:382 android.window.SurfaceSyncer$SyncSet.markSyncReady:359 android.window.SurfaceSyncer.markSyncReady:151 android.view.ViewRootImpl.performTraversals:4503 
10-04 19:06:01.455 20284 20284 I ViewRootImpl@6f0408[MainActivity]: reportDrawFinished seqId=0 mSyncId=-1 fn=1 mSurfaceChangedTransaction=0x7b41a56300
10-04 19:06:01.481 20284 20284 I ViewRootImpl@4f9032c[MainActivity]: MSG_WINDOW_FOCUS_CHANGED 0 0
10-04 19:06:01.512 20284 20284 I ViewRootImpl@6f0408[MainActivity]: MSG_WINDOW_FOCUS_CHANGED 1 0
10-04 19:06:01.512 20284 20284 I ViewRootImpl@6f0408[MainActivity]: mThreadedRenderer.initializeIfNeeded()#2 mSurface={isValid=true 0x7b7af8c000}
10-04 19:06:01.514 20284 20284 D InputMethodManager: startInputInner - Id : 0
10-04 19:06:01.514 20284 20284 I InputMethodManager: startInputInner - mService.startInputOrWindowGainedFocus
10-04 19:06:02.289 20284 20284 I ViewRootImpl@6f0408[MainActivity]: ViewPostIme pointer 0
10-04 19:06:02.389 20284 20284 I ViewRootImpl@6f0408[MainActivity]: ViewPostIme pointer 1
10-04 19:06:02.891 20284 20284 I ViewRootImpl@6f0408[MainActivity]: ViewPostIme pointer 0
10-04 19:06:03.038 20284 20284 I ViewRootImpl@6f0408[MainActivity]: ViewPostIme pointer 1
10-04 19:06:03.490 20284 20284 I ViewRootImpl@6f0408[MainActivity]: ViewPostIme pointer 0
10-04 19:06:03.885 20284 20284 I ViewRootImpl@6f0408[MainActivity]: ViewPostIme pointer 1
10-04 19:06:04.126 20284 20284 I ViewRootImpl@6f0408[MainActivity]: ViewPostIme pointer 0
10-04 19:06:04.226 20284 20284 I ViewRootImpl@6f0408[MainActivity]: ViewPostIme pointer 1
10-04 19:06:04.605 20284 20284 I ViewRootImpl@6f0408[MainActivity]: ViewPostIme pointer 0
10-04 19:06:04.928 20284 20284 I ViewRootImpl@6f0408[MainActivity]: ViewPostIme pointer 1
10-04 19:06:05.555 20284 20325 D ApiError: -------------------------------------------------------------------
10-04 19:06:05.555 20284 20325 D ApiError: safeApiCall: Only the original thread that created a view hierarchy can touch its views.
10-04 19:06:05.555 20284 20325 D ApiError: safeApiCall: Only the original thread that created a view hierarchy can touch its views.
10-04 19:06:05.555 20284 20325 W System.err: android.view.ViewRootImpl$CalledFromWrongThreadException: Only the original thread that created a view hierarchy can touch its views.
10-04 19:06:05.555 20284 20325 W System.err: 	at android.view.ViewRootImpl.checkThread(ViewRootImpl.java:11586)
10-04 19:06:05.555 20284 20325 W System.err: 	at android.view.ViewRootImpl.requestLayout(ViewRootImpl.java:2648)
10-04 19:06:05.555 20284 20325 W System.err: 	at android.view.View.requestLayout(View.java:27623)
10-04 19:06:05.555 20284 20325 W System.err: 	at android.view.View.requestLayout(View.java:27623)
10-04 19:06:05.555 20284 20325 W System.err: 	at android.view.View.requestLayout(View.java:27623)
10-04 19:06:05.556 20284 20325 W System.err: 	at android.view.View.requestLayout(View.java:27623)
10-04 19:06:05.556 20284 20325 W System.err: 	at android.view.View.requestLayout(View.java:27623)
10-04 19:06:05.556 20284 20325 W System.err: 	at android.view.View.requestLayout(View.java:27623)
10-04 19:06:05.556 20284 20325 W System.err: 	at android.view.View.requestLayout(View.java:27623)
10-04 19:06:05.556 20284 20325 W System.err: 	at android.view.View.requestLayout(View.java:27623)
10-04 19:06:05.556 20284 20325 W System.err: 	at android.view.View.requestLayout(View.java:27623)
10-04 19:06:05.556 20284 20325 W System.err: 	at android.view.View.requestLayout(View.java:27623)
10-04 19:06:05.556 20284 20325 W System.err: 	at androidx.recyclerview.widget.RecyclerView.requestLayout(RecyclerView.java:4881)
10-04 19:06:05.556 20284 20325 W System.err: 	at androidx.recyclerview.widget.RecyclerView$RecyclerViewDataObserver.triggerUpdateProcessor(RecyclerView.java:6060)
10-04 19:06:05.556 20284 20325 W System.err: 	at androidx.recyclerview.widget.RecyclerView$RecyclerViewDataObserver.onItemRangeInserted(RecyclerView.java:6035)
10-04 19:06:05.556 20284 20325 W System.err: 	at androidx.recyclerview.widget.RecyclerView$AdapterDataObservable.notifyItemRangeInserted(RecyclerView.java:13138)
10-04 19:06:05.556 20284 20325 W System.err: 	at androidx.recyclerview.widget.RecyclerView$Adapter.notifyItemRangeInserted(RecyclerView.java:8146)
10-04 19:06:05.556 20284 20325 W System.err: 	at androidx.recyclerview.widget.AdapterListUpdateCallback.onInserted(AdapterListUpdateCallback.java:44)
10-04 19:06:05.556 20284 20325 W System.err: 	at androidx.recyclerview.widget.BatchingListUpdateCallback.dispatchLastEvent(BatchingListUpdateCallback.java:63)
10-04 19:06:05.556 20284 20325 W System.err: 	at androidx.recyclerview.widget.DiffUtil$DiffResult.dispatchUpdatesTo(DiffUtil.java:967)
10-04 19:06:05.556 20284 20325 W System.err: 	at androidx.recyclerview.widget.DiffUtil$DiffResult.dispatchUpdatesTo(DiffUtil.java:840)
10-04 19:06:05.556 20284 20325 W System.err: 	at com.lagradost.cloudstream3.ui.search.SearchAdapter.updateList(SearchAdaptor.kt:83)
10-04 19:06:05.556 20284 20325 W System.err: 	at com.lagradost.cloudstream3.ui.home.HomeFragment$Companion$loadHomepageList$5$onScrollStateChanged$1.invokeSuspend(HomeFragment.kt:212)
10-04 19:06:05.556 20284 20325 W System.err: 	at kotlin.coroutines.jvm.internal.BaseContinuationImpl.resumeWith(ContinuationImpl.kt:33)
10-04 19:06:05.556 20284 20325 W System.err: 	at kotlinx.coroutines.UndispatchedCoroutine.afterResume(CoroutineContext.kt:266)
10-04 19:06:05.556 20284 20325 W System.err: 	at kotlinx.coroutines.AbstractCoroutine.resumeWith(AbstractCoroutine.kt:101)
10-04 19:06:05.556 20284 20325 W System.err: 	at kotlin.coroutines.jvm.internal.BaseContinuationImpl.resumeWith(ContinuationImpl.kt:46)
10-04 19:06:05.556 20284 20325 W System.err: 	at kotlinx.coroutines.internal.ScopeCoroutine.afterResume(Scopes.kt:35)
10-04 19:06:05.556 20284 20325 W System.err: 	at kotlinx.coroutines.AbstractCoroutine.resumeWith(AbstractCoroutine.kt:101)
10-04 19:06:05.556 20284 20325 W System.err: 	at kotlin.coroutines.jvm.internal.BaseContinuationImpl.resumeWith(ContinuationImpl.kt:46)
10-04 19:06:05.556 20284 20325 W System.err: 	at kotlinx.coroutines.DispatchedTask.run(DispatchedTask.kt:100)
10-04 19:06:05.556 20284 20325 W System.err: 	at kotlinx.coroutines.internal.LimitedDispatcher$Worker.run(LimitedDispatcher.kt:113)
10-04 19:06:05.557 20284 20325 W System.err: 	at kotlinx.coroutines.scheduling.TaskImpl.run(Tasks.kt:89)
10-04 19:06:05.557 20284 20325 W System.err: 	at kotlinx.coroutines.scheduling.CoroutineScheduler.runSafely(CoroutineScheduler.kt:586)
10-04 19:06:05.557 20284 20325 W System.err: 	at kotlinx.coroutines.scheduling.CoroutineScheduler$Worker.executeTask(CoroutineScheduler.kt:820)
10-04 19:06:05.557 20284 20325 W System.err: 	at kotlinx.coroutines.scheduling.CoroutineScheduler$Worker.runWorker(CoroutineScheduler.kt:717)
10-04 19:06:05.557 20284 20325 W System.err: 	at kotlinx.coroutines.scheduling.CoroutineScheduler$Worker.run(CoroutineScheduler.kt:704)
10-04 19:06:05.557 20284 20325 D ApiError: -------------------------------------------------------------------
10-04 19:06:05.668 20284 20290 I st.cloudstream3: Background concurrent copying GC freed 11MB AllocSpace bytes, 63(8340KB) LOS objects, 43% free, 31MB/55MB, paused 394us,236us total 242.532ms
10-04 19:06:05.675 20284 20301 D OpenGLRenderer: setSurface called with nullptr
10-04 19:06:05.676 20284 20291 D InputTransport: Input channel destroyed: 'ClientS', fd=218
10-04 19:06:05.676 20284 20291 D InputTransport: Input channel destroyed: 'ClientS', fd=169
10-04 19:06:05.676 20284 20301 D OpenGLRenderer: setSurface called with nullptr
10-04 19:06:05.677 20284 20291 D InputTransport: Input channel destroyed: 'ClientS', fd=175
10-04 19:06:05.677 20284 20291 D InputTransport: Input channel destroyed: 'ClientS', fd=114
10-04 19:06:05.677 20284 20291 D InputTransport: Input channel destroyed: 'ClientS', fd=141
10-04 19:06:06.452 20284 20284 I ViewRootImpl@6f0408[MainActivity]: ViewPostIme pointer 0
10-04 19:06:06.510 20284 20284 I ViewRootImpl@6f0408[MainActivity]: ViewPostIme pointer 1
10-04 19:06:06.528 20284 20284 I NavComponent: Navigating to fragment: 2131362274
10-04 19:06:06.538 20284 20284 I IMM_LC  : hsifw() - flag : 0
10-04 19:06:06.538 20284 20284 I IMM_LC  : hsifw() ignore mServedView == null or mServedView.getWindowToken() != windowToken, mServedView :DecorView@4304684[MainActivity]
10-04 19:06:06.545 20284 20284 I MSHandlerLifeCycle: check: return. pkg=com.lagradost.cloudstream3 isActivity=false callers=com.android.internal.policy.DecorView.setVisibility:4412 android.app.Dialog.hide:767 com.lagradost.cloudstream3.utils.AppContextUtils.ownHide:123 com.lagradost.cloudstream3.ui.home.HomeFragment$Companion.loadHomepageList$lambda$3:185 com.lagradost.cloudstream3.ui.home.HomeFragment$Companion.$r8$lambda$MoQSIPnUiyzkK5n4sMwjTMvpPNA:0 
10-04 19:06:06.545 20284 20284 I MSHandlerLifeCycle: removeMultiSplitHandler: no exist. decor=DecorView@4304684[MainActivity]
10-04 19:06:06.594 20284 20284 D ScrollView: initGoToTop
10-04 19:06:06.869 20284 20284 I SurfaceView@2fcfe64: onWindowVisibilityChanged(0) true android.view.SurfaceView{2fcfe64 V.E...... ......I. 0,0-0,0} of ViewRootImpl@4f9032c[MainActivity]
10-04 19:06:06.869 20284 20284 D SurfaceView@2fcfe64: updateSurface: has no frame
10-04 19:06:06.875 20284 20284 I CS3ExoPlayer: SET STYLE = SaveCaptionStyle(foregroundColor=-1, backgroundColor=0, windowColor=0, edgeType=1, edgeColor=-16777216, typeface=null, typefaceFilePath=null, elevation=20, fixedTextSize=null, edgeSize=null, removeCaptions=false, removeBloat=true, upperCase=false, bold=false, italic=false, backgroundRadius=null)
10-04 19:06:06.886 20284 20284 I IMM_LC  : hsifw() - flag : 0
10-04 19:06:06.886 20284 20284 I IMM_LC  : hsifw() ignore mServedView == null or mServedView.getWindowToken() != windowToken, mServedView :DecorView@4304684[MainActivity]
10-04 19:06:06.887 20284 20332 I SYNCVM  : addFromUrl = https://wecima.now/watch/in-vitro/
10-04 19:06:06.887 20284 20332 I SYNCUTIL: getIdsFromUrl https://wecima.now/watch/in-vitro/
10-04 19:06:06.901 20284 20284 I SurfaceView@2fcfe64: onWindowVisibilityChanged(8) false android.view.SurfaceView{2fcfe64 V.E...... ......I. 0,0-0,0} of ViewRootImpl@4f9032c[MainActivity]
10-04 19:06:06.901 20284 20284 D SurfaceView@2fcfe64: updateSurface: has no frame
10-04 19:06:06.901 20284 20284 D SurfaceView@2fcfe64: updateSurface: has no frame
10-04 19:06:06.901 20284 20284 I SurfaceView@2fcfe64: onDetachedFromWindow: tryReleaseSurfaces()
10-04 19:06:06.901 20284 20284 I SurfaceView@2fcfe64: releaseSurfaces: viewRoot = ViewRootImpl@4f9032c[MainActivity]
10-04 19:06:06.901 20284 20284 I SurfaceView@2fcfe64: applyTransactionOnVriDraw: vri = ViewRootImpl@4f9032c[MainActivity] fRS = true t = 0x7b1e77b100 android.view.SurfaceView.releaseSurfaces:858 android.view.SurfaceView.onDetachedFromWindow:500 android.view.View.dispatchDetachedFromWindow:22538 
10-04 19:06:06.901 20284 20284 I SurfaceView@2fcfe64: applyTransactionOnVriDraw: viewRoot.applyTransactionOnDrawFromReleaseSurfaces
10-04 19:06:06.901 20284 20284 I ViewRootImpl@4f9032c[MainActivity]: applyTransactionOnDraw: mRemoved = false isHardwareEnabled = true t = 0x7b1e77b100android.view.ViewRootImpl.applyTransactionOnDrawFromReleaseSurfaces:12850 android.view.SurfaceView.applyTransactionOnVriDraw:2046 android.view.SurfaceView.releaseSurfaces:858 android.view.SurfaceView.onDetachedFromWindow:500 android.view.View.dispatchDetachedFromWindow:22538 
10-04 19:06:06.903 20284 20284 I SurfaceView@2fcfe64: onWindowVisibilityChanged(0) true android.view.SurfaceView{2fcfe64 V.E...... ......I. 0,0-0,0} of ViewRootImpl@4f9032c[MainActivity]
10-04 19:06:06.903 20284 20284 D SurfaceView@2fcfe64: updateSurface: has no frame
10-04 19:06:06.906 20284 20284 I DecorView: notifyKeepScreenOnChanged: keepScreenOn=false
10-04 19:06:06.920 20284 20284 I CS3ExoPlayer: reloadPlayer
10-04 19:06:06.920 20284 20284 I CS3ExoPlayer: releasePlayer
10-04 19:06:06.920 20284 20284 I CS3ExoPlayer: Handle event: PlayerAttachedEvent(player=null, source=Player)
10-04 19:06:06.928 20284 20284 I ViewRootImpl@4f9032c[MainActivity]: performTraversals params={(0,0)(fillxfill) sim={state=always_hidden adjust=resize} ty=BASE_APPLICATION wanim=0x1030309
10-04 19:06:06.928 20284 20284 I ViewRootImpl@4f9032c[MainActivity]:   fl=85810100
10-04 19:06:06.928 20284 20284 I ViewRootImpl@4f9032c[MainActivity]:   pfl=12020040
10-04 19:06:06.928 20284 20284 I ViewRootImpl@4f9032c[MainActivity]:   vsysui=500
10-04 19:06:06.928 20284 20284 I ViewRootImpl@4f9032c[MainActivity]:   bhv=DEFAULT
10-04 19:06:06.928 20284 20284 I ViewRootImpl@4f9032c[MainActivity]:   fitSides= naviIconColor=0}
10-04 19:06:06.929 20284 20284 I ViewRootImpl@4f9032c[MainActivity]: performTraversals mFirst=false windowShouldResize=false viewVisibilityChanged=false mForceNextWindowRelayout=false params={(0,0)(fillxfill) sim={state=always_hidden adjust=resize} ty=BASE_APPLICATION fmt=TRANSLUCENT wanim=0x1030309
10-04 19:06:06.929 20284 20284 I ViewRootImpl@4f9032c[MainActivity]:   fl=85810100
10-04 19:06:06.929 20284 20284 I ViewRootImpl@4f9032c[MainActivity]:   pfl=12020040
10-04 19:06:06.929 20284 20284 I ViewRootImpl@4f9032c[MainActivity]:   vsysui=500
10-04 19:06:06.929 20284 20284 I ViewRootImpl@4f9032c[MainActivity]:   bhv=DEFAULT
10-04 19:06:06.929 20284 20284 I ViewRootImpl@4f9032c[MainActivity]:   fitSides= naviIconColor=0}
10-04 19:06:06.938 20284 20284 I ViewRootImpl@4f9032c[MainActivity]: updateBlastSurfaceIfNeeded mBlastBufferQueue=0x7b419ef900 isSameSurfaceControl=true
10-04 19:06:06.939 20284 20284 I BLASTBufferQueue: update, w= 1080 h= 2400 mName = ViewRootImpl@4f9032c[MainActivity] mNativeObject= 0x7b419ef900 sc.mNativeObject= 0x7b0a483d40 format= -3 caller= android.view.ViewRootImpl.updateBlastSurfaceIfNeeded:2898 android.view.ViewRootImpl.relayoutWindow:9847 android.view.ViewRootImpl.performTraversals:3884 android.view.ViewRootImpl.doTraversal:3116 android.view.ViewRootImpl$TraversalRunnable.run:10885 android.view.Choreographer$CallbackRecord.run:1301 
10-04 19:06:06.939 20284 20284 I ViewRootImpl@4f9032c[MainActivity]: Relayout returned: old=(0,0,1080,2400) new=(0,0,1080,2400) req=(1080,2400)0 dur=9 res=0x0 s={true 0x7b7af8e800} ch=false seqId=0
10-04 19:06:06.939 20284 20284 I ViewRootImpl@4f9032c[MainActivity]: updateBoundsLayer: t = android.view.SurfaceControl$Transaction@52de0f2 sc = Surface(name=Bounds for - com.lagradost.cloudstream3/com.lagradost.cloudstream3.MainActivity@0)/@0xc3eb343 frame = 743
10-04 19:06:06.939 20284 20284 I ViewRootImpl@4f9032c[MainActivity]: mWNT: t=0x7b5ba95900 mBlastBufferQueue=0x7b419ef900 fn= 743 caller= android.view.ViewRootImpl.prepareSurfaces:2985 android.view.ViewRootImpl.performTraversals:4233 android.view.ViewRootImpl.doTraversal:3116 
10-04 19:06:06.941 20284 20284 W View    : requestLayout() improperly called by android.widget.FrameLayout{dcbd9b5 I.E...... ......I. 0,0-0,0 #7f0a04e7 app:id/start_panel} during layout: running second layout pass
10-04 19:06:06.941 20284 20284 W View    : requestLayout() improperly called by android.widget.FrameLayout{31f084a I.E...... ......ID 1080,0-1080,2143 #7f0a0168 app:id/end_panel} during layout: running second layout pass
10-04 19:06:06.943 20284 20284 D SurfaceView@2fcfe64: updateSurface: has no frame
10-04 19:06:06.951 20284 20386 I ViewRootImpl@4f9032c[MainActivity]: mWNT: t=0x7b1e77b100 mBlastBufferQueue=0x7b419ef900 fn= 743 caller= android.view.ViewRootImpl.lambda$applyTransactionOnDraw$11$android-view-ViewRootImpl:12865 android.view.ViewRootImpl$$ExternalSyntheticLambda1.onFrameDraw:4 android.graphics.HardwareRenderer$FrameDrawingCallback.onFrameDraw:924 
10-04 19:06:06.968 20284 20301 D OpenGLRenderer: setSurface called with nullptr
10-04 19:06:06.969 20284 20301 D OpenGLRenderer: setSurface() destroyed EGLSurface
10-04 19:06:06.969 20284 20301 D OpenGLRenderer: destroyEglSurface
10-04 19:06:06.984 20284 20284 I ViewRootImpl@6f0408[MainActivity]: performTraversals mFirst=false windowShouldResize=false viewVisibilityChanged=true mForceNextWindowRelayout=false params={(0,0)(fillxfill) gr=CENTER sim={adjust=pan} ty=APPLICATION fmt=TRANSPARENT wanim=0x7f14000b
10-04 19:06:06.984 20284 20284 I ViewRootImpl@6f0408[MainActivity]:   fl=85810100
10-04 19:06:06.984 20284 20284 I ViewRootImpl@6f0408[MainActivity]:   pfl=12020040
10-04 19:06:06.984 20284 20284 I ViewRootImpl@6f0408[MainActivity]:   vsysui=500
10-04 19:06:06.984 20284 20284 I ViewRootImpl@6f0408[MainActivity]:   bhv=DEFAULT
10-04 19:06:06.984 20284 20284 I ViewRootImpl@6f0408[MainActivity]:   fitSides= naviIconColor=0}
10-04 19:06:07.000 20284 20284 D InsetsController: onStateChanged: InsetsState: {mDisplayFrame=Rect(0, 0 - 1080, 2400), mDisplayCutout=DisplayCutout{insets=Rect(0, 88 - 0, 0) waterfall=Insets{left=0, top=0, right=0, bottom=0} boundingRect={Bounds=[Rect(0, 0 - 0, 0), Rect(512, 0 - 568, 88), Rect(0, 0 - 0, 0), Rect(0, 0 - 0, 0)]} cutoutPathParserInfo={CutoutPathParserInfo{displayWidth=1080 displayHeight=2400 physicalDisplayWidth=1080 physicalDisplayHeight=2400 density={2.625} cutoutSpec={M 0,0 M 0,12.25101276465640 a 10.60613009248640,10.60613009248640 0 1,0 0,21.21226018497290 a 10.60613009248640,10.60613009248640 0 1,0 0,-21.21226018497290 Z @dp} rotation={0} scale={1.0} physicalPixelDisplaySizeRatio={1.0}}}}, mRoundedCorners=RoundedCorners{[RoundedCorner{position=TopLeft, radius=84, center=Point(84, 84)}, RoundedCorner{position=TopRight, radius=84, center=Point(996, 84)}, RoundedCorner{position=BottomRight, radius=84, center=Point(996, 2316)}, RoundedCorner{position=BottomLeft, radius=84, center=Point(84, 2316)}]}  mRoundedCornerFrame=Rect(0, 0 - 1080, 2400), mPrivacyIndicatorBounds=PrivacyIndicatorBounds {static bounds=Rect(964, 0 - 1080, 87) rotation=0}, mSources= { InsetsSource: {mType=ITYPE_STATUS_BAR, mFrame=[0,0][1080,88], mVisible=true, mInsetsRoundedCornerFrame=false}, InsetsSource: {mType=ITYPE_NAVIGATION_BAR, mFrame=[0,2361][1080,2400], mVisible=true, mInsetsRoundedCornerFrame=false}, InsetsSource: {mType=ITYPE_LEFT_GESTURES, mFrame=[0,0][130,2400], mVisible=true, mInsetsRoundedCornerFrame=false}, InsetsSource: {mType=ITYPE_RIGHT_GESTURES, mFrame=[950,0][1080,2400], mVisible=true, mInsetsRoundedCornerFrame=false}, InsetsSource: {mType=ITYPE_TOP_MANDATORY_GESTURES, mFrame=[0,0][1080,120], mVisible=true, mInsetsRoundedCornerFrame=false}, InsetsSource: {mType=ITYPE_BOTTOM_MANDATORY_GESTURES, mFrame=[0,2316][1080,2400], mVisible=true, mInsetsRoundedCornerFrame=false}, InsetsSource: {mType=ITYPE_LEFT_DISPLAY_CUTOUT, mFrame=[0,0][-100000,2400], mVisible=true, mInsetsRoundedCornerFrame=false}, InsetsSource: {mType=ITYPE_TOP_DISPLAY_CUTOUT, mFrame=[0,0][1080,88], mVisible=true, mInsetsRoundedCornerFrame=false}, InsetsSource: {mType=ITYPE_RIGHT_DISPLAY_CUTOUT, mFrame=[100000,0][1080,2400], mVisible=true, mInsetsRoundedCornerFrame=false}, InsetsSource: {mType=ITYPE_BOTTOM_DISPLAY_CUTOUT, mFrame=[0,100000][1080,2400], mVisible=true, mInsetsRoundedCornerFrame=false}, InsetsSource: {mType=ITYPE_TOP_TAPPABLE_ELEMENT, mFrame=[0,0][1080,88], mVisible=true, mInsetsRoundedCornerFrame=false}, InsetsSource: {mType=ITYPE_BOTTOM_TAPPABLE_ELEMENT, mFrame=[0,0][0,0], mVisible=true, mInsetsRoundedCornerFrame=false} } host=com.lagradost.cloudstream3/com.lagradost.cloudstream3.MainActivity from=android.view.ViewRootImpl.relayoutWindow:9802
10-04 19:06:07.003 20284 20284 I ViewRootImpl@6f0408[MainActivity]: Relayout returned: old=(0,0,1080,2400) new=(0,0,1080,2400) req=(1080,2400)8 dur=17 res=0x2 s={false 0x0} ch=true seqId=0
10-04 19:06:07.011 20284 20284 D SurfaceView@2fcfe64: updateSurface: has no frame
10-04 19:06:07.022 20284 20284 D SurfaceView@2fcfe64: updateSurface: has no frame
10-04 19:06:07.039 20284 20284 D SurfaceView@2fcfe64: updateSurface: has no frame
10-04 19:06:07.058 20284 20284 I ViewRootImpl@6f0408[MainActivity]: MSG_WINDOW_FOCUS_CHANGED 0 0
10-04 19:06:07.063 20284 20284 I ViewRootImpl@4f9032c[MainActivity]: MSG_WINDOW_FOCUS_CHANGED 1 0
10-04 19:06:07.064 20284 20284 I ViewRootImpl@4f9032c[MainActivity]: mThreadedRenderer.initializeIfNeeded()#2 mSurface={isValid=true 0x7b7af8e800}
10-04 19:06:07.079 20284 20284 D InputMethodManager: startInputInner - Id : 0
10-04 19:06:07.079 20284 20284 I InputMethodManager: startInputInner - mService.startInputOrWindowGainedFocus
10-04 19:06:07.086 20284 20284 D SurfaceView@2fcfe64: updateSurface: has no frame
10-04 19:06:07.101 20284 20284 I MSHandlerLifeCycle: check: return. pkg=com.lagradost.cloudstream3 isActivity=false callers=com.android.internal.policy.DecorView.setVisibility:4412 android.app.Dialog.hide:767 com.lagradost.cloudstream3.utils.AppContextUtils.ownHide:123 com.lagradost.cloudstream3.ui.home.HomeFragment.onDestroyView:459 androidx.fragment.app.Fragment.performDestroyView:3357 
10-04 19:06:07.101 20284 20284 I MSHandlerLifeCycle: removeMultiSplitHandler: no exist. decor=DecorView@4304684[MainActivity]
10-04 19:06:07.102 20284 20284 D SurfaceView@2fcfe64: updateSurface: has no frame
10-04 19:06:07.108 20284 20284 D SurfaceView@2fcfe64: updateSurface: has no frame
10-04 19:06:07.122 20284 20284 D SurfaceView@2fcfe64: updateSurface: has no frame
10-04 19:06:07.140 20284 20284 D SurfaceView@2fcfe64: updateSurface: has no frame
10-04 19:06:07.156 20284 20284 D SurfaceView@2fcfe64: updateSurface: has no frame
10-04 19:06:07.172 20284 20284 D SurfaceView@2fcfe64: updateSurface: has no frame
10-04 19:06:07.189 20284 20284 D SurfaceView@2fcfe64: updateSurface: has no frame
10-04 19:06:07.206 20284 20284 D SurfaceView@2fcfe64: updateSurface: has no frame
10-04 19:06:07.222 20284 20284 D SurfaceView@2fcfe64: updateSurface: has no frame
10-04 19:06:07.239 20284 20284 D SurfaceView@2fcfe64: updateSurface: has no frame
10-04 19:06:07.256 20284 20284 D SurfaceView@2fcfe64: updateSurface: has no frame
10-04 19:06:07.272 20284 20284 D SurfaceView@2fcfe64: updateSurface: has no frame
10-04 19:06:07.289 20284 20284 D SurfaceView@2fcfe64: updateSurface: has no frame
10-04 19:06:07.306 20284 20284 D SurfaceView@2fcfe64: updateSurface: has no frame
10-04 19:06:07.322 20284 20284 D SurfaceView@2fcfe64: updateSurface: has no frame
10-04 19:06:07.339 20284 20284 D SurfaceView@2fcfe64: updateSurface: has no frame
10-04 19:06:07.356 20284 20284 D SurfaceView@2fcfe64: updateSurface: has no frame
10-04 19:06:07.372 20284 20284 D SurfaceView@2fcfe64: updateSurface: has no frame
10-04 19:06:07.389 20284 20284 D SurfaceView@2fcfe64: updateSurface: has no frame
10-04 19:06:07.405 20284 20284 D SurfaceView@2fcfe64: updateSurface: has no frame
10-04 19:06:07.422 20284 20284 D SurfaceView@2fcfe64: updateSurface: has no frame
10-04 19:06:07.439 20284 20284 D SurfaceView@2fcfe64: updateSurface: has no frame
10-04 19:06:07.456 20284 20284 D SurfaceView@2fcfe64: updateSurface: has no frame
10-04 19:06:07.472 20284 20284 D SurfaceView@2fcfe64: updateSurface: has no frame
10-04 19:06:07.489 20284 20284 D SurfaceView@2fcfe64: updateSurface: has no frame
10-04 19:06:07.505 20284 20284 D SurfaceView@2fcfe64: updateSurface: has no frame
10-04 19:06:07.522 20284 20284 D SurfaceView@2fcfe64: updateSurface: has no frame
10-04 19:06:07.539 20284 20284 D SurfaceView@2fcfe64: updateSurface: has no frame
10-04 19:06:07.555 20284 20284 D SurfaceView@2fcfe64: updateSurface: has no frame
10-04 19:06:07.566 20284 20325 I RVM2    : applyMeta
10-04 19:06:07.572 20284 20284 D SurfaceView@2fcfe64: updateSurface: has no frame
10-04 19:06:07.574 20284 20284 W PanelsChildGestureRegionObserver: failed to register view with ID 2131362800. already registered
10-04 19:06:07.577 20284 20284 E CoilImgLoader: Error loading image: coil3.request.NullRequestDataException: The request's data is null.
10-04 19:06:07.583 20284 20284 E CoilImgLoader: Error loading image: coil3.request.NullRequestDataException: The request's data is null.
10-04 19:06:07.615 20284 20327 I SYNCVM  : addFromUrl = https://wecima.now/watch/in-vitro/
10-04 19:06:07.616 20284 20327 I SYNCUTIL: getIdsFromUrl https://wecima.now/watch/in-vitro/
10-04 19:06:07.630 20284 20284 I ViewRootImpl@4f9032c[MainActivity]: performTraversals mFirst=false windowShouldResize=false viewVisibilityChanged=false mForceNextWindowRelayout=false params={(0,0)(fillxfill) sim={state=always_hidden adjust=pan} ty=BASE_APPLICATION fmt=TRANSLUCENT wanim=0x1030309
10-04 19:06:07.630 20284 20284 I ViewRootImpl@4f9032c[MainActivity]:   fl=85810100
10-04 19:06:07.630 20284 20284 I ViewRootImpl@4f9032c[MainActivity]:   pfl=12020040
10-04 19:06:07.630 20284 20284 I ViewRootImpl@4f9032c[MainActivity]:   vsysui=500
10-04 19:06:07.630 20284 20284 I ViewRootImpl@4f9032c[MainActivity]:   bhv=DEFAULT
