10-04 20:46:33.434  6493  6493 I ViewRootImpl@3ca5980[MainActivity]: performTraversals params={(0,0)(fillxfill) gr=CENTER sim={adjust=resize forwardNavigation} ty=APPLICATION fmt=TRANSPARENT wanim=0x7f14000b
10-04 20:46:33.434  6493  6493 I ViewRootImpl@3ca5980[MainActivity]:   fl=85810100
10-04 20:46:33.434  6493  6493 I ViewRootImpl@3ca5980[MainActivity]:   pfl=12020040
10-04 20:46:33.434  6493  6493 I ViewRootImpl@3ca5980[MainActivity]:   vsysui=500
10-04 20:46:33.434  6493  6493 I ViewRootImpl@3ca5980[MainActivity]:   bhv=DEFAULT
10-04 20:46:33.434  6493  6493 I ViewRootImpl@3ca5980[MainActivity]:   fitSides= naviIconColor=0}
10-04 20:46:33.435  6493  6493 I ViewRootImpl@3ca5980[MainActivity]: performTraversals mFirst=true windowShouldResize=true viewVisibilityChanged=false mForceNextWindowRelayout=false params={(0,0)(fillxfill) gr=CENTER sim={adjust=resize forwardNavigation} ty=APPLICATION fmt=TRANSPARENT wanim=0x7f14000b
10-04 20:46:33.435  6493  6493 I ViewRootImpl@3ca5980[MainActivity]:   fl=85810100
10-04 20:46:33.435  6493  6493 I ViewRootImpl@3ca5980[MainActivity]:   pfl=12020040
10-04 20:46:33.435  6493  6493 I ViewRootImpl@3ca5980[MainActivity]:   vsysui=500
10-04 20:46:33.435  6493  6493 I ViewRootImpl@3ca5980[MainActivity]:   bhv=DEFAULT
10-04 20:46:33.435  6493  6493 I ViewRootImpl@3ca5980[MainActivity]:   fitSides= naviIconColor=0}
10-04 20:46:33.451  6493  6493 I ViewRootImpl@3ca5980[MainActivity]: updateBlastSurfaceIfNeeded mBlastBufferQueue=null isSameSurfaceControl=false
10-04 20:46:33.452  6493  6493 I BLASTBufferQueue: new BLASTBufferQueue, mName= ViewRootImpl@3ca5980[MainActivity] mNativeObject= 0x7b5d106900 sc.mNativeObject= 0x7aef015ee0 caller= android.view.ViewRootImpl.updateBlastSurfaceIfNeeded:2909 android.view.ViewRootImpl.relayoutWindow:9847 android.view.ViewRootImpl.performTraversals:3884 android.view.ViewRootImpl.doTraversal:3116 android.view.ViewRootImpl$TraversalRunnable.run:10885 android.view.Choreographer$CallbackRecord.run:1301 android.view.Choreographer$CallbackRecord.run:1309 android.view.Choreographer.doCallbacks:923 android.view.Choreographer.doFrame:852 android.view.Choreographer$FrameDisplayEventReceiver.run:1283 
10-04 20:46:33.452  6493  6493 I BLASTBufferQueue: update, w= 1080 h= 2400 mName = ViewRootImpl@3ca5980[MainActivity] mNativeObject= 0x7b5d106900 sc.mNativeObject= 0x7aef015ee0 format= -2 caller= android.graphics.BLASTBufferQueue.<init>:84 android.view.ViewRootImpl.updateBlastSurfaceIfNeeded:2909 android.view.ViewRootImpl.relayoutWindow:9847 android.view.ViewRootImpl.performTraversals:3884 android.view.ViewRootImpl.doTraversal:3116 android.view.ViewRootImpl$TraversalRunnable.run:10885 
10-04 20:46:33.452  6493  6493 I ViewRootImpl@3ca5980[MainActivity]: Relayout returned: old=(0,0,1080,2400) new=(0,0,1080,2400) req=(1080,2400)0 dur=16 res=0x3 s={true 0x7aedef4000} ch=true seqId=0
10-04 20:46:33.454  6493  6493 I ViewRootImpl@3ca5980[MainActivity]: mThreadedRenderer.initialize() mSurface={isValid=true 0x7aedef4000} hwInitialized=true
10-04 20:46:33.455  6493  6545 D OpenGLRenderer: eglCreateWindowSurface
10-04 20:46:33.463  6493  6493 D AbsListView:  in onLayout changed 
10-04 20:46:33.465  6493  6493 I ViewRootImpl@3ca5980[MainActivity]: reportNextDraw android.view.ViewRootImpl.performTraversals:4438 android.view.ViewRootImpl.doTraversal:3116 android.view.ViewRootImpl$TraversalRunnable.run:10885 android.view.Choreographer$CallbackRecord.run:1301 android.view.Choreographer$CallbackRecord.run:1309 
10-04 20:46:33.465  6493  6493 I ViewRootImpl@3ca5980[MainActivity]: Setup new sync id=0
10-04 20:46:33.465  6493  6493 I ViewRootImpl@3ca5980[MainActivity]: Setting syncFrameCallback
10-04 20:46:33.465  6493  6493 I ViewRootImpl@3ca5980[MainActivity]: registerCallbacksForSync syncBuffer=false
10-04 20:46:33.468  6493  6625 I ViewRootImpl@3ca5980[MainActivity]: Received frameDrawingCallback syncResult=0 frameNum=1.
10-04 20:46:33.468  6493  6625 I ViewRootImpl@3ca5980[MainActivity]: Setting up sync and frameCommitCallback
10-04 20:46:33.473  6493  6545 I BLASTBufferQueue: [ViewRootImpl@3ca5980[MainActivity]#15](f:0,a:0) onFrameAvailable the first frame is available
10-04 20:46:33.475  6493  6545 I ViewRootImpl@3ca5980[MainActivity]: Received frameCommittedCallback lastAttemptedDrawFrameNum=1 didProduceBuffer=true
10-04 20:46:33.477  6493  6545 D OpenGLRenderer: CFMS:: SetUp Pid : 6493    Tid : 6545
10-04 20:46:33.480  6493  6493 I ViewRootImpl@3ca5980[MainActivity]: onSyncComplete
10-04 20:46:33.481  6493  6493 I ViewRootImpl@3ca5980[MainActivity]: setupSync seqId=0 mSyncId=0 fn=1 caller=android.view.ViewRootImpl$$ExternalSyntheticLambda11.accept:6 android.window.SurfaceSyncer.lambda$setupSync$1$android-window-SurfaceSyncer:128 android.window.SurfaceSyncer$$ExternalSyntheticLambda1.accept:8 android.window.SurfaceSyncer$SyncSet.checkIfSyncIsComplete:382 android.window.SurfaceSyncer$SyncSet.markSyncReady:359 android.window.SurfaceSyncer.markSyncReady:151 android.view.ViewRootImpl.performTraversals:4503 
10-04 20:46:33.481  6493  6493 I ViewRootImpl@3ca5980[MainActivity]: reportDrawFinished seqId=0 mSyncId=-1 fn=1 mSurfaceChangedTransaction=0x7bdaa02100
10-04 20:46:33.482  6493  6493 D InsetsController: onStateChanged: InsetsState: {mDisplayFrame=Rect(0, 0 - 1080, 2400), mDisplayCutout=DisplayCutout{insets=Rect(0, 88 - 0, 0) waterfall=Insets{left=0, top=0, right=0, bottom=0} boundingRect={Bounds=[Rect(0, 0 - 0, 0), Rect(512, 0 - 568, 88), Rect(0, 0 - 0, 0), Rect(0, 0 - 0, 0)]} cutoutPathParserInfo={CutoutPathParserInfo{displayWidth=1080 displayHeight=2400 physicalDisplayWidth=1080 physicalDisplayHeight=2400 density={2.625} cutoutSpec={M 0,0 M 0,12.25101276465640 a 10.60613009248640,10.60613009248640 0 1,0 0,21.21226018497290 a 10.60613009248640,10.60613009248640 0 1,0 0,-21.21226018497290 Z @dp} rotation={0} scale={1.0} physicalPixelDisplaySizeRatio={1.0}}}}, mRoundedCorners=RoundedCorners{[RoundedCorner{position=TopLeft, radius=84, center=Point(84, 84)}, RoundedCorner{position=TopRight, radius=84, center=Point(996, 84)}, RoundedCorner{position=BottomRight, radius=84, center=Point(996, 2316)}, RoundedCorner{position=BottomLeft, radius=84, center=Point(84, 2316)}]}  mRoundedCornerFrame=Rect(0, 0 - 1080, 2400), mPrivacyIndicatorBounds=PrivacyIndicatorBounds {static bounds=Rect(964, 0 - 1080, 87) rotation=0}, mSources= { InsetsSource: {mType=ITYPE_STATUS_BAR, mFrame=[0,0][1080,88], mVisible=true, mInsetsRoundedCornerFrame=false}, InsetsSource: {mType=ITYPE_NAVIGATION_BAR, mFrame=[0,2361][1080,2400], mVisible=true, mInsetsRoundedCornerFrame=false}, InsetsSource: {mType=ITYPE_LEFT_GESTURES, mFrame=[0,0][130,2400], mVisible=true, mInsetsRoundedCornerFrame=false}, InsetsSource: {mType=ITYPE_RIGHT_GESTURES, mFrame=[950,0][1080,2400], mVisible=true, mInsetsRoundedCornerFrame=false}, InsetsSource: {mType=ITYPE_TOP_MANDATORY_GESTURES, mFrame=[0,0][1080,120], mVisible=true, mInsetsRoundedCornerFrame=false}, InsetsSource: {mType=ITYPE_BOTTOM_MANDATORY_GESTURES, mFrame=[0,2316][1080,2400], mVisible=true, mInsetsRoundedCornerFrame=false}, InsetsSource: {mType=ITYPE_LEFT_DISPLAY_CUTOUT, mFrame=[0,0][-100000,2400], mVisible=true, mInsetsRoundedCornerFrame=false}, InsetsSource: {mType=ITYPE_TOP_DISPLAY_CUTOUT, mFrame=[0,0][1080,88], mVisible=true, mInsetsRoundedCornerFrame=false}, InsetsSource: {mType=ITYPE_RIGHT_DISPLAY_CUTOUT, mFrame=[100000,0][1080,2400], mVisible=true, mInsetsRoundedCornerFrame=false}, InsetsSource: {mType=ITYPE_BOTTOM_DISPLAY_CUTOUT, mFrame=[0,100000][1080,2400], mVisible=true, mInsetsRoundedCornerFrame=false}, InsetsSource: {mType=ITYPE_TOP_TAPPABLE_ELEMENT, mFrame=[0,0][1080,88], mVisible=true, mInsetsRoundedCornerFrame=false}, InsetsSource: {mType=ITYPE_BOTTOM_TAPPABLE_ELEMENT, mFrame=[0,0][0,0], mVisible=true, mInsetsRoundedCornerFrame=false} } host=com.lagradost.cloudstream3/com.lagradost.cloudstream3.MainActivity from=android.view.ViewRootImpl$ViewRootHandler.handleMessageImpl:6740
10-04 20:46:33.485  6493  6493 I ViewRootImpl@e892618[MainActivity]: MSG_WINDOW_FOCUS_CHANGED 0 0
10-04 20:46:33.499  6493  6493 I ViewRootImpl@e892618[MainActivity]: MSG_WINDOW_FOCUS_CHANGED 0 0
10-04 20:46:33.537  6493  6493 I ViewRootImpl@3ca5980[MainActivity]: MSG_WINDOW_FOCUS_CHANGED 1 0
10-04 20:46:33.537  6493  6493 I ViewRootImpl@3ca5980[MainActivity]: mThreadedRenderer.initializeIfNeeded()#2 mSurface={isValid=true 0x7aedef4000}
10-04 20:46:33.539  6493  6493 D InputMethodManager: startInputInner - Id : 0
10-04 20:46:33.539  6493  6493 I InputMethodManager: startInputInner - mService.startInputOrWindowGainedFocus
10-04 20:46:34.753  6493  6493 I ViewRootImpl@3ca5980[MainActivity]: ViewPostIme pointer 0
10-04 20:46:34.811  6493  6493 I ViewRootImpl@3ca5980[MainActivity]: ViewPostIme pointer 1
10-04 20:46:34.817  6493  6493 I MSHandlerLifeCycle: removeMultiSplitHandler: no exist. decor=DecorView@2aa7605[MainActivity]
10-04 20:46:34.818  6493  6545 D OpenGLRenderer: setSurface called with nullptr
10-04 20:46:34.818  6493  6545 D OpenGLRenderer: setSurface() destroyed EGLSurface
10-04 20:46:34.818  6493  6545 D OpenGLRenderer: destroyEglSurface
10-04 20:46:34.820  6493  6493 I ViewRootImpl@3ca5980[MainActivity]: dispatchDetachedFromWindow
10-04 20:46:34.849  6493  6493 D InputTransport: Input channel destroyed: 'ae8f676', fd=143
10-04 20:46:34.854  6493  6493 D InsetsController: onStateChanged: InsetsState: {mDisplayFrame=Rect(0, 0 - 1080, 2400), mDisplayCutout=DisplayCutout{insets=Rect(0, 88 - 0, 0) waterfall=Insets{left=0, top=0, right=0, bottom=0} boundingRect={Bounds=[Rect(0, 0 - 0, 0), Rect(512, 0 - 568, 88), Rect(0, 0 - 0, 0), Rect(0, 0 - 0, 0)]} cutoutPathParserInfo={CutoutPathParserInfo{displayWidth=1080 displayHeight=2400 physicalDisplayWidth=1080 physicalDisplayHeight=2400 density={2.625} cutoutSpec={M 0,0 M 0,12.25101276465640 a 10.60613009248640,10.60613009248640 0 1,0 0,21.21226018497290 a 10.60613009248640,10.60613009248640 0 1,0 0,-21.21226018497290 Z @dp} rotation={0} scale={1.0} physicalPixelDisplaySizeRatio={1.0}}}}, mRoundedCorners=RoundedCorners{[RoundedCorner{position=TopLeft, radius=84, center=Point(84, 84)}, RoundedCorner{position=TopRight, radius=84, center=Point(996, 84)}, RoundedCorner{position=BottomRight, radius=84, center=Point(996, 2316)}, RoundedCorner{position=BottomLeft, radius=84, center=Point(84, 2316)}]}  mRoundedCornerFrame=Rect(0, 0 - 1080, 2400), mPrivacyIndicatorBounds=PrivacyIndicatorBounds {static bounds=Rect(964, 0 - 1080, 87) rotation=0}, mSources= { InsetsSource: {mType=ITYPE_STATUS_BAR, mFrame=[0,0][1080,88], mVisible=true, mInsetsRoundedCornerFrame=false}, InsetsSource: {mType=ITYPE_NAVIGATION_BAR, mFrame=[0,2361][1080,2400], mVisible=true, mInsetsRoundedCornerFrame=false}, InsetsSource: {mType=ITYPE_LEFT_GESTURES, mFrame=[0,0][130,2400], mVisible=true, mInsetsRoundedCornerFrame=false}, InsetsSource: {mType=ITYPE_RIGHT_GESTURES, mFrame=[950,0][1080,2400], mVisible=true, mInsetsRoundedCornerFrame=false}, InsetsSource: {mType=ITYPE_TOP_MANDATORY_GESTURES, mFrame=[0,0][1080,120], mVisible=true, mInsetsRoundedCornerFrame=false}, InsetsSource: {mType=ITYPE_BOTTOM_MANDATORY_GESTURES, mFrame=[0,2316][1080,2400], mVisible=true, mInsetsRoundedCornerFrame=false}, InsetsSource: {mType=ITYPE_LEFT_DISPLAY_CUTOUT, mFrame=[0,0][-100000,2400], mVisible=true, mInsetsRoundedCornerFrame=false}, InsetsSource: {mType=ITYPE_TOP_DISPLAY_CUTOUT, mFrame=[0,0][1080,88], mVisible=true, mInsetsRoundedCornerFrame=false}, InsetsSource: {mType=ITYPE_RIGHT_DISPLAY_CUTOUT, mFrame=[100000,0][1080,2400], mVisible=true, mInsetsRoundedCornerFrame=false}, InsetsSource: {mType=ITYPE_BOTTOM_DISPLAY_CUTOUT, mFrame=[0,100000][1080,2400], mVisible=true, mInsetsRoundedCornerFrame=false}, InsetsSource: {mType=ITYPE_TOP_TAPPABLE_ELEMENT, mFrame=[0,0][1080,88], mVisible=true, mInsetsRoundedCornerFrame=false}, InsetsSource: {mType=ITYPE_BOTTOM_TAPPABLE_ELEMENT, mFrame=[0,0][0,0], mVisible=true, mInsetsRoundedCornerFrame=false} } host=com.lagradost.cloudstream3/com.lagradost.cloudstream3.MainActivity from=android.view.ViewRootImpl$ViewRootHandler.handleMessageImpl:6740
10-04 20:46:34.885  6493  6493 I ViewRootImpl@e892618[MainActivity]: MSG_WINDOW_FOCUS_CHANGED 1 0
10-04 20:46:34.885  6493  6493 I ViewRootImpl@e892618[MainActivity]: mThreadedRenderer.initializeIfNeeded()#2 mSurface={isValid=true 0x7b5d186800}
10-04 20:46:34.906  6493  6493 D InputMethodManager: startInputInner - Id : 0
10-04 20:46:34.907  6493  6493 I InputMethodManager: startInputInner - mService.startInputOrWindowGainedFocus
10-04 20:46:35.173  6493  6493 I ViewRootImpl@e892618[MainActivity]: ViewPostIme pointer 0
10-04 20:46:35.217  6493  6493 W PanelsChildGestureRegionObserver: failed to register view with ID 2131362800. already registered
10-04 20:46:35.224  6493  6493 W PanelsChildGestureRegionObserver: failed to register view with ID 2131362800. already registered
10-04 20:46:35.232  6493  6493 W PanelsChildGestureRegionObserver: failed to register view with ID 2131362800. already registered
10-04 20:46:35.248  6493  6493 W PanelsChildGestureRegionObserver: failed to register view with ID 2131362800. already registered
10-04 20:46:35.251  6493  6493 D WindowOnBackDispatcher: onBackInvoked, viewRoot=ViewRootImpl@3ca5980[MainActivity], callback=androidx.activity.OnBackPressedDispatcher$Api33Impl$$ExternalSyntheticLambda0@27a4bf
10-04 20:46:35.263  6493  6493 I IMM_LC  : hsifw() - flag : 0
10-04 20:46:35.263  6493  6493 I IMM_LC  : hsifw() - mService.hideSoftInput
10-04 20:46:35.268  6493  6493 I CS3ExoPlayer: onStop
10-04 20:46:35.268  6493  6493 I CS3ExoPlayer: saveData
10-04 20:46:35.268  6493  6493 I CS3ExoPlayer: handleEvent Pause
10-04 20:46:35.270  6493  6493 I DecorView: notifyKeepScreenOnChanged: keepScreenOn=false
10-04 20:46:35.271  6493  6493 I MSHandlerLifeCycle: check: return. pkg=com.lagradost.cloudstream3 isActivity=false callers=com.android.internal.policy.DecorView.setVisibility:4412 android.app.Dialog.show:454 com.lagradost.cloudstream3.utils.AppContextUtils.ownShow:129 com.lagradost.cloudstream3.ui.home.HomeFragment.onCreateView:442 androidx.fragment.app.Fragment.performCreateView:3114 
10-04 20:46:35.271  6493  6493 I MSHandlerLifeCycle: removeMultiSplitHandler: no exist. decor=DecorView@512366d[MainActivity]
10-04 20:46:35.330  6493  6493 W PanelsChildGestureRegionObserver: failed to register view with ID 2131362800. already registered
10-04 20:46:35.443  6493  6493 I ViewRootImpl@c149fa1[MainActivity]: performTraversals params={(0,0)(fillxfill) gr=CENTER sim={adjust=resize} ty=APPLICATION fmt=TRANSPARENT wanim=0xffffffff
10-04 20:46:35.443  6493  6493 I ViewRootImpl@c149fa1[MainActivity]:   fl=85810100
10-04 20:46:35.443  6493  6493 I ViewRootImpl@c149fa1[MainActivity]:   pfl=12020040
10-04 20:46:35.443  6493  6493 I ViewRootImpl@c149fa1[MainActivity]:   vsysui=500
10-04 20:46:35.443  6493  6493 I ViewRootImpl@c149fa1[MainActivity]:   bhv=DEFAULT
10-04 20:46:35.443  6493  6493 I ViewRootImpl@c149fa1[MainActivity]:   fitSides= naviIconColor=0}
10-04 20:46:35.445  6493  6493 I ViewRootImpl@c149fa1[MainActivity]: performTraversals mFirst=false windowShouldResize=false viewVisibilityChanged=true mForceNextWindowRelayout=false params={(0,0)(fillxfill) gr=CENTER sim={adjust=resize} ty=APPLICATION fmt=TRANSPARENT wanim=0xffffffff
10-04 20:46:35.445  6493  6493 I ViewRootImpl@c149fa1[MainActivity]:   fl=85810100
10-04 20:46:35.445  6493  6493 I ViewRootImpl@c149fa1[MainActivity]:   pfl=12020040
10-04 20:46:35.445  6493  6493 I ViewRootImpl@c149fa1[MainActivity]:   vsysui=500
10-04 20:46:35.445  6493  6493 I ViewRootImpl@c149fa1[MainActivity]:   bhv=DEFAULT
10-04 20:46:35.445  6493  6493 I ViewRootImpl@c149fa1[MainActivity]:   fitSides= naviIconColor=0}
10-04 20:46:35.456  6493  6493 D InsetsController: onStateChanged: InsetsState: {mDisplayFrame=Rect(0, 0 - 1080, 2400), mDisplayCutout=DisplayCutout{insets=Rect(0, 88 - 0, 0) waterfall=Insets{left=0, top=0, right=0, bottom=0} boundingRect={Bounds=[Rect(0, 0 - 0, 0), Rect(512, 0 - 568, 88), Rect(0, 0 - 0, 0), Rect(0, 0 - 0, 0)]} cutoutPathParserInfo={CutoutPathParserInfo{displayWidth=1080 displayHeight=2400 physicalDisplayWidth=1080 physicalDisplayHeight=2400 density={2.625} cutoutSpec={M 0,0 M 0,12.25101276465640 a 10.60613009248640,10.60613009248640 0 1,0 0,21.21226018497290 a 10.60613009248640,10.60613009248640 0 1,0 0,-21.21226018497290 Z @dp} rotation={0} scale={1.0} physicalPixelDisplaySizeRatio={1.0}}}}, mRoundedCorners=RoundedCorners{[RoundedCorner{position=TopLeft, radius=84, center=Point(84, 84)}, RoundedCorner{position=TopRight, radius=84, center=Point(996, 84)}, RoundedCorner{position=BottomRight, radius=84, center=Point(996, 2316)}, RoundedCorner{position=BottomLeft, radius=84, center=Point(84, 2316)}]}  mRoundedCornerFrame=Rect(0, 0 - 1080, 2400), mPrivacyIndicatorBounds=PrivacyIndicatorBounds {static bounds=Rect(964, 0 - 1080, 87) rotation=0}, mSources= { InsetsSource: {mType=ITYPE_STATUS_BAR, mFrame=[0,0][1080,88], mVisible=true, mInsetsRoundedCornerFrame=false}, InsetsSource: {mType=ITYPE_NAVIGATION_BAR, mFrame=[0,2361][1080,2400], mVisible=true, mInsetsRoundedCornerFrame=false}, InsetsSource: {mType=ITYPE_LEFT_GESTURES, mFrame=[0,0][130,2400], mVisible=true, mInsetsRoundedCornerFrame=false}, InsetsSource: {mType=ITYPE_RIGHT_GESTURES, mFrame=[950,0][1080,2400], mVisible=true, mInsetsRoundedCornerFrame=false}, InsetsSource: {mType=ITYPE_TOP_MANDATORY_GESTURES, mFrame=[0,0][1080,120], mVisible=true, mInsetsRoundedCornerFrame=false}, InsetsSource: {mType=ITYPE_BOTTOM_MANDATORY_GESTURES, mFrame=[0,2316][1080,2400], mVisible=true, mInsetsRoundedCornerFrame=false}, InsetsSource: {mType=ITYPE_LEFT_DISPLAY_CUTOUT, mFrame=[0,0][-100000,2400], mVisible=true, mInsetsRoundedCornerFrame=false}, InsetsSource: {mType=ITYPE_TOP_DISPLAY_CUTOUT, mFrame=[0,0][1080,88], mVisible=true, mInsetsRoundedCornerFrame=false}, InsetsSource: {mType=ITYPE_RIGHT_DISPLAY_CUTOUT, mFrame=[100000,0][1080,2400], mVisible=true, mInsetsRoundedCornerFrame=false}, InsetsSource: {mType=ITYPE_BOTTOM_DISPLAY_CUTOUT, mFrame=[0,100000][1080,2400], mVisible=true, mInsetsRoundedCornerFrame=false}, InsetsSource: {mType=ITYPE_TOP_TAPPABLE_ELEMENT, mFrame=[0,0][1080,88], mVisible=true, mInsetsRoundedCornerFrame=false}, InsetsSource: {mType=ITYPE_BOTTOM_TAPPABLE_ELEMENT, mFrame=[0,0][0,0], mVisible=true, mInsetsRoundedCornerFrame=false}, InsetsSource: {mType=ITYPE_IME, mFrame=[0,0][0,0], mVisibleFrame=[0,1409][1080,2400], mVisible=false, mInsetsRoundedCornerFrame=false} } host=com.lagradost.cloudstream3/com.lagradost.cloudstream3.MainActivity from=android.view.ViewRootImpl.relayoutWindow:9802
10-04 20:46:35.457  6493  6493 I ViewRootImpl@c149fa1[MainActivity]: updateBlastSurfaceIfNeeded mBlastBufferQueue=null isSameSurfaceControl=false
10-04 20:46:35.458  6493  6493 I BLASTBufferQueue: new BLASTBufferQueue, mName= ViewRootImpl@c149fa1[MainActivity] mNativeObject= 0x7b420f2100 sc.mNativeObject= 0x7aee815f00 caller= android.view.ViewRootImpl.updateBlastSurfaceIfNeeded:2909 android.view.ViewRootImpl.relayoutWindow:9847 android.view.ViewRootImpl.performTraversals:3884 android.view.ViewRootImpl.doTraversal:3116 android.view.ViewRootImpl$TraversalRunnable.run:10885 android.view.Choreographer$CallbackRecord.run:1301 android.view.Choreographer$CallbackRecord.run:1309 android.view.Choreographer.doCallbacks:923 android.view.Choreographer.doFrame:852 android.view.Choreographer$FrameDisplayEventReceiver.run:1283 
10-04 20:46:35.458  6493  6493 I BLASTBufferQueue: update, w= 1080 h= 2400 mName = ViewRootImpl@c149fa1[MainActivity] mNativeObject= 0x7b420f2100 sc.mNativeObject= 0x7aee815f00 format= -2 caller= android.graphics.BLASTBufferQueue.<init>:84 android.view.ViewRootImpl.updateBlastSurfaceIfNeeded:2909 android.view.ViewRootImpl.relayoutWindow:9847 android.view.ViewRootImpl.performTraversals:3884 android.view.ViewRootImpl.doTraversal:3116 android.view.ViewRootImpl$TraversalRunnable.run:10885 
10-04 20:46:35.458  6493  6493 I ViewRootImpl@c149fa1[MainActivity]: Relayout returned: old=(0,0,1080,2400) new=(0,0,1080,2400) req=(1080,2400)0 dur=12 res=0x1 s={true 0x7aee8d3000} ch=true seqId=0
10-04 20:46:35.459  6493  6493 I ViewRootImpl@c149fa1[MainActivity]: mThreadedRenderer.initialize() mSurface={isValid=true 0x7aee8d3000} hwInitialized=true
10-04 20:46:35.459  6493  6545 D OpenGLRenderer: eglCreateWindowSurface
10-04 20:46:35.459  6493  6493 I ViewRootImpl@c149fa1[MainActivity]: reportNextDraw android.view.ViewRootImpl.performTraversals:4438 android.view.ViewRootImpl.doTraversal:3116 android.view.ViewRootImpl$TraversalRunnable.run:10885 android.view.Choreographer$CallbackRecord.run:1301 android.view.Choreographer$CallbackRecord.run:1309 
10-04 20:46:35.459  6493  6493 I ViewRootImpl@c149fa1[MainActivity]: Setup new sync id=2
10-04 20:46:35.459  6493  6493 I ViewRootImpl@c149fa1[MainActivity]: Setting syncFrameCallback
10-04 20:46:35.459  6493  6493 I ViewRootImpl@c149fa1[MainActivity]: registerCallbacksForSync syncBuffer=false
10-04 20:46:35.462  6493  6639 I ViewRootImpl@c149fa1[MainActivity]: Received frameDrawingCallback syncResult=0 frameNum=1.
10-04 20:46:35.462  6493  6639 I ViewRootImpl@c149fa1[MainActivity]: Setting up sync and frameCommitCallback
10-04 20:46:35.469  6493  6545 I BLASTBufferQueue: [ViewRootImpl@c149fa1[MainActivity]#16](f:0,a:0) onFrameAvailable the first frame is available
10-04 20:46:35.469  6493  6545 I ViewRootImpl@c149fa1[MainActivity]: Received frameCommittedCallback lastAttemptedDrawFrameNum=1 didProduceBuffer=true
10-04 20:46:35.470  6493  6493 I ViewRootImpl@c149fa1[MainActivity]: onSyncComplete
10-04 20:46:35.470  6493  6493 I ViewRootImpl@c149fa1[MainActivity]: setupSync seqId=0 mSyncId=2 fn=1 caller=android.view.ViewRootImpl$$ExternalSyntheticLambda11.accept:6 android.window.SurfaceSyncer.lambda$setupSync$1$android-window-SurfaceSyncer:128 android.window.SurfaceSyncer$$ExternalSyntheticLambda1.accept:8 android.window.SurfaceSyncer$SyncSet.checkIfSyncIsComplete:382 android.window.SurfaceSyncer$SyncSet.markSyncReady:359 android.window.SurfaceSyncer.markSyncReady:151 android.view.ViewRootImpl.performTraversals:4503 
10-04 20:46:35.470  6493  6493 I ViewRootImpl@c149fa1[MainActivity]: reportDrawFinished seqId=0 mSyncId=-1 fn=1 mSurfaceChangedTransaction=0x7b5d132800
10-04 20:46:35.472  6493  6493 W PanelsChildGestureRegionObserver: failed to register view with ID 2131362800. already registered
10-04 20:46:35.484  6493  6493 I DecorView: notifyKeepScreenOnChanged: keepScreenOn=false
10-04 20:46:35.484  6493  6493 W PanelsChildGestureRegionObserver: failed to register view with ID 2131362800. already registered
10-04 20:46:35.485  6493  6625 D SurfaceView@42898ba: updateSurfacePosition RenderWorker, frameNr = 648, position = [52, 311, 1028, 786] surfaceSize = 1080x525
10-04 20:46:35.485  6493  6625 I SurfaceView@42898ba: uSP: rtp = Rect(52, 311 - 1028, 786) rtsw = 1080 rtsh = 525
10-04 20:46:35.485  6493  6625 I SurfaceView@42898ba: onSSPAndSRT: pl = 52 pt = 311 sx = 0.9037037 sy = 0.9047619
10-04 20:46:35.486  6493  6625 I SurfaceView@42898ba: aOrMT: ViewRootImpl@e892618[MainActivity] t = android.view.SurfaceControl$Transaction@73f8464 fN = 648 android.view.SurfaceView.-$$Nest$mapplyOrMergeTransaction:0 android.view.SurfaceView$SurfaceViewPositionUpdateListener.positionChanged:1537 android.graphics.RenderNode$CompositePositionUpdateListener.positionChanged:373 
10-04 20:46:35.486  6493  6625 I ViewRootImpl@e892618[MainActivity]: mWNT: t=0x7bda9d7d00 mBlastBufferQueue=0x7b420b4d00 fn= 648 caller= android.view.SurfaceView.applyOrMergeTransaction:1455 android.view.SurfaceView.-$$Nest$mapplyOrMergeTransaction:0 android.view.SurfaceView$SurfaceViewPositionUpdateListener.positionChanged:1537 
10-04 20:46:35.486  6493  6493 I ViewRootImpl@c149fa1[MainActivity]: performTraversals params={(0,0)(fillxfill) gr=CENTER sim={adjust=resize} ty=APPLICATION fmt=TRANSPARENT wanim=0x7f14000b
10-04 20:46:35.486  6493  6493 I ViewRootImpl@c149fa1[MainActivity]:   fl=85810100
10-04 20:46:35.486  6493  6493 I ViewRootImpl@c149fa1[MainActivity]:   pfl=12020040
10-04 20:46:35.486  6493  6493 I ViewRootImpl@c149fa1[MainActivity]:   vsysui=500
10-04 20:46:35.486  6493  6493 I ViewRootImpl@c149fa1[MainActivity]:   bhv=DEFAULT
10-04 20:46:35.486  6493  6493 I ViewRootImpl@c149fa1[MainActivity]:   fitSides= naviIconColor=0}
10-04 20:46:35.487  6493  6493 I ViewRootImpl@c149fa1[MainActivity]: performTraversals mFirst=false windowShouldResize=false viewVisibilityChanged=false mForceNextWindowRelayout=false params={(0,0)(fillxfill) gr=CENTER sim={adjust=resize} ty=APPLICATION fmt=TRANSPARENT wanim=0x7f14000b
10-04 20:46:35.487  6493  6493 I ViewRootImpl@c149fa1[MainActivity]:   fl=85810100
10-04 20:46:35.487  6493  6493 I ViewRootImpl@c149fa1[MainActivity]:   pfl=12020040
10-04 20:46:35.487  6493  6493 I ViewRootImpl@c149fa1[MainActivity]:   vsysui=500
10-04 20:46:35.487  6493  6493 I ViewRootImpl@c149fa1[MainActivity]:   bhv=DEFAULT
10-04 20:46:35.487  6493  6493 I ViewRootImpl@c149fa1[MainActivity]:   fitSides= naviIconColor=0}
10-04 20:46:35.492  6493  6493 I ViewRootImpl@c149fa1[MainActivity]: updateBlastSurfaceIfNeeded mBlastBufferQueue=0x7b420f2100 isSameSurfaceControl=true
10-04 20:46:35.492  6493  6493 I BLASTBufferQueue: update, w= 1080 h= 2400 mName = ViewRootImpl@c149fa1[MainActivity] mNativeObject= 0x7b420f2100 sc.mNativeObject= 0x7b4211f360 format= -2 caller= android.view.ViewRootImpl.updateBlastSurfaceIfNeeded:2898 android.view.ViewRootImpl.relayoutWindow:9847 android.view.ViewRootImpl.performTraversals:3884 android.view.ViewRootImpl.doTraversal:3116 android.view.ViewRootImpl$TraversalRunnable.run:10885 android.view.Choreographer$CallbackRecord.run:1301 
10-04 20:46:35.493  6493  6493 I ViewRootImpl@c149fa1[MainActivity]: Relayout returned: old=(0,0,1080,2400) new=(0,0,1080,2400) req=(1080,2400)0 dur=5 res=0x0 s={true 0x7aee8d3000} ch=false seqId=0
10-04 20:46:35.497  6493  6493 W PanelsChildGestureRegionObserver: failed to register view with ID 2131362800. already registered
10-04 20:46:35.498  6493  6639 D SurfaceView@42898ba: updateSurfacePosition RenderWorker, frameNr = 649, position = [54, 314, 1026, 787] surfaceSize = 1080x525
10-04 20:46:35.498  6493  6639 I SurfaceView@42898ba: uSP: rtp = Rect(54, 314 - 1026, 787) rtsw = 1080 rtsh = 525
10-04 20:46:35.498  6493  6639 I SurfaceView@42898ba: onSSPAndSRT: pl = 54 pt = 314 sx = 0.9 sy = 0.9009524
10-04 20:46:35.499  6493  6639 I SurfaceView@42898ba: aOrMT: ViewRootImpl@e892618[MainActivity] t = android.view.SurfaceControl$Transaction@73f8464 fN = 649 android.view.SurfaceView.-$$Nest$mapplyOrMergeTransaction:0 android.view.SurfaceView$SurfaceViewPositionUpdateListener.positionChanged:1537 android.graphics.RenderNode$CompositePositionUpdateListener.positionChanged:373 
10-04 20:46:35.499  6493  6639 I ViewRootImpl@e892618[MainActivity]: mWNT: t=0x7bda9d7d00 mBlastBufferQueue=0x7b420b4d00 fn= 649 caller= android.view.SurfaceView.applyOrMergeTransaction:1455 android.view.SurfaceView.-$$Nest$mapplyOrMergeTransaction:0 android.view.SurfaceView$SurfaceViewPositionUpdateListener.positionChanged:1537 
10-04 20:46:35.499  6493  6493 I SurfaceView@42898ba: onWindowVisibilityChanged(8) false android.view.SurfaceView{42898ba V.E...... ........ 0,0-1080,525} of ViewRootImpl@e892618[MainActivity]
10-04 20:46:35.499  6493  6493 I SurfaceView@42898ba: Changes: creating=false format=false size=false visible=true alpha=false hint=false mUseAlpha=false visible=true left=false top=false
10-04 20:46:35.500  6493  6493 I SurfaceView@42898ba: 69769402 Cur surface: Surface(name=null)/@0xa217b1b
10-04 20:46:35.500  6493  6493 I SurfaceView@42898ba: applyTransactionOnVriDraw: vri = ViewRootImpl@e892618[MainActivity] fRS = false t = 0x7b29d1e800 android.view.SurfaceView.performSurfaceTransaction:959 android.view.SurfaceView.updateSurface:1105 android.view.SurfaceView.onWindowVisibilityChanged:371 
10-04 20:46:35.500  6493  6493 I ViewRootImpl@e892618[MainActivity]: applyTransactionOnDraw: mRemoved = false isHardwareEnabled = true t = 0x7b29d1e800android.view.SurfaceView.applyTransactionOnVriDraw:2048 android.view.SurfaceView.performSurfaceTransaction:959 android.view.SurfaceView.updateSurface:1105 android.view.SurfaceView.onWindowVisibilityChanged:371 android.view.View.dispatchDetachedFromWindow:22529 
10-04 20:46:35.500  6493  6493 I SurfaceView@42898ba: surfaceDestroyed
10-04 20:46:35.500  6493  6493 I SurfaceView@42898ba: surfaceDestroyed callback.size 0 #2 android.view.SurfaceView{42898ba V.E...... ........ 0,0-1080,525}
10-04 20:46:35.500  6493  6493 I SurfaceView@42898ba: updateSurface: mVisible = false mSurface.isValid() = true
10-04 20:46:35.500  6493  6493 I SurfaceView@42898ba: releaseSurfaces: viewRoot = ViewRootImpl@e892618[MainActivity]
10-04 20:46:35.500  6493  6493 I SurfaceView@42898ba: applyTransactionOnVriDraw: vri = ViewRootImpl@e892618[MainActivity] fRS = true t = 0x7b29d1ee00 android.view.SurfaceView.releaseSurfaces:858 android.view.SurfaceView.updateSurface:1172 android.view.SurfaceView.onWindowVisibilityChanged:371 
10-04 20:46:35.500  6493  6493 I SurfaceView@42898ba: applyTransactionOnVriDraw: viewRoot.applyTransactionOnDrawFromReleaseSurfaces
10-04 20:46:35.501  6493  6493 I ViewRootImpl@e892618[MainActivity]: applyTransactionOnDraw: mRemoved = false isHardwareEnabled = true t = 0x7b29d1ee00android.view.ViewRootImpl.applyTransactionOnDrawFromReleaseSurfaces:12850 android.view.SurfaceView.applyTransactionOnVriDraw:2046 android.view.SurfaceView.releaseSurfaces:858 android.view.SurfaceView.updateSurface:1172 android.view.SurfaceView.onWindowVisibilityChanged:371 
10-04 20:46:35.501  6493  6493 V SurfaceView@42898ba: Layout: x=0 y=218 w=1080 h=525, frame=Rect(0, 0 - 1080, 525)
10-04 20:46:35.501  6493  6493 I SurfaceView@42898ba: onDetachedFromWindow: tryReleaseSurfaces()
10-04 20:46:35.501  6493  6493 I SurfaceView@42898ba: releaseSurfaces: viewRoot = ViewRootImpl@e892618[MainActivity]
10-04 20:46:35.501  6493  6493 I SurfaceView@42898ba: applyTransactionOnVriDraw: vri = ViewRootImpl@e892618[MainActivity] fRS = true t = 0x7b29d1ef00 android.view.SurfaceView.releaseSurfaces:858 android.view.SurfaceView.onDetachedFromWindow:500 android.view.View.dispatchDetachedFromWindow:22538 
10-04 20:46:35.501  6493  6493 I SurfaceView@42898ba: applyTransactionOnVriDraw: viewRoot.applyTransactionOnDrawFromReleaseSurfaces
10-04 20:46:35.501  6493  6493 I ViewRootImpl@e892618[MainActivity]: applyTransactionOnDraw: mRemoved = false isHardwareEnabled = true t = 0x7b29d1ef00android.view.ViewRootImpl.applyTransactionOnDrawFromReleaseSurfaces:12850 android.view.SurfaceView.applyTransactionOnVriDraw:2046 android.view.SurfaceView.releaseSurfaces:858 android.view.SurfaceView.onDetachedFromWindow:500 android.view.View.dispatchDetachedFromWindow:22538 
10-04 20:46:35.512  6493  6493 I DecorView: notifyKeepScreenOnChanged: keepScreenOn=false
10-04 20:46:35.512  6493  6493 I CS3ExoPlayer: releasePlayer
10-04 20:46:35.513  6493  6493 I CS3ExoPlayer: Handle event: PlayerAttachedEvent(player=null, source=Player)
10-04 20:46:35.514  6493  6493 I DecorView: notifyKeepScreenOnChanged: keepScreenOn=false
10-04 20:46:35.514  6493  6493 I ViewRootImpl@e892618[MainActivity]: MSG_WINDOW_FOCUS_CHANGED 0 0
10-04 20:46:35.516  6493  6493 I ViewRootImpl@c149fa1[MainActivity]: MSG_WINDOW_FOCUS_CHANGED 1 0
10-04 20:46:35.517  6493  6493 I ViewRootImpl@c149fa1[MainActivity]: mThreadedRenderer.initializeIfNeeded()#2 mSurface={isValid=true 0x7aee8d3000}
10-04 20:46:35.517  6493  6493 D InputMethodManager: startInputInner - Id : 0
10-04 20:46:35.517  6493  6493 I InputMethodManager: startInputInner - mService.startInputOrWindowGainedFocus
10-04 20:46:35.521  6493  6493 I ViewRootImpl@e892618[MainActivity]: performTraversals params={(0,0)(fillxfill) sim={state=always_hidden adjust=resize} ty=BASE_APPLICATION wanim=0x1030309
10-04 20:46:35.521  6493  6493 I ViewRootImpl@e892618[MainActivity]:   fl=85810100
10-04 20:46:35.521  6493  6493 I ViewRootImpl@e892618[MainActivity]:   pfl=12020040
10-04 20:46:35.521  6493  6493 I ViewRootImpl@e892618[MainActivity]:   vsysui=500
10-04 20:46:35.521  6493  6493 I ViewRootImpl@e892618[MainActivity]:   bhv=DEFAULT
10-04 20:46:35.521  6493  6493 I ViewRootImpl@e892618[MainActivity]:   fitSides= naviIconColor=0}
10-04 20:46:35.522  6493  6493 I ViewRootImpl@e892618[MainActivity]: performTraversals mFirst=false windowShouldResize=false viewVisibilityChanged=false mForceNextWindowRelayout=false params={(0,0)(fillxfill) sim={state=always_hidden adjust=resize} ty=BASE_APPLICATION fmt=TRANSLUCENT wanim=0x1030309
10-04 20:46:35.522  6493  6493 I ViewRootImpl@e892618[MainActivity]:   fl=85810100
10-04 20:46:35.522  6493  6493 I ViewRootImpl@e892618[MainActivity]:   pfl=12020040
10-04 20:46:35.522  6493  6493 I ViewRootImpl@e892618[MainActivity]:   vsysui=500
10-04 20:46:35.522  6493  6493 I ViewRootImpl@e892618[MainActivity]:   bhv=DEFAULT
10-04 20:46:35.522  6493  6493 I ViewRootImpl@e892618[MainActivity]:   fitSides= naviIconColor=0}
10-04 20:46:35.528  6493  6493 I ViewRootImpl@e892618[MainActivity]: updateBlastSurfaceIfNeeded mBlastBufferQueue=0x7b420b4d00 isSameSurfaceControl=true
10-04 20:46:35.529  6493  6493 I BLASTBufferQueue: update, w= 1080 h= 2400 mName = ViewRootImpl@e892618[MainActivity] mNativeObject= 0x7b420b4d00 sc.mNativeObject= 0x7aeefcc100 format= -3 caller= android.view.ViewRootImpl.updateBlastSurfaceIfNeeded:2898 android.view.ViewRootImpl.relayoutWindow:9847 android.view.ViewRootImpl.performTraversals:3884 android.view.ViewRootImpl.doTraversal:3116 android.view.ViewRootImpl$TraversalRunnable.run:10885 android.view.Choreographer$CallbackRecord.run:1301 
10-04 20:46:35.529  6493  6493 I ViewRootImpl@e892618[MainActivity]: Relayout returned: old=(0,0,1080,2400) new=(0,0,1080,2400) req=(1080,2400)0 dur=6 res=0x0 s={true 0x7b5d186800} ch=false seqId=0
10-04 20:46:35.529  6493  6493 I ViewRootImpl@e892618[MainActivity]: updateBoundsLayer: t = android.view.SurfaceControl$Transaction@587a792 sc = Surface(name=Bounds for - com.lagradost.cloudstream3/com.lagradost.cloudstream3.MainActivity@0)/@0xcbd0563 frame = 650
10-04 20:46:35.529  6493  6493 I ViewRootImpl@e892618[MainActivity]: mWNT: t=0x7b5d233b00 mBlastBufferQueue=0x7b420b4d00 fn= 650 caller= android.view.ViewRootImpl.prepareSurfaces:2985 android.view.ViewRootImpl.performTraversals:4233 android.view.ViewRootImpl.doTraversal:3116 
10-04 20:46:35.531  6493  6545 D SurfaceView@42898ba: windowPositionLost, frameNr = 650
10-04 20:46:35.532  6493  6625 I ViewRootImpl@e892618[MainActivity]: mWNT: t=0x7b29d1e800 mBlastBufferQueue=0x7b420b4d00 fn= 650 caller= android.view.ViewRootImpl.lambda$applyTransactionOnDraw$11$android-view-ViewRootImpl:12865 android.view.ViewRootImpl$$ExternalSyntheticLambda1.onFrameDraw:4 android.graphics.HardwareRenderer$FrameDrawingCallback.onFrameDraw:924 
10-04 20:46:35.532  6493  6625 I ViewRootImpl@e892618[MainActivity]: mWNT: t=0x7b29d1ee00 mBlastBufferQueue=0x7b420b4d00 fn= 650 caller= android.view.ViewRootImpl.lambda$applyTransactionOnDraw$11$android-view-ViewRootImpl:12865 android.view.ViewRootImpl$$ExternalSyntheticLambda1.onFrameDraw:4 android.graphics.HardwareRenderer$FrameDrawingCallback.onFrameDraw:924 
10-04 20:46:35.533  6493  6625 I ViewRootImpl@e892618[MainActivity]: mWNT: t=0x7b29d1ef00 mBlastBufferQueue=0x7b420b4d00 fn= 650 caller= android.view.ViewRootImpl.lambda$applyTransactionOnDraw$11$android-view-ViewRootImpl:12865 android.view.ViewRootImpl$$ExternalSyntheticLambda1.onFrameDraw:4 android.graphics.HardwareRenderer$FrameDrawingCallback.onFrameDraw:924 
10-04 20:46:36.041  6493  6493 I ViewRootImpl@c149fa1[MainActivity]: ViewPostIme pointer 0
10-04 20:46:36.120  6493  6493 I ViewRootImpl@c149fa1[MainActivity]: ViewPostIme pointer 1
10-04 20:46:36.983  6493  6493 I ViewRootImpl@c149fa1[MainActivity]: ViewPostIme pointer 0
10-04 20:46:37.099  6493  6493 I ViewRootImpl@c149fa1[MainActivity]: MSG_WINDOW_FOCUS_CHANGED 0 0
10-04 20:46:37.734  6493  6493 I ViewRootImpl@c149fa1[MainActivity]: handleAppVisibility mAppVisible = true visible = false
10-04 20:46:37.734  6493  6493 I ViewRootImpl@e892618[MainActivity]: handleAppVisibility mAppVisible = true visible = false
10-04 20:46:37.752  6493  6545 D OpenGLRenderer: setSurface called with nullptr
10-04 20:46:37.752  6493  6545 D OpenGLRenderer: setSurface() destroyed EGLSurface
10-04 20:46:37.752  6493  6545 D OpenGLRenderer: destroyEglSurface
10-04 20:46:37.755  6493  6493 I ViewRootImpl@c149fa1[MainActivity]: performTraversals mFirst=false windowShouldResize=false viewVisibilityChanged=true mForceNextWindowRelayout=false params=null
10-04 20:46:37.816  6493  6493 I ViewRootImpl@c149fa1[MainActivity]: Relayout returned: old=(0,0,1080,2400) new=(0,0,1080,2400) req=(1080,2400)8 dur=58 res=0x2 s={false 0x0} ch=true seqId=0
10-04 20:46:37.833  6493  6545 D OpenGLRenderer: setSurface called with nullptr
10-04 20:46:37.833  6493  6545 D OpenGLRenderer: setSurface() destroyed EGLSurface
10-04 20:46:37.833  6493  6545 D OpenGLRenderer: destroyEglSurface
10-04 20:46:37.839  6493  6493 I ViewRootImpl@e892618[MainActivity]: performTraversals mFirst=false windowShouldResize=false viewVisibilityChanged=true mForceNextWindowRelayout=false params=null
10-04 20:46:37.848  6493  6493 I ViewRootImpl@e892618[MainActivity]: Relayout returned: old=(0,0,1080,2400) new=(0,0,1080,2400) req=(1080,2400)8 dur=7 res=0x2 s={false 0x0} ch=true seqId=0
10-04 20:46:37.866  6493  6493 I ViewRootImpl@c149fa1[MainActivity]: stopped(true) old = false
10-04 20:46:37.867  6493  6493 I ViewRootImpl@c149fa1[MainActivity]: WindowStopped on com.lagradost.cloudstream3/com.lagradost.cloudstream3.MainActivity set to true
10-04 20:46:37.868  6493  6493 I ViewRootImpl@e892618[MainActivity]: stopped(true) old = false
10-04 20:46:37.868  6493  6493 I ViewRootImpl@e892618[MainActivity]: WindowStopped on com.lagradost.cloudstream3/com.lagradost.cloudstream3.MainActivity set to true
10-04 20:46:37.875  6493  6493 I AppVisibilityProxy: onAppEnteredBackground
10-04 20:46:37.921  6493  6493 I MSHandlerLifeCycle: removeMultiSplitHandler: no exist. decor=DecorView@89af30a[MainActivity]
10-04 20:46:37.921  6493  6493 D InputTransport: Input channel destroyed: 'ClientS', fd=144
10-04 20:46:37.925  6493  6493 I ViewRootImpl@e892618[MainActivity]: performTraversals mFirst=false windowShouldResize=false viewVisibilityChanged=false mForceNextWindowRelayout=false params={(0,0)(fillxfill) sim={state=always_hidden adjust=pan} ty=BASE_APPLICATION fmt=TRANSLUCENT wanim=0x1030309
10-04 20:46:37.925  6493  6493 I ViewRootImpl@e892618[MainActivity]:   fl=85810100
10-04 20:46:37.925  6493  6493 I ViewRootImpl@e892618[MainActivity]:   pfl=12020040
10-04 20:46:37.925  6493  6493 I ViewRootImpl@e892618[MainActivity]:   vsysui=500
10-04 20:46:37.925  6493  6493 I ViewRootImpl@e892618[MainActivity]:   bhv=DEFAULT
10-04 20:46:37.925  6493  6493 I ViewRootImpl@e892618[MainActivity]:   fitSides= naviIconColor=0}
10-04 20:46:37.933  6493  6493 I ViewRootImpl@e892618[MainActivity]: Relayout returned: old=(0,0,1080,2400) new=(0,0,1080,2400) req=(1080,2400)8 dur=7 res=0x2 s={false 0x0} ch=false seqId=0
10-04 20:46:37.948  6493  6493 W MediaRouter: Ignoring invalid provider descriptor: null
10-04 20:46:38.391  6493  6529 D InputTransport: Input channel destroyed: 'ClientS', fd=166
10-04 20:46:38.392  6493  6529 D InputTransport: Input channel destroyed: 'ClientS', fd=119
10-04 20:46:38.392  6493  6529 D InputTransport: Input channel destroyed: 'ClientS', fd=153
10-04 20:46:38.392  6493  6545 D OpenGLRenderer: setSurface called with nullptr
10-04 20:46:38.393  6493  6529 D InputTransport: Input channel destroyed: 'ClientS', fd=226
10-04 20:46:38.394  6493  6545 D OpenGLRenderer: setSurface called with nullptr
10-04 20:46:38.394  6493  6529 D InputTransport: Input channel destroyed: 'ClientS', fd=126
10-04 20:46:38.395  6493  6545 D OpenGLRenderer: setSurface called with nullptr
10-04 20:46:40.333  6493  6493 I ViewRootImpl@c149fa1[MainActivity]: handleAppVisibility mAppVisible = false visible = true
10-04 20:46:40.334  6493  6493 I ViewRootImpl@e892618[MainActivity]: handleAppVisibility mAppVisible = false visible = true
10-04 20:46:40.346  6493  6493 I ViewRootImpl@c149fa1[MainActivity]: performTraversals mFirst=false windowShouldResize=false viewVisibilityChanged=true mForceNextWindowRelayout=false params=null
10-04 20:46:40.372  6493  6493 I ViewRootImpl@c149fa1[MainActivity]: updateBlastSurfaceIfNeeded mBlastBufferQueue=null isSameSurfaceControl=false
10-04 20:46:40.373  6493  6493 I BLASTBufferQueue: new BLASTBufferQueue, mName= ViewRootImpl@c149fa1[MainActivity] mNativeObject= 0x7b420b4d00 sc.mNativeObject= 0x7aef015ee0 caller= android.view.ViewRootImpl.updateBlastSurfaceIfNeeded:2909 android.view.ViewRootImpl.relayoutWindow:9847 android.view.ViewRootImpl.performTraversals:3884 android.view.ViewRootImpl.doTraversal:3116 android.view.ViewRootImpl$TraversalRunnable.run:10885 android.view.Choreographer$CallbackRecord.run:1301 android.view.Choreographer$CallbackRecord.run:1309 android.view.Choreographer.doCallbacks:923 android.view.Choreographer.doFrame:852 android.view.Choreographer$FrameDisplayEventReceiver.run:1283 
10-04 20:46:40.373  6493  6493 I BLASTBufferQueue: update, w= 1080 h= 2400 mName = ViewRootImpl@c149fa1[MainActivity] mNativeObject= 0x7b420b4d00 sc.mNativeObject= 0x7aef015ee0 format= -2 caller= android.graphics.BLASTBufferQueue.<init>:84 android.view.ViewRootImpl.updateBlastSurfaceIfNeeded:2909 android.view.ViewRootImpl.relayoutWindow:9847 android.view.ViewRootImpl.performTraversals:3884 android.view.ViewRootImpl.doTraversal:3116 android.view.ViewRootImpl$TraversalRunnable.run:10885 
10-04 20:46:40.374  6493  6493 I ViewRootImpl@c149fa1[MainActivity]: Relayout returned: old=(0,0,1080,2400) new=(0,0,1080,2400) req=(1080,2400)0 dur=26 res=0x3 s={true 0x7b5d186800} ch=true seqId=0
10-04 20:46:40.375  6493  6493 I ViewRootImpl@c149fa1[MainActivity]: mThreadedRenderer.initialize() mSurface={isValid=true 0x7b5d186800} hwInitialized=true
10-04 20:46:40.375  6493  6545 D OpenGLRenderer: eglCreateWindowSurface
10-04 20:46:40.375  6493  6493 I ViewRootImpl@c149fa1[MainActivity]: reportNextDraw android.view.ViewRootImpl.performTraversals:4438 android.view.ViewRootImpl.doTraversal:3116 android.view.ViewRootImpl$TraversalRunnable.run:10885 android.view.Choreographer$CallbackRecord.run:1301 android.view.Choreographer$CallbackRecord.run:1309 
10-04 20:46:40.375  6493  6493 I ViewRootImpl@c149fa1[MainActivity]: Setup new sync id=3
10-04 20:46:40.376  6493  6493 I ViewRootImpl@c149fa1[MainActivity]: Setting syncFrameCallback
10-04 20:46:40.376  6493  6493 I ViewRootImpl@c149fa1[MainActivity]: registerCallbacksForSync syncBuffer=false
10-04 20:46:40.387  6493  6639 I ViewRootImpl@c149fa1[MainActivity]: Received frameDrawingCallback syncResult=0 frameNum=1.
10-04 20:46:40.387  6493  6639 I ViewRootImpl@c149fa1[MainActivity]: Setting up sync and frameCommitCallback
10-04 20:46:40.392  6493  6545 I BLASTBufferQueue: [ViewRootImpl@c149fa1[MainActivity]#17](f:0,a:0) onFrameAvailable the first frame is available
10-04 20:46:40.393  6493  6545 I ViewRootImpl@c149fa1[MainActivity]: Received frameCommittedCallback lastAttemptedDrawFrameNum=1 didProduceBuffer=true
10-04 20:46:40.393  6493  6493 I ViewRootImpl@c149fa1[MainActivity]: onSyncComplete
10-04 20:46:40.394  6493  6493 I ViewRootImpl@c149fa1[MainActivity]: setupSync seqId=0 mSyncId=3 fn=1 caller=android.view.ViewRootImpl$$ExternalSyntheticLambda11.accept:6 android.window.SurfaceSyncer.lambda$setupSync$1$android-window-SurfaceSyncer:128 android.window.SurfaceSyncer$$ExternalSyntheticLambda1.accept:8 android.window.SurfaceSyncer$SyncSet.checkIfSyncIsComplete:382 android.window.SurfaceSyncer$SyncSet.markSyncReady:359 android.window.SurfaceSyncer.markSyncReady:151 android.view.ViewRootImpl.performTraversals:4503 
10-04 20:46:40.394  6493  6493 I ViewRootImpl@c149fa1[MainActivity]: reportDrawFinished seqId=0 mSyncId=-1 fn=1 mSurfaceChangedTransaction=0x7b5d132800
10-04 20:46:40.394  6493  6493 I ViewRootImpl@c149fa1[MainActivity]: stopped(false) old = true
10-04 20:46:40.394  6493  6493 I ViewRootImpl@c149fa1[MainActivity]: WindowStopped on com.lagradost.cloudstream3/com.lagradost.cloudstream3.MainActivity set to false
10-04 20:46:40.394  6493  6493 I ViewRootImpl@e892618[MainActivity]: stopped(false) old = true
10-04 20:46:40.394  6493  6493 I ViewRootImpl@e892618[MainActivity]: WindowStopped on com.lagradost.cloudstream3/com.lagradost.cloudstream3.MainActivity set to false
10-04 20:46:40.397  6493  6493 I AppVisibilityProxy: onAppEnteredForeground
10-04 20:46:40.401  6493  6493 I MSHandlerLifeCycle: removeMultiSplitHandler: no exist. decor=DecorView@89af30a[MainActivity]
10-04 20:46:40.401  6493  6493 I ViewRootImpl@c149fa1[MainActivity]: stopped(false) old = false
10-04 20:46:40.401  6493  6493 I ViewRootImpl@e892618[MainActivity]: stopped(false) old = false
10-04 20:46:40.404  6493  6493 I DecorView: notifyKeepScreenOnChanged: keepScreenOn=false
10-04 20:46:40.404  6493  6493 I MSHandlerLifeCycle: removeMultiSplitHandler: no exist. decor=DecorView@89af30a[MainActivity]
10-04 20:46:40.405  6493  6493 I ViewRootImpl@c149fa1[MainActivity]: performTraversals mFirst=false windowShouldResize=false viewVisibilityChanged=true mForceNextWindowRelayout=false params=null
10-04 20:46:40.410  6493  6493 I ViewRootImpl@c149fa1[MainActivity]: updateBlastSurfaceIfNeeded mBlastBufferQueue=0x7b420b4d00 isSameSurfaceControl=true
10-04 20:46:40.410  6493  6493 I BLASTBufferQueue: update, w= 1080 h= 2400 mName = ViewRootImpl@c149fa1[MainActivity] mNativeObject= 0x7b420b4d00 sc.mNativeObject= 0x7bed8aa280 format= -2 caller= android.view.ViewRootImpl.updateBlastSurfaceIfNeeded:2898 android.view.ViewRootImpl.relayoutWindow:9847 android.view.ViewRootImpl.performTraversals:3884 android.view.ViewRootImpl.doTraversal:3116 android.view.ViewRootImpl$TraversalRunnable.run:10885 android.view.Choreographer$CallbackRecord.run:1301 
10-04 20:46:40.410  6493  6493 I ViewRootImpl@c149fa1[MainActivity]: Relayout returned: old=(0,0,1080,2400) new=(0,0,1080,2400) req=(1080,2400)0 dur=5 res=0x0 s={true 0x7b5d186800} ch=false seqId=0
10-04 20:46:40.411  6493  6493 I ViewRootImpl@e892618[MainActivity]: performTraversals params={(0,0)(fillxfill) sim={state=always_hidden adjust=resize forwardNavigation} ty=BASE_APPLICATION fmt=TRANSLUCENT wanim=0x1030309
10-04 20:46:40.411  6493  6493 I ViewRootImpl@e892618[MainActivity]:   fl=85810100
10-04 20:46:40.411  6493  6493 I ViewRootImpl@e892618[MainActivity]:   pfl=12020040
10-04 20:46:40.411  6493  6493 I ViewRootImpl@e892618[MainActivity]:   vsysui=500
10-04 20:46:40.411  6493  6493 I ViewRootImpl@e892618[MainActivity]:   bhv=DEFAULT
10-04 20:46:40.411  6493  6493 I ViewRootImpl@e892618[MainActivity]:   fitSides= naviIconColor=0}
10-04 20:46:40.412  6493  6493 I ViewRootImpl@e892618[MainActivity]: performTraversals mFirst=false windowShouldResize=false viewVisibilityChanged=true mForceNextWindowRelayout=false params={(0,0)(fillxfill) sim={state=always_hidden adjust=resize forwardNavigation} ty=BASE_APPLICATION fmt=TRANSLUCENT wanim=0x1030309
10-04 20:46:40.412  6493  6493 I ViewRootImpl@e892618[MainActivity]:   fl=85810100
10-04 20:46:40.412  6493  6493 I ViewRootImpl@e892618[MainActivity]:   pfl=12020040
10-04 20:46:40.412  6493  6493 I ViewRootImpl@e892618[MainActivity]:   vsysui=500
10-04 20:46:40.412  6493  6493 I ViewRootImpl@e892618[MainActivity]:   bhv=DEFAULT
10-04 20:46:40.412  6493  6493 I ViewRootImpl@e892618[MainActivity]:   fitSides= naviIconColor=0}
10-04 20:46:40.419  6493  6493 I ViewRootImpl@e892618[MainActivity]: updateBlastSurfaceIfNeeded mBlastBufferQueue=null isSameSurfaceControl=false
10-04 20:46:40.420  6493  6493 I BLASTBufferQueue: new BLASTBufferQueue, mName= ViewRootImpl@e892618[MainActivity] mNativeObject= 0x7b420f2100 sc.mNativeObject= 0x7bed7aede0 caller= android.view.ViewRootImpl.updateBlastSurfaceIfNeeded:2909 android.view.ViewRootImpl.relayoutWindow:9847 android.view.ViewRootImpl.performTraversals:3884 android.view.ViewRootImpl.doTraversal:3116 android.view.ViewRootImpl$TraversalRunnable.run:10885 android.view.Choreographer$CallbackRecord.run:1301 android.view.Choreographer$CallbackRecord.run:1309 android.view.Choreographer.doCallbacks:923 android.view.Choreographer.doFrame:852 android.view.Choreographer$FrameDisplayEventReceiver.run:1283 
10-04 20:46:40.420  6493  6493 I BLASTBufferQueue: update, w= 1080 h= 2400 mName = ViewRootImpl@e892618[MainActivity] mNativeObject= 0x7b420f2100 sc.mNativeObject= 0x7bed7aede0 format= -3 caller= android.graphics.BLASTBufferQueue.<init>:84 android.view.ViewRootImpl.updateBlastSurfaceIfNeeded:2909 android.view.ViewRootImpl.relayoutWindow:9847 android.view.ViewRootImpl.performTraversals:3884 android.view.ViewRootImpl.doTraversal:3116 android.view.ViewRootImpl$TraversalRunnable.run:10885 
10-04 20:46:40.420  6493  6493 I ViewRootImpl@e892618[MainActivity]: Relayout returned: old=(0,0,1080,2400) new=(0,0,1080,2400) req=(1080,2400)0 dur=7 res=0x3 s={true 0x7aee8d3000} ch=true seqId=0
10-04 20:46:40.421  6493  6493 I ViewRootImpl@e892618[MainActivity]: mThreadedRenderer.initialize() mSurface={isValid=true 0x7aee8d3000} hwInitialized=true
10-04 20:46:40.421  6493  6545 D OpenGLRenderer: eglCreateWindowSurface
10-04 20:46:40.421  6493  6493 I ViewRootImpl@e892618[MainActivity]: reportNextDraw android.view.ViewRootImpl.performTraversals:4438 android.view.ViewRootImpl.doTraversal:3116 android.view.ViewRootImpl$TraversalRunnable.run:10885 android.view.Choreographer$CallbackRecord.run:1301 android.view.Choreographer$CallbackRecord.run:1309 
10-04 20:46:40.422  6493  6493 I ViewRootImpl@e892618[MainActivity]: Setup new sync id=1
