10-04 18:14:49.315  8810  8869 I PluginManager: Unloading plugin: /data/user/0/com.lagradost.cloudstream3/files/Extensions/httpsraw.githubusercontent.comadamwolker21TestPluginsrefsheadsmastercs.repo.1807432406/WeCima.-1708855160.cs3
10-04 18:14:49.316  8810  8869 W PluginManager: Couldn't find plugin /data/user/0/com.lagradost.cloudstream3/files/Extensions/httpsraw.githubusercontent.comadamwolker21TestPluginsrefsheadsmastercs.repo.1807432406/WeCima.-1708855160.cs3
10-04 18:14:49.316  8810  8869 I PluginManager: Loading plugin: PluginData(internalName=WeCima, url=https://raw.githubusercontent.com/adamwolker21/TestPlugins/builds/WeCima.cs3, isOnline=true, filePath=/data/user/0/com.lagradost.cloudstream3/files/Extensions/httpsraw.githubusercontent.comadamwolker21TestPluginsrefsheadsmastercs.repo.1807432406/WeCima.-1708855160.cs3, version=-2147483648)
10-04 18:14:49.329  8810  8869 I st.cloudstream3: Waiting for a blocking GC ClassLinker
10-04 18:14:49.403  8810  8818 W st.cloudstream3: Cleared Reference was only reachable from finalizer (only reported once)
10-04 18:14:49.488  8810  8818 I st.cloudstream3: Background concurrent copying GC freed 21MB AllocSpace bytes, 82(3748KB) LOS objects, 49% free, 15MB/31MB, paused 282us,82us total 207.348ms
10-04 18:14:49.488  8810  8869 I st.cloudstream3: WaitForGcToComplete blocked ClassLinker on Background for 158.369ms
10-04 18:14:49.489  8810  8819 D InputTransport: Input channel destroyed: 'ClientS', fd=137
10-04 18:14:49.489  8810  8819 D InputTransport: Input channel destroyed: 'ClientS', fd=147
10-04 18:14:49.491  8810  8838 D OpenGLRenderer: setSurface called with nullptr
10-04 18:14:49.506  8810  8869 I WebViewFactory: Loading com.google.android.webview version 140.0.7339.207 (code 733920733)
10-04 18:14:49.518  8810  8869 W st.cloudstream3: Failed to find entry 'classes.dex': Entry not found
10-04 18:14:49.519  8810  8869 D nativeloader: Configuring clns-6 for other apk /data/app/~~0iK79XW9X0QppaGo2hZ3dg==/com.google.android.trichromelibrary_733920733-6bb0wVyJqr8G8vJnjVAKKg==/base.apk. target_sdk_version=36, uses_libraries=ALL, library_path=/data/app/~~iwwqLfGPKTES2hsQd9D3lw==/com.google.android.webview-qbQIISas-S18wMUdMAIFhw==/lib/arm64:/data/app/~~iwwqLfGPKTES2hsQd9D3lw==/com.google.android.webview-qbQIISas-S18wMUdMAIFhw==/base.apk!/lib/arm64-v8a:/data/app/~~0iK79XW9X0QppaGo2hZ3dg==/com.google.android.trichromelibrary_733920733-6bb0wVyJqr8G8vJnjVAKKg==/base.apk!/lib/arm64-v8a, permitted_path=/data:/mnt/expand
10-04 18:14:49.519  8810  8869 D nativeloader: Extending system_exposed_libraries: libhumantracking.arcsoft.so:libPortraitDistortionCorrection.arcsoft.so:libPortraitDistortionCorrectionCali.arcsoft.so:libface_landmark.arcsoft.so:libFacialStickerEngine.arcsoft.so:libveengine.arcsoft.so:liblow_light_hdr.arcsoft.so:libhigh_dynamic_range.arcsoft.so:libFacialAttributeDetection.arcsoft.so:libBeauty_v4.camera.samsung.so:libexifa.camera.samsung.so:libjpega.camera.samsung.so:libOpenCv.camera.samsung.so:libImageScreener.camera.samsung.so:libMyFilter.camera.samsung.so:libtensorflowLite.myfilter.camera.samsung.so:libtensorflowlite_inference_api.myfilter.camera.samsung.so:libEventFinder.camera.samsung.so:libHIDTSnapJNI.camera.samsung.so:libSmartScan.camera.samsung.so:libRectify.camera.samsung.so:libDocRectifyWrapper.camera.samsung.so:libUltraWideDistortionCorrection.camera.samsung.so:libWideDistortionCorrection.camera.samsung.so:libHpr_RecGAE_cvFeature_v1.0.camera.samsung.so:libHprFace_GAE_api.camera.samsung.so:libFace_Landmark_API.camera.samsung.so:libHprFace_GAE_jn
10-04 18:14:49.563  8810  8869 I st.cloudstream3: Failed to add image file: Dex cache count and dex file count mismatch while trying to initialize from image
10-04 18:14:49.567  8810  8869 D nativeloader: Configuring clns-7 for other apk /data/app/~~iwwqLfGPKTES2hsQd9D3lw==/com.google.android.webview-qbQIISas-S18wMUdMAIFhw==/base.apk. target_sdk_version=36, uses_libraries=, library_path=/data/app/~~iwwqLfGPKTES2hsQd9D3lw==/com.google.android.webview-qbQIISas-S18wMUdMAIFhw==/lib/arm64:/data/app/~~iwwqLfGPKTES2hsQd9D3lw==/com.google.android.webview-qbQIISas-S18wMUdMAIFhw==/base.apk!/lib/arm64-v8a:/data/app/~~0iK79XW9X0QppaGo2hZ3dg==/com.google.android.trichromelibrary_733920733-6bb0wVyJqr8G8vJnjVAKKg==/base.apk!/lib/arm64-v8a, permitted_path=/data:/mnt/expand
10-04 18:14:49.603  8810  8869 I cr_WVCFactoryProvider: version=140.0.7339.207 (733920733) minSdkVersion=29 multiprocess=true packageId=2 splits=<none>
10-04 18:14:49.608  8810  8869 D nativeloader: Load /data/app/~~0iK79XW9X0QppaGo2hZ3dg==/com.google.android.trichromelibrary_733920733-6bb0wVyJqr8G8vJnjVAKKg==/base.apk!/lib/arm64-v8a/libmonochrome_64.so using class loader ns clns-7 (caller=/data/app/~~iwwqLfGPKTES2hsQd9D3lw==/com.google.android.webview-qbQIISas-S18wMUdMAIFhw==/base.apk): ok
10-04 18:14:49.611  8810  8869 D nativeloader: Load /system/lib64/libwebviewchromium_plat_support.so using class loader ns clns-7 (caller=/data/app/~~iwwqLfGPKTES2hsQd9D3lw==/com.google.android.webview-qbQIISas-S18wMUdMAIFhw==/base.apk): ok
10-04 18:14:49.615  8810  8960 I chromium: [1004/181449.615189:INFO:android_webview/browser/variations/variations_seed_loader.cc:67] Failed to open file for reading.: No such file or directory (2)
10-04 18:14:49.623  8810  8869 I cr_LibraryLoader: Successfully loaded native library
10-04 18:14:49.624  8810  8869 I cr_CachingUmaRecorder: Flushed 13 samples from 13 histograms, 0 samples were dropped.
10-04 18:14:49.627  8810  8869 I PluginInstance: Adding WeCima (https://wecima.now/) MainAPI
10-04 18:14:49.627  8810  8869 I PluginInstance: Adding WeCima (https://wecima.now) ExtractorApi
10-04 18:14:49.653  8810  8869 I PluginInstance: Adding Vidbom (https://vdbtm.shop) ExtractorApi
10-04 18:14:49.654  8810  8869 I PluginInstance: Adding GeneralPacked (https://wecima.now) ExtractorApi
10-04 18:14:49.654  8810  8869 I PluginInstance: Adding GoVID (goveed1.space) ExtractorApi
10-04 18:14:49.654  8810  8869 I PluginManager: Loaded plugin WeCima successfully
10-04 18:14:49.654  8810  8869 I PLG     : getPlugins = https://raw.githubusercontent.com/adamwolker21/TestPlugins/refs/heads/master/cs.repo
10-04 18:14:49.656  8810  8810 I COMPACT : showToast = Plugin Loaded
10-04 18:14:49.665  8810  8810 D CompatibilityChangeReporter: Compat change id reported: 147798919; UID 10523; state: ENABLED
10-04 18:14:49.666  8810  8810 E Toast   : setGravity() shouldn't be called on text toasts, the values won't be used
10-04 18:14:49.666  8810  8810 I Toast   : setView: it's a custom toast
10-04 18:14:49.674  8810  8810 V Toast   : show: caller = com.lagradost.cloudstream3.CommonActivity.showToast:175 
10-04 18:14:49.687  8810  8810 V Toast   : HANDLE SHOW: android.widget.Toast$TN@38942e2 mView=null mNextView=androidx.cardview.widget.CardView{9e8673 V.E...... ......ID 0,0-0,0 #7f0a0557 app:id/toast_layout_root}
10-04 18:14:49.691  8810  8810 V ToastPresenter: sipHeight = -39
10-04 18:14:49.693  8810  8810 V ToastPresenter: yOffset = 13
10-04 18:14:49.697  8810  8838 D NativeCustomFrequencyManager: [NativeCFMS] BpCustomFrequencyManager::BpCustomFrequencyManager()
10-04 18:14:49.709  8810  8810 D InsetsController: onStateChanged: InsetsState: {mDisplayFrame=Rect(0, 0 - 1080, 2400), mDisplayCutout=DisplayCutout{insets=Rect(0, 88 - 0, 0) waterfall=Insets{left=0, top=0, right=0, bottom=0} boundingRect={Bounds=[Rect(0, 0 - 0, 0), Rect(512, 0 - 568, 88), Rect(0, 0 - 0, 0), Rect(0, 0 - 0, 0)]} cutoutPathParserInfo={CutoutPathParserInfo{displayWidth=1080 displayHeight=2400 physicalDisplayWidth=1080 physicalDisplayHeight=2400 density={2.625} cutoutSpec={M 0,0 M 0,12.25101276465640 a 10.60613009248640,10.60613009248640 0 1,0 0,21.21226018497290 a 10.60613009248640,10.60613009248640 0 1,0 0,-21.21226018497290 Z @dp} rotation={0} scale={1.0} physicalPixelDisplaySizeRatio={1.0}}}}, mRoundedCorners=RoundedCorners{[RoundedCorner{position=TopLeft, radius=84, center=Point(84, 84)}, RoundedCorner{position=TopRight, radius=84, center=Point(996, 84)}, RoundedCorner{position=BottomRight, radius=84, center=Point(996, 2316)}, RoundedCorner{position=BottomLeft, radius=84, center=Point(84, 2316)}]}  mRoundedCornerFrame=Rect(0, 0 - 0, 0), mPrivacyIndicatorBounds=PrivacyIndicatorBounds {static bounds=Rect(964, 0 - 1080, 87) rotation=0}, mSources= { InsetsSource: {mType=ITYPE_NAVIGATION_BAR, mFrame=[0,2361][1080,2400], mVisible=true, mInsetsRoundedCornerFrame=false}, InsetsSource: {mType=ITYPE_LEFT_GESTURES, mFrame=[0,0][130,2400], mVisible=true, mInsetsRoundedCornerFrame=false}, InsetsSource: {mType=ITYPE_RIGHT_GESTURES, mFrame=[950,0][1080,2400], mVisible=true, mInsetsRoundedCornerFrame=false}, InsetsSource: {mType=ITYPE_TOP_MANDATORY_GESTURES, mFrame=[0,0][1080,120], mVisible=true, mInsetsRoundedCornerFrame=false}, InsetsSource: {mType=ITYPE_BOTTOM_MANDATORY_GESTURES, mFrame=[0,2316][1080,2400], mVisible=true, mInsetsRoundedCornerFrame=false}, InsetsSource: {mType=ITYPE_LEFT_DISPLAY_CUTOUT, mFrame=[0,0][-100000,2400], mVisible=true, mInsetsRoundedCornerFrame=false}, InsetsSource: {mType=ITYPE_TOP_DISPLAY_CUTOUT, mFrame=[0,0][1080,88], mVisible=true, mInsetsRoundedCornerFrame=false}, InsetsSource: {mType=ITYPE_RIGHT_DISPLAY_CUTOUT, mFrame=[100000,0][1080,2400], mVisible=true, mInsetsRoundedCornerFrame=false}, InsetsSource: {mType=ITYPE_BOTTOM_DISPLAY_CUTOUT, mFrame=[0,100000][1080,2400], mVisible=true, mInsetsRoundedCornerFrame=false}, InsetsSource: {mType=ITYPE_BOTTOM_TAPPABLE_ELEMENT, mFrame=[0,0][0,0], mVisible=true, mInsetsRoundedCornerFrame=false} } host=Toast from=android.view.ViewRootImpl.setView:1732
10-04 18:14:49.711  8810  8810 I ViewRootImpl@687930[Toast]: setView = androidx.cardview.widget.CardView@9e8673 TM=true
10-04 18:14:49.767  8810  8810 I ViewRootImpl@687930[Toast]: performTraversals params={(0,13)(wrapxwrap) gr=BOTTOM CENTER sim={adjust=pan} ty=TOAST fmt=TRANSLUCENT wanim=0x1030004 surfaceInsets=Rect(11, 11 - 11, 11)
10-04 18:14:49.767  8810  8810 I ViewRootImpl@687930[Toast]:   fl=1000098
10-04 18:14:49.767  8810  8810 I ViewRootImpl@687930[Toast]:   pfl=12000000
10-04 18:14:49.767  8810  8810 I ViewRootImpl@687930[Toast]:   bhv=DEFAULT
10-04 18:14:49.767  8810  8810 I ViewRootImpl@687930[Toast]:   fitTypes=STATUS_BARS NAVIGATION_BARS CAPTION_BAR
10-04 18:14:49.767  8810  8810 I ViewRootImpl@687930[Toast]:   fitIgnoreVis naviIconColor=0}
10-04 18:14:49.768  8810  8810 I ViewRootImpl@687930[Toast]: performTraversals mFirst=true windowShouldResize=false viewVisibilityChanged=false mForceNextWindowRelayout=false params={(0,13)(wrapxwrap) gr=BOTTOM CENTER sim={adjust=pan} ty=TOAST fmt=TRANSLUCENT wanim=0x1030004 surfaceInsets=Rect(11, 11 - 11, 11)
10-04 18:14:49.768  8810  8810 I ViewRootImpl@687930[Toast]:   fl=1000098
10-04 18:14:49.768  8810  8810 I ViewRootImpl@687930[Toast]:   pfl=12000000
10-04 18:14:49.768  8810  8810 I ViewRootImpl@687930[Toast]:   bhv=DEFAULT
10-04 18:14:49.768  8810  8810 I ViewRootImpl@687930[Toast]:   fitTypes=STATUS_BARS NAVIGATION_BARS CAPTION_BAR
10-04 18:14:49.768  8810  8810 I ViewRootImpl@687930[Toast]:   fitIgnoreVis naviIconColor=0}
10-04 18:14:49.777  8810  8810 I ViewRootImpl@687930[Toast]: updateBlastSurfaceIfNeeded mBlastBufferQueue=null isSameSurfaceControl=false
10-04 18:14:49.778  8810  8810 I BLASTBufferQueue: new BLASTBufferQueue, mName= ViewRootImpl@687930[Toast] mNativeObject= 0x7bed89c600 sc.mNativeObject= 0x7bed7ae980 caller= android.view.ViewRootImpl.updateBlastSurfaceIfNeeded:2909 android.view.ViewRootImpl.relayoutWindow:9847 android.view.ViewRootImpl.performTraversals:3884 android.view.ViewRootImpl.doTraversal:3116 android.view.ViewRootImpl$TraversalRunnable.run:10885 android.view.Choreographer$CallbackRecord.run:1301 android.view.Choreographer$CallbackRecord.run:1309 android.view.Choreographer.doCallbacks:923 android.view.Choreographer.doFrame:852 android.view.Choreographer$FrameDisplayEventReceiver.run:1283 
10-04 18:14:49.778  8810  8810 I BLASTBufferQueue: update, w= 373 h= 178 mName = ViewRootImpl@687930[Toast] mNativeObject= 0x7bed89c600 sc.mNativeObject= 0x7bed7ae980 format= -3 caller= android.graphics.BLASTBufferQueue.<init>:84 android.view.ViewRootImpl.updateBlastSurfaceIfNeeded:2909 android.view.ViewRootImpl.relayoutWindow:9847 android.view.ViewRootImpl.performTraversals:3884 android.view.ViewRootImpl.doTraversal:3116 android.view.ViewRootImpl$TraversalRunnable.run:10885 
10-04 18:14:49.779  8810  8810 I ViewRootImpl@687930[Toast]: Relayout returned: old=(0,88,1080,2361) new=(364,2192,715,2348) req=(351,156)0 dur=9 res=0x3 s={true 0x7b34399000} ch=true seqId=0
10-04 18:14:49.780  8810  8810 I ViewRootImpl@687930[Toast]: mThreadedRenderer.initialize() mSurface={isValid=true 0x7b34399000} hwInitialized=true
10-04 18:14:49.781  8810  8838 D OpenGLRenderer: eglCreateWindowSurface
10-04 18:14:49.781  8810  8810 I ViewRootImpl@687930[Toast]: reportNextDraw android.view.ViewRootImpl.performTraversals:4438 android.view.ViewRootImpl.doTraversal:3116 android.view.ViewRootImpl$TraversalRunnable.run:10885 android.view.Choreographer$CallbackRecord.run:1301 android.view.Choreographer$CallbackRecord.run:1309 
10-04 18:14:49.782  8810  8810 I ViewRootImpl@687930[Toast]: Setup new sync id=0
10-04 18:14:49.782  8810  8810 I ViewRootImpl@687930[Toast]: Setting syncFrameCallback
10-04 18:14:49.782  8810  8810 I ViewRootImpl@687930[Toast]: registerCallbacksForSync syncBuffer=false
10-04 18:14:49.784  8810  8915 I ViewRootImpl@687930[Toast]: Received frameDrawingCallback syncResult=0 frameNum=1.
10-04 18:14:49.784  8810  8915 I ViewRootImpl@687930[Toast]: Setting up sync and frameCommitCallback
10-04 18:14:49.788  8810  8838 I BLASTBufferQueue: [ViewRootImpl@687930[Toast]#2](f:0,a:0) onFrameAvailable the first frame is available
10-04 18:14:49.790  8810  8838 I ViewRootImpl@687930[Toast]: Received frameCommittedCallback lastAttemptedDrawFrameNum=1 didProduceBuffer=true
10-04 18:14:49.792  8810  8838 D OpenGLRenderer: CFMS:: SetUp Pid : 8810    Tid : 8838
10-04 18:14:49.795  8810  8810 I ViewRootImpl@687930[Toast]: onSyncComplete
10-04 18:14:49.796  8810  8810 I ViewRootImpl@687930[Toast]: setupSync seqId=0 mSyncId=0 fn=1 caller=android.view.ViewRootImpl$$ExternalSyntheticLambda11.accept:6 android.window.SurfaceSyncer.lambda$setupSync$1$android-window-SurfaceSyncer:128 android.window.SurfaceSyncer$$ExternalSyntheticLambda1.accept:8 android.window.SurfaceSyncer$SyncSet.checkIfSyncIsComplete:382 android.window.SurfaceSyncer$SyncSet.markSyncReady:359 android.window.SurfaceSyncer.markSyncReady:151 android.view.ViewRootImpl.performTraversals:4503 
10-04 18:14:49.796  8810  8810 I ViewRootImpl@687930[Toast]: reportDrawFinished seqId=0 mSyncId=-1 fn=1 mSurfaceChangedTransaction=0x7b342a5600
10-04 18:14:50.627  8810  8810 I ViewRootImpl@3bedb8a[MainActivity]: ViewPostIme pointer 0
10-04 18:14:50.692  8810  8810 I ViewRootImpl@3bedb8a[MainActivity]: ViewPostIme pointer 1
10-04 18:14:50.718  8810  8810 I IMM_LC  : hsifw() - flag : 0
10-04 18:14:50.718  8810  8810 I IMM_LC  : hsifw() - mService.hideSoftInput
10-04 18:14:51.698  8810  8838 D OpenGLRenderer: setSurface called with nullptr
10-04 18:14:51.698  8810  8838 D OpenGLRenderer: setSurface() destroyed EGLSurface
10-04 18:14:51.698  8810  8838 D OpenGLRenderer: destroyEglSurface
10-04 18:14:51.700  8810  8810 I ViewRootImpl@687930[Toast]: dispatchDetachedFromWindow
10-04 18:14:51.710  8810  8810 D InputTransport: Input channel destroyed: '358e5e0', fd=190
10-04 18:14:52.153  8810  8818 I st.cloudstream3: Background concurrent copying GC freed 5204KB AllocSpace bytes, 55(9520KB) LOS objects, 49% free, 22MB/44MB, paused 569us,261us total 152.566ms
10-04 18:14:52.175  8810  8838 D OpenGLRenderer: setSurface called with nullptr
10-04 18:14:52.181  8810  8820 W System  : A resource failed to call close. 
10-04 18:14:59.688  8810  8810 I ViewRootImpl@3bedb8a[MainActivity]: ViewPostIme pointer 0
10-04 18:14:59.752  8810  8810 I ViewRootImpl@3bedb8a[MainActivity]: ViewPostIme pointer 1
10-04 18:14:59.770  8810  8810 I NavComponent: Navigating to fragment: 2131362274
10-04 18:14:59.810  8810  8810 I IMM_LC  : hsifw() - flag : 0
10-04 18:14:59.810  8810  8810 I IMM_LC  : hsifw() - mService.hideSoftInput
10-04 18:14:59.972  8810  8810 D ScrollView: initGoToTop
10-04 18:15:00.301  8810  8810 I SurfaceView@6f38a48: onWindowVisibilityChanged(0) true android.view.SurfaceView{6f38a48 V.E...... ......I. 0,0-0,0} of ViewRootImpl@3bedb8a[MainActivity]
10-04 18:15:00.301  8810  8810 D SurfaceView@6f38a48: updateSurface: has no frame
10-04 18:15:00.312  8810  8810 I CS3ExoPlayer: SET STYLE = SaveCaptionStyle(foregroundColor=-1, backgroundColor=0, windowColor=0, edgeType=1, edgeColor=-16777216, typeface=null, typefaceFilePath=null, elevation=20, fixedTextSize=null, edgeSize=null, removeCaptions=false, removeBloat=true, upperCase=false, bold=false, italic=false, backgroundRadius=null)
10-04 18:15:00.332  8810  8810 D VideoClickActionHolder: allVideoClickActions: [null:com.lagradost.cloudstream3.actions.temp.PlayInBrowserAction, null:com.lagradost.cloudstream3.actions.temp.CopyClipboardAction, null:com.lagradost.cloudstream3.actions.temp.ViewM3U8Action, null:com.lagradost.cloudstream3.actions.temp.VlcPackage, null:com.lagradost.cloudstream3.actions.temp.MpvPackage, null:com.lagradost.cloudstream3.actions.temp.NextPlayerPackage, null:com.lagradost.cloudstream3.actions.temp.JustPlayerPackage, null:com.lagradost.cloudstream3.actions.temp.fcast.FcastAction, null:com.lagradost.cloudstream3.actions.temp.LibreTorrentPackage, null:com.lagradost.cloudstream3.actions.temp.BiglyBTPackage, null:com.lagradost.cloudstream3.actions.temp.VlcNightlyPackage, null:com.lagradost.cloudstream3.actions.temp.WebVideoCastPackage, null:com.lagradost.cloudstream3.actions.temp.MpvYTDLPackage, null:com.lagradost.cloudstream3.actions.temp.MpvKtPackage, null:com.lagradost.cloudstream3.actions.temp.MpvKtPreviewPackage, null:com.lagradost.cloudstream3.actions.AlwaysAskAction]
10-04 18:15:00.333  8810  8810 I IMM_LC  : hsifw() - flag : 0
10-04 18:15:00.333  8810  8810 I IMM_LC  : hsifw() - mService.hideSoftInput
10-04 18:15:00.336  8810  8874 I SYNCVM  : addFromUrl = https://wecima.now/watch/%d9%85%d8%b4%d8%a7%d9%87%d8%af%d8%a9-%d9%85%d8%b3%d9%84%d8%b3%d9%84-the-19th-medical-chart-%d9%85%d9%88%d8%b3%d9%85-1-%d8%ad%d9%84%d9%82%d8%a9-8-%d9%88%d8%a7%d9%84%d8%a3%d8%ae%d9%8a%d8%b1%d8%a9/
10-04 18:15:00.338  8810  8874 I SYNCUTIL: getIdsFromUrl https://wecima.now/watch/%d9%85%d8%b4%d8%a7%d9%87%d8%af%d8%a9-%d9%85%d8%b3%d9%84%d8%b3%d9%84-the-19th-medical-chart-%d9%85%d9%88%d8%b3%d9%85-1-%d8%ad%d9%84%d9%82%d8%a9-8-%d9%88%d8%a7%d9%84%d8%a3%d8%ae%d9%8a%d8%b1%d8%a9/
10-04 18:15:00.355  8810  8810 I SurfaceView@6f38a48: onWindowVisibilityChanged(8) false android.view.SurfaceView{6f38a48 V.E...... ......I. 0,0-0,0} of ViewRootImpl@3bedb8a[MainActivity]
10-04 18:15:00.355  8810  8810 D SurfaceView@6f38a48: updateSurface: has no frame
10-04 18:15:00.355  8810  8810 D SurfaceView@6f38a48: updateSurface: has no frame
10-04 18:15:00.355  8810  8810 I SurfaceView@6f38a48: onDetachedFromWindow: tryReleaseSurfaces()
10-04 18:15:00.355  8810  8810 I SurfaceView@6f38a48: releaseSurfaces: viewRoot = ViewRootImpl@3bedb8a[MainActivity]
10-04 18:15:00.355  8810  8810 I SurfaceView@6f38a48: applyTransactionOnVriDraw: vri = ViewRootImpl@3bedb8a[MainActivity] fRS = true t = 0x7b34222000 android.view.SurfaceView.releaseSurfaces:858 android.view.SurfaceView.onDetachedFromWindow:500 android.view.View.dispatchDetachedFromWindow:22538 
10-04 18:15:00.356  8810  8810 I SurfaceView@6f38a48: applyTransactionOnVriDraw: viewRoot.applyTransactionOnDrawFromReleaseSurfaces
10-04 18:15:00.356  8810  8810 I ViewRootImpl@3bedb8a[MainActivity]: applyTransactionOnDraw: mRemoved = false isHardwareEnabled = true t = 0x7b34222000android.view.ViewRootImpl.applyTransactionOnDrawFromReleaseSurfaces:12850 android.view.SurfaceView.applyTransactionOnVriDraw:2046 android.view.SurfaceView.releaseSurfaces:858 android.view.SurfaceView.onDetachedFromWindow:500 android.view.View.dispatchDetachedFromWindow:22538 
10-04 18:15:00.357  8810  8810 I SurfaceView@6f38a48: onWindowVisibilityChanged(0) true android.view.SurfaceView{6f38a48 V.E...... ......I. 0,0-0,0} of ViewRootImpl@3bedb8a[MainActivity]
10-04 18:15:00.358  8810  8810 D SurfaceView@6f38a48: updateSurface: has no frame
10-04 18:15:00.363  8810  8810 I DecorView: notifyKeepScreenOnChanged: keepScreenOn=false
10-04 18:15:00.387  8810  8810 I CS3ExoPlayer: reloadPlayer
10-04 18:15:00.387  8810  8810 I CS3ExoPlayer: releasePlayer
10-04 18:15:00.388  8810  8810 I CS3ExoPlayer: Handle event: PlayerAttachedEvent(player=null, source=Player)
10-04 18:15:00.391  8810  8810 I Choreographer: Skipped 33 frames!  The application may be doing too much work on its main thread.
10-04 18:15:00.403  8810  8810 I ViewRootImpl@3bedb8a[MainActivity]: performTraversals params={(0,0)(fillxfill) sim={state=always_hidden adjust=resize} ty=BASE_APPLICATION wanim=0x1030309
10-04 18:15:00.403  8810  8810 I ViewRootImpl@3bedb8a[MainActivity]:   fl=85810100
10-04 18:15:00.403  8810  8810 I ViewRootImpl@3bedb8a[MainActivity]:   pfl=12020040
10-04 18:15:00.403  8810  8810 I ViewRootImpl@3bedb8a[MainActivity]:   vsysui=500
10-04 18:15:00.403  8810  8810 I ViewRootImpl@3bedb8a[MainActivity]:   bhv=DEFAULT
10-04 18:15:00.403  8810  8810 I ViewRootImpl@3bedb8a[MainActivity]:   fitSides= naviIconColor=0}
10-04 18:15:00.403  8810  8810 I ViewRootImpl@3bedb8a[MainActivity]: performTraversals mFirst=false windowShouldResize=false viewVisibilityChanged=false mForceNextWindowRelayout=false params={(0,0)(fillxfill) sim={state=always_hidden adjust=resize} ty=BASE_APPLICATION fmt=TRANSLUCENT wanim=0x1030309
10-04 18:15:00.403  8810  8810 I ViewRootImpl@3bedb8a[MainActivity]:   fl=85810100
10-04 18:15:00.403  8810  8810 I ViewRootImpl@3bedb8a[MainActivity]:   pfl=12020040
10-04 18:15:00.403  8810  8810 I ViewRootImpl@3bedb8a[MainActivity]:   vsysui=500
10-04 18:15:00.403  8810  8810 I ViewRootImpl@3bedb8a[MainActivity]:   bhv=DEFAULT
10-04 18:15:00.403  8810  8810 I ViewRootImpl@3bedb8a[MainActivity]:   fitSides= naviIconColor=0}
10-04 18:15:00.414  8810  8810 I ViewRootImpl@3bedb8a[MainActivity]: updateBlastSurfaceIfNeeded mBlastBufferQueue=0x7b45329c00 isSameSurfaceControl=true
10-04 18:15:00.415  8810  8810 I BLASTBufferQueue: update, w= 1080 h= 2400 mName = ViewRootImpl@3bedb8a[MainActivity] mNativeObject= 0x7b45329c00 sc.mNativeObject= 0x7bdd475800 format= -3 caller= android.view.ViewRootImpl.updateBlastSurfaceIfNeeded:2898 android.view.ViewRootImpl.relayoutWindow:9847 android.view.ViewRootImpl.performTraversals:3884 android.view.ViewRootImpl.doTraversal:3116 android.view.ViewRootImpl$TraversalRunnable.run:10885 android.view.Choreographer$CallbackRecord.run:1301 
10-04 18:15:00.415  8810  8810 I ViewRootImpl@3bedb8a[MainActivity]: Relayout returned: old=(0,0,1080,2400) new=(0,0,1080,2400) req=(1080,2400)0 dur=11 res=0x0 s={true 0x7bdd466800} ch=false seqId=0
10-04 18:15:00.417  8810  8810 W View    : requestLayout() improperly called by android.widget.FrameLayout{132b1f8 I.E...... ......I. 0,0-0,0 #7f0a04e7 app:id/start_panel} during layout: running second layout pass
10-04 18:15:00.417  8810  8810 W View    : requestLayout() improperly called by android.widget.FrameLayout{29f86d1 I.E...... ......ID 1080,0-1080,2143 #7f0a0168 app:id/end_panel} during layout: running second layout pass
10-04 18:15:00.421  8810  8810 D SurfaceView@6f38a48: updateSurface: has no frame
10-04 18:15:00.429  8810  8914 I ViewRootImpl@3bedb8a[MainActivity]: mWNT: t=0x7b34222000 mBlastBufferQueue=0x7b45329c00 fn= 321 caller= android.view.ViewRootImpl.lambda$applyTransactionOnDraw$11$android-view-ViewRootImpl:12865 android.view.ViewRootImpl$$ExternalSyntheticLambda1.onFrameDraw:4 android.graphics.HardwareRenderer$FrameDrawingCallback.onFrameDraw:924 
10-04 18:15:00.433  8810  8810 D SurfaceView@6f38a48: updateSurface: has no frame
10-04 18:15:00.445  8810  8810 D SurfaceView@6f38a48: updateSurface: has no frame
10-04 18:15:00.463  8810  8810 D SurfaceView@6f38a48: updateSurface: has no frame
10-04 18:15:00.488  8810  8810 D SurfaceView@6f38a48: updateSurface: has no frame
10-04 18:15:00.502  8810  8810 D SurfaceView@6f38a48: updateSurface: has no frame
10-04 18:15:00.518  8810  8810 D SurfaceView@6f38a48: updateSurface: has no frame
10-04 18:15:00.550  8810  8810 D SurfaceView@6f38a48: updateSurface: has no frame
10-04 18:15:00.566  8810  8818 I st.cloudstream3: Background concurrent copying GC freed 8450KB AllocSpace bytes, 69(14MB) LOS objects, 49% free, 21MB/43MB, paused 242us,93us total 192.775ms
10-04 18:15:00.576  8810  8810 D SurfaceView@6f38a48: updateSurface: has no frame
10-04 18:15:00.579  8810  8810 D SurfaceView@6f38a48: updateSurface: has no frame
10-04 18:15:00.596  8810  8810 D SurfaceView@6f38a48: updateSurface: has no frame
10-04 18:15:00.612  8810  8810 D SurfaceView@6f38a48: updateSurface: has no frame
10-04 18:15:00.629  8810  8810 D SurfaceView@6f38a48: updateSurface: has no frame
10-04 18:15:00.645  8810  8810 D SurfaceView@6f38a48: updateSurface: has no frame
10-04 18:15:00.663  8810  8810 D SurfaceView@6f38a48: updateSurface: has no frame
10-04 18:15:00.679  8810  8810 D SurfaceView@6f38a48: updateSurface: has no frame
10-04 18:15:00.696  8810  8810 D SurfaceView@6f38a48: updateSurface: has no frame
10-04 18:15:00.712  8810  8810 D SurfaceView@6f38a48: updateSurface: has no frame
10-04 18:15:00.729  8810  8810 D SurfaceView@6f38a48: updateSurface: has no frame
10-04 18:15:00.746  8810  8810 D SurfaceView@6f38a48: updateSurface: has no frame
10-04 18:15:00.762  8810  8810 D SurfaceView@6f38a48: updateSurface: has no frame
10-04 18:15:00.779  8810  8810 D SurfaceView@6f38a48: updateSurface: has no frame
10-04 18:15:00.795  8810  8810 D SurfaceView@6f38a48: updateSurface: has no frame
10-04 18:15:00.813  8810  8810 D SurfaceView@6f38a48: updateSurface: has no frame
10-04 18:15:00.829  8810  8810 D SurfaceView@6f38a48: updateSurface: has no frame
10-04 18:15:00.846  8810  8810 D SurfaceView@6f38a48: updateSurface: has no frame
10-04 18:15:00.862  8810  8810 D SurfaceView@6f38a48: updateSurface: has no frame
10-04 18:15:00.878  8810  8810 D SurfaceView@6f38a48: updateSurface: has no frame
10-04 18:15:00.895  8810  8810 D SurfaceView@6f38a48: updateSurface: has no frame
10-04 18:15:00.912  8810  8810 D SurfaceView@6f38a48: updateSurface: has no frame
10-04 18:15:00.928  8810  8810 D SurfaceView@6f38a48: updateSurface: has no frame
10-04 18:15:00.945  8810  8810 D SurfaceView@6f38a48: updateSurface: has no frame
10-04 18:15:00.962  8810  8810 D SurfaceView@6f38a48: updateSurface: has no frame
10-04 18:15:00.978  8810  8810 D SurfaceView@6f38a48: updateSurface: has no frame
10-04 18:15:00.995  8810  8810 D SurfaceView@6f38a48: updateSurface: has no frame
10-04 18:15:01.012  8810  8810 D SurfaceView@6f38a48: updateSurface: has no frame
10-04 18:15:01.028  8810  8810 D SurfaceView@6f38a48: updateSurface: has no frame
10-04 18:15:01.045  8810  8810 D SurfaceView@6f38a48: updateSurface: has no frame
10-04 18:15:01.062  8810  8810 D SurfaceView@6f38a48: updateSurface: has no frame
10-04 18:15:01.078  8810  8810 D SurfaceView@6f38a48: updateSurface: has no frame
10-04 18:15:01.095  8810  8810 D SurfaceView@6f38a48: updateSurface: has no frame
10-04 18:15:01.112  8810  8810 D SurfaceView@6f38a48: updateSurface: has no frame
10-04 18:15:01.128  8810  8810 D SurfaceView@6f38a48: updateSurface: has no frame
10-04 18:15:01.145  8810  8810 D SurfaceView@6f38a48: updateSurface: has no frame
10-04 18:15:01.162  8810  8810 D SurfaceView@6f38a48: updateSurface: has no frame
10-04 18:15:01.178  8810  8810 D SurfaceView@6f38a48: updateSurface: has no frame
10-04 18:15:01.195  8810  8810 D SurfaceView@6f38a48: updateSurface: has no frame
10-04 18:15:01.212  8810  8810 D SurfaceView@6f38a48: updateSurface: has no frame
10-04 18:15:01.228  8810  8810 D SurfaceView@6f38a48: updateSurface: has no frame
10-04 18:15:01.245  8810  8810 D SurfaceView@6f38a48: updateSurface: has no frame
10-04 18:15:01.262  8810  8810 D SurfaceView@6f38a48: updateSurface: has no frame
10-04 18:15:01.278  8810  8810 D SurfaceView@6f38a48: updateSurface: has no frame
10-04 18:15:01.295  8810  8810 D SurfaceView@6f38a48: updateSurface: has no frame
10-04 18:15:01.311  8810  8810 D SurfaceView@6f38a48: updateSurface: has no frame
10-04 18:15:01.328  8810  8810 D SurfaceView@6f38a48: updateSurface: has no frame
10-04 18:15:01.345  8810  8810 D SurfaceView@6f38a48: updateSurface: has no frame
10-04 18:15:01.361  8810  8810 D SurfaceView@6f38a48: updateSurface: has no frame
10-04 18:15:01.378  8810  8810 D SurfaceView@6f38a48: updateSurface: has no frame
10-04 18:15:01.395  8810  8810 D SurfaceView@6f38a48: updateSurface: has no frame
10-04 18:15:01.411  8810  8810 D SurfaceView@6f38a48: updateSurface: has no frame
10-04 18:15:01.428  8810  8810 D SurfaceView@6f38a48: updateSurface: has no frame
10-04 18:15:01.445  8810  8810 D SurfaceView@6f38a48: updateSurface: has no frame
10-04 18:15:01.461  8810  8810 D SurfaceView@6f38a48: updateSurface: has no frame
10-04 18:15:01.478  8810  8810 D SurfaceView@6f38a48: updateSurface: has no frame
10-04 18:15:01.494  8810  8810 D SurfaceView@6f38a48: updateSurface: has no frame
10-04 18:15:01.511  8810  8810 D SurfaceView@6f38a48: updateSurface: has no frame
10-04 18:15:01.528  8810  8810 D SurfaceView@6f38a48: updateSurface: has no frame
10-04 18:15:01.544  8810  8810 D SurfaceView@6f38a48: updateSurface: has no frame
10-04 18:15:01.561  8810  8810 D SurfaceView@6f38a48: updateSurface: has no frame
10-04 18:15:01.578  8810  8810 D SurfaceView@6f38a48: updateSurface: has no frame
10-04 18:15:01.594  8810  8810 D SurfaceView@6f38a48: updateSurface: has no frame
10-04 18:15:01.611  8810  8810 D SurfaceView@6f38a48: updateSurface: has no frame
10-04 18:15:01.628  8810  8810 D SurfaceView@6f38a48: updateSurface: has no frame
10-04 18:15:01.644  8810  8810 D SurfaceView@6f38a48: updateSurface: has no frame
10-04 18:15:01.661  8810  8810 D SurfaceView@6f38a48: updateSurface: has no frame
10-04 18:15:01.678  8810  8810 D SurfaceView@6f38a48: updateSurface: has no frame
10-04 18:15:01.694  8810  8810 D SurfaceView@6f38a48: updateSurface: has no frame
10-04 18:15:01.711  8810  8810 D SurfaceView@6f38a48: updateSurface: has no frame
10-04 18:15:01.728  8810  8810 D SurfaceView@6f38a48: updateSurface: has no frame
10-04 18:15:01.744  8810  8810 D SurfaceView@6f38a48: updateSurface: has no frame
10-04 18:15:01.761  8810  8810 D SurfaceView@6f38a48: updateSurface: has no frame
10-04 18:15:01.778  8810  8810 D SurfaceView@6f38a48: updateSurface: has no frame
10-04 18:15:01.794  8810  8810 D SurfaceView@6f38a48: updateSurface: has no frame
10-04 18:15:01.811  8810  8810 D SurfaceView@6f38a48: updateSurface: has no frame
10-04 18:15:01.828  8810  8810 D SurfaceView@6f38a48: updateSurface: has no frame
10-04 18:15:01.844  8810  8810 D SurfaceView@6f38a48: updateSurface: has no frame
10-04 18:15:01.851  8810  8865 I RVM2    : applyMeta
10-04 18:15:01.861  8810  8810 D SurfaceView@6f38a48: updateSurface: has no frame
10-04 18:15:01.878  8810  8810 D SurfaceView@6f38a48: updateSurface: has no frame
10-04 18:15:01.894  8810  8810 D SurfaceView@6f38a48: updateSurface: has no frame
10-04 18:15:01.911  8810  8810 D SurfaceView@6f38a48: updateSurface: has no frame
10-04 18:15:01.928  8810  8810 D SurfaceView@6f38a48: updateSurface: has no frame
10-04 18:15:01.945  8810  8810 D SurfaceView@6f38a48: updateSurface: has no frame
10-04 18:15:01.961  8810  8810 D SurfaceView@6f38a48: updateSurface: has no frame
10-04 18:15:01.977  8810  8810 D SurfaceView@6f38a48: updateSurface: has no frame
10-04 18:15:01.994  8810  8810 D SurfaceView@6f38a48: updateSurface: has no frame
10-04 18:15:02.011  8810  8810 D SurfaceView@6f38a48: updateSurface: has no frame
10-04 18:15:02.027  8810  8810 D SurfaceView@6f38a48: updateSurface: has no frame
10-04 18:15:02.044  8810  8810 D SurfaceView@6f38a48: updateSurface: has no frame
10-04 18:15:02.061  8810  8810 D SurfaceView@6f38a48: updateSurface: has no frame
10-04 18:15:02.077  8810  8810 D SurfaceView@6f38a48: updateSurface: has no frame
10-04 18:15:02.094  8810  8810 D SurfaceView@6f38a48: updateSurface: has no frame
10-04 18:15:02.111  8810  8810 D SurfaceView@6f38a48: updateSurface: has no frame
10-04 18:15:02.127  8810  8810 D SurfaceView@6f38a48: updateSurface: has no frame
10-04 18:15:02.144  8810  8810 D SurfaceView@6f38a48: updateSurface: has no frame
10-04 18:15:02.161  8810  8810 D SurfaceView@6f38a48: updateSurface: has no frame
10-04 18:15:02.175  8810  8810 W PanelsChildGestureRegionObserver: failed to register view with ID 2131362800. already registered
10-04 18:15:02.179  8810  8810 E CoilImgLoader: Error loading image: coil3.request.NullRequestDataException: The request's data is null.
10-04 18:15:02.185  8810  8810 E CoilImgLoader: Error loading image: coil3.request.NullRequestDataException: The request's data is null.
10-04 18:15:02.228  8810  8865 I SYNCVM  : addFromUrl = https://wecima.now/watch/%d9%85%d8%b4%d8%a7%d9%87%d8%af%d8%a9-%d9%85%d8%b3%d9%84%d8%b3%d9%84-the-19th-medical-chart-%d9%85%d9%88%d8%b3%d9%85-1-%d8%ad%d9%84%d9%82%d8%a9-8-%d9%88%d8%a7%d9%84%d8%a3%d8%ae%d9%8a%d8%b1%d8%a9/
10-04 18:15:02.229  8810  8865 I SYNCUTIL: getIdsFromUrl https://wecima.now/watch/%d9%85%d8%b4%d8%a7%d9%87%d8%af%d8%a9-%d9%85%d8%b3%d9%84%d8%b3%d9%84-the-19th-medical-chart-%d9%85%d9%88%d8%b3%d9%85-1-%d8%ad%d9%84%d9%82%d8%a9-8-%d9%88%d8%a7%d9%84%d8%a3%d8%ae%d9%8a%d8%b1%d8%a9/
10-04 18:15:02.357  8810  8810 D SurfaceView@6f38a48: updateSurface: has no frame
10-04 18:15:02.360  8810  8810 I SurfaceView@6f38a48: Changes: creating=true format=true size=true visible=true alpha=false hint=false mUseAlpha=false visible=true left=true top=true
10-04 18:15:02.363  8810  8810 I BLASTBufferQueue: update, w= 1080 h= 525 mName = null mNativeObject= 0x7bed89e700 sc.mNativeObject= 0x7b1ac22640 format= 4 caller= android.view.SurfaceView.createBlastSurfaceControls:1383 android.view.SurfaceView.updateSurface:1079 android.view.SurfaceView.lambda$new$0$android-view-SurfaceView:200 android.view.SurfaceView$$ExternalSyntheticLambda5.onPreDraw:2 android.view.ViewTreeObserver.dispatchOnPreDraw:1121 android.view.ViewRootImpl.performTraversals:4442 
10-04 18:15:02.364  8810  8810 I SurfaceView@6f38a48: 116623944 Cur surface: Surface(name=null)/@0x715f4ea
10-04 18:15:02.364  8810  8810 I SurfaceView@6f38a48: pST: sr = Rect(0, 218 - 1080, 743) sw = 1080 sh = 525
10-04 18:15:02.364  8810  8810 D SurfaceView@6f38a48: performSurfaceTransaction RenderWorker position = [0, 218, 1080, 743] surfaceSize = 1080x525
10-04 18:15:02.364  8810  8810 I SurfaceView@6f38a48: applyTransactionOnVriDraw: vri = ViewRootImpl@3bedb8a[MainActivity] fRS = false t = 0x7b1ab43300 android.view.SurfaceView.performSurfaceTransaction:959 android.view.SurfaceView.updateSurface:1105 android.view.SurfaceView.lambda$new$0$android-view-SurfaceView:200 
10-04 18:15:02.364  8810  8810 I ViewRootImpl@3bedb8a[MainActivity]: applyTransactionOnDraw: mRemoved = false isHardwareEnabled = true t = 0x7b1ab43300android.view.SurfaceView.applyTransactionOnVriDraw:2048 android.view.SurfaceView.performSurfaceTransaction:959 android.view.SurfaceView.updateSurface:1105 android.view.SurfaceView.lambda$new$0$android-view-SurfaceView:200 android.view.SurfaceView$$ExternalSyntheticLambda5.onPreDraw:2 
10-04 18:15:02.364  8810  8810 I SurfaceView@6f38a48: updateSurface: mVisible = true mSurface.isValid() = true
10-04 18:15:02.364  8810  8810 I SurfaceView@6f38a48: updateSurface: mSurfaceCreated = false surfaceChanged = true visibleChanged = true
10-04 18:15:02.364  8810  8810 I SurfaceView@6f38a48: visibleChanged -- surfaceCreated
10-04 18:15:02.364  8810  8810 I SurfaceView@6f38a48: surfaceCreated 0 #8 android.view.SurfaceView{6f38a48 V.E...... ......ID 0,0-1080,525}
10-04 18:15:02.364  8810  8810 I SurfaceView@6f38a48: surfaceChanged -- format=4 w=1080 h=525
10-04 18:15:02.364  8810  8810 I SurfaceView@6f38a48: surfaceChanged (1080,525) 0 #8 android.view.SurfaceView{6f38a48 V.E...... ......ID 0,0-1080,525}
10-04 18:15:02.364  8810  8810 I SurfaceView@6f38a48: surfaceRedrawNeeded
10-04 18:15:02.365  8810  8810 V SurfaceView@6f38a48: Layout: x=0 y=218 w=1080 h=525, frame=Rect(0, 0 - 1080, 525)
10-04 18:15:02.381  8810  8915 D SurfaceView@6f38a48: updateSurfacePosition RenderWorker, frameNr = 426, position = [0, 218, 1080, 743] surfaceSize = 1080x525
10-04 18:15:02.381  8810  8915 I SurfaceView@6f38a48: uSP: rtp = Rect(0, 218 - 1080, 743) rtsw = 1080 rtsh = 525
10-04 18:15:02.381  8810  8915 I SurfaceView@6f38a48: onSSPAndSRT: pl = 0 pt = 218 sx = 1.0 sy = 1.0
10-04 18:15:02.382  8810  8915 I SurfaceView@6f38a48: aOrMT: ViewRootImpl@3bedb8a[MainActivity] t = android.view.SurfaceControl$Transaction@fa82951 fN = 426 android.view.SurfaceView.-$$Nest$mapplyOrMergeTransaction:0 android.view.SurfaceView$SurfaceViewPositionUpdateListener.positionChanged:1537 android.graphics.RenderNode$CompositePositionUpdateListener.positionChanged:373 
10-04 18:15:02.382  8810  8915 I ViewRootImpl@3bedb8a[MainActivity]: mWNT: t=0x7b1ab43400 mBlastBufferQueue=0x7b45329c00 fn= 426 caller= android.view.SurfaceView.applyOrMergeTransaction:1455 android.view.SurfaceView.-$$Nest$mapplyOrMergeTransaction:0 android.view.SurfaceView$SurfaceViewPositionUpdateListener.positionChanged:1537 
10-04 18:15:02.383  8810  8915 I ViewRootImpl@3bedb8a[MainActivity]: mWNT: t=0x7b1ab43300 mBlastBufferQueue=0x7b45329c00 fn= 426 caller= android.view.ViewRootImpl.lambda$applyTransactionOnDraw$11$android-view-ViewRootImpl:12865 android.view.ViewRootImpl$$ExternalSyntheticLambda1.onFrameDraw:4 android.graphics.HardwareRenderer$FrameDrawingCallback.onFrameDraw:924 
10-04 18:15:02.433  8810  8810 I SurfaceView@6f38a48: finishedDrawing
10-04 18:15:03.665  8810  8810 I ViewRootImpl@3bedb8a[MainActivity]: ViewPostIme pointer 0
10-04 18:15:03.721  8810  8810 I SurfaceView@6f38a48: Changes: creating=false format=false size=false visible=false alpha=false hint=false mUseAlpha=false visible=false left=false top=true
10-04 18:15:03.721  8810  8810 I SurfaceView@6f38a48: 116623944 Cur surface: Surface(name=null)/@0x715f4ea
10-04 18:15:03.722  8810  8810 I SurfaceView@6f38a48: applyTransactionOnVriDraw: vri = ViewRootImpl@3bedb8a[MainActivity] fRS = false t = 0x7b4532cf00 android.view.SurfaceView.performSurfaceTransaction:959 android.view.SurfaceView.updateSurface:1105 android.view.SurfaceView.lambda$new$0$android-view-SurfaceView:200 
10-04 18:15:03.723  8810  8810 I ViewRootImpl@3bedb8a[MainActivity]: applyTransactionOnDraw: mRemoved = false isHardwareEnabled = true t = 0x7b4532cf00android.view.SurfaceView.applyTransactionOnVriDraw:2048 android.view.SurfaceView.performSurfaceTransaction:959 android.view.SurfaceView.updateSurface:1105 android.view.SurfaceView.lambda$new$0$android-view-SurfaceView:200 android.view.SurfaceView$$ExternalSyntheticLambda5.onPreDraw:2 
10-04 18:15:03.723  8810  8810 I SurfaceView@6f38a48: updateSurface: mVisible = true mSurface.isValid() = true
10-04 18:15:03.723  8810  8810 I SurfaceView@6f38a48: updateSurface: mSurfaceCreated = true surfaceChanged = false visibleChanged = false
10-04 18:15:03.724  8810  8810 V SurfaceView@6f38a48: Layout: x=0 y=76 w=1080 h=525, frame=Rect(0, 0 - 1080, 525)
10-04 18:15:03.728  8810  8914 D SurfaceView@6f38a48: updateSurfacePosition RenderWorker, frameNr = 435, position = [0, 76, 1080, 601] surfaceSize = 1080x525
10-04 18:15:03.728  8810  8914 I SurfaceView@6f38a48: uSP: rtp = Rect(0, 76 - 1080, 601) rtsw = 1080 rtsh = 525
10-04 18:15:03.728  8810  8914 I SurfaceView@6f38a48: onSSPAndSRT: pl = 0 pt = 76 sx = 1.0 sy = 1.0
10-04 18:15:03.729  8810  8914 I SurfaceView@6f38a48: aOrMT: ViewRootImpl@3bedb8a[MainActivity] t = android.view.SurfaceControl$Transaction@fa82951 fN = 435 android.view.SurfaceView.-$$Nest$mapplyOrMergeTransaction:0 android.view.SurfaceView$SurfaceViewPositionUpdateListener.positionChanged:1537 android.graphics.RenderNode$CompositePositionUpdateListener.positionChanged:373 
10-04 18:15:03.729  8810  8914 I ViewRootImpl@3bedb8a[MainActivity]: mWNT: t=0x7b1ab43400 mBlastBufferQueue=0x7b45329c00 fn= 435 caller= android.view.SurfaceView.applyOrMergeTransaction:1455 android.view.SurfaceView.-$$Nest$mapplyOrMergeTransaction:0 android.view.SurfaceView$SurfaceViewPositionUpdateListener.positionChanged:1537 
10-04 18:15:03.730  8810  8914 I ViewRootImpl@3bedb8a[MainActivity]: mWNT: t=0x7b4532cf00 mBlastBufferQueue=0x7b45329c00 fn= 435 caller= android.view.ViewRootImpl.lambda$applyTransactionOnDraw$11$android-view-ViewRootImpl:12865 android.view.ViewRootImpl$$ExternalSyntheticLambda1.onFrameDraw:4 android.graphics.HardwareRenderer$FrameDrawingCallback.onFrameDraw:924 
10-04 18:15:03.739  8810  8810 I SurfaceView@6f38a48: Changes: creating=false format=false size=false visible=false alpha=false hint=false mUseAlpha=false visible=false left=false top=true
10-04 18:15:03.739  8810  8810 I SurfaceView@6f38a48: 116623944 Cur surface: Surface(name=null)/@0x715f4ea
10-04 18:15:03.740  8810  8810 I SurfaceView@6f38a48: applyTransactionOnVriDraw: vri = ViewRootImpl@3bedb8a[MainActivity] fRS = false t = 0x7b343b7800 android.view.SurfaceView.performSurfaceTransaction:959 android.view.SurfaceView.updateSurface:1105 android.view.SurfaceView.lambda$new$0$android-view-SurfaceView:200 
10-04 18:15:03.741  8810  8810 I ViewRootImpl@3bedb8a[MainActivity]: applyTransactionOnDraw: mRemoved = false isHardwareEnabled = true t = 0x7b343b7800android.view.SurfaceView.applyTransactionOnVriDraw:2048 android.view.SurfaceView.performSurfaceTransaction:959 android.view.SurfaceView.updateSurface:1105 android.view.SurfaceView.lambda$new$0$android-view-SurfaceView:200 android.view.SurfaceView$$ExternalSyntheticLambda5.onPreDraw:2 
10-04 18:15:03.741  8810  8810 I SurfaceView@6f38a48: updateSurface: mVisible = true mSurface.isValid() = true
10-04 18:15:03.742  8810  8810 I SurfaceView@6f38a48: updateSurface: mSurfaceCreated = true surfaceChanged = false visibleChanged = false
10-04 18:15:03.742  8810  8810 V SurfaceView@6f38a48: Layout: x=0 y=-99 w=1080 h=525, frame=Rect(0, 0 - 1080, 525)
10-04 18:15:03.754  8810  8915 D SurfaceView@6f38a48: updateSurfacePosition RenderWorker, frameNr = 436, position = [0, -99, 1080, 426] surfaceSize = 1080x525
10-04 18:15:03.754  8810  8915 I SurfaceView@6f38a48: uSP: rtp = Rect(0, -99 - 1080, 426) rtsw = 1080 rtsh = 525
10-04 18:15:03.754  8810  8915 I SurfaceView@6f38a48: onSSPAndSRT: pl = 0 pt = -99 sx = 1.0 sy = 1.0
10-04 18:15:03.754  8810  8915 I SurfaceView@6f38a48: aOrMT: ViewRootImpl@3bedb8a[MainActivity] t = android.view.SurfaceControl$Transaction@fa82951 fN = 436 android.view.SurfaceView.-$$Nest$mapplyOrMergeTransaction:0 android.view.SurfaceView$SurfaceViewPositionUpdateListener.positionChanged:1537 android.graphics.RenderNode$CompositePositionUpdateListener.positionChanged:373 
10-04 18:15:03.754  8810  8915 I ViewRootImpl@3bedb8a[MainActivity]: mWNT: t=0x7b1ab43400 mBlastBufferQueue=0x7b45329c00 fn= 436 caller= android.view.SurfaceView.applyOrMergeTransaction:1455 android.view.SurfaceView.-$$Nest$mapplyOrMergeTransaction:0 android.view.SurfaceView$SurfaceViewPositionUpdateListener.positionChanged:1537 
10-04 18:15:03.754  8810  8915 I ViewRootImpl@3bedb8a[MainActivity]: mWNT: t=0x7b343b7800 mBlastBufferQueue=0x7b45329c00 fn= 436 caller= android.view.ViewRootImpl.lambda$applyTransactionOnDraw$11$android-view-ViewRootImpl:12865 android.view.ViewRootImpl$$ExternalSyntheticLambda1.onFrameDraw:4 android.graphics.HardwareRenderer$FrameDrawingCallback.onFrameDraw:924 
10-04 18:15:03.755  8810  8810 I ViewRootImpl@3bedb8a[MainActivity]: ViewPostIme pointer 1
10-04 18:15:03.762  8810  8810 I SurfaceView@6f38a48: Changes: creating=false format=false size=false visible=false alpha=false hint=false mUseAlpha=false visible=false left=false top=true
10-04 18:15:03.762  8810  8810 I SurfaceView@6f38a48: 116623944 Cur surface: Surface(name=null)/@0x715f4ea
10-04 18:15:03.762  8810  8810 I SurfaceView@6f38a48: applyTransactionOnVriDraw: vri = ViewRootImpl@3bedb8a[MainActivity] fRS = false t = 0x7b1ab43700 android.view.SurfaceView.performSurfaceTransaction:959 android.view.SurfaceView.updateSurface:1105 android.view.SurfaceView.lambda$new$0$android-view-SurfaceView:200 
10-04 18:15:03.763  8810  8810 I ViewRootImpl@3bedb8a[MainActivity]: applyTransactionOnDraw: mRemoved = false isHardwareEnabled = true t = 0x7b1ab43700android.view.SurfaceView.applyTransactionOnVriDraw:2048 android.view.SurfaceView.performSurfaceTransaction:959 android.view.SurfaceView.updateSurface:1105 android.view.SurfaceView.lambda$new$0$android-view-SurfaceView:200 android.view.SurfaceView$$ExternalSyntheticLambda5.onPreDraw:2 
10-04 18:15:03.763  8810  8810 I SurfaceView@6f38a48: updateSurface: mVisible = true mSurface.isValid() = true
10-04 18:15:03.763  8810  8810 I SurfaceView@6f38a48: updateSurface: mSurfaceCreated = true surfaceChanged = false visibleChanged = false
10-04 18:15:03.763  8810  8810 V SurfaceView@6f38a48: Layout: x=0 y=-106 w=1080 h=525, frame=Rect(0, 0 - 1080, 525)
10-04 18:15:03.768  8810  8914 D SurfaceView@6f38a48: updateSurfacePosition RenderWorker, frameNr = 437, position = [0, -106, 1080, 419] surfaceSize = 1080x525
10-04 18:15:03.768  8810  8914 I SurfaceView@6f38a48: uSP: rtp = Rect(0, -106 - 1080, 419) rtsw = 1080 rtsh = 525
10-04 18:15:03.768  8810  8914 I SurfaceView@6f38a48: onSSPAndSRT: pl = 0 pt = -106 sx = 1.0 sy = 1.0
10-04 18:15:03.769  8810  8914 I SurfaceView@6f38a48: aOrMT: ViewRootImpl@3bedb8a[MainActivity] t = android.view.SurfaceControl$Transaction@fa82951 fN = 437 android.view.SurfaceView.-$$Nest$mapplyOrMergeTransaction:0 android.view.SurfaceView$SurfaceViewPositionUpdateListener.positionChanged:1537 android.graphics.RenderNode$CompositePositionUpdateListener.positionChanged:373 
10-04 18:15:03.769  8810  8914 I ViewRootImpl@3bedb8a[MainActivity]: mWNT: t=0x7b1ab43400 mBlastBufferQueue=0x7b45329c00 fn= 437 caller= android.view.SurfaceView.applyOrMergeTransaction:1455 android.view.SurfaceView.-$$Nest$mapplyOrMergeTransaction:0 android.view.SurfaceView$SurfaceViewPositionUpdateListener.positionChanged:1537 
10-04 18:15:03.769  8810  8914 I ViewRootImpl@3bedb8a[MainActivity]: mWNT: t=0x7b1ab43700 mBlastBufferQueue=0x7b45329c00 fn= 437 caller= android.view.ViewRootImpl.lambda$applyTransactionOnDraw$11$android-view-ViewRootImpl:12865 android.view.ViewRootImpl$$ExternalSyntheticLambda1.onFrameDraw:4 android.graphics.HardwareRenderer$FrameDrawingCallback.onFrameDraw:924 
10-04 18:15:03.779  8810  8810 I SurfaceView@6f38a48: Changes: creating=false format=false size=false visible=false alpha=false hint=false mUseAlpha=false visible=false left=false top=true
10-04 18:15:03.780  8810  8810 I SurfaceView@6f38a48: 116623944 Cur surface: Surface(name=null)/@0x715f4ea
10-04 18:15:03.780  8810  8810 I SurfaceView@6f38a48: applyTransactionOnVriDraw: vri = ViewRootImpl@3bedb8a[MainActivity] fRS = false t = 0x7b5d21c100 android.view.SurfaceView.performSurfaceTransaction:959 android.view.SurfaceView.updateSurface:1105 android.view.SurfaceView.lambda$new$0$android-view-SurfaceView:200 
10-04 18:15:03.780  8810  8810 I ViewRootImpl@3bedb8a[MainActivity]: applyTransactionOnDraw: mRemoved = false isHardwareEnabled = true t = 0x7b5d21c100android.view.SurfaceView.applyTransactionOnVriDraw:2048 android.view.SurfaceView.performSurfaceTransaction:959 android.view.SurfaceView.updateSurface:1105 android.view.SurfaceView.lambda$new$0$android-view-SurfaceView:200 android.view.SurfaceView$$ExternalSyntheticLambda5.onPreDraw:2 
10-04 18:15:03.780  8810  8810 I SurfaceView@6f38a48: updateSurface: mVisible = true mSurface.isValid() = true
10-04 18:15:03.780  8810  8810 I SurfaceView@6f38a48: updateSurface: mSurfaceCreated = true surfaceChanged = false visibleChanged = false
10-04 18:15:03.780  8810  8810 V SurfaceView@6f38a48: Layout: x=0 y=-211 w=1080 h=525, frame=Rect(0, 0 - 1080, 525)
10-04 18:15:03.784  8810  8915 D SurfaceView@6f38a48: updateSurfacePosition RenderWorker, frameNr = 438, position = [0, -211, 1080, 314] surfaceSize = 1080x525
10-04 18:15:03.784  8810  8915 I SurfaceView@6f38a48: uSP: rtp = Rect(0, -211 - 1080, 314) rtsw = 1080 rtsh = 525
10-04 18:15:03.784  8810  8915 I SurfaceView@6f38a48: onSSPAndSRT: pl = 0 pt = -211 sx = 1.0 sy = 1.0
10-04 18:15:03.785  8810  8915 I SurfaceView@6f38a48: aOrMT: ViewRootImpl@3bedb8a[MainActivity] t = android.view.SurfaceControl$Transaction@fa82951 fN = 438 android.view.SurfaceView.-$$Nest$mapplyOrMergeTransaction:0 android.view.SurfaceView$SurfaceViewPositionUpdateListener.positionChanged:1537 android.graphics.RenderNode$CompositePositionUpdateListener.positionChanged:373 
10-04 18:15:03.785  8810  8915 I ViewRootImpl@3bedb8a[MainActivity]: mWNT: t=0x7b1ab43400 mBlastBufferQueue=0x7b45329c00 fn= 438 caller= android.view.SurfaceView.applyOrMergeTransaction:1455 android.view.SurfaceView.-$$Nest$mapplyOrMergeTransaction:0 android.view.SurfaceView$SurfaceViewPositionUpdateListener.positionChanged:1537 
10-04 18:15:03.785  8810  8915 I ViewRootImpl@3bedb8a[MainActivity]: mWNT: t=0x7b5d21c100 mBlastBufferQueue=0x7b45329c00 fn= 438 caller= android.view.ViewRootImpl.lambda$applyTransactionOnDraw$11$android-view-ViewRootImpl:12865 android.view.ViewRootImpl$$ExternalSyntheticLambda1.onFrameDraw:4 android.graphics.HardwareRenderer$FrameDrawingCallback.onFrameDraw:924 
10-04 18:15:03.795  8810  8810 I SurfaceView@6f38a48: Changes: creating=false format=false size=false visible=false alpha=false hint=false mUseAlpha=false visible=false left=false top=true
10-04 18:15:03.795  8810  8810 I SurfaceView@6f38a48: 116623944 Cur surface: Surface(name=null)/@0x715f4ea
