10-04 19:05:36.427 20284 20301 D OpenGLRenderer: CFMS:: SetUp Pid : 20284    Tid : 20301
10-04 19:05:36.431 20284 20284 I ViewRootImpl@92e8a3f[Toast]: onSyncComplete
10-04 19:05:36.431 20284 20284 I ViewRootImpl@92e8a3f[Toast]: setupSync seqId=0 mSyncId=0 fn=1 caller=android.view.ViewRootImpl$$ExternalSyntheticLambda11.accept:6 android.window.SurfaceSyncer.lambda$setupSync$1$android-window-SurfaceSyncer:128 android.window.SurfaceSyncer$$ExternalSyntheticLambda1.accept:8 android.window.SurfaceSyncer$SyncSet.checkIfSyncIsComplete:382 android.window.SurfaceSyncer$SyncSet.markSyncReady:359 android.window.SurfaceSyncer.markSyncReady:151 android.view.ViewRootImpl.performTraversals:4503 
10-04 19:05:36.432 20284 20284 I ViewRootImpl@92e8a3f[Toast]: reportDrawFinished seqId=0 mSyncId=-1 fn=1 mSurfaceChangedTransaction=0x7b1e31d600
10-04 19:05:37.620 20284 20284 I ViewRootImpl@4f9032c[MainActivity]: ViewPostIme pointer 0
10-04 19:05:37.661 20284 20284 I ViewRootImpl@4f9032c[MainActivity]: ViewPostIme pointer 1
10-04 19:05:37.689 20284 20284 I IMM_LC  : hsifw() - flag : 0
10-04 19:05:37.690 20284 20284 I IMM_LC  : hsifw() - mService.hideSoftInput
10-04 19:05:38.340 20284 20301 D OpenGLRenderer: setSurface called with nullptr
10-04 19:05:38.341 20284 20301 D OpenGLRenderer: setSurface() destroyed EGLSurface
10-04 19:05:38.341 20284 20301 D OpenGLRenderer: destroyEglSurface
10-04 19:05:38.343 20284 20284 I ViewRootImpl@92e8a3f[Toast]: dispatchDetachedFromWindow
10-04 19:05:38.355 20284 20284 D InputTransport: Input channel destroyed: '1491cf1', fd=182
10-04 19:05:38.637 20284 20284 I ViewRootImpl@4f9032c[MainActivity]: ViewPostIme pointer 0
10-04 19:05:38.660 20284 20284 I ViewRootImpl@4f9032c[MainActivity]: ViewPostIme pointer 1
10-04 19:05:38.664 20284 20284 I Dialog  : mIsDeviceDefault = false, mIsSamsungBasicInteraction = false, isMetaDataInActivity = false
10-04 19:05:38.762 20284 20284 I DecorView: [INFO] isPopOver=false config=false
10-04 19:05:38.762 20284 20284 I DecorView: updateCaptionType: isFloating=false isApplication=true hasWindowDecorCaption=false this=DecorView@e2a9627[]
10-04 19:05:38.762 20284 20284 D DecorView: setCaptionType = 0, this = DecorView@e2a9627[]
10-04 19:05:38.763 20284 20284 I DecorView: getCurrentDensityDpi: from app context. densityDpi=420 msg=resources_loaded
10-04 19:05:38.763 20284 20284 I DecorView: setWindowBackground: isPopOver=false color=0 d=android.graphics.drawable.ColorDrawable@455227d
10-04 19:05:38.769 20284 20301 D NativeCustomFrequencyManager: [NativeCFMS] BpCustomFrequencyManager::BpCustomFrequencyManager()
10-04 19:05:38.769 20284 20284 I DecorView: notifyKeepScreenOnChanged: keepScreenOn=false
10-04 19:05:38.779 20284 20284 D InsetsController: onStateChanged: InsetsState: {mDisplayFrame=Rect(0, 0 - 1080, 2400), mDisplayCutout=DisplayCutout{insets=Rect(0, 88 - 0, 0) waterfall=Insets{left=0, top=0, right=0, bottom=0} boundingRect={Bounds=[Rect(0, 0 - 0, 0), Rect(512, 0 - 568, 88), Rect(0, 0 - 0, 0), Rect(0, 0 - 0, 0)]} cutoutPathParserInfo={CutoutPathParserInfo{displayWidth=1080 displayHeight=2400 physicalDisplayWidth=1080 physicalDisplayHeight=2400 density={2.625} cutoutSpec={M 0,0 M 0,12.25101276465640 a 10.60613009248640,10.60613009248640 0 1,0 0,21.21226018497290 a 10.60613009248640,10.60613009248640 0 1,0 0,-21.21226018497290 Z @dp} rotation={0} scale={1.0} physicalPixelDisplaySizeRatio={1.0}}}}, mRoundedCorners=RoundedCorners{[RoundedCorner{position=TopLeft, radius=84, center=Point(84, 84)}, RoundedCorner{position=TopRight, radius=84, center=Point(996, 84)}, RoundedCorner{position=BottomRight, radius=84, center=Point(996, 2316)}, RoundedCorner{position=BottomLeft, radius=84, center=Point(84, 2316)}]}  mRoundedCornerFrame=Rect(0, 0 - 1080, 2400), mPrivacyIndicatorBounds=PrivacyIndicatorBounds {static bounds=Rect(964, 0 - 1080, 87) rotation=0}, mSources= { InsetsSource: {mType=ITYPE_STATUS_BAR, mFrame=[0,0][1080,88], mVisible=true, mInsetsRoundedCornerFrame=false}, InsetsSource: {mType=ITYPE_NAVIGATION_BAR, mFrame=[0,2361][1080,2400], mVisible=true, mInsetsRoundedCornerFrame=false}, InsetsSource: {mType=ITYPE_LEFT_GESTURES, mFrame=[0,0][130,2400], mVisible=true, mInsetsRoundedCornerFrame=false}, InsetsSource: {mType=ITYPE_RIGHT_GESTURES, mFrame=[950,0][1080,2400], mVisible=true, mInsetsRoundedCornerFrame=false}, InsetsSource: {mType=ITYPE_TOP_MANDATORY_GESTURES, mFrame=[0,0][1080,120], mVisible=true, mInsetsRoundedCornerFrame=false}, InsetsSource: {mType=ITYPE_BOTTOM_MANDATORY_GESTURES, mFrame=[0,2316][1080,2400], mVisible=true, mInsetsRoundedCornerFrame=false}, InsetsSource: {mType=ITYPE_LEFT_DISPLAY_CUTOUT, mFrame=[0,0][-100000,2400], mVisible=true, mInsetsRoundedCornerFrame=false}, InsetsSource: {mType=ITYPE_TOP_DISPLAY_CUTOUT, mFrame=[0,0][1080,88], mVisible=true, mInsetsRoundedCornerFrame=false}, InsetsSource: {mType=ITYPE_RIGHT_DISPLAY_CUTOUT, mFrame=[100000,0][1080,2400], mVisible=true, mInsetsRoundedCornerFrame=false}, InsetsSource: {mType=ITYPE_BOTTOM_DISPLAY_CUTOUT, mFrame=[0,100000][1080,2400], mVisible=true, mInsetsRoundedCornerFrame=false}, InsetsSource: {mType=ITYPE_TOP_TAPPABLE_ELEMENT, mFrame=[0,0][1080,88], mVisible=true, mInsetsRoundedCornerFrame=false}, InsetsSource: {mType=ITYPE_BOTTOM_TAPPABLE_ELEMENT, mFrame=[0,0][0,0], mVisible=true, mInsetsRoundedCornerFrame=false}, InsetsSource: {mType=ITYPE_IME, mFrame=[0,0][0,0], mVisibleFrame=[0,1409][1080,2400], mVisible=false, mInsetsRoundedCornerFrame=false} } host=com.lagradost.cloudstream3/com.lagradost.cloudstream3.MainActivity from=android.view.ViewRootImpl.setView:1732
10-04 19:05:38.780 20284 20284 I ViewRootImpl@5c4c0ca[MainActivity]: setView = com.android.internal.policy.DecorView@e2a9627 TM=true
10-04 19:05:38.799 20284 20284 I ViewRootImpl@5c4c0ca[MainActivity]: performTraversals params={(0,0)(fillxfill) gr=CENTER sim={adjust=resize forwardNavigation} ty=APPLICATION fmt=TRANSPARENT wanim=0x7f14000b
10-04 19:05:38.799 20284 20284 I ViewRootImpl@5c4c0ca[MainActivity]:   fl=85810100
10-04 19:05:38.799 20284 20284 I ViewRootImpl@5c4c0ca[MainActivity]:   pfl=12020040
10-04 19:05:38.799 20284 20284 I ViewRootImpl@5c4c0ca[MainActivity]:   vsysui=500
10-04 19:05:38.799 20284 20284 I ViewRootImpl@5c4c0ca[MainActivity]:   bhv=DEFAULT
10-04 19:05:38.799 20284 20284 I ViewRootImpl@5c4c0ca[MainActivity]:   fitSides= naviIconColor=0}
10-04 19:05:38.800 20284 20284 I ViewRootImpl@5c4c0ca[MainActivity]: performTraversals mFirst=true windowShouldResize=true viewVisibilityChanged=false mForceNextWindowRelayout=false params={(0,0)(fillxfill) gr=CENTER sim={adjust=resize forwardNavigation} ty=APPLICATION fmt=TRANSPARENT wanim=0x7f14000b
10-04 19:05:38.800 20284 20284 I ViewRootImpl@5c4c0ca[MainActivity]:   fl=85810100
10-04 19:05:38.800 20284 20284 I ViewRootImpl@5c4c0ca[MainActivity]:   pfl=12020040
10-04 19:05:38.800 20284 20284 I ViewRootImpl@5c4c0ca[MainActivity]:   vsysui=500
10-04 19:05:38.800 20284 20284 I ViewRootImpl@5c4c0ca[MainActivity]:   bhv=DEFAULT
10-04 19:05:38.800 20284 20284 I ViewRootImpl@5c4c0ca[MainActivity]:   fitSides= naviIconColor=0}
10-04 19:05:38.815 20284 20284 I ViewRootImpl@5c4c0ca[MainActivity]: updateBlastSurfaceIfNeeded mBlastBufferQueue=null isSameSurfaceControl=false
10-04 19:05:38.816 20284 20284 I BLASTBufferQueue: new BLASTBufferQueue, mName= ViewRootImpl@5c4c0ca[MainActivity] mNativeObject= 0x7b1e471400 sc.mNativeObject= 0x7b1e256a60 caller= android.view.ViewRootImpl.updateBlastSurfaceIfNeeded:2909 android.view.ViewRootImpl.relayoutWindow:9847 android.view.ViewRootImpl.performTraversals:3884 android.view.ViewRootImpl.doTraversal:3116 android.view.ViewRootImpl$TraversalRunnable.run:10885 android.view.Choreographer$CallbackRecord.run:1301 android.view.Choreographer$CallbackRecord.run:1309 android.view.Choreographer.doCallbacks:923 android.view.Choreographer.doFrame:852 android.view.Choreographer$FrameDisplayEventReceiver.run:1283 
10-04 19:05:38.816 20284 20284 I BLASTBufferQueue: update, w= 1080 h= 2400 mName = ViewRootImpl@5c4c0ca[MainActivity] mNativeObject= 0x7b1e471400 sc.mNativeObject= 0x7b1e256a60 format= -2 caller= android.graphics.BLASTBufferQueue.<init>:84 android.view.ViewRootImpl.updateBlastSurfaceIfNeeded:2909 android.view.ViewRootImpl.relayoutWindow:9847 android.view.ViewRootImpl.performTraversals:3884 android.view.ViewRootImpl.doTraversal:3116 android.view.ViewRootImpl$TraversalRunnable.run:10885 
10-04 19:05:38.817 20284 20284 I ViewRootImpl@5c4c0ca[MainActivity]: Relayout returned: old=(0,0,1080,2400) new=(0,0,1080,2400) req=(1080,2400)0 dur=15 res=0x3 s={true 0x7b0a1cc000} ch=true seqId=0
10-04 19:05:38.817 20284 20284 I ViewRootImpl@5c4c0ca[MainActivity]: mThreadedRenderer.initialize() mSurface={isValid=true 0x7b0a1cc000} hwInitialized=true
10-04 19:05:38.818 20284 20301 D OpenGLRenderer: eglCreateWindowSurface
10-04 19:05:38.834 20284 20284 D AbsListView:  in onLayout changed 
10-04 19:05:38.836 20284 20284 I ViewRootImpl@5c4c0ca[MainActivity]: reportNextDraw android.view.ViewRootImpl.performTraversals:4438 android.view.ViewRootImpl.doTraversal:3116 android.view.ViewRootImpl$TraversalRunnable.run:10885 android.view.Choreographer$CallbackRecord.run:1301 android.view.Choreographer$CallbackRecord.run:1309 
10-04 19:05:38.836 20284 20284 I ViewRootImpl@5c4c0ca[MainActivity]: Setup new sync id=0
10-04 19:05:38.836 20284 20284 I ViewRootImpl@5c4c0ca[MainActivity]: Setting syncFrameCallback
10-04 19:05:38.836 20284 20284 I ViewRootImpl@5c4c0ca[MainActivity]: registerCallbacksForSync syncBuffer=false
10-04 19:05:38.849 20284 20385 I ViewRootImpl@5c4c0ca[MainActivity]: Received frameDrawingCallback syncResult=0 frameNum=1.
10-04 19:05:38.849 20284 20385 I ViewRootImpl@5c4c0ca[MainActivity]: Setting up sync and frameCommitCallback
10-04 19:05:38.878 20284 20301 I BLASTBufferQueue: [ViewRootImpl@5c4c0ca[MainActivity]#2](f:0,a:0) onFrameAvailable the first frame is available
10-04 19:05:38.879 20284 20301 I ViewRootImpl@5c4c0ca[MainActivity]: Received frameCommittedCallback lastAttemptedDrawFrameNum=1 didProduceBuffer=true
10-04 19:05:38.880 20284 20301 D OpenGLRenderer: CFMS:: SetUp Pid : 20284    Tid : 20301
10-04 19:05:38.883 20284 20284 I ViewRootImpl@5c4c0ca[MainActivity]: onSyncComplete
10-04 19:05:38.883 20284 20284 I ViewRootImpl@5c4c0ca[MainActivity]: setupSync seqId=0 mSyncId=0 fn=1 caller=android.view.ViewRootImpl$$ExternalSyntheticLambda11.accept:6 android.window.SurfaceSyncer.lambda$setupSync$1$android-window-SurfaceSyncer:128 android.window.SurfaceSyncer$$ExternalSyntheticLambda1.accept:8 android.window.SurfaceSyncer$SyncSet.checkIfSyncIsComplete:382 android.window.SurfaceSyncer$SyncSet.markSyncReady:359 android.window.SurfaceSyncer.markSyncReady:151 android.view.ViewRootImpl.performTraversals:4503 
10-04 19:05:38.889 20284 20284 I ViewRootImpl@5c4c0ca[MainActivity]: reportDrawFinished seqId=0 mSyncId=-1 fn=1 mSurfaceChangedTransaction=0x7b7af73300
10-04 19:05:38.921 20284 20284 I ViewRootImpl@4f9032c[MainActivity]: MSG_WINDOW_FOCUS_CHANGED 0 0
10-04 19:05:38.943 20284 20284 I ViewRootImpl@5c4c0ca[MainActivity]: MSG_WINDOW_FOCUS_CHANGED 1 0
10-04 19:05:38.944 20284 20284 I ViewRootImpl@5c4c0ca[MainActivity]: mThreadedRenderer.initializeIfNeeded()#2 mSurface={isValid=true 0x7b0a1cc000}
10-04 19:05:38.945 20284 20284 D InputMethodManager: startInputInner - Id : 0
10-04 19:05:38.945 20284 20284 I InputMethodManager: startInputInner - mService.startInputOrWindowGainedFocus
10-04 19:05:39.867 20284 20284 I ViewRootImpl@5c4c0ca[MainActivity]: ViewPostIme pointer 0
10-04 19:05:39.899 20284 20284 I ViewRootImpl@5c4c0ca[MainActivity]: ViewPostIme pointer 1
10-04 19:05:39.903 20284 20284 I MSHandlerLifeCycle: removeMultiSplitHandler: no exist. decor=DecorView@e2a9627[MainActivity]
10-04 19:05:39.904 20284 20301 D OpenGLRenderer: setSurface called with nullptr
10-04 19:05:39.904 20284 20301 D OpenGLRenderer: setSurface() destroyed EGLSurface
10-04 19:05:39.904 20284 20301 D OpenGLRenderer: destroyEglSurface
10-04 19:05:39.907 20284 20284 I ViewRootImpl@5c4c0ca[MainActivity]: dispatchDetachedFromWindow
10-04 19:05:39.930 20284 20284 D InputTransport: Input channel destroyed: '2419236', fd=163
10-04 19:05:39.936 20284 20284 D InsetsController: onStateChanged: InsetsState: {mDisplayFrame=Rect(0, 0 - 1080, 2400), mDisplayCutout=DisplayCutout{insets=Rect(0, 88 - 0, 0) waterfall=Insets{left=0, top=0, right=0, bottom=0} boundingRect={Bounds=[Rect(0, 0 - 0, 0), Rect(512, 0 - 568, 88), Rect(0, 0 - 0, 0), Rect(0, 0 - 0, 0)]} cutoutPathParserInfo={CutoutPathParserInfo{displayWidth=1080 displayHeight=2400 physicalDisplayWidth=1080 physicalDisplayHeight=2400 density={2.625} cutoutSpec={M 0,0 M 0,12.25101276465640 a 10.60613009248640,10.60613009248640 0 1,0 0,21.21226018497290 a 10.60613009248640,10.60613009248640 0 1,0 0,-21.21226018497290 Z @dp} rotation={0} scale={1.0} physicalPixelDisplaySizeRatio={1.0}}}}, mRoundedCorners=RoundedCorners{[RoundedCorner{position=TopLeft, radius=84, center=Point(84, 84)}, RoundedCorner{position=TopRight, radius=84, center=Point(996, 84)}, RoundedCorner{position=BottomRight, radius=84, center=Point(996, 2316)}, RoundedCorner{position=BottomLeft, radius=84, center=Point(84, 2316)}]}  mRoundedCornerFrame=Rect(0, 0 - 1080, 2400), mPrivacyIndicatorBounds=PrivacyIndicatorBounds {static bounds=Rect(964, 0 - 1080, 87) rotation=0}, mSources= { InsetsSource: {mType=ITYPE_STATUS_BAR, mFrame=[0,0][1080,88], mVisible=true, mInsetsRoundedCornerFrame=false}, InsetsSource: {mType=ITYPE_NAVIGATION_BAR, mFrame=[0,2361][1080,2400], mVisible=true, mInsetsRoundedCornerFrame=false}, InsetsSource: {mType=ITYPE_LEFT_GESTURES, mFrame=[0,0][130,2400], mVisible=true, mInsetsRoundedCornerFrame=false}, InsetsSource: {mType=ITYPE_RIGHT_GESTURES, mFrame=[950,0][1080,2400], mVisible=true, mInsetsRoundedCornerFrame=false}, InsetsSource: {mType=ITYPE_TOP_MANDATORY_GESTURES, mFrame=[0,0][1080,120], mVisible=true, mInsetsRoundedCornerFrame=false}, InsetsSource: {mType=ITYPE_BOTTOM_MANDATORY_GESTURES, mFrame=[0,2316][1080,2400], mVisible=true, mInsetsRoundedCornerFrame=false}, InsetsSource: {mType=ITYPE_LEFT_DISPLAY_CUTOUT, mFrame=[0,0][-100000,2400], mVisible=true, mInsetsRoundedCornerFrame=false}, InsetsSource: {mType=ITYPE_TOP_DISPLAY_CUTOUT, mFrame=[0,0][1080,88], mVisible=true, mInsetsRoundedCornerFrame=false}, InsetsSource: {mType=ITYPE_RIGHT_DISPLAY_CUTOUT, mFrame=[100000,0][1080,2400], mVisible=true, mInsetsRoundedCornerFrame=false}, InsetsSource: {mType=ITYPE_BOTTOM_DISPLAY_CUTOUT, mFrame=[0,100000][1080,2400], mVisible=true, mInsetsRoundedCornerFrame=false}, InsetsSource: {mType=ITYPE_TOP_TAPPABLE_ELEMENT, mFrame=[0,0][1080,88], mVisible=true, mInsetsRoundedCornerFrame=false}, InsetsSource: {mType=ITYPE_BOTTOM_TAPPABLE_ELEMENT, mFrame=[0,0][0,0], mVisible=true, mInsetsRoundedCornerFrame=false} } host=com.lagradost.cloudstream3/com.lagradost.cloudstream3.MainActivity from=android.view.ViewRootImpl$ViewRootHandler.handleMessageImpl:6740
10-04 19:05:39.960 20284 20284 I ViewRootImpl@4f9032c[MainActivity]: MSG_WINDOW_FOCUS_CHANGED 1 0
10-04 19:05:39.960 20284 20284 I ViewRootImpl@4f9032c[MainActivity]: mThreadedRenderer.initializeIfNeeded()#2 mSurface={isValid=true 0x7b7af8e800}
10-04 19:05:39.967 20284 20284 D InputMethodManager: startInputInner - Id : 0
10-04 19:05:39.968 20284 20284 I InputMethodManager: startInputInner - mService.startInputOrWindowGainedFocus
10-04 19:05:40.599 20284 20290 W st.cloudstream3: Cleared Reference was only reachable from finalizer (only reported once)
10-04 19:05:40.674 20284 20290 I st.cloudstream3: Background concurrent copying GC freed 25MB AllocSpace bytes, 112(10MB) LOS objects, 47% free, 26MB/50MB, paused 474us,216us total 228.832ms
10-04 19:05:40.697 20284 20301 D OpenGLRenderer: setSurface called with nullptr
10-04 19:05:40.713 20284 20301 D OpenGLRenderer: setSurface called with nullptr
10-04 19:05:40.714 20284 20291 D InputTransport: Input channel destroyed: 'ClientS', fd=187
10-04 19:05:40.716 20284 20291 D InputTransport: Input channel destroyed: 'ClientS', fd=182
10-04 19:05:40.732 20284 20292 W System  : A resource failed to call close. 
10-04 19:05:43.706 20284 20290 I st.cloudstream3: Background concurrent copying GC freed 7169KB AllocSpace bytes, 109(22MB) LOS objects, 49% free, 24MB/48MB, paused 394us,87us total 160.014ms
10-04 19:05:45.761 20284 20284 I ViewRootImpl@4f9032c[MainActivity]: ViewPostIme pointer 0
10-04 19:05:45.793 20284 20284 I ViewRootImpl@4f9032c[MainActivity]: ViewPostIme pointer 1
10-04 19:05:45.808 20284 20284 I NavComponent: Navigating to fragment: 2131362274
10-04 19:05:45.850 20284 20284 I IMM_LC  : hsifw() - flag : 0
10-04 19:05:45.850 20284 20284 I IMM_LC  : hsifw() - mService.hideSoftInput
10-04 19:05:45.913 20284 20284 D ScrollView: initGoToTop
10-04 19:05:46.244 20284 20284 I SurfaceView@20aa672: onWindowVisibilityChanged(0) true android.view.SurfaceView{20aa672 V.E...... ......I. 0,0-0,0} of ViewRootImpl@4f9032c[MainActivity]
10-04 19:05:46.244 20284 20284 D SurfaceView@20aa672: updateSurface: has no frame
10-04 19:05:46.255 20284 20284 I CS3ExoPlayer: SET STYLE = SaveCaptionStyle(foregroundColor=-1, backgroundColor=0, windowColor=0, edgeType=1, edgeColor=-16777216, typeface=null, typefaceFilePath=null, elevation=20, fixedTextSize=null, edgeSize=null, removeCaptions=false, removeBloat=true, upperCase=false, bold=false, italic=false, backgroundRadius=null)
10-04 19:05:46.275 20284 20284 D VideoClickActionHolder: allVideoClickActions: [null:com.lagradost.cloudstream3.actions.temp.PlayInBrowserAction, null:com.lagradost.cloudstream3.actions.temp.CopyClipboardAction, null:com.lagradost.cloudstream3.actions.temp.ViewM3U8Action, null:com.lagradost.cloudstream3.actions.temp.VlcPackage, null:com.lagradost.cloudstream3.actions.temp.MpvPackage, null:com.lagradost.cloudstream3.actions.temp.NextPlayerPackage, null:com.lagradost.cloudstream3.actions.temp.JustPlayerPackage, null:com.lagradost.cloudstream3.actions.temp.fcast.FcastAction, null:com.lagradost.cloudstream3.actions.temp.LibreTorrentPackage, null:com.lagradost.cloudstream3.actions.temp.BiglyBTPackage, null:com.lagradost.cloudstream3.actions.temp.VlcNightlyPackage, null:com.lagradost.cloudstream3.actions.temp.WebVideoCastPackage, null:com.lagradost.cloudstream3.actions.temp.MpvYTDLPackage, null:com.lagradost.cloudstream3.actions.temp.MpvKtPackage, null:com.lagradost.cloudstream3.actions.temp.MpvKtPreviewPackage, null:com.lagradost.cloudstream3.actions.AlwaysAskAction]
10-04 19:05:46.276 20284 20284 I IMM_LC  : hsifw() - flag : 0
10-04 19:05:46.276 20284 20284 I IMM_LC  : hsifw() - mService.hideSoftInput
10-04 19:05:46.279 20284 20329 I SYNCVM  : addFromUrl = https://wecima.now/watch/%d9%85%d8%b4%d8%a7%d9%87%d8%af%d8%a9-%d9%85%d8%b3%d9%84%d8%b3%d9%84-the-19th-medical-chart-%d9%85%d9%88%d8%b3%d9%85-1-%d8%ad%d9%84%d9%82%d8%a9-8-%d9%88%d8%a7%d9%84%d8%a3%d8%ae%d9%8a%d8%b1%d8%a9/
10-04 19:05:46.280 20284 20329 I SYNCUTIL: getIdsFromUrl https://wecima.now/watch/%d9%85%d8%b4%d8%a7%d9%87%d8%af%d8%a9-%d9%85%d8%b3%d9%84%d8%b3%d9%84-the-19th-medical-chart-%d9%85%d9%88%d8%b3%d9%85-1-%d8%ad%d9%84%d9%82%d8%a9-8-%d9%88%d8%a7%d9%84%d8%a3%d8%ae%d9%8a%d8%b1%d8%a9/
10-04 19:05:46.300 20284 20284 I SurfaceView@20aa672: onWindowVisibilityChanged(8) false android.view.SurfaceView{20aa672 V.E...... ......I. 0,0-0,0} of ViewRootImpl@4f9032c[MainActivity]
10-04 19:05:46.300 20284 20284 D SurfaceView@20aa672: updateSurface: has no frame
10-04 19:05:46.300 20284 20284 D SurfaceView@20aa672: updateSurface: has no frame
10-04 19:05:46.300 20284 20284 I SurfaceView@20aa672: onDetachedFromWindow: tryReleaseSurfaces()
10-04 19:05:46.300 20284 20284 I SurfaceView@20aa672: releaseSurfaces: viewRoot = ViewRootImpl@4f9032c[MainActivity]
10-04 19:05:46.300 20284 20284 I SurfaceView@20aa672: applyTransactionOnVriDraw: vri = ViewRootImpl@4f9032c[MainActivity] fRS = true t = 0x7b41a82900 android.view.SurfaceView.releaseSurfaces:858 android.view.SurfaceView.onDetachedFromWindow:500 android.view.View.dispatchDetachedFromWindow:22538 
10-04 19:05:46.300 20284 20284 I SurfaceView@20aa672: applyTransactionOnVriDraw: viewRoot.applyTransactionOnDrawFromReleaseSurfaces
10-04 19:05:46.301 20284 20284 I ViewRootImpl@4f9032c[MainActivity]: applyTransactionOnDraw: mRemoved = false isHardwareEnabled = true t = 0x7b41a82900android.view.ViewRootImpl.applyTransactionOnDrawFromReleaseSurfaces:12850 android.view.SurfaceView.applyTransactionOnVriDraw:2046 android.view.SurfaceView.releaseSurfaces:858 android.view.SurfaceView.onDetachedFromWindow:500 android.view.View.dispatchDetachedFromWindow:22538 
10-04 19:05:46.302 20284 20284 I SurfaceView@20aa672: onWindowVisibilityChanged(0) true android.view.SurfaceView{20aa672 V.E...... ......I. 0,0-0,0} of ViewRootImpl@4f9032c[MainActivity]
10-04 19:05:46.302 20284 20284 D SurfaceView@20aa672: updateSurface: has no frame
10-04 19:05:46.308 20284 20284 I DecorView: notifyKeepScreenOnChanged: keepScreenOn=false
10-04 19:05:46.324 20284 20284 I CS3ExoPlayer: reloadPlayer
10-04 19:05:46.324 20284 20284 I CS3ExoPlayer: releasePlayer
10-04 19:05:46.325 20284 20284 I CS3ExoPlayer: Handle event: PlayerAttachedEvent(player=null, source=Player)
10-04 19:05:46.334 20284 20284 I ViewRootImpl@4f9032c[MainActivity]: performTraversals params={(0,0)(fillxfill) sim={state=always_hidden adjust=resize} ty=BASE_APPLICATION wanim=0x1030309
10-04 19:05:46.334 20284 20284 I ViewRootImpl@4f9032c[MainActivity]:   fl=85810100
10-04 19:05:46.334 20284 20284 I ViewRootImpl@4f9032c[MainActivity]:   pfl=12020040
10-04 19:05:46.334 20284 20284 I ViewRootImpl@4f9032c[MainActivity]:   vsysui=500
10-04 19:05:46.334 20284 20284 I ViewRootImpl@4f9032c[MainActivity]:   bhv=DEFAULT
10-04 19:05:46.334 20284 20284 I ViewRootImpl@4f9032c[MainActivity]:   fitSides= naviIconColor=0}
10-04 19:05:46.334 20284 20284 I ViewRootImpl@4f9032c[MainActivity]: performTraversals mFirst=false windowShouldResize=false viewVisibilityChanged=false mForceNextWindowRelayout=false params={(0,0)(fillxfill) sim={state=always_hidden adjust=resize} ty=BASE_APPLICATION fmt=TRANSLUCENT wanim=0x1030309
10-04 19:05:46.334 20284 20284 I ViewRootImpl@4f9032c[MainActivity]:   fl=85810100
10-04 19:05:46.334 20284 20284 I ViewRootImpl@4f9032c[MainActivity]:   pfl=12020040
10-04 19:05:46.334 20284 20284 I ViewRootImpl@4f9032c[MainActivity]:   vsysui=500
10-04 19:05:46.334 20284 20284 I ViewRootImpl@4f9032c[MainActivity]:   bhv=DEFAULT
10-04 19:05:46.334 20284 20284 I ViewRootImpl@4f9032c[MainActivity]:   fitSides= naviIconColor=0}
10-04 19:05:46.343 20284 20284 I ViewRootImpl@4f9032c[MainActivity]: updateBlastSurfaceIfNeeded mBlastBufferQueue=0x7b419ef900 isSameSurfaceControl=true
10-04 19:05:46.344 20284 20284 I BLASTBufferQueue: update, w= 1080 h= 2400 mName = ViewRootImpl@4f9032c[MainActivity] mNativeObject= 0x7b419ef900 sc.mNativeObject= 0x7b1e4bbc40 format= -3 caller= android.view.ViewRootImpl.updateBlastSurfaceIfNeeded:2898 android.view.ViewRootImpl.relayoutWindow:9847 android.view.ViewRootImpl.performTraversals:3884 android.view.ViewRootImpl.doTraversal:3116 android.view.ViewRootImpl$TraversalRunnable.run:10885 android.view.Choreographer$CallbackRecord.run:1301 
10-04 19:05:46.344 20284 20284 I ViewRootImpl@4f9032c[MainActivity]: Relayout returned: old=(0,0,1080,2400) new=(0,0,1080,2400) req=(1080,2400)0 dur=9 res=0x0 s={true 0x7b7af8e800} ch=false seqId=0
10-04 19:05:46.346 20284 20284 W View    : requestLayout() improperly called by android.widget.FrameLayout{89a88a2 I.E...... ......I. 0,0-0,0 #7f0a04e7 app:id/start_panel} during layout: running second layout pass
10-04 19:05:46.346 20284 20284 W View    : requestLayout() improperly called by android.widget.FrameLayout{eb9b933 I.E...... ......ID 1080,0-1080,2143 #7f0a0168 app:id/end_panel} during layout: running second layout pass
10-04 19:05:46.348 20284 20284 D SurfaceView@20aa672: updateSurface: has no frame
10-04 19:05:46.354 20284 20386 I ViewRootImpl@4f9032c[MainActivity]: mWNT: t=0x7b41a82900 mBlastBufferQueue=0x7b419ef900 fn= 549 caller= android.view.ViewRootImpl.lambda$applyTransactionOnDraw$11$android-view-ViewRootImpl:12865 android.view.ViewRootImpl$$ExternalSyntheticLambda1.onFrameDraw:4 android.graphics.HardwareRenderer$FrameDrawingCallback.onFrameDraw:924 
10-04 19:05:46.357 20284 20284 D SurfaceView@20aa672: updateSurface: has no frame
10-04 19:05:46.369 20284 20284 D SurfaceView@20aa672: updateSurface: has no frame
10-04 19:05:46.386 20284 20284 D SurfaceView@20aa672: updateSurface: has no frame
10-04 19:05:46.412 20284 20284 D SurfaceView@20aa672: updateSurface: has no frame
10-04 19:05:46.425 20284 20284 D SurfaceView@20aa672: updateSurface: has no frame
10-04 19:05:46.438 20284 20284 D SurfaceView@20aa672: updateSurface: has no frame
10-04 19:05:46.452 20284 20284 D SurfaceView@20aa672: updateSurface: has no frame
10-04 19:05:46.469 20284 20284 D SurfaceView@20aa672: updateSurface: has no frame
10-04 19:05:46.486 20284 20284 D SurfaceView@20aa672: updateSurface: has no frame
10-04 19:05:46.502 20284 20284 D SurfaceView@20aa672: updateSurface: has no frame
10-04 19:05:46.520 20284 20284 D SurfaceView@20aa672: updateSurface: has no frame
10-04 19:05:46.536 20284 20284 D SurfaceView@20aa672: updateSurface: has no frame
10-04 19:05:46.553 20284 20284 D SurfaceView@20aa672: updateSurface: has no frame
10-04 19:05:46.569 20284 20284 D SurfaceView@20aa672: updateSurface: has no frame
10-04 19:05:46.586 20284 20284 D SurfaceView@20aa672: updateSurface: has no frame
10-04 19:05:46.602 20284 20284 D SurfaceView@20aa672: updateSurface: has no frame
10-04 19:05:46.619 20284 20284 D SurfaceView@20aa672: updateSurface: has no frame
10-04 19:05:46.636 20284 20284 D SurfaceView@20aa672: updateSurface: has no frame
10-04 19:05:46.653 20284 20284 D SurfaceView@20aa672: updateSurface: has no frame
10-04 19:05:46.670 20284 20284 D SurfaceView@20aa672: updateSurface: has no frame
10-04 19:05:46.688 20284 20284 D SurfaceView@20aa672: updateSurface: has no frame
10-04 19:05:46.703 20284 20284 D SurfaceView@20aa672: updateSurface: has no frame
10-04 19:05:46.721 20284 20284 D SurfaceView@20aa672: updateSurface: has no frame
10-04 19:05:46.736 20284 20284 D SurfaceView@20aa672: updateSurface: has no frame
10-04 19:05:46.753 20284 20284 D SurfaceView@20aa672: updateSurface: has no frame
10-04 19:05:46.769 20284 20284 D SurfaceView@20aa672: updateSurface: has no frame
10-04 19:05:46.786 20284 20284 D SurfaceView@20aa672: updateSurface: has no frame
10-04 19:05:46.802 20284 20284 D SurfaceView@20aa672: updateSurface: has no frame
10-04 19:05:46.819 20284 20284 D SurfaceView@20aa672: updateSurface: has no frame
10-04 19:05:46.836 20284 20284 D SurfaceView@20aa672: updateSurface: has no frame
10-04 19:05:46.853 20284 20284 D SurfaceView@20aa672: updateSurface: has no frame
10-04 19:05:46.869 20284 20284 D SurfaceView@20aa672: updateSurface: has no frame
10-04 19:05:46.886 20284 20284 D SurfaceView@20aa672: updateSurface: has no frame
10-04 19:05:46.902 20284 20284 D SurfaceView@20aa672: updateSurface: has no frame
10-04 19:05:46.919 20284 20284 D SurfaceView@20aa672: updateSurface: has no frame
10-04 19:05:46.936 20284 20284 D SurfaceView@20aa672: updateSurface: has no frame
10-04 19:05:46.953 20284 20284 D SurfaceView@20aa672: updateSurface: has no frame
10-04 19:05:46.969 20284 20284 D SurfaceView@20aa672: updateSurface: has no frame
10-04 19:05:46.986 20284 20284 D SurfaceView@20aa672: updateSurface: has no frame
10-04 19:05:47.002 20284 20284 D SurfaceView@20aa672: updateSurface: has no frame
10-04 19:05:47.019 20284 20284 D SurfaceView@20aa672: updateSurface: has no frame
10-04 19:05:47.036 20284 20284 D SurfaceView@20aa672: updateSurface: has no frame
10-04 19:05:47.053 20284 20284 D SurfaceView@20aa672: updateSurface: has no frame
10-04 19:05:47.069 20284 20284 D SurfaceView@20aa672: updateSurface: has no frame
10-04 19:05:47.086 20284 20284 D SurfaceView@20aa672: updateSurface: has no frame
10-04 19:05:47.103 20284 20284 D SurfaceView@20aa672: updateSurface: has no frame
10-04 19:05:47.119 20284 20284 D SurfaceView@20aa672: updateSurface: has no frame
10-04 19:05:47.136 20284 20284 D SurfaceView@20aa672: updateSurface: has no frame
10-04 19:05:47.153 20284 20284 D SurfaceView@20aa672: updateSurface: has no frame
10-04 19:05:47.169 20284 20284 D SurfaceView@20aa672: updateSurface: has no frame
10-04 19:05:47.186 20284 20284 D SurfaceView@20aa672: updateSurface: has no frame
10-04 19:05:47.202 20284 20284 D SurfaceView@20aa672: updateSurface: has no frame
10-04 19:05:47.219 20284 20284 D SurfaceView@20aa672: updateSurface: has no frame
10-04 19:05:47.236 20284 20284 D SurfaceView@20aa672: updateSurface: has no frame
10-04 19:05:47.252 20284 20284 D SurfaceView@20aa672: updateSurface: has no frame
10-04 19:05:47.269 20284 20284 D SurfaceView@20aa672: updateSurface: has no frame
10-04 19:05:47.286 20284 20284 D SurfaceView@20aa672: updateSurface: has no frame
10-04 19:05:47.302 20284 20284 D SurfaceView@20aa672: updateSurface: has no frame
10-04 19:05:47.319 20284 20284 D SurfaceView@20aa672: updateSurface: has no frame
10-04 19:05:47.336 20284 20284 D SurfaceView@20aa672: updateSurface: has no frame
10-04 19:05:47.352 20284 20284 D SurfaceView@20aa672: updateSurface: has no frame
10-04 19:05:47.369 20284 20284 D SurfaceView@20aa672: updateSurface: has no frame
10-04 19:05:47.386 20284 20284 D SurfaceView@20aa672: updateSurface: has no frame
10-04 19:05:47.402 20284 20284 D SurfaceView@20aa672: updateSurface: has no frame
10-04 19:05:47.419 20284 20284 D SurfaceView@20aa672: updateSurface: has no frame
10-04 19:05:47.436 20284 20284 D SurfaceView@20aa672: updateSurface: has no frame
10-04 19:05:47.452 20284 20284 D SurfaceView@20aa672: updateSurface: has no frame
10-04 19:05:47.469 20284 20284 D SurfaceView@20aa672: updateSurface: has no frame
10-04 19:05:47.485 20284 20284 D SurfaceView@20aa672: updateSurface: has no frame
10-04 19:05:47.502 20284 20284 D SurfaceView@20aa672: updateSurface: has no frame
10-04 19:05:47.519 20284 20284 D SurfaceView@20aa672: updateSurface: has no frame
10-04 19:05:47.539 20284 20284 D SurfaceView@20aa672: updateSurface: has no frame
10-04 19:05:47.556 20284 20284 D SurfaceView@20aa672: updateSurface: has no frame
10-04 19:05:47.570 20284 20284 D SurfaceView@20aa672: updateSurface: has no frame
10-04 19:05:47.587 20284 20284 D SurfaceView@20aa672: updateSurface: has no frame
10-04 19:05:47.602 20284 20284 D SurfaceView@20aa672: updateSurface: has no frame
10-04 19:05:47.619 20284 20284 D SurfaceView@20aa672: updateSurface: has no frame
10-04 19:05:47.635 20284 20284 D SurfaceView@20aa672: updateSurface: has no frame
10-04 19:05:47.652 20284 20284 D SurfaceView@20aa672: updateSurface: has no frame
10-04 19:05:47.669 20284 20284 D SurfaceView@20aa672: updateSurface: has no frame
10-04 19:05:47.685 20284 20331 I RVM2    : applyMeta
10-04 19:05:47.686 20284 20284 D SurfaceView@20aa672: updateSurface: has no frame
10-04 19:05:47.702 20284 20284 D SurfaceView@20aa672: updateSurface: has no frame
10-04 19:05:47.719 20284 20284 D SurfaceView@20aa672: updateSurface: has no frame
10-04 19:05:47.735 20284 20284 D SurfaceView@20aa672: updateSurface: has no frame
10-04 19:05:47.752 20284 20284 D SurfaceView@20aa672: updateSurface: has no frame
10-04 19:05:47.769 20284 20284 D SurfaceView@20aa672: updateSurface: has no frame
10-04 19:05:47.785 20284 20284 D SurfaceView@20aa672: updateSurface: has no frame
10-04 19:05:47.802 20284 20284 D SurfaceView@20aa672: updateSurface: has no frame
10-04 19:05:47.818 20284 20284 D SurfaceView@20aa672: updateSurface: has no frame
10-04 19:05:47.835 20284 20284 D SurfaceView@20aa672: updateSurface: has no frame
10-04 19:05:47.852 20284 20284 D SurfaceView@20aa672: updateSurface: has no frame
10-04 19:05:47.869 20284 20284 D SurfaceView@20aa672: updateSurface: has no frame
10-04 19:05:47.885 20284 20284 D SurfaceView@20aa672: updateSurface: has no frame
10-04 19:05:47.902 20284 20284 D SurfaceView@20aa672: updateSurface: has no frame
10-04 19:05:47.918 20284 20284 D SurfaceView@20aa672: updateSurface: has no frame
10-04 19:05:47.935 20284 20284 D SurfaceView@20aa672: updateSurface: has no frame
10-04 19:05:47.952 20284 20284 D SurfaceView@20aa672: updateSurface: has no frame
10-04 19:05:47.968 20284 20284 D SurfaceView@20aa672: updateSurface: has no frame
10-04 19:05:47.985 20284 20284 D SurfaceView@20aa672: updateSurface: has no frame
10-04 19:05:48.002 20284 20284 D SurfaceView@20aa672: updateSurface: has no frame
10-04 19:05:48.018 20284 20284 D SurfaceView@20aa672: updateSurface: has no frame
10-04 19:05:48.035 20284 20284 D SurfaceView@20aa672: updateSurface: has no frame
10-04 19:05:48.050 20284 20284 W PanelsChildGestureRegionObserver: failed to register view with ID 2131362800. already registered
10-04 19:05:48.054 20284 20284 E CoilImgLoader: Error loading image: coil3.request.NullRequestDataException: The request's data is null.
10-04 19:05:48.060 20284 20284 E CoilImgLoader: Error loading image: coil3.request.NullRequestDataException: The request's data is null.
10-04 19:05:48.095 20284 20329 I SYNCVM  : addFromUrl = https://wecima.now/watch/%d9%85%d8%b4%d8%a7%d9%87%d8%af%d8%a9-%d9%85%d8%b3%d9%84%d8%b3%d9%84-the-19th-medical-chart-%d9%85%d9%88%d8%b3%d9%85-1-%d8%ad%d9%84%d9%82%d8%a9-8-%d9%88%d8%a7%d9%84%d8%a3%d8%ae%d9%8a%d8%b1%d8%a9/
10-04 19:05:48.095 20284 20329 I SYNCUTIL: getIdsFromUrl https://wecima.now/watch/%d9%85%d8%b4%d8%a7%d9%87%d8%af%d8%a9-%d9%85%d8%b3%d9%84%d8%b3%d9%84-the-19th-medical-chart-%d9%85%d9%88%d8%b3%d9%85-1-%d8%ad%d9%84%d9%82%d8%a9-8-%d9%88%d8%a7%d9%84%d8%a3%d8%ae%d9%8a%d8%b1%d8%a9/
10-04 19:05:48.211 20284 20284 D SurfaceView@20aa672: updateSurface: has no frame
10-04 19:05:48.213 20284 20284 I SurfaceView@20aa672: Changes: creating=true format=true size=true visible=true alpha=false hint=false mUseAlpha=false visible=true left=true top=true
10-04 19:05:48.216 20284 20284 I BLASTBufferQueue: update, w= 1080 h= 525 mName = null mNativeObject= 0x7b5b8f9f00 sc.mNativeObject= 0x7b0a759660 format= 4 caller= android.view.SurfaceView.createBlastSurfaceControls:1383 android.view.SurfaceView.updateSurface:1079 android.view.SurfaceView.lambda$new$0$android-view-SurfaceView:200 android.view.SurfaceView$$ExternalSyntheticLambda5.onPreDraw:2 android.view.ViewTreeObserver.dispatchOnPreDraw:1121 android.view.ViewRootImpl.performTraversals:4442 
10-04 19:05:48.217 20284 20284 I SurfaceView@20aa672: 34252402 Cur surface: Surface(name=null)/@0x42f9c2
10-04 19:05:48.217 20284 20284 I SurfaceView@20aa672: pST: sr = Rect(0, 218 - 1080, 743) sw = 1080 sh = 525
10-04 19:05:48.217 20284 20284 D SurfaceView@20aa672: performSurfaceTransaction RenderWorker position = [0, 218, 1080, 743] surfaceSize = 1080x525
10-04 19:05:48.217 20284 20284 I SurfaceView@20aa672: applyTransactionOnVriDraw: vri = ViewRootImpl@4f9032c[MainActivity] fRS = false t = 0x7b7af82600 android.view.SurfaceView.performSurfaceTransaction:959 android.view.SurfaceView.updateSurface:1105 android.view.SurfaceView.lambda$new$0$android-view-SurfaceView:200 
10-04 19:05:48.217 20284 20284 I ViewRootImpl@4f9032c[MainActivity]: applyTransactionOnDraw: mRemoved = false isHardwareEnabled = true t = 0x7b7af82600android.view.SurfaceView.applyTransactionOnVriDraw:2048 android.view.SurfaceView.performSurfaceTransaction:959 android.view.SurfaceView.updateSurface:1105 android.view.SurfaceView.lambda$new$0$android-view-SurfaceView:200 android.view.SurfaceView$$ExternalSyntheticLambda5.onPreDraw:2 
10-04 19:05:48.217 20284 20284 I SurfaceView@20aa672: updateSurface: mVisible = true mSurface.isValid() = true
10-04 19:05:48.217 20284 20284 I SurfaceView@20aa672: updateSurface: mSurfaceCreated = false surfaceChanged = true visibleChanged = true
10-04 19:05:48.217 20284 20284 I SurfaceView@20aa672: visibleChanged -- surfaceCreated
10-04 19:05:48.217 20284 20284 I SurfaceView@20aa672: surfaceCreated 0 #8 android.view.SurfaceView{20aa672 V.E...... ......ID 0,0-1080,525}
10-04 19:05:48.217 20284 20284 I SurfaceView@20aa672: surfaceChanged -- format=4 w=1080 h=525
10-04 19:05:48.218 20284 20284 I SurfaceView@20aa672: surfaceChanged (1080,525) 0 #8 android.view.SurfaceView{20aa672 V.E...... ......ID 0,0-1080,525}
10-04 19:05:48.218 20284 20284 I SurfaceView@20aa672: surfaceRedrawNeeded
10-04 19:05:48.218 20284 20284 V SurfaceView@20aa672: Layout: x=0 y=218 w=1080 h=525, frame=Rect(0, 0 - 1080, 525)
10-04 19:05:48.233 20284 20385 D SurfaceView@20aa672: updateSurfacePosition RenderWorker, frameNr = 651, position = [0, 218, 1080, 743] surfaceSize = 1080x525
10-04 19:05:48.234 20284 20385 I SurfaceView@20aa672: uSP: rtp = Rect(0, 218 - 1080, 743) rtsw = 1080 rtsh = 525
10-04 19:05:48.234 20284 20385 I SurfaceView@20aa672: onSSPAndSRT: pl = 0 pt = 218 sx = 1.0 sy = 1.0
10-04 19:05:48.234 20284 20385 I SurfaceView@20aa672: aOrMT: ViewRootImpl@4f9032c[MainActivity] t = android.view.SurfaceControl$Transaction@22029c5 fN = 651 android.view.SurfaceView.-$$Nest$mapplyOrMergeTransaction:0 android.view.SurfaceView$SurfaceViewPositionUpdateListener.positionChanged:1537 android.graphics.RenderNode$CompositePositionUpdateListener.positionChanged:373 
10-04 19:05:48.234 20284 20385 I ViewRootImpl@4f9032c[MainActivity]: mWNT: t=0x7b7af82700 mBlastBufferQueue=0x7b419ef900 fn= 651 caller= android.view.SurfaceView.applyOrMergeTransaction:1455 android.view.SurfaceView.-$$Nest$mapplyOrMergeTransaction:0 android.view.SurfaceView$SurfaceViewPositionUpdateListener.positionChanged:1537 
10-04 19:05:48.235 20284 20385 I ViewRootImpl@4f9032c[MainActivity]: mWNT: t=0x7b7af82600 mBlastBufferQueue=0x7b419ef900 fn= 651 caller= android.view.ViewRootImpl.lambda$applyTransactionOnDraw$11$android-view-ViewRootImpl:12865 android.view.ViewRootImpl$$ExternalSyntheticLambda1.onFrameDraw:4 android.graphics.HardwareRenderer$FrameDrawingCallback.onFrameDraw:924 
10-04 19:05:48.295 20284 20284 I SurfaceView@20aa672: finishedDrawing
10-04 19:05:49.325 20284 20284 I ViewRootImpl@4f9032c[MainActivity]: ViewPostIme pointer 0
10-04 19:05:49.397 20284 20284 I SurfaceView@20aa672: Changes: creating=false format=false size=false visible=false alpha=false hint=false mUseAlpha=false visible=false left=false top=true
10-04 19:05:49.397 20284 20284 I SurfaceView@20aa672: 34252402 Cur surface: Surface(name=null)/@0x42f9c2
10-04 19:05:49.398 20284 20284 I SurfaceView@20aa672: applyTransactionOnVriDraw: vri = ViewRootImpl@4f9032c[MainActivity] fRS = false t = 0x7b37b3b300 android.view.SurfaceView.performSurfaceTransaction:959 android.view.SurfaceView.updateSurface:1105 android.view.SurfaceView.lambda$new$0$android-view-SurfaceView:200 
10-04 19:05:49.399 20284 20284 I ViewRootImpl@4f9032c[MainActivity]: applyTransactionOnDraw: mRemoved = false isHardwareEnabled = true t = 0x7b37b3b300android.view.SurfaceView.applyTransactionOnVriDraw:2048 android.view.SurfaceView.performSurfaceTransaction:959 android.view.SurfaceView.updateSurface:1105 android.view.SurfaceView.lambda$new$0$android-view-SurfaceView:200 android.view.SurfaceView$$ExternalSyntheticLambda5.onPreDraw:2 
10-04 19:05:49.399 20284 20284 I SurfaceView@20aa672: updateSurface: mVisible = true mSurface.isValid() = true
10-04 19:05:49.399 20284 20284 I SurfaceView@20aa672: updateSurface: mSurfaceCreated = true surfaceChanged = false visibleChanged = false
10-04 19:05:49.400 20284 20284 V SurfaceView@20aa672: Layout: x=0 y=70 w=1080 h=525, frame=Rect(0, 0 - 1080, 525)
10-04 19:05:49.403 20284 20386 D SurfaceView@20aa672: updateSurfacePosition RenderWorker, frameNr = 659, position = [0, 70, 1080, 595] surfaceSize = 1080x525
10-04 19:05:49.403 20284 20386 I SurfaceView@20aa672: uSP: rtp = Rect(0, 70 - 1080, 595) rtsw = 1080 rtsh = 525
10-04 19:05:49.404 20284 20386 I SurfaceView@20aa672: onSSPAndSRT: pl = 0 pt = 70 sx = 1.0 sy = 1.0
10-04 19:05:49.404 20284 20386 I SurfaceView@20aa672: aOrMT: ViewRootImpl@4f9032c[MainActivity] t = android.view.SurfaceControl$Transaction@22029c5 fN = 659 android.view.SurfaceView.-$$Nest$mapplyOrMergeTransaction:0 android.view.SurfaceView$SurfaceViewPositionUpdateListener.positionChanged:1537 android.graphics.RenderNode$CompositePositionUpdateListener.positionChanged:373 
10-04 19:05:49.405 20284 20386 I ViewRootImpl@4f9032c[MainActivity]: mWNT: t=0x7b7af82700 mBlastBufferQueue=0x7b419ef900 fn= 659 caller= android.view.SurfaceView.applyOrMergeTransaction:1455 android.view.SurfaceView.-$$Nest$mapplyOrMergeTransaction:0 android.view.SurfaceView$SurfaceViewPositionUpdateListener.positionChanged:1537 
10-04 19:05:49.405 20284 20386 I ViewRootImpl@4f9032c[MainActivity]: mWNT: t=0x7b37b3b300 mBlastBufferQueue=0x7b419ef900 fn= 659 caller= android.view.ViewRootImpl.lambda$applyTransactionOnDraw$11$android-view-ViewRootImpl:12865 android.view.ViewRootImpl$$ExternalSyntheticLambda1.onFrameDraw:4 android.graphics.HardwareRenderer$FrameDrawingCallback.onFrameDraw:924 
10-04 19:05:49.413 20284 20284 I SurfaceView@20aa672: Changes: creating=false format=false size=false visible=false alpha=false hint=false mUseAlpha=false visible=false left=false top=true
10-04 19:05:49.414 20284 20284 I SurfaceView@20aa672: 34252402 Cur surface: Surface(name=null)/@0x42f9c2
10-04 19:05:49.415 20284 20284 I SurfaceView@20aa672: applyTransactionOnVriDraw: vri = ViewRootImpl@4f9032c[MainActivity] fRS = false t = 0x7b0a799000 android.view.SurfaceView.performSurfaceTransaction:959 android.view.SurfaceView.updateSurface:1105 android.view.SurfaceView.lambda$new$0$android-view-SurfaceView:200 
10-04 19:05:49.415 20284 20284 I ViewRootImpl@4f9032c[MainActivity]: applyTransactionOnDraw: mRemoved = false isHardwareEnabled = true t = 0x7b0a799000android.view.SurfaceView.applyTransactionOnVriDraw:2048 android.view.SurfaceView.performSurfaceTransaction:959 android.view.SurfaceView.updateSurface:1105 android.view.SurfaceView.lambda$new$0$android-view-SurfaceView:200 android.view.SurfaceView$$ExternalSyntheticLambda5.onPreDraw:2 
10-04 19:05:49.416 20284 20284 I SurfaceView@20aa672: updateSurface: mVisible = true mSurface.isValid() = true
10-04 19:05:49.416 20284 20284 I SurfaceView@20aa672: updateSurface: mSurfaceCreated = true surfaceChanged = false visibleChanged = false
10-04 19:05:49.416 20284 20284 V SurfaceView@20aa672: Layout: x=0 y=-113 w=1080 h=525, frame=Rect(0, 0 - 1080, 525)
10-04 19:05:49.427 20284 20385 D SurfaceView@20aa672: updateSurfacePosition RenderWorker, frameNr = 660, position = [0, -113, 1080, 412] surfaceSize = 1080x525
10-04 19:05:49.427 20284 20385 I SurfaceView@20aa672: uSP: rtp = Rect(0, -113 - 1080, 412) rtsw = 1080 rtsh = 525
10-04 19:05:49.427 20284 20385 I SurfaceView@20aa672: onSSPAndSRT: pl = 0 pt = -113 sx = 1.0 sy = 1.0
10-04 19:05:49.428 20284 20385 I SurfaceView@20aa672: aOrMT: ViewRootImpl@4f9032c[MainActivity] t = android.view.SurfaceControl$Transaction@22029c5 fN = 660 android.view.SurfaceView.-$$Nest$mapplyOrMergeTransaction:0 android.view.SurfaceView$SurfaceViewPositionUpdateListener.positionChanged:1537 android.graphics.RenderNode$CompositePositionUpdateListener.positionChanged:373 
10-04 19:05:49.428 20284 20385 I ViewRootImpl@4f9032c[MainActivity]: mWNT: t=0x7b7af82700 mBlastBufferQueue=0x7b419ef900 fn= 660 caller= android.view.SurfaceView.applyOrMergeTransaction:1455 android.view.SurfaceView.-$$Nest$mapplyOrMergeTransaction:0 android.view.SurfaceView$SurfaceViewPositionUpdateListener.positionChanged:1537 
10-04 19:05:49.429 20284 20385 I ViewRootImpl@4f9032c[MainActivity]: mWNT: t=0x7b0a799000 mBlastBufferQueue=0x7b419ef900 fn= 660 caller= android.view.ViewRootImpl.lambda$applyTransactionOnDraw$11$android-view-ViewRootImpl:12865 android.view.ViewRootImpl$$ExternalSyntheticLambda1.onFrameDraw:4 android.graphics.HardwareRenderer$FrameDrawingCallback.onFrameDraw:924 
10-04 19:05:49.430 20284 20284 I ViewRootImpl@4f9032c[MainActivity]: ViewPostIme pointer 1
10-04 19:05:49.441 20284 20284 I SurfaceView@20aa672: Changes: creating=false format=false size=false visible=false alpha=false hint=false mUseAlpha=false visible=false left=false top=true
10-04 19:05:49.442 20284 20284 I SurfaceView@20aa672: 34252402 Cur surface: Surface(name=null)/@0x42f9c2
10-04 19:05:49.442 20284 20284 I SurfaceView@20aa672: applyTransactionOnVriDraw: vri = ViewRootImpl@4f9032c[MainActivity] fRS = false t = 0x7b0a799b00 android.view.SurfaceView.performSurfaceTransaction:959 android.view.SurfaceView.updateSurface:1105 android.view.SurfaceView.lambda$new$0$android-view-SurfaceView:200 
10-04 19:05:49.443 20284 20284 I ViewRootImpl@4f9032c[MainActivity]: applyTransactionOnDraw: mRemoved = false isHardwareEnabled = true t = 0x7b0a799b00android.view.SurfaceView.applyTransactionOnVriDraw:2048 android.view.SurfaceView.performSurfaceTransaction:959 android.view.SurfaceView.updateSurface:1105 android.view.SurfaceView.lambda$new$0$android-view-SurfaceView:200 android.view.SurfaceView$$ExternalSyntheticLambda5.onPreDraw:2 
10-04 19:05:49.443 20284 20284 I SurfaceView@20aa672: updateSurface: mVisible = true mSurface.isValid() = true
10-04 19:05:49.443 20284 20284 I SurfaceView@20aa672: updateSurface: mSurfaceCreated = true surfaceChanged = false visibleChanged = false
10-04 19:05:49.443 20284 20284 V SurfaceView@20aa672: Layout: x=0 y=-161 w=1080 h=525, frame=Rect(0, 0 - 1080, 525)
10-04 19:05:49.454 20284 20386 D SurfaceView@20aa672: updateSurfacePosition RenderWorker, frameNr = 661, position = [0, -161, 1080, 364] surfaceSize = 1080x525
10-04 19:05:49.454 20284 20386 I SurfaceView@20aa672: uSP: rtp = Rect(0, -161 - 1080, 364) rtsw = 1080 rtsh = 525
10-04 19:05:49.454 20284 20386 I SurfaceView@20aa672: onSSPAndSRT: pl = 0 pt = -161 sx = 1.0 sy = 1.0
10-04 19:05:49.454 20284 20386 I SurfaceView@20aa672: aOrMT: ViewRootImpl@4f9032c[MainActivity] t = android.view.SurfaceControl$Transaction@22029c5 fN = 661 android.view.SurfaceView.-$$Nest$mapplyOrMergeTransaction:0 android.view.SurfaceView$SurfaceViewPositionUpdateListener.positionChanged:1537 android.graphics.RenderNode$CompositePositionUpdateListener.positionChanged:373 
10-04 19:05:49.455 20284 20386 I ViewRootImpl@4f9032c[MainActivity]: mWNT: t=0x7b7af82700 mBlastBufferQueue=0x7b419ef900 fn= 661 caller= android.view.SurfaceView.applyOrMergeTransaction:1455 android.view.SurfaceView.-$$Nest$mapplyOrMergeTransaction:0 android.view.SurfaceView$SurfaceViewPositionUpdateListener.positionChanged:1537 
10-04 19:05:49.455 20284 20386 I ViewRootImpl@4f9032c[MainActivity]: mWNT: t=0x7b0a799b00 mBlastBufferQueue=0x7b419ef900 fn= 661 caller= android.view.ViewRootImpl.lambda$applyTransactionOnDraw$11$android-view-ViewRootImpl:12865 android.view.ViewRootImpl$$ExternalSyntheticLambda1.onFrameDraw:4 android.graphics.HardwareRenderer$FrameDrawingCallback.onFrameDraw:924 
10-04 19:05:49.463 20284 20284 I SurfaceView@20aa672: Changes: creating=false format=false size=false visible=false alpha=false hint=false mUseAlpha=false visible=false left=false top=true
10-04 19:05:49.463 20284 20284 I SurfaceView@20aa672: 34252402 Cur surface: Surface(name=null)/@0x42f9c2
10-04 19:05:49.463 20284 20284 I SurfaceView@20aa672: applyTransactionOnVriDraw: vri = ViewRootImpl@4f9032c[MainActivity] fRS = false t = 0x7b0a799c00 android.view.SurfaceView.performSurfaceTransaction:959 android.view.SurfaceView.updateSurface:1105 android.view.SurfaceView.lambda$new$0$android-view-SurfaceView:200 
10-04 19:05:49.463 20284 20284 I ViewRootImpl@4f9032c[MainActivity]: applyTransactionOnDraw: mRemoved = false isHardwareEnabled = true t = 0x7b0a799c00android.view.SurfaceView.applyTransactionOnVriDraw:2048 android.view.SurfaceView.performSurfaceTransaction:959 android.view.SurfaceView.updateSurface:1105 android.view.SurfaceView.lambda$new$0$android-view-SurfaceView:200 android.view.SurfaceView$$ExternalSyntheticLambda5.onPreDraw:2 
10-04 19:05:49.464 20284 20284 I SurfaceView@20aa672: updateSurface: mVisible = true mSurface.isValid() = true
10-04 19:05:49.464 20284 20284 I SurfaceView@20aa672: updateSurface: mSurfaceCreated = true surfaceChanged = false visibleChanged = false
10-04 19:05:49.464 20284 20284 V SurfaceView@20aa672: Layout: x=0 y=-258 w=1080 h=525, frame=Rect(0, 0 - 1080, 525)
10-04 19:05:49.468 20284 20385 D SurfaceView@20aa672: updateSurfacePosition RenderWorker, frameNr = 662, position = [0, -258, 1080, 267] surfaceSize = 1080x525
10-04 19:05:49.468 20284 20385 I SurfaceView@20aa672: uSP: rtp = Rect(0, -258 - 1080, 267) rtsw = 1080 rtsh = 525
10-04 19:05:49.468 20284 20385 I SurfaceView@20aa672: onSSPAndSRT: pl = 0 pt = -258 sx = 1.0 sy = 1.0
10-04 19:05:49.468 20284 20385 I SurfaceView@20aa672: aOrMT: ViewRootImpl@4f9032c[MainActivity] t = android.view.SurfaceControl$Transaction@22029c5 fN = 662 android.view.SurfaceView.-$$Nest$mapplyOrMergeTransaction:0 android.view.SurfaceView$SurfaceViewPositionUpdateListener.positionChanged:1537 android.graphics.RenderNode$CompositePositionUpdateListener.positionChanged:373 
10-04 19:05:49.469 20284 20385 I ViewRootImpl@4f9032c[MainActivity]: mWNT: t=0x7b7af82700 mBlastBufferQueue=0x7b419ef900 fn= 662 caller= android.view.SurfaceView.applyOrMergeTransaction:1455 android.view.SurfaceView.-$$Nest$mapplyOrMergeTransaction:0 android.view.SurfaceView$SurfaceViewPositionUpdateListener.positionChanged:1537 
10-04 19:05:49.469 20284 20385 I ViewRootImpl@4f9032c[MainActivity]: mWNT: t=0x7b0a799c00 mBlastBufferQueue=0x7b419ef900 fn= 662 caller= android.view.ViewRootImpl.lambda$applyTransactionOnDraw$11$android-view-ViewRootImpl:12865 android.view.ViewRootImpl$$ExternalSyntheticLambda1.onFrameDraw:4 android.graphics.HardwareRenderer$FrameDrawingCallback.onFrameDraw:924 
10-04 19:05:49.473 20284 20284 I SurfaceView@20aa672: Changes: creating=false format=false size=false visible=false alpha=false hint=false mUseAlpha=false visible=false left=false top=true
10-04 19:05:49.473 20284 20284 I SurfaceView@20aa672: 34252402 Cur surface: Surface(name=null)/@0x42f9c2
