10-04 18:37:41.285 14445 14445 I ViewRootImpl@7f5677e[MainActivity]: setupSync seqId=0 mSyncId=2 fn=1 caller=android.view.ViewRootImpl$$ExternalSyntheticLambda11.accept:6 android.window.SurfaceSyncer.lambda$setupSync$1$android-window-SurfaceSyncer:128 android.window.SurfaceSyncer$$ExternalSyntheticLambda1.accept:8 android.window.SurfaceSyncer$SyncSet.checkIfSyncIsComplete:382 android.window.SurfaceSyncer$SyncSet.markSyncReady:359 android.window.SurfaceSyncer.markSyncReady:151 android.view.ViewRootImpl.performTraversals:4503 
10-04 18:37:41.285 14445 14445 I ViewRootImpl@7f5677e[MainActivity]: reportDrawFinished seqId=0 mSyncId=-1 fn=1 mSurfaceChangedTransaction=0x7b3dace300
10-04 18:37:41.297 14445 14445 I DecorView: notifyKeepScreenOnChanged: keepScreenOn=false
10-04 18:37:41.303 14445 14537 D SurfaceView@5dc7c4: updateSurfacePosition RenderWorker, frameNr = 642, position = [54, 314, 1026, 787] surfaceSize = 1080x525
10-04 18:37:41.304 14445 14537 I SurfaceView@5dc7c4: uSP: rtp = Rect(54, 314 - 1026, 787) rtsw = 1080 rtsh = 525
10-04 18:37:41.304 14445 14537 I SurfaceView@5dc7c4: onSSPAndSRT: pl = 54 pt = 314 sx = 0.9 sy = 0.9009524
10-04 18:37:41.304 14445 14537 I SurfaceView@5dc7c4: aOrMT: ViewRootImpl@9ace973[MainActivity] t = android.view.SurfaceControl$Transaction@c17aff4 fN = 642 android.view.SurfaceView.-$$Nest$mapplyOrMergeTransaction:0 android.view.SurfaceView$SurfaceViewPositionUpdateListener.positionChanged:1537 android.graphics.RenderNode$CompositePositionUpdateListener.positionChanged:373 
10-04 18:37:41.304 14445 14537 I ViewRootImpl@9ace973[MainActivity]: mWNT: t=0x7b5dd90900 mBlastBufferQueue=0x7b3d603900 fn= 642 caller= android.view.SurfaceView.applyOrMergeTransaction:1455 android.view.SurfaceView.-$$Nest$mapplyOrMergeTransaction:0 android.view.SurfaceView$SurfaceViewPositionUpdateListener.positionChanged:1537 
10-04 18:37:41.304 14445 14445 I ViewRootImpl@7f5677e[MainActivity]: performTraversals params={(0,0)(fillxfill) gr=CENTER sim={adjust=resize} ty=APPLICATION fmt=TRANSPARENT wanim=0x7f14000b
10-04 18:37:41.304 14445 14445 I ViewRootImpl@7f5677e[MainActivity]:   fl=85810100
10-04 18:37:41.304 14445 14445 I ViewRootImpl@7f5677e[MainActivity]:   pfl=12020040
10-04 18:37:41.304 14445 14445 I ViewRootImpl@7f5677e[MainActivity]:   vsysui=500
10-04 18:37:41.304 14445 14445 I ViewRootImpl@7f5677e[MainActivity]:   bhv=DEFAULT
10-04 18:37:41.304 14445 14445 I ViewRootImpl@7f5677e[MainActivity]:   fitSides= naviIconColor=0}
10-04 18:37:41.305 14445 14445 I ViewRootImpl@7f5677e[MainActivity]: performTraversals mFirst=false windowShouldResize=false viewVisibilityChanged=false mForceNextWindowRelayout=false params={(0,0)(fillxfill) gr=CENTER sim={adjust=resize} ty=APPLICATION fmt=TRANSPARENT wanim=0x7f14000b
10-04 18:37:41.305 14445 14445 I ViewRootImpl@7f5677e[MainActivity]:   fl=85810100
10-04 18:37:41.305 14445 14445 I ViewRootImpl@7f5677e[MainActivity]:   pfl=12020040
10-04 18:37:41.305 14445 14445 I ViewRootImpl@7f5677e[MainActivity]:   vsysui=500
10-04 18:37:41.305 14445 14445 I ViewRootImpl@7f5677e[MainActivity]:   bhv=DEFAULT
10-04 18:37:41.305 14445 14445 I ViewRootImpl@7f5677e[MainActivity]:   fitSides= naviIconColor=0}
10-04 18:37:41.310 14445 14445 I ViewRootImpl@7f5677e[MainActivity]: updateBlastSurfaceIfNeeded mBlastBufferQueue=0x7b5db59f00 isSameSurfaceControl=true
10-04 18:37:41.311 14445 14445 I BLASTBufferQueue: update, w= 1080 h= 2400 mName = ViewRootImpl@7f5677e[MainActivity] mNativeObject= 0x7b5db59f00 sc.mNativeObject= 0x7b06a475e0 format= -2 caller= android.view.ViewRootImpl.updateBlastSurfaceIfNeeded:2898 android.view.ViewRootImpl.relayoutWindow:9847 android.view.ViewRootImpl.performTraversals:3884 android.view.ViewRootImpl.doTraversal:3116 android.view.ViewRootImpl$TraversalRunnable.run:10885 android.view.Choreographer$CallbackRecord.run:1301 
10-04 18:37:41.311 14445 14445 I ViewRootImpl@7f5677e[MainActivity]: Relayout returned: old=(0,0,1080,2400) new=(0,0,1080,2400) req=(1080,2400)0 dur=5 res=0x0 s={true 0x7b78f75800} ch=false seqId=0
10-04 18:37:41.312 14445 14445 I SurfaceView@5dc7c4: onWindowVisibilityChanged(8) false android.view.SurfaceView{5dc7c4 V.E...... ........ 0,0-1080,525} of ViewRootImpl@9ace973[MainActivity]
10-04 18:37:41.313 14445 14445 I SurfaceView@5dc7c4: Changes: creating=false format=false size=false visible=true alpha=false hint=false mUseAlpha=false visible=true left=false top=false
10-04 18:37:41.313 14445 14445 I SurfaceView@5dc7c4: 6145988 Cur surface: Surface(name=null)/@0xd7d0d3a
10-04 18:37:41.313 14445 14445 I SurfaceView@5dc7c4: applyTransactionOnVriDraw: vri = ViewRootImpl@9ace973[MainActivity] fRS = false t = 0x7b365c8000 android.view.SurfaceView.performSurfaceTransaction:959 android.view.SurfaceView.updateSurface:1105 android.view.SurfaceView.onWindowVisibilityChanged:371 
10-04 18:37:41.313 14445 14445 I ViewRootImpl@9ace973[MainActivity]: applyTransactionOnDraw: mRemoved = false isHardwareEnabled = true t = 0x7b365c8000android.view.SurfaceView.applyTransactionOnVriDraw:2048 android.view.SurfaceView.performSurfaceTransaction:959 android.view.SurfaceView.updateSurface:1105 android.view.SurfaceView.onWindowVisibilityChanged:371 android.view.View.dispatchDetachedFromWindow:22529 
10-04 18:37:41.313 14445 14445 I SurfaceView@5dc7c4: surfaceDestroyed
10-04 18:37:41.313 14445 14445 I SurfaceView@5dc7c4: surfaceDestroyed callback.size 0 #2 android.view.SurfaceView{5dc7c4 V.E...... ........ 0,0-1080,525}
10-04 18:37:41.313 14445 14445 I SurfaceView@5dc7c4: updateSurface: mVisible = false mSurface.isValid() = true
10-04 18:37:41.314 14445 14445 I SurfaceView@5dc7c4: releaseSurfaces: viewRoot = ViewRootImpl@9ace973[MainActivity]
10-04 18:37:41.314 14445 14445 I SurfaceView@5dc7c4: applyTransactionOnVriDraw: vri = ViewRootImpl@9ace973[MainActivity] fRS = true t = 0x7b365c8200 android.view.SurfaceView.releaseSurfaces:858 android.view.SurfaceView.updateSurface:1172 android.view.SurfaceView.onWindowVisibilityChanged:371 
10-04 18:37:41.314 14445 14445 I SurfaceView@5dc7c4: applyTransactionOnVriDraw: viewRoot.applyTransactionOnDrawFromReleaseSurfaces
10-04 18:37:41.314 14445 14445 I ViewRootImpl@9ace973[MainActivity]: applyTransactionOnDraw: mRemoved = false isHardwareEnabled = true t = 0x7b365c8200android.view.ViewRootImpl.applyTransactionOnDrawFromReleaseSurfaces:12850 android.view.SurfaceView.applyTransactionOnVriDraw:2046 android.view.SurfaceView.releaseSurfaces:858 android.view.SurfaceView.updateSurface:1172 android.view.SurfaceView.onWindowVisibilityChanged:371 
10-04 18:37:41.314 14445 14445 V SurfaceView@5dc7c4: Layout: x=0 y=218 w=1080 h=525, frame=Rect(0, 0 - 1080, 525)
10-04 18:37:41.314 14445 14445 I SurfaceView@5dc7c4: onDetachedFromWindow: tryReleaseSurfaces()
10-04 18:37:41.314 14445 14445 I SurfaceView@5dc7c4: releaseSurfaces: viewRoot = ViewRootImpl@9ace973[MainActivity]
10-04 18:37:41.314 14445 14445 I SurfaceView@5dc7c4: applyTransactionOnVriDraw: vri = ViewRootImpl@9ace973[MainActivity] fRS = true t = 0x7b36349900 android.view.SurfaceView.releaseSurfaces:858 android.view.SurfaceView.onDetachedFromWindow:500 android.view.View.dispatchDetachedFromWindow:22538 
10-04 18:37:41.314 14445 14445 I SurfaceView@5dc7c4: applyTransactionOnVriDraw: viewRoot.applyTransactionOnDrawFromReleaseSurfaces
10-04 18:37:41.315 14445 14445 I ViewRootImpl@9ace973[MainActivity]: applyTransactionOnDraw: mRemoved = false isHardwareEnabled = true t = 0x7b36349900android.view.ViewRootImpl.applyTransactionOnDrawFromReleaseSurfaces:12850 android.view.SurfaceView.applyTransactionOnVriDraw:2046 android.view.SurfaceView.releaseSurfaces:858 android.view.SurfaceView.onDetachedFromWindow:500 android.view.View.dispatchDetachedFromWindow:22538 
10-04 18:37:41.326 14445 14445 I DecorView: notifyKeepScreenOnChanged: keepScreenOn=false
10-04 18:37:41.327 14445 14445 I CS3ExoPlayer: releasePlayer
10-04 18:37:41.327 14445 14445 I CS3ExoPlayer: Handle event: PlayerAttachedEvent(player=null, source=Player)
10-04 18:37:41.328 14445 14445 I DecorView: notifyKeepScreenOnChanged: keepScreenOn=false
10-04 18:37:41.328 14445 14445 I ViewRootImpl@9ace973[MainActivity]: MSG_WINDOW_FOCUS_CHANGED 0 0
10-04 18:37:41.331 14445 14445 I ViewRootImpl@7f5677e[MainActivity]: MSG_WINDOW_FOCUS_CHANGED 1 0
10-04 18:37:41.331 14445 14445 I ViewRootImpl@7f5677e[MainActivity]: mThreadedRenderer.initializeIfNeeded()#2 mSurface={isValid=true 0x7b78f75800}
10-04 18:37:41.332 14445 14445 D InputMethodManager: startInputInner - Id : 0
10-04 18:37:41.332 14445 14445 I InputMethodManager: startInputInner - mService.startInputOrWindowGainedFocus
10-04 18:37:41.336 14445 14445 I ViewRootImpl@9ace973[MainActivity]: performTraversals params={(0,0)(fillxfill) sim={state=always_hidden adjust=resize} ty=BASE_APPLICATION wanim=0x1030309
10-04 18:37:41.336 14445 14445 I ViewRootImpl@9ace973[MainActivity]:   fl=85810100
10-04 18:37:41.336 14445 14445 I ViewRootImpl@9ace973[MainActivity]:   pfl=12020040
10-04 18:37:41.336 14445 14445 I ViewRootImpl@9ace973[MainActivity]:   vsysui=500
10-04 18:37:41.336 14445 14445 I ViewRootImpl@9ace973[MainActivity]:   bhv=DEFAULT
10-04 18:37:41.336 14445 14445 I ViewRootImpl@9ace973[MainActivity]:   fitSides= naviIconColor=0}
10-04 18:37:41.337 14445 14445 I ViewRootImpl@9ace973[MainActivity]: performTraversals mFirst=false windowShouldResize=false viewVisibilityChanged=false mForceNextWindowRelayout=false params={(0,0)(fillxfill) sim={state=always_hidden adjust=resize} ty=BASE_APPLICATION fmt=TRANSLUCENT wanim=0x1030309
10-04 18:37:41.337 14445 14445 I ViewRootImpl@9ace973[MainActivity]:   fl=85810100
10-04 18:37:41.337 14445 14445 I ViewRootImpl@9ace973[MainActivity]:   pfl=12020040
10-04 18:37:41.337 14445 14445 I ViewRootImpl@9ace973[MainActivity]:   vsysui=500
10-04 18:37:41.337 14445 14445 I ViewRootImpl@9ace973[MainActivity]:   bhv=DEFAULT
10-04 18:37:41.337 14445 14445 I ViewRootImpl@9ace973[MainActivity]:   fitSides= naviIconColor=0}
10-04 18:37:41.347 14445 14445 I ViewRootImpl@9ace973[MainActivity]: updateBlastSurfaceIfNeeded mBlastBufferQueue=0x7b3d603900 isSameSurfaceControl=true
10-04 18:37:41.348 14445 14445 I BLASTBufferQueue: update, w= 1080 h= 2400 mName = ViewRootImpl@9ace973[MainActivity] mNativeObject= 0x7b3d603900 sc.mNativeObject= 0x7b03ab1300 format= -3 caller= android.view.ViewRootImpl.updateBlastSurfaceIfNeeded:2898 android.view.ViewRootImpl.relayoutWindow:9847 android.view.ViewRootImpl.performTraversals:3884 android.view.ViewRootImpl.doTraversal:3116 android.view.ViewRootImpl$TraversalRunnable.run:10885 android.view.Choreographer$CallbackRecord.run:1301 
10-04 18:37:41.348 14445 14445 I ViewRootImpl@9ace973[MainActivity]: Relayout returned: old=(0,0,1080,2400) new=(0,0,1080,2400) req=(1080,2400)0 dur=10 res=0x0 s={true 0x7b5dc16800} ch=false seqId=0
10-04 18:37:41.348 14445 14445 I ViewRootImpl@9ace973[MainActivity]: updateBoundsLayer: t = android.view.SurfaceControl$Transaction@5a5d4b8 sc = Surface(name=Bounds for - com.lagradost.cloudstream3/com.lagradost.cloudstream3.MainActivity@0)/@0xcbbd291 frame = 643
10-04 18:37:41.348 14445 14445 I ViewRootImpl@9ace973[MainActivity]: mWNT: t=0x7b5dcdfd00 mBlastBufferQueue=0x7b3d603900 fn= 643 caller= android.view.ViewRootImpl.prepareSurfaces:2985 android.view.ViewRootImpl.performTraversals:4233 android.view.ViewRootImpl.doTraversal:3116 
10-04 18:37:41.350 14445 14461 D SurfaceView@5dc7c4: windowPositionLost, frameNr = 643
10-04 18:37:41.350 14445 14536 I ViewRootImpl@9ace973[MainActivity]: mWNT: t=0x7b365c8000 mBlastBufferQueue=0x7b3d603900 fn= 643 caller= android.view.ViewRootImpl.lambda$applyTransactionOnDraw$11$android-view-ViewRootImpl:12865 android.view.ViewRootImpl$$ExternalSyntheticLambda1.onFrameDraw:4 android.graphics.HardwareRenderer$FrameDrawingCallback.onFrameDraw:924 
10-04 18:37:41.350 14445 14536 I ViewRootImpl@9ace973[MainActivity]: mWNT: t=0x7b365c8200 mBlastBufferQueue=0x7b3d603900 fn= 643 caller= android.view.ViewRootImpl.lambda$applyTransactionOnDraw$11$android-view-ViewRootImpl:12865 android.view.ViewRootImpl$$ExternalSyntheticLambda1.onFrameDraw:4 android.graphics.HardwareRenderer$FrameDrawingCallback.onFrameDraw:924 
10-04 18:37:41.350 14445 14536 I ViewRootImpl@9ace973[MainActivity]: mWNT: t=0x7b36349900 mBlastBufferQueue=0x7b3d603900 fn= 643 caller= android.view.ViewRootImpl.lambda$applyTransactionOnDraw$11$android-view-ViewRootImpl:12865 android.view.ViewRootImpl$$ExternalSyntheticLambda1.onFrameDraw:4 android.graphics.HardwareRenderer$FrameDrawingCallback.onFrameDraw:924 
10-04 18:37:41.777 14445 14445 I ViewRootImpl@7f5677e[MainActivity]: ViewPostIme pointer 0
10-04 18:37:41.870 14445 14445 I ViewRootImpl@7f5677e[MainActivity]: ViewPostIme pointer 1
10-04 18:37:42.388 14445 14445 I ViewRootImpl@7f5677e[MainActivity]: ViewPostIme pointer 0
10-04 18:37:42.894 14445 14445 I ViewRootImpl@7f5677e[MainActivity]: ViewPostIme pointer 1
10-04 18:37:43.154 14445 14445 W View    : requestLayout() improperly called by com.lagradost.cloudstream3.ui.AutofitRecyclerView{aed4523 VFED..... ......ID 0,130-1080,2273 #7f0a0200 app:id/home_expanded_recycler} during layout: running second layout pass
10-04 18:37:43.489 14445 14445 I ViewRootImpl@7f5677e[MainActivity]: ViewPostIme pointer 0
10-04 18:37:43.616 14445 14445 I ViewRootImpl@7f5677e[MainActivity]: ViewPostIme pointer 1
10-04 18:37:43.998 14445 14445 I ViewRootImpl@7f5677e[MainActivity]: ViewPostIme pointer 0
10-04 18:37:44.780 14445 14445 I ViewRootImpl@7f5677e[MainActivity]: ViewPostIme pointer 1
10-04 18:37:45.081 14445 14445 I ViewRootImpl@7f5677e[MainActivity]: ViewPostIme pointer 0
10-04 18:37:45.663 14445 14445 I ViewRootImpl@7f5677e[MainActivity]: ViewPostIme pointer 1
10-04 18:37:46.026 14445 14450 I st.cloudstream3: Background concurrent copying GC freed 12MB AllocSpace bytes, 83(10MB) LOS objects, 41% free, 34MB/58MB, paused 415us,118us total 251.019ms
10-04 18:37:46.027 14445 14445 I ViewRootImpl@7f5677e[MainActivity]: ViewPostIme pointer 0
10-04 18:37:46.034 14445 14461 D OpenGLRenderer: setSurface called with nullptr
10-04 18:37:46.035 14445 14451 D InputTransport: Input channel destroyed: 'ClientS', fd=171
10-04 18:37:46.035 14445 14461 D OpenGLRenderer: setSurface called with nullptr
10-04 18:37:46.036 14445 14451 D InputTransport: Input channel destroyed: 'ClientS', fd=243
10-04 18:37:46.037 14445 14461 D OpenGLRenderer: setSurface called with nullptr
10-04 18:37:46.037 14445 14451 D InputTransport: Input channel destroyed: 'ClientS', fd=188
10-04 18:37:46.037 14445 14451 D InputTransport: Input channel destroyed: 'ClientS', fd=118
10-04 18:37:46.038 14445 14451 D InputTransport: Input channel destroyed: 'ClientS', fd=146
10-04 18:37:47.226 14445 14487 D ApiError: -------------------------------------------------------------------
10-04 18:37:47.226 14445 14487 D ApiError: safeApiCall: Only the original thread that created a view hierarchy can touch its views.
10-04 18:37:47.226 14445 14487 D ApiError: safeApiCall: Only the original thread that created a view hierarchy can touch its views.
10-04 18:37:47.226 14445 14487 W System.err: android.view.ViewRootImpl$CalledFromWrongThreadException: Only the original thread that created a view hierarchy can touch its views.
10-04 18:37:47.227 14445 14487 W System.err: 	at android.view.ViewRootImpl.checkThread(ViewRootImpl.java:11586)
10-04 18:37:47.227 14445 14487 W System.err: 	at android.view.ViewRootImpl.requestLayout(ViewRootImpl.java:2648)
10-04 18:37:47.227 14445 14487 W System.err: 	at android.view.View.requestLayout(View.java:27623)
10-04 18:37:47.227 14445 14487 W System.err: 	at android.view.View.requestLayout(View.java:27623)
10-04 18:37:47.227 14445 14487 W System.err: 	at android.view.View.requestLayout(View.java:27623)
10-04 18:37:47.227 14445 14487 W System.err: 	at android.view.View.requestLayout(View.java:27623)
10-04 18:37:47.227 14445 14487 W System.err: 	at android.view.View.requestLayout(View.java:27623)
10-04 18:37:47.227 14445 14487 W System.err: 	at android.view.View.requestLayout(View.java:27623)
10-04 18:37:47.227 14445 14487 W System.err: 	at android.view.View.requestLayout(View.java:27623)
10-04 18:37:47.227 14445 14487 W System.err: 	at android.view.View.requestLayout(View.java:27623)
10-04 18:37:47.227 14445 14487 W System.err: 	at android.view.View.requestLayout(View.java:27623)
10-04 18:37:47.227 14445 14487 W System.err: 	at android.view.View.requestLayout(View.java:27623)
10-04 18:37:47.227 14445 14487 W System.err: 	at androidx.recyclerview.widget.RecyclerView.requestLayout(RecyclerView.java:4881)
10-04 18:37:47.227 14445 14487 W System.err: 	at androidx.recyclerview.widget.RecyclerView$RecyclerViewDataObserver.triggerUpdateProcessor(RecyclerView.java:6060)
10-04 18:37:47.227 14445 14487 W System.err: 	at androidx.recyclerview.widget.RecyclerView$RecyclerViewDataObserver.onItemRangeInserted(RecyclerView.java:6035)
10-04 18:37:47.227 14445 14487 W System.err: 	at androidx.recyclerview.widget.RecyclerView$AdapterDataObservable.notifyItemRangeInserted(RecyclerView.java:13138)
10-04 18:37:47.227 14445 14487 W System.err: 	at androidx.recyclerview.widget.RecyclerView$Adapter.notifyItemRangeInserted(RecyclerView.java:8146)
10-04 18:37:47.227 14445 14487 W System.err: 	at androidx.recyclerview.widget.AdapterListUpdateCallback.onInserted(AdapterListUpdateCallback.java:44)
10-04 18:37:47.227 14445 14487 W System.err: 	at androidx.recyclerview.widget.BatchingListUpdateCallback.dispatchLastEvent(BatchingListUpdateCallback.java:63)
10-04 18:37:47.227 14445 14487 W System.err: 	at androidx.recyclerview.widget.DiffUtil$DiffResult.dispatchUpdatesTo(DiffUtil.java:967)
10-04 18:37:47.227 14445 14487 W System.err: 	at androidx.recyclerview.widget.DiffUtil$DiffResult.dispatchUpdatesTo(DiffUtil.java:840)
10-04 18:37:47.227 14445 14487 W System.err: 	at com.lagradost.cloudstream3.ui.search.SearchAdapter.updateList(SearchAdaptor.kt:83)
10-04 18:37:47.227 14445 14487 W System.err: 	at com.lagradost.cloudstream3.ui.home.HomeFragment$Companion$loadHomepageList$5$onScrollStateChanged$1.invokeSuspend(HomeFragment.kt:212)
10-04 18:37:47.227 14445 14487 W System.err: 	at kotlin.coroutines.jvm.internal.BaseContinuationImpl.resumeWith(ContinuationImpl.kt:33)
10-04 18:37:47.228 14445 14487 W System.err: 	at kotlinx.coroutines.UndispatchedCoroutine.afterResume(CoroutineContext.kt:266)
10-04 18:37:47.228 14445 14487 W System.err: 	at kotlinx.coroutines.AbstractCoroutine.resumeWith(AbstractCoroutine.kt:101)
10-04 18:37:47.228 14445 14487 W System.err: 	at kotlin.coroutines.jvm.internal.BaseContinuationImpl.resumeWith(ContinuationImpl.kt:46)
10-04 18:37:47.228 14445 14487 W System.err: 	at kotlinx.coroutines.internal.ScopeCoroutine.afterResume(Scopes.kt:35)
10-04 18:37:47.228 14445 14487 W System.err: 	at kotlinx.coroutines.AbstractCoroutine.resumeWith(AbstractCoroutine.kt:101)
10-04 18:37:47.228 14445 14487 W System.err: 	at kotlin.coroutines.jvm.internal.BaseContinuationImpl.resumeWith(ContinuationImpl.kt:46)
10-04 18:37:47.228 14445 14487 W System.err: 	at kotlinx.coroutines.DispatchedTask.run(DispatchedTask.kt:100)
10-04 18:37:47.228 14445 14487 W System.err: 	at kotlinx.coroutines.internal.LimitedDispatcher$Worker.run(LimitedDispatcher.kt:113)
10-04 18:37:47.228 14445 14487 W System.err: 	at kotlinx.coroutines.scheduling.TaskImpl.run(Tasks.kt:89)
10-04 18:37:47.228 14445 14487 W System.err: 	at kotlinx.coroutines.scheduling.CoroutineScheduler.runSafely(CoroutineScheduler.kt:586)
10-04 18:37:47.228 14445 14487 W System.err: 	at kotlinx.coroutines.scheduling.CoroutineScheduler$Worker.executeTask(CoroutineScheduler.kt:820)
10-04 18:37:47.228 14445 14487 W System.err: 	at kotlinx.coroutines.scheduling.CoroutineScheduler$Worker.runWorker(CoroutineScheduler.kt:717)
10-04 18:37:47.228 14445 14487 W System.err: 	at kotlinx.coroutines.scheduling.CoroutineScheduler$Worker.run(CoroutineScheduler.kt:704)
10-04 18:37:47.228 14445 14487 D ApiError: -------------------------------------------------------------------
10-04 18:37:47.522 14445 14445 I ViewRootImpl@7f5677e[MainActivity]: ViewPostIme pointer 1
10-04 18:37:47.854 14445 14445 I ViewRootImpl@7f5677e[MainActivity]: ViewPostIme pointer 0
10-04 18:37:47.913 14445 14445 I ViewRootImpl@7f5677e[MainActivity]: ViewPostIme pointer 1
10-04 18:37:48.161 14445 14445 I ViewRootImpl@7f5677e[MainActivity]: ViewPostIme pointer 0
10-04 18:37:48.218 14445 14445 I ViewRootImpl@7f5677e[MainActivity]: ViewPostIme pointer 1
10-04 18:37:48.233 14445 14445 I NavComponent: Navigating to fragment: 2131362274
10-04 18:37:48.238 14445 14445 I IMM_LC  : hsifw() - flag : 0
10-04 18:37:48.238 14445 14445 I IMM_LC  : hsifw() ignore mServedView == null or mServedView.getWindowToken() != windowToken, mServedView :DecorView@e5e9da[MainActivity]
10-04 18:37:48.242 14445 14445 I MSHandlerLifeCycle: check: return. pkg=com.lagradost.cloudstream3 isActivity=false callers=com.android.internal.policy.DecorView.setVisibility:4412 android.app.Dialog.hide:767 com.lagradost.cloudstream3.utils.AppContextUtils.ownHide:123 com.lagradost.cloudstream3.ui.home.HomeFragment$Companion.loadHomepageList$lambda$3:185 com.lagradost.cloudstream3.ui.home.HomeFragment$Companion.$r8$lambda$MoQSIPnUiyzkK5n4sMwjTMvpPNA:0 
10-04 18:37:48.242 14445 14445 I MSHandlerLifeCycle: removeMultiSplitHandler: no exist. decor=DecorView@e5e9da[MainActivity]
10-04 18:37:48.267 14445 14445 D ScrollView: initGoToTop
10-04 18:37:48.565 14445 14445 I SurfaceView@2056a84: onWindowVisibilityChanged(0) true android.view.SurfaceView{2056a84 V.E...... ......I. 0,0-0,0} of ViewRootImpl@9ace973[MainActivity]
10-04 18:37:48.565 14445 14445 D SurfaceView@2056a84: updateSurface: has no frame
10-04 18:37:48.572 14445 14445 I CS3ExoPlayer: SET STYLE = SaveCaptionStyle(foregroundColor=-1, backgroundColor=0, windowColor=0, edgeType=1, edgeColor=-16777216, typeface=null, typefaceFilePath=null, elevation=20, fixedTextSize=null, edgeSize=null, removeCaptions=false, removeBloat=true, upperCase=false, bold=false, italic=false, backgroundRadius=null)
10-04 18:37:48.582 14445 14445 I IMM_LC  : hsifw() - flag : 0
10-04 18:37:48.583 14445 14445 I IMM_LC  : hsifw() ignore mServedView == null or mServedView.getWindowToken() != windowToken, mServedView :DecorView@e5e9da[MainActivity]
10-04 18:37:48.583 14445 14497 I SYNCVM  : addFromUrl = https://wecima.now/watch/%d9%85%d8%b4%d8%a7%d9%87%d8%af%d8%a9-%d9%85%d8%b3%d9%84%d8%b3%d9%84-walking-on-thin-ice-%d9%85%d9%88%d8%b3%d9%85-1-%d8%ad%d9%84%d9%82%d8%a9-3/
10-04 18:37:48.584 14445 14497 I SYNCUTIL: getIdsFromUrl https://wecima.now/watch/%d9%85%d8%b4%d8%a7%d9%87%d8%af%d8%a9-%d9%85%d8%b3%d9%84%d8%b3%d9%84-walking-on-thin-ice-%d9%85%d9%88%d8%b3%d9%85-1-%d8%ad%d9%84%d9%82%d8%a9-3/
10-04 18:37:48.599 14445 14445 I SurfaceView@2056a84: onWindowVisibilityChanged(8) false android.view.SurfaceView{2056a84 V.E...... ......I. 0,0-0,0} of ViewRootImpl@9ace973[MainActivity]
10-04 18:37:48.599 14445 14445 D SurfaceView@2056a84: updateSurface: has no frame
10-04 18:37:48.599 14445 14445 D SurfaceView@2056a84: updateSurface: has no frame
10-04 18:37:48.599 14445 14445 I SurfaceView@2056a84: onDetachedFromWindow: tryReleaseSurfaces()
10-04 18:37:48.599 14445 14445 I SurfaceView@2056a84: releaseSurfaces: viewRoot = ViewRootImpl@9ace973[MainActivity]
10-04 18:37:48.599 14445 14445 I SurfaceView@2056a84: applyTransactionOnVriDraw: vri = ViewRootImpl@9ace973[MainActivity] fRS = true t = 0x7b1c551800 android.view.SurfaceView.releaseSurfaces:858 android.view.SurfaceView.onDetachedFromWindow:500 android.view.View.dispatchDetachedFromWindow:22538 
10-04 18:37:48.599 14445 14445 I SurfaceView@2056a84: applyTransactionOnVriDraw: viewRoot.applyTransactionOnDrawFromReleaseSurfaces
10-04 18:37:48.599 14445 14445 I ViewRootImpl@9ace973[MainActivity]: applyTransactionOnDraw: mRemoved = false isHardwareEnabled = true t = 0x7b1c551800android.view.ViewRootImpl.applyTransactionOnDrawFromReleaseSurfaces:12850 android.view.SurfaceView.applyTransactionOnVriDraw:2046 android.view.SurfaceView.releaseSurfaces:858 android.view.SurfaceView.onDetachedFromWindow:500 android.view.View.dispatchDetachedFromWindow:22538 
10-04 18:37:48.601 14445 14445 I SurfaceView@2056a84: onWindowVisibilityChanged(0) true android.view.SurfaceView{2056a84 V.E...... ......I. 0,0-0,0} of ViewRootImpl@9ace973[MainActivity]
10-04 18:37:48.601 14445 14445 D SurfaceView@2056a84: updateSurface: has no frame
10-04 18:37:48.605 14445 14445 I DecorView: notifyKeepScreenOnChanged: keepScreenOn=false
10-04 18:37:48.617 14445 14445 I CS3ExoPlayer: reloadPlayer
10-04 18:37:48.617 14445 14445 I CS3ExoPlayer: releasePlayer
10-04 18:37:48.617 14445 14445 I CS3ExoPlayer: Handle event: PlayerAttachedEvent(player=null, source=Player)
10-04 18:37:48.624 14445 14445 I ViewRootImpl@9ace973[MainActivity]: performTraversals params={(0,0)(fillxfill) sim={state=always_hidden adjust=resize} ty=BASE_APPLICATION wanim=0x1030309
10-04 18:37:48.624 14445 14445 I ViewRootImpl@9ace973[MainActivity]:   fl=85810100
10-04 18:37:48.624 14445 14445 I ViewRootImpl@9ace973[MainActivity]:   pfl=12020040
10-04 18:37:48.624 14445 14445 I ViewRootImpl@9ace973[MainActivity]:   vsysui=500
10-04 18:37:48.624 14445 14445 I ViewRootImpl@9ace973[MainActivity]:   bhv=DEFAULT
10-04 18:37:48.624 14445 14445 I ViewRootImpl@9ace973[MainActivity]:   fitSides= naviIconColor=0}
10-04 18:37:48.624 14445 14445 I ViewRootImpl@9ace973[MainActivity]: performTraversals mFirst=false windowShouldResize=false viewVisibilityChanged=false mForceNextWindowRelayout=false params={(0,0)(fillxfill) sim={state=always_hidden adjust=resize} ty=BASE_APPLICATION fmt=TRANSLUCENT wanim=0x1030309
10-04 18:37:48.624 14445 14445 I ViewRootImpl@9ace973[MainActivity]:   fl=85810100
10-04 18:37:48.624 14445 14445 I ViewRootImpl@9ace973[MainActivity]:   pfl=12020040
10-04 18:37:48.624 14445 14445 I ViewRootImpl@9ace973[MainActivity]:   vsysui=500
10-04 18:37:48.624 14445 14445 I ViewRootImpl@9ace973[MainActivity]:   bhv=DEFAULT
10-04 18:37:48.624 14445 14445 I ViewRootImpl@9ace973[MainActivity]:   fitSides= naviIconColor=0}
10-04 18:37:48.629 14445 14445 I ViewRootImpl@9ace973[MainActivity]: updateBlastSurfaceIfNeeded mBlastBufferQueue=0x7b3d603900 isSameSurfaceControl=true
10-04 18:37:48.630 14445 14445 I BLASTBufferQueue: update, w= 1080 h= 2400 mName = ViewRootImpl@9ace973[MainActivity] mNativeObject= 0x7b3d603900 sc.mNativeObject= 0x7aebf3f9a0 format= -3 caller= android.view.ViewRootImpl.updateBlastSurfaceIfNeeded:2898 android.view.ViewRootImpl.relayoutWindow:9847 android.view.ViewRootImpl.performTraversals:3884 android.view.ViewRootImpl.doTraversal:3116 android.view.ViewRootImpl$TraversalRunnable.run:10885 android.view.Choreographer$CallbackRecord.run:1301 
10-04 18:37:48.630 14445 14445 I ViewRootImpl@9ace973[MainActivity]: Relayout returned: old=(0,0,1080,2400) new=(0,0,1080,2400) req=(1080,2400)0 dur=5 res=0x0 s={true 0x7b5dc16800} ch=false seqId=0
10-04 18:37:48.630 14445 14445 I ViewRootImpl@9ace973[MainActivity]: updateBoundsLayer: t = android.view.SurfaceControl$Transaction@5a5d4b8 sc = Surface(name=Bounds for - com.lagradost.cloudstream3/com.lagradost.cloudstream3.MainActivity@0)/@0xcbbd291 frame = 647
10-04 18:37:48.630 14445 14445 I ViewRootImpl@9ace973[MainActivity]: mWNT: t=0x7b5dcdfd00 mBlastBufferQueue=0x7b3d603900 fn= 647 caller= android.view.ViewRootImpl.prepareSurfaces:2985 android.view.ViewRootImpl.performTraversals:4233 android.view.ViewRootImpl.doTraversal:3116 
10-04 18:37:48.631 14445 14445 W View    : requestLayout() improperly called by android.widget.FrameLayout{5ec813f I.E...... ......I. 0,0-0,0 #7f0a04e7 app:id/start_panel} during layout: running second layout pass
10-04 18:37:48.632 14445 14445 W View    : requestLayout() improperly called by android.widget.FrameLayout{ace6a0c I.E...... ......ID 1080,0-1080,2143 #7f0a0168 app:id/end_panel} during layout: running second layout pass
10-04 18:37:48.633 14445 14445 D SurfaceView@2056a84: updateSurface: has no frame
10-04 18:37:48.638 14445 14537 I ViewRootImpl@9ace973[MainActivity]: mWNT: t=0x7b1c551800 mBlastBufferQueue=0x7b3d603900 fn= 647 caller= android.view.ViewRootImpl.lambda$applyTransactionOnDraw$11$android-view-ViewRootImpl:12865 android.view.ViewRootImpl$$ExternalSyntheticLambda1.onFrameDraw:4 android.graphics.HardwareRenderer$FrameDrawingCallback.onFrameDraw:924 
10-04 18:37:48.643 14445 14461 D OpenGLRenderer: setSurface called with nullptr
10-04 18:37:48.643 14445 14461 D OpenGLRenderer: setSurface() destroyed EGLSurface
10-04 18:37:48.643 14445 14461 D OpenGLRenderer: destroyEglSurface
10-04 18:37:48.647 14445 14445 I ViewRootImpl@7f5677e[MainActivity]: performTraversals mFirst=false windowShouldResize=false viewVisibilityChanged=true mForceNextWindowRelayout=false params={(0,0)(fillxfill) gr=CENTER sim={adjust=pan} ty=APPLICATION fmt=TRANSPARENT wanim=0x7f14000b
10-04 18:37:48.647 14445 14445 I ViewRootImpl@7f5677e[MainActivity]:   fl=85810100
10-04 18:37:48.647 14445 14445 I ViewRootImpl@7f5677e[MainActivity]:   pfl=12020040
10-04 18:37:48.647 14445 14445 I ViewRootImpl@7f5677e[MainActivity]:   vsysui=500
10-04 18:37:48.647 14445 14445 I ViewRootImpl@7f5677e[MainActivity]:   bhv=DEFAULT
10-04 18:37:48.647 14445 14445 I ViewRootImpl@7f5677e[MainActivity]:   fitSides= naviIconColor=0}
10-04 18:37:48.659 14445 14445 D InsetsController: onStateChanged: InsetsState: {mDisplayFrame=Rect(0, 0 - 1080, 2400), mDisplayCutout=DisplayCutout{insets=Rect(0, 88 - 0, 0) waterfall=Insets{left=0, top=0, right=0, bottom=0} boundingRect={Bounds=[Rect(0, 0 - 0, 0), Rect(512, 0 - 568, 88), Rect(0, 0 - 0, 0), Rect(0, 0 - 0, 0)]} cutoutPathParserInfo={CutoutPathParserInfo{displayWidth=1080 displayHeight=2400 physicalDisplayWidth=1080 physicalDisplayHeight=2400 density={2.625} cutoutSpec={M 0,0 M 0,12.25101276465640 a 10.60613009248640,10.60613009248640 0 1,0 0,21.21226018497290 a 10.60613009248640,10.60613009248640 0 1,0 0,-21.21226018497290 Z @dp} rotation={0} scale={1.0} physicalPixelDisplaySizeRatio={1.0}}}}, mRoundedCorners=RoundedCorners{[RoundedCorner{position=TopLeft, radius=84, center=Point(84, 84)}, RoundedCorner{position=TopRight, radius=84, center=Point(996, 84)}, RoundedCorner{position=BottomRight, radius=84, center=Point(996, 2316)}, RoundedCorner{position=BottomLeft, radius=84, center=Point(84, 2316)}]}  mRoundedCornerFrame=Rect(0, 0 - 1080, 2400), mPrivacyIndicatorBounds=PrivacyIndicatorBounds {static bounds=Rect(964, 0 - 1080, 87) rotation=0}, mSources= { InsetsSource: {mType=ITYPE_STATUS_BAR, mFrame=[0,0][1080,88], mVisible=true, mInsetsRoundedCornerFrame=false}, InsetsSource: {mType=ITYPE_NAVIGATION_BAR, mFrame=[0,2361][1080,2400], mVisible=true, mInsetsRoundedCornerFrame=false}, InsetsSource: {mType=ITYPE_LEFT_GESTURES, mFrame=[0,0][130,2400], mVisible=true, mInsetsRoundedCornerFrame=false}, InsetsSource: {mType=ITYPE_RIGHT_GESTURES, mFrame=[950,0][1080,2400], mVisible=true, mInsetsRoundedCornerFrame=false}, InsetsSource: {mType=ITYPE_TOP_MANDATORY_GESTURES, mFrame=[0,0][1080,120], mVisible=true, mInsetsRoundedCornerFrame=false}, InsetsSource: {mType=ITYPE_BOTTOM_MANDATORY_GESTURES, mFrame=[0,2316][1080,2400], mVisible=true, mInsetsRoundedCornerFrame=false}, InsetsSource: {mType=ITYPE_LEFT_DISPLAY_CUTOUT, mFrame=[0,0][-100000,2400], mVisible=true, mInsetsRoundedCornerFrame=false}, InsetsSource: {mType=ITYPE_TOP_DISPLAY_CUTOUT, mFrame=[0,0][1080,88], mVisible=true, mInsetsRoundedCornerFrame=false}, InsetsSource: {mType=ITYPE_RIGHT_DISPLAY_CUTOUT, mFrame=[100000,0][1080,2400], mVisible=true, mInsetsRoundedCornerFrame=false}, InsetsSource: {mType=ITYPE_BOTTOM_DISPLAY_CUTOUT, mFrame=[0,100000][1080,2400], mVisible=true, mInsetsRoundedCornerFrame=false}, InsetsSource: {mType=ITYPE_TOP_TAPPABLE_ELEMENT, mFrame=[0,0][1080,88], mVisible=true, mInsetsRoundedCornerFrame=false}, InsetsSource: {mType=ITYPE_BOTTOM_TAPPABLE_ELEMENT, mFrame=[0,0][0,0], mVisible=true, mInsetsRoundedCornerFrame=false} } host=com.lagradost.cloudstream3/com.lagradost.cloudstream3.MainActivity from=android.view.ViewRootImpl.relayoutWindow:9802
10-04 18:37:48.661 14445 14445 I ViewRootImpl@7f5677e[MainActivity]: Relayout returned: old=(0,0,1080,2400) new=(0,0,1080,2400) req=(1080,2400)8 dur=13 res=0x2 s={false 0x0} ch=true seqId=0
10-04 18:37:48.667 14445 14445 D SurfaceView@2056a84: updateSurface: has no frame
10-04 18:37:48.681 14445 14445 D SurfaceView@2056a84: updateSurface: has no frame
10-04 18:37:48.698 14445 14445 D SurfaceView@2056a84: updateSurface: has no frame
10-04 18:37:48.699 14445 14445 I ViewRootImpl@7f5677e[MainActivity]: MSG_WINDOW_FOCUS_CHANGED 0 0
10-04 18:37:48.700 14445 14445 I ViewRootImpl@9ace973[MainActivity]: MSG_WINDOW_FOCUS_CHANGED 1 0
10-04 18:37:48.700 14445 14445 I ViewRootImpl@9ace973[MainActivity]: mThreadedRenderer.initializeIfNeeded()#2 mSurface={isValid=true 0x7b5dc16800}
10-04 18:37:48.706 14445 14445 D InputMethodManager: startInputInner - Id : 0
10-04 18:37:48.706 14445 14445 I InputMethodManager: startInputInner - mService.startInputOrWindowGainedFocus
10-04 18:37:48.714 14445 14445 D SurfaceView@2056a84: updateSurface: has no frame
10-04 18:37:48.732 14445 14445 D SurfaceView@2056a84: updateSurface: has no frame
10-04 18:37:48.748 14445 14445 D SurfaceView@2056a84: updateSurface: has no frame
10-04 18:37:48.764 14445 14445 D SurfaceView@2056a84: updateSurface: has no frame
10-04 18:37:48.771 14445 14445 I MSHandlerLifeCycle: check: return. pkg=com.lagradost.cloudstream3 isActivity=false callers=com.android.internal.policy.DecorView.setVisibility:4412 android.app.Dialog.hide:767 com.lagradost.cloudstream3.utils.AppContextUtils.ownHide:123 com.lagradost.cloudstream3.ui.home.HomeFragment.onDestroyView:459 androidx.fragment.app.Fragment.performDestroyView:3357 
10-04 18:37:48.771 14445 14445 I MSHandlerLifeCycle: removeMultiSplitHandler: no exist. decor=DecorView@e5e9da[MainActivity]
10-04 18:37:48.781 14445 14445 D SurfaceView@2056a84: updateSurface: has no frame
10-04 18:37:48.798 14445 14445 D SurfaceView@2056a84: updateSurface: has no frame
10-04 18:37:48.815 14445 14445 D SurfaceView@2056a84: updateSurface: has no frame
10-04 18:37:48.831 14445 14445 D SurfaceView@2056a84: updateSurface: has no frame
10-04 18:37:48.848 14445 14445 D SurfaceView@2056a84: updateSurface: has no frame
10-04 18:37:48.864 14445 14445 D SurfaceView@2056a84: updateSurface: has no frame
10-04 18:37:48.881 14445 14445 D SurfaceView@2056a84: updateSurface: has no frame
10-04 18:37:48.898 14445 14445 D SurfaceView@2056a84: updateSurface: has no frame
10-04 18:37:48.914 14445 14445 D SurfaceView@2056a84: updateSurface: has no frame
10-04 18:37:48.931 14445 14445 D SurfaceView@2056a84: updateSurface: has no frame
10-04 18:37:48.948 14445 14445 D SurfaceView@2056a84: updateSurface: has no frame
10-04 18:37:48.964 14445 14445 D SurfaceView@2056a84: updateSurface: has no frame
10-04 18:37:48.981 14445 14445 D SurfaceView@2056a84: updateSurface: has no frame
10-04 18:37:48.998 14445 14445 D SurfaceView@2056a84: updateSurface: has no frame
10-04 18:37:49.014 14445 14445 D SurfaceView@2056a84: updateSurface: has no frame
10-04 18:37:49.031 14445 14445 D SurfaceView@2056a84: updateSurface: has no frame
10-04 18:37:49.048 14445 14445 D SurfaceView@2056a84: updateSurface: has no frame
10-04 18:37:49.064 14445 14445 D SurfaceView@2056a84: updateSurface: has no frame
10-04 18:37:49.081 14445 14445 D SurfaceView@2056a84: updateSurface: has no frame
10-04 18:37:49.098 14445 14445 D SurfaceView@2056a84: updateSurface: has no frame
10-04 18:37:49.114 14445 14445 D SurfaceView@2056a84: updateSurface: has no frame
10-04 18:37:49.131 14445 14445 D SurfaceView@2056a84: updateSurface: has no frame
10-04 18:37:49.148 14445 14445 D SurfaceView@2056a84: updateSurface: has no frame
10-04 18:37:49.164 14445 14445 D SurfaceView@2056a84: updateSurface: has no frame
10-04 18:37:49.181 14445 14445 D SurfaceView@2056a84: updateSurface: has no frame
10-04 18:37:49.198 14445 14445 D SurfaceView@2056a84: updateSurface: has no frame
10-04 18:37:49.217 14445 14445 D SurfaceView@2056a84: updateSurface: has no frame
10-04 18:37:49.234 14445 14445 D SurfaceView@2056a84: updateSurface: has no frame
10-04 18:37:49.250 14445 14445 D SurfaceView@2056a84: updateSurface: has no frame
10-04 18:37:49.265 14445 14445 D SurfaceView@2056a84: updateSurface: has no frame
10-04 18:37:49.281 14445 14445 D SurfaceView@2056a84: updateSurface: has no frame
10-04 18:37:49.297 14445 14445 D SurfaceView@2056a84: updateSurface: has no frame
10-04 18:37:49.314 14445 14445 D SurfaceView@2056a84: updateSurface: has no frame
10-04 18:37:49.331 14445 14445 D SurfaceView@2056a84: updateSurface: has no frame
10-04 18:37:49.347 14445 14445 D SurfaceView@2056a84: updateSurface: has no frame
10-04 18:37:49.364 14445 14445 D SurfaceView@2056a84: updateSurface: has no frame
10-04 18:37:49.381 14445 14445 D SurfaceView@2056a84: updateSurface: has no frame
10-04 18:37:49.397 14445 14445 D SurfaceView@2056a84: updateSurface: has no frame
10-04 18:37:49.414 14445 14445 D SurfaceView@2056a84: updateSurface: has no frame
10-04 18:37:49.431 14445 14445 D SurfaceView@2056a84: updateSurface: has no frame
10-04 18:37:49.448 14445 14445 D SurfaceView@2056a84: updateSurface: has no frame
10-04 18:37:49.464 14445 14445 D SurfaceView@2056a84: updateSurface: has no frame
10-04 18:37:49.481 14445 14445 D SurfaceView@2056a84: updateSurface: has no frame
10-04 18:37:49.497 14445 14445 D SurfaceView@2056a84: updateSurface: has no frame
10-04 18:37:49.514 14445 14445 D SurfaceView@2056a84: updateSurface: has no frame
10-04 18:37:49.531 14445 14445 D SurfaceView@2056a84: updateSurface: has no frame
10-04 18:37:49.548 14445 14445 D SurfaceView@2056a84: updateSurface: has no frame
10-04 18:37:49.564 14445 14445 D SurfaceView@2056a84: updateSurface: has no frame
10-04 18:37:49.581 14445 14445 D SurfaceView@2056a84: updateSurface: has no frame
10-04 18:37:49.597 14445 14445 D SurfaceView@2056a84: updateSurface: has no frame
10-04 18:37:49.614 14445 14445 D SurfaceView@2056a84: updateSurface: has no frame
10-04 18:37:49.631 14445 14445 D SurfaceView@2056a84: updateSurface: has no frame
10-04 18:37:49.647 14445 14445 D SurfaceView@2056a84: updateSurface: has no frame
10-04 18:37:49.664 14445 14445 D SurfaceView@2056a84: updateSurface: has no frame
10-04 18:37:49.681 14445 14445 D SurfaceView@2056a84: updateSurface: has no frame
10-04 18:37:49.697 14445 14445 D SurfaceView@2056a84: updateSurface: has no frame
10-04 18:37:49.714 14445 14445 D SurfaceView@2056a84: updateSurface: has no frame
10-04 18:37:49.731 14445 14445 D SurfaceView@2056a84: updateSurface: has no frame
10-04 18:37:49.747 14445 14445 D SurfaceView@2056a84: updateSurface: has no frame
10-04 18:37:49.764 14445 14445 D SurfaceView@2056a84: updateSurface: has no frame
10-04 18:37:49.781 14445 14445 D SurfaceView@2056a84: updateSurface: has no frame
10-04 18:37:49.797 14445 14445 D SurfaceView@2056a84: updateSurface: has no frame
10-04 18:37:49.814 14445 14445 D SurfaceView@2056a84: updateSurface: has no frame
10-04 18:37:49.831 14445 14445 D SurfaceView@2056a84: updateSurface: has no frame
10-04 18:37:49.847 14445 14445 D SurfaceView@2056a84: updateSurface: has no frame
10-04 18:37:49.864 14445 14445 D SurfaceView@2056a84: updateSurface: has no frame
10-04 18:37:49.881 14445 14445 D SurfaceView@2056a84: updateSurface: has no frame
10-04 18:37:49.897 14445 14445 D SurfaceView@2056a84: updateSurface: has no frame
10-04 18:37:49.914 14445 14445 D SurfaceView@2056a84: updateSurface: has no frame
10-04 18:37:49.931 14445 14445 D SurfaceView@2056a84: updateSurface: has no frame
10-04 18:37:49.947 14445 14445 D SurfaceView@2056a84: updateSurface: has no frame
10-04 18:37:49.964 14445 14445 D SurfaceView@2056a84: updateSurface: has no frame
10-04 18:37:49.981 14445 14445 D SurfaceView@2056a84: updateSurface: has no frame
10-04 18:37:49.998 14445 14445 D SurfaceView@2056a84: updateSurface: has no frame
10-04 18:37:50.015 14445 14445 D SurfaceView@2056a84: updateSurface: has no frame
10-04 18:37:50.031 14445 14445 D SurfaceView@2056a84: updateSurface: has no frame
10-04 18:37:50.047 14445 14445 D SurfaceView@2056a84: updateSurface: has no frame
10-04 18:37:50.064 14445 14445 D SurfaceView@2056a84: updateSurface: has no frame
10-04 18:37:50.081 14445 14445 D SurfaceView@2056a84: updateSurface: has no frame
10-04 18:37:50.097 14445 14445 D SurfaceView@2056a84: updateSurface: has no frame
10-04 18:37:50.114 14445 14445 D SurfaceView@2056a84: updateSurface: has no frame
10-04 18:37:50.131 14445 14445 D SurfaceView@2056a84: updateSurface: has no frame
10-04 18:37:50.147 14445 14445 D SurfaceView@2056a84: updateSurface: has no frame
10-04 18:37:50.164 14445 14445 D SurfaceView@2056a84: updateSurface: has no frame
10-04 18:37:50.181 14445 14445 D SurfaceView@2056a84: updateSurface: has no frame
10-04 18:37:50.197 14445 14445 D SurfaceView@2056a84: updateSurface: has no frame
10-04 18:37:50.214 14445 14445 D SurfaceView@2056a84: updateSurface: has no frame
10-04 18:37:50.230 14445 14445 D SurfaceView@2056a84: updateSurface: has no frame
10-04 18:37:50.247 14445 14445 D SurfaceView@2056a84: updateSurface: has no frame
10-04 18:37:50.264 14445 14445 D SurfaceView@2056a84: updateSurface: has no frame
10-04 18:37:50.281 14445 14445 D SurfaceView@2056a84: updateSurface: has no frame
10-04 18:37:50.297 14445 14445 D SurfaceView@2056a84: updateSurface: has no frame
10-04 18:37:50.314 14445 14445 D SurfaceView@2056a84: updateSurface: has no frame
10-04 18:37:50.330 14445 14445 D SurfaceView@2056a84: updateSurface: has no frame
10-04 18:37:50.347 14445 14445 D SurfaceView@2056a84: updateSurface: has no frame
10-04 18:37:50.364 14445 14445 D SurfaceView@2056a84: updateSurface: has no frame
10-04 18:37:50.380 14445 14445 D SurfaceView@2056a84: updateSurface: has no frame
10-04 18:37:50.397 14445 14445 D SurfaceView@2056a84: updateSurface: has no frame
10-04 18:37:50.415 14445 14445 D SurfaceView@2056a84: updateSurface: has no frame
10-04 18:37:50.430 14445 14445 D SurfaceView@2056a84: updateSurface: has no frame
10-04 18:37:50.447 14445 14445 D SurfaceView@2056a84: updateSurface: has no frame
10-04 18:37:50.464 14445 14445 D SurfaceView@2056a84: updateSurface: has no frame
10-04 18:37:50.480 14445 14445 D SurfaceView@2056a84: updateSurface: has no frame
10-04 18:37:50.497 14445 14445 D SurfaceView@2056a84: updateSurface: has no frame
10-04 18:37:50.514 14445 14445 D SurfaceView@2056a84: updateSurface: has no frame
10-04 18:37:50.530 14445 14445 D SurfaceView@2056a84: updateSurface: has no frame
10-04 18:37:50.547 14445 14445 D SurfaceView@2056a84: updateSurface: has no frame
10-04 18:37:50.564 14445 14445 D SurfaceView@2056a84: updateSurface: has no frame
10-04 18:37:50.580 14445 14445 D SurfaceView@2056a84: updateSurface: has no frame
10-04 18:37:50.597 14445 14445 D SurfaceView@2056a84: updateSurface: has no frame
10-04 18:37:50.613 14445 14445 D SurfaceView@2056a84: updateSurface: has no frame
10-04 18:37:50.630 14445 14445 D SurfaceView@2056a84: updateSurface: has no frame
10-04 18:37:50.647 14445 14445 D SurfaceView@2056a84: updateSurface: has no frame
10-04 18:37:50.664 14445 14445 D SurfaceView@2056a84: updateSurface: has no frame
10-04 18:37:50.681 14445 14445 D SurfaceView@2056a84: updateSurface: has no frame
10-04 18:37:50.697 14445 14445 D SurfaceView@2056a84: updateSurface: has no frame
10-04 18:37:50.715 14445 14445 D SurfaceView@2056a84: updateSurface: has no frame
10-04 18:37:50.732 14445 14445 D SurfaceView@2056a84: updateSurface: has no frame
10-04 18:37:50.747 14445 14445 D SurfaceView@2056a84: updateSurface: has no frame
10-04 18:37:50.764 14445 14445 D SurfaceView@2056a84: updateSurface: has no frame
10-04 18:37:50.780 14445 14445 D SurfaceView@2056a84: updateSurface: has no frame
10-04 18:37:50.797 14445 14445 D SurfaceView@2056a84: updateSurface: has no frame
10-04 18:37:50.814 14445 14445 D SurfaceView@2056a84: updateSurface: has no frame
10-04 18:37:50.830 14445 14445 D SurfaceView@2056a84: updateSurface: has no frame
10-04 18:37:50.846 14445 14541 I RVM2    : applyMeta
10-04 18:37:50.847 14445 14445 D SurfaceView@2056a84: updateSurface: has no frame
10-04 18:37:50.853 14445 14445 W PanelsChildGestureRegionObserver: failed to register view with ID 2131362800. already registered
10-04 18:37:50.856 14445 14445 E CoilImgLoader: Error loading image: coil3.request.NullRequestDataException: The request's data is null.
10-04 18:37:50.860 14445 14445 E CoilImgLoader: Error loading image: coil3.request.NullRequestDataException: The request's data is null.
10-04 18:37:50.919 14445 14489 I SYNCVM  : addFromUrl = https://wecima.now/watch/%d9%85%d8%b4%d8%a7%d9%87%d8%af%d8%a9-%d9%85%d8%b3%d9%84%d8%b3%d9%84-walking-on-thin-ice-%d9%85%d9%88%d8%b3%d9%85-1-%d8%ad%d9%84%d9%82%d8%a9-3/
10-04 18:37:50.920 14445 14489 I SYNCUTIL: getIdsFromUrl https://wecima.now/watch/%d9%85%d8%b4%d8%a7%d9%87%d8%af%d8%a9-%d9%85%d8%b3%d9%84%d8%b3%d9%84-walking-on-thin-ice-%d9%85%d9%88%d8%b3%d9%85-1-%d8%ad%d9%84%d9%82%d8%a9-3/
10-04 18:37:50.940 14445 14445 I ViewRootImpl@9ace973[MainActivity]: performTraversals mFirst=false windowShouldResize=false viewVisibilityChanged=false mForceNextWindowRelayout=false params={(0,0)(fillxfill) sim={state=always_hidden adjust=pan} ty=BASE_APPLICATION fmt=TRANSLUCENT wanim=0x1030309
10-04 18:37:50.940 14445 14445 I ViewRootImpl@9ace973[MainActivity]:   fl=85810100
10-04 18:37:50.940 14445 14445 I ViewRootImpl@9ace973[MainActivity]:   pfl=12020040
10-04 18:37:50.940 14445 14445 I ViewRootImpl@9ace973[MainActivity]:   vsysui=500
10-04 18:37:50.940 14445 14445 I ViewRootImpl@9ace973[MainActivity]:   bhv=DEFAULT
10-04 18:37:50.940 14445 14445 I ViewRootImpl@9ace973[MainActivity]:   fitSides= naviIconColor=0}
10-04 18:37:50.949 14445 14445 I ViewRootImpl@9ace973[MainActivity]: updateBlastSurfaceIfNeeded mBlastBufferQueue=0x7b3d603900 isSameSurfaceControl=true
10-04 18:37:50.949 14445 14445 I BLASTBufferQueue: update, w= 1080 h= 2400 mName = ViewRootImpl@9ace973[MainActivity] mNativeObject= 0x7b3d603900 sc.mNativeObject= 0x7aebfcb1e0 format= -3 caller= android.view.ViewRootImpl.updateBlastSurfaceIfNeeded:2898 android.view.ViewRootImpl.relayoutWindow:9847 android.view.ViewRootImpl.performTraversals:3884 android.view.ViewRootImpl.doTraversal:3116 android.view.ViewRootImpl$TraversalRunnable.run:10885 android.view.Choreographer$CallbackRecord.run:1301 
10-04 18:37:50.950 14445 14445 I ViewRootImpl@9ace973[MainActivity]: Relayout returned: old=(0,0,1080,2400) new=(0,0,1080,2400) req=(1080,2400)0 dur=9 res=0x0 s={true 0x7b5dc16800} ch=false seqId=0
10-04 18:37:50.950 14445 14445 D SurfaceView@2056a84: updateSurface: has no frame
10-04 18:37:50.953 14445 14445 I SurfaceView@2056a84: Changes: creating=true format=true size=true visible=true alpha=false hint=false mUseAlpha=false visible=true left=true top=true
10-04 18:37:50.955 14445 14445 I BLASTBufferQueue: update, w= 1080 h= 525 mName = null mNativeObject= 0x7b362b0d00 sc.mNativeObject= 0x7aebfcb6e0 format= 4 caller= android.view.SurfaceView.createBlastSurfaceControls:1383 android.view.SurfaceView.updateSurface:1079 android.view.SurfaceView.lambda$new$0$android-view-SurfaceView:200 android.view.SurfaceView$$ExternalSyntheticLambda5.onPreDraw:2 android.view.ViewTreeObserver.dispatchOnPreDraw:1121 android.view.ViewRootImpl.performTraversals:4442 
10-04 18:37:50.955 14445 14445 I SurfaceView@2056a84: 33909380 Cur surface: Surface(name=null)/@0x1040a86
10-04 18:37:50.955 14445 14445 I SurfaceView@2056a84: pST: sr = Rect(0, 218 - 1080, 743) sw = 1080 sh = 525
10-04 18:37:50.956 14445 14445 D SurfaceView@2056a84: performSurfaceTransaction RenderWorker position = [0, 218, 1080, 743] surfaceSize = 1080x525
10-04 18:37:50.956 14445 14445 I SurfaceView@2056a84: applyTransactionOnVriDraw: vri = ViewRootImpl@9ace973[MainActivity] fRS = false t = 0x7bdd58e800 android.view.SurfaceView.performSurfaceTransaction:959 android.view.SurfaceView.updateSurface:1105 android.view.SurfaceView.lambda$new$0$android-view-SurfaceView:200 
10-04 18:37:50.956 14445 14445 I ViewRootImpl@9ace973[MainActivity]: applyTransactionOnDraw: mRemoved = false isHardwareEnabled = true t = 0x7bdd58e800android.view.SurfaceView.applyTransactionOnVriDraw:2048 android.view.SurfaceView.performSurfaceTransaction:959 android.view.SurfaceView.updateSurface:1105 android.view.SurfaceView.lambda$new$0$android-view-SurfaceView:200 android.view.SurfaceView$$ExternalSyntheticLambda5.onPreDraw:2 
10-04 18:37:50.956 14445 14445 I SurfaceView@2056a84: updateSurface: mVisible = true mSurface.isValid() = true
10-04 18:37:50.956 14445 14445 I SurfaceView@2056a84: updateSurface: mSurfaceCreated = false surfaceChanged = true visibleChanged = true
10-04 18:37:50.956 14445 14445 I SurfaceView@2056a84: visibleChanged -- surfaceCreated
10-04 18:37:50.956 14445 14445 I SurfaceView@2056a84: surfaceCreated 0 #8 android.view.SurfaceView{2056a84 V.E...... ......ID 0,0-1080,525}
10-04 18:37:50.956 14445 14445 I SurfaceView@2056a84: surfaceChanged -- format=4 w=1080 h=525
10-04 18:37:50.956 14445 14445 I SurfaceView@2056a84: surfaceChanged (1080,525) 0 #8 android.view.SurfaceView{2056a84 V.E...... ......ID 0,0-1080,525}
10-04 18:37:50.956 14445 14445 I SurfaceView@2056a84: surfaceRedrawNeeded
10-04 18:37:50.957 14445 14445 V SurfaceView@2056a84: Layout: x=0 y=218 w=1080 h=525, frame=Rect(0, 0 - 1080, 525)
10-04 18:37:50.974 14445 14536 D SurfaceView@2056a84: updateSurfacePosition RenderWorker, frameNr = 780, position = [0, 218, 1080, 743] surfaceSize = 1080x525
10-04 18:37:50.974 14445 14536 I SurfaceView@2056a84: uSP: rtp = Rect(0, 218 - 1080, 743) rtsw = 1080 rtsh = 525
10-04 18:37:50.974 14445 14536 I SurfaceView@2056a84: onSSPAndSRT: pl = 0 pt = 218 sx = 1.0 sy = 1.0
