--------- beginning of main
10-04 17:25:17.576 28340 28340 D InputTransport: Input channel destroyed: '5e78537', fd=172
10-04 17:25:17.625 28340 28340 I ViewRootImpl@6cbdb39[MainActivity]: MSG_WINDOW_FOCUS_CHANGED 1 0
10-04 17:25:17.625 28340 28340 I ViewRootImpl@6cbdb39[MainActivity]: mThreadedRenderer.initializeIfNeeded()#2 mSurface={isValid=true 0x7b5da50800}
10-04 17:25:17.630 28340 28340 D InputMethodManager: startInputInner - Id : 0
10-04 17:25:17.630 28340 28340 I InputMethodManager: startInputInner - mService.startInputOrWindowGainedFocus
10-04 17:25:20.114 28340 28340 I ViewRootImpl@6cbdb39[MainActivity]: ViewPostIme pointer 0
10-04 17:25:20.238 28340 28340 I ViewRootImpl@6cbdb39[MainActivity]: MSG_WINDOW_FOCUS_CHANGED 0 0
10-04 17:25:20.584 28340 28340 I ViewRootImpl@6cbdb39[MainActivity]: handleAppVisibility mAppVisible = true visible = false
10-04 17:25:20.596 28340 28360 D OpenGLRenderer: setSurface called with nullptr
10-04 17:25:20.600 28340 28360 D OpenGLRenderer: setSurface() destroyed EGLSurface
10-04 17:25:20.601 28340 28360 D OpenGLRenderer: destroyEglSurface
10-04 17:25:20.605 28340 28340 I ViewRootImpl@6cbdb39[MainActivity]: performTraversals mFirst=false windowShouldResize=false viewVisibilityChanged=true mForceNextWindowRelayout=false params=null
10-04 17:25:20.630 28340 28340 I ViewRootImpl@6cbdb39[MainActivity]: Relayout returned: old=(0,0,1080,2400) new=(0,0,1080,2400) req=(1080,2400)8 dur=22 res=0x2 s={false 0x0} ch=true seqId=0
10-04 17:25:20.631 28340 28340 D InputTransport: Input channel destroyed: 'ClientS', fd=120
10-04 17:25:20.636 28340 28340 I ViewRootImpl@6cbdb39[MainActivity]: stopped(true) old = false
10-04 17:25:20.637 28340 28340 I ViewRootImpl@6cbdb39[MainActivity]: WindowStopped on com.lagradost.cloudstream3/com.lagradost.cloudstream3.MainActivity set to true
10-04 17:25:20.642 28340 28340 I AppVisibilityProxy: onAppEnteredForeground
10-04 17:25:20.650 28340 28340 I MSHandlerLifeCycle: removeMultiSplitHandler: no exist. decor=DecorView@27a48b9[MainActivity]
10-04 17:25:20.653 28340 28340 I ViewRootImpl@6cbdb39[MainActivity]: performTraversals mFirst=false windowShouldResize=false viewVisibilityChanged=false mForceNextWindowRelayout=false params={(0,0)(fillxfill) sim={state=always_hidden adjust=pan} ty=BASE_APPLICATION wanim=0x1030309
10-04 17:25:20.653 28340 28340 I ViewRootImpl@6cbdb39[MainActivity]:   fl=85810100
10-04 17:25:20.653 28340 28340 I ViewRootImpl@6cbdb39[MainActivity]:   pfl=12020040
10-04 17:25:20.653 28340 28340 I ViewRootImpl@6cbdb39[MainActivity]:   vsysui=500
10-04 17:25:20.653 28340 28340 I ViewRootImpl@6cbdb39[MainActivity]:   bhv=DEFAULT
10-04 17:25:20.653 28340 28340 I ViewRootImpl@6cbdb39[MainActivity]:   fitSides= naviIconColor=0}
10-04 17:25:20.662 28340 28340 I ViewRootImpl@6cbdb39[MainActivity]: Relayout returned: old=(0,0,1080,2400) new=(0,0,1080,2400) req=(1080,2400)8 dur=8 res=0x2 s={false 0x0} ch=false seqId=0
10-04 17:25:21.364 28340 28340 I ViewRootImpl@6cbdb39[MainActivity]: handleAppVisibility mAppVisible = false visible = true
10-04 17:25:21.371 28340 28340 I ViewRootImpl@6cbdb39[MainActivity]: stopped(false) old = true
10-04 17:25:21.371 28340 28340 I ViewRootImpl@6cbdb39[MainActivity]: WindowStopped on com.lagradost.cloudstream3/com.lagradost.cloudstream3.MainActivity set to false
10-04 17:25:21.373 28340 28340 I AppVisibilityProxy: onAppEnteredBackground
10-04 17:25:21.394 28340 28340 I MSHandlerLifeCycle: removeMultiSplitHandler: no exist. decor=DecorView@27a48b9[MainActivity]
10-04 17:25:21.395 28340 28340 I ViewRootImpl@6cbdb39[MainActivity]: stopped(false) old = false
10-04 17:25:21.402 28340 28340 I DecorView: notifyKeepScreenOnChanged: keepScreenOn=false
10-04 17:25:21.403 28340 28340 I MSHandlerLifeCycle: removeMultiSplitHandler: no exist. decor=DecorView@27a48b9[MainActivity]
10-04 17:25:21.407 28340 28340 I ViewRootImpl@6cbdb39[MainActivity]: performTraversals params={(0,0)(fillxfill) sim={state=always_hidden adjust=resize forwardNavigation} ty=BASE_APPLICATION wanim=0x1030309
10-04 17:25:21.407 28340 28340 I ViewRootImpl@6cbdb39[MainActivity]:   fl=85810100
10-04 17:25:21.407 28340 28340 I ViewRootImpl@6cbdb39[MainActivity]:   pfl=12020040
10-04 17:25:21.407 28340 28340 I ViewRootImpl@6cbdb39[MainActivity]:   vsysui=500
10-04 17:25:21.407 28340 28340 I ViewRootImpl@6cbdb39[MainActivity]:   bhv=DEFAULT
10-04 17:25:21.407 28340 28340 I ViewRootImpl@6cbdb39[MainActivity]:   fitSides= naviIconColor=0}
10-04 17:25:21.409 28340 28340 I ViewRootImpl@6cbdb39[MainActivity]: performTraversals mFirst=false windowShouldResize=false viewVisibilityChanged=true mForceNextWindowRelayout=false params={(0,0)(fillxfill) sim={state=always_hidden adjust=resize forwardNavigation} ty=BASE_APPLICATION wanim=0x1030309
10-04 17:25:21.409 28340 28340 I ViewRootImpl@6cbdb39[MainActivity]:   fl=85810100
10-04 17:25:21.409 28340 28340 I ViewRootImpl@6cbdb39[MainActivity]:   pfl=12020040
10-04 17:25:21.409 28340 28340 I ViewRootImpl@6cbdb39[MainActivity]:   vsysui=500
10-04 17:25:21.409 28340 28340 I ViewRootImpl@6cbdb39[MainActivity]:   bhv=DEFAULT
10-04 17:25:21.409 28340 28340 I ViewRootImpl@6cbdb39[MainActivity]:   fitSides= naviIconColor=0}
10-04 17:25:21.425 28340 28340 I ViewRootImpl@6cbdb39[MainActivity]: updateBlastSurfaceIfNeeded mBlastBufferQueue=null isSameSurfaceControl=false
10-04 17:25:21.426 28340 28340 I BLASTBufferQueue: new BLASTBufferQueue, mName= ViewRootImpl@6cbdb39[MainActivity] mNativeObject= 0x7b47495900 sc.mNativeObject= 0x7b6dd323e0 caller= android.view.ViewRootImpl.updateBlastSurfaceIfNeeded:2909 android.view.ViewRootImpl.relayoutWindow:9847 android.view.ViewRootImpl.performTraversals:3884 android.view.ViewRootImpl.doTraversal:3116 android.view.ViewRootImpl$TraversalRunnable.run:10885 android.view.Choreographer$CallbackRecord.run:1301 android.view.Choreographer$CallbackRecord.run:1309 android.view.Choreographer.doCallbacks:923 android.view.Choreographer.doFrame:852 android.view.Choreographer$FrameDisplayEventReceiver.run:1283 
10-04 17:25:21.426 28340 28340 I BLASTBufferQueue: update, w= 1080 h= 2400 mName = ViewRootImpl@6cbdb39[MainActivity] mNativeObject= 0x7b47495900 sc.mNativeObject= 0x7b6dd323e0 format= -1 caller= android.graphics.BLASTBufferQueue.<init>:84 android.view.ViewRootImpl.updateBlastSurfaceIfNeeded:2909 android.view.ViewRootImpl.relayoutWindow:9847 android.view.ViewRootImpl.performTraversals:3884 android.view.ViewRootImpl.doTraversal:3116 android.view.ViewRootImpl$TraversalRunnable.run:10885 
10-04 17:25:21.426 28340 28340 I ViewRootImpl@6cbdb39[MainActivity]: Relayout returned: old=(0,0,1080,2400) new=(0,0,1080,2400) req=(1080,2400)0 dur=16 res=0x3 s={true 0x7b5da50800} ch=true seqId=0
10-04 17:25:21.427 28340 28340 I ViewRootImpl@6cbdb39[MainActivity]: mThreadedRenderer.initialize() mSurface={isValid=true 0x7b5da50800} hwInitialized=true
10-04 17:25:21.427 28340 28360 D OpenGLRenderer: eglCreateWindowSurface
10-04 17:25:21.427 28340 28340 I ViewRootImpl@6cbdb39[MainActivity]: reportNextDraw android.view.ViewRootImpl.performTraversals:4438 android.view.ViewRootImpl.doTraversal:3116 android.view.ViewRootImpl$TraversalRunnable.run:10885 android.view.Choreographer$CallbackRecord.run:1301 android.view.Choreographer$CallbackRecord.run:1309 
10-04 17:25:21.428 28340 28340 I ViewRootImpl@6cbdb39[MainActivity]: Setup new sync id=2
10-04 17:25:21.428 28340 28340 I ViewRootImpl@6cbdb39[MainActivity]: Setting syncFrameCallback
10-04 17:25:21.428 28340 28340 I ViewRootImpl@6cbdb39[MainActivity]: registerCallbacksForSync syncBuffer=false
10-04 17:25:21.440 28340 28422 I ViewRootImpl@6cbdb39[MainActivity]: Received frameDrawingCallback syncResult=0 frameNum=1.
10-04 17:25:21.440 28340 28422 I ViewRootImpl@6cbdb39[MainActivity]: Setting up sync and frameCommitCallback
10-04 17:25:21.446 28340 28360 I BLASTBufferQueue: [ViewRootImpl@6cbdb39[MainActivity]#4](f:0,a:0) onFrameAvailable the first frame is available
10-04 17:25:21.447 28340 28360 I ViewRootImpl@6cbdb39[MainActivity]: Received frameCommittedCallback lastAttemptedDrawFrameNum=1 didProduceBuffer=true
10-04 17:25:21.447 28340 28340 I ViewRootImpl@6cbdb39[MainActivity]: onSyncComplete
10-04 17:25:21.448 28340 28340 I ViewRootImpl@6cbdb39[MainActivity]: setupSync seqId=0 mSyncId=2 fn=1 caller=android.view.ViewRootImpl$$ExternalSyntheticLambda11.accept:6 android.window.SurfaceSyncer.lambda$setupSync$1$android-window-SurfaceSyncer:128 android.window.SurfaceSyncer$$ExternalSyntheticLambda1.accept:8 android.window.SurfaceSyncer$SyncSet.checkIfSyncIsComplete:382 android.window.SurfaceSyncer$SyncSet.markSyncReady:359 android.window.SurfaceSyncer.markSyncReady:151 android.view.ViewRootImpl.performTraversals:4503 
10-04 17:25:21.448 28340 28340 I ViewRootImpl@6cbdb39[MainActivity]: reportDrawFinished seqId=0 mSyncId=-1 fn=1 mSurfaceChangedTransaction=0x7b5dc24100
10-04 17:25:21.471 28340 28340 I ViewRootImpl@6cbdb39[MainActivity]: MSG_WINDOW_FOCUS_CHANGED 1 0
10-04 17:25:21.471 28340 28340 I ViewRootImpl@6cbdb39[MainActivity]: mThreadedRenderer.initializeIfNeeded()#2 mSurface={isValid=true 0x7b5da50800}
10-04 17:25:21.474 28340 28340 D InputMethodManager: startInputInner - Id : 0
10-04 17:25:21.474 28340 28340 I InputMethodManager: startInputInner - mService.startInputOrWindowGainedFocus
10-04 17:25:22.695 28340 28340 I ViewRootImpl@6cbdb39[MainActivity]: ViewPostIme pointer 0
10-04 17:25:22.769 28340 28340 I ViewRootImpl@6cbdb39[MainActivity]: ViewPostIme pointer 1
10-04 17:25:23.323 28340 28340 I ViewRootImpl@6cbdb39[MainActivity]: ViewPostIme pointer 0
10-04 17:25:23.434 28340 28340 I ViewRootImpl@6cbdb39[MainActivity]: MSG_WINDOW_FOCUS_CHANGED 0 0
10-04 17:25:24.036 28340 28340 I ViewRootImpl@6cbdb39[MainActivity]: handleAppVisibility mAppVisible = true visible = false
10-04 17:25:24.056 28340 28360 D OpenGLRenderer: setSurface called with nullptr
10-04 17:25:24.057 28340 28360 D OpenGLRenderer: setSurface() destroyed EGLSurface
10-04 17:25:24.057 28340 28360 D OpenGLRenderer: destroyEglSurface
10-04 17:25:24.059 28340 28340 I ViewRootImpl@6cbdb39[MainActivity]: performTraversals mFirst=false windowShouldResize=false viewVisibilityChanged=true mForceNextWindowRelayout=false params=null
10-04 17:25:24.077 28340 28340 I ViewRootImpl@6cbdb39[MainActivity]: Relayout returned: old=(0,0,1080,2400) new=(0,0,1080,2400) req=(1080,2400)8 dur=17 res=0x2 s={false 0x0} ch=true seqId=0
10-04 17:25:24.078 28340 28340 I ViewRootImpl@6cbdb39[MainActivity]: stopped(true) old = false
10-04 17:25:24.078 28340 28340 I ViewRootImpl@6cbdb39[MainActivity]: WindowStopped on com.lagradost.cloudstream3/com.lagradost.cloudstream3.MainActivity set to true
10-04 17:25:24.079 28340 28340 I AppVisibilityProxy: onAppEnteredForeground
10-04 17:25:24.088 28340 28340 I MSHandlerLifeCycle: removeMultiSplitHandler: no exist. decor=DecorView@27a48b9[MainActivity]
10-04 17:25:24.088 28340 28340 D InputTransport: Input channel destroyed: 'ClientS', fd=120
10-04 17:25:24.101 28340 28340 I ViewRootImpl@6cbdb39[MainActivity]: performTraversals mFirst=false windowShouldResize=false viewVisibilityChanged=false mForceNextWindowRelayout=false params={(0,0)(fillxfill) sim={state=always_hidden adjust=pan} ty=BASE_APPLICATION wanim=0x1030309
10-04 17:25:24.101 28340 28340 I ViewRootImpl@6cbdb39[MainActivity]:   fl=85810100
10-04 17:25:24.101 28340 28340 I ViewRootImpl@6cbdb39[MainActivity]:   pfl=12020040
10-04 17:25:24.101 28340 28340 I ViewRootImpl@6cbdb39[MainActivity]:   vsysui=500
10-04 17:25:24.101 28340 28340 I ViewRootImpl@6cbdb39[MainActivity]:   bhv=DEFAULT
10-04 17:25:24.101 28340 28340 I ViewRootImpl@6cbdb39[MainActivity]:   fitSides= naviIconColor=0}
10-04 17:25:24.111 28340 28340 I ViewRootImpl@6cbdb39[MainActivity]: Relayout returned: old=(0,0,1080,2400) new=(0,0,1080,2400) req=(1080,2400)8 dur=8 res=0x2 s={false 0x0} ch=false seqId=0
10-04 17:25:26.655 28340 28340 I ViewRootImpl@6cbdb39[MainActivity]: handleAppVisibility mAppVisible = false visible = true
10-04 17:25:26.662 28340 28340 I ViewRootImpl@6cbdb39[MainActivity]: stopped(false) old = true
10-04 17:25:26.662 28340 28340 I ViewRootImpl@6cbdb39[MainActivity]: WindowStopped on com.lagradost.cloudstream3/com.lagradost.cloudstream3.MainActivity set to false
10-04 17:25:26.664 28340 28340 I AppVisibilityProxy: onAppEnteredBackground
10-04 17:25:26.685 28340 28340 I MSHandlerLifeCycle: removeMultiSplitHandler: no exist. decor=DecorView@27a48b9[MainActivity]
10-04 17:25:26.686 28340 28340 I ViewRootImpl@6cbdb39[MainActivity]: stopped(false) old = false
10-04 17:25:26.695 28340 28340 I DecorView: notifyKeepScreenOnChanged: keepScreenOn=false
10-04 17:25:26.697 28340 28340 I MSHandlerLifeCycle: removeMultiSplitHandler: no exist. decor=DecorView@27a48b9[MainActivity]
10-04 17:25:26.703 28340 28340 I ViewRootImpl@6cbdb39[MainActivity]: performTraversals params={(0,0)(fillxfill) sim={state=always_hidden adjust=resize forwardNavigation} ty=BASE_APPLICATION wanim=0x1030309
10-04 17:25:26.703 28340 28340 I ViewRootImpl@6cbdb39[MainActivity]:   fl=85810100
10-04 17:25:26.703 28340 28340 I ViewRootImpl@6cbdb39[MainActivity]:   pfl=12020040
10-04 17:25:26.703 28340 28340 I ViewRootImpl@6cbdb39[MainActivity]:   vsysui=500
10-04 17:25:26.703 28340 28340 I ViewRootImpl@6cbdb39[MainActivity]:   bhv=DEFAULT
10-04 17:25:26.703 28340 28340 I ViewRootImpl@6cbdb39[MainActivity]:   fitSides= naviIconColor=0}
10-04 17:25:26.704 28340 28340 I ViewRootImpl@6cbdb39[MainActivity]: performTraversals mFirst=false windowShouldResize=false viewVisibilityChanged=true mForceNextWindowRelayout=false params={(0,0)(fillxfill) sim={state=always_hidden adjust=resize forwardNavigation} ty=BASE_APPLICATION wanim=0x1030309
10-04 17:25:26.704 28340 28340 I ViewRootImpl@6cbdb39[MainActivity]:   fl=85810100
10-04 17:25:26.704 28340 28340 I ViewRootImpl@6cbdb39[MainActivity]:   pfl=12020040
10-04 17:25:26.704 28340 28340 I ViewRootImpl@6cbdb39[MainActivity]:   vsysui=500
10-04 17:25:26.704 28340 28340 I ViewRootImpl@6cbdb39[MainActivity]:   bhv=DEFAULT
10-04 17:25:26.704 28340 28340 I ViewRootImpl@6cbdb39[MainActivity]:   fitSides= naviIconColor=0}
10-04 17:25:26.715 28340 28340 I ViewRootImpl@6cbdb39[MainActivity]: updateBlastSurfaceIfNeeded mBlastBufferQueue=null isSameSurfaceControl=false
10-04 17:25:26.715 28340 28340 I BLASTBufferQueue: new BLASTBufferQueue, mName= ViewRootImpl@6cbdb39[MainActivity] mNativeObject= 0x7b47495900 sc.mNativeObject= 0x7b6dd2f280 caller= android.view.ViewRootImpl.updateBlastSurfaceIfNeeded:2909 android.view.ViewRootImpl.relayoutWindow:9847 android.view.ViewRootImpl.performTraversals:3884 android.view.ViewRootImpl.doTraversal:3116 android.view.ViewRootImpl$TraversalRunnable.run:10885 android.view.Choreographer$CallbackRecord.run:1301 android.view.Choreographer$CallbackRecord.run:1309 android.view.Choreographer.doCallbacks:923 android.view.Choreographer.doFrame:852 android.view.Choreographer$FrameDisplayEventReceiver.run:1283 
10-04 17:25:26.715 28340 28340 I BLASTBufferQueue: update, w= 1080 h= 2400 mName = ViewRootImpl@6cbdb39[MainActivity] mNativeObject= 0x7b47495900 sc.mNativeObject= 0x7b6dd2f280 format= -1 caller= android.graphics.BLASTBufferQueue.<init>:84 android.view.ViewRootImpl.updateBlastSurfaceIfNeeded:2909 android.view.ViewRootImpl.relayoutWindow:9847 android.view.ViewRootImpl.performTraversals:3884 android.view.ViewRootImpl.doTraversal:3116 android.view.ViewRootImpl$TraversalRunnable.run:10885 
10-04 17:25:26.716 28340 28340 I ViewRootImpl@6cbdb39[MainActivity]: Relayout returned: old=(0,0,1080,2400) new=(0,0,1080,2400) req=(1080,2400)0 dur=11 res=0x3 s={true 0x7b5da50800} ch=true seqId=0
10-04 17:25:26.717 28340 28340 I ViewRootImpl@6cbdb39[MainActivity]: mThreadedRenderer.initialize() mSurface={isValid=true 0x7b5da50800} hwInitialized=true
10-04 17:25:26.717 28340 28360 D OpenGLRenderer: eglCreateWindowSurface
10-04 17:25:26.717 28340 28340 I ViewRootImpl@6cbdb39[MainActivity]: reportNextDraw android.view.ViewRootImpl.performTraversals:4438 android.view.ViewRootImpl.doTraversal:3116 android.view.ViewRootImpl$TraversalRunnable.run:10885 android.view.Choreographer$CallbackRecord.run:1301 android.view.Choreographer$CallbackRecord.run:1309 
10-04 17:25:26.717 28340 28340 I ViewRootImpl@6cbdb39[MainActivity]: Setup new sync id=3
10-04 17:25:26.717 28340 28340 I ViewRootImpl@6cbdb39[MainActivity]: Setting syncFrameCallback
10-04 17:25:26.717 28340 28340 I ViewRootImpl@6cbdb39[MainActivity]: registerCallbacksForSync syncBuffer=false
10-04 17:25:26.727 28340 28423 I ViewRootImpl@6cbdb39[MainActivity]: Received frameDrawingCallback syncResult=0 frameNum=1.
10-04 17:25:26.727 28340 28423 I ViewRootImpl@6cbdb39[MainActivity]: Setting up sync and frameCommitCallback
10-04 17:25:26.733 28340 28360 I BLASTBufferQueue: [ViewRootImpl@6cbdb39[MainActivity]#5](f:0,a:0) onFrameAvailable the first frame is available
10-04 17:25:26.733 28340 28360 I ViewRootImpl@6cbdb39[MainActivity]: Received frameCommittedCallback lastAttemptedDrawFrameNum=1 didProduceBuffer=true
10-04 17:25:26.734 28340 28340 I ViewRootImpl@6cbdb39[MainActivity]: onSyncComplete
10-04 17:25:26.735 28340 28340 I ViewRootImpl@6cbdb39[MainActivity]: setupSync seqId=0 mSyncId=3 fn=1 caller=android.view.ViewRootImpl$$ExternalSyntheticLambda11.accept:6 android.window.SurfaceSyncer.lambda$setupSync$1$android-window-SurfaceSyncer:128 android.window.SurfaceSyncer$$ExternalSyntheticLambda1.accept:8 android.window.SurfaceSyncer$SyncSet.checkIfSyncIsComplete:382 android.window.SurfaceSyncer$SyncSet.markSyncReady:359 android.window.SurfaceSyncer.markSyncReady:151 android.view.ViewRootImpl.performTraversals:4503 
10-04 17:25:26.735 28340 28340 I ViewRootImpl@6cbdb39[MainActivity]: reportDrawFinished seqId=0 mSyncId=-1 fn=1 mSurfaceChangedTransaction=0x7b5dc24100
10-04 17:25:26.750 28340 28340 I ViewRootImpl@6cbdb39[MainActivity]: MSG_WINDOW_FOCUS_CHANGED 1 0
10-04 17:25:26.750 28340 28340 I ViewRootImpl@6cbdb39[MainActivity]: mThreadedRenderer.initializeIfNeeded()#2 mSurface={isValid=true 0x7b5da50800}
10-04 17:25:26.752 28340 28340 D InputMethodManager: startInputInner - Id : 0
10-04 17:25:26.752 28340 28340 I InputMethodManager: startInputInner - mService.startInputOrWindowGainedFocus
10-04 17:25:27.475 28340 28340 I ViewRootImpl@6cbdb39[MainActivity]: ViewPostIme pointer 0
10-04 17:25:27.540 28340 28340 I ViewRootImpl@6cbdb39[MainActivity]: ViewPostIme pointer 1
10-04 17:25:27.559 28340 28340 I IMM_LC  : hsifw() - flag : 0
10-04 17:25:27.559 28340 28340 I IMM_LC  : hsifw() - mService.hideSoftInput
10-04 17:25:27.675 28340 28340 D AbsListView:  in onLayout changed 
10-04 17:25:30.108 28340 28340 I ViewRootImpl@6cbdb39[MainActivity]: ViewPostIme pointer 0
10-04 17:25:30.165 28340 28340 I ViewRootImpl@6cbdb39[MainActivity]: ViewPostIme pointer 1
10-04 17:25:30.173 28340 28340 I IMM_LC  : hsifw() - flag : 0
10-04 17:25:30.173 28340 28340 I IMM_LC  : hsifw() - mService.hideSoftInput
10-04 17:25:31.837 28340 28340 I ViewRootImpl@6cbdb39[MainActivity]: ViewPostIme pointer 0
10-04 17:25:31.927 28340 28340 I ViewRootImpl@6cbdb39[MainActivity]: ViewPostIme pointer 1
10-04 17:25:31.956 28340 28340 I IMM_LC  : hsifw() - flag : 0
10-04 17:25:31.956 28340 28340 I IMM_LC  : hsifw() - mService.hideSoftInput
10-04 17:25:32.004 28340 28340 D ScrollView: initGoToTop
10-04 17:25:32.040 28340 28340 E CoilImgLoader: Error loading image: coil3.request.NullRequestDataException: The request's data is null.
10-04 17:25:32.056 28340 28340 D ScrollView:  onsize change changed 
10-04 17:25:33.526 28340 28340 I ViewRootImpl@6cbdb39[MainActivity]: ViewPostIme pointer 0
10-04 17:25:33.679 28340 28340 I ViewRootImpl@6cbdb39[MainActivity]: MSG_WINDOW_FOCUS_CHANGED 0 0
10-04 17:25:34.309 28340 28340 I ViewRootImpl@6cbdb39[MainActivity]: handleAppVisibility mAppVisible = true visible = false
10-04 17:25:34.328 28340 28360 D OpenGLRenderer: setSurface called with nullptr
10-04 17:25:34.328 28340 28360 D OpenGLRenderer: setSurface() destroyed EGLSurface
10-04 17:25:34.328 28340 28360 D OpenGLRenderer: destroyEglSurface
10-04 17:25:34.331 28340 28340 I ViewRootImpl@6cbdb39[MainActivity]: performTraversals mFirst=false windowShouldResize=false viewVisibilityChanged=true mForceNextWindowRelayout=false params=null
10-04 17:25:34.350 28340 28340 I ViewRootImpl@6cbdb39[MainActivity]: Relayout returned: old=(0,0,1080,2400) new=(0,0,1080,2400) req=(1080,2400)8 dur=15 res=0x2 s={false 0x0} ch=true seqId=0
10-04 17:25:34.351 28340 28340 I ViewRootImpl@6cbdb39[MainActivity]: stopped(true) old = false
10-04 17:25:34.351 28340 28340 I ViewRootImpl@6cbdb39[MainActivity]: WindowStopped on com.lagradost.cloudstream3/com.lagradost.cloudstream3.MainActivity set to true
10-04 17:25:34.354 28340 28340 I AppVisibilityProxy: onAppEnteredForeground
10-04 17:25:34.367 28340 28340 I MSHandlerLifeCycle: removeMultiSplitHandler: no exist. decor=DecorView@27a48b9[MainActivity]
10-04 17:25:34.367 28340 28340 D InputTransport: Input channel destroyed: 'ClientS', fd=120
10-04 17:25:34.379 28340 28340 I ViewRootImpl@6cbdb39[MainActivity]: performTraversals mFirst=false windowShouldResize=false viewVisibilityChanged=false mForceNextWindowRelayout=false params={(0,0)(fillxfill) sim={state=always_hidden adjust=pan} ty=BASE_APPLICATION wanim=0x1030309
10-04 17:25:34.379 28340 28340 I ViewRootImpl@6cbdb39[MainActivity]:   fl=85810100
10-04 17:25:34.379 28340 28340 I ViewRootImpl@6cbdb39[MainActivity]:   pfl=12020040
10-04 17:25:34.379 28340 28340 I ViewRootImpl@6cbdb39[MainActivity]:   vsysui=500
10-04 17:25:34.379 28340 28340 I ViewRootImpl@6cbdb39[MainActivity]:   bhv=DEFAULT
10-04 17:25:34.379 28340 28340 I ViewRootImpl@6cbdb39[MainActivity]:   fitSides= naviIconColor=0}
10-04 17:25:34.388 28340 28340 I ViewRootImpl@6cbdb39[MainActivity]: Relayout returned: old=(0,0,1080,2400) new=(0,0,1080,2400) req=(1080,2400)8 dur=9 res=0x2 s={false 0x0} ch=false seqId=0
10-04 17:25:34.798 28340 28360 D OpenGLRenderer: setSurface called with nullptr
10-04 17:25:34.799 28340 28348 D InputTransport: Input channel destroyed: 'ClientS', fd=113
10-04 17:25:55.662 28340 28340 I ViewRootImpl@6cbdb39[MainActivity]: handleAppVisibility mAppVisible = false visible = true
10-04 17:25:55.670 28340 28340 I ViewRootImpl@6cbdb39[MainActivity]: stopped(false) old = true
10-04 17:25:55.670 28340 28340 I ViewRootImpl@6cbdb39[MainActivity]: WindowStopped on com.lagradost.cloudstream3/com.lagradost.cloudstream3.MainActivity set to false
10-04 17:25:55.674 28340 28340 I AppVisibilityProxy: onAppEnteredBackground
10-04 17:25:55.705 28340 28340 I MSHandlerLifeCycle: removeMultiSplitHandler: no exist. decor=DecorView@27a48b9[MainActivity]
10-04 17:25:55.705 28340 28340 I ViewRootImpl@6cbdb39[MainActivity]: stopped(false) old = false
10-04 17:25:55.715 28340 28340 I DecorView: notifyKeepScreenOnChanged: keepScreenOn=false
10-04 17:25:55.718 28340 28340 I MSHandlerLifeCycle: removeMultiSplitHandler: no exist. decor=DecorView@27a48b9[MainActivity]
10-04 17:25:55.725 28340 28340 I ViewRootImpl@6cbdb39[MainActivity]: performTraversals params={(0,0)(fillxfill) sim={state=always_hidden adjust=resize forwardNavigation} ty=BASE_APPLICATION wanim=0x1030309
10-04 17:25:55.725 28340 28340 I ViewRootImpl@6cbdb39[MainActivity]:   fl=85810100
10-04 17:25:55.725 28340 28340 I ViewRootImpl@6cbdb39[MainActivity]:   pfl=12020040
10-04 17:25:55.725 28340 28340 I ViewRootImpl@6cbdb39[MainActivity]:   vsysui=500
10-04 17:25:55.725 28340 28340 I ViewRootImpl@6cbdb39[MainActivity]:   bhv=DEFAULT
10-04 17:25:55.725 28340 28340 I ViewRootImpl@6cbdb39[MainActivity]:   fitSides= naviIconColor=0}
10-04 17:25:55.727 28340 28340 I ViewRootImpl@6cbdb39[MainActivity]: performTraversals mFirst=false windowShouldResize=false viewVisibilityChanged=true mForceNextWindowRelayout=false params={(0,0)(fillxfill) sim={state=always_hidden adjust=resize forwardNavigation} ty=BASE_APPLICATION wanim=0x1030309
10-04 17:25:55.727 28340 28340 I ViewRootImpl@6cbdb39[MainActivity]:   fl=85810100
10-04 17:25:55.727 28340 28340 I ViewRootImpl@6cbdb39[MainActivity]:   pfl=12020040
10-04 17:25:55.727 28340 28340 I ViewRootImpl@6cbdb39[MainActivity]:   vsysui=500
10-04 17:25:55.727 28340 28340 I ViewRootImpl@6cbdb39[MainActivity]:   bhv=DEFAULT
10-04 17:25:55.727 28340 28340 I ViewRootImpl@6cbdb39[MainActivity]:   fitSides= naviIconColor=0}
10-04 17:25:55.742 28340 28340 I ViewRootImpl@6cbdb39[MainActivity]: updateBlastSurfaceIfNeeded mBlastBufferQueue=null isSameSurfaceControl=false
10-04 17:25:55.742 28340 28340 I BLASTBufferQueue: new BLASTBufferQueue, mName= ViewRootImpl@6cbdb39[MainActivity] mNativeObject= 0x7b47495900 sc.mNativeObject= 0x7b6de353c0 caller= android.view.ViewRootImpl.updateBlastSurfaceIfNeeded:2909 android.view.ViewRootImpl.relayoutWindow:9847 android.view.ViewRootImpl.performTraversals:3884 android.view.ViewRootImpl.doTraversal:3116 android.view.ViewRootImpl$TraversalRunnable.run:10885 android.view.Choreographer$CallbackRecord.run:1301 android.view.Choreographer$CallbackRecord.run:1309 android.view.Choreographer.doCallbacks:923 android.view.Choreographer.doFrame:852 android.view.Choreographer$FrameDisplayEventReceiver.run:1283 
10-04 17:25:55.743 28340 28340 I BLASTBufferQueue: update, w= 1080 h= 2400 mName = ViewRootImpl@6cbdb39[MainActivity] mNativeObject= 0x7b47495900 sc.mNativeObject= 0x7b6de353c0 format= -1 caller= android.graphics.BLASTBufferQueue.<init>:84 android.view.ViewRootImpl.updateBlastSurfaceIfNeeded:2909 android.view.ViewRootImpl.relayoutWindow:9847 android.view.ViewRootImpl.performTraversals:3884 android.view.ViewRootImpl.doTraversal:3116 android.view.ViewRootImpl$TraversalRunnable.run:10885 
10-04 17:25:55.743 28340 28340 I ViewRootImpl@6cbdb39[MainActivity]: Relayout returned: old=(0,0,1080,2400) new=(0,0,1080,2400) req=(1080,2400)0 dur=15 res=0x3 s={true 0x7b5da50800} ch=true seqId=0
10-04 17:25:55.744 28340 28340 I ViewRootImpl@6cbdb39[MainActivity]: mThreadedRenderer.initialize() mSurface={isValid=true 0x7b5da50800} hwInitialized=true
10-04 17:25:55.744 28340 28340 I ViewRootImpl@6cbdb39[MainActivity]: reportNextDraw android.view.ViewRootImpl.performTraversals:4438 android.view.ViewRootImpl.doTraversal:3116 android.view.ViewRootImpl$TraversalRunnable.run:10885 android.view.Choreographer$CallbackRecord.run:1301 android.view.Choreographer$CallbackRecord.run:1309 
10-04 17:25:55.744 28340 28340 I ViewRootImpl@6cbdb39[MainActivity]: Setup new sync id=4
10-04 17:25:55.745 28340 28340 I ViewRootImpl@6cbdb39[MainActivity]: Setting syncFrameCallback
10-04 17:25:55.745 28340 28340 I ViewRootImpl@6cbdb39[MainActivity]: registerCallbacksForSync syncBuffer=false
10-04 17:25:55.745 28340 28360 D OpenGLRenderer: eglCreateWindowSurface
10-04 17:25:55.758 28340 28422 I ViewRootImpl@6cbdb39[MainActivity]: Received frameDrawingCallback syncResult=0 frameNum=1.
10-04 17:25:55.758 28340 28422 I ViewRootImpl@6cbdb39[MainActivity]: Setting up sync and frameCommitCallback
10-04 17:25:55.762 28340 28360 I BLASTBufferQueue: [ViewRootImpl@6cbdb39[MainActivity]#6](f:0,a:0) onFrameAvailable the first frame is available
10-04 17:25:55.763 28340 28360 I ViewRootImpl@6cbdb39[MainActivity]: Received frameCommittedCallback lastAttemptedDrawFrameNum=1 didProduceBuffer=true
10-04 17:25:55.764 28340 28340 I ViewRootImpl@6cbdb39[MainActivity]: onSyncComplete
10-04 17:25:55.765 28340 28340 I ViewRootImpl@6cbdb39[MainActivity]: setupSync seqId=0 mSyncId=4 fn=1 caller=android.view.ViewRootImpl$$ExternalSyntheticLambda11.accept:6 android.window.SurfaceSyncer.lambda$setupSync$1$android-window-SurfaceSyncer:128 android.window.SurfaceSyncer$$ExternalSyntheticLambda1.accept:8 android.window.SurfaceSyncer$SyncSet.checkIfSyncIsComplete:382 android.window.SurfaceSyncer$SyncSet.markSyncReady:359 android.window.SurfaceSyncer.markSyncReady:151 android.view.ViewRootImpl.performTraversals:4503 
10-04 17:25:55.765 28340 28340 I ViewRootImpl@6cbdb39[MainActivity]: reportDrawFinished seqId=0 mSyncId=-1 fn=1 mSurfaceChangedTransaction=0x7b5dc24100
10-04 17:25:55.789 28340 28340 I ViewRootImpl@6cbdb39[MainActivity]: MSG_WINDOW_FOCUS_CHANGED 1 0
10-04 17:25:55.789 28340 28340 I ViewRootImpl@6cbdb39[MainActivity]: mThreadedRenderer.initializeIfNeeded()#2 mSurface={isValid=true 0x7b5da50800}
10-04 17:25:55.791 28340 28340 D InputMethodManager: startInputInner - Id : 0
10-04 17:25:55.791 28340 28340 I InputMethodManager: startInputInner - mService.startInputOrWindowGainedFocus
10-04 17:25:57.096 28340 28340 I ViewRootImpl@6cbdb39[MainActivity]: ViewPostIme pointer 0
10-04 17:25:57.144 28340 28340 I ViewRootImpl@6cbdb39[MainActivity]: ViewPostIme pointer 1
10-04 17:25:57.154 28340 28340 I NavComponent: Navigating to fragment: 2131361884
10-04 17:25:57.160 28340 28340 I IMM_LC  : hsifw() - flag : 0
10-04 17:25:57.160 28340 28340 I IMM_LC  : hsifw() - mService.hideSoftInput
10-04 17:25:57.879 28340 28340 I ViewRootImpl@6cbdb39[MainActivity]: ViewPostIme pointer 0
10-04 17:25:57.957 28340 28340 I ViewRootImpl@6cbdb39[MainActivity]: ViewPostIme pointer 1
10-04 17:25:59.126 28340 28340 I ViewRootImpl@6cbdb39[MainActivity]: ViewPostIme pointer 0
10-04 17:25:59.192 28340 28340 I ViewRootImpl@6cbdb39[MainActivity]: ViewPostIme pointer 1
10-04 17:25:59.218 28340 28340 I Dialog  : mIsDeviceDefault = false, mIsSamsungBasicInteraction = false, isMetaDataInActivity = false
10-04 17:25:59.223 28340 28340 I DecorView: [INFO] isPopOver=false config=false
10-04 17:25:59.223 28340 28340 I DecorView: updateCaptionType: isFloating=true isApplication=true hasWindowDecorCaption=false this=DecorView@3178ab0[]
10-04 17:25:59.223 28340 28340 D DecorView: setCaptionType = 0, this = DecorView@3178ab0[]
10-04 17:25:59.225 28340 28340 I DecorView: setWindowBackground: isPopOver=false color=ff010101 d=android.graphics.drawable.InsetDrawable@551d8ae
10-04 17:25:59.246 28340 28340 D ScrollView: initGoToTop
10-04 17:25:59.260 28340 28360 D NativeCustomFrequencyManager: [NativeCFMS] BpCustomFrequencyManager::BpCustomFrequencyManager()
10-04 17:25:59.260 28340 28340 I DecorView: onImmersiveModeChanged: isStatusBarHidden=true
10-04 17:25:59.270 28340 28340 D InsetsController: onStateChanged: InsetsState: {mDisplayFrame=Rect(0, 0 - 1080, 2400), mDisplayCutout=DisplayCutout{insets=Rect(0, 88 - 0, 0) waterfall=Insets{left=0, top=0, right=0, bottom=0} boundingRect={Bounds=[Rect(0, 0 - 0, 0), Rect(512, 0 - 568, 88), Rect(0, 0 - 0, 0), Rect(0, 0 - 0, 0)]} cutoutPathParserInfo={CutoutPathParserInfo{displayWidth=1080 displayHeight=2400 physicalDisplayWidth=1080 physicalDisplayHeight=2400 density={2.625} cutoutSpec={M 0,0 M 0,12.25101276465640 a 10.60613009248640,10.60613009248640 0 1,0 0,21.21226018497290 a 10.60613009248640,10.60613009248640 0 1,0 0,-21.21226018497290 Z @dp} rotation={0} scale={1.0} physicalPixelDisplaySizeRatio={1.0}}}}, mRoundedCorners=RoundedCorners{[RoundedCorner{position=TopLeft, radius=84, center=Point(84, 84)}, RoundedCorner{position=TopRight, radius=84, center=Point(996, 84)}, RoundedCorner{position=BottomRight, radius=84, center=Point(996, 2316)}, RoundedCorner{position=BottomLeft, radius=84, center=Point(84, 2316)}]}  mRoundedCornerFrame=Rect(0, 0 - 1080, 2400), mPrivacyIndicatorBounds=PrivacyIndicatorBounds {static bounds=Rect(964, 0 - 1080, 87) rotation=0}, mSources= { InsetsSource: {mType=ITYPE_STATUS_BAR, mFrame=[0,0][1080,88], mVisible=true, mInsetsRoundedCornerFrame=false}, InsetsSource: {mType=ITYPE_NAVIGATION_BAR, mFrame=[0,2361][1080,2400], mVisible=true, mInsetsRoundedCornerFrame=false}, InsetsSource: {mType=ITYPE_LEFT_GESTURES, mFrame=[0,0][130,2400], mVisible=true, mInsetsRoundedCornerFrame=false}, InsetsSource: {mType=ITYPE_RIGHT_GESTURES, mFrame=[950,0][1080,2400], mVisible=true, mInsetsRoundedCornerFrame=false}, InsetsSource: {mType=ITYPE_TOP_MANDATORY_GESTURES, mFrame=[0,0][1080,120], mVisible=true, mInsetsRoundedCornerFrame=false}, InsetsSource: {mType=ITYPE_BOTTOM_MANDATORY_GESTURES, mFrame=[0,2316][1080,2400], mVisible=true, mInsetsRoundedCornerFrame=false}, InsetsSource: {mType=ITYPE_LEFT_DISPLAY_CUTOUT, mFrame=[0,0][-100000,2400], mVisible=true, mInsetsRoundedCornerFrame=false}, InsetsSource: {mType=ITYPE_TOP_DISPLAY_CUTOUT, mFrame=[0,0][1080,88], mVisible=true, mInsetsRoundedCornerFrame=false}, InsetsSource: {mType=ITYPE_RIGHT_DISPLAY_CUTOUT, mFrame=[100000,0][1080,2400], mVisible=true, mInsetsRoundedCornerFrame=false}, InsetsSource: {mType=ITYPE_BOTTOM_DISPLAY_CUTOUT, mFrame=[0,100000][1080,2400], mVisible=true, mInsetsRoundedCornerFrame=false}, InsetsSource: {mType=ITYPE_TOP_TAPPABLE_ELEMENT, mFrame=[0,0][1080,88], mVisible=true, mInsetsRoundedCornerFrame=false}, InsetsSource: {mType=ITYPE_BOTTOM_TAPPABLE_ELEMENT, mFrame=[0,0][0,0], mVisible=true, mInsetsRoundedCornerFrame=false} } host=com.lagradost.cloudstream3/com.lagradost.cloudstream3.MainActivity from=android.view.ViewRootImpl.setView:1732
10-04 17:25:59.271 28340 28340 I ViewRootImpl@c2a025b[MainActivity]: setView = com.android.internal.policy.DecorView@3178ab0 TM=true
10-04 17:25:59.678 28340 28340 I ViewRootImpl@c2a025b[MainActivity]: performTraversals params={(0,0)(wrapxwrap) gr=CENTER sim={adjust=pan forwardNavigation} ty=APPLICATION fmt=TRANSLUCENT wanim=0x7f140008 surfaceInsets=Rect(105, 105 - 105, 105)
10-04 17:25:59.678 28340 28340 I ViewRootImpl@c2a025b[MainActivity]:   fl=1820402
10-04 17:25:59.678 28340 28340 I ViewRootImpl@c2a025b[MainActivity]:   pfl=42000000
10-04 17:25:59.678 28340 28340 I ViewRootImpl@c2a025b[MainActivity]:   bhv=SHOW_TRANSIENT_BARS_BY_SWIPE
10-04 17:25:59.678 28340 28340 I ViewRootImpl@c2a025b[MainActivity]:   fitTypes=STATUS_BARS NAVIGATION_BARS CAPTION_BAR
10-04 17:25:59.678 28340 28340 I ViewRootImpl@c2a025b[MainActivity]:  dimAmount=0.6 naviIconColor=0}
10-04 17:25:59.679 28340 28340 I ViewRootImpl@c2a025b[MainActivity]: performTraversals mFirst=true windowShouldResize=false viewVisibilityChanged=false mForceNextWindowRelayout=false params={(0,0)(wrapxwrap) gr=CENTER sim={adjust=pan forwardNavigation} ty=APPLICATION fmt=TRANSLUCENT wanim=0x7f140008 surfaceInsets=Rect(105, 105 - 105, 105)
10-04 17:25:59.679 28340 28340 I ViewRootImpl@c2a025b[MainActivity]:   fl=1820402
10-04 17:25:59.679 28340 28340 I ViewRootImpl@c2a025b[MainActivity]:   pfl=42000000
10-04 17:25:59.679 28340 28340 I ViewRootImpl@c2a025b[MainActivity]:   bhv=SHOW_TRANSIENT_BARS_BY_SWIPE
10-04 17:25:59.679 28340 28340 I ViewRootImpl@c2a025b[MainActivity]:   fitTypes=STATUS_BARS NAVIGATION_BARS CAPTION_BAR
10-04 17:25:59.679 28340 28340 I ViewRootImpl@c2a025b[MainActivity]:  dimAmount=0.6 naviIconColor=0}
10-04 17:25:59.687 28340 28340 I ViewRootImpl@c2a025b[MainActivity]: updateBlastSurfaceIfNeeded mBlastBufferQueue=null isSameSurfaceControl=false
10-04 17:25:59.688 28340 28340 I BLASTBufferQueue: new BLASTBufferQueue, mName= ViewRootImpl@c2a025b[MainActivity] mNativeObject= 0x7b01db8900 sc.mNativeObject= 0x7b5da12980 caller= android.view.ViewRootImpl.updateBlastSurfaceIfNeeded:2909 android.view.ViewRootImpl.relayoutWindow:9847 android.view.ViewRootImpl.performTraversals:3884 android.view.ViewRootImpl.doTraversal:3116 android.view.ViewRootImpl$TraversalRunnable.run:10885 android.view.Choreographer$CallbackRecord.run:1301 android.view.Choreographer$CallbackRecord.run:1309 android.view.Choreographer.doCallbacks:923 android.view.Choreographer.doFrame:852 android.view.Choreographer$FrameDisplayEventReceiver.run:1283 
10-04 17:25:59.688 28340 28340 I BLASTBufferQueue: update, w= 1234 h= 2483 mName = ViewRootImpl@c2a025b[MainActivity] mNativeObject= 0x7b01db8900 sc.mNativeObject= 0x7b5da12980 format= -3 caller= android.graphics.BLASTBufferQueue.<init>:84 android.view.ViewRootImpl.updateBlastSurfaceIfNeeded:2909 android.view.ViewRootImpl.relayoutWindow:9847 android.view.ViewRootImpl.performTraversals:3884 android.view.ViewRootImpl.doTraversal:3116 android.view.ViewRootImpl$TraversalRunnable.run:10885 
10-04 17:25:59.688 28340 28340 I ViewRootImpl@c2a025b[MainActivity]: Relayout returned: old=(0,88,1080,2361) new=(28,88,1052,2361) req=(1024,2273)0 dur=8 res=0x3 s={true 0x7bed839800} ch=true seqId=0
10-04 17:25:59.689 28340 28340 I ViewRootImpl@c2a025b[MainActivity]: mThreadedRenderer.initialize() mSurface={isValid=true 0x7bed839800} hwInitialized=true
10-04 17:25:59.690 28340 28360 D OpenGLRenderer: eglCreateWindowSurface
10-04 17:25:59.696 28340 28340 I ViewRootImpl@c2a025b[MainActivity]: reportNextDraw android.view.ViewRootImpl.performTraversals:4438 android.view.ViewRootImpl.doTraversal:3116 android.view.ViewRootImpl$TraversalRunnable.run:10885 android.view.Choreographer$CallbackRecord.run:1301 android.view.Choreographer$CallbackRecord.run:1309 
10-04 17:25:59.696 28340 28340 I ViewRootImpl@c2a025b[MainActivity]: Setup new sync id=0
10-04 17:25:59.696 28340 28340 I ViewRootImpl@c2a025b[MainActivity]: Setting syncFrameCallback
10-04 17:25:59.697 28340 28340 I ViewRootImpl@c2a025b[MainActivity]: registerCallbacksForSync syncBuffer=false
10-04 17:25:59.708 28340 28423 I ViewRootImpl@c2a025b[MainActivity]: Received frameDrawingCallback syncResult=0 frameNum=1.
10-04 17:25:59.708 28340 28423 I ViewRootImpl@c2a025b[MainActivity]: Setting up sync and frameCommitCallback
10-04 17:25:59.711 28340 28360 I BLASTBufferQueue: [ViewRootImpl@c2a025b[MainActivity]#7](f:0,a:0) onFrameAvailable the first frame is available
10-04 17:25:59.712 28340 28360 I ViewRootImpl@c2a025b[MainActivity]: Received frameCommittedCallback lastAttemptedDrawFrameNum=1 didProduceBuffer=true
10-04 17:25:59.712 28340 28360 D OpenGLRenderer: CFMS:: SetUp Pid : 28340    Tid : 28360
10-04 17:25:59.714 28340 28340 I ViewRootImpl@c2a025b[MainActivity]: onSyncComplete
10-04 17:25:59.714 28340 28340 I ViewRootImpl@c2a025b[MainActivity]: setupSync seqId=0 mSyncId=0 fn=1 caller=android.view.ViewRootImpl$$ExternalSyntheticLambda11.accept:6 android.window.SurfaceSyncer.lambda$setupSync$1$android-window-SurfaceSyncer:128 android.window.SurfaceSyncer$$ExternalSyntheticLambda1.accept:8 android.window.SurfaceSyncer$SyncSet.checkIfSyncIsComplete:382 android.window.SurfaceSyncer$SyncSet.markSyncReady:359 android.window.SurfaceSyncer.markSyncReady:151 android.view.ViewRootImpl.performTraversals:4503 
10-04 17:25:59.715 28340 28340 I ViewRootImpl@c2a025b[MainActivity]: reportDrawFinished seqId=0 mSyncId=-1 fn=1 mSurfaceChangedTransaction=0x7b5dd2eb00
10-04 17:25:59.720 28340 28340 I ViewRootImpl@6cbdb39[MainActivity]: MSG_WINDOW_FOCUS_CHANGED 0 0
10-04 17:25:59.768 28340 28340 I ViewRootImpl@c2a025b[MainActivity]: MSG_WINDOW_FOCUS_CHANGED 1 0
10-04 17:25:59.768 28340 28340 I ViewRootImpl@c2a025b[MainActivity]: mThreadedRenderer.initializeIfNeeded()#2 mSurface={isValid=true 0x7bed839800}
10-04 17:26:01.917 28340 28340 I ViewRootImpl@c2a025b[MainActivity]: ViewPostIme pointer 0
10-04 17:26:02.119 28340 28340 I ViewRootImpl@c2a025b[MainActivity]: ViewPostIme pointer 1
10-04 17:26:07.951 28340 28340 I ViewRootImpl@c2a025b[MainActivity]: ViewPostIme pointer 0
10-04 17:26:08.016 28340 28340 I ViewRootImpl@c2a025b[MainActivity]: ViewPostIme pointer 1
10-04 17:26:08.034 28340 28340 I MSHandlerLifeCycle: removeMultiSplitHandler: no exist. decor=DecorView@3178ab0[MainActivity]
10-04 17:26:08.043 28340 28360 D OpenGLRenderer: setSurface called with nullptr
10-04 17:26:08.043 28340 28360 D OpenGLRenderer: setSurface() destroyed EGLSurface
10-04 17:26:08.043 28340 28360 D OpenGLRenderer: destroyEglSurface
10-04 17:26:08.051 28340 28360 D OpenGLRenderer: endAllActiveAnimators on 0x7b34850e00 (RippleDrawable) with handle 0x7bed81e400
10-04 17:26:08.052 28340 28340 I ViewRootImpl@c2a025b[MainActivity]: dispatchDetachedFromWindow
10-04 17:26:08.085 28340 28340 D InputTransport: Input channel destroyed: '3408454', fd=152
10-04 17:26:08.129 28340 28340 I ViewRootImpl@6cbdb39[MainActivity]: MSG_WINDOW_FOCUS_CHANGED 1 0
10-04 17:26:08.130 28340 28340 I ViewRootImpl@6cbdb39[MainActivity]: mThreadedRenderer.initializeIfNeeded()#2 mSurface={isValid=true 0x7b5da50800}
10-04 17:26:08.135 28340 28340 D InputMethodManager: startInputInner - Id : 0
10-04 17:26:08.135 28340 28340 I InputMethodManager: startInputInner - mService.startInputOrWindowGainedFocus
10-04 17:26:14.445 28340 28340 I ViewRootImpl@6cbdb39[MainActivity]: ViewPostIme pointer 0
10-04 17:26:14.901 28340 28340 I ViewRootImpl@6cbdb39[MainActivity]: ViewPostIme pointer 1
10-04 17:26:18.578 28340 28340 I ViewRootImpl@6cbdb39[MainActivity]: ViewPostIme pointer 0
10-04 17:26:18.618 28340 28340 I ViewRootImpl@6cbdb39[MainActivity]: ViewPostIme pointer 1
10-04 17:26:19.277 28340 28340 I COMPACT : showToast = No Update Found
10-04 17:26:19.287 28340 28340 D CompatibilityChangeReporter: Compat change id reported: 147798919; UID 10523; state: ENABLED
10-04 17:26:19.287 28340 28340 E Toast   : setGravity() shouldn't be called on text toasts, the values won't be used
10-04 17:26:19.287 28340 28340 I Toast   : setView: it's a custom toast
10-04 17:26:19.298 28340 28340 V Toast   : show: caller = com.lagradost.cloudstream3.CommonActivity.showToast:175 
10-04 17:26:19.314 28340 28340 V Toast   : HANDLE SHOW: android.widget.Toast$TN@907b9e7 mView=null mNextView=androidx.cardview.widget.CardView{298b994 V.E..V... ......ID 0,0-0,0 #7f0a0557 app:id/toast_layout_root}
10-04 17:26:19.320 28340 28340 V ToastPresenter: sipHeight = -39
10-04 17:26:19.323 28340 28340 V ToastPresenter: yOffset = 13
10-04 17:26:19.327 28340 28360 D NativeCustomFrequencyManager: [NativeCFMS] BpCustomFrequencyManager::BpCustomFrequencyManager()
10-04 17:26:19.340 28340 28340 D InsetsController: onStateChanged: InsetsState: {mDisplayFrame=Rect(0, 0 - 1080, 2400), mDisplayCutout=DisplayCutout{insets=Rect(0, 88 - 0, 0) waterfall=Insets{left=0, top=0, right=0, bottom=0} boundingRect={Bounds=[Rect(0, 0 - 0, 0), Rect(512, 0 - 568, 88), Rect(0, 0 - 0, 0), Rect(0, 0 - 0, 0)]} cutoutPathParserInfo={CutoutPathParserInfo{displayWidth=1080 displayHeight=2400 physicalDisplayWidth=1080 physicalDisplayHeight=2400 density={2.625} cutoutSpec={M 0,0 M 0,12.25101276465640 a 10.60613009248640,10.60613009248640 0 1,0 0,21.21226018497290 a 10.60613009248640,10.60613009248640 0 1,0 0,-21.21226018497290 Z @dp} rotation={0} scale={1.0} physicalPixelDisplaySizeRatio={1.0}}}}, mRoundedCorners=RoundedCorners{[RoundedCorner{position=TopLeft, radius=84, center=Point(84, 84)}, RoundedCorner{position=TopRight, radius=84, center=Point(996, 84)}, RoundedCorner{position=BottomRight, radius=84, center=Point(996, 2316)}, RoundedCorner{position=BottomLeft, radius=84, center=Point(84, 2316)}]}  mRoundedCornerFrame=Rect(0, 0 - 0, 0), mPrivacyIndicatorBounds=PrivacyIndicatorBounds {static bounds=Rect(964, 0 - 1080, 87) rotation=0}, mSources= { InsetsSource: {mType=ITYPE_NAVIGATION_BAR, mFrame=[0,2361][1080,2400], mVisible=true, mInsetsRoundedCornerFrame=false}, InsetsSource: {mType=ITYPE_LEFT_GESTURES, mFrame=[0,0][130,2400], mVisible=true, mInsetsRoundedCornerFrame=false}, InsetsSource: {mType=ITYPE_RIGHT_GESTURES, mFrame=[950,0][1080,2400], mVisible=true, mInsetsRoundedCornerFrame=false}, InsetsSource: {mType=ITYPE_TOP_MANDATORY_GESTURES, mFrame=[0,0][1080,120], mVisible=true, mInsetsRoundedCornerFrame=false}, InsetsSource: {mType=ITYPE_BOTTOM_MANDATORY_GESTURES, mFrame=[0,2316][1080,2400], mVisible=true, mInsetsRoundedCornerFrame=false}, InsetsSource: {mType=ITYPE_LEFT_DISPLAY_CUTOUT, mFrame=[0,0][-100000,2400], mVisible=true, mInsetsRoundedCornerFrame=false}, InsetsSource: {mType=ITYPE_TOP_DISPLAY_CUTOUT, mFrame=[0,0][1080,88], mVisible=true, mInsetsRoundedCornerFrame=false}, InsetsSource: {mType=ITYPE_RIGHT_DISPLAY_CUTOUT, mFrame=[100000,0][1080,2400], mVisible=true, mInsetsRoundedCornerFrame=false}, InsetsSource: {mType=ITYPE_BOTTOM_DISPLAY_CUTOUT, mFrame=[0,100000][1080,2400], mVisible=true, mInsetsRoundedCornerFrame=false}, InsetsSource: {mType=ITYPE_BOTTOM_TAPPABLE_ELEMENT, mFrame=[0,0][0,0], mVisible=true, mInsetsRoundedCornerFrame=false} } host=Toast from=android.view.ViewRootImpl.setView:1732
10-04 17:26:19.342 28340 28340 I ViewRootImpl@a4c3d[Toast]: setView = androidx.cardview.widget.CardView@298b994 TM=true
10-04 17:26:19.352 28340 28340 I ViewRootImpl@a4c3d[Toast]: performTraversals params={(0,13)(wrapxwrap) gr=BOTTOM CENTER sim={adjust=resize} ty=TOAST fmt=TRANSLUCENT wanim=0x1030004 surfaceInsets=Rect(11, 11 - 11, 11)
10-04 17:26:19.352 28340 28340 I ViewRootImpl@a4c3d[Toast]:   fl=1000098
10-04 17:26:19.352 28340 28340 I ViewRootImpl@a4c3d[Toast]:   pfl=12000000
10-04 17:26:19.352 28340 28340 I ViewRootImpl@a4c3d[Toast]:   bhv=DEFAULT
10-04 17:26:19.352 28340 28340 I ViewRootImpl@a4c3d[Toast]:   fitTypes=STATUS_BARS NAVIGATION_BARS CAPTION_BAR
10-04 17:26:19.352 28340 28340 I ViewRootImpl@a4c3d[Toast]:   fitIgnoreVis naviIconColor=0}
10-04 17:26:19.354 28340 28340 I ViewRootImpl@a4c3d[Toast]: performTraversals mFirst=true windowShouldResize=false viewVisibilityChanged=false mForceNextWindowRelayout=false params={(0,13)(wrapxwrap) gr=BOTTOM CENTER sim={adjust=resize} ty=TOAST fmt=TRANSLUCENT wanim=0x1030004 surfaceInsets=Rect(11, 11 - 11, 11)
10-04 17:26:19.354 28340 28340 I ViewRootImpl@a4c3d[Toast]:   fl=1000098
10-04 17:26:19.354 28340 28340 I ViewRootImpl@a4c3d[Toast]:   pfl=12000000
10-04 17:26:19.354 28340 28340 I ViewRootImpl@a4c3d[Toast]:   bhv=DEFAULT
10-04 17:26:19.354 28340 28340 I ViewRootImpl@a4c3d[Toast]:   fitTypes=STATUS_BARS NAVIGATION_BARS CAPTION_BAR
10-04 17:26:19.354 28340 28340 I ViewRootImpl@a4c3d[Toast]:   fitIgnoreVis naviIconColor=0}
10-04 17:26:19.368 28340 28340 I ViewRootImpl@a4c3d[Toast]: updateBlastSurfaceIfNeeded mBlastBufferQueue=null isSameSurfaceControl=false
10-04 17:26:19.370 28340 28340 I BLASTBufferQueue: new BLASTBufferQueue, mName= ViewRootImpl@a4c3d[Toast] mNativeObject= 0x7b3469db00 sc.mNativeObject= 0x7b6dd31d00 caller= android.view.ViewRootImpl.updateBlastSurfaceIfNeeded:2909 android.view.ViewRootImpl.relayoutWindow:9847 android.view.ViewRootImpl.performTraversals:3884 android.view.ViewRootImpl.doTraversal:3116 android.view.ViewRootImpl$TraversalRunnable.run:10885 android.view.Choreographer$CallbackRecord.run:1301 android.view.Choreographer$CallbackRecord.run:1309 android.view.Choreographer.doCallbacks:923 android.view.Choreographer.doFrame:852 android.view.Choreographer$FrameDisplayEventReceiver.run:1283 
10-04 17:26:19.370 28340 28340 I BLASTBufferQueue: update, w= 431 h= 178 mName = ViewRootImpl@a4c3d[Toast] mNativeObject= 0x7b3469db00 sc.mNativeObject= 0x7b6dd31d00 format= -3 caller= android.graphics.BLASTBufferQueue.<init>:84 android.view.ViewRootImpl.updateBlastSurfaceIfNeeded:2909 android.view.ViewRootImpl.relayoutWindow:9847 android.view.ViewRootImpl.performTraversals:3884 android.view.ViewRootImpl.doTraversal:3116 android.view.ViewRootImpl$TraversalRunnable.run:10885 
10-04 17:26:19.372 28340 28340 I ViewRootImpl@a4c3d[Toast]: Relayout returned: old=(0,88,1080,2361) new=(335,2192,744,2348) req=(409,156)0 dur=14 res=0x3 s={true 0x7bed839800} ch=true seqId=0
10-04 17:26:19.373 28340 28340 I ViewRootImpl@a4c3d[Toast]: mThreadedRenderer.initialize() mSurface={isValid=true 0x7bed839800} hwInitialized=true
10-04 17:26:19.374 28340 28360 D OpenGLRenderer: eglCreateWindowSurface
10-04 17:26:19.375 28340 28340 I ViewRootImpl@a4c3d[Toast]: reportNextDraw android.view.ViewRootImpl.performTraversals:4438 android.view.ViewRootImpl.doTraversal:3116 android.view.ViewRootImpl$TraversalRunnable.run:10885 android.view.Choreographer$CallbackRecord.run:1301 android.view.Choreographer$CallbackRecord.run:1309 
10-04 17:26:19.376 28340 28340 I ViewRootImpl@a4c3d[Toast]: Setup new sync id=0
10-04 17:26:19.376 28340 28340 I ViewRootImpl@a4c3d[Toast]: Setting syncFrameCallback
10-04 17:26:19.376 28340 28340 I ViewRootImpl@a4c3d[Toast]: registerCallbacksForSync syncBuffer=false
10-04 17:26:19.377 28340 28422 I ViewRootImpl@a4c3d[Toast]: Received frameDrawingCallback syncResult=0 frameNum=1.
10-04 17:26:19.377 28340 28422 I ViewRootImpl@a4c3d[Toast]: Setting up sync and frameCommitCallback
10-04 17:26:19.381 28340 28360 I BLASTBufferQueue: [ViewRootImpl@a4c3d[Toast]#8](f:0,a:0) onFrameAvailable the first frame is available
10-04 17:26:19.382 28340 28360 I ViewRootImpl@a4c3d[Toast]: Received frameCommittedCallback lastAttemptedDrawFrameNum=1 didProduceBuffer=true
10-04 17:26:19.384 28340 28360 D OpenGLRenderer: CFMS:: SetUp Pid : 28340    Tid : 28360
10-04 17:26:19.388 28340 28340 I ViewRootImpl@a4c3d[Toast]: onSyncComplete
10-04 17:26:19.389 28340 28340 I ViewRootImpl@a4c3d[Toast]: setupSync seqId=0 mSyncId=0 fn=1 caller=android.view.ViewRootImpl$$ExternalSyntheticLambda11.accept:6 android.window.SurfaceSyncer.lambda$setupSync$1$android-window-SurfaceSyncer:128 android.window.SurfaceSyncer$$ExternalSyntheticLambda1.accept:8 android.window.SurfaceSyncer$SyncSet.checkIfSyncIsComplete:382 android.window.SurfaceSyncer$SyncSet.markSyncReady:359 android.window.SurfaceSyncer.markSyncReady:151 android.view.ViewRootImpl.performTraversals:4503 
10-04 17:26:19.389 28340 28340 I ViewRootImpl@a4c3d[Toast]: reportDrawFinished seqId=0 mSyncId=-1 fn=1 mSurfaceChangedTransaction=0x7b5dd2ea00
10-04 17:26:20.307 28340 28340 I ViewRootImpl@6cbdb39[MainActivity]: ViewPostIme pointer 0
10-04 17:26:20.510 28340 28340 I ViewRootImpl@6cbdb39[MainActivity]: ViewPostIme pointer 1
10-04 17:26:21.322 28340 28360 D OpenGLRenderer: setSurface called with nullptr
10-04 17:26:21.322 28340 28360 D OpenGLRenderer: setSurface() destroyed EGLSurface
10-04 17:26:21.322 28340 28360 D OpenGLRenderer: destroyEglSurface
10-04 17:26:21.323 28340 28340 I ViewRootImpl@a4c3d[Toast]: dispatchDetachedFromWindow
10-04 17:26:21.330 28340 28340 D InputTransport: Input channel destroyed: '8190942', fd=206
10-04 17:26:21.781 28340 28340 I ViewRootImpl@6cbdb39[MainActivity]: ViewPostIme pointer 0
10-04 17:26:21.953 28340 28340 I ViewRootImpl@6cbdb39[MainActivity]: MSG_WINDOW_FOCUS_CHANGED 0 0
10-04 17:26:22.619 28340 28340 I ViewRootImpl@6cbdb39[MainActivity]: handleAppVisibility mAppVisible = true visible = false
