10-04 22:55:31.737 29796 29796 D InsetsController: onStateChanged: InsetsState: {mDisplayFrame=Rect(0, 0 - 1080, 2400), mDisplayCutout=DisplayCutout{insets=Rect(0, 88 - 0, 0) waterfall=Insets{left=0, top=0, right=0, bottom=0} boundingRect={Bounds=[Rect(0, 0 - 0, 0), Rect(512, 0 - 568, 88), Rect(0, 0 - 0, 0), Rect(0, 0 - 0, 0)]} cutoutPathParserInfo={CutoutPathParserInfo{displayWidth=1080 displayHeight=2400 physicalDisplayWidth=1080 physicalDisplayHeight=2400 density={2.625} cutoutSpec={M 0,0 M 0,12.25101276465640 a 10.60613009248640,10.60613009248640 0 1,0 0,21.21226018497290 a 10.60613009248640,10.60613009248640 0 1,0 0,-21.21226018497290 Z @dp} rotation={0} scale={1.0} physicalPixelDisplaySizeRatio={1.0}}}}, mRoundedCorners=RoundedCorners{[RoundedCorner{position=TopLeft, radius=84, center=Point(84, 84)}, RoundedCorner{position=TopRight, radius=84, center=Point(996, 84)}, RoundedCorner{position=BottomRight, radius=84, center=Point(996, 2316)}, RoundedCorner{position=BottomLeft, radius=84, center=Point(84, 2316)}]}  mRoundedCornerFrame=Rect(0, 0 - 1080, 2400), mPrivacyIndicatorBounds=PrivacyIndicatorBounds {static bounds=Rect(964, 0 - 1080, 87) rotation=0}, mSources= { InsetsSource: {mType=ITYPE_STATUS_BAR, mFrame=[0,0][1080,88], mVisible=true, mInsetsRoundedCornerFrame=false}, InsetsSource: {mType=ITYPE_NAVIGATION_BAR, mFrame=[0,2361][1080,2400], mVisible=true, mInsetsRoundedCornerFrame=false}, InsetsSource: {mType=ITYPE_LEFT_GESTURES, mFrame=[0,0][130,2400], mVisible=true, mInsetsRoundedCornerFrame=false}, InsetsSource: {mType=ITYPE_RIGHT_GESTURES, mFrame=[950,0][1080,2400], mVisible=true, mInsetsRoundedCornerFrame=false}, InsetsSource: {mType=ITYPE_TOP_MANDATORY_GESTURES, mFrame=[0,0][1080,120], mVisible=true, mInsetsRoundedCornerFrame=false}, InsetsSource: {mType=ITYPE_BOTTOM_MANDATORY_GESTURES, mFrame=[0,2316][1080,2400], mVisible=true, mInsetsRoundedCornerFrame=false}, InsetsSource: {mType=ITYPE_LEFT_DISPLAY_CUTOUT, mFrame=[0,0][-100000,2400], mVisible=true, mInsetsRoundedCornerFrame=false}, InsetsSource: {mType=ITYPE_TOP_DISPLAY_CUTOUT, mFrame=[0,0][1080,88], mVisible=true, mInsetsRoundedCornerFrame=false}, InsetsSource: {mType=ITYPE_RIGHT_DISPLAY_CUTOUT, mFrame=[100000,0][1080,2400], mVisible=true, mInsetsRoundedCornerFrame=false}, InsetsSource: {mType=ITYPE_BOTTOM_DISPLAY_CUTOUT, mFrame=[0,100000][1080,2400], mVisible=true, mInsetsRoundedCornerFrame=false}, InsetsSource: {mType=ITYPE_TOP_TAPPABLE_ELEMENT, mFrame=[0,0][1080,88], mVisible=true, mInsetsRoundedCornerFrame=false}, InsetsSource: {mType=ITYPE_BOTTOM_TAPPABLE_ELEMENT, mFrame=[0,0][0,0], mVisible=true, mInsetsRoundedCornerFrame=false} } host=com.lagradost.cloudstream3/com.lagradost.cloudstream3.MainActivity from=android.view.ViewRootImpl$ViewRootHandler.handleMessageImpl:6740
10-04 22:55:31.739 29796 29796 I ViewRootImpl@fb2a030[MainActivity]: MSG_WINDOW_FOCUS_CHANGED 0 0
10-04 22:55:31.752 29796 29796 I ViewRootImpl@fb2a030[MainActivity]: MSG_WINDOW_FOCUS_CHANGED 0 0
10-04 22:55:31.789 29796 29796 I ViewRootImpl@c556299[MainActivity]: MSG_WINDOW_FOCUS_CHANGED 1 0
10-04 22:55:31.789 29796 29796 I ViewRootImpl@c556299[MainActivity]: mThreadedRenderer.initializeIfNeeded()#2 mSurface={isValid=true 0x7bdd450000}
10-04 22:55:31.791 29796 29796 D InputMethodManager: startInputInner - Id : 0
10-04 22:55:31.791 29796 29796 I InputMethodManager: startInputInner - mService.startInputOrWindowGainedFocus
10-04 22:55:37.144 29796 29796 I ViewRootImpl@c556299[MainActivity]: ViewPostIme pointer 0
10-04 22:55:37.200 29796 29796 I ViewRootImpl@c556299[MainActivity]: ViewPostIme pointer 1
10-04 22:55:37.205 29796 29796 I MSHandlerLifeCycle: removeMultiSplitHandler: no exist. decor=DecorView@366d1ba[MainActivity]
10-04 22:55:37.207 29796 29833 D OpenGLRenderer: setSurface called with nullptr
10-04 22:55:37.207 29796 29833 D OpenGLRenderer: setSurface() destroyed EGLSurface
10-04 22:55:37.207 29796 29833 D OpenGLRenderer: destroyEglSurface
10-04 22:55:37.209 29796 29796 I ViewRootImpl@c556299[MainActivity]: dispatchDetachedFromWindow
10-04 22:55:37.238 29796 29796 D InputTransport: Input channel destroyed: 'de2ffa7', fd=113
10-04 22:55:37.241 29796 29796 D InsetsController: onStateChanged: InsetsState: {mDisplayFrame=Rect(0, 0 - 1080, 2400), mDisplayCutout=DisplayCutout{insets=Rect(0, 88 - 0, 0) waterfall=Insets{left=0, top=0, right=0, bottom=0} boundingRect={Bounds=[Rect(0, 0 - 0, 0), Rect(512, 0 - 568, 88), Rect(0, 0 - 0, 0), Rect(0, 0 - 0, 0)]} cutoutPathParserInfo={CutoutPathParserInfo{displayWidth=1080 displayHeight=2400 physicalDisplayWidth=1080 physicalDisplayHeight=2400 density={2.625} cutoutSpec={M 0,0 M 0,12.25101276465640 a 10.60613009248640,10.60613009248640 0 1,0 0,21.21226018497290 a 10.60613009248640,10.60613009248640 0 1,0 0,-21.21226018497290 Z @dp} rotation={0} scale={1.0} physicalPixelDisplaySizeRatio={1.0}}}}, mRoundedCorners=RoundedCorners{[RoundedCorner{position=TopLeft, radius=84, center=Point(84, 84)}, RoundedCorner{position=TopRight, radius=84, center=Point(996, 84)}, RoundedCorner{position=BottomRight, radius=84, center=Point(996, 2316)}, RoundedCorner{position=BottomLeft, radius=84, center=Point(84, 2316)}]}  mRoundedCornerFrame=Rect(0, 0 - 1080, 2400), mPrivacyIndicatorBounds=PrivacyIndicatorBounds {static bounds=Rect(964, 0 - 1080, 87) rotation=0}, mSources= { InsetsSource: {mType=ITYPE_STATUS_BAR, mFrame=[0,0][1080,88], mVisible=true, mInsetsRoundedCornerFrame=false}, InsetsSource: {mType=ITYPE_NAVIGATION_BAR, mFrame=[0,2361][1080,2400], mVisible=true, mInsetsRoundedCornerFrame=false}, InsetsSource: {mType=ITYPE_LEFT_GESTURES, mFrame=[0,0][130,2400], mVisible=true, mInsetsRoundedCornerFrame=false}, InsetsSource: {mType=ITYPE_RIGHT_GESTURES, mFrame=[950,0][1080,2400], mVisible=true, mInsetsRoundedCornerFrame=false}, InsetsSource: {mType=ITYPE_TOP_MANDATORY_GESTURES, mFrame=[0,0][1080,120], mVisible=true, mInsetsRoundedCornerFrame=false}, InsetsSource: {mType=ITYPE_BOTTOM_MANDATORY_GESTURES, mFrame=[0,2316][1080,2400], mVisible=true, mInsetsRoundedCornerFrame=false}, InsetsSource: {mType=ITYPE_LEFT_DISPLAY_CUTOUT, mFrame=[0,0][-100000,2400], mVisible=true, mInsetsRoundedCornerFrame=false}, InsetsSource: {mType=ITYPE_TOP_DISPLAY_CUTOUT, mFrame=[0,0][1080,88], mVisible=true, mInsetsRoundedCornerFrame=false}, InsetsSource: {mType=ITYPE_RIGHT_DISPLAY_CUTOUT, mFrame=[100000,0][1080,2400], mVisible=true, mInsetsRoundedCornerFrame=false}, InsetsSource: {mType=ITYPE_BOTTOM_DISPLAY_CUTOUT, mFrame=[0,100000][1080,2400], mVisible=true, mInsetsRoundedCornerFrame=false}, InsetsSource: {mType=ITYPE_TOP_TAPPABLE_ELEMENT, mFrame=[0,0][1080,88], mVisible=true, mInsetsRoundedCornerFrame=false}, InsetsSource: {mType=ITYPE_BOTTOM_TAPPABLE_ELEMENT, mFrame=[0,0][0,0], mVisible=true, mInsetsRoundedCornerFrame=false} } host=com.lagradost.cloudstream3/com.lagradost.cloudstream3.MainActivity from=android.view.ViewRootImpl$ViewRootHandler.handleMessageImpl:6740
10-04 22:55:37.270 29796 29796 I ViewRootImpl@fb2a030[MainActivity]: MSG_WINDOW_FOCUS_CHANGED 1 0
10-04 22:55:37.270 29796 29796 I ViewRootImpl@fb2a030[MainActivity]: mThreadedRenderer.initializeIfNeeded()#2 mSurface={isValid=true 0x7b5c480800}
10-04 22:55:37.292 29796 29796 D InputMethodManager: startInputInner - Id : 0
10-04 22:55:37.292 29796 29796 I InputMethodManager: startInputInner - mService.startInputOrWindowGainedFocus
10-04 22:55:37.689 29796 29796 I ViewRootImpl@fb2a030[MainActivity]: ViewPostIme pointer 0
10-04 22:55:37.741 29796 29796 W PanelsChildGestureRegionObserver: failed to register view with ID 2131362800. already registered
10-04 22:55:37.745 29796 29796 W PanelsChildGestureRegionObserver: failed to register view with ID 2131362800. already registered
10-04 22:55:37.761 29796 29796 W PanelsChildGestureRegionObserver: failed to register view with ID 2131362800. already registered
10-04 22:55:37.778 29796 29796 W PanelsChildGestureRegionObserver: failed to register view with ID 2131362800. already registered
10-04 22:55:37.782 29796 29796 D WindowOnBackDispatcher: onBackInvoked, viewRoot=ViewRootImpl@c556299[MainActivity], callback=androidx.activity.OnBackPressedDispatcher$Api33Impl$$ExternalSyntheticLambda0@27a4bf
10-04 22:55:37.797 29796 29796 I IMM_LC  : hsifw() - flag : 0
10-04 22:55:37.797 29796 29796 I IMM_LC  : hsifw() - mService.hideSoftInput
10-04 22:55:37.805 29796 29796 I CS3ExoPlayer: onStop
10-04 22:55:37.805 29796 29796 I CS3ExoPlayer: saveData
10-04 22:55:37.805 29796 29796 I CS3ExoPlayer: handleEvent Pause
10-04 22:55:37.888 29796 29796 W PanelsChildGestureRegionObserver: failed to register view with ID 2131362800. already registered
10-04 22:55:38.089 29796 29796 W PanelsChildGestureRegionObserver: failed to register view with ID 2131362800. already registered
10-04 22:55:38.104 29796 29921 D SurfaceView@73a440e: updateSurfacePosition RenderWorker, frameNr = 403, position = [54, -152, 1026, 322] surfaceSize = 1080x525
10-04 22:55:38.104 29796 29921 I SurfaceView@73a440e: uSP: rtp = Rect(54, -152 - 1026, 322) rtsw = 1080 rtsh = 525
10-04 22:55:38.104 29796 29921 I SurfaceView@73a440e: onSSPAndSRT: pl = 54 pt = -152 sx = 0.9 sy = 0.9028571
10-04 22:55:38.104 29796 29921 I SurfaceView@73a440e: aOrMT: ViewRootImpl@fb2a030[MainActivity] t = android.view.SurfaceControl$Transaction@c19bbc0 fN = 403 android.view.SurfaceView.-$$Nest$mapplyOrMergeTransaction:0 android.view.SurfaceView$SurfaceViewPositionUpdateListener.positionChanged:1537 android.graphics.RenderNode$CompositePositionUpdateListener.positionChanged:373 
10-04 22:55:38.104 29796 29921 I ViewRootImpl@fb2a030[MainActivity]: mWNT: t=0x7b09ae3100 mBlastBufferQueue=0x7b4988fb00 fn= 403 caller= android.view.SurfaceView.applyOrMergeTransaction:1455 android.view.SurfaceView.-$$Nest$mapplyOrMergeTransaction:0 android.view.SurfaceView$SurfaceViewPositionUpdateListener.positionChanged:1537 
10-04 22:55:38.105 29796 29796 I SurfaceView@73a440e: onWindowVisibilityChanged(8) false android.view.SurfaceView{73a440e V.E...... ........ 0,0-1080,525} of ViewRootImpl@fb2a030[MainActivity]
10-04 22:55:38.105 29796 29796 I SurfaceView@73a440e: Changes: creating=false format=false size=false visible=true alpha=false hint=false mUseAlpha=false visible=true left=false top=false
10-04 22:55:38.105 29796 29796 I SurfaceView@73a440e: 121259022 Cur surface: Surface(name=null)/@0xf7be1fd
10-04 22:55:38.106 29796 29796 I SurfaceView@73a440e: applyTransactionOnVriDraw: vri = ViewRootImpl@fb2a030[MainActivity] fRS = false t = 0x7b25605800 android.view.SurfaceView.performSurfaceTransaction:959 android.view.SurfaceView.updateSurface:1105 android.view.SurfaceView.onWindowVisibilityChanged:371 
10-04 22:55:38.106 29796 29796 I ViewRootImpl@fb2a030[MainActivity]: applyTransactionOnDraw: mRemoved = false isHardwareEnabled = true t = 0x7b25605800android.view.SurfaceView.applyTransactionOnVriDraw:2048 android.view.SurfaceView.performSurfaceTransaction:959 android.view.SurfaceView.updateSurface:1105 android.view.SurfaceView.onWindowVisibilityChanged:371 android.view.View.dispatchDetachedFromWindow:22529 
10-04 22:55:38.106 29796 29796 I SurfaceView@73a440e: surfaceDestroyed
10-04 22:55:38.106 29796 29796 I SurfaceView@73a440e: surfaceDestroyed callback.size 0 #2 android.view.SurfaceView{73a440e V.E...... ........ 0,0-1080,525}
10-04 22:55:38.106 29796 29796 I SurfaceView@73a440e: updateSurface: mVisible = false mSurface.isValid() = true
10-04 22:55:38.106 29796 29796 I SurfaceView@73a440e: releaseSurfaces: viewRoot = ViewRootImpl@fb2a030[MainActivity]
10-04 22:55:38.107 29796 29796 I SurfaceView@73a440e: applyTransactionOnVriDraw: vri = ViewRootImpl@fb2a030[MainActivity] fRS = true t = 0x7b25605b00 android.view.SurfaceView.releaseSurfaces:858 android.view.SurfaceView.updateSurface:1172 android.view.SurfaceView.onWindowVisibilityChanged:371 
10-04 22:55:38.107 29796 29796 I SurfaceView@73a440e: applyTransactionOnVriDraw: viewRoot.applyTransactionOnDrawFromReleaseSurfaces
10-04 22:55:38.107 29796 29796 I ViewRootImpl@fb2a030[MainActivity]: applyTransactionOnDraw: mRemoved = false isHardwareEnabled = true t = 0x7b25605b00android.view.ViewRootImpl.applyTransactionOnDrawFromReleaseSurfaces:12850 android.view.SurfaceView.applyTransactionOnVriDraw:2046 android.view.SurfaceView.releaseSurfaces:858 android.view.SurfaceView.updateSurface:1172 android.view.SurfaceView.onWindowVisibilityChanged:371 
10-04 22:55:38.107 29796 29796 V SurfaceView@73a440e: Layout: x=0 y=-299 w=1080 h=525, frame=Rect(0, 0 - 1080, 525)
10-04 22:55:38.107 29796 29796 I SurfaceView@73a440e: onDetachedFromWindow: tryReleaseSurfaces()
10-04 22:55:38.107 29796 29796 I SurfaceView@73a440e: releaseSurfaces: viewRoot = ViewRootImpl@fb2a030[MainActivity]
10-04 22:55:38.107 29796 29796 I SurfaceView@73a440e: applyTransactionOnVriDraw: vri = ViewRootImpl@fb2a030[MainActivity] fRS = true t = 0x7b25605c00 android.view.SurfaceView.releaseSurfaces:858 android.view.SurfaceView.onDetachedFromWindow:500 android.view.View.dispatchDetachedFromWindow:22538 
10-04 22:55:38.107 29796 29796 I SurfaceView@73a440e: applyTransactionOnVriDraw: viewRoot.applyTransactionOnDrawFromReleaseSurfaces
10-04 22:55:38.107 29796 29796 I ViewRootImpl@fb2a030[MainActivity]: applyTransactionOnDraw: mRemoved = false isHardwareEnabled = true t = 0x7b25605c00android.view.ViewRootImpl.applyTransactionOnDrawFromReleaseSurfaces:12850 android.view.SurfaceView.applyTransactionOnVriDraw:2046 android.view.SurfaceView.releaseSurfaces:858 android.view.SurfaceView.onDetachedFromWindow:500 android.view.View.dispatchDetachedFromWindow:22538 
10-04 22:55:38.121 29796 29796 I DecorView: notifyKeepScreenOnChanged: keepScreenOn=false
10-04 22:55:38.122 29796 29796 I CS3ExoPlayer: releasePlayer
10-04 22:55:38.122 29796 29796 I CS3ExoPlayer: Handle event: PlayerAttachedEvent(player=null, source=Player)
10-04 22:55:38.123 29796 29796 I DecorView: notifyKeepScreenOnChanged: keepScreenOn=false
10-04 22:55:38.125 29796 29796 I ViewRootImpl@fb2a030[MainActivity]: performTraversals params={(0,0)(fillxfill) sim={state=always_hidden adjust=resize} ty=BASE_APPLICATION wanim=0x1030309
10-04 22:55:38.125 29796 29796 I ViewRootImpl@fb2a030[MainActivity]:   fl=85810100
10-04 22:55:38.125 29796 29796 I ViewRootImpl@fb2a030[MainActivity]:   pfl=12020040
10-04 22:55:38.125 29796 29796 I ViewRootImpl@fb2a030[MainActivity]:   vsysui=500
10-04 22:55:38.125 29796 29796 I ViewRootImpl@fb2a030[MainActivity]:   bhv=DEFAULT
10-04 22:55:38.125 29796 29796 I ViewRootImpl@fb2a030[MainActivity]:   fitSides= naviIconColor=0}
10-04 22:55:38.125 29796 29796 I ViewRootImpl@fb2a030[MainActivity]: performTraversals mFirst=false windowShouldResize=false viewVisibilityChanged=false mForceNextWindowRelayout=false params={(0,0)(fillxfill) sim={state=always_hidden adjust=resize} ty=BASE_APPLICATION fmt=TRANSLUCENT wanim=0x1030309
10-04 22:55:38.125 29796 29796 I ViewRootImpl@fb2a030[MainActivity]:   fl=85810100
10-04 22:55:38.125 29796 29796 I ViewRootImpl@fb2a030[MainActivity]:   pfl=12020040
10-04 22:55:38.125 29796 29796 I ViewRootImpl@fb2a030[MainActivity]:   vsysui=500
10-04 22:55:38.125 29796 29796 I ViewRootImpl@fb2a030[MainActivity]:   bhv=DEFAULT
10-04 22:55:38.125 29796 29796 I ViewRootImpl@fb2a030[MainActivity]:   fitSides= naviIconColor=0}
10-04 22:55:38.130 29796 29796 I ViewRootImpl@fb2a030[MainActivity]: updateBlastSurfaceIfNeeded mBlastBufferQueue=0x7b4988fb00 isSameSurfaceControl=true
10-04 22:55:38.130 29796 29796 I BLASTBufferQueue: update, w= 1080 h= 2400 mName = ViewRootImpl@fb2a030[MainActivity] mNativeObject= 0x7b4988fb00 sc.mNativeObject= 0x7af63066a0 format= -3 caller= android.view.ViewRootImpl.updateBlastSurfaceIfNeeded:2898 android.view.ViewRootImpl.relayoutWindow:9847 android.view.ViewRootImpl.performTraversals:3884 android.view.ViewRootImpl.doTraversal:3116 android.view.ViewRootImpl$TraversalRunnable.run:10885 android.view.Choreographer$CallbackRecord.run:1301 
10-04 22:55:38.130 29796 29796 I ViewRootImpl@fb2a030[MainActivity]: Relayout returned: old=(0,0,1080,2400) new=(0,0,1080,2400) req=(1080,2400)0 dur=5 res=0x0 s={true 0x7b5c480800} ch=false seqId=0
10-04 22:55:38.131 29796 29796 I ViewRootImpl@fb2a030[MainActivity]: updateBoundsLayer: t = android.view.SurfaceControl$Transaction@683e70b sc = Surface(name=Bounds for - com.lagradost.cloudstream3/com.lagradost.cloudstream3.MainActivity@0)/@0x410e9e8 frame = 404
10-04 22:55:38.131 29796 29796 I ViewRootImpl@fb2a030[MainActivity]: mWNT: t=0x7b5c505f00 mBlastBufferQueue=0x7b4988fb00 fn= 404 caller= android.view.ViewRootImpl.prepareSurfaces:2985 android.view.ViewRootImpl.performTraversals:4233 android.view.ViewRootImpl.doTraversal:3116 
10-04 22:55:38.132 29796 29833 D SurfaceView@73a440e: windowPositionLost, frameNr = 404
10-04 22:55:38.133 29796 29922 I ViewRootImpl@fb2a030[MainActivity]: mWNT: t=0x7b25605800 mBlastBufferQueue=0x7b4988fb00 fn= 404 caller= android.view.ViewRootImpl.lambda$applyTransactionOnDraw$11$android-view-ViewRootImpl:12865 android.view.ViewRootImpl$$ExternalSyntheticLambda1.onFrameDraw:4 android.graphics.HardwareRenderer$FrameDrawingCallback.onFrameDraw:924 
10-04 22:55:38.133 29796 29922 I ViewRootImpl@fb2a030[MainActivity]: mWNT: t=0x7b25605b00 mBlastBufferQueue=0x7b4988fb00 fn= 404 caller= android.view.ViewRootImpl.lambda$applyTransactionOnDraw$11$android-view-ViewRootImpl:12865 android.view.ViewRootImpl$$ExternalSyntheticLambda1.onFrameDraw:4 android.graphics.HardwareRenderer$FrameDrawingCallback.onFrameDraw:924 
10-04 22:55:38.133 29796 29922 I ViewRootImpl@fb2a030[MainActivity]: mWNT: t=0x7b25605c00 mBlastBufferQueue=0x7b4988fb00 fn= 404 caller= android.view.ViewRootImpl.lambda$applyTransactionOnDraw$11$android-view-ViewRootImpl:12865 android.view.ViewRootImpl$$ExternalSyntheticLambda1.onFrameDraw:4 android.graphics.HardwareRenderer$FrameDrawingCallback.onFrameDraw:924 
10-04 22:55:39.475 29796 29796 I ViewRootImpl@fb2a030[MainActivity]: ViewPostIme pointer 0
10-04 22:55:39.540 29796 29796 I ViewRootImpl@fb2a030[MainActivity]: ViewPostIme pointer 1
10-04 22:55:39.547 29796 29796 I NavComponent: Navigating to fragment: 2131362274
10-04 22:55:39.555 29796 29796 I IMM_LC  : hsifw() - flag : 0
10-04 22:55:39.555 29796 29796 I IMM_LC  : hsifw() - mService.hideSoftInput
10-04 22:55:39.596 29796 29796 D ScrollView: initGoToTop
10-04 22:55:39.870 29796 29796 I SurfaceView@8bce3ee: onWindowVisibilityChanged(0) true android.view.SurfaceView{8bce3ee V.E...... ......I. 0,0-0,0} of ViewRootImpl@fb2a030[MainActivity]
10-04 22:55:39.870 29796 29796 D SurfaceView@8bce3ee: updateSurface: has no frame
10-04 22:55:39.877 29796 29796 I CS3ExoPlayer: SET STYLE = SaveCaptionStyle(foregroundColor=-1, backgroundColor=0, windowColor=0, edgeType=1, edgeColor=-16777216, typeface=null, typefaceFilePath=null, elevation=20, fixedTextSize=null, edgeSize=null, removeCaptions=false, removeBloat=true, upperCase=false, bold=false, italic=false, backgroundRadius=null)
10-04 22:55:39.888 29796 29796 I IMM_LC  : hsifw() - flag : 0
10-04 22:55:39.888 29796 29796 I IMM_LC  : hsifw() - mService.hideSoftInput
10-04 22:55:39.890 29796 29861 I SYNCVM  : addFromUrl = https://wecima.now/watch/%d9%85%d8%b4%d8%a7%d9%87%d8%af%d8%a9-%d9%85%d8%b3%d9%84%d8%b3%d9%84-loves-ambition-%d9%85%d9%88%d8%b3%d9%85-1-%d8%ad%d9%84%d9%82%d8%a9-13/
10-04 22:55:39.890 29796 29861 I SYNCUTIL: getIdsFromUrl https://wecima.now/watch/%d9%85%d8%b4%d8%a7%d9%87%d8%af%d8%a9-%d9%85%d8%b3%d9%84%d8%b3%d9%84-loves-ambition-%d9%85%d9%88%d8%b3%d9%85-1-%d8%ad%d9%84%d9%82%d8%a9-13/
10-04 22:55:39.904 29796 29796 I SurfaceView@8bce3ee: onWindowVisibilityChanged(8) false android.view.SurfaceView{8bce3ee V.E...... ......I. 0,0-0,0} of ViewRootImpl@fb2a030[MainActivity]
10-04 22:55:39.904 29796 29796 D SurfaceView@8bce3ee: updateSurface: has no frame
10-04 22:55:39.904 29796 29796 D SurfaceView@8bce3ee: updateSurface: has no frame
10-04 22:55:39.904 29796 29796 I SurfaceView@8bce3ee: onDetachedFromWindow: tryReleaseSurfaces()
10-04 22:55:39.904 29796 29796 I SurfaceView@8bce3ee: releaseSurfaces: viewRoot = ViewRootImpl@fb2a030[MainActivity]
10-04 22:55:39.904 29796 29796 I SurfaceView@8bce3ee: applyTransactionOnVriDraw: vri = ViewRootImpl@fb2a030[MainActivity] fRS = true t = 0x7af6600400 android.view.SurfaceView.releaseSurfaces:858 android.view.SurfaceView.onDetachedFromWindow:500 android.view.View.dispatchDetachedFromWindow:22538 
10-04 22:55:39.904 29796 29796 I SurfaceView@8bce3ee: applyTransactionOnVriDraw: viewRoot.applyTransactionOnDrawFromReleaseSurfaces
10-04 22:55:39.904 29796 29796 I ViewRootImpl@fb2a030[MainActivity]: applyTransactionOnDraw: mRemoved = false isHardwareEnabled = true t = 0x7af6600400android.view.ViewRootImpl.applyTransactionOnDrawFromReleaseSurfaces:12850 android.view.SurfaceView.applyTransactionOnVriDraw:2046 android.view.SurfaceView.releaseSurfaces:858 android.view.SurfaceView.onDetachedFromWindow:500 android.view.View.dispatchDetachedFromWindow:22538 
10-04 22:55:39.906 29796 29796 I SurfaceView@8bce3ee: onWindowVisibilityChanged(0) true android.view.SurfaceView{8bce3ee V.E...... ......I. 0,0-0,0} of ViewRootImpl@fb2a030[MainActivity]
10-04 22:55:39.906 29796 29796 D SurfaceView@8bce3ee: updateSurface: has no frame
10-04 22:55:39.909 29796 29796 I DecorView: notifyKeepScreenOnChanged: keepScreenOn=false
10-04 22:55:39.920 29796 29796 I CS3ExoPlayer: reloadPlayer
10-04 22:55:39.920 29796 29796 I CS3ExoPlayer: releasePlayer
10-04 22:55:39.920 29796 29796 I CS3ExoPlayer: Handle event: PlayerAttachedEvent(player=null, source=Player)
10-04 22:55:39.927 29796 29796 I ViewRootImpl@fb2a030[MainActivity]: performTraversals params={(0,0)(fillxfill) sim={state=always_hidden adjust=resize} ty=BASE_APPLICATION wanim=0x1030309
10-04 22:55:39.927 29796 29796 I ViewRootImpl@fb2a030[MainActivity]:   fl=85810100
10-04 22:55:39.927 29796 29796 I ViewRootImpl@fb2a030[MainActivity]:   pfl=12020040
10-04 22:55:39.927 29796 29796 I ViewRootImpl@fb2a030[MainActivity]:   vsysui=500
10-04 22:55:39.927 29796 29796 I ViewRootImpl@fb2a030[MainActivity]:   bhv=DEFAULT
10-04 22:55:39.927 29796 29796 I ViewRootImpl@fb2a030[MainActivity]:   fitSides= naviIconColor=0}
10-04 22:55:39.928 29796 29796 I ViewRootImpl@fb2a030[MainActivity]: performTraversals mFirst=false windowShouldResize=false viewVisibilityChanged=false mForceNextWindowRelayout=false params={(0,0)(fillxfill) sim={state=always_hidden adjust=resize} ty=BASE_APPLICATION fmt=TRANSLUCENT wanim=0x1030309
10-04 22:55:39.928 29796 29796 I ViewRootImpl@fb2a030[MainActivity]:   fl=85810100
10-04 22:55:39.928 29796 29796 I ViewRootImpl@fb2a030[MainActivity]:   pfl=12020040
10-04 22:55:39.928 29796 29796 I ViewRootImpl@fb2a030[MainActivity]:   vsysui=500
10-04 22:55:39.928 29796 29796 I ViewRootImpl@fb2a030[MainActivity]:   bhv=DEFAULT
10-04 22:55:39.928 29796 29796 I ViewRootImpl@fb2a030[MainActivity]:   fitSides= naviIconColor=0}
10-04 22:55:39.937 29796 29796 I ViewRootImpl@fb2a030[MainActivity]: updateBlastSurfaceIfNeeded mBlastBufferQueue=0x7b4988fb00 isSameSurfaceControl=true
10-04 22:55:39.937 29796 29796 I BLASTBufferQueue: update, w= 1080 h= 2400 mName = ViewRootImpl@fb2a030[MainActivity] mNativeObject= 0x7b4988fb00 sc.mNativeObject= 0x7af66c76a0 format= -3 caller= android.view.ViewRootImpl.updateBlastSurfaceIfNeeded:2898 android.view.ViewRootImpl.relayoutWindow:9847 android.view.ViewRootImpl.performTraversals:3884 android.view.ViewRootImpl.doTraversal:3116 android.view.ViewRootImpl$TraversalRunnable.run:10885 android.view.Choreographer$CallbackRecord.run:1301 
10-04 22:55:39.937 29796 29796 I ViewRootImpl@fb2a030[MainActivity]: Relayout returned: old=(0,0,1080,2400) new=(0,0,1080,2400) req=(1080,2400)0 dur=9 res=0x0 s={true 0x7b5c480800} ch=false seqId=0
10-04 22:55:39.937 29796 29796 I ViewRootImpl@fb2a030[MainActivity]: updateBoundsLayer: t = android.view.SurfaceControl$Transaction@683e70b sc = Surface(name=Bounds for - com.lagradost.cloudstream3/com.lagradost.cloudstream3.MainActivity@0)/@0x410e9e8 frame = 420
10-04 22:55:39.937 29796 29796 I ViewRootImpl@fb2a030[MainActivity]: mWNT: t=0x7b5c505f00 mBlastBufferQueue=0x7b4988fb00 fn= 420 caller= android.view.ViewRootImpl.prepareSurfaces:2985 android.view.ViewRootImpl.performTraversals:4233 android.view.ViewRootImpl.doTraversal:3116 
10-04 22:55:39.939 29796 29796 W View    : requestLayout() improperly called by android.widget.FrameLayout{3e1af5a I.E...... ......I. 0,0-0,0 #7f0a04e7 app:id/start_panel} during layout: running second layout pass
10-04 22:55:39.939 29796 29796 W View    : requestLayout() improperly called by android.widget.FrameLayout{421458b I.E...... ......ID 1080,0-1080,2143 #7f0a0168 app:id/end_panel} during layout: running second layout pass
10-04 22:55:39.941 29796 29796 D SurfaceView@8bce3ee: updateSurface: has no frame
10-04 22:55:39.945 29796 29921 I ViewRootImpl@fb2a030[MainActivity]: mWNT: t=0x7af6600400 mBlastBufferQueue=0x7b4988fb00 fn= 420 caller= android.view.ViewRootImpl.lambda$applyTransactionOnDraw$11$android-view-ViewRootImpl:12865 android.view.ViewRootImpl$$ExternalSyntheticLambda1.onFrameDraw:4 android.graphics.HardwareRenderer$FrameDrawingCallback.onFrameDraw:924 
10-04 22:55:39.948 29796 29796 D SurfaceView@8bce3ee: updateSurface: has no frame
10-04 22:55:39.962 29796 29796 D SurfaceView@8bce3ee: updateSurface: has no frame
10-04 22:55:39.979 29796 29796 D SurfaceView@8bce3ee: updateSurface: has no frame
10-04 22:55:40.004 29796 29796 D SurfaceView@8bce3ee: updateSurface: has no frame
10-04 22:55:40.014 29796 29796 D SurfaceView@8bce3ee: updateSurface: has no frame
10-04 22:55:40.028 29796 29796 D SurfaceView@8bce3ee: updateSurface: has no frame
10-04 22:55:40.043 29796 29796 D SurfaceView@8bce3ee: updateSurface: has no frame
10-04 22:55:40.060 29796 29796 D SurfaceView@8bce3ee: updateSurface: has no frame
10-04 22:55:40.077 29796 29796 D SurfaceView@8bce3ee: updateSurface: has no frame
10-04 22:55:40.093 29796 29796 D SurfaceView@8bce3ee: updateSurface: has no frame
10-04 22:55:40.110 29796 29796 D SurfaceView@8bce3ee: updateSurface: has no frame
10-04 22:55:40.127 29796 29796 D SurfaceView@8bce3ee: updateSurface: has no frame
10-04 22:55:40.143 29796 29796 D SurfaceView@8bce3ee: updateSurface: has no frame
10-04 22:55:40.160 29796 29796 D SurfaceView@8bce3ee: updateSurface: has no frame
10-04 22:55:40.177 29796 29796 D SurfaceView@8bce3ee: updateSurface: has no frame
10-04 22:55:40.193 29796 29796 D SurfaceView@8bce3ee: updateSurface: has no frame
10-04 22:55:40.210 29796 29796 D SurfaceView@8bce3ee: updateSurface: has no frame
10-04 22:55:40.227 29796 29796 D SurfaceView@8bce3ee: updateSurface: has no frame
10-04 22:55:40.243 29796 29796 D SurfaceView@8bce3ee: updateSurface: has no frame
10-04 22:55:40.260 29796 29796 D SurfaceView@8bce3ee: updateSurface: has no frame
10-04 22:55:40.276 29796 29796 D SurfaceView@8bce3ee: updateSurface: has no frame
10-04 22:55:40.293 29796 29796 D SurfaceView@8bce3ee: updateSurface: has no frame
10-04 22:55:40.310 29796 29796 D SurfaceView@8bce3ee: updateSurface: has no frame
10-04 22:55:40.326 29796 29796 D SurfaceView@8bce3ee: updateSurface: has no frame
10-04 22:55:40.343 29796 29796 D SurfaceView@8bce3ee: updateSurface: has no frame
10-04 22:55:40.360 29796 29796 D SurfaceView@8bce3ee: updateSurface: has no frame
10-04 22:55:40.377 29796 29796 D SurfaceView@8bce3ee: updateSurface: has no frame
10-04 22:55:40.393 29796 29796 D SurfaceView@8bce3ee: updateSurface: has no frame
10-04 22:55:40.410 29796 29796 D SurfaceView@8bce3ee: updateSurface: has no frame
10-04 22:55:40.426 29796 29796 D SurfaceView@8bce3ee: updateSurface: has no frame
10-04 22:55:40.443 29796 29796 D SurfaceView@8bce3ee: updateSurface: has no frame
10-04 22:55:40.460 29796 29796 D SurfaceView@8bce3ee: updateSurface: has no frame
10-04 22:55:40.477 29796 29796 D SurfaceView@8bce3ee: updateSurface: has no frame
10-04 22:55:40.493 29796 29796 D SurfaceView@8bce3ee: updateSurface: has no frame
10-04 22:55:40.510 29796 29796 D SurfaceView@8bce3ee: updateSurface: has no frame
10-04 22:55:40.526 29796 29796 D SurfaceView@8bce3ee: updateSurface: has no frame
10-04 22:55:40.543 29796 29796 D SurfaceView@8bce3ee: updateSurface: has no frame
10-04 22:55:40.560 29796 29796 D SurfaceView@8bce3ee: updateSurface: has no frame
10-04 22:55:40.577 29796 29796 D SurfaceView@8bce3ee: updateSurface: has no frame
10-04 22:55:40.593 29796 29796 D SurfaceView@8bce3ee: updateSurface: has no frame
10-04 22:55:40.610 29796 29796 D SurfaceView@8bce3ee: updateSurface: has no frame
10-04 22:55:40.627 29796 29796 D SurfaceView@8bce3ee: updateSurface: has no frame
10-04 22:55:40.643 29796 29796 D SurfaceView@8bce3ee: updateSurface: has no frame
10-04 22:55:40.660 29796 29796 D SurfaceView@8bce3ee: updateSurface: has no frame
10-04 22:55:40.676 29796 29796 D SurfaceView@8bce3ee: updateSurface: has no frame
10-04 22:55:40.694 29796 29796 D SurfaceView@8bce3ee: updateSurface: has no frame
10-04 22:55:40.710 29796 29796 D SurfaceView@8bce3ee: updateSurface: has no frame
10-04 22:55:40.726 29796 29796 D SurfaceView@8bce3ee: updateSurface: has no frame
10-04 22:55:40.743 29796 29796 D SurfaceView@8bce3ee: updateSurface: has no frame
10-04 22:55:40.759 29796 29796 D SurfaceView@8bce3ee: updateSurface: has no frame
10-04 22:55:40.776 29796 29796 D SurfaceView@8bce3ee: updateSurface: has no frame
10-04 22:55:40.793 29796 29796 D SurfaceView@8bce3ee: updateSurface: has no frame
10-04 22:55:40.809 29796 29796 D SurfaceView@8bce3ee: updateSurface: has no frame
10-04 22:55:40.826 29796 29796 D SurfaceView@8bce3ee: updateSurface: has no frame
10-04 22:55:40.847 29796 29796 D SurfaceView@8bce3ee: updateSurface: has no frame
10-04 22:55:40.863 29796 29796 D SurfaceView@8bce3ee: updateSurface: has no frame
10-04 22:55:40.898 29796 29796 D SurfaceView@8bce3ee: updateSurface: has no frame
10-04 22:55:40.899 29796 29814 I st.cloudstream3: Background concurrent copying GC freed 10MB AllocSpace bytes, 62(6780KB) LOS objects, 45% free, 28MB/52MB, paused 345us,86us total 217.475ms
10-04 22:55:40.910 29796 29796 D SurfaceView@8bce3ee: updateSurface: has no frame
10-04 22:55:40.923 29796 29833 D OpenGLRenderer: setSurface called with nullptr
10-04 22:55:40.924 29796 29816 D InputTransport: Input channel destroyed: 'ClientS', fd=182
10-04 22:55:40.924 29796 29816 D InputTransport: Input channel destroyed: 'ClientS', fd=123
10-04 22:55:40.925 29796 29833 D OpenGLRenderer: setSurface called with nullptr
10-04 22:55:40.926 29796 29816 D InputTransport: Input channel destroyed: 'ClientS', fd=165
10-04 22:55:40.927 29796 29796 D SurfaceView@8bce3ee: updateSurface: has no frame
10-04 22:55:40.927 29796 29833 D OpenGLRenderer: setSurface called with nullptr
10-04 22:55:40.928 29796 29816 D InputTransport: Input channel destroyed: 'ClientS', fd=220
10-04 22:55:40.934 29796 29833 D OpenGLRenderer: setSurface called with nullptr
10-04 22:55:40.934 29796 29816 D InputTransport: Input channel destroyed: 'ClientS', fd=163
10-04 22:55:40.935 29796 29816 D InputTransport: Input channel destroyed: 'ClientS', fd=113
10-04 22:55:40.943 29796 29796 D SurfaceView@8bce3ee: updateSurface: has no frame
10-04 22:55:40.960 29796 29796 D SurfaceView@8bce3ee: updateSurface: has no frame
10-04 22:55:40.976 29796 29796 D SurfaceView@8bce3ee: updateSurface: has no frame
10-04 22:55:40.993 29796 29796 D SurfaceView@8bce3ee: updateSurface: has no frame
10-04 22:55:41.010 29796 29796 D SurfaceView@8bce3ee: updateSurface: has no frame
10-04 22:55:41.026 29796 29796 D SurfaceView@8bce3ee: updateSurface: has no frame
10-04 22:55:41.043 29796 29796 D SurfaceView@8bce3ee: updateSurface: has no frame
10-04 22:55:41.059 29796 29796 D SurfaceView@8bce3ee: updateSurface: has no frame
10-04 22:55:41.076 29796 29796 D SurfaceView@8bce3ee: updateSurface: has no frame
10-04 22:55:41.093 29796 29796 D SurfaceView@8bce3ee: updateSurface: has no frame
10-04 22:55:41.109 29796 29796 D SurfaceView@8bce3ee: updateSurface: has no frame
10-04 22:55:41.126 29796 29796 D SurfaceView@8bce3ee: updateSurface: has no frame
10-04 22:55:41.142 29796 29796 D SurfaceView@8bce3ee: updateSurface: has no frame
10-04 22:55:41.159 29796 29796 D SurfaceView@8bce3ee: updateSurface: has no frame
10-04 22:55:41.176 29796 29796 D SurfaceView@8bce3ee: updateSurface: has no frame
10-04 22:55:41.192 29796 29796 D SurfaceView@8bce3ee: updateSurface: has no frame
10-04 22:55:41.209 29796 29796 D SurfaceView@8bce3ee: updateSurface: has no frame
10-04 22:55:41.226 29796 29796 D SurfaceView@8bce3ee: updateSurface: has no frame
10-04 22:55:41.243 29796 29796 D SurfaceView@8bce3ee: updateSurface: has no frame
10-04 22:55:41.259 29796 29796 D SurfaceView@8bce3ee: updateSurface: has no frame
10-04 22:55:41.276 29796 29796 D SurfaceView@8bce3ee: updateSurface: has no frame
10-04 22:55:41.292 29796 29796 D SurfaceView@8bce3ee: updateSurface: has no frame
10-04 22:55:41.309 29796 29796 D SurfaceView@8bce3ee: updateSurface: has no frame
10-04 22:55:41.326 29796 29796 D SurfaceView@8bce3ee: updateSurface: has no frame
10-04 22:55:41.342 29796 29796 D SurfaceView@8bce3ee: updateSurface: has no frame
10-04 22:55:41.359 29796 29796 D SurfaceView@8bce3ee: updateSurface: has no frame
10-04 22:55:41.376 29796 29796 D SurfaceView@8bce3ee: updateSurface: has no frame
10-04 22:55:41.393 29796 29796 D SurfaceView@8bce3ee: updateSurface: has no frame
10-04 22:55:41.414 29796 29796 D SurfaceView@8bce3ee: updateSurface: has no frame
10-04 22:55:41.440 29796 29796 D SurfaceView@8bce3ee: updateSurface: has no frame
10-04 22:55:41.457 29796 29796 D SurfaceView@8bce3ee: updateSurface: has no frame
10-04 22:55:41.462 29796 29796 D SurfaceView@8bce3ee: updateSurface: has no frame
10-04 22:55:41.477 29796 29796 D SurfaceView@8bce3ee: updateSurface: has no frame
10-04 22:55:41.492 29796 29796 D SurfaceView@8bce3ee: updateSurface: has no frame
10-04 22:55:41.509 29796 29796 D SurfaceView@8bce3ee: updateSurface: has no frame
10-04 22:55:41.526 29796 29796 D SurfaceView@8bce3ee: updateSurface: has no frame
10-04 22:55:41.542 29796 29796 D SurfaceView@8bce3ee: updateSurface: has no frame
10-04 22:55:41.559 29796 29796 D SurfaceView@8bce3ee: updateSurface: has no frame
10-04 22:55:41.576 29796 29796 D SurfaceView@8bce3ee: updateSurface: has no frame
10-04 22:55:41.592 29796 29796 D SurfaceView@8bce3ee: updateSurface: has no frame
10-04 22:55:41.609 29796 29796 D SurfaceView@8bce3ee: updateSurface: has no frame
10-04 22:55:41.626 29796 29796 D SurfaceView@8bce3ee: updateSurface: has no frame
10-04 22:55:41.640 29796 29870 I RVM2    : applyMeta
10-04 22:55:41.644 29796 29796 D SurfaceView@8bce3ee: updateSurface: has no frame
10-04 22:55:41.654 29796 29796 W PanelsChildGestureRegionObserver: failed to register view with ID 2131362800. already registered
10-04 22:55:41.657 29796 29796 E CoilImgLoader: Error loading image: coil3.request.NullRequestDataException: The request's data is null.
10-04 22:55:41.666 29796 29796 E CoilImgLoader: Error loading image: coil3.request.NullRequestDataException: The request's data is null.
10-04 22:55:41.707 29796 29861 I SYNCVM  : addFromUrl = https://wecima.now/watch/%d9%85%d8%b4%d8%a7%d9%87%d8%af%d8%a9-%d9%85%d8%b3%d9%84%d8%b3%d9%84-loves-ambition-%d9%85%d9%88%d8%b3%d9%85-1-%d8%ad%d9%84%d9%82%d8%a9-13/
10-04 22:55:41.707 29796 29861 I SYNCUTIL: getIdsFromUrl https://wecima.now/watch/%d9%85%d8%b4%d8%a7%d9%87%d8%af%d8%a9-%d9%85%d8%b3%d9%84%d8%b3%d9%84-loves-ambition-%d9%85%d9%88%d8%b3%d9%85-1-%d8%ad%d9%84%d9%82%d8%a9-13/
10-04 22:55:41.897 29796 29796 D SurfaceView@8bce3ee: updateSurface: has no frame
10-04 22:55:41.901 29796 29796 I SurfaceView@8bce3ee: Changes: creating=true format=true size=true visible=true alpha=false hint=false mUseAlpha=false visible=true left=true top=true
10-04 22:55:41.905 29796 29796 I BLASTBufferQueue: update, w= 1080 h= 525 mName = null mNativeObject= 0x7b5c3c9200 sc.mNativeObject= 0x7b09a74c40 format= 4 caller= android.view.SurfaceView.createBlastSurfaceControls:1383 android.view.SurfaceView.updateSurface:1079 android.view.SurfaceView.lambda$new$0$android-view-SurfaceView:200 android.view.SurfaceView$$ExternalSyntheticLambda5.onPreDraw:2 android.view.ViewTreeObserver.dispatchOnPreDraw:1121 android.view.ViewRootImpl.performTraversals:4442 
10-04 22:55:41.905 29796 29796 I SurfaceView@8bce3ee: 146596846 Cur surface: Surface(name=null)/@0xc6a842f
10-04 22:55:41.905 29796 29796 I SurfaceView@8bce3ee: pST: sr = Rect(0, 218 - 1080, 743) sw = 1080 sh = 525
10-04 22:55:41.905 29796 29796 D SurfaceView@8bce3ee: performSurfaceTransaction RenderWorker position = [0, 218, 1080, 743] surfaceSize = 1080x525
10-04 22:55:41.905 29796 29796 I SurfaceView@8bce3ee: applyTransactionOnVriDraw: vri = ViewRootImpl@fb2a030[MainActivity] fRS = false t = 0x7b25736300 android.view.SurfaceView.performSurfaceTransaction:959 android.view.SurfaceView.updateSurface:1105 android.view.SurfaceView.lambda$new$0$android-view-SurfaceView:200 
10-04 22:55:41.906 29796 29796 I ViewRootImpl@fb2a030[MainActivity]: applyTransactionOnDraw: mRemoved = false isHardwareEnabled = true t = 0x7b25736300android.view.SurfaceView.applyTransactionOnVriDraw:2048 android.view.SurfaceView.performSurfaceTransaction:959 android.view.SurfaceView.updateSurface:1105 android.view.SurfaceView.lambda$new$0$android-view-SurfaceView:200 android.view.SurfaceView$$ExternalSyntheticLambda5.onPreDraw:2 
10-04 22:55:41.906 29796 29796 I SurfaceView@8bce3ee: updateSurface: mVisible = true mSurface.isValid() = true
10-04 22:55:41.906 29796 29796 I SurfaceView@8bce3ee: updateSurface: mSurfaceCreated = false surfaceChanged = true visibleChanged = true
10-04 22:55:41.906 29796 29796 I SurfaceView@8bce3ee: visibleChanged -- surfaceCreated
10-04 22:55:41.906 29796 29796 I SurfaceView@8bce3ee: surfaceCreated 0 #8 android.view.SurfaceView{8bce3ee V.E...... ......ID 0,0-1080,525}
10-04 22:55:41.906 29796 29796 I SurfaceView@8bce3ee: surfaceChanged -- format=4 w=1080 h=525
10-04 22:55:41.906 29796 29796 I SurfaceView@8bce3ee: surfaceChanged (1080,525) 0 #8 android.view.SurfaceView{8bce3ee V.E...... ......ID 0,0-1080,525}
10-04 22:55:41.906 29796 29796 I SurfaceView@8bce3ee: surfaceRedrawNeeded
10-04 22:55:41.906 29796 29796 V SurfaceView@8bce3ee: Layout: x=0 y=218 w=1080 h=525, frame=Rect(0, 0 - 1080, 525)
10-04 22:55:41.925 29796 29922 D SurfaceView@8bce3ee: updateSurfacePosition RenderWorker, frameNr = 522, position = [0, 218, 1080, 743] surfaceSize = 1080x525
10-04 22:55:41.925 29796 29922 I SurfaceView@8bce3ee: uSP: rtp = Rect(0, 218 - 1080, 743) rtsw = 1080 rtsh = 525
10-04 22:55:41.926 29796 29922 I SurfaceView@8bce3ee: onSSPAndSRT: pl = 0 pt = 218 sx = 1.0 sy = 1.0
10-04 22:55:41.926 29796 29922 I SurfaceView@8bce3ee: aOrMT: ViewRootImpl@fb2a030[MainActivity] t = android.view.SurfaceControl$Transaction@ec84e28 fN = 522 android.view.SurfaceView.-$$Nest$mapplyOrMergeTransaction:0 android.view.SurfaceView$SurfaceViewPositionUpdateListener.positionChanged:1537 android.graphics.RenderNode$CompositePositionUpdateListener.positionChanged:373 
10-04 22:55:41.926 29796 29922 I ViewRootImpl@fb2a030[MainActivity]: mWNT: t=0x7b25736500 mBlastBufferQueue=0x7b4988fb00 fn= 522 caller= android.view.SurfaceView.applyOrMergeTransaction:1455 android.view.SurfaceView.-$$Nest$mapplyOrMergeTransaction:0 android.view.SurfaceView$SurfaceViewPositionUpdateListener.positionChanged:1537 
10-04 22:55:41.927 29796 29921 I ViewRootImpl@fb2a030[MainActivity]: mWNT: t=0x7b25736300 mBlastBufferQueue=0x7b4988fb00 fn= 522 caller= android.view.ViewRootImpl.lambda$applyTransactionOnDraw$11$android-view-ViewRootImpl:12865 android.view.ViewRootImpl$$ExternalSyntheticLambda1.onFrameDraw:4 android.graphics.HardwareRenderer$FrameDrawingCallback.onFrameDraw:924 
10-04 22:55:41.987 29796 29796 I SurfaceView@8bce3ee: finishedDrawing
10-04 22:55:42.546 29796 29796 I ViewRootImpl@fb2a030[MainActivity]: ViewPostIme pointer 0
10-04 22:55:42.605 29796 29796 I SurfaceView@8bce3ee: Changes: creating=false format=false size=false visible=false alpha=false hint=false mUseAlpha=false visible=false left=false top=true
10-04 22:55:42.605 29796 29796 I SurfaceView@8bce3ee: 146596846 Cur surface: Surface(name=null)/@0xc6a842f
10-04 22:55:42.606 29796 29796 I SurfaceView@8bce3ee: applyTransactionOnVriDraw: vri = ViewRootImpl@fb2a030[MainActivity] fRS = false t = 0x7b25736b00 android.view.SurfaceView.performSurfaceTransaction:959 android.view.SurfaceView.updateSurface:1105 android.view.SurfaceView.lambda$new$0$android-view-SurfaceView:200 
10-04 22:55:42.607 29796 29796 I ViewRootImpl@fb2a030[MainActivity]: applyTransactionOnDraw: mRemoved = false isHardwareEnabled = true t = 0x7b25736b00android.view.SurfaceView.applyTransactionOnVriDraw:2048 android.view.SurfaceView.performSurfaceTransaction:959 android.view.SurfaceView.updateSurface:1105 android.view.SurfaceView.lambda$new$0$android-view-SurfaceView:200 android.view.SurfaceView$$ExternalSyntheticLambda5.onPreDraw:2 
10-04 22:55:42.607 29796 29796 I SurfaceView@8bce3ee: updateSurface: mVisible = true mSurface.isValid() = true
10-04 22:55:42.607 29796 29796 I SurfaceView@8bce3ee: updateSurface: mSurfaceCreated = true surfaceChanged = false visibleChanged = false
10-04 22:55:42.608 29796 29796 V SurfaceView@8bce3ee: Layout: x=0 y=133 w=1080 h=525, frame=Rect(0, 0 - 1080, 525)
10-04 22:55:42.613 29796 29922 D SurfaceView@8bce3ee: updateSurfacePosition RenderWorker, frameNr = 541, position = [0, 133, 1080, 658] surfaceSize = 1080x525
10-04 22:55:42.613 29796 29922 I SurfaceView@8bce3ee: uSP: rtp = Rect(0, 133 - 1080, 658) rtsw = 1080 rtsh = 525
10-04 22:55:42.613 29796 29922 I SurfaceView@8bce3ee: onSSPAndSRT: pl = 0 pt = 133 sx = 1.0 sy = 1.0
10-04 22:55:42.614 29796 29922 I SurfaceView@8bce3ee: aOrMT: ViewRootImpl@fb2a030[MainActivity] t = android.view.SurfaceControl$Transaction@ec84e28 fN = 541 android.view.SurfaceView.-$$Nest$mapplyOrMergeTransaction:0 android.view.SurfaceView$SurfaceViewPositionUpdateListener.positionChanged:1537 android.graphics.RenderNode$CompositePositionUpdateListener.positionChanged:373 
10-04 22:55:42.614 29796 29922 I ViewRootImpl@fb2a030[MainActivity]: mWNT: t=0x7b25736500 mBlastBufferQueue=0x7b4988fb00 fn= 541 caller= android.view.SurfaceView.applyOrMergeTransaction:1455 android.view.SurfaceView.-$$Nest$mapplyOrMergeTransaction:0 android.view.SurfaceView$SurfaceViewPositionUpdateListener.positionChanged:1537 
10-04 22:55:42.615 29796 29922 I ViewRootImpl@fb2a030[MainActivity]: mWNT: t=0x7b25736b00 mBlastBufferQueue=0x7b4988fb00 fn= 541 caller= android.view.ViewRootImpl.lambda$applyTransactionOnDraw$11$android-view-ViewRootImpl:12865 android.view.ViewRootImpl$$ExternalSyntheticLambda1.onFrameDraw:4 android.graphics.HardwareRenderer$FrameDrawingCallback.onFrameDraw:924 
10-04 22:55:42.624 29796 29796 I SurfaceView@8bce3ee: Changes: creating=false format=false size=false visible=false alpha=false hint=false mUseAlpha=false visible=false left=false top=true
10-04 22:55:42.625 29796 29796 I SurfaceView@8bce3ee: 146596846 Cur surface: Surface(name=null)/@0xc6a842f
10-04 22:55:42.626 29796 29796 I SurfaceView@8bce3ee: applyTransactionOnVriDraw: vri = ViewRootImpl@fb2a030[MainActivity] fRS = false t = 0x7b25736d00 android.view.SurfaceView.performSurfaceTransaction:959 android.view.SurfaceView.updateSurface:1105 android.view.SurfaceView.lambda$new$0$android-view-SurfaceView:200 
10-04 22:55:42.627 29796 29796 I ViewRootImpl@fb2a030[MainActivity]: applyTransactionOnDraw: mRemoved = false isHardwareEnabled = true t = 0x7b25736d00android.view.SurfaceView.applyTransactionOnVriDraw:2048 android.view.SurfaceView.performSurfaceTransaction:959 android.view.SurfaceView.updateSurface:1105 android.view.SurfaceView.lambda$new$0$android-view-SurfaceView:200 android.view.SurfaceView$$ExternalSyntheticLambda5.onPreDraw:2 
10-04 22:55:42.627 29796 29796 I SurfaceView@8bce3ee: updateSurface: mVisible = true mSurface.isValid() = true
10-04 22:55:42.627 29796 29796 I SurfaceView@8bce3ee: updateSurface: mSurfaceCreated = true surfaceChanged = false visibleChanged = false
10-04 22:55:42.627 29796 29796 V SurfaceView@8bce3ee: Layout: x=0 y=14 w=1080 h=525, frame=Rect(0, 0 - 1080, 525)
10-04 22:55:42.638 29796 29921 D SurfaceView@8bce3ee: updateSurfacePosition RenderWorker, frameNr = 542, position = [0, 14, 1080, 539] surfaceSize = 1080x525
10-04 22:55:42.638 29796 29921 I SurfaceView@8bce3ee: uSP: rtp = Rect(0, 14 - 1080, 539) rtsw = 1080 rtsh = 525
10-04 22:55:42.638 29796 29921 I SurfaceView@8bce3ee: onSSPAndSRT: pl = 0 pt = 14 sx = 1.0 sy = 1.0
10-04 22:55:42.638 29796 29921 I SurfaceView@8bce3ee: aOrMT: ViewRootImpl@fb2a030[MainActivity] t = android.view.SurfaceControl$Transaction@ec84e28 fN = 542 android.view.SurfaceView.-$$Nest$mapplyOrMergeTransaction:0 android.view.SurfaceView$SurfaceViewPositionUpdateListener.positionChanged:1537 android.graphics.RenderNode$CompositePositionUpdateListener.positionChanged:373 
10-04 22:55:42.639 29796 29921 I ViewRootImpl@fb2a030[MainActivity]: mWNT: t=0x7b25736500 mBlastBufferQueue=0x7b4988fb00 fn= 542 caller= android.view.SurfaceView.applyOrMergeTransaction:1455 android.view.SurfaceView.-$$Nest$mapplyOrMergeTransaction:0 android.view.SurfaceView$SurfaceViewPositionUpdateListener.positionChanged:1537 
10-04 22:55:42.639 29796 29921 I ViewRootImpl@fb2a030[MainActivity]: mWNT: t=0x7b25736d00 mBlastBufferQueue=0x7b4988fb00 fn= 542 caller= android.view.ViewRootImpl.lambda$applyTransactionOnDraw$11$android-view-ViewRootImpl:12865 android.view.ViewRootImpl$$ExternalSyntheticLambda1.onFrameDraw:4 android.graphics.HardwareRenderer$FrameDrawingCallback.onFrameDraw:924 
10-04 22:55:42.650 29796 29796 I SurfaceView@8bce3ee: Changes: creating=false format=false size=false visible=false alpha=false hint=false mUseAlpha=false visible=false left=false top=true
10-04 22:55:42.650 29796 29796 I SurfaceView@8bce3ee: 146596846 Cur surface: Surface(name=null)/@0xc6a842f
10-04 22:55:42.651 29796 29796 I SurfaceView@8bce3ee: applyTransactionOnVriDraw: vri = ViewRootImpl@fb2a030[MainActivity] fRS = false t = 0x7bed897100 android.view.SurfaceView.performSurfaceTransaction:959 android.view.SurfaceView.updateSurface:1105 android.view.SurfaceView.lambda$new$0$android-view-SurfaceView:200 
10-04 22:55:42.652 29796 29796 I ViewRootImpl@fb2a030[MainActivity]: applyTransactionOnDraw: mRemoved = false isHardwareEnabled = true t = 0x7bed897100android.view.SurfaceView.applyTransactionOnVriDraw:2048 android.view.SurfaceView.performSurfaceTransaction:959 android.view.SurfaceView.updateSurface:1105 android.view.SurfaceView.lambda$new$0$android-view-SurfaceView:200 android.view.SurfaceView$$ExternalSyntheticLambda5.onPreDraw:2 
10-04 22:55:42.653 29796 29796 I SurfaceView@8bce3ee: updateSurface: mVisible = true mSurface.isValid() = true
10-04 22:55:42.653 29796 29796 I SurfaceView@8bce3ee: updateSurface: mSurfaceCreated = true surfaceChanged = false visibleChanged = false
10-04 22:55:42.653 29796 29796 V SurfaceView@8bce3ee: Layout: x=0 y=-143 w=1080 h=525, frame=Rect(0, 0 - 1080, 525)
10-04 22:55:42.666 29796 29922 D SurfaceView@8bce3ee: updateSurfacePosition RenderWorker, frameNr = 543, position = [0, -143, 1080, 382] surfaceSize = 1080x525
10-04 22:55:42.666 29796 29922 I SurfaceView@8bce3ee: uSP: rtp = Rect(0, -143 - 1080, 382) rtsw = 1080 rtsh = 525
10-04 22:55:42.666 29796 29922 I SurfaceView@8bce3ee: onSSPAndSRT: pl = 0 pt = -143 sx = 1.0 sy = 1.0
10-04 22:55:42.666 29796 29922 I SurfaceView@8bce3ee: aOrMT: ViewRootImpl@fb2a030[MainActivity] t = android.view.SurfaceControl$Transaction@ec84e28 fN = 543 android.view.SurfaceView.-$$Nest$mapplyOrMergeTransaction:0 android.view.SurfaceView$SurfaceViewPositionUpdateListener.positionChanged:1537 android.graphics.RenderNode$CompositePositionUpdateListener.positionChanged:373 
10-04 22:55:42.666 29796 29922 I ViewRootImpl@fb2a030[MainActivity]: mWNT: t=0x7b25736500 mBlastBufferQueue=0x7b4988fb00 fn= 543 caller= android.view.SurfaceView.applyOrMergeTransaction:1455 android.view.SurfaceView.-$$Nest$mapplyOrMergeTransaction:0 android.view.SurfaceView$SurfaceViewPositionUpdateListener.positionChanged:1537 
10-04 22:55:42.667 29796 29922 I ViewRootImpl@fb2a030[MainActivity]: mWNT: t=0x7bed897100 mBlastBufferQueue=0x7b4988fb00 fn= 543 caller= android.view.ViewRootImpl.lambda$applyTransactionOnDraw$11$android-view-ViewRootImpl:12865 android.view.ViewRootImpl$$ExternalSyntheticLambda1.onFrameDraw:4 android.graphics.HardwareRenderer$FrameDrawingCallback.onFrameDraw:924 
10-04 22:55:42.668 29796 29796 I ViewRootImpl@fb2a030[MainActivity]: ViewPostIme pointer 1
10-04 22:55:42.675 29796 29796 I SurfaceView@8bce3ee: Changes: creating=false format=false size=false visible=false alpha=false hint=false mUseAlpha=false visible=false left=false top=true
10-04 22:55:42.675 29796 29796 I SurfaceView@8bce3ee: 146596846 Cur surface: Surface(name=null)/@0xc6a842f
10-04 22:55:42.676 29796 29796 I SurfaceView@8bce3ee: applyTransactionOnVriDraw: vri = ViewRootImpl@fb2a030[MainActivity] fRS = false t = 0x7bed897200 android.view.SurfaceView.performSurfaceTransaction:959 android.view.SurfaceView.updateSurface:1105 android.view.SurfaceView.lambda$new$0$android-view-SurfaceView:200 
10-04 22:55:42.676 29796 29796 I ViewRootImpl@fb2a030[MainActivity]: applyTransactionOnDraw: mRemoved = false isHardwareEnabled = true t = 0x7bed897200android.view.SurfaceView.applyTransactionOnVriDraw:2048 android.view.SurfaceView.performSurfaceTransaction:959 android.view.SurfaceView.updateSurface:1105 android.view.SurfaceView.lambda$new$0$android-view-SurfaceView:200 android.view.SurfaceView$$ExternalSyntheticLambda5.onPreDraw:2 
10-04 22:55:42.676 29796 29796 I SurfaceView@8bce3ee: updateSurface: mVisible = true mSurface.isValid() = true
10-04 22:55:42.676 29796 29796 I SurfaceView@8bce3ee: updateSurface: mSurfaceCreated = true surfaceChanged = false visibleChanged = false
10-04 22:55:42.676 29796 29796 V SurfaceView@8bce3ee: Layout: x=0 y=-218 w=1080 h=525, frame=Rect(0, 0 - 1080, 525)
