10-04 21:46:17.125 19322 19322 E CoilImgLoader: Error loading image: coil3.request.NullRequestDataException: The request's data is null.
10-04 21:46:17.130 19322 19322 E CoilImgLoader: Error loading image: coil3.request.NullRequestDataException: The request's data is null.
10-04 21:46:17.164 19322 19373 I SYNCVM  : addFromUrl = https://wecima.now/watch/%d9%85%d8%b4%d8%a7%d9%87%d8%af%d8%a9-%d9%85%d8%b3%d9%84%d8%b3%d9%84-the-19th-medical-chart-%d9%85%d9%88%d8%b3%d9%85-1-%d8%ad%d9%84%d9%82%d8%a9-8-%d9%88%d8%a7%d9%84%d8%a3%d8%ae%d9%8a%d8%b1%d8%a9/
10-04 21:46:17.165 19322 19373 I SYNCUTIL: getIdsFromUrl https://wecima.now/watch/%d9%85%d8%b4%d8%a7%d9%87%d8%af%d8%a9-%d9%85%d8%b3%d9%84%d8%b3%d9%84-the-19th-medical-chart-%d9%85%d9%88%d8%b3%d9%85-1-%d8%ad%d9%84%d9%82%d8%a9-8-%d9%88%d8%a7%d9%84%d8%a3%d8%ae%d9%8a%d8%b1%d8%a9/
10-04 21:46:17.271 19322 19322 D SurfaceView@ec073aa: updateSurface: has no frame
10-04 21:46:17.273 19322 19322 I SurfaceView@ec073aa: Changes: creating=true format=true size=true visible=true alpha=false hint=false mUseAlpha=false visible=true left=true top=true
10-04 21:46:17.275 19322 19322 I BLASTBufferQueue: update, w= 1080 h= 525 mName = null mNativeObject= 0x7b30b9ae00 sc.mNativeObject= 0x7ad4b88800 format= 4 caller= android.view.SurfaceView.createBlastSurfaceControls:1383 android.view.SurfaceView.updateSurface:1079 android.view.SurfaceView.lambda$new$0$android-view-SurfaceView:200 android.view.SurfaceView$$ExternalSyntheticLambda5.onPreDraw:2 android.view.ViewTreeObserver.dispatchOnPreDraw:1121 android.view.ViewRootImpl.performTraversals:4442 
10-04 21:46:17.276 19322 19322 I SurfaceView@ec073aa: 247493546 Cur surface: Surface(name=null)/@0x33c1761
10-04 21:46:17.276 19322 19322 I SurfaceView@ec073aa: pST: sr = Rect(0, 218 - 1080, 743) sw = 1080 sh = 525
10-04 21:46:17.276 19322 19322 D SurfaceView@ec073aa: performSurfaceTransaction RenderWorker position = [0, 218, 1080, 743] surfaceSize = 1080x525
10-04 21:46:17.276 19322 19322 I SurfaceView@ec073aa: applyTransactionOnVriDraw: vri = ViewRootImpl@3bedb8a[MainActivity] fRS = false t = 0x7b30b36300 android.view.SurfaceView.performSurfaceTransaction:959 android.view.SurfaceView.updateSurface:1105 android.view.SurfaceView.lambda$new$0$android-view-SurfaceView:200 
10-04 21:46:17.276 19322 19322 I ViewRootImpl@3bedb8a[MainActivity]: applyTransactionOnDraw: mRemoved = false isHardwareEnabled = true t = 0x7b30b36300android.view.SurfaceView.applyTransactionOnVriDraw:2048 android.view.SurfaceView.performSurfaceTransaction:959 android.view.SurfaceView.updateSurface:1105 android.view.SurfaceView.lambda$new$0$android-view-SurfaceView:200 android.view.SurfaceView$$ExternalSyntheticLambda5.onPreDraw:2 
10-04 21:46:17.276 19322 19322 I SurfaceView@ec073aa: updateSurface: mVisible = true mSurface.isValid() = true
10-04 21:46:17.276 19322 19322 I SurfaceView@ec073aa: updateSurface: mSurfaceCreated = false surfaceChanged = true visibleChanged = true
10-04 21:46:17.276 19322 19322 I SurfaceView@ec073aa: visibleChanged -- surfaceCreated
10-04 21:46:17.276 19322 19322 I SurfaceView@ec073aa: surfaceCreated 0 #8 android.view.SurfaceView{ec073aa V.E...... ......ID 0,0-1080,525}
10-04 21:46:17.276 19322 19322 I SurfaceView@ec073aa: surfaceChanged -- format=4 w=1080 h=525
10-04 21:46:17.276 19322 19322 I SurfaceView@ec073aa: surfaceChanged (1080,525) 0 #8 android.view.SurfaceView{ec073aa V.E...... ......ID 0,0-1080,525}
10-04 21:46:17.276 19322 19322 I SurfaceView@ec073aa: surfaceRedrawNeeded
10-04 21:46:17.277 19322 19322 V SurfaceView@ec073aa: Layout: x=0 y=218 w=1080 h=525, frame=Rect(0, 0 - 1080, 525)
10-04 21:46:17.293 19322 19419 D SurfaceView@ec073aa: updateSurfacePosition RenderWorker, frameNr = 686, position = [0, 218, 1080, 743] surfaceSize = 1080x525
10-04 21:46:17.293 19322 19419 I SurfaceView@ec073aa: uSP: rtp = Rect(0, 218 - 1080, 743) rtsw = 1080 rtsh = 525
10-04 21:46:17.293 19322 19419 I SurfaceView@ec073aa: onSSPAndSRT: pl = 0 pt = 218 sx = 1.0 sy = 1.0
10-04 21:46:17.294 19322 19419 I SurfaceView@ec073aa: aOrMT: ViewRootImpl@3bedb8a[MainActivity] t = android.view.SurfaceControl$Transaction@c08eb74 fN = 686 android.view.SurfaceView.-$$Nest$mapplyOrMergeTransaction:0 android.view.SurfaceView$SurfaceViewPositionUpdateListener.positionChanged:1537 android.graphics.RenderNode$CompositePositionUpdateListener.positionChanged:373 
10-04 21:46:17.294 19322 19419 I ViewRootImpl@3bedb8a[MainActivity]: mWNT: t=0x7b30b36400 mBlastBufferQueue=0x7b448ab500 fn= 686 caller= android.view.SurfaceView.applyOrMergeTransaction:1455 android.view.SurfaceView.-$$Nest$mapplyOrMergeTransaction:0 android.view.SurfaceView$SurfaceViewPositionUpdateListener.positionChanged:1537 
10-04 21:46:17.295 19322 19419 I ViewRootImpl@3bedb8a[MainActivity]: mWNT: t=0x7b30b36300 mBlastBufferQueue=0x7b448ab500 fn= 686 caller= android.view.ViewRootImpl.lambda$applyTransactionOnDraw$11$android-view-ViewRootImpl:12865 android.view.ViewRootImpl$$ExternalSyntheticLambda1.onFrameDraw:4 android.graphics.HardwareRenderer$FrameDrawingCallback.onFrameDraw:924 
10-04 21:46:17.343 19322 19322 I SurfaceView@ec073aa: finishedDrawing
10-04 21:46:18.136 19322 19322 I ViewRootImpl@3bedb8a[MainActivity]: ViewPostIme pointer 0
10-04 21:46:18.212 19322 19322 I SurfaceView@ec073aa: Changes: creating=false format=false size=false visible=false alpha=false hint=false mUseAlpha=false visible=false left=false top=true
10-04 21:46:18.212 19322 19322 I SurfaceView@ec073aa: 247493546 Cur surface: Surface(name=null)/@0x33c1761
10-04 21:46:18.213 19322 19322 I SurfaceView@ec073aa: applyTransactionOnVriDraw: vri = ViewRootImpl@3bedb8a[MainActivity] fRS = false t = 0x7b30b36700 android.view.SurfaceView.performSurfaceTransaction:959 android.view.SurfaceView.updateSurface:1105 android.view.SurfaceView.lambda$new$0$android-view-SurfaceView:200 
10-04 21:46:18.214 19322 19322 I ViewRootImpl@3bedb8a[MainActivity]: applyTransactionOnDraw: mRemoved = false isHardwareEnabled = true t = 0x7b30b36700android.view.SurfaceView.applyTransactionOnVriDraw:2048 android.view.SurfaceView.performSurfaceTransaction:959 android.view.SurfaceView.updateSurface:1105 android.view.SurfaceView.lambda$new$0$android-view-SurfaceView:200 android.view.SurfaceView$$ExternalSyntheticLambda5.onPreDraw:2 
10-04 21:46:18.214 19322 19322 I SurfaceView@ec073aa: updateSurface: mVisible = true mSurface.isValid() = true
10-04 21:46:18.214 19322 19322 I SurfaceView@ec073aa: updateSurface: mSurfaceCreated = true surfaceChanged = false visibleChanged = false
10-04 21:46:18.214 19322 19322 V SurfaceView@ec073aa: Layout: x=0 y=134 w=1080 h=525, frame=Rect(0, 0 - 1080, 525)
10-04 21:46:18.220 19322 19420 D SurfaceView@ec073aa: updateSurfacePosition RenderWorker, frameNr = 697, position = [0, 134, 1080, 659] surfaceSize = 1080x525
10-04 21:46:18.220 19322 19420 I SurfaceView@ec073aa: uSP: rtp = Rect(0, 134 - 1080, 659) rtsw = 1080 rtsh = 525
10-04 21:46:18.220 19322 19420 I SurfaceView@ec073aa: onSSPAndSRT: pl = 0 pt = 134 sx = 1.0 sy = 1.0
10-04 21:46:18.221 19322 19420 I SurfaceView@ec073aa: aOrMT: ViewRootImpl@3bedb8a[MainActivity] t = android.view.SurfaceControl$Transaction@c08eb74 fN = 697 android.view.SurfaceView.-$$Nest$mapplyOrMergeTransaction:0 android.view.SurfaceView$SurfaceViewPositionUpdateListener.positionChanged:1537 android.graphics.RenderNode$CompositePositionUpdateListener.positionChanged:373 
10-04 21:46:18.221 19322 19420 I ViewRootImpl@3bedb8a[MainActivity]: mWNT: t=0x7b30b36400 mBlastBufferQueue=0x7b448ab500 fn= 697 caller= android.view.SurfaceView.applyOrMergeTransaction:1455 android.view.SurfaceView.-$$Nest$mapplyOrMergeTransaction:0 android.view.SurfaceView$SurfaceViewPositionUpdateListener.positionChanged:1537 
10-04 21:46:18.222 19322 19420 I ViewRootImpl@3bedb8a[MainActivity]: mWNT: t=0x7b30b36700 mBlastBufferQueue=0x7b448ab500 fn= 697 caller= android.view.ViewRootImpl.lambda$applyTransactionOnDraw$11$android-view-ViewRootImpl:12865 android.view.ViewRootImpl$$ExternalSyntheticLambda1.onFrameDraw:4 android.graphics.HardwareRenderer$FrameDrawingCallback.onFrameDraw:924 
10-04 21:46:18.230 19322 19322 I SurfaceView@ec073aa: Changes: creating=false format=false size=false visible=false alpha=false hint=false mUseAlpha=false visible=false left=false top=true
10-04 21:46:18.231 19322 19322 I SurfaceView@ec073aa: 247493546 Cur surface: Surface(name=null)/@0x33c1761
10-04 21:46:18.231 19322 19322 I SurfaceView@ec073aa: applyTransactionOnVriDraw: vri = ViewRootImpl@3bedb8a[MainActivity] fRS = false t = 0x7b30b36800 android.view.SurfaceView.performSurfaceTransaction:959 android.view.SurfaceView.updateSurface:1105 android.view.SurfaceView.lambda$new$0$android-view-SurfaceView:200 
10-04 21:46:18.232 19322 19322 I ViewRootImpl@3bedb8a[MainActivity]: applyTransactionOnDraw: mRemoved = false isHardwareEnabled = true t = 0x7b30b36800android.view.SurfaceView.applyTransactionOnVriDraw:2048 android.view.SurfaceView.performSurfaceTransaction:959 android.view.SurfaceView.updateSurface:1105 android.view.SurfaceView.lambda$new$0$android-view-SurfaceView:200 android.view.SurfaceView$$ExternalSyntheticLambda5.onPreDraw:2 
10-04 21:46:18.232 19322 19322 I SurfaceView@ec073aa: updateSurface: mVisible = true mSurface.isValid() = true
10-04 21:46:18.233 19322 19322 I SurfaceView@ec073aa: updateSurface: mSurfaceCreated = true surfaceChanged = false visibleChanged = false
10-04 21:46:18.233 19322 19322 V SurfaceView@ec073aa: Layout: x=0 y=39 w=1080 h=525, frame=Rect(0, 0 - 1080, 525)
10-04 21:46:18.242 19322 19419 D SurfaceView@ec073aa: updateSurfacePosition RenderWorker, frameNr = 698, position = [0, 39, 1080, 564] surfaceSize = 1080x525
10-04 21:46:18.243 19322 19419 I SurfaceView@ec073aa: uSP: rtp = Rect(0, 39 - 1080, 564) rtsw = 1080 rtsh = 525
10-04 21:46:18.243 19322 19419 I SurfaceView@ec073aa: onSSPAndSRT: pl = 0 pt = 39 sx = 1.0 sy = 1.0
10-04 21:46:18.243 19322 19419 I SurfaceView@ec073aa: aOrMT: ViewRootImpl@3bedb8a[MainActivity] t = android.view.SurfaceControl$Transaction@c08eb74 fN = 698 android.view.SurfaceView.-$$Nest$mapplyOrMergeTransaction:0 android.view.SurfaceView$SurfaceViewPositionUpdateListener.positionChanged:1537 android.graphics.RenderNode$CompositePositionUpdateListener.positionChanged:373 
10-04 21:46:18.243 19322 19419 I ViewRootImpl@3bedb8a[MainActivity]: mWNT: t=0x7b30b36400 mBlastBufferQueue=0x7b448ab500 fn= 698 caller= android.view.SurfaceView.applyOrMergeTransaction:1455 android.view.SurfaceView.-$$Nest$mapplyOrMergeTransaction:0 android.view.SurfaceView$SurfaceViewPositionUpdateListener.positionChanged:1537 
10-04 21:46:18.244 19322 19419 I ViewRootImpl@3bedb8a[MainActivity]: mWNT: t=0x7b30b36800 mBlastBufferQueue=0x7b448ab500 fn= 698 caller= android.view.ViewRootImpl.lambda$applyTransactionOnDraw$11$android-view-ViewRootImpl:12865 android.view.ViewRootImpl$$ExternalSyntheticLambda1.onFrameDraw:4 android.graphics.HardwareRenderer$FrameDrawingCallback.onFrameDraw:924 
10-04 21:46:18.253 19322 19322 I SurfaceView@ec073aa: Changes: creating=false format=false size=false visible=false alpha=false hint=false mUseAlpha=false visible=false left=false top=true
10-04 21:46:18.253 19322 19322 I SurfaceView@ec073aa: 247493546 Cur surface: Surface(name=null)/@0x33c1761
10-04 21:46:18.254 19322 19322 I SurfaceView@ec073aa: applyTransactionOnVriDraw: vri = ViewRootImpl@3bedb8a[MainActivity] fRS = false t = 0x7b30b36a00 android.view.SurfaceView.performSurfaceTransaction:959 android.view.SurfaceView.updateSurface:1105 android.view.SurfaceView.lambda$new$0$android-view-SurfaceView:200 
10-04 21:46:18.254 19322 19322 I ViewRootImpl@3bedb8a[MainActivity]: applyTransactionOnDraw: mRemoved = false isHardwareEnabled = true t = 0x7b30b36a00android.view.SurfaceView.applyTransactionOnVriDraw:2048 android.view.SurfaceView.performSurfaceTransaction:959 android.view.SurfaceView.updateSurface:1105 android.view.SurfaceView.lambda$new$0$android-view-SurfaceView:200 android.view.SurfaceView$$ExternalSyntheticLambda5.onPreDraw:2 
10-04 21:46:18.255 19322 19322 I SurfaceView@ec073aa: updateSurface: mVisible = true mSurface.isValid() = true
10-04 21:46:18.255 19322 19322 I SurfaceView@ec073aa: updateSurface: mSurfaceCreated = true surfaceChanged = false visibleChanged = false
10-04 21:46:18.255 19322 19322 V SurfaceView@ec073aa: Layout: x=0 y=-64 w=1080 h=525, frame=Rect(0, 0 - 1080, 525)
10-04 21:46:18.263 19322 19420 D SurfaceView@ec073aa: updateSurfacePosition RenderWorker, frameNr = 699, position = [0, -64, 1080, 461] surfaceSize = 1080x525
10-04 21:46:18.263 19322 19420 I SurfaceView@ec073aa: uSP: rtp = Rect(0, -64 - 1080, 461) rtsw = 1080 rtsh = 525
10-04 21:46:18.263 19322 19420 I SurfaceView@ec073aa: onSSPAndSRT: pl = 0 pt = -64 sx = 1.0 sy = 1.0
10-04 21:46:18.263 19322 19420 I SurfaceView@ec073aa: aOrMT: ViewRootImpl@3bedb8a[MainActivity] t = android.view.SurfaceControl$Transaction@c08eb74 fN = 699 android.view.SurfaceView.-$$Nest$mapplyOrMergeTransaction:0 android.view.SurfaceView$SurfaceViewPositionUpdateListener.positionChanged:1537 android.graphics.RenderNode$CompositePositionUpdateListener.positionChanged:373 
10-04 21:46:18.264 19322 19420 I ViewRootImpl@3bedb8a[MainActivity]: mWNT: t=0x7b30b36400 mBlastBufferQueue=0x7b448ab500 fn= 699 caller= android.view.SurfaceView.applyOrMergeTransaction:1455 android.view.SurfaceView.-$$Nest$mapplyOrMergeTransaction:0 android.view.SurfaceView$SurfaceViewPositionUpdateListener.positionChanged:1537 
10-04 21:46:18.264 19322 19420 I ViewRootImpl@3bedb8a[MainActivity]: mWNT: t=0x7b30b36a00 mBlastBufferQueue=0x7b448ab500 fn= 699 caller= android.view.ViewRootImpl.lambda$applyTransactionOnDraw$11$android-view-ViewRootImpl:12865 android.view.ViewRootImpl$$ExternalSyntheticLambda1.onFrameDraw:4 android.graphics.HardwareRenderer$FrameDrawingCallback.onFrameDraw:924 
10-04 21:46:18.265 19322 19322 I ViewRootImpl@3bedb8a[MainActivity]: ViewPostIme pointer 1
10-04 21:46:18.271 19322 19322 I SurfaceView@ec073aa: Changes: creating=false format=false size=false visible=false alpha=false hint=false mUseAlpha=false visible=false left=false top=true
10-04 21:46:18.271 19322 19322 I SurfaceView@ec073aa: 247493546 Cur surface: Surface(name=null)/@0x33c1761
10-04 21:46:18.272 19322 19322 I SurfaceView@ec073aa: applyTransactionOnVriDraw: vri = ViewRootImpl@3bedb8a[MainActivity] fRS = false t = 0x7b30b36b00 android.view.SurfaceView.performSurfaceTransaction:959 android.view.SurfaceView.updateSurface:1105 android.view.SurfaceView.lambda$new$0$android-view-SurfaceView:200 
10-04 21:46:18.272 19322 19322 I ViewRootImpl@3bedb8a[MainActivity]: applyTransactionOnDraw: mRemoved = false isHardwareEnabled = true t = 0x7b30b36b00android.view.SurfaceView.applyTransactionOnVriDraw:2048 android.view.SurfaceView.performSurfaceTransaction:959 android.view.SurfaceView.updateSurface:1105 android.view.SurfaceView.lambda$new$0$android-view-SurfaceView:200 android.view.SurfaceView$$ExternalSyntheticLambda5.onPreDraw:2 
10-04 21:46:18.272 19322 19322 I SurfaceView@ec073aa: updateSurface: mVisible = true mSurface.isValid() = true
10-04 21:46:18.272 19322 19322 I SurfaceView@ec073aa: updateSurface: mSurfaceCreated = true surfaceChanged = false visibleChanged = false
10-04 21:46:18.272 19322 19322 V SurfaceView@ec073aa: Layout: x=0 y=-98 w=1080 h=525, frame=Rect(0, 0 - 1080, 525)
10-04 21:46:18.277 19322 19419 D SurfaceView@ec073aa: updateSurfacePosition RenderWorker, frameNr = 700, position = [0, -98, 1080, 427] surfaceSize = 1080x525
10-04 21:46:18.277 19322 19419 I SurfaceView@ec073aa: uSP: rtp = Rect(0, -98 - 1080, 427) rtsw = 1080 rtsh = 525
10-04 21:46:18.277 19322 19419 I SurfaceView@ec073aa: onSSPAndSRT: pl = 0 pt = -98 sx = 1.0 sy = 1.0
10-04 21:46:18.277 19322 19419 I SurfaceView@ec073aa: aOrMT: ViewRootImpl@3bedb8a[MainActivity] t = android.view.SurfaceControl$Transaction@c08eb74 fN = 700 android.view.SurfaceView.-$$Nest$mapplyOrMergeTransaction:0 android.view.SurfaceView$SurfaceViewPositionUpdateListener.positionChanged:1537 android.graphics.RenderNode$CompositePositionUpdateListener.positionChanged:373 
10-04 21:46:18.278 19322 19419 I ViewRootImpl@3bedb8a[MainActivity]: mWNT: t=0x7b30b36400 mBlastBufferQueue=0x7b448ab500 fn= 700 caller= android.view.SurfaceView.applyOrMergeTransaction:1455 android.view.SurfaceView.-$$Nest$mapplyOrMergeTransaction:0 android.view.SurfaceView$SurfaceViewPositionUpdateListener.positionChanged:1537 
10-04 21:46:18.278 19322 19419 I ViewRootImpl@3bedb8a[MainActivity]: mWNT: t=0x7b30b36b00 mBlastBufferQueue=0x7b448ab500 fn= 700 caller= android.view.ViewRootImpl.lambda$applyTransactionOnDraw$11$android-view-ViewRootImpl:12865 android.view.ViewRootImpl$$ExternalSyntheticLambda1.onFrameDraw:4 android.graphics.HardwareRenderer$FrameDrawingCallback.onFrameDraw:924 
10-04 21:46:18.286 19322 19322 I SurfaceView@ec073aa: Changes: creating=false format=false size=false visible=false alpha=false hint=false mUseAlpha=false visible=false left=false top=true
10-04 21:46:18.286 19322 19322 I SurfaceView@ec073aa: 247493546 Cur surface: Surface(name=null)/@0x33c1761
10-04 21:46:18.287 19322 19322 I SurfaceView@ec073aa: applyTransactionOnVriDraw: vri = ViewRootImpl@3bedb8a[MainActivity] fRS = false t = 0x7b30b36c00 android.view.SurfaceView.performSurfaceTransaction:959 android.view.SurfaceView.updateSurface:1105 android.view.SurfaceView.lambda$new$0$android-view-SurfaceView:200 
10-04 21:46:18.287 19322 19322 I ViewRootImpl@3bedb8a[MainActivity]: applyTransactionOnDraw: mRemoved = false isHardwareEnabled = true t = 0x7b30b36c00android.view.SurfaceView.applyTransactionOnVriDraw:2048 android.view.SurfaceView.performSurfaceTransaction:959 android.view.SurfaceView.updateSurface:1105 android.view.SurfaceView.lambda$new$0$android-view-SurfaceView:200 android.view.SurfaceView$$ExternalSyntheticLambda5.onPreDraw:2 
10-04 21:46:18.287 19322 19322 I SurfaceView@ec073aa: updateSurface: mVisible = true mSurface.isValid() = true
10-04 21:46:18.287 19322 19322 I SurfaceView@ec073aa: updateSurface: mSurfaceCreated = true surfaceChanged = false visibleChanged = false
10-04 21:46:18.287 19322 19322 V SurfaceView@ec073aa: Layout: x=0 y=-157 w=1080 h=525, frame=Rect(0, 0 - 1080, 525)
10-04 21:46:18.291 19322 19420 D SurfaceView@ec073aa: updateSurfacePosition RenderWorker, frameNr = 701, position = [0, -157, 1080, 368] surfaceSize = 1080x525
10-04 21:46:18.292 19322 19420 I SurfaceView@ec073aa: uSP: rtp = Rect(0, -157 - 1080, 368) rtsw = 1080 rtsh = 525
10-04 21:46:18.292 19322 19420 I SurfaceView@ec073aa: onSSPAndSRT: pl = 0 pt = -157 sx = 1.0 sy = 1.0
10-04 21:46:18.292 19322 19420 I SurfaceView@ec073aa: aOrMT: ViewRootImpl@3bedb8a[MainActivity] t = android.view.SurfaceControl$Transaction@c08eb74 fN = 701 android.view.SurfaceView.-$$Nest$mapplyOrMergeTransaction:0 android.view.SurfaceView$SurfaceViewPositionUpdateListener.positionChanged:1537 android.graphics.RenderNode$CompositePositionUpdateListener.positionChanged:373 
10-04 21:46:18.292 19322 19420 I ViewRootImpl@3bedb8a[MainActivity]: mWNT: t=0x7b30b36400 mBlastBufferQueue=0x7b448ab500 fn= 701 caller= android.view.SurfaceView.applyOrMergeTransaction:1455 android.view.SurfaceView.-$$Nest$mapplyOrMergeTransaction:0 android.view.SurfaceView$SurfaceViewPositionUpdateListener.positionChanged:1537 
10-04 21:46:18.292 19322 19420 I ViewRootImpl@3bedb8a[MainActivity]: mWNT: t=0x7b30b36c00 mBlastBufferQueue=0x7b448ab500 fn= 701 caller= android.view.ViewRootImpl.lambda$applyTransactionOnDraw$11$android-view-ViewRootImpl:12865 android.view.ViewRootImpl$$ExternalSyntheticLambda1.onFrameDraw:4 android.graphics.HardwareRenderer$FrameDrawingCallback.onFrameDraw:924 
10-04 21:46:18.303 19322 19322 I SurfaceView@ec073aa: Changes: creating=false format=false size=false visible=false alpha=false hint=false mUseAlpha=false visible=false left=false top=true
10-04 21:46:18.303 19322 19322 I SurfaceView@ec073aa: 247493546 Cur surface: Surface(name=null)/@0x33c1761
10-04 21:46:18.304 19322 19322 I SurfaceView@ec073aa: applyTransactionOnVriDraw: vri = ViewRootImpl@3bedb8a[MainActivity] fRS = false t = 0x7b30b36d00 android.view.SurfaceView.performSurfaceTransaction:959 android.view.SurfaceView.updateSurface:1105 android.view.SurfaceView.lambda$new$0$android-view-SurfaceView:200 
10-04 21:46:18.305 19322 19322 I ViewRootImpl@3bedb8a[MainActivity]: applyTransactionOnDraw: mRemoved = false isHardwareEnabled = true t = 0x7b30b36d00android.view.SurfaceView.applyTransactionOnVriDraw:2048 android.view.SurfaceView.performSurfaceTransaction:959 android.view.SurfaceView.updateSurface:1105 android.view.SurfaceView.lambda$new$0$android-view-SurfaceView:200 android.view.SurfaceView$$ExternalSyntheticLambda5.onPreDraw:2 
10-04 21:46:18.305 19322 19322 I SurfaceView@ec073aa: updateSurface: mVisible = true mSurface.isValid() = true
10-04 21:46:18.305 19322 19322 I SurfaceView@ec073aa: updateSurface: mSurfaceCreated = true surfaceChanged = false visibleChanged = false
10-04 21:46:18.305 19322 19322 V SurfaceView@ec073aa: Layout: x=0 y=-244 w=1080 h=525, frame=Rect(0, 0 - 1080, 525)
10-04 21:46:18.309 19322 19419 I ViewRootImpl@3bedb8a[MainActivity]: mWNT: t=0x7b30b36d00 mBlastBufferQueue=0x7b448ab500 fn= 702 caller= android.view.ViewRootImpl.lambda$applyTransactionOnDraw$11$android-view-ViewRootImpl:12865 android.view.ViewRootImpl$$ExternalSyntheticLambda1.onFrameDraw:4 android.graphics.HardwareRenderer$FrameDrawingCallback.onFrameDraw:924 
10-04 21:46:18.319 19322 19322 I SurfaceView@ec073aa: Changes: creating=false format=false size=false visible=false alpha=false hint=false mUseAlpha=false visible=false left=false top=true
10-04 21:46:18.320 19322 19322 I SurfaceView@ec073aa: 247493546 Cur surface: Surface(name=null)/@0x33c1761
10-04 21:46:18.320 19322 19322 I SurfaceView@ec073aa: applyTransactionOnVriDraw: vri = ViewRootImpl@3bedb8a[MainActivity] fRS = false t = 0x7b30b36e00 android.view.SurfaceView.performSurfaceTransaction:959 android.view.SurfaceView.updateSurface:1105 android.view.SurfaceView.lambda$new$0$android-view-SurfaceView:200 
10-04 21:46:18.320 19322 19322 I ViewRootImpl@3bedb8a[MainActivity]: applyTransactionOnDraw: mRemoved = false isHardwareEnabled = true t = 0x7b30b36e00android.view.SurfaceView.applyTransactionOnVriDraw:2048 android.view.SurfaceView.performSurfaceTransaction:959 android.view.SurfaceView.updateSurface:1105 android.view.SurfaceView.lambda$new$0$android-view-SurfaceView:200 android.view.SurfaceView$$ExternalSyntheticLambda5.onPreDraw:2 
10-04 21:46:18.320 19322 19322 I SurfaceView@ec073aa: updateSurface: mVisible = true mSurface.isValid() = true
10-04 21:46:18.321 19322 19322 I SurfaceView@ec073aa: updateSurface: mSurfaceCreated = true surfaceChanged = false visibleChanged = false
10-04 21:46:18.321 19322 19322 V SurfaceView@ec073aa: Layout: x=0 y=-346 w=1080 h=525, frame=Rect(0, 0 - 1080, 525)
10-04 21:46:18.325 19322 19420 D SurfaceView@ec073aa: updateSurfacePosition RenderWorker, frameNr = 703, position = [0, -346, 1080, 179] surfaceSize = 1080x525
10-04 21:46:18.325 19322 19420 I SurfaceView@ec073aa: uSP: rtp = Rect(0, -346 - 1080, 179) rtsw = 1080 rtsh = 525
10-04 21:46:18.325 19322 19420 I SurfaceView@ec073aa: onSSPAndSRT: pl = 0 pt = -346 sx = 1.0 sy = 1.0
10-04 21:46:18.325 19322 19420 I SurfaceView@ec073aa: aOrMT: ViewRootImpl@3bedb8a[MainActivity] t = android.view.SurfaceControl$Transaction@c08eb74 fN = 703 android.view.SurfaceView.-$$Nest$mapplyOrMergeTransaction:0 android.view.SurfaceView$SurfaceViewPositionUpdateListener.positionChanged:1537 android.graphics.RenderNode$CompositePositionUpdateListener.positionChanged:373 
10-04 21:46:18.325 19322 19420 I ViewRootImpl@3bedb8a[MainActivity]: mWNT: t=0x7b30b36400 mBlastBufferQueue=0x7b448ab500 fn= 703 caller= android.view.SurfaceView.applyOrMergeTransaction:1455 android.view.SurfaceView.-$$Nest$mapplyOrMergeTransaction:0 android.view.SurfaceView$SurfaceViewPositionUpdateListener.positionChanged:1537 
10-04 21:46:18.325 19322 19420 I ViewRootImpl@3bedb8a[MainActivity]: mWNT: t=0x7b30b36e00 mBlastBufferQueue=0x7b448ab500 fn= 703 caller= android.view.ViewRootImpl.lambda$applyTransactionOnDraw$11$android-view-ViewRootImpl:12865 android.view.ViewRootImpl$$ExternalSyntheticLambda1.onFrameDraw:4 android.graphics.HardwareRenderer$FrameDrawingCallback.onFrameDraw:924 
10-04 21:46:18.336 19322 19322 I SurfaceView@ec073aa: Changes: creating=false format=false size=false visible=false alpha=false hint=false mUseAlpha=false visible=false left=false top=true
10-04 21:46:18.336 19322 19322 I SurfaceView@ec073aa: 247493546 Cur surface: Surface(name=null)/@0x33c1761
10-04 21:46:18.337 19322 19322 I SurfaceView@ec073aa: applyTransactionOnVriDraw: vri = ViewRootImpl@3bedb8a[MainActivity] fRS = false t = 0x7b30b36f00 android.view.SurfaceView.performSurfaceTransaction:959 android.view.SurfaceView.updateSurface:1105 android.view.SurfaceView.lambda$new$0$android-view-SurfaceView:200 
10-04 21:46:18.337 19322 19322 I ViewRootImpl@3bedb8a[MainActivity]: applyTransactionOnDraw: mRemoved = false isHardwareEnabled = true t = 0x7b30b36f00android.view.SurfaceView.applyTransactionOnVriDraw:2048 android.view.SurfaceView.performSurfaceTransaction:959 android.view.SurfaceView.updateSurface:1105 android.view.SurfaceView.lambda$new$0$android-view-SurfaceView:200 android.view.SurfaceView$$ExternalSyntheticLambda5.onPreDraw:2 
10-04 21:46:18.337 19322 19322 I SurfaceView@ec073aa: updateSurface: mVisible = true mSurface.isValid() = true
10-04 21:46:18.337 19322 19322 I SurfaceView@ec073aa: updateSurface: mSurfaceCreated = true surfaceChanged = false visibleChanged = false
10-04 21:46:18.337 19322 19322 V SurfaceView@ec073aa: Layout: x=0 y=-461 w=1080 h=525, frame=Rect(0, 0 - 1080, 525)
10-04 21:46:18.341 19322 19419 D SurfaceView@ec073aa: updateSurfacePosition RenderWorker, frameNr = 704, position = [0, -461, 1080, 64] surfaceSize = 1080x525
10-04 21:46:18.341 19322 19419 I SurfaceView@ec073aa: uSP: rtp = Rect(0, -461 - 1080, 64) rtsw = 1080 rtsh = 525
10-04 21:46:18.341 19322 19419 I SurfaceView@ec073aa: onSSPAndSRT: pl = 0 pt = -461 sx = 1.0 sy = 1.0
10-04 21:46:18.342 19322 19419 I SurfaceView@ec073aa: aOrMT: ViewRootImpl@3bedb8a[MainActivity] t = android.view.SurfaceControl$Transaction@c08eb74 fN = 704 android.view.SurfaceView.-$$Nest$mapplyOrMergeTransaction:0 android.view.SurfaceView$SurfaceViewPositionUpdateListener.positionChanged:1537 android.graphics.RenderNode$CompositePositionUpdateListener.positionChanged:373 
10-04 21:46:18.342 19322 19419 I ViewRootImpl@3bedb8a[MainActivity]: mWNT: t=0x7b30b36400 mBlastBufferQueue=0x7b448ab500 fn= 704 caller= android.view.SurfaceView.applyOrMergeTransaction:1455 android.view.SurfaceView.-$$Nest$mapplyOrMergeTransaction:0 android.view.SurfaceView$SurfaceViewPositionUpdateListener.positionChanged:1537 
10-04 21:46:18.342 19322 19419 I ViewRootImpl@3bedb8a[MainActivity]: mWNT: t=0x7b30b36f00 mBlastBufferQueue=0x7b448ab500 fn= 704 caller= android.view.ViewRootImpl.lambda$applyTransactionOnDraw$11$android-view-ViewRootImpl:12865 android.view.ViewRootImpl$$ExternalSyntheticLambda1.onFrameDraw:4 android.graphics.HardwareRenderer$FrameDrawingCallback.onFrameDraw:924 
10-04 21:46:18.352 19322 19322 I SurfaceView@ec073aa: Changes: creating=false format=false size=false visible=false alpha=false hint=false mUseAlpha=false visible=false left=false top=true
10-04 21:46:18.353 19322 19322 I SurfaceView@ec073aa: 247493546 Cur surface: Surface(name=null)/@0x33c1761
10-04 21:46:18.353 19322 19322 I SurfaceView@ec073aa: applyTransactionOnVriDraw: vri = ViewRootImpl@3bedb8a[MainActivity] fRS = false t = 0x7b68e99700 android.view.SurfaceView.performSurfaceTransaction:959 android.view.SurfaceView.updateSurface:1105 android.view.SurfaceView.lambda$new$0$android-view-SurfaceView:200 
10-04 21:46:18.353 19322 19322 I ViewRootImpl@3bedb8a[MainActivity]: applyTransactionOnDraw: mRemoved = false isHardwareEnabled = true t = 0x7b68e99700android.view.SurfaceView.applyTransactionOnVriDraw:2048 android.view.SurfaceView.performSurfaceTransaction:959 android.view.SurfaceView.updateSurface:1105 android.view.SurfaceView.lambda$new$0$android-view-SurfaceView:200 android.view.SurfaceView$$ExternalSyntheticLambda5.onPreDraw:2 
10-04 21:46:18.353 19322 19322 I SurfaceView@ec073aa: updateSurface: mVisible = true mSurface.isValid() = true
10-04 21:46:18.354 19322 19322 I SurfaceView@ec073aa: updateSurface: mSurfaceCreated = true surfaceChanged = false visibleChanged = false
10-04 21:46:18.354 19322 19322 V SurfaceView@ec073aa: Layout: x=0 y=-575 w=1080 h=525, frame=Rect(0, 0 - 1080, 525)
10-04 21:46:18.357 19322 19420 D SurfaceView@ec073aa: updateSurfacePosition RenderWorker, frameNr = 705, position = [0, -575, 1080, -50] surfaceSize = 1080x525
10-04 21:46:18.358 19322 19420 I SurfaceView@ec073aa: uSP: rtp = Rect(0, -575 - 1080, -50) rtsw = 1080 rtsh = 525
10-04 21:46:18.358 19322 19420 I SurfaceView@ec073aa: onSSPAndSRT: pl = 0 pt = -575 sx = 1.0 sy = 1.0
10-04 21:46:18.358 19322 19420 I SurfaceView@ec073aa: aOrMT: ViewRootImpl@3bedb8a[MainActivity] t = android.view.SurfaceControl$Transaction@c08eb74 fN = 705 android.view.SurfaceView.-$$Nest$mapplyOrMergeTransaction:0 android.view.SurfaceView$SurfaceViewPositionUpdateListener.positionChanged:1537 android.graphics.RenderNode$CompositePositionUpdateListener.positionChanged:373 
10-04 21:46:18.358 19322 19420 I ViewRootImpl@3bedb8a[MainActivity]: mWNT: t=0x7b30b36400 mBlastBufferQueue=0x7b448ab500 fn= 705 caller= android.view.SurfaceView.applyOrMergeTransaction:1455 android.view.SurfaceView.-$$Nest$mapplyOrMergeTransaction:0 android.view.SurfaceView$SurfaceViewPositionUpdateListener.positionChanged:1537 
10-04 21:46:18.358 19322 19420 I ViewRootImpl@3bedb8a[MainActivity]: mWNT: t=0x7b68e99700 mBlastBufferQueue=0x7b448ab500 fn= 705 caller= android.view.ViewRootImpl.lambda$applyTransactionOnDraw$11$android-view-ViewRootImpl:12865 android.view.ViewRootImpl$$ExternalSyntheticLambda1.onFrameDraw:4 android.graphics.HardwareRenderer$FrameDrawingCallback.onFrameDraw:924 
10-04 21:46:18.370 19322 19322 I SurfaceView@ec073aa: Changes: creating=false format=false size=false visible=false alpha=false hint=false mUseAlpha=false visible=false left=false top=true
10-04 21:46:18.370 19322 19322 I SurfaceView@ec073aa: 247493546 Cur surface: Surface(name=null)/@0x33c1761
10-04 21:46:18.370 19322 19322 I SurfaceView@ec073aa: applyTransactionOnVriDraw: vri = ViewRootImpl@3bedb8a[MainActivity] fRS = false t = 0x7b68e99800 android.view.SurfaceView.performSurfaceTransaction:959 android.view.SurfaceView.updateSurface:1105 android.view.SurfaceView.lambda$new$0$android-view-SurfaceView:200 
10-04 21:46:18.371 19322 19322 I ViewRootImpl@3bedb8a[MainActivity]: applyTransactionOnDraw: mRemoved = false isHardwareEnabled = true t = 0x7b68e99800android.view.SurfaceView.applyTransactionOnVriDraw:2048 android.view.SurfaceView.performSurfaceTransaction:959 android.view.SurfaceView.updateSurface:1105 android.view.SurfaceView.lambda$new$0$android-view-SurfaceView:200 android.view.SurfaceView$$ExternalSyntheticLambda5.onPreDraw:2 
10-04 21:46:18.371 19322 19322 I SurfaceView@ec073aa: updateSurface: mVisible = true mSurface.isValid() = true
10-04 21:46:18.371 19322 19322 I SurfaceView@ec073aa: updateSurface: mSurfaceCreated = true surfaceChanged = false visibleChanged = false
10-04 21:46:18.371 19322 19322 V SurfaceView@ec073aa: Layout: x=0 y=-609 w=1080 h=525, frame=Rect(0, 0 - 1080, 525)
10-04 21:46:18.375 19322 19419 D SurfaceView@ec073aa: updateSurfacePosition RenderWorker, frameNr = 706, position = [0, -609, 1080, -84] surfaceSize = 1080x525
10-04 21:46:18.375 19322 19419 I SurfaceView@ec073aa: uSP: rtp = Rect(0, -609 - 1080, -84) rtsw = 1080 rtsh = 525
10-04 21:46:18.375 19322 19419 I SurfaceView@ec073aa: onSSPAndSRT: pl = 0 pt = -609 sx = 1.0 sy = 1.0
10-04 21:46:18.375 19322 19419 I SurfaceView@ec073aa: aOrMT: ViewRootImpl@3bedb8a[MainActivity] t = android.view.SurfaceControl$Transaction@c08eb74 fN = 706 android.view.SurfaceView.-$$Nest$mapplyOrMergeTransaction:0 android.view.SurfaceView$SurfaceViewPositionUpdateListener.positionChanged:1537 android.graphics.RenderNode$CompositePositionUpdateListener.positionChanged:373 
10-04 21:46:18.375 19322 19419 I ViewRootImpl@3bedb8a[MainActivity]: mWNT: t=0x7b30b36400 mBlastBufferQueue=0x7b448ab500 fn= 706 caller= android.view.SurfaceView.applyOrMergeTransaction:1455 android.view.SurfaceView.-$$Nest$mapplyOrMergeTransaction:0 android.view.SurfaceView$SurfaceViewPositionUpdateListener.positionChanged:1537 
10-04 21:46:18.376 19322 19419 I ViewRootImpl@3bedb8a[MainActivity]: mWNT: t=0x7b68e99800 mBlastBufferQueue=0x7b448ab500 fn= 706 caller= android.view.ViewRootImpl.lambda$applyTransactionOnDraw$11$android-view-ViewRootImpl:12865 android.view.ViewRootImpl$$ExternalSyntheticLambda1.onFrameDraw:4 android.graphics.HardwareRenderer$FrameDrawingCallback.onFrameDraw:924 
10-04 21:46:19.166 19322 19322 I ViewRootImpl@3bedb8a[MainActivity]: ViewPostIme pointer 0
10-04 21:46:19.678 19322 19322 I Dialog  : mIsDeviceDefault = false, mIsSamsungBasicInteraction = false, isMetaDataInActivity = false
10-04 21:46:19.695 19322 19322 I DecorView: [INFO] isPopOver=false config=false
10-04 21:46:19.696 19322 19322 I DecorView: updateCaptionType: isFloating=false isApplication=true hasWindowDecorCaption=false this=DecorView@55342c2[]
10-04 21:46:19.696 19322 19322 D DecorView: setCaptionType = 0, this = DecorView@55342c2[]
10-04 21:46:19.697 19322 19322 I DecorView: getCurrentDensityDpi: from app context. densityDpi=420 msg=resources_loaded
10-04 21:46:19.697 19322 19322 I DecorView: setWindowBackground: isPopOver=false color=0 d=android.graphics.drawable.ColorDrawable@bef2c10
10-04 21:46:19.704 19322 19347 D NativeCustomFrequencyManager: [NativeCFMS] BpCustomFrequencyManager::BpCustomFrequencyManager()
10-04 21:46:19.705 19322 19322 I DecorView: notifyKeepScreenOnChanged: keepScreenOn=false
10-04 21:46:19.718 19322 19322 D InsetsController: onStateChanged: InsetsState: {mDisplayFrame=Rect(0, 0 - 1080, 2400), mDisplayCutout=DisplayCutout{insets=Rect(0, 88 - 0, 0) waterfall=Insets{left=0, top=0, right=0, bottom=0} boundingRect={Bounds=[Rect(0, 0 - 0, 0), Rect(512, 0 - 568, 88), Rect(0, 0 - 0, 0), Rect(0, 0 - 0, 0)]} cutoutPathParserInfo={CutoutPathParserInfo{displayWidth=1080 displayHeight=2400 physicalDisplayWidth=1080 physicalDisplayHeight=2400 density={2.625} cutoutSpec={M 0,0 M 0,12.25101276465640 a 10.60613009248640,10.60613009248640 0 1,0 0,21.21226018497290 a 10.60613009248640,10.60613009248640 0 1,0 0,-21.21226018497290 Z @dp} rotation={0} scale={1.0} physicalPixelDisplaySizeRatio={1.0}}}}, mRoundedCorners=RoundedCorners{[RoundedCorner{position=TopLeft, radius=84, center=Point(84, 84)}, RoundedCorner{position=TopRight, radius=84, center=Point(996, 84)}, RoundedCorner{position=BottomRight, radius=84, center=Point(996, 2316)}, RoundedCorner{position=BottomLeft, radius=84, center=Point(84, 2316)}]}  mRoundedCornerFrame=Rect(0, 0 - 1080, 2400), mPrivacyIndicatorBounds=PrivacyIndicatorBounds {static bounds=Rect(964, 0 - 1080, 87) rotation=0}, mSources= { InsetsSource: {mType=ITYPE_STATUS_BAR, mFrame=[0,0][1080,88], mVisible=true, mInsetsRoundedCornerFrame=false}, InsetsSource: {mType=ITYPE_NAVIGATION_BAR, mFrame=[0,2361][1080,2400], mVisible=true, mInsetsRoundedCornerFrame=false}, InsetsSource: {mType=ITYPE_LEFT_GESTURES, mFrame=[0,0][130,2400], mVisible=true, mInsetsRoundedCornerFrame=false}, InsetsSource: {mType=ITYPE_RIGHT_GESTURES, mFrame=[950,0][1080,2400], mVisible=true, mInsetsRoundedCornerFrame=false}, InsetsSource: {mType=ITYPE_TOP_MANDATORY_GESTURES, mFrame=[0,0][1080,120], mVisible=true, mInsetsRoundedCornerFrame=false}, InsetsSource: {mType=ITYPE_BOTTOM_MANDATORY_GESTURES, mFrame=[0,2316][1080,2400], mVisible=true, mInsetsRoundedCornerFrame=false}, InsetsSource: {mType=ITYPE_LEFT_DISPLAY_CUTOUT, mFrame=[0,0][-100000,2400], mVisible=true, mInsetsRoundedCornerFrame=false}, InsetsSource: {mType=ITYPE_TOP_DISPLAY_CUTOUT, mFrame=[0,0][1080,88], mVisible=true, mInsetsRoundedCornerFrame=false}, InsetsSource: {mType=ITYPE_RIGHT_DISPLAY_CUTOUT, mFrame=[100000,0][1080,2400], mVisible=true, mInsetsRoundedCornerFrame=false}, InsetsSource: {mType=ITYPE_BOTTOM_DISPLAY_CUTOUT, mFrame=[0,100000][1080,2400], mVisible=true, mInsetsRoundedCornerFrame=false}, InsetsSource: {mType=ITYPE_TOP_TAPPABLE_ELEMENT, mFrame=[0,0][1080,88], mVisible=true, mInsetsRoundedCornerFrame=false}, InsetsSource: {mType=ITYPE_BOTTOM_TAPPABLE_ELEMENT, mFrame=[0,0][0,0], mVisible=true, mInsetsRoundedCornerFrame=false}, InsetsSource: {mType=ITYPE_IME, mFrame=[0,0][0,0], mVisibleFrame=[0,1409][1080,2400], mVisible=false, mInsetsRoundedCornerFrame=false} } host=com.lagradost.cloudstream3/com.lagradost.cloudstream3.MainActivity from=android.view.ViewRootImpl.setView:1732
10-04 21:46:19.719 19322 19322 I ViewRootImpl@5b4da41[MainActivity]: setView = com.android.internal.policy.DecorView@55342c2 TM=true
10-04 21:46:19.733 19322 19322 I ViewRootImpl@5b4da41[MainActivity]: performTraversals params={(0,0)(fillxfill) gr=CENTER sim={adjust=resize forwardNavigation} ty=APPLICATION fmt=TRANSPARENT wanim=0x7f14000b
10-04 21:46:19.733 19322 19322 I ViewRootImpl@5b4da41[MainActivity]:   fl=85810100
10-04 21:46:19.733 19322 19322 I ViewRootImpl@5b4da41[MainActivity]:   pfl=12020040
10-04 21:46:19.733 19322 19322 I ViewRootImpl@5b4da41[MainActivity]:   vsysui=500
10-04 21:46:19.733 19322 19322 I ViewRootImpl@5b4da41[MainActivity]:   bhv=DEFAULT
10-04 21:46:19.733 19322 19322 I ViewRootImpl@5b4da41[MainActivity]:   fitSides= naviIconColor=0}
10-04 21:46:19.734 19322 19322 I ViewRootImpl@5b4da41[MainActivity]: performTraversals mFirst=true windowShouldResize=true viewVisibilityChanged=false mForceNextWindowRelayout=false params={(0,0)(fillxfill) gr=CENTER sim={adjust=resize forwardNavigation} ty=APPLICATION fmt=TRANSPARENT wanim=0x7f14000b
10-04 21:46:19.734 19322 19322 I ViewRootImpl@5b4da41[MainActivity]:   fl=85810100
10-04 21:46:19.734 19322 19322 I ViewRootImpl@5b4da41[MainActivity]:   pfl=12020040
10-04 21:46:19.734 19322 19322 I ViewRootImpl@5b4da41[MainActivity]:   vsysui=500
10-04 21:46:19.734 19322 19322 I ViewRootImpl@5b4da41[MainActivity]:   bhv=DEFAULT
10-04 21:46:19.734 19322 19322 I ViewRootImpl@5b4da41[MainActivity]:   fitSides= naviIconColor=0}
10-04 21:46:19.745 19322 19322 I ViewRootImpl@5b4da41[MainActivity]: updateBlastSurfaceIfNeeded mBlastBufferQueue=null isSameSurfaceControl=false
10-04 21:46:19.746 19322 19322 I BLASTBufferQueue: new BLASTBufferQueue, mName= ViewRootImpl@5b4da41[MainActivity] mNativeObject= 0x7b30b9b100 sc.mNativeObject= 0x7ad4c77220 caller= android.view.ViewRootImpl.updateBlastSurfaceIfNeeded:2909 android.view.ViewRootImpl.relayoutWindow:9847 android.view.ViewRootImpl.performTraversals:3884 android.view.ViewRootImpl.doTraversal:3116 android.view.ViewRootImpl$TraversalRunnable.run:10885 android.view.Choreographer$CallbackRecord.run:1301 android.view.Choreographer$CallbackRecord.run:1309 android.view.Choreographer.doCallbacks:923 android.view.Choreographer.doFrame:852 android.view.Choreographer$FrameDisplayEventReceiver.run:1283 
10-04 21:46:19.746 19322 19322 I BLASTBufferQueue: update, w= 1080 h= 2400 mName = ViewRootImpl@5b4da41[MainActivity] mNativeObject= 0x7b30b9b100 sc.mNativeObject= 0x7ad4c77220 format= -2 caller= android.graphics.BLASTBufferQueue.<init>:84 android.view.ViewRootImpl.updateBlastSurfaceIfNeeded:2909 android.view.ViewRootImpl.relayoutWindow:9847 android.view.ViewRootImpl.performTraversals:3884 android.view.ViewRootImpl.doTraversal:3116 android.view.ViewRootImpl$TraversalRunnable.run:10885 
10-04 21:46:19.746 19322 19322 I ViewRootImpl@5b4da41[MainActivity]: Relayout returned: old=(0,0,1080,2400) new=(0,0,1080,2400) req=(1080,2400)0 dur=11 res=0x3 s={true 0x7b6893a000} ch=true seqId=0
10-04 21:46:19.748 19322 19322 I ViewRootImpl@5b4da41[MainActivity]: mThreadedRenderer.initialize() mSurface={isValid=true 0x7b6893a000} hwInitialized=true
10-04 21:46:19.748 19322 19347 D OpenGLRenderer: eglCreateWindowSurface
10-04 21:46:19.765 19322 19322 D AbsListView:  in onLayout changed 
10-04 21:46:19.766 19322 19322 I ViewRootImpl@5b4da41[MainActivity]: reportNextDraw android.view.ViewRootImpl.performTraversals:4438 android.view.ViewRootImpl.doTraversal:3116 android.view.ViewRootImpl$TraversalRunnable.run:10885 android.view.Choreographer$CallbackRecord.run:1301 android.view.Choreographer$CallbackRecord.run:1309 
10-04 21:46:19.766 19322 19322 I ViewRootImpl@5b4da41[MainActivity]: Setup new sync id=0
10-04 21:46:19.767 19322 19322 I ViewRootImpl@5b4da41[MainActivity]: Setting syncFrameCallback
10-04 21:46:19.767 19322 19322 I ViewRootImpl@5b4da41[MainActivity]: registerCallbacksForSync syncBuffer=false
10-04 21:46:19.769 19322 19420 I ViewRootImpl@5b4da41[MainActivity]: Received frameDrawingCallback syncResult=0 frameNum=1.
10-04 21:46:19.769 19322 19420 I ViewRootImpl@5b4da41[MainActivity]: Setting up sync and frameCommitCallback
10-04 21:46:19.772 19322 19347 I BLASTBufferQueue: [ViewRootImpl@5b4da41[MainActivity]#9](f:0,a:0) onFrameAvailable the first frame is available
10-04 21:46:19.773 19322 19347 I ViewRootImpl@5b4da41[MainActivity]: Received frameCommittedCallback lastAttemptedDrawFrameNum=1 didProduceBuffer=true
10-04 21:46:19.774 19322 19347 D OpenGLRenderer: CFMS:: SetUp Pid : 19322    Tid : 19347
10-04 21:46:19.776 19322 19322 I ViewRootImpl@5b4da41[MainActivity]: onSyncComplete
10-04 21:46:19.776 19322 19322 I ViewRootImpl@5b4da41[MainActivity]: setupSync seqId=0 mSyncId=0 fn=1 caller=android.view.ViewRootImpl$$ExternalSyntheticLambda11.accept:6 android.window.SurfaceSyncer.lambda$setupSync$1$android-window-SurfaceSyncer:128 android.window.SurfaceSyncer$$ExternalSyntheticLambda1.accept:8 android.window.SurfaceSyncer$SyncSet.checkIfSyncIsComplete:382 android.window.SurfaceSyncer$SyncSet.markSyncReady:359 android.window.SurfaceSyncer.markSyncReady:151 android.view.ViewRootImpl.performTraversals:4503 
10-04 21:46:19.777 19322 19322 I ViewRootImpl@3bedb8a[MainActivity]: ViewPostIme pointer 1
10-04 21:46:19.777 19322 19322 I ViewRootImpl@5b4da41[MainActivity]: reportDrawFinished seqId=0 mSyncId=-1 fn=1 mSurfaceChangedTransaction=0x7aeb706000
10-04 21:46:19.780 19322 19322 I ViewRootImpl@3bedb8a[MainActivity]: MSG_WINDOW_FOCUS_CHANGED 0 0
10-04 21:46:19.835 19322 19322 I ViewRootImpl@5b4da41[MainActivity]: MSG_WINDOW_FOCUS_CHANGED 1 0
10-04 21:46:19.835 19322 19322 I ViewRootImpl@5b4da41[MainActivity]: mThreadedRenderer.initializeIfNeeded()#2 mSurface={isValid=true 0x7b6893a000}
10-04 21:46:19.836 19322 19322 D InputMethodManager: startInputInner - Id : 0
10-04 21:46:19.836 19322 19322 I InputMethodManager: startInputInner - mService.startInputOrWindowGainedFocus
10-04 21:46:20.459 19322 19322 I ViewRootImpl@5b4da41[MainActivity]: ViewPostIme pointer 0
10-04 21:46:20.508 19322 19322 I ViewRootImpl@5b4da41[MainActivity]: ViewPostIme pointer 1
10-04 21:46:20.509 19322 19322 D AbsListView: onTouchUp() mTouchMode : 0
10-04 21:46:20.582 19322 19322 I MSHandlerLifeCycle: removeMultiSplitHandler: no exist. decor=DecorView@55342c2[MainActivity]
10-04 21:46:20.584 19322 19347 D OpenGLRenderer: setSurface called with nullptr
10-04 21:46:20.584 19322 19347 D OpenGLRenderer: setSurface() destroyed EGLSurface
10-04 21:46:20.584 19322 19347 D OpenGLRenderer: destroyEglSurface
10-04 21:46:20.587 19322 19347 D OpenGLRenderer: endAllActiveAnimators on 0x7b68943e00 (MaterialTextView) with handle 0x7bdaa2d680
10-04 21:46:20.587 19322 19322 I ViewRootImpl@5b4da41[MainActivity]: dispatchDetachedFromWindow
10-04 21:46:20.610 19322 19322 D InputTransport: Input channel destroyed: '4586426', fd=125
10-04 21:46:20.614 19322 19322 I Dialog  : mIsDeviceDefault = false, mIsSamsungBasicInteraction = false, isMetaDataInActivity = false
10-04 21:46:20.646 19322 19322 I DecorView: [INFO] isPopOver=false config=false
10-04 21:46:20.646 19322 19322 I DecorView: updateCaptionType: isFloating=false isApplication=true hasWindowDecorCaption=false this=DecorView@f6ed7a0[]
10-04 21:46:20.646 19322 19322 D DecorView: setCaptionType = 0, this = DecorView@f6ed7a0[]
10-04 21:46:20.647 19322 19322 I DecorView: getCurrentDensityDpi: from app context. densityDpi=420 msg=resources_loaded
10-04 21:46:20.648 19322 19322 I DecorView: setWindowBackground: isPopOver=false color=0 d=android.graphics.drawable.ColorDrawable@948c71e
10-04 21:46:20.655 19322 19347 D NativeCustomFrequencyManager: [NativeCFMS] BpCustomFrequencyManager::BpCustomFrequencyManager()
10-04 21:46:20.656 19322 19322 I DecorView: notifyKeepScreenOnChanged: keepScreenOn=false
10-04 21:46:20.670 19322 19322 D InsetsController: onStateChanged: InsetsState: {mDisplayFrame=Rect(0, 0 - 1080, 2400), mDisplayCutout=DisplayCutout{insets=Rect(0, 88 - 0, 0) waterfall=Insets{left=0, top=0, right=0, bottom=0} boundingRect={Bounds=[Rect(0, 0 - 0, 0), Rect(512, 0 - 568, 88), Rect(0, 0 - 0, 0), Rect(0, 0 - 0, 0)]} cutoutPathParserInfo={CutoutPathParserInfo{displayWidth=1080 displayHeight=2400 physicalDisplayWidth=1080 physicalDisplayHeight=2400 density={2.625} cutoutSpec={M 0,0 M 0,12.25101276465640 a 10.60613009248640,10.60613009248640 0 1,0 0,21.21226018497290 a 10.60613009248640,10.60613009248640 0 1,0 0,-21.21226018497290 Z @dp} rotation={0} scale={1.0} physicalPixelDisplaySizeRatio={1.0}}}}, mRoundedCorners=RoundedCorners{[RoundedCorner{position=TopLeft, radius=84, center=Point(84, 84)}, RoundedCorner{position=TopRight, radius=84, center=Point(996, 84)}, RoundedCorner{position=BottomRight, radius=84, center=Point(996, 2316)}, RoundedCorner{position=BottomLeft, radius=84, center=Point(84, 2316)}]}  mRoundedCornerFrame=Rect(0, 0 - 1080, 2400), mPrivacyIndicatorBounds=PrivacyIndicatorBounds {static bounds=Rect(964, 0 - 1080, 87) rotation=0}, mSources= { InsetsSource: {mType=ITYPE_STATUS_BAR, mFrame=[0,0][1080,88], mVisible=true, mInsetsRoundedCornerFrame=false}, InsetsSource: {mType=ITYPE_NAVIGATION_BAR, mFrame=[0,2361][1080,2400], mVisible=true, mInsetsRoundedCornerFrame=false}, InsetsSource: {mType=ITYPE_LEFT_GESTURES, mFrame=[0,0][130,2400], mVisible=true, mInsetsRoundedCornerFrame=false}, InsetsSource: {mType=ITYPE_RIGHT_GESTURES, mFrame=[950,0][1080,2400], mVisible=true, mInsetsRoundedCornerFrame=false}, InsetsSource: {mType=ITYPE_TOP_MANDATORY_GESTURES, mFrame=[0,0][1080,120], mVisible=true, mInsetsRoundedCornerFrame=false}, InsetsSource: {mType=ITYPE_BOTTOM_MANDATORY_GESTURES, mFrame=[0,2316][1080,2400], mVisible=true, mInsetsRoundedCornerFrame=false}, InsetsSource: {mType=ITYPE_LEFT_DISPLAY_CUTOUT, mFrame=[0,0][-100000,2400], mVisible=true, mInsetsRoundedCornerFrame=false}, InsetsSource: {mType=ITYPE_TOP_DISPLAY_CUTOUT, mFrame=[0,0][1080,88], mVisible=true, mInsetsRoundedCornerFrame=false}, InsetsSource: {mType=ITYPE_RIGHT_DISPLAY_CUTOUT, mFrame=[100000,0][1080,2400], mVisible=true, mInsetsRoundedCornerFrame=false}, InsetsSource: {mType=ITYPE_BOTTOM_DISPLAY_CUTOUT, mFrame=[0,100000][1080,2400], mVisible=true, mInsetsRoundedCornerFrame=false}, InsetsSource: {mType=ITYPE_TOP_TAPPABLE_ELEMENT, mFrame=[0,0][1080,88], mVisible=true, mInsetsRoundedCornerFrame=false}, InsetsSource: {mType=ITYPE_BOTTOM_TAPPABLE_ELEMENT, mFrame=[0,0][0,0], mVisible=true, mInsetsRoundedCornerFrame=false}, InsetsSource: {mType=ITYPE_IME, mFrame=[0,0][0,0], mVisibleFrame=[0,1409][1080,2400], mVisible=false, mInsetsRoundedCornerFrame=false} } host=com.lagradost.cloudstream3/com.lagradost.cloudstream3.MainActivity from=android.view.ViewRootImpl.setView:1732
10-04 21:46:20.671 19322 19322 I ViewRootImpl@1038bf7[MainActivity]: setView = com.android.internal.policy.DecorView@f6ed7a0 TM=true
