10-04 21:46:03.669 19322 19322 I ViewRootImpl@3bedb8a[MainActivity]: applyTransactionOnDraw: mRemoved = false isHardwareEnabled = true t = 0x7aeb56d000android.view.SurfaceView.applyTransactionOnVriDraw:2048 android.view.SurfaceView.performSurfaceTransaction:959 android.view.SurfaceView.updateSurface:1105 android.view.SurfaceView.lambda$new$0$android-view-SurfaceView:200 android.view.SurfaceView$$ExternalSyntheticLambda5.onPreDraw:2 
10-04 21:46:03.669 19322 19322 I SurfaceView@f0645d2: updateSurface: mVisible = true mSurface.isValid() = true
10-04 21:46:03.669 19322 19322 I SurfaceView@f0645d2: updateSurface: mSurfaceCreated = true surfaceChanged = false visibleChanged = false
10-04 21:46:03.669 19322 19322 V SurfaceView@f0645d2: Layout: x=0 y=-7 w=1080 h=525, frame=Rect(0, 0 - 1080, 525)
10-04 21:46:03.676 19322 19419 D SurfaceView@f0645d2: updateSurfacePosition RenderWorker, frameNr = 517, position = [0, -7, 1080, 518] surfaceSize = 1080x525
10-04 21:46:03.676 19322 19419 I SurfaceView@f0645d2: uSP: rtp = Rect(0, -7 - 1080, 518) rtsw = 1080 rtsh = 525
10-04 21:46:03.676 19322 19419 I SurfaceView@f0645d2: onSSPAndSRT: pl = 0 pt = -7 sx = 1.0 sy = 1.0
10-04 21:46:03.676 19322 19419 I SurfaceView@f0645d2: aOrMT: ViewRootImpl@3bedb8a[MainActivity] t = android.view.SurfaceControl$Transaction@c9d0cd7 fN = 517 android.view.SurfaceView.-$$Nest$mapplyOrMergeTransaction:0 android.view.SurfaceView$SurfaceViewPositionUpdateListener.positionChanged:1537 android.graphics.RenderNode$CompositePositionUpdateListener.positionChanged:373 
10-04 21:46:03.676 19322 19419 I ViewRootImpl@3bedb8a[MainActivity]: mWNT: t=0x7b449e3900 mBlastBufferQueue=0x7b448ab500 fn= 517 caller= android.view.SurfaceView.applyOrMergeTransaction:1455 android.view.SurfaceView.-$$Nest$mapplyOrMergeTransaction:0 android.view.SurfaceView$SurfaceViewPositionUpdateListener.positionChanged:1537 
10-04 21:46:03.677 19322 19419 I ViewRootImpl@3bedb8a[MainActivity]: mWNT: t=0x7aeb56d000 mBlastBufferQueue=0x7b448ab500 fn= 517 caller= android.view.ViewRootImpl.lambda$applyTransactionOnDraw$11$android-view-ViewRootImpl:12865 android.view.ViewRootImpl$$ExternalSyntheticLambda1.onFrameDraw:4 android.graphics.HardwareRenderer$FrameDrawingCallback.onFrameDraw:924 
10-04 21:46:03.688 19322 19420 D SurfaceView@f0645d2: updateSurfacePosition RenderWorker, frameNr = 518, position = [0, -59, 1080, 466] surfaceSize = 1080x525
10-04 21:46:03.688 19322 19420 I SurfaceView@f0645d2: uSP: rtp = Rect(0, -59 - 1080, 466) rtsw = 1080 rtsh = 525
10-04 21:46:03.688 19322 19420 I SurfaceView@f0645d2: onSSPAndSRT: pl = 0 pt = -59 sx = 1.0 sy = 1.0
10-04 21:46:03.688 19322 19420 I SurfaceView@f0645d2: aOrMT: ViewRootImpl@3bedb8a[MainActivity] t = android.view.SurfaceControl$Transaction@c9d0cd7 fN = 518 android.view.SurfaceView.-$$Nest$mapplyOrMergeTransaction:0 android.view.SurfaceView$SurfaceViewPositionUpdateListener.positionChanged:1537 android.graphics.RenderNode$CompositePositionUpdateListener.positionChanged:373 
10-04 21:46:03.688 19322 19420 I ViewRootImpl@3bedb8a[MainActivity]: mWNT: t=0x7b449e3900 mBlastBufferQueue=0x7b448ab500 fn= 518 caller= android.view.SurfaceView.applyOrMergeTransaction:1455 android.view.SurfaceView.-$$Nest$mapplyOrMergeTransaction:0 android.view.SurfaceView$SurfaceViewPositionUpdateListener.positionChanged:1537 
10-04 21:46:03.696 19322 19322 I SurfaceView@f0645d2: Changes: creating=false format=false size=false visible=false alpha=false hint=false mUseAlpha=false visible=false left=false top=true
10-04 21:46:03.696 19322 19322 I SurfaceView@f0645d2: 252069330 Cur surface: Surface(name=null)/@0x915137e
10-04 21:46:03.697 19322 19322 I SurfaceView@f0645d2: applyTransactionOnVriDraw: vri = ViewRootImpl@3bedb8a[MainActivity] fRS = false t = 0x7aeb56d100 android.view.SurfaceView.performSurfaceTransaction:959 android.view.SurfaceView.updateSurface:1105 android.view.SurfaceView.lambda$new$0$android-view-SurfaceView:200 
10-04 21:46:03.697 19322 19322 I ViewRootImpl@3bedb8a[MainActivity]: applyTransactionOnDraw: mRemoved = false isHardwareEnabled = true t = 0x7aeb56d100android.view.SurfaceView.applyTransactionOnVriDraw:2048 android.view.SurfaceView.performSurfaceTransaction:959 android.view.SurfaceView.updateSurface:1105 android.view.SurfaceView.lambda$new$0$android-view-SurfaceView:200 android.view.SurfaceView$$ExternalSyntheticLambda5.onPreDraw:2 
10-04 21:46:03.697 19322 19322 I SurfaceView@f0645d2: updateSurface: mVisible = true mSurface.isValid() = true
10-04 21:46:03.697 19322 19322 I SurfaceView@f0645d2: updateSurface: mSurfaceCreated = true surfaceChanged = false visibleChanged = false
10-04 21:46:03.697 19322 19322 V SurfaceView@f0645d2: Layout: x=0 y=-59 w=1080 h=525, frame=Rect(0, 0 - 1080, 525)
10-04 21:46:03.704 19322 19419 D SurfaceView@f0645d2: updateSurfacePosition RenderWorker, frameNr = 519, position = [0, -141, 1080, 384] surfaceSize = 1080x525
10-04 21:46:03.704 19322 19419 I SurfaceView@f0645d2: uSP: rtp = Rect(0, -141 - 1080, 384) rtsw = 1080 rtsh = 525
10-04 21:46:03.704 19322 19419 I SurfaceView@f0645d2: onSSPAndSRT: pl = 0 pt = -141 sx = 1.0 sy = 1.0
10-04 21:46:03.704 19322 19419 I SurfaceView@f0645d2: aOrMT: ViewRootImpl@3bedb8a[MainActivity] t = android.view.SurfaceControl$Transaction@c9d0cd7 fN = 519 android.view.SurfaceView.-$$Nest$mapplyOrMergeTransaction:0 android.view.SurfaceView$SurfaceViewPositionUpdateListener.positionChanged:1537 android.graphics.RenderNode$CompositePositionUpdateListener.positionChanged:373 
10-04 21:46:03.705 19322 19419 I ViewRootImpl@3bedb8a[MainActivity]: mWNT: t=0x7b449e3900 mBlastBufferQueue=0x7b448ab500 fn= 519 caller= android.view.SurfaceView.applyOrMergeTransaction:1455 android.view.SurfaceView.-$$Nest$mapplyOrMergeTransaction:0 android.view.SurfaceView$SurfaceViewPositionUpdateListener.positionChanged:1537 
10-04 21:46:03.705 19322 19419 I ViewRootImpl@3bedb8a[MainActivity]: mWNT: t=0x7aeb56d100 mBlastBufferQueue=0x7b448ab500 fn= 519 caller= android.view.ViewRootImpl.lambda$applyTransactionOnDraw$11$android-view-ViewRootImpl:12865 android.view.ViewRootImpl$$ExternalSyntheticLambda1.onFrameDraw:4 android.graphics.HardwareRenderer$FrameDrawingCallback.onFrameDraw:924 
10-04 21:46:03.713 19322 19322 I SurfaceView@f0645d2: Changes: creating=false format=false size=false visible=false alpha=false hint=false mUseAlpha=false visible=false left=false top=true
10-04 21:46:03.714 19322 19322 I SurfaceView@f0645d2: 252069330 Cur surface: Surface(name=null)/@0x915137e
10-04 21:46:03.714 19322 19322 I SurfaceView@f0645d2: applyTransactionOnVriDraw: vri = ViewRootImpl@3bedb8a[MainActivity] fRS = false t = 0x7b30b40600 android.view.SurfaceView.performSurfaceTransaction:959 android.view.SurfaceView.updateSurface:1105 android.view.SurfaceView.lambda$new$0$android-view-SurfaceView:200 
10-04 21:46:03.714 19322 19322 I ViewRootImpl@3bedb8a[MainActivity]: applyTransactionOnDraw: mRemoved = false isHardwareEnabled = true t = 0x7b30b40600android.view.SurfaceView.applyTransactionOnVriDraw:2048 android.view.SurfaceView.performSurfaceTransaction:959 android.view.SurfaceView.updateSurface:1105 android.view.SurfaceView.lambda$new$0$android-view-SurfaceView:200 android.view.SurfaceView$$ExternalSyntheticLambda5.onPreDraw:2 
10-04 21:46:03.714 19322 19322 I SurfaceView@f0645d2: updateSurface: mVisible = true mSurface.isValid() = true
10-04 21:46:03.714 19322 19322 I SurfaceView@f0645d2: updateSurface: mSurfaceCreated = true surfaceChanged = false visibleChanged = false
10-04 21:46:03.715 19322 19322 V SurfaceView@f0645d2: Layout: x=0 y=-141 w=1080 h=525, frame=Rect(0, 0 - 1080, 525)
10-04 21:46:03.719 19322 19420 D SurfaceView@f0645d2: updateSurfacePosition RenderWorker, frameNr = 520, position = [0, -245, 1080, 280] surfaceSize = 1080x525
10-04 21:46:03.719 19322 19420 I SurfaceView@f0645d2: uSP: rtp = Rect(0, -245 - 1080, 280) rtsw = 1080 rtsh = 525
10-04 21:46:03.719 19322 19420 I SurfaceView@f0645d2: onSSPAndSRT: pl = 0 pt = -245 sx = 1.0 sy = 1.0
10-04 21:46:03.719 19322 19420 I SurfaceView@f0645d2: aOrMT: ViewRootImpl@3bedb8a[MainActivity] t = android.view.SurfaceControl$Transaction@c9d0cd7 fN = 520 android.view.SurfaceView.-$$Nest$mapplyOrMergeTransaction:0 android.view.SurfaceView$SurfaceViewPositionUpdateListener.positionChanged:1537 android.graphics.RenderNode$CompositePositionUpdateListener.positionChanged:373 
10-04 21:46:03.719 19322 19420 I ViewRootImpl@3bedb8a[MainActivity]: mWNT: t=0x7b449e3900 mBlastBufferQueue=0x7b448ab500 fn= 520 caller= android.view.SurfaceView.applyOrMergeTransaction:1455 android.view.SurfaceView.-$$Nest$mapplyOrMergeTransaction:0 android.view.SurfaceView$SurfaceViewPositionUpdateListener.positionChanged:1537 
10-04 21:46:03.719 19322 19420 I ViewRootImpl@3bedb8a[MainActivity]: mWNT: t=0x7b30b40600 mBlastBufferQueue=0x7b448ab500 fn= 520 caller= android.view.ViewRootImpl.lambda$applyTransactionOnDraw$11$android-view-ViewRootImpl:12865 android.view.ViewRootImpl$$ExternalSyntheticLambda1.onFrameDraw:4 android.graphics.HardwareRenderer$FrameDrawingCallback.onFrameDraw:924 
10-04 21:46:03.730 19322 19322 I SurfaceView@f0645d2: Changes: creating=false format=false size=false visible=false alpha=false hint=false mUseAlpha=false visible=false left=false top=true
10-04 21:46:03.730 19322 19322 I SurfaceView@f0645d2: 252069330 Cur surface: Surface(name=null)/@0x915137e
10-04 21:46:03.730 19322 19322 I SurfaceView@f0645d2: applyTransactionOnVriDraw: vri = ViewRootImpl@3bedb8a[MainActivity] fRS = false t = 0x7b30bcf700 android.view.SurfaceView.performSurfaceTransaction:959 android.view.SurfaceView.updateSurface:1105 android.view.SurfaceView.lambda$new$0$android-view-SurfaceView:200 
10-04 21:46:03.730 19322 19322 I ViewRootImpl@3bedb8a[MainActivity]: applyTransactionOnDraw: mRemoved = false isHardwareEnabled = true t = 0x7b30bcf700android.view.SurfaceView.applyTransactionOnVriDraw:2048 android.view.SurfaceView.performSurfaceTransaction:959 android.view.SurfaceView.updateSurface:1105 android.view.SurfaceView.lambda$new$0$android-view-SurfaceView:200 android.view.SurfaceView$$ExternalSyntheticLambda5.onPreDraw:2 
10-04 21:46:03.730 19322 19322 I SurfaceView@f0645d2: updateSurface: mVisible = true mSurface.isValid() = true
10-04 21:46:03.730 19322 19322 I SurfaceView@f0645d2: updateSurface: mSurfaceCreated = true surfaceChanged = false visibleChanged = false
10-04 21:46:03.731 19322 19322 V SurfaceView@f0645d2: Layout: x=0 y=-245 w=1080 h=525, frame=Rect(0, 0 - 1080, 525)
10-04 21:46:03.735 19322 19419 D SurfaceView@f0645d2: updateSurfacePosition RenderWorker, frameNr = 521, position = [0, -363, 1080, 162] surfaceSize = 1080x525
10-04 21:46:03.735 19322 19419 I SurfaceView@f0645d2: uSP: rtp = Rect(0, -363 - 1080, 162) rtsw = 1080 rtsh = 525
10-04 21:46:03.735 19322 19419 I SurfaceView@f0645d2: onSSPAndSRT: pl = 0 pt = -363 sx = 1.0 sy = 1.0
10-04 21:46:03.736 19322 19419 I SurfaceView@f0645d2: aOrMT: ViewRootImpl@3bedb8a[MainActivity] t = android.view.SurfaceControl$Transaction@c9d0cd7 fN = 521 android.view.SurfaceView.-$$Nest$mapplyOrMergeTransaction:0 android.view.SurfaceView$SurfaceViewPositionUpdateListener.positionChanged:1537 android.graphics.RenderNode$CompositePositionUpdateListener.positionChanged:373 
10-04 21:46:03.736 19322 19419 I ViewRootImpl@3bedb8a[MainActivity]: mWNT: t=0x7b449e3900 mBlastBufferQueue=0x7b448ab500 fn= 521 caller= android.view.SurfaceView.applyOrMergeTransaction:1455 android.view.SurfaceView.-$$Nest$mapplyOrMergeTransaction:0 android.view.SurfaceView$SurfaceViewPositionUpdateListener.positionChanged:1537 
10-04 21:46:03.736 19322 19419 I ViewRootImpl@3bedb8a[MainActivity]: mWNT: t=0x7b30bcf700 mBlastBufferQueue=0x7b448ab500 fn= 521 caller= android.view.ViewRootImpl.lambda$applyTransactionOnDraw$11$android-view-ViewRootImpl:12865 android.view.ViewRootImpl$$ExternalSyntheticLambda1.onFrameDraw:4 android.graphics.HardwareRenderer$FrameDrawingCallback.onFrameDraw:924 
10-04 21:46:03.746 19322 19322 I SurfaceView@f0645d2: Changes: creating=false format=false size=false visible=false alpha=false hint=false mUseAlpha=false visible=false left=false top=true
10-04 21:46:03.747 19322 19322 I SurfaceView@f0645d2: 252069330 Cur surface: Surface(name=null)/@0x915137e
10-04 21:46:03.747 19322 19322 I SurfaceView@f0645d2: applyTransactionOnVriDraw: vri = ViewRootImpl@3bedb8a[MainActivity] fRS = false t = 0x7b30c54800 android.view.SurfaceView.performSurfaceTransaction:959 android.view.SurfaceView.updateSurface:1105 android.view.SurfaceView.lambda$new$0$android-view-SurfaceView:200 
10-04 21:46:03.747 19322 19322 I ViewRootImpl@3bedb8a[MainActivity]: applyTransactionOnDraw: mRemoved = false isHardwareEnabled = true t = 0x7b30c54800android.view.SurfaceView.applyTransactionOnVriDraw:2048 android.view.SurfaceView.performSurfaceTransaction:959 android.view.SurfaceView.updateSurface:1105 android.view.SurfaceView.lambda$new$0$android-view-SurfaceView:200 android.view.SurfaceView$$ExternalSyntheticLambda5.onPreDraw:2 
10-04 21:46:03.747 19322 19322 I SurfaceView@f0645d2: updateSurface: mVisible = true mSurface.isValid() = true
10-04 21:46:03.747 19322 19322 I SurfaceView@f0645d2: updateSurface: mSurfaceCreated = true surfaceChanged = false visibleChanged = false
10-04 21:46:03.747 19322 19322 V SurfaceView@f0645d2: Layout: x=0 y=-363 w=1080 h=525, frame=Rect(0, 0 - 1080, 525)
10-04 21:46:03.751 19322 19420 D SurfaceView@f0645d2: updateSurfacePosition RenderWorker, frameNr = 522, position = [0, -479, 1080, 46] surfaceSize = 1080x525
10-04 21:46:03.752 19322 19420 I SurfaceView@f0645d2: uSP: rtp = Rect(0, -479 - 1080, 46) rtsw = 1080 rtsh = 525
10-04 21:46:03.752 19322 19420 I SurfaceView@f0645d2: onSSPAndSRT: pl = 0 pt = -479 sx = 1.0 sy = 1.0
10-04 21:46:03.752 19322 19420 I SurfaceView@f0645d2: aOrMT: ViewRootImpl@3bedb8a[MainActivity] t = android.view.SurfaceControl$Transaction@c9d0cd7 fN = 522 android.view.SurfaceView.-$$Nest$mapplyOrMergeTransaction:0 android.view.SurfaceView$SurfaceViewPositionUpdateListener.positionChanged:1537 android.graphics.RenderNode$CompositePositionUpdateListener.positionChanged:373 
10-04 21:46:03.752 19322 19420 I ViewRootImpl@3bedb8a[MainActivity]: mWNT: t=0x7b449e3900 mBlastBufferQueue=0x7b448ab500 fn= 522 caller= android.view.SurfaceView.applyOrMergeTransaction:1455 android.view.SurfaceView.-$$Nest$mapplyOrMergeTransaction:0 android.view.SurfaceView$SurfaceViewPositionUpdateListener.positionChanged:1537 
10-04 21:46:03.752 19322 19420 I ViewRootImpl@3bedb8a[MainActivity]: mWNT: t=0x7b30c54800 mBlastBufferQueue=0x7b448ab500 fn= 522 caller= android.view.ViewRootImpl.lambda$applyTransactionOnDraw$11$android-view-ViewRootImpl:12865 android.view.ViewRootImpl$$ExternalSyntheticLambda1.onFrameDraw:4 android.graphics.HardwareRenderer$FrameDrawingCallback.onFrameDraw:924 
10-04 21:46:03.763 19322 19322 I SurfaceView@f0645d2: Changes: creating=false format=false size=false visible=false alpha=false hint=false mUseAlpha=false visible=false left=false top=true
10-04 21:46:03.763 19322 19322 I SurfaceView@f0645d2: 252069330 Cur surface: Surface(name=null)/@0x915137e
10-04 21:46:03.764 19322 19322 I SurfaceView@f0645d2: applyTransactionOnVriDraw: vri = ViewRootImpl@3bedb8a[MainActivity] fRS = false t = 0x7aeb56d200 android.view.SurfaceView.performSurfaceTransaction:959 android.view.SurfaceView.updateSurface:1105 android.view.SurfaceView.lambda$new$0$android-view-SurfaceView:200 
10-04 21:46:03.764 19322 19322 I ViewRootImpl@3bedb8a[MainActivity]: applyTransactionOnDraw: mRemoved = false isHardwareEnabled = true t = 0x7aeb56d200android.view.SurfaceView.applyTransactionOnVriDraw:2048 android.view.SurfaceView.performSurfaceTransaction:959 android.view.SurfaceView.updateSurface:1105 android.view.SurfaceView.lambda$new$0$android-view-SurfaceView:200 android.view.SurfaceView$$ExternalSyntheticLambda5.onPreDraw:2 
10-04 21:46:03.764 19322 19322 I SurfaceView@f0645d2: updateSurface: mVisible = true mSurface.isValid() = true
10-04 21:46:03.764 19322 19322 I SurfaceView@f0645d2: updateSurface: mSurfaceCreated = true surfaceChanged = false visibleChanged = false
10-04 21:46:03.764 19322 19322 V SurfaceView@f0645d2: Layout: x=0 y=-479 w=1080 h=525, frame=Rect(0, 0 - 1080, 525)
10-04 21:46:03.768 19322 19419 D SurfaceView@f0645d2: updateSurfacePosition RenderWorker, frameNr = 523, position = [0, -593, 1080, -68] surfaceSize = 1080x525
10-04 21:46:03.768 19322 19419 I SurfaceView@f0645d2: uSP: rtp = Rect(0, -593 - 1080, -68) rtsw = 1080 rtsh = 525
10-04 21:46:03.768 19322 19419 I SurfaceView@f0645d2: onSSPAndSRT: pl = 0 pt = -593 sx = 1.0 sy = 1.0
10-04 21:46:03.768 19322 19419 I SurfaceView@f0645d2: aOrMT: ViewRootImpl@3bedb8a[MainActivity] t = android.view.SurfaceControl$Transaction@c9d0cd7 fN = 523 android.view.SurfaceView.-$$Nest$mapplyOrMergeTransaction:0 android.view.SurfaceView$SurfaceViewPositionUpdateListener.positionChanged:1537 android.graphics.RenderNode$CompositePositionUpdateListener.positionChanged:373 
10-04 21:46:03.769 19322 19419 I ViewRootImpl@3bedb8a[MainActivity]: mWNT: t=0x7b449e3900 mBlastBufferQueue=0x7b448ab500 fn= 523 caller= android.view.SurfaceView.applyOrMergeTransaction:1455 android.view.SurfaceView.-$$Nest$mapplyOrMergeTransaction:0 android.view.SurfaceView$SurfaceViewPositionUpdateListener.positionChanged:1537 
10-04 21:46:03.769 19322 19419 I ViewRootImpl@3bedb8a[MainActivity]: mWNT: t=0x7aeb56d200 mBlastBufferQueue=0x7b448ab500 fn= 523 caller= android.view.ViewRootImpl.lambda$applyTransactionOnDraw$11$android-view-ViewRootImpl:12865 android.view.ViewRootImpl$$ExternalSyntheticLambda1.onFrameDraw:4 android.graphics.HardwareRenderer$FrameDrawingCallback.onFrameDraw:924 
10-04 21:46:03.779 19322 19322 I SurfaceView@f0645d2: Changes: creating=false format=false size=false visible=false alpha=false hint=false mUseAlpha=false visible=false left=false top=true
10-04 21:46:03.780 19322 19322 I SurfaceView@f0645d2: 252069330 Cur surface: Surface(name=null)/@0x915137e
10-04 21:46:03.780 19322 19322 I SurfaceView@f0645d2: applyTransactionOnVriDraw: vri = ViewRootImpl@3bedb8a[MainActivity] fRS = false t = 0x7aeb56d300 android.view.SurfaceView.performSurfaceTransaction:959 android.view.SurfaceView.updateSurface:1105 android.view.SurfaceView.lambda$new$0$android-view-SurfaceView:200 
10-04 21:46:03.781 19322 19322 I ViewRootImpl@3bedb8a[MainActivity]: applyTransactionOnDraw: mRemoved = false isHardwareEnabled = true t = 0x7aeb56d300android.view.SurfaceView.applyTransactionOnVriDraw:2048 android.view.SurfaceView.performSurfaceTransaction:959 android.view.SurfaceView.updateSurface:1105 android.view.SurfaceView.lambda$new$0$android-view-SurfaceView:200 android.view.SurfaceView$$ExternalSyntheticLambda5.onPreDraw:2 
10-04 21:46:03.781 19322 19322 I SurfaceView@f0645d2: updateSurface: mVisible = true mSurface.isValid() = true
10-04 21:46:03.781 19322 19322 I SurfaceView@f0645d2: updateSurface: mSurfaceCreated = true surfaceChanged = false visibleChanged = false
10-04 21:46:03.781 19322 19322 V SurfaceView@f0645d2: Layout: x=0 y=-593 w=1080 h=525, frame=Rect(0, 0 - 1080, 525)
10-04 21:46:03.785 19322 19420 D SurfaceView@f0645d2: updateSurfacePosition RenderWorker, frameNr = 524, position = [0, -711, 1080, -186] surfaceSize = 1080x525
10-04 21:46:03.785 19322 19420 I SurfaceView@f0645d2: uSP: rtp = Rect(0, -711 - 1080, -186) rtsw = 1080 rtsh = 525
10-04 21:46:03.785 19322 19420 I SurfaceView@f0645d2: onSSPAndSRT: pl = 0 pt = -711 sx = 1.0 sy = 1.0
10-04 21:46:03.786 19322 19420 I SurfaceView@f0645d2: aOrMT: ViewRootImpl@3bedb8a[MainActivity] t = android.view.SurfaceControl$Transaction@c9d0cd7 fN = 524 android.view.SurfaceView.-$$Nest$mapplyOrMergeTransaction:0 android.view.SurfaceView$SurfaceViewPositionUpdateListener.positionChanged:1537 android.graphics.RenderNode$CompositePositionUpdateListener.positionChanged:373 
10-04 21:46:03.786 19322 19420 I ViewRootImpl@3bedb8a[MainActivity]: mWNT: t=0x7b449e3900 mBlastBufferQueue=0x7b448ab500 fn= 524 caller= android.view.SurfaceView.applyOrMergeTransaction:1455 android.view.SurfaceView.-$$Nest$mapplyOrMergeTransaction:0 android.view.SurfaceView$SurfaceViewPositionUpdateListener.positionChanged:1537 
10-04 21:46:03.786 19322 19420 I ViewRootImpl@3bedb8a[MainActivity]: mWNT: t=0x7aeb56d300 mBlastBufferQueue=0x7b448ab500 fn= 524 caller= android.view.ViewRootImpl.lambda$applyTransactionOnDraw$11$android-view-ViewRootImpl:12865 android.view.ViewRootImpl$$ExternalSyntheticLambda1.onFrameDraw:4 android.graphics.HardwareRenderer$FrameDrawingCallback.onFrameDraw:924 
10-04 21:46:03.797 19322 19322 I SurfaceView@f0645d2: Changes: creating=false format=false size=false visible=false alpha=false hint=false mUseAlpha=false visible=false left=false top=true
10-04 21:46:03.797 19322 19322 I SurfaceView@f0645d2: 252069330 Cur surface: Surface(name=null)/@0x915137e
10-04 21:46:03.798 19322 19322 I SurfaceView@f0645d2: applyTransactionOnVriDraw: vri = ViewRootImpl@3bedb8a[MainActivity] fRS = false t = 0x7aeb56d400 android.view.SurfaceView.performSurfaceTransaction:959 android.view.SurfaceView.updateSurface:1105 android.view.SurfaceView.lambda$new$0$android-view-SurfaceView:200 
10-04 21:46:03.798 19322 19322 I ViewRootImpl@3bedb8a[MainActivity]: applyTransactionOnDraw: mRemoved = false isHardwareEnabled = true t = 0x7aeb56d400android.view.SurfaceView.applyTransactionOnVriDraw:2048 android.view.SurfaceView.performSurfaceTransaction:959 android.view.SurfaceView.updateSurface:1105 android.view.SurfaceView.lambda$new$0$android-view-SurfaceView:200 android.view.SurfaceView$$ExternalSyntheticLambda5.onPreDraw:2 
10-04 21:46:03.798 19322 19322 I SurfaceView@f0645d2: updateSurface: mVisible = true mSurface.isValid() = true
10-04 21:46:03.798 19322 19322 I SurfaceView@f0645d2: updateSurface: mSurfaceCreated = true surfaceChanged = false visibleChanged = false
10-04 21:46:03.798 19322 19322 V SurfaceView@f0645d2: Layout: x=0 y=-711 w=1080 h=525, frame=Rect(0, 0 - 1080, 525)
10-04 21:46:03.802 19322 19419 D SurfaceView@f0645d2: updateSurfacePosition RenderWorker, frameNr = 525, position = [0, -820, 1080, -295] surfaceSize = 1080x525
10-04 21:46:03.802 19322 19419 I SurfaceView@f0645d2: uSP: rtp = Rect(0, -820 - 1080, -295) rtsw = 1080 rtsh = 525
10-04 21:46:03.802 19322 19419 I SurfaceView@f0645d2: onSSPAndSRT: pl = 0 pt = -820 sx = 1.0 sy = 1.0
10-04 21:46:03.802 19322 19419 I SurfaceView@f0645d2: aOrMT: ViewRootImpl@3bedb8a[MainActivity] t = android.view.SurfaceControl$Transaction@c9d0cd7 fN = 525 android.view.SurfaceView.-$$Nest$mapplyOrMergeTransaction:0 android.view.SurfaceView$SurfaceViewPositionUpdateListener.positionChanged:1537 android.graphics.RenderNode$CompositePositionUpdateListener.positionChanged:373 
10-04 21:46:03.802 19322 19419 I ViewRootImpl@3bedb8a[MainActivity]: mWNT: t=0x7b449e3900 mBlastBufferQueue=0x7b448ab500 fn= 525 caller= android.view.SurfaceView.applyOrMergeTransaction:1455 android.view.SurfaceView.-$$Nest$mapplyOrMergeTransaction:0 android.view.SurfaceView$SurfaceViewPositionUpdateListener.positionChanged:1537 
10-04 21:46:03.802 19322 19419 I ViewRootImpl@3bedb8a[MainActivity]: mWNT: t=0x7aeb56d400 mBlastBufferQueue=0x7b448ab500 fn= 525 caller= android.view.ViewRootImpl.lambda$applyTransactionOnDraw$11$android-view-ViewRootImpl:12865 android.view.ViewRootImpl$$ExternalSyntheticLambda1.onFrameDraw:4 android.graphics.HardwareRenderer$FrameDrawingCallback.onFrameDraw:924 
10-04 21:46:03.813 19322 19322 I SurfaceView@f0645d2: Changes: creating=false format=false size=false visible=false alpha=false hint=false mUseAlpha=false visible=false left=false top=true
10-04 21:46:03.813 19322 19322 I SurfaceView@f0645d2: 252069330 Cur surface: Surface(name=null)/@0x915137e
10-04 21:46:03.813 19322 19322 I SurfaceView@f0645d2: applyTransactionOnVriDraw: vri = ViewRootImpl@3bedb8a[MainActivity] fRS = false t = 0x7aeb56d500 android.view.SurfaceView.performSurfaceTransaction:959 android.view.SurfaceView.updateSurface:1105 android.view.SurfaceView.lambda$new$0$android-view-SurfaceView:200 
10-04 21:46:03.814 19322 19322 I ViewRootImpl@3bedb8a[MainActivity]: applyTransactionOnDraw: mRemoved = false isHardwareEnabled = true t = 0x7aeb56d500android.view.SurfaceView.applyTransactionOnVriDraw:2048 android.view.SurfaceView.performSurfaceTransaction:959 android.view.SurfaceView.updateSurface:1105 android.view.SurfaceView.lambda$new$0$android-view-SurfaceView:200 android.view.SurfaceView$$ExternalSyntheticLambda5.onPreDraw:2 
10-04 21:46:03.814 19322 19322 I SurfaceView@f0645d2: updateSurface: mVisible = true mSurface.isValid() = true
10-04 21:46:03.814 19322 19322 I SurfaceView@f0645d2: updateSurface: mSurfaceCreated = true surfaceChanged = false visibleChanged = false
10-04 21:46:03.814 19322 19322 V SurfaceView@f0645d2: Layout: x=0 y=-820 w=1080 h=525, frame=Rect(0, 0 - 1080, 525)
10-04 21:46:03.818 19322 19420 D SurfaceView@f0645d2: updateSurfacePosition RenderWorker, frameNr = 526, position = [0, -932, 1080, -407] surfaceSize = 1080x525
10-04 21:46:03.818 19322 19420 I SurfaceView@f0645d2: uSP: rtp = Rect(0, -932 - 1080, -407) rtsw = 1080 rtsh = 525
10-04 21:46:03.818 19322 19420 I SurfaceView@f0645d2: onSSPAndSRT: pl = 0 pt = -932 sx = 1.0 sy = 1.0
10-04 21:46:03.818 19322 19420 I SurfaceView@f0645d2: aOrMT: ViewRootImpl@3bedb8a[MainActivity] t = android.view.SurfaceControl$Transaction@c9d0cd7 fN = 526 android.view.SurfaceView.-$$Nest$mapplyOrMergeTransaction:0 android.view.SurfaceView$SurfaceViewPositionUpdateListener.positionChanged:1537 android.graphics.RenderNode$CompositePositionUpdateListener.positionChanged:373 
10-04 21:46:03.818 19322 19420 I ViewRootImpl@3bedb8a[MainActivity]: mWNT: t=0x7b449e3900 mBlastBufferQueue=0x7b448ab500 fn= 526 caller= android.view.SurfaceView.applyOrMergeTransaction:1455 android.view.SurfaceView.-$$Nest$mapplyOrMergeTransaction:0 android.view.SurfaceView$SurfaceViewPositionUpdateListener.positionChanged:1537 
10-04 21:46:03.818 19322 19420 I ViewRootImpl@3bedb8a[MainActivity]: mWNT: t=0x7aeb56d500 mBlastBufferQueue=0x7b448ab500 fn= 526 caller= android.view.ViewRootImpl.lambda$applyTransactionOnDraw$11$android-view-ViewRootImpl:12865 android.view.ViewRootImpl$$ExternalSyntheticLambda1.onFrameDraw:4 android.graphics.HardwareRenderer$FrameDrawingCallback.onFrameDraw:924 
10-04 21:46:03.829 19322 19322 I SurfaceView@f0645d2: Changes: creating=false format=false size=false visible=false alpha=false hint=false mUseAlpha=false visible=false left=false top=true
10-04 21:46:03.829 19322 19322 I SurfaceView@f0645d2: 252069330 Cur surface: Surface(name=null)/@0x915137e
10-04 21:46:03.830 19322 19322 I SurfaceView@f0645d2: applyTransactionOnVriDraw: vri = ViewRootImpl@3bedb8a[MainActivity] fRS = false t = 0x7aeb56d600 android.view.SurfaceView.performSurfaceTransaction:959 android.view.SurfaceView.updateSurface:1105 android.view.SurfaceView.lambda$new$0$android-view-SurfaceView:200 
10-04 21:46:03.830 19322 19322 I ViewRootImpl@3bedb8a[MainActivity]: applyTransactionOnDraw: mRemoved = false isHardwareEnabled = true t = 0x7aeb56d600android.view.SurfaceView.applyTransactionOnVriDraw:2048 android.view.SurfaceView.performSurfaceTransaction:959 android.view.SurfaceView.updateSurface:1105 android.view.SurfaceView.lambda$new$0$android-view-SurfaceView:200 android.view.SurfaceView$$ExternalSyntheticLambda5.onPreDraw:2 
10-04 21:46:03.830 19322 19322 I SurfaceView@f0645d2: updateSurface: mVisible = true mSurface.isValid() = true
10-04 21:46:03.830 19322 19322 I SurfaceView@f0645d2: updateSurface: mSurfaceCreated = true surfaceChanged = false visibleChanged = false
10-04 21:46:03.830 19322 19322 V SurfaceView@f0645d2: Layout: x=0 y=-932 w=1080 h=525, frame=Rect(0, 0 - 1080, 525)
10-04 21:46:03.834 19322 19419 D SurfaceView@f0645d2: updateSurfacePosition RenderWorker, frameNr = 527, position = [0, -1041, 1080, -516] surfaceSize = 1080x525
10-04 21:46:03.834 19322 19419 I SurfaceView@f0645d2: uSP: rtp = Rect(0, -1041 - 1080, -516) rtsw = 1080 rtsh = 525
10-04 21:46:03.835 19322 19419 I SurfaceView@f0645d2: onSSPAndSRT: pl = 0 pt = -1041 sx = 1.0 sy = 1.0
10-04 21:46:03.835 19322 19419 I SurfaceView@f0645d2: aOrMT: ViewRootImpl@3bedb8a[MainActivity] t = android.view.SurfaceControl$Transaction@c9d0cd7 fN = 527 android.view.SurfaceView.-$$Nest$mapplyOrMergeTransaction:0 android.view.SurfaceView$SurfaceViewPositionUpdateListener.positionChanged:1537 android.graphics.RenderNode$CompositePositionUpdateListener.positionChanged:373 
10-04 21:46:03.835 19322 19419 I ViewRootImpl@3bedb8a[MainActivity]: mWNT: t=0x7b449e3900 mBlastBufferQueue=0x7b448ab500 fn= 527 caller= android.view.SurfaceView.applyOrMergeTransaction:1455 android.view.SurfaceView.-$$Nest$mapplyOrMergeTransaction:0 android.view.SurfaceView$SurfaceViewPositionUpdateListener.positionChanged:1537 
10-04 21:46:03.835 19322 19419 I ViewRootImpl@3bedb8a[MainActivity]: mWNT: t=0x7aeb56d600 mBlastBufferQueue=0x7b448ab500 fn= 527 caller= android.view.ViewRootImpl.lambda$applyTransactionOnDraw$11$android-view-ViewRootImpl:12865 android.view.ViewRootImpl$$ExternalSyntheticLambda1.onFrameDraw:4 android.graphics.HardwareRenderer$FrameDrawingCallback.onFrameDraw:924 
10-04 21:46:03.846 19322 19322 I SurfaceView@f0645d2: Changes: creating=false format=false size=false visible=false alpha=false hint=false mUseAlpha=false visible=false left=false top=true
10-04 21:46:03.846 19322 19322 I SurfaceView@f0645d2: 252069330 Cur surface: Surface(name=null)/@0x915137e
10-04 21:46:03.847 19322 19322 I SurfaceView@f0645d2: applyTransactionOnVriDraw: vri = ViewRootImpl@3bedb8a[MainActivity] fRS = false t = 0x7aeb56d700 android.view.SurfaceView.performSurfaceTransaction:959 android.view.SurfaceView.updateSurface:1105 android.view.SurfaceView.lambda$new$0$android-view-SurfaceView:200 
10-04 21:46:03.847 19322 19322 I ViewRootImpl@3bedb8a[MainActivity]: applyTransactionOnDraw: mRemoved = false isHardwareEnabled = true t = 0x7aeb56d700android.view.SurfaceView.applyTransactionOnVriDraw:2048 android.view.SurfaceView.performSurfaceTransaction:959 android.view.SurfaceView.updateSurface:1105 android.view.SurfaceView.lambda$new$0$android-view-SurfaceView:200 android.view.SurfaceView$$ExternalSyntheticLambda5.onPreDraw:2 
10-04 21:46:03.847 19322 19322 I SurfaceView@f0645d2: updateSurface: mVisible = true mSurface.isValid() = true
10-04 21:46:03.847 19322 19322 I SurfaceView@f0645d2: updateSurface: mSurfaceCreated = true surfaceChanged = false visibleChanged = false
10-04 21:46:03.847 19322 19322 V SurfaceView@f0645d2: Layout: x=0 y=-1041 w=1080 h=525, frame=Rect(0, 0 - 1080, 525)
10-04 21:46:03.850 19322 19420 D SurfaceView@f0645d2: updateSurfacePosition RenderWorker, frameNr = 528, position = [0, -1140, 1080, -615] surfaceSize = 1080x525
10-04 21:46:03.850 19322 19420 I SurfaceView@f0645d2: uSP: rtp = Rect(0, -1140 - 1080, -615) rtsw = 1080 rtsh = 525
10-04 21:46:03.850 19322 19420 I SurfaceView@f0645d2: onSSPAndSRT: pl = 0 pt = -1140 sx = 1.0 sy = 1.0
10-04 21:46:03.851 19322 19420 I SurfaceView@f0645d2: aOrMT: ViewRootImpl@3bedb8a[MainActivity] t = android.view.SurfaceControl$Transaction@c9d0cd7 fN = 528 android.view.SurfaceView.-$$Nest$mapplyOrMergeTransaction:0 android.view.SurfaceView$SurfaceViewPositionUpdateListener.positionChanged:1537 android.graphics.RenderNode$CompositePositionUpdateListener.positionChanged:373 
10-04 21:46:03.851 19322 19420 I ViewRootImpl@3bedb8a[MainActivity]: mWNT: t=0x7b449e3900 mBlastBufferQueue=0x7b448ab500 fn= 528 caller= android.view.SurfaceView.applyOrMergeTransaction:1455 android.view.SurfaceView.-$$Nest$mapplyOrMergeTransaction:0 android.view.SurfaceView$SurfaceViewPositionUpdateListener.positionChanged:1537 
10-04 21:46:03.851 19322 19420 I ViewRootImpl@3bedb8a[MainActivity]: mWNT: t=0x7aeb56d700 mBlastBufferQueue=0x7b448ab500 fn= 528 caller= android.view.ViewRootImpl.lambda$applyTransactionOnDraw$11$android-view-ViewRootImpl:12865 android.view.ViewRootImpl$$ExternalSyntheticLambda1.onFrameDraw:4 android.graphics.HardwareRenderer$FrameDrawingCallback.onFrameDraw:924 
10-04 21:46:03.862 19322 19322 I SurfaceView@f0645d2: Changes: creating=false format=false size=false visible=false alpha=false hint=false mUseAlpha=false visible=false left=false top=true
10-04 21:46:03.862 19322 19322 I SurfaceView@f0645d2: 252069330 Cur surface: Surface(name=null)/@0x915137e
10-04 21:46:03.862 19322 19322 I SurfaceView@f0645d2: applyTransactionOnVriDraw: vri = ViewRootImpl@3bedb8a[MainActivity] fRS = false t = 0x7aeb56d800 android.view.SurfaceView.performSurfaceTransaction:959 android.view.SurfaceView.updateSurface:1105 android.view.SurfaceView.lambda$new$0$android-view-SurfaceView:200 
10-04 21:46:03.862 19322 19322 I ViewRootImpl@3bedb8a[MainActivity]: applyTransactionOnDraw: mRemoved = false isHardwareEnabled = true t = 0x7aeb56d800android.view.SurfaceView.applyTransactionOnVriDraw:2048 android.view.SurfaceView.performSurfaceTransaction:959 android.view.SurfaceView.updateSurface:1105 android.view.SurfaceView.lambda$new$0$android-view-SurfaceView:200 android.view.SurfaceView$$ExternalSyntheticLambda5.onPreDraw:2 
10-04 21:46:03.862 19322 19322 I SurfaceView@f0645d2: updateSurface: mVisible = true mSurface.isValid() = true
10-04 21:46:03.862 19322 19322 I SurfaceView@f0645d2: updateSurface: mSurfaceCreated = true surfaceChanged = false visibleChanged = false
10-04 21:46:03.862 19322 19322 V SurfaceView@f0645d2: Layout: x=0 y=-1140 w=1080 h=525, frame=Rect(0, 0 - 1080, 525)
10-04 21:46:03.865 19322 19419 D SurfaceView@f0645d2: updateSurfacePosition RenderWorker, frameNr = 529, position = [0, -1242, 1080, -717] surfaceSize = 1080x525
10-04 21:46:03.865 19322 19419 I SurfaceView@f0645d2: uSP: rtp = Rect(0, -1242 - 1080, -717) rtsw = 1080 rtsh = 525
10-04 21:46:03.865 19322 19419 I SurfaceView@f0645d2: onSSPAndSRT: pl = 0 pt = -1242 sx = 1.0 sy = 1.0
10-04 21:46:03.866 19322 19419 I SurfaceView@f0645d2: aOrMT: ViewRootImpl@3bedb8a[MainActivity] t = android.view.SurfaceControl$Transaction@c9d0cd7 fN = 529 android.view.SurfaceView.-$$Nest$mapplyOrMergeTransaction:0 android.view.SurfaceView$SurfaceViewPositionUpdateListener.positionChanged:1537 android.graphics.RenderNode$CompositePositionUpdateListener.positionChanged:373 
10-04 21:46:03.866 19322 19419 I ViewRootImpl@3bedb8a[MainActivity]: mWNT: t=0x7b449e3900 mBlastBufferQueue=0x7b448ab500 fn= 529 caller= android.view.SurfaceView.applyOrMergeTransaction:1455 android.view.SurfaceView.-$$Nest$mapplyOrMergeTransaction:0 android.view.SurfaceView$SurfaceViewPositionUpdateListener.positionChanged:1537 
10-04 21:46:03.866 19322 19419 I ViewRootImpl@3bedb8a[MainActivity]: mWNT: t=0x7aeb56d800 mBlastBufferQueue=0x7b448ab500 fn= 529 caller= android.view.ViewRootImpl.lambda$applyTransactionOnDraw$11$android-view-ViewRootImpl:12865 android.view.ViewRootImpl$$ExternalSyntheticLambda1.onFrameDraw:4 android.graphics.HardwareRenderer$FrameDrawingCallback.onFrameDraw:924 
10-04 21:46:03.879 19322 19322 I SurfaceView@f0645d2: Changes: creating=false format=false size=false visible=false alpha=false hint=false mUseAlpha=false visible=false left=false top=true
10-04 21:46:03.879 19322 19322 I SurfaceView@f0645d2: 252069330 Cur surface: Surface(name=null)/@0x915137e
10-04 21:46:03.880 19322 19322 I SurfaceView@f0645d2: applyTransactionOnVriDraw: vri = ViewRootImpl@3bedb8a[MainActivity] fRS = false t = 0x7aeb56d900 android.view.SurfaceView.performSurfaceTransaction:959 android.view.SurfaceView.updateSurface:1105 android.view.SurfaceView.lambda$new$0$android-view-SurfaceView:200 
10-04 21:46:03.880 19322 19322 I ViewRootImpl@3bedb8a[MainActivity]: applyTransactionOnDraw: mRemoved = false isHardwareEnabled = true t = 0x7aeb56d900android.view.SurfaceView.applyTransactionOnVriDraw:2048 android.view.SurfaceView.performSurfaceTransaction:959 android.view.SurfaceView.updateSurface:1105 android.view.SurfaceView.lambda$new$0$android-view-SurfaceView:200 android.view.SurfaceView$$ExternalSyntheticLambda5.onPreDraw:2 
10-04 21:46:03.880 19322 19322 I SurfaceView@f0645d2: updateSurface: mVisible = true mSurface.isValid() = true
10-04 21:46:03.880 19322 19322 I SurfaceView@f0645d2: updateSurface: mSurfaceCreated = true surfaceChanged = false visibleChanged = false
10-04 21:46:03.880 19322 19322 V SurfaceView@f0645d2: Layout: x=0 y=-1242 w=1080 h=525, frame=Rect(0, 0 - 1080, 525)
10-04 21:46:03.882 19322 19420 D SurfaceView@f0645d2: updateSurfacePosition RenderWorker, frameNr = 530, position = [0, -1339, 1080, -814] surfaceSize = 1080x525
10-04 21:46:03.882 19322 19420 I SurfaceView@f0645d2: uSP: rtp = Rect(0, -1339 - 1080, -814) rtsw = 1080 rtsh = 525
10-04 21:46:03.882 19322 19420 I SurfaceView@f0645d2: onSSPAndSRT: pl = 0 pt = -1339 sx = 1.0 sy = 1.0
10-04 21:46:03.883 19322 19420 I SurfaceView@f0645d2: aOrMT: ViewRootImpl@3bedb8a[MainActivity] t = android.view.SurfaceControl$Transaction@c9d0cd7 fN = 530 android.view.SurfaceView.-$$Nest$mapplyOrMergeTransaction:0 android.view.SurfaceView$SurfaceViewPositionUpdateListener.positionChanged:1537 android.graphics.RenderNode$CompositePositionUpdateListener.positionChanged:373 
10-04 21:46:03.883 19322 19420 I ViewRootImpl@3bedb8a[MainActivity]: mWNT: t=0x7b449e3900 mBlastBufferQueue=0x7b448ab500 fn= 530 caller= android.view.SurfaceView.applyOrMergeTransaction:1455 android.view.SurfaceView.-$$Nest$mapplyOrMergeTransaction:0 android.view.SurfaceView$SurfaceViewPositionUpdateListener.positionChanged:1537 
10-04 21:46:03.883 19322 19420 I ViewRootImpl@3bedb8a[MainActivity]: mWNT: t=0x7aeb56d900 mBlastBufferQueue=0x7b448ab500 fn= 530 caller= android.view.ViewRootImpl.lambda$applyTransactionOnDraw$11$android-view-ViewRootImpl:12865 android.view.ViewRootImpl$$ExternalSyntheticLambda1.onFrameDraw:4 android.graphics.HardwareRenderer$FrameDrawingCallback.onFrameDraw:924 
10-04 21:46:03.896 19322 19322 I SurfaceView@f0645d2: Changes: creating=false format=false size=false visible=false alpha=false hint=false mUseAlpha=false visible=false left=false top=true
10-04 21:46:03.896 19322 19322 I SurfaceView@f0645d2: 252069330 Cur surface: Surface(name=null)/@0x915137e
10-04 21:46:03.897 19322 19322 I SurfaceView@f0645d2: applyTransactionOnVriDraw: vri = ViewRootImpl@3bedb8a[MainActivity] fRS = false t = 0x7aeb56da00 android.view.SurfaceView.performSurfaceTransaction:959 android.view.SurfaceView.updateSurface:1105 android.view.SurfaceView.lambda$new$0$android-view-SurfaceView:200 
10-04 21:46:03.897 19322 19322 I ViewRootImpl@3bedb8a[MainActivity]: applyTransactionOnDraw: mRemoved = false isHardwareEnabled = true t = 0x7aeb56da00android.view.SurfaceView.applyTransactionOnVriDraw:2048 android.view.SurfaceView.performSurfaceTransaction:959 android.view.SurfaceView.updateSurface:1105 android.view.SurfaceView.lambda$new$0$android-view-SurfaceView:200 android.view.SurfaceView$$ExternalSyntheticLambda5.onPreDraw:2 
10-04 21:46:03.897 19322 19322 I SurfaceView@f0645d2: updateSurface: mVisible = true mSurface.isValid() = true
10-04 21:46:03.897 19322 19322 I SurfaceView@f0645d2: updateSurface: mSurfaceCreated = true surfaceChanged = false visibleChanged = false
10-04 21:46:03.897 19322 19322 V SurfaceView@f0645d2: Layout: x=0 y=-1339 w=1080 h=525, frame=Rect(0, 0 - 1080, 525)
10-04 21:46:03.901 19322 19419 D SurfaceView@f0645d2: updateSurfacePosition RenderWorker, frameNr = 531, position = [0, -1428, 1080, -903] surfaceSize = 1080x525
10-04 21:46:03.901 19322 19419 I SurfaceView@f0645d2: uSP: rtp = Rect(0, -1428 - 1080, -903) rtsw = 1080 rtsh = 525
10-04 21:46:03.901 19322 19419 I SurfaceView@f0645d2: onSSPAndSRT: pl = 0 pt = -1428 sx = 1.0 sy = 1.0
10-04 21:46:03.902 19322 19419 I SurfaceView@f0645d2: aOrMT: ViewRootImpl@3bedb8a[MainActivity] t = android.view.SurfaceControl$Transaction@c9d0cd7 fN = 531 android.view.SurfaceView.-$$Nest$mapplyOrMergeTransaction:0 android.view.SurfaceView$SurfaceViewPositionUpdateListener.positionChanged:1537 android.graphics.RenderNode$CompositePositionUpdateListener.positionChanged:373 
10-04 21:46:03.902 19322 19419 I ViewRootImpl@3bedb8a[MainActivity]: mWNT: t=0x7b449e3900 mBlastBufferQueue=0x7b448ab500 fn= 531 caller= android.view.SurfaceView.applyOrMergeTransaction:1455 android.view.SurfaceView.-$$Nest$mapplyOrMergeTransaction:0 android.view.SurfaceView$SurfaceViewPositionUpdateListener.positionChanged:1537 
10-04 21:46:03.902 19322 19419 I ViewRootImpl@3bedb8a[MainActivity]: mWNT: t=0x7aeb56da00 mBlastBufferQueue=0x7b448ab500 fn= 531 caller= android.view.ViewRootImpl.lambda$applyTransactionOnDraw$11$android-view-ViewRootImpl:12865 android.view.ViewRootImpl$$ExternalSyntheticLambda1.onFrameDraw:4 android.graphics.HardwareRenderer$FrameDrawingCallback.onFrameDraw:924 
10-04 21:46:03.913 19322 19322 I SurfaceView@f0645d2: Changes: creating=false format=false size=false visible=false alpha=false hint=false mUseAlpha=false visible=false left=false top=true
10-04 21:46:03.913 19322 19322 I SurfaceView@f0645d2: 252069330 Cur surface: Surface(name=null)/@0x915137e
10-04 21:46:03.913 19322 19322 I SurfaceView@f0645d2: applyTransactionOnVriDraw: vri = ViewRootImpl@3bedb8a[MainActivity] fRS = false t = 0x7aeb56db00 android.view.SurfaceView.performSurfaceTransaction:959 android.view.SurfaceView.updateSurface:1105 android.view.SurfaceView.lambda$new$0$android-view-SurfaceView:200 
10-04 21:46:03.914 19322 19322 I ViewRootImpl@3bedb8a[MainActivity]: applyTransactionOnDraw: mRemoved = false isHardwareEnabled = true t = 0x7aeb56db00android.view.SurfaceView.applyTransactionOnVriDraw:2048 android.view.SurfaceView.performSurfaceTransaction:959 android.view.SurfaceView.updateSurface:1105 android.view.SurfaceView.lambda$new$0$android-view-SurfaceView:200 android.view.SurfaceView$$ExternalSyntheticLambda5.onPreDraw:2 
10-04 21:46:03.914 19322 19322 I SurfaceView@f0645d2: updateSurface: mVisible = true mSurface.isValid() = true
10-04 21:46:03.914 19322 19322 I SurfaceView@f0645d2: updateSurface: mSurfaceCreated = true surfaceChanged = false visibleChanged = false
10-04 21:46:03.914 19322 19322 V SurfaceView@f0645d2: Layout: x=0 y=-1428 w=1080 h=525, frame=Rect(0, 0 - 1080, 525)
10-04 21:46:03.916 19322 19420 D SurfaceView@f0645d2: updateSurfacePosition RenderWorker, frameNr = 532, position = [0, -1518, 1080, -993] surfaceSize = 1080x525
10-04 21:46:03.916 19322 19420 I SurfaceView@f0645d2: uSP: rtp = Rect(0, -1518 - 1080, -993) rtsw = 1080 rtsh = 525
10-04 21:46:03.916 19322 19420 I SurfaceView@f0645d2: onSSPAndSRT: pl = 0 pt = -1518 sx = 1.0 sy = 1.0
10-04 21:46:03.916 19322 19420 I SurfaceView@f0645d2: aOrMT: ViewRootImpl@3bedb8a[MainActivity] t = android.view.SurfaceControl$Transaction@c9d0cd7 fN = 532 android.view.SurfaceView.-$$Nest$mapplyOrMergeTransaction:0 android.view.SurfaceView$SurfaceViewPositionUpdateListener.positionChanged:1537 android.graphics.RenderNode$CompositePositionUpdateListener.positionChanged:373 
10-04 21:46:03.917 19322 19420 I ViewRootImpl@3bedb8a[MainActivity]: mWNT: t=0x7b449e3900 mBlastBufferQueue=0x7b448ab500 fn= 532 caller= android.view.SurfaceView.applyOrMergeTransaction:1455 android.view.SurfaceView.-$$Nest$mapplyOrMergeTransaction:0 android.view.SurfaceView$SurfaceViewPositionUpdateListener.positionChanged:1537 
10-04 21:46:03.917 19322 19420 I ViewRootImpl@3bedb8a[MainActivity]: mWNT: t=0x7aeb56db00 mBlastBufferQueue=0x7b448ab500 fn= 532 caller= android.view.ViewRootImpl.lambda$applyTransactionOnDraw$11$android-view-ViewRootImpl:12865 android.view.ViewRootImpl$$ExternalSyntheticLambda1.onFrameDraw:4 android.graphics.HardwareRenderer$FrameDrawingCallback.onFrameDraw:924 
10-04 21:46:03.929 19322 19322 I SurfaceView@f0645d2: Changes: creating=false format=false size=false visible=false alpha=false hint=false mUseAlpha=false visible=false left=false top=true
10-04 21:46:03.929 19322 19322 I SurfaceView@f0645d2: 252069330 Cur surface: Surface(name=null)/@0x915137e
10-04 21:46:03.930 19322 19322 I SurfaceView@f0645d2: applyTransactionOnVriDraw: vri = ViewRootImpl@3bedb8a[MainActivity] fRS = false t = 0x7aeb56dc00 android.view.SurfaceView.performSurfaceTransaction:959 android.view.SurfaceView.updateSurface:1105 android.view.SurfaceView.lambda$new$0$android-view-SurfaceView:200 
10-04 21:46:03.930 19322 19322 I ViewRootImpl@3bedb8a[MainActivity]: applyTransactionOnDraw: mRemoved = false isHardwareEnabled = true t = 0x7aeb56dc00android.view.SurfaceView.applyTransactionOnVriDraw:2048 android.view.SurfaceView.performSurfaceTransaction:959 android.view.SurfaceView.updateSurface:1105 android.view.SurfaceView.lambda$new$0$android-view-SurfaceView:200 android.view.SurfaceView$$ExternalSyntheticLambda5.onPreDraw:2 
10-04 21:46:03.930 19322 19322 I SurfaceView@f0645d2: updateSurface: mVisible = true mSurface.isValid() = true
10-04 21:46:03.930 19322 19322 I SurfaceView@f0645d2: updateSurface: mSurfaceCreated = true surfaceChanged = false visibleChanged = false
10-04 21:46:03.930 19322 19322 V SurfaceView@f0645d2: Layout: x=0 y=-1518 w=1080 h=525, frame=Rect(0, 0 - 1080, 525)
10-04 21:46:03.935 19322 19419 D SurfaceView@f0645d2: updateSurfacePosition RenderWorker, frameNr = 533, position = [0, -1532, 1080, -1007] surfaceSize = 1080x525
10-04 21:46:03.935 19322 19419 I SurfaceView@f0645d2: uSP: rtp = Rect(0, -1532 - 1080, -1007) rtsw = 1080 rtsh = 525
10-04 21:46:03.935 19322 19419 I SurfaceView@f0645d2: onSSPAndSRT: pl = 0 pt = -1532 sx = 1.0 sy = 1.0
10-04 21:46:03.935 19322 19419 I SurfaceView@f0645d2: aOrMT: ViewRootImpl@3bedb8a[MainActivity] t = android.view.SurfaceControl$Transaction@c9d0cd7 fN = 533 android.view.SurfaceView.-$$Nest$mapplyOrMergeTransaction:0 android.view.SurfaceView$SurfaceViewPositionUpdateListener.positionChanged:1537 android.graphics.RenderNode$CompositePositionUpdateListener.positionChanged:373 
10-04 21:46:03.936 19322 19419 I ViewRootImpl@3bedb8a[MainActivity]: mWNT: t=0x7b449e3900 mBlastBufferQueue=0x7b448ab500 fn= 533 caller= android.view.SurfaceView.applyOrMergeTransaction:1455 android.view.SurfaceView.-$$Nest$mapplyOrMergeTransaction:0 android.view.SurfaceView$SurfaceViewPositionUpdateListener.positionChanged:1537 
10-04 21:46:03.936 19322 19419 I ViewRootImpl@3bedb8a[MainActivity]: mWNT: t=0x7aeb56dc00 mBlastBufferQueue=0x7b448ab500 fn= 533 caller= android.view.ViewRootImpl.lambda$applyTransactionOnDraw$11$android-view-ViewRootImpl:12865 android.view.ViewRootImpl$$ExternalSyntheticLambda1.onFrameDraw:4 android.graphics.HardwareRenderer$FrameDrawingCallback.onFrameDraw:924 
10-04 21:46:03.945 19322 19322 I SurfaceView@f0645d2: Changes: creating=false format=false size=false visible=false alpha=false hint=false mUseAlpha=false visible=false left=false top=true
10-04 21:46:03.945 19322 19322 I SurfaceView@f0645d2: 252069330 Cur surface: Surface(name=null)/@0x915137e
10-04 21:46:03.946 19322 19322 I SurfaceView@f0645d2: applyTransactionOnVriDraw: vri = ViewRootImpl@3bedb8a[MainActivity] fRS = false t = 0x7aeb56dd00 android.view.SurfaceView.performSurfaceTransaction:959 android.view.SurfaceView.updateSurface:1105 android.view.SurfaceView.lambda$new$0$android-view-SurfaceView:200 
10-04 21:46:03.946 19322 19322 I ViewRootImpl@3bedb8a[MainActivity]: applyTransactionOnDraw: mRemoved = false isHardwareEnabled = true t = 0x7aeb56dd00android.view.SurfaceView.applyTransactionOnVriDraw:2048 android.view.SurfaceView.performSurfaceTransaction:959 android.view.SurfaceView.updateSurface:1105 android.view.SurfaceView.lambda$new$0$android-view-SurfaceView:200 android.view.SurfaceView$$ExternalSyntheticLambda5.onPreDraw:2 
10-04 21:46:03.946 19322 19322 I SurfaceView@f0645d2: updateSurface: mVisible = true mSurface.isValid() = true
10-04 21:46:03.946 19322 19322 I SurfaceView@f0645d2: updateSurface: mSurfaceCreated = true surfaceChanged = false visibleChanged = false
10-04 21:46:03.946 19322 19322 V SurfaceView@f0645d2: Layout: x=0 y=-1532 w=1080 h=525, frame=Rect(0, 0 - 1080, 525)
10-04 21:46:03.947 19322 19420 D SurfaceView@f0645d2: updateSurfacePosition RenderWorker, frameNr = 534, position = [0, -1559, 1080, -1019] surfaceSize = 1080x525
10-04 21:46:03.947 19322 19420 I SurfaceView@f0645d2: uSP: rtp = Rect(0, -1559 - 1080, -1019) rtsw = 1080 rtsh = 525
10-04 21:46:03.947 19322 19420 I SurfaceView@f0645d2: onSSPAndSRT: pl = 0 pt = -1559 sx = 1.0 sy = 1.0285715
10-04 21:46:03.948 19322 19420 I SurfaceView@f0645d2: aOrMT: ViewRootImpl@3bedb8a[MainActivity] t = android.view.SurfaceControl$Transaction@c9d0cd7 fN = 534 android.view.SurfaceView.-$$Nest$mapplyOrMergeTransaction:0 android.view.SurfaceView$SurfaceViewPositionUpdateListener.positionChanged:1537 android.graphics.RenderNode$CompositePositionUpdateListener.positionChanged:373 
10-04 21:46:03.948 19322 19420 I ViewRootImpl@3bedb8a[MainActivity]: mWNT: t=0x7b449e3900 mBlastBufferQueue=0x7b448ab500 fn= 534 caller= android.view.SurfaceView.applyOrMergeTransaction:1455 android.view.SurfaceView.-$$Nest$mapplyOrMergeTransaction:0 android.view.SurfaceView$SurfaceViewPositionUpdateListener.positionChanged:1537 
10-04 21:46:03.948 19322 19420 I ViewRootImpl@3bedb8a[MainActivity]: mWNT: t=0x7aeb56dd00 mBlastBufferQueue=0x7b448ab500 fn= 534 caller= android.view.ViewRootImpl.lambda$applyTransactionOnDraw$11$android-view-ViewRootImpl:12865 android.view.ViewRootImpl$$ExternalSyntheticLambda1.onFrameDraw:4 android.graphics.HardwareRenderer$FrameDrawingCallback.onFrameDraw:924 
10-04 21:46:04.019 19322 19419 D SurfaceView@f0645d2: updateSurfacePosition RenderWorker, frameNr = 535, position = [0, -1566, 1080, -1022] surfaceSize = 1080x525
10-04 21:46:04.019 19322 19419 I SurfaceView@f0645d2: uSP: rtp = Rect(0, -1566 - 1080, -1022) rtsw = 1080 rtsh = 525
10-04 21:46:04.019 19322 19419 I SurfaceView@f0645d2: onSSPAndSRT: pl = 0 pt = -1566 sx = 1.0 sy = 1.0361905
