10-04 23:27:04.494  3949  3949 D InsetsController: onStateChanged: InsetsState: {mDisplayFrame=Rect(0, 0 - 1080, 2400), mDisplayCutout=DisplayCutout{insets=Rect(0, 88 - 0, 0) waterfall=Insets{left=0, top=0, right=0, bottom=0} boundingRect={Bounds=[Rect(0, 0 - 0, 0), Rect(512, 0 - 568, 88), Rect(0, 0 - 0, 0), Rect(0, 0 - 0, 0)]} cutoutPathParserInfo={CutoutPathParserInfo{displayWidth=1080 displayHeight=2400 physicalDisplayWidth=1080 physicalDisplayHeight=2400 density={2.625} cutoutSpec={M 0,0 M 0,12.25101276465640 a 10.60613009248640,10.60613009248640 0 1,0 0,21.21226018497290 a 10.60613009248640,10.60613009248640 0 1,0 0,-21.21226018497290 Z @dp} rotation={0} scale={1.0} physicalPixelDisplaySizeRatio={1.0}}}}, mRoundedCorners=RoundedCorners{[RoundedCorner{position=TopLeft, radius=84, center=Point(84, 84)}, RoundedCorner{position=TopRight, radius=84, center=Point(996, 84)}, RoundedCorner{position=BottomRight, radius=84, center=Point(996, 2316)}, RoundedCorner{position=BottomLeft, radius=84, center=Point(84, 2316)}]}  mRoundedCornerFrame=Rect(0, 0 - 1080, 2400), mPrivacyIndicatorBounds=PrivacyIndicatorBounds {static bounds=Rect(964, 0 - 1080, 87) rotation=0}, mSources= { InsetsSource: {mType=ITYPE_STATUS_BAR, mFrame=[0,0][1080,88], mVisible=true, mInsetsRoundedCornerFrame=false}, InsetsSource: {mType=ITYPE_NAVIGATION_BAR, mFrame=[0,2361][1080,2400], mVisible=true, mInsetsRoundedCornerFrame=false}, InsetsSource: {mType=ITYPE_LEFT_GESTURES, mFrame=[0,0][130,2400], mVisible=true, mInsetsRoundedCornerFrame=false}, InsetsSource: {mType=ITYPE_RIGHT_GESTURES, mFrame=[950,0][1080,2400], mVisible=true, mInsetsRoundedCornerFrame=false}, InsetsSource: {mType=ITYPE_TOP_MANDATORY_GESTURES, mFrame=[0,0][1080,120], mVisible=true, mInsetsRoundedCornerFrame=false}, InsetsSource: {mType=ITYPE_BOTTOM_MANDATORY_GESTURES, mFrame=[0,2316][1080,2400], mVisible=true, mInsetsRoundedCornerFrame=false}, InsetsSource: {mType=ITYPE_LEFT_DISPLAY_CUTOUT, mFrame=[0,0][-100000,2400], mVisible=true, mInsetsRoundedCornerFrame=false}, InsetsSource: {mType=ITYPE_TOP_DISPLAY_CUTOUT, mFrame=[0,0][1080,88], mVisible=true, mInsetsRoundedCornerFrame=false}, InsetsSource: {mType=ITYPE_RIGHT_DISPLAY_CUTOUT, mFrame=[100000,0][1080,2400], mVisible=true, mInsetsRoundedCornerFrame=false}, InsetsSource: {mType=ITYPE_BOTTOM_DISPLAY_CUTOUT, mFrame=[0,100000][1080,2400], mVisible=true, mInsetsRoundedCornerFrame=false}, InsetsSource: {mType=ITYPE_TOP_TAPPABLE_ELEMENT, mFrame=[0,0][1080,88], mVisible=true, mInsetsRoundedCornerFrame=false}, InsetsSource: {mType=ITYPE_BOTTOM_TAPPABLE_ELEMENT, mFrame=[0,0][0,0], mVisible=true, mInsetsRoundedCornerFrame=false} } host=com.lagradost.cloudstream3/com.lagradost.cloudstream3.MainActivity from=android.view.ViewRootImpl$ViewRootHandler.handleMessageImpl:6740
10-04 23:27:04.528  3949  3949 I ViewRootImpl@383d106[MainActivity]: MSG_WINDOW_FOCUS_CHANGED 1 0
10-04 23:27:04.529  3949  3949 I ViewRootImpl@383d106[MainActivity]: mThreadedRenderer.initializeIfNeeded()#2 mSurface={isValid=true 0x7b78f94800}
10-04 23:27:04.551  3949  3949 D InputMethodManager: startInputInner - Id : 0
10-04 23:27:04.551  3949  3949 I InputMethodManager: startInputInner - mService.startInputOrWindowGainedFocus
10-04 23:27:05.012  3949  3949 I ViewRootImpl@383d106[MainActivity]: ViewPostIme pointer 0
10-04 23:27:05.060  3949  3949 W PanelsChildGestureRegionObserver: failed to register view with ID 2131362800. already registered
10-04 23:27:05.075  3949  3949 W PanelsChildGestureRegionObserver: failed to register view with ID 2131362800. already registered
10-04 23:27:05.076  3949  3949 W PanelsChildGestureRegionObserver: failed to register view with ID 2131362800. already registered
10-04 23:27:05.077  3949  3949 W PanelsChildGestureRegionObserver: failed to register view with ID 2131362800. already registered
10-04 23:27:05.091  3949  3949 W PanelsChildGestureRegionObserver: failed to register view with ID 2131362800. already registered
10-04 23:27:05.103  3949  3949 D WindowOnBackDispatcher: onBackInvoked, viewRoot=ViewRootImpl@1e9c51[MainActivity], callback=androidx.activity.OnBackPressedDispatcher$Api33Impl$$ExternalSyntheticLambda0@a73c38d
10-04 23:27:05.113  3949  3949 I IMM_LC  : hsifw() - flag : 0
10-04 23:27:05.114  3949  3949 I IMM_LC  : hsifw() - mService.hideSoftInput
10-04 23:27:05.121  3949  3949 I CS3ExoPlayer: onStop
10-04 23:27:05.121  3949  3949 I CS3ExoPlayer: saveData
10-04 23:27:05.122  3949  3949 I CS3ExoPlayer: handleEvent Pause
10-04 23:27:05.203  3949  3949 W PanelsChildGestureRegionObserver: failed to register view with ID 2131362800. already registered
10-04 23:27:05.360  3949  3949 W PanelsChildGestureRegionObserver: failed to register view with ID 2131362800. already registered
10-04 23:27:05.374  3949  4047 D SurfaceView@71fc2c5: updateSurfacePosition RenderWorker, frameNr = 614, position = [54, -1261, 1026, -788] surfaceSize = 1080x525
10-04 23:27:05.374  3949  4047 I SurfaceView@71fc2c5: uSP: rtp = Rect(54, -1261 - 1026, -788) rtsw = 1080 rtsh = 525
10-04 23:27:05.374  3949  4047 I SurfaceView@71fc2c5: onSSPAndSRT: pl = 54 pt = -1261 sx = 0.9 sy = 0.9009524
10-04 23:27:05.374  3949  4047 I SurfaceView@71fc2c5: aOrMT: ViewRootImpl@383d106[MainActivity] t = android.view.SurfaceControl$Transaction@f8af64 fN = 614 android.view.SurfaceView.-$$Nest$mapplyOrMergeTransaction:0 android.view.SurfaceView$SurfaceViewPositionUpdateListener.positionChanged:1537 android.graphics.RenderNode$CompositePositionUpdateListener.positionChanged:373 
10-04 23:27:05.375  3949  4047 I ViewRootImpl@383d106[MainActivity]: mWNT: t=0x7b1dedce00 mBlastBufferQueue=0x7b3d7d5d00 fn= 614 caller= android.view.SurfaceView.applyOrMergeTransaction:1455 android.view.SurfaceView.-$$Nest$mapplyOrMergeTransaction:0 android.view.SurfaceView$SurfaceViewPositionUpdateListener.positionChanged:1537 
10-04 23:27:05.376  3949  3949 I SurfaceView@71fc2c5: onWindowVisibilityChanged(8) false android.view.SurfaceView{71fc2c5 V.E...... ........ 0,0-1080,525} of ViewRootImpl@383d106[MainActivity]
10-04 23:27:05.376  3949  3949 I SurfaceView@71fc2c5: Changes: creating=false format=false size=false visible=true alpha=false hint=false mUseAlpha=false visible=true left=false top=false
10-04 23:27:05.376  3949  3949 I SurfaceView@71fc2c5: 119521989 Cur surface: Surface(name=null)/@0x257021b
10-04 23:27:05.376  3949  3949 I SurfaceView@71fc2c5: applyTransactionOnVriDraw: vri = ViewRootImpl@383d106[MainActivity] fRS = false t = 0x7afc8e8600 android.view.SurfaceView.performSurfaceTransaction:959 android.view.SurfaceView.updateSurface:1105 android.view.SurfaceView.onWindowVisibilityChanged:371 
10-04 23:27:05.376  3949  3949 I ViewRootImpl@383d106[MainActivity]: applyTransactionOnDraw: mRemoved = false isHardwareEnabled = true t = 0x7afc8e8600android.view.SurfaceView.applyTransactionOnVriDraw:2048 android.view.SurfaceView.performSurfaceTransaction:959 android.view.SurfaceView.updateSurface:1105 android.view.SurfaceView.onWindowVisibilityChanged:371 android.view.View.dispatchDetachedFromWindow:22529 
10-04 23:27:05.376  3949  3949 I SurfaceView@71fc2c5: surfaceDestroyed
10-04 23:27:05.376  3949  3949 I SurfaceView@71fc2c5: surfaceDestroyed callback.size 0 #2 android.view.SurfaceView{71fc2c5 V.E...... ........ 0,0-1080,525}
10-04 23:27:05.376  3949  3949 I SurfaceView@71fc2c5: updateSurface: mVisible = false mSurface.isValid() = true
10-04 23:27:05.377  3949  3949 I SurfaceView@71fc2c5: releaseSurfaces: viewRoot = ViewRootImpl@383d106[MainActivity]
10-04 23:27:05.377  3949  3949 I SurfaceView@71fc2c5: applyTransactionOnVriDraw: vri = ViewRootImpl@383d106[MainActivity] fRS = true t = 0x7afc8e8900 android.view.SurfaceView.releaseSurfaces:858 android.view.SurfaceView.updateSurface:1172 android.view.SurfaceView.onWindowVisibilityChanged:371 
10-04 23:27:05.377  3949  3949 I SurfaceView@71fc2c5: applyTransactionOnVriDraw: viewRoot.applyTransactionOnDrawFromReleaseSurfaces
10-04 23:27:05.377  3949  3949 I ViewRootImpl@383d106[MainActivity]: applyTransactionOnDraw: mRemoved = false isHardwareEnabled = true t = 0x7afc8e8900android.view.ViewRootImpl.applyTransactionOnDrawFromReleaseSurfaces:12850 android.view.SurfaceView.applyTransactionOnVriDraw:2046 android.view.SurfaceView.releaseSurfaces:858 android.view.SurfaceView.updateSurface:1172 android.view.SurfaceView.onWindowVisibilityChanged:371 
10-04 23:27:05.377  3949  3949 V SurfaceView@71fc2c5: Layout: x=0 y=-1532 w=1080 h=525, frame=Rect(0, 0 - 1080, 525)
10-04 23:27:05.377  3949  3949 I SurfaceView@71fc2c5: onDetachedFromWindow: tryReleaseSurfaces()
10-04 23:27:05.377  3949  3949 I SurfaceView@71fc2c5: releaseSurfaces: viewRoot = ViewRootImpl@383d106[MainActivity]
10-04 23:27:05.377  3949  3949 I SurfaceView@71fc2c5: applyTransactionOnVriDraw: vri = ViewRootImpl@383d106[MainActivity] fRS = true t = 0x7afc8e8a00 android.view.SurfaceView.releaseSurfaces:858 android.view.SurfaceView.onDetachedFromWindow:500 android.view.View.dispatchDetachedFromWindow:22538 
10-04 23:27:05.377  3949  3949 I SurfaceView@71fc2c5: applyTransactionOnVriDraw: viewRoot.applyTransactionOnDrawFromReleaseSurfaces
10-04 23:27:05.377  3949  3949 I ViewRootImpl@383d106[MainActivity]: applyTransactionOnDraw: mRemoved = false isHardwareEnabled = true t = 0x7afc8e8a00android.view.ViewRootImpl.applyTransactionOnDrawFromReleaseSurfaces:12850 android.view.SurfaceView.applyTransactionOnVriDraw:2046 android.view.SurfaceView.releaseSurfaces:858 android.view.SurfaceView.onDetachedFromWindow:500 android.view.View.dispatchDetachedFromWindow:22538 
10-04 23:27:05.391  3949  3949 I DecorView: notifyKeepScreenOnChanged: keepScreenOn=false
10-04 23:27:05.392  3949  3949 I CS3ExoPlayer: releasePlayer
10-04 23:27:05.392  3949  3949 I CS3ExoPlayer: Handle event: PlayerAttachedEvent(player=null, source=Player)
10-04 23:27:05.392  3949  3949 I DecorView: notifyKeepScreenOnChanged: keepScreenOn=false
10-04 23:27:05.394  3949  3949 I ViewRootImpl@383d106[MainActivity]: performTraversals params={(0,0)(fillxfill) sim={state=always_hidden adjust=resize} ty=BASE_APPLICATION wanim=0x1030309
10-04 23:27:05.394  3949  3949 I ViewRootImpl@383d106[MainActivity]:   fl=85810100
10-04 23:27:05.394  3949  3949 I ViewRootImpl@383d106[MainActivity]:   pfl=12020040
10-04 23:27:05.394  3949  3949 I ViewRootImpl@383d106[MainActivity]:   vsysui=500
10-04 23:27:05.394  3949  3949 I ViewRootImpl@383d106[MainActivity]:   bhv=DEFAULT
10-04 23:27:05.394  3949  3949 I ViewRootImpl@383d106[MainActivity]:   fitSides= naviIconColor=0}
10-04 23:27:05.394  3949  3949 I ViewRootImpl@383d106[MainActivity]: performTraversals mFirst=false windowShouldResize=false viewVisibilityChanged=false mForceNextWindowRelayout=false params={(0,0)(fillxfill) sim={state=always_hidden adjust=resize} ty=BASE_APPLICATION fmt=TRANSLUCENT wanim=0x1030309
10-04 23:27:05.394  3949  3949 I ViewRootImpl@383d106[MainActivity]:   fl=85810100
10-04 23:27:05.394  3949  3949 I ViewRootImpl@383d106[MainActivity]:   pfl=12020040
10-04 23:27:05.394  3949  3949 I ViewRootImpl@383d106[MainActivity]:   vsysui=500
10-04 23:27:05.394  3949  3949 I ViewRootImpl@383d106[MainActivity]:   bhv=DEFAULT
10-04 23:27:05.394  3949  3949 I ViewRootImpl@383d106[MainActivity]:   fitSides= naviIconColor=0}
10-04 23:27:05.398  3949  3949 I ViewRootImpl@383d106[MainActivity]: updateBlastSurfaceIfNeeded mBlastBufferQueue=0x7b3d7d5d00 isSameSurfaceControl=true
10-04 23:27:05.398  3949  3949 I BLASTBufferQueue: update, w= 1080 h= 2400 mName = ViewRootImpl@383d106[MainActivity] mNativeObject= 0x7b3d7d5d00 sc.mNativeObject= 0x7afc35fd00 format= -3 caller= android.view.ViewRootImpl.updateBlastSurfaceIfNeeded:2898 android.view.ViewRootImpl.relayoutWindow:9847 android.view.ViewRootImpl.performTraversals:3884 android.view.ViewRootImpl.doTraversal:3116 android.view.ViewRootImpl$TraversalRunnable.run:10885 android.view.Choreographer$CallbackRecord.run:1301 
10-04 23:27:05.399  3949  3949 I ViewRootImpl@383d106[MainActivity]: Relayout returned: old=(0,0,1080,2400) new=(0,0,1080,2400) req=(1080,2400)0 dur=4 res=0x0 s={true 0x7b78f94800} ch=false seqId=0
10-04 23:27:05.399  3949  3949 I ViewRootImpl@383d106[MainActivity]: updateBoundsLayer: t = android.view.SurfaceControl$Transaction@50d67 sc = Surface(name=Bounds for - com.lagradost.cloudstream3/com.lagradost.cloudstream3.MainActivity@0)/@0xe64714 frame = 615
10-04 23:27:05.399  3949  3949 I ViewRootImpl@383d106[MainActivity]: mWNT: t=0x7b5cedb100 mBlastBufferQueue=0x7b3d7d5d00 fn= 615 caller= android.view.ViewRootImpl.prepareSurfaces:2985 android.view.ViewRootImpl.performTraversals:4233 android.view.ViewRootImpl.doTraversal:3116 
10-04 23:27:05.400  3949  3972 D SurfaceView@71fc2c5: windowPositionLost, frameNr = 615
10-04 23:27:05.401  3949  4046 I ViewRootImpl@383d106[MainActivity]: mWNT: t=0x7afc8e8600 mBlastBufferQueue=0x7b3d7d5d00 fn= 615 caller= android.view.ViewRootImpl.lambda$applyTransactionOnDraw$11$android-view-ViewRootImpl:12865 android.view.ViewRootImpl$$ExternalSyntheticLambda1.onFrameDraw:4 android.graphics.HardwareRenderer$FrameDrawingCallback.onFrameDraw:924 
10-04 23:27:05.401  3949  4046 I ViewRootImpl@383d106[MainActivity]: mWNT: t=0x7afc8e8900 mBlastBufferQueue=0x7b3d7d5d00 fn= 615 caller= android.view.ViewRootImpl.lambda$applyTransactionOnDraw$11$android-view-ViewRootImpl:12865 android.view.ViewRootImpl$$ExternalSyntheticLambda1.onFrameDraw:4 android.graphics.HardwareRenderer$FrameDrawingCallback.onFrameDraw:924 
10-04 23:27:05.401  3949  4046 I ViewRootImpl@383d106[MainActivity]: mWNT: t=0x7afc8e8a00 mBlastBufferQueue=0x7b3d7d5d00 fn= 615 caller= android.view.ViewRootImpl.lambda$applyTransactionOnDraw$11$android-view-ViewRootImpl:12865 android.view.ViewRootImpl$$ExternalSyntheticLambda1.onFrameDraw:4 android.graphics.HardwareRenderer$FrameDrawingCallback.onFrameDraw:924 
10-04 23:27:07.768  3949  3949 I ViewRootImpl@383d106[MainActivity]: ViewPostIme pointer 0
10-04 23:27:07.832  3949  3949 I ViewRootImpl@383d106[MainActivity]: ViewPostIme pointer 1
10-04 23:27:07.842  3949  3949 I Dialog  : mIsDeviceDefault = false, mIsSamsungBasicInteraction = false, isMetaDataInActivity = false
10-04 23:27:07.865  3949  3949 I DecorView: [INFO] isPopOver=false config=false
10-04 23:27:07.866  3949  3949 I DecorView: updateCaptionType: isFloating=false isApplication=true hasWindowDecorCaption=false this=DecorView@40df3f1[]
10-04 23:27:07.866  3949  3949 D DecorView: setCaptionType = 0, this = DecorView@40df3f1[]
10-04 23:27:07.867  3949  3949 I DecorView: getCurrentDensityDpi: from app context. densityDpi=420 msg=resources_loaded
10-04 23:27:07.867  3949  3949 I DecorView: setWindowBackground: isPopOver=false color=0 d=android.graphics.drawable.ColorDrawable@2d61e57
10-04 23:27:07.873  3949  3972 D NativeCustomFrequencyManager: [NativeCFMS] BpCustomFrequencyManager::BpCustomFrequencyManager()
10-04 23:27:07.874  3949  3949 I DecorView: notifyKeepScreenOnChanged: keepScreenOn=false
10-04 23:27:07.891  3949  3949 D InsetsController: onStateChanged: InsetsState: {mDisplayFrame=Rect(0, 0 - 1080, 2400), mDisplayCutout=DisplayCutout{insets=Rect(0, 88 - 0, 0) waterfall=Insets{left=0, top=0, right=0, bottom=0} boundingRect={Bounds=[Rect(0, 0 - 0, 0), Rect(512, 0 - 568, 88), Rect(0, 0 - 0, 0), Rect(0, 0 - 0, 0)]} cutoutPathParserInfo={CutoutPathParserInfo{displayWidth=1080 displayHeight=2400 physicalDisplayWidth=1080 physicalDisplayHeight=2400 density={2.625} cutoutSpec={M 0,0 M 0,12.25101276465640 a 10.60613009248640,10.60613009248640 0 1,0 0,21.21226018497290 a 10.60613009248640,10.60613009248640 0 1,0 0,-21.21226018497290 Z @dp} rotation={0} scale={1.0} physicalPixelDisplaySizeRatio={1.0}}}}, mRoundedCorners=RoundedCorners{[RoundedCorner{position=TopLeft, radius=84, center=Point(84, 84)}, RoundedCorner{position=TopRight, radius=84, center=Point(996, 84)}, RoundedCorner{position=BottomRight, radius=84, center=Point(996, 2316)}, RoundedCorner{position=BottomLeft, radius=84, center=Point(84, 2316)}]}  mRoundedCornerFrame=Rect(0, 0 - 1080, 2400), mPrivacyIndicatorBounds=PrivacyIndicatorBounds {static bounds=Rect(964, 0 - 1080, 87) rotation=0}, mSources= { InsetsSource: {mType=ITYPE_STATUS_BAR, mFrame=[0,0][1080,88], mVisible=true, mInsetsRoundedCornerFrame=false}, InsetsSource: {mType=ITYPE_NAVIGATION_BAR, mFrame=[0,2361][1080,2400], mVisible=true, mInsetsRoundedCornerFrame=false}, InsetsSource: {mType=ITYPE_LEFT_GESTURES, mFrame=[0,0][130,2400], mVisible=true, mInsetsRoundedCornerFrame=false}, InsetsSource: {mType=ITYPE_RIGHT_GESTURES, mFrame=[950,0][1080,2400], mVisible=true, mInsetsRoundedCornerFrame=false}, InsetsSource: {mType=ITYPE_TOP_MANDATORY_GESTURES, mFrame=[0,0][1080,120], mVisible=true, mInsetsRoundedCornerFrame=false}, InsetsSource: {mType=ITYPE_BOTTOM_MANDATORY_GESTURES, mFrame=[0,2316][1080,2400], mVisible=true, mInsetsRoundedCornerFrame=false}, InsetsSource: {mType=ITYPE_LEFT_DISPLAY_CUTOUT, mFrame=[0,0][-100000,2400], mVisible=true, mInsetsRoundedCornerFrame=false}, InsetsSource: {mType=ITYPE_TOP_DISPLAY_CUTOUT, mFrame=[0,0][1080,88], mVisible=true, mInsetsRoundedCornerFrame=false}, InsetsSource: {mType=ITYPE_RIGHT_DISPLAY_CUTOUT, mFrame=[100000,0][1080,2400], mVisible=true, mInsetsRoundedCornerFrame=false}, InsetsSource: {mType=ITYPE_BOTTOM_DISPLAY_CUTOUT, mFrame=[0,100000][1080,2400], mVisible=true, mInsetsRoundedCornerFrame=false}, InsetsSource: {mType=ITYPE_TOP_TAPPABLE_ELEMENT, mFrame=[0,0][1080,88], mVisible=true, mInsetsRoundedCornerFrame=false}, InsetsSource: {mType=ITYPE_BOTTOM_TAPPABLE_ELEMENT, mFrame=[0,0][0,0], mVisible=true, mInsetsRoundedCornerFrame=false}, InsetsSource: {mType=ITYPE_IME, mFrame=[0,0][0,0], mVisible=false, mInsetsRoundedCornerFrame=false} } host=com.lagradost.cloudstream3/com.lagradost.cloudstream3.MainActivity from=android.view.ViewRootImpl.setView:1732
10-04 23:27:07.894  3949  3949 I ViewRootImpl@f18a5e5[MainActivity]: setView = com.android.internal.policy.DecorView@40df3f1 TM=true
10-04 23:27:08.053  3949  3949 I ViewRootImpl@f18a5e5[MainActivity]: performTraversals params={(0,0)(fillxfill) gr=CENTER sim={adjust=resize forwardNavigation} ty=APPLICATION fmt=TRANSPARENT wanim=0x7f14000b
10-04 23:27:08.053  3949  3949 I ViewRootImpl@f18a5e5[MainActivity]:   fl=85810100
10-04 23:27:08.053  3949  3949 I ViewRootImpl@f18a5e5[MainActivity]:   pfl=12020040
10-04 23:27:08.053  3949  3949 I ViewRootImpl@f18a5e5[MainActivity]:   vsysui=500
10-04 23:27:08.053  3949  3949 I ViewRootImpl@f18a5e5[MainActivity]:   bhv=DEFAULT
10-04 23:27:08.053  3949  3949 I ViewRootImpl@f18a5e5[MainActivity]:   fitSides= naviIconColor=0}
10-04 23:27:08.053  3949  3949 I ViewRootImpl@f18a5e5[MainActivity]: performTraversals mFirst=true windowShouldResize=true viewVisibilityChanged=false mForceNextWindowRelayout=false params={(0,0)(fillxfill) gr=CENTER sim={adjust=resize forwardNavigation} ty=APPLICATION fmt=TRANSPARENT wanim=0x7f14000b
10-04 23:27:08.053  3949  3949 I ViewRootImpl@f18a5e5[MainActivity]:   fl=85810100
10-04 23:27:08.053  3949  3949 I ViewRootImpl@f18a5e5[MainActivity]:   pfl=12020040
10-04 23:27:08.053  3949  3949 I ViewRootImpl@f18a5e5[MainActivity]:   vsysui=500
10-04 23:27:08.053  3949  3949 I ViewRootImpl@f18a5e5[MainActivity]:   bhv=DEFAULT
10-04 23:27:08.053  3949  3949 I ViewRootImpl@f18a5e5[MainActivity]:   fitSides= naviIconColor=0}
10-04 23:27:08.069  3949  3949 I ViewRootImpl@f18a5e5[MainActivity]: updateBlastSurfaceIfNeeded mBlastBufferQueue=null isSameSurfaceControl=false
10-04 23:27:08.070  3949  3949 I BLASTBufferQueue: new BLASTBufferQueue, mName= ViewRootImpl@f18a5e5[MainActivity] mNativeObject= 0x7b5cc97600 sc.mNativeObject= 0x7b0839b7c0 caller= android.view.ViewRootImpl.updateBlastSurfaceIfNeeded:2909 android.view.ViewRootImpl.relayoutWindow:9847 android.view.ViewRootImpl.performTraversals:3884 android.view.ViewRootImpl.doTraversal:3116 android.view.ViewRootImpl$TraversalRunnable.run:10885 android.view.Choreographer$CallbackRecord.run:1301 android.view.Choreographer$CallbackRecord.run:1309 android.view.Choreographer.doCallbacks:923 android.view.Choreographer.doFrame:852 android.view.Choreographer$FrameDisplayEventReceiver.run:1283 
10-04 23:27:08.070  3949  3949 I BLASTBufferQueue: update, w= 1080 h= 2400 mName = ViewRootImpl@f18a5e5[MainActivity] mNativeObject= 0x7b5cc97600 sc.mNativeObject= 0x7b0839b7c0 format= -2 caller= android.graphics.BLASTBufferQueue.<init>:84 android.view.ViewRootImpl.updateBlastSurfaceIfNeeded:2909 android.view.ViewRootImpl.relayoutWindow:9847 android.view.ViewRootImpl.performTraversals:3884 android.view.ViewRootImpl.doTraversal:3116 android.view.ViewRootImpl$TraversalRunnable.run:10885 
10-04 23:27:08.070  3949  3949 I ViewRootImpl@f18a5e5[MainActivity]: Relayout returned: old=(0,0,1080,2400) new=(0,0,1080,2400) req=(1080,2400)0 dur=16 res=0x3 s={true 0x7b3dab5800} ch=true seqId=0
10-04 23:27:08.072  3949  3949 I ViewRootImpl@f18a5e5[MainActivity]: mThreadedRenderer.initialize() mSurface={isValid=true 0x7b3dab5800} hwInitialized=true
10-04 23:27:08.072  3949  3972 D OpenGLRenderer: eglCreateWindowSurface
10-04 23:27:08.076  3949  3949 I ViewRootImpl@f18a5e5[MainActivity]: reportNextDraw android.view.ViewRootImpl.performTraversals:4438 android.view.ViewRootImpl.doTraversal:3116 android.view.ViewRootImpl$TraversalRunnable.run:10885 android.view.Choreographer$CallbackRecord.run:1301 android.view.Choreographer$CallbackRecord.run:1309 
10-04 23:27:08.083  3949  3949 I ViewRootImpl@f18a5e5[MainActivity]: Setup new sync id=0
10-04 23:27:08.083  3949  3949 I ViewRootImpl@f18a5e5[MainActivity]: Setting syncFrameCallback
10-04 23:27:08.083  3949  3949 I ViewRootImpl@f18a5e5[MainActivity]: registerCallbacksForSync syncBuffer=false
10-04 23:27:08.092  3949  4047 I ViewRootImpl@f18a5e5[MainActivity]: Received frameDrawingCallback syncResult=0 frameNum=1.
10-04 23:27:08.092  3949  4047 I ViewRootImpl@f18a5e5[MainActivity]: Setting up sync and frameCommitCallback
10-04 23:27:08.098  3949  3972 I BLASTBufferQueue: [ViewRootImpl@f18a5e5[MainActivity]#7](f:0,a:0) onFrameAvailable the first frame is available
10-04 23:27:08.099  3949  3972 I ViewRootImpl@f18a5e5[MainActivity]: Received frameCommittedCallback lastAttemptedDrawFrameNum=1 didProduceBuffer=true
10-04 23:27:08.099  3949  3972 D OpenGLRenderer: CFMS:: SetUp Pid : 3949    Tid : 3972
10-04 23:27:08.103  3949  3949 I ViewRootImpl@f18a5e5[MainActivity]: onSyncComplete
10-04 23:27:08.103  3949  3949 I ViewRootImpl@f18a5e5[MainActivity]: setupSync seqId=0 mSyncId=0 fn=1 caller=android.view.ViewRootImpl$$ExternalSyntheticLambda11.accept:6 android.window.SurfaceSyncer.lambda$setupSync$1$android-window-SurfaceSyncer:128 android.window.SurfaceSyncer$$ExternalSyntheticLambda1.accept:8 android.window.SurfaceSyncer$SyncSet.checkIfSyncIsComplete:382 android.window.SurfaceSyncer$SyncSet.markSyncReady:359 android.window.SurfaceSyncer.markSyncReady:151 android.view.ViewRootImpl.performTraversals:4503 
10-04 23:27:08.103  3949  3949 I ViewRootImpl@f18a5e5[MainActivity]: reportDrawFinished seqId=0 mSyncId=-1 fn=1 mSurfaceChangedTransaction=0x7afc8e8f00
10-04 23:27:08.118  3949  3949 I ViewRootImpl@383d106[MainActivity]: MSG_WINDOW_FOCUS_CHANGED 0 0
10-04 23:27:08.159  3949  3949 I ViewRootImpl@f18a5e5[MainActivity]: MSG_WINDOW_FOCUS_CHANGED 1 0
10-04 23:27:08.160  3949  3949 I ViewRootImpl@f18a5e5[MainActivity]: mThreadedRenderer.initializeIfNeeded()#2 mSurface={isValid=true 0x7b3dab5800}
10-04 23:27:08.163  3949  3949 D InputMethodManager: startInputInner - Id : 0
10-04 23:27:08.163  3949  3949 I InputMethodManager: startInputInner - mService.startInputOrWindowGainedFocus
10-04 23:27:08.333  3949  3960 I st.cloudstream3: Background concurrent copying GC freed 11MB AllocSpace bytes, 31(3916KB) LOS objects, 47% free, 26MB/50MB, paused 561us,264us total 196.793ms
10-04 23:27:08.339  3949  3961 D InputTransport: Input channel destroyed: 'ClientS', fd=113
10-04 23:27:08.339  3949  3961 D InputTransport: Input channel destroyed: 'ClientS', fd=155
10-04 23:27:08.339  3949  3972 D OpenGLRenderer: setSurface called with nullptr
10-04 23:27:08.341  3949  3961 D InputTransport: Input channel destroyed: 'ClientS', fd=188
10-04 23:27:08.341  3949  3972 D OpenGLRenderer: setSurface called with nullptr
10-04 23:27:08.342  3949  3961 D InputTransport: Input channel destroyed: 'ClientS', fd=170
10-04 23:27:08.343  3949  3972 D OpenGLRenderer: setSurface called with nullptr
10-04 23:27:08.808  3949  3949 I ViewRootImpl@f18a5e5[MainActivity]: ViewPostIme pointer 0
10-04 23:27:08.898  3949  3949 I ViewRootImpl@f18a5e5[MainActivity]: ViewPostIme pointer 1
10-04 23:27:09.764  3949  3949 I ViewRootImpl@f18a5e5[MainActivity]: ViewPostIme pointer 0
10-04 23:27:09.822  3949  3949 I ViewRootImpl@f18a5e5[MainActivity]: ViewPostIme pointer 1
10-04 23:27:09.839  3949  3949 I NavComponent: Navigating to fragment: 2131362274
10-04 23:27:09.845  3949  3949 I IMM_LC  : hsifw() - flag : 0
10-04 23:27:09.845  3949  3949 I IMM_LC  : hsifw() ignore mServedView == null or mServedView.getWindowToken() != windowToken, mServedView :DecorView@40df3f1[MainActivity]
10-04 23:27:09.848  3949  3949 I MSHandlerLifeCycle: check: return. pkg=com.lagradost.cloudstream3 isActivity=false callers=com.android.internal.policy.DecorView.setVisibility:4412 android.app.Dialog.hide:767 com.lagradost.cloudstream3.utils.AppContextUtils.ownHide:123 com.lagradost.cloudstream3.ui.home.HomeFragment$Companion.loadHomepageList$lambda$3:185 com.lagradost.cloudstream3.ui.home.HomeFragment$Companion.$r8$lambda$MoQSIPnUiyzkK5n4sMwjTMvpPNA:0 
10-04 23:27:09.848  3949  3949 I MSHandlerLifeCycle: removeMultiSplitHandler: no exist. decor=DecorView@40df3f1[MainActivity]
10-04 23:27:09.876  3949  3949 D ScrollView: initGoToTop
10-04 23:27:10.134  3949  3949 I SurfaceView@95f31e0: onWindowVisibilityChanged(0) true android.view.SurfaceView{95f31e0 V.E...... ......I. 0,0-0,0} of ViewRootImpl@383d106[MainActivity]
10-04 23:27:10.134  3949  3949 D SurfaceView@95f31e0: updateSurface: has no frame
10-04 23:27:10.139  3949  3949 I CS3ExoPlayer: SET STYLE = SaveCaptionStyle(foregroundColor=-1, backgroundColor=0, windowColor=0, edgeType=1, edgeColor=-16777216, typeface=null, typefaceFilePath=null, elevation=20, fixedTextSize=null, edgeSize=null, removeCaptions=false, removeBloat=true, upperCase=false, bold=false, italic=false, backgroundRadius=null)
10-04 23:27:10.147  3949  3949 I IMM_LC  : hsifw() - flag : 0
10-04 23:27:10.148  3949  3949 I IMM_LC  : hsifw() ignore mServedView == null or mServedView.getWindowToken() != windowToken, mServedView :DecorView@40df3f1[MainActivity]
10-04 23:27:10.148  3949  4006 I SYNCVM  : addFromUrl = https://wecima.now/watch/%d9%85%d8%b4%d8%a7%d9%87%d8%af%d8%a9-%d9%85%d8%b3%d9%84%d8%b3%d9%84-the-19th-medical-chart-%d9%85%d9%88%d8%b3%d9%85-1-%d8%ad%d9%84%d9%82%d8%a9-7/
10-04 23:27:10.148  3949  4006 I SYNCUTIL: getIdsFromUrl https://wecima.now/watch/%d9%85%d8%b4%d8%a7%d9%87%d8%af%d8%a9-%d9%85%d8%b3%d9%84%d8%b3%d9%84-the-19th-medical-chart-%d9%85%d9%88%d8%b3%d9%85-1-%d8%ad%d9%84%d9%82%d8%a9-7/
10-04 23:27:10.163  3949  3949 I SurfaceView@95f31e0: onWindowVisibilityChanged(8) false android.view.SurfaceView{95f31e0 V.E...... ......I. 0,0-0,0} of ViewRootImpl@383d106[MainActivity]
10-04 23:27:10.163  3949  3949 D SurfaceView@95f31e0: updateSurface: has no frame
10-04 23:27:10.163  3949  3949 D SurfaceView@95f31e0: updateSurface: has no frame
10-04 23:27:10.163  3949  3949 I SurfaceView@95f31e0: onDetachedFromWindow: tryReleaseSurfaces()
10-04 23:27:10.164  3949  3949 I SurfaceView@95f31e0: releaseSurfaces: viewRoot = ViewRootImpl@383d106[MainActivity]
10-04 23:27:10.164  3949  3949 I SurfaceView@95f31e0: applyTransactionOnVriDraw: vri = ViewRootImpl@383d106[MainActivity] fRS = true t = 0x7b3ba4e400 android.view.SurfaceView.releaseSurfaces:858 android.view.SurfaceView.onDetachedFromWindow:500 android.view.View.dispatchDetachedFromWindow:22538 
10-04 23:27:10.164  3949  3949 I SurfaceView@95f31e0: applyTransactionOnVriDraw: viewRoot.applyTransactionOnDrawFromReleaseSurfaces
10-04 23:27:10.164  3949  3949 I ViewRootImpl@383d106[MainActivity]: applyTransactionOnDraw: mRemoved = false isHardwareEnabled = true t = 0x7b3ba4e400android.view.ViewRootImpl.applyTransactionOnDrawFromReleaseSurfaces:12850 android.view.SurfaceView.applyTransactionOnVriDraw:2046 android.view.SurfaceView.releaseSurfaces:858 android.view.SurfaceView.onDetachedFromWindow:500 android.view.View.dispatchDetachedFromWindow:22538 
10-04 23:27:10.165  3949  3949 I SurfaceView@95f31e0: onWindowVisibilityChanged(0) true android.view.SurfaceView{95f31e0 V.E...... ......I. 0,0-0,0} of ViewRootImpl@383d106[MainActivity]
10-04 23:27:10.165  3949  3949 D SurfaceView@95f31e0: updateSurface: has no frame
10-04 23:27:10.168  3949  3949 I DecorView: notifyKeepScreenOnChanged: keepScreenOn=false
10-04 23:27:10.177  3949  3949 I CS3ExoPlayer: reloadPlayer
10-04 23:27:10.177  3949  3949 I CS3ExoPlayer: releasePlayer
10-04 23:27:10.177  3949  3949 I CS3ExoPlayer: Handle event: PlayerAttachedEvent(player=null, source=Player)
10-04 23:27:10.183  3949  3949 I ViewRootImpl@383d106[MainActivity]: performTraversals params={(0,0)(fillxfill) sim={state=always_hidden adjust=resize} ty=BASE_APPLICATION wanim=0x1030309
10-04 23:27:10.183  3949  3949 I ViewRootImpl@383d106[MainActivity]:   fl=85810100
10-04 23:27:10.183  3949  3949 I ViewRootImpl@383d106[MainActivity]:   pfl=12020040
10-04 23:27:10.183  3949  3949 I ViewRootImpl@383d106[MainActivity]:   vsysui=500
10-04 23:27:10.183  3949  3949 I ViewRootImpl@383d106[MainActivity]:   bhv=DEFAULT
10-04 23:27:10.183  3949  3949 I ViewRootImpl@383d106[MainActivity]:   fitSides= naviIconColor=0}
10-04 23:27:10.183  3949  3949 I ViewRootImpl@383d106[MainActivity]: performTraversals mFirst=false windowShouldResize=false viewVisibilityChanged=false mForceNextWindowRelayout=false params={(0,0)(fillxfill) sim={state=always_hidden adjust=resize} ty=BASE_APPLICATION fmt=TRANSLUCENT wanim=0x1030309
10-04 23:27:10.183  3949  3949 I ViewRootImpl@383d106[MainActivity]:   fl=85810100
10-04 23:27:10.183  3949  3949 I ViewRootImpl@383d106[MainActivity]:   pfl=12020040
10-04 23:27:10.183  3949  3949 I ViewRootImpl@383d106[MainActivity]:   vsysui=500
10-04 23:27:10.183  3949  3949 I ViewRootImpl@383d106[MainActivity]:   bhv=DEFAULT
10-04 23:27:10.183  3949  3949 I ViewRootImpl@383d106[MainActivity]:   fitSides= naviIconColor=0}
10-04 23:27:10.187  3949  3949 I ViewRootImpl@383d106[MainActivity]: updateBlastSurfaceIfNeeded mBlastBufferQueue=0x7b3d7d5d00 isSameSurfaceControl=true
10-04 23:27:10.188  3949  3949 I BLASTBufferQueue: update, w= 1080 h= 2400 mName = ViewRootImpl@383d106[MainActivity] mNativeObject= 0x7b3d7d5d00 sc.mNativeObject= 0x7b087961c0 format= -3 caller= android.view.ViewRootImpl.updateBlastSurfaceIfNeeded:2898 android.view.ViewRootImpl.relayoutWindow:9847 android.view.ViewRootImpl.performTraversals:3884 android.view.ViewRootImpl.doTraversal:3116 android.view.ViewRootImpl$TraversalRunnable.run:10885 android.view.Choreographer$CallbackRecord.run:1301 
10-04 23:27:10.188  3949  3949 I ViewRootImpl@383d106[MainActivity]: Relayout returned: old=(0,0,1080,2400) new=(0,0,1080,2400) req=(1080,2400)0 dur=4 res=0x0 s={true 0x7b78f94800} ch=false seqId=0
10-04 23:27:10.188  3949  3949 I ViewRootImpl@383d106[MainActivity]: updateBoundsLayer: t = android.view.SurfaceControl$Transaction@50d67 sc = Surface(name=Bounds for - com.lagradost.cloudstream3/com.lagradost.cloudstream3.MainActivity@0)/@0xe64714 frame = 641
10-04 23:27:10.188  3949  3949 I ViewRootImpl@383d106[MainActivity]: mWNT: t=0x7b5cedb100 mBlastBufferQueue=0x7b3d7d5d00 fn= 641 caller= android.view.ViewRootImpl.prepareSurfaces:2985 android.view.ViewRootImpl.performTraversals:4233 android.view.ViewRootImpl.doTraversal:3116 
10-04 23:27:10.189  3949  3949 W View    : requestLayout() improperly called by android.widget.FrameLayout{a658201 I.E...... ......I. 0,0-0,0 #7f0a04e7 app:id/start_panel} during layout: running second layout pass
10-04 23:27:10.189  3949  3949 W View    : requestLayout() improperly called by android.widget.FrameLayout{89ad8a6 I.E...... ......ID 1080,0-1080,2143 #7f0a0168 app:id/end_panel} during layout: running second layout pass
10-04 23:27:10.191  3949  3949 D SurfaceView@95f31e0: updateSurface: has no frame
10-04 23:27:10.195  3949  4046 I ViewRootImpl@383d106[MainActivity]: mWNT: t=0x7b3ba4e400 mBlastBufferQueue=0x7b3d7d5d00 fn= 641 caller= android.view.ViewRootImpl.lambda$applyTransactionOnDraw$11$android-view-ViewRootImpl:12865 android.view.ViewRootImpl$$ExternalSyntheticLambda1.onFrameDraw:4 android.graphics.HardwareRenderer$FrameDrawingCallback.onFrameDraw:924 
10-04 23:27:10.202  3949  3972 D OpenGLRenderer: setSurface called with nullptr
10-04 23:27:10.202  3949  3972 D OpenGLRenderer: setSurface() destroyed EGLSurface
10-04 23:27:10.202  3949  3972 D OpenGLRenderer: destroyEglSurface
10-04 23:27:10.204  3949  3949 I ViewRootImpl@f18a5e5[MainActivity]: performTraversals mFirst=false windowShouldResize=false viewVisibilityChanged=true mForceNextWindowRelayout=false params={(0,0)(fillxfill) gr=CENTER sim={adjust=pan} ty=APPLICATION fmt=TRANSPARENT wanim=0x7f14000b
10-04 23:27:10.204  3949  3949 I ViewRootImpl@f18a5e5[MainActivity]:   fl=85810100
10-04 23:27:10.204  3949  3949 I ViewRootImpl@f18a5e5[MainActivity]:   pfl=12020040
10-04 23:27:10.204  3949  3949 I ViewRootImpl@f18a5e5[MainActivity]:   vsysui=500
10-04 23:27:10.204  3949  3949 I ViewRootImpl@f18a5e5[MainActivity]:   bhv=DEFAULT
10-04 23:27:10.204  3949  3949 I ViewRootImpl@f18a5e5[MainActivity]:   fitSides= naviIconColor=0}
10-04 23:27:10.214  3949  3949 D InsetsController: onStateChanged: InsetsState: {mDisplayFrame=Rect(0, 0 - 1080, 2400), mDisplayCutout=DisplayCutout{insets=Rect(0, 88 - 0, 0) waterfall=Insets{left=0, top=0, right=0, bottom=0} boundingRect={Bounds=[Rect(0, 0 - 0, 0), Rect(512, 0 - 568, 88), Rect(0, 0 - 0, 0), Rect(0, 0 - 0, 0)]} cutoutPathParserInfo={CutoutPathParserInfo{displayWidth=1080 displayHeight=2400 physicalDisplayWidth=1080 physicalDisplayHeight=2400 density={2.625} cutoutSpec={M 0,0 M 0,12.25101276465640 a 10.60613009248640,10.60613009248640 0 1,0 0,21.21226018497290 a 10.60613009248640,10.60613009248640 0 1,0 0,-21.21226018497290 Z @dp} rotation={0} scale={1.0} physicalPixelDisplaySizeRatio={1.0}}}}, mRoundedCorners=RoundedCorners{[RoundedCorner{position=TopLeft, radius=84, center=Point(84, 84)}, RoundedCorner{position=TopRight, radius=84, center=Point(996, 84)}, RoundedCorner{position=BottomRight, radius=84, center=Point(996, 2316)}, RoundedCorner{position=BottomLeft, radius=84, center=Point(84, 2316)}]}  mRoundedCornerFrame=Rect(0, 0 - 1080, 2400), mPrivacyIndicatorBounds=PrivacyIndicatorBounds {static bounds=Rect(964, 0 - 1080, 87) rotation=0}, mSources= { InsetsSource: {mType=ITYPE_STATUS_BAR, mFrame=[0,0][1080,88], mVisible=true, mInsetsRoundedCornerFrame=false}, InsetsSource: {mType=ITYPE_NAVIGATION_BAR, mFrame=[0,2361][1080,2400], mVisible=true, mInsetsRoundedCornerFrame=false}, InsetsSource: {mType=ITYPE_LEFT_GESTURES, mFrame=[0,0][130,2400], mVisible=true, mInsetsRoundedCornerFrame=false}, InsetsSource: {mType=ITYPE_RIGHT_GESTURES, mFrame=[950,0][1080,2400], mVisible=true, mInsetsRoundedCornerFrame=false}, InsetsSource: {mType=ITYPE_TOP_MANDATORY_GESTURES, mFrame=[0,0][1080,120], mVisible=true, mInsetsRoundedCornerFrame=false}, InsetsSource: {mType=ITYPE_BOTTOM_MANDATORY_GESTURES, mFrame=[0,2316][1080,2400], mVisible=true, mInsetsRoundedCornerFrame=false}, InsetsSource: {mType=ITYPE_LEFT_DISPLAY_CUTOUT, mFrame=[0,0][-100000,2400], mVisible=true, mInsetsRoundedCornerFrame=false}, InsetsSource: {mType=ITYPE_TOP_DISPLAY_CUTOUT, mFrame=[0,0][1080,88], mVisible=true, mInsetsRoundedCornerFrame=false}, InsetsSource: {mType=ITYPE_RIGHT_DISPLAY_CUTOUT, mFrame=[100000,0][1080,2400], mVisible=true, mInsetsRoundedCornerFrame=false}, InsetsSource: {mType=ITYPE_BOTTOM_DISPLAY_CUTOUT, mFrame=[0,100000][1080,2400], mVisible=true, mInsetsRoundedCornerFrame=false}, InsetsSource: {mType=ITYPE_TOP_TAPPABLE_ELEMENT, mFrame=[0,0][1080,88], mVisible=true, mInsetsRoundedCornerFrame=false}, InsetsSource: {mType=ITYPE_BOTTOM_TAPPABLE_ELEMENT, mFrame=[0,0][0,0], mVisible=true, mInsetsRoundedCornerFrame=false} } host=com.lagradost.cloudstream3/com.lagradost.cloudstream3.MainActivity from=android.view.ViewRootImpl.relayoutWindow:9802
10-04 23:27:10.216  3949  3949 I ViewRootImpl@f18a5e5[MainActivity]: Relayout returned: old=(0,0,1080,2400) new=(0,0,1080,2400) req=(1080,2400)8 dur=11 res=0x2 s={false 0x0} ch=true seqId=0
10-04 23:27:10.219  3949  3949 D SurfaceView@95f31e0: updateSurface: has no frame
10-04 23:27:10.221  3949  3949 D SurfaceView@95f31e0: updateSurface: has no frame
10-04 23:27:10.237  3949  3949 D SurfaceView@95f31e0: updateSurface: has no frame
10-04 23:27:10.254  3949  3949 D SurfaceView@95f31e0: updateSurface: has no frame
10-04 23:27:10.255  3949  3949 I ViewRootImpl@f18a5e5[MainActivity]: MSG_WINDOW_FOCUS_CHANGED 0 0
10-04 23:27:10.256  3949  3949 I ViewRootImpl@383d106[MainActivity]: MSG_WINDOW_FOCUS_CHANGED 1 0
10-04 23:27:10.257  3949  3949 I ViewRootImpl@383d106[MainActivity]: mThreadedRenderer.initializeIfNeeded()#2 mSurface={isValid=true 0x7b78f94800}
10-04 23:27:10.261  3949  3949 D InputMethodManager: startInputInner - Id : 0
10-04 23:27:10.261  3949  3949 I InputMethodManager: startInputInner - mService.startInputOrWindowGainedFocus
10-04 23:27:10.271  3949  3949 D SurfaceView@95f31e0: updateSurface: has no frame
10-04 23:27:10.288  3949  3949 D SurfaceView@95f31e0: updateSurface: has no frame
10-04 23:27:10.304  3949  3949 D SurfaceView@95f31e0: updateSurface: has no frame
10-04 23:27:10.321  3949  3949 D SurfaceView@95f31e0: updateSurface: has no frame
10-04 23:27:10.330  3949  3949 I MSHandlerLifeCycle: check: return. pkg=com.lagradost.cloudstream3 isActivity=false callers=com.android.internal.policy.DecorView.setVisibility:4412 android.app.Dialog.hide:767 com.lagradost.cloudstream3.utils.AppContextUtils.ownHide:123 com.lagradost.cloudstream3.ui.home.HomeFragment.onDestroyView:459 androidx.fragment.app.Fragment.performDestroyView:3357 
10-04 23:27:10.330  3949  3949 I MSHandlerLifeCycle: removeMultiSplitHandler: no exist. decor=DecorView@40df3f1[MainActivity]
10-04 23:27:10.338  3949  3949 D SurfaceView@95f31e0: updateSurface: has no frame
10-04 23:27:10.354  3949  3949 D SurfaceView@95f31e0: updateSurface: has no frame
10-04 23:27:10.371  3949  3949 D SurfaceView@95f31e0: updateSurface: has no frame
10-04 23:27:10.388  3949  3949 D SurfaceView@95f31e0: updateSurface: has no frame
10-04 23:27:10.404  3949  3949 D SurfaceView@95f31e0: updateSurface: has no frame
10-04 23:27:10.421  3949  3949 D SurfaceView@95f31e0: updateSurface: has no frame
10-04 23:27:10.438  3949  3949 D SurfaceView@95f31e0: updateSurface: has no frame
10-04 23:27:10.454  3949  3949 D SurfaceView@95f31e0: updateSurface: has no frame
10-04 23:27:10.471  3949  3949 D SurfaceView@95f31e0: updateSurface: has no frame
10-04 23:27:10.487  3949  3949 D SurfaceView@95f31e0: updateSurface: has no frame
10-04 23:27:10.504  3949  3949 D SurfaceView@95f31e0: updateSurface: has no frame
10-04 23:27:10.521  3949  3949 D SurfaceView@95f31e0: updateSurface: has no frame
10-04 23:27:10.537  3949  3949 D SurfaceView@95f31e0: updateSurface: has no frame
10-04 23:27:10.554  3949  3949 D SurfaceView@95f31e0: updateSurface: has no frame
10-04 23:27:10.571  3949  3949 D SurfaceView@95f31e0: updateSurface: has no frame
10-04 23:27:10.587  3949  3949 D SurfaceView@95f31e0: updateSurface: has no frame
10-04 23:27:10.604  3949  3949 D SurfaceView@95f31e0: updateSurface: has no frame
10-04 23:27:10.621  3949  3949 D SurfaceView@95f31e0: updateSurface: has no frame
10-04 23:27:10.638  3949  3949 D SurfaceView@95f31e0: updateSurface: has no frame
10-04 23:27:10.654  3949  3949 D SurfaceView@95f31e0: updateSurface: has no frame
10-04 23:27:10.671  3949  3949 D SurfaceView@95f31e0: updateSurface: has no frame
10-04 23:27:10.688  3949  3949 D SurfaceView@95f31e0: updateSurface: has no frame
10-04 23:27:10.704  3949  3949 D SurfaceView@95f31e0: updateSurface: has no frame
10-04 23:27:10.721  3949  3949 D SurfaceView@95f31e0: updateSurface: has no frame
10-04 23:27:10.737  3949  3949 D SurfaceView@95f31e0: updateSurface: has no frame
10-04 23:27:10.754  3949  3949 D SurfaceView@95f31e0: updateSurface: has no frame
10-04 23:27:10.771  3949  3949 D SurfaceView@95f31e0: updateSurface: has no frame
10-04 23:27:10.788  3949  3949 D SurfaceView@95f31e0: updateSurface: has no frame
10-04 23:27:10.804  3949  3949 D SurfaceView@95f31e0: updateSurface: has no frame
10-04 23:27:10.821  3949  3949 D SurfaceView@95f31e0: updateSurface: has no frame
10-04 23:27:10.838  3949  3949 D SurfaceView@95f31e0: updateSurface: has no frame
10-04 23:27:10.855  3949  3949 D SurfaceView@95f31e0: updateSurface: has no frame
10-04 23:27:10.871  3949  3949 D SurfaceView@95f31e0: updateSurface: has no frame
10-04 23:27:10.887  3949  3949 D SurfaceView@95f31e0: updateSurface: has no frame
10-04 23:27:10.904  3949  3949 D SurfaceView@95f31e0: updateSurface: has no frame
10-04 23:27:10.921  3949  3949 D SurfaceView@95f31e0: updateSurface: has no frame
10-04 23:27:10.938  3949  3949 D SurfaceView@95f31e0: updateSurface: has no frame
10-04 23:27:10.954  3949  3949 D SurfaceView@95f31e0: updateSurface: has no frame
10-04 23:27:10.971  3949  3949 D SurfaceView@95f31e0: updateSurface: has no frame
10-04 23:27:10.988  3949  3949 D SurfaceView@95f31e0: updateSurface: has no frame
10-04 23:27:11.004  3949  3949 D SurfaceView@95f31e0: updateSurface: has no frame
10-04 23:27:11.021  3949  3949 D SurfaceView@95f31e0: updateSurface: has no frame
10-04 23:27:11.038  3949  3949 D SurfaceView@95f31e0: updateSurface: has no frame
10-04 23:27:11.054  3949  3949 D SurfaceView@95f31e0: updateSurface: has no frame
10-04 23:27:11.071  3949  3949 D SurfaceView@95f31e0: updateSurface: has no frame
10-04 23:27:11.087  3949  3949 D SurfaceView@95f31e0: updateSurface: has no frame
10-04 23:27:11.104  3949  3949 D SurfaceView@95f31e0: updateSurface: has no frame
10-04 23:27:11.120  3949  3949 D SurfaceView@95f31e0: updateSurface: has no frame
10-04 23:27:11.137  3949  3949 D SurfaceView@95f31e0: updateSurface: has no frame
10-04 23:27:11.154  3949  3949 D SurfaceView@95f31e0: updateSurface: has no frame
10-04 23:27:11.171  3949  3949 D SurfaceView@95f31e0: updateSurface: has no frame
10-04 23:27:11.187  3949  3949 D SurfaceView@95f31e0: updateSurface: has no frame
10-04 23:27:11.204  3949  3949 D SurfaceView@95f31e0: updateSurface: has no frame
10-04 23:27:11.221  3949  3949 D SurfaceView@95f31e0: updateSurface: has no frame
10-04 23:27:11.237  3949  3949 D SurfaceView@95f31e0: updateSurface: has no frame
10-04 23:27:11.254  3949  3949 D SurfaceView@95f31e0: updateSurface: has no frame
10-04 23:27:11.270  3949  3949 D SurfaceView@95f31e0: updateSurface: has no frame
10-04 23:27:11.287  3949  3949 D SurfaceView@95f31e0: updateSurface: has no frame
10-04 23:27:11.304  3949  3949 D SurfaceView@95f31e0: updateSurface: has no frame
10-04 23:27:11.321  3949  3949 D SurfaceView@95f31e0: updateSurface: has no frame
10-04 23:27:11.337  3949  3949 D SurfaceView@95f31e0: updateSurface: has no frame
10-04 23:27:11.354  3949  3949 D SurfaceView@95f31e0: updateSurface: has no frame
10-04 23:27:11.371  3949  3949 D SurfaceView@95f31e0: updateSurface: has no frame
10-04 23:27:11.387  3949  3949 D SurfaceView@95f31e0: updateSurface: has no frame
10-04 23:27:11.404  3949  3949 D SurfaceView@95f31e0: updateSurface: has no frame
10-04 23:27:11.421  3949  3949 D SurfaceView@95f31e0: updateSurface: has no frame
10-04 23:27:11.437  3949  3949 D SurfaceView@95f31e0: updateSurface: has no frame
10-04 23:27:11.454  3949  3949 D SurfaceView@95f31e0: updateSurface: has no frame
10-04 23:27:11.471  3949  3949 D SurfaceView@95f31e0: updateSurface: has no frame
10-04 23:27:11.487  3949  3949 D SurfaceView@95f31e0: updateSurface: has no frame
10-04 23:27:11.504  3949  3949 D SurfaceView@95f31e0: updateSurface: has no frame
10-04 23:27:11.521  3949  3949 D SurfaceView@95f31e0: updateSurface: has no frame
10-04 23:27:11.537  3949  3949 D SurfaceView@95f31e0: updateSurface: has no frame
10-04 23:27:11.554  3949  3949 D SurfaceView@95f31e0: updateSurface: has no frame
10-04 23:27:11.570  3949  3949 D SurfaceView@95f31e0: updateSurface: has no frame
10-04 23:27:11.587  3949  3949 D SurfaceView@95f31e0: updateSurface: has no frame
10-04 23:27:11.604  3949  3949 D SurfaceView@95f31e0: updateSurface: has no frame
10-04 23:27:11.621  3949  3949 D SurfaceView@95f31e0: updateSurface: has no frame
10-04 23:27:11.637  3949  3949 D SurfaceView@95f31e0: updateSurface: has no frame
10-04 23:27:11.654  3949  3949 D SurfaceView@95f31e0: updateSurface: has no frame
10-04 23:27:11.671  3949  3949 D SurfaceView@95f31e0: updateSurface: has no frame
10-04 23:27:11.687  3949  3949 D SurfaceView@95f31e0: updateSurface: has no frame
10-04 23:27:11.704  3949  3949 D SurfaceView@95f31e0: updateSurface: has no frame
10-04 23:27:11.721  3949  3949 D SurfaceView@95f31e0: updateSurface: has no frame
10-04 23:27:11.738  3949  3949 D SurfaceView@95f31e0: updateSurface: has no frame
10-04 23:27:11.754  3949  3949 D SurfaceView@95f31e0: updateSurface: has no frame
10-04 23:27:11.770  3949  3949 D SurfaceView@95f31e0: updateSurface: has no frame
10-04 23:27:11.787  3949  3949 D SurfaceView@95f31e0: updateSurface: has no frame
10-04 23:27:11.804  3949  3949 D SurfaceView@95f31e0: updateSurface: has no frame
10-04 23:27:11.820  3949  3949 D SurfaceView@95f31e0: updateSurface: has no frame
10-04 23:27:11.834  3949  4001 I RVM2    : applyMeta
10-04 23:27:11.837  3949  3949 D SurfaceView@95f31e0: updateSurface: has no frame
10-04 23:27:11.844  3949  3949 W PanelsChildGestureRegionObserver: failed to register view with ID 2131362800. already registered
10-04 23:27:11.847  3949  3949 E CoilImgLoader: Error loading image: coil3.request.NullRequestDataException: The request's data is null.
10-04 23:27:11.852  3949  3949 E CoilImgLoader: Error loading image: coil3.request.NullRequestDataException: The request's data is null.
10-04 23:27:11.890  3949  4004 I SYNCVM  : addFromUrl = https://wecima.now/watch/%d9%85%d8%b4%d8%a7%d9%87%d8%af%d8%a9-%d9%85%d8%b3%d9%84%d8%b3%d9%84-the-19th-medical-chart-%d9%85%d9%88%d8%b3%d9%85-1-%d8%ad%d9%84%d9%82%d8%a9-7/
10-04 23:27:11.890  3949  4004 I SYNCUTIL: getIdsFromUrl https://wecima.now/watch/%d9%85%d8%b4%d8%a7%d9%87%d8%af%d8%a9-%d9%85%d8%b3%d9%84%d8%b3%d9%84-the-19th-medical-chart-%d9%85%d9%88%d8%b3%d9%85-1-%d8%ad%d9%84%d9%82%d8%a9-7/
10-04 23:27:11.903  3949  3949 I ViewRootImpl@383d106[MainActivity]: performTraversals mFirst=false windowShouldResize=false viewVisibilityChanged=false mForceNextWindowRelayout=false params={(0,0)(fillxfill) sim={state=always_hidden adjust=pan} ty=BASE_APPLICATION fmt=TRANSLUCENT wanim=0x1030309
10-04 23:27:11.903  3949  3949 I ViewRootImpl@383d106[MainActivity]:   fl=85810100
10-04 23:27:11.903  3949  3949 I ViewRootImpl@383d106[MainActivity]:   pfl=12020040
10-04 23:27:11.903  3949  3949 I ViewRootImpl@383d106[MainActivity]:   vsysui=500
10-04 23:27:11.903  3949  3949 I ViewRootImpl@383d106[MainActivity]:   bhv=DEFAULT
10-04 23:27:11.903  3949  3949 I ViewRootImpl@383d106[MainActivity]:   fitSides= naviIconColor=0}
10-04 23:27:11.911  3949  3949 I ViewRootImpl@383d106[MainActivity]: updateBlastSurfaceIfNeeded mBlastBufferQueue=0x7b3d7d5d00 isSameSurfaceControl=true
10-04 23:27:11.911  3949  3949 I BLASTBufferQueue: update, w= 1080 h= 2400 mName = ViewRootImpl@383d106[MainActivity] mNativeObject= 0x7b3d7d5d00 sc.mNativeObject= 0x7afc21ca20 format= -3 caller= android.view.ViewRootImpl.updateBlastSurfaceIfNeeded:2898 android.view.ViewRootImpl.relayoutWindow:9847 android.view.ViewRootImpl.performTraversals:3884 android.view.ViewRootImpl.doTraversal:3116 android.view.ViewRootImpl$TraversalRunnable.run:10885 android.view.Choreographer$CallbackRecord.run:1301 
10-04 23:27:11.911  3949  3949 I ViewRootImpl@383d106[MainActivity]: Relayout returned: old=(0,0,1080,2400) new=(0,0,1080,2400) req=(1080,2400)0 dur=8 res=0x0 s={true 0x7b78f94800} ch=false seqId=0
10-04 23:27:11.912  3949  3949 D SurfaceView@95f31e0: updateSurface: has no frame
10-04 23:27:11.913  3949  3949 I SurfaceView@95f31e0: Changes: creating=true format=true size=true visible=true alpha=false hint=false mUseAlpha=false visible=true left=true top=true
10-04 23:27:11.915  3949  3949 I BLASTBufferQueue: update, w= 1080 h= 525 mName = null mNativeObject= 0x7b5cc97600 sc.mNativeObject= 0x7afc21dd80 format= 4 caller= android.view.SurfaceView.createBlastSurfaceControls:1383 android.view.SurfaceView.updateSurface:1079 android.view.SurfaceView.lambda$new$0$android-view-SurfaceView:200 android.view.SurfaceView$$ExternalSyntheticLambda5.onPreDraw:2 android.view.ViewTreeObserver.dispatchOnPreDraw:1121 android.view.ViewRootImpl.performTraversals:4442 
10-04 23:27:11.915  3949  3949 I SurfaceView@95f31e0: 157233632 Cur surface: Surface(name=null)/@0x6fd5115
10-04 23:27:11.916  3949  3949 I SurfaceView@95f31e0: pST: sr = Rect(0, 218 - 1080, 743) sw = 1080 sh = 525
10-04 23:27:11.916  3949  3949 D SurfaceView@95f31e0: performSurfaceTransaction RenderWorker position = [0, 218, 1080, 743] surfaceSize = 1080x525
10-04 23:27:11.916  3949  3949 I SurfaceView@95f31e0: applyTransactionOnVriDraw: vri = ViewRootImpl@383d106[MainActivity] fRS = false t = 0x7b3bac4100 android.view.SurfaceView.performSurfaceTransaction:959 android.view.SurfaceView.updateSurface:1105 android.view.SurfaceView.lambda$new$0$android-view-SurfaceView:200 
