--------- beginning of main
10-04 18:27:08.260 11530 11530 D InputTransport: Input channel destroyed: 'd48b1f0', fd=164
10-04 18:27:08.292 11530 11530 I ViewRootImpl@d05f1f5[MainActivity]: MSG_WINDOW_FOCUS_CHANGED 1 0
10-04 18:27:08.293 11530 11530 I ViewRootImpl@d05f1f5[MainActivity]: mThreadedRenderer.initializeIfNeeded()#2 mSurface={isValid=true 0x7bdd46a800}
10-04 18:27:08.297 11530 11530 D InputMethodManager: startInputInner - Id : 0
10-04 18:27:08.297 11530 11530 I InputMethodManager: startInputInner - mService.startInputOrWindowGainedFocus
10-04 18:27:08.654 11530 11530 I ViewRootImpl@d05f1f5[MainActivity]: ViewPostIme pointer 0
10-04 18:27:08.793 11530 11530 I ViewRootImpl@d05f1f5[MainActivity]: MSG_WINDOW_FOCUS_CHANGED 0 0
10-04 18:27:09.399 11530 11530 I ViewRootImpl@d05f1f5[MainActivity]: handleAppVisibility mAppVisible = true visible = false
10-04 18:27:09.408 11530 11557 D OpenGLRenderer: setSurface called with nullptr
10-04 18:27:09.408 11530 11557 D OpenGLRenderer: setSurface() destroyed EGLSurface
10-04 18:27:09.408 11530 11557 D OpenGLRenderer: destroyEglSurface
10-04 18:27:09.410 11530 11530 I ViewRootImpl@d05f1f5[MainActivity]: performTraversals mFirst=false windowShouldResize=false viewVisibilityChanged=true mForceNextWindowRelayout=false params=null
10-04 18:27:09.424 11530 11530 I ViewRootImpl@d05f1f5[MainActivity]: Relayout returned: old=(0,0,1080,2400) new=(0,0,1080,2400) req=(1080,2400)8 dur=10 res=0x2 s={false 0x0} ch=true seqId=0
10-04 18:27:09.448 11530 11530 I ViewRootImpl@d05f1f5[MainActivity]: stopped(true) old = false
10-04 18:27:09.448 11530 11530 I ViewRootImpl@d05f1f5[MainActivity]: WindowStopped on com.lagradost.cloudstream3/com.lagradost.cloudstream3.MainActivity set to true
10-04 18:27:09.450 11530 11530 I AppVisibilityProxy: onAppEnteredForeground
10-04 18:27:09.482 11530 11530 I MSHandlerLifeCycle: removeMultiSplitHandler: no exist. decor=DecorView@84f84fe[MainActivity]
10-04 18:27:09.483 11530 11530 D InputTransport: Input channel destroyed: 'ClientS', fd=128
10-04 18:27:09.484 11530 11530 I ViewRootImpl@d05f1f5[MainActivity]: performTraversals mFirst=false windowShouldResize=false viewVisibilityChanged=false mForceNextWindowRelayout=false params={(0,0)(fillxfill) sim={state=always_hidden adjust=pan} ty=BASE_APPLICATION fmt=TRANSLUCENT wanim=0x1030309
10-04 18:27:09.484 11530 11530 I ViewRootImpl@d05f1f5[MainActivity]:   fl=85810100
10-04 18:27:09.484 11530 11530 I ViewRootImpl@d05f1f5[MainActivity]:   pfl=12020040
10-04 18:27:09.484 11530 11530 I ViewRootImpl@d05f1f5[MainActivity]:   vsysui=500
10-04 18:27:09.484 11530 11530 I ViewRootImpl@d05f1f5[MainActivity]:   bhv=DEFAULT
10-04 18:27:09.484 11530 11530 I ViewRootImpl@d05f1f5[MainActivity]:   fitSides= naviIconColor=0}
10-04 18:27:09.506 11530 11530 I ViewRootImpl@d05f1f5[MainActivity]: Relayout returned: old=(0,0,1080,2400) new=(0,0,1080,2400) req=(1080,2400)8 dur=20 res=0x2 s={false 0x0} ch=false seqId=0
10-04 18:27:12.137 12026 12026 I st.cloudstream3: Using CollectorTypeCC GC.
10-04 18:27:12.154 12026 12026 D nativeloader: Load libframework-connectivity-tiramisu-jni.so using APEX ns com_android_tethering for caller /apex/com.android.tethering/javalib/framework-connectivity-t.jar: ok
10-04 18:27:12.162 12026 12026 D ActivityThread: setConscryptValidator
10-04 18:27:12.162 12026 12026 D ActivityThread: setConscryptValidator - put
10-04 18:27:12.187 12026 12026 D CompatibilityChangeReporter: Compat change id reported: 171979766; UID 10523; state: ENABLED
10-04 18:27:12.225 12026 12026 D nativeloader: Configuring clns-4 for other apk /data/app/~~X_Ckha-AUADMdm5I5WWHYg==/com.lagradost.cloudstream3-gV0Clum_p4x0OvCWiSyt1A==/base.apk. target_sdk_version=35, uses_libraries=, library_path=/data/app/~~X_Ckha-AUADMdm5I5WWHYg==/com.lagradost.cloudstream3-gV0Clum_p4x0OvCWiSyt1A==/lib/arm64:/data/app/~~X_Ckha-AUADMdm5I5WWHYg==/com.lagradost.cloudstream3-gV0Clum_p4x0OvCWiSyt1A==/base.apk!/lib/arm64-v8a, permitted_path=/data:/mnt/expand:/data/user/0/com.lagradost.cloudstream3
10-04 18:27:12.236 12026 12026 D nativeloader: Load libframework-connectivity-jni.so using APEX ns com_android_tethering for caller /apex/com.android.tethering/javalib/framework-connectivity.jar: ok
10-04 18:27:12.241 12026 12026 V GraphicsEnvironment: ANGLE Developer option for 'com.lagradost.cloudstream3' set to: 'default'
10-04 18:27:12.242 12026 12026 V GraphicsEnvironment: ANGLE GameManagerService for com.lagradost.cloudstream3: false
10-04 18:27:12.242 12026 12026 V GraphicsEnvironment: Neither updatable production driver nor prerelease driver is supported.
10-04 18:27:12.245 12026 12026 D NetworkSecurityConfig: No Network Security Config specified, using platform default
10-04 18:27:12.248 12026 12026 D NetworkSecurityConfig: No Network Security Config specified, using platform default
10-04 18:27:12.258 12026 12026 I ACRA    : ACRA is enabled for com.lagradost.cloudstream3, initializing...
10-04 18:27:12.306 12026 12026 D WM-WrkMgrInitializer: Initializing WorkManager with default configuration.
10-04 18:27:12.310 12026 12026 D WM-PackageManagerHelper: Skipping component enablement for androidx.work.impl.background.systemjob.SystemJobService
10-04 18:27:12.311 12026 12026 D WM-Schedulers: Created SystemJobScheduler and enabled SystemJobService
10-04 18:27:12.313 12026 12049 D WM-ForceStopRunnable: The default process name was not specified.
10-04 18:27:12.313 12026 12049 D WM-ForceStopRunnable: Performing cleanup operations.
10-04 18:27:12.324 12026 12050 D OpenGLRenderer: RenderThread::requireGlContext()
10-04 18:27:12.338 12026 12049 D CompatibilityChangeReporter: Compat change id reported: 160794467; UID 10523; state: ENABLED
10-04 18:27:12.342 12026 12049 D WM-ForceStopRunnable: Application was force-stopped, rescheduling.
10-04 18:27:12.342 12026 12050 D OpenGLRenderer: RenderThread::setGrContext()
10-04 18:27:12.372 12026 12066 D WM-PackageManagerHelper: Skipping component enablement for androidx.work.impl.background.systemalarm.RescheduleReceiver
10-04 18:27:12.562 12026 12026 I NavComponent: Navigating to Activity: MainActivity
10-04 18:27:12.578 12026 12026 I DecorView: [INFO] isPopOver=false config=true
10-04 18:27:12.578 12026 12026 I DecorView: updateCaptionType: isFloating=false isApplication=true hasWindowDecorCaption=false this=DecorView@e53193a[]
10-04 18:27:12.578 12026 12026 D DecorView: setCaptionType = 0, this = DecorView@e53193a[]
10-04 18:27:12.580 12026 12026 I DecorView: getCurrentDensityDpi: from real metrics. densityDpi=420 msg=resources_loaded
10-04 18:27:12.580 12026 12026 I DecorView: setWindowBackground: isPopOver=false color=ff000000 d=android.graphics.drawable.ColorDrawable@bd25348
10-04 18:27:12.598 12026 12026 D AppCompatDelegate: Checking for metadata for AppLocalesMetadataHolderService : Service not found
10-04 18:27:12.609 12026 12026 D nativeloader: Load /data/app/~~X_Ckha-AUADMdm5I5WWHYg==/com.lagradost.cloudstream3-gV0Clum_p4x0OvCWiSyt1A==/lib/arm64/libconscrypt_jni.so using class loader ns clns-4 (caller=/data/app/~~X_Ckha-AUADMdm5I5WWHYg==/com.lagradost.cloudstream3-gV0Clum_p4x0OvCWiSyt1A==/base.apk!classes6.dex): ok
10-04 18:27:12.610 12026 12026 V NativeCrypto: Registering org/conscrypt/NativeCrypto's 288 native methods...
10-04 18:27:12.645 12026 12026 I DynamiteModule: Considering local module com.google.android.gms.cast.framework.dynamite:0 and remote module com.google.android.gms.cast.framework.dynamite:253830000
10-04 18:27:12.645 12026 12026 I DynamiteModule: Selected remote version of com.google.android.gms.cast.framework.dynamite, version >= 253830000
10-04 18:27:12.645 12026 12026 V DynamiteModule: Dynamite loader version >= 2, using loadModule2NoCrashUtils
10-04 18:27:12.653 12026 12026 W System  : ClassLoader referenced unknown path: 
10-04 18:27:12.653 12026 12026 D nativeloader: Configuring clns-5 for other apk . target_sdk_version=36, uses_libraries=, library_path=/data/app/~~YbLCtvpXRVR1XTEK0f7CeA==/com.google.android.gms-z4MN03bkHknvwreHecJE8Q==/lib/arm64:/data/app/~~YbLCtvpXRVR1XTEK0f7CeA==/com.google.android.gms-z4MN03bkHknvwreHecJE8Q==/base.apk!/lib/arm64-v8a, permitted_path=/data:/mnt/expand:/data/user/0/com.google.android.gms
10-04 18:27:12.685 12026 12026 I CastDynamiteModuleImpl: sn created by ClassLoader dalvik.system.DelegateLastClassLoader[DexPathList[[zip file "/data/app/~~YbLCtvpXRVR1XTEK0f7CeA==/com.google.android.gms-z4MN03bkHknvwreHecJE8Q==/split_DynamiteModulesC_installtime.apk"],nativeLibraryDirectories=[/data/app/~~YbLCtvpXRVR1XTEK0f7CeA==/com.google.android.gms-z4MN03bkHknvwreHecJE8Q==/split_DynamiteModulesC_installtime.apk!/lib/arm64-v8a, /system/lib64, /system/system_ext/lib64]]].
10-04 18:27:12.697 12026 12026 V MediaRouter: Audio routes updated: AudioRoutesInfo{ type=HEADSET }, a2dp=false
10-04 18:27:12.698 12026 12026 V MediaRouter: Selecting route: RouteInfo{ name=Headphones, description=null, status=null, category=RouteCategory{ name=System types=ROUTE_TYPE_LIVE_AUDIO ROUTE_TYPE_LIVE_VIDEO  groupable=false }, supportedTypes=ROUTE_TYPE_LIVE_AUDIO ROUTE_TYPE_LIVE_VIDEO , presentationDisplay=null }
10-04 18:27:12.698 12026 12026 I MediaRouter: Skip setBluetoothA2dpOn(): types=1, isPlaybackActive()=false, BT route=null
10-04 18:27:12.700 12026 12026 I MediaRouter: Found default route: MediaRouter.RouteInfo{ uniqueId=DEFAULT_ROUTE, name=Headphones, description=null, iconUri=null, enabled=true, connectionState=0, canDisconnect=false, playbackType=0, playbackStream=3, deviceType=0, volumeHandling=1, volume=13, volumeMax=15, presentationDisplayId=-1, extras=null, settingsIntent=null, providerPackageName=android }
10-04 18:27:12.700 12026 12026 I MediaRouter: Unselecting the current route because it is no longer selectable: null
10-04 18:27:12.705 12026 12026 D ConnectivityManager: StackLog: [android.net.ConnectivityManager.sendRequestForNetwork(ConnectivityManager.java:4736)] [android.net.ConnectivityManager.sendRequestForNetwork(ConnectivityManager.java:4904)] [android.net.ConnectivityManager.registerNetworkCallback(ConnectivityManager.java:5321)] [android.net.ConnectivityManager.registerNetworkCallback(ConnectivityManager.java:5291)] [com.google.android.gms.internal.cast.zzdd.zza(com.google.android.gms:play-services-cast@@21.4.0:6)] [com.google.android.gms.internal.cast.zzcy.<init>(com.google.android.gms:play-services-cast@@21.4.0:4)] [com.google.android.gms.cast.framework.CastContext.<init>(com.google.android.gms:play-services-cast-framework@@21.4.0:16)] [com.google.android.gms.cast.framework.CastContext.zzb(com.google.android.gms:play-services-cast-framework@@21.4.0:2)] [com.google.android.gms.cast.framework.zzi.call(Unknown Source:10)] [com.google.android.gms.tasks.zzz.run(com.google.android.gms:play-services-tasks@@18.1.0:1)] [com.lagradost.cloudstream3.utils.AppContextUtils.isCastApiAvailable$lambda$46$lambda$45(AppContextUtils.kt:880)] [com.lagradost.cloudstream3.utils.AppContextUtils.$r8$lambda$rF7IOGTTD7S6DKwGZTSRD2Waht4(Unknown Source:0)] [com.lagradost.cloudstream3.utils.AppContextUtils$$ExternalSyntheticLambda17.execute(D8$$SyntheticClass:0)] [com.google.android.gms.tasks.Tasks.call(com.google.android.gms:play-services-tasks@@18.1.0:5)] [com.google.android.gms.cast.framework.CastContext.getSharedInstance(com.google.android.gms:play-services-cast-framework@@21.4.0:20)] [com.lagradost.cloudstream3.utils.AppContextUtils.isCastApiAvailable(AppContextUtils.kt:880)] [com.lagradost.cloudstream3.MainActivity.onCreate(MainActivity.kt:1132)] [android.app.Activity.performCreate(Activity.java:8591)] [android.app.Activity.performCreate(Activity.java:8570)] [android.app.Instrumentation.callActivityOnCreate(Instrumentation.java:1384)] [android.app.ActivityThread.performLaunchActivity(ActivityThread.java:4150)] [android.app.ActivityThread.handleLaunchActivity(ActivityThread.java:4325)] [android.app.servertransaction.LaunchActivityItem.execute(LaunchActivityItem.java:101)] [android.app.servertransaction.TransactionExecutor.executeCallbacks(TransactionExecutor.java:135)] [android.app.servertransaction.TransactionExecutor.execute(TransactionExecutor.java:95)] [android.app.ActivityThread$H.handleMessage(ActivityThread.java:2574)]
10-04 18:27:12.722 12026 12026 D CompatibilityChangeReporter: Compat change id reported: 210923482; UID 10523; state: ENABLED
10-04 18:27:12.832 12026 12026 I DecorView: [INFO] isPopOver=false config=true
10-04 18:27:12.832 12026 12026 I DecorView: updateCaptionType: isFloating=false isApplication=true hasWindowDecorCaption=false this=DecorView@dd31fb2[]
10-04 18:27:12.832 12026 12026 D DecorView: setCaptionType = 0, this = DecorView@dd31fb2[]
10-04 18:27:12.833 12026 12026 I DecorView: getCurrentDensityDpi: from real metrics. densityDpi=420 msg=resources_loaded
10-04 18:27:12.833 12026 12026 I DecorView: setWindowBackground: isPopOver=false color=ff000000 d=android.graphics.drawable.ColorDrawable@3292a80
10-04 18:27:12.849 12026 12026 I IMM_LC  : hsifw() - flag : 0
10-04 18:27:12.849 12026 12026 I IMM_LC  : hsifw() ignore mServedView == null or mServedView.getWindowToken() != windowToken, mServedView :0
10-04 18:27:12.855 12026 12086 D CompatibilityChangeReporter: Compat change id reported: 270306772; UID 10523; state: ENABLED
10-04 18:27:12.856 12026 12086 D CompatibilityChangeReporter: Compat change id reported: 235355681; UID 10523; state: ENABLED
10-04 18:27:12.859 12026 12074 D DiscoveryListener: Discovery started: _fcast._tcp
10-04 18:27:12.910 12026 12075 I PluginManager: Loading plugin: PluginData(internalName=WeCima, url=https://raw.githubusercontent.com/adamwolker21/TestPlugins/builds/WeCima.cs3, isOnline=true, filePath=/data/user/0/com.lagradost.cloudstream3/files/Extensions/httpsraw.githubusercontent.comadamwolker21TestPluginsrefsheadsmastercs.repo.1807432406/WeCima.-1708855160.cs3, version=3)
10-04 18:27:12.917 12026 12026 I System.out: Loaded everything
10-04 18:27:12.922 12026 12026 I AppVisibilityProxy: onAppEnteredForeground
10-04 18:27:12.952 12026 12075 I WebViewFactory: Loading com.google.android.webview version 140.0.7339.207 (code 733920733)
10-04 18:27:12.956 12026 12075 W st.cloudstream3: Failed to find entry 'classes.dex': Entry not found
10-04 18:27:12.957 12026 12075 D nativeloader: Configuring clns-6 for other apk /data/app/~~0iK79XW9X0QppaGo2hZ3dg==/com.google.android.trichromelibrary_733920733-6bb0wVyJqr8G8vJnjVAKKg==/base.apk. target_sdk_version=36, uses_libraries=ALL, library_path=/data/app/~~iwwqLfGPKTES2hsQd9D3lw==/com.google.android.webview-qbQIISas-S18wMUdMAIFhw==/lib/arm64:/data/app/~~iwwqLfGPKTES2hsQd9D3lw==/com.google.android.webview-qbQIISas-S18wMUdMAIFhw==/base.apk!/lib/arm64-v8a:/data/app/~~0iK79XW9X0QppaGo2hZ3dg==/com.google.android.trichromelibrary_733920733-6bb0wVyJqr8G8vJnjVAKKg==/base.apk!/lib/arm64-v8a, permitted_path=/data:/mnt/expand
10-04 18:27:12.957 12026 12075 D nativeloader: Extending system_exposed_libraries: libhumantracking.arcsoft.so:libPortraitDistortionCorrection.arcsoft.so:libPortraitDistortionCorrectionCali.arcsoft.so:libface_landmark.arcsoft.so:libFacialStickerEngine.arcsoft.so:libveengine.arcsoft.so:liblow_light_hdr.arcsoft.so:libhigh_dynamic_range.arcsoft.so:libFacialAttributeDetection.arcsoft.so:libBeauty_v4.camera.samsung.so:libexifa.camera.samsung.so:libjpega.camera.samsung.so:libOpenCv.camera.samsung.so:libImageScreener.camera.samsung.so:libMyFilter.camera.samsung.so:libtensorflowLite.myfilter.camera.samsung.so:libtensorflowlite_inference_api.myfilter.camera.samsung.so:libEventFinder.camera.samsung.so:libHIDTSnapJNI.camera.samsung.so:libSmartScan.camera.samsung.so:libRectify.camera.samsung.so:libDocRectifyWrapper.camera.samsung.so:libUltraWideDistortionCorrection.camera.samsung.so:libWideDistortionCorrection.camera.samsung.so:libHpr_RecGAE_cvFeature_v1.0.camera.samsung.so:libHprFace_GAE_api.camera.samsung.so:libFace_Landmark_API.camera.samsung.so:libHprFace_GAE_jn
10-04 18:27:12.979 12026 12075 I st.cloudstream3: Failed to add image file: Dex cache count and dex file count mismatch while trying to initialize from image
10-04 18:27:12.981 12026 12075 D nativeloader: Configuring clns-7 for other apk /data/app/~~iwwqLfGPKTES2hsQd9D3lw==/com.google.android.webview-qbQIISas-S18wMUdMAIFhw==/base.apk. target_sdk_version=36, uses_libraries=, library_path=/data/app/~~iwwqLfGPKTES2hsQd9D3lw==/com.google.android.webview-qbQIISas-S18wMUdMAIFhw==/lib/arm64:/data/app/~~iwwqLfGPKTES2hsQd9D3lw==/com.google.android.webview-qbQIISas-S18wMUdMAIFhw==/base.apk!/lib/arm64-v8a:/data/app/~~0iK79XW9X0QppaGo2hZ3dg==/com.google.android.trichromelibrary_733920733-6bb0wVyJqr8G8vJnjVAKKg==/base.apk!/lib/arm64-v8a, permitted_path=/data:/mnt/expand
10-04 18:27:13.008 12026 12075 I cr_WVCFactoryProvider: version=140.0.7339.207 (733920733) minSdkVersion=29 multiprocess=true packageId=2 splits=<none>
10-04 18:27:13.012 12026 12075 D nativeloader: Load /data/app/~~0iK79XW9X0QppaGo2hZ3dg==/com.google.android.trichromelibrary_733920733-6bb0wVyJqr8G8vJnjVAKKg==/base.apk!/lib/arm64-v8a/libmonochrome_64.so using class loader ns clns-7 (caller=/data/app/~~iwwqLfGPKTES2hsQd9D3lw==/com.google.android.webview-qbQIISas-S18wMUdMAIFhw==/base.apk): ok
10-04 18:27:13.014 12026 12075 D nativeloader: Load /system/lib64/libwebviewchromium_plat_support.so using class loader ns clns-7 (caller=/data/app/~~iwwqLfGPKTES2hsQd9D3lw==/com.google.android.webview-qbQIISas-S18wMUdMAIFhw==/base.apk): ok
10-04 18:27:13.019 12026 12098 I chromium: [1004/182713.018512:INFO:android_webview/browser/variations/variations_seed_loader.cc:67] Failed to open file for reading.: No such file or directory (2)
10-04 18:27:13.025 12026 12075 I cr_LibraryLoader: Successfully loaded native library
10-04 18:27:13.026 12026 12075 I cr_CachingUmaRecorder: Flushed 13 samples from 13 histograms, 0 samples were dropped.
10-04 18:27:13.028 12026 12026 I MSHandlerLifeCycle: check: return. pkg=com.lagradost.cloudstream3 parent=null callers=com.android.internal.policy.DecorView.setVisibility:4412 android.app.ActivityThread.handleResumeActivity:5476 android.app.servertransaction.ResumeActivityItem.execute:54 android.app.servertransaction.ActivityTransactionItem.execute:45 android.app.servertransaction.TransactionExecutor.executeLifecycleState:176 
10-04 18:27:13.028 12026 12026 I MSHandlerLifeCycle: removeMultiSplitHandler: no exist. decor=DecorView@dd31fb2[]
10-04 18:27:13.028 12026 12075 I PluginInstance: Adding WeCima (https://wecima.now/) MainAPI
10-04 18:27:13.029 12026 12075 I PluginInstance: Adding WeCima (https://wecima.now) ExtractorApi
10-04 18:27:13.033 12026 12050 D NativeCustomFrequencyManager: [NativeCFMS] BpCustomFrequencyManager::BpCustomFrequencyManager()
10-04 18:27:13.035 12026 12075 I PluginInstance: Adding Vidbom (https://vdbtm.shop) ExtractorApi
10-04 18:27:13.035 12026 12075 I PluginInstance: Adding GeneralPacked (https://wecima.now) ExtractorApi
10-04 18:27:13.035 12026 12075 I PluginInstance: Adding GoVID (goveed1.space) ExtractorApi
10-04 18:27:13.035 12026 12075 I PluginManager: Loaded plugin WeCima successfully
10-04 18:27:13.036 12026 12026 I DecorView: notifyKeepScreenOnChanged: keepScreenOn=false
10-04 18:27:13.038 12026 12081 I PluginManager: Loading plugin: PluginData(internalName=WeCima, url=https://raw.githubusercontent.com/adamwolker21/TestPlugins/builds/WeCima.cs3, isOnline=true, filePath=/data/user/0/com.lagradost.cloudstream3/files/Extensions/httpsraw.githubusercontent.comadamwolker21TestPluginsrefsheadsmastercs.repo.1807432406/WeCima.-1708855160.cs3, version=3)
10-04 18:27:13.038 12026 12082 I PluginManager: Loading plugin: PluginData(internalName=FaselHDS, url=https://raw.githubusercontent.com/adamwolker21/DZ/builds/FaselHDS.cs3, isOnline=true, filePath=/data/user/0/com.lagradost.cloudstream3/files/Extensions/httpsraw.githubusercontent.comadamwolker21DZrefsheadsmasterrepo.json.-468825824/FaselHDS.1020099800.cs3, version=14)
10-04 18:27:13.043 12026 12026 D InsetsController: onStateChanged: InsetsState: {mDisplayFrame=Rect(0, 0 - 1080, 2400), mDisplayCutout=DisplayCutout{insets=Rect(0, 88 - 0, 0) waterfall=Insets{left=0, top=0, right=0, bottom=0} boundingRect={Bounds=[Rect(0, 0 - 0, 0), Rect(512, 0 - 568, 88), Rect(0, 0 - 0, 0), Rect(0, 0 - 0, 0)]} cutoutPathParserInfo={CutoutPathParserInfo{displayWidth=1080 displayHeight=2400 physicalDisplayWidth=1080 physicalDisplayHeight=2400 density={2.625} cutoutSpec={M 0,0 M 0,12.25101276465640 a 10.60613009248640,10.60613009248640 0 1,0 0,21.21226018497290 a 10.60613009248640,10.60613009248640 0 1,0 0,-21.21226018497290 Z @dp} rotation={0} scale={1.0} physicalPixelDisplaySizeRatio={1.0}}}}, mRoundedCorners=RoundedCorners{[RoundedCorner{position=TopLeft, radius=84, center=Point(84, 84)}, RoundedCorner{position=TopRight, radius=84, center=Point(996, 84)}, RoundedCorner{position=BottomRight, radius=84, center=Point(996, 2316)}, RoundedCorner{position=BottomLeft, radius=84, center=Point(84, 2316)}]}  mRoundedCornerFrame=Rect(0, 0 - 1080, 2400), mPrivacyIndicatorBounds=PrivacyIndicatorBounds {static bounds=Rect(964, 0 - 1080, 87) rotation=0}, mSources= { InsetsSource: {mType=ITYPE_STATUS_BAR, mFrame=[0,0][1080,88], mVisible=true, mInsetsRoundedCornerFrame=false}, InsetsSource: {mType=ITYPE_NAVIGATION_BAR, mFrame=[0,2361][1080,2400], mVisible=true, mInsetsRoundedCornerFrame=false}, InsetsSource: {mType=ITYPE_LEFT_GESTURES, mFrame=[0,0][130,2400], mVisible=true, mInsetsRoundedCornerFrame=false}, InsetsSource: {mType=ITYPE_RIGHT_GESTURES, mFrame=[950,0][1080,2400], mVisible=true, mInsetsRoundedCornerFrame=false}, InsetsSource: {mType=ITYPE_TOP_MANDATORY_GESTURES, mFrame=[0,0][1080,120], mVisible=true, mInsetsRoundedCornerFrame=false}, InsetsSource: {mType=ITYPE_BOTTOM_MANDATORY_GESTURES, mFrame=[0,2316][1080,2400], mVisible=true, mInsetsRoundedCornerFrame=false}, InsetsSource: {mType=ITYPE_LEFT_DISPLAY_CUTOUT, mFrame=[0,0][-100000,2400], mVisible=true, mInsetsRoundedCornerFrame=false}, InsetsSource: {mType=ITYPE_TOP_DISPLAY_CUTOUT, mFrame=[0,0][1080,88], mVisible=true, mInsetsRoundedCornerFrame=false}, InsetsSource: {mType=ITYPE_RIGHT_DISPLAY_CUTOUT, mFrame=[100000,0][1080,2400], mVisible=true, mInsetsRoundedCornerFrame=false}, InsetsSource: {mType=ITYPE_BOTTOM_DISPLAY_CUTOUT, mFrame=[0,100000][1080,2400], mVisible=true, mInsetsRoundedCornerFrame=false}, InsetsSource: {mType=ITYPE_TOP_TAPPABLE_ELEMENT, mFrame=[0,0][1080,88], mVisible=true, mInsetsRoundedCornerFrame=false}, InsetsSource: {mType=ITYPE_BOTTOM_TAPPABLE_ELEMENT, mFrame=[0,0][0,0], mVisible=true, mInsetsRoundedCornerFrame=false} } host=com.lagradost.cloudstream3/com.lagradost.cloudstream3.MainActivity from=android.view.ViewRootImpl.setView:1732
10-04 18:27:13.045 12026 12026 I ViewRootImpl@6cbdb39[MainActivity]: setView = com.android.internal.policy.DecorView@dd31fb2 TM=true
10-04 18:27:13.047 12026 12026 I MSHandlerLifeCycle: removeMultiSplitHandler: no exist. decor=DecorView@dd31fb2[MainActivity]
10-04 18:27:13.048 12026 12026 V MediaRouter: Selecting route: RouteInfo{ name=Headphones, description=null, status=null, category=RouteCategory{ name=System types=ROUTE_TYPE_LIVE_AUDIO ROUTE_TYPE_LIVE_VIDEO  groupable=false }, supportedTypes=ROUTE_TYPE_LIVE_AUDIO ROUTE_TYPE_LIVE_VIDEO , presentationDisplay=null }
10-04 18:27:13.051 12026 12082 I PluginInstance: Adding FaselHDS (https://www.faselhds.life) MainAPI
10-04 18:27:13.051 12026 12082 I PluginManager: Loaded plugin FaselHDS successfully
10-04 18:27:13.053 12026 12075 W PluginManager: Failed to create local directories
10-04 18:27:13.054 12026 12081 I PluginManager: Plugin with name WeCima already exists
10-04 18:27:13.054 12026 12026 I SYNC_API: Local, local
10-04 18:27:13.078 12026 12026 I ViewRootImpl@6cbdb39[MainActivity]: performTraversals params={(0,0)(fillxfill) sim={state=always_hidden adjust=pan forwardNavigation} ty=BASE_APPLICATION wanim=0x1030309
10-04 18:27:13.078 12026 12026 I ViewRootImpl@6cbdb39[MainActivity]:   fl=85810100
10-04 18:27:13.078 12026 12026 I ViewRootImpl@6cbdb39[MainActivity]:   pfl=12020040
10-04 18:27:13.078 12026 12026 I ViewRootImpl@6cbdb39[MainActivity]:   vsysui=500
10-04 18:27:13.078 12026 12026 I ViewRootImpl@6cbdb39[MainActivity]:   bhv=DEFAULT
10-04 18:27:13.078 12026 12026 I ViewRootImpl@6cbdb39[MainActivity]:   fitSides= naviIconColor=0}
10-04 18:27:13.078 12026 12026 I ViewRootImpl@6cbdb39[MainActivity]: performTraversals mFirst=true windowShouldResize=true viewVisibilityChanged=false mForceNextWindowRelayout=false params={(0,0)(fillxfill) sim={state=always_hidden adjust=pan forwardNavigation} ty=BASE_APPLICATION wanim=0x1030309
10-04 18:27:13.078 12026 12026 I ViewRootImpl@6cbdb39[MainActivity]:   fl=85810100
10-04 18:27:13.078 12026 12026 I ViewRootImpl@6cbdb39[MainActivity]:   pfl=12020040
10-04 18:27:13.078 12026 12026 I ViewRootImpl@6cbdb39[MainActivity]:   vsysui=500
10-04 18:27:13.078 12026 12026 I ViewRootImpl@6cbdb39[MainActivity]:   bhv=DEFAULT
10-04 18:27:13.078 12026 12026 I ViewRootImpl@6cbdb39[MainActivity]:   fitSides= naviIconColor=0}
10-04 18:27:13.090 12026 12026 I ViewRootImpl@6cbdb39[MainActivity]: updateBlastSurfaceIfNeeded mBlastBufferQueue=null isSameSurfaceControl=false
10-04 18:27:13.091 12026 12026 I BLASTBufferQueue: new BLASTBufferQueue, mName= ViewRootImpl@6cbdb39[MainActivity] mNativeObject= 0x7b5cfa5400 sc.mNativeObject= 0x7b5d2215a0 caller= android.view.ViewRootImpl.updateBlastSurfaceIfNeeded:2909 android.view.ViewRootImpl.relayoutWindow:9847 android.view.ViewRootImpl.performTraversals:3884 android.view.ViewRootImpl.doTraversal:3116 android.view.ViewRootImpl$TraversalRunnable.run:10885 android.view.Choreographer$CallbackRecord.run:1301 android.view.Choreographer$CallbackRecord.run:1309 android.view.Choreographer.doCallbacks:923 android.view.Choreographer.doFrame:852 android.view.Choreographer$FrameDisplayEventReceiver.run:1283 
10-04 18:27:13.092 12026 12026 I BLASTBufferQueue: update, w= 1080 h= 2400 mName = ViewRootImpl@6cbdb39[MainActivity] mNativeObject= 0x7b5cfa5400 sc.mNativeObject= 0x7b5d2215a0 format= -1 caller= android.graphics.BLASTBufferQueue.<init>:84 android.view.ViewRootImpl.updateBlastSurfaceIfNeeded:2909 android.view.ViewRootImpl.relayoutWindow:9847 android.view.ViewRootImpl.performTraversals:3884 android.view.ViewRootImpl.doTraversal:3116 android.view.ViewRootImpl$TraversalRunnable.run:10885 
10-04 18:27:13.092 12026 12026 I ViewRootImpl@6cbdb39[MainActivity]: Relayout returned: old=(0,0,1080,2400) new=(0,0,1080,2400) req=(1080,2400)0 dur=12 res=0x3 s={true 0x7b5d026800} ch=true seqId=0
10-04 18:27:13.093 12026 12026 I ViewRootImpl@6cbdb39[MainActivity]: mThreadedRenderer.initialize() mSurface={isValid=true 0x7b5d026800} hwInitialized=true
10-04 18:27:13.096 12026 12050 D OpenGLRenderer: eglCreateWindowSurface
10-04 18:27:13.096 12026 12026 I ViewRootImpl@6cbdb39[MainActivity]: reportNextDraw android.view.ViewRootImpl.performTraversals:4438 android.view.ViewRootImpl.doTraversal:3116 android.view.ViewRootImpl$TraversalRunnable.run:10885 android.view.Choreographer$CallbackRecord.run:1301 android.view.Choreographer$CallbackRecord.run:1309 
10-04 18:27:13.096 12026 12026 I ViewRootImpl@6cbdb39[MainActivity]: Setup new sync id=0
10-04 18:27:13.097 12026 12026 I ViewRootImpl@6cbdb39[MainActivity]: Setting syncFrameCallback
10-04 18:27:13.097 12026 12026 I ViewRootImpl@6cbdb39[MainActivity]: registerCallbacksForSync syncBuffer=false
10-04 18:27:13.098 12026 12123 I Gralloc4: mapper 4.x is not supported
10-04 18:27:13.098 12026 12123 W Gralloc3: mapper 3.x is not supported
10-04 18:27:13.102 12026 12123 I gralloc : Arm Module v1.0
10-04 18:27:13.105 12026 12123 W Gralloc4: allocator 4.x is not supported
10-04 18:27:13.106 12026 12123 W Gralloc3: allocator 3.x is not supported
10-04 18:27:13.111 12026 12136 I ViewRootImpl@6cbdb39[MainActivity]: Received frameDrawingCallback syncResult=0 frameNum=1.
10-04 18:27:13.111 12026 12136 I ViewRootImpl@6cbdb39[MainActivity]: Setting up sync and frameCommitCallback
10-04 18:27:13.144 12026 12050 I BLASTBufferQueue: [ViewRootImpl@6cbdb39[MainActivity]#0](f:0,a:0) onFrameAvailable the first frame is available
10-04 18:27:13.145 12026 12050 I ViewRootImpl@6cbdb39[MainActivity]: Received frameCommittedCallback lastAttemptedDrawFrameNum=1 didProduceBuffer=true
10-04 18:27:13.146 12026 12050 D OpenGLRenderer: CFMS:: SetUp Pid : 12026    Tid : 12050
10-04 18:27:13.149 12026 12026 I ViewRootImpl@6cbdb39[MainActivity]: onSyncComplete
10-04 18:27:13.150 12026 12026 I ViewRootImpl@6cbdb39[MainActivity]: setupSync seqId=0 mSyncId=0 fn=1 caller=android.view.ViewRootImpl$$ExternalSyntheticLambda11.accept:6 android.window.SurfaceSyncer.lambda$setupSync$1$android-window-SurfaceSyncer:128 android.window.SurfaceSyncer$$ExternalSyntheticLambda1.accept:8 android.window.SurfaceSyncer$SyncSet.checkIfSyncIsComplete:382 android.window.SurfaceSyncer$SyncSet.markSyncReady:359 android.window.SurfaceSyncer.markSyncReady:151 android.view.ViewRootImpl.performTraversals:4503 
10-04 18:27:13.150 12026 12026 I ViewRootImpl@6cbdb39[MainActivity]: reportDrawFinished seqId=0 mSyncId=-1 fn=1 mSurfaceChangedTransaction=0x7b5d0b7f00
10-04 18:27:13.210 12026 12026 I MediaRouterProxy: Set up output switcher flags: true (from module), true (from CastOptions)
10-04 18:27:13.210 12026 12026 I MediaRouterProxy: media transfer = false, session transfer = true, transfer to local = false, in-app output switcher = false
10-04 18:27:13.226 12026 12026 I ViewRootImpl@6cbdb39[MainActivity]: MSG_WINDOW_FOCUS_CHANGED 1 0
10-04 18:27:13.227 12026 12026 I ViewRootImpl@6cbdb39[MainActivity]: mThreadedRenderer.initializeIfNeeded()#2 mSurface={isValid=true 0x7b5d026800}
10-04 18:27:13.228 12026 12026 D InputMethodManager: startInputInner - Id : 0
10-04 18:27:13.229 12026 12026 I InputMethodManager: startInputInner - mService.startInputOrWindowGainedFocus
10-04 18:27:13.242 12026 12026 D InputMethodManager: startInputInner - Id : 0
10-04 18:27:13.250 12026 12026 D InsetsController: onStateChanged: InsetsState: {mDisplayFrame=Rect(0, 0 - 1080, 2400), mDisplayCutout=DisplayCutout{insets=Rect(0, 88 - 0, 0) waterfall=Insets{left=0, top=0, right=0, bottom=0} boundingRect={Bounds=[Rect(0, 0 - 0, 0), Rect(512, 0 - 568, 88), Rect(0, 0 - 0, 0), Rect(0, 0 - 0, 0)]} cutoutPathParserInfo={CutoutPathParserInfo{displayWidth=1080 displayHeight=2400 physicalDisplayWidth=1080 physicalDisplayHeight=2400 density={2.625} cutoutSpec={M 0,0 M 0,12.25101276465640 a 10.60613009248640,10.60613009248640 0 1,0 0,21.21226018497290 a 10.60613009248640,10.60613009248640 0 1,0 0,-21.21226018497290 Z @dp} rotation={0} scale={1.0} physicalPixelDisplaySizeRatio={1.0}}}}, mRoundedCorners=RoundedCorners{[RoundedCorner{position=TopLeft, radius=84, center=Point(84, 84)}, RoundedCorner{position=TopRight, radius=84, center=Point(996, 84)}, RoundedCorner{position=BottomRight, radius=84, center=Point(996, 2316)}, RoundedCorner{position=BottomLeft, radius=84, center=Point(84, 2316)}]}  mRoundedCornerFrame=Rect(0, 0 - 1080, 2400), mPrivacyIndicatorBounds=PrivacyIndicatorBounds {static bounds=Rect(964, 0 - 1080, 87) rotation=0}, mSources= { InsetsSource: {mType=ITYPE_STATUS_BAR, mFrame=[0,0][1080,88], mVisible=true, mInsetsRoundedCornerFrame=false}, InsetsSource: {mType=ITYPE_NAVIGATION_BAR, mFrame=[0,2361][1080,2400], mVisible=true, mInsetsRoundedCornerFrame=false}, InsetsSource: {mType=ITYPE_LEFT_GESTURES, mFrame=[0,0][130,2400], mVisible=true, mInsetsRoundedCornerFrame=false}, InsetsSource: {mType=ITYPE_RIGHT_GESTURES, mFrame=[950,0][1080,2400], mVisible=true, mInsetsRoundedCornerFrame=false}, InsetsSource: {mType=ITYPE_TOP_MANDATORY_GESTURES, mFrame=[0,0][1080,120], mVisible=true, mInsetsRoundedCornerFrame=false}, InsetsSource: {mType=ITYPE_BOTTOM_MANDATORY_GESTURES, mFrame=[0,2316][1080,2400], mVisible=true, mInsetsRoundedCornerFrame=false}, InsetsSource: {mType=ITYPE_LEFT_DISPLAY_CUTOUT, mFrame=[0,0][-100000,2400], mVisible=true, mInsetsRoundedCornerFrame=false}, InsetsSource: {mType=ITYPE_TOP_DISPLAY_CUTOUT, mFrame=[0,0][1080,88], mVisible=true, mInsetsRoundedCornerFrame=false}, InsetsSource: {mType=ITYPE_RIGHT_DISPLAY_CUTOUT, mFrame=[100000,0][1080,2400], mVisible=true, mInsetsRoundedCornerFrame=false}, InsetsSource: {mType=ITYPE_BOTTOM_DISPLAY_CUTOUT, mFrame=[0,100000][1080,2400], mVisible=true, mInsetsRoundedCornerFrame=false}, InsetsSource: {mType=ITYPE_TOP_TAPPABLE_ELEMENT, mFrame=[0,0][1080,88], mVisible=true, mInsetsRoundedCornerFrame=false}, InsetsSource: {mType=ITYPE_BOTTOM_TAPPABLE_ELEMENT, mFrame=[0,0][0,0], mVisible=true, mInsetsRoundedCornerFrame=false}, InsetsSource: {mType=ITYPE_IME, mFrame=[0,0][0,0], mVisibleFrame=[0,1409][1080,2400], mVisible=false, mInsetsRoundedCornerFrame=false} } host=com.lagradost.cloudstream3/com.lagradost.cloudstream3.MainActivity from=android.view.ViewRootImpl$ViewRootHandler.handleMessageImpl:6740
10-04 18:27:13.445 12026 12034 W st.cloudstream3: Missing inline cache for java.lang.Object com.fasterxml.jackson.module.kotlin.KotlinValueInstantiator.createFromObjectWith(com.fasterxml.jackson.databind.DeserializationContext, com.fasterxml.jackson.databind.deser.SettableBeanProperty[], com.fasterxml.jackson.databind.deser.impl.PropertyValueBuffer)
10-04 18:27:13.445 12026 12034 W st.cloudstream3: Missing inline cache for java.lang.Object com.fasterxml.jackson.module.kotlin.KotlinValueInstantiator.createFromObjectWith(com.fasterxml.jackson.databind.DeserializationContext, com.fasterxml.jackson.databind.deser.SettableBeanProperty[], com.fasterxml.jackson.databind.deser.impl.PropertyValueBuffer)
10-04 18:27:13.476 12026 12086 I PluginManager: Plugin update done!
10-04 18:27:14.952 12026 12035 W st.cloudstream3: Cleared Reference was only reachable from finalizer (only reported once)
10-04 18:27:15.026 12026 12035 I st.cloudstream3: Background concurrent copying GC freed 19MB AllocSpace bytes, 152(22MB) LOS objects, 42% free, 32MB/56MB, paused 455us,193us total 201.581ms
10-04 18:27:15.032 12026 12037 W System  : A resource failed to call ZipFile.close. 
10-04 18:27:15.145 12026 12026 D CompatibilityChangeReporter: Compat change id reported: 171228096; UID 10523; state: ENABLED
10-04 18:27:15.205 12026 12026 D CoilImgLoader: setupCoilLogger: Activated EVENT_LISTENER FOR COIL
10-04 18:27:15.205 12026 12026 D CoilImgLoader: buildImageLoader: Setting COIL Image Loader.
10-04 18:27:15.222 12026 12026 I ViewRootImpl@6cbdb39[MainActivity]: performTraversals mFirst=false windowShouldResize=false viewVisibilityChanged=false mForceNextWindowRelayout=false params={(0,0)(fillxfill) sim={state=always_hidden adjust=resize} ty=BASE_APPLICATION wanim=0x1030309
10-04 18:27:15.222 12026 12026 I ViewRootImpl@6cbdb39[MainActivity]:   fl=85810100
10-04 18:27:15.222 12026 12026 I ViewRootImpl@6cbdb39[MainActivity]:   pfl=12020040
10-04 18:27:15.222 12026 12026 I ViewRootImpl@6cbdb39[MainActivity]:   vsysui=500
10-04 18:27:15.222 12026 12026 I ViewRootImpl@6cbdb39[MainActivity]:   bhv=DEFAULT
10-04 18:27:15.222 12026 12026 I ViewRootImpl@6cbdb39[MainActivity]:   fitSides= naviIconColor=0}
10-04 18:27:15.227 12026 12026 I ViewRootImpl@6cbdb39[MainActivity]: updateBlastSurfaceIfNeeded mBlastBufferQueue=0x7b5cfa5400 isSameSurfaceControl=true
10-04 18:27:15.228 12026 12026 I BLASTBufferQueue: update, w= 1080 h= 2400 mName = ViewRootImpl@6cbdb39[MainActivity] mNativeObject= 0x7b5cfa5400 sc.mNativeObject= 0x7b5d0d1100 format= -1 caller= android.view.ViewRootImpl.updateBlastSurfaceIfNeeded:2898 android.view.ViewRootImpl.relayoutWindow:9847 android.view.ViewRootImpl.performTraversals:3884 android.view.ViewRootImpl.doTraversal:3116 android.view.ViewRootImpl$TraversalRunnable.run:10885 android.view.Choreographer$CallbackRecord.run:1301 
10-04 18:27:15.228 12026 12026 I ViewRootImpl@6cbdb39[MainActivity]: Relayout returned: old=(0,0,1080,2400) new=(0,0,1080,2400) req=(1080,2400)0 dur=5 res=0x0 s={true 0x7b5d026800} ch=false seqId=0
10-04 18:27:15.302 12026 12026 I ViewRootImpl@6cbdb39[MainActivity]: ViewPostIme pointer 0
10-04 18:27:15.418 12026 12026 I ViewRootImpl@6cbdb39[MainActivity]: MSG_WINDOW_FOCUS_CHANGED 0 0
10-04 18:27:16.040 12026 12026 I ViewRootImpl@6cbdb39[MainActivity]: handleAppVisibility mAppVisible = true visible = false
10-04 18:27:16.059 12026 12050 D OpenGLRenderer: setSurface called with nullptr
10-04 18:27:16.059 12026 12050 D OpenGLRenderer: setSurface() destroyed EGLSurface
10-04 18:27:16.059 12026 12050 D OpenGLRenderer: destroyEglSurface
10-04 18:27:16.062 12026 12026 I ViewRootImpl@6cbdb39[MainActivity]: performTraversals mFirst=false windowShouldResize=false viewVisibilityChanged=true mForceNextWindowRelayout=false params=null
10-04 18:27:16.074 12026 12026 I ViewRootImpl@6cbdb39[MainActivity]: Relayout returned: old=(0,0,1080,2400) new=(0,0,1080,2400) req=(1080,2400)8 dur=10 res=0x2 s={false 0x0} ch=true seqId=0
10-04 18:27:16.075 12026 12026 D InputTransport: Input channel destroyed: 'ClientS', fd=135
10-04 18:27:16.081 12026 12026 I ViewRootImpl@6cbdb39[MainActivity]: stopped(true) old = false
10-04 18:27:16.081 12026 12026 I ViewRootImpl@6cbdb39[MainActivity]: WindowStopped on com.lagradost.cloudstream3/com.lagradost.cloudstream3.MainActivity set to true
10-04 18:27:16.092 12026 12026 I AppVisibilityProxy: onAppEnteredBackground
10-04 18:27:16.114 12026 12026 I MSHandlerLifeCycle: removeMultiSplitHandler: no exist. decor=DecorView@dd31fb2[MainActivity]
10-04 18:27:16.125 12026 12026 I ViewRootImpl@6cbdb39[MainActivity]: performTraversals mFirst=false windowShouldResize=false viewVisibilityChanged=false mForceNextWindowRelayout=false params={(0,0)(fillxfill) sim={state=always_hidden adjust=pan} ty=BASE_APPLICATION wanim=0x1030309
10-04 18:27:16.125 12026 12026 I ViewRootImpl@6cbdb39[MainActivity]:   fl=85810100
10-04 18:27:16.125 12026 12026 I ViewRootImpl@6cbdb39[MainActivity]:   pfl=12020040
10-04 18:27:16.125 12026 12026 I ViewRootImpl@6cbdb39[MainActivity]:   vsysui=500
10-04 18:27:16.125 12026 12026 I ViewRootImpl@6cbdb39[MainActivity]:   bhv=DEFAULT
10-04 18:27:16.125 12026 12026 I ViewRootImpl@6cbdb39[MainActivity]:   fitSides= naviIconColor=0}
10-04 18:27:16.132 12026 12026 I ViewRootImpl@6cbdb39[MainActivity]: Relayout returned: old=(0,0,1080,2400) new=(0,0,1080,2400) req=(1080,2400)8 dur=7 res=0x2 s={false 0x0} ch=false seqId=0
10-04 18:27:16.139 12026 12026 W MediaRouter: Ignoring invalid provider descriptor: null
10-04 18:27:18.280 12169 12169 I st.cloudstream3: Using CollectorTypeCC GC.
10-04 18:27:18.293 12169 12169 D nativeloader: Load libframework-connectivity-tiramisu-jni.so using APEX ns com_android_tethering for caller /apex/com.android.tethering/javalib/framework-connectivity-t.jar: ok
10-04 18:27:18.297 12169 12169 D ActivityThread: setConscryptValidator
10-04 18:27:18.298 12169 12169 D ActivityThread: setConscryptValidator - put
10-04 18:27:18.310 12169 12169 D CompatibilityChangeReporter: Compat change id reported: 171979766; UID 10523; state: ENABLED
10-04 18:27:18.349 12169 12169 D nativeloader: Configuring clns-4 for other apk /data/app/~~X_Ckha-AUADMdm5I5WWHYg==/com.lagradost.cloudstream3-gV0Clum_p4x0OvCWiSyt1A==/base.apk. target_sdk_version=35, uses_libraries=, library_path=/data/app/~~X_Ckha-AUADMdm5I5WWHYg==/com.lagradost.cloudstream3-gV0Clum_p4x0OvCWiSyt1A==/lib/arm64:/data/app/~~X_Ckha-AUADMdm5I5WWHYg==/com.lagradost.cloudstream3-gV0Clum_p4x0OvCWiSyt1A==/base.apk!/lib/arm64-v8a, permitted_path=/data:/mnt/expand:/data/user/0/com.lagradost.cloudstream3
10-04 18:27:18.364 12169 12169 D nativeloader: Load libframework-connectivity-jni.so using APEX ns com_android_tethering for caller /apex/com.android.tethering/javalib/framework-connectivity.jar: ok
10-04 18:27:18.370 12169 12169 V GraphicsEnvironment: ANGLE Developer option for 'com.lagradost.cloudstream3' set to: 'default'
10-04 18:27:18.370 12169 12169 V GraphicsEnvironment: ANGLE GameManagerService for com.lagradost.cloudstream3: false
10-04 18:27:18.370 12169 12169 V GraphicsEnvironment: Neither updatable production driver nor prerelease driver is supported.
10-04 18:27:18.374 12169 12169 D NetworkSecurityConfig: No Network Security Config specified, using platform default
10-04 18:27:18.378 12169 12169 D NetworkSecurityConfig: No Network Security Config specified, using platform default
10-04 18:27:18.390 12169 12169 I ACRA    : ACRA is enabled for com.lagradost.cloudstream3, initializing...
10-04 18:27:18.454 12169 12169 D WM-WrkMgrInitializer: Initializing WorkManager with default configuration.
10-04 18:27:18.459 12169 12169 D WM-PackageManagerHelper: Skipping component enablement for androidx.work.impl.background.systemjob.SystemJobService
10-04 18:27:18.459 12169 12169 D WM-Schedulers: Created SystemJobScheduler and enabled SystemJobService
10-04 18:27:18.461 12169 12185 D WM-ForceStopRunnable: The default process name was not specified.
10-04 18:27:18.461 12169 12185 D WM-ForceStopRunnable: Performing cleanup operations.
10-04 18:27:18.489 12169 12185 D CompatibilityChangeReporter: Compat change id reported: 160794467; UID 10523; state: ENABLED
10-04 18:27:18.492 12169 12185 D WM-ForceStopRunnable: Application was force-stopped, rescheduling.
10-04 18:27:18.518 12169 12189 D WM-PackageManagerHelper: Skipping component enablement for androidx.work.impl.background.systemalarm.RescheduleReceiver
10-04 18:27:29.820 12320 12320 I st.cloudstream3: Using CollectorTypeCC GC.
10-04 18:27:29.835 12320 12320 D nativeloader: Load libframework-connectivity-tiramisu-jni.so using APEX ns com_android_tethering for caller /apex/com.android.tethering/javalib/framework-connectivity-t.jar: ok
10-04 18:27:29.844 12320 12320 D ActivityThread: setConscryptValidator
10-04 18:27:29.844 12320 12320 D ActivityThread: setConscryptValidator - put
10-04 18:27:29.867 12320 12320 D CompatibilityChangeReporter: Compat change id reported: 171979766; UID 10523; state: ENABLED
10-04 18:27:29.882 12320 12320 D nativeloader: Configuring clns-4 for other apk /data/app/~~X_Ckha-AUADMdm5I5WWHYg==/com.lagradost.cloudstream3-gV0Clum_p4x0OvCWiSyt1A==/base.apk. target_sdk_version=35, uses_libraries=, library_path=/data/app/~~X_Ckha-AUADMdm5I5WWHYg==/com.lagradost.cloudstream3-gV0Clum_p4x0OvCWiSyt1A==/lib/arm64:/data/app/~~X_Ckha-AUADMdm5I5WWHYg==/com.lagradost.cloudstream3-gV0Clum_p4x0OvCWiSyt1A==/base.apk!/lib/arm64-v8a, permitted_path=/data:/mnt/expand:/data/user/0/com.lagradost.cloudstream3
10-04 18:27:29.896 12320 12320 D nativeloader: Load libframework-connectivity-jni.so using APEX ns com_android_tethering for caller /apex/com.android.tethering/javalib/framework-connectivity.jar: ok
10-04 18:27:29.903 12320 12320 V GraphicsEnvironment: ANGLE Developer option for 'com.lagradost.cloudstream3' set to: 'default'
10-04 18:27:29.903 12320 12320 V GraphicsEnvironment: ANGLE GameManagerService for com.lagradost.cloudstream3: false
10-04 18:27:29.904 12320 12320 V GraphicsEnvironment: Neither updatable production driver nor prerelease driver is supported.
10-04 18:27:29.907 12320 12320 D NetworkSecurityConfig: No Network Security Config specified, using platform default
10-04 18:27:29.911 12320 12320 D NetworkSecurityConfig: No Network Security Config specified, using platform default
10-04 18:27:29.937 12320 12320 I ACRA    : ACRA is enabled for com.lagradost.cloudstream3, initializing...
10-04 18:27:29.989 12320 12320 D WM-WrkMgrInitializer: Initializing WorkManager with default configuration.
10-04 18:27:30.004 12320 12320 D WM-PackageManagerHelper: Skipping component enablement for androidx.work.impl.background.systemjob.SystemJobService
10-04 18:27:30.004 12320 12320 D WM-Schedulers: Created SystemJobScheduler and enabled SystemJobService
10-04 18:27:30.013 12320 12353 D WM-ForceStopRunnable: The default process name was not specified.
10-04 18:27:30.013 12320 12353 D WM-ForceStopRunnable: Performing cleanup operations.
10-04 18:27:30.030 12320 12354 D OpenGLRenderer: RenderThread::requireGlContext()
10-04 18:27:30.040 12320 12353 D CompatibilityChangeReporter: Compat change id reported: 160794467; UID 10523; state: ENABLED
10-04 18:27:30.046 12320 12354 D OpenGLRenderer: RenderThread::setGrContext()
10-04 18:27:30.060 12320 12370 D WM-PackageManagerHelper: Skipping component enablement for androidx.work.impl.background.systemalarm.RescheduleReceiver
10-04 18:27:30.335 12320 12320 I NavComponent: Navigating to Activity: MainActivity
10-04 18:27:30.352 12320 12320 I DecorView: [INFO] isPopOver=false config=true
10-04 18:27:30.352 12320 12320 I DecorView: updateCaptionType: isFloating=false isApplication=true hasWindowDecorCaption=false this=DecorView@252d865[]
10-04 18:27:30.352 12320 12320 D DecorView: setCaptionType = 0, this = DecorView@252d865[]
10-04 18:27:30.354 12320 12320 I DecorView: getCurrentDensityDpi: from real metrics. densityDpi=420 msg=resources_loaded
10-04 18:27:30.354 12320 12320 I DecorView: setWindowBackground: isPopOver=false color=ff000000 d=android.graphics.drawable.ColorDrawable@7ed99eb
10-04 18:27:30.378 12320 12320 D AppCompatDelegate: Checking for metadata for AppLocalesMetadataHolderService : Service not found
10-04 18:27:30.396 12320 12320 D nativeloader: Load /data/app/~~X_Ckha-AUADMdm5I5WWHYg==/com.lagradost.cloudstream3-gV0Clum_p4x0OvCWiSyt1A==/lib/arm64/libconscrypt_jni.so using class loader ns clns-4 (caller=/data/app/~~X_Ckha-AUADMdm5I5WWHYg==/com.lagradost.cloudstream3-gV0Clum_p4x0OvCWiSyt1A==/base.apk!classes6.dex): ok
10-04 18:27:30.396 12320 12320 V NativeCrypto: Registering org/conscrypt/NativeCrypto's 288 native methods...
10-04 18:27:30.449 12320 12320 I DynamiteModule: Considering local module com.google.android.gms.cast.framework.dynamite:0 and remote module com.google.android.gms.cast.framework.dynamite:253830000
10-04 18:27:30.449 12320 12320 I DynamiteModule: Selected remote version of com.google.android.gms.cast.framework.dynamite, version >= 253830000
10-04 18:27:30.449 12320 12320 V DynamiteModule: Dynamite loader version >= 2, using loadModule2NoCrashUtils
10-04 18:27:30.458 12320 12320 W System  : ClassLoader referenced unknown path: 
10-04 18:27:30.458 12320 12320 D nativeloader: Configuring clns-5 for other apk . target_sdk_version=36, uses_libraries=, library_path=/data/app/~~YbLCtvpXRVR1XTEK0f7CeA==/com.google.android.gms-z4MN03bkHknvwreHecJE8Q==/lib/arm64:/data/app/~~YbLCtvpXRVR1XTEK0f7CeA==/com.google.android.gms-z4MN03bkHknvwreHecJE8Q==/base.apk!/lib/arm64-v8a, permitted_path=/data:/mnt/expand:/data/user/0/com.google.android.gms
10-04 18:27:30.490 12320 12320 I CastDynamiteModuleImpl: sn created by ClassLoader dalvik.system.DelegateLastClassLoader[DexPathList[[zip file "/data/app/~~YbLCtvpXRVR1XTEK0f7CeA==/com.google.android.gms-z4MN03bkHknvwreHecJE8Q==/split_DynamiteModulesC_installtime.apk"],nativeLibraryDirectories=[/data/app/~~YbLCtvpXRVR1XTEK0f7CeA==/com.google.android.gms-z4MN03bkHknvwreHecJE8Q==/split_DynamiteModulesC_installtime.apk!/lib/arm64-v8a, /system/lib64, /system/system_ext/lib64]]].
10-04 18:27:30.504 12320 12320 V MediaRouter: Audio routes updated: AudioRoutesInfo{ type=HEADSET }, a2dp=false
10-04 18:27:30.504 12320 12320 V MediaRouter: Selecting route: RouteInfo{ name=Headphones, description=null, status=null, category=RouteCategory{ name=System types=ROUTE_TYPE_LIVE_AUDIO ROUTE_TYPE_LIVE_VIDEO  groupable=false }, supportedTypes=ROUTE_TYPE_LIVE_AUDIO ROUTE_TYPE_LIVE_VIDEO , presentationDisplay=null }
10-04 18:27:30.504 12320 12320 I MediaRouter: Skip setBluetoothA2dpOn(): types=1, isPlaybackActive()=false, BT route=null
10-04 18:27:30.507 12320 12320 I MediaRouter: Found default route: MediaRouter.RouteInfo{ uniqueId=DEFAULT_ROUTE, name=Headphones, description=null, iconUri=null, enabled=true, connectionState=0, canDisconnect=false, playbackType=0, playbackStream=3, deviceType=0, volumeHandling=1, volume=13, volumeMax=15, presentationDisplayId=-1, extras=null, settingsIntent=null, providerPackageName=android }
10-04 18:27:30.508 12320 12320 I MediaRouter: Unselecting the current route because it is no longer selectable: null
