10-04 22:42:41.174 25619 25619 I ViewRootImpl@9667ee8[MainActivity]:   fitSides= naviIconColor=0}
10-04 22:42:41.183 25619 25619 D InsetsController: onStateChanged: InsetsState: {mDisplayFrame=Rect(0, 0 - 1080, 2400), mDisplayCutout=DisplayCutout{insets=Rect(0, 88 - 0, 0) waterfall=Insets{left=0, top=0, right=0, bottom=0} boundingRect={Bounds=[Rect(0, 0 - 0, 0), Rect(512, 0 - 568, 88), Rect(0, 0 - 0, 0), Rect(0, 0 - 0, 0)]} cutoutPathParserInfo={CutoutPathParserInfo{displayWidth=1080 displayHeight=2400 physicalDisplayWidth=1080 physicalDisplayHeight=2400 density={2.625} cutoutSpec={M 0,0 M 0,12.25101276465640 a 10.60613009248640,10.60613009248640 0 1,0 0,21.21226018497290 a 10.60613009248640,10.60613009248640 0 1,0 0,-21.21226018497290 Z @dp} rotation={0} scale={1.0} physicalPixelDisplaySizeRatio={1.0}}}}, mRoundedCorners=RoundedCorners{[RoundedCorner{position=TopLeft, radius=84, center=Point(84, 84)}, RoundedCorner{position=TopRight, radius=84, center=Point(996, 84)}, RoundedCorner{position=BottomRight, radius=84, center=Point(996, 2316)}, RoundedCorner{position=BottomLeft, radius=84, center=Point(84, 2316)}]}  mRoundedCornerFrame=Rect(0, 0 - 1080, 2400), mPrivacyIndicatorBounds=PrivacyIndicatorBounds {static bounds=Rect(964, 0 - 1080, 87) rotation=0}, mSources= { InsetsSource: {mType=ITYPE_STATUS_BAR, mFrame=[0,0][1080,88], mVisible=true, mInsetsRoundedCornerFrame=false}, InsetsSource: {mType=ITYPE_NAVIGATION_BAR, mFrame=[0,2361][1080,2400], mVisible=true, mInsetsRoundedCornerFrame=false}, InsetsSource: {mType=ITYPE_LEFT_GESTURES, mFrame=[0,0][130,2400], mVisible=true, mInsetsRoundedCornerFrame=false}, InsetsSource: {mType=ITYPE_RIGHT_GESTURES, mFrame=[950,0][1080,2400], mVisible=true, mInsetsRoundedCornerFrame=false}, InsetsSource: {mType=ITYPE_TOP_MANDATORY_GESTURES, mFrame=[0,0][1080,120], mVisible=true, mInsetsRoundedCornerFrame=false}, InsetsSource: {mType=ITYPE_BOTTOM_MANDATORY_GESTURES, mFrame=[0,2316][1080,2400], mVisible=true, mInsetsRoundedCornerFrame=false}, InsetsSource: {mType=ITYPE_LEFT_DISPLAY_CUTOUT, mFrame=[0,0][-100000,2400], mVisible=true, mInsetsRoundedCornerFrame=false}, InsetsSource: {mType=ITYPE_TOP_DISPLAY_CUTOUT, mFrame=[0,0][1080,88], mVisible=true, mInsetsRoundedCornerFrame=false}, InsetsSource: {mType=ITYPE_RIGHT_DISPLAY_CUTOUT, mFrame=[100000,0][1080,2400], mVisible=true, mInsetsRoundedCornerFrame=false}, InsetsSource: {mType=ITYPE_BOTTOM_DISPLAY_CUTOUT, mFrame=[0,100000][1080,2400], mVisible=true, mInsetsRoundedCornerFrame=false}, InsetsSource: {mType=ITYPE_TOP_TAPPABLE_ELEMENT, mFrame=[0,0][1080,88], mVisible=true, mInsetsRoundedCornerFrame=false}, InsetsSource: {mType=ITYPE_BOTTOM_TAPPABLE_ELEMENT, mFrame=[0,0][0,0], mVisible=true, mInsetsRoundedCornerFrame=false}, InsetsSource: {mType=ITYPE_IME, mFrame=[0,0][0,0], mVisible=false, mInsetsRoundedCornerFrame=false} } host=com.lagradost.cloudstream3/com.lagradost.cloudstream3.MainActivity from=android.view.ViewRootImpl.relayoutWindow:9802
10-04 22:42:41.184 25619 25619 I ViewRootImpl@9667ee8[MainActivity]: updateBlastSurfaceIfNeeded mBlastBufferQueue=null isSameSurfaceControl=false
10-04 22:42:41.184 25619 25619 I BLASTBufferQueue: new BLASTBufferQueue, mName= ViewRootImpl@9667ee8[MainActivity] mNativeObject= 0x7b48f62500 sc.mNativeObject= 0x7af7c6e6a0 caller= android.view.ViewRootImpl.updateBlastSurfaceIfNeeded:2909 android.view.ViewRootImpl.relayoutWindow:9847 android.view.ViewRootImpl.performTraversals:3884 android.view.ViewRootImpl.doTraversal:3116 android.view.ViewRootImpl$TraversalRunnable.run:10885 android.view.Choreographer$CallbackRecord.run:1301 android.view.Choreographer$CallbackRecord.run:1309 android.view.Choreographer.doCallbacks:923 android.view.Choreographer.doFrame:852 android.view.Choreographer$FrameDisplayEventReceiver.run:1283 
10-04 22:42:41.185 25619 25619 I BLASTBufferQueue: update, w= 1080 h= 2400 mName = ViewRootImpl@9667ee8[MainActivity] mNativeObject= 0x7b48f62500 sc.mNativeObject= 0x7af7c6e6a0 format= -2 caller= android.graphics.BLASTBufferQueue.<init>:84 android.view.ViewRootImpl.updateBlastSurfaceIfNeeded:2909 android.view.ViewRootImpl.relayoutWindow:9847 android.view.ViewRootImpl.performTraversals:3884 android.view.ViewRootImpl.doTraversal:3116 android.view.ViewRootImpl$TraversalRunnable.run:10885 
10-04 22:42:41.185 25619 25619 I ViewRootImpl@9667ee8[MainActivity]: Relayout returned: old=(0,0,1080,2400) new=(0,0,1080,2400) req=(1080,2400)0 dur=10 res=0x1 s={true 0x7af7d1a000} ch=true seqId=0
10-04 22:42:41.185 25619 25619 I ViewRootImpl@9667ee8[MainActivity]: mThreadedRenderer.initialize() mSurface={isValid=true 0x7af7d1a000} hwInitialized=true
10-04 22:42:41.185 25619 25644 D OpenGLRenderer: eglCreateWindowSurface
10-04 22:42:41.185 25619 25619 I ViewRootImpl@9667ee8[MainActivity]: reportNextDraw android.view.ViewRootImpl.performTraversals:4438 android.view.ViewRootImpl.doTraversal:3116 android.view.ViewRootImpl$TraversalRunnable.run:10885 android.view.Choreographer$CallbackRecord.run:1301 android.view.Choreographer$CallbackRecord.run:1309 
10-04 22:42:41.185 25619 25619 I ViewRootImpl@9667ee8[MainActivity]: Setup new sync id=1
10-04 22:42:41.185 25619 25619 I ViewRootImpl@9667ee8[MainActivity]: Setting syncFrameCallback
10-04 22:42:41.186 25619 25619 I ViewRootImpl@9667ee8[MainActivity]: registerCallbacksForSync syncBuffer=false
10-04 22:42:41.189 25619 25751 I ViewRootImpl@9667ee8[MainActivity]: Received frameDrawingCallback syncResult=0 frameNum=1.
10-04 22:42:41.189 25619 25751 I ViewRootImpl@9667ee8[MainActivity]: Setting up sync and frameCommitCallback
10-04 22:42:41.194 25619 25644 I BLASTBufferQueue: [ViewRootImpl@9667ee8[MainActivity]#7](f:0,a:0) onFrameAvailable the first frame is available
10-04 22:42:41.194 25619 25644 I ViewRootImpl@9667ee8[MainActivity]: Received frameCommittedCallback lastAttemptedDrawFrameNum=1 didProduceBuffer=true
10-04 22:42:41.196 25619 25619 I ViewRootImpl@9667ee8[MainActivity]: onSyncComplete
10-04 22:42:41.196 25619 25619 I ViewRootImpl@9667ee8[MainActivity]: setupSync seqId=0 mSyncId=1 fn=1 caller=android.view.ViewRootImpl$$ExternalSyntheticLambda11.accept:6 android.window.SurfaceSyncer.lambda$setupSync$1$android-window-SurfaceSyncer:128 android.window.SurfaceSyncer$$ExternalSyntheticLambda1.accept:8 android.window.SurfaceSyncer$SyncSet.checkIfSyncIsComplete:382 android.window.SurfaceSyncer$SyncSet.markSyncReady:359 android.window.SurfaceSyncer.markSyncReady:151 android.view.ViewRootImpl.performTraversals:4503 
10-04 22:42:41.196 25619 25619 I ViewRootImpl@9667ee8[MainActivity]: reportDrawFinished seqId=0 mSyncId=-1 fn=1 mSurfaceChangedTransaction=0x7b49132f00
10-04 22:42:41.198 25619 25619 W PanelsChildGestureRegionObserver: failed to register view with ID 2131362800. already registered
10-04 22:42:41.209 25619 25619 I DecorView: notifyKeepScreenOnChanged: keepScreenOn=false
10-04 22:42:41.213 25619 25750 D SurfaceView@6872cca: updateSurfacePosition RenderWorker, frameNr = 389, position = [54, -431, 1026, 43] surfaceSize = 1080x525
10-04 22:42:41.213 25619 25750 I SurfaceView@6872cca: uSP: rtp = Rect(54, -431 - 1026, 43) rtsw = 1080 rtsh = 525
10-04 22:42:41.213 25619 25750 I SurfaceView@6872cca: onSSPAndSRT: pl = 54 pt = -431 sx = 0.9 sy = 0.9028571
10-04 22:42:41.213 25619 25750 I SurfaceView@6872cca: aOrMT: ViewRootImpl@fb2a030[MainActivity] t = android.view.SurfaceControl$Transaction@bb862a3 fN = 389 android.view.SurfaceView.-$$Nest$mapplyOrMergeTransaction:0 android.view.SurfaceView$SurfaceViewPositionUpdateListener.positionChanged:1537 android.graphics.RenderNode$CompositePositionUpdateListener.positionChanged:373 
10-04 22:42:41.213 25619 25750 I ViewRootImpl@fb2a030[MainActivity]: mWNT: t=0x7b28f9af00 mBlastBufferQueue=0x7b48ed4d00 fn= 389 caller= android.view.SurfaceView.applyOrMergeTransaction:1455 android.view.SurfaceView.-$$Nest$mapplyOrMergeTransaction:0 android.view.SurfaceView$SurfaceViewPositionUpdateListener.positionChanged:1537 
10-04 22:42:41.214 25619 25619 I ViewRootImpl@9667ee8[MainActivity]: performTraversals params={(0,0)(fillxfill) gr=CENTER sim={adjust=resize} ty=APPLICATION fmt=TRANSPARENT wanim=0x7f14000b
10-04 22:42:41.214 25619 25619 I ViewRootImpl@9667ee8[MainActivity]:   fl=85810100
10-04 22:42:41.214 25619 25619 I ViewRootImpl@9667ee8[MainActivity]:   pfl=12020040
10-04 22:42:41.214 25619 25619 I ViewRootImpl@9667ee8[MainActivity]:   vsysui=500
10-04 22:42:41.214 25619 25619 I ViewRootImpl@9667ee8[MainActivity]:   bhv=DEFAULT
10-04 22:42:41.214 25619 25619 I ViewRootImpl@9667ee8[MainActivity]:   fitSides= naviIconColor=0}
10-04 22:42:41.214 25619 25619 I ViewRootImpl@9667ee8[MainActivity]: performTraversals mFirst=false windowShouldResize=false viewVisibilityChanged=false mForceNextWindowRelayout=false params={(0,0)(fillxfill) gr=CENTER sim={adjust=resize} ty=APPLICATION fmt=TRANSPARENT wanim=0x7f14000b
10-04 22:42:41.214 25619 25619 I ViewRootImpl@9667ee8[MainActivity]:   fl=85810100
10-04 22:42:41.214 25619 25619 I ViewRootImpl@9667ee8[MainActivity]:   pfl=12020040
10-04 22:42:41.214 25619 25619 I ViewRootImpl@9667ee8[MainActivity]:   vsysui=500
10-04 22:42:41.214 25619 25619 I ViewRootImpl@9667ee8[MainActivity]:   bhv=DEFAULT
10-04 22:42:41.214 25619 25619 I ViewRootImpl@9667ee8[MainActivity]:   fitSides= naviIconColor=0}
10-04 22:42:41.219 25619 25619 I ViewRootImpl@9667ee8[MainActivity]: updateBlastSurfaceIfNeeded mBlastBufferQueue=0x7b48f62500 isSameSurfaceControl=true
10-04 22:42:41.220 25619 25619 I BLASTBufferQueue: update, w= 1080 h= 2400 mName = ViewRootImpl@9667ee8[MainActivity] mNativeObject= 0x7b48f62500 sc.mNativeObject= 0x7af79aa7c0 format= -2 caller= android.view.ViewRootImpl.updateBlastSurfaceIfNeeded:2898 android.view.ViewRootImpl.relayoutWindow:9847 android.view.ViewRootImpl.performTraversals:3884 android.view.ViewRootImpl.doTraversal:3116 android.view.ViewRootImpl$TraversalRunnable.run:10885 android.view.Choreographer$CallbackRecord.run:1301 
10-04 22:42:41.220 25619 25619 I ViewRootImpl@9667ee8[MainActivity]: Relayout returned: old=(0,0,1080,2400) new=(0,0,1080,2400) req=(1080,2400)0 dur=5 res=0x0 s={true 0x7af7d1a000} ch=false seqId=0
10-04 22:42:41.221 25619 25619 I SurfaceView@6872cca: onWindowVisibilityChanged(8) false android.view.SurfaceView{6872cca V.E...... ........ 0,0-1080,525} of ViewRootImpl@fb2a030[MainActivity]
10-04 22:42:41.221 25619 25619 I SurfaceView@6872cca: Changes: creating=false format=false size=false visible=true alpha=false hint=false mUseAlpha=false visible=true left=false top=false
10-04 22:42:41.221 25619 25619 I SurfaceView@6872cca: 109522122 Cur surface: Surface(name=null)/@0xe29e746
10-04 22:42:41.222 25619 25619 I SurfaceView@6872cca: applyTransactionOnVriDraw: vri = ViewRootImpl@fb2a030[MainActivity] fRS = false t = 0x7af7d2c100 android.view.SurfaceView.performSurfaceTransaction:959 android.view.SurfaceView.updateSurface:1105 android.view.SurfaceView.onWindowVisibilityChanged:371 
10-04 22:42:41.222 25619 25619 I ViewRootImpl@fb2a030[MainActivity]: applyTransactionOnDraw: mRemoved = false isHardwareEnabled = true t = 0x7af7d2c100android.view.SurfaceView.applyTransactionOnVriDraw:2048 android.view.SurfaceView.performSurfaceTransaction:959 android.view.SurfaceView.updateSurface:1105 android.view.SurfaceView.onWindowVisibilityChanged:371 android.view.View.dispatchDetachedFromWindow:22529 
10-04 22:42:41.222 25619 25619 I SurfaceView@6872cca: surfaceDestroyed
10-04 22:42:41.222 25619 25619 I SurfaceView@6872cca: surfaceDestroyed callback.size 0 #2 android.view.SurfaceView{6872cca V.E...... ........ 0,0-1080,525}
10-04 22:42:41.222 25619 25619 I SurfaceView@6872cca: updateSurface: mVisible = false mSurface.isValid() = true
10-04 22:42:41.222 25619 25619 I SurfaceView@6872cca: releaseSurfaces: viewRoot = ViewRootImpl@fb2a030[MainActivity]
10-04 22:42:41.223 25619 25619 I SurfaceView@6872cca: applyTransactionOnVriDraw: vri = ViewRootImpl@fb2a030[MainActivity] fRS = true t = 0x7af7d2c400 android.view.SurfaceView.releaseSurfaces:858 android.view.SurfaceView.updateSurface:1172 android.view.SurfaceView.onWindowVisibilityChanged:371 
10-04 22:42:41.223 25619 25619 I SurfaceView@6872cca: applyTransactionOnVriDraw: viewRoot.applyTransactionOnDrawFromReleaseSurfaces
10-04 22:42:41.223 25619 25619 I ViewRootImpl@fb2a030[MainActivity]: applyTransactionOnDraw: mRemoved = false isHardwareEnabled = true t = 0x7af7d2c400android.view.ViewRootImpl.applyTransactionOnDrawFromReleaseSurfaces:12850 android.view.SurfaceView.applyTransactionOnVriDraw:2046 android.view.SurfaceView.releaseSurfaces:858 android.view.SurfaceView.updateSurface:1172 android.view.SurfaceView.onWindowVisibilityChanged:371 
10-04 22:42:41.223 25619 25619 V SurfaceView@6872cca: Layout: x=0 y=-609 w=1080 h=525, frame=Rect(0, 0 - 1080, 525)
10-04 22:42:41.223 25619 25619 I SurfaceView@6872cca: onDetachedFromWindow: tryReleaseSurfaces()
10-04 22:42:41.223 25619 25619 I SurfaceView@6872cca: releaseSurfaces: viewRoot = ViewRootImpl@fb2a030[MainActivity]
10-04 22:42:41.223 25619 25619 I SurfaceView@6872cca: applyTransactionOnVriDraw: vri = ViewRootImpl@fb2a030[MainActivity] fRS = true t = 0x7af7a4ce00 android.view.SurfaceView.releaseSurfaces:858 android.view.SurfaceView.onDetachedFromWindow:500 android.view.View.dispatchDetachedFromWindow:22538 
10-04 22:42:41.223 25619 25619 I SurfaceView@6872cca: applyTransactionOnVriDraw: viewRoot.applyTransactionOnDrawFromReleaseSurfaces
10-04 22:42:41.223 25619 25619 I ViewRootImpl@fb2a030[MainActivity]: applyTransactionOnDraw: mRemoved = false isHardwareEnabled = true t = 0x7af7a4ce00android.view.ViewRootImpl.applyTransactionOnDrawFromReleaseSurfaces:12850 android.view.SurfaceView.applyTransactionOnVriDraw:2046 android.view.SurfaceView.releaseSurfaces:858 android.view.SurfaceView.onDetachedFromWindow:500 android.view.View.dispatchDetachedFromWindow:22538 
10-04 22:42:41.233 25619 25619 I DecorView: notifyKeepScreenOnChanged: keepScreenOn=false
10-04 22:42:41.234 25619 25619 I CS3ExoPlayer: releasePlayer
10-04 22:42:41.234 25619 25619 I CS3ExoPlayer: Handle event: PlayerAttachedEvent(player=null, source=Player)
10-04 22:42:41.235 25619 25619 I DecorView: notifyKeepScreenOnChanged: keepScreenOn=false
10-04 22:42:41.236 25619 25619 I ViewRootImpl@fb2a030[MainActivity]: MSG_WINDOW_FOCUS_CHANGED 0 0
10-04 22:42:41.238 25619 25619 I ViewRootImpl@9667ee8[MainActivity]: MSG_WINDOW_FOCUS_CHANGED 1 0
10-04 22:42:41.238 25619 25619 I ViewRootImpl@9667ee8[MainActivity]: mThreadedRenderer.initializeIfNeeded()#2 mSurface={isValid=true 0x7af7d1a000}
10-04 22:42:41.239 25619 25619 D InputMethodManager: startInputInner - Id : 0
10-04 22:42:41.239 25619 25619 I InputMethodManager: startInputInner - mService.startInputOrWindowGainedFocus
10-04 22:42:41.242 25619 25619 I ViewRootImpl@fb2a030[MainActivity]: performTraversals params={(0,0)(fillxfill) sim={state=always_hidden adjust=resize} ty=BASE_APPLICATION wanim=0x1030309
10-04 22:42:41.242 25619 25619 I ViewRootImpl@fb2a030[MainActivity]:   fl=85810100
10-04 22:42:41.242 25619 25619 I ViewRootImpl@fb2a030[MainActivity]:   pfl=12020040
10-04 22:42:41.242 25619 25619 I ViewRootImpl@fb2a030[MainActivity]:   vsysui=500
10-04 22:42:41.242 25619 25619 I ViewRootImpl@fb2a030[MainActivity]:   bhv=DEFAULT
10-04 22:42:41.242 25619 25619 I ViewRootImpl@fb2a030[MainActivity]:   fitSides= naviIconColor=0}
10-04 22:42:41.242 25619 25619 I ViewRootImpl@fb2a030[MainActivity]: performTraversals mFirst=false windowShouldResize=false viewVisibilityChanged=false mForceNextWindowRelayout=false params={(0,0)(fillxfill) sim={state=always_hidden adjust=resize} ty=BASE_APPLICATION fmt=TRANSLUCENT wanim=0x1030309
10-04 22:42:41.242 25619 25619 I ViewRootImpl@fb2a030[MainActivity]:   fl=85810100
10-04 22:42:41.242 25619 25619 I ViewRootImpl@fb2a030[MainActivity]:   pfl=12020040
10-04 22:42:41.242 25619 25619 I ViewRootImpl@fb2a030[MainActivity]:   vsysui=500
10-04 22:42:41.242 25619 25619 I ViewRootImpl@fb2a030[MainActivity]:   bhv=DEFAULT
10-04 22:42:41.242 25619 25619 I ViewRootImpl@fb2a030[MainActivity]:   fitSides= naviIconColor=0}
10-04 22:42:41.249 25619 25619 I ViewRootImpl@fb2a030[MainActivity]: updateBlastSurfaceIfNeeded mBlastBufferQueue=0x7b48ed4d00 isSameSurfaceControl=true
10-04 22:42:41.250 25619 25619 I BLASTBufferQueue: update, w= 1080 h= 2400 mName = ViewRootImpl@fb2a030[MainActivity] mNativeObject= 0x7b48ed4d00 sc.mNativeObject= 0x7bcd56d3e0 format= -3 caller= android.view.ViewRootImpl.updateBlastSurfaceIfNeeded:2898 android.view.ViewRootImpl.relayoutWindow:9847 android.view.ViewRootImpl.performTraversals:3884 android.view.ViewRootImpl.doTraversal:3116 android.view.ViewRootImpl$TraversalRunnable.run:10885 android.view.Choreographer$CallbackRecord.run:1301 
10-04 22:42:41.250 25619 25619 I ViewRootImpl@fb2a030[MainActivity]: Relayout returned: old=(0,0,1080,2400) new=(0,0,1080,2400) req=(1080,2400)0 dur=7 res=0x0 s={true 0x7b5ed7c800} ch=false seqId=0
10-04 22:42:41.250 25619 25619 I ViewRootImpl@fb2a030[MainActivity]: updateBoundsLayer: t = android.view.SurfaceControl$Transaction@17c2140 sc = Surface(name=Bounds for - com.lagradost.cloudstream3/com.lagradost.cloudstream3.MainActivity@0)/@0xb7bd879 frame = 390
10-04 22:42:41.250 25619 25619 I ViewRootImpl@fb2a030[MainActivity]: mWNT: t=0x7b5ee81300 mBlastBufferQueue=0x7b48ed4d00 fn= 390 caller= android.view.ViewRootImpl.prepareSurfaces:2985 android.view.ViewRootImpl.performTraversals:4233 android.view.ViewRootImpl.doTraversal:3116 
10-04 22:42:41.251 25619 25644 D SurfaceView@6872cca: windowPositionLost, frameNr = 390
10-04 22:42:41.252 25619 25751 I ViewRootImpl@fb2a030[MainActivity]: mWNT: t=0x7af7d2c100 mBlastBufferQueue=0x7b48ed4d00 fn= 390 caller= android.view.ViewRootImpl.lambda$applyTransactionOnDraw$11$android-view-ViewRootImpl:12865 android.view.ViewRootImpl$$ExternalSyntheticLambda1.onFrameDraw:4 android.graphics.HardwareRenderer$FrameDrawingCallback.onFrameDraw:924 
10-04 22:42:41.252 25619 25751 I ViewRootImpl@fb2a030[MainActivity]: mWNT: t=0x7af7d2c400 mBlastBufferQueue=0x7b48ed4d00 fn= 390 caller= android.view.ViewRootImpl.lambda$applyTransactionOnDraw$11$android-view-ViewRootImpl:12865 android.view.ViewRootImpl$$ExternalSyntheticLambda1.onFrameDraw:4 android.graphics.HardwareRenderer$FrameDrawingCallback.onFrameDraw:924 
10-04 22:42:41.252 25619 25751 I ViewRootImpl@fb2a030[MainActivity]: mWNT: t=0x7af7a4ce00 mBlastBufferQueue=0x7b48ed4d00 fn= 390 caller= android.view.ViewRootImpl.lambda$applyTransactionOnDraw$11$android-view-ViewRootImpl:12865 android.view.ViewRootImpl$$ExternalSyntheticLambda1.onFrameDraw:4 android.graphics.HardwareRenderer$FrameDrawingCallback.onFrameDraw:924 
10-04 22:42:41.905 25619 25619 I ViewRootImpl@9667ee8[MainActivity]: ViewPostIme pointer 0
10-04 22:42:41.963 25619 25619 I ViewRootImpl@9667ee8[MainActivity]: ViewPostIme pointer 1
10-04 22:42:41.980 25619 25619 I NavComponent: Navigating to fragment: 2131362274
10-04 22:42:41.986 25619 25619 I IMM_LC  : hsifw() - flag : 0
10-04 22:42:41.986 25619 25619 I IMM_LC  : hsifw() ignore mServedView == null or mServedView.getWindowToken() != windowToken, mServedView :DecorView@9ae9764[MainActivity]
10-04 22:42:41.989 25619 25619 I MSHandlerLifeCycle: check: return. pkg=com.lagradost.cloudstream3 isActivity=false callers=com.android.internal.policy.DecorView.setVisibility:4412 android.app.Dialog.hide:767 com.lagradost.cloudstream3.utils.AppContextUtils.ownHide:123 com.lagradost.cloudstream3.ui.home.HomeFragment$Companion.loadHomepageList$lambda$3:185 com.lagradost.cloudstream3.ui.home.HomeFragment$Companion.$r8$lambda$MoQSIPnUiyzkK5n4sMwjTMvpPNA:0 
10-04 22:42:41.989 25619 25619 I MSHandlerLifeCycle: removeMultiSplitHandler: no exist. decor=DecorView@9ae9764[MainActivity]
10-04 22:42:42.012 25619 25619 D ScrollView: initGoToTop
10-04 22:42:42.272 25619 25619 I SurfaceView@de0ae1: onWindowVisibilityChanged(0) true android.view.SurfaceView{de0ae1 V.E...... ......I. 0,0-0,0} of ViewRootImpl@fb2a030[MainActivity]
10-04 22:42:42.272 25619 25619 D SurfaceView@de0ae1: updateSurface: has no frame
10-04 22:42:42.277 25619 25619 I CS3ExoPlayer: SET STYLE = SaveCaptionStyle(foregroundColor=-1, backgroundColor=0, windowColor=0, edgeType=1, edgeColor=-16777216, typeface=null, typefaceFilePath=null, elevation=20, fixedTextSize=null, edgeSize=null, removeCaptions=false, removeBloat=true, upperCase=false, bold=false, italic=false, backgroundRadius=null)
10-04 22:42:42.286 25619 25619 I IMM_LC  : hsifw() - flag : 0
10-04 22:42:42.286 25619 25619 I IMM_LC  : hsifw() ignore mServedView == null or mServedView.getWindowToken() != windowToken, mServedView :DecorView@9ae9764[MainActivity]
10-04 22:42:42.287 25619 25680 I SYNCVM  : addFromUrl = https://wecima.now/watch/%d9%85%d8%b4%d8%a7%d9%87%d8%af%d8%a9-%d9%85%d8%b3%d9%84%d8%b3%d9%84-loves-ambition-%d9%85%d9%88%d8%b3%d9%85-1-%d8%ad%d9%84%d9%82%d8%a9-8/
10-04 22:42:42.287 25619 25680 I SYNCUTIL: getIdsFromUrl https://wecima.now/watch/%d9%85%d8%b4%d8%a7%d9%87%d8%af%d8%a9-%d9%85%d8%b3%d9%84%d8%b3%d9%84-loves-ambition-%d9%85%d9%88%d8%b3%d9%85-1-%d8%ad%d9%84%d9%82%d8%a9-8/
10-04 22:42:42.297 25619 25619 I SurfaceView@de0ae1: onWindowVisibilityChanged(8) false android.view.SurfaceView{de0ae1 V.E...... ......I. 0,0-0,0} of ViewRootImpl@fb2a030[MainActivity]
10-04 22:42:42.297 25619 25619 D SurfaceView@de0ae1: updateSurface: has no frame
10-04 22:42:42.297 25619 25619 D SurfaceView@de0ae1: updateSurface: has no frame
10-04 22:42:42.297 25619 25619 I SurfaceView@de0ae1: onDetachedFromWindow: tryReleaseSurfaces()
10-04 22:42:42.297 25619 25619 I SurfaceView@de0ae1: releaseSurfaces: viewRoot = ViewRootImpl@fb2a030[MainActivity]
10-04 22:42:42.297 25619 25619 I SurfaceView@de0ae1: applyTransactionOnVriDraw: vri = ViewRootImpl@fb2a030[MainActivity] fRS = true t = 0x7af78edf00 android.view.SurfaceView.releaseSurfaces:858 android.view.SurfaceView.onDetachedFromWindow:500 android.view.View.dispatchDetachedFromWindow:22538 
10-04 22:42:42.297 25619 25619 I SurfaceView@de0ae1: applyTransactionOnVriDraw: viewRoot.applyTransactionOnDrawFromReleaseSurfaces
10-04 22:42:42.297 25619 25619 I ViewRootImpl@fb2a030[MainActivity]: applyTransactionOnDraw: mRemoved = false isHardwareEnabled = true t = 0x7af78edf00android.view.ViewRootImpl.applyTransactionOnDrawFromReleaseSurfaces:12850 android.view.SurfaceView.applyTransactionOnVriDraw:2046 android.view.SurfaceView.releaseSurfaces:858 android.view.SurfaceView.onDetachedFromWindow:500 android.view.View.dispatchDetachedFromWindow:22538 
10-04 22:42:42.299 25619 25619 I SurfaceView@de0ae1: onWindowVisibilityChanged(0) true android.view.SurfaceView{de0ae1 V.E...... ......I. 0,0-0,0} of ViewRootImpl@fb2a030[MainActivity]
10-04 22:42:42.299 25619 25619 D SurfaceView@de0ae1: updateSurface: has no frame
10-04 22:42:42.301 25619 25619 I DecorView: notifyKeepScreenOnChanged: keepScreenOn=false
10-04 22:42:42.311 25619 25619 I CS3ExoPlayer: reloadPlayer
10-04 22:42:42.311 25619 25619 I CS3ExoPlayer: releasePlayer
10-04 22:42:42.311 25619 25619 I CS3ExoPlayer: Handle event: PlayerAttachedEvent(player=null, source=Player)
10-04 22:42:42.317 25619 25619 I ViewRootImpl@fb2a030[MainActivity]: performTraversals params={(0,0)(fillxfill) sim={state=always_hidden adjust=resize} ty=BASE_APPLICATION wanim=0x1030309
10-04 22:42:42.317 25619 25619 I ViewRootImpl@fb2a030[MainActivity]:   fl=85810100
10-04 22:42:42.317 25619 25619 I ViewRootImpl@fb2a030[MainActivity]:   pfl=12020040
10-04 22:42:42.317 25619 25619 I ViewRootImpl@fb2a030[MainActivity]:   vsysui=500
10-04 22:42:42.317 25619 25619 I ViewRootImpl@fb2a030[MainActivity]:   bhv=DEFAULT
10-04 22:42:42.317 25619 25619 I ViewRootImpl@fb2a030[MainActivity]:   fitSides= naviIconColor=0}
10-04 22:42:42.317 25619 25619 I ViewRootImpl@fb2a030[MainActivity]: performTraversals mFirst=false windowShouldResize=false viewVisibilityChanged=false mForceNextWindowRelayout=false params={(0,0)(fillxfill) sim={state=always_hidden adjust=resize} ty=BASE_APPLICATION fmt=TRANSLUCENT wanim=0x1030309
10-04 22:42:42.317 25619 25619 I ViewRootImpl@fb2a030[MainActivity]:   fl=85810100
10-04 22:42:42.317 25619 25619 I ViewRootImpl@fb2a030[MainActivity]:   pfl=12020040
10-04 22:42:42.317 25619 25619 I ViewRootImpl@fb2a030[MainActivity]:   vsysui=500
10-04 22:42:42.317 25619 25619 I ViewRootImpl@fb2a030[MainActivity]:   bhv=DEFAULT
10-04 22:42:42.317 25619 25619 I ViewRootImpl@fb2a030[MainActivity]:   fitSides= naviIconColor=0}
10-04 22:42:42.327 25619 25619 I ViewRootImpl@fb2a030[MainActivity]: updateBlastSurfaceIfNeeded mBlastBufferQueue=0x7b48ed4d00 isSameSurfaceControl=true
10-04 22:42:42.327 25619 25619 I BLASTBufferQueue: update, w= 1080 h= 2400 mName = ViewRootImpl@fb2a030[MainActivity] mNativeObject= 0x7b48ed4d00 sc.mNativeObject= 0x7b0011c820 format= -3 caller= android.view.ViewRootImpl.updateBlastSurfaceIfNeeded:2898 android.view.ViewRootImpl.relayoutWindow:9847 android.view.ViewRootImpl.performTraversals:3884 android.view.ViewRootImpl.doTraversal:3116 android.view.ViewRootImpl$TraversalRunnable.run:10885 android.view.Choreographer$CallbackRecord.run:1301 
10-04 22:42:42.327 25619 25619 I ViewRootImpl@fb2a030[MainActivity]: Relayout returned: old=(0,0,1080,2400) new=(0,0,1080,2400) req=(1080,2400)0 dur=10 res=0x0 s={true 0x7b5ed7c800} ch=false seqId=0
10-04 22:42:42.327 25619 25619 I ViewRootImpl@fb2a030[MainActivity]: updateBoundsLayer: t = android.view.SurfaceControl$Transaction@17c2140 sc = Surface(name=Bounds for - com.lagradost.cloudstream3/com.lagradost.cloudstream3.MainActivity@0)/@0xb7bd879 frame = 392
10-04 22:42:42.327 25619 25619 I ViewRootImpl@fb2a030[MainActivity]: mWNT: t=0x7b5ee81300 mBlastBufferQueue=0x7b48ed4d00 fn= 392 caller= android.view.ViewRootImpl.prepareSurfaces:2985 android.view.ViewRootImpl.performTraversals:4233 android.view.ViewRootImpl.doTraversal:3116 
10-04 22:42:42.329 25619 25619 W View    : requestLayout() improperly called by android.widget.FrameLayout{21a2054 I.E...... ......I. 0,0-0,0 #7f0a04e7 app:id/start_panel} during layout: running second layout pass
10-04 22:42:42.329 25619 25619 W View    : requestLayout() improperly called by android.widget.FrameLayout{ff18bfd I.E...... ......ID 1080,0-1080,2143 #7f0a0168 app:id/end_panel} during layout: running second layout pass
10-04 22:42:42.330 25619 25619 D SurfaceView@de0ae1: updateSurface: has no frame
10-04 22:42:42.335 25619 25750 I ViewRootImpl@fb2a030[MainActivity]: mWNT: t=0x7af78edf00 mBlastBufferQueue=0x7b48ed4d00 fn= 392 caller= android.view.ViewRootImpl.lambda$applyTransactionOnDraw$11$android-view-ViewRootImpl:12865 android.view.ViewRootImpl$$ExternalSyntheticLambda1.onFrameDraw:4 android.graphics.HardwareRenderer$FrameDrawingCallback.onFrameDraw:924 
10-04 22:42:42.347 25619 25644 D OpenGLRenderer: setSurface called with nullptr
10-04 22:42:42.347 25619 25644 D OpenGLRenderer: setSurface() destroyed EGLSurface
10-04 22:42:42.347 25619 25644 D OpenGLRenderer: destroyEglSurface
10-04 22:42:42.351 25619 25619 I ViewRootImpl@9667ee8[MainActivity]: performTraversals mFirst=false windowShouldResize=false viewVisibilityChanged=true mForceNextWindowRelayout=false params={(0,0)(fillxfill) gr=CENTER sim={adjust=pan} ty=APPLICATION fmt=TRANSPARENT wanim=0x7f14000b
10-04 22:42:42.351 25619 25619 I ViewRootImpl@9667ee8[MainActivity]:   fl=85810100
10-04 22:42:42.351 25619 25619 I ViewRootImpl@9667ee8[MainActivity]:   pfl=12020040
10-04 22:42:42.351 25619 25619 I ViewRootImpl@9667ee8[MainActivity]:   vsysui=500
10-04 22:42:42.351 25619 25619 I ViewRootImpl@9667ee8[MainActivity]:   bhv=DEFAULT
10-04 22:42:42.351 25619 25619 I ViewRootImpl@9667ee8[MainActivity]:   fitSides= naviIconColor=0}
10-04 22:42:42.370 25619 25619 D InsetsController: onStateChanged: InsetsState: {mDisplayFrame=Rect(0, 0 - 1080, 2400), mDisplayCutout=DisplayCutout{insets=Rect(0, 88 - 0, 0) waterfall=Insets{left=0, top=0, right=0, bottom=0} boundingRect={Bounds=[Rect(0, 0 - 0, 0), Rect(512, 0 - 568, 88), Rect(0, 0 - 0, 0), Rect(0, 0 - 0, 0)]} cutoutPathParserInfo={CutoutPathParserInfo{displayWidth=1080 displayHeight=2400 physicalDisplayWidth=1080 physicalDisplayHeight=2400 density={2.625} cutoutSpec={M 0,0 M 0,12.25101276465640 a 10.60613009248640,10.60613009248640 0 1,0 0,21.21226018497290 a 10.60613009248640,10.60613009248640 0 1,0 0,-21.21226018497290 Z @dp} rotation={0} scale={1.0} physicalPixelDisplaySizeRatio={1.0}}}}, mRoundedCorners=RoundedCorners{[RoundedCorner{position=TopLeft, radius=84, center=Point(84, 84)}, RoundedCorner{position=TopRight, radius=84, center=Point(996, 84)}, RoundedCorner{position=BottomRight, radius=84, center=Point(996, 2316)}, RoundedCorner{position=BottomLeft, radius=84, center=Point(84, 2316)}]}  mRoundedCornerFrame=Rect(0, 0 - 1080, 2400), mPrivacyIndicatorBounds=PrivacyIndicatorBounds {static bounds=Rect(964, 0 - 1080, 87) rotation=0}, mSources= { InsetsSource: {mType=ITYPE_STATUS_BAR, mFrame=[0,0][1080,88], mVisible=true, mInsetsRoundedCornerFrame=false}, InsetsSource: {mType=ITYPE_NAVIGATION_BAR, mFrame=[0,2361][1080,2400], mVisible=true, mInsetsRoundedCornerFrame=false}, InsetsSource: {mType=ITYPE_LEFT_GESTURES, mFrame=[0,0][130,2400], mVisible=true, mInsetsRoundedCornerFrame=false}, InsetsSource: {mType=ITYPE_RIGHT_GESTURES, mFrame=[950,0][1080,2400], mVisible=true, mInsetsRoundedCornerFrame=false}, InsetsSource: {mType=ITYPE_TOP_MANDATORY_GESTURES, mFrame=[0,0][1080,120], mVisible=true, mInsetsRoundedCornerFrame=false}, InsetsSource: {mType=ITYPE_BOTTOM_MANDATORY_GESTURES, mFrame=[0,2316][1080,2400], mVisible=true, mInsetsRoundedCornerFrame=false}, InsetsSource: {mType=ITYPE_LEFT_DISPLAY_CUTOUT, mFrame=[0,0][-100000,2400], mVisible=true, mInsetsRoundedCornerFrame=false}, InsetsSource: {mType=ITYPE_TOP_DISPLAY_CUTOUT, mFrame=[0,0][1080,88], mVisible=true, mInsetsRoundedCornerFrame=false}, InsetsSource: {mType=ITYPE_RIGHT_DISPLAY_CUTOUT, mFrame=[100000,0][1080,2400], mVisible=true, mInsetsRoundedCornerFrame=false}, InsetsSource: {mType=ITYPE_BOTTOM_DISPLAY_CUTOUT, mFrame=[0,100000][1080,2400], mVisible=true, mInsetsRoundedCornerFrame=false}, InsetsSource: {mType=ITYPE_TOP_TAPPABLE_ELEMENT, mFrame=[0,0][1080,88], mVisible=true, mInsetsRoundedCornerFrame=false}, InsetsSource: {mType=ITYPE_BOTTOM_TAPPABLE_ELEMENT, mFrame=[0,0][0,0], mVisible=true, mInsetsRoundedCornerFrame=false} } host=com.lagradost.cloudstream3/com.lagradost.cloudstream3.MainActivity from=android.view.ViewRootImpl.relayoutWindow:9802
10-04 22:42:42.373 25619 25619 I ViewRootImpl@9667ee8[MainActivity]: Relayout returned: old=(0,0,1080,2400) new=(0,0,1080,2400) req=(1080,2400)8 dur=21 res=0x2 s={false 0x0} ch=true seqId=0
10-04 22:42:42.376 25619 25619 D SurfaceView@de0ae1: updateSurface: has no frame
10-04 22:42:42.380 25619 25619 D SurfaceView@de0ae1: updateSurface: has no frame
10-04 22:42:42.395 25619 25619 D SurfaceView@de0ae1: updateSurface: has no frame
10-04 22:42:42.414 25619 25619 I ViewRootImpl@9667ee8[MainActivity]: MSG_WINDOW_FOCUS_CHANGED 0 0
10-04 22:42:42.416 25619 25619 I ViewRootImpl@fb2a030[MainActivity]: MSG_WINDOW_FOCUS_CHANGED 1 0
10-04 22:42:42.416 25619 25619 I ViewRootImpl@fb2a030[MainActivity]: mThreadedRenderer.initializeIfNeeded()#2 mSurface={isValid=true 0x7b5ed7c800}
10-04 22:42:42.422 25619 25619 D InputMethodManager: startInputInner - Id : 0
10-04 22:42:42.422 25619 25619 I InputMethodManager: startInputInner - mService.startInputOrWindowGainedFocus
10-04 22:42:42.427 25619 25619 D SurfaceView@de0ae1: updateSurface: has no frame
10-04 22:42:42.445 25619 25619 D SurfaceView@de0ae1: updateSurface: has no frame
10-04 22:42:42.462 25619 25619 D SurfaceView@de0ae1: updateSurface: has no frame
10-04 22:42:42.471 25619 25619 I MSHandlerLifeCycle: check: return. pkg=com.lagradost.cloudstream3 isActivity=false callers=com.android.internal.policy.DecorView.setVisibility:4412 android.app.Dialog.hide:767 com.lagradost.cloudstream3.utils.AppContextUtils.ownHide:123 com.lagradost.cloudstream3.ui.home.HomeFragment.onDestroyView:459 androidx.fragment.app.Fragment.performDestroyView:3357 
10-04 22:42:42.471 25619 25619 I MSHandlerLifeCycle: removeMultiSplitHandler: no exist. decor=DecorView@9ae9764[MainActivity]
10-04 22:42:42.478 25619 25619 D SurfaceView@de0ae1: updateSurface: has no frame
10-04 22:42:42.495 25619 25619 D SurfaceView@de0ae1: updateSurface: has no frame
10-04 22:42:42.512 25619 25619 D SurfaceView@de0ae1: updateSurface: has no frame
10-04 22:42:42.528 25619 25619 D SurfaceView@de0ae1: updateSurface: has no frame
10-04 22:42:42.545 25619 25619 D SurfaceView@de0ae1: updateSurface: has no frame
10-04 22:42:42.562 25619 25619 D SurfaceView@de0ae1: updateSurface: has no frame
10-04 22:42:42.579 25619 25619 D SurfaceView@de0ae1: updateSurface: has no frame
10-04 22:42:42.595 25619 25619 D SurfaceView@de0ae1: updateSurface: has no frame
10-04 22:42:42.612 25619 25619 D SurfaceView@de0ae1: updateSurface: has no frame
10-04 22:42:42.630 25619 25619 D SurfaceView@de0ae1: updateSurface: has no frame
10-04 22:42:42.645 25619 25619 D SurfaceView@de0ae1: updateSurface: has no frame
10-04 22:42:42.662 25619 25619 D SurfaceView@de0ae1: updateSurface: has no frame
10-04 22:42:42.678 25619 25619 D SurfaceView@de0ae1: updateSurface: has no frame
10-04 22:42:42.695 25619 25619 D SurfaceView@de0ae1: updateSurface: has no frame
10-04 22:42:42.712 25619 25619 D SurfaceView@de0ae1: updateSurface: has no frame
10-04 22:42:42.728 25619 25619 D SurfaceView@de0ae1: updateSurface: has no frame
10-04 22:42:42.745 25619 25619 D SurfaceView@de0ae1: updateSurface: has no frame
10-04 22:42:42.762 25619 25619 D SurfaceView@de0ae1: updateSurface: has no frame
10-04 22:42:42.778 25619 25619 D SurfaceView@de0ae1: updateSurface: has no frame
10-04 22:42:42.795 25619 25619 D SurfaceView@de0ae1: updateSurface: has no frame
10-04 22:42:42.812 25619 25619 D SurfaceView@de0ae1: updateSurface: has no frame
10-04 22:42:42.828 25619 25619 D SurfaceView@de0ae1: updateSurface: has no frame
10-04 22:42:42.845 25619 25619 D SurfaceView@de0ae1: updateSurface: has no frame
10-04 22:42:42.861 25619 25619 D SurfaceView@de0ae1: updateSurface: has no frame
10-04 22:42:42.878 25619 25619 D SurfaceView@de0ae1: updateSurface: has no frame
10-04 22:42:42.895 25619 25619 D SurfaceView@de0ae1: updateSurface: has no frame
10-04 22:42:42.911 25619 25619 D SurfaceView@de0ae1: updateSurface: has no frame
10-04 22:42:42.928 25619 25619 D SurfaceView@de0ae1: updateSurface: has no frame
10-04 22:42:42.945 25619 25619 D SurfaceView@de0ae1: updateSurface: has no frame
10-04 22:42:42.965 25619 25619 D SurfaceView@de0ae1: updateSurface: has no frame
10-04 22:42:42.978 25619 25619 D SurfaceView@de0ae1: updateSurface: has no frame
10-04 22:42:42.998 25619 25619 D SurfaceView@de0ae1: updateSurface: has no frame
10-04 22:42:43.012 25619 25619 D SurfaceView@de0ae1: updateSurface: has no frame
10-04 22:42:43.028 25619 25619 D SurfaceView@de0ae1: updateSurface: has no frame
10-04 22:42:43.044 25619 25619 D SurfaceView@de0ae1: updateSurface: has no frame
10-04 22:42:43.061 25619 25619 D SurfaceView@de0ae1: updateSurface: has no frame
10-04 22:42:43.078 25619 25619 D SurfaceView@de0ae1: updateSurface: has no frame
10-04 22:42:43.095 25619 25619 D SurfaceView@de0ae1: updateSurface: has no frame
10-04 22:42:43.112 25619 25619 D SurfaceView@de0ae1: updateSurface: has no frame
10-04 22:42:43.129 25619 25619 D SurfaceView@de0ae1: updateSurface: has no frame
10-04 22:42:43.150 25619 25619 D SurfaceView@de0ae1: updateSurface: has no frame
10-04 22:42:43.165 25619 25619 D SurfaceView@de0ae1: updateSurface: has no frame
10-04 22:42:43.169 25619 25630 I st.cloudstream3: Background concurrent copying GC freed 12MB AllocSpace bytes, 37(4412KB) LOS objects, 42% free, 32MB/56MB, paused 308us,71us total 182.350ms
10-04 22:42:43.178 25619 25619 D SurfaceView@de0ae1: updateSurface: has no frame
10-04 22:42:43.186 25619 25644 D OpenGLRenderer: setSurface called with nullptr
10-04 22:42:43.188 25619 25631 D InputTransport: Input channel destroyed: 'ClientS', fd=165
10-04 22:42:43.188 25619 25644 D OpenGLRenderer: setSurface called with nullptr
10-04 22:42:43.189 25619 25631 D InputTransport: Input channel destroyed: 'ClientS', fd=235
10-04 22:42:43.191 25619 25644 D OpenGLRenderer: setSurface called with nullptr
10-04 22:42:43.193 25619 25631 D InputTransport: Input channel destroyed: 'ClientS', fd=139
10-04 22:42:43.193 25619 25631 D InputTransport: Input channel destroyed: 'ClientS', fd=113
10-04 22:42:43.194 25619 25631 D InputTransport: Input channel destroyed: 'ClientS', fd=181
10-04 22:42:43.195 25619 25631 D InputTransport: Input channel destroyed: 'ClientS', fd=159
10-04 22:42:43.196 25619 25619 D SurfaceView@de0ae1: updateSurface: has no frame
10-04 22:42:43.211 25619 25619 D SurfaceView@de0ae1: updateSurface: has no frame
10-04 22:42:43.228 25619 25619 D SurfaceView@de0ae1: updateSurface: has no frame
10-04 22:42:43.244 25619 25619 D SurfaceView@de0ae1: updateSurface: has no frame
10-04 22:42:43.262 25619 25619 D SurfaceView@de0ae1: updateSurface: has no frame
10-04 22:42:43.279 25619 25619 D SurfaceView@de0ae1: updateSurface: has no frame
10-04 22:42:43.294 25619 25619 D SurfaceView@de0ae1: updateSurface: has no frame
10-04 22:42:43.311 25619 25619 D SurfaceView@de0ae1: updateSurface: has no frame
10-04 22:42:43.328 25619 25619 D SurfaceView@de0ae1: updateSurface: has no frame
10-04 22:42:43.345 25619 25619 D SurfaceView@de0ae1: updateSurface: has no frame
10-04 22:42:43.362 25619 25619 D SurfaceView@de0ae1: updateSurface: has no frame
10-04 22:42:43.379 25619 25619 D SurfaceView@de0ae1: updateSurface: has no frame
10-04 22:42:43.390 25619 25756 I RVM2    : applyMeta
10-04 22:42:43.394 25619 25619 D SurfaceView@de0ae1: updateSurface: has no frame
10-04 22:42:43.400 25619 25619 W PanelsChildGestureRegionObserver: failed to register view with ID 2131362800. already registered
10-04 22:42:43.403 25619 25619 E CoilImgLoader: Error loading image: coil3.request.NullRequestDataException: The request's data is null.
10-04 22:42:43.408 25619 25619 E CoilImgLoader: Error loading image: coil3.request.NullRequestDataException: The request's data is null.
10-04 22:42:43.444 25619 25680 I SYNCVM  : addFromUrl = https://wecima.now/watch/%d9%85%d8%b4%d8%a7%d9%87%d8%af%d8%a9-%d9%85%d8%b3%d9%84%d8%b3%d9%84-loves-ambition-%d9%85%d9%88%d8%b3%d9%85-1-%d8%ad%d9%84%d9%82%d8%a9-8/
10-04 22:42:43.444 25619 25680 I SYNCUTIL: getIdsFromUrl https://wecima.now/watch/%d9%85%d8%b4%d8%a7%d9%87%d8%af%d8%a9-%d9%85%d8%b3%d9%84%d8%b3%d9%84-loves-ambition-%d9%85%d9%88%d8%b3%d9%85-1-%d8%ad%d9%84%d9%82%d8%a9-8/
10-04 22:42:43.598 25619 25619 D SurfaceView@de0ae1: updateSurface: has no frame
10-04 22:42:43.602 25619 25619 I SurfaceView@de0ae1: Changes: creating=true format=true size=true visible=true alpha=false hint=false mUseAlpha=false visible=true left=true top=true
10-04 22:42:43.603 25619 25619 I BLASTBufferQueue: update, w= 1080 h= 525 mName = null mNativeObject= 0x7bda9ce400 sc.mNativeObject= 0x7b28ffd0c0 format= 4 caller= android.view.SurfaceView.createBlastSurfaceControls:1383 android.view.SurfaceView.updateSurface:1079 android.view.SurfaceView.lambda$new$0$android-view-SurfaceView:200 android.view.SurfaceView$$ExternalSyntheticLambda5.onPreDraw:2 android.view.ViewTreeObserver.dispatchOnPreDraw:1121 android.view.ViewRootImpl.performTraversals:4442 
10-04 22:42:43.603 25619 25619 I SurfaceView@de0ae1: 14551777 Cur surface: Surface(name=null)/@0x946f968
10-04 22:42:43.604 25619 25619 I SurfaceView@de0ae1: pST: sr = Rect(0, 218 - 1080, 743) sw = 1080 sh = 525
10-04 22:42:43.604 25619 25619 D SurfaceView@de0ae1: performSurfaceTransaction RenderWorker position = [0, 218, 1080, 743] surfaceSize = 1080x525
10-04 22:42:43.604 25619 25619 I SurfaceView@de0ae1: applyTransactionOnVriDraw: vri = ViewRootImpl@fb2a030[MainActivity] fRS = false t = 0x7af7a80f00 android.view.SurfaceView.performSurfaceTransaction:959 android.view.SurfaceView.updateSurface:1105 android.view.SurfaceView.lambda$new$0$android-view-SurfaceView:200 
10-04 22:42:43.604 25619 25619 I ViewRootImpl@fb2a030[MainActivity]: applyTransactionOnDraw: mRemoved = false isHardwareEnabled = true t = 0x7af7a80f00android.view.SurfaceView.applyTransactionOnVriDraw:2048 android.view.SurfaceView.performSurfaceTransaction:959 android.view.SurfaceView.updateSurface:1105 android.view.SurfaceView.lambda$new$0$android-view-SurfaceView:200 android.view.SurfaceView$$ExternalSyntheticLambda5.onPreDraw:2 
10-04 22:42:43.604 25619 25619 I SurfaceView@de0ae1: updateSurface: mVisible = true mSurface.isValid() = true
10-04 22:42:43.604 25619 25619 I SurfaceView@de0ae1: updateSurface: mSurfaceCreated = false surfaceChanged = true visibleChanged = true
10-04 22:42:43.604 25619 25619 I SurfaceView@de0ae1: visibleChanged -- surfaceCreated
10-04 22:42:43.604 25619 25619 I SurfaceView@de0ae1: surfaceCreated 0 #8 android.view.SurfaceView{de0ae1 V.E...... ......ID 0,0-1080,525}
10-04 22:42:43.604 25619 25619 I SurfaceView@de0ae1: surfaceChanged -- format=4 w=1080 h=525
10-04 22:42:43.604 25619 25619 I SurfaceView@de0ae1: surfaceChanged (1080,525) 0 #8 android.view.SurfaceView{de0ae1 V.E...... ......ID 0,0-1080,525}
10-04 22:42:43.604 25619 25619 I SurfaceView@de0ae1: surfaceRedrawNeeded
10-04 22:42:43.605 25619 25619 V SurfaceView@de0ae1: Layout: x=0 y=218 w=1080 h=525, frame=Rect(0, 0 - 1080, 525)
10-04 22:42:43.622 25619 25751 D SurfaceView@de0ae1: updateSurfacePosition RenderWorker, frameNr = 455, position = [0, 218, 1080, 743] surfaceSize = 1080x525
10-04 22:42:43.622 25619 25751 I SurfaceView@de0ae1: uSP: rtp = Rect(0, 218 - 1080, 743) rtsw = 1080 rtsh = 525
10-04 22:42:43.622 25619 25751 I SurfaceView@de0ae1: onSSPAndSRT: pl = 0 pt = 218 sx = 1.0 sy = 1.0
10-04 22:42:43.623 25619 25751 I SurfaceView@de0ae1: aOrMT: ViewRootImpl@fb2a030[MainActivity] t = android.view.SurfaceControl$Transaction@44a0ab2 fN = 455 android.view.SurfaceView.-$$Nest$mapplyOrMergeTransaction:0 android.view.SurfaceView$SurfaceViewPositionUpdateListener.positionChanged:1537 android.graphics.RenderNode$CompositePositionUpdateListener.positionChanged:373 
10-04 22:42:43.623 25619 25751 I ViewRootImpl@fb2a030[MainActivity]: mWNT: t=0x7af7bfe300 mBlastBufferQueue=0x7b48ed4d00 fn= 455 caller= android.view.SurfaceView.applyOrMergeTransaction:1455 android.view.SurfaceView.-$$Nest$mapplyOrMergeTransaction:0 android.view.SurfaceView$SurfaceViewPositionUpdateListener.positionChanged:1537 
10-04 22:42:43.623 25619 25751 I ViewRootImpl@fb2a030[MainActivity]: mWNT: t=0x7af7a80f00 mBlastBufferQueue=0x7b48ed4d00 fn= 455 caller= android.view.ViewRootImpl.lambda$applyTransactionOnDraw$11$android-view-ViewRootImpl:12865 android.view.ViewRootImpl$$ExternalSyntheticLambda1.onFrameDraw:4 android.graphics.HardwareRenderer$FrameDrawingCallback.onFrameDraw:924 
10-04 22:42:43.670 25619 25619 I SurfaceView@de0ae1: finishedDrawing
10-04 22:42:44.519 25619 25619 I ViewRootImpl@fb2a030[MainActivity]: ViewPostIme pointer 0
10-04 22:42:45.041 25619 25619 I Dialog  : mIsDeviceDefault = false, mIsSamsungBasicInteraction = false, isMetaDataInActivity = false
10-04 22:42:45.072 25619 25619 I DecorView: [INFO] isPopOver=false config=false
10-04 22:42:45.072 25619 25619 I DecorView: updateCaptionType: isFloating=false isApplication=true hasWindowDecorCaption=false this=DecorView@a1869f3[]
10-04 22:42:45.072 25619 25619 D DecorView: setCaptionType = 0, this = DecorView@a1869f3[]
10-04 22:42:45.073 25619 25619 I DecorView: getCurrentDensityDpi: from app context. densityDpi=420 msg=resources_loaded
10-04 22:42:45.073 25619 25619 I DecorView: setWindowBackground: isPopOver=false color=0 d=android.graphics.drawable.ColorDrawable@961b929
10-04 22:42:45.080 25619 25644 D NativeCustomFrequencyManager: [NativeCFMS] BpCustomFrequencyManager::BpCustomFrequencyManager()
10-04 22:42:45.081 25619 25619 I DecorView: notifyKeepScreenOnChanged: keepScreenOn=false
10-04 22:42:45.099 25619 25619 D InsetsController: onStateChanged: InsetsState: {mDisplayFrame=Rect(0, 0 - 1080, 2400), mDisplayCutout=DisplayCutout{insets=Rect(0, 88 - 0, 0) waterfall=Insets{left=0, top=0, right=0, bottom=0} boundingRect={Bounds=[Rect(0, 0 - 0, 0), Rect(512, 0 - 568, 88), Rect(0, 0 - 0, 0), Rect(0, 0 - 0, 0)]} cutoutPathParserInfo={CutoutPathParserInfo{displayWidth=1080 displayHeight=2400 physicalDisplayWidth=1080 physicalDisplayHeight=2400 density={2.625} cutoutSpec={M 0,0 M 0,12.25101276465640 a 10.60613009248640,10.60613009248640 0 1,0 0,21.21226018497290 a 10.60613009248640,10.60613009248640 0 1,0 0,-21.21226018497290 Z @dp} rotation={0} scale={1.0} physicalPixelDisplaySizeRatio={1.0}}}}, mRoundedCorners=RoundedCorners{[RoundedCorner{position=TopLeft, radius=84, center=Point(84, 84)}, RoundedCorner{position=TopRight, radius=84, center=Point(996, 84)}, RoundedCorner{position=BottomRight, radius=84, center=Point(996, 2316)}, RoundedCorner{position=BottomLeft, radius=84, center=Point(84, 2316)}]}  mRoundedCornerFrame=Rect(0, 0 - 1080, 2400), mPrivacyIndicatorBounds=PrivacyIndicatorBounds {static bounds=Rect(964, 0 - 1080, 87) rotation=0}, mSources= { InsetsSource: {mType=ITYPE_STATUS_BAR, mFrame=[0,0][1080,88], mVisible=true, mInsetsRoundedCornerFrame=false}, InsetsSource: {mType=ITYPE_NAVIGATION_BAR, mFrame=[0,2361][1080,2400], mVisible=true, mInsetsRoundedCornerFrame=false}, InsetsSource: {mType=ITYPE_LEFT_GESTURES, mFrame=[0,0][130,2400], mVisible=true, mInsetsRoundedCornerFrame=false}, InsetsSource: {mType=ITYPE_RIGHT_GESTURES, mFrame=[950,0][1080,2400], mVisible=true, mInsetsRoundedCornerFrame=false}, InsetsSource: {mType=ITYPE_TOP_MANDATORY_GESTURES, mFrame=[0,0][1080,120], mVisible=true, mInsetsRoundedCornerFrame=false}, InsetsSource: {mType=ITYPE_BOTTOM_MANDATORY_GESTURES, mFrame=[0,2316][1080,2400], mVisible=true, mInsetsRoundedCornerFrame=false}, InsetsSource: {mType=ITYPE_LEFT_DISPLAY_CUTOUT, mFrame=[0,0][-100000,2400], mVisible=true, mInsetsRoundedCornerFrame=false}, InsetsSource: {mType=ITYPE_TOP_DISPLAY_CUTOUT, mFrame=[0,0][1080,88], mVisible=true, mInsetsRoundedCornerFrame=false}, InsetsSource: {mType=ITYPE_RIGHT_DISPLAY_CUTOUT, mFrame=[100000,0][1080,2400], mVisible=true, mInsetsRoundedCornerFrame=false}, InsetsSource: {mType=ITYPE_BOTTOM_DISPLAY_CUTOUT, mFrame=[0,100000][1080,2400], mVisible=true, mInsetsRoundedCornerFrame=false}, InsetsSource: {mType=ITYPE_TOP_TAPPABLE_ELEMENT, mFrame=[0,0][1080,88], mVisible=true, mInsetsRoundedCornerFrame=false}, InsetsSource: {mType=ITYPE_BOTTOM_TAPPABLE_ELEMENT, mFrame=[0,0][0,0], mVisible=true, mInsetsRoundedCornerFrame=false}, InsetsSource: {mType=ITYPE_IME, mFrame=[0,0][0,0], mVisible=false, mInsetsRoundedCornerFrame=false} } host=com.lagradost.cloudstream3/com.lagradost.cloudstream3.MainActivity from=android.view.ViewRootImpl.setView:1732
10-04 22:42:45.100 25619 25619 I ViewRootImpl@c347b86[MainActivity]: setView = com.android.internal.policy.DecorView@a1869f3 TM=true
10-04 22:42:45.114 25619 25619 I ViewRootImpl@c347b86[MainActivity]: performTraversals params={(0,0)(fillxfill) gr=CENTER sim={adjust=resize forwardNavigation} ty=APPLICATION fmt=TRANSPARENT wanim=0x7f14000b
10-04 22:42:45.114 25619 25619 I ViewRootImpl@c347b86[MainActivity]:   fl=85810100
10-04 22:42:45.114 25619 25619 I ViewRootImpl@c347b86[MainActivity]:   pfl=12020040
10-04 22:42:45.114 25619 25619 I ViewRootImpl@c347b86[MainActivity]:   vsysui=500
10-04 22:42:45.114 25619 25619 I ViewRootImpl@c347b86[MainActivity]:   bhv=DEFAULT
10-04 22:42:45.114 25619 25619 I ViewRootImpl@c347b86[MainActivity]:   fitSides= naviIconColor=0}
10-04 22:42:45.115 25619 25619 I ViewRootImpl@c347b86[MainActivity]: performTraversals mFirst=true windowShouldResize=true viewVisibilityChanged=false mForceNextWindowRelayout=false params={(0,0)(fillxfill) gr=CENTER sim={adjust=resize forwardNavigation} ty=APPLICATION fmt=TRANSPARENT wanim=0x7f14000b
10-04 22:42:45.115 25619 25619 I ViewRootImpl@c347b86[MainActivity]:   fl=85810100
10-04 22:42:45.115 25619 25619 I ViewRootImpl@c347b86[MainActivity]:   pfl=12020040
10-04 22:42:45.115 25619 25619 I ViewRootImpl@c347b86[MainActivity]:   vsysui=500
10-04 22:42:45.115 25619 25619 I ViewRootImpl@c347b86[MainActivity]:   bhv=DEFAULT
10-04 22:42:45.115 25619 25619 I ViewRootImpl@c347b86[MainActivity]:   fitSides= naviIconColor=0}
10-04 22:42:45.124 25619 25619 I ViewRootImpl@c347b86[MainActivity]: updateBlastSurfaceIfNeeded mBlastBufferQueue=null isSameSurfaceControl=false
10-04 22:42:45.124 25619 25619 I BLASTBufferQueue: new BLASTBufferQueue, mName= ViewRootImpl@c347b86[MainActivity] mNativeObject= 0x7b48f62500 sc.mNativeObject= 0x7b24c17700 caller= android.view.ViewRootImpl.updateBlastSurfaceIfNeeded:2909 android.view.ViewRootImpl.relayoutWindow:9847 android.view.ViewRootImpl.performTraversals:3884 android.view.ViewRootImpl.doTraversal:3116 android.view.ViewRootImpl$TraversalRunnable.run:10885 android.view.Choreographer$CallbackRecord.run:1301 android.view.Choreographer$CallbackRecord.run:1309 android.view.Choreographer.doCallbacks:923 android.view.Choreographer.doFrame:852 android.view.Choreographer$FrameDisplayEventReceiver.run:1283 
10-04 22:42:45.125 25619 25619 I BLASTBufferQueue: update, w= 1080 h= 2400 mName = ViewRootImpl@c347b86[MainActivity] mNativeObject= 0x7b48f62500 sc.mNativeObject= 0x7b24c17700 format= -2 caller= android.graphics.BLASTBufferQueue.<init>:84 android.view.ViewRootImpl.updateBlastSurfaceIfNeeded:2909 android.view.ViewRootImpl.relayoutWindow:9847 android.view.ViewRootImpl.performTraversals:3884 android.view.ViewRootImpl.doTraversal:3116 android.view.ViewRootImpl$TraversalRunnable.run:10885 
10-04 22:42:45.125 25619 25619 I ViewRootImpl@c347b86[MainActivity]: Relayout returned: old=(0,0,1080,2400) new=(0,0,1080,2400) req=(1080,2400)0 dur=9 res=0x3 s={true 0x7bda8c7000} ch=true seqId=0
10-04 22:42:45.126 25619 25619 I ViewRootImpl@c347b86[MainActivity]: mThreadedRenderer.initialize() mSurface={isValid=true 0x7bda8c7000} hwInitialized=true
10-04 22:42:45.126 25619 25644 D OpenGLRenderer: eglCreateWindowSurface
