10-04 22:42:49.954 25619 25619 I ViewRootImpl@9667ee8[MainActivity]:   pfl=12020040
10-04 22:42:49.954 25619 25619 I ViewRootImpl@9667ee8[MainActivity]:   vsysui=500
10-04 22:42:49.954 25619 25619 I ViewRootImpl@9667ee8[MainActivity]:   bhv=DEFAULT
10-04 22:42:49.954 25619 25619 I ViewRootImpl@9667ee8[MainActivity]:   fitSides= naviIconColor=0}
10-04 22:42:49.959 25619 25619 I ViewRootImpl@9667ee8[MainActivity]: updateBlastSurfaceIfNeeded mBlastBufferQueue=0x7af7d47c00 isSameSurfaceControl=true
10-04 22:42:49.959 25619 25619 I BLASTBufferQueue: update, w= 1080 h= 2400 mName = ViewRootImpl@9667ee8[MainActivity] mNativeObject= 0x7af7d47c00 sc.mNativeObject= 0x7b24c17a20 format= -2 caller= android.view.ViewRootImpl.updateBlastSurfaceIfNeeded:2898 android.view.ViewRootImpl.relayoutWindow:9847 android.view.ViewRootImpl.performTraversals:3884 android.view.ViewRootImpl.doTraversal:3116 android.view.ViewRootImpl$TraversalRunnable.run:10885 android.view.Choreographer$CallbackRecord.run:1301 
10-04 22:42:49.959 25619 25619 I ViewRootImpl@9667ee8[MainActivity]: Relayout returned: old=(0,0,1080,2400) new=(0,0,1080,2400) req=(1080,2400)0 dur=5 res=0x0 s={true 0x7bda8c7000} ch=false seqId=0
10-04 22:42:49.961 25619 25619 I SurfaceView@de0ae1: onWindowVisibilityChanged(8) false android.view.SurfaceView{de0ae1 V.E...... ........ 0,0-1080,525} of ViewRootImpl@fb2a030[MainActivity]
10-04 22:42:49.961 25619 25619 I SurfaceView@de0ae1: Changes: creating=false format=false size=false visible=true alpha=false hint=false mUseAlpha=false visible=true left=false top=false
10-04 22:42:49.961 25619 25619 I SurfaceView@de0ae1: 14551777 Cur surface: Surface(name=null)/@0x946f968
10-04 22:42:49.961 25619 25619 I SurfaceView@de0ae1: applyTransactionOnVriDraw: vri = ViewRootImpl@fb2a030[MainActivity] fRS = false t = 0x7b5ef72400 android.view.SurfaceView.performSurfaceTransaction:959 android.view.SurfaceView.updateSurface:1105 android.view.SurfaceView.onWindowVisibilityChanged:371 
10-04 22:42:49.962 25619 25619 I ViewRootImpl@fb2a030[MainActivity]: applyTransactionOnDraw: mRemoved = false isHardwareEnabled = true t = 0x7b5ef72400android.view.SurfaceView.applyTransactionOnVriDraw:2048 android.view.SurfaceView.performSurfaceTransaction:959 android.view.SurfaceView.updateSurface:1105 android.view.SurfaceView.onWindowVisibilityChanged:371 android.view.View.dispatchDetachedFromWindow:22529 
10-04 22:42:49.962 25619 25619 I SurfaceView@de0ae1: surfaceDestroyed
10-04 22:42:49.962 25619 25619 I SurfaceView@de0ae1: surfaceDestroyed callback.size 0 #2 android.view.SurfaceView{de0ae1 V.E...... ........ 0,0-1080,525}
10-04 22:42:49.962 25619 25619 I SurfaceView@de0ae1: updateSurface: mVisible = false mSurface.isValid() = true
10-04 22:42:49.962 25619 25619 I SurfaceView@de0ae1: releaseSurfaces: viewRoot = ViewRootImpl@fb2a030[MainActivity]
10-04 22:42:49.962 25619 25619 I SurfaceView@de0ae1: applyTransactionOnVriDraw: vri = ViewRootImpl@fb2a030[MainActivity] fRS = true t = 0x7b5ef72500 android.view.SurfaceView.releaseSurfaces:858 android.view.SurfaceView.updateSurface:1172 android.view.SurfaceView.onWindowVisibilityChanged:371 
10-04 22:42:49.962 25619 25619 I SurfaceView@de0ae1: applyTransactionOnVriDraw: viewRoot.applyTransactionOnDrawFromReleaseSurfaces
10-04 22:42:49.962 25619 25619 I ViewRootImpl@fb2a030[MainActivity]: applyTransactionOnDraw: mRemoved = false isHardwareEnabled = true t = 0x7b5ef72500android.view.ViewRootImpl.applyTransactionOnDrawFromReleaseSurfaces:12850 android.view.SurfaceView.applyTransactionOnVriDraw:2046 android.view.SurfaceView.releaseSurfaces:858 android.view.SurfaceView.updateSurface:1172 android.view.SurfaceView.onWindowVisibilityChanged:371 
10-04 22:42:49.962 25619 25619 V SurfaceView@de0ae1: Layout: x=0 y=218 w=1080 h=525, frame=Rect(0, 0 - 1080, 525)
10-04 22:42:49.962 25619 25619 I SurfaceView@de0ae1: onDetachedFromWindow: tryReleaseSurfaces()
10-04 22:42:49.963 25619 25619 I SurfaceView@de0ae1: releaseSurfaces: viewRoot = ViewRootImpl@fb2a030[MainActivity]
10-04 22:42:49.963 25619 25619 I SurfaceView@de0ae1: applyTransactionOnVriDraw: vri = ViewRootImpl@fb2a030[MainActivity] fRS = true t = 0x7b5ef72600 android.view.SurfaceView.releaseSurfaces:858 android.view.SurfaceView.onDetachedFromWindow:500 android.view.View.dispatchDetachedFromWindow:22538 
10-04 22:42:49.963 25619 25619 I SurfaceView@de0ae1: applyTransactionOnVriDraw: viewRoot.applyTransactionOnDrawFromReleaseSurfaces
10-04 22:42:49.963 25619 25619 I ViewRootImpl@fb2a030[MainActivity]: applyTransactionOnDraw: mRemoved = false isHardwareEnabled = true t = 0x7b5ef72600android.view.ViewRootImpl.applyTransactionOnDrawFromReleaseSurfaces:12850 android.view.SurfaceView.applyTransactionOnVriDraw:2046 android.view.SurfaceView.releaseSurfaces:858 android.view.SurfaceView.onDetachedFromWindow:500 android.view.View.dispatchDetachedFromWindow:22538 
10-04 22:42:49.972 25619 25619 I DecorView: notifyKeepScreenOnChanged: keepScreenOn=false
10-04 22:42:49.973 25619 25619 I CS3ExoPlayer: releasePlayer
10-04 22:42:49.973 25619 25619 I CS3ExoPlayer: Handle event: PlayerAttachedEvent(player=null, source=Player)
10-04 22:42:49.974 25619 25619 I DecorView: notifyKeepScreenOnChanged: keepScreenOn=false
10-04 22:42:49.975 25619 25619 I ViewRootImpl@fb2a030[MainActivity]: MSG_WINDOW_FOCUS_CHANGED 0 0
10-04 22:42:49.977 25619 25619 I ViewRootImpl@9667ee8[MainActivity]: MSG_WINDOW_FOCUS_CHANGED 1 0
10-04 22:42:49.977 25619 25619 I ViewRootImpl@9667ee8[MainActivity]: mThreadedRenderer.initializeIfNeeded()#2 mSurface={isValid=true 0x7bda8c7000}
10-04 22:42:49.978 25619 25619 D InputMethodManager: startInputInner - Id : 0
10-04 22:42:49.978 25619 25619 I InputMethodManager: startInputInner - mService.startInputOrWindowGainedFocus
10-04 22:42:49.981 25619 25619 I ViewRootImpl@fb2a030[MainActivity]: performTraversals params={(0,0)(fillxfill) sim={state=always_hidden adjust=resize} ty=BASE_APPLICATION wanim=0x1030309
10-04 22:42:49.981 25619 25619 I ViewRootImpl@fb2a030[MainActivity]:   fl=85810100
10-04 22:42:49.981 25619 25619 I ViewRootImpl@fb2a030[MainActivity]:   pfl=12020040
10-04 22:42:49.981 25619 25619 I ViewRootImpl@fb2a030[MainActivity]:   vsysui=500
10-04 22:42:49.981 25619 25619 I ViewRootImpl@fb2a030[MainActivity]:   bhv=DEFAULT
10-04 22:42:49.981 25619 25619 I ViewRootImpl@fb2a030[MainActivity]:   fitSides= naviIconColor=0}
10-04 22:42:49.981 25619 25619 I ViewRootImpl@fb2a030[MainActivity]: performTraversals mFirst=false windowShouldResize=false viewVisibilityChanged=false mForceNextWindowRelayout=false params={(0,0)(fillxfill) sim={state=always_hidden adjust=resize} ty=BASE_APPLICATION fmt=TRANSLUCENT wanim=0x1030309
10-04 22:42:49.981 25619 25619 I ViewRootImpl@fb2a030[MainActivity]:   fl=85810100
10-04 22:42:49.981 25619 25619 I ViewRootImpl@fb2a030[MainActivity]:   pfl=12020040
10-04 22:42:49.981 25619 25619 I ViewRootImpl@fb2a030[MainActivity]:   vsysui=500
10-04 22:42:49.981 25619 25619 I ViewRootImpl@fb2a030[MainActivity]:   bhv=DEFAULT
10-04 22:42:49.981 25619 25619 I ViewRootImpl@fb2a030[MainActivity]:   fitSides= naviIconColor=0}
10-04 22:42:49.989 25619 25619 I ViewRootImpl@fb2a030[MainActivity]: updateBlastSurfaceIfNeeded mBlastBufferQueue=0x7b48ed4d00 isSameSurfaceControl=true
10-04 22:42:49.989 25619 25619 I BLASTBufferQueue: update, w= 1080 h= 2400 mName = ViewRootImpl@fb2a030[MainActivity] mNativeObject= 0x7b48ed4d00 sc.mNativeObject= 0x7b24c17200 format= -3 caller= android.view.ViewRootImpl.updateBlastSurfaceIfNeeded:2898 android.view.ViewRootImpl.relayoutWindow:9847 android.view.ViewRootImpl.performTraversals:3884 android.view.ViewRootImpl.doTraversal:3116 android.view.ViewRootImpl$TraversalRunnable.run:10885 android.view.Choreographer$CallbackRecord.run:1301 
10-04 22:42:49.989 25619 25619 I ViewRootImpl@fb2a030[MainActivity]: Relayout returned: old=(0,0,1080,2400) new=(0,0,1080,2400) req=(1080,2400)0 dur=7 res=0x0 s={true 0x7b5ed7c800} ch=false seqId=0
10-04 22:42:49.989 25619 25619 I ViewRootImpl@fb2a030[MainActivity]: updateBoundsLayer: t = android.view.SurfaceControl$Transaction@17c2140 sc = Surface(name=Bounds for - com.lagradost.cloudstream3/com.lagradost.cloudstream3.MainActivity@0)/@0xb7bd879 frame = 507
10-04 22:42:49.990 25619 25619 I ViewRootImpl@fb2a030[MainActivity]: mWNT: t=0x7b5ee81300 mBlastBufferQueue=0x7b48ed4d00 fn= 507 caller= android.view.ViewRootImpl.prepareSurfaces:2985 android.view.ViewRootImpl.performTraversals:4233 android.view.ViewRootImpl.doTraversal:3116 
10-04 22:42:49.991 25619 25644 D SurfaceView@de0ae1: windowPositionLost, frameNr = 507
10-04 22:42:49.992 25619 25751 I ViewRootImpl@fb2a030[MainActivity]: mWNT: t=0x7b5ef72400 mBlastBufferQueue=0x7b48ed4d00 fn= 507 caller= android.view.ViewRootImpl.lambda$applyTransactionOnDraw$11$android-view-ViewRootImpl:12865 android.view.ViewRootImpl$$ExternalSyntheticLambda1.onFrameDraw:4 android.graphics.HardwareRenderer$FrameDrawingCallback.onFrameDraw:924 
10-04 22:42:49.992 25619 25751 I ViewRootImpl@fb2a030[MainActivity]: mWNT: t=0x7b5ef72500 mBlastBufferQueue=0x7b48ed4d00 fn= 507 caller= android.view.ViewRootImpl.lambda$applyTransactionOnDraw$11$android-view-ViewRootImpl:12865 android.view.ViewRootImpl$$ExternalSyntheticLambda1.onFrameDraw:4 android.graphics.HardwareRenderer$FrameDrawingCallback.onFrameDraw:924 
10-04 22:42:49.992 25619 25751 I ViewRootImpl@fb2a030[MainActivity]: mWNT: t=0x7b5ef72600 mBlastBufferQueue=0x7b48ed4d00 fn= 507 caller= android.view.ViewRootImpl.lambda$applyTransactionOnDraw$11$android-view-ViewRootImpl:12865 android.view.ViewRootImpl$$ExternalSyntheticLambda1.onFrameDraw:4 android.graphics.HardwareRenderer$FrameDrawingCallback.onFrameDraw:924 
10-04 22:42:50.606 25619 25619 I ViewRootImpl@9667ee8[MainActivity]: ViewPostIme pointer 0
10-04 22:42:50.887 25619 25619 I ViewRootImpl@9667ee8[MainActivity]: ViewPostIme pointer 1
10-04 22:42:51.113 25619 25619 I ViewRootImpl@9667ee8[MainActivity]: ViewPostIme pointer 0
10-04 22:42:51.163 25619 25619 I ViewRootImpl@9667ee8[MainActivity]: ViewPostIme pointer 1
10-04 22:42:51.175 25619 25619 I NavComponent: Navigating to fragment: 2131362274
10-04 22:42:51.187 25619 25619 I IMM_LC  : hsifw() - flag : 0
10-04 22:42:51.187 25619 25619 I IMM_LC  : hsifw() ignore mServedView == null or mServedView.getWindowToken() != windowToken, mServedView :DecorView@9ae9764[MainActivity]
10-04 22:42:51.193 25619 25619 I MSHandlerLifeCycle: check: return. pkg=com.lagradost.cloudstream3 isActivity=false callers=com.android.internal.policy.DecorView.setVisibility:4412 android.app.Dialog.hide:767 com.lagradost.cloudstream3.utils.AppContextUtils.ownHide:123 com.lagradost.cloudstream3.ui.home.HomeFragment$Companion.loadHomepageList$lambda$3:185 com.lagradost.cloudstream3.ui.home.HomeFragment$Companion.$r8$lambda$MoQSIPnUiyzkK5n4sMwjTMvpPNA:0 
10-04 22:42:51.193 25619 25619 I MSHandlerLifeCycle: removeMultiSplitHandler: no exist. decor=DecorView@9ae9764[MainActivity]
10-04 22:42:51.237 25619 25619 D ScrollView: initGoToTop
10-04 22:42:51.492 25619 25630 I st.cloudstream3: Background concurrent copying GC freed 12MB AllocSpace bytes, 61(11MB) LOS objects, 41% free, 33MB/57MB, paused 366us,148us total 213.927ms
10-04 22:42:51.505 25619 25644 D OpenGLRenderer: setSurface called with nullptr
10-04 22:42:51.507 25619 25631 D InputTransport: Input channel destroyed: 'ClientS', fd=184
10-04 22:42:51.507 25619 25644 D OpenGLRenderer: setSurface called with nullptr
10-04 22:42:51.509 25619 25631 D InputTransport: Input channel destroyed: 'ClientS', fd=158
10-04 22:42:51.512 25619 25644 D OpenGLRenderer: setSurface called with nullptr
10-04 22:42:51.513 25619 25631 D InputTransport: Input channel destroyed: 'ClientS', fd=165
10-04 22:42:51.513 25619 25631 D InputTransport: Input channel destroyed: 'ClientS', fd=113
10-04 22:42:51.514 25619 25631 D InputTransport: Input channel destroyed: 'ClientS', fd=134
10-04 22:42:51.575 25619 25619 I SurfaceView@3d43996: onWindowVisibilityChanged(0) true android.view.SurfaceView{3d43996 V.E...... ......I. 0,0-0,0} of ViewRootImpl@fb2a030[MainActivity]
10-04 22:42:51.575 25619 25619 D SurfaceView@3d43996: updateSurface: has no frame
10-04 22:42:51.579 25619 25619 I CS3ExoPlayer: SET STYLE = SaveCaptionStyle(foregroundColor=-1, backgroundColor=0, windowColor=0, edgeType=1, edgeColor=-16777216, typeface=null, typefaceFilePath=null, elevation=20, fixedTextSize=null, edgeSize=null, removeCaptions=false, removeBloat=true, upperCase=false, bold=false, italic=false, backgroundRadius=null)
10-04 22:42:51.588 25619 25619 I IMM_LC  : hsifw() - flag : 0
10-04 22:42:51.588 25619 25619 I IMM_LC  : hsifw() ignore mServedView == null or mServedView.getWindowToken() != windowToken, mServedView :DecorView@9ae9764[MainActivity]
10-04 22:42:51.589 25619 25675 I SYNCVM  : addFromUrl = https://wecima.now/watch/%d9%85%d8%b4%d8%a7%d9%87%d8%af%d8%a9-%d9%85%d8%b3%d9%84%d8%b3%d9%84-i-kill-you-%d9%85%d9%88%d8%b3%d9%85-1-%d8%ad%d9%84%d9%82%d8%a9-5/
10-04 22:42:51.589 25619 25675 I SYNCUTIL: getIdsFromUrl https://wecima.now/watch/%d9%85%d8%b4%d8%a7%d9%87%d8%af%d8%a9-%d9%85%d8%b3%d9%84%d8%b3%d9%84-i-kill-you-%d9%85%d9%88%d8%b3%d9%85-1-%d8%ad%d9%84%d9%82%d8%a9-5/
10-04 22:42:51.598 25619 25619 I SurfaceView@3d43996: onWindowVisibilityChanged(8) false android.view.SurfaceView{3d43996 V.E...... ......I. 0,0-0,0} of ViewRootImpl@fb2a030[MainActivity]
10-04 22:42:51.599 25619 25619 D SurfaceView@3d43996: updateSurface: has no frame
10-04 22:42:51.599 25619 25619 D SurfaceView@3d43996: updateSurface: has no frame
10-04 22:42:51.599 25619 25619 I SurfaceView@3d43996: onDetachedFromWindow: tryReleaseSurfaces()
10-04 22:42:51.599 25619 25619 I SurfaceView@3d43996: releaseSurfaces: viewRoot = ViewRootImpl@fb2a030[MainActivity]
10-04 22:42:51.599 25619 25619 I SurfaceView@3d43996: applyTransactionOnVriDraw: vri = ViewRootImpl@fb2a030[MainActivity] fRS = true t = 0x7b5ef61800 android.view.SurfaceView.releaseSurfaces:858 android.view.SurfaceView.onDetachedFromWindow:500 android.view.View.dispatchDetachedFromWindow:22538 
10-04 22:42:51.599 25619 25619 I SurfaceView@3d43996: applyTransactionOnVriDraw: viewRoot.applyTransactionOnDrawFromReleaseSurfaces
10-04 22:42:51.599 25619 25619 I ViewRootImpl@fb2a030[MainActivity]: applyTransactionOnDraw: mRemoved = false isHardwareEnabled = true t = 0x7b5ef61800android.view.ViewRootImpl.applyTransactionOnDrawFromReleaseSurfaces:12850 android.view.SurfaceView.applyTransactionOnVriDraw:2046 android.view.SurfaceView.releaseSurfaces:858 android.view.SurfaceView.onDetachedFromWindow:500 android.view.View.dispatchDetachedFromWindow:22538 
10-04 22:42:51.600 25619 25619 I SurfaceView@3d43996: onWindowVisibilityChanged(0) true android.view.SurfaceView{3d43996 V.E...... ......I. 0,0-0,0} of ViewRootImpl@fb2a030[MainActivity]
10-04 22:42:51.600 25619 25619 D SurfaceView@3d43996: updateSurface: has no frame
10-04 22:42:51.603 25619 25619 I DecorView: notifyKeepScreenOnChanged: keepScreenOn=false
10-04 22:42:51.613 25619 25619 I CS3ExoPlayer: reloadPlayer
10-04 22:42:51.613 25619 25619 I CS3ExoPlayer: releasePlayer
10-04 22:42:51.613 25619 25619 I CS3ExoPlayer: Handle event: PlayerAttachedEvent(player=null, source=Player)
10-04 22:42:51.618 25619 25619 I ViewRootImpl@fb2a030[MainActivity]: performTraversals params={(0,0)(fillxfill) sim={state=always_hidden adjust=resize} ty=BASE_APPLICATION wanim=0x1030309
10-04 22:42:51.618 25619 25619 I ViewRootImpl@fb2a030[MainActivity]:   fl=85810100
10-04 22:42:51.618 25619 25619 I ViewRootImpl@fb2a030[MainActivity]:   pfl=12020040
10-04 22:42:51.618 25619 25619 I ViewRootImpl@fb2a030[MainActivity]:   vsysui=500
10-04 22:42:51.618 25619 25619 I ViewRootImpl@fb2a030[MainActivity]:   bhv=DEFAULT
10-04 22:42:51.618 25619 25619 I ViewRootImpl@fb2a030[MainActivity]:   fitSides= naviIconColor=0}
10-04 22:42:51.619 25619 25619 I ViewRootImpl@fb2a030[MainActivity]: performTraversals mFirst=false windowShouldResize=false viewVisibilityChanged=false mForceNextWindowRelayout=false params={(0,0)(fillxfill) sim={state=always_hidden adjust=resize} ty=BASE_APPLICATION fmt=TRANSLUCENT wanim=0x1030309
10-04 22:42:51.619 25619 25619 I ViewRootImpl@fb2a030[MainActivity]:   fl=85810100
10-04 22:42:51.619 25619 25619 I ViewRootImpl@fb2a030[MainActivity]:   pfl=12020040
10-04 22:42:51.619 25619 25619 I ViewRootImpl@fb2a030[MainActivity]:   vsysui=500
10-04 22:42:51.619 25619 25619 I ViewRootImpl@fb2a030[MainActivity]:   bhv=DEFAULT
10-04 22:42:51.619 25619 25619 I ViewRootImpl@fb2a030[MainActivity]:   fitSides= naviIconColor=0}
10-04 22:42:51.628 25619 25619 I ViewRootImpl@fb2a030[MainActivity]: updateBlastSurfaceIfNeeded mBlastBufferQueue=0x7b48ed4d00 isSameSurfaceControl=true
10-04 22:42:51.629 25619 25619 I BLASTBufferQueue: update, w= 1080 h= 2400 mName = ViewRootImpl@fb2a030[MainActivity] mNativeObject= 0x7b48ed4d00 sc.mNativeObject= 0x7b49173de0 format= -3 caller= android.view.ViewRootImpl.updateBlastSurfaceIfNeeded:2898 android.view.ViewRootImpl.relayoutWindow:9847 android.view.ViewRootImpl.performTraversals:3884 android.view.ViewRootImpl.doTraversal:3116 android.view.ViewRootImpl$TraversalRunnable.run:10885 android.view.Choreographer$CallbackRecord.run:1301 
10-04 22:42:51.629 25619 25619 I ViewRootImpl@fb2a030[MainActivity]: Relayout returned: old=(0,0,1080,2400) new=(0,0,1080,2400) req=(1080,2400)0 dur=9 res=0x0 s={true 0x7b5ed7c800} ch=false seqId=0
10-04 22:42:51.629 25619 25619 I ViewRootImpl@fb2a030[MainActivity]: updateBoundsLayer: t = android.view.SurfaceControl$Transaction@17c2140 sc = Surface(name=Bounds for - com.lagradost.cloudstream3/com.lagradost.cloudstream3.MainActivity@0)/@0xb7bd879 frame = 509
10-04 22:42:51.629 25619 25619 I ViewRootImpl@fb2a030[MainActivity]: mWNT: t=0x7b5ee81300 mBlastBufferQueue=0x7b48ed4d00 fn= 509 caller= android.view.ViewRootImpl.prepareSurfaces:2985 android.view.ViewRootImpl.performTraversals:4233 android.view.ViewRootImpl.doTraversal:3116 
10-04 22:42:51.631 25619 25619 W View    : requestLayout() improperly called by android.widget.FrameLayout{1441bf I.E...... ......I. 0,0-0,0 #7f0a04e7 app:id/start_panel} during layout: running second layout pass
10-04 22:42:51.631 25619 25619 W View    : requestLayout() improperly called by android.widget.FrameLayout{d62608c I.E...... ......ID 1080,0-1080,2143 #7f0a0168 app:id/end_panel} during layout: running second layout pass
10-04 22:42:51.634 25619 25619 D SurfaceView@3d43996: updateSurface: has no frame
10-04 22:42:51.638 25619 25750 I ViewRootImpl@fb2a030[MainActivity]: mWNT: t=0x7b5ef61800 mBlastBufferQueue=0x7b48ed4d00 fn= 509 caller= android.view.ViewRootImpl.lambda$applyTransactionOnDraw$11$android-view-ViewRootImpl:12865 android.view.ViewRootImpl$$ExternalSyntheticLambda1.onFrameDraw:4 android.graphics.HardwareRenderer$FrameDrawingCallback.onFrameDraw:924 
10-04 22:42:51.650 25619 25644 D OpenGLRenderer: setSurface called with nullptr
10-04 22:42:51.651 25619 25644 D OpenGLRenderer: setSurface() destroyed EGLSurface
10-04 22:42:51.651 25619 25644 D OpenGLRenderer: destroyEglSurface
10-04 22:42:51.654 25619 25619 I ViewRootImpl@9667ee8[MainActivity]: performTraversals mFirst=false windowShouldResize=false viewVisibilityChanged=true mForceNextWindowRelayout=false params={(0,0)(fillxfill) gr=CENTER sim={adjust=pan} ty=APPLICATION fmt=TRANSPARENT wanim=0x7f14000b
10-04 22:42:51.654 25619 25619 I ViewRootImpl@9667ee8[MainActivity]:   fl=85810100
10-04 22:42:51.654 25619 25619 I ViewRootImpl@9667ee8[MainActivity]:   pfl=12020040
10-04 22:42:51.654 25619 25619 I ViewRootImpl@9667ee8[MainActivity]:   vsysui=500
10-04 22:42:51.654 25619 25619 I ViewRootImpl@9667ee8[MainActivity]:   bhv=DEFAULT
10-04 22:42:51.654 25619 25619 I ViewRootImpl@9667ee8[MainActivity]:   fitSides= naviIconColor=0}
10-04 22:42:51.673 25619 25619 D InsetsController: onStateChanged: InsetsState: {mDisplayFrame=Rect(0, 0 - 1080, 2400), mDisplayCutout=DisplayCutout{insets=Rect(0, 88 - 0, 0) waterfall=Insets{left=0, top=0, right=0, bottom=0} boundingRect={Bounds=[Rect(0, 0 - 0, 0), Rect(512, 0 - 568, 88), Rect(0, 0 - 0, 0), Rect(0, 0 - 0, 0)]} cutoutPathParserInfo={CutoutPathParserInfo{displayWidth=1080 displayHeight=2400 physicalDisplayWidth=1080 physicalDisplayHeight=2400 density={2.625} cutoutSpec={M 0,0 M 0,12.25101276465640 a 10.60613009248640,10.60613009248640 0 1,0 0,21.21226018497290 a 10.60613009248640,10.60613009248640 0 1,0 0,-21.21226018497290 Z @dp} rotation={0} scale={1.0} physicalPixelDisplaySizeRatio={1.0}}}}, mRoundedCorners=RoundedCorners{[RoundedCorner{position=TopLeft, radius=84, center=Point(84, 84)}, RoundedCorner{position=TopRight, radius=84, center=Point(996, 84)}, RoundedCorner{position=BottomRight, radius=84, center=Point(996, 2316)}, RoundedCorner{position=BottomLeft, radius=84, center=Point(84, 2316)}]}  mRoundedCornerFrame=Rect(0, 0 - 1080, 2400), mPrivacyIndicatorBounds=PrivacyIndicatorBounds {static bounds=Rect(964, 0 - 1080, 87) rotation=0}, mSources= { InsetsSource: {mType=ITYPE_STATUS_BAR, mFrame=[0,0][1080,88], mVisible=true, mInsetsRoundedCornerFrame=false}, InsetsSource: {mType=ITYPE_NAVIGATION_BAR, mFrame=[0,2361][1080,2400], mVisible=true, mInsetsRoundedCornerFrame=false}, InsetsSource: {mType=ITYPE_LEFT_GESTURES, mFrame=[0,0][130,2400], mVisible=true, mInsetsRoundedCornerFrame=false}, InsetsSource: {mType=ITYPE_RIGHT_GESTURES, mFrame=[950,0][1080,2400], mVisible=true, mInsetsRoundedCornerFrame=false}, InsetsSource: {mType=ITYPE_TOP_MANDATORY_GESTURES, mFrame=[0,0][1080,120], mVisible=true, mInsetsRoundedCornerFrame=false}, InsetsSource: {mType=ITYPE_BOTTOM_MANDATORY_GESTURES, mFrame=[0,2316][1080,2400], mVisible=true, mInsetsRoundedCornerFrame=false}, InsetsSource: {mType=ITYPE_LEFT_DISPLAY_CUTOUT, mFrame=[0,0][-100000,2400], mVisible=true, mInsetsRoundedCornerFrame=false}, InsetsSource: {mType=ITYPE_TOP_DISPLAY_CUTOUT, mFrame=[0,0][1080,88], mVisible=true, mInsetsRoundedCornerFrame=false}, InsetsSource: {mType=ITYPE_RIGHT_DISPLAY_CUTOUT, mFrame=[100000,0][1080,2400], mVisible=true, mInsetsRoundedCornerFrame=false}, InsetsSource: {mType=ITYPE_BOTTOM_DISPLAY_CUTOUT, mFrame=[0,100000][1080,2400], mVisible=true, mInsetsRoundedCornerFrame=false}, InsetsSource: {mType=ITYPE_TOP_TAPPABLE_ELEMENT, mFrame=[0,0][1080,88], mVisible=true, mInsetsRoundedCornerFrame=false}, InsetsSource: {mType=ITYPE_BOTTOM_TAPPABLE_ELEMENT, mFrame=[0,0][0,0], mVisible=true, mInsetsRoundedCornerFrame=false} } host=com.lagradost.cloudstream3/com.lagradost.cloudstream3.MainActivity from=android.view.ViewRootImpl.relayoutWindow:9802
10-04 22:42:51.675 25619 25619 I ViewRootImpl@9667ee8[MainActivity]: Relayout returned: old=(0,0,1080,2400) new=(0,0,1080,2400) req=(1080,2400)8 dur=20 res=0x2 s={false 0x0} ch=true seqId=0
10-04 22:42:51.680 25619 25619 D SurfaceView@3d43996: updateSurface: has no frame
10-04 22:42:51.689 25619 25619 D SurfaceView@3d43996: updateSurface: has no frame
10-04 22:42:51.705 25619 25619 D SurfaceView@3d43996: updateSurface: has no frame
10-04 22:42:51.718 25619 25619 I ViewRootImpl@9667ee8[MainActivity]: MSG_WINDOW_FOCUS_CHANGED 0 0
10-04 22:42:51.720 25619 25619 I ViewRootImpl@fb2a030[MainActivity]: MSG_WINDOW_FOCUS_CHANGED 1 0
10-04 22:42:51.721 25619 25619 I ViewRootImpl@fb2a030[MainActivity]: mThreadedRenderer.initializeIfNeeded()#2 mSurface={isValid=true 0x7b5ed7c800}
10-04 22:42:51.729 25619 25619 D InputMethodManager: startInputInner - Id : 0
10-04 22:42:51.729 25619 25619 I InputMethodManager: startInputInner - mService.startInputOrWindowGainedFocus
10-04 22:42:51.734 25619 25619 D SurfaceView@3d43996: updateSurface: has no frame
10-04 22:42:51.738 25619 25619 D SurfaceView@3d43996: updateSurface: has no frame
10-04 22:42:51.755 25619 25619 D SurfaceView@3d43996: updateSurface: has no frame
10-04 22:42:51.771 25619 25619 I MSHandlerLifeCycle: check: return. pkg=com.lagradost.cloudstream3 isActivity=false callers=com.android.internal.policy.DecorView.setVisibility:4412 android.app.Dialog.hide:767 com.lagradost.cloudstream3.utils.AppContextUtils.ownHide:123 com.lagradost.cloudstream3.ui.home.HomeFragment.onDestroyView:459 androidx.fragment.app.Fragment.performDestroyView:3357 
10-04 22:42:51.771 25619 25619 I MSHandlerLifeCycle: removeMultiSplitHandler: no exist. decor=DecorView@9ae9764[MainActivity]
10-04 22:42:51.773 25619 25619 D SurfaceView@3d43996: updateSurface: has no frame
10-04 22:42:51.789 25619 25619 D SurfaceView@3d43996: updateSurface: has no frame
10-04 22:42:51.805 25619 25619 D SurfaceView@3d43996: updateSurface: has no frame
10-04 22:42:51.822 25619 25619 D SurfaceView@3d43996: updateSurface: has no frame
10-04 22:42:51.839 25619 25619 D SurfaceView@3d43996: updateSurface: has no frame
10-04 22:42:51.855 25619 25619 D SurfaceView@3d43996: updateSurface: has no frame
10-04 22:42:51.872 25619 25619 D SurfaceView@3d43996: updateSurface: has no frame
10-04 22:42:51.890 25619 25619 D SurfaceView@3d43996: updateSurface: has no frame
10-04 22:42:51.905 25619 25619 D SurfaceView@3d43996: updateSurface: has no frame
10-04 22:42:51.922 25619 25619 D SurfaceView@3d43996: updateSurface: has no frame
10-04 22:42:51.938 25619 25619 D SurfaceView@3d43996: updateSurface: has no frame
10-04 22:42:51.955 25619 25619 D SurfaceView@3d43996: updateSurface: has no frame
10-04 22:42:51.972 25619 25619 D SurfaceView@3d43996: updateSurface: has no frame
10-04 22:42:51.989 25619 25619 D SurfaceView@3d43996: updateSurface: has no frame
10-04 22:42:52.005 25619 25619 D SurfaceView@3d43996: updateSurface: has no frame
10-04 22:42:52.022 25619 25619 D SurfaceView@3d43996: updateSurface: has no frame
10-04 22:42:52.039 25619 25619 D SurfaceView@3d43996: updateSurface: has no frame
10-04 22:42:52.055 25619 25619 D SurfaceView@3d43996: updateSurface: has no frame
10-04 22:42:52.072 25619 25619 D SurfaceView@3d43996: updateSurface: has no frame
10-04 22:42:52.089 25619 25619 D SurfaceView@3d43996: updateSurface: has no frame
10-04 22:42:52.105 25619 25619 D SurfaceView@3d43996: updateSurface: has no frame
10-04 22:42:52.122 25619 25619 D SurfaceView@3d43996: updateSurface: has no frame
10-04 22:42:52.138 25619 25619 D SurfaceView@3d43996: updateSurface: has no frame
10-04 22:42:52.155 25619 25619 D SurfaceView@3d43996: updateSurface: has no frame
10-04 22:42:52.172 25619 25619 D SurfaceView@3d43996: updateSurface: has no frame
10-04 22:42:52.189 25619 25619 D SurfaceView@3d43996: updateSurface: has no frame
10-04 22:42:52.205 25619 25619 D SurfaceView@3d43996: updateSurface: has no frame
10-04 22:42:52.222 25619 25619 D SurfaceView@3d43996: updateSurface: has no frame
10-04 22:42:52.239 25619 25619 D SurfaceView@3d43996: updateSurface: has no frame
10-04 22:42:52.255 25619 25619 D SurfaceView@3d43996: updateSurface: has no frame
10-04 22:42:52.272 25619 25619 D SurfaceView@3d43996: updateSurface: has no frame
10-04 22:42:52.289 25619 25619 D SurfaceView@3d43996: updateSurface: has no frame
10-04 22:42:52.305 25619 25619 D SurfaceView@3d43996: updateSurface: has no frame
10-04 22:42:52.322 25619 25619 D SurfaceView@3d43996: updateSurface: has no frame
10-04 22:42:52.338 25619 25619 D SurfaceView@3d43996: updateSurface: has no frame
10-04 22:42:52.355 25619 25619 D SurfaceView@3d43996: updateSurface: has no frame
10-04 22:42:52.372 25619 25619 D SurfaceView@3d43996: updateSurface: has no frame
10-04 22:42:52.388 25619 25619 D SurfaceView@3d43996: updateSurface: has no frame
10-04 22:42:52.405 25619 25619 D SurfaceView@3d43996: updateSurface: has no frame
10-04 22:42:52.422 25619 25619 D SurfaceView@3d43996: updateSurface: has no frame
10-04 22:42:52.438 25619 25619 D SurfaceView@3d43996: updateSurface: has no frame
10-04 22:42:52.455 25619 25619 D SurfaceView@3d43996: updateSurface: has no frame
10-04 22:42:52.472 25619 25619 D SurfaceView@3d43996: updateSurface: has no frame
10-04 22:42:52.488 25619 25619 D SurfaceView@3d43996: updateSurface: has no frame
10-04 22:42:52.505 25619 25619 D SurfaceView@3d43996: updateSurface: has no frame
10-04 22:42:52.522 25619 25619 D SurfaceView@3d43996: updateSurface: has no frame
10-04 22:42:52.538 25619 25619 D SurfaceView@3d43996: updateSurface: has no frame
10-04 22:42:52.555 25619 25619 D SurfaceView@3d43996: updateSurface: has no frame
10-04 22:42:52.572 25619 25619 D SurfaceView@3d43996: updateSurface: has no frame
10-04 22:42:52.588 25619 25619 D SurfaceView@3d43996: updateSurface: has no frame
10-04 22:42:52.605 25619 25619 D SurfaceView@3d43996: updateSurface: has no frame
10-04 22:42:52.621 25619 25619 D SurfaceView@3d43996: updateSurface: has no frame
10-04 22:42:52.638 25619 25619 D SurfaceView@3d43996: updateSurface: has no frame
10-04 22:42:52.655 25619 25619 D SurfaceView@3d43996: updateSurface: has no frame
10-04 22:42:52.671 25619 25619 D SurfaceView@3d43996: updateSurface: has no frame
10-04 22:42:52.688 25619 25619 D SurfaceView@3d43996: updateSurface: has no frame
10-04 22:42:52.705 25619 25619 D SurfaceView@3d43996: updateSurface: has no frame
10-04 22:42:52.721 25619 25619 D SurfaceView@3d43996: updateSurface: has no frame
10-04 22:42:52.739 25619 25619 D SurfaceView@3d43996: updateSurface: has no frame
10-04 22:42:52.755 25619 25619 D SurfaceView@3d43996: updateSurface: has no frame
10-04 22:42:52.771 25619 25619 D SurfaceView@3d43996: updateSurface: has no frame
10-04 22:42:52.788 25619 25619 D SurfaceView@3d43996: updateSurface: has no frame
10-04 22:42:52.805 25619 25619 D SurfaceView@3d43996: updateSurface: has no frame
10-04 22:42:52.821 25619 25619 D SurfaceView@3d43996: updateSurface: has no frame
10-04 22:42:52.838 25619 25619 D SurfaceView@3d43996: updateSurface: has no frame
10-04 22:42:52.854 25619 25619 D SurfaceView@3d43996: updateSurface: has no frame
10-04 22:42:52.871 25619 25619 D SurfaceView@3d43996: updateSurface: has no frame
10-04 22:42:52.888 25619 25619 D SurfaceView@3d43996: updateSurface: has no frame
10-04 22:42:52.905 25619 25619 D SurfaceView@3d43996: updateSurface: has no frame
10-04 22:42:52.921 25619 25619 D SurfaceView@3d43996: updateSurface: has no frame
10-04 22:42:52.938 25619 25619 D SurfaceView@3d43996: updateSurface: has no frame
10-04 22:42:52.954 25619 25619 D SurfaceView@3d43996: updateSurface: has no frame
10-04 22:42:52.971 25619 25619 D SurfaceView@3d43996: updateSurface: has no frame
10-04 22:42:52.988 25619 25619 D SurfaceView@3d43996: updateSurface: has no frame
10-04 22:42:53.005 25619 25619 D SurfaceView@3d43996: updateSurface: has no frame
10-04 22:42:53.021 25619 25619 D SurfaceView@3d43996: updateSurface: has no frame
10-04 22:42:53.038 25619 25619 D SurfaceView@3d43996: updateSurface: has no frame
10-04 22:42:53.055 25619 25619 D SurfaceView@3d43996: updateSurface: has no frame
10-04 22:42:53.071 25619 25619 D SurfaceView@3d43996: updateSurface: has no frame
10-04 22:42:53.088 25619 25619 D SurfaceView@3d43996: updateSurface: has no frame
10-04 22:42:53.105 25619 25619 D SurfaceView@3d43996: updateSurface: has no frame
10-04 22:42:53.113 25619 25677 I RVM2    : applyMeta
10-04 22:42:53.122 25619 25619 W PanelsChildGestureRegionObserver: failed to register view with ID 2131362800. already registered
10-04 22:42:53.124 25619 25619 E CoilImgLoader: Error loading image: coil3.request.NullRequestDataException: The request's data is null.
10-04 22:42:53.132 25619 25619 E CoilImgLoader: Error loading image: coil3.request.NullRequestDataException: The request's data is null.
10-04 22:42:53.161 25619 25675 I SYNCVM  : addFromUrl = https://wecima.now/watch/%d9%85%d8%b4%d8%a7%d9%87%d8%af%d8%a9-%d9%85%d8%b3%d9%84%d8%b3%d9%84-i-kill-you-%d9%85%d9%88%d8%b3%d9%85-1-%d8%ad%d9%84%d9%82%d8%a9-5/
10-04 22:42:53.161 25619 25675 I SYNCUTIL: getIdsFromUrl https://wecima.now/watch/%d9%85%d8%b4%d8%a7%d9%87%d8%af%d8%a9-%d9%85%d8%b3%d9%84%d8%b3%d9%84-i-kill-you-%d9%85%d9%88%d8%b3%d9%85-1-%d8%ad%d9%84%d9%82%d8%a9-5/
10-04 22:42:53.172 25619 25619 I ViewRootImpl@fb2a030[MainActivity]: performTraversals mFirst=false windowShouldResize=false viewVisibilityChanged=false mForceNextWindowRelayout=false params={(0,0)(fillxfill) sim={state=always_hidden adjust=pan} ty=BASE_APPLICATION fmt=TRANSLUCENT wanim=0x1030309
10-04 22:42:53.172 25619 25619 I ViewRootImpl@fb2a030[MainActivity]:   fl=85810100
10-04 22:42:53.172 25619 25619 I ViewRootImpl@fb2a030[MainActivity]:   pfl=12020040
10-04 22:42:53.172 25619 25619 I ViewRootImpl@fb2a030[MainActivity]:   vsysui=500
10-04 22:42:53.172 25619 25619 I ViewRootImpl@fb2a030[MainActivity]:   bhv=DEFAULT
10-04 22:42:53.172 25619 25619 I ViewRootImpl@fb2a030[MainActivity]:   fitSides= naviIconColor=0}
10-04 22:42:53.182 25619 25619 I ViewRootImpl@fb2a030[MainActivity]: updateBlastSurfaceIfNeeded mBlastBufferQueue=0x7b48ed4d00 isSameSurfaceControl=true
10-04 22:42:53.183 25619 25619 I BLASTBufferQueue: update, w= 1080 h= 2400 mName = ViewRootImpl@fb2a030[MainActivity] mNativeObject= 0x7b48ed4d00 sc.mNativeObject= 0x7b29201ea0 format= -3 caller= android.view.ViewRootImpl.updateBlastSurfaceIfNeeded:2898 android.view.ViewRootImpl.relayoutWindow:9847 android.view.ViewRootImpl.performTraversals:3884 android.view.ViewRootImpl.doTraversal:3116 android.view.ViewRootImpl$TraversalRunnable.run:10885 android.view.Choreographer$CallbackRecord.run:1301 
10-04 22:42:53.183 25619 25619 I ViewRootImpl@fb2a030[MainActivity]: Relayout returned: old=(0,0,1080,2400) new=(0,0,1080,2400) req=(1080,2400)0 dur=10 res=0x0 s={true 0x7b5ed7c800} ch=false seqId=0
10-04 22:42:53.183 25619 25619 D SurfaceView@3d43996: updateSurface: has no frame
10-04 22:42:53.185 25619 25619 I SurfaceView@3d43996: Changes: creating=true format=true size=true visible=true alpha=false hint=false mUseAlpha=false visible=true left=true top=true
10-04 22:42:53.187 25619 25619 I BLASTBufferQueue: update, w= 1080 h= 525 mName = null mNativeObject= 0x7af7d47c00 sc.mNativeObject= 0x7b29202120 format= 4 caller= android.view.SurfaceView.createBlastSurfaceControls:1383 android.view.SurfaceView.updateSurface:1079 android.view.SurfaceView.lambda$new$0$android-view-SurfaceView:200 android.view.SurfaceView$$ExternalSyntheticLambda5.onPreDraw:2 android.view.ViewTreeObserver.dispatchOnPreDraw:1121 android.view.ViewRootImpl.performTraversals:4442 
10-04 22:42:53.187 25619 25619 I SurfaceView@3d43996: 64240022 Cur surface: Surface(name=null)/@0x4eee991
10-04 22:42:53.187 25619 25619 I SurfaceView@3d43996: pST: sr = Rect(0, 218 - 1080, 743) sw = 1080 sh = 525
10-04 22:42:53.187 25619 25619 D SurfaceView@3d43996: performSurfaceTransaction RenderWorker position = [0, 218, 1080, 743] surfaceSize = 1080x525
10-04 22:42:53.187 25619 25619 I SurfaceView@3d43996: applyTransactionOnVriDraw: vri = ViewRootImpl@fb2a030[MainActivity] fRS = false t = 0x7b48df0000 android.view.SurfaceView.performSurfaceTransaction:959 android.view.SurfaceView.updateSurface:1105 android.view.SurfaceView.lambda$new$0$android-view-SurfaceView:200 
10-04 22:42:53.187 25619 25619 I ViewRootImpl@fb2a030[MainActivity]: applyTransactionOnDraw: mRemoved = false isHardwareEnabled = true t = 0x7b48df0000android.view.SurfaceView.applyTransactionOnVriDraw:2048 android.view.SurfaceView.performSurfaceTransaction:959 android.view.SurfaceView.updateSurface:1105 android.view.SurfaceView.lambda$new$0$android-view-SurfaceView:200 android.view.SurfaceView$$ExternalSyntheticLambda5.onPreDraw:2 
10-04 22:42:53.187 25619 25619 I SurfaceView@3d43996: updateSurface: mVisible = true mSurface.isValid() = true
10-04 22:42:53.187 25619 25619 I SurfaceView@3d43996: updateSurface: mSurfaceCreated = false surfaceChanged = true visibleChanged = true
10-04 22:42:53.187 25619 25619 I SurfaceView@3d43996: visibleChanged -- surfaceCreated
10-04 22:42:53.188 25619 25619 I SurfaceView@3d43996: surfaceCreated 0 #8 android.view.SurfaceView{3d43996 V.E...... ......ID 0,0-1080,525}
10-04 22:42:53.188 25619 25619 I SurfaceView@3d43996: surfaceChanged -- format=4 w=1080 h=525
10-04 22:42:53.188 25619 25619 I SurfaceView@3d43996: surfaceChanged (1080,525) 0 #8 android.view.SurfaceView{3d43996 V.E...... ......ID 0,0-1080,525}
10-04 22:42:53.188 25619 25619 I SurfaceView@3d43996: surfaceRedrawNeeded
10-04 22:42:53.188 25619 25619 V SurfaceView@3d43996: Layout: x=0 y=218 w=1080 h=525, frame=Rect(0, 0 - 1080, 525)
10-04 22:42:53.198 25619 25751 D SurfaceView@3d43996: updateSurfacePosition RenderWorker, frameNr = 597, position = [0, 218, 1080, 743] surfaceSize = 1080x525
10-04 22:42:53.198 25619 25751 I SurfaceView@3d43996: uSP: rtp = Rect(0, 218 - 1080, 743) rtsw = 1080 rtsh = 525
10-04 22:42:53.198 25619 25751 I SurfaceView@3d43996: onSSPAndSRT: pl = 0 pt = 218 sx = 1.0 sy = 1.0
10-04 22:42:53.198 25619 25751 I SurfaceView@3d43996: aOrMT: ViewRootImpl@fb2a030[MainActivity] t = android.view.SurfaceControl$Transaction@342c764 fN = 597 android.view.SurfaceView.-$$Nest$mapplyOrMergeTransaction:0 android.view.SurfaceView$SurfaceViewPositionUpdateListener.positionChanged:1537 android.graphics.RenderNode$CompositePositionUpdateListener.positionChanged:373 
10-04 22:42:53.198 25619 25751 I ViewRootImpl@fb2a030[MainActivity]: mWNT: t=0x7bdaa13100 mBlastBufferQueue=0x7b48ed4d00 fn= 597 caller= android.view.SurfaceView.applyOrMergeTransaction:1455 android.view.SurfaceView.-$$Nest$mapplyOrMergeTransaction:0 android.view.SurfaceView$SurfaceViewPositionUpdateListener.positionChanged:1537 
10-04 22:42:53.199 25619 25751 I ViewRootImpl@fb2a030[MainActivity]: mWNT: t=0x7b48df0000 mBlastBufferQueue=0x7b48ed4d00 fn= 597 caller= android.view.ViewRootImpl.lambda$applyTransactionOnDraw$11$android-view-ViewRootImpl:12865 android.view.ViewRootImpl$$ExternalSyntheticLambda1.onFrameDraw:4 android.graphics.HardwareRenderer$FrameDrawingCallback.onFrameDraw:924 
10-04 22:42:53.260 25619 25619 I ViewRootImpl@fb2a030[MainActivity]: performTraversals mFirst=false windowShouldResize=false viewVisibilityChanged=false mForceNextWindowRelayout=false params={(0,0)(fillxfill) sim={state=always_hidden adjust=resize} ty=BASE_APPLICATION fmt=TRANSLUCENT wanim=0x1030309
10-04 22:42:53.260 25619 25619 I ViewRootImpl@fb2a030[MainActivity]:   fl=85810100
10-04 22:42:53.260 25619 25619 I ViewRootImpl@fb2a030[MainActivity]:   pfl=12020040
10-04 22:42:53.260 25619 25619 I ViewRootImpl@fb2a030[MainActivity]:   vsysui=500
10-04 22:42:53.260 25619 25619 I ViewRootImpl@fb2a030[MainActivity]:   bhv=DEFAULT
10-04 22:42:53.260 25619 25619 I ViewRootImpl@fb2a030[MainActivity]:   fitSides= naviIconColor=0}
10-04 22:42:53.267 25619 25619 I ViewRootImpl@fb2a030[MainActivity]: updateBlastSurfaceIfNeeded mBlastBufferQueue=0x7b48ed4d00 isSameSurfaceControl=true
10-04 22:42:53.267 25619 25619 I BLASTBufferQueue: update, w= 1080 h= 2400 mName = ViewRootImpl@fb2a030[MainActivity] mNativeObject= 0x7b48ed4d00 sc.mNativeObject= 0x7af7c6e6a0 format= -3 caller= android.view.ViewRootImpl.updateBlastSurfaceIfNeeded:2898 android.view.ViewRootImpl.relayoutWindow:9847 android.view.ViewRootImpl.performTraversals:3884 android.view.ViewRootImpl.doTraversal:3116 android.view.ViewRootImpl$TraversalRunnable.run:10885 android.view.Choreographer$CallbackRecord.run:1301 
10-04 22:42:53.267 25619 25619 I ViewRootImpl@fb2a030[MainActivity]: Relayout returned: old=(0,0,1080,2400) new=(0,0,1080,2400) req=(1080,2400)0 dur=7 res=0x0 s={true 0x7b5ed7c800} ch=false seqId=0
10-04 22:42:53.276 25619 25619 I SurfaceView@3d43996: finishedDrawing
10-04 22:42:54.076 25619 25619 I ViewRootImpl@fb2a030[MainActivity]: ViewPostIme pointer 0
10-04 22:42:54.605 25619 25619 I Dialog  : mIsDeviceDefault = false, mIsSamsungBasicInteraction = false, isMetaDataInActivity = false
10-04 22:42:54.643 25619 25619 I DecorView: [INFO] isPopOver=false config=false
10-04 22:42:54.643 25619 25619 I DecorView: updateCaptionType: isFloating=false isApplication=true hasWindowDecorCaption=false this=DecorView@c98338e[]
10-04 22:42:54.644 25619 25619 D DecorView: setCaptionType = 0, this = DecorView@c98338e[]
10-04 22:42:54.646 25619 25619 I DecorView: getCurrentDensityDpi: from app context. densityDpi=420 msg=resources_loaded
10-04 22:42:54.646 25619 25619 I DecorView: setWindowBackground: isPopOver=false color=0 d=android.graphics.drawable.ColorDrawable@928a7bc
10-04 22:42:54.659 25619 25644 D NativeCustomFrequencyManager: [NativeCFMS] BpCustomFrequencyManager::BpCustomFrequencyManager()
10-04 22:42:54.660 25619 25619 I DecorView: notifyKeepScreenOnChanged: keepScreenOn=false
10-04 22:42:54.677 25619 25619 D InsetsController: onStateChanged: InsetsState: {mDisplayFrame=Rect(0, 0 - 1080, 2400), mDisplayCutout=DisplayCutout{insets=Rect(0, 88 - 0, 0) waterfall=Insets{left=0, top=0, right=0, bottom=0} boundingRect={Bounds=[Rect(0, 0 - 0, 0), Rect(512, 0 - 568, 88), Rect(0, 0 - 0, 0), Rect(0, 0 - 0, 0)]} cutoutPathParserInfo={CutoutPathParserInfo{displayWidth=1080 displayHeight=2400 physicalDisplayWidth=1080 physicalDisplayHeight=2400 density={2.625} cutoutSpec={M 0,0 M 0,12.25101276465640 a 10.60613009248640,10.60613009248640 0 1,0 0,21.21226018497290 a 10.60613009248640,10.60613009248640 0 1,0 0,-21.21226018497290 Z @dp} rotation={0} scale={1.0} physicalPixelDisplaySizeRatio={1.0}}}}, mRoundedCorners=RoundedCorners{[RoundedCorner{position=TopLeft, radius=84, center=Point(84, 84)}, RoundedCorner{position=TopRight, radius=84, center=Point(996, 84)}, RoundedCorner{position=BottomRight, radius=84, center=Point(996, 2316)}, RoundedCorner{position=BottomLeft, radius=84, center=Point(84, 2316)}]}  mRoundedCornerFrame=Rect(0, 0 - 1080, 2400), mPrivacyIndicatorBounds=PrivacyIndicatorBounds {static bounds=Rect(964, 0 - 1080, 87) rotation=0}, mSources= { InsetsSource: {mType=ITYPE_STATUS_BAR, mFrame=[0,0][1080,88], mVisible=true, mInsetsRoundedCornerFrame=false}, InsetsSource: {mType=ITYPE_NAVIGATION_BAR, mFrame=[0,2361][1080,2400], mVisible=true, mInsetsRoundedCornerFrame=false}, InsetsSource: {mType=ITYPE_LEFT_GESTURES, mFrame=[0,0][130,2400], mVisible=true, mInsetsRoundedCornerFrame=false}, InsetsSource: {mType=ITYPE_RIGHT_GESTURES, mFrame=[950,0][1080,2400], mVisible=true, mInsetsRoundedCornerFrame=false}, InsetsSource: {mType=ITYPE_TOP_MANDATORY_GESTURES, mFrame=[0,0][1080,120], mVisible=true, mInsetsRoundedCornerFrame=false}, InsetsSource: {mType=ITYPE_BOTTOM_MANDATORY_GESTURES, mFrame=[0,2316][1080,2400], mVisible=true, mInsetsRoundedCornerFrame=false}, InsetsSource: {mType=ITYPE_LEFT_DISPLAY_CUTOUT, mFrame=[0,0][-100000,2400], mVisible=true, mInsetsRoundedCornerFrame=false}, InsetsSource: {mType=ITYPE_TOP_DISPLAY_CUTOUT, mFrame=[0,0][1080,88], mVisible=true, mInsetsRoundedCornerFrame=false}, InsetsSource: {mType=ITYPE_RIGHT_DISPLAY_CUTOUT, mFrame=[100000,0][1080,2400], mVisible=true, mInsetsRoundedCornerFrame=false}, InsetsSource: {mType=ITYPE_BOTTOM_DISPLAY_CUTOUT, mFrame=[0,100000][1080,2400], mVisible=true, mInsetsRoundedCornerFrame=false}, InsetsSource: {mType=ITYPE_TOP_TAPPABLE_ELEMENT, mFrame=[0,0][1080,88], mVisible=true, mInsetsRoundedCornerFrame=false}, InsetsSource: {mType=ITYPE_BOTTOM_TAPPABLE_ELEMENT, mFrame=[0,0][0,0], mVisible=true, mInsetsRoundedCornerFrame=false}, InsetsSource: {mType=ITYPE_IME, mFrame=[0,0][0,0], mVisible=false, mInsetsRoundedCornerFrame=false} } host=com.lagradost.cloudstream3/com.lagradost.cloudstream3.MainActivity from=android.view.ViewRootImpl.setView:1732
10-04 22:42:54.679 25619 25619 I ViewRootImpl@9d735fd[MainActivity]: setView = com.android.internal.policy.DecorView@c98338e TM=true
10-04 22:42:54.683 25619 25619 I ViewRootImpl@fb2a030[MainActivity]: ViewPostIme pointer 1
10-04 22:42:54.702 25619 25619 I ViewRootImpl@9d735fd[MainActivity]: performTraversals params={(0,0)(fillxfill) gr=CENTER sim={adjust=resize forwardNavigation} ty=APPLICATION fmt=TRANSPARENT wanim=0x7f14000b
10-04 22:42:54.702 25619 25619 I ViewRootImpl@9d735fd[MainActivity]:   fl=85810100
10-04 22:42:54.702 25619 25619 I ViewRootImpl@9d735fd[MainActivity]:   pfl=12020040
10-04 22:42:54.702 25619 25619 I ViewRootImpl@9d735fd[MainActivity]:   vsysui=500
10-04 22:42:54.702 25619 25619 I ViewRootImpl@9d735fd[MainActivity]:   bhv=DEFAULT
10-04 22:42:54.702 25619 25619 I ViewRootImpl@9d735fd[MainActivity]:   fitSides= naviIconColor=0}
10-04 22:42:54.703 25619 25619 I ViewRootImpl@9d735fd[MainActivity]: performTraversals mFirst=true windowShouldResize=true viewVisibilityChanged=false mForceNextWindowRelayout=false params={(0,0)(fillxfill) gr=CENTER sim={adjust=resize forwardNavigation} ty=APPLICATION fmt=TRANSPARENT wanim=0x7f14000b
10-04 22:42:54.703 25619 25619 I ViewRootImpl@9d735fd[MainActivity]:   fl=85810100
10-04 22:42:54.703 25619 25619 I ViewRootImpl@9d735fd[MainActivity]:   pfl=12020040
10-04 22:42:54.703 25619 25619 I ViewRootImpl@9d735fd[MainActivity]:   vsysui=500
10-04 22:42:54.703 25619 25619 I ViewRootImpl@9d735fd[MainActivity]:   bhv=DEFAULT
10-04 22:42:54.703 25619 25619 I ViewRootImpl@9d735fd[MainActivity]:   fitSides= naviIconColor=0}
10-04 22:42:54.717 25619 25619 I ViewRootImpl@9d735fd[MainActivity]: updateBlastSurfaceIfNeeded mBlastBufferQueue=null isSameSurfaceControl=false
10-04 22:42:54.718 25619 25619 I BLASTBufferQueue: new BLASTBufferQueue, mName= ViewRootImpl@9d735fd[MainActivity] mNativeObject= 0x7bdaaccc00 sc.mNativeObject= 0x7b28ffdfc0 caller= android.view.ViewRootImpl.updateBlastSurfaceIfNeeded:2909 android.view.ViewRootImpl.relayoutWindow:9847 android.view.ViewRootImpl.performTraversals:3884 android.view.ViewRootImpl.doTraversal:3116 android.view.ViewRootImpl$TraversalRunnable.run:10885 android.view.Choreographer$CallbackRecord.run:1301 android.view.Choreographer$CallbackRecord.run:1309 android.view.Choreographer.doCallbacks:923 android.view.Choreographer.doFrame:852 android.view.Choreographer$FrameDisplayEventReceiver.run:1283 
10-04 22:42:54.718 25619 25619 I BLASTBufferQueue: update, w= 1080 h= 2400 mName = ViewRootImpl@9d735fd[MainActivity] mNativeObject= 0x7bdaaccc00 sc.mNativeObject= 0x7b28ffdfc0 format= -2 caller= android.graphics.BLASTBufferQueue.<init>:84 android.view.ViewRootImpl.updateBlastSurfaceIfNeeded:2909 android.view.ViewRootImpl.relayoutWindow:9847 android.view.ViewRootImpl.performTraversals:3884 android.view.ViewRootImpl.doTraversal:3116 android.view.ViewRootImpl$TraversalRunnable.run:10885 
10-04 22:42:54.719 25619 25619 I ViewRootImpl@9d735fd[MainActivity]: Relayout returned: old=(0,0,1080,2400) new=(0,0,1080,2400) req=(1080,2400)0 dur=14 res=0x3 s={true 0x7bed892800} ch=true seqId=0
10-04 22:42:54.720 25619 25619 I ViewRootImpl@9d735fd[MainActivity]: mThreadedRenderer.initialize() mSurface={isValid=true 0x7bed892800} hwInitialized=true
10-04 22:42:54.721 25619 25644 D OpenGLRenderer: eglCreateWindowSurface
10-04 22:42:54.745 25619 25619 D AbsListView:  in onLayout changed 
10-04 22:42:54.747 25619 25619 I ViewRootImpl@9d735fd[MainActivity]: reportNextDraw android.view.ViewRootImpl.performTraversals:4438 android.view.ViewRootImpl.doTraversal:3116 android.view.ViewRootImpl$TraversalRunnable.run:10885 android.view.Choreographer$CallbackRecord.run:1301 android.view.Choreographer$CallbackRecord.run:1309 
10-04 22:42:54.747 25619 25619 I ViewRootImpl@9d735fd[MainActivity]: Setup new sync id=0
10-04 22:42:54.747 25619 25619 I ViewRootImpl@9d735fd[MainActivity]: Setting syncFrameCallback
10-04 22:42:54.747 25619 25619 I ViewRootImpl@9d735fd[MainActivity]: registerCallbacksForSync syncBuffer=false
10-04 22:42:54.750 25619 25750 I ViewRootImpl@9d735fd[MainActivity]: Received frameDrawingCallback syncResult=0 frameNum=1.
10-04 22:42:54.750 25619 25750 I ViewRootImpl@9d735fd[MainActivity]: Setting up sync and frameCommitCallback
10-04 22:42:54.758 25619 25644 I BLASTBufferQueue: [ViewRootImpl@9d735fd[MainActivity]#14](f:0,a:0) onFrameAvailable the first frame is available
10-04 22:42:54.759 25619 25644 I ViewRootImpl@9d735fd[MainActivity]: Received frameCommittedCallback lastAttemptedDrawFrameNum=1 didProduceBuffer=true
10-04 22:42:54.761 25619 25644 D OpenGLRenderer: CFMS:: SetUp Pid : 25619    Tid : 25644
10-04 22:42:54.766 25619 25619 I ViewRootImpl@9d735fd[MainActivity]: onSyncComplete
10-04 22:42:54.767 25619 25619 I ViewRootImpl@9d735fd[MainActivity]: setupSync seqId=0 mSyncId=0 fn=1 caller=android.view.ViewRootImpl$$ExternalSyntheticLambda11.accept:6 android.window.SurfaceSyncer.lambda$setupSync$1$android-window-SurfaceSyncer:128 android.window.SurfaceSyncer$$ExternalSyntheticLambda1.accept:8 android.window.SurfaceSyncer$SyncSet.checkIfSyncIsComplete:382 android.window.SurfaceSyncer$SyncSet.markSyncReady:359 android.window.SurfaceSyncer.markSyncReady:151 android.view.ViewRootImpl.performTraversals:4503 
10-04 22:42:54.767 25619 25619 I ViewRootImpl@9d735fd[MainActivity]: reportDrawFinished seqId=0 mSyncId=-1 fn=1 mSurfaceChangedTransaction=0x7b5ef72700
10-04 22:42:54.773 25619 25619 I ViewRootImpl@fb2a030[MainActivity]: MSG_WINDOW_FOCUS_CHANGED 0 0
10-04 22:42:54.823 25619 25619 I ViewRootImpl@9d735fd[MainActivity]: MSG_WINDOW_FOCUS_CHANGED 1 0
10-04 22:42:54.823 25619 25619 I ViewRootImpl@9d735fd[MainActivity]: mThreadedRenderer.initializeIfNeeded()#2 mSurface={isValid=true 0x7bed892800}
10-04 22:42:54.825 25619 25619 D InputMethodManager: startInputInner - Id : 0
10-04 22:42:54.825 25619 25619 I InputMethodManager: startInputInner - mService.startInputOrWindowGainedFocus
10-04 22:42:55.457 25619 25619 I ViewRootImpl@9d735fd[MainActivity]: ViewPostIme pointer 0
10-04 22:42:55.488 25619 25619 I ViewRootImpl@9d735fd[MainActivity]: ViewPostIme pointer 1
10-04 22:42:55.490 25619 25619 D AbsListView: onTouchUp() mTouchMode : 0
10-04 22:42:55.564 25619 25619 I MSHandlerLifeCycle: removeMultiSplitHandler: no exist. decor=DecorView@c98338e[MainActivity]
10-04 22:42:55.566 25619 25644 D OpenGLRenderer: setSurface called with nullptr
10-04 22:42:55.566 25619 25644 D OpenGLRenderer: setSurface() destroyed EGLSurface
10-04 22:42:55.566 25619 25644 D OpenGLRenderer: destroyEglSurface
10-04 22:42:55.568 25619 25644 D OpenGLRenderer: endAllActiveAnimators on 0x7af7d00100 (MaterialTextView) with handle 0x7b4eaa9560
10-04 22:42:55.569 25619 25619 I ViewRootImpl@9d735fd[MainActivity]: dispatchDetachedFromWindow
