10-04 19:52:51.879 30152 30152 D InsetsController: onStateChanged: InsetsState: {mDisplayFrame=Rect(0, 0 - 1080, 2400), mDisplayCutout=DisplayCutout{insets=Rect(0, 88 - 0, 0) waterfall=Insets{left=0, top=0, right=0, bottom=0} boundingRect={Bounds=[Rect(0, 0 - 0, 0), Rect(512, 0 - 568, 88), Rect(0, 0 - 0, 0), Rect(0, 0 - 0, 0)]} cutoutPathParserInfo={CutoutPathParserInfo{displayWidth=1080 displayHeight=2400 physicalDisplayWidth=1080 physicalDisplayHeight=2400 density={2.625} cutoutSpec={M 0,0 M 0,12.25101276465640 a 10.60613009248640,10.60613009248640 0 1,0 0,21.21226018497290 a 10.60613009248640,10.60613009248640 0 1,0 0,-21.21226018497290 Z @dp} rotation={0} scale={1.0} physicalPixelDisplaySizeRatio={1.0}}}}, mRoundedCorners=RoundedCorners{[RoundedCorner{position=TopLeft, radius=84, center=Point(84, 84)}, RoundedCorner{position=TopRight, radius=84, center=Point(996, 84)}, RoundedCorner{position=BottomRight, radius=84, center=Point(996, 2316)}, RoundedCorner{position=BottomLeft, radius=84, center=Point(84, 2316)}]}  mRoundedCornerFrame=Rect(0, 0 - 1080, 2400), mPrivacyIndicatorBounds=PrivacyIndicatorBounds {static bounds=Rect(964, 0 - 1080, 87) rotation=0}, mSources= { InsetsSource: {mType=ITYPE_STATUS_BAR, mFrame=[0,0][1080,88], mVisible=true, mInsetsRoundedCornerFrame=false}, InsetsSource: {mType=ITYPE_NAVIGATION_BAR, mFrame=[0,2361][1080,2400], mVisible=true, mInsetsRoundedCornerFrame=false}, InsetsSource: {mType=ITYPE_LEFT_GESTURES, mFrame=[0,0][130,2400], mVisible=true, mInsetsRoundedCornerFrame=false}, InsetsSource: {mType=ITYPE_RIGHT_GESTURES, mFrame=[950,0][1080,2400], mVisible=true, mInsetsRoundedCornerFrame=false}, InsetsSource: {mType=ITYPE_TOP_MANDATORY_GESTURES, mFrame=[0,0][1080,120], mVisible=true, mInsetsRoundedCornerFrame=false}, InsetsSource: {mType=ITYPE_BOTTOM_MANDATORY_GESTURES, mFrame=[0,2316][1080,2400], mVisible=true, mInsetsRoundedCornerFrame=false}, InsetsSource: {mType=ITYPE_LEFT_DISPLAY_CUTOUT, mFrame=[0,0][-100000,2400], mVisible=true, mInsetsRoundedCornerFrame=false}, InsetsSource: {mType=ITYPE_TOP_DISPLAY_CUTOUT, mFrame=[0,0][1080,88], mVisible=true, mInsetsRoundedCornerFrame=false}, InsetsSource: {mType=ITYPE_RIGHT_DISPLAY_CUTOUT, mFrame=[100000,0][1080,2400], mVisible=true, mInsetsRoundedCornerFrame=false}, InsetsSource: {mType=ITYPE_BOTTOM_DISPLAY_CUTOUT, mFrame=[0,100000][1080,2400], mVisible=true, mInsetsRoundedCornerFrame=false}, InsetsSource: {mType=ITYPE_TOP_TAPPABLE_ELEMENT, mFrame=[0,0][1080,88], mVisible=true, mInsetsRoundedCornerFrame=false}, InsetsSource: {mType=ITYPE_BOTTOM_TAPPABLE_ELEMENT, mFrame=[0,0][0,0], mVisible=true, mInsetsRoundedCornerFrame=false} } host=com.lagradost.cloudstream3/com.lagradost.cloudstream3.MainActivity from=android.view.ViewRootImpl$ViewRootHandler.handleMessageImpl:6740
10-04 19:52:51.916 30152 30152 I ViewRootImpl@3bedb8a[MainActivity]: MSG_WINDOW_FOCUS_CHANGED 1 0
10-04 19:52:51.917 30152 30152 I ViewRootImpl@3bedb8a[MainActivity]: mThreadedRenderer.initializeIfNeeded()#2 mSurface={isValid=true 0x7b40124000}
10-04 19:52:51.938 30152 30152 D InputMethodManager: startInputInner - Id : 0
10-04 19:52:51.938 30152 30152 I InputMethodManager: startInputInner - mService.startInputOrWindowGainedFocus
10-04 19:52:52.769 30152 30152 I ViewRootImpl@3bedb8a[MainActivity]: ViewPostIme pointer 0
10-04 19:52:52.825 30152 30152 I SurfaceView@6230716: Changes: creating=false format=false size=false visible=false alpha=false hint=false mUseAlpha=false visible=false left=false top=true
10-04 19:52:52.825 30152 30152 I SurfaceView@6230716: 102958870 Cur surface: Surface(name=null)/@0xff53c73
10-04 19:52:52.826 30152 30152 I SurfaceView@6230716: applyTransactionOnVriDraw: vri = ViewRootImpl@3bedb8a[MainActivity] fRS = false t = 0x7b3ca70f00 android.view.SurfaceView.performSurfaceTransaction:959 android.view.SurfaceView.updateSurface:1105 android.view.SurfaceView.lambda$new$0$android-view-SurfaceView:200 
10-04 19:52:52.827 30152 30152 I ViewRootImpl@3bedb8a[MainActivity]: applyTransactionOnDraw: mRemoved = false isHardwareEnabled = true t = 0x7b3ca70f00android.view.SurfaceView.applyTransactionOnVriDraw:2048 android.view.SurfaceView.performSurfaceTransaction:959 android.view.SurfaceView.updateSurface:1105 android.view.SurfaceView.lambda$new$0$android-view-SurfaceView:200 android.view.SurfaceView$$ExternalSyntheticLambda5.onPreDraw:2 
10-04 19:52:52.827 30152 30152 I SurfaceView@6230716: updateSurface: mVisible = true mSurface.isValid() = true
10-04 19:52:52.827 30152 30152 I SurfaceView@6230716: updateSurface: mSurfaceCreated = true surfaceChanged = false visibleChanged = false
10-04 19:52:52.827 30152 30152 V SurfaceView@6230716: Layout: x=0 y=83 w=1080 h=525, frame=Rect(0, 0 - 1080, 525)
10-04 19:52:52.831 30152 30255 D SurfaceView@6230716: updateSurfacePosition RenderWorker, frameNr = 574, position = [0, 83, 1080, 608] surfaceSize = 1080x525
10-04 19:52:52.831 30152 30255 I SurfaceView@6230716: uSP: rtp = Rect(0, 83 - 1080, 608) rtsw = 1080 rtsh = 525
10-04 19:52:52.832 30152 30255 I SurfaceView@6230716: onSSPAndSRT: pl = 0 pt = 83 sx = 1.0 sy = 1.0
10-04 19:52:52.832 30152 30255 I SurfaceView@6230716: aOrMT: ViewRootImpl@3bedb8a[MainActivity] t = android.view.SurfaceControl$Transaction@bf3592e fN = 574 android.view.SurfaceView.-$$Nest$mapplyOrMergeTransaction:0 android.view.SurfaceView$SurfaceViewPositionUpdateListener.positionChanged:1537 android.graphics.RenderNode$CompositePositionUpdateListener.positionChanged:373 
10-04 19:52:52.832 30152 30255 I ViewRootImpl@3bedb8a[MainActivity]: mWNT: t=0x7b79f8ce00 mBlastBufferQueue=0x7b79f5d500 fn= 574 caller= android.view.SurfaceView.applyOrMergeTransaction:1455 android.view.SurfaceView.-$$Nest$mapplyOrMergeTransaction:0 android.view.SurfaceView$SurfaceViewPositionUpdateListener.positionChanged:1537 
10-04 19:52:52.833 30152 30255 I ViewRootImpl@3bedb8a[MainActivity]: mWNT: t=0x7b3ca70f00 mBlastBufferQueue=0x7b79f5d500 fn= 574 caller= android.view.ViewRootImpl.lambda$applyTransactionOnDraw$11$android-view-ViewRootImpl:12865 android.view.ViewRootImpl$$ExternalSyntheticLambda1.onFrameDraw:4 android.graphics.HardwareRenderer$FrameDrawingCallback.onFrameDraw:924 
10-04 19:52:52.842 30152 30152 I SurfaceView@6230716: Changes: creating=false format=false size=false visible=false alpha=false hint=false mUseAlpha=false visible=false left=false top=true
10-04 19:52:52.842 30152 30152 I SurfaceView@6230716: 102958870 Cur surface: Surface(name=null)/@0xff53c73
10-04 19:52:52.843 30152 30152 I SurfaceView@6230716: applyTransactionOnVriDraw: vri = ViewRootImpl@3bedb8a[MainActivity] fRS = false t = 0x7b0952b100 android.view.SurfaceView.performSurfaceTransaction:959 android.view.SurfaceView.updateSurface:1105 android.view.SurfaceView.lambda$new$0$android-view-SurfaceView:200 
10-04 19:52:52.843 30152 30152 I ViewRootImpl@3bedb8a[MainActivity]: applyTransactionOnDraw: mRemoved = false isHardwareEnabled = true t = 0x7b0952b100android.view.SurfaceView.applyTransactionOnVriDraw:2048 android.view.SurfaceView.performSurfaceTransaction:959 android.view.SurfaceView.updateSurface:1105 android.view.SurfaceView.lambda$new$0$android-view-SurfaceView:200 android.view.SurfaceView$$ExternalSyntheticLambda5.onPreDraw:2 
10-04 19:52:52.844 30152 30152 I SurfaceView@6230716: updateSurface: mVisible = true mSurface.isValid() = true
10-04 19:52:52.844 30152 30152 I SurfaceView@6230716: updateSurface: mSurfaceCreated = true surfaceChanged = false visibleChanged = false
10-04 19:52:52.844 30152 30152 V SurfaceView@6230716: Layout: x=0 y=-76 w=1080 h=525, frame=Rect(0, 0 - 1080, 525)
10-04 19:52:52.857 30152 30254 D SurfaceView@6230716: updateSurfacePosition RenderWorker, frameNr = 575, position = [0, -76, 1080, 449] surfaceSize = 1080x525
10-04 19:52:52.857 30152 30254 I SurfaceView@6230716: uSP: rtp = Rect(0, -76 - 1080, 449) rtsw = 1080 rtsh = 525
10-04 19:52:52.857 30152 30254 I SurfaceView@6230716: onSSPAndSRT: pl = 0 pt = -76 sx = 1.0 sy = 1.0
10-04 19:52:52.858 30152 30254 I SurfaceView@6230716: aOrMT: ViewRootImpl@3bedb8a[MainActivity] t = android.view.SurfaceControl$Transaction@bf3592e fN = 575 android.view.SurfaceView.-$$Nest$mapplyOrMergeTransaction:0 android.view.SurfaceView$SurfaceViewPositionUpdateListener.positionChanged:1537 android.graphics.RenderNode$CompositePositionUpdateListener.positionChanged:373 
10-04 19:52:52.858 30152 30254 I ViewRootImpl@3bedb8a[MainActivity]: mWNT: t=0x7b79f8ce00 mBlastBufferQueue=0x7b79f5d500 fn= 575 caller= android.view.SurfaceView.applyOrMergeTransaction:1455 android.view.SurfaceView.-$$Nest$mapplyOrMergeTransaction:0 android.view.SurfaceView$SurfaceViewPositionUpdateListener.positionChanged:1537 
10-04 19:52:52.859 30152 30254 I ViewRootImpl@3bedb8a[MainActivity]: mWNT: t=0x7b0952b100 mBlastBufferQueue=0x7b79f5d500 fn= 575 caller= android.view.ViewRootImpl.lambda$applyTransactionOnDraw$11$android-view-ViewRootImpl:12865 android.view.ViewRootImpl$$ExternalSyntheticLambda1.onFrameDraw:4 android.graphics.HardwareRenderer$FrameDrawingCallback.onFrameDraw:924 
10-04 19:52:52.860 30152 30152 I ViewRootImpl@3bedb8a[MainActivity]: ViewPostIme pointer 1
10-04 19:52:52.870 30152 30152 I SurfaceView@6230716: Changes: creating=false format=false size=false visible=false alpha=false hint=false mUseAlpha=false visible=false left=false top=true
10-04 19:52:52.870 30152 30152 I SurfaceView@6230716: 102958870 Cur surface: Surface(name=null)/@0xff53c73
10-04 19:52:52.871 30152 30152 I SurfaceView@6230716: applyTransactionOnVriDraw: vri = ViewRootImpl@3bedb8a[MainActivity] fRS = false t = 0x7b0947ef00 android.view.SurfaceView.performSurfaceTransaction:959 android.view.SurfaceView.updateSurface:1105 android.view.SurfaceView.lambda$new$0$android-view-SurfaceView:200 
10-04 19:52:52.872 30152 30152 I ViewRootImpl@3bedb8a[MainActivity]: applyTransactionOnDraw: mRemoved = false isHardwareEnabled = true t = 0x7b0947ef00android.view.SurfaceView.applyTransactionOnVriDraw:2048 android.view.SurfaceView.performSurfaceTransaction:959 android.view.SurfaceView.updateSurface:1105 android.view.SurfaceView.lambda$new$0$android-view-SurfaceView:200 android.view.SurfaceView$$ExternalSyntheticLambda5.onPreDraw:2 
10-04 19:52:52.872 30152 30152 I SurfaceView@6230716: updateSurface: mVisible = true mSurface.isValid() = true
10-04 19:52:52.872 30152 30152 I SurfaceView@6230716: updateSurface: mSurfaceCreated = true surfaceChanged = false visibleChanged = false
10-04 19:52:52.872 30152 30152 V SurfaceView@6230716: Layout: x=0 y=-105 w=1080 h=525, frame=Rect(0, 0 - 1080, 525)
10-04 19:52:52.881 30152 30255 D SurfaceView@6230716: updateSurfacePosition RenderWorker, frameNr = 576, position = [0, -105, 1080, 420] surfaceSize = 1080x525
10-04 19:52:52.882 30152 30255 I SurfaceView@6230716: uSP: rtp = Rect(0, -105 - 1080, 420) rtsw = 1080 rtsh = 525
10-04 19:52:52.882 30152 30255 I SurfaceView@6230716: onSSPAndSRT: pl = 0 pt = -105 sx = 1.0 sy = 1.0
10-04 19:52:52.882 30152 30255 I SurfaceView@6230716: aOrMT: ViewRootImpl@3bedb8a[MainActivity] t = android.view.SurfaceControl$Transaction@bf3592e fN = 576 android.view.SurfaceView.-$$Nest$mapplyOrMergeTransaction:0 android.view.SurfaceView$SurfaceViewPositionUpdateListener.positionChanged:1537 android.graphics.RenderNode$CompositePositionUpdateListener.positionChanged:373 
10-04 19:52:52.883 30152 30255 I ViewRootImpl@3bedb8a[MainActivity]: mWNT: t=0x7b79f8ce00 mBlastBufferQueue=0x7b79f5d500 fn= 576 caller= android.view.SurfaceView.applyOrMergeTransaction:1455 android.view.SurfaceView.-$$Nest$mapplyOrMergeTransaction:0 android.view.SurfaceView$SurfaceViewPositionUpdateListener.positionChanged:1537 
10-04 19:52:52.883 30152 30255 I ViewRootImpl@3bedb8a[MainActivity]: mWNT: t=0x7b0947ef00 mBlastBufferQueue=0x7b79f5d500 fn= 576 caller= android.view.ViewRootImpl.lambda$applyTransactionOnDraw$11$android-view-ViewRootImpl:12865 android.view.ViewRootImpl$$ExternalSyntheticLambda1.onFrameDraw:4 android.graphics.HardwareRenderer$FrameDrawingCallback.onFrameDraw:924 
10-04 19:52:52.891 30152 30152 I SurfaceView@6230716: Changes: creating=false format=false size=false visible=false alpha=false hint=false mUseAlpha=false visible=false left=false top=true
10-04 19:52:52.892 30152 30152 I SurfaceView@6230716: 102958870 Cur surface: Surface(name=null)/@0xff53c73
10-04 19:52:52.892 30152 30152 I SurfaceView@6230716: applyTransactionOnVriDraw: vri = ViewRootImpl@3bedb8a[MainActivity] fRS = false t = 0x7b0952b000 android.view.SurfaceView.performSurfaceTransaction:959 android.view.SurfaceView.updateSurface:1105 android.view.SurfaceView.lambda$new$0$android-view-SurfaceView:200 
10-04 19:52:52.892 30152 30152 I ViewRootImpl@3bedb8a[MainActivity]: applyTransactionOnDraw: mRemoved = false isHardwareEnabled = true t = 0x7b0952b000android.view.SurfaceView.applyTransactionOnVriDraw:2048 android.view.SurfaceView.performSurfaceTransaction:959 android.view.SurfaceView.updateSurface:1105 android.view.SurfaceView.lambda$new$0$android-view-SurfaceView:200 android.view.SurfaceView$$ExternalSyntheticLambda5.onPreDraw:2 
10-04 19:52:52.892 30152 30152 I SurfaceView@6230716: updateSurface: mVisible = true mSurface.isValid() = true
10-04 19:52:52.893 30152 30152 I SurfaceView@6230716: updateSurface: mSurfaceCreated = true surfaceChanged = false visibleChanged = false
10-04 19:52:52.893 30152 30152 V SurfaceView@6230716: Layout: x=0 y=-193 w=1080 h=525, frame=Rect(0, 0 - 1080, 525)
10-04 19:52:52.897 30152 30254 D SurfaceView@6230716: updateSurfacePosition RenderWorker, frameNr = 577, position = [0, -193, 1080, 332] surfaceSize = 1080x525
10-04 19:52:52.897 30152 30254 I SurfaceView@6230716: uSP: rtp = Rect(0, -193 - 1080, 332) rtsw = 1080 rtsh = 525
10-04 19:52:52.897 30152 30254 I SurfaceView@6230716: onSSPAndSRT: pl = 0 pt = -193 sx = 1.0 sy = 1.0
10-04 19:52:52.897 30152 30254 I SurfaceView@6230716: aOrMT: ViewRootImpl@3bedb8a[MainActivity] t = android.view.SurfaceControl$Transaction@bf3592e fN = 577 android.view.SurfaceView.-$$Nest$mapplyOrMergeTransaction:0 android.view.SurfaceView$SurfaceViewPositionUpdateListener.positionChanged:1537 android.graphics.RenderNode$CompositePositionUpdateListener.positionChanged:373 
10-04 19:52:52.897 30152 30254 I ViewRootImpl@3bedb8a[MainActivity]: mWNT: t=0x7b79f8ce00 mBlastBufferQueue=0x7b79f5d500 fn= 577 caller= android.view.SurfaceView.applyOrMergeTransaction:1455 android.view.SurfaceView.-$$Nest$mapplyOrMergeTransaction:0 android.view.SurfaceView$SurfaceViewPositionUpdateListener.positionChanged:1537 
10-04 19:52:52.898 30152 30254 I ViewRootImpl@3bedb8a[MainActivity]: mWNT: t=0x7b0952b000 mBlastBufferQueue=0x7b79f5d500 fn= 577 caller= android.view.ViewRootImpl.lambda$applyTransactionOnDraw$11$android-view-ViewRootImpl:12865 android.view.ViewRootImpl$$ExternalSyntheticLambda1.onFrameDraw:4 android.graphics.HardwareRenderer$FrameDrawingCallback.onFrameDraw:924 
10-04 19:52:52.902 30152 30152 I SurfaceView@6230716: Changes: creating=false format=false size=false visible=false alpha=false hint=false mUseAlpha=false visible=false left=false top=true
10-04 19:52:52.902 30152 30152 I SurfaceView@6230716: 102958870 Cur surface: Surface(name=null)/@0xff53c73
10-04 19:52:52.903 30152 30152 I SurfaceView@6230716: applyTransactionOnVriDraw: vri = ViewRootImpl@3bedb8a[MainActivity] fRS = false t = 0x7b1ebb4700 android.view.SurfaceView.performSurfaceTransaction:959 android.view.SurfaceView.updateSurface:1105 android.view.SurfaceView.lambda$new$0$android-view-SurfaceView:200 
10-04 19:52:52.903 30152 30152 I ViewRootImpl@3bedb8a[MainActivity]: applyTransactionOnDraw: mRemoved = false isHardwareEnabled = true t = 0x7b1ebb4700android.view.SurfaceView.applyTransactionOnVriDraw:2048 android.view.SurfaceView.performSurfaceTransaction:959 android.view.SurfaceView.updateSurface:1105 android.view.SurfaceView.lambda$new$0$android-view-SurfaceView:200 android.view.SurfaceView$$ExternalSyntheticLambda5.onPreDraw:2 
10-04 19:52:52.903 30152 30152 I SurfaceView@6230716: updateSurface: mVisible = true mSurface.isValid() = true
10-04 19:52:52.903 30152 30152 I SurfaceView@6230716: updateSurface: mSurfaceCreated = true surfaceChanged = false visibleChanged = false
10-04 19:52:52.903 30152 30152 V SurfaceView@6230716: Layout: x=0 y=-326 w=1080 h=525, frame=Rect(0, 0 - 1080, 525)
10-04 19:52:52.906 30152 30255 D SurfaceView@6230716: updateSurfacePosition RenderWorker, frameNr = 578, position = [0, -326, 1080, 199] surfaceSize = 1080x525
10-04 19:52:52.907 30152 30255 I SurfaceView@6230716: uSP: rtp = Rect(0, -326 - 1080, 199) rtsw = 1080 rtsh = 525
10-04 19:52:52.907 30152 30255 I SurfaceView@6230716: onSSPAndSRT: pl = 0 pt = -326 sx = 1.0 sy = 1.0
10-04 19:52:52.907 30152 30255 I SurfaceView@6230716: aOrMT: ViewRootImpl@3bedb8a[MainActivity] t = android.view.SurfaceControl$Transaction@bf3592e fN = 578 android.view.SurfaceView.-$$Nest$mapplyOrMergeTransaction:0 android.view.SurfaceView$SurfaceViewPositionUpdateListener.positionChanged:1537 android.graphics.RenderNode$CompositePositionUpdateListener.positionChanged:373 
10-04 19:52:52.907 30152 30255 I ViewRootImpl@3bedb8a[MainActivity]: mWNT: t=0x7b79f8ce00 mBlastBufferQueue=0x7b79f5d500 fn= 578 caller= android.view.SurfaceView.applyOrMergeTransaction:1455 android.view.SurfaceView.-$$Nest$mapplyOrMergeTransaction:0 android.view.SurfaceView$SurfaceViewPositionUpdateListener.positionChanged:1537 
10-04 19:52:52.907 30152 30255 I ViewRootImpl@3bedb8a[MainActivity]: mWNT: t=0x7b1ebb4700 mBlastBufferQueue=0x7b79f5d500 fn= 578 caller= android.view.ViewRootImpl.lambda$applyTransactionOnDraw$11$android-view-ViewRootImpl:12865 android.view.ViewRootImpl$$ExternalSyntheticLambda1.onFrameDraw:4 android.graphics.HardwareRenderer$FrameDrawingCallback.onFrameDraw:924 
10-04 19:52:52.915 30152 30152 I SurfaceView@6230716: Changes: creating=false format=false size=false visible=false alpha=false hint=false mUseAlpha=false visible=false left=false top=true
10-04 19:52:52.915 30152 30152 I SurfaceView@6230716: 102958870 Cur surface: Surface(name=null)/@0xff53c73
10-04 19:52:52.916 30152 30152 I SurfaceView@6230716: applyTransactionOnVriDraw: vri = ViewRootImpl@3bedb8a[MainActivity] fRS = false t = 0x7b09021300 android.view.SurfaceView.performSurfaceTransaction:959 android.view.SurfaceView.updateSurface:1105 android.view.SurfaceView.lambda$new$0$android-view-SurfaceView:200 
10-04 19:52:52.916 30152 30152 I ViewRootImpl@3bedb8a[MainActivity]: applyTransactionOnDraw: mRemoved = false isHardwareEnabled = true t = 0x7b09021300android.view.SurfaceView.applyTransactionOnVriDraw:2048 android.view.SurfaceView.performSurfaceTransaction:959 android.view.SurfaceView.updateSurface:1105 android.view.SurfaceView.lambda$new$0$android-view-SurfaceView:200 android.view.SurfaceView$$ExternalSyntheticLambda5.onPreDraw:2 
10-04 19:52:52.916 30152 30152 I SurfaceView@6230716: updateSurface: mVisible = true mSurface.isValid() = true
10-04 19:52:52.916 30152 30152 I SurfaceView@6230716: updateSurface: mSurfaceCreated = true surfaceChanged = false visibleChanged = false
10-04 19:52:52.916 30152 30152 V SurfaceView@6230716: Layout: x=0 y=-490 w=1080 h=525, frame=Rect(0, 0 - 1080, 525)
10-04 19:52:52.920 30152 30254 D SurfaceView@6230716: updateSurfacePosition RenderWorker, frameNr = 579, position = [0, -490, 1080, 35] surfaceSize = 1080x525
10-04 19:52:52.920 30152 30254 I SurfaceView@6230716: uSP: rtp = Rect(0, -490 - 1080, 35) rtsw = 1080 rtsh = 525
10-04 19:52:52.920 30152 30254 I SurfaceView@6230716: onSSPAndSRT: pl = 0 pt = -490 sx = 1.0 sy = 1.0
10-04 19:52:52.920 30152 30254 I SurfaceView@6230716: aOrMT: ViewRootImpl@3bedb8a[MainActivity] t = android.view.SurfaceControl$Transaction@bf3592e fN = 579 android.view.SurfaceView.-$$Nest$mapplyOrMergeTransaction:0 android.view.SurfaceView$SurfaceViewPositionUpdateListener.positionChanged:1537 android.graphics.RenderNode$CompositePositionUpdateListener.positionChanged:373 
10-04 19:52:52.920 30152 30254 I ViewRootImpl@3bedb8a[MainActivity]: mWNT: t=0x7b79f8ce00 mBlastBufferQueue=0x7b79f5d500 fn= 579 caller= android.view.SurfaceView.applyOrMergeTransaction:1455 android.view.SurfaceView.-$$Nest$mapplyOrMergeTransaction:0 android.view.SurfaceView$SurfaceViewPositionUpdateListener.positionChanged:1537 
10-04 19:52:52.920 30152 30254 I ViewRootImpl@3bedb8a[MainActivity]: mWNT: t=0x7b09021300 mBlastBufferQueue=0x7b79f5d500 fn= 579 caller= android.view.ViewRootImpl.lambda$applyTransactionOnDraw$11$android-view-ViewRootImpl:12865 android.view.ViewRootImpl$$ExternalSyntheticLambda1.onFrameDraw:4 android.graphics.HardwareRenderer$FrameDrawingCallback.onFrameDraw:924 
10-04 19:52:52.933 30152 30152 I SurfaceView@6230716: Changes: creating=false format=false size=false visible=false alpha=false hint=false mUseAlpha=false visible=false left=false top=true
10-04 19:52:52.933 30152 30152 I SurfaceView@6230716: 102958870 Cur surface: Surface(name=null)/@0xff53c73
10-04 19:52:52.933 30152 30152 I SurfaceView@6230716: applyTransactionOnVriDraw: vri = ViewRootImpl@3bedb8a[MainActivity] fRS = false t = 0x7b0952b200 android.view.SurfaceView.performSurfaceTransaction:959 android.view.SurfaceView.updateSurface:1105 android.view.SurfaceView.lambda$new$0$android-view-SurfaceView:200 
10-04 19:52:52.933 30152 30152 I ViewRootImpl@3bedb8a[MainActivity]: applyTransactionOnDraw: mRemoved = false isHardwareEnabled = true t = 0x7b0952b200android.view.SurfaceView.applyTransactionOnVriDraw:2048 android.view.SurfaceView.performSurfaceTransaction:959 android.view.SurfaceView.updateSurface:1105 android.view.SurfaceView.lambda$new$0$android-view-SurfaceView:200 android.view.SurfaceView$$ExternalSyntheticLambda5.onPreDraw:2 
10-04 19:52:52.934 30152 30152 I SurfaceView@6230716: updateSurface: mVisible = true mSurface.isValid() = true
10-04 19:52:52.934 30152 30152 I SurfaceView@6230716: updateSurface: mSurfaceCreated = true surfaceChanged = false visibleChanged = false
10-04 19:52:52.934 30152 30152 V SurfaceView@6230716: Layout: x=0 y=-609 w=1080 h=525, frame=Rect(0, 0 - 1080, 525)
10-04 19:52:52.937 30152 30255 D SurfaceView@6230716: updateSurfacePosition RenderWorker, frameNr = 580, position = [0, -609, 1080, -84] surfaceSize = 1080x525
10-04 19:52:52.937 30152 30255 I SurfaceView@6230716: uSP: rtp = Rect(0, -609 - 1080, -84) rtsw = 1080 rtsh = 525
10-04 19:52:52.937 30152 30255 I SurfaceView@6230716: onSSPAndSRT: pl = 0 pt = -609 sx = 1.0 sy = 1.0
10-04 19:52:52.938 30152 30255 I SurfaceView@6230716: aOrMT: ViewRootImpl@3bedb8a[MainActivity] t = android.view.SurfaceControl$Transaction@bf3592e fN = 580 android.view.SurfaceView.-$$Nest$mapplyOrMergeTransaction:0 android.view.SurfaceView$SurfaceViewPositionUpdateListener.positionChanged:1537 android.graphics.RenderNode$CompositePositionUpdateListener.positionChanged:373 
10-04 19:52:52.938 30152 30255 I ViewRootImpl@3bedb8a[MainActivity]: mWNT: t=0x7b79f8ce00 mBlastBufferQueue=0x7b79f5d500 fn= 580 caller= android.view.SurfaceView.applyOrMergeTransaction:1455 android.view.SurfaceView.-$$Nest$mapplyOrMergeTransaction:0 android.view.SurfaceView$SurfaceViewPositionUpdateListener.positionChanged:1537 
10-04 19:52:52.938 30152 30255 I ViewRootImpl@3bedb8a[MainActivity]: mWNT: t=0x7b0952b200 mBlastBufferQueue=0x7b79f5d500 fn= 580 caller= android.view.ViewRootImpl.lambda$applyTransactionOnDraw$11$android-view-ViewRootImpl:12865 android.view.ViewRootImpl$$ExternalSyntheticLambda1.onFrameDraw:4 android.graphics.HardwareRenderer$FrameDrawingCallback.onFrameDraw:924 
10-04 19:52:54.123 30152 30152 I ViewRootImpl@3bedb8a[MainActivity]: ViewPostIme pointer 0
10-04 19:52:54.165 30152 30152 W PanelsChildGestureRegionObserver: failed to register view with ID 2131362800. already registered
10-04 19:52:54.177 30152 30152 W PanelsChildGestureRegionObserver: failed to register view with ID 2131362800. already registered
10-04 19:52:54.194 30152 30152 W PanelsChildGestureRegionObserver: failed to register view with ID 2131362800. already registered
10-04 19:52:54.211 30152 30152 W PanelsChildGestureRegionObserver: failed to register view with ID 2131362800. already registered
10-04 19:52:54.224 30152 30152 D WindowOnBackDispatcher: onBackInvoked, viewRoot=ViewRootImpl@21062d2[MainActivity], callback=androidx.activity.OnBackPressedDispatcher$Api33Impl$$ExternalSyntheticLambda0@5436a19
10-04 19:52:54.234 30152 30152 I IMM_LC  : hsifw() - flag : 0
10-04 19:52:54.234 30152 30152 I IMM_LC  : hsifw() - mService.hideSoftInput
10-04 19:52:54.240 30152 30152 I CS3ExoPlayer: onStop
10-04 19:52:54.240 30152 30152 I CS3ExoPlayer: saveData
10-04 19:52:54.241 30152 30152 I CS3ExoPlayer: handleEvent Pause
10-04 19:52:54.243 30152 30152 I DecorView: notifyKeepScreenOnChanged: keepScreenOn=false
10-04 19:52:54.244 30152 30152 I MSHandlerLifeCycle: check: return. pkg=com.lagradost.cloudstream3 isActivity=false callers=com.android.internal.policy.DecorView.setVisibility:4412 android.app.Dialog.show:454 com.lagradost.cloudstream3.utils.AppContextUtils.ownShow:129 com.lagradost.cloudstream3.ui.home.HomeFragment.onCreateView:442 androidx.fragment.app.Fragment.performCreateView:3114 
10-04 19:52:54.244 30152 30152 I MSHandlerLifeCycle: removeMultiSplitHandler: no exist. decor=DecorView@ea60dec[MainActivity]
10-04 19:52:54.322 30152 30152 W PanelsChildGestureRegionObserver: failed to register view with ID 2131362800. already registered
10-04 19:52:54.447 30152 30152 I ViewRootImpl@15aef0[MainActivity]: performTraversals params={(0,0)(fillxfill) gr=CENTER sim={adjust=resize} ty=APPLICATION fmt=TRANSPARENT wanim=0xffffffff
10-04 19:52:54.447 30152 30152 I ViewRootImpl@15aef0[MainActivity]:   fl=85810100
10-04 19:52:54.447 30152 30152 I ViewRootImpl@15aef0[MainActivity]:   pfl=12020040
10-04 19:52:54.447 30152 30152 I ViewRootImpl@15aef0[MainActivity]:   vsysui=500
10-04 19:52:54.447 30152 30152 I ViewRootImpl@15aef0[MainActivity]:   bhv=DEFAULT
10-04 19:52:54.447 30152 30152 I ViewRootImpl@15aef0[MainActivity]:   fitSides= naviIconColor=0}
10-04 19:52:54.447 30152 30152 I ViewRootImpl@15aef0[MainActivity]: performTraversals mFirst=false windowShouldResize=false viewVisibilityChanged=true mForceNextWindowRelayout=false params={(0,0)(fillxfill) gr=CENTER sim={adjust=resize} ty=APPLICATION fmt=TRANSPARENT wanim=0xffffffff
10-04 19:52:54.447 30152 30152 I ViewRootImpl@15aef0[MainActivity]:   fl=85810100
10-04 19:52:54.447 30152 30152 I ViewRootImpl@15aef0[MainActivity]:   pfl=12020040
10-04 19:52:54.447 30152 30152 I ViewRootImpl@15aef0[MainActivity]:   vsysui=500
10-04 19:52:54.447 30152 30152 I ViewRootImpl@15aef0[MainActivity]:   bhv=DEFAULT
10-04 19:52:54.447 30152 30152 I ViewRootImpl@15aef0[MainActivity]:   fitSides= naviIconColor=0}
10-04 19:52:54.457 30152 30152 D InsetsController: onStateChanged: InsetsState: {mDisplayFrame=Rect(0, 0 - 1080, 2400), mDisplayCutout=DisplayCutout{insets=Rect(0, 88 - 0, 0) waterfall=Insets{left=0, top=0, right=0, bottom=0} boundingRect={Bounds=[Rect(0, 0 - 0, 0), Rect(512, 0 - 568, 88), Rect(0, 0 - 0, 0), Rect(0, 0 - 0, 0)]} cutoutPathParserInfo={CutoutPathParserInfo{displayWidth=1080 displayHeight=2400 physicalDisplayWidth=1080 physicalDisplayHeight=2400 density={2.625} cutoutSpec={M 0,0 M 0,12.25101276465640 a 10.60613009248640,10.60613009248640 0 1,0 0,21.21226018497290 a 10.60613009248640,10.60613009248640 0 1,0 0,-21.21226018497290 Z @dp} rotation={0} scale={1.0} physicalPixelDisplaySizeRatio={1.0}}}}, mRoundedCorners=RoundedCorners{[RoundedCorner{position=TopLeft, radius=84, center=Point(84, 84)}, RoundedCorner{position=TopRight, radius=84, center=Point(996, 84)}, RoundedCorner{position=BottomRight, radius=84, center=Point(996, 2316)}, RoundedCorner{position=BottomLeft, radius=84, center=Point(84, 2316)}]}  mRoundedCornerFrame=Rect(0, 0 - 1080, 2400), mPrivacyIndicatorBounds=PrivacyIndicatorBounds {static bounds=Rect(964, 0 - 1080, 87) rotation=0}, mSources= { InsetsSource: {mType=ITYPE_STATUS_BAR, mFrame=[0,0][1080,88], mVisible=true, mInsetsRoundedCornerFrame=false}, InsetsSource: {mType=ITYPE_NAVIGATION_BAR, mFrame=[0,2361][1080,2400], mVisible=true, mInsetsRoundedCornerFrame=false}, InsetsSource: {mType=ITYPE_LEFT_GESTURES, mFrame=[0,0][130,2400], mVisible=true, mInsetsRoundedCornerFrame=false}, InsetsSource: {mType=ITYPE_RIGHT_GESTURES, mFrame=[950,0][1080,2400], mVisible=true, mInsetsRoundedCornerFrame=false}, InsetsSource: {mType=ITYPE_TOP_MANDATORY_GESTURES, mFrame=[0,0][1080,120], mVisible=true, mInsetsRoundedCornerFrame=false}, InsetsSource: {mType=ITYPE_BOTTOM_MANDATORY_GESTURES, mFrame=[0,2316][1080,2400], mVisible=true, mInsetsRoundedCornerFrame=false}, InsetsSource: {mType=ITYPE_LEFT_DISPLAY_CUTOUT, mFrame=[0,0][-100000,2400], mVisible=true, mInsetsRoundedCornerFrame=false}, InsetsSource: {mType=ITYPE_TOP_DISPLAY_CUTOUT, mFrame=[0,0][1080,88], mVisible=true, mInsetsRoundedCornerFrame=false}, InsetsSource: {mType=ITYPE_RIGHT_DISPLAY_CUTOUT, mFrame=[100000,0][1080,2400], mVisible=true, mInsetsRoundedCornerFrame=false}, InsetsSource: {mType=ITYPE_BOTTOM_DISPLAY_CUTOUT, mFrame=[0,100000][1080,2400], mVisible=true, mInsetsRoundedCornerFrame=false}, InsetsSource: {mType=ITYPE_TOP_TAPPABLE_ELEMENT, mFrame=[0,0][1080,88], mVisible=true, mInsetsRoundedCornerFrame=false}, InsetsSource: {mType=ITYPE_BOTTOM_TAPPABLE_ELEMENT, mFrame=[0,0][0,0], mVisible=true, mInsetsRoundedCornerFrame=false}, InsetsSource: {mType=ITYPE_IME, mFrame=[0,0][0,0], mVisibleFrame=[0,1409][1080,2400], mVisible=false, mInsetsRoundedCornerFrame=false} } host=com.lagradost.cloudstream3/com.lagradost.cloudstream3.MainActivity from=android.view.ViewRootImpl.relayoutWindow:9802
10-04 19:52:54.458 30152 30152 I ViewRootImpl@15aef0[MainActivity]: updateBlastSurfaceIfNeeded mBlastBufferQueue=null isSameSurfaceControl=false
10-04 19:52:54.459 30152 30152 I BLASTBufferQueue: new BLASTBufferQueue, mName= ViewRootImpl@15aef0[MainActivity] mNativeObject= 0x7b3cffd600 sc.mNativeObject= 0x7b1e92c300 caller= android.view.ViewRootImpl.updateBlastSurfaceIfNeeded:2909 android.view.ViewRootImpl.relayoutWindow:9847 android.view.ViewRootImpl.performTraversals:3884 android.view.ViewRootImpl.doTraversal:3116 android.view.ViewRootImpl$TraversalRunnable.run:10885 android.view.Choreographer$CallbackRecord.run:1301 android.view.Choreographer$CallbackRecord.run:1309 android.view.Choreographer.doCallbacks:923 android.view.Choreographer.doFrame:852 android.view.Choreographer$FrameDisplayEventReceiver.run:1283 
10-04 19:52:54.459 30152 30152 I BLASTBufferQueue: update, w= 1080 h= 2400 mName = ViewRootImpl@15aef0[MainActivity] mNativeObject= 0x7b3cffd600 sc.mNativeObject= 0x7b1e92c300 format= -2 caller= android.graphics.BLASTBufferQueue.<init>:84 android.view.ViewRootImpl.updateBlastSurfaceIfNeeded:2909 android.view.ViewRootImpl.relayoutWindow:9847 android.view.ViewRootImpl.performTraversals:3884 android.view.ViewRootImpl.doTraversal:3116 android.view.ViewRootImpl$TraversalRunnable.run:10885 
10-04 19:52:54.459 30152 30152 I ViewRootImpl@15aef0[MainActivity]: Relayout returned: old=(0,0,1080,2400) new=(0,0,1080,2400) req=(1080,2400)0 dur=11 res=0x1 s={true 0x7b3cb41000} ch=true seqId=0
10-04 19:52:54.459 30152 30152 I ViewRootImpl@15aef0[MainActivity]: mThreadedRenderer.initialize() mSurface={isValid=true 0x7b3cb41000} hwInitialized=true
10-04 19:52:54.459 30152 30172 D OpenGLRenderer: eglCreateWindowSurface
10-04 19:52:54.459 30152 30152 I ViewRootImpl@15aef0[MainActivity]: reportNextDraw android.view.ViewRootImpl.performTraversals:4438 android.view.ViewRootImpl.doTraversal:3116 android.view.ViewRootImpl$TraversalRunnable.run:10885 android.view.Choreographer$CallbackRecord.run:1301 android.view.Choreographer$CallbackRecord.run:1309 
10-04 19:52:54.459 30152 30152 I ViewRootImpl@15aef0[MainActivity]: Setup new sync id=1
10-04 19:52:54.460 30152 30152 I ViewRootImpl@15aef0[MainActivity]: Setting syncFrameCallback
10-04 19:52:54.460 30152 30152 I ViewRootImpl@15aef0[MainActivity]: registerCallbacksForSync syncBuffer=false
10-04 19:52:54.464 30152 30254 I ViewRootImpl@15aef0[MainActivity]: Received frameDrawingCallback syncResult=0 frameNum=1.
10-04 19:52:54.464 30152 30254 I ViewRootImpl@15aef0[MainActivity]: Setting up sync and frameCommitCallback
10-04 19:52:54.470 30152 30172 I BLASTBufferQueue: [ViewRootImpl@15aef0[MainActivity]#8](f:0,a:0) onFrameAvailable the first frame is available
10-04 19:52:54.471 30152 30172 I ViewRootImpl@15aef0[MainActivity]: Received frameCommittedCallback lastAttemptedDrawFrameNum=1 didProduceBuffer=true
10-04 19:52:54.472 30152 30152 I ViewRootImpl@15aef0[MainActivity]: onSyncComplete
10-04 19:52:54.472 30152 30152 I ViewRootImpl@15aef0[MainActivity]: setupSync seqId=0 mSyncId=1 fn=1 caller=android.view.ViewRootImpl$$ExternalSyntheticLambda11.accept:6 android.window.SurfaceSyncer.lambda$setupSync$1$android-window-SurfaceSyncer:128 android.window.SurfaceSyncer$$ExternalSyntheticLambda1.accept:8 android.window.SurfaceSyncer$SyncSet.checkIfSyncIsComplete:382 android.window.SurfaceSyncer$SyncSet.markSyncReady:359 android.window.SurfaceSyncer.markSyncReady:151 android.view.ViewRootImpl.performTraversals:4503 
10-04 19:52:54.472 30152 30152 I ViewRootImpl@15aef0[MainActivity]: reportDrawFinished seqId=0 mSyncId=-1 fn=1 mSurfaceChangedTransaction=0x7b79f6dd00
10-04 19:52:54.474 30152 30152 W PanelsChildGestureRegionObserver: failed to register view with ID 2131362800. already registered
10-04 19:52:54.483 30152 30152 I DecorView: notifyKeepScreenOnChanged: keepScreenOn=false
10-04 19:52:54.487 30152 30255 D SurfaceView@6230716: updateSurfacePosition RenderWorker, frameNr = 604, position = [54, -431, 1026, 43] surfaceSize = 1080x525
10-04 19:52:54.487 30152 30255 I SurfaceView@6230716: uSP: rtp = Rect(54, -431 - 1026, 43) rtsw = 1080 rtsh = 525
10-04 19:52:54.487 30152 30255 I SurfaceView@6230716: onSSPAndSRT: pl = 54 pt = -431 sx = 0.9 sy = 0.9028571
10-04 19:52:54.487 30152 30255 I SurfaceView@6230716: aOrMT: ViewRootImpl@3bedb8a[MainActivity] t = android.view.SurfaceControl$Transaction@bf3592e fN = 604 android.view.SurfaceView.-$$Nest$mapplyOrMergeTransaction:0 android.view.SurfaceView$SurfaceViewPositionUpdateListener.positionChanged:1537 android.graphics.RenderNode$CompositePositionUpdateListener.positionChanged:373 
10-04 19:52:54.487 30152 30255 I ViewRootImpl@3bedb8a[MainActivity]: mWNT: t=0x7b79f8ce00 mBlastBufferQueue=0x7b79f5d500 fn= 604 caller= android.view.SurfaceView.applyOrMergeTransaction:1455 android.view.SurfaceView.-$$Nest$mapplyOrMergeTransaction:0 android.view.SurfaceView$SurfaceViewPositionUpdateListener.positionChanged:1537 
10-04 19:52:54.488 30152 30152 I ViewRootImpl@15aef0[MainActivity]: performTraversals params={(0,0)(fillxfill) gr=CENTER sim={adjust=resize} ty=APPLICATION fmt=TRANSPARENT wanim=0x7f14000b
10-04 19:52:54.488 30152 30152 I ViewRootImpl@15aef0[MainActivity]:   fl=85810100
10-04 19:52:54.488 30152 30152 I ViewRootImpl@15aef0[MainActivity]:   pfl=12020040
10-04 19:52:54.488 30152 30152 I ViewRootImpl@15aef0[MainActivity]:   vsysui=500
10-04 19:52:54.488 30152 30152 I ViewRootImpl@15aef0[MainActivity]:   bhv=DEFAULT
10-04 19:52:54.488 30152 30152 I ViewRootImpl@15aef0[MainActivity]:   fitSides= naviIconColor=0}
10-04 19:52:54.488 30152 30152 I ViewRootImpl@15aef0[MainActivity]: performTraversals mFirst=false windowShouldResize=false viewVisibilityChanged=false mForceNextWindowRelayout=false params={(0,0)(fillxfill) gr=CENTER sim={adjust=resize} ty=APPLICATION fmt=TRANSPARENT wanim=0x7f14000b
10-04 19:52:54.488 30152 30152 I ViewRootImpl@15aef0[MainActivity]:   fl=85810100
10-04 19:52:54.488 30152 30152 I ViewRootImpl@15aef0[MainActivity]:   pfl=12020040
10-04 19:52:54.488 30152 30152 I ViewRootImpl@15aef0[MainActivity]:   vsysui=500
10-04 19:52:54.488 30152 30152 I ViewRootImpl@15aef0[MainActivity]:   bhv=DEFAULT
10-04 19:52:54.488 30152 30152 I ViewRootImpl@15aef0[MainActivity]:   fitSides= naviIconColor=0}
10-04 19:52:54.494 30152 30152 I ViewRootImpl@15aef0[MainActivity]: updateBlastSurfaceIfNeeded mBlastBufferQueue=0x7b3cffd600 isSameSurfaceControl=true
10-04 19:52:54.494 30152 30152 I BLASTBufferQueue: update, w= 1080 h= 2400 mName = ViewRootImpl@15aef0[MainActivity] mNativeObject= 0x7b3cffd600 sc.mNativeObject= 0x7afd98ffa0 format= -2 caller= android.view.ViewRootImpl.updateBlastSurfaceIfNeeded:2898 android.view.ViewRootImpl.relayoutWindow:9847 android.view.ViewRootImpl.performTraversals:3884 android.view.ViewRootImpl.doTraversal:3116 android.view.ViewRootImpl$TraversalRunnable.run:10885 android.view.Choreographer$CallbackRecord.run:1301 
10-04 19:52:54.494 30152 30152 I ViewRootImpl@15aef0[MainActivity]: Relayout returned: old=(0,0,1080,2400) new=(0,0,1080,2400) req=(1080,2400)0 dur=6 res=0x0 s={true 0x7b3cb41000} ch=false seqId=0
10-04 19:52:54.496 30152 30152 I SurfaceView@6230716: onWindowVisibilityChanged(8) false android.view.SurfaceView{6230716 V.E...... ........ 0,0-1080,525} of ViewRootImpl@3bedb8a[MainActivity]
10-04 19:52:54.496 30152 30152 I SurfaceView@6230716: Changes: creating=false format=false size=false visible=true alpha=false hint=false mUseAlpha=false visible=true left=false top=false
10-04 19:52:54.496 30152 30152 I SurfaceView@6230716: 102958870 Cur surface: Surface(name=null)/@0xff53c73
10-04 19:52:54.496 30152 30152 I SurfaceView@6230716: applyTransactionOnVriDraw: vri = ViewRootImpl@3bedb8a[MainActivity] fRS = false t = 0x7b1e8bd900 android.view.SurfaceView.performSurfaceTransaction:959 android.view.SurfaceView.updateSurface:1105 android.view.SurfaceView.onWindowVisibilityChanged:371 
10-04 19:52:54.496 30152 30152 I ViewRootImpl@3bedb8a[MainActivity]: applyTransactionOnDraw: mRemoved = false isHardwareEnabled = true t = 0x7b1e8bd900android.view.SurfaceView.applyTransactionOnVriDraw:2048 android.view.SurfaceView.performSurfaceTransaction:959 android.view.SurfaceView.updateSurface:1105 android.view.SurfaceView.onWindowVisibilityChanged:371 android.view.View.dispatchDetachedFromWindow:22529 
10-04 19:52:54.496 30152 30152 I SurfaceView@6230716: surfaceDestroyed
10-04 19:52:54.497 30152 30152 I SurfaceView@6230716: surfaceDestroyed callback.size 0 #2 android.view.SurfaceView{6230716 V.E...... ........ 0,0-1080,525}
10-04 19:52:54.497 30152 30152 I SurfaceView@6230716: updateSurface: mVisible = false mSurface.isValid() = true
10-04 19:52:54.497 30152 30152 I SurfaceView@6230716: releaseSurfaces: viewRoot = ViewRootImpl@3bedb8a[MainActivity]
10-04 19:52:54.497 30152 30152 I SurfaceView@6230716: applyTransactionOnVriDraw: vri = ViewRootImpl@3bedb8a[MainActivity] fRS = true t = 0x7b1e8bdc00 android.view.SurfaceView.releaseSurfaces:858 android.view.SurfaceView.updateSurface:1172 android.view.SurfaceView.onWindowVisibilityChanged:371 
10-04 19:52:54.497 30152 30152 I SurfaceView@6230716: applyTransactionOnVriDraw: viewRoot.applyTransactionOnDrawFromReleaseSurfaces
10-04 19:52:54.497 30152 30152 I ViewRootImpl@3bedb8a[MainActivity]: applyTransactionOnDraw: mRemoved = false isHardwareEnabled = true t = 0x7b1e8bdc00android.view.ViewRootImpl.applyTransactionOnDrawFromReleaseSurfaces:12850 android.view.SurfaceView.applyTransactionOnVriDraw:2046 android.view.SurfaceView.releaseSurfaces:858 android.view.SurfaceView.updateSurface:1172 android.view.SurfaceView.onWindowVisibilityChanged:371 
10-04 19:52:54.497 30152 30152 V SurfaceView@6230716: Layout: x=0 y=-609 w=1080 h=525, frame=Rect(0, 0 - 1080, 525)
10-04 19:52:54.497 30152 30152 I SurfaceView@6230716: onDetachedFromWindow: tryReleaseSurfaces()
10-04 19:52:54.497 30152 30152 I SurfaceView@6230716: releaseSurfaces: viewRoot = ViewRootImpl@3bedb8a[MainActivity]
10-04 19:52:54.498 30152 30152 I SurfaceView@6230716: applyTransactionOnVriDraw: vri = ViewRootImpl@3bedb8a[MainActivity] fRS = true t = 0x7b1e8bd600 android.view.SurfaceView.releaseSurfaces:858 android.view.SurfaceView.onDetachedFromWindow:500 android.view.View.dispatchDetachedFromWindow:22538 
10-04 19:52:54.498 30152 30152 I SurfaceView@6230716: applyTransactionOnVriDraw: viewRoot.applyTransactionOnDrawFromReleaseSurfaces
10-04 19:52:54.498 30152 30152 I ViewRootImpl@3bedb8a[MainActivity]: applyTransactionOnDraw: mRemoved = false isHardwareEnabled = true t = 0x7b1e8bd600android.view.ViewRootImpl.applyTransactionOnDrawFromReleaseSurfaces:12850 android.view.SurfaceView.applyTransactionOnVriDraw:2046 android.view.SurfaceView.releaseSurfaces:858 android.view.SurfaceView.onDetachedFromWindow:500 android.view.View.dispatchDetachedFromWindow:22538 
10-04 19:52:54.508 30152 30152 I DecorView: notifyKeepScreenOnChanged: keepScreenOn=false
10-04 19:52:54.509 30152 30152 I CS3ExoPlayer: releasePlayer
10-04 19:52:54.509 30152 30152 I CS3ExoPlayer: Handle event: PlayerAttachedEvent(player=null, source=Player)
10-04 19:52:54.509 30152 30152 I DecorView: notifyKeepScreenOnChanged: keepScreenOn=false
10-04 19:52:54.510 30152 30152 I ViewRootImpl@3bedb8a[MainActivity]: MSG_WINDOW_FOCUS_CHANGED 0 0
10-04 19:52:54.512 30152 30152 I ViewRootImpl@15aef0[MainActivity]: MSG_WINDOW_FOCUS_CHANGED 1 0
10-04 19:52:54.513 30152 30152 I ViewRootImpl@15aef0[MainActivity]: mThreadedRenderer.initializeIfNeeded()#2 mSurface={isValid=true 0x7b3cb41000}
10-04 19:52:54.514 30152 30152 D InputMethodManager: startInputInner - Id : 0
10-04 19:52:54.514 30152 30152 I InputMethodManager: startInputInner - mService.startInputOrWindowGainedFocus
10-04 19:52:54.517 30152 30152 I ViewRootImpl@3bedb8a[MainActivity]: performTraversals params={(0,0)(fillxfill) sim={state=always_hidden adjust=resize} ty=BASE_APPLICATION wanim=0x1030309
10-04 19:52:54.517 30152 30152 I ViewRootImpl@3bedb8a[MainActivity]:   fl=85810100
10-04 19:52:54.517 30152 30152 I ViewRootImpl@3bedb8a[MainActivity]:   pfl=12020040
10-04 19:52:54.517 30152 30152 I ViewRootImpl@3bedb8a[MainActivity]:   vsysui=500
10-04 19:52:54.517 30152 30152 I ViewRootImpl@3bedb8a[MainActivity]:   bhv=DEFAULT
10-04 19:52:54.517 30152 30152 I ViewRootImpl@3bedb8a[MainActivity]:   fitSides= naviIconColor=0}
10-04 19:52:54.518 30152 30152 I ViewRootImpl@3bedb8a[MainActivity]: performTraversals mFirst=false windowShouldResize=false viewVisibilityChanged=false mForceNextWindowRelayout=false params={(0,0)(fillxfill) sim={state=always_hidden adjust=resize} ty=BASE_APPLICATION fmt=TRANSLUCENT wanim=0x1030309
10-04 19:52:54.518 30152 30152 I ViewRootImpl@3bedb8a[MainActivity]:   fl=85810100
10-04 19:52:54.518 30152 30152 I ViewRootImpl@3bedb8a[MainActivity]:   pfl=12020040
10-04 19:52:54.518 30152 30152 I ViewRootImpl@3bedb8a[MainActivity]:   vsysui=500
10-04 19:52:54.518 30152 30152 I ViewRootImpl@3bedb8a[MainActivity]:   bhv=DEFAULT
10-04 19:52:54.518 30152 30152 I ViewRootImpl@3bedb8a[MainActivity]:   fitSides= naviIconColor=0}
10-04 19:52:54.525 30152 30152 I ViewRootImpl@3bedb8a[MainActivity]: updateBlastSurfaceIfNeeded mBlastBufferQueue=0x7b79f5d500 isSameSurfaceControl=true
10-04 19:52:54.525 30152 30152 I BLASTBufferQueue: update, w= 1080 h= 2400 mName = ViewRootImpl@3bedb8a[MainActivity] mNativeObject= 0x7b79f5d500 sc.mNativeObject= 0x7be17bbc00 format= -3 caller= android.view.ViewRootImpl.updateBlastSurfaceIfNeeded:2898 android.view.ViewRootImpl.relayoutWindow:9847 android.view.ViewRootImpl.performTraversals:3884 android.view.ViewRootImpl.doTraversal:3116 android.view.ViewRootImpl$TraversalRunnable.run:10885 android.view.Choreographer$CallbackRecord.run:1301 
10-04 19:52:54.525 30152 30152 I ViewRootImpl@3bedb8a[MainActivity]: Relayout returned: old=(0,0,1080,2400) new=(0,0,1080,2400) req=(1080,2400)0 dur=7 res=0x0 s={true 0x7b40124000} ch=false seqId=0
10-04 19:52:54.526 30152 30152 I ViewRootImpl@3bedb8a[MainActivity]: updateBoundsLayer: t = android.view.SurfaceControl$Transaction@692ad78 sc = Surface(name=Bounds for - com.lagradost.cloudstream3/com.lagradost.cloudstream3.MainActivity@0)/@0x1e9c51 frame = 605
10-04 19:52:54.526 30152 30152 I ViewRootImpl@3bedb8a[MainActivity]: mWNT: t=0x7b5c35e100 mBlastBufferQueue=0x7b79f5d500 fn= 605 caller= android.view.ViewRootImpl.prepareSurfaces:2985 android.view.ViewRootImpl.performTraversals:4233 android.view.ViewRootImpl.doTraversal:3116 
10-04 19:52:54.528 30152 30172 D SurfaceView@6230716: windowPositionLost, frameNr = 605
10-04 19:52:54.529 30152 30254 I ViewRootImpl@3bedb8a[MainActivity]: mWNT: t=0x7b1e8bd900 mBlastBufferQueue=0x7b79f5d500 fn= 605 caller= android.view.ViewRootImpl.lambda$applyTransactionOnDraw$11$android-view-ViewRootImpl:12865 android.view.ViewRootImpl$$ExternalSyntheticLambda1.onFrameDraw:4 android.graphics.HardwareRenderer$FrameDrawingCallback.onFrameDraw:924 
10-04 19:52:54.529 30152 30254 I ViewRootImpl@3bedb8a[MainActivity]: mWNT: t=0x7b1e8bdc00 mBlastBufferQueue=0x7b79f5d500 fn= 605 caller= android.view.ViewRootImpl.lambda$applyTransactionOnDraw$11$android-view-ViewRootImpl:12865 android.view.ViewRootImpl$$ExternalSyntheticLambda1.onFrameDraw:4 android.graphics.HardwareRenderer$FrameDrawingCallback.onFrameDraw:924 
10-04 19:52:54.530 30152 30254 I ViewRootImpl@3bedb8a[MainActivity]: mWNT: t=0x7b1e8bd600 mBlastBufferQueue=0x7b79f5d500 fn= 605 caller= android.view.ViewRootImpl.lambda$applyTransactionOnDraw$11$android-view-ViewRootImpl:12865 android.view.ViewRootImpl$$ExternalSyntheticLambda1.onFrameDraw:4 android.graphics.HardwareRenderer$FrameDrawingCallback.onFrameDraw:924 
10-04 19:52:56.646 30152 30152 I ViewRootImpl@15aef0[MainActivity]: ViewPostIme pointer 0
10-04 19:52:56.944 30152 30152 I ViewRootImpl@15aef0[MainActivity]: ViewPostIme pointer 1
10-04 19:52:57.289 30152 30152 I ViewRootImpl@15aef0[MainActivity]: ViewPostIme pointer 0
10-04 19:52:57.338 30152 30152 I ViewRootImpl@15aef0[MainActivity]: ViewPostIme pointer 1
10-04 19:52:57.343 30152 30152 I NavComponent: Navigating to fragment: 2131362274
10-04 19:52:57.353 30152 30152 I IMM_LC  : hsifw() - flag : 0
10-04 19:52:57.353 30152 30152 I IMM_LC  : hsifw() ignore mServedView == null or mServedView.getWindowToken() != windowToken, mServedView :DecorView@ea60dec[MainActivity]
10-04 19:52:57.358 30152 30152 I MSHandlerLifeCycle: check: return. pkg=com.lagradost.cloudstream3 isActivity=false callers=com.android.internal.policy.DecorView.setVisibility:4412 android.app.Dialog.hide:767 com.lagradost.cloudstream3.utils.AppContextUtils.ownHide:123 com.lagradost.cloudstream3.ui.home.HomeFragment$Companion.loadHomepageList$lambda$3:185 com.lagradost.cloudstream3.ui.home.HomeFragment$Companion.$r8$lambda$MoQSIPnUiyzkK5n4sMwjTMvpPNA:0 
10-04 19:52:57.358 30152 30152 I MSHandlerLifeCycle: removeMultiSplitHandler: no exist. decor=DecorView@ea60dec[MainActivity]
10-04 19:52:57.401 30152 30152 D ScrollView: initGoToTop
10-04 19:52:57.646 30152 30152 I SurfaceView@6ca1ffe: onWindowVisibilityChanged(0) true android.view.SurfaceView{6ca1ffe V.E...... ......I. 0,0-0,0} of ViewRootImpl@3bedb8a[MainActivity]
10-04 19:52:57.646 30152 30152 D SurfaceView@6ca1ffe: updateSurface: has no frame
10-04 19:52:57.651 30152 30152 I CS3ExoPlayer: SET STYLE = SaveCaptionStyle(foregroundColor=-1, backgroundColor=0, windowColor=0, edgeType=1, edgeColor=-16777216, typeface=null, typefaceFilePath=null, elevation=20, fixedTextSize=null, edgeSize=null, removeCaptions=false, removeBloat=true, upperCase=false, bold=false, italic=false, backgroundRadius=null)
10-04 19:52:57.660 30152 30152 I IMM_LC  : hsifw() - flag : 0
10-04 19:52:57.660 30152 30152 I IMM_LC  : hsifw() ignore mServedView == null or mServedView.getWindowToken() != windowToken, mServedView :DecorView@ea60dec[MainActivity]
10-04 19:52:57.661 30152 30251 I SYNCVM  : addFromUrl = https://wecima.now/watch/%d9%85%d8%b4%d8%a7%d9%87%d8%af%d8%a9-%d9%85%d8%b3%d9%84%d8%b3%d9%84-loves-ambition-%d9%85%d9%88%d8%b3%d9%85-1-%d8%ad%d9%84%d9%82%d8%a9-8/
10-04 19:52:57.661 30152 30251 I SYNCUTIL: getIdsFromUrl https://wecima.now/watch/%d9%85%d8%b4%d8%a7%d9%87%d8%af%d8%a9-%d9%85%d8%b3%d9%84%d8%b3%d9%84-loves-ambition-%d9%85%d9%88%d8%b3%d9%85-1-%d8%ad%d9%84%d9%82%d8%a9-8/
10-04 19:52:57.675 30152 30152 I SurfaceView@6ca1ffe: onWindowVisibilityChanged(8) false android.view.SurfaceView{6ca1ffe V.E...... ......I. 0,0-0,0} of ViewRootImpl@3bedb8a[MainActivity]
10-04 19:52:57.675 30152 30152 D SurfaceView@6ca1ffe: updateSurface: has no frame
10-04 19:52:57.675 30152 30152 D SurfaceView@6ca1ffe: updateSurface: has no frame
10-04 19:52:57.675 30152 30152 I SurfaceView@6ca1ffe: onDetachedFromWindow: tryReleaseSurfaces()
10-04 19:52:57.675 30152 30152 I SurfaceView@6ca1ffe: releaseSurfaces: viewRoot = ViewRootImpl@3bedb8a[MainActivity]
10-04 19:52:57.676 30152 30152 I SurfaceView@6ca1ffe: applyTransactionOnVriDraw: vri = ViewRootImpl@3bedb8a[MainActivity] fRS = true t = 0x7afd80aa00 android.view.SurfaceView.releaseSurfaces:858 android.view.SurfaceView.onDetachedFromWindow:500 android.view.View.dispatchDetachedFromWindow:22538 
10-04 19:52:57.676 30152 30152 I SurfaceView@6ca1ffe: applyTransactionOnVriDraw: viewRoot.applyTransactionOnDrawFromReleaseSurfaces
10-04 19:52:57.676 30152 30152 I ViewRootImpl@3bedb8a[MainActivity]: applyTransactionOnDraw: mRemoved = false isHardwareEnabled = true t = 0x7afd80aa00android.view.ViewRootImpl.applyTransactionOnDrawFromReleaseSurfaces:12850 android.view.SurfaceView.applyTransactionOnVriDraw:2046 android.view.SurfaceView.releaseSurfaces:858 android.view.SurfaceView.onDetachedFromWindow:500 android.view.View.dispatchDetachedFromWindow:22538 
10-04 19:52:57.677 30152 30152 I SurfaceView@6ca1ffe: onWindowVisibilityChanged(0) true android.view.SurfaceView{6ca1ffe V.E...... ......I. 0,0-0,0} of ViewRootImpl@3bedb8a[MainActivity]
10-04 19:52:57.677 30152 30152 D SurfaceView@6ca1ffe: updateSurface: has no frame
10-04 19:52:57.680 30152 30152 I DecorView: notifyKeepScreenOnChanged: keepScreenOn=false
10-04 19:52:57.694 30152 30152 I CS3ExoPlayer: reloadPlayer
10-04 19:52:57.694 30152 30152 I CS3ExoPlayer: releasePlayer
10-04 19:52:57.694 30152 30152 I CS3ExoPlayer: Handle event: PlayerAttachedEvent(player=null, source=Player)
