10-04 21:05:06.566 11827 11827 I ViewRootImpl@bc1833c[Toast]: updateBlastSurfaceIfNeeded mBlastBufferQueue=null isSameSurfaceControl=false
10-04 21:05:06.567 11827 11827 I BLASTBufferQueue: new BLASTBufferQueue, mName= ViewRootImpl@bc1833c[Toast] mNativeObject= 0x7b06fbf300 sc.mNativeObject= 0x7b1c280200 caller= android.view.ViewRootImpl.updateBlastSurfaceIfNeeded:2909 android.view.ViewRootImpl.relayoutWindow:9847 android.view.ViewRootImpl.performTraversals:3884 android.view.ViewRootImpl.doTraversal:3116 android.view.ViewRootImpl$TraversalRunnable.run:10885 android.view.Choreographer$CallbackRecord.run:1301 android.view.Choreographer$CallbackRecord.run:1309 android.view.Choreographer.doCallbacks:923 android.view.Choreographer.doFrame:852 android.view.Choreographer$FrameDisplayEventReceiver.run:1283 
10-04 21:05:06.567 11827 11827 I BLASTBufferQueue: update, w= 373 h= 178 mName = ViewRootImpl@bc1833c[Toast] mNativeObject= 0x7b06fbf300 sc.mNativeObject= 0x7b1c280200 format= -3 caller= android.graphics.BLASTBufferQueue.<init>:84 android.view.ViewRootImpl.updateBlastSurfaceIfNeeded:2909 android.view.ViewRootImpl.relayoutWindow:9847 android.view.ViewRootImpl.performTraversals:3884 android.view.ViewRootImpl.doTraversal:3116 android.view.ViewRootImpl$TraversalRunnable.run:10885 
10-04 21:05:06.568 11827 11827 I ViewRootImpl@bc1833c[Toast]: Relayout returned: old=(0,88,1080,2361) new=(364,2192,715,2348) req=(351,156)0 dur=15 res=0x3 s={true 0x7b06f51800} ch=true seqId=0
10-04 21:05:06.569 11827 11827 I ViewRootImpl@bc1833c[Toast]: mThreadedRenderer.initialize() mSurface={isValid=true 0x7b06f51800} hwInitialized=true
10-04 21:05:06.569 11827 11850 D OpenGLRenderer: eglCreateWindowSurface
10-04 21:05:06.570 11827 11827 I ViewRootImpl@bc1833c[Toast]: reportNextDraw android.view.ViewRootImpl.performTraversals:4438 android.view.ViewRootImpl.doTraversal:3116 android.view.ViewRootImpl$TraversalRunnable.run:10885 android.view.Choreographer$CallbackRecord.run:1301 android.view.Choreographer$CallbackRecord.run:1309 
10-04 21:05:06.570 11827 11827 I ViewRootImpl@bc1833c[Toast]: Setup new sync id=0
10-04 21:05:06.570 11827 11827 I ViewRootImpl@bc1833c[Toast]: Setting syncFrameCallback
10-04 21:05:06.570 11827 11827 I ViewRootImpl@bc1833c[Toast]: registerCallbacksForSync syncBuffer=false
10-04 21:05:06.572 11827 11928 I ViewRootImpl@bc1833c[Toast]: Received frameDrawingCallback syncResult=0 frameNum=1.
10-04 21:05:06.572 11827 11928 I ViewRootImpl@bc1833c[Toast]: Setting up sync and frameCommitCallback
10-04 21:05:06.578 11827 11850 I BLASTBufferQueue: [ViewRootImpl@bc1833c[Toast]#1](f:0,a:0) onFrameAvailable the first frame is available
10-04 21:05:06.579 11827 11850 I ViewRootImpl@bc1833c[Toast]: Received frameCommittedCallback lastAttemptedDrawFrameNum=1 didProduceBuffer=true
10-04 21:05:06.582 11827 11850 D OpenGLRenderer: CFMS:: SetUp Pid : 11827    Tid : 11850
10-04 21:05:06.585 11827 11827 I ViewRootImpl@bc1833c[Toast]: onSyncComplete
10-04 21:05:06.586 11827 11827 I ViewRootImpl@bc1833c[Toast]: setupSync seqId=0 mSyncId=0 fn=1 caller=android.view.ViewRootImpl$$ExternalSyntheticLambda11.accept:6 android.window.SurfaceSyncer.lambda$setupSync$1$android-window-SurfaceSyncer:128 android.window.SurfaceSyncer$$ExternalSyntheticLambda1.accept:8 android.window.SurfaceSyncer$SyncSet.checkIfSyncIsComplete:382 android.window.SurfaceSyncer$SyncSet.markSyncReady:359 android.window.SurfaceSyncer.markSyncReady:151 android.view.ViewRootImpl.performTraversals:4503 
10-04 21:05:06.586 11827 11827 I ViewRootImpl@bc1833c[Toast]: reportDrawFinished seqId=0 mSyncId=-1 fn=1 mSurfaceChangedTransaction=0x7b3514c900
10-04 21:05:06.849 11827 11827 I ViewRootImpl@fd04a9[MainActivity]: ViewPostIme pointer 0
10-04 21:05:06.897 11827 11827 I ViewRootImpl@fd04a9[MainActivity]: ViewPostIme pointer 1
10-04 21:05:06.928 11827 11827 I IMM_LC  : hsifw() - flag : 0
10-04 21:05:06.928 11827 11827 I IMM_LC  : hsifw() - mService.hideSoftInput
10-04 21:05:08.457 11827 11850 D OpenGLRenderer: setSurface called with nullptr
10-04 21:05:08.457 11827 11850 D OpenGLRenderer: setSurface() destroyed EGLSurface
10-04 21:05:08.457 11827 11850 D OpenGLRenderer: destroyEglSurface
10-04 21:05:08.458 11827 11827 I ViewRootImpl@bc1833c[Toast]: dispatchDetachedFromWindow
10-04 21:05:08.469 11827 11827 D InputTransport: Input channel destroyed: 'cda19e8', fd=178
10-04 21:05:09.993 11827 11836 W st.cloudstream3: Cleared Reference was only reachable from finalizer (only reported once)
10-04 21:05:10.061 11827 11836 I st.cloudstream3: Background concurrent copying GC freed 25MB AllocSpace bytes, 127(13MB) LOS objects, 46% free, 27MB/51MB, paused 225us,116us total 191.636ms
10-04 21:05:10.084 11827 11850 D OpenGLRenderer: setSurface called with nullptr
10-04 21:05:10.101 11827 11838 W System  : A resource failed to call close. 
10-04 21:05:14.509 11827 11827 I ViewRootImpl@fd04a9[MainActivity]: ViewPostIme pointer 0
10-04 21:05:14.574 11827 11827 I ViewRootImpl@fd04a9[MainActivity]: ViewPostIme pointer 1
10-04 21:05:14.581 11827 11827 I NavComponent: Navigating to fragment: 2131362274
10-04 21:05:14.615 11827 11827 I IMM_LC  : hsifw() - flag : 0
10-04 21:05:14.615 11827 11827 I IMM_LC  : hsifw() - mService.hideSoftInput
10-04 21:05:14.677 11827 11827 D ScrollView: initGoToTop
10-04 21:05:14.967 11827 11827 I SurfaceView@abae852: onWindowVisibilityChanged(0) true android.view.SurfaceView{abae852 V.E...... ......I. 0,0-0,0} of ViewRootImpl@fd04a9[MainActivity]
10-04 21:05:14.967 11827 11827 D SurfaceView@abae852: updateSurface: has no frame
10-04 21:05:14.975 11827 11827 I CS3ExoPlayer: SET STYLE = SaveCaptionStyle(foregroundColor=-1, backgroundColor=0, windowColor=0, edgeType=1, edgeColor=-16777216, typeface=null, typefaceFilePath=null, elevation=20, fixedTextSize=null, edgeSize=null, removeCaptions=false, removeBloat=true, upperCase=false, bold=false, italic=false, backgroundRadius=null)
10-04 21:05:14.992 11827 11827 D VideoClickActionHolder: allVideoClickActions: [null:com.lagradost.cloudstream3.actions.temp.PlayInBrowserAction, null:com.lagradost.cloudstream3.actions.temp.CopyClipboardAction, null:com.lagradost.cloudstream3.actions.temp.ViewM3U8Action, null:com.lagradost.cloudstream3.actions.temp.VlcPackage, null:com.lagradost.cloudstream3.actions.temp.MpvPackage, null:com.lagradost.cloudstream3.actions.temp.NextPlayerPackage, null:com.lagradost.cloudstream3.actions.temp.JustPlayerPackage, null:com.lagradost.cloudstream3.actions.temp.fcast.FcastAction, null:com.lagradost.cloudstream3.actions.temp.LibreTorrentPackage, null:com.lagradost.cloudstream3.actions.temp.BiglyBTPackage, null:com.lagradost.cloudstream3.actions.temp.VlcNightlyPackage, null:com.lagradost.cloudstream3.actions.temp.WebVideoCastPackage, null:com.lagradost.cloudstream3.actions.temp.MpvYTDLPackage, null:com.lagradost.cloudstream3.actions.temp.MpvKtPackage, null:com.lagradost.cloudstream3.actions.temp.MpvKtPreviewPackage, null:com.lagradost.cloudstream3.actions.AlwaysAskAction]
10-04 21:05:14.992 11827 11827 I IMM_LC  : hsifw() - flag : 0
10-04 21:05:14.992 11827 11827 I IMM_LC  : hsifw() - mService.hideSoftInput
10-04 21:05:14.995 11827 11875 I SYNCVM  : addFromUrl = https://wecima.now/watch/%d9%85%d8%b4%d8%a7%d9%87%d8%af%d8%a9-%d9%81%d9%8a%d9%84%d9%85-hidden-face-%d9%85%d8%aa%d8%b1%d8%ac%d9%85/
10-04 21:05:14.995 11827 11877 I RVM2    : applyMeta
10-04 21:05:14.997 11827 11875 I SYNCUTIL: getIdsFromUrl https://wecima.now/watch/%d9%85%d8%b4%d8%a7%d9%87%d8%af%d8%a9-%d9%81%d9%8a%d9%84%d9%85-hidden-face-%d9%85%d8%aa%d8%b1%d8%ac%d9%85/
10-04 21:05:15.010 11827 11827 I SurfaceView@abae852: onWindowVisibilityChanged(8) false android.view.SurfaceView{abae852 V.E...... ......I. 0,0-0,0} of ViewRootImpl@fd04a9[MainActivity]
10-04 21:05:15.010 11827 11827 D SurfaceView@abae852: updateSurface: has no frame
10-04 21:05:15.010 11827 11827 D SurfaceView@abae852: updateSurface: has no frame
10-04 21:05:15.010 11827 11827 I SurfaceView@abae852: onDetachedFromWindow: tryReleaseSurfaces()
10-04 21:05:15.010 11827 11827 I SurfaceView@abae852: releaseSurfaces: viewRoot = ViewRootImpl@fd04a9[MainActivity]
10-04 21:05:15.010 11827 11827 I SurfaceView@abae852: applyTransactionOnVriDraw: vri = ViewRootImpl@fd04a9[MainActivity] fRS = true t = 0x7b34f6f900 android.view.SurfaceView.releaseSurfaces:858 android.view.SurfaceView.onDetachedFromWindow:500 android.view.View.dispatchDetachedFromWindow:22538 
10-04 21:05:15.011 11827 11827 I SurfaceView@abae852: applyTransactionOnVriDraw: viewRoot.applyTransactionOnDrawFromReleaseSurfaces
10-04 21:05:15.011 11827 11827 I ViewRootImpl@fd04a9[MainActivity]: applyTransactionOnDraw: mRemoved = false isHardwareEnabled = true t = 0x7b34f6f900android.view.ViewRootImpl.applyTransactionOnDrawFromReleaseSurfaces:12850 android.view.SurfaceView.applyTransactionOnVriDraw:2046 android.view.SurfaceView.releaseSurfaces:858 android.view.SurfaceView.onDetachedFromWindow:500 android.view.View.dispatchDetachedFromWindow:22538 
10-04 21:05:15.012 11827 11827 I SurfaceView@abae852: onWindowVisibilityChanged(0) true android.view.SurfaceView{abae852 V.E...... ......I. 0,0-0,0} of ViewRootImpl@fd04a9[MainActivity]
10-04 21:05:15.012 11827 11827 D SurfaceView@abae852: updateSurface: has no frame
10-04 21:05:15.019 11827 11827 I DecorView: notifyKeepScreenOnChanged: keepScreenOn=false
10-04 21:05:15.038 11827 11827 I CS3ExoPlayer: reloadPlayer
10-04 21:05:15.038 11827 11827 I CS3ExoPlayer: releasePlayer
10-04 21:05:15.038 11827 11827 I CS3ExoPlayer: Handle event: PlayerAttachedEvent(player=null, source=Player)
10-04 21:05:15.044 11827 11827 I ViewRootImpl@fd04a9[MainActivity]: performTraversals params={(0,0)(fillxfill) sim={state=always_hidden adjust=resize} ty=BASE_APPLICATION wanim=0x1030309
10-04 21:05:15.044 11827 11827 I ViewRootImpl@fd04a9[MainActivity]:   fl=85810100
10-04 21:05:15.044 11827 11827 I ViewRootImpl@fd04a9[MainActivity]:   pfl=12020040
10-04 21:05:15.044 11827 11827 I ViewRootImpl@fd04a9[MainActivity]:   vsysui=500
10-04 21:05:15.044 11827 11827 I ViewRootImpl@fd04a9[MainActivity]:   bhv=DEFAULT
10-04 21:05:15.044 11827 11827 I ViewRootImpl@fd04a9[MainActivity]:   fitSides= naviIconColor=0}
10-04 21:05:15.044 11827 11827 I ViewRootImpl@fd04a9[MainActivity]: performTraversals mFirst=false windowShouldResize=false viewVisibilityChanged=false mForceNextWindowRelayout=false params={(0,0)(fillxfill) sim={state=always_hidden adjust=resize} ty=BASE_APPLICATION fmt=TRANSLUCENT wanim=0x1030309
10-04 21:05:15.044 11827 11827 I ViewRootImpl@fd04a9[MainActivity]:   fl=85810100
10-04 21:05:15.044 11827 11827 I ViewRootImpl@fd04a9[MainActivity]:   pfl=12020040
10-04 21:05:15.044 11827 11827 I ViewRootImpl@fd04a9[MainActivity]:   vsysui=500
10-04 21:05:15.044 11827 11827 I ViewRootImpl@fd04a9[MainActivity]:   bhv=DEFAULT
10-04 21:05:15.044 11827 11827 I ViewRootImpl@fd04a9[MainActivity]:   fitSides= naviIconColor=0}
10-04 21:05:15.055 11827 11827 I ViewRootImpl@fd04a9[MainActivity]: updateBlastSurfaceIfNeeded mBlastBufferQueue=0x7b3dc82900 isSameSurfaceControl=true
10-04 21:05:15.055 11827 11827 I BLASTBufferQueue: update, w= 1080 h= 2400 mName = ViewRootImpl@fd04a9[MainActivity] mNativeObject= 0x7b3dc82900 sc.mNativeObject= 0x7b0764d4a0 format= -3 caller= android.view.ViewRootImpl.updateBlastSurfaceIfNeeded:2898 android.view.ViewRootImpl.relayoutWindow:9847 android.view.ViewRootImpl.performTraversals:3884 android.view.ViewRootImpl.doTraversal:3116 android.view.ViewRootImpl$TraversalRunnable.run:10885 android.view.Choreographer$CallbackRecord.run:1301 
10-04 21:05:15.055 11827 11827 I ViewRootImpl@fd04a9[MainActivity]: Relayout returned: old=(0,0,1080,2400) new=(0,0,1080,2400) req=(1080,2400)0 dur=11 res=0x0 s={true 0x7b5d011800} ch=false seqId=0
10-04 21:05:15.058 11827 11827 W View    : requestLayout() improperly called by android.widget.FrameLayout{5f991d0 I.E...... ......I. 0,0-0,0 #7f0a04e7 app:id/start_panel} during layout: running second layout pass
10-04 21:05:15.058 11827 11827 W View    : requestLayout() improperly called by android.widget.FrameLayout{c90a5c9 I.E...... ......ID 1080,0-1080,2143 #7f0a0168 app:id/end_panel} during layout: running second layout pass
10-04 21:05:15.061 11827 11827 D SurfaceView@abae852: updateSurface: has no frame
10-04 21:05:15.066 11827 11927 I ViewRootImpl@fd04a9[MainActivity]: mWNT: t=0x7b34f6f900 mBlastBufferQueue=0x7b3dc82900 fn= 489 caller= android.view.ViewRootImpl.lambda$applyTransactionOnDraw$11$android-view-ViewRootImpl:12865 android.view.ViewRootImpl$$ExternalSyntheticLambda1.onFrameDraw:4 android.graphics.HardwareRenderer$FrameDrawingCallback.onFrameDraw:924 
10-04 21:05:15.069 11827 11827 D SurfaceView@abae852: updateSurface: has no frame
10-04 21:05:15.082 11827 11827 D SurfaceView@abae852: updateSurface: has no frame
10-04 21:05:15.100 11827 11827 D SurfaceView@abae852: updateSurface: has no frame
10-04 21:05:15.120 11827 11827 D SurfaceView@abae852: updateSurface: has no frame
10-04 21:05:15.137 11827 11827 D SurfaceView@abae852: updateSurface: has no frame
10-04 21:05:15.156 11827 11827 D SurfaceView@abae852: updateSurface: has no frame
10-04 21:05:15.175 11827 11827 D SurfaceView@abae852: updateSurface: has no frame
10-04 21:05:15.206 11827 11827 D SurfaceView@abae852: updateSurface: has no frame
10-04 21:05:15.224 11827 11836 I st.cloudstream3: Background concurrent copying GC freed 11MB AllocSpace bytes, 99(17MB) LOS objects, 49% free, 21MB/43MB, paused 240us,252us total 157.104ms
10-04 21:05:15.234 11827 11827 D SurfaceView@abae852: updateSurface: has no frame
10-04 21:05:15.237 11827 11827 D SurfaceView@abae852: updateSurface: has no frame
10-04 21:05:15.254 11827 11827 D SurfaceView@abae852: updateSurface: has no frame
10-04 21:05:15.271 11827 11827 D SurfaceView@abae852: updateSurface: has no frame
10-04 21:05:15.287 11827 11827 D SurfaceView@abae852: updateSurface: has no frame
10-04 21:05:15.304 11827 11827 D SurfaceView@abae852: updateSurface: has no frame
10-04 21:05:15.321 11827 11827 D SurfaceView@abae852: updateSurface: has no frame
10-04 21:05:15.337 11827 11827 D SurfaceView@abae852: updateSurface: has no frame
10-04 21:05:15.354 11827 11827 D SurfaceView@abae852: updateSurface: has no frame
10-04 21:05:15.370 11827 11827 D SurfaceView@abae852: updateSurface: has no frame
10-04 21:05:15.387 11827 11827 D SurfaceView@abae852: updateSurface: has no frame
10-04 21:05:15.401 11827 11827 W PanelsChildGestureRegionObserver: failed to register view with ID 2131362800. already registered
10-04 21:05:15.404 11827 11827 E CoilImgLoader: Error loading image: coil3.request.NullRequestDataException: The request's data is null.
10-04 21:05:15.410 11827 11827 E CoilImgLoader: Error loading image: coil3.request.NullRequestDataException: The request's data is null.
10-04 21:05:15.442 11827 11874 I SYNCVM  : addFromUrl = https://wecima.now/watch/%d9%85%d8%b4%d8%a7%d9%87%d8%af%d8%a9-%d9%81%d9%8a%d9%84%d9%85-hidden-face-%d9%85%d8%aa%d8%b1%d8%ac%d9%85/
10-04 21:05:15.442 11827 11874 I SYNCUTIL: getIdsFromUrl https://wecima.now/watch/%d9%85%d8%b4%d8%a7%d9%87%d8%af%d8%a9-%d9%81%d9%8a%d9%84%d9%85-hidden-face-%d9%85%d8%aa%d8%b1%d8%ac%d9%85/
10-04 21:05:15.455 11827 11827 I ViewRootImpl@fd04a9[MainActivity]: performTraversals mFirst=false windowShouldResize=false viewVisibilityChanged=false mForceNextWindowRelayout=false params={(0,0)(fillxfill) sim={state=always_hidden adjust=pan} ty=BASE_APPLICATION fmt=TRANSLUCENT wanim=0x1030309
10-04 21:05:15.455 11827 11827 I ViewRootImpl@fd04a9[MainActivity]:   fl=85810100
10-04 21:05:15.455 11827 11827 I ViewRootImpl@fd04a9[MainActivity]:   pfl=12020040
10-04 21:05:15.455 11827 11827 I ViewRootImpl@fd04a9[MainActivity]:   vsysui=500
10-04 21:05:15.455 11827 11827 I ViewRootImpl@fd04a9[MainActivity]:   bhv=DEFAULT
10-04 21:05:15.455 11827 11827 I ViewRootImpl@fd04a9[MainActivity]:   fitSides= naviIconColor=0}
10-04 21:05:15.463 11827 11827 I ViewRootImpl@fd04a9[MainActivity]: updateBlastSurfaceIfNeeded mBlastBufferQueue=0x7b3dc82900 isSameSurfaceControl=true
10-04 21:05:15.463 11827 11827 I BLASTBufferQueue: update, w= 1080 h= 2400 mName = ViewRootImpl@fd04a9[MainActivity] mNativeObject= 0x7b3dc82900 sc.mNativeObject= 0x7b5cf25e00 format= -3 caller= android.view.ViewRootImpl.updateBlastSurfaceIfNeeded:2898 android.view.ViewRootImpl.relayoutWindow:9847 android.view.ViewRootImpl.performTraversals:3884 android.view.ViewRootImpl.doTraversal:3116 android.view.ViewRootImpl$TraversalRunnable.run:10885 android.view.Choreographer$CallbackRecord.run:1301 
10-04 21:05:15.463 11827 11827 I ViewRootImpl@fd04a9[MainActivity]: Relayout returned: old=(0,0,1080,2400) new=(0,0,1080,2400) req=(1080,2400)0 dur=7 res=0x0 s={true 0x7b5d011800} ch=false seqId=0
10-04 21:05:15.464 11827 11827 D SurfaceView@abae852: updateSurface: has no frame
10-04 21:05:15.465 11827 11827 I SurfaceView@abae852: Changes: creating=true format=true size=true visible=true alpha=false hint=false mUseAlpha=false visible=true left=true top=true
10-04 21:05:15.467 11827 11827 I BLASTBufferQueue: update, w= 1080 h= 525 mName = null mNativeObject= 0x7b7a0a9600 sc.mNativeObject= 0x7b5cf28100 format= 4 caller= android.view.SurfaceView.createBlastSurfaceControls:1383 android.view.SurfaceView.updateSurface:1079 android.view.SurfaceView.lambda$new$0$android-view-SurfaceView:200 android.view.SurfaceView$$ExternalSyntheticLambda5.onPreDraw:2 android.view.ViewTreeObserver.dispatchOnPreDraw:1121 android.view.ViewRootImpl.performTraversals:4442 
10-04 21:05:15.467 11827 11827 I SurfaceView@abae852: 180021330 Cur surface: Surface(name=null)/@0xdb28928
10-04 21:05:15.467 11827 11827 I SurfaceView@abae852: pST: sr = Rect(0, 218 - 1080, 743) sw = 1080 sh = 525
10-04 21:05:15.468 11827 11827 D SurfaceView@abae852: performSurfaceTransaction RenderWorker position = [0, 218, 1080, 743] surfaceSize = 1080x525
10-04 21:05:15.468 11827 11827 I SurfaceView@abae852: applyTransactionOnVriDraw: vri = ViewRootImpl@fd04a9[MainActivity] fRS = false t = 0x7b5cfac200 android.view.SurfaceView.performSurfaceTransaction:959 android.view.SurfaceView.updateSurface:1105 android.view.SurfaceView.lambda$new$0$android-view-SurfaceView:200 
10-04 21:05:15.468 11827 11827 I ViewRootImpl@fd04a9[MainActivity]: applyTransactionOnDraw: mRemoved = false isHardwareEnabled = true t = 0x7b5cfac200android.view.SurfaceView.applyTransactionOnVriDraw:2048 android.view.SurfaceView.performSurfaceTransaction:959 android.view.SurfaceView.updateSurface:1105 android.view.SurfaceView.lambda$new$0$android-view-SurfaceView:200 android.view.SurfaceView$$ExternalSyntheticLambda5.onPreDraw:2 
10-04 21:05:15.468 11827 11827 I SurfaceView@abae852: updateSurface: mVisible = true mSurface.isValid() = true
10-04 21:05:15.468 11827 11827 I SurfaceView@abae852: updateSurface: mSurfaceCreated = false surfaceChanged = true visibleChanged = true
10-04 21:05:15.468 11827 11827 I SurfaceView@abae852: visibleChanged -- surfaceCreated
10-04 21:05:15.468 11827 11827 I SurfaceView@abae852: surfaceCreated 0 #8 android.view.SurfaceView{abae852 V.E...... ......ID 0,0-1080,525}
10-04 21:05:15.468 11827 11827 I SurfaceView@abae852: surfaceChanged -- format=4 w=1080 h=525
10-04 21:05:15.468 11827 11827 I SurfaceView@abae852: surfaceChanged (1080,525) 0 #8 android.view.SurfaceView{abae852 V.E...... ......ID 0,0-1080,525}
10-04 21:05:15.468 11827 11827 I SurfaceView@abae852: surfaceRedrawNeeded
10-04 21:05:15.469 11827 11827 V SurfaceView@abae852: Layout: x=0 y=218 w=1080 h=525, frame=Rect(0, 0 - 1080, 525)
10-04 21:05:15.482 11827 11928 D SurfaceView@abae852: updateSurfacePosition RenderWorker, frameNr = 509, position = [0, 218, 1080, 743] surfaceSize = 1080x525
10-04 21:05:15.482 11827 11928 I SurfaceView@abae852: uSP: rtp = Rect(0, 218 - 1080, 743) rtsw = 1080 rtsh = 525
10-04 21:05:15.483 11827 11928 I SurfaceView@abae852: onSSPAndSRT: pl = 0 pt = 218 sx = 1.0 sy = 1.0
10-04 21:05:15.483 11827 11928 I SurfaceView@abae852: aOrMT: ViewRootImpl@fd04a9[MainActivity] t = android.view.SurfaceControl$Transaction@b808127 fN = 509 android.view.SurfaceView.-$$Nest$mapplyOrMergeTransaction:0 android.view.SurfaceView$SurfaceViewPositionUpdateListener.positionChanged:1537 android.graphics.RenderNode$CompositePositionUpdateListener.positionChanged:373 
10-04 21:05:15.483 11827 11928 I ViewRootImpl@fd04a9[MainActivity]: mWNT: t=0x7b5cfaef00 mBlastBufferQueue=0x7b3dc82900 fn= 509 caller= android.view.SurfaceView.applyOrMergeTransaction:1455 android.view.SurfaceView.-$$Nest$mapplyOrMergeTransaction:0 android.view.SurfaceView$SurfaceViewPositionUpdateListener.positionChanged:1537 
10-04 21:05:15.484 11827 11928 I ViewRootImpl@fd04a9[MainActivity]: mWNT: t=0x7b5cfac200 mBlastBufferQueue=0x7b3dc82900 fn= 509 caller= android.view.ViewRootImpl.lambda$applyTransactionOnDraw$11$android-view-ViewRootImpl:12865 android.view.ViewRootImpl$$ExternalSyntheticLambda1.onFrameDraw:4 android.graphics.HardwareRenderer$FrameDrawingCallback.onFrameDraw:924 
10-04 21:05:15.509 11827 11827 I SurfaceView@abae852: finishedDrawing
10-04 21:05:16.353 11827 11827 I ViewRootImpl@fd04a9[MainActivity]: ViewPostIme pointer 0
10-04 21:05:16.891 11827 11827 I Dialog  : mIsDeviceDefault = false, mIsSamsungBasicInteraction = false, isMetaDataInActivity = false
10-04 21:05:16.933 11827 11827 I DecorView: [INFO] isPopOver=false config=false
10-04 21:05:16.933 11827 11827 I DecorView: updateCaptionType: isFloating=false isApplication=true hasWindowDecorCaption=false this=DecorView@cca07a5[]
10-04 21:05:16.933 11827 11827 D DecorView: setCaptionType = 0, this = DecorView@cca07a5[]
10-04 21:05:16.934 11827 11827 I DecorView: getCurrentDensityDpi: from app context. densityDpi=420 msg=resources_loaded
10-04 21:05:16.934 11827 11827 I DecorView: setWindowBackground: isPopOver=false color=0 d=android.graphics.drawable.ColorDrawable@bbc7b2b
10-04 21:05:16.942 11827 11850 D NativeCustomFrequencyManager: [NativeCFMS] BpCustomFrequencyManager::BpCustomFrequencyManager()
10-04 21:05:16.943 11827 11827 I DecorView: notifyKeepScreenOnChanged: keepScreenOn=false
10-04 21:05:16.958 11827 11827 D InsetsController: onStateChanged: InsetsState: {mDisplayFrame=Rect(0, 0 - 1080, 2400), mDisplayCutout=DisplayCutout{insets=Rect(0, 88 - 0, 0) waterfall=Insets{left=0, top=0, right=0, bottom=0} boundingRect={Bounds=[Rect(0, 0 - 0, 0), Rect(512, 0 - 568, 88), Rect(0, 0 - 0, 0), Rect(0, 0 - 0, 0)]} cutoutPathParserInfo={CutoutPathParserInfo{displayWidth=1080 displayHeight=2400 physicalDisplayWidth=1080 physicalDisplayHeight=2400 density={2.625} cutoutSpec={M 0,0 M 0,12.25101276465640 a 10.60613009248640,10.60613009248640 0 1,0 0,21.21226018497290 a 10.60613009248640,10.60613009248640 0 1,0 0,-21.21226018497290 Z @dp} rotation={0} scale={1.0} physicalPixelDisplaySizeRatio={1.0}}}}, mRoundedCorners=RoundedCorners{[RoundedCorner{position=TopLeft, radius=84, center=Point(84, 84)}, RoundedCorner{position=TopRight, radius=84, center=Point(996, 84)}, RoundedCorner{position=BottomRight, radius=84, center=Point(996, 2316)}, RoundedCorner{position=BottomLeft, radius=84, center=Point(84, 2316)}]}  mRoundedCornerFrame=Rect(0, 0 - 1080, 2400), mPrivacyIndicatorBounds=PrivacyIndicatorBounds {static bounds=Rect(964, 0 - 1080, 87) rotation=0}, mSources= { InsetsSource: {mType=ITYPE_STATUS_BAR, mFrame=[0,0][1080,88], mVisible=true, mInsetsRoundedCornerFrame=false}, InsetsSource: {mType=ITYPE_NAVIGATION_BAR, mFrame=[0,2361][1080,2400], mVisible=true, mInsetsRoundedCornerFrame=false}, InsetsSource: {mType=ITYPE_LEFT_GESTURES, mFrame=[0,0][130,2400], mVisible=true, mInsetsRoundedCornerFrame=false}, InsetsSource: {mType=ITYPE_RIGHT_GESTURES, mFrame=[950,0][1080,2400], mVisible=true, mInsetsRoundedCornerFrame=false}, InsetsSource: {mType=ITYPE_TOP_MANDATORY_GESTURES, mFrame=[0,0][1080,120], mVisible=true, mInsetsRoundedCornerFrame=false}, InsetsSource: {mType=ITYPE_BOTTOM_MANDATORY_GESTURES, mFrame=[0,2316][1080,2400], mVisible=true, mInsetsRoundedCornerFrame=false}, InsetsSource: {mType=ITYPE_LEFT_DISPLAY_CUTOUT, mFrame=[0,0][-100000,2400], mVisible=true, mInsetsRoundedCornerFrame=false}, InsetsSource: {mType=ITYPE_TOP_DISPLAY_CUTOUT, mFrame=[0,0][1080,88], mVisible=true, mInsetsRoundedCornerFrame=false}, InsetsSource: {mType=ITYPE_RIGHT_DISPLAY_CUTOUT, mFrame=[100000,0][1080,2400], mVisible=true, mInsetsRoundedCornerFrame=false}, InsetsSource: {mType=ITYPE_BOTTOM_DISPLAY_CUTOUT, mFrame=[0,100000][1080,2400], mVisible=true, mInsetsRoundedCornerFrame=false}, InsetsSource: {mType=ITYPE_TOP_TAPPABLE_ELEMENT, mFrame=[0,0][1080,88], mVisible=true, mInsetsRoundedCornerFrame=false}, InsetsSource: {mType=ITYPE_BOTTOM_TAPPABLE_ELEMENT, mFrame=[0,0][0,0], mVisible=true, mInsetsRoundedCornerFrame=false}, InsetsSource: {mType=ITYPE_IME, mFrame=[0,0][0,0], mVisibleFrame=[0,1409][1080,2400], mVisible=false, mInsetsRoundedCornerFrame=false} } host=com.lagradost.cloudstream3/com.lagradost.cloudstream3.MainActivity from=android.view.ViewRootImpl.setView:1732
10-04 21:05:16.959 11827 11827 I ViewRootImpl@2273a0[MainActivity]: setView = com.android.internal.policy.DecorView@cca07a5 TM=true
10-04 21:05:16.974 11827 11827 I ViewRootImpl@2273a0[MainActivity]: performTraversals params={(0,0)(fillxfill) gr=CENTER sim={adjust=resize forwardNavigation} ty=APPLICATION fmt=TRANSPARENT wanim=0x7f14000b
10-04 21:05:16.974 11827 11827 I ViewRootImpl@2273a0[MainActivity]:   fl=85810100
10-04 21:05:16.974 11827 11827 I ViewRootImpl@2273a0[MainActivity]:   pfl=12020040
10-04 21:05:16.974 11827 11827 I ViewRootImpl@2273a0[MainActivity]:   vsysui=500
10-04 21:05:16.974 11827 11827 I ViewRootImpl@2273a0[MainActivity]:   bhv=DEFAULT
10-04 21:05:16.974 11827 11827 I ViewRootImpl@2273a0[MainActivity]:   fitSides= naviIconColor=0}
10-04 21:05:16.975 11827 11827 I ViewRootImpl@2273a0[MainActivity]: performTraversals mFirst=true windowShouldResize=true viewVisibilityChanged=false mForceNextWindowRelayout=false params={(0,0)(fillxfill) gr=CENTER sim={adjust=resize forwardNavigation} ty=APPLICATION fmt=TRANSPARENT wanim=0x7f14000b
10-04 21:05:16.975 11827 11827 I ViewRootImpl@2273a0[MainActivity]:   fl=85810100
10-04 21:05:16.975 11827 11827 I ViewRootImpl@2273a0[MainActivity]:   pfl=12020040
10-04 21:05:16.975 11827 11827 I ViewRootImpl@2273a0[MainActivity]:   vsysui=500
10-04 21:05:16.975 11827 11827 I ViewRootImpl@2273a0[MainActivity]:   bhv=DEFAULT
10-04 21:05:16.975 11827 11827 I ViewRootImpl@2273a0[MainActivity]:   fitSides= naviIconColor=0}
10-04 21:05:16.990 11827 11827 I ViewRootImpl@2273a0[MainActivity]: updateBlastSurfaceIfNeeded mBlastBufferQueue=null isSameSurfaceControl=false
10-04 21:05:16.991 11827 11827 I BLASTBufferQueue: new BLASTBufferQueue, mName= ViewRootImpl@2273a0[MainActivity] mNativeObject= 0x7b5cf4e800 sc.mNativeObject= 0x7b5cfbab20 caller= android.view.ViewRootImpl.updateBlastSurfaceIfNeeded:2909 android.view.ViewRootImpl.relayoutWindow:9847 android.view.ViewRootImpl.performTraversals:3884 android.view.ViewRootImpl.doTraversal:3116 android.view.ViewRootImpl$TraversalRunnable.run:10885 android.view.Choreographer$CallbackRecord.run:1301 android.view.Choreographer$CallbackRecord.run:1309 android.view.Choreographer.doCallbacks:923 android.view.Choreographer.doFrame:852 android.view.Choreographer$FrameDisplayEventReceiver.run:1283 
10-04 21:05:16.991 11827 11827 I BLASTBufferQueue: update, w= 1080 h= 2400 mName = ViewRootImpl@2273a0[MainActivity] mNativeObject= 0x7b5cf4e800 sc.mNativeObject= 0x7b5cfbab20 format= -2 caller= android.graphics.BLASTBufferQueue.<init>:84 android.view.ViewRootImpl.updateBlastSurfaceIfNeeded:2909 android.view.ViewRootImpl.relayoutWindow:9847 android.view.ViewRootImpl.performTraversals:3884 android.view.ViewRootImpl.doTraversal:3116 android.view.ViewRootImpl$TraversalRunnable.run:10885 
10-04 21:05:16.991 11827 11827 I ViewRootImpl@2273a0[MainActivity]: Relayout returned: old=(0,0,1080,2400) new=(0,0,1080,2400) req=(1080,2400)0 dur=15 res=0x3 s={true 0x7b06fd3000} ch=true seqId=0
10-04 21:05:16.992 11827 11827 I ViewRootImpl@2273a0[MainActivity]: mThreadedRenderer.initialize() mSurface={isValid=true 0x7b06fd3000} hwInitialized=true
10-04 21:05:16.993 11827 11850 D OpenGLRenderer: eglCreateWindowSurface
10-04 21:05:17.017 11827 11827 D AbsListView:  in onLayout changed 
10-04 21:05:17.018 11827 11827 I ViewRootImpl@2273a0[MainActivity]: reportNextDraw android.view.ViewRootImpl.performTraversals:4438 android.view.ViewRootImpl.doTraversal:3116 android.view.ViewRootImpl$TraversalRunnable.run:10885 android.view.Choreographer$CallbackRecord.run:1301 android.view.Choreographer$CallbackRecord.run:1309 
10-04 21:05:17.019 11827 11827 I ViewRootImpl@2273a0[MainActivity]: Setup new sync id=0
10-04 21:05:17.019 11827 11827 I ViewRootImpl@2273a0[MainActivity]: Setting syncFrameCallback
10-04 21:05:17.019 11827 11827 I ViewRootImpl@2273a0[MainActivity]: registerCallbacksForSync syncBuffer=false
10-04 21:05:17.022 11827 11927 I ViewRootImpl@2273a0[MainActivity]: Received frameDrawingCallback syncResult=0 frameNum=1.
10-04 21:05:17.022 11827 11927 I ViewRootImpl@2273a0[MainActivity]: Setting up sync and frameCommitCallback
10-04 21:05:17.028 11827 11850 I BLASTBufferQueue: [ViewRootImpl@2273a0[MainActivity]#3](f:0,a:0) onFrameAvailable the first frame is available
10-04 21:05:17.030 11827 11850 I ViewRootImpl@2273a0[MainActivity]: Received frameCommittedCallback lastAttemptedDrawFrameNum=1 didProduceBuffer=true
10-04 21:05:17.032 11827 11850 D OpenGLRenderer: CFMS:: SetUp Pid : 11827    Tid : 11850
10-04 21:05:17.036 11827 11827 I ViewRootImpl@2273a0[MainActivity]: onSyncComplete
10-04 21:05:17.036 11827 11827 I ViewRootImpl@2273a0[MainActivity]: setupSync seqId=0 mSyncId=0 fn=1 caller=android.view.ViewRootImpl$$ExternalSyntheticLambda11.accept:6 android.window.SurfaceSyncer.lambda$setupSync$1$android-window-SurfaceSyncer:128 android.window.SurfaceSyncer$$ExternalSyntheticLambda1.accept:8 android.window.SurfaceSyncer$SyncSet.checkIfSyncIsComplete:382 android.window.SurfaceSyncer$SyncSet.markSyncReady:359 android.window.SurfaceSyncer.markSyncReady:151 android.view.ViewRootImpl.performTraversals:4503 
10-04 21:05:17.037 11827 11827 I ViewRootImpl@2273a0[MainActivity]: reportDrawFinished seqId=0 mSyncId=-1 fn=1 mSurfaceChangedTransaction=0x7b5d018200
10-04 21:05:17.040 11827 11827 I ViewRootImpl@fd04a9[MainActivity]: MSG_WINDOW_FOCUS_CHANGED 0 0
10-04 21:05:17.072 11827 11827 I ViewRootImpl@fd04a9[MainActivity]: ViewPostIme pointer 1
10-04 21:05:17.105 11827 11827 I ViewRootImpl@2273a0[MainActivity]: MSG_WINDOW_FOCUS_CHANGED 1 0
10-04 21:05:17.106 11827 11827 I ViewRootImpl@2273a0[MainActivity]: mThreadedRenderer.initializeIfNeeded()#2 mSurface={isValid=true 0x7b06fd3000}
10-04 21:05:17.107 11827 11827 D InputMethodManager: startInputInner - Id : 0
10-04 21:05:17.108 11827 11827 I InputMethodManager: startInputInner - mService.startInputOrWindowGainedFocus
10-04 21:05:17.842 11827 11827 I ViewRootImpl@2273a0[MainActivity]: ViewPostIme pointer 0
10-04 21:05:17.915 11827 11827 I ViewRootImpl@2273a0[MainActivity]: ViewPostIme pointer 1
10-04 21:05:17.917 11827 11827 D AbsListView: onTouchUp() mTouchMode : 0
10-04 21:05:17.996 11827 11827 I MSHandlerLifeCycle: removeMultiSplitHandler: no exist. decor=DecorView@cca07a5[MainActivity]
10-04 21:05:17.997 11827 11850 D OpenGLRenderer: setSurface called with nullptr
10-04 21:05:17.997 11827 11850 D OpenGLRenderer: setSurface() destroyed EGLSurface
10-04 21:05:17.997 11827 11850 D OpenGLRenderer: destroyEglSurface
10-04 21:05:18.001 11827 11850 D OpenGLRenderer: endAllActiveAnimators on 0x7b34dac600 (MaterialTextView) with handle 0x7b34e1de40
10-04 21:05:18.001 11827 11827 I ViewRootImpl@2273a0[MainActivity]: dispatchDetachedFromWindow
10-04 21:05:18.026 11827 11827 D InputTransport: Input channel destroyed: 'fd086b6', fd=168
10-04 21:05:18.028 11827 11827 I Dialog  : mIsDeviceDefault = false, mIsSamsungBasicInteraction = false, isMetaDataInActivity = false
10-04 21:05:18.087 11827 11827 I DecorView: [INFO] isPopOver=false config=false
10-04 21:05:18.088 11827 11827 I DecorView: updateCaptionType: isFloating=false isApplication=true hasWindowDecorCaption=false this=DecorView@47c6937[]
10-04 21:05:18.088 11827 11827 D DecorView: setCaptionType = 0, this = DecorView@47c6937[]
10-04 21:05:18.089 11827 11827 I DecorView: getCurrentDensityDpi: from app context. densityDpi=420 msg=resources_loaded
10-04 21:05:18.089 11827 11827 I DecorView: setWindowBackground: isPopOver=false color=0 d=android.graphics.drawable.ColorDrawable@4fc540d
10-04 21:05:18.096 11827 11850 D NativeCustomFrequencyManager: [NativeCFMS] BpCustomFrequencyManager::BpCustomFrequencyManager()
10-04 21:05:18.097 11827 11827 I DecorView: notifyKeepScreenOnChanged: keepScreenOn=false
10-04 21:05:18.109 11827 11827 D InsetsController: onStateChanged: InsetsState: {mDisplayFrame=Rect(0, 0 - 1080, 2400), mDisplayCutout=DisplayCutout{insets=Rect(0, 88 - 0, 0) waterfall=Insets{left=0, top=0, right=0, bottom=0} boundingRect={Bounds=[Rect(0, 0 - 0, 0), Rect(512, 0 - 568, 88), Rect(0, 0 - 0, 0), Rect(0, 0 - 0, 0)]} cutoutPathParserInfo={CutoutPathParserInfo{displayWidth=1080 displayHeight=2400 physicalDisplayWidth=1080 physicalDisplayHeight=2400 density={2.625} cutoutSpec={M 0,0 M 0,12.25101276465640 a 10.60613009248640,10.60613009248640 0 1,0 0,21.21226018497290 a 10.60613009248640,10.60613009248640 0 1,0 0,-21.21226018497290 Z @dp} rotation={0} scale={1.0} physicalPixelDisplaySizeRatio={1.0}}}}, mRoundedCorners=RoundedCorners{[RoundedCorner{position=TopLeft, radius=84, center=Point(84, 84)}, RoundedCorner{position=TopRight, radius=84, center=Point(996, 84)}, RoundedCorner{position=BottomRight, radius=84, center=Point(996, 2316)}, RoundedCorner{position=BottomLeft, radius=84, center=Point(84, 2316)}]}  mRoundedCornerFrame=Rect(0, 0 - 1080, 2400), mPrivacyIndicatorBounds=PrivacyIndicatorBounds {static bounds=Rect(964, 0 - 1080, 87) rotation=0}, mSources= { InsetsSource: {mType=ITYPE_STATUS_BAR, mFrame=[0,0][1080,88], mVisible=true, mInsetsRoundedCornerFrame=false}, InsetsSource: {mType=ITYPE_NAVIGATION_BAR, mFrame=[0,2361][1080,2400], mVisible=true, mInsetsRoundedCornerFrame=false}, InsetsSource: {mType=ITYPE_LEFT_GESTURES, mFrame=[0,0][130,2400], mVisible=true, mInsetsRoundedCornerFrame=false}, InsetsSource: {mType=ITYPE_RIGHT_GESTURES, mFrame=[950,0][1080,2400], mVisible=true, mInsetsRoundedCornerFrame=false}, InsetsSource: {mType=ITYPE_TOP_MANDATORY_GESTURES, mFrame=[0,0][1080,120], mVisible=true, mInsetsRoundedCornerFrame=false}, InsetsSource: {mType=ITYPE_BOTTOM_MANDATORY_GESTURES, mFrame=[0,2316][1080,2400], mVisible=true, mInsetsRoundedCornerFrame=false}, InsetsSource: {mType=ITYPE_LEFT_DISPLAY_CUTOUT, mFrame=[0,0][-100000,2400], mVisible=true, mInsetsRoundedCornerFrame=false}, InsetsSource: {mType=ITYPE_TOP_DISPLAY_CUTOUT, mFrame=[0,0][1080,88], mVisible=true, mInsetsRoundedCornerFrame=false}, InsetsSource: {mType=ITYPE_RIGHT_DISPLAY_CUTOUT, mFrame=[100000,0][1080,2400], mVisible=true, mInsetsRoundedCornerFrame=false}, InsetsSource: {mType=ITYPE_BOTTOM_DISPLAY_CUTOUT, mFrame=[0,100000][1080,2400], mVisible=true, mInsetsRoundedCornerFrame=false}, InsetsSource: {mType=ITYPE_TOP_TAPPABLE_ELEMENT, mFrame=[0,0][1080,88], mVisible=true, mInsetsRoundedCornerFrame=false}, InsetsSource: {mType=ITYPE_BOTTOM_TAPPABLE_ELEMENT, mFrame=[0,0][0,0], mVisible=true, mInsetsRoundedCornerFrame=false}, InsetsSource: {mType=ITYPE_IME, mFrame=[0,0][0,0], mVisibleFrame=[0,1409][1080,2400], mVisible=false, mInsetsRoundedCornerFrame=false} } host=com.lagradost.cloudstream3/com.lagradost.cloudstream3.MainActivity from=android.view.ViewRootImpl.setView:1732
10-04 21:05:18.110 11827 11827 I ViewRootImpl@c9b51a[MainActivity]: setView = com.android.internal.policy.DecorView@47c6937 TM=true
10-04 21:05:18.116 11827 11827 I ViewRootImpl@c9b51a[MainActivity]: performTraversals params={(0,0)(fillxfill) gr=CENTER sim={adjust=pan forwardNavigation} ty=APPLICATION fmt=TRANSPARENT wanim=0x7f14000b
10-04 21:05:18.116 11827 11827 I ViewRootImpl@c9b51a[MainActivity]:   fl=85810100
10-04 21:05:18.116 11827 11827 I ViewRootImpl@c9b51a[MainActivity]:   pfl=12020040
10-04 21:05:18.116 11827 11827 I ViewRootImpl@c9b51a[MainActivity]:   vsysui=500
10-04 21:05:18.116 11827 11827 I ViewRootImpl@c9b51a[MainActivity]:   bhv=DEFAULT
10-04 21:05:18.116 11827 11827 I ViewRootImpl@c9b51a[MainActivity]:   fitSides= naviIconColor=0}
10-04 21:05:18.117 11827 11827 I ViewRootImpl@c9b51a[MainActivity]: performTraversals mFirst=true windowShouldResize=true viewVisibilityChanged=false mForceNextWindowRelayout=false params={(0,0)(fillxfill) gr=CENTER sim={adjust=pan forwardNavigation} ty=APPLICATION fmt=TRANSPARENT wanim=0x7f14000b
10-04 21:05:18.117 11827 11827 I ViewRootImpl@c9b51a[MainActivity]:   fl=85810100
10-04 21:05:18.117 11827 11827 I ViewRootImpl@c9b51a[MainActivity]:   pfl=12020040
10-04 21:05:18.117 11827 11827 I ViewRootImpl@c9b51a[MainActivity]:   vsysui=500
10-04 21:05:18.117 11827 11827 I ViewRootImpl@c9b51a[MainActivity]:   bhv=DEFAULT
10-04 21:05:18.117 11827 11827 I ViewRootImpl@c9b51a[MainActivity]:   fitSides= naviIconColor=0}
10-04 21:05:18.137 11827 11827 I ViewRootImpl@c9b51a[MainActivity]: updateBlastSurfaceIfNeeded mBlastBufferQueue=null isSameSurfaceControl=false
10-04 21:05:18.137 11827 11827 I BLASTBufferQueue: new BLASTBufferQueue, mName= ViewRootImpl@c9b51a[MainActivity] mNativeObject= 0x7b5cf4e800 sc.mNativeObject= 0x7b1bd98320 caller= android.view.ViewRootImpl.updateBlastSurfaceIfNeeded:2909 android.view.ViewRootImpl.relayoutWindow:9847 android.view.ViewRootImpl.performTraversals:3884 android.view.ViewRootImpl.doTraversal:3116 android.view.ViewRootImpl$TraversalRunnable.run:10885 android.view.Choreographer$CallbackRecord.run:1301 android.view.Choreographer$CallbackRecord.run:1309 android.view.Choreographer.doCallbacks:923 android.view.Choreographer.doFrame:852 android.view.Choreographer$FrameDisplayEventReceiver.run:1283 
10-04 21:05:18.138 11827 11827 I BLASTBufferQueue: update, w= 1080 h= 2400 mName = ViewRootImpl@c9b51a[MainActivity] mNativeObject= 0x7b5cf4e800 sc.mNativeObject= 0x7b1bd98320 format= -2 caller= android.graphics.BLASTBufferQueue.<init>:84 android.view.ViewRootImpl.updateBlastSurfaceIfNeeded:2909 android.view.ViewRootImpl.relayoutWindow:9847 android.view.ViewRootImpl.performTraversals:3884 android.view.ViewRootImpl.doTraversal:3116 android.view.ViewRootImpl$TraversalRunnable.run:10885 
10-04 21:05:18.138 11827 11827 I ViewRootImpl@c9b51a[MainActivity]: Relayout returned: old=(0,0,1080,2400) new=(0,0,1080,2400) req=(1080,2400)0 dur=19 res=0x3 s={true 0x7b06fd3000} ch=true seqId=0
10-04 21:05:18.139 11827 11827 I ViewRootImpl@c9b51a[MainActivity]: mThreadedRenderer.initialize() mSurface={isValid=true 0x7b06fd3000} hwInitialized=true
10-04 21:05:18.140 11827 11850 D OpenGLRenderer: eglCreateWindowSurface
10-04 21:05:18.144 11827 11827 I ViewRootImpl@c9b51a[MainActivity]: reportNextDraw android.view.ViewRootImpl.performTraversals:4438 android.view.ViewRootImpl.doTraversal:3116 android.view.ViewRootImpl$TraversalRunnable.run:10885 android.view.Choreographer$CallbackRecord.run:1301 android.view.Choreographer$CallbackRecord.run:1309 
10-04 21:05:18.144 11827 11827 I ViewRootImpl@c9b51a[MainActivity]: Setup new sync id=0
10-04 21:05:18.144 11827 11827 I ViewRootImpl@c9b51a[MainActivity]: Setting syncFrameCallback
10-04 21:05:18.144 11827 11827 I ViewRootImpl@c9b51a[MainActivity]: registerCallbacksForSync syncBuffer=false
10-04 21:05:18.146 11827 11928 I ViewRootImpl@c9b51a[MainActivity]: Received frameDrawingCallback syncResult=0 frameNum=1.
10-04 21:05:18.147 11827 11928 I ViewRootImpl@c9b51a[MainActivity]: Setting up sync and frameCommitCallback
10-04 21:05:18.158 11827 11850 I BLASTBufferQueue: [ViewRootImpl@c9b51a[MainActivity]#4](f:0,a:0) onFrameAvailable the first frame is available
10-04 21:05:18.160 11827 11850 I ViewRootImpl@c9b51a[MainActivity]: Received frameCommittedCallback lastAttemptedDrawFrameNum=1 didProduceBuffer=true
10-04 21:05:18.162 11827 11850 D OpenGLRenderer: CFMS:: SetUp Pid : 11827    Tid : 11850
10-04 21:05:18.166 11827 11827 I ViewRootImpl@c9b51a[MainActivity]: onSyncComplete
10-04 21:05:18.167 11827 11827 I ViewRootImpl@c9b51a[MainActivity]: setupSync seqId=0 mSyncId=0 fn=1 caller=android.view.ViewRootImpl$$ExternalSyntheticLambda11.accept:6 android.window.SurfaceSyncer.lambda$setupSync$1$android-window-SurfaceSyncer:128 android.window.SurfaceSyncer$$ExternalSyntheticLambda1.accept:8 android.window.SurfaceSyncer$SyncSet.checkIfSyncIsComplete:382 android.window.SurfaceSyncer$SyncSet.markSyncReady:359 android.window.SurfaceSyncer.markSyncReady:151 android.view.ViewRootImpl.performTraversals:4503 
10-04 21:05:18.168 11827 11827 I ViewRootImpl@c9b51a[MainActivity]: reportDrawFinished seqId=0 mSyncId=-1 fn=1 mSurfaceChangedTransaction=0x7b79f91900
10-04 21:05:18.169 11827 11827 D InsetsController: onStateChanged: InsetsState: {mDisplayFrame=Rect(0, 0 - 1080, 2400), mDisplayCutout=DisplayCutout{insets=Rect(0, 88 - 0, 0) waterfall=Insets{left=0, top=0, right=0, bottom=0} boundingRect={Bounds=[Rect(0, 0 - 0, 0), Rect(512, 0 - 568, 88), Rect(0, 0 - 0, 0), Rect(0, 0 - 0, 0)]} cutoutPathParserInfo={CutoutPathParserInfo{displayWidth=1080 displayHeight=2400 physicalDisplayWidth=1080 physicalDisplayHeight=2400 density={2.625} cutoutSpec={M 0,0 M 0,12.25101276465640 a 10.60613009248640,10.60613009248640 0 1,0 0,21.21226018497290 a 10.60613009248640,10.60613009248640 0 1,0 0,-21.21226018497290 Z @dp} rotation={0} scale={1.0} physicalPixelDisplaySizeRatio={1.0}}}}, mRoundedCorners=RoundedCorners{[RoundedCorner{position=TopLeft, radius=84, center=Point(84, 84)}, RoundedCorner{position=TopRight, radius=84, center=Point(996, 84)}, RoundedCorner{position=BottomRight, radius=84, center=Point(996, 2316)}, RoundedCorner{position=BottomLeft, radius=84, center=Point(84, 2316)}]}  mRoundedCornerFrame=Rect(0, 0 - 1080, 2400), mPrivacyIndicatorBounds=PrivacyIndicatorBounds {static bounds=Rect(964, 0 - 1080, 87) rotation=0}, mSources= { InsetsSource: {mType=ITYPE_STATUS_BAR, mFrame=[0,0][1080,88], mVisible=true, mInsetsRoundedCornerFrame=false}, InsetsSource: {mType=ITYPE_NAVIGATION_BAR, mFrame=[0,2361][1080,2400], mVisible=true, mInsetsRoundedCornerFrame=false}, InsetsSource: {mType=ITYPE_LEFT_GESTURES, mFrame=[0,0][130,2400], mVisible=true, mInsetsRoundedCornerFrame=false}, InsetsSource: {mType=ITYPE_RIGHT_GESTURES, mFrame=[950,0][1080,2400], mVisible=true, mInsetsRoundedCornerFrame=false}, InsetsSource: {mType=ITYPE_TOP_MANDATORY_GESTURES, mFrame=[0,0][1080,120], mVisible=true, mInsetsRoundedCornerFrame=false}, InsetsSource: {mType=ITYPE_BOTTOM_MANDATORY_GESTURES, mFrame=[0,2316][1080,2400], mVisible=true, mInsetsRoundedCornerFrame=false}, InsetsSource: {mType=ITYPE_LEFT_DISPLAY_CUTOUT, mFrame=[0,0][-100000,2400], mVisible=true, mInsetsRoundedCornerFrame=false}, InsetsSource: {mType=ITYPE_TOP_DISPLAY_CUTOUT, mFrame=[0,0][1080,88], mVisible=true, mInsetsRoundedCornerFrame=false}, InsetsSource: {mType=ITYPE_RIGHT_DISPLAY_CUTOUT, mFrame=[100000,0][1080,2400], mVisible=true, mInsetsRoundedCornerFrame=false}, InsetsSource: {mType=ITYPE_BOTTOM_DISPLAY_CUTOUT, mFrame=[0,100000][1080,2400], mVisible=true, mInsetsRoundedCornerFrame=false}, InsetsSource: {mType=ITYPE_TOP_TAPPABLE_ELEMENT, mFrame=[0,0][1080,88], mVisible=true, mInsetsRoundedCornerFrame=false}, InsetsSource: {mType=ITYPE_BOTTOM_TAPPABLE_ELEMENT, mFrame=[0,0][0,0], mVisible=true, mInsetsRoundedCornerFrame=false} } host=com.lagradost.cloudstream3/com.lagradost.cloudstream3.MainActivity from=android.view.ViewRootImpl$ViewRootHandler.handleMessageImpl:6740
10-04 21:05:18.173 11827 11827 I ViewRootImpl@fd04a9[MainActivity]: MSG_WINDOW_FOCUS_CHANGED 0 0
10-04 21:05:18.191 11827 11827 I ViewRootImpl@fd04a9[MainActivity]: MSG_WINDOW_FOCUS_CHANGED 0 0
10-04 21:05:18.237 11827 11827 I ViewRootImpl@c9b51a[MainActivity]: MSG_WINDOW_FOCUS_CHANGED 1 0
10-04 21:05:18.237 11827 11827 I ViewRootImpl@c9b51a[MainActivity]: mThreadedRenderer.initializeIfNeeded()#2 mSurface={isValid=true 0x7b06fd3000}
10-04 21:05:18.238 11827 11827 D InputMethodManager: startInputInner - Id : 0
10-04 21:05:18.238 11827 11827 I InputMethodManager: startInputInner - mService.startInputOrWindowGainedFocus
10-04 21:05:18.453 11827 11874 E GovidExtractor: Extractor v29 started for URL: https://xcv2.goveed1.space/embed-fdkligkbbnag.html?Key=1g1a0nl3ARLlLYxnjCInXA&Expires=1759616895
10-04 21:05:18.843 11827 11874 D RepoLink: Loaded ExtractorLink: ExtractorLink(name=WeCima, url=https://tgb4.top15top.shop/pdvk22ol2s6j/Hidden.Face.2024.WeCima.Tube.1080p.mp4.html?Key=43wpMn6bD7pfYzwcIWQdcQ&Expires=1759616901#headers={"Referer":"https:\/\/wecima.now\/run\/watch\/9668792\/?Key=1g1a0nl3ARLlLYxnjCInXA&Expires=1759616895","User-Agent":"Mozilla\/5.0 (Windows NT 10.0; Win64; x64) AppleWebKit\/537.36 (KHTML, like Gecko) Chrome\/116.0.0.0 Safari\/537.36"}, referer=, type=VIDEO)
10-04 21:05:18.929 11827 11874 D RepoLink: Loaded ExtractorLink: ExtractorLink(name=Vidshare, url=https://nox7-04.ukra1.shop/hls/,pdomofmgn6m4f4kmlgwcdylrhoidhcb5ldxgshymqggcathenzb2pripbxaq,.urlset/master.m3u8#headers={"Referer":"https:\/\/cdn4.1vid1shar.space\/embed-lbtciwgw13dj.html?Key=1g1a0nl3ARLlLYxnjCInXA&Expires=1759616895","User-Agent":"Mozilla\/5.0 (Windows NT 10.0; Win64; x64) AppleWebKit\/537.36 (KHTML, like Gecko) Chrome\/116.0.0.0 Safari\/537.36"}, referer=, type=VIDEO)
10-04 21:05:19.001 11827 11874 E GovidExtractor: Successfully retrieved page content.
10-04 21:05:19.003 11827 11874 E GovidExtractor: FATAL ERROR: Exception caught: Did not find balanced marker at 'eval(function(p,a,c,k,e,d))'
10-04 21:05:19.004 11827 11874 W System.err: org.jsoup.select.Selector$SelectorParseException: Did not find balanced marker at 'eval(function(p,a,c,k,e,d))'
10-04 21:05:19.004 11827 11874 W System.err: 	at org.jsoup.select.QueryParser.parse(QueryParser.java:49)
10-04 21:05:19.004 11827 11874 W System.err: 	at org.jsoup.select.Selector.selectFirst(Selector.java:197)
10-04 21:05:19.004 11827 11874 W System.err: 	at org.jsoup.nodes.Element.selectFirst(Element.java:537)
10-04 21:05:19.004 11827 11874 W System.err: 	at com.example.extractors.GovidExtractor.getUrl(GovidExtractor.kt:37)
10-04 21:05:19.004 11827 11874 W System.err: 	at com.example.extractors.GovidExtractor$getUrl$1.invokeSuspend(Unknown Source:15)
10-04 21:05:19.004 11827 11874 W System.err: 	at kotlin.coroutines.jvm.internal.BaseContinuationImpl.resumeWith(ContinuationImpl.kt:33)
10-04 21:05:19.004 11827 11874 W System.err: 	at kotlinx.coroutines.DispatchedTask.run(DispatchedTask.kt:100)
10-04 21:05:19.004 11827 11874 W System.err: 	at kotlinx.coroutines.EventLoopImplBase.processNextEvent(EventLoop.common.kt:263)
10-04 21:05:19.004 11827 11874 W System.err: 	at kotlinx.coroutines.BlockingCoroutine.joinBlocking(Builders.kt:95)
10-04 21:05:19.004 11827 11874 W System.err: 	at kotlinx.coroutines.BuildersKt__BuildersKt.runBlocking(Builders.kt:69)
10-04 21:05:19.005 11827 11874 W System.err: 	at kotlinx.coroutines.BuildersKt.runBlocking(Unknown Source:1)
10-04 21:05:19.005 11827 11874 W System.err: 	at kotlinx.coroutines.BuildersKt__BuildersKt.runBlocking$default(Builders.kt:47)
10-04 21:05:19.005 11827 11874 W System.err: 	at kotlinx.coroutines.BuildersKt.runBlocking$default(Unknown Source:1)
10-04 21:05:19.005 11827 11874 W System.err: 	at com.lagradost.cloudstream3.ParCollectionsKt.apmap(ParCollections.kt:49)
10-04 21:05:19.005 11827 11874 W System.err: 	at com.example.WeCimaProvider.loadLinks(WeCimaProvider.kt:37)
10-04 21:05:19.005 11827 11874 W System.err: 	at com.example.WeCimaProvider$loadLinks$1.invokeSuspend(Unknown Source:18)
10-04 21:05:19.005 11827 11874 W System.err: 	at kotlin.coroutines.jvm.internal.BaseContinuationImpl.resumeWith(ContinuationImpl.kt:33)
10-04 21:05:19.005 11827 11874 W System.err: 	at kotlinx.coroutines.DispatchedTask.run(DispatchedTask.kt:100)
10-04 21:05:19.005 11827 11874 W System.err: 	at kotlinx.coroutines.internal.LimitedDispatcher$Worker.run(LimitedDispatcher.kt:113)
10-04 21:05:19.005 11827 11874 W System.err: 	at kotlinx.coroutines.scheduling.TaskImpl.run(Tasks.kt:89)
10-04 21:05:19.005 11827 11874 W System.err: 	at kotlinx.coroutines.scheduling.CoroutineScheduler.runSafely(CoroutineScheduler.kt:586)
10-04 21:05:19.005 11827 11874 W System.err: 	at kotlinx.coroutines.scheduling.CoroutineScheduler$Worker.executeTask(CoroutineScheduler.kt:820)
10-04 21:05:19.005 11827 11874 W System.err: 	at kotlinx.coroutines.scheduling.CoroutineScheduler$Worker.runWorker(CoroutineScheduler.kt:717)
10-04 21:05:19.005 11827 11874 W System.err: 	at kotlinx.coroutines.scheduling.CoroutineScheduler$Worker.run(CoroutineScheduler.kt:704)
10-04 21:05:19.026 11827 11874 D RepoLink: Loaded ExtractorLink: ExtractorLink(name=Vidbom, url=https://xo36ox-03.times20qu20.shop/6jmnulbjzuazsalrixxali7plfqwawhkkyounmo7apff4ah2fogdxyjx2owa/v.mp4#headers={"Referer":"https:\/\/vbn2.vdbtm.shop\/embed-1ok0i7qlq59m.html?Key=1g1a0nl3ARLlLYxnjCInXA&Expires=1759616895","User-Agent":"Mozilla\/5.0 (Windows NT 10.0; Win64; x64) AppleWebKit\/537.36 (KHTML, like Gecko) Chrome\/116.0.0.0 Safari\/537.36"}, referer=, type=VIDEO)
10-04 21:05:19.310 11827 11874 D RepoLink: Loaded ExtractorLink: ExtractorLink(name=Earnvids, url=https://h85MclLE5sxF9yF.acek-cdn.com/hls2/01/06477/j2o44wy4v4q2_n/master.m3u8?t=7MM3PVK8zdotFr-e0JNM68XZ9i4mRpv8v220mxxXyVY&s=1759608319&e=129600&f=32385922&srv=HI3THh5OxxWw&i=0.4&sp=500&p1=HI3THh5OxxWw&p2=HI3THh5OxxWw&asn=36947#headers={"Referer":"https:\/\/dingtezuni.com\/embed\/j2o44wy4v4q2?Key=1g1a0nl3ARLlLYxnjCInXA&Expires=1759616895","User-Agent":"Mozilla\/5.0 (Windows NT 10.0; Win64; x64) AppleWebKit\/537.36 (KHTML, like Gecko) Chrome\/116.0.0.0 Safari\/537.36"}, referer=, type=VIDEO)
10-04 21:05:19.314 11827 11827 I MSHandlerLifeCycle: removeMultiSplitHandler: no exist. decor=DecorView@47c6937[MainActivity]
