10-04 23:27:11.916  3949  3949 I ViewRootImpl@383d106[MainActivity]: applyTransactionOnDraw: mRemoved = false isHardwareEnabled = true t = 0x7b3bac4100android.view.SurfaceView.applyTransactionOnVriDraw:2048 android.view.SurfaceView.performSurfaceTransaction:959 android.view.SurfaceView.updateSurface:1105 android.view.SurfaceView.lambda$new$0$android-view-SurfaceView:200 android.view.SurfaceView$$ExternalSyntheticLambda5.onPreDraw:2 
10-04 23:27:11.916  3949  3949 I SurfaceView@95f31e0: updateSurface: mVisible = true mSurface.isValid() = true
10-04 23:27:11.916  3949  3949 I SurfaceView@95f31e0: updateSurface: mSurfaceCreated = false surfaceChanged = true visibleChanged = true
10-04 23:27:11.916  3949  3949 I SurfaceView@95f31e0: visibleChanged -- surfaceCreated
10-04 23:27:11.916  3949  3949 I SurfaceView@95f31e0: surfaceCreated 0 #8 android.view.SurfaceView{95f31e0 V.E...... ......ID 0,0-1080,525}
10-04 23:27:11.916  3949  3949 I SurfaceView@95f31e0: surfaceChanged -- format=4 w=1080 h=525
10-04 23:27:11.916  3949  3949 I SurfaceView@95f31e0: surfaceChanged (1080,525) 0 #8 android.view.SurfaceView{95f31e0 V.E...... ......ID 0,0-1080,525}
10-04 23:27:11.916  3949  3949 I SurfaceView@95f31e0: surfaceRedrawNeeded
10-04 23:27:11.917  3949  3949 V SurfaceView@95f31e0: Layout: x=0 y=218 w=1080 h=525, frame=Rect(0, 0 - 1080, 525)
10-04 23:27:11.926  3949  4047 D SurfaceView@95f31e0: updateSurfacePosition RenderWorker, frameNr = 741, position = [0, 218, 1080, 743] surfaceSize = 1080x525
10-04 23:27:11.926  3949  4047 I SurfaceView@95f31e0: uSP: rtp = Rect(0, 218 - 1080, 743) rtsw = 1080 rtsh = 525
10-04 23:27:11.926  3949  4047 I SurfaceView@95f31e0: onSSPAndSRT: pl = 0 pt = 218 sx = 1.0 sy = 1.0
10-04 23:27:11.926  3949  4047 I SurfaceView@95f31e0: aOrMT: ViewRootImpl@383d106[MainActivity] t = android.view.SurfaceControl$Transaction@6eae7b8 fN = 741 android.view.SurfaceView.-$$Nest$mapplyOrMergeTransaction:0 android.view.SurfaceView$SurfaceViewPositionUpdateListener.positionChanged:1537 android.graphics.RenderNode$CompositePositionUpdateListener.positionChanged:373 
10-04 23:27:11.927  3949  4047 I ViewRootImpl@383d106[MainActivity]: mWNT: t=0x7b5ce2db00 mBlastBufferQueue=0x7b3d7d5d00 fn= 741 caller= android.view.SurfaceView.applyOrMergeTransaction:1455 android.view.SurfaceView.-$$Nest$mapplyOrMergeTransaction:0 android.view.SurfaceView$SurfaceViewPositionUpdateListener.positionChanged:1537 
10-04 23:27:11.927  3949  4047 I ViewRootImpl@383d106[MainActivity]: mWNT: t=0x7b3bac4100 mBlastBufferQueue=0x7b3d7d5d00 fn= 741 caller= android.view.ViewRootImpl.lambda$applyTransactionOnDraw$11$android-view-ViewRootImpl:12865 android.view.ViewRootImpl$$ExternalSyntheticLambda1.onFrameDraw:4 android.graphics.HardwareRenderer$FrameDrawingCallback.onFrameDraw:924 
10-04 23:27:11.952  3949  3949 I SurfaceView@95f31e0: finishedDrawing
10-04 23:27:12.030  3949  3949 I ViewRootImpl@383d106[MainActivity]: performTraversals mFirst=false windowShouldResize=false viewVisibilityChanged=false mForceNextWindowRelayout=false params={(0,0)(fillxfill) sim={state=always_hidden adjust=resize} ty=BASE_APPLICATION fmt=TRANSLUCENT wanim=0x1030309
10-04 23:27:12.030  3949  3949 I ViewRootImpl@383d106[MainActivity]:   fl=85810100
10-04 23:27:12.030  3949  3949 I ViewRootImpl@383d106[MainActivity]:   pfl=12020040
10-04 23:27:12.030  3949  3949 I ViewRootImpl@383d106[MainActivity]:   vsysui=500
10-04 23:27:12.030  3949  3949 I ViewRootImpl@383d106[MainActivity]:   bhv=DEFAULT
10-04 23:27:12.030  3949  3949 I ViewRootImpl@383d106[MainActivity]:   fitSides= naviIconColor=0}
10-04 23:27:12.037  3949  3949 I ViewRootImpl@383d106[MainActivity]: updateBlastSurfaceIfNeeded mBlastBufferQueue=0x7b3d7d5d00 isSameSurfaceControl=true
10-04 23:27:12.038  3949  3949 I BLASTBufferQueue: update, w= 1080 h= 2400 mName = ViewRootImpl@383d106[MainActivity] mNativeObject= 0x7b3d7d5d00 sc.mNativeObject= 0x7af1ed6980 format= -3 caller= android.view.ViewRootImpl.updateBlastSurfaceIfNeeded:2898 android.view.ViewRootImpl.relayoutWindow:9847 android.view.ViewRootImpl.performTraversals:3884 android.view.ViewRootImpl.doTraversal:3116 android.view.ViewRootImpl$TraversalRunnable.run:10885 android.view.Choreographer$CallbackRecord.run:1301 
10-04 23:27:12.038  3949  3949 I ViewRootImpl@383d106[MainActivity]: Relayout returned: old=(0,0,1080,2400) new=(0,0,1080,2400) req=(1080,2400)0 dur=7 res=0x0 s={true 0x7b78f94800} ch=false seqId=0
10-04 23:27:12.554  3949  3949 I ViewRootImpl@383d106[MainActivity]: ViewPostIme pointer 0
10-04 23:27:12.583  3949  3949 I SurfaceView@95f31e0: Changes: creating=false format=false size=false visible=false alpha=false hint=false mUseAlpha=false visible=false left=false top=true
10-04 23:27:12.583  3949  3949 I SurfaceView@95f31e0: 157233632 Cur surface: Surface(name=null)/@0x6fd5115
10-04 23:27:12.584  3949  3949 I SurfaceView@95f31e0: applyTransactionOnVriDraw: vri = ViewRootImpl@383d106[MainActivity] fRS = false t = 0x7b0839ff00 android.view.SurfaceView.performSurfaceTransaction:959 android.view.SurfaceView.updateSurface:1105 android.view.SurfaceView.lambda$new$0$android-view-SurfaceView:200 
10-04 23:27:12.584  3949  3949 I ViewRootImpl@383d106[MainActivity]: applyTransactionOnDraw: mRemoved = false isHardwareEnabled = true t = 0x7b0839ff00android.view.SurfaceView.applyTransactionOnVriDraw:2048 android.view.SurfaceView.performSurfaceTransaction:959 android.view.SurfaceView.updateSurface:1105 android.view.SurfaceView.lambda$new$0$android-view-SurfaceView:200 android.view.SurfaceView$$ExternalSyntheticLambda5.onPreDraw:2 
10-04 23:27:12.584  3949  3949 I SurfaceView@95f31e0: updateSurface: mVisible = true mSurface.isValid() = true
10-04 23:27:12.585  3949  3949 I SurfaceView@95f31e0: updateSurface: mSurfaceCreated = true surfaceChanged = false visibleChanged = false
10-04 23:27:12.585  3949  3949 V SurfaceView@95f31e0: Layout: x=0 y=204 w=1080 h=525, frame=Rect(0, 0 - 1080, 525)
10-04 23:27:12.589  3949  4046 D SurfaceView@95f31e0: updateSurfacePosition RenderWorker, frameNr = 753, position = [0, 204, 1080, 729] surfaceSize = 1080x525
10-04 23:27:12.589  3949  4046 I SurfaceView@95f31e0: uSP: rtp = Rect(0, 204 - 1080, 729) rtsw = 1080 rtsh = 525
10-04 23:27:12.589  3949  4046 I SurfaceView@95f31e0: onSSPAndSRT: pl = 0 pt = 204 sx = 1.0 sy = 1.0
10-04 23:27:12.590  3949  4046 I SurfaceView@95f31e0: aOrMT: ViewRootImpl@383d106[MainActivity] t = android.view.SurfaceControl$Transaction@6eae7b8 fN = 753 android.view.SurfaceView.-$$Nest$mapplyOrMergeTransaction:0 android.view.SurfaceView$SurfaceViewPositionUpdateListener.positionChanged:1537 android.graphics.RenderNode$CompositePositionUpdateListener.positionChanged:373 
10-04 23:27:12.590  3949  4046 I ViewRootImpl@383d106[MainActivity]: mWNT: t=0x7b5ce2db00 mBlastBufferQueue=0x7b3d7d5d00 fn= 753 caller= android.view.SurfaceView.applyOrMergeTransaction:1455 android.view.SurfaceView.-$$Nest$mapplyOrMergeTransaction:0 android.view.SurfaceView$SurfaceViewPositionUpdateListener.positionChanged:1537 
10-04 23:27:12.591  3949  4046 I ViewRootImpl@383d106[MainActivity]: mWNT: t=0x7b0839ff00 mBlastBufferQueue=0x7b3d7d5d00 fn= 753 caller= android.view.ViewRootImpl.lambda$applyTransactionOnDraw$11$android-view-ViewRootImpl:12865 android.view.ViewRootImpl$$ExternalSyntheticLambda1.onFrameDraw:4 android.graphics.HardwareRenderer$FrameDrawingCallback.onFrameDraw:924 
10-04 23:27:12.598  3949  3949 I SurfaceView@95f31e0: Changes: creating=false format=false size=false visible=false alpha=false hint=false mUseAlpha=false visible=false left=false top=true
10-04 23:27:12.598  3949  3949 I SurfaceView@95f31e0: 157233632 Cur surface: Surface(name=null)/@0x6fd5115
10-04 23:27:12.599  3949  3949 I SurfaceView@95f31e0: applyTransactionOnVriDraw: vri = ViewRootImpl@383d106[MainActivity] fRS = false t = 0x7b08402000 android.view.SurfaceView.performSurfaceTransaction:959 android.view.SurfaceView.updateSurface:1105 android.view.SurfaceView.lambda$new$0$android-view-SurfaceView:200 
10-04 23:27:12.600  3949  3949 I ViewRootImpl@383d106[MainActivity]: applyTransactionOnDraw: mRemoved = false isHardwareEnabled = true t = 0x7b08402000android.view.SurfaceView.applyTransactionOnVriDraw:2048 android.view.SurfaceView.performSurfaceTransaction:959 android.view.SurfaceView.updateSurface:1105 android.view.SurfaceView.lambda$new$0$android-view-SurfaceView:200 android.view.SurfaceView$$ExternalSyntheticLambda5.onPreDraw:2 
10-04 23:27:12.600  3949  3949 I SurfaceView@95f31e0: updateSurface: mVisible = true mSurface.isValid() = true
10-04 23:27:12.600  3949  3949 I SurfaceView@95f31e0: updateSurface: mSurfaceCreated = true surfaceChanged = false visibleChanged = false
10-04 23:27:12.601  3949  3949 V SurfaceView@95f31e0: Layout: x=0 y=93 w=1080 h=525, frame=Rect(0, 0 - 1080, 525)
10-04 23:27:12.609  3949  4047 D SurfaceView@95f31e0: updateSurfacePosition RenderWorker, frameNr = 754, position = [0, 93, 1080, 618] surfaceSize = 1080x525
10-04 23:27:12.609  3949  4047 I SurfaceView@95f31e0: uSP: rtp = Rect(0, 93 - 1080, 618) rtsw = 1080 rtsh = 525
10-04 23:27:12.610  3949  4047 I SurfaceView@95f31e0: onSSPAndSRT: pl = 0 pt = 93 sx = 1.0 sy = 1.0
10-04 23:27:12.610  3949  4047 I SurfaceView@95f31e0: aOrMT: ViewRootImpl@383d106[MainActivity] t = android.view.SurfaceControl$Transaction@6eae7b8 fN = 754 android.view.SurfaceView.-$$Nest$mapplyOrMergeTransaction:0 android.view.SurfaceView$SurfaceViewPositionUpdateListener.positionChanged:1537 android.graphics.RenderNode$CompositePositionUpdateListener.positionChanged:373 
10-04 23:27:12.610  3949  4047 I ViewRootImpl@383d106[MainActivity]: mWNT: t=0x7b5ce2db00 mBlastBufferQueue=0x7b3d7d5d00 fn= 754 caller= android.view.SurfaceView.applyOrMergeTransaction:1455 android.view.SurfaceView.-$$Nest$mapplyOrMergeTransaction:0 android.view.SurfaceView$SurfaceViewPositionUpdateListener.positionChanged:1537 
10-04 23:27:12.611  3949  4047 I ViewRootImpl@383d106[MainActivity]: mWNT: t=0x7b08402000 mBlastBufferQueue=0x7b3d7d5d00 fn= 754 caller= android.view.ViewRootImpl.lambda$applyTransactionOnDraw$11$android-view-ViewRootImpl:12865 android.view.ViewRootImpl$$ExternalSyntheticLambda1.onFrameDraw:4 android.graphics.HardwareRenderer$FrameDrawingCallback.onFrameDraw:924 
10-04 23:27:12.618  3949  3949 I SurfaceView@95f31e0: Changes: creating=false format=false size=false visible=false alpha=false hint=false mUseAlpha=false visible=false left=false top=true
10-04 23:27:12.619  3949  3949 I SurfaceView@95f31e0: 157233632 Cur surface: Surface(name=null)/@0x6fd5115
10-04 23:27:12.619  3949  3949 I SurfaceView@95f31e0: applyTransactionOnVriDraw: vri = ViewRootImpl@383d106[MainActivity] fRS = false t = 0x7b08402100 android.view.SurfaceView.performSurfaceTransaction:959 android.view.SurfaceView.updateSurface:1105 android.view.SurfaceView.lambda$new$0$android-view-SurfaceView:200 
10-04 23:27:12.620  3949  3949 I ViewRootImpl@383d106[MainActivity]: applyTransactionOnDraw: mRemoved = false isHardwareEnabled = true t = 0x7b08402100android.view.SurfaceView.applyTransactionOnVriDraw:2048 android.view.SurfaceView.performSurfaceTransaction:959 android.view.SurfaceView.updateSurface:1105 android.view.SurfaceView.lambda$new$0$android-view-SurfaceView:200 android.view.SurfaceView$$ExternalSyntheticLambda5.onPreDraw:2 
10-04 23:27:12.621  3949  3949 I SurfaceView@95f31e0: updateSurface: mVisible = true mSurface.isValid() = true
10-04 23:27:12.621  3949  3949 I SurfaceView@95f31e0: updateSurface: mSurfaceCreated = true surfaceChanged = false visibleChanged = false
10-04 23:27:12.621  3949  3949 V SurfaceView@95f31e0: Layout: x=0 y=-63 w=1080 h=525, frame=Rect(0, 0 - 1080, 525)
10-04 23:27:12.630  3949  4046 D SurfaceView@95f31e0: updateSurfacePosition RenderWorker, frameNr = 755, position = [0, -63, 1080, 462] surfaceSize = 1080x525
10-04 23:27:12.630  3949  4046 I SurfaceView@95f31e0: uSP: rtp = Rect(0, -63 - 1080, 462) rtsw = 1080 rtsh = 525
10-04 23:27:12.630  3949  4046 I SurfaceView@95f31e0: onSSPAndSRT: pl = 0 pt = -63 sx = 1.0 sy = 1.0
10-04 23:27:12.631  3949  4046 I SurfaceView@95f31e0: aOrMT: ViewRootImpl@383d106[MainActivity] t = android.view.SurfaceControl$Transaction@6eae7b8 fN = 755 android.view.SurfaceView.-$$Nest$mapplyOrMergeTransaction:0 android.view.SurfaceView$SurfaceViewPositionUpdateListener.positionChanged:1537 android.graphics.RenderNode$CompositePositionUpdateListener.positionChanged:373 
10-04 23:27:12.632  3949  3949 I ViewRootImpl@383d106[MainActivity]: ViewPostIme pointer 1
10-04 23:27:12.632  3949  4046 I ViewRootImpl@383d106[MainActivity]: mWNT: t=0x7b5ce2db00 mBlastBufferQueue=0x7b3d7d5d00 fn= 755 caller= android.view.SurfaceView.applyOrMergeTransaction:1455 android.view.SurfaceView.-$$Nest$mapplyOrMergeTransaction:0 android.view.SurfaceView$SurfaceViewPositionUpdateListener.positionChanged:1537 
10-04 23:27:12.633  3949  4046 I ViewRootImpl@383d106[MainActivity]: mWNT: t=0x7b08402100 mBlastBufferQueue=0x7b3d7d5d00 fn= 755 caller= android.view.ViewRootImpl.lambda$applyTransactionOnDraw$11$android-view-ViewRootImpl:12865 android.view.ViewRootImpl$$ExternalSyntheticLambda1.onFrameDraw:4 android.graphics.HardwareRenderer$FrameDrawingCallback.onFrameDraw:924 
10-04 23:27:12.638  3949  3949 I SurfaceView@95f31e0: Changes: creating=false format=false size=false visible=false alpha=false hint=false mUseAlpha=false visible=false left=false top=true
10-04 23:27:12.638  3949  3949 I SurfaceView@95f31e0: 157233632 Cur surface: Surface(name=null)/@0x6fd5115
10-04 23:27:12.639  3949  3949 I SurfaceView@95f31e0: applyTransactionOnVriDraw: vri = ViewRootImpl@383d106[MainActivity] fRS = false t = 0x7bed6eb400 android.view.SurfaceView.performSurfaceTransaction:959 android.view.SurfaceView.updateSurface:1105 android.view.SurfaceView.lambda$new$0$android-view-SurfaceView:200 
10-04 23:27:12.639  3949  3949 I ViewRootImpl@383d106[MainActivity]: applyTransactionOnDraw: mRemoved = false isHardwareEnabled = true t = 0x7bed6eb400android.view.SurfaceView.applyTransactionOnVriDraw:2048 android.view.SurfaceView.performSurfaceTransaction:959 android.view.SurfaceView.updateSurface:1105 android.view.SurfaceView.lambda$new$0$android-view-SurfaceView:200 android.view.SurfaceView$$ExternalSyntheticLambda5.onPreDraw:2 
10-04 23:27:12.639  3949  3949 I SurfaceView@95f31e0: updateSurface: mVisible = true mSurface.isValid() = true
10-04 23:27:12.640  3949  3949 I SurfaceView@95f31e0: updateSurface: mSurfaceCreated = true surfaceChanged = false visibleChanged = false
10-04 23:27:12.640  3949  3949 V SurfaceView@95f31e0: Layout: x=0 y=-195 w=1080 h=525, frame=Rect(0, 0 - 1080, 525)
10-04 23:27:12.645  3949  4047 D SurfaceView@95f31e0: updateSurfacePosition RenderWorker, frameNr = 756, position = [0, -195, 1080, 330] surfaceSize = 1080x525
10-04 23:27:12.645  3949  4047 I SurfaceView@95f31e0: uSP: rtp = Rect(0, -195 - 1080, 330) rtsw = 1080 rtsh = 525
10-04 23:27:12.645  3949  4047 I SurfaceView@95f31e0: onSSPAndSRT: pl = 0 pt = -195 sx = 1.0 sy = 1.0
10-04 23:27:12.645  3949  4047 I SurfaceView@95f31e0: aOrMT: ViewRootImpl@383d106[MainActivity] t = android.view.SurfaceControl$Transaction@6eae7b8 fN = 756 android.view.SurfaceView.-$$Nest$mapplyOrMergeTransaction:0 android.view.SurfaceView$SurfaceViewPositionUpdateListener.positionChanged:1537 android.graphics.RenderNode$CompositePositionUpdateListener.positionChanged:373 
10-04 23:27:12.645  3949  4047 I ViewRootImpl@383d106[MainActivity]: mWNT: t=0x7b5ce2db00 mBlastBufferQueue=0x7b3d7d5d00 fn= 756 caller= android.view.SurfaceView.applyOrMergeTransaction:1455 android.view.SurfaceView.-$$Nest$mapplyOrMergeTransaction:0 android.view.SurfaceView$SurfaceViewPositionUpdateListener.positionChanged:1537 
10-04 23:27:12.646  3949  4047 I ViewRootImpl@383d106[MainActivity]: mWNT: t=0x7bed6eb400 mBlastBufferQueue=0x7b3d7d5d00 fn= 756 caller= android.view.ViewRootImpl.lambda$applyTransactionOnDraw$11$android-view-ViewRootImpl:12865 android.view.ViewRootImpl$$ExternalSyntheticLambda1.onFrameDraw:4 android.graphics.HardwareRenderer$FrameDrawingCallback.onFrameDraw:924 
10-04 23:27:12.649  3949  3949 I SurfaceView@95f31e0: Changes: creating=false format=false size=false visible=false alpha=false hint=false mUseAlpha=false visible=false left=false top=true
10-04 23:27:12.649  3949  3949 I SurfaceView@95f31e0: 157233632 Cur surface: Surface(name=null)/@0x6fd5115
10-04 23:27:12.650  3949  3949 I SurfaceView@95f31e0: applyTransactionOnVriDraw: vri = ViewRootImpl@383d106[MainActivity] fRS = false t = 0x7b3bac4700 android.view.SurfaceView.performSurfaceTransaction:959 android.view.SurfaceView.updateSurface:1105 android.view.SurfaceView.lambda$new$0$android-view-SurfaceView:200 
10-04 23:27:12.650  3949  3949 I ViewRootImpl@383d106[MainActivity]: applyTransactionOnDraw: mRemoved = false isHardwareEnabled = true t = 0x7b3bac4700android.view.SurfaceView.applyTransactionOnVriDraw:2048 android.view.SurfaceView.performSurfaceTransaction:959 android.view.SurfaceView.updateSurface:1105 android.view.SurfaceView.lambda$new$0$android-view-SurfaceView:200 android.view.SurfaceView$$ExternalSyntheticLambda5.onPreDraw:2 
10-04 23:27:12.650  3949  3949 I SurfaceView@95f31e0: updateSurface: mVisible = true mSurface.isValid() = true
10-04 23:27:12.650  3949  3949 I SurfaceView@95f31e0: updateSurface: mSurfaceCreated = true surfaceChanged = false visibleChanged = false
10-04 23:27:12.650  3949  3949 V SurfaceView@95f31e0: Layout: x=0 y=-206 w=1080 h=525, frame=Rect(0, 0 - 1080, 525)
10-04 23:27:12.654  3949  4046 D SurfaceView@95f31e0: updateSurfacePosition RenderWorker, frameNr = 757, position = [0, -206, 1080, 319] surfaceSize = 1080x525
10-04 23:27:12.654  3949  4046 I SurfaceView@95f31e0: uSP: rtp = Rect(0, -206 - 1080, 319) rtsw = 1080 rtsh = 525
10-04 23:27:12.654  3949  4046 I SurfaceView@95f31e0: onSSPAndSRT: pl = 0 pt = -206 sx = 1.0 sy = 1.0
10-04 23:27:12.654  3949  4046 I SurfaceView@95f31e0: aOrMT: ViewRootImpl@383d106[MainActivity] t = android.view.SurfaceControl$Transaction@6eae7b8 fN = 757 android.view.SurfaceView.-$$Nest$mapplyOrMergeTransaction:0 android.view.SurfaceView$SurfaceViewPositionUpdateListener.positionChanged:1537 android.graphics.RenderNode$CompositePositionUpdateListener.positionChanged:373 
10-04 23:27:12.654  3949  4046 I ViewRootImpl@383d106[MainActivity]: mWNT: t=0x7b5ce2db00 mBlastBufferQueue=0x7b3d7d5d00 fn= 757 caller= android.view.SurfaceView.applyOrMergeTransaction:1455 android.view.SurfaceView.-$$Nest$mapplyOrMergeTransaction:0 android.view.SurfaceView$SurfaceViewPositionUpdateListener.positionChanged:1537 
10-04 23:27:12.655  3949  4046 I ViewRootImpl@383d106[MainActivity]: mWNT: t=0x7b3bac4700 mBlastBufferQueue=0x7b3d7d5d00 fn= 757 caller= android.view.ViewRootImpl.lambda$applyTransactionOnDraw$11$android-view-ViewRootImpl:12865 android.view.ViewRootImpl$$ExternalSyntheticLambda1.onFrameDraw:4 android.graphics.HardwareRenderer$FrameDrawingCallback.onFrameDraw:924 
10-04 23:27:12.658  3949  3949 I SurfaceView@95f31e0: Changes: creating=false format=false size=false visible=false alpha=false hint=false mUseAlpha=false visible=false left=false top=true
10-04 23:27:12.658  3949  3949 I SurfaceView@95f31e0: 157233632 Cur surface: Surface(name=null)/@0x6fd5115
10-04 23:27:12.658  3949  3949 I SurfaceView@95f31e0: applyTransactionOnVriDraw: vri = ViewRootImpl@383d106[MainActivity] fRS = false t = 0x7b08402200 android.view.SurfaceView.performSurfaceTransaction:959 android.view.SurfaceView.updateSurface:1105 android.view.SurfaceView.lambda$new$0$android-view-SurfaceView:200 
10-04 23:27:12.658  3949  3949 I ViewRootImpl@383d106[MainActivity]: applyTransactionOnDraw: mRemoved = false isHardwareEnabled = true t = 0x7b08402200android.view.SurfaceView.applyTransactionOnVriDraw:2048 android.view.SurfaceView.performSurfaceTransaction:959 android.view.SurfaceView.updateSurface:1105 android.view.SurfaceView.lambda$new$0$android-view-SurfaceView:200 android.view.SurfaceView$$ExternalSyntheticLambda5.onPreDraw:2 
10-04 23:27:12.659  3949  3949 I SurfaceView@95f31e0: updateSurface: mVisible = true mSurface.isValid() = true
10-04 23:27:12.659  3949  3949 I SurfaceView@95f31e0: updateSurface: mSurfaceCreated = true surfaceChanged = false visibleChanged = false
10-04 23:27:12.659  3949  3949 V SurfaceView@95f31e0: Layout: x=0 y=-308 w=1080 h=525, frame=Rect(0, 0 - 1080, 525)
10-04 23:27:12.664  3949  4047 I ViewRootImpl@383d106[MainActivity]: mWNT: t=0x7b08402200 mBlastBufferQueue=0x7b3d7d5d00 fn= 758 caller= android.view.ViewRootImpl.lambda$applyTransactionOnDraw$11$android-view-ViewRootImpl:12865 android.view.ViewRootImpl$$ExternalSyntheticLambda1.onFrameDraw:4 android.graphics.HardwareRenderer$FrameDrawingCallback.onFrameDraw:924 
10-04 23:27:12.664  3949  3967 W st.cloudstream3: Checksum mismatch for dex WeCima.-1708855160.cs3
10-04 23:27:12.664  3949  3967 W st.cloudstream3: Could not merge the profile. Clearing the profile data.
10-04 23:27:12.672  3949  3949 I SurfaceView@95f31e0: Changes: creating=false format=false size=false visible=false alpha=false hint=false mUseAlpha=false visible=false left=false top=true
10-04 23:27:12.672  3949  3949 I SurfaceView@95f31e0: 157233632 Cur surface: Surface(name=null)/@0x6fd5115
10-04 23:27:12.672  3949  3949 I SurfaceView@95f31e0: applyTransactionOnVriDraw: vri = ViewRootImpl@383d106[MainActivity] fRS = false t = 0x7b08402300 android.view.SurfaceView.performSurfaceTransaction:959 android.view.SurfaceView.updateSurface:1105 android.view.SurfaceView.lambda$new$0$android-view-SurfaceView:200 
10-04 23:27:12.672  3949  3949 I ViewRootImpl@383d106[MainActivity]: applyTransactionOnDraw: mRemoved = false isHardwareEnabled = true t = 0x7b08402300android.view.SurfaceView.applyTransactionOnVriDraw:2048 android.view.SurfaceView.performSurfaceTransaction:959 android.view.SurfaceView.updateSurface:1105 android.view.SurfaceView.lambda$new$0$android-view-SurfaceView:200 android.view.SurfaceView$$ExternalSyntheticLambda5.onPreDraw:2 
10-04 23:27:12.672  3949  3949 I SurfaceView@95f31e0: updateSurface: mVisible = true mSurface.isValid() = true
10-04 23:27:12.672  3949  3949 I SurfaceView@95f31e0: updateSurface: mSurfaceCreated = true surfaceChanged = false visibleChanged = false
10-04 23:27:12.673  3949  3949 V SurfaceView@95f31e0: Layout: x=0 y=-455 w=1080 h=525, frame=Rect(0, 0 - 1080, 525)
10-04 23:27:12.679  3949  4046 D SurfaceView@95f31e0: updateSurfacePosition RenderWorker, frameNr = 759, position = [0, -455, 1080, 70] surfaceSize = 1080x525
10-04 23:27:12.679  3949  4046 I SurfaceView@95f31e0: uSP: rtp = Rect(0, -455 - 1080, 70) rtsw = 1080 rtsh = 525
10-04 23:27:12.679  3949  4046 I SurfaceView@95f31e0: onSSPAndSRT: pl = 0 pt = -455 sx = 1.0 sy = 1.0
10-04 23:27:12.679  3949  4046 I SurfaceView@95f31e0: aOrMT: ViewRootImpl@383d106[MainActivity] t = android.view.SurfaceControl$Transaction@6eae7b8 fN = 759 android.view.SurfaceView.-$$Nest$mapplyOrMergeTransaction:0 android.view.SurfaceView$SurfaceViewPositionUpdateListener.positionChanged:1537 android.graphics.RenderNode$CompositePositionUpdateListener.positionChanged:373 
10-04 23:27:12.679  3949  4046 I ViewRootImpl@383d106[MainActivity]: mWNT: t=0x7b5ce2db00 mBlastBufferQueue=0x7b3d7d5d00 fn= 759 caller= android.view.SurfaceView.applyOrMergeTransaction:1455 android.view.SurfaceView.-$$Nest$mapplyOrMergeTransaction:0 android.view.SurfaceView$SurfaceViewPositionUpdateListener.positionChanged:1537 
10-04 23:27:12.679  3949  4046 I ViewRootImpl@383d106[MainActivity]: mWNT: t=0x7b08402300 mBlastBufferQueue=0x7b3d7d5d00 fn= 759 caller= android.view.ViewRootImpl.lambda$applyTransactionOnDraw$11$android-view-ViewRootImpl:12865 android.view.ViewRootImpl$$ExternalSyntheticLambda1.onFrameDraw:4 android.graphics.HardwareRenderer$FrameDrawingCallback.onFrameDraw:924 
10-04 23:27:12.689  3949  3949 I SurfaceView@95f31e0: Changes: creating=false format=false size=false visible=false alpha=false hint=false mUseAlpha=false visible=false left=false top=true
10-04 23:27:12.689  3949  3949 I SurfaceView@95f31e0: 157233632 Cur surface: Surface(name=null)/@0x6fd5115
10-04 23:27:12.690  3949  3949 I SurfaceView@95f31e0: applyTransactionOnVriDraw: vri = ViewRootImpl@383d106[MainActivity] fRS = false t = 0x7b3b8e3c00 android.view.SurfaceView.performSurfaceTransaction:959 android.view.SurfaceView.updateSurface:1105 android.view.SurfaceView.lambda$new$0$android-view-SurfaceView:200 
10-04 23:27:12.690  3949  3949 I ViewRootImpl@383d106[MainActivity]: applyTransactionOnDraw: mRemoved = false isHardwareEnabled = true t = 0x7b3b8e3c00android.view.SurfaceView.applyTransactionOnVriDraw:2048 android.view.SurfaceView.performSurfaceTransaction:959 android.view.SurfaceView.updateSurface:1105 android.view.SurfaceView.lambda$new$0$android-view-SurfaceView:200 android.view.SurfaceView$$ExternalSyntheticLambda5.onPreDraw:2 
10-04 23:27:12.690  3949  3949 I SurfaceView@95f31e0: updateSurface: mVisible = true mSurface.isValid() = true
10-04 23:27:12.690  3949  3949 I SurfaceView@95f31e0: updateSurface: mSurfaceCreated = true surfaceChanged = false visibleChanged = false
10-04 23:27:12.690  3949  3949 V SurfaceView@95f31e0: Layout: x=0 y=-609 w=1080 h=525, frame=Rect(0, 0 - 1080, 525)
10-04 23:27:12.690  3949  3967 W st.cloudstream3: Failed to flush directory /data/misc/profiles/cur/0/com.lagradost.cloudstream3: Permission denied
10-04 23:27:12.696  3949  4047 D SurfaceView@95f31e0: updateSurfacePosition RenderWorker, frameNr = 760, position = [0, -609, 1080, -84] surfaceSize = 1080x525
10-04 23:27:12.696  3949  4047 I SurfaceView@95f31e0: uSP: rtp = Rect(0, -609 - 1080, -84) rtsw = 1080 rtsh = 525
10-04 23:27:12.696  3949  4047 I SurfaceView@95f31e0: onSSPAndSRT: pl = 0 pt = -609 sx = 1.0 sy = 1.0
10-04 23:27:12.696  3949  4047 I SurfaceView@95f31e0: aOrMT: ViewRootImpl@383d106[MainActivity] t = android.view.SurfaceControl$Transaction@6eae7b8 fN = 760 android.view.SurfaceView.-$$Nest$mapplyOrMergeTransaction:0 android.view.SurfaceView$SurfaceViewPositionUpdateListener.positionChanged:1537 android.graphics.RenderNode$CompositePositionUpdateListener.positionChanged:373 
10-04 23:27:12.696  3949  4047 I ViewRootImpl@383d106[MainActivity]: mWNT: t=0x7b5ce2db00 mBlastBufferQueue=0x7b3d7d5d00 fn= 760 caller= android.view.SurfaceView.applyOrMergeTransaction:1455 android.view.SurfaceView.-$$Nest$mapplyOrMergeTransaction:0 android.view.SurfaceView$SurfaceViewPositionUpdateListener.positionChanged:1537 
10-04 23:27:12.696  3949  4047 I ViewRootImpl@383d106[MainActivity]: mWNT: t=0x7b3b8e3c00 mBlastBufferQueue=0x7b3d7d5d00 fn= 760 caller= android.view.ViewRootImpl.lambda$applyTransactionOnDraw$11$android-view-ViewRootImpl:12865 android.view.ViewRootImpl$$ExternalSyntheticLambda1.onFrameDraw:4 android.graphics.HardwareRenderer$FrameDrawingCallback.onFrameDraw:924 
10-04 23:27:13.314  3949  3949 I ViewRootImpl@383d106[MainActivity]: ViewPostIme pointer 0
10-04 23:27:13.827  3949  3949 I Dialog  : mIsDeviceDefault = false, mIsSamsungBasicInteraction = false, isMetaDataInActivity = false
10-04 23:27:13.845  3949  3949 I DecorView: [INFO] isPopOver=false config=false
10-04 23:27:13.845  3949  3949 I DecorView: updateCaptionType: isFloating=false isApplication=true hasWindowDecorCaption=false this=DecorView@1f10f51[]
10-04 23:27:13.845  3949  3949 D DecorView: setCaptionType = 0, this = DecorView@1f10f51[]
10-04 23:27:13.847  3949  3949 I DecorView: getCurrentDensityDpi: from app context. densityDpi=420 msg=resources_loaded
10-04 23:27:13.847  3949  3949 I DecorView: setWindowBackground: isPopOver=false color=0 d=android.graphics.drawable.ColorDrawable@63418b7
10-04 23:27:13.854  3949  3972 D NativeCustomFrequencyManager: [NativeCFMS] BpCustomFrequencyManager::BpCustomFrequencyManager()
10-04 23:27:13.855  3949  3949 I DecorView: notifyKeepScreenOnChanged: keepScreenOn=false
10-04 23:27:13.869  3949  3949 D InsetsController: onStateChanged: InsetsState: {mDisplayFrame=Rect(0, 0 - 1080, 2400), mDisplayCutout=DisplayCutout{insets=Rect(0, 88 - 0, 0) waterfall=Insets{left=0, top=0, right=0, bottom=0} boundingRect={Bounds=[Rect(0, 0 - 0, 0), Rect(512, 0 - 568, 88), Rect(0, 0 - 0, 0), Rect(0, 0 - 0, 0)]} cutoutPathParserInfo={CutoutPathParserInfo{displayWidth=1080 displayHeight=2400 physicalDisplayWidth=1080 physicalDisplayHeight=2400 density={2.625} cutoutSpec={M 0,0 M 0,12.25101276465640 a 10.60613009248640,10.60613009248640 0 1,0 0,21.21226018497290 a 10.60613009248640,10.60613009248640 0 1,0 0,-21.21226018497290 Z @dp} rotation={0} scale={1.0} physicalPixelDisplaySizeRatio={1.0}}}}, mRoundedCorners=RoundedCorners{[RoundedCorner{position=TopLeft, radius=84, center=Point(84, 84)}, RoundedCorner{position=TopRight, radius=84, center=Point(996, 84)}, RoundedCorner{position=BottomRight, radius=84, center=Point(996, 2316)}, RoundedCorner{position=BottomLeft, radius=84, center=Point(84, 2316)}]}  mRoundedCornerFrame=Rect(0, 0 - 1080, 2400), mPrivacyIndicatorBounds=PrivacyIndicatorBounds {static bounds=Rect(964, 0 - 1080, 87) rotation=0}, mSources= { InsetsSource: {mType=ITYPE_STATUS_BAR, mFrame=[0,0][1080,88], mVisible=true, mInsetsRoundedCornerFrame=false}, InsetsSource: {mType=ITYPE_NAVIGATION_BAR, mFrame=[0,2361][1080,2400], mVisible=true, mInsetsRoundedCornerFrame=false}, InsetsSource: {mType=ITYPE_LEFT_GESTURES, mFrame=[0,0][130,2400], mVisible=true, mInsetsRoundedCornerFrame=false}, InsetsSource: {mType=ITYPE_RIGHT_GESTURES, mFrame=[950,0][1080,2400], mVisible=true, mInsetsRoundedCornerFrame=false}, InsetsSource: {mType=ITYPE_TOP_MANDATORY_GESTURES, mFrame=[0,0][1080,120], mVisible=true, mInsetsRoundedCornerFrame=false}, InsetsSource: {mType=ITYPE_BOTTOM_MANDATORY_GESTURES, mFrame=[0,2316][1080,2400], mVisible=true, mInsetsRoundedCornerFrame=false}, InsetsSource: {mType=ITYPE_LEFT_DISPLAY_CUTOUT, mFrame=[0,0][-100000,2400], mVisible=true, mInsetsRoundedCornerFrame=false}, InsetsSource: {mType=ITYPE_TOP_DISPLAY_CUTOUT, mFrame=[0,0][1080,88], mVisible=true, mInsetsRoundedCornerFrame=false}, InsetsSource: {mType=ITYPE_RIGHT_DISPLAY_CUTOUT, mFrame=[100000,0][1080,2400], mVisible=true, mInsetsRoundedCornerFrame=false}, InsetsSource: {mType=ITYPE_BOTTOM_DISPLAY_CUTOUT, mFrame=[0,100000][1080,2400], mVisible=true, mInsetsRoundedCornerFrame=false}, InsetsSource: {mType=ITYPE_TOP_TAPPABLE_ELEMENT, mFrame=[0,0][1080,88], mVisible=true, mInsetsRoundedCornerFrame=false}, InsetsSource: {mType=ITYPE_BOTTOM_TAPPABLE_ELEMENT, mFrame=[0,0][0,0], mVisible=true, mInsetsRoundedCornerFrame=false}, InsetsSource: {mType=ITYPE_IME, mFrame=[0,0][0,0], mVisible=false, mInsetsRoundedCornerFrame=false} } host=com.lagradost.cloudstream3/com.lagradost.cloudstream3.MainActivity from=android.view.ViewRootImpl.setView:1732
10-04 23:27:13.870  3949  3949 I ViewRootImpl@928a7bc[MainActivity]: setView = com.android.internal.policy.DecorView@1f10f51 TM=true
10-04 23:27:13.885  3949  3949 I ViewRootImpl@928a7bc[MainActivity]: performTraversals params={(0,0)(fillxfill) gr=CENTER sim={adjust=resize forwardNavigation} ty=APPLICATION fmt=TRANSPARENT wanim=0x7f14000b
10-04 23:27:13.885  3949  3949 I ViewRootImpl@928a7bc[MainActivity]:   fl=85810100
10-04 23:27:13.885  3949  3949 I ViewRootImpl@928a7bc[MainActivity]:   pfl=12020040
10-04 23:27:13.885  3949  3949 I ViewRootImpl@928a7bc[MainActivity]:   vsysui=500
10-04 23:27:13.885  3949  3949 I ViewRootImpl@928a7bc[MainActivity]:   bhv=DEFAULT
10-04 23:27:13.885  3949  3949 I ViewRootImpl@928a7bc[MainActivity]:   fitSides= naviIconColor=0}
10-04 23:27:13.886  3949  3949 I ViewRootImpl@928a7bc[MainActivity]: performTraversals mFirst=true windowShouldResize=true viewVisibilityChanged=false mForceNextWindowRelayout=false params={(0,0)(fillxfill) gr=CENTER sim={adjust=resize forwardNavigation} ty=APPLICATION fmt=TRANSPARENT wanim=0x7f14000b
10-04 23:27:13.886  3949  3949 I ViewRootImpl@928a7bc[MainActivity]:   fl=85810100
10-04 23:27:13.886  3949  3949 I ViewRootImpl@928a7bc[MainActivity]:   pfl=12020040
10-04 23:27:13.886  3949  3949 I ViewRootImpl@928a7bc[MainActivity]:   vsysui=500
10-04 23:27:13.886  3949  3949 I ViewRootImpl@928a7bc[MainActivity]:   bhv=DEFAULT
10-04 23:27:13.886  3949  3949 I ViewRootImpl@928a7bc[MainActivity]:   fitSides= naviIconColor=0}
10-04 23:27:13.897  3949  3949 I ViewRootImpl@928a7bc[MainActivity]: updateBlastSurfaceIfNeeded mBlastBufferQueue=null isSameSurfaceControl=false
10-04 23:27:13.898  3949  3949 I BLASTBufferQueue: new BLASTBufferQueue, mName= ViewRootImpl@928a7bc[MainActivity] mNativeObject= 0x7b1e20af00 sc.mNativeObject= 0x7af1eec1a0 caller= android.view.ViewRootImpl.updateBlastSurfaceIfNeeded:2909 android.view.ViewRootImpl.relayoutWindow:9847 android.view.ViewRootImpl.performTraversals:3884 android.view.ViewRootImpl.doTraversal:3116 android.view.ViewRootImpl$TraversalRunnable.run:10885 android.view.Choreographer$CallbackRecord.run:1301 android.view.Choreographer$CallbackRecord.run:1309 android.view.Choreographer.doCallbacks:923 android.view.Choreographer.doFrame:852 android.view.Choreographer$FrameDisplayEventReceiver.run:1283 
10-04 23:27:13.898  3949  3949 I BLASTBufferQueue: update, w= 1080 h= 2400 mName = ViewRootImpl@928a7bc[MainActivity] mNativeObject= 0x7b1e20af00 sc.mNativeObject= 0x7af1eec1a0 format= -2 caller= android.graphics.BLASTBufferQueue.<init>:84 android.view.ViewRootImpl.updateBlastSurfaceIfNeeded:2909 android.view.ViewRootImpl.relayoutWindow:9847 android.view.ViewRootImpl.performTraversals:3884 android.view.ViewRootImpl.doTraversal:3116 android.view.ViewRootImpl$TraversalRunnable.run:10885 
10-04 23:27:13.899  3949  3949 I ViewRootImpl@928a7bc[MainActivity]: Relayout returned: old=(0,0,1080,2400) new=(0,0,1080,2400) req=(1080,2400)0 dur=11 res=0x3 s={true 0x7b3bc6a000} ch=true seqId=0
10-04 23:27:13.900  3949  3949 I ViewRootImpl@928a7bc[MainActivity]: mThreadedRenderer.initialize() mSurface={isValid=true 0x7b3bc6a000} hwInitialized=true
10-04 23:27:13.901  3949  3972 D OpenGLRenderer: eglCreateWindowSurface
10-04 23:27:13.926  3949  3949 D AbsListView:  in onLayout changed 
10-04 23:27:13.927  3949  3949 I ViewRootImpl@928a7bc[MainActivity]: reportNextDraw android.view.ViewRootImpl.performTraversals:4438 android.view.ViewRootImpl.doTraversal:3116 android.view.ViewRootImpl$TraversalRunnable.run:10885 android.view.Choreographer$CallbackRecord.run:1301 android.view.Choreographer$CallbackRecord.run:1309 
10-04 23:27:13.927  3949  3949 I ViewRootImpl@928a7bc[MainActivity]: Setup new sync id=0
10-04 23:27:13.927  3949  3949 I ViewRootImpl@928a7bc[MainActivity]: Setting syncFrameCallback
10-04 23:27:13.927  3949  3949 I ViewRootImpl@928a7bc[MainActivity]: registerCallbacksForSync syncBuffer=false
10-04 23:27:13.931  3949  4046 I ViewRootImpl@928a7bc[MainActivity]: Received frameDrawingCallback syncResult=0 frameNum=1.
10-04 23:27:13.931  3949  4046 I ViewRootImpl@928a7bc[MainActivity]: Setting up sync and frameCommitCallback
10-04 23:27:13.935  3949  3972 I BLASTBufferQueue: [ViewRootImpl@928a7bc[MainActivity]#9](f:0,a:0) onFrameAvailable the first frame is available
10-04 23:27:13.936  3949  3972 I ViewRootImpl@928a7bc[MainActivity]: Received frameCommittedCallback lastAttemptedDrawFrameNum=1 didProduceBuffer=true
10-04 23:27:13.937  3949  3972 D OpenGLRenderer: CFMS:: SetUp Pid : 3949    Tid : 3972
10-04 23:27:13.940  3949  3949 I ViewRootImpl@928a7bc[MainActivity]: onSyncComplete
10-04 23:27:13.940  3949  3949 I ViewRootImpl@928a7bc[MainActivity]: setupSync seqId=0 mSyncId=0 fn=1 caller=android.view.ViewRootImpl$$ExternalSyntheticLambda11.accept:6 android.window.SurfaceSyncer.lambda$setupSync$1$android-window-SurfaceSyncer:128 android.window.SurfaceSyncer$$ExternalSyntheticLambda1.accept:8 android.window.SurfaceSyncer$SyncSet.checkIfSyncIsComplete:382 android.window.SurfaceSyncer$SyncSet.markSyncReady:359 android.window.SurfaceSyncer.markSyncReady:151 android.view.ViewRootImpl.performTraversals:4503 
10-04 23:27:13.948  3949  3949 I ViewRootImpl@383d106[MainActivity]: ViewPostIme pointer 1
10-04 23:27:13.948  3949  3949 I ViewRootImpl@928a7bc[MainActivity]: reportDrawFinished seqId=0 mSyncId=-1 fn=1 mSurfaceChangedTransaction=0x7b3bae9c00
10-04 23:27:13.956  3949  3949 I ViewRootImpl@383d106[MainActivity]: MSG_WINDOW_FOCUS_CHANGED 0 0
10-04 23:27:14.006  3949  3949 I ViewRootImpl@928a7bc[MainActivity]: MSG_WINDOW_FOCUS_CHANGED 1 0
10-04 23:27:14.006  3949  3949 I ViewRootImpl@928a7bc[MainActivity]: mThreadedRenderer.initializeIfNeeded()#2 mSurface={isValid=true 0x7b3bc6a000}
10-04 23:27:14.007  3949  3949 D InputMethodManager: startInputInner - Id : 0
10-04 23:27:14.007  3949  3949 I InputMethodManager: startInputInner - mService.startInputOrWindowGainedFocus
10-04 23:27:14.695  3949  3949 I ViewRootImpl@928a7bc[MainActivity]: ViewPostIme pointer 0
10-04 23:27:14.744  3949  3949 I ViewRootImpl@928a7bc[MainActivity]: ViewPostIme pointer 1
10-04 23:27:14.745  3949  3949 D AbsListView: onTouchUp() mTouchMode : 0
10-04 23:27:14.815  3949  3949 I MSHandlerLifeCycle: removeMultiSplitHandler: no exist. decor=DecorView@1f10f51[MainActivity]
10-04 23:27:14.816  3949  3972 D OpenGLRenderer: setSurface called with nullptr
10-04 23:27:14.817  3949  3972 D OpenGLRenderer: setSurface() destroyed EGLSurface
10-04 23:27:14.817  3949  3972 D OpenGLRenderer: destroyEglSurface
10-04 23:27:14.818  3949  3972 D OpenGLRenderer: endAllActiveAnimators on 0x7af2153300 (MaterialTextView) with handle 0x7af227cc80
10-04 23:27:14.818  3949  3949 I ViewRootImpl@928a7bc[MainActivity]: dispatchDetachedFromWindow
10-04 23:27:14.836  3949  3949 D InputTransport: Input channel destroyed: '48bc7dc', fd=144
10-04 23:27:14.838  3949  3949 I Dialog  : mIsDeviceDefault = false, mIsSamsungBasicInteraction = false, isMetaDataInActivity = false
10-04 23:27:14.868  3949  3949 I DecorView: [INFO] isPopOver=false config=false
10-04 23:27:14.868  3949  3949 I DecorView: updateCaptionType: isFloating=false isApplication=true hasWindowDecorCaption=false this=DecorView@e9a2131[]
10-04 23:27:14.868  3949  3949 D DecorView: setCaptionType = 0, this = DecorView@e9a2131[]
10-04 23:27:14.870  3949  3949 I DecorView: getCurrentDensityDpi: from app context. densityDpi=420 msg=resources_loaded
10-04 23:27:14.870  3949  3949 I DecorView: setWindowBackground: isPopOver=false color=0 d=android.graphics.drawable.ColorDrawable@c0d2d97
10-04 23:27:14.877  3949  3972 D NativeCustomFrequencyManager: [NativeCFMS] BpCustomFrequencyManager::BpCustomFrequencyManager()
10-04 23:27:14.877  3949  3949 I DecorView: notifyKeepScreenOnChanged: keepScreenOn=false
10-04 23:27:14.889  3949  3949 D InsetsController: onStateChanged: InsetsState: {mDisplayFrame=Rect(0, 0 - 1080, 2400), mDisplayCutout=DisplayCutout{insets=Rect(0, 88 - 0, 0) waterfall=Insets{left=0, top=0, right=0, bottom=0} boundingRect={Bounds=[Rect(0, 0 - 0, 0), Rect(512, 0 - 568, 88), Rect(0, 0 - 0, 0), Rect(0, 0 - 0, 0)]} cutoutPathParserInfo={CutoutPathParserInfo{displayWidth=1080 displayHeight=2400 physicalDisplayWidth=1080 physicalDisplayHeight=2400 density={2.625} cutoutSpec={M 0,0 M 0,12.25101276465640 a 10.60613009248640,10.60613009248640 0 1,0 0,21.21226018497290 a 10.60613009248640,10.60613009248640 0 1,0 0,-21.21226018497290 Z @dp} rotation={0} scale={1.0} physicalPixelDisplaySizeRatio={1.0}}}}, mRoundedCorners=RoundedCorners{[RoundedCorner{position=TopLeft, radius=84, center=Point(84, 84)}, RoundedCorner{position=TopRight, radius=84, center=Point(996, 84)}, RoundedCorner{position=BottomRight, radius=84, center=Point(996, 2316)}, RoundedCorner{position=BottomLeft, radius=84, center=Point(84, 2316)}]}  mRoundedCornerFrame=Rect(0, 0 - 1080, 2400), mPrivacyIndicatorBounds=PrivacyIndicatorBounds {static bounds=Rect(964, 0 - 1080, 87) rotation=0}, mSources= { InsetsSource: {mType=ITYPE_STATUS_BAR, mFrame=[0,0][1080,88], mVisible=true, mInsetsRoundedCornerFrame=false}, InsetsSource: {mType=ITYPE_NAVIGATION_BAR, mFrame=[0,2361][1080,2400], mVisible=true, mInsetsRoundedCornerFrame=false}, InsetsSource: {mType=ITYPE_LEFT_GESTURES, mFrame=[0,0][130,2400], mVisible=true, mInsetsRoundedCornerFrame=false}, InsetsSource: {mType=ITYPE_RIGHT_GESTURES, mFrame=[950,0][1080,2400], mVisible=true, mInsetsRoundedCornerFrame=false}, InsetsSource: {mType=ITYPE_TOP_MANDATORY_GESTURES, mFrame=[0,0][1080,120], mVisible=true, mInsetsRoundedCornerFrame=false}, InsetsSource: {mType=ITYPE_BOTTOM_MANDATORY_GESTURES, mFrame=[0,2316][1080,2400], mVisible=true, mInsetsRoundedCornerFrame=false}, InsetsSource: {mType=ITYPE_LEFT_DISPLAY_CUTOUT, mFrame=[0,0][-100000,2400], mVisible=true, mInsetsRoundedCornerFrame=false}, InsetsSource: {mType=ITYPE_TOP_DISPLAY_CUTOUT, mFrame=[0,0][1080,88], mVisible=true, mInsetsRoundedCornerFrame=false}, InsetsSource: {mType=ITYPE_RIGHT_DISPLAY_CUTOUT, mFrame=[100000,0][1080,2400], mVisible=true, mInsetsRoundedCornerFrame=false}, InsetsSource: {mType=ITYPE_BOTTOM_DISPLAY_CUTOUT, mFrame=[0,100000][1080,2400], mVisible=true, mInsetsRoundedCornerFrame=false}, InsetsSource: {mType=ITYPE_TOP_TAPPABLE_ELEMENT, mFrame=[0,0][1080,88], mVisible=true, mInsetsRoundedCornerFrame=false}, InsetsSource: {mType=ITYPE_BOTTOM_TAPPABLE_ELEMENT, mFrame=[0,0][0,0], mVisible=true, mInsetsRoundedCornerFrame=false}, InsetsSource: {mType=ITYPE_IME, mFrame=[0,0][0,0], mVisible=false, mInsetsRoundedCornerFrame=false} } host=com.lagradost.cloudstream3/com.lagradost.cloudstream3.MainActivity from=android.view.ViewRootImpl.setView:1732
10-04 23:27:14.890  3949  3949 I ViewRootImpl@27d71c[MainActivity]: setView = com.android.internal.policy.DecorView@e9a2131 TM=true
10-04 23:27:14.897  3949  3949 I ViewRootImpl@27d71c[MainActivity]: performTraversals params={(0,0)(fillxfill) gr=CENTER sim={adjust=pan forwardNavigation} ty=APPLICATION fmt=TRANSPARENT wanim=0x7f14000b
10-04 23:27:14.897  3949  3949 I ViewRootImpl@27d71c[MainActivity]:   fl=85810100
10-04 23:27:14.897  3949  3949 I ViewRootImpl@27d71c[MainActivity]:   pfl=12020040
10-04 23:27:14.897  3949  3949 I ViewRootImpl@27d71c[MainActivity]:   vsysui=500
10-04 23:27:14.897  3949  3949 I ViewRootImpl@27d71c[MainActivity]:   bhv=DEFAULT
10-04 23:27:14.897  3949  3949 I ViewRootImpl@27d71c[MainActivity]:   fitSides= naviIconColor=0}
10-04 23:27:14.897  3949  3949 I ViewRootImpl@27d71c[MainActivity]: performTraversals mFirst=true windowShouldResize=true viewVisibilityChanged=false mForceNextWindowRelayout=false params={(0,0)(fillxfill) gr=CENTER sim={adjust=pan forwardNavigation} ty=APPLICATION fmt=TRANSPARENT wanim=0x7f14000b
10-04 23:27:14.897  3949  3949 I ViewRootImpl@27d71c[MainActivity]:   fl=85810100
10-04 23:27:14.897  3949  3949 I ViewRootImpl@27d71c[MainActivity]:   pfl=12020040
10-04 23:27:14.897  3949  3949 I ViewRootImpl@27d71c[MainActivity]:   vsysui=500
10-04 23:27:14.897  3949  3949 I ViewRootImpl@27d71c[MainActivity]:   bhv=DEFAULT
10-04 23:27:14.897  3949  3949 I ViewRootImpl@27d71c[MainActivity]:   fitSides= naviIconColor=0}
10-04 23:27:14.907  3949  3949 I ViewRootImpl@27d71c[MainActivity]: updateBlastSurfaceIfNeeded mBlastBufferQueue=null isSameSurfaceControl=false
10-04 23:27:14.908  3949  3949 I BLASTBufferQueue: new BLASTBufferQueue, mName= ViewRootImpl@27d71c[MainActivity] mNativeObject= 0x7b1e20c100 sc.mNativeObject= 0x7af1fd7060 caller= android.view.ViewRootImpl.updateBlastSurfaceIfNeeded:2909 android.view.ViewRootImpl.relayoutWindow:9847 android.view.ViewRootImpl.performTraversals:3884 android.view.ViewRootImpl.doTraversal:3116 android.view.ViewRootImpl$TraversalRunnable.run:10885 android.view.Choreographer$CallbackRecord.run:1301 android.view.Choreographer$CallbackRecord.run:1309 android.view.Choreographer.doCallbacks:923 android.view.Choreographer.doFrame:852 android.view.Choreographer$FrameDisplayEventReceiver.run:1283 
10-04 23:27:14.908  3949  3949 I BLASTBufferQueue: update, w= 1080 h= 2400 mName = ViewRootImpl@27d71c[MainActivity] mNativeObject= 0x7b1e20c100 sc.mNativeObject= 0x7af1fd7060 format= -2 caller= android.graphics.BLASTBufferQueue.<init>:84 android.view.ViewRootImpl.updateBlastSurfaceIfNeeded:2909 android.view.ViewRootImpl.relayoutWindow:9847 android.view.ViewRootImpl.performTraversals:3884 android.view.ViewRootImpl.doTraversal:3116 android.view.ViewRootImpl$TraversalRunnable.run:10885 
10-04 23:27:14.909  3949  3949 I ViewRootImpl@27d71c[MainActivity]: Relayout returned: old=(0,0,1080,2400) new=(0,0,1080,2400) req=(1080,2400)0 dur=10 res=0x3 s={true 0x7b3bc6a000} ch=true seqId=0
10-04 23:27:14.910  3949  3949 I ViewRootImpl@27d71c[MainActivity]: mThreadedRenderer.initialize() mSurface={isValid=true 0x7b3bc6a000} hwInitialized=true
10-04 23:27:14.910  3949  3972 D OpenGLRenderer: eglCreateWindowSurface
10-04 23:27:14.914  3949  3949 I ViewRootImpl@27d71c[MainActivity]: reportNextDraw android.view.ViewRootImpl.performTraversals:4438 android.view.ViewRootImpl.doTraversal:3116 android.view.ViewRootImpl$TraversalRunnable.run:10885 android.view.Choreographer$CallbackRecord.run:1301 android.view.Choreographer$CallbackRecord.run:1309 
10-04 23:27:14.914  3949  3949 I ViewRootImpl@27d71c[MainActivity]: Setup new sync id=0
10-04 23:27:14.914  3949  3949 I ViewRootImpl@27d71c[MainActivity]: Setting syncFrameCallback
10-04 23:27:14.914  3949  3949 I ViewRootImpl@27d71c[MainActivity]: registerCallbacksForSync syncBuffer=false
10-04 23:27:14.916  3949  4047 I ViewRootImpl@27d71c[MainActivity]: Received frameDrawingCallback syncResult=0 frameNum=1.
10-04 23:27:14.916  3949  4047 I ViewRootImpl@27d71c[MainActivity]: Setting up sync and frameCommitCallback
10-04 23:27:14.923  3949  3972 I BLASTBufferQueue: [ViewRootImpl@27d71c[MainActivity]#10](f:0,a:0) onFrameAvailable the first frame is available
10-04 23:27:14.923  3949  3972 I ViewRootImpl@27d71c[MainActivity]: Received frameCommittedCallback lastAttemptedDrawFrameNum=1 didProduceBuffer=true
10-04 23:27:14.924  3949  3972 D OpenGLRenderer: CFMS:: SetUp Pid : 3949    Tid : 3972
10-04 23:27:14.927  3949  3949 I ViewRootImpl@27d71c[MainActivity]: onSyncComplete
10-04 23:27:14.928  3949  3949 I ViewRootImpl@27d71c[MainActivity]: setupSync seqId=0 mSyncId=0 fn=1 caller=android.view.ViewRootImpl$$ExternalSyntheticLambda11.accept:6 android.window.SurfaceSyncer.lambda$setupSync$1$android-window-SurfaceSyncer:128 android.window.SurfaceSyncer$$ExternalSyntheticLambda1.accept:8 android.window.SurfaceSyncer$SyncSet.checkIfSyncIsComplete:382 android.window.SurfaceSyncer$SyncSet.markSyncReady:359 android.window.SurfaceSyncer.markSyncReady:151 android.view.ViewRootImpl.performTraversals:4503 
10-04 23:27:14.928  3949  3949 I ViewRootImpl@27d71c[MainActivity]: reportDrawFinished seqId=0 mSyncId=-1 fn=1 mSurfaceChangedTransaction=0x7afc7b7e00
10-04 23:27:14.929  3949  3949 D InsetsController: onStateChanged: InsetsState: {mDisplayFrame=Rect(0, 0 - 1080, 2400), mDisplayCutout=DisplayCutout{insets=Rect(0, 88 - 0, 0) waterfall=Insets{left=0, top=0, right=0, bottom=0} boundingRect={Bounds=[Rect(0, 0 - 0, 0), Rect(512, 0 - 568, 88), Rect(0, 0 - 0, 0), Rect(0, 0 - 0, 0)]} cutoutPathParserInfo={CutoutPathParserInfo{displayWidth=1080 displayHeight=2400 physicalDisplayWidth=1080 physicalDisplayHeight=2400 density={2.625} cutoutSpec={M 0,0 M 0,12.25101276465640 a 10.60613009248640,10.60613009248640 0 1,0 0,21.21226018497290 a 10.60613009248640,10.60613009248640 0 1,0 0,-21.21226018497290 Z @dp} rotation={0} scale={1.0} physicalPixelDisplaySizeRatio={1.0}}}}, mRoundedCorners=RoundedCorners{[RoundedCorner{position=TopLeft, radius=84, center=Point(84, 84)}, RoundedCorner{position=TopRight, radius=84, center=Point(996, 84)}, RoundedCorner{position=BottomRight, radius=84, center=Point(996, 2316)}, RoundedCorner{position=BottomLeft, radius=84, center=Point(84, 2316)}]}  mRoundedCornerFrame=Rect(0, 0 - 1080, 2400), mPrivacyIndicatorBounds=PrivacyIndicatorBounds {static bounds=Rect(964, 0 - 1080, 87) rotation=0}, mSources= { InsetsSource: {mType=ITYPE_STATUS_BAR, mFrame=[0,0][1080,88], mVisible=true, mInsetsRoundedCornerFrame=false}, InsetsSource: {mType=ITYPE_NAVIGATION_BAR, mFrame=[0,2361][1080,2400], mVisible=true, mInsetsRoundedCornerFrame=false}, InsetsSource: {mType=ITYPE_LEFT_GESTURES, mFrame=[0,0][130,2400], mVisible=true, mInsetsRoundedCornerFrame=false}, InsetsSource: {mType=ITYPE_RIGHT_GESTURES, mFrame=[950,0][1080,2400], mVisible=true, mInsetsRoundedCornerFrame=false}, InsetsSource: {mType=ITYPE_TOP_MANDATORY_GESTURES, mFrame=[0,0][1080,120], mVisible=true, mInsetsRoundedCornerFrame=false}, InsetsSource: {mType=ITYPE_BOTTOM_MANDATORY_GESTURES, mFrame=[0,2316][1080,2400], mVisible=true, mInsetsRoundedCornerFrame=false}, InsetsSource: {mType=ITYPE_LEFT_DISPLAY_CUTOUT, mFrame=[0,0][-100000,2400], mVisible=true, mInsetsRoundedCornerFrame=false}, InsetsSource: {mType=ITYPE_TOP_DISPLAY_CUTOUT, mFrame=[0,0][1080,88], mVisible=true, mInsetsRoundedCornerFrame=false}, InsetsSource: {mType=ITYPE_RIGHT_DISPLAY_CUTOUT, mFrame=[100000,0][1080,2400], mVisible=true, mInsetsRoundedCornerFrame=false}, InsetsSource: {mType=ITYPE_BOTTOM_DISPLAY_CUTOUT, mFrame=[0,100000][1080,2400], mVisible=true, mInsetsRoundedCornerFrame=false}, InsetsSource: {mType=ITYPE_TOP_TAPPABLE_ELEMENT, mFrame=[0,0][1080,88], mVisible=true, mInsetsRoundedCornerFrame=false}, InsetsSource: {mType=ITYPE_BOTTOM_TAPPABLE_ELEMENT, mFrame=[0,0][0,0], mVisible=true, mInsetsRoundedCornerFrame=false} } host=com.lagradost.cloudstream3/com.lagradost.cloudstream3.MainActivity from=android.view.ViewRootImpl$ViewRootHandler.handleMessageImpl:6740
10-04 23:27:14.932  3949  3949 I ViewRootImpl@383d106[MainActivity]: MSG_WINDOW_FOCUS_CHANGED 1 0
10-04 23:27:14.932  3949  3949 I ViewRootImpl@383d106[MainActivity]: mThreadedRenderer.initializeIfNeeded()#2 mSurface={isValid=true 0x7b78f94800}
10-04 23:27:14.939  3949  3949 D InputMethodManager: startInputInner - Id : 0
10-04 23:27:14.939  3949  3949 I InputMethodManager: startInputInner - mService.startInputOrWindowGainedFocus
10-04 23:27:14.949  3949  3949 I ViewRootImpl@383d106[MainActivity]: MSG_WINDOW_FOCUS_CHANGED 0 0
