10-04 19:18:24.554 23929 23929 W PanelsChildGestureRegionObserver: failed to register view with ID 2131362800. already registered
10-04 19:18:24.569 23929 23929 W PanelsChildGestureRegionObserver: failed to register view with ID 2131362800. already registered
10-04 19:18:24.570 23929 23929 W PanelsChildGestureRegionObserver: failed to register view with ID 2131362800. already registered
10-04 19:18:24.584 23929 23929 W PanelsChildGestureRegionObserver: failed to register view with ID 2131362800. already registered
10-04 19:18:24.601 23929 23929 W PanelsChildGestureRegionObserver: failed to register view with ID 2131362800. already registered
10-04 19:18:24.603 23929 23929 D WindowOnBackDispatcher: onBackInvoked, viewRoot=ViewRootImpl@86b2204[MainActivity], callback=androidx.activity.OnBackPressedDispatcher$Api33Impl$$ExternalSyntheticLambda0@da31563
10-04 19:18:24.616 23929 23929 I IMM_LC  : hsifw() - flag : 0
10-04 19:18:24.616 23929 23929 I IMM_LC  : hsifw() - mService.hideSoftInput
10-04 19:18:24.624 23929 23929 I CS3ExoPlayer: onStop
10-04 19:18:24.624 23929 23929 I CS3ExoPlayer: saveData
10-04 19:18:24.624 23929 23929 I CS3ExoPlayer: handleEvent Pause
10-04 19:18:24.702 23929 23929 W PanelsChildGestureRegionObserver: failed to register view with ID 2131362800. already registered
10-04 19:18:24.850 23929 23929 W PanelsChildGestureRegionObserver: failed to register view with ID 2131362800. already registered
10-04 19:18:24.863 23929 24021 D SurfaceView@22ab420: updateSurfacePosition RenderWorker, frameNr = 655, position = [52, -1140, 1028, -665] surfaceSize = 1080x525
10-04 19:18:24.863 23929 24021 I SurfaceView@22ab420: uSP: rtp = Rect(52, -1140 - 1028, -665) rtsw = 1080 rtsh = 525
10-04 19:18:24.863 23929 24021 I SurfaceView@22ab420: onSSPAndSRT: pl = 52 pt = -1140 sx = 0.9037037 sy = 0.9047619
10-04 19:18:24.863 23929 24021 I SurfaceView@22ab420: aOrMT: ViewRootImpl@3bedb8a[MainActivity] t = android.view.SurfaceControl$Transaction@7dba4b0 fN = 655 android.view.SurfaceView.-$$Nest$mapplyOrMergeTransaction:0 android.view.SurfaceView$SurfaceViewPositionUpdateListener.positionChanged:1537 android.graphics.RenderNode$CompositePositionUpdateListener.positionChanged:373 
10-04 19:18:24.863 23929 24021 I ViewRootImpl@3bedb8a[MainActivity]: mWNT: t=0x7b1f2e4200 mBlastBufferQueue=0x7b5cdefd00 fn= 655 caller= android.view.SurfaceView.applyOrMergeTransaction:1455 android.view.SurfaceView.-$$Nest$mapplyOrMergeTransaction:0 android.view.SurfaceView$SurfaceViewPositionUpdateListener.positionChanged:1537 
10-04 19:18:24.891 23929 24020 D SurfaceView@22ab420: updateSurfacePosition RenderWorker, frameNr = 656, position = [54, -1132, 1026, -658] surfaceSize = 1080x525
10-04 19:18:24.891 23929 24020 I SurfaceView@22ab420: uSP: rtp = Rect(54, -1132 - 1026, -658) rtsw = 1080 rtsh = 525
10-04 19:18:24.891 23929 24020 I SurfaceView@22ab420: onSSPAndSRT: pl = 54 pt = -1132 sx = 0.9 sy = 0.9028571
10-04 19:18:24.892 23929 24020 I SurfaceView@22ab420: aOrMT: ViewRootImpl@3bedb8a[MainActivity] t = android.view.SurfaceControl$Transaction@7dba4b0 fN = 656 android.view.SurfaceView.-$$Nest$mapplyOrMergeTransaction:0 android.view.SurfaceView$SurfaceViewPositionUpdateListener.positionChanged:1537 android.graphics.RenderNode$CompositePositionUpdateListener.positionChanged:373 
10-04 19:18:24.892 23929 24020 I ViewRootImpl@3bedb8a[MainActivity]: mWNT: t=0x7b1f2e4200 mBlastBufferQueue=0x7b5cdefd00 fn= 656 caller= android.view.SurfaceView.applyOrMergeTransaction:1455 android.view.SurfaceView.-$$Nest$mapplyOrMergeTransaction:0 android.view.SurfaceView$SurfaceViewPositionUpdateListener.positionChanged:1537 
10-04 19:18:24.893 23929 23929 I SurfaceView@22ab420: onWindowVisibilityChanged(8) false android.view.SurfaceView{22ab420 V.E...... ........ 0,0-1080,525} of ViewRootImpl@3bedb8a[MainActivity]
10-04 19:18:24.893 23929 23929 I SurfaceView@22ab420: Changes: creating=false format=false size=false visible=true alpha=false hint=false mUseAlpha=false visible=true left=false top=false
10-04 19:18:24.893 23929 23929 I SurfaceView@22ab420: 36353056 Cur surface: Surface(name=null)/@0x40e9557
10-04 19:18:24.893 23929 23929 I SurfaceView@22ab420: applyTransactionOnVriDraw: vri = ViewRootImpl@3bedb8a[MainActivity] fRS = false t = 0x7b3875e900 android.view.SurfaceView.performSurfaceTransaction:959 android.view.SurfaceView.updateSurface:1105 android.view.SurfaceView.onWindowVisibilityChanged:371 
10-04 19:18:24.894 23929 23929 I ViewRootImpl@3bedb8a[MainActivity]: applyTransactionOnDraw: mRemoved = false isHardwareEnabled = true t = 0x7b3875e900android.view.SurfaceView.applyTransactionOnVriDraw:2048 android.view.SurfaceView.performSurfaceTransaction:959 android.view.SurfaceView.updateSurface:1105 android.view.SurfaceView.onWindowVisibilityChanged:371 android.view.View.dispatchDetachedFromWindow:22529 
10-04 19:18:24.894 23929 23929 I SurfaceView@22ab420: surfaceDestroyed
10-04 19:18:24.894 23929 23929 I SurfaceView@22ab420: surfaceDestroyed callback.size 0 #2 android.view.SurfaceView{22ab420 V.E...... ........ 0,0-1080,525}
10-04 19:18:24.894 23929 23929 I SurfaceView@22ab420: updateSurface: mVisible = false mSurface.isValid() = true
10-04 19:18:24.894 23929 23929 I SurfaceView@22ab420: releaseSurfaces: viewRoot = ViewRootImpl@3bedb8a[MainActivity]
10-04 19:18:24.894 23929 23929 I SurfaceView@22ab420: applyTransactionOnVriDraw: vri = ViewRootImpl@3bedb8a[MainActivity] fRS = true t = 0x7b3875ed00 android.view.SurfaceView.releaseSurfaces:858 android.view.SurfaceView.updateSurface:1172 android.view.SurfaceView.onWindowVisibilityChanged:371 
10-04 19:18:24.894 23929 23929 I SurfaceView@22ab420: applyTransactionOnVriDraw: viewRoot.applyTransactionOnDrawFromReleaseSurfaces
10-04 19:18:24.894 23929 23929 I ViewRootImpl@3bedb8a[MainActivity]: applyTransactionOnDraw: mRemoved = false isHardwareEnabled = true t = 0x7b3875ed00android.view.ViewRootImpl.applyTransactionOnDrawFromReleaseSurfaces:12850 android.view.SurfaceView.applyTransactionOnVriDraw:2046 android.view.SurfaceView.releaseSurfaces:858 android.view.SurfaceView.updateSurface:1172 android.view.SurfaceView.onWindowVisibilityChanged:371 
10-04 19:18:24.894 23929 23929 V SurfaceView@22ab420: Layout: x=0 y=-1388 w=1080 h=525, frame=Rect(0, 0 - 1080, 525)
10-04 19:18:24.895 23929 23929 I SurfaceView@22ab420: onDetachedFromWindow: tryReleaseSurfaces()
10-04 19:18:24.895 23929 23929 I SurfaceView@22ab420: releaseSurfaces: viewRoot = ViewRootImpl@3bedb8a[MainActivity]
10-04 19:18:24.895 23929 23929 I SurfaceView@22ab420: applyTransactionOnVriDraw: vri = ViewRootImpl@3bedb8a[MainActivity] fRS = true t = 0x7b3875ee00 android.view.SurfaceView.releaseSurfaces:858 android.view.SurfaceView.onDetachedFromWindow:500 android.view.View.dispatchDetachedFromWindow:22538 
10-04 19:18:24.895 23929 23929 I SurfaceView@22ab420: applyTransactionOnVriDraw: viewRoot.applyTransactionOnDrawFromReleaseSurfaces
10-04 19:18:24.895 23929 23929 I ViewRootImpl@3bedb8a[MainActivity]: applyTransactionOnDraw: mRemoved = false isHardwareEnabled = true t = 0x7b3875ee00android.view.ViewRootImpl.applyTransactionOnDrawFromReleaseSurfaces:12850 android.view.SurfaceView.applyTransactionOnVriDraw:2046 android.view.SurfaceView.releaseSurfaces:858 android.view.SurfaceView.onDetachedFromWindow:500 android.view.View.dispatchDetachedFromWindow:22538 
10-04 19:18:24.911 23929 23929 I DecorView: notifyKeepScreenOnChanged: keepScreenOn=false
10-04 19:18:24.912 23929 23929 I CS3ExoPlayer: releasePlayer
10-04 19:18:24.912 23929 23929 I CS3ExoPlayer: Handle event: PlayerAttachedEvent(player=null, source=Player)
10-04 19:18:24.913 23929 23929 I DecorView: notifyKeepScreenOnChanged: keepScreenOn=false
10-04 19:18:24.915 23929 23929 I ViewRootImpl@3bedb8a[MainActivity]: performTraversals params={(0,0)(fillxfill) sim={state=always_hidden adjust=resize} ty=BASE_APPLICATION wanim=0x1030309
10-04 19:18:24.915 23929 23929 I ViewRootImpl@3bedb8a[MainActivity]:   fl=85810100
10-04 19:18:24.915 23929 23929 I ViewRootImpl@3bedb8a[MainActivity]:   pfl=12020040
10-04 19:18:24.915 23929 23929 I ViewRootImpl@3bedb8a[MainActivity]:   vsysui=500
10-04 19:18:24.915 23929 23929 I ViewRootImpl@3bedb8a[MainActivity]:   bhv=DEFAULT
10-04 19:18:24.915 23929 23929 I ViewRootImpl@3bedb8a[MainActivity]:   fitSides= naviIconColor=0}
10-04 19:18:24.915 23929 23929 I ViewRootImpl@3bedb8a[MainActivity]: performTraversals mFirst=false windowShouldResize=false viewVisibilityChanged=false mForceNextWindowRelayout=false params={(0,0)(fillxfill) sim={state=always_hidden adjust=resize} ty=BASE_APPLICATION fmt=TRANSLUCENT wanim=0x1030309
10-04 19:18:24.915 23929 23929 I ViewRootImpl@3bedb8a[MainActivity]:   fl=85810100
10-04 19:18:24.915 23929 23929 I ViewRootImpl@3bedb8a[MainActivity]:   pfl=12020040
10-04 19:18:24.915 23929 23929 I ViewRootImpl@3bedb8a[MainActivity]:   vsysui=500
10-04 19:18:24.915 23929 23929 I ViewRootImpl@3bedb8a[MainActivity]:   bhv=DEFAULT
10-04 19:18:24.915 23929 23929 I ViewRootImpl@3bedb8a[MainActivity]:   fitSides= naviIconColor=0}
10-04 19:18:24.920 23929 23929 I ViewRootImpl@3bedb8a[MainActivity]: updateBlastSurfaceIfNeeded mBlastBufferQueue=0x7b5cdefd00 isSameSurfaceControl=true
10-04 19:18:24.921 23929 23929 I BLASTBufferQueue: update, w= 1080 h= 2400 mName = ViewRootImpl@3bedb8a[MainActivity] mNativeObject= 0x7b5cdefd00 sc.mNativeObject= 0x7aee6735a0 format= -3 caller= android.view.ViewRootImpl.updateBlastSurfaceIfNeeded:2898 android.view.ViewRootImpl.relayoutWindow:9847 android.view.ViewRootImpl.performTraversals:3884 android.view.ViewRootImpl.doTraversal:3116 android.view.ViewRootImpl$TraversalRunnable.run:10885 android.view.Choreographer$CallbackRecord.run:1301 
10-04 19:18:24.921 23929 23929 I ViewRootImpl@3bedb8a[MainActivity]: Relayout returned: old=(0,0,1080,2400) new=(0,0,1080,2400) req=(1080,2400)0 dur=5 res=0x0 s={true 0x7b5cb76800} ch=false seqId=0
10-04 19:18:24.921 23929 23929 I ViewRootImpl@3bedb8a[MainActivity]: updateBoundsLayer: t = android.view.SurfaceControl$Transaction@7ed35c4 sc = Surface(name=Bounds for - com.lagradost.cloudstream3/com.lagradost.cloudstream3.MainActivity@0)/@0xff9ccad frame = 657
10-04 19:18:24.921 23929 23929 I ViewRootImpl@3bedb8a[MainActivity]: mWNT: t=0x7b5ccaf100 mBlastBufferQueue=0x7b5cdefd00 fn= 657 caller= android.view.ViewRootImpl.prepareSurfaces:2985 android.view.ViewRootImpl.performTraversals:4233 android.view.ViewRootImpl.doTraversal:3116 
10-04 19:18:24.922 23929 23949 D SurfaceView@22ab420: windowPositionLost, frameNr = 657
10-04 19:18:24.923 23929 24021 I ViewRootImpl@3bedb8a[MainActivity]: mWNT: t=0x7b3875e900 mBlastBufferQueue=0x7b5cdefd00 fn= 657 caller= android.view.ViewRootImpl.lambda$applyTransactionOnDraw$11$android-view-ViewRootImpl:12865 android.view.ViewRootImpl$$ExternalSyntheticLambda1.onFrameDraw:4 android.graphics.HardwareRenderer$FrameDrawingCallback.onFrameDraw:924 
10-04 19:18:24.923 23929 24021 I ViewRootImpl@3bedb8a[MainActivity]: mWNT: t=0x7b3875ed00 mBlastBufferQueue=0x7b5cdefd00 fn= 657 caller= android.view.ViewRootImpl.lambda$applyTransactionOnDraw$11$android-view-ViewRootImpl:12865 android.view.ViewRootImpl$$ExternalSyntheticLambda1.onFrameDraw:4 android.graphics.HardwareRenderer$FrameDrawingCallback.onFrameDraw:924 
10-04 19:18:24.923 23929 24021 I ViewRootImpl@3bedb8a[MainActivity]: mWNT: t=0x7b3875ee00 mBlastBufferQueue=0x7b5cdefd00 fn= 657 caller= android.view.ViewRootImpl.lambda$applyTransactionOnDraw$11$android-view-ViewRootImpl:12865 android.view.ViewRootImpl$$ExternalSyntheticLambda1.onFrameDraw:4 android.graphics.HardwareRenderer$FrameDrawingCallback.onFrameDraw:924 
10-04 19:18:25.541 23929 23929 I ViewRootImpl@3bedb8a[MainActivity]: ViewPostIme pointer 0
10-04 19:18:25.582 23929 23929 I ViewRootImpl@3bedb8a[MainActivity]: ViewPostIme pointer 1
10-04 19:18:25.610 23929 23929 I IMM_LC  : hsifw() - flag : 0
10-04 19:18:25.610 23929 23929 I IMM_LC  : hsifw() - mService.hideSoftInput
10-04 19:18:25.732 23929 23929 I PLG     : updatePluginList = https://raw.githubusercontent.com/adamwolker21/TestPlugins/refs/heads/master/cs.repo
10-04 19:18:25.732 23929 23929 I PLG     : getPlugins = https://raw.githubusercontent.com/adamwolker21/TestPlugins/refs/heads/master/cs.repo
10-04 19:18:26.583 23929 23929 I ViewRootImpl@3bedb8a[MainActivity]: ViewPostIme pointer 0
10-04 19:18:26.633 23929 23929 I ViewRootImpl@3bedb8a[MainActivity]: ViewPostIme pointer 1
10-04 19:18:26.658 23929 23929 I IMM_LC  : hsifw() - flag : 0
10-04 19:18:26.658 23929 23929 I IMM_LC  : hsifw() - mService.hideSoftInput
10-04 19:18:28.347 23929 23929 I ViewRootImpl@3bedb8a[MainActivity]: ViewPostIme pointer 0
10-04 19:18:28.397 23929 23929 I ViewRootImpl@3bedb8a[MainActivity]: ViewPostIme pointer 1
10-04 19:18:28.438 23929 23929 I IMM_LC  : hsifw() - flag : 0
10-04 19:18:28.438 23929 23929 I IMM_LC  : hsifw() - mService.hideSoftInput
10-04 19:18:28.448 23929 23929 D ScrollView: initGoToTop
10-04 19:18:28.491 23929 23929 E CoilImgLoader: Error loading image: coil3.request.NullRequestDataException: The request's data is null.
10-04 19:18:28.508 23929 23929 D ScrollView:  onsize change changed 
10-04 19:18:29.421 23929 23929 I ViewRootImpl@3bedb8a[MainActivity]: ViewPostIme pointer 0
10-04 19:18:29.461 23929 23929 I ViewRootImpl@3bedb8a[MainActivity]: ViewPostIme pointer 1
10-04 19:18:29.468 23929 23929 I NavComponent: Navigating to fragment: 2131361884
10-04 19:18:29.484 23929 23929 I IMM_LC  : hsifw() - flag : 0
10-04 19:18:29.484 23929 23929 I IMM_LC  : hsifw() - mService.hideSoftInput
10-04 19:18:29.818 23929 23935 I st.cloudstream3: Background concurrent copying GC freed 12MB AllocSpace bytes, 89(8636KB) LOS objects, 43% free, 30MB/54MB, paused 213us,86us total 225.406ms
10-04 19:18:29.830 23929 23949 D OpenGLRenderer: setSurface called with nullptr
10-04 19:18:29.830 23929 23936 D InputTransport: Input channel destroyed: 'ClientS', fd=158
10-04 19:18:29.831 23929 23949 D OpenGLRenderer: setSurface called with nullptr
10-04 19:18:29.831 23929 23936 D InputTransport: Input channel destroyed: 'ClientS', fd=225
10-04 19:18:29.832 23929 23949 D OpenGLRenderer: setSurface called with nullptr
10-04 19:18:29.833 23929 23936 D InputTransport: Input channel destroyed: 'ClientS', fd=162
10-04 19:18:29.833 23929 23936 D InputTransport: Input channel destroyed: 'ClientS', fd=120
10-04 19:18:30.660 23929 23929 I ViewRootImpl@3bedb8a[MainActivity]: ViewPostIme pointer 0
10-04 19:18:30.762 23929 23929 I ViewRootImpl@3bedb8a[MainActivity]: ViewPostIme pointer 1
10-04 19:18:31.717 23929 23929 I ViewRootImpl@3bedb8a[MainActivity]: ViewPostIme pointer 0
10-04 19:18:31.758 23929 23929 I ViewRootImpl@3bedb8a[MainActivity]: ViewPostIme pointer 1
10-04 19:18:31.789 23929 23929 I Dialog  : mIsDeviceDefault = false, mIsSamsungBasicInteraction = false, isMetaDataInActivity = false
10-04 19:18:31.796 23929 23929 I DecorView: [INFO] isPopOver=false config=false
10-04 19:18:31.796 23929 23929 I DecorView: updateCaptionType: isFloating=true isApplication=true hasWindowDecorCaption=false this=DecorView@ca0f143[]
10-04 19:18:31.797 23929 23929 D DecorView: setCaptionType = 0, this = DecorView@ca0f143[]
10-04 19:18:31.799 23929 23929 I DecorView: setWindowBackground: isPopOver=false color=ff010101 d=android.graphics.drawable.InsetDrawable@56758f9
10-04 19:18:31.822 23929 23929 D ScrollView: initGoToTop
10-04 19:18:31.838 23929 23949 D NativeCustomFrequencyManager: [NativeCFMS] BpCustomFrequencyManager::BpCustomFrequencyManager()
10-04 19:18:31.838 23929 23929 I DecorView: onImmersiveModeChanged: isStatusBarHidden=true
10-04 19:18:31.849 23929 23929 D InsetsController: onStateChanged: InsetsState: {mDisplayFrame=Rect(0, 0 - 1080, 2400), mDisplayCutout=DisplayCutout{insets=Rect(0, 88 - 0, 0) waterfall=Insets{left=0, top=0, right=0, bottom=0} boundingRect={Bounds=[Rect(0, 0 - 0, 0), Rect(512, 0 - 568, 88), Rect(0, 0 - 0, 0), Rect(0, 0 - 0, 0)]} cutoutPathParserInfo={CutoutPathParserInfo{displayWidth=1080 displayHeight=2400 physicalDisplayWidth=1080 physicalDisplayHeight=2400 density={2.625} cutoutSpec={M 0,0 M 0,12.25101276465640 a 10.60613009248640,10.60613009248640 0 1,0 0,21.21226018497290 a 10.60613009248640,10.60613009248640 0 1,0 0,-21.21226018497290 Z @dp} rotation={0} scale={1.0} physicalPixelDisplaySizeRatio={1.0}}}}, mRoundedCorners=RoundedCorners{[RoundedCorner{position=TopLeft, radius=84, center=Point(84, 84)}, RoundedCorner{position=TopRight, radius=84, center=Point(996, 84)}, RoundedCorner{position=BottomRight, radius=84, center=Point(996, 2316)}, RoundedCorner{position=BottomLeft, radius=84, center=Point(84, 2316)}]}  mRoundedCornerFrame=Rect(0, 0 - 1080, 2400), mPrivacyIndicatorBounds=PrivacyIndicatorBounds {static bounds=Rect(964, 0 - 1080, 87) rotation=0}, mSources= { InsetsSource: {mType=ITYPE_STATUS_BAR, mFrame=[0,0][1080,88], mVisible=true, mInsetsRoundedCornerFrame=false}, InsetsSource: {mType=ITYPE_NAVIGATION_BAR, mFrame=[0,2361][1080,2400], mVisible=true, mInsetsRoundedCornerFrame=false}, InsetsSource: {mType=ITYPE_LEFT_GESTURES, mFrame=[0,0][130,2400], mVisible=true, mInsetsRoundedCornerFrame=false}, InsetsSource: {mType=ITYPE_RIGHT_GESTURES, mFrame=[950,0][1080,2400], mVisible=true, mInsetsRoundedCornerFrame=false}, InsetsSource: {mType=ITYPE_TOP_MANDATORY_GESTURES, mFrame=[0,0][1080,120], mVisible=true, mInsetsRoundedCornerFrame=false}, InsetsSource: {mType=ITYPE_BOTTOM_MANDATORY_GESTURES, mFrame=[0,2316][1080,2400], mVisible=true, mInsetsRoundedCornerFrame=false}, InsetsSource: {mType=ITYPE_LEFT_DISPLAY_CUTOUT, mFrame=[0,0][-100000,2400], mVisible=true, mInsetsRoundedCornerFrame=false}, InsetsSource: {mType=ITYPE_TOP_DISPLAY_CUTOUT, mFrame=[0,0][1080,88], mVisible=true, mInsetsRoundedCornerFrame=false}, InsetsSource: {mType=ITYPE_RIGHT_DISPLAY_CUTOUT, mFrame=[100000,0][1080,2400], mVisible=true, mInsetsRoundedCornerFrame=false}, InsetsSource: {mType=ITYPE_BOTTOM_DISPLAY_CUTOUT, mFrame=[0,100000][1080,2400], mVisible=true, mInsetsRoundedCornerFrame=false}, InsetsSource: {mType=ITYPE_TOP_TAPPABLE_ELEMENT, mFrame=[0,0][1080,88], mVisible=true, mInsetsRoundedCornerFrame=false}, InsetsSource: {mType=ITYPE_BOTTOM_TAPPABLE_ELEMENT, mFrame=[0,0][0,0], mVisible=true, mInsetsRoundedCornerFrame=false} } host=com.lagradost.cloudstream3/com.lagradost.cloudstream3.MainActivity from=android.view.ViewRootImpl.setView:1732
10-04 19:18:31.850 23929 23929 I ViewRootImpl@a4e281c[MainActivity]: setView = com.android.internal.policy.DecorView@ca0f143 TM=true
10-04 19:18:32.352 23929 23929 I ViewRootImpl@a4e281c[MainActivity]: performTraversals params={(0,0)(wrapxwrap) gr=CENTER sim={adjust=pan forwardNavigation} ty=APPLICATION fmt=TRANSLUCENT wanim=0x7f140008 surfaceInsets=Rect(105, 105 - 105, 105)
10-04 19:18:32.352 23929 23929 I ViewRootImpl@a4e281c[MainActivity]:   fl=1820402
10-04 19:18:32.352 23929 23929 I ViewRootImpl@a4e281c[MainActivity]:   pfl=42000000
10-04 19:18:32.352 23929 23929 I ViewRootImpl@a4e281c[MainActivity]:   bhv=SHOW_TRANSIENT_BARS_BY_SWIPE
10-04 19:18:32.352 23929 23929 I ViewRootImpl@a4e281c[MainActivity]:   fitTypes=STATUS_BARS NAVIGATION_BARS CAPTION_BAR
10-04 19:18:32.352 23929 23929 I ViewRootImpl@a4e281c[MainActivity]:  dimAmount=0.6 naviIconColor=0}
10-04 19:18:32.354 23929 23929 I ViewRootImpl@a4e281c[MainActivity]: performTraversals mFirst=true windowShouldResize=false viewVisibilityChanged=false mForceNextWindowRelayout=false params={(0,0)(wrapxwrap) gr=CENTER sim={adjust=pan forwardNavigation} ty=APPLICATION fmt=TRANSLUCENT wanim=0x7f140008 surfaceInsets=Rect(105, 105 - 105, 105)
10-04 19:18:32.354 23929 23929 I ViewRootImpl@a4e281c[MainActivity]:   fl=1820402
10-04 19:18:32.354 23929 23929 I ViewRootImpl@a4e281c[MainActivity]:   pfl=42000000
10-04 19:18:32.354 23929 23929 I ViewRootImpl@a4e281c[MainActivity]:   bhv=SHOW_TRANSIENT_BARS_BY_SWIPE
10-04 19:18:32.354 23929 23929 I ViewRootImpl@a4e281c[MainActivity]:   fitTypes=STATUS_BARS NAVIGATION_BARS CAPTION_BAR
10-04 19:18:32.354 23929 23929 I ViewRootImpl@a4e281c[MainActivity]:  dimAmount=0.6 naviIconColor=0}
10-04 19:18:32.364 23929 23929 I ViewRootImpl@a4e281c[MainActivity]: updateBlastSurfaceIfNeeded mBlastBufferQueue=null isSameSurfaceControl=false
10-04 19:18:32.365 23929 23929 I BLASTBufferQueue: new BLASTBufferQueue, mName= ViewRootImpl@a4e281c[MainActivity] mNativeObject= 0x7b7905ff00 sc.mNativeObject= 0x7b79054900 caller= android.view.ViewRootImpl.updateBlastSurfaceIfNeeded:2909 android.view.ViewRootImpl.relayoutWindow:9847 android.view.ViewRootImpl.performTraversals:3884 android.view.ViewRootImpl.doTraversal:3116 android.view.ViewRootImpl$TraversalRunnable.run:10885 android.view.Choreographer$CallbackRecord.run:1301 android.view.Choreographer$CallbackRecord.run:1309 android.view.Choreographer.doCallbacks:923 android.view.Choreographer.doFrame:852 android.view.Choreographer$FrameDisplayEventReceiver.run:1283 
10-04 19:18:32.365 23929 23929 I BLASTBufferQueue: update, w= 1234 h= 2483 mName = ViewRootImpl@a4e281c[MainActivity] mNativeObject= 0x7b7905ff00 sc.mNativeObject= 0x7b79054900 format= -3 caller= android.graphics.BLASTBufferQueue.<init>:84 android.view.ViewRootImpl.updateBlastSurfaceIfNeeded:2909 android.view.ViewRootImpl.relayoutWindow:9847 android.view.ViewRootImpl.performTraversals:3884 android.view.ViewRootImpl.doTraversal:3116 android.view.ViewRootImpl$TraversalRunnable.run:10885 
10-04 19:18:32.366 23929 23929 I ViewRootImpl@a4e281c[MainActivity]: Relayout returned: old=(0,88,1080,2361) new=(28,88,1052,2361) req=(1024,2273)0 dur=10 res=0x3 s={true 0x7aeed93800} ch=true seqId=0
10-04 19:18:32.367 23929 23929 I ViewRootImpl@a4e281c[MainActivity]: mThreadedRenderer.initialize() mSurface={isValid=true 0x7aeed93800} hwInitialized=true
10-04 19:18:32.367 23929 23949 D OpenGLRenderer: eglCreateWindowSurface
10-04 19:18:32.374 23929 23929 I ViewRootImpl@a4e281c[MainActivity]: reportNextDraw android.view.ViewRootImpl.performTraversals:4438 android.view.ViewRootImpl.doTraversal:3116 android.view.ViewRootImpl$TraversalRunnable.run:10885 android.view.Choreographer$CallbackRecord.run:1301 android.view.Choreographer$CallbackRecord.run:1309 
10-04 19:18:32.375 23929 23929 I ViewRootImpl@a4e281c[MainActivity]: Setup new sync id=0
10-04 19:18:32.375 23929 23929 I ViewRootImpl@a4e281c[MainActivity]: Setting syncFrameCallback
10-04 19:18:32.375 23929 23929 I ViewRootImpl@a4e281c[MainActivity]: registerCallbacksForSync syncBuffer=false
10-04 19:18:32.385 23929 24020 I ViewRootImpl@a4e281c[MainActivity]: Received frameDrawingCallback syncResult=0 frameNum=1.
10-04 19:18:32.385 23929 24020 I ViewRootImpl@a4e281c[MainActivity]: Setting up sync and frameCommitCallback
10-04 19:18:32.391 23929 23949 I BLASTBufferQueue: [ViewRootImpl@a4e281c[MainActivity]#6](f:0,a:0) onFrameAvailable the first frame is available
10-04 19:18:32.391 23929 23949 I ViewRootImpl@a4e281c[MainActivity]: Received frameCommittedCallback lastAttemptedDrawFrameNum=1 didProduceBuffer=true
10-04 19:18:32.392 23929 23949 D OpenGLRenderer: CFMS:: SetUp Pid : 23929    Tid : 23949
10-04 19:18:32.394 23929 23929 I ViewRootImpl@a4e281c[MainActivity]: onSyncComplete
10-04 19:18:32.395 23929 23929 I ViewRootImpl@a4e281c[MainActivity]: setupSync seqId=0 mSyncId=0 fn=1 caller=android.view.ViewRootImpl$$ExternalSyntheticLambda11.accept:6 android.window.SurfaceSyncer.lambda$setupSync$1$android-window-SurfaceSyncer:128 android.window.SurfaceSyncer$$ExternalSyntheticLambda1.accept:8 android.window.SurfaceSyncer$SyncSet.checkIfSyncIsComplete:382 android.window.SurfaceSyncer$SyncSet.markSyncReady:359 android.window.SurfaceSyncer.markSyncReady:151 android.view.ViewRootImpl.performTraversals:4503 
10-04 19:18:32.395 23929 23929 I ViewRootImpl@a4e281c[MainActivity]: reportDrawFinished seqId=0 mSyncId=-1 fn=1 mSurfaceChangedTransaction=0x7b78f99000
10-04 19:18:32.399 23929 23929 I ViewRootImpl@3bedb8a[MainActivity]: MSG_WINDOW_FOCUS_CHANGED 0 0
10-04 19:18:32.448 23929 23929 I ViewRootImpl@a4e281c[MainActivity]: MSG_WINDOW_FOCUS_CHANGED 1 0
10-04 19:18:32.449 23929 23929 I ViewRootImpl@a4e281c[MainActivity]: mThreadedRenderer.initializeIfNeeded()#2 mSurface={isValid=true 0x7aeed93800}
10-04 19:18:33.581 23929 23929 I ViewRootImpl@a4e281c[MainActivity]: ViewPostIme pointer 0
10-04 19:18:33.638 23929 23929 I ViewRootImpl@a4e281c[MainActivity]: ViewPostIme pointer 1
10-04 19:18:33.696 23929 23929 I MSHandlerLifeCycle: removeMultiSplitHandler: no exist. decor=DecorView@ca0f143[MainActivity]
10-04 19:18:33.698 23929 23949 D OpenGLRenderer: setSurface called with nullptr
10-04 19:18:33.698 23929 23949 D OpenGLRenderer: setSurface() destroyed EGLSurface
10-04 19:18:33.698 23929 23949 D OpenGLRenderer: destroyEglSurface
10-04 19:18:33.701 23929 23949 D OpenGLRenderer: endAllActiveAnimators on 0x7b0a29d800 (RippleDrawable) with handle 0x7b5ce4d400
10-04 19:18:33.702 23929 23929 I ViewRootImpl@a4e281c[MainActivity]: dispatchDetachedFromWindow
10-04 19:18:33.731 23929 23929 D InputTransport: Input channel destroyed: 'b2cc8a2', fd=158
10-04 19:18:33.778 23929 23929 I ViewRootImpl@3bedb8a[MainActivity]: MSG_WINDOW_FOCUS_CHANGED 1 0
10-04 19:18:33.779 23929 23929 I ViewRootImpl@3bedb8a[MainActivity]: mThreadedRenderer.initializeIfNeeded()#2 mSurface={isValid=true 0x7b5cb76800}
10-04 19:18:33.784 23929 23929 D InputMethodManager: startInputInner - Id : 0
10-04 19:18:33.784 23929 23929 I InputMethodManager: startInputInner - mService.startInputOrWindowGainedFocus
10-04 19:18:36.770 23929 23929 I ViewRootImpl@3bedb8a[MainActivity]: ViewPostIme pointer 0
10-04 19:18:36.944 23929 23929 I ViewRootImpl@3bedb8a[MainActivity]: MSG_WINDOW_FOCUS_CHANGED 0 0
10-04 19:18:37.526 23929 23929 I ViewRootImpl@3bedb8a[MainActivity]: handleAppVisibility mAppVisible = true visible = false
10-04 19:18:37.548 23929 23949 D OpenGLRenderer: setSurface called with nullptr
10-04 19:18:37.548 23929 23949 D OpenGLRenderer: setSurface() destroyed EGLSurface
10-04 19:18:37.548 23929 23949 D OpenGLRenderer: destroyEglSurface
10-04 19:18:37.551 23929 23929 I ViewRootImpl@3bedb8a[MainActivity]: performTraversals mFirst=false windowShouldResize=false viewVisibilityChanged=true mForceNextWindowRelayout=false params=null
10-04 19:18:37.565 23929 23929 I ViewRootImpl@3bedb8a[MainActivity]: Relayout returned: old=(0,0,1080,2400) new=(0,0,1080,2400) req=(1080,2400)8 dur=9 res=0x2 s={false 0x0} ch=true seqId=0
10-04 19:18:37.571 23929 23929 D InputTransport: Input channel destroyed: 'ClientS', fd=155
10-04 19:18:37.573 23929 23929 I ViewRootImpl@3bedb8a[MainActivity]: stopped(true) old = false
10-04 19:18:37.573 23929 23929 I ViewRootImpl@3bedb8a[MainActivity]: WindowStopped on com.lagradost.cloudstream3/com.lagradost.cloudstream3.MainActivity set to true
10-04 19:18:37.578 23929 23929 I AppVisibilityProxy: onAppEnteredBackground
10-04 19:18:37.591 23929 23929 I MSHandlerLifeCycle: removeMultiSplitHandler: no exist. decor=DecorView@7366eac[MainActivity]
10-04 19:18:37.594 23929 23929 I ViewRootImpl@3bedb8a[MainActivity]: performTraversals mFirst=false windowShouldResize=false viewVisibilityChanged=false mForceNextWindowRelayout=false params={(0,0)(fillxfill) sim={state=always_hidden adjust=pan} ty=BASE_APPLICATION fmt=TRANSLUCENT wanim=0x1030309
10-04 19:18:37.594 23929 23929 I ViewRootImpl@3bedb8a[MainActivity]:   fl=85810100
10-04 19:18:37.594 23929 23929 I ViewRootImpl@3bedb8a[MainActivity]:   pfl=12020040
10-04 19:18:37.594 23929 23929 I ViewRootImpl@3bedb8a[MainActivity]:   vsysui=500
10-04 19:18:37.594 23929 23929 I ViewRootImpl@3bedb8a[MainActivity]:   bhv=DEFAULT
10-04 19:18:37.594 23929 23929 I ViewRootImpl@3bedb8a[MainActivity]:   fitSides= naviIconColor=0}
10-04 19:18:37.600 23929 23929 I ViewRootImpl@3bedb8a[MainActivity]: Relayout returned: old=(0,0,1080,2400) new=(0,0,1080,2400) req=(1080,2400)8 dur=6 res=0x2 s={false 0x0} ch=false seqId=0
10-04 19:18:37.612 23929 23929 W MediaRouter: Ignoring invalid provider descriptor: null
10-04 19:18:55.824 23929 23929 I ViewRootImpl@3bedb8a[MainActivity]: handleAppVisibility mAppVisible = false visible = true
10-04 19:18:55.831 23929 23929 I ViewRootImpl@3bedb8a[MainActivity]: stopped(false) old = true
10-04 19:18:55.831 23929 23929 I ViewRootImpl@3bedb8a[MainActivity]: WindowStopped on com.lagradost.cloudstream3/com.lagradost.cloudstream3.MainActivity set to false
10-04 19:18:55.853 23929 23929 I MSHandlerLifeCycle: removeMultiSplitHandler: no exist. decor=DecorView@7366eac[MainActivity]
10-04 19:18:55.853 23929 23929 I ViewRootImpl@3bedb8a[MainActivity]: stopped(false) old = false
10-04 19:18:55.861 23929 23929 I DecorView: notifyKeepScreenOnChanged: keepScreenOn=false
10-04 19:18:55.862 23929 23929 I MSHandlerLifeCycle: removeMultiSplitHandler: no exist. decor=DecorView@7366eac[MainActivity]
10-04 19:18:55.869 23929 23929 I ViewRootImpl@3bedb8a[MainActivity]: performTraversals params={(0,0)(fillxfill) sim={state=always_hidden adjust=resize forwardNavigation} ty=BASE_APPLICATION fmt=TRANSLUCENT wanim=0x1030309
10-04 19:18:55.869 23929 23929 I ViewRootImpl@3bedb8a[MainActivity]:   fl=85810100
10-04 19:18:55.869 23929 23929 I ViewRootImpl@3bedb8a[MainActivity]:   pfl=12020040
10-04 19:18:55.869 23929 23929 I ViewRootImpl@3bedb8a[MainActivity]:   vsysui=500
10-04 19:18:55.869 23929 23929 I ViewRootImpl@3bedb8a[MainActivity]:   bhv=DEFAULT
10-04 19:18:55.869 23929 23929 I ViewRootImpl@3bedb8a[MainActivity]:   fitSides= naviIconColor=0}
10-04 19:18:55.870 23929 23929 I ViewRootImpl@3bedb8a[MainActivity]: performTraversals mFirst=false windowShouldResize=false viewVisibilityChanged=true mForceNextWindowRelayout=false params={(0,0)(fillxfill) sim={state=always_hidden adjust=resize forwardNavigation} ty=BASE_APPLICATION fmt=TRANSLUCENT wanim=0x1030309
10-04 19:18:55.870 23929 23929 I ViewRootImpl@3bedb8a[MainActivity]:   fl=85810100
10-04 19:18:55.870 23929 23929 I ViewRootImpl@3bedb8a[MainActivity]:   pfl=12020040
10-04 19:18:55.870 23929 23929 I ViewRootImpl@3bedb8a[MainActivity]:   vsysui=500
10-04 19:18:55.870 23929 23929 I ViewRootImpl@3bedb8a[MainActivity]:   bhv=DEFAULT
10-04 19:18:55.870 23929 23929 I ViewRootImpl@3bedb8a[MainActivity]:   fitSides= naviIconColor=0}
10-04 19:18:55.882 23929 23929 I ViewRootImpl@3bedb8a[MainActivity]: updateBlastSurfaceIfNeeded mBlastBufferQueue=null isSameSurfaceControl=false
10-04 19:18:55.883 23929 23929 I BLASTBufferQueue: new BLASTBufferQueue, mName= ViewRootImpl@3bedb8a[MainActivity] mNativeObject= 0x7b5cdefd00 sc.mNativeObject= 0x7b5ce229c0 caller= android.view.ViewRootImpl.updateBlastSurfaceIfNeeded:2909 android.view.ViewRootImpl.relayoutWindow:9847 android.view.ViewRootImpl.performTraversals:3884 android.view.ViewRootImpl.doTraversal:3116 android.view.ViewRootImpl$TraversalRunnable.run:10885 android.view.Choreographer$CallbackRecord.run:1301 android.view.Choreographer$CallbackRecord.run:1309 android.view.Choreographer.doCallbacks:923 android.view.Choreographer.doFrame:852 android.view.Choreographer$FrameDisplayEventReceiver.run:1283 
10-04 19:18:55.883 23929 23929 I BLASTBufferQueue: update, w= 1080 h= 2400 mName = ViewRootImpl@3bedb8a[MainActivity] mNativeObject= 0x7b5cdefd00 sc.mNativeObject= 0x7b5ce229c0 format= -3 caller= android.graphics.BLASTBufferQueue.<init>:84 android.view.ViewRootImpl.updateBlastSurfaceIfNeeded:2909 android.view.ViewRootImpl.relayoutWindow:9847 android.view.ViewRootImpl.performTraversals:3884 android.view.ViewRootImpl.doTraversal:3116 android.view.ViewRootImpl$TraversalRunnable.run:10885 
10-04 19:18:55.883 23929 23929 I ViewRootImpl@3bedb8a[MainActivity]: Relayout returned: old=(0,0,1080,2400) new=(0,0,1080,2400) req=(1080,2400)0 dur=12 res=0x3 s={true 0x7b5cb76800} ch=true seqId=0
10-04 19:18:55.884 23929 23929 I ViewRootImpl@3bedb8a[MainActivity]: mThreadedRenderer.initialize() mSurface={isValid=true 0x7b5cb76800} hwInitialized=true
10-04 19:18:55.884 23929 23949 D OpenGLRenderer: eglCreateWindowSurface
10-04 19:18:55.885 23929 23929 I ViewRootImpl@3bedb8a[MainActivity]: reportNextDraw android.view.ViewRootImpl.performTraversals:4438 android.view.ViewRootImpl.doTraversal:3116 android.view.ViewRootImpl$TraversalRunnable.run:10885 android.view.Choreographer$CallbackRecord.run:1301 android.view.Choreographer$CallbackRecord.run:1309 
10-04 19:18:55.886 23929 23929 I ViewRootImpl@3bedb8a[MainActivity]: Setup new sync id=1
10-04 19:18:55.886 23929 23929 I ViewRootImpl@3bedb8a[MainActivity]: Setting syncFrameCallback
10-04 19:18:55.886 23929 23929 I ViewRootImpl@3bedb8a[MainActivity]: registerCallbacksForSync syncBuffer=false
10-04 19:18:55.895 23929 24021 I ViewRootImpl@3bedb8a[MainActivity]: Received frameDrawingCallback syncResult=0 frameNum=1.
10-04 19:18:55.896 23929 24021 I ViewRootImpl@3bedb8a[MainActivity]: Setting up sync and frameCommitCallback
10-04 19:18:55.901 23929 23949 I BLASTBufferQueue: [ViewRootImpl@3bedb8a[MainActivity]#7](f:0,a:0) onFrameAvailable the first frame is available
10-04 19:18:55.902 23929 23949 I ViewRootImpl@3bedb8a[MainActivity]: Received frameCommittedCallback lastAttemptedDrawFrameNum=1 didProduceBuffer=true
10-04 19:18:55.902 23929 23929 I ViewRootImpl@3bedb8a[MainActivity]: onSyncComplete
10-04 19:18:55.903 23929 23929 I ViewRootImpl@3bedb8a[MainActivity]: setupSync seqId=0 mSyncId=1 fn=1 caller=android.view.ViewRootImpl$$ExternalSyntheticLambda11.accept:6 android.window.SurfaceSyncer.lambda$setupSync$1$android-window-SurfaceSyncer:128 android.window.SurfaceSyncer$$ExternalSyntheticLambda1.accept:8 android.window.SurfaceSyncer$SyncSet.checkIfSyncIsComplete:382 android.window.SurfaceSyncer$SyncSet.markSyncReady:359 android.window.SurfaceSyncer.markSyncReady:151 android.view.ViewRootImpl.performTraversals:4503 
10-04 19:18:55.903 23929 23929 I ViewRootImpl@3bedb8a[MainActivity]: reportDrawFinished seqId=0 mSyncId=-1 fn=1 mSurfaceChangedTransaction=0x7b5ccafd00
10-04 19:18:55.913 23929 23929 I ViewRootImpl@3bedb8a[MainActivity]: MSG_WINDOW_FOCUS_CHANGED 1 0
10-04 19:18:55.913 23929 23929 I ViewRootImpl@3bedb8a[MainActivity]: mThreadedRenderer.initializeIfNeeded()#2 mSurface={isValid=true 0x7b5cb76800}
10-04 19:18:55.915 23929 23929 D InputMethodManager: startInputInner - Id : 0
10-04 19:18:55.915 23929 23929 I InputMethodManager: startInputInner - mService.startInputOrWindowGainedFocus
10-04 19:18:57.648 23929 23929 I ViewRootImpl@3bedb8a[MainActivity]: ViewPostIme pointer 0
10-04 19:18:57.738 23929 23929 I ViewRootImpl@3bedb8a[MainActivity]: ViewPostIme pointer 1
10-04 19:18:57.753 23929 23929 I IMM_LC  : hsifw() - flag : 0
10-04 19:18:57.753 23929 23929 I IMM_LC  : hsifw() - mService.hideSoftInput
10-04 19:18:59.022 23929 23929 I ViewRootImpl@3bedb8a[MainActivity]: ViewPostIme pointer 0
10-04 19:18:59.071 23929 23929 I ViewRootImpl@3bedb8a[MainActivity]: ViewPostIme pointer 1
10-04 19:18:59.096 23929 23929 I Dialog  : mIsDeviceDefault = false, mIsSamsungBasicInteraction = false, isMetaDataInActivity = false
10-04 19:18:59.130 23929 23929 I DecorView: [INFO] isPopOver=false config=false
10-04 19:18:59.131 23929 23929 I DecorView: updateCaptionType: isFloating=false isApplication=true hasWindowDecorCaption=false this=DecorView@1293a04[]
10-04 19:18:59.131 23929 23929 D DecorView: setCaptionType = 0, this = DecorView@1293a04[]
10-04 19:18:59.134 23929 23929 I DecorView: getCurrentDensityDpi: from app context. densityDpi=420 msg=resources_loaded
10-04 19:18:59.134 23929 23929 I DecorView: setWindowBackground: isPopOver=false color=0 d=android.graphics.drawable.ColorDrawable@9334a22
10-04 19:18:59.144 23929 23949 D NativeCustomFrequencyManager: [NativeCFMS] BpCustomFrequencyManager::BpCustomFrequencyManager()
10-04 19:18:59.150 23929 23929 I DecorView: notifyKeepScreenOnChanged: keepScreenOn=false
10-04 19:18:59.165 23929 23929 D InsetsController: onStateChanged: InsetsState: {mDisplayFrame=Rect(0, 0 - 1080, 2400), mDisplayCutout=DisplayCutout{insets=Rect(0, 88 - 0, 0) waterfall=Insets{left=0, top=0, right=0, bottom=0} boundingRect={Bounds=[Rect(0, 0 - 0, 0), Rect(512, 0 - 568, 88), Rect(0, 0 - 0, 0), Rect(0, 0 - 0, 0)]} cutoutPathParserInfo={CutoutPathParserInfo{displayWidth=1080 displayHeight=2400 physicalDisplayWidth=1080 physicalDisplayHeight=2400 density={2.625} cutoutSpec={M 0,0 M 0,12.25101276465640 a 10.60613009248640,10.60613009248640 0 1,0 0,21.21226018497290 a 10.60613009248640,10.60613009248640 0 1,0 0,-21.21226018497290 Z @dp} rotation={0} scale={1.0} physicalPixelDisplaySizeRatio={1.0}}}}, mRoundedCorners=RoundedCorners{[RoundedCorner{position=TopLeft, radius=84, center=Point(84, 84)}, RoundedCorner{position=TopRight, radius=84, center=Point(996, 84)}, RoundedCorner{position=BottomRight, radius=84, center=Point(996, 2316)}, RoundedCorner{position=BottomLeft, radius=84, center=Point(84, 2316)}]}  mRoundedCornerFrame=Rect(0, 0 - 1080, 2400), mPrivacyIndicatorBounds=PrivacyIndicatorBounds {static bounds=Rect(964, 0 - 1080, 87) rotation=0}, mSources= { InsetsSource: {mType=ITYPE_STATUS_BAR, mFrame=[0,0][1080,88], mVisible=true, mInsetsRoundedCornerFrame=false}, InsetsSource: {mType=ITYPE_NAVIGATION_BAR, mFrame=[0,2361][1080,2400], mVisible=true, mInsetsRoundedCornerFrame=false}, InsetsSource: {mType=ITYPE_LEFT_GESTURES, mFrame=[0,0][130,2400], mVisible=true, mInsetsRoundedCornerFrame=false}, InsetsSource: {mType=ITYPE_RIGHT_GESTURES, mFrame=[950,0][1080,2400], mVisible=true, mInsetsRoundedCornerFrame=false}, InsetsSource: {mType=ITYPE_TOP_MANDATORY_GESTURES, mFrame=[0,0][1080,120], mVisible=true, mInsetsRoundedCornerFrame=false}, InsetsSource: {mType=ITYPE_BOTTOM_MANDATORY_GESTURES, mFrame=[0,2316][1080,2400], mVisible=true, mInsetsRoundedCornerFrame=false}, InsetsSource: {mType=ITYPE_LEFT_DISPLAY_CUTOUT, mFrame=[0,0][-100000,2400], mVisible=true, mInsetsRoundedCornerFrame=false}, InsetsSource: {mType=ITYPE_TOP_DISPLAY_CUTOUT, mFrame=[0,0][1080,88], mVisible=true, mInsetsRoundedCornerFrame=false}, InsetsSource: {mType=ITYPE_RIGHT_DISPLAY_CUTOUT, mFrame=[100000,0][1080,2400], mVisible=true, mInsetsRoundedCornerFrame=false}, InsetsSource: {mType=ITYPE_BOTTOM_DISPLAY_CUTOUT, mFrame=[0,100000][1080,2400], mVisible=true, mInsetsRoundedCornerFrame=false}, InsetsSource: {mType=ITYPE_TOP_TAPPABLE_ELEMENT, mFrame=[0,0][1080,88], mVisible=true, mInsetsRoundedCornerFrame=false}, InsetsSource: {mType=ITYPE_BOTTOM_TAPPABLE_ELEMENT, mFrame=[0,0][0,0], mVisible=true, mInsetsRoundedCornerFrame=false}, InsetsSource: {mType=ITYPE_IME, mFrame=[0,0][0,0], mVisibleFrame=[0,1409][1080,2400], mVisible=false, mInsetsRoundedCornerFrame=false} } host=com.lagradost.cloudstream3/com.lagradost.cloudstream3.MainActivity from=android.view.ViewRootImpl.setView:1732
10-04 19:18:59.168 23929 23929 I ViewRootImpl@c3d9f88[MainActivity]: setView = com.android.internal.policy.DecorView@1293a04 TM=true
10-04 19:18:59.436 23929 23929 I ViewRootImpl@c3d9f88[MainActivity]: performTraversals params={(0,0)(fillxfill) gr=CENTER sim={adjust=resize forwardNavigation} ty=APPLICATION fmt=TRANSPARENT wanim=0x7f14000b
10-04 19:18:59.436 23929 23929 I ViewRootImpl@c3d9f88[MainActivity]:   fl=85810100
10-04 19:18:59.436 23929 23929 I ViewRootImpl@c3d9f88[MainActivity]:   pfl=12020040
10-04 19:18:59.436 23929 23929 I ViewRootImpl@c3d9f88[MainActivity]:   vsysui=500
10-04 19:18:59.436 23929 23929 I ViewRootImpl@c3d9f88[MainActivity]:   bhv=DEFAULT
10-04 19:18:59.436 23929 23929 I ViewRootImpl@c3d9f88[MainActivity]:   fitSides= naviIconColor=0}
10-04 19:18:59.437 23929 23929 I ViewRootImpl@c3d9f88[MainActivity]: performTraversals mFirst=true windowShouldResize=true viewVisibilityChanged=false mForceNextWindowRelayout=false params={(0,0)(fillxfill) gr=CENTER sim={adjust=resize forwardNavigation} ty=APPLICATION fmt=TRANSPARENT wanim=0x7f14000b
10-04 19:18:59.437 23929 23929 I ViewRootImpl@c3d9f88[MainActivity]:   fl=85810100
10-04 19:18:59.437 23929 23929 I ViewRootImpl@c3d9f88[MainActivity]:   pfl=12020040
10-04 19:18:59.437 23929 23929 I ViewRootImpl@c3d9f88[MainActivity]:   vsysui=500
10-04 19:18:59.437 23929 23929 I ViewRootImpl@c3d9f88[MainActivity]:   bhv=DEFAULT
10-04 19:18:59.437 23929 23929 I ViewRootImpl@c3d9f88[MainActivity]:   fitSides= naviIconColor=0}
10-04 19:18:59.451 23929 23929 I ViewRootImpl@c3d9f88[MainActivity]: updateBlastSurfaceIfNeeded mBlastBufferQueue=null isSameSurfaceControl=false
10-04 19:18:59.451 23929 23929 I BLASTBufferQueue: new BLASTBufferQueue, mName= ViewRootImpl@c3d9f88[MainActivity] mNativeObject= 0x7b38765400 sc.mNativeObject= 0x7b0a804e20 caller= android.view.ViewRootImpl.updateBlastSurfaceIfNeeded:2909 android.view.ViewRootImpl.relayoutWindow:9847 android.view.ViewRootImpl.performTraversals:3884 android.view.ViewRootImpl.doTraversal:3116 android.view.ViewRootImpl$TraversalRunnable.run:10885 android.view.Choreographer$CallbackRecord.run:1301 android.view.Choreographer$CallbackRecord.run:1309 android.view.Choreographer.doCallbacks:923 android.view.Choreographer.doFrame:852 android.view.Choreographer$FrameDisplayEventReceiver.run:1283 
10-04 19:18:59.452 23929 23929 I BLASTBufferQueue: update, w= 1080 h= 2400 mName = ViewRootImpl@c3d9f88[MainActivity] mNativeObject= 0x7b38765400 sc.mNativeObject= 0x7b0a804e20 format= -2 caller= android.graphics.BLASTBufferQueue.<init>:84 android.view.ViewRootImpl.updateBlastSurfaceIfNeeded:2909 android.view.ViewRootImpl.relayoutWindow:9847 android.view.ViewRootImpl.performTraversals:3884 android.view.ViewRootImpl.doTraversal:3116 android.view.ViewRootImpl$TraversalRunnable.run:10885 
10-04 19:18:59.452 23929 23929 I ViewRootImpl@c3d9f88[MainActivity]: Relayout returned: old=(0,0,1080,2400) new=(0,0,1080,2400) req=(1080,2400)0 dur=14 res=0x3 s={true 0x7b3f846800} ch=true seqId=0
10-04 19:18:59.453 23929 23929 I ViewRootImpl@c3d9f88[MainActivity]: mThreadedRenderer.initialize() mSurface={isValid=true 0x7b3f846800} hwInitialized=true
10-04 19:18:59.453 23929 23949 D OpenGLRenderer: eglCreateWindowSurface
10-04 19:18:59.459 23929 23929 I ViewRootImpl@c3d9f88[MainActivity]: reportNextDraw android.view.ViewRootImpl.performTraversals:4438 android.view.ViewRootImpl.doTraversal:3116 android.view.ViewRootImpl$TraversalRunnable.run:10885 android.view.Choreographer$CallbackRecord.run:1301 android.view.Choreographer$CallbackRecord.run:1309 
10-04 19:18:59.466 23929 23929 I ViewRootImpl@c3d9f88[MainActivity]: Setup new sync id=0
10-04 19:18:59.466 23929 23929 I ViewRootImpl@c3d9f88[MainActivity]: Setting syncFrameCallback
10-04 19:18:59.466 23929 23929 I ViewRootImpl@c3d9f88[MainActivity]: registerCallbacksForSync syncBuffer=false
10-04 19:18:59.479 23929 24020 I ViewRootImpl@c3d9f88[MainActivity]: Received frameDrawingCallback syncResult=0 frameNum=1.
10-04 19:18:59.479 23929 24020 I ViewRootImpl@c3d9f88[MainActivity]: Setting up sync and frameCommitCallback
10-04 19:18:59.490 23929 23949 I BLASTBufferQueue: [ViewRootImpl@c3d9f88[MainActivity]#8](f:0,a:0) onFrameAvailable the first frame is available
10-04 19:18:59.491 23929 23949 I ViewRootImpl@c3d9f88[MainActivity]: Received frameCommittedCallback lastAttemptedDrawFrameNum=1 didProduceBuffer=true
10-04 19:18:59.493 23929 23949 D OpenGLRenderer: CFMS:: SetUp Pid : 23929    Tid : 23949
10-04 19:18:59.496 23929 23929 I ViewRootImpl@c3d9f88[MainActivity]: onSyncComplete
10-04 19:18:59.497 23929 23929 I ViewRootImpl@c3d9f88[MainActivity]: setupSync seqId=0 mSyncId=0 fn=1 caller=android.view.ViewRootImpl$$ExternalSyntheticLambda11.accept:6 android.window.SurfaceSyncer.lambda$setupSync$1$android-window-SurfaceSyncer:128 android.window.SurfaceSyncer$$ExternalSyntheticLambda1.accept:8 android.window.SurfaceSyncer$SyncSet.checkIfSyncIsComplete:382 android.window.SurfaceSyncer$SyncSet.markSyncReady:359 android.window.SurfaceSyncer.markSyncReady:151 android.view.ViewRootImpl.performTraversals:4503 
10-04 19:18:59.498 23929 23929 I ViewRootImpl@c3d9f88[MainActivity]: reportDrawFinished seqId=0 mSyncId=-1 fn=1 mSurfaceChangedTransaction=0x7b79058f00
10-04 19:18:59.524 23929 23929 I ViewRootImpl@3bedb8a[MainActivity]: MSG_WINDOW_FOCUS_CHANGED 0 0
10-04 19:18:59.559 23929 23929 I ViewRootImpl@c3d9f88[MainActivity]: MSG_WINDOW_FOCUS_CHANGED 1 0
10-04 19:18:59.559 23929 23929 I ViewRootImpl@c3d9f88[MainActivity]: mThreadedRenderer.initializeIfNeeded()#2 mSurface={isValid=true 0x7b3f846800}
10-04 19:18:59.561 23929 23929 D InputMethodManager: startInputInner - Id : 0
10-04 19:18:59.561 23929 23929 I InputMethodManager: startInputInner - mService.startInputOrWindowGainedFocus
10-04 19:19:00.046 23929 23929 I ViewRootImpl@c3d9f88[MainActivity]: ViewPostIme pointer 0
10-04 19:19:00.114 23929 23929 I ViewRootImpl@c3d9f88[MainActivity]: ViewPostIme pointer 1
10-04 19:19:00.531 23929 23929 I ViewRootImpl@c3d9f88[MainActivity]: ViewPostIme pointer 0
10-04 19:19:00.666 23929 23929 I ViewRootImpl@c3d9f88[MainActivity]: ViewPostIme pointer 1
10-04 19:19:00.984 23929 23929 I ViewRootImpl@c3d9f88[MainActivity]: ViewPostIme pointer 0
10-04 19:19:01.424 23929 23929 I ViewRootImpl@c3d9f88[MainActivity]: ViewPostIme pointer 1
10-04 19:19:01.837 23929 23929 I ViewRootImpl@c3d9f88[MainActivity]: ViewPostIme pointer 0
10-04 19:19:01.937 23929 23929 I ViewRootImpl@c3d9f88[MainActivity]: ViewPostIme pointer 1
10-04 19:19:02.316 23929 23929 I ViewRootImpl@c3d9f88[MainActivity]: ViewPostIme pointer 0
10-04 19:19:02.572 23929 23982 D ApiError: -------------------------------------------------------------------
10-04 19:19:02.572 23929 23982 D ApiError: safeApiCall: Only the original thread that created a view hierarchy can touch its views.
10-04 19:19:02.572 23929 23982 D ApiError: safeApiCall: Only the original thread that created a view hierarchy can touch its views.
10-04 19:19:02.572 23929 23982 W System.err: android.view.ViewRootImpl$CalledFromWrongThreadException: Only the original thread that created a view hierarchy can touch its views.
10-04 19:19:02.573 23929 23982 W System.err: 	at android.view.ViewRootImpl.checkThread(ViewRootImpl.java:11586)
10-04 19:19:02.573 23929 23982 W System.err: 	at android.view.ViewRootImpl.requestLayout(ViewRootImpl.java:2648)
10-04 19:19:02.573 23929 23982 W System.err: 	at android.view.View.requestLayout(View.java:27623)
10-04 19:19:02.573 23929 23982 W System.err: 	at android.view.View.requestLayout(View.java:27623)
10-04 19:19:02.573 23929 23982 W System.err: 	at android.view.View.requestLayout(View.java:27623)
10-04 19:19:02.573 23929 23982 W System.err: 	at android.view.View.requestLayout(View.java:27623)
10-04 19:19:02.573 23929 23982 W System.err: 	at android.view.View.requestLayout(View.java:27623)
10-04 19:19:02.573 23929 23982 W System.err: 	at android.view.View.requestLayout(View.java:27623)
10-04 19:19:02.573 23929 23982 W System.err: 	at android.view.View.requestLayout(View.java:27623)
10-04 19:19:02.573 23929 23982 W System.err: 	at android.view.View.requestLayout(View.java:27623)
10-04 19:19:02.573 23929 23982 W System.err: 	at android.view.View.requestLayout(View.java:27623)
10-04 19:19:02.573 23929 23982 W System.err: 	at android.view.View.requestLayout(View.java:27623)
10-04 19:19:02.573 23929 23982 W System.err: 	at androidx.recyclerview.widget.RecyclerView.requestLayout(RecyclerView.java:4881)
10-04 19:19:02.573 23929 23982 W System.err: 	at androidx.recyclerview.widget.RecyclerView$RecyclerViewDataObserver.triggerUpdateProcessor(RecyclerView.java:6060)
10-04 19:19:02.573 23929 23982 W System.err: 	at androidx.recyclerview.widget.RecyclerView$RecyclerViewDataObserver.onItemRangeInserted(RecyclerView.java:6035)
10-04 19:19:02.573 23929 23982 W System.err: 	at androidx.recyclerview.widget.RecyclerView$AdapterDataObservable.notifyItemRangeInserted(RecyclerView.java:13138)
10-04 19:19:02.573 23929 23982 W System.err: 	at androidx.recyclerview.widget.RecyclerView$Adapter.notifyItemRangeInserted(RecyclerView.java:8146)
10-04 19:19:02.574 23929 23982 W System.err: 	at androidx.recyclerview.widget.AdapterListUpdateCallback.onInserted(AdapterListUpdateCallback.java:44)
10-04 19:19:02.574 23929 23982 W System.err: 	at androidx.recyclerview.widget.BatchingListUpdateCallback.dispatchLastEvent(BatchingListUpdateCallback.java:63)
10-04 19:19:02.574 23929 23982 W System.err: 	at androidx.recyclerview.widget.DiffUtil$DiffResult.dispatchUpdatesTo(DiffUtil.java:967)
10-04 19:19:02.574 23929 23982 W System.err: 	at androidx.recyclerview.widget.DiffUtil$DiffResult.dispatchUpdatesTo(DiffUtil.java:840)
10-04 19:19:02.574 23929 23982 W System.err: 	at com.lagradost.cloudstream3.ui.search.SearchAdapter.updateList(SearchAdaptor.kt:83)
10-04 19:19:02.574 23929 23982 W System.err: 	at com.lagradost.cloudstream3.ui.home.HomeFragment$Companion$loadHomepageList$5$onScrollStateChanged$1.invokeSuspend(HomeFragment.kt:212)
10-04 19:19:02.574 23929 23982 W System.err: 	at kotlin.coroutines.jvm.internal.BaseContinuationImpl.resumeWith(ContinuationImpl.kt:33)
10-04 19:19:02.574 23929 23982 W System.err: 	at kotlinx.coroutines.UndispatchedCoroutine.afterResume(CoroutineContext.kt:266)
10-04 19:19:02.574 23929 23982 W System.err: 	at kotlinx.coroutines.AbstractCoroutine.resumeWith(AbstractCoroutine.kt:101)
10-04 19:19:02.574 23929 23982 W System.err: 	at kotlin.coroutines.jvm.internal.BaseContinuationImpl.resumeWith(ContinuationImpl.kt:46)
10-04 19:19:02.574 23929 23982 W System.err: 	at kotlinx.coroutines.internal.ScopeCoroutine.afterResume(Scopes.kt:35)
10-04 19:19:02.574 23929 23982 W System.err: 	at kotlinx.coroutines.AbstractCoroutine.resumeWith(AbstractCoroutine.kt:101)
10-04 19:19:02.574 23929 23982 W System.err: 	at kotlin.coroutines.jvm.internal.BaseContinuationImpl.resumeWith(ContinuationImpl.kt:46)
10-04 19:19:02.574 23929 23982 W System.err: 	at kotlinx.coroutines.DispatchedTask.run(DispatchedTask.kt:100)
10-04 19:19:02.574 23929 23982 W System.err: 	at kotlinx.coroutines.internal.LimitedDispatcher$Worker.run(LimitedDispatcher.kt:113)
10-04 19:19:02.574 23929 23982 W System.err: 	at kotlinx.coroutines.scheduling.TaskImpl.run(Tasks.kt:89)
10-04 19:19:02.574 23929 23982 W System.err: 	at kotlinx.coroutines.scheduling.CoroutineScheduler.runSafely(CoroutineScheduler.kt:586)
