10-04 21:45:48.510 19322 19322 I ViewRootImpl@3bedb8a[MainActivity]: ViewPostIme pointer 1
10-04 21:45:48.515 19322 19322 I Dialog  : mIsDeviceDefault = false, mIsSamsungBasicInteraction = false, isMetaDataInActivity = false
10-04 21:45:48.642 19322 19322 I DecorView: [INFO] isPopOver=false config=false
10-04 21:45:48.642 19322 19322 I DecorView: updateCaptionType: isFloating=false isApplication=true hasWindowDecorCaption=false this=DecorView@ea66a28[]
10-04 21:45:48.642 19322 19322 D DecorView: setCaptionType = 0, this = DecorView@ea66a28[]
10-04 21:45:48.643 19322 19322 I DecorView: getCurrentDensityDpi: from app context. densityDpi=420 msg=resources_loaded
10-04 21:45:48.643 19322 19322 I DecorView: setWindowBackground: isPopOver=false color=0 d=android.graphics.drawable.ColorDrawable@f49b0e6
10-04 21:45:48.649 19322 19347 D NativeCustomFrequencyManager: [NativeCFMS] BpCustomFrequencyManager::BpCustomFrequencyManager()
10-04 21:45:48.650 19322 19322 I DecorView: notifyKeepScreenOnChanged: keepScreenOn=false
10-04 21:45:48.661 19322 19322 D InsetsController: onStateChanged: InsetsState: {mDisplayFrame=Rect(0, 0 - 1080, 2400), mDisplayCutout=DisplayCutout{insets=Rect(0, 88 - 0, 0) waterfall=Insets{left=0, top=0, right=0, bottom=0} boundingRect={Bounds=[Rect(0, 0 - 0, 0), Rect(512, 0 - 568, 88), Rect(0, 0 - 0, 0), Rect(0, 0 - 0, 0)]} cutoutPathParserInfo={CutoutPathParserInfo{displayWidth=1080 displayHeight=2400 physicalDisplayWidth=1080 physicalDisplayHeight=2400 density={2.625} cutoutSpec={M 0,0 M 0,12.25101276465640 a 10.60613009248640,10.60613009248640 0 1,0 0,21.21226018497290 a 10.60613009248640,10.60613009248640 0 1,0 0,-21.21226018497290 Z @dp} rotation={0} scale={1.0} physicalPixelDisplaySizeRatio={1.0}}}}, mRoundedCorners=RoundedCorners{[RoundedCorner{position=TopLeft, radius=84, center=Point(84, 84)}, RoundedCorner{position=TopRight, radius=84, center=Point(996, 84)}, RoundedCorner{position=BottomRight, radius=84, center=Point(996, 2316)}, RoundedCorner{position=BottomLeft, radius=84, center=Point(84, 2316)}]}  mRoundedCornerFrame=Rect(0, 0 - 1080, 2400), mPrivacyIndicatorBounds=PrivacyIndicatorBounds {static bounds=Rect(964, 0 - 1080, 87) rotation=0}, mSources= { InsetsSource: {mType=ITYPE_STATUS_BAR, mFrame=[0,0][1080,88], mVisible=true, mInsetsRoundedCornerFrame=false}, InsetsSource: {mType=ITYPE_NAVIGATION_BAR, mFrame=[0,2361][1080,2400], mVisible=true, mInsetsRoundedCornerFrame=false}, InsetsSource: {mType=ITYPE_LEFT_GESTURES, mFrame=[0,0][130,2400], mVisible=true, mInsetsRoundedCornerFrame=false}, InsetsSource: {mType=ITYPE_RIGHT_GESTURES, mFrame=[950,0][1080,2400], mVisible=true, mInsetsRoundedCornerFrame=false}, InsetsSource: {mType=ITYPE_TOP_MANDATORY_GESTURES, mFrame=[0,0][1080,120], mVisible=true, mInsetsRoundedCornerFrame=false}, InsetsSource: {mType=ITYPE_BOTTOM_MANDATORY_GESTURES, mFrame=[0,2316][1080,2400], mVisible=true, mInsetsRoundedCornerFrame=false}, InsetsSource: {mType=ITYPE_LEFT_DISPLAY_CUTOUT, mFrame=[0,0][-100000,2400], mVisible=true, mInsetsRoundedCornerFrame=false}, InsetsSource: {mType=ITYPE_TOP_DISPLAY_CUTOUT, mFrame=[0,0][1080,88], mVisible=true, mInsetsRoundedCornerFrame=false}, InsetsSource: {mType=ITYPE_RIGHT_DISPLAY_CUTOUT, mFrame=[100000,0][1080,2400], mVisible=true, mInsetsRoundedCornerFrame=false}, InsetsSource: {mType=ITYPE_BOTTOM_DISPLAY_CUTOUT, mFrame=[0,100000][1080,2400], mVisible=true, mInsetsRoundedCornerFrame=false}, InsetsSource: {mType=ITYPE_TOP_TAPPABLE_ELEMENT, mFrame=[0,0][1080,88], mVisible=true, mInsetsRoundedCornerFrame=false}, InsetsSource: {mType=ITYPE_BOTTOM_TAPPABLE_ELEMENT, mFrame=[0,0][0,0], mVisible=true, mInsetsRoundedCornerFrame=false}, InsetsSource: {mType=ITYPE_IME, mFrame=[0,0][0,0], mVisibleFrame=[0,1409][1080,2400], mVisible=false, mInsetsRoundedCornerFrame=false} } host=com.lagradost.cloudstream3/com.lagradost.cloudstream3.MainActivity from=android.view.ViewRootImpl.setView:1732
10-04 21:45:48.662 19322 19322 I ViewRootImpl@212231f[MainActivity]: setView = com.android.internal.policy.DecorView@ea66a28 TM=true
10-04 21:45:48.685 19322 19322 I ViewRootImpl@212231f[MainActivity]: performTraversals params={(0,0)(fillxfill) gr=CENTER sim={adjust=resize forwardNavigation} ty=APPLICATION fmt=TRANSPARENT wanim=0x7f14000b
10-04 21:45:48.685 19322 19322 I ViewRootImpl@212231f[MainActivity]:   fl=85810100
10-04 21:45:48.685 19322 19322 I ViewRootImpl@212231f[MainActivity]:   pfl=12020040
10-04 21:45:48.685 19322 19322 I ViewRootImpl@212231f[MainActivity]:   vsysui=500
10-04 21:45:48.685 19322 19322 I ViewRootImpl@212231f[MainActivity]:   bhv=DEFAULT
10-04 21:45:48.685 19322 19322 I ViewRootImpl@212231f[MainActivity]:   fitSides= naviIconColor=0}
10-04 21:45:48.685 19322 19322 I ViewRootImpl@212231f[MainActivity]: performTraversals mFirst=true windowShouldResize=true viewVisibilityChanged=false mForceNextWindowRelayout=false params={(0,0)(fillxfill) gr=CENTER sim={adjust=resize forwardNavigation} ty=APPLICATION fmt=TRANSPARENT wanim=0x7f14000b
10-04 21:45:48.685 19322 19322 I ViewRootImpl@212231f[MainActivity]:   fl=85810100
10-04 21:45:48.685 19322 19322 I ViewRootImpl@212231f[MainActivity]:   pfl=12020040
10-04 21:45:48.685 19322 19322 I ViewRootImpl@212231f[MainActivity]:   vsysui=500
10-04 21:45:48.685 19322 19322 I ViewRootImpl@212231f[MainActivity]:   bhv=DEFAULT
10-04 21:45:48.685 19322 19322 I ViewRootImpl@212231f[MainActivity]:   fitSides= naviIconColor=0}
10-04 21:45:48.697 19322 19322 I ViewRootImpl@212231f[MainActivity]: updateBlastSurfaceIfNeeded mBlastBufferQueue=null isSameSurfaceControl=false
10-04 21:45:48.698 19322 19322 I BLASTBufferQueue: new BLASTBufferQueue, mName= ViewRootImpl@212231f[MainActivity] mNativeObject= 0x7b30b9bd00 sc.mNativeObject= 0x7b2cd31d00 caller= android.view.ViewRootImpl.updateBlastSurfaceIfNeeded:2909 android.view.ViewRootImpl.relayoutWindow:9847 android.view.ViewRootImpl.performTraversals:3884 android.view.ViewRootImpl.doTraversal:3116 android.view.ViewRootImpl$TraversalRunnable.run:10885 android.view.Choreographer$CallbackRecord.run:1301 android.view.Choreographer$CallbackRecord.run:1309 android.view.Choreographer.doCallbacks:923 android.view.Choreographer.doFrame:852 android.view.Choreographer$FrameDisplayEventReceiver.run:1283 
10-04 21:45:48.698 19322 19322 I BLASTBufferQueue: update, w= 1080 h= 2400 mName = ViewRootImpl@212231f[MainActivity] mNativeObject= 0x7b30b9bd00 sc.mNativeObject= 0x7b2cd31d00 format= -2 caller= android.graphics.BLASTBufferQueue.<init>:84 android.view.ViewRootImpl.updateBlastSurfaceIfNeeded:2909 android.view.ViewRootImpl.relayoutWindow:9847 android.view.ViewRootImpl.performTraversals:3884 android.view.ViewRootImpl.doTraversal:3116 android.view.ViewRootImpl$TraversalRunnable.run:10885 
10-04 21:45:48.698 19322 19322 I ViewRootImpl@212231f[MainActivity]: Relayout returned: old=(0,0,1080,2400) new=(0,0,1080,2400) req=(1080,2400)0 dur=12 res=0x3 s={true 0x7b2cb01800} ch=true seqId=0
10-04 21:45:48.699 19322 19322 I ViewRootImpl@212231f[MainActivity]: mThreadedRenderer.initialize() mSurface={isValid=true 0x7b2cb01800} hwInitialized=true
10-04 21:45:48.699 19322 19347 D OpenGLRenderer: eglCreateWindowSurface
10-04 21:45:48.711 19322 19322 D AbsListView:  in onLayout changed 
10-04 21:45:48.712 19322 19322 I ViewRootImpl@212231f[MainActivity]: reportNextDraw android.view.ViewRootImpl.performTraversals:4438 android.view.ViewRootImpl.doTraversal:3116 android.view.ViewRootImpl$TraversalRunnable.run:10885 android.view.Choreographer$CallbackRecord.run:1301 android.view.Choreographer$CallbackRecord.run:1309 
10-04 21:45:48.712 19322 19322 I ViewRootImpl@212231f[MainActivity]: Setup new sync id=0
10-04 21:45:48.712 19322 19322 I ViewRootImpl@212231f[MainActivity]: Setting syncFrameCallback
10-04 21:45:48.713 19322 19322 I ViewRootImpl@212231f[MainActivity]: registerCallbacksForSync syncBuffer=false
10-04 21:45:48.730 19322 19419 I ViewRootImpl@212231f[MainActivity]: Received frameDrawingCallback syncResult=0 frameNum=1.
10-04 21:45:48.730 19322 19419 I ViewRootImpl@212231f[MainActivity]: Setting up sync and frameCommitCallback
10-04 21:45:48.752 19322 19347 I BLASTBufferQueue: [ViewRootImpl@212231f[MainActivity]#2](f:0,a:0) onFrameAvailable the first frame is available
10-04 21:45:48.753 19322 19347 I ViewRootImpl@212231f[MainActivity]: Received frameCommittedCallback lastAttemptedDrawFrameNum=1 didProduceBuffer=true
10-04 21:45:48.755 19322 19347 D OpenGLRenderer: CFMS:: SetUp Pid : 19322    Tid : 19347
10-04 21:45:48.758 19322 19322 I ViewRootImpl@212231f[MainActivity]: onSyncComplete
10-04 21:45:48.759 19322 19322 I ViewRootImpl@212231f[MainActivity]: setupSync seqId=0 mSyncId=0 fn=1 caller=android.view.ViewRootImpl$$ExternalSyntheticLambda11.accept:6 android.window.SurfaceSyncer.lambda$setupSync$1$android-window-SurfaceSyncer:128 android.window.SurfaceSyncer$$ExternalSyntheticLambda1.accept:8 android.window.SurfaceSyncer$SyncSet.checkIfSyncIsComplete:382 android.window.SurfaceSyncer$SyncSet.markSyncReady:359 android.window.SurfaceSyncer.markSyncReady:151 android.view.ViewRootImpl.performTraversals:4503 
10-04 21:45:48.763 19322 19322 I ViewRootImpl@212231f[MainActivity]: reportDrawFinished seqId=0 mSyncId=-1 fn=1 mSurfaceChangedTransaction=0x7b30fc9c00
10-04 21:45:48.785 19322 19322 I ViewRootImpl@3bedb8a[MainActivity]: MSG_WINDOW_FOCUS_CHANGED 0 0
10-04 21:45:48.826 19322 19322 I ViewRootImpl@212231f[MainActivity]: MSG_WINDOW_FOCUS_CHANGED 1 0
10-04 21:45:48.826 19322 19322 I ViewRootImpl@212231f[MainActivity]: mThreadedRenderer.initializeIfNeeded()#2 mSurface={isValid=true 0x7b2cb01800}
10-04 21:45:48.829 19322 19322 D InputMethodManager: startInputInner - Id : 0
10-04 21:45:48.830 19322 19322 I InputMethodManager: startInputInner - mService.startInputOrWindowGainedFocus
10-04 21:45:49.029 19322 19347 D OpenGLRenderer: setSurface called with nullptr
10-04 21:45:49.029 19322 19347 D OpenGLRenderer: setSurface() destroyed EGLSurface
10-04 21:45:49.029 19322 19347 D OpenGLRenderer: destroyEglSurface
10-04 21:45:49.031 19322 19322 I ViewRootImpl@fab055[Toast]: dispatchDetachedFromWindow
10-04 21:45:49.048 19322 19322 D InputTransport: Input channel destroyed: '3f9750a', fd=196
10-04 21:45:49.955 19322 19322 I ViewRootImpl@212231f[MainActivity]: ViewPostIme pointer 0
10-04 21:45:49.995 19322 19322 I ViewRootImpl@212231f[MainActivity]: ViewPostIme pointer 1
10-04 21:45:49.996 19322 19322 D AbsListView: onTouchUp() mTouchMode : 0
10-04 21:45:50.071 19322 19322 I MSHandlerLifeCycle: removeMultiSplitHandler: no exist. decor=DecorView@ea66a28[MainActivity]
10-04 21:45:50.073 19322 19347 D OpenGLRenderer: setSurface called with nullptr
10-04 21:45:50.073 19322 19347 D OpenGLRenderer: setSurface() destroyed EGLSurface
10-04 21:45:50.073 19322 19347 D OpenGLRenderer: destroyEglSurface
10-04 21:45:50.075 19322 19347 D OpenGLRenderer: endAllActiveAnimators on 0x7b2ce21200 (MaterialTextView) with handle 0x7b433b4320
10-04 21:45:50.075 19322 19322 I ViewRootImpl@212231f[MainActivity]: dispatchDetachedFromWindow
10-04 21:45:50.101 19322 19322 D InputTransport: Input channel destroyed: '3a231e5', fd=177
10-04 21:45:50.109 19322 19322 D InsetsController: onStateChanged: InsetsState: {mDisplayFrame=Rect(0, 0 - 1080, 2400), mDisplayCutout=DisplayCutout{insets=Rect(0, 88 - 0, 0) waterfall=Insets{left=0, top=0, right=0, bottom=0} boundingRect={Bounds=[Rect(0, 0 - 0, 0), Rect(512, 0 - 568, 88), Rect(0, 0 - 0, 0), Rect(0, 0 - 0, 0)]} cutoutPathParserInfo={CutoutPathParserInfo{displayWidth=1080 displayHeight=2400 physicalDisplayWidth=1080 physicalDisplayHeight=2400 density={2.625} cutoutSpec={M 0,0 M 0,12.25101276465640 a 10.60613009248640,10.60613009248640 0 1,0 0,21.21226018497290 a 10.60613009248640,10.60613009248640 0 1,0 0,-21.21226018497290 Z @dp} rotation={0} scale={1.0} physicalPixelDisplaySizeRatio={1.0}}}}, mRoundedCorners=RoundedCorners{[RoundedCorner{position=TopLeft, radius=84, center=Point(84, 84)}, RoundedCorner{position=TopRight, radius=84, center=Point(996, 84)}, RoundedCorner{position=BottomRight, radius=84, center=Point(996, 2316)}, RoundedCorner{position=BottomLeft, radius=84, center=Point(84, 2316)}]}  mRoundedCornerFrame=Rect(0, 0 - 1080, 2400), mPrivacyIndicatorBounds=PrivacyIndicatorBounds {static bounds=Rect(964, 0 - 1080, 87) rotation=0}, mSources= { InsetsSource: {mType=ITYPE_STATUS_BAR, mFrame=[0,0][1080,88], mVisible=true, mInsetsRoundedCornerFrame=false}, InsetsSource: {mType=ITYPE_NAVIGATION_BAR, mFrame=[0,2361][1080,2400], mVisible=true, mInsetsRoundedCornerFrame=false}, InsetsSource: {mType=ITYPE_LEFT_GESTURES, mFrame=[0,0][130,2400], mVisible=true, mInsetsRoundedCornerFrame=false}, InsetsSource: {mType=ITYPE_RIGHT_GESTURES, mFrame=[950,0][1080,2400], mVisible=true, mInsetsRoundedCornerFrame=false}, InsetsSource: {mType=ITYPE_TOP_MANDATORY_GESTURES, mFrame=[0,0][1080,120], mVisible=true, mInsetsRoundedCornerFrame=false}, InsetsSource: {mType=ITYPE_BOTTOM_MANDATORY_GESTURES, mFrame=[0,2316][1080,2400], mVisible=true, mInsetsRoundedCornerFrame=false}, InsetsSource: {mType=ITYPE_LEFT_DISPLAY_CUTOUT, mFrame=[0,0][-100000,2400], mVisible=true, mInsetsRoundedCornerFrame=false}, InsetsSource: {mType=ITYPE_TOP_DISPLAY_CUTOUT, mFrame=[0,0][1080,88], mVisible=true, mInsetsRoundedCornerFrame=false}, InsetsSource: {mType=ITYPE_RIGHT_DISPLAY_CUTOUT, mFrame=[100000,0][1080,2400], mVisible=true, mInsetsRoundedCornerFrame=false}, InsetsSource: {mType=ITYPE_BOTTOM_DISPLAY_CUTOUT, mFrame=[0,100000][1080,2400], mVisible=true, mInsetsRoundedCornerFrame=false}, InsetsSource: {mType=ITYPE_TOP_TAPPABLE_ELEMENT, mFrame=[0,0][1080,88], mVisible=true, mInsetsRoundedCornerFrame=false}, InsetsSource: {mType=ITYPE_BOTTOM_TAPPABLE_ELEMENT, mFrame=[0,0][0,0], mVisible=true, mInsetsRoundedCornerFrame=false} } host=com.lagradost.cloudstream3/com.lagradost.cloudstream3.MainActivity from=android.view.ViewRootImpl$ViewRootHandler.handleMessageImpl:6740
10-04 21:45:50.126 19322 19322 I ViewRootImpl@3bedb8a[MainActivity]: performTraversals mFirst=false windowShouldResize=false viewVisibilityChanged=false mForceNextWindowRelayout=false params={(0,0)(fillxfill) sim={state=always_hidden adjust=pan} ty=BASE_APPLICATION wanim=0x1030309
10-04 21:45:50.126 19322 19322 I ViewRootImpl@3bedb8a[MainActivity]:   fl=85810100
10-04 21:45:50.126 19322 19322 I ViewRootImpl@3bedb8a[MainActivity]:   pfl=12020040
10-04 21:45:50.126 19322 19322 I ViewRootImpl@3bedb8a[MainActivity]:   vsysui=500
10-04 21:45:50.126 19322 19322 I ViewRootImpl@3bedb8a[MainActivity]:   bhv=DEFAULT
10-04 21:45:50.126 19322 19322 I ViewRootImpl@3bedb8a[MainActivity]:   fitSides= naviIconColor=0}
10-04 21:45:50.135 19322 19322 I ViewRootImpl@3bedb8a[MainActivity]: updateBlastSurfaceIfNeeded mBlastBufferQueue=0x7b448ab500 isSameSurfaceControl=true
10-04 21:45:50.136 19322 19322 I BLASTBufferQueue: update, w= 1080 h= 2400 mName = ViewRootImpl@3bedb8a[MainActivity] mNativeObject= 0x7b448ab500 sc.mNativeObject= 0x7bcd788400 format= -1 caller= android.view.ViewRootImpl.updateBlastSurfaceIfNeeded:2898 android.view.ViewRootImpl.relayoutWindow:9847 android.view.ViewRootImpl.performTraversals:3884 android.view.ViewRootImpl.doTraversal:3116 android.view.ViewRootImpl$TraversalRunnable.run:10885 android.view.Choreographer$CallbackRecord.run:1301 
10-04 21:45:50.136 19322 19322 I ViewRootImpl@3bedb8a[MainActivity]: Relayout returned: old=(0,0,1080,2400) new=(0,0,1080,2400) req=(1080,2400)0 dur=9 res=0x0 s={true 0x7bdd45d800} ch=false seqId=0
10-04 21:45:50.232 19322 19322 I ViewRootImpl@3bedb8a[MainActivity]: MSG_WINDOW_FOCUS_CHANGED 1 0
10-04 21:45:50.232 19322 19322 I ViewRootImpl@3bedb8a[MainActivity]: mThreadedRenderer.initializeIfNeeded()#2 mSurface={isValid=true 0x7bdd45d800}
10-04 21:45:50.241 19322 19322 D InputMethodManager: startInputInner - Id : 0
10-04 21:45:50.241 19322 19322 I InputMethodManager: startInputInner - mService.startInputOrWindowGainedFocus
10-04 21:45:51.718 19322 19332 W st.cloudstream3: Cleared Reference was only reachable from finalizer (only reported once)
10-04 21:45:51.784 19322 19332 I st.cloudstream3: Background concurrent copying GC freed 28MB AllocSpace bytes, 142(15MB) LOS objects, 47% free, 26MB/50MB, paused 472us,110us total 198.025ms
10-04 21:45:51.785 19322 19347 D OpenGLRenderer: setSurface called with nullptr
10-04 21:45:51.792 19322 19347 D OpenGLRenderer: setSurface called with nullptr
10-04 21:45:51.793 19322 19333 D InputTransport: Input channel destroyed: 'ClientS', fd=160
10-04 21:45:51.793 19322 19333 D InputTransport: Input channel destroyed: 'ClientS', fd=170
10-04 21:45:51.813 19322 19334 W System  : A resource failed to call close. 
10-04 21:45:52.629 19322 19322 I ViewRootImpl@3bedb8a[MainActivity]: performTraversals mFirst=false windowShouldResize=false viewVisibilityChanged=false mForceNextWindowRelayout=false params={(0,0)(fillxfill) sim={state=always_hidden adjust=resize} ty=BASE_APPLICATION wanim=0x1030309
10-04 21:45:52.629 19322 19322 I ViewRootImpl@3bedb8a[MainActivity]:   fl=85810100
10-04 21:45:52.629 19322 19322 I ViewRootImpl@3bedb8a[MainActivity]:   pfl=12020040
10-04 21:45:52.629 19322 19322 I ViewRootImpl@3bedb8a[MainActivity]:   vsysui=500
10-04 21:45:52.629 19322 19322 I ViewRootImpl@3bedb8a[MainActivity]:   bhv=DEFAULT
10-04 21:45:52.629 19322 19322 I ViewRootImpl@3bedb8a[MainActivity]:   fitSides= naviIconColor=0}
10-04 21:45:52.639 19322 19322 I ViewRootImpl@3bedb8a[MainActivity]: updateBlastSurfaceIfNeeded mBlastBufferQueue=0x7b448ab500 isSameSurfaceControl=true
10-04 21:45:52.640 19322 19322 I BLASTBufferQueue: update, w= 1080 h= 2400 mName = ViewRootImpl@3bedb8a[MainActivity] mNativeObject= 0x7b448ab500 sc.mNativeObject= 0x7bed8aa320 format= -1 caller= android.view.ViewRootImpl.updateBlastSurfaceIfNeeded:2898 android.view.ViewRootImpl.relayoutWindow:9847 android.view.ViewRootImpl.performTraversals:3884 android.view.ViewRootImpl.doTraversal:3116 android.view.ViewRootImpl$TraversalRunnable.run:10885 android.view.Choreographer$CallbackRecord.run:1301 
10-04 21:45:52.640 19322 19322 I ViewRootImpl@3bedb8a[MainActivity]: Relayout returned: old=(0,0,1080,2400) new=(0,0,1080,2400) req=(1080,2400)0 dur=10 res=0x0 s={true 0x7bdd45d800} ch=false seqId=0
10-04 21:45:57.116 19322 19322 I ViewRootImpl@3bedb8a[MainActivity]: ViewPostIme pointer 0
10-04 21:45:57.163 19322 19322 I ViewRootImpl@3bedb8a[MainActivity]: ViewPostIme pointer 1
10-04 21:45:57.186 19322 19322 I NavComponent: Navigating to fragment: 2131362274
10-04 21:45:57.229 19322 19322 I IMM_LC  : hsifw() - flag : 0
10-04 21:45:57.229 19322 19322 I IMM_LC  : hsifw() - mService.hideSoftInput
10-04 21:45:57.299 19322 19322 D ScrollView: initGoToTop
10-04 21:45:57.584 19322 19322 I SurfaceView@f0645d2: onWindowVisibilityChanged(0) true android.view.SurfaceView{f0645d2 V.E...... ......I. 0,0-0,0} of ViewRootImpl@3bedb8a[MainActivity]
10-04 21:45:57.584 19322 19322 D SurfaceView@f0645d2: updateSurface: has no frame
10-04 21:45:57.592 19322 19322 I CS3ExoPlayer: SET STYLE = SaveCaptionStyle(foregroundColor=-1, backgroundColor=0, windowColor=0, edgeType=1, edgeColor=-16777216, typeface=null, typefaceFilePath=null, elevation=20, fixedTextSize=null, edgeSize=null, removeCaptions=false, removeBloat=true, upperCase=false, bold=false, italic=false, backgroundRadius=null)
10-04 21:45:57.608 19322 19322 D VideoClickActionHolder: allVideoClickActions: [null:com.lagradost.cloudstream3.actions.temp.PlayInBrowserAction, null:com.lagradost.cloudstream3.actions.temp.CopyClipboardAction, null:com.lagradost.cloudstream3.actions.temp.ViewM3U8Action, null:com.lagradost.cloudstream3.actions.temp.VlcPackage, null:com.lagradost.cloudstream3.actions.temp.MpvPackage, null:com.lagradost.cloudstream3.actions.temp.NextPlayerPackage, null:com.lagradost.cloudstream3.actions.temp.JustPlayerPackage, null:com.lagradost.cloudstream3.actions.temp.fcast.FcastAction, null:com.lagradost.cloudstream3.actions.temp.LibreTorrentPackage, null:com.lagradost.cloudstream3.actions.temp.BiglyBTPackage, null:com.lagradost.cloudstream3.actions.temp.VlcNightlyPackage, null:com.lagradost.cloudstream3.actions.temp.WebVideoCastPackage, null:com.lagradost.cloudstream3.actions.temp.MpvYTDLPackage, null:com.lagradost.cloudstream3.actions.temp.MpvKtPackage, null:com.lagradost.cloudstream3.actions.temp.MpvKtPreviewPackage, null:com.lagradost.cloudstream3.actions.AlwaysAskAction]
10-04 21:45:57.609 19322 19322 I IMM_LC  : hsifw() - flag : 0
10-04 21:45:57.609 19322 19322 I IMM_LC  : hsifw() - mService.hideSoftInput
10-04 21:45:57.611 19322 19379 I SYNCVM  : addFromUrl = https://wecima.now/watch/%d9%85%d8%b4%d8%a7%d9%87%d8%af%d8%a9-%d9%85%d8%b3%d9%84%d8%b3%d9%84-loves-ambition-%d9%85%d9%88%d8%b3%d9%85-1-%d8%ad%d9%84%d9%82%d8%a9-12/
10-04 21:45:57.611 19322 19379 I SYNCUTIL: getIdsFromUrl https://wecima.now/watch/%d9%85%d8%b4%d8%a7%d9%87%d8%af%d8%a9-%d9%85%d8%b3%d9%84%d8%b3%d9%84-loves-ambition-%d9%85%d9%88%d8%b3%d9%85-1-%d8%ad%d9%84%d9%82%d8%a9-12/
10-04 21:45:57.625 19322 19322 I SurfaceView@f0645d2: onWindowVisibilityChanged(8) false android.view.SurfaceView{f0645d2 V.E...... ......I. 0,0-0,0} of ViewRootImpl@3bedb8a[MainActivity]
10-04 21:45:57.626 19322 19322 D SurfaceView@f0645d2: updateSurface: has no frame
10-04 21:45:57.626 19322 19322 D SurfaceView@f0645d2: updateSurface: has no frame
10-04 21:45:57.626 19322 19322 I SurfaceView@f0645d2: onDetachedFromWindow: tryReleaseSurfaces()
10-04 21:45:57.626 19322 19322 I SurfaceView@f0645d2: releaseSurfaces: viewRoot = ViewRootImpl@3bedb8a[MainActivity]
10-04 21:45:57.626 19322 19322 I SurfaceView@f0645d2: applyTransactionOnVriDraw: vri = ViewRootImpl@3bedb8a[MainActivity] fRS = true t = 0x7aebb0e400 android.view.SurfaceView.releaseSurfaces:858 android.view.SurfaceView.onDetachedFromWindow:500 android.view.View.dispatchDetachedFromWindow:22538 
10-04 21:45:57.626 19322 19322 I SurfaceView@f0645d2: applyTransactionOnVriDraw: viewRoot.applyTransactionOnDrawFromReleaseSurfaces
10-04 21:45:57.626 19322 19322 I ViewRootImpl@3bedb8a[MainActivity]: applyTransactionOnDraw: mRemoved = false isHardwareEnabled = true t = 0x7aebb0e400android.view.ViewRootImpl.applyTransactionOnDrawFromReleaseSurfaces:12850 android.view.SurfaceView.applyTransactionOnVriDraw:2046 android.view.SurfaceView.releaseSurfaces:858 android.view.SurfaceView.onDetachedFromWindow:500 android.view.View.dispatchDetachedFromWindow:22538 
10-04 21:45:57.627 19322 19322 I SurfaceView@f0645d2: onWindowVisibilityChanged(0) true android.view.SurfaceView{f0645d2 V.E...... ......I. 0,0-0,0} of ViewRootImpl@3bedb8a[MainActivity]
10-04 21:45:57.627 19322 19322 D SurfaceView@f0645d2: updateSurface: has no frame
10-04 21:45:57.635 19322 19322 I DecorView: notifyKeepScreenOnChanged: keepScreenOn=false
10-04 21:45:57.648 19322 19322 I CS3ExoPlayer: reloadPlayer
10-04 21:45:57.648 19322 19322 I CS3ExoPlayer: releasePlayer
10-04 21:45:57.648 19322 19322 I CS3ExoPlayer: Handle event: PlayerAttachedEvent(player=null, source=Player)
10-04 21:45:57.656 19322 19322 I ViewRootImpl@3bedb8a[MainActivity]: performTraversals params={(0,0)(fillxfill) sim={state=always_hidden adjust=resize} ty=BASE_APPLICATION wanim=0x1030309
10-04 21:45:57.656 19322 19322 I ViewRootImpl@3bedb8a[MainActivity]:   fl=85810100
10-04 21:45:57.656 19322 19322 I ViewRootImpl@3bedb8a[MainActivity]:   pfl=12020040
10-04 21:45:57.656 19322 19322 I ViewRootImpl@3bedb8a[MainActivity]:   vsysui=500
10-04 21:45:57.656 19322 19322 I ViewRootImpl@3bedb8a[MainActivity]:   bhv=DEFAULT
10-04 21:45:57.656 19322 19322 I ViewRootImpl@3bedb8a[MainActivity]:   fitSides= naviIconColor=0}
10-04 21:45:57.657 19322 19322 I ViewRootImpl@3bedb8a[MainActivity]: performTraversals mFirst=false windowShouldResize=false viewVisibilityChanged=false mForceNextWindowRelayout=false params={(0,0)(fillxfill) sim={state=always_hidden adjust=resize} ty=BASE_APPLICATION fmt=TRANSLUCENT wanim=0x1030309
10-04 21:45:57.657 19322 19322 I ViewRootImpl@3bedb8a[MainActivity]:   fl=85810100
10-04 21:45:57.657 19322 19322 I ViewRootImpl@3bedb8a[MainActivity]:   pfl=12020040
10-04 21:45:57.657 19322 19322 I ViewRootImpl@3bedb8a[MainActivity]:   vsysui=500
10-04 21:45:57.657 19322 19322 I ViewRootImpl@3bedb8a[MainActivity]:   bhv=DEFAULT
10-04 21:45:57.657 19322 19322 I ViewRootImpl@3bedb8a[MainActivity]:   fitSides= naviIconColor=0}
10-04 21:45:57.667 19322 19322 I ViewRootImpl@3bedb8a[MainActivity]: updateBlastSurfaceIfNeeded mBlastBufferQueue=0x7b448ab500 isSameSurfaceControl=true
10-04 21:45:57.667 19322 19322 I BLASTBufferQueue: update, w= 1080 h= 2400 mName = ViewRootImpl@3bedb8a[MainActivity] mNativeObject= 0x7b448ab500 sc.mNativeObject= 0x7aeba93200 format= -3 caller= android.view.ViewRootImpl.updateBlastSurfaceIfNeeded:2898 android.view.ViewRootImpl.relayoutWindow:9847 android.view.ViewRootImpl.performTraversals:3884 android.view.ViewRootImpl.doTraversal:3116 android.view.ViewRootImpl$TraversalRunnable.run:10885 android.view.Choreographer$CallbackRecord.run:1301 
10-04 21:45:57.667 19322 19322 I ViewRootImpl@3bedb8a[MainActivity]: Relayout returned: old=(0,0,1080,2400) new=(0,0,1080,2400) req=(1080,2400)0 dur=10 res=0x0 s={true 0x7bdd45d800} ch=false seqId=0
10-04 21:45:57.669 19322 19322 W View    : requestLayout() improperly called by android.widget.FrameLayout{fd30002 I.E...... ......I. 0,0-0,0 #7f0a04e7 app:id/start_panel} during layout: running second layout pass
10-04 21:45:57.669 19322 19322 W View    : requestLayout() improperly called by android.widget.FrameLayout{a63cd13 I.E...... ......ID 1080,0-1080,2143 #7f0a0168 app:id/end_panel} during layout: running second layout pass
10-04 21:45:57.670 19322 19322 D SurfaceView@f0645d2: updateSurface: has no frame
10-04 21:45:57.675 19322 19420 I ViewRootImpl@3bedb8a[MainActivity]: mWNT: t=0x7aebb0e400 mBlastBufferQueue=0x7b448ab500 fn= 384 caller= android.view.ViewRootImpl.lambda$applyTransactionOnDraw$11$android-view-ViewRootImpl:12865 android.view.ViewRootImpl$$ExternalSyntheticLambda1.onFrameDraw:4 android.graphics.HardwareRenderer$FrameDrawingCallback.onFrameDraw:924 
10-04 21:45:57.678 19322 19322 D SurfaceView@f0645d2: updateSurface: has no frame
10-04 21:45:57.697 19322 19322 D SurfaceView@f0645d2: updateSurface: has no frame
10-04 21:45:57.714 19322 19322 D SurfaceView@f0645d2: updateSurface: has no frame
10-04 21:45:57.748 19322 19322 D SurfaceView@f0645d2: updateSurface: has no frame
10-04 21:45:57.765 19322 19322 D SurfaceView@f0645d2: updateSurface: has no frame
10-04 21:45:57.781 19322 19322 D SurfaceView@f0645d2: updateSurface: has no frame
10-04 21:45:57.798 19322 19322 D SurfaceView@f0645d2: updateSurface: has no frame
10-04 21:45:57.820 19322 19322 D SurfaceView@f0645d2: updateSurface: has no frame
10-04 21:45:57.831 19322 19322 D SurfaceView@f0645d2: updateSurface: has no frame
10-04 21:45:57.848 19322 19322 D SurfaceView@f0645d2: updateSurface: has no frame
10-04 21:45:57.865 19322 19322 D SurfaceView@f0645d2: updateSurface: has no frame
10-04 21:45:57.881 19322 19322 D SurfaceView@f0645d2: updateSurface: has no frame
10-04 21:45:57.898 19322 19322 D SurfaceView@f0645d2: updateSurface: has no frame
10-04 21:45:57.915 19322 19322 D SurfaceView@f0645d2: updateSurface: has no frame
10-04 21:45:57.932 19322 19322 D SurfaceView@f0645d2: updateSurface: has no frame
10-04 21:45:57.948 19322 19322 D SurfaceView@f0645d2: updateSurface: has no frame
10-04 21:45:57.965 19322 19322 D SurfaceView@f0645d2: updateSurface: has no frame
10-04 21:45:57.981 19322 19322 D SurfaceView@f0645d2: updateSurface: has no frame
10-04 21:45:57.998 19322 19322 D SurfaceView@f0645d2: updateSurface: has no frame
10-04 21:45:58.014 19322 19322 D SurfaceView@f0645d2: updateSurface: has no frame
10-04 21:45:58.031 19322 19322 D SurfaceView@f0645d2: updateSurface: has no frame
10-04 21:45:58.048 19322 19322 D SurfaceView@f0645d2: updateSurface: has no frame
10-04 21:45:58.064 19322 19322 D SurfaceView@f0645d2: updateSurface: has no frame
10-04 21:45:58.081 19322 19322 D SurfaceView@f0645d2: updateSurface: has no frame
10-04 21:45:58.098 19322 19322 D SurfaceView@f0645d2: updateSurface: has no frame
10-04 21:45:58.115 19322 19322 D SurfaceView@f0645d2: updateSurface: has no frame
10-04 21:45:58.131 19322 19322 D SurfaceView@f0645d2: updateSurface: has no frame
10-04 21:45:58.148 19322 19322 D SurfaceView@f0645d2: updateSurface: has no frame
10-04 21:45:58.164 19322 19322 D SurfaceView@f0645d2: updateSurface: has no frame
10-04 21:45:58.181 19322 19322 D SurfaceView@f0645d2: updateSurface: has no frame
10-04 21:45:58.198 19322 19322 D SurfaceView@f0645d2: updateSurface: has no frame
10-04 21:45:58.214 19322 19322 D SurfaceView@f0645d2: updateSurface: has no frame
10-04 21:45:58.231 19322 19322 D SurfaceView@f0645d2: updateSurface: has no frame
10-04 21:45:58.248 19322 19322 D SurfaceView@f0645d2: updateSurface: has no frame
10-04 21:45:58.264 19322 19322 D SurfaceView@f0645d2: updateSurface: has no frame
10-04 21:45:58.281 19322 19322 D SurfaceView@f0645d2: updateSurface: has no frame
10-04 21:45:58.298 19322 19322 D SurfaceView@f0645d2: updateSurface: has no frame
10-04 21:45:58.315 19322 19322 D SurfaceView@f0645d2: updateSurface: has no frame
10-04 21:45:58.331 19322 19322 D SurfaceView@f0645d2: updateSurface: has no frame
10-04 21:45:58.348 19322 19322 D SurfaceView@f0645d2: updateSurface: has no frame
10-04 21:45:58.364 19322 19322 D SurfaceView@f0645d2: updateSurface: has no frame
10-04 21:45:58.381 19322 19322 D SurfaceView@f0645d2: updateSurface: has no frame
10-04 21:45:58.399 19322 19322 D SurfaceView@f0645d2: updateSurface: has no frame
10-04 21:45:58.415 19322 19322 D SurfaceView@f0645d2: updateSurface: has no frame
10-04 21:45:58.433 19322 19322 D SurfaceView@f0645d2: updateSurface: has no frame
10-04 21:45:58.448 19322 19322 D SurfaceView@f0645d2: updateSurface: has no frame
10-04 21:45:58.469 19322 19322 D SurfaceView@f0645d2: updateSurface: has no frame
10-04 21:45:58.505 19322 19322 D SurfaceView@f0645d2: updateSurface: has no frame
10-04 21:45:58.512 19322 19332 I st.cloudstream3: Background concurrent copying GC freed 12MB AllocSpace bytes, 97(14MB) LOS objects, 47% free, 26MB/50MB, paused 282us,488us total 184.308ms
10-04 21:45:58.514 19322 19322 D SurfaceView@f0645d2: updateSurface: has no frame
10-04 21:45:58.531 19322 19322 D SurfaceView@f0645d2: updateSurface: has no frame
10-04 21:45:58.547 19322 19322 D SurfaceView@f0645d2: updateSurface: has no frame
10-04 21:45:58.564 19322 19322 D SurfaceView@f0645d2: updateSurface: has no frame
10-04 21:45:58.581 19322 19322 D SurfaceView@f0645d2: updateSurface: has no frame
10-04 21:45:58.597 19322 19322 D SurfaceView@f0645d2: updateSurface: has no frame
10-04 21:45:58.614 19322 19322 D SurfaceView@f0645d2: updateSurface: has no frame
10-04 21:45:58.631 19322 19322 D SurfaceView@f0645d2: updateSurface: has no frame
10-04 21:45:58.647 19322 19322 D SurfaceView@f0645d2: updateSurface: has no frame
10-04 21:45:58.664 19322 19322 D SurfaceView@f0645d2: updateSurface: has no frame
10-04 21:45:58.681 19322 19322 D SurfaceView@f0645d2: updateSurface: has no frame
10-04 21:45:58.697 19322 19322 D SurfaceView@f0645d2: updateSurface: has no frame
10-04 21:45:58.714 19322 19322 D SurfaceView@f0645d2: updateSurface: has no frame
10-04 21:45:58.731 19322 19322 D SurfaceView@f0645d2: updateSurface: has no frame
10-04 21:45:58.747 19322 19322 D SurfaceView@f0645d2: updateSurface: has no frame
10-04 21:45:58.764 19322 19322 D SurfaceView@f0645d2: updateSurface: has no frame
10-04 21:45:58.781 19322 19322 D SurfaceView@f0645d2: updateSurface: has no frame
10-04 21:45:58.797 19322 19322 D SurfaceView@f0645d2: updateSurface: has no frame
10-04 21:45:58.814 19322 19322 D SurfaceView@f0645d2: updateSurface: has no frame
10-04 21:45:58.831 19322 19322 D SurfaceView@f0645d2: updateSurface: has no frame
10-04 21:45:58.847 19322 19322 D SurfaceView@f0645d2: updateSurface: has no frame
10-04 21:45:58.864 19322 19322 D SurfaceView@f0645d2: updateSurface: has no frame
10-04 21:45:58.881 19322 19322 D SurfaceView@f0645d2: updateSurface: has no frame
10-04 21:45:58.897 19322 19322 D SurfaceView@f0645d2: updateSurface: has no frame
10-04 21:45:58.914 19322 19322 D SurfaceView@f0645d2: updateSurface: has no frame
10-04 21:45:58.931 19322 19322 D SurfaceView@f0645d2: updateSurface: has no frame
10-04 21:45:58.947 19322 19322 D SurfaceView@f0645d2: updateSurface: has no frame
10-04 21:45:58.964 19322 19322 D SurfaceView@f0645d2: updateSurface: has no frame
10-04 21:45:58.981 19322 19322 D SurfaceView@f0645d2: updateSurface: has no frame
10-04 21:45:58.998 19322 19322 D SurfaceView@f0645d2: updateSurface: has no frame
10-04 21:45:59.014 19322 19322 D SurfaceView@f0645d2: updateSurface: has no frame
10-04 21:45:59.031 19322 19322 D SurfaceView@f0645d2: updateSurface: has no frame
10-04 21:45:59.047 19322 19322 D SurfaceView@f0645d2: updateSurface: has no frame
10-04 21:45:59.064 19322 19322 D SurfaceView@f0645d2: updateSurface: has no frame
10-04 21:45:59.081 19322 19322 D SurfaceView@f0645d2: updateSurface: has no frame
10-04 21:45:59.098 19322 19322 D SurfaceView@f0645d2: updateSurface: has no frame
10-04 21:45:59.114 19322 19322 D SurfaceView@f0645d2: updateSurface: has no frame
10-04 21:45:59.131 19322 19322 D SurfaceView@f0645d2: updateSurface: has no frame
10-04 21:45:59.147 19322 19322 D SurfaceView@f0645d2: updateSurface: has no frame
10-04 21:45:59.164 19322 19322 D SurfaceView@f0645d2: updateSurface: has no frame
10-04 21:45:59.181 19322 19322 D SurfaceView@f0645d2: updateSurface: has no frame
10-04 21:45:59.197 19322 19322 D SurfaceView@f0645d2: updateSurface: has no frame
10-04 21:45:59.214 19322 19322 D SurfaceView@f0645d2: updateSurface: has no frame
10-04 21:45:59.230 19322 19322 D SurfaceView@f0645d2: updateSurface: has no frame
10-04 21:45:59.247 19322 19322 D SurfaceView@f0645d2: updateSurface: has no frame
10-04 21:45:59.264 19322 19322 D SurfaceView@f0645d2: updateSurface: has no frame
10-04 21:45:59.270 19322 19372 I RVM2    : applyMeta
10-04 21:45:59.281 19322 19322 D SurfaceView@f0645d2: updateSurface: has no frame
10-04 21:45:59.297 19322 19322 D SurfaceView@f0645d2: updateSurface: has no frame
10-04 21:45:59.314 19322 19322 D SurfaceView@f0645d2: updateSurface: has no frame
10-04 21:45:59.330 19322 19322 D SurfaceView@f0645d2: updateSurface: has no frame
10-04 21:45:59.347 19322 19322 D SurfaceView@f0645d2: updateSurface: has no frame
10-04 21:45:59.364 19322 19322 D SurfaceView@f0645d2: updateSurface: has no frame
10-04 21:45:59.380 19322 19322 D SurfaceView@f0645d2: updateSurface: has no frame
10-04 21:45:59.397 19322 19322 D SurfaceView@f0645d2: updateSurface: has no frame
10-04 21:45:59.413 19322 19322 D SurfaceView@f0645d2: updateSurface: has no frame
10-04 21:45:59.430 19322 19322 D SurfaceView@f0645d2: updateSurface: has no frame
10-04 21:45:59.447 19322 19322 D SurfaceView@f0645d2: updateSurface: has no frame
10-04 21:45:59.463 19322 19322 D SurfaceView@f0645d2: updateSurface: has no frame
10-04 21:45:59.480 19322 19322 D SurfaceView@f0645d2: updateSurface: has no frame
10-04 21:45:59.497 19322 19322 D SurfaceView@f0645d2: updateSurface: has no frame
10-04 21:45:59.514 19322 19322 D SurfaceView@f0645d2: updateSurface: has no frame
10-04 21:45:59.529 19322 19322 W PanelsChildGestureRegionObserver: failed to register view with ID 2131362800. already registered
10-04 21:45:59.532 19322 19322 E CoilImgLoader: Error loading image: coil3.request.NullRequestDataException: The request's data is null.
10-04 21:45:59.539 19322 19322 E CoilImgLoader: Error loading image: coil3.request.NullRequestDataException: The request's data is null.
10-04 21:45:59.568 19322 19372 I SYNCVM  : addFromUrl = https://wecima.now/watch/%d9%85%d8%b4%d8%a7%d9%87%d8%af%d8%a9-%d9%85%d8%b3%d9%84%d8%b3%d9%84-loves-ambition-%d9%85%d9%88%d8%b3%d9%85-1-%d8%ad%d9%84%d9%82%d8%a9-12/
10-04 21:45:59.568 19322 19372 I SYNCUTIL: getIdsFromUrl https://wecima.now/watch/%d9%85%d8%b4%d8%a7%d9%87%d8%af%d8%a9-%d9%85%d8%b3%d9%84%d8%b3%d9%84-loves-ambition-%d9%85%d9%88%d8%b3%d9%85-1-%d8%ad%d9%84%d9%82%d8%a9-12/
10-04 21:45:59.717 19322 19322 D SurfaceView@f0645d2: updateSurface: has no frame
10-04 21:45:59.721 19322 19322 I SurfaceView@f0645d2: Changes: creating=true format=true size=true visible=true alpha=false hint=false mUseAlpha=false visible=true left=true top=true
10-04 21:45:59.724 19322 19322 I BLASTBufferQueue: update, w= 1080 h= 525 mName = null mNativeObject= 0x7bdd4a7d00 sc.mNativeObject= 0x7aeb50a700 format= 4 caller= android.view.SurfaceView.createBlastSurfaceControls:1383 android.view.SurfaceView.updateSurface:1079 android.view.SurfaceView.lambda$new$0$android-view-SurfaceView:200 android.view.SurfaceView$$ExternalSyntheticLambda5.onPreDraw:2 android.view.ViewTreeObserver.dispatchOnPreDraw:1121 android.view.ViewRootImpl.performTraversals:4442 
10-04 21:45:59.724 19322 19322 I SurfaceView@f0645d2: 252069330 Cur surface: Surface(name=null)/@0x915137e
10-04 21:45:59.724 19322 19322 I SurfaceView@f0645d2: pST: sr = Rect(0, 218 - 1080, 743) sw = 1080 sh = 525
10-04 21:45:59.724 19322 19322 D SurfaceView@f0645d2: performSurfaceTransaction RenderWorker position = [0, 218, 1080, 743] surfaceSize = 1080x525
10-04 21:45:59.725 19322 19322 I SurfaceView@f0645d2: applyTransactionOnVriDraw: vri = ViewRootImpl@3bedb8a[MainActivity] fRS = false t = 0x7b449e3800 android.view.SurfaceView.performSurfaceTransaction:959 android.view.SurfaceView.updateSurface:1105 android.view.SurfaceView.lambda$new$0$android-view-SurfaceView:200 
10-04 21:45:59.725 19322 19322 I ViewRootImpl@3bedb8a[MainActivity]: applyTransactionOnDraw: mRemoved = false isHardwareEnabled = true t = 0x7b449e3800android.view.SurfaceView.applyTransactionOnVriDraw:2048 android.view.SurfaceView.performSurfaceTransaction:959 android.view.SurfaceView.updateSurface:1105 android.view.SurfaceView.lambda$new$0$android-view-SurfaceView:200 android.view.SurfaceView$$ExternalSyntheticLambda5.onPreDraw:2 
10-04 21:45:59.725 19322 19322 I SurfaceView@f0645d2: updateSurface: mVisible = true mSurface.isValid() = true
10-04 21:45:59.725 19322 19322 I SurfaceView@f0645d2: updateSurface: mSurfaceCreated = false surfaceChanged = true visibleChanged = true
10-04 21:45:59.725 19322 19322 I SurfaceView@f0645d2: visibleChanged -- surfaceCreated
10-04 21:45:59.725 19322 19322 I SurfaceView@f0645d2: surfaceCreated 0 #8 android.view.SurfaceView{f0645d2 V.E...... ......ID 0,0-1080,525}
10-04 21:45:59.725 19322 19322 I SurfaceView@f0645d2: surfaceChanged -- format=4 w=1080 h=525
10-04 21:45:59.725 19322 19322 I SurfaceView@f0645d2: surfaceChanged (1080,525) 0 #8 android.view.SurfaceView{f0645d2 V.E...... ......ID 0,0-1080,525}
10-04 21:45:59.725 19322 19322 I SurfaceView@f0645d2: surfaceRedrawNeeded
10-04 21:45:59.726 19322 19322 V SurfaceView@f0645d2: Layout: x=0 y=218 w=1080 h=525, frame=Rect(0, 0 - 1080, 525)
10-04 21:45:59.738 19322 19419 D SurfaceView@f0645d2: updateSurfacePosition RenderWorker, frameNr = 494, position = [0, 218, 1080, 743] surfaceSize = 1080x525
10-04 21:45:59.739 19322 19419 I SurfaceView@f0645d2: uSP: rtp = Rect(0, 218 - 1080, 743) rtsw = 1080 rtsh = 525
10-04 21:45:59.739 19322 19419 I SurfaceView@f0645d2: onSSPAndSRT: pl = 0 pt = 218 sx = 1.0 sy = 1.0
10-04 21:45:59.740 19322 19419 I SurfaceView@f0645d2: aOrMT: ViewRootImpl@3bedb8a[MainActivity] t = android.view.SurfaceControl$Transaction@c9d0cd7 fN = 494 android.view.SurfaceView.-$$Nest$mapplyOrMergeTransaction:0 android.view.SurfaceView$SurfaceViewPositionUpdateListener.positionChanged:1537 android.graphics.RenderNode$CompositePositionUpdateListener.positionChanged:373 
10-04 21:45:59.740 19322 19419 I ViewRootImpl@3bedb8a[MainActivity]: mWNT: t=0x7b449e3900 mBlastBufferQueue=0x7b448ab500 fn= 494 caller= android.view.SurfaceView.applyOrMergeTransaction:1455 android.view.SurfaceView.-$$Nest$mapplyOrMergeTransaction:0 android.view.SurfaceView$SurfaceViewPositionUpdateListener.positionChanged:1537 
10-04 21:45:59.741 19322 19419 I ViewRootImpl@3bedb8a[MainActivity]: mWNT: t=0x7b449e3800 mBlastBufferQueue=0x7b448ab500 fn= 494 caller= android.view.ViewRootImpl.lambda$applyTransactionOnDraw$11$android-view-ViewRootImpl:12865 android.view.ViewRootImpl$$ExternalSyntheticLambda1.onFrameDraw:4 android.graphics.HardwareRenderer$FrameDrawingCallback.onFrameDraw:924 
10-04 21:45:59.812 19322 19322 I SurfaceView@f0645d2: finishedDrawing
10-04 21:46:03.573 19322 19322 I ViewRootImpl@3bedb8a[MainActivity]: ViewPostIme pointer 0
10-04 21:46:03.606 19322 19322 I SurfaceView@f0645d2: Changes: creating=false format=false size=false visible=false alpha=false hint=false mUseAlpha=false visible=false left=false top=true
10-04 21:46:03.607 19322 19322 I SurfaceView@f0645d2: 252069330 Cur surface: Surface(name=null)/@0x915137e
10-04 21:46:03.608 19322 19322 I SurfaceView@f0645d2: applyTransactionOnVriDraw: vri = ViewRootImpl@3bedb8a[MainActivity] fRS = false t = 0x7b44a70f00 android.view.SurfaceView.performSurfaceTransaction:959 android.view.SurfaceView.updateSurface:1105 android.view.SurfaceView.lambda$new$0$android-view-SurfaceView:200 
10-04 21:46:03.608 19322 19322 I ViewRootImpl@3bedb8a[MainActivity]: applyTransactionOnDraw: mRemoved = false isHardwareEnabled = true t = 0x7b44a70f00android.view.SurfaceView.applyTransactionOnVriDraw:2048 android.view.SurfaceView.performSurfaceTransaction:959 android.view.SurfaceView.updateSurface:1105 android.view.SurfaceView.lambda$new$0$android-view-SurfaceView:200 android.view.SurfaceView$$ExternalSyntheticLambda5.onPreDraw:2 
10-04 21:46:03.608 19322 19322 I SurfaceView@f0645d2: updateSurface: mVisible = true mSurface.isValid() = true
10-04 21:46:03.608 19322 19322 I SurfaceView@f0645d2: updateSurface: mSurfaceCreated = true surfaceChanged = false visibleChanged = false
10-04 21:46:03.609 19322 19322 V SurfaceView@f0645d2: Layout: x=0 y=215 w=1080 h=525, frame=Rect(0, 0 - 1080, 525)
10-04 21:46:03.613 19322 19420 D SurfaceView@f0645d2: updateSurfacePosition RenderWorker, frameNr = 514, position = [0, 215, 1080, 740] surfaceSize = 1080x525
10-04 21:46:03.613 19322 19420 I SurfaceView@f0645d2: uSP: rtp = Rect(0, 215 - 1080, 740) rtsw = 1080 rtsh = 525
10-04 21:46:03.613 19322 19420 I SurfaceView@f0645d2: onSSPAndSRT: pl = 0 pt = 215 sx = 1.0 sy = 1.0
10-04 21:46:03.613 19322 19420 I SurfaceView@f0645d2: aOrMT: ViewRootImpl@3bedb8a[MainActivity] t = android.view.SurfaceControl$Transaction@c9d0cd7 fN = 514 android.view.SurfaceView.-$$Nest$mapplyOrMergeTransaction:0 android.view.SurfaceView$SurfaceViewPositionUpdateListener.positionChanged:1537 android.graphics.RenderNode$CompositePositionUpdateListener.positionChanged:373 
10-04 21:46:03.614 19322 19420 I ViewRootImpl@3bedb8a[MainActivity]: mWNT: t=0x7b449e3900 mBlastBufferQueue=0x7b448ab500 fn= 514 caller= android.view.SurfaceView.applyOrMergeTransaction:1455 android.view.SurfaceView.-$$Nest$mapplyOrMergeTransaction:0 android.view.SurfaceView$SurfaceViewPositionUpdateListener.positionChanged:1537 
10-04 21:46:03.614 19322 19420 I ViewRootImpl@3bedb8a[MainActivity]: mWNT: t=0x7b44a70f00 mBlastBufferQueue=0x7b448ab500 fn= 514 caller= android.view.ViewRootImpl.lambda$applyTransactionOnDraw$11$android-view-ViewRootImpl:12865 android.view.ViewRootImpl$$ExternalSyntheticLambda1.onFrameDraw:4 android.graphics.HardwareRenderer$FrameDrawingCallback.onFrameDraw:924 
10-04 21:46:03.622 19322 19322 I SurfaceView@f0645d2: Changes: creating=false format=false size=false visible=false alpha=false hint=false mUseAlpha=false visible=false left=false top=true
10-04 21:46:03.622 19322 19322 I SurfaceView@f0645d2: 252069330 Cur surface: Surface(name=null)/@0x915137e
10-04 21:46:03.623 19322 19322 I SurfaceView@f0645d2: applyTransactionOnVriDraw: vri = ViewRootImpl@3bedb8a[MainActivity] fRS = false t = 0x7b44a70e00 android.view.SurfaceView.performSurfaceTransaction:959 android.view.SurfaceView.updateSurface:1105 android.view.SurfaceView.lambda$new$0$android-view-SurfaceView:200 
10-04 21:46:03.624 19322 19322 I ViewRootImpl@3bedb8a[MainActivity]: applyTransactionOnDraw: mRemoved = false isHardwareEnabled = true t = 0x7b44a70e00android.view.SurfaceView.applyTransactionOnVriDraw:2048 android.view.SurfaceView.performSurfaceTransaction:959 android.view.SurfaceView.updateSurface:1105 android.view.SurfaceView.lambda$new$0$android-view-SurfaceView:200 android.view.SurfaceView$$ExternalSyntheticLambda5.onPreDraw:2 
10-04 21:46:03.624 19322 19322 I SurfaceView@f0645d2: updateSurface: mVisible = true mSurface.isValid() = true
10-04 21:46:03.624 19322 19322 I SurfaceView@f0645d2: updateSurface: mSurfaceCreated = true surfaceChanged = false visibleChanged = false
10-04 21:46:03.624 19322 19322 V SurfaceView@f0645d2: Layout: x=0 y=141 w=1080 h=525, frame=Rect(0, 0 - 1080, 525)
10-04 21:46:03.635 19322 19419 D SurfaceView@f0645d2: updateSurfacePosition RenderWorker, frameNr = 515, position = [0, 141, 1080, 666] surfaceSize = 1080x525
10-04 21:46:03.635 19322 19419 I SurfaceView@f0645d2: uSP: rtp = Rect(0, 141 - 1080, 666) rtsw = 1080 rtsh = 525
10-04 21:46:03.635 19322 19419 I SurfaceView@f0645d2: onSSPAndSRT: pl = 0 pt = 141 sx = 1.0 sy = 1.0
10-04 21:46:03.636 19322 19419 I SurfaceView@f0645d2: aOrMT: ViewRootImpl@3bedb8a[MainActivity] t = android.view.SurfaceControl$Transaction@c9d0cd7 fN = 515 android.view.SurfaceView.-$$Nest$mapplyOrMergeTransaction:0 android.view.SurfaceView$SurfaceViewPositionUpdateListener.positionChanged:1537 android.graphics.RenderNode$CompositePositionUpdateListener.positionChanged:373 
10-04 21:46:03.636 19322 19419 I ViewRootImpl@3bedb8a[MainActivity]: mWNT: t=0x7b449e3900 mBlastBufferQueue=0x7b448ab500 fn= 515 caller= android.view.SurfaceView.applyOrMergeTransaction:1455 android.view.SurfaceView.-$$Nest$mapplyOrMergeTransaction:0 android.view.SurfaceView$SurfaceViewPositionUpdateListener.positionChanged:1537 
10-04 21:46:03.637 19322 19419 I ViewRootImpl@3bedb8a[MainActivity]: mWNT: t=0x7b44a70e00 mBlastBufferQueue=0x7b448ab500 fn= 515 caller= android.view.ViewRootImpl.lambda$applyTransactionOnDraw$11$android-view-ViewRootImpl:12865 android.view.ViewRootImpl$$ExternalSyntheticLambda1.onFrameDraw:4 android.graphics.HardwareRenderer$FrameDrawingCallback.onFrameDraw:924 
10-04 21:46:03.644 19322 19322 I SurfaceView@f0645d2: Changes: creating=false format=false size=false visible=false alpha=false hint=false mUseAlpha=false visible=false left=false top=true
10-04 21:46:03.644 19322 19322 I SurfaceView@f0645d2: 252069330 Cur surface: Surface(name=null)/@0x915137e
10-04 21:46:03.645 19322 19322 I SurfaceView@f0645d2: applyTransactionOnVriDraw: vri = ViewRootImpl@3bedb8a[MainActivity] fRS = false t = 0x7b449e3f00 android.view.SurfaceView.performSurfaceTransaction:959 android.view.SurfaceView.updateSurface:1105 android.view.SurfaceView.lambda$new$0$android-view-SurfaceView:200 
10-04 21:46:03.645 19322 19322 I ViewRootImpl@3bedb8a[MainActivity]: applyTransactionOnDraw: mRemoved = false isHardwareEnabled = true t = 0x7b449e3f00android.view.SurfaceView.applyTransactionOnVriDraw:2048 android.view.SurfaceView.performSurfaceTransaction:959 android.view.SurfaceView.updateSurface:1105 android.view.SurfaceView.lambda$new$0$android-view-SurfaceView:200 android.view.SurfaceView$$ExternalSyntheticLambda5.onPreDraw:2 
10-04 21:46:03.645 19322 19322 I SurfaceView@f0645d2: updateSurface: mVisible = true mSurface.isValid() = true
10-04 21:46:03.646 19322 19322 I SurfaceView@f0645d2: updateSurface: mSurfaceCreated = true surfaceChanged = false visibleChanged = false
10-04 21:46:03.646 19322 19322 V SurfaceView@f0645d2: Layout: x=0 y=40 w=1080 h=525, frame=Rect(0, 0 - 1080, 525)
10-04 21:46:03.658 19322 19420 D SurfaceView@f0645d2: updateSurfacePosition RenderWorker, frameNr = 516, position = [0, 40, 1080, 565] surfaceSize = 1080x525
10-04 21:46:03.659 19322 19420 I SurfaceView@f0645d2: uSP: rtp = Rect(0, 40 - 1080, 565) rtsw = 1080 rtsh = 525
10-04 21:46:03.659 19322 19420 I SurfaceView@f0645d2: onSSPAndSRT: pl = 0 pt = 40 sx = 1.0 sy = 1.0
10-04 21:46:03.659 19322 19420 I SurfaceView@f0645d2: aOrMT: ViewRootImpl@3bedb8a[MainActivity] t = android.view.SurfaceControl$Transaction@c9d0cd7 fN = 516 android.view.SurfaceView.-$$Nest$mapplyOrMergeTransaction:0 android.view.SurfaceView$SurfaceViewPositionUpdateListener.positionChanged:1537 android.graphics.RenderNode$CompositePositionUpdateListener.positionChanged:373 
10-04 21:46:03.660 19322 19420 I ViewRootImpl@3bedb8a[MainActivity]: mWNT: t=0x7b449e3900 mBlastBufferQueue=0x7b448ab500 fn= 516 caller= android.view.SurfaceView.applyOrMergeTransaction:1455 android.view.SurfaceView.-$$Nest$mapplyOrMergeTransaction:0 android.view.SurfaceView$SurfaceViewPositionUpdateListener.positionChanged:1537 
10-04 21:46:03.660 19322 19420 I ViewRootImpl@3bedb8a[MainActivity]: mWNT: t=0x7b449e3f00 mBlastBufferQueue=0x7b448ab500 fn= 516 caller= android.view.ViewRootImpl.lambda$applyTransactionOnDraw$11$android-view-ViewRootImpl:12865 android.view.ViewRootImpl$$ExternalSyntheticLambda1.onFrameDraw:4 android.graphics.HardwareRenderer$FrameDrawingCallback.onFrameDraw:924 
10-04 21:46:03.661 19322 19322 I ViewRootImpl@3bedb8a[MainActivity]: ViewPostIme pointer 1
10-04 21:46:03.668 19322 19322 I SurfaceView@f0645d2: Changes: creating=false format=false size=false visible=false alpha=false hint=false mUseAlpha=false visible=false left=false top=true
10-04 21:46:03.668 19322 19322 I SurfaceView@f0645d2: 252069330 Cur surface: Surface(name=null)/@0x915137e
10-04 21:46:03.669 19322 19322 I SurfaceView@f0645d2: applyTransactionOnVriDraw: vri = ViewRootImpl@3bedb8a[MainActivity] fRS = false t = 0x7aeb56d000 android.view.SurfaceView.performSurfaceTransaction:959 android.view.SurfaceView.updateSurface:1105 android.view.SurfaceView.lambda$new$0$android-view-SurfaceView:200 
