10-05 15:46:58.012 12222 12222 D InsetsController: onStateChanged: InsetsState: {mDisplayFrame=Rect(0, 0 - 1080, 2400), mDisplayCutout=DisplayCutout{insets=Rect(0, 88 - 0, 0) waterfall=Insets{left=0, top=0, right=0, bottom=0} boundingRect={Bounds=[Rect(0, 0 - 0, 0), Rect(512, 0 - 568, 88), Rect(0, 0 - 0, 0), Rect(0, 0 - 0, 0)]} cutoutPathParserInfo={CutoutPathParserInfo{displayWidth=1080 displayHeight=2400 physicalDisplayWidth=1080 physicalDisplayHeight=2400 density={2.625} cutoutSpec={M 0,0 M 0,12.25101276465640 a 10.60613009248640,10.60613009248640 0 1,0 0,21.21226018497290 a 10.60613009248640,10.60613009248640 0 1,0 0,-21.21226018497290 Z @dp} rotation={0} scale={1.0} physicalPixelDisplaySizeRatio={1.0}}}}, mRoundedCorners=RoundedCorners{[RoundedCorner{position=TopLeft, radius=84, center=Point(84, 84)}, RoundedCorner{position=TopRight, radius=84, center=Point(996, 84)}, RoundedCorner{position=BottomRight, radius=84, center=Point(996, 2316)}, RoundedCorner{position=BottomLeft, radius=84, center=Point(84, 2316)}]}  mRoundedCornerFrame=Rect(0, 0 - 1080, 2400), mPrivacyIndicatorBounds=PrivacyIndicatorBounds {static bounds=Rect(964, 0 - 1080, 87) rotation=0}, mSources= { InsetsSource: {mType=ITYPE_STATUS_BAR, mFrame=[0,0][1080,88], mVisible=true, mInsetsRoundedCornerFrame=false}, InsetsSource: {mType=ITYPE_NAVIGATION_BAR, mFrame=[0,2361][1080,2400], mVisible=true, mInsetsRoundedCornerFrame=false}, InsetsSource: {mType=ITYPE_LEFT_GESTURES, mFrame=[0,0][130,2400], mVisible=true, mInsetsRoundedCornerFrame=false}, InsetsSource: {mType=ITYPE_RIGHT_GESTURES, mFrame=[950,0][1080,2400], mVisible=true, mInsetsRoundedCornerFrame=false}, InsetsSource: {mType=ITYPE_TOP_MANDATORY_GESTURES, mFrame=[0,0][1080,120], mVisible=true, mInsetsRoundedCornerFrame=false}, InsetsSource: {mType=ITYPE_BOTTOM_MANDATORY_GESTURES, mFrame=[0,2316][1080,2400], mVisible=true, mInsetsRoundedCornerFrame=false}, InsetsSource: {mType=ITYPE_LEFT_DISPLAY_CUTOUT, mFrame=[0,0][-100000,2400], mVisible=true, mInsetsRoundedCornerFrame=false}, InsetsSource: {mType=ITYPE_TOP_DISPLAY_CUTOUT, mFrame=[0,0][1080,88], mVisible=true, mInsetsRoundedCornerFrame=false}, InsetsSource: {mType=ITYPE_RIGHT_DISPLAY_CUTOUT, mFrame=[100000,0][1080,2400], mVisible=true, mInsetsRoundedCornerFrame=false}, InsetsSource: {mType=ITYPE_BOTTOM_DISPLAY_CUTOUT, mFrame=[0,100000][1080,2400], mVisible=true, mInsetsRoundedCornerFrame=false}, InsetsSource: {mType=ITYPE_TOP_TAPPABLE_ELEMENT, mFrame=[0,0][1080,88], mVisible=true, mInsetsRoundedCornerFrame=false}, InsetsSource: {mType=ITYPE_BOTTOM_TAPPABLE_ELEMENT, mFrame=[0,0][0,0], mVisible=true, mInsetsRoundedCornerFrame=false}, InsetsSource: {mType=ITYPE_IME, mFrame=[0,0][0,0], mVisible=false, mInsetsRoundedCornerFrame=false} } host=com.lagradost.cloudstream3/com.lagradost.cloudstream3.MainActivity from=android.view.ViewRootImpl.relayoutWindow:9802
10-05 15:46:58.013 12222 12222 I ViewRootImpl@6530da0[MainActivity]: updateBlastSurfaceIfNeeded mBlastBufferQueue=null isSameSurfaceControl=false
10-05 15:46:58.013 12222 12222 I BLASTBufferQueue: new BLASTBufferQueue, mName= ViewRootImpl@6530da0[MainActivity] mNativeObject= 0x7b1f13f200 sc.mNativeObject= 0x7ad9026420 caller= android.view.ViewRootImpl.updateBlastSurfaceIfNeeded:2909 android.view.ViewRootImpl.relayoutWindow:9847 android.view.ViewRootImpl.performTraversals:3884 android.view.ViewRootImpl.doTraversal:3116 android.view.ViewRootImpl$TraversalRunnable.run:10885 android.view.Choreographer$CallbackRecord.run:1301 android.view.Choreographer$CallbackRecord.run:1309 android.view.Choreographer.doCallbacks:923 android.view.Choreographer.doFrame:852 android.view.Choreographer$FrameDisplayEventReceiver.run:1283 
10-05 15:46:58.014 12222 12222 I BLASTBufferQueue: update, w= 1080 h= 2400 mName = ViewRootImpl@6530da0[MainActivity] mNativeObject= 0x7b1f13f200 sc.mNativeObject= 0x7ad9026420 format= -2 caller= android.graphics.BLASTBufferQueue.<init>:84 android.view.ViewRootImpl.updateBlastSurfaceIfNeeded:2909 android.view.ViewRootImpl.relayoutWindow:9847 android.view.ViewRootImpl.performTraversals:3884 android.view.ViewRootImpl.doTraversal:3116 android.view.ViewRootImpl$TraversalRunnable.run:10885 
10-05 15:46:58.014 12222 12222 I ViewRootImpl@6530da0[MainActivity]: Relayout returned: old=(0,0,1080,2400) new=(0,0,1080,2400) req=(1080,2400)0 dur=9 res=0x1 s={true 0x7b1f08d000} ch=true seqId=0
10-05 15:46:58.014 12222 12222 I ViewRootImpl@6530da0[MainActivity]: mThreadedRenderer.initialize() mSurface={isValid=true 0x7b1f08d000} hwInitialized=true
10-05 15:46:58.014 12222 12222 I ViewRootImpl@6530da0[MainActivity]: reportNextDraw android.view.ViewRootImpl.performTraversals:4438 android.view.ViewRootImpl.doTraversal:3116 android.view.ViewRootImpl$TraversalRunnable.run:10885 android.view.Choreographer$CallbackRecord.run:1301 android.view.Choreographer$CallbackRecord.run:1309 
10-05 15:46:58.014 12222 12246 D OpenGLRenderer: eglCreateWindowSurface
10-05 15:46:58.015 12222 12222 I ViewRootImpl@6530da0[MainActivity]: Setup new sync id=1
10-05 15:46:58.015 12222 12222 I ViewRootImpl@6530da0[MainActivity]: Setting syncFrameCallback
10-05 15:46:58.015 12222 12222 I ViewRootImpl@6530da0[MainActivity]: registerCallbacksForSync syncBuffer=false
10-05 15:46:58.018 12222 12323 I ViewRootImpl@6530da0[MainActivity]: Received frameDrawingCallback syncResult=0 frameNum=1.
10-05 15:46:58.018 12222 12323 I ViewRootImpl@6530da0[MainActivity]: Setting up sync and frameCommitCallback
10-05 15:46:58.021 12222 12246 I BLASTBufferQueue: [ViewRootImpl@6530da0[MainActivity]#8](f:0,a:0) onFrameAvailable the first frame is available
10-05 15:46:58.022 12222 12246 I ViewRootImpl@6530da0[MainActivity]: Received frameCommittedCallback lastAttemptedDrawFrameNum=1 didProduceBuffer=true
10-05 15:46:58.022 12222 12222 I ViewRootImpl@6530da0[MainActivity]: onSyncComplete
10-05 15:46:58.022 12222 12222 I ViewRootImpl@6530da0[MainActivity]: setupSync seqId=0 mSyncId=1 fn=1 caller=android.view.ViewRootImpl$$ExternalSyntheticLambda11.accept:6 android.window.SurfaceSyncer.lambda$setupSync$1$android-window-SurfaceSyncer:128 android.window.SurfaceSyncer$$ExternalSyntheticLambda1.accept:8 android.window.SurfaceSyncer$SyncSet.checkIfSyncIsComplete:382 android.window.SurfaceSyncer$SyncSet.markSyncReady:359 android.window.SurfaceSyncer.markSyncReady:151 android.view.ViewRootImpl.performTraversals:4503 
10-05 15:46:58.023 12222 12222 I ViewRootImpl@6530da0[MainActivity]: reportDrawFinished seqId=0 mSyncId=-1 fn=1 mSurfaceChangedTransaction=0x7b5cfc8d00
10-05 15:46:58.025 12222 12222 W PanelsChildGestureRegionObserver: failed to register view with ID 2131362800. already registered
10-05 15:46:58.036 12222 12222 I DecorView: notifyKeepScreenOnChanged: keepScreenOn=false
10-05 15:46:58.040 12222 12324 D SurfaceView@9739c04: updateSurfacePosition RenderWorker, frameNr = 466, position = [54, 314, 1026, 787] surfaceSize = 1080x525
10-05 15:46:58.040 12222 12324 I SurfaceView@9739c04: uSP: rtp = Rect(54, 314 - 1026, 787) rtsw = 1080 rtsh = 525
10-05 15:46:58.040 12222 12324 I SurfaceView@9739c04: onSSPAndSRT: pl = 54 pt = 314 sx = 0.9 sy = 0.9009524
10-05 15:46:58.040 12222 12324 I SurfaceView@9739c04: aOrMT: ViewRootImpl@e892618[MainActivity] t = android.view.SurfaceControl$Transaction@3a83e47 fN = 466 android.view.SurfaceView.-$$Nest$mapplyOrMergeTransaction:0 android.view.SurfaceView$SurfaceViewPositionUpdateListener.positionChanged:1537 android.graphics.RenderNode$CompositePositionUpdateListener.positionChanged:373 
10-05 15:46:58.040 12222 12324 I ViewRootImpl@e892618[MainActivity]: mWNT: t=0x7bdd4fe600 mBlastBufferQueue=0x7b43ddd800 fn= 466 caller= android.view.SurfaceView.applyOrMergeTransaction:1455 android.view.SurfaceView.-$$Nest$mapplyOrMergeTransaction:0 android.view.SurfaceView$SurfaceViewPositionUpdateListener.positionChanged:1537 
10-05 15:46:58.041 12222 12222 I ViewRootImpl@6530da0[MainActivity]: performTraversals params={(0,0)(fillxfill) gr=CENTER sim={adjust=resize} ty=APPLICATION fmt=TRANSPARENT wanim=0x7f14000b
10-05 15:46:58.041 12222 12222 I ViewRootImpl@6530da0[MainActivity]:   fl=85810100
10-05 15:46:58.041 12222 12222 I ViewRootImpl@6530da0[MainActivity]:   pfl=12020040
10-05 15:46:58.041 12222 12222 I ViewRootImpl@6530da0[MainActivity]:   vsysui=500
10-05 15:46:58.041 12222 12222 I ViewRootImpl@6530da0[MainActivity]:   bhv=DEFAULT
10-05 15:46:58.041 12222 12222 I ViewRootImpl@6530da0[MainActivity]:   fitSides= naviIconColor=0}
10-05 15:46:58.041 12222 12222 I ViewRootImpl@6530da0[MainActivity]: performTraversals mFirst=false windowShouldResize=false viewVisibilityChanged=false mForceNextWindowRelayout=false params={(0,0)(fillxfill) gr=CENTER sim={adjust=resize} ty=APPLICATION fmt=TRANSPARENT wanim=0x7f14000b
10-05 15:46:58.041 12222 12222 I ViewRootImpl@6530da0[MainActivity]:   fl=85810100
10-05 15:46:58.041 12222 12222 I ViewRootImpl@6530da0[MainActivity]:   pfl=12020040
10-05 15:46:58.041 12222 12222 I ViewRootImpl@6530da0[MainActivity]:   vsysui=500
10-05 15:46:58.041 12222 12222 I ViewRootImpl@6530da0[MainActivity]:   bhv=DEFAULT
10-05 15:46:58.041 12222 12222 I ViewRootImpl@6530da0[MainActivity]:   fitSides= naviIconColor=0}
10-05 15:46:58.046 12222 12222 I ViewRootImpl@6530da0[MainActivity]: updateBlastSurfaceIfNeeded mBlastBufferQueue=0x7b1f13f200 isSameSurfaceControl=true
10-05 15:46:58.046 12222 12222 I BLASTBufferQueue: update, w= 1080 h= 2400 mName = ViewRootImpl@6530da0[MainActivity] mNativeObject= 0x7b1f13f200 sc.mNativeObject= 0x7ad9020ca0 format= -2 caller= android.view.ViewRootImpl.updateBlastSurfaceIfNeeded:2898 android.view.ViewRootImpl.relayoutWindow:9847 android.view.ViewRootImpl.performTraversals:3884 android.view.ViewRootImpl.doTraversal:3116 android.view.ViewRootImpl$TraversalRunnable.run:10885 android.view.Choreographer$CallbackRecord.run:1301 
10-05 15:46:58.046 12222 12222 I ViewRootImpl@6530da0[MainActivity]: Relayout returned: old=(0,0,1080,2400) new=(0,0,1080,2400) req=(1080,2400)0 dur=5 res=0x0 s={true 0x7b1f08d000} ch=false seqId=0
10-05 15:46:58.048 12222 12222 I SurfaceView@9739c04: onWindowVisibilityChanged(8) false android.view.SurfaceView{9739c04 V.E...... ........ 0,0-1080,525} of ViewRootImpl@e892618[MainActivity]
10-05 15:46:58.048 12222 12222 I SurfaceView@9739c04: Changes: creating=false format=false size=false visible=true alpha=false hint=false mUseAlpha=false visible=true left=false top=false
10-05 15:46:58.048 12222 12222 I SurfaceView@9739c04: 158571524 Cur surface: Surface(name=null)/@0x5a8a5c8
10-05 15:46:58.048 12222 12222 I SurfaceView@9739c04: applyTransactionOnVriDraw: vri = ViewRootImpl@e892618[MainActivity] fRS = false t = 0x7ad8701c00 android.view.SurfaceView.performSurfaceTransaction:959 android.view.SurfaceView.updateSurface:1105 android.view.SurfaceView.onWindowVisibilityChanged:371 
10-05 15:46:58.049 12222 12222 I ViewRootImpl@e892618[MainActivity]: applyTransactionOnDraw: mRemoved = false isHardwareEnabled = true t = 0x7ad8701c00android.view.SurfaceView.applyTransactionOnVriDraw:2048 android.view.SurfaceView.performSurfaceTransaction:959 android.view.SurfaceView.updateSurface:1105 android.view.SurfaceView.onWindowVisibilityChanged:371 android.view.View.dispatchDetachedFromWindow:22529 
10-05 15:46:58.049 12222 12222 I SurfaceView@9739c04: surfaceDestroyed
10-05 15:46:58.049 12222 12222 I SurfaceView@9739c04: surfaceDestroyed callback.size 0 #2 android.view.SurfaceView{9739c04 V.E...... ........ 0,0-1080,525}
10-05 15:46:58.049 12222 12222 I SurfaceView@9739c04: updateSurface: mVisible = false mSurface.isValid() = true
10-05 15:46:58.049 12222 12222 I SurfaceView@9739c04: releaseSurfaces: viewRoot = ViewRootImpl@e892618[MainActivity]
10-05 15:46:58.049 12222 12222 I SurfaceView@9739c04: applyTransactionOnVriDraw: vri = ViewRootImpl@e892618[MainActivity] fRS = true t = 0x7ad8701f00 android.view.SurfaceView.releaseSurfaces:858 android.view.SurfaceView.updateSurface:1172 android.view.SurfaceView.onWindowVisibilityChanged:371 
10-05 15:46:58.049 12222 12222 I SurfaceView@9739c04: applyTransactionOnVriDraw: viewRoot.applyTransactionOnDrawFromReleaseSurfaces
10-05 15:46:58.050 12222 12222 I ViewRootImpl@e892618[MainActivity]: applyTransactionOnDraw: mRemoved = false isHardwareEnabled = true t = 0x7ad8701f00android.view.ViewRootImpl.applyTransactionOnDrawFromReleaseSurfaces:12850 android.view.SurfaceView.applyTransactionOnVriDraw:2046 android.view.SurfaceView.releaseSurfaces:858 android.view.SurfaceView.updateSurface:1172 android.view.SurfaceView.onWindowVisibilityChanged:371 
10-05 15:46:58.050 12222 12222 V SurfaceView@9739c04: Layout: x=0 y=218 w=1080 h=525, frame=Rect(0, 0 - 1080, 525)
10-05 15:46:58.050 12222 12222 I SurfaceView@9739c04: onDetachedFromWindow: tryReleaseSurfaces()
10-05 15:46:58.050 12222 12222 I SurfaceView@9739c04: releaseSurfaces: viewRoot = ViewRootImpl@e892618[MainActivity]
10-05 15:46:58.050 12222 12222 I SurfaceView@9739c04: applyTransactionOnVriDraw: vri = ViewRootImpl@e892618[MainActivity] fRS = true t = 0x7ad916d000 android.view.SurfaceView.releaseSurfaces:858 android.view.SurfaceView.onDetachedFromWindow:500 android.view.View.dispatchDetachedFromWindow:22538 
10-05 15:46:58.050 12222 12222 I SurfaceView@9739c04: applyTransactionOnVriDraw: viewRoot.applyTransactionOnDrawFromReleaseSurfaces
10-05 15:46:58.050 12222 12222 I ViewRootImpl@e892618[MainActivity]: applyTransactionOnDraw: mRemoved = false isHardwareEnabled = true t = 0x7ad916d000android.view.ViewRootImpl.applyTransactionOnDrawFromReleaseSurfaces:12850 android.view.SurfaceView.applyTransactionOnVriDraw:2046 android.view.SurfaceView.releaseSurfaces:858 android.view.SurfaceView.onDetachedFromWindow:500 android.view.View.dispatchDetachedFromWindow:22538 
10-05 15:46:58.058 12222 12222 I DecorView: notifyKeepScreenOnChanged: keepScreenOn=false
10-05 15:46:58.058 12222 12222 I CS3ExoPlayer: releasePlayer
10-05 15:46:58.059 12222 12222 I CS3ExoPlayer: Handle event: PlayerAttachedEvent(player=null, source=Player)
10-05 15:46:58.059 12222 12222 I DecorView: notifyKeepScreenOnChanged: keepScreenOn=false
10-05 15:46:58.060 12222 12222 I ViewRootImpl@e892618[MainActivity]: MSG_WINDOW_FOCUS_CHANGED 0 0
10-05 15:46:58.062 12222 12222 I ViewRootImpl@6530da0[MainActivity]: MSG_WINDOW_FOCUS_CHANGED 1 0
10-05 15:46:58.063 12222 12222 I ViewRootImpl@6530da0[MainActivity]: mThreadedRenderer.initializeIfNeeded()#2 mSurface={isValid=true 0x7b1f08d000}
10-05 15:46:58.063 12222 12222 D InputMethodManager: startInputInner - Id : 0
10-05 15:46:58.063 12222 12222 I InputMethodManager: startInputInner - mService.startInputOrWindowGainedFocus
10-05 15:46:58.067 12222 12222 I ViewRootImpl@e892618[MainActivity]: performTraversals params={(0,0)(fillxfill) sim={state=always_hidden adjust=resize} ty=BASE_APPLICATION wanim=0x1030309
10-05 15:46:58.067 12222 12222 I ViewRootImpl@e892618[MainActivity]:   fl=85810100
10-05 15:46:58.067 12222 12222 I ViewRootImpl@e892618[MainActivity]:   pfl=12020040
10-05 15:46:58.067 12222 12222 I ViewRootImpl@e892618[MainActivity]:   vsysui=500
10-05 15:46:58.067 12222 12222 I ViewRootImpl@e892618[MainActivity]:   bhv=DEFAULT
10-05 15:46:58.067 12222 12222 I ViewRootImpl@e892618[MainActivity]:   fitSides= naviIconColor=0}
10-05 15:46:58.067 12222 12222 I ViewRootImpl@e892618[MainActivity]: performTraversals mFirst=false windowShouldResize=false viewVisibilityChanged=false mForceNextWindowRelayout=false params={(0,0)(fillxfill) sim={state=always_hidden adjust=resize} ty=BASE_APPLICATION fmt=TRANSLUCENT wanim=0x1030309
10-05 15:46:58.067 12222 12222 I ViewRootImpl@e892618[MainActivity]:   fl=85810100
10-05 15:46:58.067 12222 12222 I ViewRootImpl@e892618[MainActivity]:   pfl=12020040
10-05 15:46:58.067 12222 12222 I ViewRootImpl@e892618[MainActivity]:   vsysui=500
10-05 15:46:58.067 12222 12222 I ViewRootImpl@e892618[MainActivity]:   bhv=DEFAULT
10-05 15:46:58.067 12222 12222 I ViewRootImpl@e892618[MainActivity]:   fitSides= naviIconColor=0}
10-05 15:46:58.075 12222 12222 I ViewRootImpl@e892618[MainActivity]: updateBlastSurfaceIfNeeded mBlastBufferQueue=0x7b43ddd800 isSameSurfaceControl=true
10-05 15:46:58.075 12222 12222 I BLASTBufferQueue: update, w= 1080 h= 2400 mName = ViewRootImpl@e892618[MainActivity] mNativeObject= 0x7b43ddd800 sc.mNativeObject= 0x7be16569e0 format= -3 caller= android.view.ViewRootImpl.updateBlastSurfaceIfNeeded:2898 android.view.ViewRootImpl.relayoutWindow:9847 android.view.ViewRootImpl.performTraversals:3884 android.view.ViewRootImpl.doTraversal:3116 android.view.ViewRootImpl$TraversalRunnable.run:10885 android.view.Choreographer$CallbackRecord.run:1301 
10-05 15:46:58.075 12222 12222 I ViewRootImpl@e892618[MainActivity]: Relayout returned: old=(0,0,1080,2400) new=(0,0,1080,2400) req=(1080,2400)0 dur=8 res=0x0 s={true 0x7bdd46c800} ch=false seqId=0
10-05 15:46:58.075 12222 12222 I ViewRootImpl@e892618[MainActivity]: updateBoundsLayer: t = android.view.SurfaceControl$Transaction@c25344b sc = Surface(name=Bounds for - com.lagradost.cloudstream3/com.lagradost.cloudstream3.MainActivity@0)/@0xec84e28 frame = 467
10-05 15:46:58.075 12222 12222 I ViewRootImpl@e892618[MainActivity]: mWNT: t=0x7b5cdc8f00 mBlastBufferQueue=0x7b43ddd800 fn= 467 caller= android.view.ViewRootImpl.prepareSurfaces:2985 android.view.ViewRootImpl.performTraversals:4233 android.view.ViewRootImpl.doTraversal:3116 
10-05 15:46:58.077 12222 12246 D SurfaceView@9739c04: windowPositionLost, frameNr = 467
10-05 15:46:58.077 12222 12323 I ViewRootImpl@e892618[MainActivity]: mWNT: t=0x7ad8701c00 mBlastBufferQueue=0x7b43ddd800 fn= 467 caller= android.view.ViewRootImpl.lambda$applyTransactionOnDraw$11$android-view-ViewRootImpl:12865 android.view.ViewRootImpl$$ExternalSyntheticLambda1.onFrameDraw:4 android.graphics.HardwareRenderer$FrameDrawingCallback.onFrameDraw:924 
10-05 15:46:58.077 12222 12323 I ViewRootImpl@e892618[MainActivity]: mWNT: t=0x7ad8701f00 mBlastBufferQueue=0x7b43ddd800 fn= 467 caller= android.view.ViewRootImpl.lambda$applyTransactionOnDraw$11$android-view-ViewRootImpl:12865 android.view.ViewRootImpl$$ExternalSyntheticLambda1.onFrameDraw:4 android.graphics.HardwareRenderer$FrameDrawingCallback.onFrameDraw:924 
10-05 15:46:58.078 12222 12323 I ViewRootImpl@e892618[MainActivity]: mWNT: t=0x7ad916d000 mBlastBufferQueue=0x7b43ddd800 fn= 467 caller= android.view.ViewRootImpl.lambda$applyTransactionOnDraw$11$android-view-ViewRootImpl:12865 android.view.ViewRootImpl$$ExternalSyntheticLambda1.onFrameDraw:4 android.graphics.HardwareRenderer$FrameDrawingCallback.onFrameDraw:924 
10-05 15:46:58.492 12222 12222 I ViewRootImpl@6530da0[MainActivity]: ViewPostIme pointer 0
10-05 15:46:58.617 12222 12222 I ViewRootImpl@6530da0[MainActivity]: ViewPostIme pointer 1
10-05 15:46:59.011 12222 12222 I ViewRootImpl@6530da0[MainActivity]: ViewPostIme pointer 0
10-05 15:46:59.417 12222 12222 I ViewRootImpl@6530da0[MainActivity]: ViewPostIme pointer 1
10-05 15:47:01.456 12222 12222 I ViewRootImpl@6530da0[MainActivity]: ViewPostIme pointer 0
10-05 15:47:01.510 12222 12222 I ViewRootImpl@6530da0[MainActivity]: ViewPostIme pointer 1
10-05 15:47:01.518 12222 12222 I NavComponent: Navigating to fragment: 2131362274
10-05 15:47:01.527 12222 12222 I IMM_LC  : hsifw() - flag : 0
10-05 15:47:01.527 12222 12222 I IMM_LC  : hsifw() ignore mServedView == null or mServedView.getWindowToken() != windowToken, mServedView :DecorView@b2bdb9c[MainActivity]
10-05 15:47:01.532 12222 12222 I MSHandlerLifeCycle: check: return. pkg=com.lagradost.cloudstream3 isActivity=false callers=com.android.internal.policy.DecorView.setVisibility:4412 android.app.Dialog.hide:767 com.lagradost.cloudstream3.utils.AppContextUtils.ownHide:123 com.lagradost.cloudstream3.ui.home.HomeFragment$Companion.loadHomepageList$lambda$3:185 com.lagradost.cloudstream3.ui.home.HomeFragment$Companion.$r8$lambda$MoQSIPnUiyzkK5n4sMwjTMvpPNA:0 
10-05 15:47:01.532 12222 12222 I MSHandlerLifeCycle: removeMultiSplitHandler: no exist. decor=DecorView@b2bdb9c[MainActivity]
10-05 15:47:01.573 12222 12222 D ScrollView: initGoToTop
10-05 15:47:01.864 12222 12222 I SurfaceView@9f4aade: onWindowVisibilityChanged(0) true android.view.SurfaceView{9f4aade V.E...... ......I. 0,0-0,0} of ViewRootImpl@e892618[MainActivity]
10-05 15:47:01.865 12222 12222 D SurfaceView@9f4aade: updateSurface: has no frame
10-05 15:47:01.874 12222 12222 I CS3ExoPlayer: SET STYLE = SaveCaptionStyle(foregroundColor=-1, backgroundColor=0, windowColor=0, edgeType=1, edgeColor=-16777216, typeface=null, typefaceFilePath=null, elevation=20, fixedTextSize=null, edgeSize=null, removeCaptions=false, removeBloat=true, upperCase=false, bold=false, italic=false, backgroundRadius=null)
10-05 15:47:01.923 12222 12232 I st.cloudstream3: Background concurrent copying GC freed 14MB AllocSpace bytes, 58(5596KB) LOS objects, 42% free, 32MB/56MB, paused 314us,78us total 203.197ms
10-05 15:47:01.930 12222 12222 I IMM_LC  : hsifw() - flag : 0
10-05 15:47:01.930 12222 12222 I IMM_LC  : hsifw() ignore mServedView == null or mServedView.getWindowToken() != windowToken, mServedView :DecorView@b2bdb9c[MainActivity]
10-05 15:47:01.931 12222 12280 I SYNCVM  : addFromUrl = https://wecima.now/watch/in-vitro/
10-05 15:47:01.931 12222 12280 I SYNCUTIL: getIdsFromUrl https://wecima.now/watch/in-vitro/
10-05 15:47:01.938 12222 12246 D OpenGLRenderer: setSurface called with nullptr
10-05 15:47:01.943 12222 12233 D InputTransport: Input channel destroyed: 'ClientS', fd=171
10-05 15:47:01.944 12222 12222 I SurfaceView@9f4aade: onWindowVisibilityChanged(8) false android.view.SurfaceView{9f4aade V.E...... ......I. 0,0-0,0} of ViewRootImpl@e892618[MainActivity]
10-05 15:47:01.944 12222 12222 D SurfaceView@9f4aade: updateSurface: has no frame
10-05 15:47:01.944 12222 12222 D SurfaceView@9f4aade: updateSurface: has no frame
10-05 15:47:01.944 12222 12222 I SurfaceView@9f4aade: onDetachedFromWindow: tryReleaseSurfaces()
10-05 15:47:01.944 12222 12246 D OpenGLRenderer: setSurface called with nullptr
10-05 15:47:01.945 12222 12222 I SurfaceView@9f4aade: releaseSurfaces: viewRoot = ViewRootImpl@e892618[MainActivity]
10-05 15:47:01.945 12222 12222 I SurfaceView@9f4aade: applyTransactionOnVriDraw: vri = ViewRootImpl@e892618[MainActivity] fRS = true t = 0x7bdd495600 android.view.SurfaceView.releaseSurfaces:858 android.view.SurfaceView.onDetachedFromWindow:500 android.view.View.dispatchDetachedFromWindow:22538 
10-05 15:47:01.945 12222 12222 I SurfaceView@9f4aade: applyTransactionOnVriDraw: viewRoot.applyTransactionOnDrawFromReleaseSurfaces
10-05 15:47:01.945 12222 12222 I ViewRootImpl@e892618[MainActivity]: applyTransactionOnDraw: mRemoved = false isHardwareEnabled = true t = 0x7bdd495600android.view.ViewRootImpl.applyTransactionOnDrawFromReleaseSurfaces:12850 android.view.SurfaceView.applyTransactionOnVriDraw:2046 android.view.SurfaceView.releaseSurfaces:858 android.view.SurfaceView.onDetachedFromWindow:500 android.view.View.dispatchDetachedFromWindow:22538 
10-05 15:47:01.945 12222 12233 D InputTransport: Input channel destroyed: 'ClientS', fd=256
10-05 15:47:01.947 12222 12222 I SurfaceView@9f4aade: onWindowVisibilityChanged(0) true android.view.SurfaceView{9f4aade V.E...... ......I. 0,0-0,0} of ViewRootImpl@e892618[MainActivity]
10-05 15:47:01.947 12222 12222 D SurfaceView@9f4aade: updateSurface: has no frame
10-05 15:47:01.948 12222 12246 D OpenGLRenderer: setSurface called with nullptr
10-05 15:47:01.949 12222 12233 D InputTransport: Input channel destroyed: 'ClientS', fd=151
10-05 15:47:01.949 12222 12233 D InputTransport: Input channel destroyed: 'ClientS', fd=114
10-05 15:47:01.950 12222 12233 D InputTransport: Input channel destroyed: 'ClientS', fd=158
10-05 15:47:01.950 12222 12222 I DecorView: notifyKeepScreenOnChanged: keepScreenOn=false
10-05 15:47:01.960 12222 12222 I CS3ExoPlayer: reloadPlayer
10-05 15:47:01.960 12222 12222 I CS3ExoPlayer: releasePlayer
10-05 15:47:01.960 12222 12222 I CS3ExoPlayer: Handle event: PlayerAttachedEvent(player=null, source=Player)
10-05 15:47:01.967 12222 12222 I ViewRootImpl@e892618[MainActivity]: performTraversals params={(0,0)(fillxfill) sim={state=always_hidden adjust=resize} ty=BASE_APPLICATION wanim=0x1030309
10-05 15:47:01.967 12222 12222 I ViewRootImpl@e892618[MainActivity]:   fl=85810100
10-05 15:47:01.967 12222 12222 I ViewRootImpl@e892618[MainActivity]:   pfl=12020040
10-05 15:47:01.967 12222 12222 I ViewRootImpl@e892618[MainActivity]:   vsysui=500
10-05 15:47:01.967 12222 12222 I ViewRootImpl@e892618[MainActivity]:   bhv=DEFAULT
10-05 15:47:01.967 12222 12222 I ViewRootImpl@e892618[MainActivity]:   fitSides= naviIconColor=0}
10-05 15:47:01.968 12222 12222 I ViewRootImpl@e892618[MainActivity]: performTraversals mFirst=false windowShouldResize=false viewVisibilityChanged=false mForceNextWindowRelayout=false params={(0,0)(fillxfill) sim={state=always_hidden adjust=resize} ty=BASE_APPLICATION fmt=TRANSLUCENT wanim=0x1030309
10-05 15:47:01.968 12222 12222 I ViewRootImpl@e892618[MainActivity]:   fl=85810100
10-05 15:47:01.968 12222 12222 I ViewRootImpl@e892618[MainActivity]:   pfl=12020040
10-05 15:47:01.968 12222 12222 I ViewRootImpl@e892618[MainActivity]:   vsysui=500
10-05 15:47:01.968 12222 12222 I ViewRootImpl@e892618[MainActivity]:   bhv=DEFAULT
10-05 15:47:01.968 12222 12222 I ViewRootImpl@e892618[MainActivity]:   fitSides= naviIconColor=0}
10-05 15:47:01.977 12222 12222 I ViewRootImpl@e892618[MainActivity]: updateBlastSurfaceIfNeeded mBlastBufferQueue=0x7b43ddd800 isSameSurfaceControl=true
10-05 15:47:01.977 12222 12222 I BLASTBufferQueue: update, w= 1080 h= 2400 mName = ViewRootImpl@e892618[MainActivity] mNativeObject= 0x7b43ddd800 sc.mNativeObject= 0x7bed81b060 format= -3 caller= android.view.ViewRootImpl.updateBlastSurfaceIfNeeded:2898 android.view.ViewRootImpl.relayoutWindow:9847 android.view.ViewRootImpl.performTraversals:3884 android.view.ViewRootImpl.doTraversal:3116 android.view.ViewRootImpl$TraversalRunnable.run:10885 android.view.Choreographer$CallbackRecord.run:1301 
10-05 15:47:01.977 12222 12222 I ViewRootImpl@e892618[MainActivity]: Relayout returned: old=(0,0,1080,2400) new=(0,0,1080,2400) req=(1080,2400)0 dur=9 res=0x0 s={true 0x7bdd46c800} ch=false seqId=0
10-05 15:47:01.977 12222 12222 I ViewRootImpl@e892618[MainActivity]: updateBoundsLayer: t = android.view.SurfaceControl$Transaction@c25344b sc = Surface(name=Bounds for - com.lagradost.cloudstream3/com.lagradost.cloudstream3.MainActivity@0)/@0xec84e28 frame = 468
10-05 15:47:01.977 12222 12222 I ViewRootImpl@e892618[MainActivity]: mWNT: t=0x7b5cdc8f00 mBlastBufferQueue=0x7b43ddd800 fn= 468 caller= android.view.ViewRootImpl.prepareSurfaces:2985 android.view.ViewRootImpl.performTraversals:4233 android.view.ViewRootImpl.doTraversal:3116 
10-05 15:47:01.979 12222 12222 W View    : requestLayout() improperly called by android.widget.FrameLayout{1d4e969 I.E...... ......I. 0,0-0,0 #7f0a04e7 app:id/start_panel} during layout: running second layout pass
10-05 15:47:01.979 12222 12222 W View    : requestLayout() improperly called by android.widget.FrameLayout{6fb8fee I.E...... ......ID 1080,0-1080,2143 #7f0a0168 app:id/end_panel} during layout: running second layout pass
10-05 15:47:01.980 12222 12222 D SurfaceView@9f4aade: updateSurface: has no frame
10-05 15:47:01.985 12222 12324 I ViewRootImpl@e892618[MainActivity]: mWNT: t=0x7bdd495600 mBlastBufferQueue=0x7b43ddd800 fn= 468 caller= android.view.ViewRootImpl.lambda$applyTransactionOnDraw$11$android-view-ViewRootImpl:12865 android.view.ViewRootImpl$$ExternalSyntheticLambda1.onFrameDraw:4 android.graphics.HardwareRenderer$FrameDrawingCallback.onFrameDraw:924 
10-05 15:47:02.009 12222 12246 D OpenGLRenderer: setSurface called with nullptr
10-05 15:47:02.010 12222 12246 D OpenGLRenderer: setSurface() destroyed EGLSurface
10-05 15:47:02.010 12222 12246 D OpenGLRenderer: destroyEglSurface
10-05 15:47:02.014 12222 12222 I ViewRootImpl@6530da0[MainActivity]: performTraversals mFirst=false windowShouldResize=false viewVisibilityChanged=true mForceNextWindowRelayout=false params={(0,0)(fillxfill) gr=CENTER sim={adjust=pan} ty=APPLICATION fmt=TRANSPARENT wanim=0x7f14000b
10-05 15:47:02.014 12222 12222 I ViewRootImpl@6530da0[MainActivity]:   fl=85810100
10-05 15:47:02.014 12222 12222 I ViewRootImpl@6530da0[MainActivity]:   pfl=12020040
10-05 15:47:02.014 12222 12222 I ViewRootImpl@6530da0[MainActivity]:   vsysui=500
10-05 15:47:02.014 12222 12222 I ViewRootImpl@6530da0[MainActivity]:   bhv=DEFAULT
10-05 15:47:02.014 12222 12222 I ViewRootImpl@6530da0[MainActivity]:   fitSides= naviIconColor=0}
10-05 15:47:02.036 12222 12222 D InsetsController: onStateChanged: InsetsState: {mDisplayFrame=Rect(0, 0 - 1080, 2400), mDisplayCutout=DisplayCutout{insets=Rect(0, 88 - 0, 0) waterfall=Insets{left=0, top=0, right=0, bottom=0} boundingRect={Bounds=[Rect(0, 0 - 0, 0), Rect(512, 0 - 568, 88), Rect(0, 0 - 0, 0), Rect(0, 0 - 0, 0)]} cutoutPathParserInfo={CutoutPathParserInfo{displayWidth=1080 displayHeight=2400 physicalDisplayWidth=1080 physicalDisplayHeight=2400 density={2.625} cutoutSpec={M 0,0 M 0,12.25101276465640 a 10.60613009248640,10.60613009248640 0 1,0 0,21.21226018497290 a 10.60613009248640,10.60613009248640 0 1,0 0,-21.21226018497290 Z @dp} rotation={0} scale={1.0} physicalPixelDisplaySizeRatio={1.0}}}}, mRoundedCorners=RoundedCorners{[RoundedCorner{position=TopLeft, radius=84, center=Point(84, 84)}, RoundedCorner{position=TopRight, radius=84, center=Point(996, 84)}, RoundedCorner{position=BottomRight, radius=84, center=Point(996, 2316)}, RoundedCorner{position=BottomLeft, radius=84, center=Point(84, 2316)}]}  mRoundedCornerFrame=Rect(0, 0 - 1080, 2400), mPrivacyIndicatorBounds=PrivacyIndicatorBounds {static bounds=Rect(964, 0 - 1080, 87) rotation=0}, mSources= { InsetsSource: {mType=ITYPE_STATUS_BAR, mFrame=[0,0][1080,88], mVisible=true, mInsetsRoundedCornerFrame=false}, InsetsSource: {mType=ITYPE_NAVIGATION_BAR, mFrame=[0,2361][1080,2400], mVisible=true, mInsetsRoundedCornerFrame=false}, InsetsSource: {mType=ITYPE_LEFT_GESTURES, mFrame=[0,0][130,2400], mVisible=true, mInsetsRoundedCornerFrame=false}, InsetsSource: {mType=ITYPE_RIGHT_GESTURES, mFrame=[950,0][1080,2400], mVisible=true, mInsetsRoundedCornerFrame=false}, InsetsSource: {mType=ITYPE_TOP_MANDATORY_GESTURES, mFrame=[0,0][1080,120], mVisible=true, mInsetsRoundedCornerFrame=false}, InsetsSource: {mType=ITYPE_BOTTOM_MANDATORY_GESTURES, mFrame=[0,2316][1080,2400], mVisible=true, mInsetsRoundedCornerFrame=false}, InsetsSource: {mType=ITYPE_LEFT_DISPLAY_CUTOUT, mFrame=[0,0][-100000,2400], mVisible=true, mInsetsRoundedCornerFrame=false}, InsetsSource: {mType=ITYPE_TOP_DISPLAY_CUTOUT, mFrame=[0,0][1080,88], mVisible=true, mInsetsRoundedCornerFrame=false}, InsetsSource: {mType=ITYPE_RIGHT_DISPLAY_CUTOUT, mFrame=[100000,0][1080,2400], mVisible=true, mInsetsRoundedCornerFrame=false}, InsetsSource: {mType=ITYPE_BOTTOM_DISPLAY_CUTOUT, mFrame=[0,100000][1080,2400], mVisible=true, mInsetsRoundedCornerFrame=false}, InsetsSource: {mType=ITYPE_TOP_TAPPABLE_ELEMENT, mFrame=[0,0][1080,88], mVisible=true, mInsetsRoundedCornerFrame=false}, InsetsSource: {mType=ITYPE_BOTTOM_TAPPABLE_ELEMENT, mFrame=[0,0][0,0], mVisible=true, mInsetsRoundedCornerFrame=false} } host=com.lagradost.cloudstream3/com.lagradost.cloudstream3.MainActivity from=android.view.ViewRootImpl.relayoutWindow:9802
10-05 15:47:02.039 12222 12222 I ViewRootImpl@6530da0[MainActivity]: Relayout returned: old=(0,0,1080,2400) new=(0,0,1080,2400) req=(1080,2400)8 dur=23 res=0x2 s={false 0x0} ch=true seqId=0
10-05 15:47:02.046 12222 12222 D SurfaceView@9f4aade: updateSurface: has no frame
10-05 15:47:02.063 12222 12222 D SurfaceView@9f4aade: updateSurface: has no frame
10-05 15:47:02.066 12222 12222 I ViewRootImpl@6530da0[MainActivity]: MSG_WINDOW_FOCUS_CHANGED 0 0
10-05 15:47:02.072 12222 12222 I ViewRootImpl@e892618[MainActivity]: MSG_WINDOW_FOCUS_CHANGED 1 0
10-05 15:47:02.073 12222 12222 I ViewRootImpl@e892618[MainActivity]: mThreadedRenderer.initializeIfNeeded()#2 mSurface={isValid=true 0x7bdd46c800}
10-05 15:47:02.089 12222 12222 D InputMethodManager: startInputInner - Id : 0
10-05 15:47:02.089 12222 12222 I InputMethodManager: startInputInner - mService.startInputOrWindowGainedFocus
10-05 15:47:02.095 12222 12222 D SurfaceView@9f4aade: updateSurface: has no frame
10-05 15:47:02.097 12222 12222 D SurfaceView@9f4aade: updateSurface: has no frame
10-05 15:47:02.113 12222 12222 D SurfaceView@9f4aade: updateSurface: has no frame
10-05 15:47:02.125 12222 12222 I MSHandlerLifeCycle: check: return. pkg=com.lagradost.cloudstream3 isActivity=false callers=com.android.internal.policy.DecorView.setVisibility:4412 android.app.Dialog.hide:767 com.lagradost.cloudstream3.utils.AppContextUtils.ownHide:123 com.lagradost.cloudstream3.ui.home.HomeFragment.onDestroyView:459 androidx.fragment.app.Fragment.performDestroyView:3357 
10-05 15:47:02.125 12222 12222 I MSHandlerLifeCycle: removeMultiSplitHandler: no exist. decor=DecorView@b2bdb9c[MainActivity]
10-05 15:47:02.130 12222 12222 D SurfaceView@9f4aade: updateSurface: has no frame
10-05 15:47:02.156 12222 12222 D SurfaceView@9f4aade: updateSurface: has no frame
10-05 15:47:02.163 12222 12222 D SurfaceView@9f4aade: updateSurface: has no frame
10-05 15:47:02.180 12222 12222 D SurfaceView@9f4aade: updateSurface: has no frame
10-05 15:47:02.196 12222 12222 D SurfaceView@9f4aade: updateSurface: has no frame
10-05 15:47:02.213 12222 12222 D SurfaceView@9f4aade: updateSurface: has no frame
10-05 15:47:02.229 12222 12222 D SurfaceView@9f4aade: updateSurface: has no frame
10-05 15:47:02.246 12222 12222 D SurfaceView@9f4aade: updateSurface: has no frame
10-05 15:47:02.263 12222 12222 D SurfaceView@9f4aade: updateSurface: has no frame
10-05 15:47:02.279 12222 12222 D SurfaceView@9f4aade: updateSurface: has no frame
10-05 15:47:02.296 12222 12222 D SurfaceView@9f4aade: updateSurface: has no frame
10-05 15:47:02.313 12222 12222 D SurfaceView@9f4aade: updateSurface: has no frame
10-05 15:47:02.329 12222 12222 D SurfaceView@9f4aade: updateSurface: has no frame
10-05 15:47:02.346 12222 12222 D SurfaceView@9f4aade: updateSurface: has no frame
10-05 15:47:02.363 12222 12222 D SurfaceView@9f4aade: updateSurface: has no frame
10-05 15:47:02.379 12222 12222 D SurfaceView@9f4aade: updateSurface: has no frame
10-05 15:47:02.396 12222 12222 D SurfaceView@9f4aade: updateSurface: has no frame
10-05 15:47:02.413 12222 12222 D SurfaceView@9f4aade: updateSurface: has no frame
10-05 15:47:02.430 12222 12222 D SurfaceView@9f4aade: updateSurface: has no frame
10-05 15:47:02.446 12222 12222 D SurfaceView@9f4aade: updateSurface: has no frame
10-05 15:47:02.462 12222 12222 D SurfaceView@9f4aade: updateSurface: has no frame
10-05 15:47:02.479 12222 12222 D SurfaceView@9f4aade: updateSurface: has no frame
10-05 15:47:02.496 12222 12222 D SurfaceView@9f4aade: updateSurface: has no frame
10-05 15:47:02.513 12222 12222 D SurfaceView@9f4aade: updateSurface: has no frame
10-05 15:47:02.529 12222 12222 D SurfaceView@9f4aade: updateSurface: has no frame
10-05 15:47:02.546 12222 12222 D SurfaceView@9f4aade: updateSurface: has no frame
10-05 15:47:02.562 12222 12222 D SurfaceView@9f4aade: updateSurface: has no frame
10-05 15:47:02.579 12222 12222 D SurfaceView@9f4aade: updateSurface: has no frame
10-05 15:47:02.596 12222 12222 D SurfaceView@9f4aade: updateSurface: has no frame
10-05 15:47:02.612 12222 12222 D SurfaceView@9f4aade: updateSurface: has no frame
10-05 15:47:02.615 12222 12274 I RVM2    : applyMeta
10-05 15:47:02.624 12222 12222 W PanelsChildGestureRegionObserver: failed to register view with ID 2131362800. already registered
10-05 15:47:02.626 12222 12222 E CoilImgLoader: Error loading image: coil3.request.NullRequestDataException: The request's data is null.
10-05 15:47:02.632 12222 12222 E CoilImgLoader: Error loading image: coil3.request.NullRequestDataException: The request's data is null.
10-05 15:47:02.669 12222 12280 I SYNCVM  : addFromUrl = https://wecima.now/watch/in-vitro/
10-05 15:47:02.669 12222 12280 I SYNCUTIL: getIdsFromUrl https://wecima.now/watch/in-vitro/
10-05 15:47:02.682 12222 12222 I ViewRootImpl@e892618[MainActivity]: performTraversals mFirst=false windowShouldResize=false viewVisibilityChanged=false mForceNextWindowRelayout=false params={(0,0)(fillxfill) sim={state=always_hidden adjust=pan} ty=BASE_APPLICATION fmt=TRANSLUCENT wanim=0x1030309
10-05 15:47:02.682 12222 12222 I ViewRootImpl@e892618[MainActivity]:   fl=85810100
10-05 15:47:02.682 12222 12222 I ViewRootImpl@e892618[MainActivity]:   pfl=12020040
10-05 15:47:02.682 12222 12222 I ViewRootImpl@e892618[MainActivity]:   vsysui=500
10-05 15:47:02.682 12222 12222 I ViewRootImpl@e892618[MainActivity]:   bhv=DEFAULT
10-05 15:47:02.682 12222 12222 I ViewRootImpl@e892618[MainActivity]:   fitSides= naviIconColor=0}
10-05 15:47:02.691 12222 12222 I ViewRootImpl@e892618[MainActivity]: updateBlastSurfaceIfNeeded mBlastBufferQueue=0x7b43ddd800 isSameSurfaceControl=true
10-05 15:47:02.692 12222 12222 I BLASTBufferQueue: update, w= 1080 h= 2400 mName = ViewRootImpl@e892618[MainActivity] mNativeObject= 0x7b43ddd800 sc.mNativeObject= 0x7bdd498ee0 format= -3 caller= android.view.ViewRootImpl.updateBlastSurfaceIfNeeded:2898 android.view.ViewRootImpl.relayoutWindow:9847 android.view.ViewRootImpl.performTraversals:3884 android.view.ViewRootImpl.doTraversal:3116 android.view.ViewRootImpl$TraversalRunnable.run:10885 android.view.Choreographer$CallbackRecord.run:1301 
10-05 15:47:02.692 12222 12222 I ViewRootImpl@e892618[MainActivity]: Relayout returned: old=(0,0,1080,2400) new=(0,0,1080,2400) req=(1080,2400)0 dur=9 res=0x0 s={true 0x7bdd46c800} ch=false seqId=0
10-05 15:47:02.692 12222 12222 D SurfaceView@9f4aade: updateSurface: has no frame
10-05 15:47:02.694 12222 12222 I SurfaceView@9f4aade: Changes: creating=true format=true size=true visible=true alpha=false hint=false mUseAlpha=false visible=true left=true top=true
10-05 15:47:02.696 12222 12222 I BLASTBufferQueue: update, w= 1080 h= 525 mName = null mNativeObject= 0x7b1f13fb00 sc.mNativeObject= 0x7bdd4992a0 format= 4 caller= android.view.SurfaceView.createBlastSurfaceControls:1383 android.view.SurfaceView.updateSurface:1079 android.view.SurfaceView.lambda$new$0$android-view-SurfaceView:200 android.view.SurfaceView$$ExternalSyntheticLambda5.onPreDraw:2 android.view.ViewTreeObserver.dispatchOnPreDraw:1121 android.view.ViewRootImpl.performTraversals:4442 
10-05 15:47:02.696 12222 12222 I SurfaceView@9f4aade: 167029470 Cur surface: Surface(name=null)/@0x9cc3fa7
10-05 15:47:02.696 12222 12222 I SurfaceView@9f4aade: pST: sr = Rect(0, 218 - 1080, 743) sw = 1080 sh = 525
10-05 15:47:02.696 12222 12222 D SurfaceView@9f4aade: performSurfaceTransaction RenderWorker position = [0, 218, 1080, 743] surfaceSize = 1080x525
10-05 15:47:02.696 12222 12222 I SurfaceView@9f4aade: applyTransactionOnVriDraw: vri = ViewRootImpl@e892618[MainActivity] fRS = false t = 0x7bed7dcc00 android.view.SurfaceView.performSurfaceTransaction:959 android.view.SurfaceView.updateSurface:1105 android.view.SurfaceView.lambda$new$0$android-view-SurfaceView:200 
10-05 15:47:02.697 12222 12222 I ViewRootImpl@e892618[MainActivity]: applyTransactionOnDraw: mRemoved = false isHardwareEnabled = true t = 0x7bed7dcc00android.view.SurfaceView.applyTransactionOnVriDraw:2048 android.view.SurfaceView.performSurfaceTransaction:959 android.view.SurfaceView.updateSurface:1105 android.view.SurfaceView.lambda$new$0$android-view-SurfaceView:200 android.view.SurfaceView$$ExternalSyntheticLambda5.onPreDraw:2 
10-05 15:47:02.697 12222 12222 I SurfaceView@9f4aade: updateSurface: mVisible = true mSurface.isValid() = true
10-05 15:47:02.697 12222 12222 I SurfaceView@9f4aade: updateSurface: mSurfaceCreated = false surfaceChanged = true visibleChanged = true
10-05 15:47:02.697 12222 12222 I SurfaceView@9f4aade: visibleChanged -- surfaceCreated
10-05 15:47:02.697 12222 12222 I SurfaceView@9f4aade: surfaceCreated 0 #8 android.view.SurfaceView{9f4aade V.E...... ......ID 0,0-1080,525}
10-05 15:47:02.697 12222 12222 I SurfaceView@9f4aade: surfaceChanged -- format=4 w=1080 h=525
10-05 15:47:02.697 12222 12222 I SurfaceView@9f4aade: surfaceChanged (1080,525) 0 #8 android.view.SurfaceView{9f4aade V.E...... ......ID 0,0-1080,525}
10-05 15:47:02.697 12222 12222 I SurfaceView@9f4aade: surfaceRedrawNeeded
10-05 15:47:02.697 12222 12222 V SurfaceView@9f4aade: Layout: x=0 y=218 w=1080 h=525, frame=Rect(0, 0 - 1080, 525)
10-05 15:47:02.706 12222 12323 D SurfaceView@9f4aade: updateSurfacePosition RenderWorker, frameNr = 504, position = [0, 218, 1080, 743] surfaceSize = 1080x525
10-05 15:47:02.706 12222 12323 I SurfaceView@9f4aade: uSP: rtp = Rect(0, 218 - 1080, 743) rtsw = 1080 rtsh = 525
10-05 15:47:02.706 12222 12323 I SurfaceView@9f4aade: onSSPAndSRT: pl = 0 pt = 218 sx = 1.0 sy = 1.0
10-05 15:47:02.707 12222 12323 I SurfaceView@9f4aade: aOrMT: ViewRootImpl@e892618[MainActivity] t = android.view.SurfaceControl$Transaction@beec6f9 fN = 504 android.view.SurfaceView.-$$Nest$mapplyOrMergeTransaction:0 android.view.SurfaceView$SurfaceViewPositionUpdateListener.positionChanged:1537 android.graphics.RenderNode$CompositePositionUpdateListener.positionChanged:373 
10-05 15:47:02.707 12222 12323 I ViewRootImpl@e892618[MainActivity]: mWNT: t=0x7bed6d8600 mBlastBufferQueue=0x7b43ddd800 fn= 504 caller= android.view.SurfaceView.applyOrMergeTransaction:1455 android.view.SurfaceView.-$$Nest$mapplyOrMergeTransaction:0 android.view.SurfaceView$SurfaceViewPositionUpdateListener.positionChanged:1537 
10-05 15:47:02.707 12222 12323 I ViewRootImpl@e892618[MainActivity]: mWNT: t=0x7bed7dcc00 mBlastBufferQueue=0x7b43ddd800 fn= 504 caller= android.view.ViewRootImpl.lambda$applyTransactionOnDraw$11$android-view-ViewRootImpl:12865 android.view.ViewRootImpl$$ExternalSyntheticLambda1.onFrameDraw:4 android.graphics.HardwareRenderer$FrameDrawingCallback.onFrameDraw:924 
10-05 15:47:02.722 12222 12222 I SurfaceView@9f4aade: finishedDrawing
10-05 15:47:03.480 12222 12222 I ViewRootImpl@e892618[MainActivity]: ViewPostIme pointer 0
10-05 15:47:04.016 12222 12222 I Dialog  : mIsDeviceDefault = false, mIsSamsungBasicInteraction = false, isMetaDataInActivity = false
10-05 15:47:04.044 12222 12222 I DecorView: [INFO] isPopOver=false config=false
10-05 15:47:04.044 12222 12222 I DecorView: updateCaptionType: isFloating=false isApplication=true hasWindowDecorCaption=false this=DecorView@97e91ab[]
10-05 15:47:04.044 12222 12222 D DecorView: setCaptionType = 0, this = DecorView@97e91ab[]
10-05 15:47:04.046 12222 12222 I DecorView: getCurrentDensityDpi: from app context. densityDpi=420 msg=resources_loaded
10-05 15:47:04.046 12222 12222 I DecorView: setWindowBackground: isPopOver=false color=0 d=android.graphics.drawable.ColorDrawable@9cb3a1
10-05 15:47:04.053 12222 12246 D NativeCustomFrequencyManager: [NativeCFMS] BpCustomFrequencyManager::BpCustomFrequencyManager()
10-05 15:47:04.054 12222 12222 I DecorView: notifyKeepScreenOnChanged: keepScreenOn=false
10-05 15:47:04.068 12222 12222 D InsetsController: onStateChanged: InsetsState: {mDisplayFrame=Rect(0, 0 - 1080, 2400), mDisplayCutout=DisplayCutout{insets=Rect(0, 88 - 0, 0) waterfall=Insets{left=0, top=0, right=0, bottom=0} boundingRect={Bounds=[Rect(0, 0 - 0, 0), Rect(512, 0 - 568, 88), Rect(0, 0 - 0, 0), Rect(0, 0 - 0, 0)]} cutoutPathParserInfo={CutoutPathParserInfo{displayWidth=1080 displayHeight=2400 physicalDisplayWidth=1080 physicalDisplayHeight=2400 density={2.625} cutoutSpec={M 0,0 M 0,12.25101276465640 a 10.60613009248640,10.60613009248640 0 1,0 0,21.21226018497290 a 10.60613009248640,10.60613009248640 0 1,0 0,-21.21226018497290 Z @dp} rotation={0} scale={1.0} physicalPixelDisplaySizeRatio={1.0}}}}, mRoundedCorners=RoundedCorners{[RoundedCorner{position=TopLeft, radius=84, center=Point(84, 84)}, RoundedCorner{position=TopRight, radius=84, center=Point(996, 84)}, RoundedCorner{position=BottomRight, radius=84, center=Point(996, 2316)}, RoundedCorner{position=BottomLeft, radius=84, center=Point(84, 2316)}]}  mRoundedCornerFrame=Rect(0, 0 - 1080, 2400), mPrivacyIndicatorBounds=PrivacyIndicatorBounds {static bounds=Rect(964, 0 - 1080, 87) rotation=0}, mSources= { InsetsSource: {mType=ITYPE_STATUS_BAR, mFrame=[0,0][1080,88], mVisible=true, mInsetsRoundedCornerFrame=false}, InsetsSource: {mType=ITYPE_NAVIGATION_BAR, mFrame=[0,2361][1080,2400], mVisible=true, mInsetsRoundedCornerFrame=false}, InsetsSource: {mType=ITYPE_LEFT_GESTURES, mFrame=[0,0][130,2400], mVisible=true, mInsetsRoundedCornerFrame=false}, InsetsSource: {mType=ITYPE_RIGHT_GESTURES, mFrame=[950,0][1080,2400], mVisible=true, mInsetsRoundedCornerFrame=false}, InsetsSource: {mType=ITYPE_TOP_MANDATORY_GESTURES, mFrame=[0,0][1080,120], mVisible=true, mInsetsRoundedCornerFrame=false}, InsetsSource: {mType=ITYPE_BOTTOM_MANDATORY_GESTURES, mFrame=[0,2316][1080,2400], mVisible=true, mInsetsRoundedCornerFrame=false}, InsetsSource: {mType=ITYPE_LEFT_DISPLAY_CUTOUT, mFrame=[0,0][-100000,2400], mVisible=true, mInsetsRoundedCornerFrame=false}, InsetsSource: {mType=ITYPE_TOP_DISPLAY_CUTOUT, mFrame=[0,0][1080,88], mVisible=true, mInsetsRoundedCornerFrame=false}, InsetsSource: {mType=ITYPE_RIGHT_DISPLAY_CUTOUT, mFrame=[100000,0][1080,2400], mVisible=true, mInsetsRoundedCornerFrame=false}, InsetsSource: {mType=ITYPE_BOTTOM_DISPLAY_CUTOUT, mFrame=[0,100000][1080,2400], mVisible=true, mInsetsRoundedCornerFrame=false}, InsetsSource: {mType=ITYPE_TOP_TAPPABLE_ELEMENT, mFrame=[0,0][1080,88], mVisible=true, mInsetsRoundedCornerFrame=false}, InsetsSource: {mType=ITYPE_BOTTOM_TAPPABLE_ELEMENT, mFrame=[0,0][0,0], mVisible=true, mInsetsRoundedCornerFrame=false}, InsetsSource: {mType=ITYPE_IME, mFrame=[0,0][0,0], mVisible=false, mInsetsRoundedCornerFrame=false} } host=com.lagradost.cloudstream3/com.lagradost.cloudstream3.MainActivity from=android.view.ViewRootImpl.setView:1732
10-05 15:47:04.069 12222 12222 I ViewRootImpl@103b9e[MainActivity]: setView = com.android.internal.policy.DecorView@97e91ab TM=true
10-05 15:47:04.084 12222 12222 I ViewRootImpl@103b9e[MainActivity]: performTraversals params={(0,0)(fillxfill) gr=CENTER sim={adjust=resize forwardNavigation} ty=APPLICATION fmt=TRANSPARENT wanim=0x7f14000b
10-05 15:47:04.084 12222 12222 I ViewRootImpl@103b9e[MainActivity]:   fl=85810100
10-05 15:47:04.084 12222 12222 I ViewRootImpl@103b9e[MainActivity]:   pfl=12020040
10-05 15:47:04.084 12222 12222 I ViewRootImpl@103b9e[MainActivity]:   vsysui=500
10-05 15:47:04.084 12222 12222 I ViewRootImpl@103b9e[MainActivity]:   bhv=DEFAULT
10-05 15:47:04.084 12222 12222 I ViewRootImpl@103b9e[MainActivity]:   fitSides= naviIconColor=0}
10-05 15:47:04.085 12222 12222 I ViewRootImpl@103b9e[MainActivity]: performTraversals mFirst=true windowShouldResize=true viewVisibilityChanged=false mForceNextWindowRelayout=false params={(0,0)(fillxfill) gr=CENTER sim={adjust=resize forwardNavigation} ty=APPLICATION fmt=TRANSPARENT wanim=0x7f14000b
10-05 15:47:04.085 12222 12222 I ViewRootImpl@103b9e[MainActivity]:   fl=85810100
10-05 15:47:04.085 12222 12222 I ViewRootImpl@103b9e[MainActivity]:   pfl=12020040
10-05 15:47:04.085 12222 12222 I ViewRootImpl@103b9e[MainActivity]:   vsysui=500
10-05 15:47:04.085 12222 12222 I ViewRootImpl@103b9e[MainActivity]:   bhv=DEFAULT
10-05 15:47:04.085 12222 12222 I ViewRootImpl@103b9e[MainActivity]:   fitSides= naviIconColor=0}
10-05 15:47:04.101 12222 12222 I ViewRootImpl@103b9e[MainActivity]: updateBlastSurfaceIfNeeded mBlastBufferQueue=null isSameSurfaceControl=false
10-05 15:47:04.102 12222 12222 I BLASTBufferQueue: new BLASTBufferQueue, mName= ViewRootImpl@103b9e[MainActivity] mNativeObject= 0x7b1f13f800 sc.mNativeObject= 0x7bdd5447c0 caller= android.view.ViewRootImpl.updateBlastSurfaceIfNeeded:2909 android.view.ViewRootImpl.relayoutWindow:9847 android.view.ViewRootImpl.performTraversals:3884 android.view.ViewRootImpl.doTraversal:3116 android.view.ViewRootImpl$TraversalRunnable.run:10885 android.view.Choreographer$CallbackRecord.run:1301 android.view.Choreographer$CallbackRecord.run:1309 android.view.Choreographer.doCallbacks:923 android.view.Choreographer.doFrame:852 android.view.Choreographer$FrameDisplayEventReceiver.run:1283 
10-05 15:47:04.102 12222 12222 I BLASTBufferQueue: update, w= 1080 h= 2400 mName = ViewRootImpl@103b9e[MainActivity] mNativeObject= 0x7b1f13f800 sc.mNativeObject= 0x7bdd5447c0 format= -2 caller= android.graphics.BLASTBufferQueue.<init>:84 android.view.ViewRootImpl.updateBlastSurfaceIfNeeded:2909 android.view.ViewRootImpl.relayoutWindow:9847 android.view.ViewRootImpl.performTraversals:3884 android.view.ViewRootImpl.doTraversal:3116 android.view.ViewRootImpl$TraversalRunnable.run:10885 
10-05 15:47:04.103 12222 12222 I ViewRootImpl@103b9e[MainActivity]: Relayout returned: old=(0,0,1080,2400) new=(0,0,1080,2400) req=(1080,2400)0 dur=16 res=0x3 s={true 0x7bdd46a000} ch=true seqId=0
10-05 15:47:04.104 12222 12222 I ViewRootImpl@103b9e[MainActivity]: mThreadedRenderer.initialize() mSurface={isValid=true 0x7bdd46a000} hwInitialized=true
10-05 15:47:04.104 12222 12246 D OpenGLRenderer: eglCreateWindowSurface
10-05 15:47:04.126 12222 12222 D AbsListView:  in onLayout changed 
10-05 15:47:04.128 12222 12222 I ViewRootImpl@103b9e[MainActivity]: reportNextDraw android.view.ViewRootImpl.performTraversals:4438 android.view.ViewRootImpl.doTraversal:3116 android.view.ViewRootImpl$TraversalRunnable.run:10885 android.view.Choreographer$CallbackRecord.run:1301 android.view.Choreographer$CallbackRecord.run:1309 
10-05 15:47:04.128 12222 12222 I ViewRootImpl@103b9e[MainActivity]: Setup new sync id=0
10-05 15:47:04.128 12222 12222 I ViewRootImpl@103b9e[MainActivity]: Setting syncFrameCallback
10-05 15:47:04.128 12222 12222 I ViewRootImpl@103b9e[MainActivity]: registerCallbacksForSync syncBuffer=false
10-05 15:47:04.131 12222 12324 I ViewRootImpl@103b9e[MainActivity]: Received frameDrawingCallback syncResult=0 frameNum=1.
