10-04 21:05:55.159 11827 11928 I ViewRootImpl@fd04a9[MainActivity]: mWNT: t=0x7bdd591600 mBlastBufferQueue=0x7b3dc82900 fn= 1122 caller= android.view.ViewRootImpl.lambda$applyTransactionOnDraw$11$android-view-ViewRootImpl:12865 android.view.ViewRootImpl$$ExternalSyntheticLambda1.onFrameDraw:4 android.graphics.HardwareRenderer$FrameDrawingCallback.onFrameDraw:924 
10-04 21:05:55.170 11827 11827 I SurfaceView@617e23c: Changes: creating=false format=false size=false visible=false alpha=false hint=false mUseAlpha=false visible=false left=false top=true
10-04 21:05:55.170 11827 11827 I SurfaceView@617e23c: 102228540 Cur surface: Surface(name=null)/@0xcc91aa9
10-04 21:05:55.170 11827 11827 I SurfaceView@617e23c: applyTransactionOnVriDraw: vri = ViewRootImpl@fd04a9[MainActivity] fRS = false t = 0x7b1bc34400 android.view.SurfaceView.performSurfaceTransaction:959 android.view.SurfaceView.updateSurface:1105 android.view.SurfaceView.lambda$new$0$android-view-SurfaceView:200 
10-04 21:05:55.171 11827 11827 I ViewRootImpl@fd04a9[MainActivity]: applyTransactionOnDraw: mRemoved = false isHardwareEnabled = true t = 0x7b1bc34400android.view.SurfaceView.applyTransactionOnVriDraw:2048 android.view.SurfaceView.performSurfaceTransaction:959 android.view.SurfaceView.updateSurface:1105 android.view.SurfaceView.lambda$new$0$android-view-SurfaceView:200 android.view.SurfaceView$$ExternalSyntheticLambda5.onPreDraw:2 
10-04 21:05:55.171 11827 11827 I SurfaceView@617e23c: updateSurface: mVisible = true mSurface.isValid() = true
10-04 21:05:55.171 11827 11827 I SurfaceView@617e23c: updateSurface: mSurfaceCreated = true surfaceChanged = false visibleChanged = false
10-04 21:05:55.171 11827 11827 V SurfaceView@617e23c: Layout: x=0 y=-570 w=1080 h=525, frame=Rect(0, 0 - 1080, 525)
10-04 21:05:55.174 11827 11927 D SurfaceView@617e23c: updateSurfacePosition RenderWorker, frameNr = 1123, position = [0, -570, 1080, -45] surfaceSize = 1080x525
10-04 21:05:55.175 11827 11927 I SurfaceView@617e23c: uSP: rtp = Rect(0, -570 - 1080, -45) rtsw = 1080 rtsh = 525
10-04 21:05:55.175 11827 11927 I SurfaceView@617e23c: onSSPAndSRT: pl = 0 pt = -570 sx = 1.0 sy = 1.0
10-04 21:05:55.175 11827 11927 I SurfaceView@617e23c: aOrMT: ViewRootImpl@fd04a9[MainActivity] t = android.view.SurfaceControl$Transaction@54d1d5c fN = 1123 android.view.SurfaceView.-$$Nest$mapplyOrMergeTransaction:0 android.view.SurfaceView$SurfaceViewPositionUpdateListener.positionChanged:1537 android.graphics.RenderNode$CompositePositionUpdateListener.positionChanged:373 
10-04 21:05:55.175 11827 11927 I ViewRootImpl@fd04a9[MainActivity]: mWNT: t=0x7b5d166c00 mBlastBufferQueue=0x7b3dc82900 fn= 1123 caller= android.view.SurfaceView.applyOrMergeTransaction:1455 android.view.SurfaceView.-$$Nest$mapplyOrMergeTransaction:0 android.view.SurfaceView$SurfaceViewPositionUpdateListener.positionChanged:1537 
10-04 21:05:55.175 11827 11927 I ViewRootImpl@fd04a9[MainActivity]: mWNT: t=0x7b1bc34400 mBlastBufferQueue=0x7b3dc82900 fn= 1123 caller= android.view.ViewRootImpl.lambda$applyTransactionOnDraw$11$android-view-ViewRootImpl:12865 android.view.ViewRootImpl$$ExternalSyntheticLambda1.onFrameDraw:4 android.graphics.HardwareRenderer$FrameDrawingCallback.onFrameDraw:924 
10-04 21:05:55.186 11827 11827 I SurfaceView@617e23c: Changes: creating=false format=false size=false visible=false alpha=false hint=false mUseAlpha=false visible=false left=false top=true
10-04 21:05:55.186 11827 11827 I SurfaceView@617e23c: 102228540 Cur surface: Surface(name=null)/@0xcc91aa9
10-04 21:05:55.187 11827 11827 I SurfaceView@617e23c: applyTransactionOnVriDraw: vri = ViewRootImpl@fd04a9[MainActivity] fRS = false t = 0x7b1bc34500 android.view.SurfaceView.performSurfaceTransaction:959 android.view.SurfaceView.updateSurface:1105 android.view.SurfaceView.lambda$new$0$android-view-SurfaceView:200 
10-04 21:05:55.187 11827 11827 I ViewRootImpl@fd04a9[MainActivity]: applyTransactionOnDraw: mRemoved = false isHardwareEnabled = true t = 0x7b1bc34500android.view.SurfaceView.applyTransactionOnVriDraw:2048 android.view.SurfaceView.performSurfaceTransaction:959 android.view.SurfaceView.updateSurface:1105 android.view.SurfaceView.lambda$new$0$android-view-SurfaceView:200 android.view.SurfaceView$$ExternalSyntheticLambda5.onPreDraw:2 
10-04 21:05:55.187 11827 11827 I SurfaceView@617e23c: updateSurface: mVisible = true mSurface.isValid() = true
10-04 21:05:55.187 11827 11827 I SurfaceView@617e23c: updateSurface: mSurfaceCreated = true surfaceChanged = false visibleChanged = false
10-04 21:05:55.187 11827 11827 V SurfaceView@617e23c: Layout: x=0 y=-672 w=1080 h=525, frame=Rect(0, 0 - 1080, 525)
10-04 21:05:55.190 11827 11928 D SurfaceView@617e23c: updateSurfacePosition RenderWorker, frameNr = 1124, position = [0, -672, 1080, -147] surfaceSize = 1080x525
10-04 21:05:55.190 11827 11928 I SurfaceView@617e23c: uSP: rtp = Rect(0, -672 - 1080, -147) rtsw = 1080 rtsh = 525
10-04 21:05:55.190 11827 11928 I SurfaceView@617e23c: onSSPAndSRT: pl = 0 pt = -672 sx = 1.0 sy = 1.0
10-04 21:05:55.190 11827 11928 I SurfaceView@617e23c: aOrMT: ViewRootImpl@fd04a9[MainActivity] t = android.view.SurfaceControl$Transaction@54d1d5c fN = 1124 android.view.SurfaceView.-$$Nest$mapplyOrMergeTransaction:0 android.view.SurfaceView$SurfaceViewPositionUpdateListener.positionChanged:1537 android.graphics.RenderNode$CompositePositionUpdateListener.positionChanged:373 
10-04 21:05:55.190 11827 11928 I ViewRootImpl@fd04a9[MainActivity]: mWNT: t=0x7b5d166c00 mBlastBufferQueue=0x7b3dc82900 fn= 1124 caller= android.view.SurfaceView.applyOrMergeTransaction:1455 android.view.SurfaceView.-$$Nest$mapplyOrMergeTransaction:0 android.view.SurfaceView$SurfaceViewPositionUpdateListener.positionChanged:1537 
10-04 21:05:55.190 11827 11928 I ViewRootImpl@fd04a9[MainActivity]: mWNT: t=0x7b1bc34500 mBlastBufferQueue=0x7b3dc82900 fn= 1124 caller= android.view.ViewRootImpl.lambda$applyTransactionOnDraw$11$android-view-ViewRootImpl:12865 android.view.ViewRootImpl$$ExternalSyntheticLambda1.onFrameDraw:4 android.graphics.HardwareRenderer$FrameDrawingCallback.onFrameDraw:924 
10-04 21:05:55.203 11827 11827 I SurfaceView@617e23c: Changes: creating=false format=false size=false visible=false alpha=false hint=false mUseAlpha=false visible=false left=false top=true
10-04 21:05:55.203 11827 11827 I SurfaceView@617e23c: 102228540 Cur surface: Surface(name=null)/@0xcc91aa9
10-04 21:05:55.204 11827 11827 I SurfaceView@617e23c: applyTransactionOnVriDraw: vri = ViewRootImpl@fd04a9[MainActivity] fRS = false t = 0x7b1bc34600 android.view.SurfaceView.performSurfaceTransaction:959 android.view.SurfaceView.updateSurface:1105 android.view.SurfaceView.lambda$new$0$android-view-SurfaceView:200 
10-04 21:05:55.204 11827 11827 I ViewRootImpl@fd04a9[MainActivity]: applyTransactionOnDraw: mRemoved = false isHardwareEnabled = true t = 0x7b1bc34600android.view.SurfaceView.applyTransactionOnVriDraw:2048 android.view.SurfaceView.performSurfaceTransaction:959 android.view.SurfaceView.updateSurface:1105 android.view.SurfaceView.lambda$new$0$android-view-SurfaceView:200 android.view.SurfaceView$$ExternalSyntheticLambda5.onPreDraw:2 
10-04 21:05:55.204 11827 11827 I SurfaceView@617e23c: updateSurface: mVisible = true mSurface.isValid() = true
10-04 21:05:55.204 11827 11827 I SurfaceView@617e23c: updateSurface: mSurfaceCreated = true surfaceChanged = false visibleChanged = false
10-04 21:05:55.204 11827 11827 V SurfaceView@617e23c: Layout: x=0 y=-766 w=1080 h=525, frame=Rect(0, 0 - 1080, 525)
10-04 21:05:55.208 11827 11927 D SurfaceView@617e23c: updateSurfacePosition RenderWorker, frameNr = 1125, position = [0, -766, 1080, -241] surfaceSize = 1080x525
10-04 21:05:55.208 11827 11927 I SurfaceView@617e23c: uSP: rtp = Rect(0, -766 - 1080, -241) rtsw = 1080 rtsh = 525
10-04 21:05:55.208 11827 11927 I SurfaceView@617e23c: onSSPAndSRT: pl = 0 pt = -766 sx = 1.0 sy = 1.0
10-04 21:05:55.208 11827 11927 I SurfaceView@617e23c: aOrMT: ViewRootImpl@fd04a9[MainActivity] t = android.view.SurfaceControl$Transaction@54d1d5c fN = 1125 android.view.SurfaceView.-$$Nest$mapplyOrMergeTransaction:0 android.view.SurfaceView$SurfaceViewPositionUpdateListener.positionChanged:1537 android.graphics.RenderNode$CompositePositionUpdateListener.positionChanged:373 
10-04 21:05:55.208 11827 11927 I ViewRootImpl@fd04a9[MainActivity]: mWNT: t=0x7b5d166c00 mBlastBufferQueue=0x7b3dc82900 fn= 1125 caller= android.view.SurfaceView.applyOrMergeTransaction:1455 android.view.SurfaceView.-$$Nest$mapplyOrMergeTransaction:0 android.view.SurfaceView$SurfaceViewPositionUpdateListener.positionChanged:1537 
10-04 21:05:55.208 11827 11927 I ViewRootImpl@fd04a9[MainActivity]: mWNT: t=0x7b1bc34600 mBlastBufferQueue=0x7b3dc82900 fn= 1125 caller= android.view.ViewRootImpl.lambda$applyTransactionOnDraw$11$android-view-ViewRootImpl:12865 android.view.ViewRootImpl$$ExternalSyntheticLambda1.onFrameDraw:4 android.graphics.HardwareRenderer$FrameDrawingCallback.onFrameDraw:924 
10-04 21:05:55.218 11827 11827 I SurfaceView@617e23c: Changes: creating=false format=false size=false visible=false alpha=false hint=false mUseAlpha=false visible=false left=false top=true
10-04 21:05:55.218 11827 11827 I SurfaceView@617e23c: 102228540 Cur surface: Surface(name=null)/@0xcc91aa9
10-04 21:05:55.219 11827 11827 I SurfaceView@617e23c: applyTransactionOnVriDraw: vri = ViewRootImpl@fd04a9[MainActivity] fRS = false t = 0x7b1bc34700 android.view.SurfaceView.performSurfaceTransaction:959 android.view.SurfaceView.updateSurface:1105 android.view.SurfaceView.lambda$new$0$android-view-SurfaceView:200 
10-04 21:05:55.219 11827 11827 I ViewRootImpl@fd04a9[MainActivity]: applyTransactionOnDraw: mRemoved = false isHardwareEnabled = true t = 0x7b1bc34700android.view.SurfaceView.applyTransactionOnVriDraw:2048 android.view.SurfaceView.performSurfaceTransaction:959 android.view.SurfaceView.updateSurface:1105 android.view.SurfaceView.lambda$new$0$android-view-SurfaceView:200 android.view.SurfaceView$$ExternalSyntheticLambda5.onPreDraw:2 
10-04 21:05:55.219 11827 11827 I SurfaceView@617e23c: updateSurface: mVisible = true mSurface.isValid() = true
10-04 21:05:55.219 11827 11827 I SurfaceView@617e23c: updateSurface: mSurfaceCreated = true surfaceChanged = false visibleChanged = false
10-04 21:05:55.219 11827 11827 V SurfaceView@617e23c: Layout: x=0 y=-862 w=1080 h=525, frame=Rect(0, 0 - 1080, 525)
10-04 21:05:55.221 11827 11928 D SurfaceView@617e23c: updateSurfacePosition RenderWorker, frameNr = 1126, position = [0, -862, 1080, -337] surfaceSize = 1080x525
10-04 21:05:55.221 11827 11928 I SurfaceView@617e23c: uSP: rtp = Rect(0, -862 - 1080, -337) rtsw = 1080 rtsh = 525
10-04 21:05:55.221 11827 11928 I SurfaceView@617e23c: onSSPAndSRT: pl = 0 pt = -862 sx = 1.0 sy = 1.0
10-04 21:05:55.222 11827 11928 I SurfaceView@617e23c: aOrMT: ViewRootImpl@fd04a9[MainActivity] t = android.view.SurfaceControl$Transaction@54d1d5c fN = 1126 android.view.SurfaceView.-$$Nest$mapplyOrMergeTransaction:0 android.view.SurfaceView$SurfaceViewPositionUpdateListener.positionChanged:1537 android.graphics.RenderNode$CompositePositionUpdateListener.positionChanged:373 
10-04 21:05:55.222 11827 11928 I ViewRootImpl@fd04a9[MainActivity]: mWNT: t=0x7b5d166c00 mBlastBufferQueue=0x7b3dc82900 fn= 1126 caller= android.view.SurfaceView.applyOrMergeTransaction:1455 android.view.SurfaceView.-$$Nest$mapplyOrMergeTransaction:0 android.view.SurfaceView$SurfaceViewPositionUpdateListener.positionChanged:1537 
10-04 21:05:55.222 11827 11928 I ViewRootImpl@fd04a9[MainActivity]: mWNT: t=0x7b1bc34700 mBlastBufferQueue=0x7b3dc82900 fn= 1126 caller= android.view.ViewRootImpl.lambda$applyTransactionOnDraw$11$android-view-ViewRootImpl:12865 android.view.ViewRootImpl$$ExternalSyntheticLambda1.onFrameDraw:4 android.graphics.HardwareRenderer$FrameDrawingCallback.onFrameDraw:924 
10-04 21:05:55.235 11827 11827 I SurfaceView@617e23c: Changes: creating=false format=false size=false visible=false alpha=false hint=false mUseAlpha=false visible=false left=false top=true
10-04 21:05:55.235 11827 11827 I SurfaceView@617e23c: 102228540 Cur surface: Surface(name=null)/@0xcc91aa9
10-04 21:05:55.236 11827 11827 I SurfaceView@617e23c: applyTransactionOnVriDraw: vri = ViewRootImpl@fd04a9[MainActivity] fRS = false t = 0x7b1bc34800 android.view.SurfaceView.performSurfaceTransaction:959 android.view.SurfaceView.updateSurface:1105 android.view.SurfaceView.lambda$new$0$android-view-SurfaceView:200 
10-04 21:05:55.236 11827 11827 I ViewRootImpl@fd04a9[MainActivity]: applyTransactionOnDraw: mRemoved = false isHardwareEnabled = true t = 0x7b1bc34800android.view.SurfaceView.applyTransactionOnVriDraw:2048 android.view.SurfaceView.performSurfaceTransaction:959 android.view.SurfaceView.updateSurface:1105 android.view.SurfaceView.lambda$new$0$android-view-SurfaceView:200 android.view.SurfaceView$$ExternalSyntheticLambda5.onPreDraw:2 
10-04 21:05:55.236 11827 11827 I SurfaceView@617e23c: updateSurface: mVisible = true mSurface.isValid() = true
10-04 21:05:55.236 11827 11827 I SurfaceView@617e23c: updateSurface: mSurfaceCreated = true surfaceChanged = false visibleChanged = false
10-04 21:05:55.236 11827 11827 V SurfaceView@617e23c: Layout: x=0 y=-955 w=1080 h=525, frame=Rect(0, 0 - 1080, 525)
10-04 21:05:55.239 11827 11927 D SurfaceView@617e23c: updateSurfacePosition RenderWorker, frameNr = 1127, position = [0, -955, 1080, -430] surfaceSize = 1080x525
10-04 21:05:55.239 11827 11927 I SurfaceView@617e23c: uSP: rtp = Rect(0, -955 - 1080, -430) rtsw = 1080 rtsh = 525
10-04 21:05:55.239 11827 11927 I SurfaceView@617e23c: onSSPAndSRT: pl = 0 pt = -955 sx = 1.0 sy = 1.0
10-04 21:05:55.239 11827 11927 I SurfaceView@617e23c: aOrMT: ViewRootImpl@fd04a9[MainActivity] t = android.view.SurfaceControl$Transaction@54d1d5c fN = 1127 android.view.SurfaceView.-$$Nest$mapplyOrMergeTransaction:0 android.view.SurfaceView$SurfaceViewPositionUpdateListener.positionChanged:1537 android.graphics.RenderNode$CompositePositionUpdateListener.positionChanged:373 
10-04 21:05:55.239 11827 11927 I ViewRootImpl@fd04a9[MainActivity]: mWNT: t=0x7b5d166c00 mBlastBufferQueue=0x7b3dc82900 fn= 1127 caller= android.view.SurfaceView.applyOrMergeTransaction:1455 android.view.SurfaceView.-$$Nest$mapplyOrMergeTransaction:0 android.view.SurfaceView$SurfaceViewPositionUpdateListener.positionChanged:1537 
10-04 21:05:55.239 11827 11927 I ViewRootImpl@fd04a9[MainActivity]: mWNT: t=0x7b1bc34800 mBlastBufferQueue=0x7b3dc82900 fn= 1127 caller= android.view.ViewRootImpl.lambda$applyTransactionOnDraw$11$android-view-ViewRootImpl:12865 android.view.ViewRootImpl$$ExternalSyntheticLambda1.onFrameDraw:4 android.graphics.HardwareRenderer$FrameDrawingCallback.onFrameDraw:924 
10-04 21:05:55.253 11827 11827 I SurfaceView@617e23c: Changes: creating=false format=false size=false visible=false alpha=false hint=false mUseAlpha=false visible=false left=false top=true
10-04 21:05:55.253 11827 11827 I SurfaceView@617e23c: 102228540 Cur surface: Surface(name=null)/@0xcc91aa9
10-04 21:05:55.254 11827 11827 I SurfaceView@617e23c: applyTransactionOnVriDraw: vri = ViewRootImpl@fd04a9[MainActivity] fRS = false t = 0x7b1bc34900 android.view.SurfaceView.performSurfaceTransaction:959 android.view.SurfaceView.updateSurface:1105 android.view.SurfaceView.lambda$new$0$android-view-SurfaceView:200 
10-04 21:05:55.254 11827 11827 I ViewRootImpl@fd04a9[MainActivity]: applyTransactionOnDraw: mRemoved = false isHardwareEnabled = true t = 0x7b1bc34900android.view.SurfaceView.applyTransactionOnVriDraw:2048 android.view.SurfaceView.performSurfaceTransaction:959 android.view.SurfaceView.updateSurface:1105 android.view.SurfaceView.lambda$new$0$android-view-SurfaceView:200 android.view.SurfaceView$$ExternalSyntheticLambda5.onPreDraw:2 
10-04 21:05:55.254 11827 11827 I SurfaceView@617e23c: updateSurface: mVisible = true mSurface.isValid() = true
10-04 21:05:55.254 11827 11827 I SurfaceView@617e23c: updateSurface: mSurfaceCreated = true surfaceChanged = false visibleChanged = false
10-04 21:05:55.254 11827 11827 V SurfaceView@617e23c: Layout: x=0 y=-1039 w=1080 h=525, frame=Rect(0, 0 - 1080, 525)
10-04 21:05:55.257 11827 11928 D SurfaceView@617e23c: updateSurfacePosition RenderWorker, frameNr = 1128, position = [0, -1039, 1080, -514] surfaceSize = 1080x525
10-04 21:05:55.257 11827 11928 I SurfaceView@617e23c: uSP: rtp = Rect(0, -1039 - 1080, -514) rtsw = 1080 rtsh = 525
10-04 21:05:55.257 11827 11928 I SurfaceView@617e23c: onSSPAndSRT: pl = 0 pt = -1039 sx = 1.0 sy = 1.0
10-04 21:05:55.257 11827 11928 I SurfaceView@617e23c: aOrMT: ViewRootImpl@fd04a9[MainActivity] t = android.view.SurfaceControl$Transaction@54d1d5c fN = 1128 android.view.SurfaceView.-$$Nest$mapplyOrMergeTransaction:0 android.view.SurfaceView$SurfaceViewPositionUpdateListener.positionChanged:1537 android.graphics.RenderNode$CompositePositionUpdateListener.positionChanged:373 
10-04 21:05:55.258 11827 11928 I ViewRootImpl@fd04a9[MainActivity]: mWNT: t=0x7b5d166c00 mBlastBufferQueue=0x7b3dc82900 fn= 1128 caller= android.view.SurfaceView.applyOrMergeTransaction:1455 android.view.SurfaceView.-$$Nest$mapplyOrMergeTransaction:0 android.view.SurfaceView$SurfaceViewPositionUpdateListener.positionChanged:1537 
10-04 21:05:55.258 11827 11928 I ViewRootImpl@fd04a9[MainActivity]: mWNT: t=0x7b1bc34900 mBlastBufferQueue=0x7b3dc82900 fn= 1128 caller= android.view.ViewRootImpl.lambda$applyTransactionOnDraw$11$android-view-ViewRootImpl:12865 android.view.ViewRootImpl$$ExternalSyntheticLambda1.onFrameDraw:4 android.graphics.HardwareRenderer$FrameDrawingCallback.onFrameDraw:924 
10-04 21:05:55.269 11827 11827 I SurfaceView@617e23c: Changes: creating=false format=false size=false visible=false alpha=false hint=false mUseAlpha=false visible=false left=false top=true
10-04 21:05:55.270 11827 11827 I SurfaceView@617e23c: 102228540 Cur surface: Surface(name=null)/@0xcc91aa9
10-04 21:05:55.270 11827 11827 I SurfaceView@617e23c: applyTransactionOnVriDraw: vri = ViewRootImpl@fd04a9[MainActivity] fRS = false t = 0x7b1bc34a00 android.view.SurfaceView.performSurfaceTransaction:959 android.view.SurfaceView.updateSurface:1105 android.view.SurfaceView.lambda$new$0$android-view-SurfaceView:200 
10-04 21:05:55.270 11827 11827 I ViewRootImpl@fd04a9[MainActivity]: applyTransactionOnDraw: mRemoved = false isHardwareEnabled = true t = 0x7b1bc34a00android.view.SurfaceView.applyTransactionOnVriDraw:2048 android.view.SurfaceView.performSurfaceTransaction:959 android.view.SurfaceView.updateSurface:1105 android.view.SurfaceView.lambda$new$0$android-view-SurfaceView:200 android.view.SurfaceView$$ExternalSyntheticLambda5.onPreDraw:2 
10-04 21:05:55.270 11827 11827 I SurfaceView@617e23c: updateSurface: mVisible = true mSurface.isValid() = true
10-04 21:05:55.271 11827 11827 I SurfaceView@617e23c: updateSurface: mSurfaceCreated = true surfaceChanged = false visibleChanged = false
10-04 21:05:55.271 11827 11827 V SurfaceView@617e23c: Layout: x=0 y=-1126 w=1080 h=525, frame=Rect(0, 0 - 1080, 525)
10-04 21:05:55.274 11827 11927 D SurfaceView@617e23c: updateSurfacePosition RenderWorker, frameNr = 1129, position = [0, -1126, 1080, -601] surfaceSize = 1080x525
10-04 21:05:55.274 11827 11927 I SurfaceView@617e23c: uSP: rtp = Rect(0, -1126 - 1080, -601) rtsw = 1080 rtsh = 525
10-04 21:05:55.274 11827 11927 I SurfaceView@617e23c: onSSPAndSRT: pl = 0 pt = -1126 sx = 1.0 sy = 1.0
10-04 21:05:55.274 11827 11927 I SurfaceView@617e23c: aOrMT: ViewRootImpl@fd04a9[MainActivity] t = android.view.SurfaceControl$Transaction@54d1d5c fN = 1129 android.view.SurfaceView.-$$Nest$mapplyOrMergeTransaction:0 android.view.SurfaceView$SurfaceViewPositionUpdateListener.positionChanged:1537 android.graphics.RenderNode$CompositePositionUpdateListener.positionChanged:373 
10-04 21:05:55.274 11827 11927 I ViewRootImpl@fd04a9[MainActivity]: mWNT: t=0x7b5d166c00 mBlastBufferQueue=0x7b3dc82900 fn= 1129 caller= android.view.SurfaceView.applyOrMergeTransaction:1455 android.view.SurfaceView.-$$Nest$mapplyOrMergeTransaction:0 android.view.SurfaceView$SurfaceViewPositionUpdateListener.positionChanged:1537 
10-04 21:05:55.274 11827 11927 I ViewRootImpl@fd04a9[MainActivity]: mWNT: t=0x7b1bc34a00 mBlastBufferQueue=0x7b3dc82900 fn= 1129 caller= android.view.ViewRootImpl.lambda$applyTransactionOnDraw$11$android-view-ViewRootImpl:12865 android.view.ViewRootImpl$$ExternalSyntheticLambda1.onFrameDraw:4 android.graphics.HardwareRenderer$FrameDrawingCallback.onFrameDraw:924 
10-04 21:05:55.286 11827 11827 I SurfaceView@617e23c: Changes: creating=false format=false size=false visible=false alpha=false hint=false mUseAlpha=false visible=false left=false top=true
10-04 21:05:55.286 11827 11827 I SurfaceView@617e23c: 102228540 Cur surface: Surface(name=null)/@0xcc91aa9
10-04 21:05:55.286 11827 11827 I SurfaceView@617e23c: applyTransactionOnVriDraw: vri = ViewRootImpl@fd04a9[MainActivity] fRS = false t = 0x7b1bc34b00 android.view.SurfaceView.performSurfaceTransaction:959 android.view.SurfaceView.updateSurface:1105 android.view.SurfaceView.lambda$new$0$android-view-SurfaceView:200 
10-04 21:05:55.286 11827 11827 I ViewRootImpl@fd04a9[MainActivity]: applyTransactionOnDraw: mRemoved = false isHardwareEnabled = true t = 0x7b1bc34b00android.view.SurfaceView.applyTransactionOnVriDraw:2048 android.view.SurfaceView.performSurfaceTransaction:959 android.view.SurfaceView.updateSurface:1105 android.view.SurfaceView.lambda$new$0$android-view-SurfaceView:200 android.view.SurfaceView$$ExternalSyntheticLambda5.onPreDraw:2 
10-04 21:05:55.286 11827 11827 I SurfaceView@617e23c: updateSurface: mVisible = true mSurface.isValid() = true
10-04 21:05:55.286 11827 11827 I SurfaceView@617e23c: updateSurface: mSurfaceCreated = true surfaceChanged = false visibleChanged = false
10-04 21:05:55.286 11827 11827 V SurfaceView@617e23c: Layout: x=0 y=-1209 w=1080 h=525, frame=Rect(0, 0 - 1080, 525)
10-04 21:05:55.288 11827 11928 D SurfaceView@617e23c: updateSurfacePosition RenderWorker, frameNr = 1130, position = [0, -1209, 1080, -684] surfaceSize = 1080x525
10-04 21:05:55.288 11827 11928 I SurfaceView@617e23c: uSP: rtp = Rect(0, -1209 - 1080, -684) rtsw = 1080 rtsh = 525
10-04 21:05:55.288 11827 11928 I SurfaceView@617e23c: onSSPAndSRT: pl = 0 pt = -1209 sx = 1.0 sy = 1.0
10-04 21:05:55.288 11827 11928 I SurfaceView@617e23c: aOrMT: ViewRootImpl@fd04a9[MainActivity] t = android.view.SurfaceControl$Transaction@54d1d5c fN = 1130 android.view.SurfaceView.-$$Nest$mapplyOrMergeTransaction:0 android.view.SurfaceView$SurfaceViewPositionUpdateListener.positionChanged:1537 android.graphics.RenderNode$CompositePositionUpdateListener.positionChanged:373 
10-04 21:05:55.289 11827 11928 I ViewRootImpl@fd04a9[MainActivity]: mWNT: t=0x7b5d166c00 mBlastBufferQueue=0x7b3dc82900 fn= 1130 caller= android.view.SurfaceView.applyOrMergeTransaction:1455 android.view.SurfaceView.-$$Nest$mapplyOrMergeTransaction:0 android.view.SurfaceView$SurfaceViewPositionUpdateListener.positionChanged:1537 
10-04 21:05:55.289 11827 11928 I ViewRootImpl@fd04a9[MainActivity]: mWNT: t=0x7b1bc34b00 mBlastBufferQueue=0x7b3dc82900 fn= 1130 caller= android.view.ViewRootImpl.lambda$applyTransactionOnDraw$11$android-view-ViewRootImpl:12865 android.view.ViewRootImpl$$ExternalSyntheticLambda1.onFrameDraw:4 android.graphics.HardwareRenderer$FrameDrawingCallback.onFrameDraw:924 
10-04 21:05:55.303 11827 11827 I SurfaceView@617e23c: Changes: creating=false format=false size=false visible=false alpha=false hint=false mUseAlpha=false visible=false left=false top=true
10-04 21:05:55.303 11827 11827 I SurfaceView@617e23c: 102228540 Cur surface: Surface(name=null)/@0xcc91aa9
10-04 21:05:55.304 11827 11827 I SurfaceView@617e23c: applyTransactionOnVriDraw: vri = ViewRootImpl@fd04a9[MainActivity] fRS = false t = 0x7b1bc34c00 android.view.SurfaceView.performSurfaceTransaction:959 android.view.SurfaceView.updateSurface:1105 android.view.SurfaceView.lambda$new$0$android-view-SurfaceView:200 
10-04 21:05:55.304 11827 11827 I ViewRootImpl@fd04a9[MainActivity]: applyTransactionOnDraw: mRemoved = false isHardwareEnabled = true t = 0x7b1bc34c00android.view.SurfaceView.applyTransactionOnVriDraw:2048 android.view.SurfaceView.performSurfaceTransaction:959 android.view.SurfaceView.updateSurface:1105 android.view.SurfaceView.lambda$new$0$android-view-SurfaceView:200 android.view.SurfaceView$$ExternalSyntheticLambda5.onPreDraw:2 
10-04 21:05:55.304 11827 11827 I SurfaceView@617e23c: updateSurface: mVisible = true mSurface.isValid() = true
10-04 21:05:55.304 11827 11827 I SurfaceView@617e23c: updateSurface: mSurfaceCreated = true surfaceChanged = false visibleChanged = false
10-04 21:05:55.304 11827 11827 V SurfaceView@617e23c: Layout: x=0 y=-1284 w=1080 h=525, frame=Rect(0, 0 - 1080, 525)
10-04 21:05:55.308 11827 11927 D SurfaceView@617e23c: updateSurfacePosition RenderWorker, frameNr = 1131, position = [0, -1284, 1080, -759] surfaceSize = 1080x525
10-04 21:05:55.308 11827 11927 I SurfaceView@617e23c: uSP: rtp = Rect(0, -1284 - 1080, -759) rtsw = 1080 rtsh = 525
10-04 21:05:55.308 11827 11927 I SurfaceView@617e23c: onSSPAndSRT: pl = 0 pt = -1284 sx = 1.0 sy = 1.0
10-04 21:05:55.309 11827 11927 I SurfaceView@617e23c: aOrMT: ViewRootImpl@fd04a9[MainActivity] t = android.view.SurfaceControl$Transaction@54d1d5c fN = 1131 android.view.SurfaceView.-$$Nest$mapplyOrMergeTransaction:0 android.view.SurfaceView$SurfaceViewPositionUpdateListener.positionChanged:1537 android.graphics.RenderNode$CompositePositionUpdateListener.positionChanged:373 
10-04 21:05:55.309 11827 11927 I ViewRootImpl@fd04a9[MainActivity]: mWNT: t=0x7b5d166c00 mBlastBufferQueue=0x7b3dc82900 fn= 1131 caller= android.view.SurfaceView.applyOrMergeTransaction:1455 android.view.SurfaceView.-$$Nest$mapplyOrMergeTransaction:0 android.view.SurfaceView$SurfaceViewPositionUpdateListener.positionChanged:1537 
10-04 21:05:55.309 11827 11927 I ViewRootImpl@fd04a9[MainActivity]: mWNT: t=0x7b1bc34c00 mBlastBufferQueue=0x7b3dc82900 fn= 1131 caller= android.view.ViewRootImpl.lambda$applyTransactionOnDraw$11$android-view-ViewRootImpl:12865 android.view.ViewRootImpl$$ExternalSyntheticLambda1.onFrameDraw:4 android.graphics.HardwareRenderer$FrameDrawingCallback.onFrameDraw:924 
10-04 21:05:55.319 11827 11827 I SurfaceView@617e23c: Changes: creating=false format=false size=false visible=false alpha=false hint=false mUseAlpha=false visible=false left=false top=true
10-04 21:05:55.319 11827 11827 I SurfaceView@617e23c: 102228540 Cur surface: Surface(name=null)/@0xcc91aa9
10-04 21:05:55.319 11827 11827 I SurfaceView@617e23c: applyTransactionOnVriDraw: vri = ViewRootImpl@fd04a9[MainActivity] fRS = false t = 0x7b1bc34d00 android.view.SurfaceView.performSurfaceTransaction:959 android.view.SurfaceView.updateSurface:1105 android.view.SurfaceView.lambda$new$0$android-view-SurfaceView:200 
10-04 21:05:55.319 11827 11827 I ViewRootImpl@fd04a9[MainActivity]: applyTransactionOnDraw: mRemoved = false isHardwareEnabled = true t = 0x7b1bc34d00android.view.SurfaceView.applyTransactionOnVriDraw:2048 android.view.SurfaceView.performSurfaceTransaction:959 android.view.SurfaceView.updateSurface:1105 android.view.SurfaceView.lambda$new$0$android-view-SurfaceView:200 android.view.SurfaceView$$ExternalSyntheticLambda5.onPreDraw:2 
10-04 21:05:55.319 11827 11827 I SurfaceView@617e23c: updateSurface: mVisible = true mSurface.isValid() = true
10-04 21:05:55.319 11827 11827 I SurfaceView@617e23c: updateSurface: mSurfaceCreated = true surfaceChanged = false visibleChanged = false
10-04 21:05:55.319 11827 11827 V SurfaceView@617e23c: Layout: x=0 y=-1361 w=1080 h=525, frame=Rect(0, 0 - 1080, 525)
10-04 21:05:55.321 11827 11928 D SurfaceView@617e23c: updateSurfacePosition RenderWorker, frameNr = 1132, position = [0, -1361, 1080, -836] surfaceSize = 1080x525
10-04 21:05:55.321 11827 11928 I SurfaceView@617e23c: uSP: rtp = Rect(0, -1361 - 1080, -836) rtsw = 1080 rtsh = 525
10-04 21:05:55.321 11827 11928 I SurfaceView@617e23c: onSSPAndSRT: pl = 0 pt = -1361 sx = 1.0 sy = 1.0
10-04 21:05:55.321 11827 11928 I SurfaceView@617e23c: aOrMT: ViewRootImpl@fd04a9[MainActivity] t = android.view.SurfaceControl$Transaction@54d1d5c fN = 1132 android.view.SurfaceView.-$$Nest$mapplyOrMergeTransaction:0 android.view.SurfaceView$SurfaceViewPositionUpdateListener.positionChanged:1537 android.graphics.RenderNode$CompositePositionUpdateListener.positionChanged:373 
10-04 21:05:55.321 11827 11928 I ViewRootImpl@fd04a9[MainActivity]: mWNT: t=0x7b5d166c00 mBlastBufferQueue=0x7b3dc82900 fn= 1132 caller= android.view.SurfaceView.applyOrMergeTransaction:1455 android.view.SurfaceView.-$$Nest$mapplyOrMergeTransaction:0 android.view.SurfaceView$SurfaceViewPositionUpdateListener.positionChanged:1537 
10-04 21:05:55.321 11827 11928 I ViewRootImpl@fd04a9[MainActivity]: mWNT: t=0x7b1bc34d00 mBlastBufferQueue=0x7b3dc82900 fn= 1132 caller= android.view.ViewRootImpl.lambda$applyTransactionOnDraw$11$android-view-ViewRootImpl:12865 android.view.ViewRootImpl$$ExternalSyntheticLambda1.onFrameDraw:4 android.graphics.HardwareRenderer$FrameDrawingCallback.onFrameDraw:924 
10-04 21:05:55.336 11827 11827 I SurfaceView@617e23c: Changes: creating=false format=false size=false visible=false alpha=false hint=false mUseAlpha=false visible=false left=false top=true
10-04 21:05:55.337 11827 11827 I SurfaceView@617e23c: 102228540 Cur surface: Surface(name=null)/@0xcc91aa9
10-04 21:05:55.337 11827 11827 I SurfaceView@617e23c: applyTransactionOnVriDraw: vri = ViewRootImpl@fd04a9[MainActivity] fRS = false t = 0x7b1bc34e00 android.view.SurfaceView.performSurfaceTransaction:959 android.view.SurfaceView.updateSurface:1105 android.view.SurfaceView.lambda$new$0$android-view-SurfaceView:200 
10-04 21:05:55.337 11827 11827 I ViewRootImpl@fd04a9[MainActivity]: applyTransactionOnDraw: mRemoved = false isHardwareEnabled = true t = 0x7b1bc34e00android.view.SurfaceView.applyTransactionOnVriDraw:2048 android.view.SurfaceView.performSurfaceTransaction:959 android.view.SurfaceView.updateSurface:1105 android.view.SurfaceView.lambda$new$0$android-view-SurfaceView:200 android.view.SurfaceView$$ExternalSyntheticLambda5.onPreDraw:2 
10-04 21:05:55.337 11827 11827 I SurfaceView@617e23c: updateSurface: mVisible = true mSurface.isValid() = true
10-04 21:05:55.337 11827 11827 I SurfaceView@617e23c: updateSurface: mSurfaceCreated = true surfaceChanged = false visibleChanged = false
10-04 21:05:55.337 11827 11827 V SurfaceView@617e23c: Layout: x=0 y=-1435 w=1080 h=525, frame=Rect(0, 0 - 1080, 525)
10-04 21:05:55.341 11827 11927 D SurfaceView@617e23c: updateSurfacePosition RenderWorker, frameNr = 1133, position = [0, -1435, 1080, -910] surfaceSize = 1080x525
10-04 21:05:55.341 11827 11927 I SurfaceView@617e23c: uSP: rtp = Rect(0, -1435 - 1080, -910) rtsw = 1080 rtsh = 525
10-04 21:05:55.341 11827 11927 I SurfaceView@617e23c: onSSPAndSRT: pl = 0 pt = -1435 sx = 1.0 sy = 1.0
10-04 21:05:55.342 11827 11927 I SurfaceView@617e23c: aOrMT: ViewRootImpl@fd04a9[MainActivity] t = android.view.SurfaceControl$Transaction@54d1d5c fN = 1133 android.view.SurfaceView.-$$Nest$mapplyOrMergeTransaction:0 android.view.SurfaceView$SurfaceViewPositionUpdateListener.positionChanged:1537 android.graphics.RenderNode$CompositePositionUpdateListener.positionChanged:373 
10-04 21:05:55.342 11827 11927 I ViewRootImpl@fd04a9[MainActivity]: mWNT: t=0x7b5d166c00 mBlastBufferQueue=0x7b3dc82900 fn= 1133 caller= android.view.SurfaceView.applyOrMergeTransaction:1455 android.view.SurfaceView.-$$Nest$mapplyOrMergeTransaction:0 android.view.SurfaceView$SurfaceViewPositionUpdateListener.positionChanged:1537 
10-04 21:05:55.342 11827 11927 I ViewRootImpl@fd04a9[MainActivity]: mWNT: t=0x7b1bc34e00 mBlastBufferQueue=0x7b3dc82900 fn= 1133 caller= android.view.ViewRootImpl.lambda$applyTransactionOnDraw$11$android-view-ViewRootImpl:12865 android.view.ViewRootImpl$$ExternalSyntheticLambda1.onFrameDraw:4 android.graphics.HardwareRenderer$FrameDrawingCallback.onFrameDraw:924 
10-04 21:05:55.353 11827 11827 I SurfaceView@617e23c: Changes: creating=false format=false size=false visible=false alpha=false hint=false mUseAlpha=false visible=false left=false top=true
10-04 21:05:55.353 11827 11827 I SurfaceView@617e23c: 102228540 Cur surface: Surface(name=null)/@0xcc91aa9
10-04 21:05:55.353 11827 11827 I SurfaceView@617e23c: applyTransactionOnVriDraw: vri = ViewRootImpl@fd04a9[MainActivity] fRS = false t = 0x7b1bc34f00 android.view.SurfaceView.performSurfaceTransaction:959 android.view.SurfaceView.updateSurface:1105 android.view.SurfaceView.lambda$new$0$android-view-SurfaceView:200 
10-04 21:05:55.354 11827 11827 I ViewRootImpl@fd04a9[MainActivity]: applyTransactionOnDraw: mRemoved = false isHardwareEnabled = true t = 0x7b1bc34f00android.view.SurfaceView.applyTransactionOnVriDraw:2048 android.view.SurfaceView.performSurfaceTransaction:959 android.view.SurfaceView.updateSurface:1105 android.view.SurfaceView.lambda$new$0$android-view-SurfaceView:200 android.view.SurfaceView$$ExternalSyntheticLambda5.onPreDraw:2 
10-04 21:05:55.354 11827 11827 I SurfaceView@617e23c: updateSurface: mVisible = true mSurface.isValid() = true
10-04 21:05:55.354 11827 11827 I SurfaceView@617e23c: updateSurface: mSurfaceCreated = true surfaceChanged = false visibleChanged = false
10-04 21:05:55.354 11827 11827 V SurfaceView@617e23c: Layout: x=0 y=-1501 w=1080 h=525, frame=Rect(0, 0 - 1080, 525)
10-04 21:05:55.356 11827 11928 D SurfaceView@617e23c: updateSurfacePosition RenderWorker, frameNr = 1134, position = [0, -1501, 1080, -976] surfaceSize = 1080x525
10-04 21:05:55.356 11827 11928 I SurfaceView@617e23c: uSP: rtp = Rect(0, -1501 - 1080, -976) rtsw = 1080 rtsh = 525
10-04 21:05:55.356 11827 11928 I SurfaceView@617e23c: onSSPAndSRT: pl = 0 pt = -1501 sx = 1.0 sy = 1.0
10-04 21:05:55.356 11827 11928 I SurfaceView@617e23c: aOrMT: ViewRootImpl@fd04a9[MainActivity] t = android.view.SurfaceControl$Transaction@54d1d5c fN = 1134 android.view.SurfaceView.-$$Nest$mapplyOrMergeTransaction:0 android.view.SurfaceView$SurfaceViewPositionUpdateListener.positionChanged:1537 android.graphics.RenderNode$CompositePositionUpdateListener.positionChanged:373 
10-04 21:05:55.356 11827 11928 I ViewRootImpl@fd04a9[MainActivity]: mWNT: t=0x7b5d166c00 mBlastBufferQueue=0x7b3dc82900 fn= 1134 caller= android.view.SurfaceView.applyOrMergeTransaction:1455 android.view.SurfaceView.-$$Nest$mapplyOrMergeTransaction:0 android.view.SurfaceView$SurfaceViewPositionUpdateListener.positionChanged:1537 
10-04 21:05:55.356 11827 11928 I ViewRootImpl@fd04a9[MainActivity]: mWNT: t=0x7b1bc34f00 mBlastBufferQueue=0x7b3dc82900 fn= 1134 caller= android.view.ViewRootImpl.lambda$applyTransactionOnDraw$11$android-view-ViewRootImpl:12865 android.view.ViewRootImpl$$ExternalSyntheticLambda1.onFrameDraw:4 android.graphics.HardwareRenderer$FrameDrawingCallback.onFrameDraw:924 
10-04 21:05:55.369 11827 11827 I SurfaceView@617e23c: Changes: creating=false format=false size=false visible=false alpha=false hint=false mUseAlpha=false visible=false left=false top=true
10-04 21:05:55.369 11827 11827 I SurfaceView@617e23c: 102228540 Cur surface: Surface(name=null)/@0xcc91aa9
10-04 21:05:55.370 11827 11827 I SurfaceView@617e23c: applyTransactionOnVriDraw: vri = ViewRootImpl@fd04a9[MainActivity] fRS = false t = 0x7aefc1d000 android.view.SurfaceView.performSurfaceTransaction:959 android.view.SurfaceView.updateSurface:1105 android.view.SurfaceView.lambda$new$0$android-view-SurfaceView:200 
10-04 21:05:55.370 11827 11827 I ViewRootImpl@fd04a9[MainActivity]: applyTransactionOnDraw: mRemoved = false isHardwareEnabled = true t = 0x7aefc1d000android.view.SurfaceView.applyTransactionOnVriDraw:2048 android.view.SurfaceView.performSurfaceTransaction:959 android.view.SurfaceView.updateSurface:1105 android.view.SurfaceView.lambda$new$0$android-view-SurfaceView:200 android.view.SurfaceView$$ExternalSyntheticLambda5.onPreDraw:2 
10-04 21:05:55.370 11827 11827 I SurfaceView@617e23c: updateSurface: mVisible = true mSurface.isValid() = true
10-04 21:05:55.370 11827 11827 I SurfaceView@617e23c: updateSurface: mSurfaceCreated = true surfaceChanged = false visibleChanged = false
10-04 21:05:55.370 11827 11827 V SurfaceView@617e23c: Layout: x=0 y=-1532 w=1080 h=525, frame=Rect(0, 0 - 1080, 525)
10-04 21:05:55.372 11827 11927 D SurfaceView@617e23c: updateSurfacePosition RenderWorker, frameNr = 1135, position = [0, -1532, 1080, -1007] surfaceSize = 1080x525
10-04 21:05:55.372 11827 11927 I SurfaceView@617e23c: uSP: rtp = Rect(0, -1532 - 1080, -1007) rtsw = 1080 rtsh = 525
10-04 21:05:55.372 11827 11927 I SurfaceView@617e23c: onSSPAndSRT: pl = 0 pt = -1532 sx = 1.0 sy = 1.0
10-04 21:05:55.372 11827 11927 I SurfaceView@617e23c: aOrMT: ViewRootImpl@fd04a9[MainActivity] t = android.view.SurfaceControl$Transaction@54d1d5c fN = 1135 android.view.SurfaceView.-$$Nest$mapplyOrMergeTransaction:0 android.view.SurfaceView$SurfaceViewPositionUpdateListener.positionChanged:1537 android.graphics.RenderNode$CompositePositionUpdateListener.positionChanged:373 
10-04 21:05:55.372 11827 11927 I ViewRootImpl@fd04a9[MainActivity]: mWNT: t=0x7b5d166c00 mBlastBufferQueue=0x7b3dc82900 fn= 1135 caller= android.view.SurfaceView.applyOrMergeTransaction:1455 android.view.SurfaceView.-$$Nest$mapplyOrMergeTransaction:0 android.view.SurfaceView$SurfaceViewPositionUpdateListener.positionChanged:1537 
10-04 21:05:55.373 11827 11927 I ViewRootImpl@fd04a9[MainActivity]: mWNT: t=0x7aefc1d000 mBlastBufferQueue=0x7b3dc82900 fn= 1135 caller= android.view.ViewRootImpl.lambda$applyTransactionOnDraw$11$android-view-ViewRootImpl:12865 android.view.ViewRootImpl$$ExternalSyntheticLambda1.onFrameDraw:4 android.graphics.HardwareRenderer$FrameDrawingCallback.onFrameDraw:924 
10-04 21:05:56.475 11827 11827 I ViewRootImpl@fd04a9[MainActivity]: ViewPostIme pointer 0
10-04 21:05:56.988 11827 11827 I Dialog  : mIsDeviceDefault = false, mIsSamsungBasicInteraction = false, isMetaDataInActivity = false
10-04 21:05:57.007 11827 11827 I DecorView: [INFO] isPopOver=false config=false
10-04 21:05:57.007 11827 11827 I DecorView: updateCaptionType: isFloating=false isApplication=true hasWindowDecorCaption=false this=DecorView@299951[]
10-04 21:05:57.007 11827 11827 D DecorView: setCaptionType = 0, this = DecorView@299951[]
10-04 21:05:57.008 11827 11827 I DecorView: getCurrentDensityDpi: from app context. densityDpi=420 msg=resources_loaded
10-04 21:05:57.008 11827 11827 I DecorView: setWindowBackground: isPopOver=false color=0 d=android.graphics.drawable.ColorDrawable@268b2b7
10-04 21:05:57.016 11827 11850 D NativeCustomFrequencyManager: [NativeCFMS] BpCustomFrequencyManager::BpCustomFrequencyManager()
10-04 21:05:57.017 11827 11827 I DecorView: notifyKeepScreenOnChanged: keepScreenOn=false
10-04 21:05:57.028 11827 11827 D InsetsController: onStateChanged: InsetsState: {mDisplayFrame=Rect(0, 0 - 1080, 2400), mDisplayCutout=DisplayCutout{insets=Rect(0, 88 - 0, 0) waterfall=Insets{left=0, top=0, right=0, bottom=0} boundingRect={Bounds=[Rect(0, 0 - 0, 0), Rect(512, 0 - 568, 88), Rect(0, 0 - 0, 0), Rect(0, 0 - 0, 0)]} cutoutPathParserInfo={CutoutPathParserInfo{displayWidth=1080 displayHeight=2400 physicalDisplayWidth=1080 physicalDisplayHeight=2400 density={2.625} cutoutSpec={M 0,0 M 0,12.25101276465640 a 10.60613009248640,10.60613009248640 0 1,0 0,21.21226018497290 a 10.60613009248640,10.60613009248640 0 1,0 0,-21.21226018497290 Z @dp} rotation={0} scale={1.0} physicalPixelDisplaySizeRatio={1.0}}}}, mRoundedCorners=RoundedCorners{[RoundedCorner{position=TopLeft, radius=84, center=Point(84, 84)}, RoundedCorner{position=TopRight, radius=84, center=Point(996, 84)}, RoundedCorner{position=BottomRight, radius=84, center=Point(996, 2316)}, RoundedCorner{position=BottomLeft, radius=84, center=Point(84, 2316)}]}  mRoundedCornerFrame=Rect(0, 0 - 1080, 2400), mPrivacyIndicatorBounds=PrivacyIndicatorBounds {static bounds=Rect(964, 0 - 1080, 87) rotation=0}, mSources= { InsetsSource: {mType=ITYPE_STATUS_BAR, mFrame=[0,0][1080,88], mVisible=true, mInsetsRoundedCornerFrame=false}, InsetsSource: {mType=ITYPE_NAVIGATION_BAR, mFrame=[0,2361][1080,2400], mVisible=true, mInsetsRoundedCornerFrame=false}, InsetsSource: {mType=ITYPE_LEFT_GESTURES, mFrame=[0,0][130,2400], mVisible=true, mInsetsRoundedCornerFrame=false}, InsetsSource: {mType=ITYPE_RIGHT_GESTURES, mFrame=[950,0][1080,2400], mVisible=true, mInsetsRoundedCornerFrame=false}, InsetsSource: {mType=ITYPE_TOP_MANDATORY_GESTURES, mFrame=[0,0][1080,120], mVisible=true, mInsetsRoundedCornerFrame=false}, InsetsSource: {mType=ITYPE_BOTTOM_MANDATORY_GESTURES, mFrame=[0,2316][1080,2400], mVisible=true, mInsetsRoundedCornerFrame=false}, InsetsSource: {mType=ITYPE_LEFT_DISPLAY_CUTOUT, mFrame=[0,0][-100000,2400], mVisible=true, mInsetsRoundedCornerFrame=false}, InsetsSource: {mType=ITYPE_TOP_DISPLAY_CUTOUT, mFrame=[0,0][1080,88], mVisible=true, mInsetsRoundedCornerFrame=false}, InsetsSource: {mType=ITYPE_RIGHT_DISPLAY_CUTOUT, mFrame=[100000,0][1080,2400], mVisible=true, mInsetsRoundedCornerFrame=false}, InsetsSource: {mType=ITYPE_BOTTOM_DISPLAY_CUTOUT, mFrame=[0,100000][1080,2400], mVisible=true, mInsetsRoundedCornerFrame=false}, InsetsSource: {mType=ITYPE_TOP_TAPPABLE_ELEMENT, mFrame=[0,0][1080,88], mVisible=true, mInsetsRoundedCornerFrame=false}, InsetsSource: {mType=ITYPE_BOTTOM_TAPPABLE_ELEMENT, mFrame=[0,0][0,0], mVisible=true, mInsetsRoundedCornerFrame=false}, InsetsSource: {mType=ITYPE_IME, mFrame=[0,0][0,0], mVisibleFrame=[0,1409][1080,2400], mVisible=false, mInsetsRoundedCornerFrame=false} } host=com.lagradost.cloudstream3/com.lagradost.cloudstream3.MainActivity from=android.view.ViewRootImpl.setView:1732
10-04 21:05:57.029 11827 11827 I ViewRootImpl@da79bc[MainActivity]: setView = com.android.internal.policy.DecorView@299951 TM=true
10-04 21:05:57.043 11827 11827 I ViewRootImpl@da79bc[MainActivity]: performTraversals params={(0,0)(fillxfill) gr=CENTER sim={adjust=resize forwardNavigation} ty=APPLICATION fmt=TRANSPARENT wanim=0x7f14000b
10-04 21:05:57.043 11827 11827 I ViewRootImpl@da79bc[MainActivity]:   fl=85810100
10-04 21:05:57.043 11827 11827 I ViewRootImpl@da79bc[MainActivity]:   pfl=12020040
10-04 21:05:57.043 11827 11827 I ViewRootImpl@da79bc[MainActivity]:   vsysui=500
10-04 21:05:57.043 11827 11827 I ViewRootImpl@da79bc[MainActivity]:   bhv=DEFAULT
10-04 21:05:57.043 11827 11827 I ViewRootImpl@da79bc[MainActivity]:   fitSides= naviIconColor=0}
10-04 21:05:57.044 11827 11827 I ViewRootImpl@da79bc[MainActivity]: performTraversals mFirst=true windowShouldResize=true viewVisibilityChanged=false mForceNextWindowRelayout=false params={(0,0)(fillxfill) gr=CENTER sim={adjust=resize forwardNavigation} ty=APPLICATION fmt=TRANSPARENT wanim=0x7f14000b
10-04 21:05:57.044 11827 11827 I ViewRootImpl@da79bc[MainActivity]:   fl=85810100
10-04 21:05:57.044 11827 11827 I ViewRootImpl@da79bc[MainActivity]:   pfl=12020040
10-04 21:05:57.044 11827 11827 I ViewRootImpl@da79bc[MainActivity]:   vsysui=500
10-04 21:05:57.044 11827 11827 I ViewRootImpl@da79bc[MainActivity]:   bhv=DEFAULT
10-04 21:05:57.044 11827 11827 I ViewRootImpl@da79bc[MainActivity]:   fitSides= naviIconColor=0}
10-04 21:05:57.059 11827 11827 I ViewRootImpl@da79bc[MainActivity]: updateBlastSurfaceIfNeeded mBlastBufferQueue=null isSameSurfaceControl=false
10-04 21:05:57.060 11827 11827 I BLASTBufferQueue: new BLASTBufferQueue, mName= ViewRootImpl@da79bc[MainActivity] mNativeObject= 0x7b5cf4e800 sc.mNativeObject= 0x7af02c7740 caller= android.view.ViewRootImpl.updateBlastSurfaceIfNeeded:2909 android.view.ViewRootImpl.relayoutWindow:9847 android.view.ViewRootImpl.performTraversals:3884 android.view.ViewRootImpl.doTraversal:3116 android.view.ViewRootImpl$TraversalRunnable.run:10885 android.view.Choreographer$CallbackRecord.run:1301 android.view.Choreographer$CallbackRecord.run:1309 android.view.Choreographer.doCallbacks:923 android.view.Choreographer.doFrame:852 android.view.Choreographer$FrameDisplayEventReceiver.run:1283 
10-04 21:05:57.060 11827 11827 I BLASTBufferQueue: update, w= 1080 h= 2400 mName = ViewRootImpl@da79bc[MainActivity] mNativeObject= 0x7b5cf4e800 sc.mNativeObject= 0x7af02c7740 format= -2 caller= android.graphics.BLASTBufferQueue.<init>:84 android.view.ViewRootImpl.updateBlastSurfaceIfNeeded:2909 android.view.ViewRootImpl.relayoutWindow:9847 android.view.ViewRootImpl.performTraversals:3884 android.view.ViewRootImpl.doTraversal:3116 android.view.ViewRootImpl$TraversalRunnable.run:10885 
10-04 21:05:57.061 11827 11827 I ViewRootImpl@da79bc[MainActivity]: Relayout returned: old=(0,0,1080,2400) new=(0,0,1080,2400) req=(1080,2400)0 dur=15 res=0x3 s={true 0x7b06f51800} ch=true seqId=0
10-04 21:05:57.062 11827 11827 I ViewRootImpl@da79bc[MainActivity]: mThreadedRenderer.initialize() mSurface={isValid=true 0x7b06f51800} hwInitialized=true
10-04 21:05:57.062 11827 11850 D OpenGLRenderer: eglCreateWindowSurface
10-04 21:05:57.086 11827 11827 D AbsListView:  in onLayout changed 
10-04 21:05:57.087 11827 11827 I ViewRootImpl@da79bc[MainActivity]: reportNextDraw android.view.ViewRootImpl.performTraversals:4438 android.view.ViewRootImpl.doTraversal:3116 android.view.ViewRootImpl$TraversalRunnable.run:10885 android.view.Choreographer$CallbackRecord.run:1301 android.view.Choreographer$CallbackRecord.run:1309 
10-04 21:05:57.087 11827 11827 I ViewRootImpl@da79bc[MainActivity]: Setup new sync id=0
10-04 21:05:57.088 11827 11827 I ViewRootImpl@da79bc[MainActivity]: Setting syncFrameCallback
10-04 21:05:57.088 11827 11827 I ViewRootImpl@da79bc[MainActivity]: registerCallbacksForSync syncBuffer=false
10-04 21:05:57.091 11827 11928 I ViewRootImpl@da79bc[MainActivity]: Received frameDrawingCallback syncResult=0 frameNum=1.
10-04 21:05:57.091 11827 11928 I ViewRootImpl@da79bc[MainActivity]: Setting up sync and frameCommitCallback
10-04 21:05:57.099 11827 11850 I BLASTBufferQueue: [ViewRootImpl@da79bc[MainActivity]#14](f:0,a:0) onFrameAvailable the first frame is available
10-04 21:05:57.101 11827 11850 I ViewRootImpl@da79bc[MainActivity]: Received frameCommittedCallback lastAttemptedDrawFrameNum=1 didProduceBuffer=true
10-04 21:05:57.102 11827 11850 D OpenGLRenderer: CFMS:: SetUp Pid : 11827    Tid : 11850
10-04 21:05:57.106 11827 11827 I ViewRootImpl@da79bc[MainActivity]: onSyncComplete
10-04 21:05:57.107 11827 11827 I ViewRootImpl@da79bc[MainActivity]: setupSync seqId=0 mSyncId=0 fn=1 caller=android.view.ViewRootImpl$$ExternalSyntheticLambda11.accept:6 android.window.SurfaceSyncer.lambda$setupSync$1$android-window-SurfaceSyncer:128 android.window.SurfaceSyncer$$ExternalSyntheticLambda1.accept:8 android.window.SurfaceSyncer$SyncSet.checkIfSyncIsComplete:382 android.window.SurfaceSyncer$SyncSet.markSyncReady:359 android.window.SurfaceSyncer.markSyncReady:151 android.view.ViewRootImpl.performTraversals:4503 
10-04 21:05:57.108 11827 11827 I ViewRootImpl@da79bc[MainActivity]: reportDrawFinished seqId=0 mSyncId=-1 fn=1 mSurfaceChangedTransaction=0x7aefc1d100
10-04 21:05:57.126 11827 11827 I ViewRootImpl@fd04a9[MainActivity]: MSG_WINDOW_FOCUS_CHANGED 0 0
10-04 21:05:57.165 11827 11827 I ViewRootImpl@fd04a9[MainActivity]: ViewPostIme pointer 1
10-04 21:05:57.168 11827 11827 I ViewRootImpl@da79bc[MainActivity]: MSG_WINDOW_FOCUS_CHANGED 1 0
10-04 21:05:57.168 11827 11827 I ViewRootImpl@da79bc[MainActivity]: mThreadedRenderer.initializeIfNeeded()#2 mSurface={isValid=true 0x7b06f51800}
10-04 21:05:57.169 11827 11827 D InputMethodManager: startInputInner - Id : 0
10-04 21:05:57.170 11827 11827 I InputMethodManager: startInputInner - mService.startInputOrWindowGainedFocus
10-04 21:05:58.000 11827 11827 I ViewRootImpl@da79bc[MainActivity]: ViewPostIme pointer 0
10-04 21:05:58.065 11827 11827 I ViewRootImpl@da79bc[MainActivity]: ViewPostIme pointer 1
10-04 21:05:58.066 11827 11827 D AbsListView: onTouchUp() mTouchMode : 0
10-04 21:05:58.139 11827 11827 I MSHandlerLifeCycle: removeMultiSplitHandler: no exist. decor=DecorView@299951[MainActivity]
10-04 21:05:58.140 11827 11850 D OpenGLRenderer: setSurface called with nullptr
10-04 21:05:58.140 11827 11850 D OpenGLRenderer: setSurface() destroyed EGLSurface
10-04 21:05:58.140 11827 11850 D OpenGLRenderer: destroyEglSurface
10-04 21:05:58.143 11827 11850 D OpenGLRenderer: endAllActiveAnimators on 0x7aed2a8600 (MaterialTextView) with handle 0x7af01fa480
10-04 21:05:58.144 11827 11827 I ViewRootImpl@da79bc[MainActivity]: dispatchDetachedFromWindow
10-04 21:05:58.167 11827 11827 D InputTransport: Input channel destroyed: '218cb03', fd=171
10-04 21:05:58.170 11827 11827 I Dialog  : mIsDeviceDefault = false, mIsSamsungBasicInteraction = false, isMetaDataInActivity = false
10-04 21:05:58.202 11827 11827 I DecorView: [INFO] isPopOver=false config=false
10-04 21:05:58.202 11827 11827 I DecorView: updateCaptionType: isFloating=false isApplication=true hasWindowDecorCaption=false this=DecorView@3b76ba1[]
10-04 21:05:58.202 11827 11827 D DecorView: setCaptionType = 0, this = DecorView@3b76ba1[]
10-04 21:05:58.204 11827 11827 I DecorView: getCurrentDensityDpi: from app context. densityDpi=420 msg=resources_loaded
10-04 21:05:58.204 11827 11827 I DecorView: setWindowBackground: isPopOver=false color=0 d=android.graphics.drawable.ColorDrawable@eb81587
10-04 21:05:58.211 11827 11850 D NativeCustomFrequencyManager: [NativeCFMS] BpCustomFrequencyManager::BpCustomFrequencyManager()
10-04 21:05:58.212 11827 11827 I DecorView: notifyKeepScreenOnChanged: keepScreenOn=false
