10-04 18:37:58.471 14445 14445 I ViewRootImpl@b53fdc1[MainActivity]: WindowStopped on com.lagradost.cloudstream3/com.lagradost.cloudstream3.MainActivity set to true
10-04 18:37:58.472 14445 14445 I ViewRootImpl@7f5677e[MainActivity]: stopped(true) old = false
10-04 18:37:58.472 14445 14445 I ViewRootImpl@7f5677e[MainActivity]: WindowStopped on com.lagradost.cloudstream3/com.lagradost.cloudstream3.MainActivity set to true
10-04 18:37:58.474 14445 14445 I ViewRootImpl@9ace973[MainActivity]: stopped(true) old = false
10-04 18:37:58.474 14445 14445 I ViewRootImpl@9ace973[MainActivity]: WindowStopped on com.lagradost.cloudstream3/com.lagradost.cloudstream3.MainActivity set to true
10-04 18:37:58.481 14445 14445 I AppVisibilityProxy: onAppEnteredBackground
10-04 18:37:58.488 14445 14445 I CS3ExoPlayer: onStop
10-04 18:37:58.488 14445 14445 I CS3ExoPlayer: saveData
10-04 18:37:58.488 14445 14445 I CS3ExoPlayer: handleEvent Pause
10-04 18:37:58.505 14445 14445 I MSHandlerLifeCycle: removeMultiSplitHandler: no exist. decor=DecorView@dd31fb2[MainActivity]
10-04 18:37:58.505 14445 14445 D InputTransport: Input channel destroyed: 'ClientS', fd=149
10-04 18:37:58.509 14445 14445 I ViewRootImpl@9ace973[MainActivity]: performTraversals mFirst=false windowShouldResize=false viewVisibilityChanged=false mForceNextWindowRelayout=false params={(0,0)(fillxfill) sim={state=always_hidden adjust=pan} ty=BASE_APPLICATION fmt=TRANSLUCENT wanim=0x1030309
10-04 18:37:58.509 14445 14445 I ViewRootImpl@9ace973[MainActivity]:   fl=85810100
10-04 18:37:58.509 14445 14445 I ViewRootImpl@9ace973[MainActivity]:   pfl=12020040
10-04 18:37:58.509 14445 14445 I ViewRootImpl@9ace973[MainActivity]:   vsysui=500
10-04 18:37:58.509 14445 14445 I ViewRootImpl@9ace973[MainActivity]:   bhv=DEFAULT
10-04 18:37:58.509 14445 14445 I ViewRootImpl@9ace973[MainActivity]:   fitSides= naviIconColor=0}
10-04 18:37:58.515 14445 14445 I ViewRootImpl@9ace973[MainActivity]: Relayout returned: old=(0,0,1080,2400) new=(0,0,1080,2400) req=(1080,2400)8 dur=6 res=0x2 s={false 0x0} ch=false seqId=0
10-04 18:37:58.516 14445 14445 D SurfaceView@2056a84: updateSurface: surface is not valid
10-04 18:37:58.516 14445 14445 I SurfaceView@2056a84: releaseSurfaces: viewRoot = ViewRootImpl@9ace973[MainActivity]
10-04 18:37:58.516 14445 14445 I SurfaceView@2056a84: applyTransactionOnVriDraw: vri = ViewRootImpl@9ace973[MainActivity] fRS = true t = 0x7b78e78600 android.view.SurfaceView.releaseSurfaces:858 android.view.SurfaceView.updateSurface:998 android.view.SurfaceView.lambda$new$0$android-view-SurfaceView:200 
10-04 18:37:58.516 14445 14445 I SurfaceView@2056a84: applyTransactionOnVriDraw: viewRoot.applyTransactionOnDrawFromReleaseSurfaces
10-04 18:37:58.516 14445 14445 I ViewRootImpl@9ace973[MainActivity]: from releaseSurfaces t.apply t = 0x7b78e78600
10-04 18:37:58.534 14445 14445 W MediaRouter: Ignoring invalid provider descriptor: null
10-04 18:37:59.032 14445 14451 D InputTransport: Input channel destroyed: 'ClientS', fd=153
10-04 18:37:59.033 14445 14451 D InputTransport: Input channel destroyed: 'ClientS', fd=167
10-04 18:37:59.033 14445 14461 D OpenGLRenderer: setSurface called with nullptr
10-04 18:37:59.034 14445 14451 D InputTransport: Input channel destroyed: 'ClientS', fd=154
10-04 18:37:59.035 14445 14461 D OpenGLRenderer: setSurface called with nullptr
10-04 18:37:59.378 14445 14445 I ViewRootImpl@7f5677e[MainActivity]: handleAppVisibility mAppVisible = false visible = true
10-04 18:37:59.378 14445 14445 I ViewRootImpl@b53fdc1[MainActivity]: handleAppVisibility mAppVisible = false visible = true
10-04 18:37:59.379 14445 14445 I ViewRootImpl@b53fdc1[MainActivity]: performTraversals mFirst=false windowShouldResize=false viewVisibilityChanged=true mForceNextWindowRelayout=false params=null
10-04 18:37:59.416 14445 14445 I ViewRootImpl@b53fdc1[MainActivity]: updateBlastSurfaceIfNeeded mBlastBufferQueue=null isSameSurfaceControl=false
10-04 18:37:59.418 14445 14445 I BLASTBufferQueue: new BLASTBufferQueue, mName= ViewRootImpl@b53fdc1[MainActivity] mNativeObject= 0x7b3d603900 sc.mNativeObject= 0x7be179e580 caller= android.view.ViewRootImpl.updateBlastSurfaceIfNeeded:2909 android.view.ViewRootImpl.relayoutWindow:9847 android.view.ViewRootImpl.performTraversals:3884 android.view.ViewRootImpl.doTraversal:3116 android.view.ViewRootImpl$TraversalRunnable.run:10885 android.view.Choreographer$CallbackRecord.run:1301 android.view.Choreographer$CallbackRecord.run:1309 android.view.Choreographer.doCallbacks:923 android.view.Choreographer.doFrame:852 android.view.Choreographer$FrameDisplayEventReceiver.run:1283 
10-04 18:37:59.420 14445 14445 I BLASTBufferQueue: update, w= 1080 h= 2400 mName = ViewRootImpl@b53fdc1[MainActivity] mNativeObject= 0x7b3d603900 sc.mNativeObject= 0x7be179e580 format= -2 caller= android.graphics.BLASTBufferQueue.<init>:84 android.view.ViewRootImpl.updateBlastSurfaceIfNeeded:2909 android.view.ViewRootImpl.relayoutWindow:9847 android.view.ViewRootImpl.performTraversals:3884 android.view.ViewRootImpl.doTraversal:3116 android.view.ViewRootImpl$TraversalRunnable.run:10885 
10-04 18:37:59.421 14445 14445 I ViewRootImpl@b53fdc1[MainActivity]: Relayout returned: old=(0,0,1080,2400) new=(0,0,1080,2400) req=(1080,2400)0 dur=36 res=0x3 s={true 0x7b5dc16800} ch=true seqId=0
10-04 18:37:59.422 14445 14445 I ViewRootImpl@b53fdc1[MainActivity]: mThreadedRenderer.initialize() mSurface={isValid=true 0x7b5dc16800} hwInitialized=true
10-04 18:37:59.423 14445 14445 I ViewRootImpl@b53fdc1[MainActivity]: reportNextDraw android.view.ViewRootImpl.performTraversals:4438 android.view.ViewRootImpl.doTraversal:3116 android.view.ViewRootImpl$TraversalRunnable.run:10885 android.view.Choreographer$CallbackRecord.run:1301 android.view.Choreographer$CallbackRecord.run:1309 
10-04 18:37:59.423 14445 14445 I ViewRootImpl@b53fdc1[MainActivity]: Setup new sync id=1
10-04 18:37:59.423 14445 14445 I ViewRootImpl@b53fdc1[MainActivity]: Setting syncFrameCallback
10-04 18:37:59.423 14445 14461 D OpenGLRenderer: eglCreateWindowSurface
10-04 18:37:59.423 14445 14445 I ViewRootImpl@b53fdc1[MainActivity]: registerCallbacksForSync syncBuffer=false
10-04 18:37:59.426 14445 14536 I ViewRootImpl@b53fdc1[MainActivity]: Received frameDrawingCallback syncResult=0 frameNum=1.
10-04 18:37:59.427 14445 14536 I ViewRootImpl@b53fdc1[MainActivity]: Setting up sync and frameCommitCallback
10-04 18:37:59.434 14445 14461 I BLASTBufferQueue: [ViewRootImpl@b53fdc1[MainActivity]#17](f:0,a:0) onFrameAvailable the first frame is available
10-04 18:37:59.435 14445 14461 I ViewRootImpl@b53fdc1[MainActivity]: Received frameCommittedCallback lastAttemptedDrawFrameNum=1 didProduceBuffer=true
10-04 18:37:59.436 14445 14445 I ViewRootImpl@b53fdc1[MainActivity]: onSyncComplete
10-04 18:37:59.437 14445 14445 I ViewRootImpl@b53fdc1[MainActivity]: setupSync seqId=0 mSyncId=1 fn=1 caller=android.view.ViewRootImpl$$ExternalSyntheticLambda11.accept:6 android.window.SurfaceSyncer.lambda$setupSync$1$android-window-SurfaceSyncer:128 android.window.SurfaceSyncer$$ExternalSyntheticLambda1.accept:8 android.window.SurfaceSyncer$SyncSet.checkIfSyncIsComplete:382 android.window.SurfaceSyncer$SyncSet.markSyncReady:359 android.window.SurfaceSyncer.markSyncReady:151 android.view.ViewRootImpl.performTraversals:4503 
10-04 18:37:59.437 14445 14445 I ViewRootImpl@b53fdc1[MainActivity]: reportDrawFinished seqId=0 mSyncId=-1 fn=1 mSurfaceChangedTransaction=0x7bdd58ef00
10-04 18:37:59.438 14445 14445 I ViewRootImpl@9ace973[MainActivity]: handleAppVisibility mAppVisible = false visible = true
10-04 18:37:59.438 14445 14445 I ViewRootImpl@b53fdc1[MainActivity]: stopped(false) old = true
10-04 18:37:59.438 14445 14445 I ViewRootImpl@b53fdc1[MainActivity]: WindowStopped on com.lagradost.cloudstream3/com.lagradost.cloudstream3.MainActivity set to false
10-04 18:37:59.442 14445 14445 I ViewRootImpl@7f5677e[MainActivity]: stopped(false) old = true
10-04 18:37:59.442 14445 14445 I ViewRootImpl@7f5677e[MainActivity]: WindowStopped on com.lagradost.cloudstream3/com.lagradost.cloudstream3.MainActivity set to false
10-04 18:37:59.444 14445 14445 I ViewRootImpl@9ace973[MainActivity]: stopped(false) old = true
10-04 18:37:59.445 14445 14445 I ViewRootImpl@9ace973[MainActivity]: WindowStopped on com.lagradost.cloudstream3/com.lagradost.cloudstream3.MainActivity set to false
10-04 18:37:59.446 14445 14445 I AppVisibilityProxy: onAppEnteredForeground
10-04 18:37:59.452 14445 14445 I MSHandlerLifeCycle: removeMultiSplitHandler: no exist. decor=DecorView@dd31fb2[MainActivity]
10-04 18:37:59.452 14445 14445 I ViewRootImpl@b53fdc1[MainActivity]: stopped(false) old = false
10-04 18:37:59.452 14445 14445 I ViewRootImpl@7f5677e[MainActivity]: stopped(false) old = false
10-04 18:37:59.452 14445 14445 I ViewRootImpl@9ace973[MainActivity]: stopped(false) old = false
10-04 18:37:59.456 14445 14445 I CS3ExoPlayer: reloadPlayer
10-04 18:37:59.456 14445 14445 I CS3ExoPlayer: releasePlayer
10-04 18:37:59.456 14445 14445 I CS3ExoPlayer: Handle event: PlayerAttachedEvent(player=null, source=Player)
10-04 18:37:59.457 14445 14445 I DecorView: notifyKeepScreenOnChanged: keepScreenOn=false
10-04 18:37:59.459 14445 14445 I MSHandlerLifeCycle: removeMultiSplitHandler: no exist. decor=DecorView@dd31fb2[MainActivity]
10-04 18:37:59.460 14445 14445 I ViewRootImpl@b53fdc1[MainActivity]: performTraversals mFirst=false windowShouldResize=false viewVisibilityChanged=true mForceNextWindowRelayout=false params=null
10-04 18:37:59.466 14445 14445 I ViewRootImpl@b53fdc1[MainActivity]: updateBlastSurfaceIfNeeded mBlastBufferQueue=0x7b3d603900 isSameSurfaceControl=true
10-04 18:37:59.466 14445 14445 I BLASTBufferQueue: update, w= 1080 h= 2400 mName = ViewRootImpl@b53fdc1[MainActivity] mNativeObject= 0x7b3d603900 sc.mNativeObject= 0x7b02fb8ee0 format= -2 caller= android.view.ViewRootImpl.updateBlastSurfaceIfNeeded:2898 android.view.ViewRootImpl.relayoutWindow:9847 android.view.ViewRootImpl.performTraversals:3884 android.view.ViewRootImpl.doTraversal:3116 android.view.ViewRootImpl$TraversalRunnable.run:10885 android.view.Choreographer$CallbackRecord.run:1301 
10-04 18:37:59.466 14445 14445 I ViewRootImpl@b53fdc1[MainActivity]: Relayout returned: old=(0,0,1080,2400) new=(0,0,1080,2400) req=(1080,2400)0 dur=6 res=0x0 s={true 0x7b5dc16800} ch=false seqId=0
10-04 18:37:59.466 14445 14461 D OpenGLRenderer: setSurface called with nullptr
10-04 18:37:59.467 14445 14445 I ViewRootImpl@7f5677e[MainActivity]: performTraversals mFirst=false windowShouldResize=false viewVisibilityChanged=true mForceNextWindowRelayout=false params=null
10-04 18:37:59.471 14445 14445 D InsetsController: onStateChanged: InsetsState: {mDisplayFrame=Rect(0, 0 - 1080, 2400), mDisplayCutout=DisplayCutout{insets=Rect(0, 88 - 0, 0) waterfall=Insets{left=0, top=0, right=0, bottom=0} boundingRect={Bounds=[Rect(0, 0 - 0, 0), Rect(512, 0 - 568, 88), Rect(0, 0 - 0, 0), Rect(0, 0 - 0, 0)]} cutoutPathParserInfo={CutoutPathParserInfo{displayWidth=1080 displayHeight=2400 physicalDisplayWidth=1080 physicalDisplayHeight=2400 density={2.625} cutoutSpec={M 0,0 M 0,12.25101276465640 a 10.60613009248640,10.60613009248640 0 1,0 0,21.21226018497290 a 10.60613009248640,10.60613009248640 0 1,0 0,-21.21226018497290 Z @dp} rotation={0} scale={1.0} physicalPixelDisplaySizeRatio={1.0}}}}, mRoundedCorners=RoundedCorners{[RoundedCorner{position=TopLeft, radius=84, center=Point(84, 84)}, RoundedCorner{position=TopRight, radius=84, center=Point(996, 84)}, RoundedCorner{position=BottomRight, radius=84, center=Point(996, 2316)}, RoundedCorner{position=BottomLeft, radius=84, center=Point(84, 2316)}]}  mRoundedCornerFrame=Rect(0, 0 - 1080, 2400), mPrivacyIndicatorBounds=PrivacyIndicatorBounds {static bounds=Rect(964, 0 - 1080, 87) rotation=0}, mSources= { InsetsSource: {mType=ITYPE_STATUS_BAR, mFrame=[0,0][1080,88], mVisible=true, mInsetsRoundedCornerFrame=false}, InsetsSource: {mType=ITYPE_NAVIGATION_BAR, mFrame=[0,2361][1080,2400], mVisible=true, mInsetsRoundedCornerFrame=false}, InsetsSource: {mType=ITYPE_LEFT_GESTURES, mFrame=[0,0][130,2400], mVisible=true, mInsetsRoundedCornerFrame=false}, InsetsSource: {mType=ITYPE_RIGHT_GESTURES, mFrame=[950,0][1080,2400], mVisible=true, mInsetsRoundedCornerFrame=false}, InsetsSource: {mType=ITYPE_TOP_MANDATORY_GESTURES, mFrame=[0,0][1080,120], mVisible=true, mInsetsRoundedCornerFrame=false}, InsetsSource: {mType=ITYPE_BOTTOM_MANDATORY_GESTURES, mFrame=[0,2316][1080,2400], mVisible=true, mInsetsRoundedCornerFrame=false}, InsetsSource: {mType=ITYPE_LEFT_DISPLAY_CUTOUT, mFrame=[0,0][-100000,2400], mVisible=true, mInsetsRoundedCornerFrame=false}, InsetsSource: {mType=ITYPE_TOP_DISPLAY_CUTOUT, mFrame=[0,0][1080,88], mVisible=true, mInsetsRoundedCornerFrame=false}, InsetsSource: {mType=ITYPE_RIGHT_DISPLAY_CUTOUT, mFrame=[100000,0][1080,2400], mVisible=true, mInsetsRoundedCornerFrame=false}, InsetsSource: {mType=ITYPE_BOTTOM_DISPLAY_CUTOUT, mFrame=[0,100000][1080,2400], mVisible=true, mInsetsRoundedCornerFrame=false}, InsetsSource: {mType=ITYPE_TOP_TAPPABLE_ELEMENT, mFrame=[0,0][1080,88], mVisible=true, mInsetsRoundedCornerFrame=false}, InsetsSource: {mType=ITYPE_BOTTOM_TAPPABLE_ELEMENT, mFrame=[0,0][0,0], mVisible=true, mInsetsRoundedCornerFrame=false}, InsetsSource: {mType=ITYPE_IME, mFrame=[0,0][0,0], mVisibleFrame=[0,1409][1080,2400], mVisible=false, mInsetsRoundedCornerFrame=false} } host=com.lagradost.cloudstream3/com.lagradost.cloudstream3.MainActivity from=android.view.ViewRootImpl.relayoutWindow:9802
10-04 18:37:59.471 14445 14445 I ViewRootImpl@7f5677e[MainActivity]: Relayout returned: old=(0,0,1080,2400) new=(0,0,1080,2400) req=(1080,2400)8 dur=4 res=0x0 s={false 0x0} ch=false seqId=0
10-04 18:37:59.471 14445 14445 I SurfaceView@2056a84: onWindowVisibilityChanged(0) false android.view.SurfaceView{2056a84 V.E...... ........ 0,0-1080,525} of ViewRootImpl@9ace973[MainActivity]
10-04 18:37:59.471 14445 14445 D SurfaceView@2056a84: updateSurface: surface is not valid
10-04 18:37:59.472 14445 14445 I SurfaceView@2056a84: releaseSurfaces: viewRoot = ViewRootImpl@9ace973[MainActivity]
10-04 18:37:59.472 14445 14445 I SurfaceView@2056a84: applyTransactionOnVriDraw: vri = ViewRootImpl@9ace973[MainActivity] fRS = true t = 0x7b78e78d00 android.view.SurfaceView.releaseSurfaces:858 android.view.SurfaceView.updateSurface:998 android.view.SurfaceView.onWindowVisibilityChanged:371 
10-04 18:37:59.472 14445 14445 I SurfaceView@2056a84: applyTransactionOnVriDraw: viewRoot.applyTransactionOnDrawFromReleaseSurfaces
10-04 18:37:59.472 14445 14445 I ViewRootImpl@9ace973[MainActivity]: applyTransactionOnDraw: mRemoved = false isHardwareEnabled = false t = 0x7b78e78d00android.view.ViewRootImpl.applyTransactionOnDrawFromReleaseSurfaces:12850 android.view.SurfaceView.applyTransactionOnVriDraw:2046 android.view.SurfaceView.releaseSurfaces:858 android.view.SurfaceView.updateSurface:998 android.view.SurfaceView.onWindowVisibilityChanged:371 
10-04 18:37:59.474 14445 14445 I ViewRootImpl@9ace973[MainActivity]: performTraversals params={(0,0)(fillxfill) sim={state=always_hidden adjust=resize forwardNavigation} ty=BASE_APPLICATION fmt=TRANSLUCENT wanim=0x1030309
10-04 18:37:59.474 14445 14445 I ViewRootImpl@9ace973[MainActivity]:   fl=85810100
10-04 18:37:59.474 14445 14445 I ViewRootImpl@9ace973[MainActivity]:   pfl=12020040
10-04 18:37:59.474 14445 14445 I ViewRootImpl@9ace973[MainActivity]:   vsysui=500
10-04 18:37:59.474 14445 14445 I ViewRootImpl@9ace973[MainActivity]:   bhv=DEFAULT
10-04 18:37:59.474 14445 14445 I ViewRootImpl@9ace973[MainActivity]:   fitSides= naviIconColor=0}
10-04 18:37:59.474 14445 14445 I ViewRootImpl@9ace973[MainActivity]: performTraversals mFirst=false windowShouldResize=false viewVisibilityChanged=true mForceNextWindowRelayout=false params={(0,0)(fillxfill) sim={state=always_hidden adjust=resize forwardNavigation} ty=BASE_APPLICATION fmt=TRANSLUCENT wanim=0x1030309
10-04 18:37:59.474 14445 14445 I ViewRootImpl@9ace973[MainActivity]:   fl=85810100
10-04 18:37:59.474 14445 14445 I ViewRootImpl@9ace973[MainActivity]:   pfl=12020040
10-04 18:37:59.474 14445 14445 I ViewRootImpl@9ace973[MainActivity]:   vsysui=500
10-04 18:37:59.474 14445 14445 I ViewRootImpl@9ace973[MainActivity]:   bhv=DEFAULT
10-04 18:37:59.474 14445 14445 I ViewRootImpl@9ace973[MainActivity]:   fitSides= naviIconColor=0}
10-04 18:37:59.481 14445 14445 I ViewRootImpl@9ace973[MainActivity]: updateBlastSurfaceIfNeeded mBlastBufferQueue=null isSameSurfaceControl=false
10-04 18:37:59.481 14445 14445 I BLASTBufferQueue: new BLASTBufferQueue, mName= ViewRootImpl@9ace973[MainActivity] mNativeObject= 0x7b362b0d00 sc.mNativeObject= 0x7bdd418c00 caller= android.view.ViewRootImpl.updateBlastSurfaceIfNeeded:2909 android.view.ViewRootImpl.relayoutWindow:9847 android.view.ViewRootImpl.performTraversals:3884 android.view.ViewRootImpl.doTraversal:3116 android.view.ViewRootImpl$TraversalRunnable.run:10885 android.view.Choreographer$CallbackRecord.run:1301 android.view.Choreographer$CallbackRecord.run:1309 android.view.Choreographer.doCallbacks:923 android.view.Choreographer.doFrame:852 android.view.Choreographer$FrameDisplayEventReceiver.run:1283 
10-04 18:37:59.481 14445 14445 I BLASTBufferQueue: update, w= 1080 h= 2400 mName = ViewRootImpl@9ace973[MainActivity] mNativeObject= 0x7b362b0d00 sc.mNativeObject= 0x7bdd418c00 format= -3 caller= android.graphics.BLASTBufferQueue.<init>:84 android.view.ViewRootImpl.updateBlastSurfaceIfNeeded:2909 android.view.ViewRootImpl.relayoutWindow:9847 android.view.ViewRootImpl.performTraversals:3884 android.view.ViewRootImpl.doTraversal:3116 android.view.ViewRootImpl$TraversalRunnable.run:10885 
10-04 18:37:59.482 14445 14445 I ViewRootImpl@9ace973[MainActivity]: Relayout returned: old=(0,0,1080,2400) new=(0,0,1080,2400) req=(1080,2400)0 dur=7 res=0x3 s={true 0x7b78f75800} ch=true seqId=0
10-04 18:37:59.482 14445 14445 I ViewRootImpl@9ace973[MainActivity]: mThreadedRenderer.initialize() mSurface={isValid=true 0x7b78f75800} hwInitialized=true
10-04 18:37:59.483 14445 14461 D OpenGLRenderer: eglCreateWindowSurface
10-04 18:37:59.483 14445 14445 I SurfaceView@2056a84: windowStopped(false) true android.view.SurfaceView{2056a84 V.E...... ........ 0,0-1080,525} of ViewRootImpl@9ace973[MainActivity]
10-04 18:37:59.483 14445 14445 I SurfaceView@2056a84: Changes: creating=true format=false size=false visible=true alpha=false hint=false mUseAlpha=false visible=true left=false top=false
10-04 18:37:59.485 14445 14445 I BLASTBufferQueue: update, w= 1080 h= 525 mName = null mNativeObject= 0x7b1c085a00 sc.mNativeObject= 0x7b790bbe20 format= 4 caller= android.view.SurfaceView.createBlastSurfaceControls:1383 android.view.SurfaceView.updateSurface:1079 android.view.SurfaceView.setWindowStopped:335 android.view.SurfaceView.surfaceCreated:1853 android.view.ViewRootImpl.notifySurfaceCreated:2820 android.view.ViewRootImpl.performTraversals:4293 
10-04 18:37:59.485 14445 14445 I SurfaceView@2056a84: 33909380 Cur surface: Surface(name=null)/@0x1040a86
10-04 18:37:59.485 14445 14445 I SurfaceView@2056a84: pST: sr = Rect(0, 218 - 1080, 743) sw = 1080 sh = 525
10-04 18:37:59.485 14445 14445 D SurfaceView@2056a84: performSurfaceTransaction RenderWorker position = [0, 218, 1080, 743] surfaceSize = 1080x525
10-04 18:37:59.486 14445 14445 I SurfaceView@2056a84: applyTransactionOnVriDraw: vri = ViewRootImpl@9ace973[MainActivity] fRS = false t = 0x7b78fafe00 android.view.SurfaceView.performSurfaceTransaction:959 android.view.SurfaceView.updateSurface:1105 android.view.SurfaceView.setWindowStopped:335 
10-04 18:37:59.486 14445 14445 I ViewRootImpl@9ace973[MainActivity]: applyTransactionOnDraw: mRemoved = false isHardwareEnabled = true t = 0x7b78fafe00android.view.SurfaceView.applyTransactionOnVriDraw:2048 android.view.SurfaceView.performSurfaceTransaction:959 android.view.SurfaceView.updateSurface:1105 android.view.SurfaceView.setWindowStopped:335 android.view.SurfaceView.surfaceCreated:1853 
10-04 18:37:59.486 14445 14445 I SurfaceView@2056a84: updateSurface: mVisible = true mSurface.isValid() = true
10-04 18:37:59.486 14445 14445 I SurfaceView@2056a84: updateSurface: mSurfaceCreated = false surfaceChanged = true visibleChanged = true
10-04 18:37:59.486 14445 14445 I SurfaceView@2056a84: visibleChanged -- surfaceCreated
10-04 18:37:59.486 14445 14445 I SurfaceView@2056a84: surfaceCreated 0 #1 android.view.SurfaceView{2056a84 V.E...... ........ 0,0-1080,525}
10-04 18:37:59.486 14445 14445 I SurfaceView@2056a84: surfaceChanged -- format=4 w=1080 h=525
10-04 18:37:59.486 14445 14445 I SurfaceView@2056a84: surfaceChanged (1080,525) 0 #1 android.view.SurfaceView{2056a84 V.E...... ........ 0,0-1080,525}
10-04 18:37:59.486 14445 14445 I SurfaceView@2056a84: surfaceRedrawNeeded
10-04 18:37:59.486 14445 14445 V SurfaceView@2056a84: Layout: x=0 y=218 w=1080 h=525, frame=Rect(0, 0 - 1080, 525)
10-04 18:37:59.486 14445 14445 I ViewRootImpl@9ace973[MainActivity]: reportNextDraw android.view.ViewRootImpl.performTraversals:4438 android.view.ViewRootImpl.doTraversal:3116 android.view.ViewRootImpl$TraversalRunnable.run:10885 android.view.Choreographer$CallbackRecord.run:1301 android.view.Choreographer$CallbackRecord.run:1309 
10-04 18:37:59.486 14445 14445 I ViewRootImpl@9ace973[MainActivity]: Setup new sync id=1
10-04 18:37:59.487 14445 14445 I ViewRootImpl@9ace973[MainActivity]: Setting syncFrameCallback
10-04 18:37:59.487 14445 14445 E SurfaceSyncer: Failed to find sync for id=0
10-04 18:37:59.487 14445 14445 E SurfaceSyncer: Failed to find sync for id=1
10-04 18:37:59.487 14445 14445 I ViewRootImpl@9ace973[MainActivity]: registerCallbacksForSync syncBuffer=false
10-04 18:37:59.498 14445 14537 D SurfaceView@2056a84: updateSurfacePosition RenderWorker, frameNr = 1, position = [0, 218, 1080, 743] surfaceSize = 1080x525
10-04 18:37:59.498 14445 14537 I SurfaceView@2056a84: uSP: rtp = Rect(0, 218 - 1080, 743) rtsw = 1080 rtsh = 525
10-04 18:37:59.498 14445 14537 I SurfaceView@2056a84: onSSPAndSRT: pl = 0 pt = 218 sx = 1.0 sy = 1.0
10-04 18:37:59.498 14445 14537 I SurfaceView@2056a84: aOrMT: ViewRootImpl@9ace973[MainActivity] t = android.view.SurfaceControl$Transaction@d8f8444 fN = 1 android.view.SurfaceView.-$$Nest$mapplyOrMergeTransaction:0 android.view.SurfaceView$SurfaceViewPositionUpdateListener.positionChanged:1537 android.graphics.RenderNode$CompositePositionUpdateListener.positionChanged:373 
10-04 18:37:59.498 14445 14537 I ViewRootImpl@9ace973[MainActivity]: mWNT: t=0x7b79089900 mBlastBufferQueue=0x7b362b0d00 fn= 1 caller= android.view.SurfaceView.applyOrMergeTransaction:1455 android.view.SurfaceView.-$$Nest$mapplyOrMergeTransaction:0 android.view.SurfaceView$SurfaceViewPositionUpdateListener.positionChanged:1537 
10-04 18:37:59.498 14445 14537 I ViewRootImpl@9ace973[MainActivity]: mWNT: t=0x7b36349b00 mBlastBufferQueue=0x7b362b0d00 fn= 1 caller= android.view.ViewRootImpl.lambda$applyTransactionOnDraw$11$android-view-ViewRootImpl:12865 android.view.ViewRootImpl$$ExternalSyntheticLambda1.onFrameDraw:4 android.graphics.HardwareRenderer$FrameDrawingCallback.onFrameDraw:924 
10-04 18:37:59.498 14445 14537 I ViewRootImpl@9ace973[MainActivity]: mWNT: t=0x7b78fafe00 mBlastBufferQueue=0x7b362b0d00 fn= 1 caller= android.view.ViewRootImpl.lambda$applyTransactionOnDraw$11$android-view-ViewRootImpl:12865 android.view.ViewRootImpl$$ExternalSyntheticLambda1.onFrameDraw:4 android.graphics.HardwareRenderer$FrameDrawingCallback.onFrameDraw:924 
10-04 18:37:59.499 14445 14537 I ViewRootImpl@9ace973[MainActivity]: Received frameDrawingCallback syncResult=0 frameNum=1.
10-04 18:37:59.499 14445 14537 I ViewRootImpl@9ace973[MainActivity]: Setting up sync and frameCommitCallback
10-04 18:37:59.504 14445 14461 I BLASTBufferQueue: [ViewRootImpl@9ace973[MainActivity]#18](f:0,a:0) onFrameAvailable the first frame is available
10-04 18:37:59.504 14445 14461 I ViewRootImpl@9ace973[MainActivity]: Received frameCommittedCallback lastAttemptedDrawFrameNum=1 didProduceBuffer=true
10-04 18:37:59.505 14445 14445 I ViewRootImpl@9ace973[MainActivity]: onSyncComplete
10-04 18:37:59.505 14445 14445 I ViewRootImpl@9ace973[MainActivity]: setupSync seqId=0 mSyncId=1 fn=1 caller=android.view.ViewRootImpl$$ExternalSyntheticLambda11.accept:6 android.window.SurfaceSyncer.lambda$setupSync$1$android-window-SurfaceSyncer:128 android.window.SurfaceSyncer$$ExternalSyntheticLambda1.accept:8 android.window.SurfaceSyncer$SyncSet.checkIfSyncIsComplete:382 android.window.SurfaceSyncer$SyncSet.markSyncReady:359 android.window.SurfaceSyncer.markSyncReady:151 android.view.ViewRootImpl.performTraversals:4503 
10-04 18:37:59.505 14445 14445 I ViewRootImpl@9ace973[MainActivity]: reportDrawFinished seqId=0 mSyncId=-1 fn=1 mSurfaceChangedTransaction=0x7b5ddac900
10-04 18:37:59.506 14445 14445 I SurfaceView@2056a84: finishedDrawing
10-04 18:37:59.529 14445 14445 I ViewRootImpl@b53fdc1[MainActivity]: MSG_WINDOW_FOCUS_CHANGED 1 0
10-04 18:37:59.529 14445 14445 I ViewRootImpl@b53fdc1[MainActivity]: mThreadedRenderer.initializeIfNeeded()#2 mSurface={isValid=true 0x7b5dc16800}
10-04 18:37:59.530 14445 14445 D InputMethodManager: startInputInner - Id : 0
10-04 18:37:59.530 14445 14445 I InputMethodManager: startInputInner - mService.startInputOrWindowGainedFocus
10-04 18:37:59.996 14445 14445 I ViewRootImpl@b53fdc1[MainActivity]: ViewPostIme pointer 0
10-04 18:38:00.104 14445 14445 D WindowOnBackDispatcher: onBackInvoked, viewRoot=ViewRootImpl@b53fdc1[MainActivity], callback=android.app.Dialog$$ExternalSyntheticLambda3@16d55f2
10-04 18:38:00.108 14445 14445 I MSHandlerLifeCycle: removeMultiSplitHandler: no exist. decor=DecorView@d0a5842[MainActivity]
10-04 18:38:00.110 14445 14461 D OpenGLRenderer: setSurface called with nullptr
10-04 18:38:00.110 14445 14461 D OpenGLRenderer: setSurface() destroyed EGLSurface
10-04 18:38:00.110 14445 14461 D OpenGLRenderer: destroyEglSurface
10-04 18:38:00.114 14445 14445 I ViewRootImpl@b53fdc1[MainActivity]: dispatchDetachedFromWindow
10-04 18:38:00.128 14445 14445 D InputTransport: Input channel destroyed: '35315b6', fd=118
10-04 18:38:00.131 14445 14445 D InsetsController: onStateChanged: InsetsState: {mDisplayFrame=Rect(0, 0 - 1080, 2400), mDisplayCutout=DisplayCutout{insets=Rect(0, 88 - 0, 0) waterfall=Insets{left=0, top=0, right=0, bottom=0} boundingRect={Bounds=[Rect(0, 0 - 0, 0), Rect(512, 0 - 568, 88), Rect(0, 0 - 0, 0), Rect(0, 0 - 0, 0)]} cutoutPathParserInfo={CutoutPathParserInfo{displayWidth=1080 displayHeight=2400 physicalDisplayWidth=1080 physicalDisplayHeight=2400 density={2.625} cutoutSpec={M 0,0 M 0,12.25101276465640 a 10.60613009248640,10.60613009248640 0 1,0 0,21.21226018497290 a 10.60613009248640,10.60613009248640 0 1,0 0,-21.21226018497290 Z @dp} rotation={0} scale={1.0} physicalPixelDisplaySizeRatio={1.0}}}}, mRoundedCorners=RoundedCorners{[RoundedCorner{position=TopLeft, radius=84, center=Point(84, 84)}, RoundedCorner{position=TopRight, radius=84, center=Point(996, 84)}, RoundedCorner{position=BottomRight, radius=84, center=Point(996, 2316)}, RoundedCorner{position=BottomLeft, radius=84, center=Point(84, 2316)}]}  mRoundedCornerFrame=Rect(0, 0 - 1080, 2400), mPrivacyIndicatorBounds=PrivacyIndicatorBounds {static bounds=Rect(964, 0 - 1080, 87) rotation=0}, mSources= { InsetsSource: {mType=ITYPE_STATUS_BAR, mFrame=[0,0][1080,88], mVisible=true, mInsetsRoundedCornerFrame=false}, InsetsSource: {mType=ITYPE_NAVIGATION_BAR, mFrame=[0,2361][1080,2400], mVisible=true, mInsetsRoundedCornerFrame=false}, InsetsSource: {mType=ITYPE_LEFT_GESTURES, mFrame=[0,0][130,2400], mVisible=true, mInsetsRoundedCornerFrame=false}, InsetsSource: {mType=ITYPE_RIGHT_GESTURES, mFrame=[950,0][1080,2400], mVisible=true, mInsetsRoundedCornerFrame=false}, InsetsSource: {mType=ITYPE_TOP_MANDATORY_GESTURES, mFrame=[0,0][1080,120], mVisible=true, mInsetsRoundedCornerFrame=false}, InsetsSource: {mType=ITYPE_BOTTOM_MANDATORY_GESTURES, mFrame=[0,2316][1080,2400], mVisible=true, mInsetsRoundedCornerFrame=false}, InsetsSource: {mType=ITYPE_LEFT_DISPLAY_CUTOUT, mFrame=[0,0][-100000,2400], mVisible=true, mInsetsRoundedCornerFrame=false}, InsetsSource: {mType=ITYPE_TOP_DISPLAY_CUTOUT, mFrame=[0,0][1080,88], mVisible=true, mInsetsRoundedCornerFrame=false}, InsetsSource: {mType=ITYPE_RIGHT_DISPLAY_CUTOUT, mFrame=[100000,0][1080,2400], mVisible=true, mInsetsRoundedCornerFrame=false}, InsetsSource: {mType=ITYPE_BOTTOM_DISPLAY_CUTOUT, mFrame=[0,100000][1080,2400], mVisible=true, mInsetsRoundedCornerFrame=false}, InsetsSource: {mType=ITYPE_TOP_TAPPABLE_ELEMENT, mFrame=[0,0][1080,88], mVisible=true, mInsetsRoundedCornerFrame=false}, InsetsSource: {mType=ITYPE_BOTTOM_TAPPABLE_ELEMENT, mFrame=[0,0][0,0], mVisible=true, mInsetsRoundedCornerFrame=false} } host=com.lagradost.cloudstream3/com.lagradost.cloudstream3.MainActivity from=android.view.ViewRootImpl$ViewRootHandler.handleMessageImpl:6740
10-04 18:38:00.161 14445 14445 I ViewRootImpl@9ace973[MainActivity]: MSG_WINDOW_FOCUS_CHANGED 1 0
10-04 18:38:00.161 14445 14445 I ViewRootImpl@9ace973[MainActivity]: mThreadedRenderer.initializeIfNeeded()#2 mSurface={isValid=true 0x7b78f75800}
10-04 18:38:00.167 14445 14445 D InputMethodManager: startInputInner - Id : 0
10-04 18:38:00.167 14445 14445 I InputMethodManager: startInputInner - mService.startInputOrWindowGainedFocus
10-04 18:38:00.746 14445 14445 I ViewRootImpl@9ace973[MainActivity]: ViewPostIme pointer 0
10-04 18:38:00.808 14445 14445 W PanelsChildGestureRegionObserver: failed to register view with ID 2131362800. already registered
10-04 18:38:00.810 14445 14445 W PanelsChildGestureRegionObserver: failed to register view with ID 2131362800. already registered
10-04 18:38:00.824 14445 14445 W PanelsChildGestureRegionObserver: failed to register view with ID 2131362800. already registered
10-04 18:38:00.840 14445 14445 W PanelsChildGestureRegionObserver: failed to register view with ID 2131362800. already registered
10-04 18:38:00.857 14445 14445 W PanelsChildGestureRegionObserver: failed to register view with ID 2131362800. already registered
10-04 18:38:00.865 14445 14445 D WindowOnBackDispatcher: onBackInvoked, viewRoot=ViewRootImpl@b53fdc1[MainActivity], callback=androidx.activity.OnBackPressedDispatcher$Api33Impl$$ExternalSyntheticLambda0@c867560
10-04 18:38:00.874 14445 14445 I IMM_LC  : hsifw() - flag : 0
10-04 18:38:00.874 14445 14445 I IMM_LC  : hsifw() - mService.hideSoftInput
10-04 18:38:00.881 14445 14445 I CS3ExoPlayer: onStop
10-04 18:38:00.881 14445 14445 I CS3ExoPlayer: saveData
10-04 18:38:00.881 14445 14445 I CS3ExoPlayer: handleEvent Pause
10-04 18:38:00.883 14445 14445 I DecorView: notifyKeepScreenOnChanged: keepScreenOn=false
10-04 18:38:00.883 14445 14445 I MSHandlerLifeCycle: check: return. pkg=com.lagradost.cloudstream3 isActivity=false callers=com.android.internal.policy.DecorView.setVisibility:4412 android.app.Dialog.show:454 com.lagradost.cloudstream3.utils.AppContextUtils.ownShow:129 com.lagradost.cloudstream3.ui.home.HomeFragment.onCreateView:442 androidx.fragment.app.Fragment.performCreateView:3114 
10-04 18:38:00.884 14445 14445 I MSHandlerLifeCycle: removeMultiSplitHandler: no exist. decor=DecorView@e5e9da[MainActivity]
10-04 18:38:00.965 14445 14445 W PanelsChildGestureRegionObserver: failed to register view with ID 2131362800. already registered
10-04 18:38:01.102 14445 14445 I ViewRootImpl@7f5677e[MainActivity]: performTraversals params={(0,0)(fillxfill) gr=CENTER sim={adjust=resize} ty=APPLICATION fmt=TRANSPARENT wanim=0xffffffff
10-04 18:38:01.102 14445 14445 I ViewRootImpl@7f5677e[MainActivity]:   fl=85810100
10-04 18:38:01.102 14445 14445 I ViewRootImpl@7f5677e[MainActivity]:   pfl=12020040
10-04 18:38:01.102 14445 14445 I ViewRootImpl@7f5677e[MainActivity]:   vsysui=500
10-04 18:38:01.102 14445 14445 I ViewRootImpl@7f5677e[MainActivity]:   bhv=DEFAULT
10-04 18:38:01.102 14445 14445 I ViewRootImpl@7f5677e[MainActivity]:   fitSides= naviIconColor=0}
10-04 18:38:01.102 14445 14445 I ViewRootImpl@7f5677e[MainActivity]: performTraversals mFirst=false windowShouldResize=false viewVisibilityChanged=true mForceNextWindowRelayout=false params={(0,0)(fillxfill) gr=CENTER sim={adjust=resize} ty=APPLICATION fmt=TRANSPARENT wanim=0xffffffff
10-04 18:38:01.102 14445 14445 I ViewRootImpl@7f5677e[MainActivity]:   fl=85810100
10-04 18:38:01.102 14445 14445 I ViewRootImpl@7f5677e[MainActivity]:   pfl=12020040
10-04 18:38:01.102 14445 14445 I ViewRootImpl@7f5677e[MainActivity]:   vsysui=500
10-04 18:38:01.102 14445 14445 I ViewRootImpl@7f5677e[MainActivity]:   bhv=DEFAULT
10-04 18:38:01.102 14445 14445 I ViewRootImpl@7f5677e[MainActivity]:   fitSides= naviIconColor=0}
10-04 18:38:01.115 14445 14445 I ViewRootImpl@7f5677e[MainActivity]: updateBlastSurfaceIfNeeded mBlastBufferQueue=null isSameSurfaceControl=false
10-04 18:38:01.116 14445 14445 I BLASTBufferQueue: new BLASTBufferQueue, mName= ViewRootImpl@7f5677e[MainActivity] mNativeObject= 0x7bdd5a4e00 sc.mNativeObject= 0x7b06caee40 caller= android.view.ViewRootImpl.updateBlastSurfaceIfNeeded:2909 android.view.ViewRootImpl.relayoutWindow:9847 android.view.ViewRootImpl.performTraversals:3884 android.view.ViewRootImpl.doTraversal:3116 android.view.ViewRootImpl$TraversalRunnable.run:10885 android.view.Choreographer$CallbackRecord.run:1301 android.view.Choreographer$CallbackRecord.run:1309 android.view.Choreographer.doCallbacks:923 android.view.Choreographer.doFrame:852 android.view.Choreographer$FrameDisplayEventReceiver.run:1283 
10-04 18:38:01.116 14445 14445 I BLASTBufferQueue: update, w= 1080 h= 2400 mName = ViewRootImpl@7f5677e[MainActivity] mNativeObject= 0x7bdd5a4e00 sc.mNativeObject= 0x7b06caee40 format= -2 caller= android.graphics.BLASTBufferQueue.<init>:84 android.view.ViewRootImpl.updateBlastSurfaceIfNeeded:2909 android.view.ViewRootImpl.relayoutWindow:9847 android.view.ViewRootImpl.performTraversals:3884 android.view.ViewRootImpl.doTraversal:3116 android.view.ViewRootImpl$TraversalRunnable.run:10885 
10-04 18:38:01.117 14445 14445 I ViewRootImpl@7f5677e[MainActivity]: Relayout returned: old=(0,0,1080,2400) new=(0,0,1080,2400) req=(1080,2400)0 dur=13 res=0x3 s={true 0x7b5dc16800} ch=true seqId=0
10-04 18:38:01.117 14445 14445 I ViewRootImpl@7f5677e[MainActivity]: mThreadedRenderer.initialize() mSurface={isValid=true 0x7b5dc16800} hwInitialized=true
10-04 18:38:01.118 14445 14461 D OpenGLRenderer: eglCreateWindowSurface
10-04 18:38:01.118 14445 14445 I ViewRootImpl@7f5677e[MainActivity]: reportNextDraw android.view.ViewRootImpl.performTraversals:4438 android.view.ViewRootImpl.doTraversal:3116 android.view.ViewRootImpl$TraversalRunnable.run:10885 android.view.Choreographer$CallbackRecord.run:1301 android.view.Choreographer$CallbackRecord.run:1309 
10-04 18:38:01.118 14445 14445 I ViewRootImpl@7f5677e[MainActivity]: Setup new sync id=3
10-04 18:38:01.118 14445 14445 I ViewRootImpl@7f5677e[MainActivity]: Setting syncFrameCallback
10-04 18:38:01.118 14445 14445 I ViewRootImpl@7f5677e[MainActivity]: registerCallbacksForSync syncBuffer=false
10-04 18:38:01.122 14445 14536 I ViewRootImpl@7f5677e[MainActivity]: Received frameDrawingCallback syncResult=0 frameNum=1.
10-04 18:38:01.122 14445 14536 I ViewRootImpl@7f5677e[MainActivity]: Setting up sync and frameCommitCallback
10-04 18:38:01.129 14445 14461 I BLASTBufferQueue: [ViewRootImpl@7f5677e[MainActivity]#20](f:0,a:0) onFrameAvailable the first frame is available
10-04 18:38:01.130 14445 14461 I ViewRootImpl@7f5677e[MainActivity]: Received frameCommittedCallback lastAttemptedDrawFrameNum=1 didProduceBuffer=true
10-04 18:38:01.130 14445 14445 I ViewRootImpl@7f5677e[MainActivity]: onSyncComplete
10-04 18:38:01.131 14445 14445 I ViewRootImpl@7f5677e[MainActivity]: setupSync seqId=0 mSyncId=3 fn=1 caller=android.view.ViewRootImpl$$ExternalSyntheticLambda11.accept:6 android.window.SurfaceSyncer.lambda$setupSync$1$android-window-SurfaceSyncer:128 android.window.SurfaceSyncer$$ExternalSyntheticLambda1.accept:8 android.window.SurfaceSyncer$SyncSet.checkIfSyncIsComplete:382 android.window.SurfaceSyncer$SyncSet.markSyncReady:359 android.window.SurfaceSyncer.markSyncReady:151 android.view.ViewRootImpl.performTraversals:4503 
10-04 18:38:01.131 14445 14445 I ViewRootImpl@7f5677e[MainActivity]: reportDrawFinished seqId=0 mSyncId=-1 fn=1 mSurfaceChangedTransaction=0x7b3dace300
10-04 18:38:01.133 14445 14445 W PanelsChildGestureRegionObserver: failed to register view with ID 2131362800. already registered
10-04 18:38:01.143 14445 14445 I DecorView: notifyKeepScreenOnChanged: keepScreenOn=false
10-04 18:38:01.149 14445 14537 D SurfaceView@2056a84: updateSurfacePosition RenderWorker, frameNr = 6, position = [54, 314, 1026, 787] surfaceSize = 1080x525
10-04 18:38:01.149 14445 14537 I SurfaceView@2056a84: uSP: rtp = Rect(54, 314 - 1026, 787) rtsw = 1080 rtsh = 525
10-04 18:38:01.149 14445 14537 I SurfaceView@2056a84: onSSPAndSRT: pl = 54 pt = 314 sx = 0.9 sy = 0.9009524
10-04 18:38:01.149 14445 14537 I SurfaceView@2056a84: aOrMT: ViewRootImpl@9ace973[MainActivity] t = android.view.SurfaceControl$Transaction@d8f8444 fN = 6 android.view.SurfaceView.-$$Nest$mapplyOrMergeTransaction:0 android.view.SurfaceView$SurfaceViewPositionUpdateListener.positionChanged:1537 android.graphics.RenderNode$CompositePositionUpdateListener.positionChanged:373 
10-04 18:38:01.150 14445 14537 I ViewRootImpl@9ace973[MainActivity]: mWNT: t=0x7b79089900 mBlastBufferQueue=0x7b362b0d00 fn= 6 caller= android.view.SurfaceView.applyOrMergeTransaction:1455 android.view.SurfaceView.-$$Nest$mapplyOrMergeTransaction:0 android.view.SurfaceView$SurfaceViewPositionUpdateListener.positionChanged:1537 
10-04 18:38:01.150 14445 14445 I ViewRootImpl@7f5677e[MainActivity]: performTraversals params={(0,0)(fillxfill) gr=CENTER sim={adjust=resize} ty=APPLICATION fmt=TRANSPARENT wanim=0x7f14000b
10-04 18:38:01.150 14445 14445 I ViewRootImpl@7f5677e[MainActivity]:   fl=85810100
10-04 18:38:01.150 14445 14445 I ViewRootImpl@7f5677e[MainActivity]:   pfl=12020040
10-04 18:38:01.150 14445 14445 I ViewRootImpl@7f5677e[MainActivity]:   vsysui=500
10-04 18:38:01.150 14445 14445 I ViewRootImpl@7f5677e[MainActivity]:   bhv=DEFAULT
10-04 18:38:01.150 14445 14445 I ViewRootImpl@7f5677e[MainActivity]:   fitSides= naviIconColor=0}
10-04 18:38:01.151 14445 14445 I ViewRootImpl@7f5677e[MainActivity]: performTraversals mFirst=false windowShouldResize=false viewVisibilityChanged=false mForceNextWindowRelayout=false params={(0,0)(fillxfill) gr=CENTER sim={adjust=resize} ty=APPLICATION fmt=TRANSPARENT wanim=0x7f14000b
10-04 18:38:01.151 14445 14445 I ViewRootImpl@7f5677e[MainActivity]:   fl=85810100
10-04 18:38:01.151 14445 14445 I ViewRootImpl@7f5677e[MainActivity]:   pfl=12020040
10-04 18:38:01.151 14445 14445 I ViewRootImpl@7f5677e[MainActivity]:   vsysui=500
10-04 18:38:01.151 14445 14445 I ViewRootImpl@7f5677e[MainActivity]:   bhv=DEFAULT
10-04 18:38:01.151 14445 14445 I ViewRootImpl@7f5677e[MainActivity]:   fitSides= naviIconColor=0}
10-04 18:38:01.157 14445 14445 I ViewRootImpl@7f5677e[MainActivity]: updateBlastSurfaceIfNeeded mBlastBufferQueue=0x7bdd5a4e00 isSameSurfaceControl=true
10-04 18:38:01.157 14445 14445 I BLASTBufferQueue: update, w= 1080 h= 2400 mName = ViewRootImpl@7f5677e[MainActivity] mNativeObject= 0x7bdd5a4e00 sc.mNativeObject= 0x7bdd415280 format= -2 caller= android.view.ViewRootImpl.updateBlastSurfaceIfNeeded:2898 android.view.ViewRootImpl.relayoutWindow:9847 android.view.ViewRootImpl.performTraversals:3884 android.view.ViewRootImpl.doTraversal:3116 android.view.ViewRootImpl$TraversalRunnable.run:10885 android.view.Choreographer$CallbackRecord.run:1301 
10-04 18:38:01.157 14445 14445 I ViewRootImpl@7f5677e[MainActivity]: Relayout returned: old=(0,0,1080,2400) new=(0,0,1080,2400) req=(1080,2400)0 dur=6 res=0x0 s={true 0x7b5dc16800} ch=false seqId=0
10-04 18:38:01.159 14445 14445 I SurfaceView@2056a84: onWindowVisibilityChanged(8) false android.view.SurfaceView{2056a84 V.E...... ........ 0,0-1080,525} of ViewRootImpl@9ace973[MainActivity]
10-04 18:38:01.160 14445 14445 I SurfaceView@2056a84: Changes: creating=false format=false size=false visible=true alpha=false hint=false mUseAlpha=false visible=true left=false top=false
10-04 18:38:01.160 14445 14445 I SurfaceView@2056a84: 33909380 Cur surface: Surface(name=null)/@0x1040a86
10-04 18:38:01.160 14445 14445 I SurfaceView@2056a84: applyTransactionOnVriDraw: vri = ViewRootImpl@9ace973[MainActivity] fRS = false t = 0x7b1c3af300 android.view.SurfaceView.performSurfaceTransaction:959 android.view.SurfaceView.updateSurface:1105 android.view.SurfaceView.onWindowVisibilityChanged:371 
10-04 18:38:01.160 14445 14445 I ViewRootImpl@9ace973[MainActivity]: applyTransactionOnDraw: mRemoved = false isHardwareEnabled = true t = 0x7b1c3af300android.view.SurfaceView.applyTransactionOnVriDraw:2048 android.view.SurfaceView.performSurfaceTransaction:959 android.view.SurfaceView.updateSurface:1105 android.view.SurfaceView.onWindowVisibilityChanged:371 android.view.View.dispatchDetachedFromWindow:22529 
10-04 18:38:01.160 14445 14445 I SurfaceView@2056a84: surfaceDestroyed
10-04 18:38:01.161 14445 14445 I SurfaceView@2056a84: surfaceDestroyed callback.size 0 #2 android.view.SurfaceView{2056a84 V.E...... ........ 0,0-1080,525}
10-04 18:38:01.161 14445 14445 I SurfaceView@2056a84: updateSurface: mVisible = false mSurface.isValid() = true
10-04 18:38:01.161 14445 14445 I SurfaceView@2056a84: releaseSurfaces: viewRoot = ViewRootImpl@9ace973[MainActivity]
10-04 18:38:01.161 14445 14445 I SurfaceView@2056a84: applyTransactionOnVriDraw: vri = ViewRootImpl@9ace973[MainActivity] fRS = true t = 0x7b1c3af700 android.view.SurfaceView.releaseSurfaces:858 android.view.SurfaceView.updateSurface:1172 android.view.SurfaceView.onWindowVisibilityChanged:371 
10-04 18:38:01.161 14445 14445 I SurfaceView@2056a84: applyTransactionOnVriDraw: viewRoot.applyTransactionOnDrawFromReleaseSurfaces
10-04 18:38:01.162 14445 14445 I ViewRootImpl@9ace973[MainActivity]: applyTransactionOnDraw: mRemoved = false isHardwareEnabled = true t = 0x7b1c3af700android.view.ViewRootImpl.applyTransactionOnDrawFromReleaseSurfaces:12850 android.view.SurfaceView.applyTransactionOnVriDraw:2046 android.view.SurfaceView.releaseSurfaces:858 android.view.SurfaceView.updateSurface:1172 android.view.SurfaceView.onWindowVisibilityChanged:371 
10-04 18:38:01.162 14445 14445 V SurfaceView@2056a84: Layout: x=0 y=218 w=1080 h=525, frame=Rect(0, 0 - 1080, 525)
10-04 18:38:01.162 14445 14445 I SurfaceView@2056a84: onDetachedFromWindow: tryReleaseSurfaces()
10-04 18:38:01.162 14445 14445 I SurfaceView@2056a84: releaseSurfaces: viewRoot = ViewRootImpl@9ace973[MainActivity]
10-04 18:38:01.162 14445 14445 I SurfaceView@2056a84: applyTransactionOnVriDraw: vri = ViewRootImpl@9ace973[MainActivity] fRS = true t = 0x7b1c432200 android.view.SurfaceView.releaseSurfaces:858 android.view.SurfaceView.onDetachedFromWindow:500 android.view.View.dispatchDetachedFromWindow:22538 
10-04 18:38:01.162 14445 14445 I SurfaceView@2056a84: applyTransactionOnVriDraw: viewRoot.applyTransactionOnDrawFromReleaseSurfaces
10-04 18:38:01.163 14445 14445 I ViewRootImpl@9ace973[MainActivity]: applyTransactionOnDraw: mRemoved = false isHardwareEnabled = true t = 0x7b1c432200android.view.ViewRootImpl.applyTransactionOnDrawFromReleaseSurfaces:12850 android.view.SurfaceView.applyTransactionOnVriDraw:2046 android.view.SurfaceView.releaseSurfaces:858 android.view.SurfaceView.onDetachedFromWindow:500 android.view.View.dispatchDetachedFromWindow:22538 
10-04 18:38:01.176 14445 14445 I DecorView: notifyKeepScreenOnChanged: keepScreenOn=false
10-04 18:38:01.177 14445 14445 I CS3ExoPlayer: releasePlayer
10-04 18:38:01.177 14445 14445 I CS3ExoPlayer: Handle event: PlayerAttachedEvent(player=null, source=Player)
10-04 18:38:01.178 14445 14445 I DecorView: notifyKeepScreenOnChanged: keepScreenOn=false
10-04 18:38:01.179 14445 14445 I ViewRootImpl@9ace973[MainActivity]: MSG_WINDOW_FOCUS_CHANGED 0 0
10-04 18:38:01.183 14445 14445 I ViewRootImpl@7f5677e[MainActivity]: MSG_WINDOW_FOCUS_CHANGED 1 0
10-04 18:38:01.183 14445 14445 I ViewRootImpl@7f5677e[MainActivity]: mThreadedRenderer.initializeIfNeeded()#2 mSurface={isValid=true 0x7b5dc16800}
10-04 18:38:01.183 14445 14445 D InputMethodManager: startInputInner - Id : 0
10-04 18:38:01.184 14445 14445 I InputMethodManager: startInputInner - mService.startInputOrWindowGainedFocus
10-04 18:38:01.188 14445 14445 I ViewRootImpl@9ace973[MainActivity]: performTraversals params={(0,0)(fillxfill) sim={state=always_hidden adjust=resize} ty=BASE_APPLICATION wanim=0x1030309
10-04 18:38:01.188 14445 14445 I ViewRootImpl@9ace973[MainActivity]:   fl=85810100
10-04 18:38:01.188 14445 14445 I ViewRootImpl@9ace973[MainActivity]:   pfl=12020040
10-04 18:38:01.188 14445 14445 I ViewRootImpl@9ace973[MainActivity]:   vsysui=500
10-04 18:38:01.188 14445 14445 I ViewRootImpl@9ace973[MainActivity]:   bhv=DEFAULT
10-04 18:38:01.188 14445 14445 I ViewRootImpl@9ace973[MainActivity]:   fitSides= naviIconColor=0}
10-04 18:38:01.188 14445 14445 I ViewRootImpl@9ace973[MainActivity]: performTraversals mFirst=false windowShouldResize=false viewVisibilityChanged=false mForceNextWindowRelayout=false params={(0,0)(fillxfill) sim={state=always_hidden adjust=resize} ty=BASE_APPLICATION fmt=TRANSLUCENT wanim=0x1030309
10-04 18:38:01.188 14445 14445 I ViewRootImpl@9ace973[MainActivity]:   fl=85810100
10-04 18:38:01.188 14445 14445 I ViewRootImpl@9ace973[MainActivity]:   pfl=12020040
10-04 18:38:01.188 14445 14445 I ViewRootImpl@9ace973[MainActivity]:   vsysui=500
10-04 18:38:01.188 14445 14445 I ViewRootImpl@9ace973[MainActivity]:   bhv=DEFAULT
10-04 18:38:01.188 14445 14445 I ViewRootImpl@9ace973[MainActivity]:   fitSides= naviIconColor=0}
10-04 18:38:01.199 14445 14445 I ViewRootImpl@9ace973[MainActivity]: updateBlastSurfaceIfNeeded mBlastBufferQueue=0x7b362b0d00 isSameSurfaceControl=true
10-04 18:38:01.200 14445 14445 I BLASTBufferQueue: update, w= 1080 h= 2400 mName = ViewRootImpl@9ace973[MainActivity] mNativeObject= 0x7b362b0d00 sc.mNativeObject= 0x7be1655180 format= -3 caller= android.view.ViewRootImpl.updateBlastSurfaceIfNeeded:2898 android.view.ViewRootImpl.relayoutWindow:9847 android.view.ViewRootImpl.performTraversals:3884 android.view.ViewRootImpl.doTraversal:3116 android.view.ViewRootImpl$TraversalRunnable.run:10885 android.view.Choreographer$CallbackRecord.run:1301 
10-04 18:38:01.200 14445 14445 I ViewRootImpl@9ace973[MainActivity]: Relayout returned: old=(0,0,1080,2400) new=(0,0,1080,2400) req=(1080,2400)0 dur=11 res=0x0 s={true 0x7b78f75800} ch=false seqId=0
10-04 18:38:01.200 14445 14445 I ViewRootImpl@9ace973[MainActivity]: updateBoundsLayer: t = android.view.SurfaceControl$Transaction@5a5d4b8 sc = Surface(name=Bounds for - com.lagradost.cloudstream3/com.lagradost.cloudstream3.MainActivity@1)/@0xe092e58 frame = 7
10-04 18:38:01.200 14445 14445 I ViewRootImpl@9ace973[MainActivity]: mWNT: t=0x7b5dcdfd00 mBlastBufferQueue=0x7b362b0d00 fn= 7 caller= android.view.ViewRootImpl.prepareSurfaces:2985 android.view.ViewRootImpl.performTraversals:4233 android.view.ViewRootImpl.doTraversal:3116 
10-04 18:38:01.202 14445 14461 D SurfaceView@2056a84: windowPositionLost, frameNr = 7
10-04 18:38:01.202 14445 14536 I ViewRootImpl@9ace973[MainActivity]: mWNT: t=0x7b1c3af300 mBlastBufferQueue=0x7b362b0d00 fn= 7 caller= android.view.ViewRootImpl.lambda$applyTransactionOnDraw$11$android-view-ViewRootImpl:12865 android.view.ViewRootImpl$$ExternalSyntheticLambda1.onFrameDraw:4 android.graphics.HardwareRenderer$FrameDrawingCallback.onFrameDraw:924 
10-04 18:38:01.202 14445 14536 I ViewRootImpl@9ace973[MainActivity]: mWNT: t=0x7b1c3af700 mBlastBufferQueue=0x7b362b0d00 fn= 7 caller= android.view.ViewRootImpl.lambda$applyTransactionOnDraw$11$android-view-ViewRootImpl:12865 android.view.ViewRootImpl$$ExternalSyntheticLambda1.onFrameDraw:4 android.graphics.HardwareRenderer$FrameDrawingCallback.onFrameDraw:924 
10-04 18:38:01.203 14445 14536 I ViewRootImpl@9ace973[MainActivity]: mWNT: t=0x7b1c432200 mBlastBufferQueue=0x7b362b0d00 fn= 7 caller= android.view.ViewRootImpl.lambda$applyTransactionOnDraw$11$android-view-ViewRootImpl:12865 android.view.ViewRootImpl$$ExternalSyntheticLambda1.onFrameDraw:4 android.graphics.HardwareRenderer$FrameDrawingCallback.onFrameDraw:924 
10-04 18:38:01.797 14445 14445 I ViewRootImpl@7f5677e[MainActivity]: ViewPostIme pointer 0
10-04 18:38:01.931 14445 14445 D WindowOnBackDispatcher: onBackInvoked, viewRoot=ViewRootImpl@b53fdc1[MainActivity], callback=android.app.Dialog$$ExternalSyntheticLambda3@87daffb
10-04 18:38:01.938 14445 14445 I MSHandlerLifeCycle: removeMultiSplitHandler: no exist. decor=DecorView@e5e9da[MainActivity]
10-04 18:38:01.939 14445 14461 D OpenGLRenderer: setSurface called with nullptr
10-04 18:38:01.939 14445 14461 D OpenGLRenderer: setSurface() destroyed EGLSurface
10-04 18:38:01.939 14445 14461 D OpenGLRenderer: destroyEglSurface
10-04 18:38:01.941 14445 14445 I ViewRootImpl@7f5677e[MainActivity]: dispatchDetachedFromWindow
10-04 18:38:01.961 14445 14445 D InputTransport: Input channel destroyed: 'a476ebb', fd=203
