10-04 22:55:14.516 29796 29833 D OpenGLRenderer: setSurface called with nullptr
10-04 22:55:14.517 29796 29816 D InputTransport: Input channel destroyed: 'ClientS', fd=165
10-04 22:55:14.518 29796 29816 D InputTransport: Input channel destroyed: 'ClientS', fd=152
10-04 22:55:14.766 29796 29796 I ViewRootImpl@fb2a030[MainActivity]: performTraversals mFirst=false windowShouldResize=false viewVisibilityChanged=false mForceNextWindowRelayout=false params={(0,0)(fillxfill) sim={state=always_hidden adjust=resize} ty=BASE_APPLICATION wanim=0x1030309
10-04 22:55:14.766 29796 29796 I ViewRootImpl@fb2a030[MainActivity]:   fl=85810100
10-04 22:55:14.766 29796 29796 I ViewRootImpl@fb2a030[MainActivity]:   pfl=12020040
10-04 22:55:14.766 29796 29796 I ViewRootImpl@fb2a030[MainActivity]:   vsysui=500
10-04 22:55:14.766 29796 29796 I ViewRootImpl@fb2a030[MainActivity]:   bhv=DEFAULT
10-04 22:55:14.766 29796 29796 I ViewRootImpl@fb2a030[MainActivity]:   fitSides= naviIconColor=0}
10-04 22:55:14.779 29796 29796 I ViewRootImpl@fb2a030[MainActivity]: updateBlastSurfaceIfNeeded mBlastBufferQueue=0x7b4988fb00 isSameSurfaceControl=true
10-04 22:55:14.780 29796 29796 I BLASTBufferQueue: update, w= 1080 h= 2400 mName = ViewRootImpl@fb2a030[MainActivity] mNativeObject= 0x7b4988fb00 sc.mNativeObject= 0x7bed7afe20 format= -1 caller= android.view.ViewRootImpl.updateBlastSurfaceIfNeeded:2898 android.view.ViewRootImpl.relayoutWindow:9847 android.view.ViewRootImpl.performTraversals:3884 android.view.ViewRootImpl.doTraversal:3116 android.view.ViewRootImpl$TraversalRunnable.run:10885 android.view.Choreographer$CallbackRecord.run:1301 
10-04 22:55:14.780 29796 29796 I ViewRootImpl@fb2a030[MainActivity]: Relayout returned: old=(0,0,1080,2400) new=(0,0,1080,2400) req=(1080,2400)0 dur=13 res=0x0 s={true 0x7b5c480800} ch=false seqId=0
10-04 22:55:19.045 29796 29796 I ViewRootImpl@fb2a030[MainActivity]: ViewPostIme pointer 0
10-04 22:55:19.092 29796 29796 I ViewRootImpl@fb2a030[MainActivity]: ViewPostIme pointer 1
10-04 22:55:20.699 29796 29796 I ViewRootImpl@fb2a030[MainActivity]: ViewPostIme pointer 0
10-04 22:55:20.739 29796 29796 I ViewRootImpl@fb2a030[MainActivity]: ViewPostIme pointer 1
10-04 22:55:21.460 29796 29796 I ViewRootImpl@fb2a030[MainActivity]: ViewPostIme pointer 0
10-04 22:55:21.517 29796 29796 I ViewRootImpl@fb2a030[MainActivity]: ViewPostIme pointer 1
10-04 22:55:22.698 29796 29796 I ViewRootImpl@fb2a030[MainActivity]: ViewPostIme pointer 0
10-04 22:55:22.739 29796 29796 I ViewRootImpl@fb2a030[MainActivity]: ViewPostIme pointer 1
10-04 22:55:22.763 29796 29796 I NavComponent: Navigating to fragment: 2131362274
10-04 22:55:22.804 29796 29796 I IMM_LC  : hsifw() - flag : 0
10-04 22:55:22.804 29796 29796 I IMM_LC  : hsifw() - mService.hideSoftInput
10-04 22:55:22.872 29796 29796 D ScrollView: initGoToTop
10-04 22:55:23.203 29796 29796 I SurfaceView@73a440e: onWindowVisibilityChanged(0) true android.view.SurfaceView{73a440e V.E...... ......I. 0,0-0,0} of ViewRootImpl@fb2a030[MainActivity]
10-04 22:55:23.203 29796 29796 D SurfaceView@73a440e: updateSurface: has no frame
10-04 22:55:23.214 29796 29796 I CS3ExoPlayer: SET STYLE = SaveCaptionStyle(foregroundColor=-1, backgroundColor=0, windowColor=0, edgeType=1, edgeColor=-16777216, typeface=null, typefaceFilePath=null, elevation=20, fixedTextSize=null, edgeSize=null, removeCaptions=false, removeBloat=true, upperCase=false, bold=false, italic=false, backgroundRadius=null)
10-04 22:55:23.234 29796 29796 D VideoClickActionHolder: allVideoClickActions: [null:com.lagradost.cloudstream3.actions.temp.PlayInBrowserAction, null:com.lagradost.cloudstream3.actions.temp.CopyClipboardAction, null:com.lagradost.cloudstream3.actions.temp.ViewM3U8Action, null:com.lagradost.cloudstream3.actions.temp.VlcPackage, null:com.lagradost.cloudstream3.actions.temp.MpvPackage, null:com.lagradost.cloudstream3.actions.temp.NextPlayerPackage, null:com.lagradost.cloudstream3.actions.temp.JustPlayerPackage, null:com.lagradost.cloudstream3.actions.temp.fcast.FcastAction, null:com.lagradost.cloudstream3.actions.temp.LibreTorrentPackage, null:com.lagradost.cloudstream3.actions.temp.BiglyBTPackage, null:com.lagradost.cloudstream3.actions.temp.VlcNightlyPackage, null:com.lagradost.cloudstream3.actions.temp.WebVideoCastPackage, null:com.lagradost.cloudstream3.actions.temp.MpvYTDLPackage, null:com.lagradost.cloudstream3.actions.temp.MpvKtPackage, null:com.lagradost.cloudstream3.actions.temp.MpvKtPreviewPackage, null:com.lagradost.cloudstream3.actions.AlwaysAskAction]
10-04 22:55:23.235 29796 29796 I IMM_LC  : hsifw() - flag : 0
10-04 22:55:23.235 29796 29796 I IMM_LC  : hsifw() - mService.hideSoftInput
10-04 22:55:23.238 29796 29870 I SYNCVM  : addFromUrl = https://wecima.now/watch/%d9%85%d8%b4%d8%a7%d9%87%d8%af%d8%a9-%d9%85%d8%b3%d9%84%d8%b3%d9%84-genie-make-a-wish-%d9%85%d9%88%d8%b3%d9%85-1-%d8%ad%d9%84%d9%82%d8%a9-2/
10-04 22:55:23.239 29796 29870 I SYNCUTIL: getIdsFromUrl https://wecima.now/watch/%d9%85%d8%b4%d8%a7%d9%87%d8%af%d8%a9-%d9%85%d8%b3%d9%84%d8%b3%d9%84-genie-make-a-wish-%d9%85%d9%88%d8%b3%d9%85-1-%d8%ad%d9%84%d9%82%d8%a9-2/
10-04 22:55:23.241 29796 29862 I RVM2    : applyMeta
10-04 22:55:23.261 29796 29796 I SurfaceView@73a440e: onWindowVisibilityChanged(8) false android.view.SurfaceView{73a440e V.E...... ......I. 0,0-0,0} of ViewRootImpl@fb2a030[MainActivity]
10-04 22:55:23.262 29796 29796 D SurfaceView@73a440e: updateSurface: has no frame
10-04 22:55:23.262 29796 29796 D SurfaceView@73a440e: updateSurface: has no frame
10-04 22:55:23.262 29796 29796 I SurfaceView@73a440e: onDetachedFromWindow: tryReleaseSurfaces()
10-04 22:55:23.262 29796 29796 I SurfaceView@73a440e: releaseSurfaces: viewRoot = ViewRootImpl@fb2a030[MainActivity]
10-04 22:55:23.262 29796 29796 I SurfaceView@73a440e: applyTransactionOnVriDraw: vri = ViewRootImpl@fb2a030[MainActivity] fRS = true t = 0x7b09f45700 android.view.SurfaceView.releaseSurfaces:858 android.view.SurfaceView.onDetachedFromWindow:500 android.view.View.dispatchDetachedFromWindow:22538 
10-04 22:55:23.262 29796 29796 I SurfaceView@73a440e: applyTransactionOnVriDraw: viewRoot.applyTransactionOnDrawFromReleaseSurfaces
10-04 22:55:23.262 29796 29796 I ViewRootImpl@fb2a030[MainActivity]: applyTransactionOnDraw: mRemoved = false isHardwareEnabled = true t = 0x7b09f45700android.view.ViewRootImpl.applyTransactionOnDrawFromReleaseSurfaces:12850 android.view.SurfaceView.applyTransactionOnVriDraw:2046 android.view.SurfaceView.releaseSurfaces:858 android.view.SurfaceView.onDetachedFromWindow:500 android.view.View.dispatchDetachedFromWindow:22538 
10-04 22:55:23.264 29796 29796 I SurfaceView@73a440e: onWindowVisibilityChanged(0) true android.view.SurfaceView{73a440e V.E...... ......I. 0,0-0,0} of ViewRootImpl@fb2a030[MainActivity]
10-04 22:55:23.264 29796 29796 D SurfaceView@73a440e: updateSurface: has no frame
10-04 22:55:23.270 29796 29796 I DecorView: notifyKeepScreenOnChanged: keepScreenOn=false
10-04 22:55:23.288 29796 29796 I CS3ExoPlayer: reloadPlayer
10-04 22:55:23.288 29796 29796 I CS3ExoPlayer: releasePlayer
10-04 22:55:23.288 29796 29796 I CS3ExoPlayer: Handle event: PlayerAttachedEvent(player=null, source=Player)
10-04 22:55:23.296 29796 29796 I ViewRootImpl@fb2a030[MainActivity]: performTraversals params={(0,0)(fillxfill) sim={state=always_hidden adjust=resize} ty=BASE_APPLICATION wanim=0x1030309
10-04 22:55:23.296 29796 29796 I ViewRootImpl@fb2a030[MainActivity]:   fl=85810100
10-04 22:55:23.296 29796 29796 I ViewRootImpl@fb2a030[MainActivity]:   pfl=12020040
10-04 22:55:23.296 29796 29796 I ViewRootImpl@fb2a030[MainActivity]:   vsysui=500
10-04 22:55:23.296 29796 29796 I ViewRootImpl@fb2a030[MainActivity]:   bhv=DEFAULT
10-04 22:55:23.296 29796 29796 I ViewRootImpl@fb2a030[MainActivity]:   fitSides= naviIconColor=0}
10-04 22:55:23.297 29796 29796 I ViewRootImpl@fb2a030[MainActivity]: performTraversals mFirst=false windowShouldResize=false viewVisibilityChanged=false mForceNextWindowRelayout=false params={(0,0)(fillxfill) sim={state=always_hidden adjust=resize} ty=BASE_APPLICATION fmt=TRANSLUCENT wanim=0x1030309
10-04 22:55:23.297 29796 29796 I ViewRootImpl@fb2a030[MainActivity]:   fl=85810100
10-04 22:55:23.297 29796 29796 I ViewRootImpl@fb2a030[MainActivity]:   pfl=12020040
10-04 22:55:23.297 29796 29796 I ViewRootImpl@fb2a030[MainActivity]:   vsysui=500
10-04 22:55:23.297 29796 29796 I ViewRootImpl@fb2a030[MainActivity]:   bhv=DEFAULT
10-04 22:55:23.297 29796 29796 I ViewRootImpl@fb2a030[MainActivity]:   fitSides= naviIconColor=0}
10-04 22:55:23.306 29796 29796 I ViewRootImpl@fb2a030[MainActivity]: updateBlastSurfaceIfNeeded mBlastBufferQueue=0x7b4988fb00 isSameSurfaceControl=true
10-04 22:55:23.306 29796 29796 I BLASTBufferQueue: update, w= 1080 h= 2400 mName = ViewRootImpl@fb2a030[MainActivity] mNativeObject= 0x7b4988fb00 sc.mNativeObject= 0x7b09f98c60 format= -3 caller= android.view.ViewRootImpl.updateBlastSurfaceIfNeeded:2898 android.view.ViewRootImpl.relayoutWindow:9847 android.view.ViewRootImpl.performTraversals:3884 android.view.ViewRootImpl.doTraversal:3116 android.view.ViewRootImpl$TraversalRunnable.run:10885 android.view.Choreographer$CallbackRecord.run:1301 
10-04 22:55:23.306 29796 29796 I ViewRootImpl@fb2a030[MainActivity]: Relayout returned: old=(0,0,1080,2400) new=(0,0,1080,2400) req=(1080,2400)0 dur=9 res=0x0 s={true 0x7b5c480800} ch=false seqId=0
10-04 22:55:23.308 29796 29796 W View    : requestLayout() improperly called by android.widget.FrameLayout{37fdf31 I.E...... ......I. 0,0-0,0 #7f0a04e7 app:id/start_panel} during layout: running second layout pass
10-04 22:55:23.309 29796 29796 W View    : requestLayout() improperly called by android.widget.FrameLayout{4592616 I.E...... ......ID 1080,0-1080,2143 #7f0a0168 app:id/end_panel} during layout: running second layout pass
10-04 22:55:23.311 29796 29796 D SurfaceView@73a440e: updateSurface: has no frame
10-04 22:55:23.317 29796 29922 I ViewRootImpl@fb2a030[MainActivity]: mWNT: t=0x7b09f45700 mBlastBufferQueue=0x7b4988fb00 fn= 297 caller= android.view.ViewRootImpl.lambda$applyTransactionOnDraw$11$android-view-ViewRootImpl:12865 android.view.ViewRootImpl$$ExternalSyntheticLambda1.onFrameDraw:4 android.graphics.HardwareRenderer$FrameDrawingCallback.onFrameDraw:924 
10-04 22:55:23.319 29796 29796 D SurfaceView@73a440e: updateSurface: has no frame
10-04 22:55:23.335 29796 29796 D SurfaceView@73a440e: updateSurface: has no frame
10-04 22:55:23.353 29796 29796 D SurfaceView@73a440e: updateSurface: has no frame
10-04 22:55:23.380 29796 29796 D SurfaceView@73a440e: updateSurface: has no frame
10-04 22:55:23.394 29796 29796 D SurfaceView@73a440e: updateSurface: has no frame
10-04 22:55:23.408 29796 29796 D SurfaceView@73a440e: updateSurface: has no frame
10-04 22:55:23.422 29796 29796 D SurfaceView@73a440e: updateSurface: has no frame
10-04 22:55:23.438 29796 29796 D SurfaceView@73a440e: updateSurface: has no frame
10-04 22:55:23.454 29796 29796 D SurfaceView@73a440e: updateSurface: has no frame
10-04 22:55:23.471 29796 29796 D SurfaceView@73a440e: updateSurface: has no frame
10-04 22:55:23.488 29796 29796 D SurfaceView@73a440e: updateSurface: has no frame
10-04 22:55:23.504 29796 29796 D SurfaceView@73a440e: updateSurface: has no frame
10-04 22:55:23.521 29796 29796 D SurfaceView@73a440e: updateSurface: has no frame
10-04 22:55:23.538 29796 29796 D SurfaceView@73a440e: updateSurface: has no frame
10-04 22:55:23.555 29796 29796 D SurfaceView@73a440e: updateSurface: has no frame
10-04 22:55:23.571 29796 29796 D SurfaceView@73a440e: updateSurface: has no frame
10-04 22:55:23.587 29796 29796 D SurfaceView@73a440e: updateSurface: has no frame
10-04 22:55:23.605 29796 29796 D SurfaceView@73a440e: updateSurface: has no frame
10-04 22:55:23.607 29796 29796 W PanelsChildGestureRegionObserver: failed to register view with ID 2131362800. already registered
10-04 22:55:23.612 29796 29796 E CoilImgLoader: Error loading image: coil3.request.NullRequestDataException: The request's data is null.
10-04 22:55:23.619 29796 29796 E CoilImgLoader: Error loading image: coil3.request.NullRequestDataException: The request's data is null.
10-04 22:55:23.664 29796 29859 I SYNCVM  : addFromUrl = https://wecima.now/watch/%d9%85%d8%b4%d8%a7%d9%87%d8%af%d8%a9-%d9%85%d8%b3%d9%84%d8%b3%d9%84-genie-make-a-wish-%d9%85%d9%88%d8%b3%d9%85-1-%d8%ad%d9%84%d9%82%d8%a9-2/
10-04 22:55:23.664 29796 29859 I SYNCUTIL: getIdsFromUrl https://wecima.now/watch/%d9%85%d8%b4%d8%a7%d9%87%d8%af%d8%a9-%d9%85%d8%b3%d9%84%d8%b3%d9%84-genie-make-a-wish-%d9%85%d9%88%d8%b3%d9%85-1-%d8%ad%d9%84%d9%82%d8%a9-2/
10-04 22:55:23.849 29796 29796 D SurfaceView@73a440e: updateSurface: has no frame
10-04 22:55:23.854 29796 29796 I SurfaceView@73a440e: Changes: creating=true format=true size=true visible=true alpha=false hint=false mUseAlpha=false visible=true left=true top=true
10-04 22:55:23.857 29796 29796 I BLASTBufferQueue: update, w= 1080 h= 525 mName = null mNativeObject= 0x7b5c3c9200 sc.mNativeObject= 0x7af6734ae0 format= 4 caller= android.view.SurfaceView.createBlastSurfaceControls:1383 android.view.SurfaceView.updateSurface:1079 android.view.SurfaceView.lambda$new$0$android-view-SurfaceView:200 android.view.SurfaceView$$ExternalSyntheticLambda5.onPreDraw:2 android.view.ViewTreeObserver.dispatchOnPreDraw:1121 android.view.ViewRootImpl.performTraversals:4442 
10-04 22:55:23.858 29796 29796 I SurfaceView@73a440e: 121259022 Cur surface: Surface(name=null)/@0xf7be1fd
10-04 22:55:23.858 29796 29796 I SurfaceView@73a440e: pST: sr = Rect(0, 218 - 1080, 743) sw = 1080 sh = 525
10-04 22:55:23.858 29796 29796 D SurfaceView@73a440e: performSurfaceTransaction RenderWorker position = [0, 218, 1080, 743] surfaceSize = 1080x525
10-04 22:55:23.858 29796 29796 I SurfaceView@73a440e: applyTransactionOnVriDraw: vri = ViewRootImpl@fb2a030[MainActivity] fRS = false t = 0x7b09ae3000 android.view.SurfaceView.performSurfaceTransaction:959 android.view.SurfaceView.updateSurface:1105 android.view.SurfaceView.lambda$new$0$android-view-SurfaceView:200 
10-04 22:55:23.858 29796 29796 I ViewRootImpl@fb2a030[MainActivity]: applyTransactionOnDraw: mRemoved = false isHardwareEnabled = true t = 0x7b09ae3000android.view.SurfaceView.applyTransactionOnVriDraw:2048 android.view.SurfaceView.performSurfaceTransaction:959 android.view.SurfaceView.updateSurface:1105 android.view.SurfaceView.lambda$new$0$android-view-SurfaceView:200 android.view.SurfaceView$$ExternalSyntheticLambda5.onPreDraw:2 
10-04 22:55:23.858 29796 29796 I SurfaceView@73a440e: updateSurface: mVisible = true mSurface.isValid() = true
10-04 22:55:23.858 29796 29796 I SurfaceView@73a440e: updateSurface: mSurfaceCreated = false surfaceChanged = true visibleChanged = true
10-04 22:55:23.858 29796 29796 I SurfaceView@73a440e: visibleChanged -- surfaceCreated
10-04 22:55:23.858 29796 29796 I SurfaceView@73a440e: surfaceCreated 0 #8 android.view.SurfaceView{73a440e V.E...... ......ID 0,0-1080,525}
10-04 22:55:23.858 29796 29796 I SurfaceView@73a440e: surfaceChanged -- format=4 w=1080 h=525
10-04 22:55:23.858 29796 29796 I SurfaceView@73a440e: surfaceChanged (1080,525) 0 #8 android.view.SurfaceView{73a440e V.E...... ......ID 0,0-1080,525}
10-04 22:55:23.858 29796 29796 I SurfaceView@73a440e: surfaceRedrawNeeded
10-04 22:55:23.859 29796 29796 V SurfaceView@73a440e: Layout: x=0 y=218 w=1080 h=525, frame=Rect(0, 0 - 1080, 525)
10-04 22:55:23.887 29796 29921 D SurfaceView@73a440e: updateSurfacePosition RenderWorker, frameNr = 315, position = [0, 218, 1080, 743] surfaceSize = 1080x525
10-04 22:55:23.887 29796 29921 I SurfaceView@73a440e: uSP: rtp = Rect(0, 218 - 1080, 743) rtsw = 1080 rtsh = 525
10-04 22:55:23.887 29796 29921 I SurfaceView@73a440e: onSSPAndSRT: pl = 0 pt = 218 sx = 1.0 sy = 1.0
10-04 22:55:23.888 29796 29921 I SurfaceView@73a440e: aOrMT: ViewRootImpl@fb2a030[MainActivity] t = android.view.SurfaceControl$Transaction@c19bbc0 fN = 315 android.view.SurfaceView.-$$Nest$mapplyOrMergeTransaction:0 android.view.SurfaceView$SurfaceViewPositionUpdateListener.positionChanged:1537 android.graphics.RenderNode$CompositePositionUpdateListener.positionChanged:373 
10-04 22:55:23.888 29796 29921 I ViewRootImpl@fb2a030[MainActivity]: mWNT: t=0x7b09ae3100 mBlastBufferQueue=0x7b4988fb00 fn= 315 caller= android.view.SurfaceView.applyOrMergeTransaction:1455 android.view.SurfaceView.-$$Nest$mapplyOrMergeTransaction:0 android.view.SurfaceView$SurfaceViewPositionUpdateListener.positionChanged:1537 
10-04 22:55:23.889 29796 29921 I ViewRootImpl@fb2a030[MainActivity]: mWNT: t=0x7b09ae3000 mBlastBufferQueue=0x7b4988fb00 fn= 315 caller= android.view.ViewRootImpl.lambda$applyTransactionOnDraw$11$android-view-ViewRootImpl:12865 android.view.ViewRootImpl$$ExternalSyntheticLambda1.onFrameDraw:4 android.graphics.HardwareRenderer$FrameDrawingCallback.onFrameDraw:924 
10-04 22:55:23.952 29796 29796 I SurfaceView@73a440e: finishedDrawing
10-04 22:55:24.095 29796 29814 I st.cloudstream3: Background concurrent copying GC freed 15MB AllocSpace bytes, 86(13MB) LOS objects, 50% free, 22MB/44MB, paused 447us,109us total 224.745ms
10-04 22:55:25.463 29796 29796 I ViewRootImpl@fb2a030[MainActivity]: ViewPostIme pointer 0
10-04 22:55:25.533 29796 29796 I SurfaceView@73a440e: Changes: creating=false format=false size=false visible=false alpha=false hint=false mUseAlpha=false visible=false left=false top=true
10-04 22:55:25.533 29796 29796 I SurfaceView@73a440e: 121259022 Cur surface: Surface(name=null)/@0xf7be1fd
10-04 22:55:25.534 29796 29796 I SurfaceView@73a440e: applyTransactionOnVriDraw: vri = ViewRootImpl@fb2a030[MainActivity] fRS = false t = 0x7b09ae3500 android.view.SurfaceView.performSurfaceTransaction:959 android.view.SurfaceView.updateSurface:1105 android.view.SurfaceView.lambda$new$0$android-view-SurfaceView:200 
10-04 22:55:25.535 29796 29796 I ViewRootImpl@fb2a030[MainActivity]: applyTransactionOnDraw: mRemoved = false isHardwareEnabled = true t = 0x7b09ae3500android.view.SurfaceView.applyTransactionOnVriDraw:2048 android.view.SurfaceView.performSurfaceTransaction:959 android.view.SurfaceView.updateSurface:1105 android.view.SurfaceView.lambda$new$0$android-view-SurfaceView:200 android.view.SurfaceView$$ExternalSyntheticLambda5.onPreDraw:2 
10-04 22:55:25.535 29796 29796 I SurfaceView@73a440e: updateSurface: mVisible = true mSurface.isValid() = true
10-04 22:55:25.535 29796 29796 I SurfaceView@73a440e: updateSurface: mSurfaceCreated = true surfaceChanged = false visibleChanged = false
10-04 22:55:25.535 29796 29796 V SurfaceView@73a440e: Layout: x=0 y=163 w=1080 h=525, frame=Rect(0, 0 - 1080, 525)
10-04 22:55:25.540 29796 29922 D SurfaceView@73a440e: updateSurfacePosition RenderWorker, frameNr = 319, position = [0, 163, 1080, 688] surfaceSize = 1080x525
10-04 22:55:25.540 29796 29922 I SurfaceView@73a440e: uSP: rtp = Rect(0, 163 - 1080, 688) rtsw = 1080 rtsh = 525
10-04 22:55:25.540 29796 29922 I SurfaceView@73a440e: onSSPAndSRT: pl = 0 pt = 163 sx = 1.0 sy = 1.0
10-04 22:55:25.541 29796 29922 I SurfaceView@73a440e: aOrMT: ViewRootImpl@fb2a030[MainActivity] t = android.view.SurfaceControl$Transaction@c19bbc0 fN = 319 android.view.SurfaceView.-$$Nest$mapplyOrMergeTransaction:0 android.view.SurfaceView$SurfaceViewPositionUpdateListener.positionChanged:1537 android.graphics.RenderNode$CompositePositionUpdateListener.positionChanged:373 
10-04 22:55:25.541 29796 29922 I ViewRootImpl@fb2a030[MainActivity]: mWNT: t=0x7b09ae3100 mBlastBufferQueue=0x7b4988fb00 fn= 319 caller= android.view.SurfaceView.applyOrMergeTransaction:1455 android.view.SurfaceView.-$$Nest$mapplyOrMergeTransaction:0 android.view.SurfaceView$SurfaceViewPositionUpdateListener.positionChanged:1537 
10-04 22:55:25.542 29796 29922 I ViewRootImpl@fb2a030[MainActivity]: mWNT: t=0x7b09ae3500 mBlastBufferQueue=0x7b4988fb00 fn= 319 caller= android.view.ViewRootImpl.lambda$applyTransactionOnDraw$11$android-view-ViewRootImpl:12865 android.view.ViewRootImpl$$ExternalSyntheticLambda1.onFrameDraw:4 android.graphics.HardwareRenderer$FrameDrawingCallback.onFrameDraw:924 
10-04 22:55:25.548 29796 29796 I SurfaceView@73a440e: Changes: creating=false format=false size=false visible=false alpha=false hint=false mUseAlpha=false visible=false left=false top=true
10-04 22:55:25.549 29796 29796 I SurfaceView@73a440e: 121259022 Cur surface: Surface(name=null)/@0xf7be1fd
10-04 22:55:25.549 29796 29796 I SurfaceView@73a440e: applyTransactionOnVriDraw: vri = ViewRootImpl@fb2a030[MainActivity] fRS = false t = 0x7bed749600 android.view.SurfaceView.performSurfaceTransaction:959 android.view.SurfaceView.updateSurface:1105 android.view.SurfaceView.lambda$new$0$android-view-SurfaceView:200 
10-04 22:55:25.550 29796 29796 I ViewRootImpl@fb2a030[MainActivity]: applyTransactionOnDraw: mRemoved = false isHardwareEnabled = true t = 0x7bed749600android.view.SurfaceView.applyTransactionOnVriDraw:2048 android.view.SurfaceView.performSurfaceTransaction:959 android.view.SurfaceView.updateSurface:1105 android.view.SurfaceView.lambda$new$0$android-view-SurfaceView:200 android.view.SurfaceView$$ExternalSyntheticLambda5.onPreDraw:2 
10-04 22:55:25.550 29796 29796 I SurfaceView@73a440e: updateSurface: mVisible = true mSurface.isValid() = true
10-04 22:55:25.550 29796 29796 I SurfaceView@73a440e: updateSurface: mSurfaceCreated = true surfaceChanged = false visibleChanged = false
10-04 22:55:25.550 29796 29796 V SurfaceView@73a440e: Layout: x=0 y=99 w=1080 h=525, frame=Rect(0, 0 - 1080, 525)
10-04 22:55:25.560 29796 29921 D SurfaceView@73a440e: updateSurfacePosition RenderWorker, frameNr = 320, position = [0, 99, 1080, 624] surfaceSize = 1080x525
10-04 22:55:25.560 29796 29921 I SurfaceView@73a440e: uSP: rtp = Rect(0, 99 - 1080, 624) rtsw = 1080 rtsh = 525
10-04 22:55:25.561 29796 29921 I SurfaceView@73a440e: onSSPAndSRT: pl = 0 pt = 99 sx = 1.0 sy = 1.0
10-04 22:55:25.561 29796 29921 I SurfaceView@73a440e: aOrMT: ViewRootImpl@fb2a030[MainActivity] t = android.view.SurfaceControl$Transaction@c19bbc0 fN = 320 android.view.SurfaceView.-$$Nest$mapplyOrMergeTransaction:0 android.view.SurfaceView$SurfaceViewPositionUpdateListener.positionChanged:1537 android.graphics.RenderNode$CompositePositionUpdateListener.positionChanged:373 
10-04 22:55:25.561 29796 29921 I ViewRootImpl@fb2a030[MainActivity]: mWNT: t=0x7b09ae3100 mBlastBufferQueue=0x7b4988fb00 fn= 320 caller= android.view.SurfaceView.applyOrMergeTransaction:1455 android.view.SurfaceView.-$$Nest$mapplyOrMergeTransaction:0 android.view.SurfaceView$SurfaceViewPositionUpdateListener.positionChanged:1537 
10-04 22:55:25.562 29796 29921 I ViewRootImpl@fb2a030[MainActivity]: mWNT: t=0x7bed749600 mBlastBufferQueue=0x7b4988fb00 fn= 320 caller= android.view.ViewRootImpl.lambda$applyTransactionOnDraw$11$android-view-ViewRootImpl:12865 android.view.ViewRootImpl$$ExternalSyntheticLambda1.onFrameDraw:4 android.graphics.HardwareRenderer$FrameDrawingCallback.onFrameDraw:924 
10-04 22:55:25.570 29796 29796 I SurfaceView@73a440e: Changes: creating=false format=false size=false visible=false alpha=false hint=false mUseAlpha=false visible=false left=false top=true
10-04 22:55:25.570 29796 29796 I SurfaceView@73a440e: 121259022 Cur surface: Surface(name=null)/@0xf7be1fd
10-04 22:55:25.571 29796 29796 I SurfaceView@73a440e: applyTransactionOnVriDraw: vri = ViewRootImpl@fb2a030[MainActivity] fRS = false t = 0x7bed897100 android.view.SurfaceView.performSurfaceTransaction:959 android.view.SurfaceView.updateSurface:1105 android.view.SurfaceView.lambda$new$0$android-view-SurfaceView:200 
10-04 22:55:25.571 29796 29796 I ViewRootImpl@fb2a030[MainActivity]: applyTransactionOnDraw: mRemoved = false isHardwareEnabled = true t = 0x7bed897100android.view.SurfaceView.applyTransactionOnVriDraw:2048 android.view.SurfaceView.performSurfaceTransaction:959 android.view.SurfaceView.updateSurface:1105 android.view.SurfaceView.lambda$new$0$android-view-SurfaceView:200 android.view.SurfaceView$$ExternalSyntheticLambda5.onPreDraw:2 
10-04 22:55:25.571 29796 29796 I SurfaceView@73a440e: updateSurface: mVisible = true mSurface.isValid() = true
10-04 22:55:25.571 29796 29796 I SurfaceView@73a440e: updateSurface: mSurfaceCreated = true surfaceChanged = false visibleChanged = false
10-04 22:55:25.571 29796 29796 V SurfaceView@73a440e: Layout: x=0 y=34 w=1080 h=525, frame=Rect(0, 0 - 1080, 525)
10-04 22:55:25.584 29796 29922 D SurfaceView@73a440e: updateSurfacePosition RenderWorker, frameNr = 321, position = [0, 34, 1080, 559] surfaceSize = 1080x525
10-04 22:55:25.584 29796 29922 I SurfaceView@73a440e: uSP: rtp = Rect(0, 34 - 1080, 559) rtsw = 1080 rtsh = 525
10-04 22:55:25.585 29796 29922 I SurfaceView@73a440e: onSSPAndSRT: pl = 0 pt = 34 sx = 1.0 sy = 1.0
10-04 22:55:25.585 29796 29922 I SurfaceView@73a440e: aOrMT: ViewRootImpl@fb2a030[MainActivity] t = android.view.SurfaceControl$Transaction@c19bbc0 fN = 321 android.view.SurfaceView.-$$Nest$mapplyOrMergeTransaction:0 android.view.SurfaceView$SurfaceViewPositionUpdateListener.positionChanged:1537 android.graphics.RenderNode$CompositePositionUpdateListener.positionChanged:373 
10-04 22:55:25.585 29796 29922 I ViewRootImpl@fb2a030[MainActivity]: mWNT: t=0x7b09ae3100 mBlastBufferQueue=0x7b4988fb00 fn= 321 caller= android.view.SurfaceView.applyOrMergeTransaction:1455 android.view.SurfaceView.-$$Nest$mapplyOrMergeTransaction:0 android.view.SurfaceView$SurfaceViewPositionUpdateListener.positionChanged:1537 
10-04 22:55:25.586 29796 29922 I ViewRootImpl@fb2a030[MainActivity]: mWNT: t=0x7bed897100 mBlastBufferQueue=0x7b4988fb00 fn= 321 caller= android.view.ViewRootImpl.lambda$applyTransactionOnDraw$11$android-view-ViewRootImpl:12865 android.view.ViewRootImpl$$ExternalSyntheticLambda1.onFrameDraw:4 android.graphics.HardwareRenderer$FrameDrawingCallback.onFrameDraw:924 
10-04 22:55:25.592 29796 29796 I SurfaceView@73a440e: Changes: creating=false format=false size=false visible=false alpha=false hint=false mUseAlpha=false visible=false left=false top=true
10-04 22:55:25.592 29796 29796 I SurfaceView@73a440e: 121259022 Cur surface: Surface(name=null)/@0xf7be1fd
10-04 22:55:25.593 29796 29796 I SurfaceView@73a440e: applyTransactionOnVriDraw: vri = ViewRootImpl@fb2a030[MainActivity] fRS = false t = 0x7bed897600 android.view.SurfaceView.performSurfaceTransaction:959 android.view.SurfaceView.updateSurface:1105 android.view.SurfaceView.lambda$new$0$android-view-SurfaceView:200 
10-04 22:55:25.594 29796 29796 I ViewRootImpl@fb2a030[MainActivity]: applyTransactionOnDraw: mRemoved = false isHardwareEnabled = true t = 0x7bed897600android.view.SurfaceView.applyTransactionOnVriDraw:2048 android.view.SurfaceView.performSurfaceTransaction:959 android.view.SurfaceView.updateSurface:1105 android.view.SurfaceView.lambda$new$0$android-view-SurfaceView:200 android.view.SurfaceView$$ExternalSyntheticLambda5.onPreDraw:2 
10-04 22:55:25.594 29796 29796 I SurfaceView@73a440e: updateSurface: mVisible = true mSurface.isValid() = true
10-04 22:55:25.594 29796 29796 I SurfaceView@73a440e: updateSurface: mSurfaceCreated = true surfaceChanged = false visibleChanged = false
10-04 22:55:25.594 29796 29796 V SurfaceView@73a440e: Layout: x=0 y=-88 w=1080 h=525, frame=Rect(0, 0 - 1080, 525)
10-04 22:55:25.603 29796 29921 D SurfaceView@73a440e: updateSurfacePosition RenderWorker, frameNr = 322, position = [0, -88, 1080, 437] surfaceSize = 1080x525
10-04 22:55:25.603 29796 29921 I SurfaceView@73a440e: uSP: rtp = Rect(0, -88 - 1080, 437) rtsw = 1080 rtsh = 525
10-04 22:55:25.603 29796 29921 I SurfaceView@73a440e: onSSPAndSRT: pl = 0 pt = -88 sx = 1.0 sy = 1.0
10-04 22:55:25.603 29796 29921 I SurfaceView@73a440e: aOrMT: ViewRootImpl@fb2a030[MainActivity] t = android.view.SurfaceControl$Transaction@c19bbc0 fN = 322 android.view.SurfaceView.-$$Nest$mapplyOrMergeTransaction:0 android.view.SurfaceView$SurfaceViewPositionUpdateListener.positionChanged:1537 android.graphics.RenderNode$CompositePositionUpdateListener.positionChanged:373 
10-04 22:55:25.604 29796 29921 I ViewRootImpl@fb2a030[MainActivity]: mWNT: t=0x7b09ae3100 mBlastBufferQueue=0x7b4988fb00 fn= 322 caller= android.view.SurfaceView.applyOrMergeTransaction:1455 android.view.SurfaceView.-$$Nest$mapplyOrMergeTransaction:0 android.view.SurfaceView$SurfaceViewPositionUpdateListener.positionChanged:1537 
10-04 22:55:25.604 29796 29921 I ViewRootImpl@fb2a030[MainActivity]: mWNT: t=0x7bed897600 mBlastBufferQueue=0x7b4988fb00 fn= 322 caller= android.view.ViewRootImpl.lambda$applyTransactionOnDraw$11$android-view-ViewRootImpl:12865 android.view.ViewRootImpl$$ExternalSyntheticLambda1.onFrameDraw:4 android.graphics.HardwareRenderer$FrameDrawingCallback.onFrameDraw:924 
10-04 22:55:25.610 29796 29796 I SurfaceView@73a440e: Changes: creating=false format=false size=false visible=false alpha=false hint=false mUseAlpha=false visible=false left=false top=true
10-04 22:55:25.611 29796 29796 I SurfaceView@73a440e: 121259022 Cur surface: Surface(name=null)/@0xf7be1fd
10-04 22:55:25.611 29796 29796 I SurfaceView@73a440e: applyTransactionOnVriDraw: vri = ViewRootImpl@fb2a030[MainActivity] fRS = false t = 0x7bed8d1900 android.view.SurfaceView.performSurfaceTransaction:959 android.view.SurfaceView.updateSurface:1105 android.view.SurfaceView.lambda$new$0$android-view-SurfaceView:200 
10-04 22:55:25.611 29796 29796 I ViewRootImpl@fb2a030[MainActivity]: applyTransactionOnDraw: mRemoved = false isHardwareEnabled = true t = 0x7bed8d1900android.view.SurfaceView.applyTransactionOnVriDraw:2048 android.view.SurfaceView.performSurfaceTransaction:959 android.view.SurfaceView.updateSurface:1105 android.view.SurfaceView.lambda$new$0$android-view-SurfaceView:200 android.view.SurfaceView$$ExternalSyntheticLambda5.onPreDraw:2 
10-04 22:55:25.612 29796 29796 I SurfaceView@73a440e: updateSurface: mVisible = true mSurface.isValid() = true
10-04 22:55:25.612 29796 29796 I SurfaceView@73a440e: updateSurface: mSurfaceCreated = true surfaceChanged = false visibleChanged = false
10-04 22:55:25.612 29796 29796 V SurfaceView@73a440e: Layout: x=0 y=-141 w=1080 h=525, frame=Rect(0, 0 - 1080, 525)
10-04 22:55:25.617 29796 29922 D SurfaceView@73a440e: updateSurfacePosition RenderWorker, frameNr = 323, position = [0, -141, 1080, 384] surfaceSize = 1080x525
10-04 22:55:25.617 29796 29922 I SurfaceView@73a440e: uSP: rtp = Rect(0, -141 - 1080, 384) rtsw = 1080 rtsh = 525
10-04 22:55:25.617 29796 29922 I SurfaceView@73a440e: onSSPAndSRT: pl = 0 pt = -141 sx = 1.0 sy = 1.0
10-04 22:55:25.618 29796 29922 I SurfaceView@73a440e: aOrMT: ViewRootImpl@fb2a030[MainActivity] t = android.view.SurfaceControl$Transaction@c19bbc0 fN = 323 android.view.SurfaceView.-$$Nest$mapplyOrMergeTransaction:0 android.view.SurfaceView$SurfaceViewPositionUpdateListener.positionChanged:1537 android.graphics.RenderNode$CompositePositionUpdateListener.positionChanged:373 
10-04 22:55:25.618 29796 29922 I ViewRootImpl@fb2a030[MainActivity]: mWNT: t=0x7b09ae3100 mBlastBufferQueue=0x7b4988fb00 fn= 323 caller= android.view.SurfaceView.applyOrMergeTransaction:1455 android.view.SurfaceView.-$$Nest$mapplyOrMergeTransaction:0 android.view.SurfaceView$SurfaceViewPositionUpdateListener.positionChanged:1537 
10-04 22:55:25.619 29796 29922 I ViewRootImpl@fb2a030[MainActivity]: mWNT: t=0x7bed8d1900 mBlastBufferQueue=0x7b4988fb00 fn= 323 caller= android.view.ViewRootImpl.lambda$applyTransactionOnDraw$11$android-view-ViewRootImpl:12865 android.view.ViewRootImpl$$ExternalSyntheticLambda1.onFrameDraw:4 android.graphics.HardwareRenderer$FrameDrawingCallback.onFrameDraw:924 
10-04 22:55:25.626 29796 29796 I SurfaceView@73a440e: Changes: creating=false format=false size=false visible=false alpha=false hint=false mUseAlpha=false visible=false left=false top=true
10-04 22:55:25.626 29796 29796 I SurfaceView@73a440e: 121259022 Cur surface: Surface(name=null)/@0xf7be1fd
10-04 22:55:25.627 29796 29796 I SurfaceView@73a440e: applyTransactionOnVriDraw: vri = ViewRootImpl@fb2a030[MainActivity] fRS = false t = 0x7bed8d1c00 android.view.SurfaceView.performSurfaceTransaction:959 android.view.SurfaceView.updateSurface:1105 android.view.SurfaceView.lambda$new$0$android-view-SurfaceView:200 
10-04 22:55:25.627 29796 29796 I ViewRootImpl@fb2a030[MainActivity]: applyTransactionOnDraw: mRemoved = false isHardwareEnabled = true t = 0x7bed8d1c00android.view.SurfaceView.applyTransactionOnVriDraw:2048 android.view.SurfaceView.performSurfaceTransaction:959 android.view.SurfaceView.updateSurface:1105 android.view.SurfaceView.lambda$new$0$android-view-SurfaceView:200 android.view.SurfaceView$$ExternalSyntheticLambda5.onPreDraw:2 
10-04 22:55:25.627 29796 29796 I SurfaceView@73a440e: updateSurface: mVisible = true mSurface.isValid() = true
10-04 22:55:25.627 29796 29796 I SurfaceView@73a440e: updateSurface: mSurfaceCreated = true surfaceChanged = false visibleChanged = false
10-04 22:55:25.627 29796 29796 V SurfaceView@73a440e: Layout: x=0 y=-187 w=1080 h=525, frame=Rect(0, 0 - 1080, 525)
10-04 22:55:25.633 29796 29921 D SurfaceView@73a440e: updateSurfacePosition RenderWorker, frameNr = 324, position = [0, -187, 1080, 338] surfaceSize = 1080x525
10-04 22:55:25.633 29796 29921 I SurfaceView@73a440e: uSP: rtp = Rect(0, -187 - 1080, 338) rtsw = 1080 rtsh = 525
10-04 22:55:25.633 29796 29921 I SurfaceView@73a440e: onSSPAndSRT: pl = 0 pt = -187 sx = 1.0 sy = 1.0
10-04 22:55:25.633 29796 29921 I SurfaceView@73a440e: aOrMT: ViewRootImpl@fb2a030[MainActivity] t = android.view.SurfaceControl$Transaction@c19bbc0 fN = 324 android.view.SurfaceView.-$$Nest$mapplyOrMergeTransaction:0 android.view.SurfaceView$SurfaceViewPositionUpdateListener.positionChanged:1537 android.graphics.RenderNode$CompositePositionUpdateListener.positionChanged:373 
10-04 22:55:25.634 29796 29921 I ViewRootImpl@fb2a030[MainActivity]: mWNT: t=0x7b09ae3100 mBlastBufferQueue=0x7b4988fb00 fn= 324 caller= android.view.SurfaceView.applyOrMergeTransaction:1455 android.view.SurfaceView.-$$Nest$mapplyOrMergeTransaction:0 android.view.SurfaceView$SurfaceViewPositionUpdateListener.positionChanged:1537 
10-04 22:55:25.634 29796 29921 I ViewRootImpl@fb2a030[MainActivity]: mWNT: t=0x7bed8d1c00 mBlastBufferQueue=0x7b4988fb00 fn= 324 caller= android.view.ViewRootImpl.lambda$applyTransactionOnDraw$11$android-view-ViewRootImpl:12865 android.view.ViewRootImpl$$ExternalSyntheticLambda1.onFrameDraw:4 android.graphics.HardwareRenderer$FrameDrawingCallback.onFrameDraw:924 
10-04 22:55:25.642 29796 29796 I SurfaceView@73a440e: Changes: creating=false format=false size=false visible=false alpha=false hint=false mUseAlpha=false visible=false left=false top=true
10-04 22:55:25.642 29796 29796 I SurfaceView@73a440e: 121259022 Cur surface: Surface(name=null)/@0xf7be1fd
10-04 22:55:25.643 29796 29796 I SurfaceView@73a440e: applyTransactionOnVriDraw: vri = ViewRootImpl@fb2a030[MainActivity] fRS = false t = 0x7bed8d1e00 android.view.SurfaceView.performSurfaceTransaction:959 android.view.SurfaceView.updateSurface:1105 android.view.SurfaceView.lambda$new$0$android-view-SurfaceView:200 
10-04 22:55:25.643 29796 29796 I ViewRootImpl@fb2a030[MainActivity]: applyTransactionOnDraw: mRemoved = false isHardwareEnabled = true t = 0x7bed8d1e00android.view.SurfaceView.applyTransactionOnVriDraw:2048 android.view.SurfaceView.performSurfaceTransaction:959 android.view.SurfaceView.updateSurface:1105 android.view.SurfaceView.lambda$new$0$android-view-SurfaceView:200 android.view.SurfaceView$$ExternalSyntheticLambda5.onPreDraw:2 
10-04 22:55:25.643 29796 29796 I SurfaceView@73a440e: updateSurface: mVisible = true mSurface.isValid() = true
10-04 22:55:25.643 29796 29796 I SurfaceView@73a440e: updateSurface: mSurfaceCreated = true surfaceChanged = false visibleChanged = false
10-04 22:55:25.643 29796 29796 V SurfaceView@73a440e: Layout: x=0 y=-214 w=1080 h=525, frame=Rect(0, 0 - 1080, 525)
10-04 22:55:25.648 29796 29922 D SurfaceView@73a440e: updateSurfacePosition RenderWorker, frameNr = 325, position = [0, -214, 1080, 311] surfaceSize = 1080x525
10-04 22:55:25.648 29796 29922 I SurfaceView@73a440e: uSP: rtp = Rect(0, -214 - 1080, 311) rtsw = 1080 rtsh = 525
10-04 22:55:25.648 29796 29922 I SurfaceView@73a440e: onSSPAndSRT: pl = 0 pt = -214 sx = 1.0 sy = 1.0
10-04 22:55:25.649 29796 29922 I SurfaceView@73a440e: aOrMT: ViewRootImpl@fb2a030[MainActivity] t = android.view.SurfaceControl$Transaction@c19bbc0 fN = 325 android.view.SurfaceView.-$$Nest$mapplyOrMergeTransaction:0 android.view.SurfaceView$SurfaceViewPositionUpdateListener.positionChanged:1537 android.graphics.RenderNode$CompositePositionUpdateListener.positionChanged:373 
10-04 22:55:25.649 29796 29922 I ViewRootImpl@fb2a030[MainActivity]: mWNT: t=0x7b09ae3100 mBlastBufferQueue=0x7b4988fb00 fn= 325 caller= android.view.SurfaceView.applyOrMergeTransaction:1455 android.view.SurfaceView.-$$Nest$mapplyOrMergeTransaction:0 android.view.SurfaceView$SurfaceViewPositionUpdateListener.positionChanged:1537 
10-04 22:55:25.649 29796 29922 I ViewRootImpl@fb2a030[MainActivity]: mWNT: t=0x7bed8d1e00 mBlastBufferQueue=0x7b4988fb00 fn= 325 caller= android.view.ViewRootImpl.lambda$applyTransactionOnDraw$11$android-view-ViewRootImpl:12865 android.view.ViewRootImpl$$ExternalSyntheticLambda1.onFrameDraw:4 android.graphics.HardwareRenderer$FrameDrawingCallback.onFrameDraw:924 
10-04 22:55:25.659 29796 29796 I SurfaceView@73a440e: Changes: creating=false format=false size=false visible=false alpha=false hint=false mUseAlpha=false visible=false left=false top=true
10-04 22:55:25.659 29796 29796 I SurfaceView@73a440e: 121259022 Cur surface: Surface(name=null)/@0xf7be1fd
10-04 22:55:25.659 29796 29796 I SurfaceView@73a440e: applyTransactionOnVriDraw: vri = ViewRootImpl@fb2a030[MainActivity] fRS = false t = 0x7bdd442100 android.view.SurfaceView.performSurfaceTransaction:959 android.view.SurfaceView.updateSurface:1105 android.view.SurfaceView.lambda$new$0$android-view-SurfaceView:200 
10-04 22:55:25.660 29796 29796 I ViewRootImpl@fb2a030[MainActivity]: applyTransactionOnDraw: mRemoved = false isHardwareEnabled = true t = 0x7bdd442100android.view.SurfaceView.applyTransactionOnVriDraw:2048 android.view.SurfaceView.performSurfaceTransaction:959 android.view.SurfaceView.updateSurface:1105 android.view.SurfaceView.lambda$new$0$android-view-SurfaceView:200 android.view.SurfaceView$$ExternalSyntheticLambda5.onPreDraw:2 
10-04 22:55:25.660 29796 29796 I SurfaceView@73a440e: updateSurface: mVisible = true mSurface.isValid() = true
10-04 22:55:25.660 29796 29796 I SurfaceView@73a440e: updateSurface: mSurfaceCreated = true surfaceChanged = false visibleChanged = false
10-04 22:55:25.660 29796 29796 V SurfaceView@73a440e: Layout: x=0 y=-229 w=1080 h=525, frame=Rect(0, 0 - 1080, 525)
10-04 22:55:25.664 29796 29921 D SurfaceView@73a440e: updateSurfacePosition RenderWorker, frameNr = 326, position = [0, -229, 1080, 296] surfaceSize = 1080x525
10-04 22:55:25.664 29796 29921 I SurfaceView@73a440e: uSP: rtp = Rect(0, -229 - 1080, 296) rtsw = 1080 rtsh = 525
10-04 22:55:25.665 29796 29921 I SurfaceView@73a440e: onSSPAndSRT: pl = 0 pt = -229 sx = 1.0 sy = 1.0
10-04 22:55:25.665 29796 29921 I SurfaceView@73a440e: aOrMT: ViewRootImpl@fb2a030[MainActivity] t = android.view.SurfaceControl$Transaction@c19bbc0 fN = 326 android.view.SurfaceView.-$$Nest$mapplyOrMergeTransaction:0 android.view.SurfaceView$SurfaceViewPositionUpdateListener.positionChanged:1537 android.graphics.RenderNode$CompositePositionUpdateListener.positionChanged:373 
10-04 22:55:25.665 29796 29921 I ViewRootImpl@fb2a030[MainActivity]: mWNT: t=0x7b09ae3100 mBlastBufferQueue=0x7b4988fb00 fn= 326 caller= android.view.SurfaceView.applyOrMergeTransaction:1455 android.view.SurfaceView.-$$Nest$mapplyOrMergeTransaction:0 android.view.SurfaceView$SurfaceViewPositionUpdateListener.positionChanged:1537 
10-04 22:55:25.666 29796 29921 I ViewRootImpl@fb2a030[MainActivity]: mWNT: t=0x7bdd442100 mBlastBufferQueue=0x7b4988fb00 fn= 326 caller= android.view.ViewRootImpl.lambda$applyTransactionOnDraw$11$android-view-ViewRootImpl:12865 android.view.ViewRootImpl$$ExternalSyntheticLambda1.onFrameDraw:4 android.graphics.HardwareRenderer$FrameDrawingCallback.onFrameDraw:924 
10-04 22:55:25.676 29796 29796 I SurfaceView@73a440e: Changes: creating=false format=false size=false visible=false alpha=false hint=false mUseAlpha=false visible=false left=false top=true
10-04 22:55:25.676 29796 29796 I SurfaceView@73a440e: 121259022 Cur surface: Surface(name=null)/@0xf7be1fd
10-04 22:55:25.677 29796 29796 I SurfaceView@73a440e: applyTransactionOnVriDraw: vri = ViewRootImpl@fb2a030[MainActivity] fRS = false t = 0x7bdd442300 android.view.SurfaceView.performSurfaceTransaction:959 android.view.SurfaceView.updateSurface:1105 android.view.SurfaceView.lambda$new$0$android-view-SurfaceView:200 
10-04 22:55:25.677 29796 29796 I ViewRootImpl@fb2a030[MainActivity]: applyTransactionOnDraw: mRemoved = false isHardwareEnabled = true t = 0x7bdd442300android.view.SurfaceView.applyTransactionOnVriDraw:2048 android.view.SurfaceView.performSurfaceTransaction:959 android.view.SurfaceView.updateSurface:1105 android.view.SurfaceView.lambda$new$0$android-view-SurfaceView:200 android.view.SurfaceView$$ExternalSyntheticLambda5.onPreDraw:2 
10-04 22:55:25.677 29796 29796 I SurfaceView@73a440e: updateSurface: mVisible = true mSurface.isValid() = true
10-04 22:55:25.677 29796 29796 I SurfaceView@73a440e: updateSurface: mSurfaceCreated = true surfaceChanged = false visibleChanged = false
10-04 22:55:25.677 29796 29796 V SurfaceView@73a440e: Layout: x=0 y=-242 w=1080 h=525, frame=Rect(0, 0 - 1080, 525)
10-04 22:55:25.682 29796 29922 D SurfaceView@73a440e: updateSurfacePosition RenderWorker, frameNr = 327, position = [0, -242, 1080, 283] surfaceSize = 1080x525
10-04 22:55:25.682 29796 29922 I SurfaceView@73a440e: uSP: rtp = Rect(0, -242 - 1080, 283) rtsw = 1080 rtsh = 525
10-04 22:55:25.682 29796 29922 I SurfaceView@73a440e: onSSPAndSRT: pl = 0 pt = -242 sx = 1.0 sy = 1.0
10-04 22:55:25.683 29796 29922 I SurfaceView@73a440e: aOrMT: ViewRootImpl@fb2a030[MainActivity] t = android.view.SurfaceControl$Transaction@c19bbc0 fN = 327 android.view.SurfaceView.-$$Nest$mapplyOrMergeTransaction:0 android.view.SurfaceView$SurfaceViewPositionUpdateListener.positionChanged:1537 android.graphics.RenderNode$CompositePositionUpdateListener.positionChanged:373 
10-04 22:55:25.683 29796 29922 I ViewRootImpl@fb2a030[MainActivity]: mWNT: t=0x7b09ae3100 mBlastBufferQueue=0x7b4988fb00 fn= 327 caller= android.view.SurfaceView.applyOrMergeTransaction:1455 android.view.SurfaceView.-$$Nest$mapplyOrMergeTransaction:0 android.view.SurfaceView$SurfaceViewPositionUpdateListener.positionChanged:1537 
10-04 22:55:25.684 29796 29922 I ViewRootImpl@fb2a030[MainActivity]: mWNT: t=0x7bdd442300 mBlastBufferQueue=0x7b4988fb00 fn= 327 caller= android.view.ViewRootImpl.lambda$applyTransactionOnDraw$11$android-view-ViewRootImpl:12865 android.view.ViewRootImpl$$ExternalSyntheticLambda1.onFrameDraw:4 android.graphics.HardwareRenderer$FrameDrawingCallback.onFrameDraw:924 
10-04 22:55:25.693 29796 29796 I SurfaceView@73a440e: Changes: creating=false format=false size=false visible=false alpha=false hint=false mUseAlpha=false visible=false left=false top=true
10-04 22:55:25.693 29796 29796 I SurfaceView@73a440e: 121259022 Cur surface: Surface(name=null)/@0xf7be1fd
10-04 22:55:25.693 29796 29796 I SurfaceView@73a440e: applyTransactionOnVriDraw: vri = ViewRootImpl@fb2a030[MainActivity] fRS = false t = 0x7bdd442400 android.view.SurfaceView.performSurfaceTransaction:959 android.view.SurfaceView.updateSurface:1105 android.view.SurfaceView.lambda$new$0$android-view-SurfaceView:200 
10-04 22:55:25.694 29796 29796 I ViewRootImpl@fb2a030[MainActivity]: applyTransactionOnDraw: mRemoved = false isHardwareEnabled = true t = 0x7bdd442400android.view.SurfaceView.applyTransactionOnVriDraw:2048 android.view.SurfaceView.performSurfaceTransaction:959 android.view.SurfaceView.updateSurface:1105 android.view.SurfaceView.lambda$new$0$android-view-SurfaceView:200 android.view.SurfaceView$$ExternalSyntheticLambda5.onPreDraw:2 
10-04 22:55:25.694 29796 29796 I SurfaceView@73a440e: updateSurface: mVisible = true mSurface.isValid() = true
10-04 22:55:25.694 29796 29796 I SurfaceView@73a440e: updateSurface: mSurfaceCreated = true surfaceChanged = false visibleChanged = false
10-04 22:55:25.694 29796 29796 V SurfaceView@73a440e: Layout: x=0 y=-249 w=1080 h=525, frame=Rect(0, 0 - 1080, 525)
10-04 22:55:25.697 29796 29921 D SurfaceView@73a440e: updateSurfacePosition RenderWorker, frameNr = 328, position = [0, -249, 1080, 276] surfaceSize = 1080x525
10-04 22:55:25.697 29796 29921 I SurfaceView@73a440e: uSP: rtp = Rect(0, -249 - 1080, 276) rtsw = 1080 rtsh = 525
10-04 22:55:25.697 29796 29921 I SurfaceView@73a440e: onSSPAndSRT: pl = 0 pt = -249 sx = 1.0 sy = 1.0
10-04 22:55:25.698 29796 29921 I SurfaceView@73a440e: aOrMT: ViewRootImpl@fb2a030[MainActivity] t = android.view.SurfaceControl$Transaction@c19bbc0 fN = 328 android.view.SurfaceView.-$$Nest$mapplyOrMergeTransaction:0 android.view.SurfaceView$SurfaceViewPositionUpdateListener.positionChanged:1537 android.graphics.RenderNode$CompositePositionUpdateListener.positionChanged:373 
10-04 22:55:25.698 29796 29921 I ViewRootImpl@fb2a030[MainActivity]: mWNT: t=0x7b09ae3100 mBlastBufferQueue=0x7b4988fb00 fn= 328 caller= android.view.SurfaceView.applyOrMergeTransaction:1455 android.view.SurfaceView.-$$Nest$mapplyOrMergeTransaction:0 android.view.SurfaceView$SurfaceViewPositionUpdateListener.positionChanged:1537 
10-04 22:55:25.698 29796 29921 I ViewRootImpl@fb2a030[MainActivity]: mWNT: t=0x7bdd442400 mBlastBufferQueue=0x7b4988fb00 fn= 328 caller= android.view.ViewRootImpl.lambda$applyTransactionOnDraw$11$android-view-ViewRootImpl:12865 android.view.ViewRootImpl$$ExternalSyntheticLambda1.onFrameDraw:4 android.graphics.HardwareRenderer$FrameDrawingCallback.onFrameDraw:924 
10-04 22:55:25.707 29796 29796 I SurfaceView@73a440e: Changes: creating=false format=false size=false visible=false alpha=false hint=false mUseAlpha=false visible=false left=false top=true
10-04 22:55:25.707 29796 29796 I SurfaceView@73a440e: 121259022 Cur surface: Surface(name=null)/@0xf7be1fd
10-04 22:55:25.707 29796 29796 I SurfaceView@73a440e: applyTransactionOnVriDraw: vri = ViewRootImpl@fb2a030[MainActivity] fRS = false t = 0x7bdd442500 android.view.SurfaceView.performSurfaceTransaction:959 android.view.SurfaceView.updateSurface:1105 android.view.SurfaceView.lambda$new$0$android-view-SurfaceView:200 
10-04 22:55:25.708 29796 29796 I ViewRootImpl@fb2a030[MainActivity]: applyTransactionOnDraw: mRemoved = false isHardwareEnabled = true t = 0x7bdd442500android.view.SurfaceView.applyTransactionOnVriDraw:2048 android.view.SurfaceView.performSurfaceTransaction:959 android.view.SurfaceView.updateSurface:1105 android.view.SurfaceView.lambda$new$0$android-view-SurfaceView:200 android.view.SurfaceView$$ExternalSyntheticLambda5.onPreDraw:2 
10-04 22:55:25.708 29796 29796 I SurfaceView@73a440e: updateSurface: mVisible = true mSurface.isValid() = true
10-04 22:55:25.708 29796 29796 I SurfaceView@73a440e: updateSurface: mSurfaceCreated = true surfaceChanged = false visibleChanged = false
10-04 22:55:25.708 29796 29796 V SurfaceView@73a440e: Layout: x=0 y=-256 w=1080 h=525, frame=Rect(0, 0 - 1080, 525)
10-04 22:55:25.711 29796 29922 D SurfaceView@73a440e: updateSurfacePosition RenderWorker, frameNr = 329, position = [0, -256, 1080, 269] surfaceSize = 1080x525
10-04 22:55:25.711 29796 29922 I SurfaceView@73a440e: uSP: rtp = Rect(0, -256 - 1080, 269) rtsw = 1080 rtsh = 525
10-04 22:55:25.711 29796 29922 I SurfaceView@73a440e: onSSPAndSRT: pl = 0 pt = -256 sx = 1.0 sy = 1.0
10-04 22:55:25.712 29796 29922 I SurfaceView@73a440e: aOrMT: ViewRootImpl@fb2a030[MainActivity] t = android.view.SurfaceControl$Transaction@c19bbc0 fN = 329 android.view.SurfaceView.-$$Nest$mapplyOrMergeTransaction:0 android.view.SurfaceView$SurfaceViewPositionUpdateListener.positionChanged:1537 android.graphics.RenderNode$CompositePositionUpdateListener.positionChanged:373 
10-04 22:55:25.712 29796 29922 I ViewRootImpl@fb2a030[MainActivity]: mWNT: t=0x7b09ae3100 mBlastBufferQueue=0x7b4988fb00 fn= 329 caller= android.view.SurfaceView.applyOrMergeTransaction:1455 android.view.SurfaceView.-$$Nest$mapplyOrMergeTransaction:0 android.view.SurfaceView$SurfaceViewPositionUpdateListener.positionChanged:1537 
10-04 22:55:25.712 29796 29922 I ViewRootImpl@fb2a030[MainActivity]: mWNT: t=0x7bdd442500 mBlastBufferQueue=0x7b4988fb00 fn= 329 caller= android.view.ViewRootImpl.lambda$applyTransactionOnDraw$11$android-view-ViewRootImpl:12865 android.view.ViewRootImpl$$ExternalSyntheticLambda1.onFrameDraw:4 android.graphics.HardwareRenderer$FrameDrawingCallback.onFrameDraw:924 
10-04 22:55:25.725 29796 29796 I SurfaceView@73a440e: Changes: creating=false format=false size=false visible=false alpha=false hint=false mUseAlpha=false visible=false left=false top=true
10-04 22:55:25.725 29796 29796 I SurfaceView@73a440e: 121259022 Cur surface: Surface(name=null)/@0xf7be1fd
10-04 22:55:25.725 29796 29796 I SurfaceView@73a440e: applyTransactionOnVriDraw: vri = ViewRootImpl@fb2a030[MainActivity] fRS = false t = 0x7bdd442600 android.view.SurfaceView.performSurfaceTransaction:959 android.view.SurfaceView.updateSurface:1105 android.view.SurfaceView.lambda$new$0$android-view-SurfaceView:200 
10-04 22:55:25.726 29796 29796 I ViewRootImpl@fb2a030[MainActivity]: applyTransactionOnDraw: mRemoved = false isHardwareEnabled = true t = 0x7bdd442600android.view.SurfaceView.applyTransactionOnVriDraw:2048 android.view.SurfaceView.performSurfaceTransaction:959 android.view.SurfaceView.updateSurface:1105 android.view.SurfaceView.lambda$new$0$android-view-SurfaceView:200 android.view.SurfaceView$$ExternalSyntheticLambda5.onPreDraw:2 
10-04 22:55:25.726 29796 29796 I SurfaceView@73a440e: updateSurface: mVisible = true mSurface.isValid() = true
