10-04 19:53:08.719 30152 30152 D InsetsController: onStateChanged: InsetsState: {mDisplayFrame=Rect(0, 0 - 1080, 2400), mDisplayCutout=DisplayCutout{insets=Rect(0, 88 - 0, 0) waterfall=Insets{left=0, top=0, right=0, bottom=0} boundingRect={Bounds=[Rect(0, 0 - 0, 0), Rect(512, 0 - 568, 88), Rect(0, 0 - 0, 0), Rect(0, 0 - 0, 0)]} cutoutPathParserInfo={CutoutPathParserInfo{displayWidth=1080 displayHeight=2400 physicalDisplayWidth=1080 physicalDisplayHeight=2400 density={2.625} cutoutSpec={M 0,0 M 0,12.25101276465640 a 10.60613009248640,10.60613009248640 0 1,0 0,21.21226018497290 a 10.60613009248640,10.60613009248640 0 1,0 0,-21.21226018497290 Z @dp} rotation={0} scale={1.0} physicalPixelDisplaySizeRatio={1.0}}}}, mRoundedCorners=RoundedCorners{[RoundedCorner{position=TopLeft, radius=84, center=Point(84, 84)}, RoundedCorner{position=TopRight, radius=84, center=Point(996, 84)}, RoundedCorner{position=BottomRight, radius=84, center=Point(996, 2316)}, RoundedCorner{position=BottomLeft, radius=84, center=Point(84, 2316)}]}  mRoundedCornerFrame=Rect(0, 0 - 1080, 2400), mPrivacyIndicatorBounds=PrivacyIndicatorBounds {static bounds=Rect(964, 0 - 1080, 87) rotation=0}, mSources= { InsetsSource: {mType=ITYPE_STATUS_BAR, mFrame=[0,0][1080,88], mVisible=true, mInsetsRoundedCornerFrame=false}, InsetsSource: {mType=ITYPE_NAVIGATION_BAR, mFrame=[0,2361][1080,2400], mVisible=true, mInsetsRoundedCornerFrame=false}, InsetsSource: {mType=ITYPE_LEFT_GESTURES, mFrame=[0,0][130,2400], mVisible=true, mInsetsRoundedCornerFrame=false}, InsetsSource: {mType=ITYPE_RIGHT_GESTURES, mFrame=[950,0][1080,2400], mVisible=true, mInsetsRoundedCornerFrame=false}, InsetsSource: {mType=ITYPE_TOP_MANDATORY_GESTURES, mFrame=[0,0][1080,120], mVisible=true, mInsetsRoundedCornerFrame=false}, InsetsSource: {mType=ITYPE_BOTTOM_MANDATORY_GESTURES, mFrame=[0,2316][1080,2400], mVisible=true, mInsetsRoundedCornerFrame=false}, InsetsSource: {mType=ITYPE_LEFT_DISPLAY_CUTOUT, mFrame=[0,0][-100000,2400], mVisible=true, mInsetsRoundedCornerFrame=false}, InsetsSource: {mType=ITYPE_TOP_DISPLAY_CUTOUT, mFrame=[0,0][1080,88], mVisible=true, mInsetsRoundedCornerFrame=false}, InsetsSource: {mType=ITYPE_RIGHT_DISPLAY_CUTOUT, mFrame=[100000,0][1080,2400], mVisible=true, mInsetsRoundedCornerFrame=false}, InsetsSource: {mType=ITYPE_BOTTOM_DISPLAY_CUTOUT, mFrame=[0,100000][1080,2400], mVisible=true, mInsetsRoundedCornerFrame=false}, InsetsSource: {mType=ITYPE_TOP_TAPPABLE_ELEMENT, mFrame=[0,0][1080,88], mVisible=true, mInsetsRoundedCornerFrame=false}, InsetsSource: {mType=ITYPE_BOTTOM_TAPPABLE_ELEMENT, mFrame=[0,0][0,0], mVisible=true, mInsetsRoundedCornerFrame=false} } host=com.lagradost.cloudstream3/com.lagradost.cloudstream3.MainActivity from=android.view.ViewRootImpl$ViewRootHandler.handleMessageImpl:6740
10-04 19:53:08.750 30152 30152 I ViewRootImpl@3bedb8a[MainActivity]: MSG_WINDOW_FOCUS_CHANGED 1 0
10-04 19:53:08.750 30152 30152 I ViewRootImpl@3bedb8a[MainActivity]: mThreadedRenderer.initializeIfNeeded()#2 mSurface={isValid=true 0x7b40124000}
10-04 19:53:08.770 30152 30152 D InputMethodManager: startInputInner - Id : 0
10-04 19:53:08.770 30152 30152 I InputMethodManager: startInputInner - mService.startInputOrWindowGainedFocus
10-04 19:53:09.249 30152 30152 I ViewRootImpl@3bedb8a[MainActivity]: ViewPostIme pointer 0
10-04 19:53:09.322 30152 30152 I SurfaceView@6ca1ffe: Changes: creating=false format=false size=false visible=false alpha=false hint=false mUseAlpha=false visible=false left=false top=true
10-04 19:53:09.323 30152 30152 I SurfaceView@6ca1ffe: 113909758 Cur surface: Surface(name=null)/@0x8f9ea7a
10-04 19:53:09.323 30152 30152 I SurfaceView@6ca1ffe: applyTransactionOnVriDraw: vri = ViewRootImpl@3bedb8a[MainActivity] fRS = false t = 0x7afcf55300 android.view.SurfaceView.performSurfaceTransaction:959 android.view.SurfaceView.updateSurface:1105 android.view.SurfaceView.lambda$new$0$android-view-SurfaceView:200 
10-04 19:53:09.324 30152 30152 I ViewRootImpl@3bedb8a[MainActivity]: applyTransactionOnDraw: mRemoved = false isHardwareEnabled = true t = 0x7afcf55300android.view.SurfaceView.applyTransactionOnVriDraw:2048 android.view.SurfaceView.performSurfaceTransaction:959 android.view.SurfaceView.updateSurface:1105 android.view.SurfaceView.lambda$new$0$android-view-SurfaceView:200 android.view.SurfaceView$$ExternalSyntheticLambda5.onPreDraw:2 
10-04 19:53:09.324 30152 30152 I SurfaceView@6ca1ffe: updateSurface: mVisible = true mSurface.isValid() = true
10-04 19:53:09.324 30152 30152 I SurfaceView@6ca1ffe: updateSurface: mSurfaceCreated = true surfaceChanged = false visibleChanged = false
10-04 19:53:09.324 30152 30152 V SurfaceView@6ca1ffe: Layout: x=0 y=-1311 w=1080 h=525, frame=Rect(0, 0 - 1080, 525)
10-04 19:53:09.327 30152 30255 D SurfaceView@6ca1ffe: updateSurfacePosition RenderWorker, frameNr = 817, position = [0, -1311, 1080, -786] surfaceSize = 1080x525
10-04 19:53:09.327 30152 30255 I SurfaceView@6ca1ffe: uSP: rtp = Rect(0, -1311 - 1080, -786) rtsw = 1080 rtsh = 525
10-04 19:53:09.327 30152 30255 I SurfaceView@6ca1ffe: onSSPAndSRT: pl = 0 pt = -1311 sx = 1.0 sy = 1.0
10-04 19:53:09.328 30152 30255 I SurfaceView@6ca1ffe: aOrMT: ViewRootImpl@3bedb8a[MainActivity] t = android.view.SurfaceControl$Transaction@57a8821 fN = 817 android.view.SurfaceView.-$$Nest$mapplyOrMergeTransaction:0 android.view.SurfaceView$SurfaceViewPositionUpdateListener.positionChanged:1537 android.graphics.RenderNode$CompositePositionUpdateListener.positionChanged:373 
10-04 19:53:09.329 30152 30255 I ViewRootImpl@3bedb8a[MainActivity]: mWNT: t=0x7afd80ae00 mBlastBufferQueue=0x7b79f5d500 fn= 817 caller= android.view.SurfaceView.applyOrMergeTransaction:1455 android.view.SurfaceView.-$$Nest$mapplyOrMergeTransaction:0 android.view.SurfaceView$SurfaceViewPositionUpdateListener.positionChanged:1537 
10-04 19:53:09.330 30152 30255 I ViewRootImpl@3bedb8a[MainActivity]: mWNT: t=0x7afcf55300 mBlastBufferQueue=0x7b79f5d500 fn= 817 caller= android.view.ViewRootImpl.lambda$applyTransactionOnDraw$11$android-view-ViewRootImpl:12865 android.view.ViewRootImpl$$ExternalSyntheticLambda1.onFrameDraw:4 android.graphics.HardwareRenderer$FrameDrawingCallback.onFrameDraw:924 
10-04 19:53:09.337 30152 30152 I SurfaceView@6ca1ffe: Changes: creating=false format=false size=false visible=false alpha=false hint=false mUseAlpha=false visible=false left=false top=true
10-04 19:53:09.337 30152 30152 I SurfaceView@6ca1ffe: 113909758 Cur surface: Surface(name=null)/@0x8f9ea7a
10-04 19:53:09.338 30152 30152 I SurfaceView@6ca1ffe: applyTransactionOnVriDraw: vri = ViewRootImpl@3bedb8a[MainActivity] fRS = false t = 0x7b097c8400 android.view.SurfaceView.performSurfaceTransaction:959 android.view.SurfaceView.updateSurface:1105 android.view.SurfaceView.lambda$new$0$android-view-SurfaceView:200 
10-04 19:53:09.339 30152 30152 I ViewRootImpl@3bedb8a[MainActivity]: applyTransactionOnDraw: mRemoved = false isHardwareEnabled = true t = 0x7b097c8400android.view.SurfaceView.applyTransactionOnVriDraw:2048 android.view.SurfaceView.performSurfaceTransaction:959 android.view.SurfaceView.updateSurface:1105 android.view.SurfaceView.lambda$new$0$android-view-SurfaceView:200 android.view.SurfaceView$$ExternalSyntheticLambda5.onPreDraw:2 
10-04 19:53:09.339 30152 30152 I SurfaceView@6ca1ffe: updateSurface: mVisible = true mSurface.isValid() = true
10-04 19:53:09.339 30152 30152 I SurfaceView@6ca1ffe: updateSurface: mSurfaceCreated = true surfaceChanged = false visibleChanged = false
10-04 19:53:09.339 30152 30152 V SurfaceView@6ca1ffe: Layout: x=0 y=-1218 w=1080 h=525, frame=Rect(0, 0 - 1080, 525)
10-04 19:53:09.352 30152 30254 D SurfaceView@6ca1ffe: updateSurfacePosition RenderWorker, frameNr = 818, position = [0, -1218, 1080, -693] surfaceSize = 1080x525
10-04 19:53:09.352 30152 30254 I SurfaceView@6ca1ffe: uSP: rtp = Rect(0, -1218 - 1080, -693) rtsw = 1080 rtsh = 525
10-04 19:53:09.352 30152 30254 I SurfaceView@6ca1ffe: onSSPAndSRT: pl = 0 pt = -1218 sx = 1.0 sy = 1.0
10-04 19:53:09.353 30152 30254 I SurfaceView@6ca1ffe: aOrMT: ViewRootImpl@3bedb8a[MainActivity] t = android.view.SurfaceControl$Transaction@57a8821 fN = 818 android.view.SurfaceView.-$$Nest$mapplyOrMergeTransaction:0 android.view.SurfaceView$SurfaceViewPositionUpdateListener.positionChanged:1537 android.graphics.RenderNode$CompositePositionUpdateListener.positionChanged:373 
10-04 19:53:09.353 30152 30254 I ViewRootImpl@3bedb8a[MainActivity]: mWNT: t=0x7afd80ae00 mBlastBufferQueue=0x7b79f5d500 fn= 818 caller= android.view.SurfaceView.applyOrMergeTransaction:1455 android.view.SurfaceView.-$$Nest$mapplyOrMergeTransaction:0 android.view.SurfaceView$SurfaceViewPositionUpdateListener.positionChanged:1537 
10-04 19:53:09.353 30152 30254 I ViewRootImpl@3bedb8a[MainActivity]: mWNT: t=0x7b097c8400 mBlastBufferQueue=0x7b79f5d500 fn= 818 caller= android.view.ViewRootImpl.lambda$applyTransactionOnDraw$11$android-view-ViewRootImpl:12865 android.view.ViewRootImpl$$ExternalSyntheticLambda1.onFrameDraw:4 android.graphics.HardwareRenderer$FrameDrawingCallback.onFrameDraw:924 
10-04 19:53:09.356 30152 30152 I ViewRootImpl@3bedb8a[MainActivity]: ViewPostIme pointer 1
10-04 19:53:09.363 30152 30152 I SurfaceView@6ca1ffe: Changes: creating=false format=false size=false visible=false alpha=false hint=false mUseAlpha=false visible=false left=false top=true
10-04 19:53:09.364 30152 30152 I SurfaceView@6ca1ffe: 113909758 Cur surface: Surface(name=null)/@0x8f9ea7a
10-04 19:53:09.366 30152 30152 I SurfaceView@6ca1ffe: applyTransactionOnVriDraw: vri = ViewRootImpl@3bedb8a[MainActivity] fRS = false t = 0x7b79ef3300 android.view.SurfaceView.performSurfaceTransaction:959 android.view.SurfaceView.updateSurface:1105 android.view.SurfaceView.lambda$new$0$android-view-SurfaceView:200 
10-04 19:53:09.366 30152 30152 I ViewRootImpl@3bedb8a[MainActivity]: applyTransactionOnDraw: mRemoved = false isHardwareEnabled = true t = 0x7b79ef3300android.view.SurfaceView.applyTransactionOnVriDraw:2048 android.view.SurfaceView.performSurfaceTransaction:959 android.view.SurfaceView.updateSurface:1105 android.view.SurfaceView.lambda$new$0$android-view-SurfaceView:200 android.view.SurfaceView$$ExternalSyntheticLambda5.onPreDraw:2 
10-04 19:53:09.367 30152 30152 I SurfaceView@6ca1ffe: updateSurface: mVisible = true mSurface.isValid() = true
10-04 19:53:09.367 30152 30152 I SurfaceView@6ca1ffe: updateSurface: mSurfaceCreated = true surfaceChanged = false visibleChanged = false
10-04 19:53:09.367 30152 30152 V SurfaceView@6ca1ffe: Layout: x=0 y=-1116 w=1080 h=525, frame=Rect(0, 0 - 1080, 525)
10-04 19:53:09.376 30152 30255 D SurfaceView@6ca1ffe: updateSurfacePosition RenderWorker, frameNr = 819, position = [0, -1116, 1080, -591] surfaceSize = 1080x525
10-04 19:53:09.377 30152 30255 I SurfaceView@6ca1ffe: uSP: rtp = Rect(0, -1116 - 1080, -591) rtsw = 1080 rtsh = 525
10-04 19:53:09.377 30152 30255 I SurfaceView@6ca1ffe: onSSPAndSRT: pl = 0 pt = -1116 sx = 1.0 sy = 1.0
10-04 19:53:09.377 30152 30255 I SurfaceView@6ca1ffe: aOrMT: ViewRootImpl@3bedb8a[MainActivity] t = android.view.SurfaceControl$Transaction@57a8821 fN = 819 android.view.SurfaceView.-$$Nest$mapplyOrMergeTransaction:0 android.view.SurfaceView$SurfaceViewPositionUpdateListener.positionChanged:1537 android.graphics.RenderNode$CompositePositionUpdateListener.positionChanged:373 
10-04 19:53:09.377 30152 30255 I ViewRootImpl@3bedb8a[MainActivity]: mWNT: t=0x7afd80ae00 mBlastBufferQueue=0x7b79f5d500 fn= 819 caller= android.view.SurfaceView.applyOrMergeTransaction:1455 android.view.SurfaceView.-$$Nest$mapplyOrMergeTransaction:0 android.view.SurfaceView$SurfaceViewPositionUpdateListener.positionChanged:1537 
10-04 19:53:09.377 30152 30255 I ViewRootImpl@3bedb8a[MainActivity]: mWNT: t=0x7b79ef3300 mBlastBufferQueue=0x7b79f5d500 fn= 819 caller= android.view.ViewRootImpl.lambda$applyTransactionOnDraw$11$android-view-ViewRootImpl:12865 android.view.ViewRootImpl$$ExternalSyntheticLambda1.onFrameDraw:4 android.graphics.HardwareRenderer$FrameDrawingCallback.onFrameDraw:924 
10-04 19:53:09.383 30152 30152 I SurfaceView@6ca1ffe: Changes: creating=false format=false size=false visible=false alpha=false hint=false mUseAlpha=false visible=false left=false top=true
10-04 19:53:09.383 30152 30152 I SurfaceView@6ca1ffe: 113909758 Cur surface: Surface(name=null)/@0x8f9ea7a
10-04 19:53:09.383 30152 30152 I SurfaceView@6ca1ffe: applyTransactionOnVriDraw: vri = ViewRootImpl@3bedb8a[MainActivity] fRS = false t = 0x7b3cc03000 android.view.SurfaceView.performSurfaceTransaction:959 android.view.SurfaceView.updateSurface:1105 android.view.SurfaceView.lambda$new$0$android-view-SurfaceView:200 
10-04 19:53:09.383 30152 30152 I ViewRootImpl@3bedb8a[MainActivity]: applyTransactionOnDraw: mRemoved = false isHardwareEnabled = true t = 0x7b3cc03000android.view.SurfaceView.applyTransactionOnVriDraw:2048 android.view.SurfaceView.performSurfaceTransaction:959 android.view.SurfaceView.updateSurface:1105 android.view.SurfaceView.lambda$new$0$android-view-SurfaceView:200 android.view.SurfaceView$$ExternalSyntheticLambda5.onPreDraw:2 
10-04 19:53:09.384 30152 30152 I SurfaceView@6ca1ffe: updateSurface: mVisible = true mSurface.isValid() = true
10-04 19:53:09.384 30152 30152 I SurfaceView@6ca1ffe: updateSurface: mSurfaceCreated = true surfaceChanged = false visibleChanged = false
10-04 19:53:09.384 30152 30152 V SurfaceView@6ca1ffe: Layout: x=0 y=-1060 w=1080 h=525, frame=Rect(0, 0 - 1080, 525)
10-04 19:53:09.388 30152 30254 I ViewRootImpl@3bedb8a[MainActivity]: mWNT: t=0x7b3cc03000 mBlastBufferQueue=0x7b79f5d500 fn= 820 caller= android.view.ViewRootImpl.lambda$applyTransactionOnDraw$11$android-view-ViewRootImpl:12865 android.view.ViewRootImpl$$ExternalSyntheticLambda1.onFrameDraw:4 android.graphics.HardwareRenderer$FrameDrawingCallback.onFrameDraw:924 
10-04 19:53:09.399 30152 30152 I SurfaceView@6ca1ffe: Changes: creating=false format=false size=false visible=false alpha=false hint=false mUseAlpha=false visible=false left=false top=true
10-04 19:53:09.399 30152 30152 I SurfaceView@6ca1ffe: 113909758 Cur surface: Surface(name=null)/@0x8f9ea7a
10-04 19:53:09.400 30152 30152 I SurfaceView@6ca1ffe: applyTransactionOnVriDraw: vri = ViewRootImpl@3bedb8a[MainActivity] fRS = false t = 0x7b1ebb4d00 android.view.SurfaceView.performSurfaceTransaction:959 android.view.SurfaceView.updateSurface:1105 android.view.SurfaceView.lambda$new$0$android-view-SurfaceView:200 
10-04 19:53:09.400 30152 30152 I ViewRootImpl@3bedb8a[MainActivity]: applyTransactionOnDraw: mRemoved = false isHardwareEnabled = true t = 0x7b1ebb4d00android.view.SurfaceView.applyTransactionOnVriDraw:2048 android.view.SurfaceView.performSurfaceTransaction:959 android.view.SurfaceView.updateSurface:1105 android.view.SurfaceView.lambda$new$0$android-view-SurfaceView:200 android.view.SurfaceView$$ExternalSyntheticLambda5.onPreDraw:2 
10-04 19:53:09.400 30152 30152 I SurfaceView@6ca1ffe: updateSurface: mVisible = true mSurface.isValid() = true
10-04 19:53:09.400 30152 30152 I SurfaceView@6ca1ffe: updateSurface: mSurfaceCreated = true surfaceChanged = false visibleChanged = false
10-04 19:53:09.400 30152 30152 V SurfaceView@6ca1ffe: Layout: x=0 y=-920 w=1080 h=525, frame=Rect(0, 0 - 1080, 525)
10-04 19:53:09.404 30152 30255 D SurfaceView@6ca1ffe: updateSurfacePosition RenderWorker, frameNr = 821, position = [0, -920, 1080, -395] surfaceSize = 1080x525
10-04 19:53:09.404 30152 30255 I SurfaceView@6ca1ffe: uSP: rtp = Rect(0, -920 - 1080, -395) rtsw = 1080 rtsh = 525
10-04 19:53:09.404 30152 30255 I SurfaceView@6ca1ffe: onSSPAndSRT: pl = 0 pt = -920 sx = 1.0 sy = 1.0
10-04 19:53:09.404 30152 30255 I SurfaceView@6ca1ffe: aOrMT: ViewRootImpl@3bedb8a[MainActivity] t = android.view.SurfaceControl$Transaction@57a8821 fN = 821 android.view.SurfaceView.-$$Nest$mapplyOrMergeTransaction:0 android.view.SurfaceView$SurfaceViewPositionUpdateListener.positionChanged:1537 android.graphics.RenderNode$CompositePositionUpdateListener.positionChanged:373 
10-04 19:53:09.404 30152 30255 I ViewRootImpl@3bedb8a[MainActivity]: mWNT: t=0x7afd80ae00 mBlastBufferQueue=0x7b79f5d500 fn= 821 caller= android.view.SurfaceView.applyOrMergeTransaction:1455 android.view.SurfaceView.-$$Nest$mapplyOrMergeTransaction:0 android.view.SurfaceView$SurfaceViewPositionUpdateListener.positionChanged:1537 
10-04 19:53:09.404 30152 30255 I ViewRootImpl@3bedb8a[MainActivity]: mWNT: t=0x7b1ebb4d00 mBlastBufferQueue=0x7b79f5d500 fn= 821 caller= android.view.ViewRootImpl.lambda$applyTransactionOnDraw$11$android-view-ViewRootImpl:12865 android.view.ViewRootImpl$$ExternalSyntheticLambda1.onFrameDraw:4 android.graphics.HardwareRenderer$FrameDrawingCallback.onFrameDraw:924 
10-04 19:53:09.416 30152 30152 I SurfaceView@6ca1ffe: Changes: creating=false format=false size=false visible=false alpha=false hint=false mUseAlpha=false visible=false left=false top=true
10-04 19:53:09.416 30152 30152 I SurfaceView@6ca1ffe: 113909758 Cur surface: Surface(name=null)/@0x8f9ea7a
10-04 19:53:09.416 30152 30152 I SurfaceView@6ca1ffe: applyTransactionOnVriDraw: vri = ViewRootImpl@3bedb8a[MainActivity] fRS = false t = 0x7b097c8100 android.view.SurfaceView.performSurfaceTransaction:959 android.view.SurfaceView.updateSurface:1105 android.view.SurfaceView.lambda$new$0$android-view-SurfaceView:200 
10-04 19:53:09.417 30152 30152 I ViewRootImpl@3bedb8a[MainActivity]: applyTransactionOnDraw: mRemoved = false isHardwareEnabled = true t = 0x7b097c8100android.view.SurfaceView.applyTransactionOnVriDraw:2048 android.view.SurfaceView.performSurfaceTransaction:959 android.view.SurfaceView.updateSurface:1105 android.view.SurfaceView.lambda$new$0$android-view-SurfaceView:200 android.view.SurfaceView$$ExternalSyntheticLambda5.onPreDraw:2 
10-04 19:53:09.417 30152 30152 I SurfaceView@6ca1ffe: updateSurface: mVisible = true mSurface.isValid() = true
10-04 19:53:09.417 30152 30152 I SurfaceView@6ca1ffe: updateSurface: mSurfaceCreated = true surfaceChanged = false visibleChanged = false
10-04 19:53:09.417 30152 30152 V SurfaceView@6ca1ffe: Layout: x=0 y=-788 w=1080 h=525, frame=Rect(0, 0 - 1080, 525)
10-04 19:53:09.421 30152 30254 D SurfaceView@6ca1ffe: updateSurfacePosition RenderWorker, frameNr = 822, position = [0, -788, 1080, -263] surfaceSize = 1080x525
10-04 19:53:09.421 30152 30254 I SurfaceView@6ca1ffe: uSP: rtp = Rect(0, -788 - 1080, -263) rtsw = 1080 rtsh = 525
10-04 19:53:09.421 30152 30254 I SurfaceView@6ca1ffe: onSSPAndSRT: pl = 0 pt = -788 sx = 1.0 sy = 1.0
10-04 19:53:09.421 30152 30254 I SurfaceView@6ca1ffe: aOrMT: ViewRootImpl@3bedb8a[MainActivity] t = android.view.SurfaceControl$Transaction@57a8821 fN = 822 android.view.SurfaceView.-$$Nest$mapplyOrMergeTransaction:0 android.view.SurfaceView$SurfaceViewPositionUpdateListener.positionChanged:1537 android.graphics.RenderNode$CompositePositionUpdateListener.positionChanged:373 
10-04 19:53:09.421 30152 30254 I ViewRootImpl@3bedb8a[MainActivity]: mWNT: t=0x7afd80ae00 mBlastBufferQueue=0x7b79f5d500 fn= 822 caller= android.view.SurfaceView.applyOrMergeTransaction:1455 android.view.SurfaceView.-$$Nest$mapplyOrMergeTransaction:0 android.view.SurfaceView$SurfaceViewPositionUpdateListener.positionChanged:1537 
10-04 19:53:09.421 30152 30254 I ViewRootImpl@3bedb8a[MainActivity]: mWNT: t=0x7b097c8100 mBlastBufferQueue=0x7b79f5d500 fn= 822 caller= android.view.ViewRootImpl.lambda$applyTransactionOnDraw$11$android-view-ViewRootImpl:12865 android.view.ViewRootImpl$$ExternalSyntheticLambda1.onFrameDraw:4 android.graphics.HardwareRenderer$FrameDrawingCallback.onFrameDraw:924 
10-04 19:53:09.433 30152 30152 I SurfaceView@6ca1ffe: Changes: creating=false format=false size=false visible=false alpha=false hint=false mUseAlpha=false visible=false left=false top=true
10-04 19:53:09.433 30152 30152 I SurfaceView@6ca1ffe: 113909758 Cur surface: Surface(name=null)/@0x8f9ea7a
10-04 19:53:09.433 30152 30152 I SurfaceView@6ca1ffe: applyTransactionOnVriDraw: vri = ViewRootImpl@3bedb8a[MainActivity] fRS = false t = 0x7b097c8500 android.view.SurfaceView.performSurfaceTransaction:959 android.view.SurfaceView.updateSurface:1105 android.view.SurfaceView.lambda$new$0$android-view-SurfaceView:200 
10-04 19:53:09.433 30152 30152 I ViewRootImpl@3bedb8a[MainActivity]: applyTransactionOnDraw: mRemoved = false isHardwareEnabled = true t = 0x7b097c8500android.view.SurfaceView.applyTransactionOnVriDraw:2048 android.view.SurfaceView.performSurfaceTransaction:959 android.view.SurfaceView.updateSurface:1105 android.view.SurfaceView.lambda$new$0$android-view-SurfaceView:200 android.view.SurfaceView$$ExternalSyntheticLambda5.onPreDraw:2 
10-04 19:53:09.433 30152 30152 I SurfaceView@6ca1ffe: updateSurface: mVisible = true mSurface.isValid() = true
10-04 19:53:09.434 30152 30152 I SurfaceView@6ca1ffe: updateSurface: mSurfaceCreated = true surfaceChanged = false visibleChanged = false
10-04 19:53:09.434 30152 30152 V SurfaceView@6ca1ffe: Layout: x=0 y=-665 w=1080 h=525, frame=Rect(0, 0 - 1080, 525)
10-04 19:53:09.436 30152 30255 D SurfaceView@6ca1ffe: updateSurfacePosition RenderWorker, frameNr = 823, position = [0, -665, 1080, -140] surfaceSize = 1080x525
10-04 19:53:09.436 30152 30255 I SurfaceView@6ca1ffe: uSP: rtp = Rect(0, -665 - 1080, -140) rtsw = 1080 rtsh = 525
10-04 19:53:09.437 30152 30255 I SurfaceView@6ca1ffe: onSSPAndSRT: pl = 0 pt = -665 sx = 1.0 sy = 1.0
10-04 19:53:09.437 30152 30255 I SurfaceView@6ca1ffe: aOrMT: ViewRootImpl@3bedb8a[MainActivity] t = android.view.SurfaceControl$Transaction@57a8821 fN = 823 android.view.SurfaceView.-$$Nest$mapplyOrMergeTransaction:0 android.view.SurfaceView$SurfaceViewPositionUpdateListener.positionChanged:1537 android.graphics.RenderNode$CompositePositionUpdateListener.positionChanged:373 
10-04 19:53:09.437 30152 30255 I ViewRootImpl@3bedb8a[MainActivity]: mWNT: t=0x7afd80ae00 mBlastBufferQueue=0x7b79f5d500 fn= 823 caller= android.view.SurfaceView.applyOrMergeTransaction:1455 android.view.SurfaceView.-$$Nest$mapplyOrMergeTransaction:0 android.view.SurfaceView$SurfaceViewPositionUpdateListener.positionChanged:1537 
10-04 19:53:09.437 30152 30255 I ViewRootImpl@3bedb8a[MainActivity]: mWNT: t=0x7b097c8500 mBlastBufferQueue=0x7b79f5d500 fn= 823 caller= android.view.ViewRootImpl.lambda$applyTransactionOnDraw$11$android-view-ViewRootImpl:12865 android.view.ViewRootImpl$$ExternalSyntheticLambda1.onFrameDraw:4 android.graphics.HardwareRenderer$FrameDrawingCallback.onFrameDraw:924 
10-04 19:53:09.449 30152 30152 I SurfaceView@6ca1ffe: Changes: creating=false format=false size=false visible=false alpha=false hint=false mUseAlpha=false visible=false left=false top=true
10-04 19:53:09.449 30152 30152 I SurfaceView@6ca1ffe: 113909758 Cur surface: Surface(name=null)/@0x8f9ea7a
10-04 19:53:09.450 30152 30152 I SurfaceView@6ca1ffe: applyTransactionOnVriDraw: vri = ViewRootImpl@3bedb8a[MainActivity] fRS = false t = 0x7b097c8900 android.view.SurfaceView.performSurfaceTransaction:959 android.view.SurfaceView.updateSurface:1105 android.view.SurfaceView.lambda$new$0$android-view-SurfaceView:200 
10-04 19:53:09.450 30152 30152 I ViewRootImpl@3bedb8a[MainActivity]: applyTransactionOnDraw: mRemoved = false isHardwareEnabled = true t = 0x7b097c8900android.view.SurfaceView.applyTransactionOnVriDraw:2048 android.view.SurfaceView.performSurfaceTransaction:959 android.view.SurfaceView.updateSurface:1105 android.view.SurfaceView.lambda$new$0$android-view-SurfaceView:200 android.view.SurfaceView$$ExternalSyntheticLambda5.onPreDraw:2 
10-04 19:53:09.450 30152 30152 I SurfaceView@6ca1ffe: updateSurface: mVisible = true mSurface.isValid() = true
10-04 19:53:09.450 30152 30152 I SurfaceView@6ca1ffe: updateSurface: mSurfaceCreated = true surfaceChanged = false visibleChanged = false
10-04 19:53:09.450 30152 30152 V SurfaceView@6ca1ffe: Layout: x=0 y=-552 w=1080 h=525, frame=Rect(0, 0 - 1080, 525)
10-04 19:53:09.454 30152 30254 D SurfaceView@6ca1ffe: updateSurfacePosition RenderWorker, frameNr = 824, position = [0, -552, 1080, -27] surfaceSize = 1080x525
10-04 19:53:09.454 30152 30254 I SurfaceView@6ca1ffe: uSP: rtp = Rect(0, -552 - 1080, -27) rtsw = 1080 rtsh = 525
10-04 19:53:09.454 30152 30254 I SurfaceView@6ca1ffe: onSSPAndSRT: pl = 0 pt = -552 sx = 1.0 sy = 1.0
10-04 19:53:09.455 30152 30254 I SurfaceView@6ca1ffe: aOrMT: ViewRootImpl@3bedb8a[MainActivity] t = android.view.SurfaceControl$Transaction@57a8821 fN = 824 android.view.SurfaceView.-$$Nest$mapplyOrMergeTransaction:0 android.view.SurfaceView$SurfaceViewPositionUpdateListener.positionChanged:1537 android.graphics.RenderNode$CompositePositionUpdateListener.positionChanged:373 
10-04 19:53:09.455 30152 30254 I ViewRootImpl@3bedb8a[MainActivity]: mWNT: t=0x7afd80ae00 mBlastBufferQueue=0x7b79f5d500 fn= 824 caller= android.view.SurfaceView.applyOrMergeTransaction:1455 android.view.SurfaceView.-$$Nest$mapplyOrMergeTransaction:0 android.view.SurfaceView$SurfaceViewPositionUpdateListener.positionChanged:1537 
10-04 19:53:09.455 30152 30254 I ViewRootImpl@3bedb8a[MainActivity]: mWNT: t=0x7b097c8900 mBlastBufferQueue=0x7b79f5d500 fn= 824 caller= android.view.ViewRootImpl.lambda$applyTransactionOnDraw$11$android-view-ViewRootImpl:12865 android.view.ViewRootImpl$$ExternalSyntheticLambda1.onFrameDraw:4 android.graphics.HardwareRenderer$FrameDrawingCallback.onFrameDraw:924 
10-04 19:53:09.466 30152 30152 I SurfaceView@6ca1ffe: Changes: creating=false format=false size=false visible=false alpha=false hint=false mUseAlpha=false visible=false left=false top=true
10-04 19:53:09.466 30152 30152 I SurfaceView@6ca1ffe: 113909758 Cur surface: Surface(name=null)/@0x8f9ea7a
10-04 19:53:09.466 30152 30152 I SurfaceView@6ca1ffe: applyTransactionOnVriDraw: vri = ViewRootImpl@3bedb8a[MainActivity] fRS = false t = 0x7afcf55100 android.view.SurfaceView.performSurfaceTransaction:959 android.view.SurfaceView.updateSurface:1105 android.view.SurfaceView.lambda$new$0$android-view-SurfaceView:200 
10-04 19:53:09.467 30152 30152 I ViewRootImpl@3bedb8a[MainActivity]: applyTransactionOnDraw: mRemoved = false isHardwareEnabled = true t = 0x7afcf55100android.view.SurfaceView.applyTransactionOnVriDraw:2048 android.view.SurfaceView.performSurfaceTransaction:959 android.view.SurfaceView.updateSurface:1105 android.view.SurfaceView.lambda$new$0$android-view-SurfaceView:200 android.view.SurfaceView$$ExternalSyntheticLambda5.onPreDraw:2 
10-04 19:53:09.467 30152 30152 I SurfaceView@6ca1ffe: updateSurface: mVisible = true mSurface.isValid() = true
10-04 19:53:09.467 30152 30152 I SurfaceView@6ca1ffe: updateSurface: mSurfaceCreated = true surfaceChanged = false visibleChanged = false
10-04 19:53:09.467 30152 30152 V SurfaceView@6ca1ffe: Layout: x=0 y=-440 w=1080 h=525, frame=Rect(0, 0 - 1080, 525)
10-04 19:53:09.470 30152 30255 D SurfaceView@6ca1ffe: updateSurfacePosition RenderWorker, frameNr = 825, position = [0, -440, 1080, 85] surfaceSize = 1080x525
10-04 19:53:09.470 30152 30255 I SurfaceView@6ca1ffe: uSP: rtp = Rect(0, -440 - 1080, 85) rtsw = 1080 rtsh = 525
10-04 19:53:09.470 30152 30255 I SurfaceView@6ca1ffe: onSSPAndSRT: pl = 0 pt = -440 sx = 1.0 sy = 1.0
10-04 19:53:09.470 30152 30255 I SurfaceView@6ca1ffe: aOrMT: ViewRootImpl@3bedb8a[MainActivity] t = android.view.SurfaceControl$Transaction@57a8821 fN = 825 android.view.SurfaceView.-$$Nest$mapplyOrMergeTransaction:0 android.view.SurfaceView$SurfaceViewPositionUpdateListener.positionChanged:1537 android.graphics.RenderNode$CompositePositionUpdateListener.positionChanged:373 
10-04 19:53:09.470 30152 30255 I ViewRootImpl@3bedb8a[MainActivity]: mWNT: t=0x7afd80ae00 mBlastBufferQueue=0x7b79f5d500 fn= 825 caller= android.view.SurfaceView.applyOrMergeTransaction:1455 android.view.SurfaceView.-$$Nest$mapplyOrMergeTransaction:0 android.view.SurfaceView$SurfaceViewPositionUpdateListener.positionChanged:1537 
10-04 19:53:09.470 30152 30255 I ViewRootImpl@3bedb8a[MainActivity]: mWNT: t=0x7afcf55100 mBlastBufferQueue=0x7b79f5d500 fn= 825 caller= android.view.ViewRootImpl.lambda$applyTransactionOnDraw$11$android-view-ViewRootImpl:12865 android.view.ViewRootImpl$$ExternalSyntheticLambda1.onFrameDraw:4 android.graphics.HardwareRenderer$FrameDrawingCallback.onFrameDraw:924 
10-04 19:53:09.482 30152 30152 I SurfaceView@6ca1ffe: Changes: creating=false format=false size=false visible=false alpha=false hint=false mUseAlpha=false visible=false left=false top=true
10-04 19:53:09.482 30152 30152 I SurfaceView@6ca1ffe: 113909758 Cur surface: Surface(name=null)/@0x8f9ea7a
10-04 19:53:09.483 30152 30152 I SurfaceView@6ca1ffe: applyTransactionOnVriDraw: vri = ViewRootImpl@3bedb8a[MainActivity] fRS = false t = 0x7afcf55200 android.view.SurfaceView.performSurfaceTransaction:959 android.view.SurfaceView.updateSurface:1105 android.view.SurfaceView.lambda$new$0$android-view-SurfaceView:200 
10-04 19:53:09.483 30152 30152 I ViewRootImpl@3bedb8a[MainActivity]: applyTransactionOnDraw: mRemoved = false isHardwareEnabled = true t = 0x7afcf55200android.view.SurfaceView.applyTransactionOnVriDraw:2048 android.view.SurfaceView.performSurfaceTransaction:959 android.view.SurfaceView.updateSurface:1105 android.view.SurfaceView.lambda$new$0$android-view-SurfaceView:200 android.view.SurfaceView$$ExternalSyntheticLambda5.onPreDraw:2 
10-04 19:53:09.483 30152 30152 I SurfaceView@6ca1ffe: updateSurface: mVisible = true mSurface.isValid() = true
10-04 19:53:09.483 30152 30152 I SurfaceView@6ca1ffe: updateSurface: mSurfaceCreated = true surfaceChanged = false visibleChanged = false
10-04 19:53:09.483 30152 30152 V SurfaceView@6ca1ffe: Layout: x=0 y=-333 w=1080 h=525, frame=Rect(0, 0 - 1080, 525)
10-04 19:53:09.487 30152 30254 D SurfaceView@6ca1ffe: updateSurfacePosition RenderWorker, frameNr = 826, position = [0, -333, 1080, 192] surfaceSize = 1080x525
10-04 19:53:09.487 30152 30254 I SurfaceView@6ca1ffe: uSP: rtp = Rect(0, -333 - 1080, 192) rtsw = 1080 rtsh = 525
10-04 19:53:09.487 30152 30254 I SurfaceView@6ca1ffe: onSSPAndSRT: pl = 0 pt = -333 sx = 1.0 sy = 1.0
10-04 19:53:09.488 30152 30254 I SurfaceView@6ca1ffe: aOrMT: ViewRootImpl@3bedb8a[MainActivity] t = android.view.SurfaceControl$Transaction@57a8821 fN = 826 android.view.SurfaceView.-$$Nest$mapplyOrMergeTransaction:0 android.view.SurfaceView$SurfaceViewPositionUpdateListener.positionChanged:1537 android.graphics.RenderNode$CompositePositionUpdateListener.positionChanged:373 
10-04 19:53:09.488 30152 30254 I ViewRootImpl@3bedb8a[MainActivity]: mWNT: t=0x7afd80ae00 mBlastBufferQueue=0x7b79f5d500 fn= 826 caller= android.view.SurfaceView.applyOrMergeTransaction:1455 android.view.SurfaceView.-$$Nest$mapplyOrMergeTransaction:0 android.view.SurfaceView$SurfaceViewPositionUpdateListener.positionChanged:1537 
10-04 19:53:09.488 30152 30254 I ViewRootImpl@3bedb8a[MainActivity]: mWNT: t=0x7afcf55200 mBlastBufferQueue=0x7b79f5d500 fn= 826 caller= android.view.ViewRootImpl.lambda$applyTransactionOnDraw$11$android-view-ViewRootImpl:12865 android.view.ViewRootImpl$$ExternalSyntheticLambda1.onFrameDraw:4 android.graphics.HardwareRenderer$FrameDrawingCallback.onFrameDraw:924 
10-04 19:53:09.498 30152 30152 I SurfaceView@6ca1ffe: Changes: creating=false format=false size=false visible=false alpha=false hint=false mUseAlpha=false visible=false left=false top=true
10-04 19:53:09.498 30152 30152 I SurfaceView@6ca1ffe: 113909758 Cur surface: Surface(name=null)/@0x8f9ea7a
10-04 19:53:09.498 30152 30152 I SurfaceView@6ca1ffe: applyTransactionOnVriDraw: vri = ViewRootImpl@3bedb8a[MainActivity] fRS = false t = 0x7afcf55000 android.view.SurfaceView.performSurfaceTransaction:959 android.view.SurfaceView.updateSurface:1105 android.view.SurfaceView.lambda$new$0$android-view-SurfaceView:200 
10-04 19:53:09.498 30152 30152 I ViewRootImpl@3bedb8a[MainActivity]: applyTransactionOnDraw: mRemoved = false isHardwareEnabled = true t = 0x7afcf55000android.view.SurfaceView.applyTransactionOnVriDraw:2048 android.view.SurfaceView.performSurfaceTransaction:959 android.view.SurfaceView.updateSurface:1105 android.view.SurfaceView.lambda$new$0$android-view-SurfaceView:200 android.view.SurfaceView$$ExternalSyntheticLambda5.onPreDraw:2 
10-04 19:53:09.498 30152 30152 I SurfaceView@6ca1ffe: updateSurface: mVisible = true mSurface.isValid() = true
10-04 19:53:09.498 30152 30152 I SurfaceView@6ca1ffe: updateSurface: mSurfaceCreated = true surfaceChanged = false visibleChanged = false
10-04 19:53:09.498 30152 30152 V SurfaceView@6ca1ffe: Layout: x=0 y=-234 w=1080 h=525, frame=Rect(0, 0 - 1080, 525)
10-04 19:53:09.502 30152 30255 D SurfaceView@6ca1ffe: updateSurfacePosition RenderWorker, frameNr = 827, position = [0, -234, 1080, 291] surfaceSize = 1080x525
10-04 19:53:09.502 30152 30255 I SurfaceView@6ca1ffe: uSP: rtp = Rect(0, -234 - 1080, 291) rtsw = 1080 rtsh = 525
10-04 19:53:09.502 30152 30255 I SurfaceView@6ca1ffe: onSSPAndSRT: pl = 0 pt = -234 sx = 1.0 sy = 1.0
10-04 19:53:09.502 30152 30255 I SurfaceView@6ca1ffe: aOrMT: ViewRootImpl@3bedb8a[MainActivity] t = android.view.SurfaceControl$Transaction@57a8821 fN = 827 android.view.SurfaceView.-$$Nest$mapplyOrMergeTransaction:0 android.view.SurfaceView$SurfaceViewPositionUpdateListener.positionChanged:1537 android.graphics.RenderNode$CompositePositionUpdateListener.positionChanged:373 
10-04 19:53:09.502 30152 30255 I ViewRootImpl@3bedb8a[MainActivity]: mWNT: t=0x7afd80ae00 mBlastBufferQueue=0x7b79f5d500 fn= 827 caller= android.view.SurfaceView.applyOrMergeTransaction:1455 android.view.SurfaceView.-$$Nest$mapplyOrMergeTransaction:0 android.view.SurfaceView$SurfaceViewPositionUpdateListener.positionChanged:1537 
10-04 19:53:09.502 30152 30255 I ViewRootImpl@3bedb8a[MainActivity]: mWNT: t=0x7afcf55000 mBlastBufferQueue=0x7b79f5d500 fn= 827 caller= android.view.ViewRootImpl.lambda$applyTransactionOnDraw$11$android-view-ViewRootImpl:12865 android.view.ViewRootImpl$$ExternalSyntheticLambda1.onFrameDraw:4 android.graphics.HardwareRenderer$FrameDrawingCallback.onFrameDraw:924 
10-04 19:53:09.514 30152 30152 I SurfaceView@6ca1ffe: Changes: creating=false format=false size=false visible=false alpha=false hint=false mUseAlpha=false visible=false left=false top=true
10-04 19:53:09.514 30152 30152 I SurfaceView@6ca1ffe: 113909758 Cur surface: Surface(name=null)/@0x8f9ea7a
10-04 19:53:09.514 30152 30152 I SurfaceView@6ca1ffe: applyTransactionOnVriDraw: vri = ViewRootImpl@3bedb8a[MainActivity] fRS = false t = 0x7afcf55500 android.view.SurfaceView.performSurfaceTransaction:959 android.view.SurfaceView.updateSurface:1105 android.view.SurfaceView.lambda$new$0$android-view-SurfaceView:200 
10-04 19:53:09.515 30152 30152 I ViewRootImpl@3bedb8a[MainActivity]: applyTransactionOnDraw: mRemoved = false isHardwareEnabled = true t = 0x7afcf55500android.view.SurfaceView.applyTransactionOnVriDraw:2048 android.view.SurfaceView.performSurfaceTransaction:959 android.view.SurfaceView.updateSurface:1105 android.view.SurfaceView.lambda$new$0$android-view-SurfaceView:200 android.view.SurfaceView$$ExternalSyntheticLambda5.onPreDraw:2 
10-04 19:53:09.515 30152 30152 I SurfaceView@6ca1ffe: updateSurface: mVisible = true mSurface.isValid() = true
10-04 19:53:09.515 30152 30152 I SurfaceView@6ca1ffe: updateSurface: mSurfaceCreated = true surfaceChanged = false visibleChanged = false
10-04 19:53:09.515 30152 30152 V SurfaceView@6ca1ffe: Layout: x=0 y=-133 w=1080 h=525, frame=Rect(0, 0 - 1080, 525)
10-04 19:53:09.517 30152 30254 D SurfaceView@6ca1ffe: updateSurfacePosition RenderWorker, frameNr = 828, position = [0, -133, 1080, 392] surfaceSize = 1080x525
10-04 19:53:09.517 30152 30254 I SurfaceView@6ca1ffe: uSP: rtp = Rect(0, -133 - 1080, 392) rtsw = 1080 rtsh = 525
10-04 19:53:09.517 30152 30254 I SurfaceView@6ca1ffe: onSSPAndSRT: pl = 0 pt = -133 sx = 1.0 sy = 1.0
10-04 19:53:09.517 30152 30254 I SurfaceView@6ca1ffe: aOrMT: ViewRootImpl@3bedb8a[MainActivity] t = android.view.SurfaceControl$Transaction@57a8821 fN = 828 android.view.SurfaceView.-$$Nest$mapplyOrMergeTransaction:0 android.view.SurfaceView$SurfaceViewPositionUpdateListener.positionChanged:1537 android.graphics.RenderNode$CompositePositionUpdateListener.positionChanged:373 
10-04 19:53:09.517 30152 30254 I ViewRootImpl@3bedb8a[MainActivity]: mWNT: t=0x7afd80ae00 mBlastBufferQueue=0x7b79f5d500 fn= 828 caller= android.view.SurfaceView.applyOrMergeTransaction:1455 android.view.SurfaceView.-$$Nest$mapplyOrMergeTransaction:0 android.view.SurfaceView$SurfaceViewPositionUpdateListener.positionChanged:1537 
10-04 19:53:09.518 30152 30254 I ViewRootImpl@3bedb8a[MainActivity]: mWNT: t=0x7afcf55500 mBlastBufferQueue=0x7b79f5d500 fn= 828 caller= android.view.ViewRootImpl.lambda$applyTransactionOnDraw$11$android-view-ViewRootImpl:12865 android.view.ViewRootImpl$$ExternalSyntheticLambda1.onFrameDraw:4 android.graphics.HardwareRenderer$FrameDrawingCallback.onFrameDraw:924 
10-04 19:53:09.532 30152 30152 I SurfaceView@6ca1ffe: Changes: creating=false format=false size=false visible=false alpha=false hint=false mUseAlpha=false visible=false left=false top=true
10-04 19:53:09.533 30152 30152 I SurfaceView@6ca1ffe: 113909758 Cur surface: Surface(name=null)/@0x8f9ea7a
10-04 19:53:09.533 30152 30152 I SurfaceView@6ca1ffe: applyTransactionOnVriDraw: vri = ViewRootImpl@3bedb8a[MainActivity] fRS = false t = 0x7afcf55600 android.view.SurfaceView.performSurfaceTransaction:959 android.view.SurfaceView.updateSurface:1105 android.view.SurfaceView.lambda$new$0$android-view-SurfaceView:200 
10-04 19:53:09.533 30152 30152 I ViewRootImpl@3bedb8a[MainActivity]: applyTransactionOnDraw: mRemoved = false isHardwareEnabled = true t = 0x7afcf55600android.view.SurfaceView.applyTransactionOnVriDraw:2048 android.view.SurfaceView.performSurfaceTransaction:959 android.view.SurfaceView.updateSurface:1105 android.view.SurfaceView.lambda$new$0$android-view-SurfaceView:200 android.view.SurfaceView$$ExternalSyntheticLambda5.onPreDraw:2 
10-04 19:53:09.533 30152 30152 I SurfaceView@6ca1ffe: updateSurface: mVisible = true mSurface.isValid() = true
10-04 19:53:09.533 30152 30152 I SurfaceView@6ca1ffe: updateSurface: mSurfaceCreated = true surfaceChanged = false visibleChanged = false
10-04 19:53:09.534 30152 30152 V SurfaceView@6ca1ffe: Layout: x=0 y=-35 w=1080 h=525, frame=Rect(0, 0 - 1080, 525)
10-04 19:53:09.537 30152 30255 D SurfaceView@6ca1ffe: updateSurfacePosition RenderWorker, frameNr = 829, position = [0, -35, 1080, 490] surfaceSize = 1080x525
10-04 19:53:09.537 30152 30255 I SurfaceView@6ca1ffe: uSP: rtp = Rect(0, -35 - 1080, 490) rtsw = 1080 rtsh = 525
10-04 19:53:09.537 30152 30255 I SurfaceView@6ca1ffe: onSSPAndSRT: pl = 0 pt = -35 sx = 1.0 sy = 1.0
10-04 19:53:09.538 30152 30255 I SurfaceView@6ca1ffe: aOrMT: ViewRootImpl@3bedb8a[MainActivity] t = android.view.SurfaceControl$Transaction@57a8821 fN = 829 android.view.SurfaceView.-$$Nest$mapplyOrMergeTransaction:0 android.view.SurfaceView$SurfaceViewPositionUpdateListener.positionChanged:1537 android.graphics.RenderNode$CompositePositionUpdateListener.positionChanged:373 
10-04 19:53:09.538 30152 30255 I ViewRootImpl@3bedb8a[MainActivity]: mWNT: t=0x7afd80ae00 mBlastBufferQueue=0x7b79f5d500 fn= 829 caller= android.view.SurfaceView.applyOrMergeTransaction:1455 android.view.SurfaceView.-$$Nest$mapplyOrMergeTransaction:0 android.view.SurfaceView$SurfaceViewPositionUpdateListener.positionChanged:1537 
10-04 19:53:09.538 30152 30255 I ViewRootImpl@3bedb8a[MainActivity]: mWNT: t=0x7afcf55600 mBlastBufferQueue=0x7b79f5d500 fn= 829 caller= android.view.ViewRootImpl.lambda$applyTransactionOnDraw$11$android-view-ViewRootImpl:12865 android.view.ViewRootImpl$$ExternalSyntheticLambda1.onFrameDraw:4 android.graphics.HardwareRenderer$FrameDrawingCallback.onFrameDraw:924 
10-04 19:53:09.549 30152 30152 I SurfaceView@6ca1ffe: Changes: creating=false format=false size=false visible=false alpha=false hint=false mUseAlpha=false visible=false left=false top=true
10-04 19:53:09.549 30152 30152 I SurfaceView@6ca1ffe: 113909758 Cur surface: Surface(name=null)/@0x8f9ea7a
10-04 19:53:09.550 30152 30152 I SurfaceView@6ca1ffe: applyTransactionOnVriDraw: vri = ViewRootImpl@3bedb8a[MainActivity] fRS = false t = 0x7afcf55700 android.view.SurfaceView.performSurfaceTransaction:959 android.view.SurfaceView.updateSurface:1105 android.view.SurfaceView.lambda$new$0$android-view-SurfaceView:200 
10-04 19:53:09.550 30152 30152 I ViewRootImpl@3bedb8a[MainActivity]: applyTransactionOnDraw: mRemoved = false isHardwareEnabled = true t = 0x7afcf55700android.view.SurfaceView.applyTransactionOnVriDraw:2048 android.view.SurfaceView.performSurfaceTransaction:959 android.view.SurfaceView.updateSurface:1105 android.view.SurfaceView.lambda$new$0$android-view-SurfaceView:200 android.view.SurfaceView$$ExternalSyntheticLambda5.onPreDraw:2 
10-04 19:53:09.550 30152 30152 I SurfaceView@6ca1ffe: updateSurface: mVisible = true mSurface.isValid() = true
10-04 19:53:09.550 30152 30152 I SurfaceView@6ca1ffe: updateSurface: mSurfaceCreated = true surfaceChanged = false visibleChanged = false
10-04 19:53:09.550 30152 30152 V SurfaceView@6ca1ffe: Layout: x=0 y=55 w=1080 h=525, frame=Rect(0, 0 - 1080, 525)
10-04 19:53:09.553 30152 30254 D SurfaceView@6ca1ffe: updateSurfacePosition RenderWorker, frameNr = 830, position = [0, 55, 1080, 580] surfaceSize = 1080x525
10-04 19:53:09.553 30152 30254 I SurfaceView@6ca1ffe: uSP: rtp = Rect(0, 55 - 1080, 580) rtsw = 1080 rtsh = 525
10-04 19:53:09.553 30152 30254 I SurfaceView@6ca1ffe: onSSPAndSRT: pl = 0 pt = 55 sx = 1.0 sy = 1.0
10-04 19:53:09.554 30152 30254 I SurfaceView@6ca1ffe: aOrMT: ViewRootImpl@3bedb8a[MainActivity] t = android.view.SurfaceControl$Transaction@57a8821 fN = 830 android.view.SurfaceView.-$$Nest$mapplyOrMergeTransaction:0 android.view.SurfaceView$SurfaceViewPositionUpdateListener.positionChanged:1537 android.graphics.RenderNode$CompositePositionUpdateListener.positionChanged:373 
10-04 19:53:09.554 30152 30254 I ViewRootImpl@3bedb8a[MainActivity]: mWNT: t=0x7afd80ae00 mBlastBufferQueue=0x7b79f5d500 fn= 830 caller= android.view.SurfaceView.applyOrMergeTransaction:1455 android.view.SurfaceView.-$$Nest$mapplyOrMergeTransaction:0 android.view.SurfaceView$SurfaceViewPositionUpdateListener.positionChanged:1537 
10-04 19:53:09.554 30152 30254 I ViewRootImpl@3bedb8a[MainActivity]: mWNT: t=0x7afcf55700 mBlastBufferQueue=0x7b79f5d500 fn= 830 caller= android.view.ViewRootImpl.lambda$applyTransactionOnDraw$11$android-view-ViewRootImpl:12865 android.view.ViewRootImpl$$ExternalSyntheticLambda1.onFrameDraw:4 android.graphics.HardwareRenderer$FrameDrawingCallback.onFrameDraw:924 
10-04 19:53:09.565 30152 30152 I SurfaceView@6ca1ffe: Changes: creating=false format=false size=false visible=false alpha=false hint=false mUseAlpha=false visible=false left=false top=true
10-04 19:53:09.565 30152 30152 I SurfaceView@6ca1ffe: 113909758 Cur surface: Surface(name=null)/@0x8f9ea7a
10-04 19:53:09.566 30152 30152 I SurfaceView@6ca1ffe: applyTransactionOnVriDraw: vri = ViewRootImpl@3bedb8a[MainActivity] fRS = false t = 0x7afcf55800 android.view.SurfaceView.performSurfaceTransaction:959 android.view.SurfaceView.updateSurface:1105 android.view.SurfaceView.lambda$new$0$android-view-SurfaceView:200 
10-04 19:53:09.566 30152 30152 I ViewRootImpl@3bedb8a[MainActivity]: applyTransactionOnDraw: mRemoved = false isHardwareEnabled = true t = 0x7afcf55800android.view.SurfaceView.applyTransactionOnVriDraw:2048 android.view.SurfaceView.performSurfaceTransaction:959 android.view.SurfaceView.updateSurface:1105 android.view.SurfaceView.lambda$new$0$android-view-SurfaceView:200 android.view.SurfaceView$$ExternalSyntheticLambda5.onPreDraw:2 
10-04 19:53:09.566 30152 30152 I SurfaceView@6ca1ffe: updateSurface: mVisible = true mSurface.isValid() = true
10-04 19:53:09.566 30152 30152 I SurfaceView@6ca1ffe: updateSurface: mSurfaceCreated = true surfaceChanged = false visibleChanged = false
10-04 19:53:09.566 30152 30152 V SurfaceView@6ca1ffe: Layout: x=0 y=146 w=1080 h=525, frame=Rect(0, 0 - 1080, 525)
10-04 19:53:09.568 30152 30255 D SurfaceView@6ca1ffe: updateSurfacePosition RenderWorker, frameNr = 831, position = [0, 146, 1080, 671] surfaceSize = 1080x525
10-04 19:53:09.569 30152 30255 I SurfaceView@6ca1ffe: uSP: rtp = Rect(0, 146 - 1080, 671) rtsw = 1080 rtsh = 525
10-04 19:53:09.569 30152 30255 I SurfaceView@6ca1ffe: onSSPAndSRT: pl = 0 pt = 146 sx = 1.0 sy = 1.0
10-04 19:53:09.569 30152 30255 I SurfaceView@6ca1ffe: aOrMT: ViewRootImpl@3bedb8a[MainActivity] t = android.view.SurfaceControl$Transaction@57a8821 fN = 831 android.view.SurfaceView.-$$Nest$mapplyOrMergeTransaction:0 android.view.SurfaceView$SurfaceViewPositionUpdateListener.positionChanged:1537 android.graphics.RenderNode$CompositePositionUpdateListener.positionChanged:373 
10-04 19:53:09.569 30152 30255 I ViewRootImpl@3bedb8a[MainActivity]: mWNT: t=0x7afd80ae00 mBlastBufferQueue=0x7b79f5d500 fn= 831 caller= android.view.SurfaceView.applyOrMergeTransaction:1455 android.view.SurfaceView.-$$Nest$mapplyOrMergeTransaction:0 android.view.SurfaceView$SurfaceViewPositionUpdateListener.positionChanged:1537 
10-04 19:53:09.569 30152 30255 I ViewRootImpl@3bedb8a[MainActivity]: mWNT: t=0x7afcf55800 mBlastBufferQueue=0x7b79f5d500 fn= 831 caller= android.view.ViewRootImpl.lambda$applyTransactionOnDraw$11$android-view-ViewRootImpl:12865 android.view.ViewRootImpl$$ExternalSyntheticLambda1.onFrameDraw:4 android.graphics.HardwareRenderer$FrameDrawingCallback.onFrameDraw:924 
10-04 19:53:09.582 30152 30152 I SurfaceView@6ca1ffe: Changes: creating=false format=false size=false visible=false alpha=false hint=false mUseAlpha=false visible=false left=false top=true
10-04 19:53:09.582 30152 30152 I SurfaceView@6ca1ffe: 113909758 Cur surface: Surface(name=null)/@0x8f9ea7a
10-04 19:53:09.582 30152 30152 I SurfaceView@6ca1ffe: applyTransactionOnVriDraw: vri = ViewRootImpl@3bedb8a[MainActivity] fRS = false t = 0x7afcf55900 android.view.SurfaceView.performSurfaceTransaction:959 android.view.SurfaceView.updateSurface:1105 android.view.SurfaceView.lambda$new$0$android-view-SurfaceView:200 
10-04 19:53:09.582 30152 30152 I ViewRootImpl@3bedb8a[MainActivity]: applyTransactionOnDraw: mRemoved = false isHardwareEnabled = true t = 0x7afcf55900android.view.SurfaceView.applyTransactionOnVriDraw:2048 android.view.SurfaceView.performSurfaceTransaction:959 android.view.SurfaceView.updateSurface:1105 android.view.SurfaceView.lambda$new$0$android-view-SurfaceView:200 android.view.SurfaceView$$ExternalSyntheticLambda5.onPreDraw:2 
10-04 19:53:09.582 30152 30152 I SurfaceView@6ca1ffe: updateSurface: mVisible = true mSurface.isValid() = true
10-04 19:53:09.582 30152 30152 I SurfaceView@6ca1ffe: updateSurface: mSurfaceCreated = true surfaceChanged = false visibleChanged = false
10-04 19:53:09.582 30152 30152 V SurfaceView@6ca1ffe: Layout: x=0 y=218 w=1080 h=525, frame=Rect(0, 0 - 1080, 525)
10-04 19:53:09.585 30152 30254 D SurfaceView@6ca1ffe: updateSurfacePosition RenderWorker, frameNr = 832, position = [0, 218, 1080, 743] surfaceSize = 1080x525
10-04 19:53:09.585 30152 30254 I SurfaceView@6ca1ffe: uSP: rtp = Rect(0, 218 - 1080, 743) rtsw = 1080 rtsh = 525
10-04 19:53:09.585 30152 30254 I SurfaceView@6ca1ffe: onSSPAndSRT: pl = 0 pt = 218 sx = 1.0 sy = 1.0
10-04 19:53:09.585 30152 30254 I SurfaceView@6ca1ffe: aOrMT: ViewRootImpl@3bedb8a[MainActivity] t = android.view.SurfaceControl$Transaction@57a8821 fN = 832 android.view.SurfaceView.-$$Nest$mapplyOrMergeTransaction:0 android.view.SurfaceView$SurfaceViewPositionUpdateListener.positionChanged:1537 android.graphics.RenderNode$CompositePositionUpdateListener.positionChanged:373 
10-04 19:53:09.585 30152 30254 I ViewRootImpl@3bedb8a[MainActivity]: mWNT: t=0x7afd80ae00 mBlastBufferQueue=0x7b79f5d500 fn= 832 caller= android.view.SurfaceView.applyOrMergeTransaction:1455 android.view.SurfaceView.-$$Nest$mapplyOrMergeTransaction:0 android.view.SurfaceView$SurfaceViewPositionUpdateListener.positionChanged:1537 
10-04 19:53:09.585 30152 30254 I ViewRootImpl@3bedb8a[MainActivity]: mWNT: t=0x7afcf55900 mBlastBufferQueue=0x7b79f5d500 fn= 832 caller= android.view.ViewRootImpl.lambda$applyTransactionOnDraw$11$android-view-ViewRootImpl:12865 android.view.ViewRootImpl$$ExternalSyntheticLambda1.onFrameDraw:4 android.graphics.HardwareRenderer$FrameDrawingCallback.onFrameDraw:924 
10-04 19:53:11.412 30152 30152 I ViewRootImpl@3bedb8a[MainActivity]: ViewPostIme pointer 0
10-04 19:53:11.463 30152 30152 I ViewRootImpl@3bedb8a[MainActivity]: ViewPostIme pointer 1
10-04 19:53:11.466 30152 30152 D popFragment: Destroying Fragment
10-04 19:53:11.483 30152 30152 I IMM_LC  : hsifw() - flag : 0
10-04 19:53:11.483 30152 30152 I IMM_LC  : hsifw() - mService.hideSoftInput
10-04 19:53:11.494 30152 30152 I CS3ExoPlayer: onStop
10-04 19:53:11.494 30152 30152 I CS3ExoPlayer: saveData
10-04 19:53:11.495 30152 30152 I CS3ExoPlayer: handleEvent Pause
10-04 19:53:11.498 30152 30152 I DecorView: notifyKeepScreenOnChanged: keepScreenOn=false
10-04 19:53:11.498 30152 30152 I MSHandlerLifeCycle: check: return. pkg=com.lagradost.cloudstream3 isActivity=false callers=com.android.internal.policy.DecorView.setVisibility:4412 android.app.Dialog.show:454 com.lagradost.cloudstream3.utils.AppContextUtils.ownShow:129 com.lagradost.cloudstream3.ui.home.HomeFragment.onCreateView:442 androidx.fragment.app.Fragment.performCreateView:3114 
10-04 19:53:11.499 30152 30152 I MSHandlerLifeCycle: removeMultiSplitHandler: no exist. decor=DecorView@ea60dec[MainActivity]
10-04 19:53:11.665 30152 30152 I ViewRootImpl@15aef0[MainActivity]: performTraversals params={(0,0)(fillxfill) gr=CENTER sim={adjust=resize} ty=APPLICATION fmt=TRANSPARENT wanim=0xffffffff
10-04 19:53:11.665 30152 30152 I ViewRootImpl@15aef0[MainActivity]:   fl=85810100
10-04 19:53:11.665 30152 30152 I ViewRootImpl@15aef0[MainActivity]:   pfl=12020040
10-04 19:53:11.665 30152 30152 I ViewRootImpl@15aef0[MainActivity]:   vsysui=500
10-04 19:53:11.665 30152 30152 I ViewRootImpl@15aef0[MainActivity]:   bhv=DEFAULT
10-04 19:53:11.665 30152 30152 I ViewRootImpl@15aef0[MainActivity]:   fitSides= naviIconColor=0}
