10-04 23:26:49.612  3949  3949 D VideoClickActionHolder: allVideoClickActions: [null:com.lagradost.cloudstream3.actions.temp.PlayInBrowserAction, null:com.lagradost.cloudstream3.actions.temp.CopyClipboardAction, null:com.lagradost.cloudstream3.actions.temp.ViewM3U8Action, null:com.lagradost.cloudstream3.actions.temp.VlcPackage, null:com.lagradost.cloudstream3.actions.temp.MpvPackage, null:com.lagradost.cloudstream3.actions.temp.NextPlayerPackage, null:com.lagradost.cloudstream3.actions.temp.JustPlayerPackage, null:com.lagradost.cloudstream3.actions.temp.fcast.FcastAction, null:com.lagradost.cloudstream3.actions.temp.LibreTorrentPackage, null:com.lagradost.cloudstream3.actions.temp.BiglyBTPackage, null:com.lagradost.cloudstream3.actions.temp.VlcNightlyPackage, null:com.lagradost.cloudstream3.actions.temp.WebVideoCastPackage, null:com.lagradost.cloudstream3.actions.temp.MpvYTDLPackage, null:com.lagradost.cloudstream3.actions.temp.MpvKtPackage, null:com.lagradost.cloudstream3.actions.temp.MpvKtPreviewPackage, null:com.lagradost.cloudstream3.actions.AlwaysAskAction]
10-04 23:26:49.613  3949  3949 I IMM_LC  : hsifw() - flag : 0
10-04 23:26:49.614  3949  3949 I IMM_LC  : hsifw() - mService.hideSoftInput
10-04 23:26:49.616  3949  4001 I SYNCVM  : addFromUrl = https://wecima.now/watch/%d9%85%d8%b4%d8%a7%d9%87%d8%af%d8%a9-%d9%85%d8%b3%d9%84%d8%b3%d9%84-loves-ambition-%d9%85%d9%88%d8%b3%d9%85-1-%d8%ad%d9%84%d9%82%d8%a9-13/
10-04 23:26:49.617  3949  4001 I SYNCUTIL: getIdsFromUrl https://wecima.now/watch/%d9%85%d8%b4%d8%a7%d9%87%d8%af%d8%a9-%d9%85%d8%b3%d9%84%d8%b3%d9%84-loves-ambition-%d9%85%d9%88%d8%b3%d9%85-1-%d8%ad%d9%84%d9%82%d8%a9-13/
10-04 23:26:49.631  3949  3949 I SurfaceView@71fc2c5: onWindowVisibilityChanged(8) false android.view.SurfaceView{71fc2c5 V.E...... ......I. 0,0-0,0} of ViewRootImpl@383d106[MainActivity]
10-04 23:26:49.631  3949  3949 D SurfaceView@71fc2c5: updateSurface: has no frame
10-04 23:26:49.631  3949  3949 D SurfaceView@71fc2c5: updateSurface: has no frame
10-04 23:26:49.631  3949  3949 I SurfaceView@71fc2c5: onDetachedFromWindow: tryReleaseSurfaces()
10-04 23:26:49.631  3949  3949 I SurfaceView@71fc2c5: releaseSurfaces: viewRoot = ViewRootImpl@383d106[MainActivity]
10-04 23:26:49.632  3949  3949 I SurfaceView@71fc2c5: applyTransactionOnVriDraw: vri = ViewRootImpl@383d106[MainActivity] fRS = true t = 0x7b3dbed500 android.view.SurfaceView.releaseSurfaces:858 android.view.SurfaceView.onDetachedFromWindow:500 android.view.View.dispatchDetachedFromWindow:22538 
10-04 23:26:49.632  3949  3949 I SurfaceView@71fc2c5: applyTransactionOnVriDraw: viewRoot.applyTransactionOnDrawFromReleaseSurfaces
10-04 23:26:49.632  3949  3949 I ViewRootImpl@383d106[MainActivity]: applyTransactionOnDraw: mRemoved = false isHardwareEnabled = true t = 0x7b3dbed500android.view.ViewRootImpl.applyTransactionOnDrawFromReleaseSurfaces:12850 android.view.SurfaceView.applyTransactionOnVriDraw:2046 android.view.SurfaceView.releaseSurfaces:858 android.view.SurfaceView.onDetachedFromWindow:500 android.view.View.dispatchDetachedFromWindow:22538 
10-04 23:26:49.633  3949  3949 I SurfaceView@71fc2c5: onWindowVisibilityChanged(0) true android.view.SurfaceView{71fc2c5 V.E...... ......I. 0,0-0,0} of ViewRootImpl@383d106[MainActivity]
10-04 23:26:49.633  3949  3949 D SurfaceView@71fc2c5: updateSurface: has no frame
10-04 23:26:49.638  3949  3949 I DecorView: notifyKeepScreenOnChanged: keepScreenOn=false
10-04 23:26:49.651  3949  3949 I CS3ExoPlayer: reloadPlayer
10-04 23:26:49.651  3949  3949 I CS3ExoPlayer: releasePlayer
10-04 23:26:49.651  3949  3949 I CS3ExoPlayer: Handle event: PlayerAttachedEvent(player=null, source=Player)
10-04 23:26:49.657  3949  3949 I ViewRootImpl@383d106[MainActivity]: performTraversals params={(0,0)(fillxfill) sim={state=always_hidden adjust=resize} ty=BASE_APPLICATION wanim=0x1030309
10-04 23:26:49.657  3949  3949 I ViewRootImpl@383d106[MainActivity]:   fl=85810100
10-04 23:26:49.657  3949  3949 I ViewRootImpl@383d106[MainActivity]:   pfl=12020040
10-04 23:26:49.657  3949  3949 I ViewRootImpl@383d106[MainActivity]:   vsysui=500
10-04 23:26:49.657  3949  3949 I ViewRootImpl@383d106[MainActivity]:   bhv=DEFAULT
10-04 23:26:49.657  3949  3949 I ViewRootImpl@383d106[MainActivity]:   fitSides= naviIconColor=0}
10-04 23:26:49.657  3949  3949 I ViewRootImpl@383d106[MainActivity]: performTraversals mFirst=false windowShouldResize=false viewVisibilityChanged=false mForceNextWindowRelayout=false params={(0,0)(fillxfill) sim={state=always_hidden adjust=resize} ty=BASE_APPLICATION fmt=TRANSLUCENT wanim=0x1030309
10-04 23:26:49.657  3949  3949 I ViewRootImpl@383d106[MainActivity]:   fl=85810100
10-04 23:26:49.657  3949  3949 I ViewRootImpl@383d106[MainActivity]:   pfl=12020040
10-04 23:26:49.657  3949  3949 I ViewRootImpl@383d106[MainActivity]:   vsysui=500
10-04 23:26:49.657  3949  3949 I ViewRootImpl@383d106[MainActivity]:   bhv=DEFAULT
10-04 23:26:49.657  3949  3949 I ViewRootImpl@383d106[MainActivity]:   fitSides= naviIconColor=0}
10-04 23:26:49.666  3949  3949 I ViewRootImpl@383d106[MainActivity]: updateBlastSurfaceIfNeeded mBlastBufferQueue=0x7b3d7d5d00 isSameSurfaceControl=true
10-04 23:26:49.666  3949  3949 I BLASTBufferQueue: update, w= 1080 h= 2400 mName = ViewRootImpl@383d106[MainActivity] mNativeObject= 0x7b3d7d5d00 sc.mNativeObject= 0x7b0828b580 format= -3 caller= android.view.ViewRootImpl.updateBlastSurfaceIfNeeded:2898 android.view.ViewRootImpl.relayoutWindow:9847 android.view.ViewRootImpl.performTraversals:3884 android.view.ViewRootImpl.doTraversal:3116 android.view.ViewRootImpl$TraversalRunnable.run:10885 android.view.Choreographer$CallbackRecord.run:1301 
10-04 23:26:49.666  3949  3949 I ViewRootImpl@383d106[MainActivity]: Relayout returned: old=(0,0,1080,2400) new=(0,0,1080,2400) req=(1080,2400)0 dur=9 res=0x0 s={true 0x7b78f94800} ch=false seqId=0
10-04 23:26:49.668  3949  3949 W View    : requestLayout() improperly called by android.widget.FrameLayout{32aa1b5 I.E...... ......I. 0,0-0,0 #7f0a04e7 app:id/start_panel} during layout: running second layout pass
10-04 23:26:49.668  3949  3949 W View    : requestLayout() improperly called by android.widget.FrameLayout{d6a304a I.E...... ......ID 1080,0-1080,2143 #7f0a0168 app:id/end_panel} during layout: running second layout pass
10-04 23:26:49.669  3949  3949 D SurfaceView@71fc2c5: updateSurface: has no frame
10-04 23:26:49.674  3949  4047 I ViewRootImpl@383d106[MainActivity]: mWNT: t=0x7b3dbed500 mBlastBufferQueue=0x7b3d7d5d00 fn= 474 caller= android.view.ViewRootImpl.lambda$applyTransactionOnDraw$11$android-view-ViewRootImpl:12865 android.view.ViewRootImpl$$ExternalSyntheticLambda1.onFrameDraw:4 android.graphics.HardwareRenderer$FrameDrawingCallback.onFrameDraw:924 
10-04 23:26:49.676  3949  3949 D SurfaceView@71fc2c5: updateSurface: has no frame
10-04 23:26:49.693  3949  3949 D SurfaceView@71fc2c5: updateSurface: has no frame
10-04 23:26:49.714  3949  3949 D SurfaceView@71fc2c5: updateSurface: has no frame
10-04 23:26:49.735  3949  3949 D SurfaceView@71fc2c5: updateSurface: has no frame
10-04 23:26:49.749  3949  3949 D SurfaceView@71fc2c5: updateSurface: has no frame
10-04 23:26:49.766  3949  3949 D SurfaceView@71fc2c5: updateSurface: has no frame
10-04 23:26:49.783  3949  3949 D SurfaceView@71fc2c5: updateSurface: has no frame
10-04 23:26:49.799  3949  3949 D SurfaceView@71fc2c5: updateSurface: has no frame
10-04 23:26:49.816  3949  3949 D SurfaceView@71fc2c5: updateSurface: has no frame
10-04 23:26:49.839  3949  3949 D SurfaceView@71fc2c5: updateSurface: has no frame
10-04 23:26:49.875  3949  3949 D SurfaceView@71fc2c5: updateSurface: has no frame
10-04 23:26:49.883  3949  3949 D SurfaceView@71fc2c5: updateSurface: has no frame
10-04 23:26:49.899  3949  3949 D SurfaceView@71fc2c5: updateSurface: has no frame
10-04 23:26:49.916  3949  3949 D SurfaceView@71fc2c5: updateSurface: has no frame
10-04 23:26:49.933  3949  3949 D SurfaceView@71fc2c5: updateSurface: has no frame
10-04 23:26:49.949  3949  3949 D SurfaceView@71fc2c5: updateSurface: has no frame
10-04 23:26:49.966  3949  3949 D SurfaceView@71fc2c5: updateSurface: has no frame
10-04 23:26:49.982  3949  3949 D SurfaceView@71fc2c5: updateSurface: has no frame
10-04 23:26:49.999  3949  3949 D SurfaceView@71fc2c5: updateSurface: has no frame
10-04 23:26:50.016  3949  3949 D SurfaceView@71fc2c5: updateSurface: has no frame
10-04 23:26:50.033  3949  3949 D SurfaceView@71fc2c5: updateSurface: has no frame
10-04 23:26:50.049  3949  3949 D SurfaceView@71fc2c5: updateSurface: has no frame
10-04 23:26:50.066  3949  3949 D SurfaceView@71fc2c5: updateSurface: has no frame
10-04 23:26:50.082  3949  3949 D SurfaceView@71fc2c5: updateSurface: has no frame
10-04 23:26:50.099  3949  3949 D SurfaceView@71fc2c5: updateSurface: has no frame
10-04 23:26:50.116  3949  3949 D SurfaceView@71fc2c5: updateSurface: has no frame
10-04 23:26:50.133  3949  3949 D SurfaceView@71fc2c5: updateSurface: has no frame
10-04 23:26:50.149  3949  3949 D SurfaceView@71fc2c5: updateSurface: has no frame
10-04 23:26:50.166  3949  3949 D SurfaceView@71fc2c5: updateSurface: has no frame
10-04 23:26:50.182  3949  3949 D SurfaceView@71fc2c5: updateSurface: has no frame
10-04 23:26:50.199  3949  3949 D SurfaceView@71fc2c5: updateSurface: has no frame
10-04 23:26:50.216  3949  3949 D SurfaceView@71fc2c5: updateSurface: has no frame
10-04 23:26:50.232  3949  3949 D SurfaceView@71fc2c5: updateSurface: has no frame
10-04 23:26:50.249  3949  3949 D SurfaceView@71fc2c5: updateSurface: has no frame
10-04 23:26:50.266  3949  3949 D SurfaceView@71fc2c5: updateSurface: has no frame
10-04 23:26:50.280  3949  4006 I RVM2    : applyMeta
10-04 23:26:50.283  3949  3949 D SurfaceView@71fc2c5: updateSurface: has no frame
10-04 23:26:50.299  3949  3949 D SurfaceView@71fc2c5: updateSurface: has no frame
10-04 23:26:50.316  3949  3949 D SurfaceView@71fc2c5: updateSurface: has no frame
10-04 23:26:50.333  3949  3949 D SurfaceView@71fc2c5: updateSurface: has no frame
10-04 23:26:50.349  3949  3949 D SurfaceView@71fc2c5: updateSurface: has no frame
10-04 23:26:50.366  3949  3949 D SurfaceView@71fc2c5: updateSurface: has no frame
10-04 23:26:50.382  3949  3949 D SurfaceView@71fc2c5: updateSurface: has no frame
10-04 23:26:50.399  3949  3949 D SurfaceView@71fc2c5: updateSurface: has no frame
10-04 23:26:50.416  3949  3949 D SurfaceView@71fc2c5: updateSurface: has no frame
10-04 23:26:50.460  3949  3949 D SurfaceView@71fc2c5: updateSurface: has no frame
10-04 23:26:50.468  3949  3949 D SurfaceView@71fc2c5: updateSurface: has no frame
10-04 23:26:50.471  3949  3960 I st.cloudstream3: Background concurrent copying GC freed 10MB AllocSpace bytes, 63(8160KB) LOS objects, 49% free, 20MB/41MB, paused 427us,91us total 144.755ms
10-04 23:26:50.482  3949  3949 D SurfaceView@71fc2c5: updateSurface: has no frame
10-04 23:26:50.499  3949  3949 D SurfaceView@71fc2c5: updateSurface: has no frame
10-04 23:26:50.515  3949  3949 D SurfaceView@71fc2c5: updateSurface: has no frame
10-04 23:26:50.532  3949  3949 D SurfaceView@71fc2c5: updateSurface: has no frame
10-04 23:26:50.549  3949  3949 D SurfaceView@71fc2c5: updateSurface: has no frame
10-04 23:26:50.565  3949  3949 D SurfaceView@71fc2c5: updateSurface: has no frame
10-04 23:26:50.582  3949  3949 D SurfaceView@71fc2c5: updateSurface: has no frame
10-04 23:26:50.599  3949  3949 D SurfaceView@71fc2c5: updateSurface: has no frame
10-04 23:26:50.615  3949  3949 D SurfaceView@71fc2c5: updateSurface: has no frame
10-04 23:26:50.632  3949  3949 D SurfaceView@71fc2c5: updateSurface: has no frame
10-04 23:26:50.643  3949  3949 W PanelsChildGestureRegionObserver: failed to register view with ID 2131362800. already registered
10-04 23:26:50.646  3949  3949 E CoilImgLoader: Error loading image: coil3.request.NullRequestDataException: The request's data is null.
10-04 23:26:50.654  3949  3949 E CoilImgLoader: Error loading image: coil3.request.NullRequestDataException: The request's data is null.
10-04 23:26:50.691  3949  4001 I SYNCVM  : addFromUrl = https://wecima.now/watch/%d9%85%d8%b4%d8%a7%d9%87%d8%af%d8%a9-%d9%85%d8%b3%d9%84%d8%b3%d9%84-loves-ambition-%d9%85%d9%88%d8%b3%d9%85-1-%d8%ad%d9%84%d9%82%d8%a9-13/
10-04 23:26:50.692  3949  4001 I SYNCUTIL: getIdsFromUrl https://wecima.now/watch/%d9%85%d8%b4%d8%a7%d9%87%d8%af%d8%a9-%d9%85%d8%b3%d9%84%d8%b3%d9%84-loves-ambition-%d9%85%d9%88%d8%b3%d9%85-1-%d8%ad%d9%84%d9%82%d8%a9-13/
10-04 23:26:50.861  3949  3949 D SurfaceView@71fc2c5: updateSurface: has no frame
10-04 23:26:50.864  3949  3949 I SurfaceView@71fc2c5: Changes: creating=true format=true size=true visible=true alpha=false hint=false mUseAlpha=false visible=true left=true top=true
10-04 23:26:50.867  3949  3949 I BLASTBufferQueue: update, w= 1080 h= 525 mName = null mNativeObject= 0x7b5cc98b00 sc.mNativeObject= 0x7afc5af2e0 format= 4 caller= android.view.SurfaceView.createBlastSurfaceControls:1383 android.view.SurfaceView.updateSurface:1079 android.view.SurfaceView.lambda$new$0$android-view-SurfaceView:200 android.view.SurfaceView$$ExternalSyntheticLambda5.onPreDraw:2 android.view.ViewTreeObserver.dispatchOnPreDraw:1121 android.view.ViewRootImpl.performTraversals:4442 
10-04 23:26:50.868  3949  3949 I SurfaceView@71fc2c5: 119521989 Cur surface: Surface(name=null)/@0x257021b
10-04 23:26:50.868  3949  3949 I SurfaceView@71fc2c5: pST: sr = Rect(0, 218 - 1080, 743) sw = 1080 sh = 525
10-04 23:26:50.868  3949  3949 D SurfaceView@71fc2c5: performSurfaceTransaction RenderWorker position = [0, 218, 1080, 743] surfaceSize = 1080x525
10-04 23:26:50.868  3949  3949 I SurfaceView@71fc2c5: applyTransactionOnVriDraw: vri = ViewRootImpl@383d106[MainActivity] fRS = false t = 0x7b1dedcd00 android.view.SurfaceView.performSurfaceTransaction:959 android.view.SurfaceView.updateSurface:1105 android.view.SurfaceView.lambda$new$0$android-view-SurfaceView:200 
10-04 23:26:50.868  3949  3949 I ViewRootImpl@383d106[MainActivity]: applyTransactionOnDraw: mRemoved = false isHardwareEnabled = true t = 0x7b1dedcd00android.view.SurfaceView.applyTransactionOnVriDraw:2048 android.view.SurfaceView.performSurfaceTransaction:959 android.view.SurfaceView.updateSurface:1105 android.view.SurfaceView.lambda$new$0$android-view-SurfaceView:200 android.view.SurfaceView$$ExternalSyntheticLambda5.onPreDraw:2 
10-04 23:26:50.868  3949  3949 I SurfaceView@71fc2c5: updateSurface: mVisible = true mSurface.isValid() = true
10-04 23:26:50.868  3949  3949 I SurfaceView@71fc2c5: updateSurface: mSurfaceCreated = false surfaceChanged = true visibleChanged = true
10-04 23:26:50.868  3949  3949 I SurfaceView@71fc2c5: visibleChanged -- surfaceCreated
10-04 23:26:50.868  3949  3949 I SurfaceView@71fc2c5: surfaceCreated 0 #8 android.view.SurfaceView{71fc2c5 V.E...... ......ID 0,0-1080,525}
10-04 23:26:50.868  3949  3949 I SurfaceView@71fc2c5: surfaceChanged -- format=4 w=1080 h=525
10-04 23:26:50.868  3949  3949 I SurfaceView@71fc2c5: surfaceChanged (1080,525) 0 #8 android.view.SurfaceView{71fc2c5 V.E...... ......ID 0,0-1080,525}
10-04 23:26:50.868  3949  3949 I SurfaceView@71fc2c5: surfaceRedrawNeeded
10-04 23:26:50.869  3949  3949 V SurfaceView@71fc2c5: Layout: x=0 y=218 w=1080 h=525, frame=Rect(0, 0 - 1080, 525)
10-04 23:26:50.883  3949  4046 D SurfaceView@71fc2c5: updateSurfacePosition RenderWorker, frameNr = 531, position = [0, 218, 1080, 743] surfaceSize = 1080x525
10-04 23:26:50.883  3949  4046 I SurfaceView@71fc2c5: uSP: rtp = Rect(0, 218 - 1080, 743) rtsw = 1080 rtsh = 525
10-04 23:26:50.883  3949  4046 I SurfaceView@71fc2c5: onSSPAndSRT: pl = 0 pt = 218 sx = 1.0 sy = 1.0
10-04 23:26:50.883  3949  4046 I SurfaceView@71fc2c5: aOrMT: ViewRootImpl@383d106[MainActivity] t = android.view.SurfaceControl$Transaction@f8af64 fN = 531 android.view.SurfaceView.-$$Nest$mapplyOrMergeTransaction:0 android.view.SurfaceView$SurfaceViewPositionUpdateListener.positionChanged:1537 android.graphics.RenderNode$CompositePositionUpdateListener.positionChanged:373 
10-04 23:26:50.883  3949  4046 I ViewRootImpl@383d106[MainActivity]: mWNT: t=0x7b1dedce00 mBlastBufferQueue=0x7b3d7d5d00 fn= 531 caller= android.view.SurfaceView.applyOrMergeTransaction:1455 android.view.SurfaceView.-$$Nest$mapplyOrMergeTransaction:0 android.view.SurfaceView$SurfaceViewPositionUpdateListener.positionChanged:1537 
10-04 23:26:50.884  3949  4046 I ViewRootImpl@383d106[MainActivity]: mWNT: t=0x7b1dedcd00 mBlastBufferQueue=0x7b3d7d5d00 fn= 531 caller= android.view.ViewRootImpl.lambda$applyTransactionOnDraw$11$android-view-ViewRootImpl:12865 android.view.ViewRootImpl$$ExternalSyntheticLambda1.onFrameDraw:4 android.graphics.HardwareRenderer$FrameDrawingCallback.onFrameDraw:924 
10-04 23:26:50.942  3949  3949 I SurfaceView@71fc2c5: finishedDrawing
10-04 23:26:52.229  3949  3949 I ViewRootImpl@383d106[MainActivity]: ViewPostIme pointer 0
10-04 23:26:52.295  3949  3949 I SurfaceView@71fc2c5: Changes: creating=false format=false size=false visible=false alpha=false hint=false mUseAlpha=false visible=false left=false top=true
10-04 23:26:52.295  3949  3949 I SurfaceView@71fc2c5: 119521989 Cur surface: Surface(name=null)/@0x257021b
10-04 23:26:52.296  3949  3949 I SurfaceView@71fc2c5: applyTransactionOnVriDraw: vri = ViewRootImpl@383d106[MainActivity] fRS = false t = 0x7b1e0b3e00 android.view.SurfaceView.performSurfaceTransaction:959 android.view.SurfaceView.updateSurface:1105 android.view.SurfaceView.lambda$new$0$android-view-SurfaceView:200 
10-04 23:26:52.297  3949  3949 I ViewRootImpl@383d106[MainActivity]: applyTransactionOnDraw: mRemoved = false isHardwareEnabled = true t = 0x7b1e0b3e00android.view.SurfaceView.applyTransactionOnVriDraw:2048 android.view.SurfaceView.performSurfaceTransaction:959 android.view.SurfaceView.updateSurface:1105 android.view.SurfaceView.lambda$new$0$android-view-SurfaceView:200 android.view.SurfaceView$$ExternalSyntheticLambda5.onPreDraw:2 
10-04 23:26:52.297  3949  3949 I SurfaceView@71fc2c5: updateSurface: mVisible = true mSurface.isValid() = true
10-04 23:26:52.297  3949  3949 I SurfaceView@71fc2c5: updateSurface: mSurfaceCreated = true surfaceChanged = false visibleChanged = false
10-04 23:26:52.297  3949  3949 V SurfaceView@71fc2c5: Layout: x=0 y=104 w=1080 h=525, frame=Rect(0, 0 - 1080, 525)
10-04 23:26:52.302  3949  4047 D SurfaceView@71fc2c5: updateSurfacePosition RenderWorker, frameNr = 552, position = [0, 104, 1080, 629] surfaceSize = 1080x525
10-04 23:26:52.302  3949  4047 I SurfaceView@71fc2c5: uSP: rtp = Rect(0, 104 - 1080, 629) rtsw = 1080 rtsh = 525
10-04 23:26:52.302  3949  4047 I SurfaceView@71fc2c5: onSSPAndSRT: pl = 0 pt = 104 sx = 1.0 sy = 1.0
10-04 23:26:52.302  3949  4047 I SurfaceView@71fc2c5: aOrMT: ViewRootImpl@383d106[MainActivity] t = android.view.SurfaceControl$Transaction@f8af64 fN = 552 android.view.SurfaceView.-$$Nest$mapplyOrMergeTransaction:0 android.view.SurfaceView$SurfaceViewPositionUpdateListener.positionChanged:1537 android.graphics.RenderNode$CompositePositionUpdateListener.positionChanged:373 
10-04 23:26:52.304  3949  4047 I ViewRootImpl@383d106[MainActivity]: mWNT: t=0x7b1dedce00 mBlastBufferQueue=0x7b3d7d5d00 fn= 552 caller= android.view.SurfaceView.applyOrMergeTransaction:1455 android.view.SurfaceView.-$$Nest$mapplyOrMergeTransaction:0 android.view.SurfaceView$SurfaceViewPositionUpdateListener.positionChanged:1537 
10-04 23:26:52.305  3949  4047 I ViewRootImpl@383d106[MainActivity]: mWNT: t=0x7b1e0b3e00 mBlastBufferQueue=0x7b3d7d5d00 fn= 552 caller= android.view.ViewRootImpl.lambda$applyTransactionOnDraw$11$android-view-ViewRootImpl:12865 android.view.ViewRootImpl$$ExternalSyntheticLambda1.onFrameDraw:4 android.graphics.HardwareRenderer$FrameDrawingCallback.onFrameDraw:924 
10-04 23:26:52.306  3949  3949 I ViewRootImpl@383d106[MainActivity]: ViewPostIme pointer 1
10-04 23:26:52.317  3949  3949 I SurfaceView@71fc2c5: Changes: creating=false format=false size=false visible=false alpha=false hint=false mUseAlpha=false visible=false left=false top=true
10-04 23:26:52.317  3949  3949 I SurfaceView@71fc2c5: 119521989 Cur surface: Surface(name=null)/@0x257021b
10-04 23:26:52.318  3949  3949 I SurfaceView@71fc2c5: applyTransactionOnVriDraw: vri = ViewRootImpl@383d106[MainActivity] fRS = false t = 0x7b1e0b3100 android.view.SurfaceView.performSurfaceTransaction:959 android.view.SurfaceView.updateSurface:1105 android.view.SurfaceView.lambda$new$0$android-view-SurfaceView:200 
10-04 23:26:52.319  3949  3949 I ViewRootImpl@383d106[MainActivity]: applyTransactionOnDraw: mRemoved = false isHardwareEnabled = true t = 0x7b1e0b3100android.view.SurfaceView.applyTransactionOnVriDraw:2048 android.view.SurfaceView.performSurfaceTransaction:959 android.view.SurfaceView.updateSurface:1105 android.view.SurfaceView.lambda$new$0$android-view-SurfaceView:200 android.view.SurfaceView$$ExternalSyntheticLambda5.onPreDraw:2 
10-04 23:26:52.319  3949  3949 I SurfaceView@71fc2c5: updateSurface: mVisible = true mSurface.isValid() = true
10-04 23:26:52.319  3949  3949 I SurfaceView@71fc2c5: updateSurface: mSurfaceCreated = true surfaceChanged = false visibleChanged = false
10-04 23:26:52.319  3949  3949 V SurfaceView@71fc2c5: Layout: x=0 y=32 w=1080 h=525, frame=Rect(0, 0 - 1080, 525)
10-04 23:26:52.329  3949  4046 D SurfaceView@71fc2c5: updateSurfacePosition RenderWorker, frameNr = 553, position = [0, 32, 1080, 557] surfaceSize = 1080x525
10-04 23:26:52.329  3949  4046 I SurfaceView@71fc2c5: uSP: rtp = Rect(0, 32 - 1080, 557) rtsw = 1080 rtsh = 525
10-04 23:26:52.329  3949  4046 I SurfaceView@71fc2c5: onSSPAndSRT: pl = 0 pt = 32 sx = 1.0 sy = 1.0
10-04 23:26:52.329  3949  4046 I SurfaceView@71fc2c5: aOrMT: ViewRootImpl@383d106[MainActivity] t = android.view.SurfaceControl$Transaction@f8af64 fN = 553 android.view.SurfaceView.-$$Nest$mapplyOrMergeTransaction:0 android.view.SurfaceView$SurfaceViewPositionUpdateListener.positionChanged:1537 android.graphics.RenderNode$CompositePositionUpdateListener.positionChanged:373 
10-04 23:26:52.329  3949  4046 I ViewRootImpl@383d106[MainActivity]: mWNT: t=0x7b1dedce00 mBlastBufferQueue=0x7b3d7d5d00 fn= 553 caller= android.view.SurfaceView.applyOrMergeTransaction:1455 android.view.SurfaceView.-$$Nest$mapplyOrMergeTransaction:0 android.view.SurfaceView$SurfaceViewPositionUpdateListener.positionChanged:1537 
10-04 23:26:52.330  3949  4046 I ViewRootImpl@383d106[MainActivity]: mWNT: t=0x7b1e0b3100 mBlastBufferQueue=0x7b3d7d5d00 fn= 553 caller= android.view.ViewRootImpl.lambda$applyTransactionOnDraw$11$android-view-ViewRootImpl:12865 android.view.ViewRootImpl$$ExternalSyntheticLambda1.onFrameDraw:4 android.graphics.HardwareRenderer$FrameDrawingCallback.onFrameDraw:924 
10-04 23:26:52.339  3949  3949 I SurfaceView@71fc2c5: Changes: creating=false format=false size=false visible=false alpha=false hint=false mUseAlpha=false visible=false left=false top=true
10-04 23:26:52.339  3949  3949 I SurfaceView@71fc2c5: 119521989 Cur surface: Surface(name=null)/@0x257021b
10-04 23:26:52.339  3949  3949 I SurfaceView@71fc2c5: applyTransactionOnVriDraw: vri = ViewRootImpl@383d106[MainActivity] fRS = false t = 0x7b79104000 android.view.SurfaceView.performSurfaceTransaction:959 android.view.SurfaceView.updateSurface:1105 android.view.SurfaceView.lambda$new$0$android-view-SurfaceView:200 
10-04 23:26:52.339  3949  3949 I ViewRootImpl@383d106[MainActivity]: applyTransactionOnDraw: mRemoved = false isHardwareEnabled = true t = 0x7b79104000android.view.SurfaceView.applyTransactionOnVriDraw:2048 android.view.SurfaceView.performSurfaceTransaction:959 android.view.SurfaceView.updateSurface:1105 android.view.SurfaceView.lambda$new$0$android-view-SurfaceView:200 android.view.SurfaceView$$ExternalSyntheticLambda5.onPreDraw:2 
10-04 23:26:52.339  3949  3949 I SurfaceView@71fc2c5: updateSurface: mVisible = true mSurface.isValid() = true
10-04 23:26:52.340  3949  3949 I SurfaceView@71fc2c5: updateSurface: mSurfaceCreated = true surfaceChanged = false visibleChanged = false
10-04 23:26:52.340  3949  3949 V SurfaceView@71fc2c5: Layout: x=0 y=-61 w=1080 h=525, frame=Rect(0, 0 - 1080, 525)
10-04 23:26:52.344  3949  4047 D SurfaceView@71fc2c5: updateSurfacePosition RenderWorker, frameNr = 554, position = [0, -61, 1080, 464] surfaceSize = 1080x525
10-04 23:26:52.344  3949  4047 I SurfaceView@71fc2c5: uSP: rtp = Rect(0, -61 - 1080, 464) rtsw = 1080 rtsh = 525
10-04 23:26:52.344  3949  4047 I SurfaceView@71fc2c5: onSSPAndSRT: pl = 0 pt = -61 sx = 1.0 sy = 1.0
10-04 23:26:52.344  3949  4047 I SurfaceView@71fc2c5: aOrMT: ViewRootImpl@383d106[MainActivity] t = android.view.SurfaceControl$Transaction@f8af64 fN = 554 android.view.SurfaceView.-$$Nest$mapplyOrMergeTransaction:0 android.view.SurfaceView$SurfaceViewPositionUpdateListener.positionChanged:1537 android.graphics.RenderNode$CompositePositionUpdateListener.positionChanged:373 
10-04 23:26:52.345  3949  4047 I ViewRootImpl@383d106[MainActivity]: mWNT: t=0x7b1dedce00 mBlastBufferQueue=0x7b3d7d5d00 fn= 554 caller= android.view.SurfaceView.applyOrMergeTransaction:1455 android.view.SurfaceView.-$$Nest$mapplyOrMergeTransaction:0 android.view.SurfaceView$SurfaceViewPositionUpdateListener.positionChanged:1537 
10-04 23:26:52.345  3949  4047 I ViewRootImpl@383d106[MainActivity]: mWNT: t=0x7b79104000 mBlastBufferQueue=0x7b3d7d5d00 fn= 554 caller= android.view.ViewRootImpl.lambda$applyTransactionOnDraw$11$android-view-ViewRootImpl:12865 android.view.ViewRootImpl$$ExternalSyntheticLambda1.onFrameDraw:4 android.graphics.HardwareRenderer$FrameDrawingCallback.onFrameDraw:924 
10-04 23:26:52.352  3949  3949 I SurfaceView@71fc2c5: Changes: creating=false format=false size=false visible=false alpha=false hint=false mUseAlpha=false visible=false left=false top=true
10-04 23:26:52.352  3949  3949 I SurfaceView@71fc2c5: 119521989 Cur surface: Surface(name=null)/@0x257021b
10-04 23:26:52.353  3949  3949 I SurfaceView@71fc2c5: applyTransactionOnVriDraw: vri = ViewRootImpl@383d106[MainActivity] fRS = false t = 0x7b79104100 android.view.SurfaceView.performSurfaceTransaction:959 android.view.SurfaceView.updateSurface:1105 android.view.SurfaceView.lambda$new$0$android-view-SurfaceView:200 
10-04 23:26:52.353  3949  3949 I ViewRootImpl@383d106[MainActivity]: applyTransactionOnDraw: mRemoved = false isHardwareEnabled = true t = 0x7b79104100android.view.SurfaceView.applyTransactionOnVriDraw:2048 android.view.SurfaceView.performSurfaceTransaction:959 android.view.SurfaceView.updateSurface:1105 android.view.SurfaceView.lambda$new$0$android-view-SurfaceView:200 android.view.SurfaceView$$ExternalSyntheticLambda5.onPreDraw:2 
10-04 23:26:52.353  3949  3949 I SurfaceView@71fc2c5: updateSurface: mVisible = true mSurface.isValid() = true
10-04 23:26:52.353  3949  3949 I SurfaceView@71fc2c5: updateSurface: mSurfaceCreated = true surfaceChanged = false visibleChanged = false
10-04 23:26:52.353  3949  3949 V SurfaceView@71fc2c5: Layout: x=0 y=-179 w=1080 h=525, frame=Rect(0, 0 - 1080, 525)
10-04 23:26:52.357  3949  4046 D SurfaceView@71fc2c5: updateSurfacePosition RenderWorker, frameNr = 555, position = [0, -179, 1080, 346] surfaceSize = 1080x525
10-04 23:26:52.357  3949  4046 I SurfaceView@71fc2c5: uSP: rtp = Rect(0, -179 - 1080, 346) rtsw = 1080 rtsh = 525
10-04 23:26:52.357  3949  4046 I SurfaceView@71fc2c5: onSSPAndSRT: pl = 0 pt = -179 sx = 1.0 sy = 1.0
10-04 23:26:52.357  3949  4046 I SurfaceView@71fc2c5: aOrMT: ViewRootImpl@383d106[MainActivity] t = android.view.SurfaceControl$Transaction@f8af64 fN = 555 android.view.SurfaceView.-$$Nest$mapplyOrMergeTransaction:0 android.view.SurfaceView$SurfaceViewPositionUpdateListener.positionChanged:1537 android.graphics.RenderNode$CompositePositionUpdateListener.positionChanged:373 
10-04 23:26:52.357  3949  4046 I ViewRootImpl@383d106[MainActivity]: mWNT: t=0x7b1dedce00 mBlastBufferQueue=0x7b3d7d5d00 fn= 555 caller= android.view.SurfaceView.applyOrMergeTransaction:1455 android.view.SurfaceView.-$$Nest$mapplyOrMergeTransaction:0 android.view.SurfaceView$SurfaceViewPositionUpdateListener.positionChanged:1537 
10-04 23:26:52.358  3949  4046 I ViewRootImpl@383d106[MainActivity]: mWNT: t=0x7b79104100 mBlastBufferQueue=0x7b3d7d5d00 fn= 555 caller= android.view.ViewRootImpl.lambda$applyTransactionOnDraw$11$android-view-ViewRootImpl:12865 android.view.ViewRootImpl$$ExternalSyntheticLambda1.onFrameDraw:4 android.graphics.HardwareRenderer$FrameDrawingCallback.onFrameDraw:924 
10-04 23:26:52.366  3949  3949 I SurfaceView@71fc2c5: Changes: creating=false format=false size=false visible=false alpha=false hint=false mUseAlpha=false visible=false left=false top=true
10-04 23:26:52.366  3949  3949 I SurfaceView@71fc2c5: 119521989 Cur surface: Surface(name=null)/@0x257021b
10-04 23:26:52.366  3949  3949 I SurfaceView@71fc2c5: applyTransactionOnVriDraw: vri = ViewRootImpl@383d106[MainActivity] fRS = false t = 0x7b79000200 android.view.SurfaceView.performSurfaceTransaction:959 android.view.SurfaceView.updateSurface:1105 android.view.SurfaceView.lambda$new$0$android-view-SurfaceView:200 
10-04 23:26:52.367  3949  3949 I ViewRootImpl@383d106[MainActivity]: applyTransactionOnDraw: mRemoved = false isHardwareEnabled = true t = 0x7b79000200android.view.SurfaceView.applyTransactionOnVriDraw:2048 android.view.SurfaceView.performSurfaceTransaction:959 android.view.SurfaceView.updateSurface:1105 android.view.SurfaceView.lambda$new$0$android-view-SurfaceView:200 android.view.SurfaceView$$ExternalSyntheticLambda5.onPreDraw:2 
10-04 23:26:52.367  3949  3949 I SurfaceView@71fc2c5: updateSurface: mVisible = true mSurface.isValid() = true
10-04 23:26:52.367  3949  3949 I SurfaceView@71fc2c5: updateSurface: mSurfaceCreated = true surfaceChanged = false visibleChanged = false
10-04 23:26:52.367  3949  3949 V SurfaceView@71fc2c5: Layout: x=0 y=-305 w=1080 h=525, frame=Rect(0, 0 - 1080, 525)
10-04 23:26:52.370  3949  4047 I ViewRootImpl@383d106[MainActivity]: mWNT: t=0x7b79000200 mBlastBufferQueue=0x7b3d7d5d00 fn= 556 caller= android.view.ViewRootImpl.lambda$applyTransactionOnDraw$11$android-view-ViewRootImpl:12865 android.view.ViewRootImpl$$ExternalSyntheticLambda1.onFrameDraw:4 android.graphics.HardwareRenderer$FrameDrawingCallback.onFrameDraw:924 
10-04 23:26:52.383  3949  3949 I SurfaceView@71fc2c5: Changes: creating=false format=false size=false visible=false alpha=false hint=false mUseAlpha=false visible=false left=false top=true
10-04 23:26:52.383  3949  3949 I SurfaceView@71fc2c5: 119521989 Cur surface: Surface(name=null)/@0x257021b
10-04 23:26:52.383  3949  3949 I SurfaceView@71fc2c5: applyTransactionOnVriDraw: vri = ViewRootImpl@383d106[MainActivity] fRS = false t = 0x7b79104200 android.view.SurfaceView.performSurfaceTransaction:959 android.view.SurfaceView.updateSurface:1105 android.view.SurfaceView.lambda$new$0$android-view-SurfaceView:200 
10-04 23:26:52.383  3949  3949 I ViewRootImpl@383d106[MainActivity]: applyTransactionOnDraw: mRemoved = false isHardwareEnabled = true t = 0x7b79104200android.view.SurfaceView.applyTransactionOnVriDraw:2048 android.view.SurfaceView.performSurfaceTransaction:959 android.view.SurfaceView.updateSurface:1105 android.view.SurfaceView.lambda$new$0$android-view-SurfaceView:200 android.view.SurfaceView$$ExternalSyntheticLambda5.onPreDraw:2 
10-04 23:26:52.384  3949  3949 I SurfaceView@71fc2c5: updateSurface: mVisible = true mSurface.isValid() = true
10-04 23:26:52.384  3949  3949 I SurfaceView@71fc2c5: updateSurface: mSurfaceCreated = true surfaceChanged = false visibleChanged = false
10-04 23:26:52.384  3949  3949 V SurfaceView@71fc2c5: Layout: x=0 y=-438 w=1080 h=525, frame=Rect(0, 0 - 1080, 525)
10-04 23:26:52.387  3949  4046 D SurfaceView@71fc2c5: updateSurfacePosition RenderWorker, frameNr = 557, position = [0, -438, 1080, 87] surfaceSize = 1080x525
10-04 23:26:52.387  3949  4046 I SurfaceView@71fc2c5: uSP: rtp = Rect(0, -438 - 1080, 87) rtsw = 1080 rtsh = 525
10-04 23:26:52.387  3949  4046 I SurfaceView@71fc2c5: onSSPAndSRT: pl = 0 pt = -438 sx = 1.0 sy = 1.0
10-04 23:26:52.388  3949  4046 I SurfaceView@71fc2c5: aOrMT: ViewRootImpl@383d106[MainActivity] t = android.view.SurfaceControl$Transaction@f8af64 fN = 557 android.view.SurfaceView.-$$Nest$mapplyOrMergeTransaction:0 android.view.SurfaceView$SurfaceViewPositionUpdateListener.positionChanged:1537 android.graphics.RenderNode$CompositePositionUpdateListener.positionChanged:373 
10-04 23:26:52.388  3949  4046 I ViewRootImpl@383d106[MainActivity]: mWNT: t=0x7b1dedce00 mBlastBufferQueue=0x7b3d7d5d00 fn= 557 caller= android.view.SurfaceView.applyOrMergeTransaction:1455 android.view.SurfaceView.-$$Nest$mapplyOrMergeTransaction:0 android.view.SurfaceView$SurfaceViewPositionUpdateListener.positionChanged:1537 
10-04 23:26:52.388  3949  4046 I ViewRootImpl@383d106[MainActivity]: mWNT: t=0x7b79104200 mBlastBufferQueue=0x7b3d7d5d00 fn= 557 caller= android.view.ViewRootImpl.lambda$applyTransactionOnDraw$11$android-view-ViewRootImpl:12865 android.view.ViewRootImpl$$ExternalSyntheticLambda1.onFrameDraw:4 android.graphics.HardwareRenderer$FrameDrawingCallback.onFrameDraw:924 
10-04 23:26:52.399  3949  3949 I SurfaceView@71fc2c5: Changes: creating=false format=false size=false visible=false alpha=false hint=false mUseAlpha=false visible=false left=false top=true
10-04 23:26:52.399  3949  3949 I SurfaceView@71fc2c5: 119521989 Cur surface: Surface(name=null)/@0x257021b
10-04 23:26:52.400  3949  3949 I SurfaceView@71fc2c5: applyTransactionOnVriDraw: vri = ViewRootImpl@383d106[MainActivity] fRS = false t = 0x7b79104300 android.view.SurfaceView.performSurfaceTransaction:959 android.view.SurfaceView.updateSurface:1105 android.view.SurfaceView.lambda$new$0$android-view-SurfaceView:200 
10-04 23:26:52.400  3949  3949 I ViewRootImpl@383d106[MainActivity]: applyTransactionOnDraw: mRemoved = false isHardwareEnabled = true t = 0x7b79104300android.view.SurfaceView.applyTransactionOnVriDraw:2048 android.view.SurfaceView.performSurfaceTransaction:959 android.view.SurfaceView.updateSurface:1105 android.view.SurfaceView.lambda$new$0$android-view-SurfaceView:200 android.view.SurfaceView$$ExternalSyntheticLambda5.onPreDraw:2 
10-04 23:26:52.400  3949  3949 I SurfaceView@71fc2c5: updateSurface: mVisible = true mSurface.isValid() = true
10-04 23:26:52.400  3949  3949 I SurfaceView@71fc2c5: updateSurface: mSurfaceCreated = true surfaceChanged = false visibleChanged = false
10-04 23:26:52.400  3949  3949 V SurfaceView@71fc2c5: Layout: x=0 y=-569 w=1080 h=525, frame=Rect(0, 0 - 1080, 525)
10-04 23:26:52.403  3949  4047 D SurfaceView@71fc2c5: updateSurfacePosition RenderWorker, frameNr = 558, position = [0, -569, 1080, -44] surfaceSize = 1080x525
10-04 23:26:52.403  3949  4047 I SurfaceView@71fc2c5: uSP: rtp = Rect(0, -569 - 1080, -44) rtsw = 1080 rtsh = 525
10-04 23:26:52.403  3949  4047 I SurfaceView@71fc2c5: onSSPAndSRT: pl = 0 pt = -569 sx = 1.0 sy = 1.0
10-04 23:26:52.403  3949  4047 I SurfaceView@71fc2c5: aOrMT: ViewRootImpl@383d106[MainActivity] t = android.view.SurfaceControl$Transaction@f8af64 fN = 558 android.view.SurfaceView.-$$Nest$mapplyOrMergeTransaction:0 android.view.SurfaceView$SurfaceViewPositionUpdateListener.positionChanged:1537 android.graphics.RenderNode$CompositePositionUpdateListener.positionChanged:373 
10-04 23:26:52.403  3949  4047 I ViewRootImpl@383d106[MainActivity]: mWNT: t=0x7b1dedce00 mBlastBufferQueue=0x7b3d7d5d00 fn= 558 caller= android.view.SurfaceView.applyOrMergeTransaction:1455 android.view.SurfaceView.-$$Nest$mapplyOrMergeTransaction:0 android.view.SurfaceView$SurfaceViewPositionUpdateListener.positionChanged:1537 
10-04 23:26:52.404  3949  4047 I ViewRootImpl@383d106[MainActivity]: mWNT: t=0x7b79104300 mBlastBufferQueue=0x7b3d7d5d00 fn= 558 caller= android.view.ViewRootImpl.lambda$applyTransactionOnDraw$11$android-view-ViewRootImpl:12865 android.view.ViewRootImpl$$ExternalSyntheticLambda1.onFrameDraw:4 android.graphics.HardwareRenderer$FrameDrawingCallback.onFrameDraw:924 
10-04 23:26:52.416  3949  3949 I SurfaceView@71fc2c5: Changes: creating=false format=false size=false visible=false alpha=false hint=false mUseAlpha=false visible=false left=false top=true
10-04 23:26:52.417  3949  3949 I SurfaceView@71fc2c5: 119521989 Cur surface: Surface(name=null)/@0x257021b
10-04 23:26:52.417  3949  3949 I SurfaceView@71fc2c5: applyTransactionOnVriDraw: vri = ViewRootImpl@383d106[MainActivity] fRS = false t = 0x7b79104400 android.view.SurfaceView.performSurfaceTransaction:959 android.view.SurfaceView.updateSurface:1105 android.view.SurfaceView.lambda$new$0$android-view-SurfaceView:200 
10-04 23:26:52.417  3949  3949 I ViewRootImpl@383d106[MainActivity]: applyTransactionOnDraw: mRemoved = false isHardwareEnabled = true t = 0x7b79104400android.view.SurfaceView.applyTransactionOnVriDraw:2048 android.view.SurfaceView.performSurfaceTransaction:959 android.view.SurfaceView.updateSurface:1105 android.view.SurfaceView.lambda$new$0$android-view-SurfaceView:200 android.view.SurfaceView$$ExternalSyntheticLambda5.onPreDraw:2 
10-04 23:26:52.417  3949  3949 I SurfaceView@71fc2c5: updateSurface: mVisible = true mSurface.isValid() = true
10-04 23:26:52.417  3949  3949 I SurfaceView@71fc2c5: updateSurface: mSurfaceCreated = true surfaceChanged = false visibleChanged = false
10-04 23:26:52.417  3949  3949 V SurfaceView@71fc2c5: Layout: x=0 y=-697 w=1080 h=525, frame=Rect(0, 0 - 1080, 525)
10-04 23:26:52.420  3949  4046 D SurfaceView@71fc2c5: updateSurfacePosition RenderWorker, frameNr = 559, position = [0, -697, 1080, -172] surfaceSize = 1080x525
10-04 23:26:52.420  3949  4046 I SurfaceView@71fc2c5: uSP: rtp = Rect(0, -697 - 1080, -172) rtsw = 1080 rtsh = 525
10-04 23:26:52.420  3949  4046 I SurfaceView@71fc2c5: onSSPAndSRT: pl = 0 pt = -697 sx = 1.0 sy = 1.0
10-04 23:26:52.420  3949  4046 I SurfaceView@71fc2c5: aOrMT: ViewRootImpl@383d106[MainActivity] t = android.view.SurfaceControl$Transaction@f8af64 fN = 559 android.view.SurfaceView.-$$Nest$mapplyOrMergeTransaction:0 android.view.SurfaceView$SurfaceViewPositionUpdateListener.positionChanged:1537 android.graphics.RenderNode$CompositePositionUpdateListener.positionChanged:373 
10-04 23:26:52.420  3949  4046 I ViewRootImpl@383d106[MainActivity]: mWNT: t=0x7b1dedce00 mBlastBufferQueue=0x7b3d7d5d00 fn= 559 caller= android.view.SurfaceView.applyOrMergeTransaction:1455 android.view.SurfaceView.-$$Nest$mapplyOrMergeTransaction:0 android.view.SurfaceView$SurfaceViewPositionUpdateListener.positionChanged:1537 
10-04 23:26:52.420  3949  4046 I ViewRootImpl@383d106[MainActivity]: mWNT: t=0x7b79104400 mBlastBufferQueue=0x7b3d7d5d00 fn= 559 caller= android.view.ViewRootImpl.lambda$applyTransactionOnDraw$11$android-view-ViewRootImpl:12865 android.view.ViewRootImpl$$ExternalSyntheticLambda1.onFrameDraw:4 android.graphics.HardwareRenderer$FrameDrawingCallback.onFrameDraw:924 
10-04 23:26:52.433  3949  3949 I SurfaceView@71fc2c5: Changes: creating=false format=false size=false visible=false alpha=false hint=false mUseAlpha=false visible=false left=false top=true
10-04 23:26:52.433  3949  3949 I SurfaceView@71fc2c5: 119521989 Cur surface: Surface(name=null)/@0x257021b
10-04 23:26:52.434  3949  3949 I SurfaceView@71fc2c5: applyTransactionOnVriDraw: vri = ViewRootImpl@383d106[MainActivity] fRS = false t = 0x7bed8c9900 android.view.SurfaceView.performSurfaceTransaction:959 android.view.SurfaceView.updateSurface:1105 android.view.SurfaceView.lambda$new$0$android-view-SurfaceView:200 
10-04 23:26:52.434  3949  3949 I ViewRootImpl@383d106[MainActivity]: applyTransactionOnDraw: mRemoved = false isHardwareEnabled = true t = 0x7bed8c9900android.view.SurfaceView.applyTransactionOnVriDraw:2048 android.view.SurfaceView.performSurfaceTransaction:959 android.view.SurfaceView.updateSurface:1105 android.view.SurfaceView.lambda$new$0$android-view-SurfaceView:200 android.view.SurfaceView$$ExternalSyntheticLambda5.onPreDraw:2 
10-04 23:26:52.434  3949  3949 I SurfaceView@71fc2c5: updateSurface: mVisible = true mSurface.isValid() = true
10-04 23:26:52.434  3949  3949 I SurfaceView@71fc2c5: updateSurface: mSurfaceCreated = true surfaceChanged = false visibleChanged = false
10-04 23:26:52.434  3949  3949 V SurfaceView@71fc2c5: Layout: x=0 y=-831 w=1080 h=525, frame=Rect(0, 0 - 1080, 525)
10-04 23:26:52.437  3949  4047 D SurfaceView@71fc2c5: updateSurfacePosition RenderWorker, frameNr = 560, position = [0, -831, 1080, -306] surfaceSize = 1080x525
10-04 23:26:52.437  3949  4047 I SurfaceView@71fc2c5: uSP: rtp = Rect(0, -831 - 1080, -306) rtsw = 1080 rtsh = 525
10-04 23:26:52.437  3949  4047 I SurfaceView@71fc2c5: onSSPAndSRT: pl = 0 pt = -831 sx = 1.0 sy = 1.0
10-04 23:26:52.438  3949  4047 I SurfaceView@71fc2c5: aOrMT: ViewRootImpl@383d106[MainActivity] t = android.view.SurfaceControl$Transaction@f8af64 fN = 560 android.view.SurfaceView.-$$Nest$mapplyOrMergeTransaction:0 android.view.SurfaceView$SurfaceViewPositionUpdateListener.positionChanged:1537 android.graphics.RenderNode$CompositePositionUpdateListener.positionChanged:373 
10-04 23:26:52.438  3949  4047 I ViewRootImpl@383d106[MainActivity]: mWNT: t=0x7b1dedce00 mBlastBufferQueue=0x7b3d7d5d00 fn= 560 caller= android.view.SurfaceView.applyOrMergeTransaction:1455 android.view.SurfaceView.-$$Nest$mapplyOrMergeTransaction:0 android.view.SurfaceView$SurfaceViewPositionUpdateListener.positionChanged:1537 
10-04 23:26:52.438  3949  4047 I ViewRootImpl@383d106[MainActivity]: mWNT: t=0x7bed8c9900 mBlastBufferQueue=0x7b3d7d5d00 fn= 560 caller= android.view.ViewRootImpl.lambda$applyTransactionOnDraw$11$android-view-ViewRootImpl:12865 android.view.ViewRootImpl$$ExternalSyntheticLambda1.onFrameDraw:4 android.graphics.HardwareRenderer$FrameDrawingCallback.onFrameDraw:924 
10-04 23:26:52.449  3949  3949 I SurfaceView@71fc2c5: Changes: creating=false format=false size=false visible=false alpha=false hint=false mUseAlpha=false visible=false left=false top=true
10-04 23:26:52.449  3949  3949 I SurfaceView@71fc2c5: 119521989 Cur surface: Surface(name=null)/@0x257021b
10-04 23:26:52.449  3949  3949 I SurfaceView@71fc2c5: applyTransactionOnVriDraw: vri = ViewRootImpl@383d106[MainActivity] fRS = false t = 0x7b79104500 android.view.SurfaceView.performSurfaceTransaction:959 android.view.SurfaceView.updateSurface:1105 android.view.SurfaceView.lambda$new$0$android-view-SurfaceView:200 
10-04 23:26:52.450  3949  3949 I ViewRootImpl@383d106[MainActivity]: applyTransactionOnDraw: mRemoved = false isHardwareEnabled = true t = 0x7b79104500android.view.SurfaceView.applyTransactionOnVriDraw:2048 android.view.SurfaceView.performSurfaceTransaction:959 android.view.SurfaceView.updateSurface:1105 android.view.SurfaceView.lambda$new$0$android-view-SurfaceView:200 android.view.SurfaceView$$ExternalSyntheticLambda5.onPreDraw:2 
10-04 23:26:52.450  3949  3949 I SurfaceView@71fc2c5: updateSurface: mVisible = true mSurface.isValid() = true
10-04 23:26:52.450  3949  3949 I SurfaceView@71fc2c5: updateSurface: mSurfaceCreated = true surfaceChanged = false visibleChanged = false
10-04 23:26:52.450  3949  3949 V SurfaceView@71fc2c5: Layout: x=0 y=-961 w=1080 h=525, frame=Rect(0, 0 - 1080, 525)
10-04 23:26:52.453  3949  4046 D SurfaceView@71fc2c5: updateSurfacePosition RenderWorker, frameNr = 561, position = [0, -961, 1080, -436] surfaceSize = 1080x525
10-04 23:26:52.453  3949  4046 I SurfaceView@71fc2c5: uSP: rtp = Rect(0, -961 - 1080, -436) rtsw = 1080 rtsh = 525
10-04 23:26:52.453  3949  4046 I SurfaceView@71fc2c5: onSSPAndSRT: pl = 0 pt = -961 sx = 1.0 sy = 1.0
10-04 23:26:52.453  3949  4046 I SurfaceView@71fc2c5: aOrMT: ViewRootImpl@383d106[MainActivity] t = android.view.SurfaceControl$Transaction@f8af64 fN = 561 android.view.SurfaceView.-$$Nest$mapplyOrMergeTransaction:0 android.view.SurfaceView$SurfaceViewPositionUpdateListener.positionChanged:1537 android.graphics.RenderNode$CompositePositionUpdateListener.positionChanged:373 
10-04 23:26:52.453  3949  4046 I ViewRootImpl@383d106[MainActivity]: mWNT: t=0x7b1dedce00 mBlastBufferQueue=0x7b3d7d5d00 fn= 561 caller= android.view.SurfaceView.applyOrMergeTransaction:1455 android.view.SurfaceView.-$$Nest$mapplyOrMergeTransaction:0 android.view.SurfaceView$SurfaceViewPositionUpdateListener.positionChanged:1537 
10-04 23:26:52.454  3949  4046 I ViewRootImpl@383d106[MainActivity]: mWNT: t=0x7b79104500 mBlastBufferQueue=0x7b3d7d5d00 fn= 561 caller= android.view.ViewRootImpl.lambda$applyTransactionOnDraw$11$android-view-ViewRootImpl:12865 android.view.ViewRootImpl$$ExternalSyntheticLambda1.onFrameDraw:4 android.graphics.HardwareRenderer$FrameDrawingCallback.onFrameDraw:924 
10-04 23:26:52.467  3949  3949 I SurfaceView@71fc2c5: Changes: creating=false format=false size=false visible=false alpha=false hint=false mUseAlpha=false visible=false left=false top=true
10-04 23:26:52.467  3949  3949 I SurfaceView@71fc2c5: 119521989 Cur surface: Surface(name=null)/@0x257021b
10-04 23:26:52.467  3949  3949 I SurfaceView@71fc2c5: applyTransactionOnVriDraw: vri = ViewRootImpl@383d106[MainActivity] fRS = false t = 0x7b79104600 android.view.SurfaceView.performSurfaceTransaction:959 android.view.SurfaceView.updateSurface:1105 android.view.SurfaceView.lambda$new$0$android-view-SurfaceView:200 
10-04 23:26:52.467  3949  3949 I ViewRootImpl@383d106[MainActivity]: applyTransactionOnDraw: mRemoved = false isHardwareEnabled = true t = 0x7b79104600android.view.SurfaceView.applyTransactionOnVriDraw:2048 android.view.SurfaceView.performSurfaceTransaction:959 android.view.SurfaceView.updateSurface:1105 android.view.SurfaceView.lambda$new$0$android-view-SurfaceView:200 android.view.SurfaceView$$ExternalSyntheticLambda5.onPreDraw:2 
10-04 23:26:52.468  3949  3949 I SurfaceView@71fc2c5: updateSurface: mVisible = true mSurface.isValid() = true
10-04 23:26:52.468  3949  3949 I SurfaceView@71fc2c5: updateSurface: mSurfaceCreated = true surfaceChanged = false visibleChanged = false
10-04 23:26:52.468  3949  3949 V SurfaceView@71fc2c5: Layout: x=0 y=-1080 w=1080 h=525, frame=Rect(0, 0 - 1080, 525)
10-04 23:26:52.471  3949  4047 D SurfaceView@71fc2c5: updateSurfacePosition RenderWorker, frameNr = 562, position = [0, -1080, 1080, -555] surfaceSize = 1080x525
10-04 23:26:52.472  3949  4047 I SurfaceView@71fc2c5: uSP: rtp = Rect(0, -1080 - 1080, -555) rtsw = 1080 rtsh = 525
10-04 23:26:52.472  3949  4047 I SurfaceView@71fc2c5: onSSPAndSRT: pl = 0 pt = -1080 sx = 1.0 sy = 1.0
10-04 23:26:52.472  3949  4047 I SurfaceView@71fc2c5: aOrMT: ViewRootImpl@383d106[MainActivity] t = android.view.SurfaceControl$Transaction@f8af64 fN = 562 android.view.SurfaceView.-$$Nest$mapplyOrMergeTransaction:0 android.view.SurfaceView$SurfaceViewPositionUpdateListener.positionChanged:1537 android.graphics.RenderNode$CompositePositionUpdateListener.positionChanged:373 
10-04 23:26:52.472  3949  4047 I ViewRootImpl@383d106[MainActivity]: mWNT: t=0x7b1dedce00 mBlastBufferQueue=0x7b3d7d5d00 fn= 562 caller= android.view.SurfaceView.applyOrMergeTransaction:1455 android.view.SurfaceView.-$$Nest$mapplyOrMergeTransaction:0 android.view.SurfaceView$SurfaceViewPositionUpdateListener.positionChanged:1537 
10-04 23:26:52.472  3949  4047 I ViewRootImpl@383d106[MainActivity]: mWNT: t=0x7b79104600 mBlastBufferQueue=0x7b3d7d5d00 fn= 562 caller= android.view.ViewRootImpl.lambda$applyTransactionOnDraw$11$android-view-ViewRootImpl:12865 android.view.ViewRootImpl$$ExternalSyntheticLambda1.onFrameDraw:4 android.graphics.HardwareRenderer$FrameDrawingCallback.onFrameDraw:924 
10-04 23:26:52.483  3949  3949 I SurfaceView@71fc2c5: Changes: creating=false format=false size=false visible=false alpha=false hint=false mUseAlpha=false visible=false left=false top=true
10-04 23:26:52.483  3949  3949 I SurfaceView@71fc2c5: 119521989 Cur surface: Surface(name=null)/@0x257021b
10-04 23:26:52.484  3949  3949 I SurfaceView@71fc2c5: applyTransactionOnVriDraw: vri = ViewRootImpl@383d106[MainActivity] fRS = false t = 0x7b79104700 android.view.SurfaceView.performSurfaceTransaction:959 android.view.SurfaceView.updateSurface:1105 android.view.SurfaceView.lambda$new$0$android-view-SurfaceView:200 
10-04 23:26:52.484  3949  3949 I ViewRootImpl@383d106[MainActivity]: applyTransactionOnDraw: mRemoved = false isHardwareEnabled = true t = 0x7b79104700android.view.SurfaceView.applyTransactionOnVriDraw:2048 android.view.SurfaceView.performSurfaceTransaction:959 android.view.SurfaceView.updateSurface:1105 android.view.SurfaceView.lambda$new$0$android-view-SurfaceView:200 android.view.SurfaceView$$ExternalSyntheticLambda5.onPreDraw:2 
10-04 23:26:52.484  3949  3949 I SurfaceView@71fc2c5: updateSurface: mVisible = true mSurface.isValid() = true
10-04 23:26:52.484  3949  3949 I SurfaceView@71fc2c5: updateSurface: mSurfaceCreated = true surfaceChanged = false visibleChanged = false
10-04 23:26:52.484  3949  3949 V SurfaceView@71fc2c5: Layout: x=0 y=-1202 w=1080 h=525, frame=Rect(0, 0 - 1080, 525)
10-04 23:26:52.488  3949  4046 D SurfaceView@71fc2c5: updateSurfacePosition RenderWorker, frameNr = 563, position = [0, -1202, 1080, -677] surfaceSize = 1080x525
10-04 23:26:52.488  3949  4046 I SurfaceView@71fc2c5: uSP: rtp = Rect(0, -1202 - 1080, -677) rtsw = 1080 rtsh = 525
10-04 23:26:52.488  3949  4046 I SurfaceView@71fc2c5: onSSPAndSRT: pl = 0 pt = -1202 sx = 1.0 sy = 1.0
10-04 23:26:52.488  3949  4046 I SurfaceView@71fc2c5: aOrMT: ViewRootImpl@383d106[MainActivity] t = android.view.SurfaceControl$Transaction@f8af64 fN = 563 android.view.SurfaceView.-$$Nest$mapplyOrMergeTransaction:0 android.view.SurfaceView$SurfaceViewPositionUpdateListener.positionChanged:1537 android.graphics.RenderNode$CompositePositionUpdateListener.positionChanged:373 
10-04 23:26:52.488  3949  4046 I ViewRootImpl@383d106[MainActivity]: mWNT: t=0x7b1dedce00 mBlastBufferQueue=0x7b3d7d5d00 fn= 563 caller= android.view.SurfaceView.applyOrMergeTransaction:1455 android.view.SurfaceView.-$$Nest$mapplyOrMergeTransaction:0 android.view.SurfaceView$SurfaceViewPositionUpdateListener.positionChanged:1537 
