10-04 21:05:51.117 11827 11827 D InsetsController: onStateChanged: InsetsState: {mDisplayFrame=Rect(0, 0 - 1080, 2400), mDisplayCutout=DisplayCutout{insets=Rect(0, 88 - 0, 0) waterfall=Insets{left=0, top=0, right=0, bottom=0} boundingRect={Bounds=[Rect(0, 0 - 0, 0), Rect(512, 0 - 568, 88), Rect(0, 0 - 0, 0), Rect(0, 0 - 0, 0)]} cutoutPathParserInfo={CutoutPathParserInfo{displayWidth=1080 displayHeight=2400 physicalDisplayWidth=1080 physicalDisplayHeight=2400 density={2.625} cutoutSpec={M 0,0 M 0,12.25101276465640 a 10.60613009248640,10.60613009248640 0 1,0 0,21.21226018497290 a 10.60613009248640,10.60613009248640 0 1,0 0,-21.21226018497290 Z @dp} rotation={0} scale={1.0} physicalPixelDisplaySizeRatio={1.0}}}}, mRoundedCorners=RoundedCorners{[RoundedCorner{position=TopLeft, radius=84, center=Point(84, 84)}, RoundedCorner{position=TopRight, radius=84, center=Point(996, 84)}, RoundedCorner{position=BottomRight, radius=84, center=Point(996, 2316)}, RoundedCorner{position=BottomLeft, radius=84, center=Point(84, 2316)}]}  mRoundedCornerFrame=Rect(0, 0 - 1080, 2400), mPrivacyIndicatorBounds=PrivacyIndicatorBounds {static bounds=Rect(964, 0 - 1080, 87) rotation=0}, mSources= { InsetsSource: {mType=ITYPE_STATUS_BAR, mFrame=[0,0][1080,88], mVisible=true, mInsetsRoundedCornerFrame=false}, InsetsSource: {mType=ITYPE_NAVIGATION_BAR, mFrame=[0,2361][1080,2400], mVisible=true, mInsetsRoundedCornerFrame=false}, InsetsSource: {mType=ITYPE_LEFT_GESTURES, mFrame=[0,0][130,2400], mVisible=true, mInsetsRoundedCornerFrame=false}, InsetsSource: {mType=ITYPE_RIGHT_GESTURES, mFrame=[950,0][1080,2400], mVisible=true, mInsetsRoundedCornerFrame=false}, InsetsSource: {mType=ITYPE_TOP_MANDATORY_GESTURES, mFrame=[0,0][1080,120], mVisible=true, mInsetsRoundedCornerFrame=false}, InsetsSource: {mType=ITYPE_BOTTOM_MANDATORY_GESTURES, mFrame=[0,2316][1080,2400], mVisible=true, mInsetsRoundedCornerFrame=false}, InsetsSource: {mType=ITYPE_LEFT_DISPLAY_CUTOUT, mFrame=[0,0][-100000,2400], mVisible=true, mInsetsRoundedCornerFrame=false}, InsetsSource: {mType=ITYPE_TOP_DISPLAY_CUTOUT, mFrame=[0,0][1080,88], mVisible=true, mInsetsRoundedCornerFrame=false}, InsetsSource: {mType=ITYPE_RIGHT_DISPLAY_CUTOUT, mFrame=[100000,0][1080,2400], mVisible=true, mInsetsRoundedCornerFrame=false}, InsetsSource: {mType=ITYPE_BOTTOM_DISPLAY_CUTOUT, mFrame=[0,100000][1080,2400], mVisible=true, mInsetsRoundedCornerFrame=false}, InsetsSource: {mType=ITYPE_TOP_TAPPABLE_ELEMENT, mFrame=[0,0][1080,88], mVisible=true, mInsetsRoundedCornerFrame=false}, InsetsSource: {mType=ITYPE_BOTTOM_TAPPABLE_ELEMENT, mFrame=[0,0][0,0], mVisible=true, mInsetsRoundedCornerFrame=false} } host=com.lagradost.cloudstream3/com.lagradost.cloudstream3.MainActivity from=android.view.ViewRootImpl.relayoutWindow:9802
10-04 21:05:51.120 11827 11827 I ViewRootImpl@8c0d9ef[MainActivity]: Relayout returned: old=(0,0,1080,2400) new=(0,0,1080,2400) req=(1080,2400)8 dur=10 res=0x2 s={false 0x0} ch=true seqId=0
10-04 21:05:51.124 11827 11827 D SurfaceView@617e23c: updateSurface: has no frame
10-04 21:05:51.137 11827 11827 D SurfaceView@617e23c: updateSurface: has no frame
10-04 21:05:51.154 11827 11827 D SurfaceView@617e23c: updateSurface: has no frame
10-04 21:05:51.155 11827 11827 I ViewRootImpl@8c0d9ef[MainActivity]: MSG_WINDOW_FOCUS_CHANGED 0 0
10-04 21:05:51.157 11827 11827 I ViewRootImpl@fd04a9[MainActivity]: MSG_WINDOW_FOCUS_CHANGED 1 0
10-04 21:05:51.157 11827 11827 I ViewRootImpl@fd04a9[MainActivity]: mThreadedRenderer.initializeIfNeeded()#2 mSurface={isValid=true 0x7b5d011800}
10-04 21:05:51.164 11827 11827 D InputMethodManager: startInputInner - Id : 0
10-04 21:05:51.164 11827 11827 I InputMethodManager: startInputInner - mService.startInputOrWindowGainedFocus
10-04 21:05:51.171 11827 11827 D SurfaceView@617e23c: updateSurface: has no frame
10-04 21:05:51.187 11827 11827 D SurfaceView@617e23c: updateSurface: has no frame
10-04 21:05:51.204 11827 11827 D SurfaceView@617e23c: updateSurface: has no frame
10-04 21:05:51.221 11827 11827 D SurfaceView@617e23c: updateSurface: has no frame
10-04 21:05:51.229 11827 11827 I MSHandlerLifeCycle: check: return. pkg=com.lagradost.cloudstream3 isActivity=false callers=com.android.internal.policy.DecorView.setVisibility:4412 android.app.Dialog.hide:767 com.lagradost.cloudstream3.utils.AppContextUtils.ownHide:123 com.lagradost.cloudstream3.ui.home.HomeFragment.onDestroyView:459 androidx.fragment.app.Fragment.performDestroyView:3357 
10-04 21:05:51.229 11827 11827 I MSHandlerLifeCycle: removeMultiSplitHandler: no exist. decor=DecorView@f0e001b[MainActivity]
10-04 21:05:51.237 11827 11827 D SurfaceView@617e23c: updateSurface: has no frame
10-04 21:05:51.254 11827 11827 D SurfaceView@617e23c: updateSurface: has no frame
10-04 21:05:51.271 11827 11827 D SurfaceView@617e23c: updateSurface: has no frame
10-04 21:05:51.288 11827 11827 D SurfaceView@617e23c: updateSurface: has no frame
10-04 21:05:51.304 11827 11827 D SurfaceView@617e23c: updateSurface: has no frame
10-04 21:05:51.321 11827 11827 D SurfaceView@617e23c: updateSurface: has no frame
10-04 21:05:51.338 11827 11827 D SurfaceView@617e23c: updateSurface: has no frame
10-04 21:05:51.354 11827 11827 D SurfaceView@617e23c: updateSurface: has no frame
10-04 21:05:51.371 11827 11827 D SurfaceView@617e23c: updateSurface: has no frame
10-04 21:05:51.387 11827 11827 D SurfaceView@617e23c: updateSurface: has no frame
10-04 21:05:51.404 11827 11827 D SurfaceView@617e23c: updateSurface: has no frame
10-04 21:05:51.421 11827 11827 D SurfaceView@617e23c: updateSurface: has no frame
10-04 21:05:51.437 11827 11827 D SurfaceView@617e23c: updateSurface: has no frame
10-04 21:05:51.454 11827 11827 D SurfaceView@617e23c: updateSurface: has no frame
10-04 21:05:51.471 11827 11827 D SurfaceView@617e23c: updateSurface: has no frame
10-04 21:05:51.487 11827 11827 D SurfaceView@617e23c: updateSurface: has no frame
10-04 21:05:51.504 11827 11827 D SurfaceView@617e23c: updateSurface: has no frame
10-04 21:05:51.520 11827 11827 D SurfaceView@617e23c: updateSurface: has no frame
10-04 21:05:51.537 11827 11827 D SurfaceView@617e23c: updateSurface: has no frame
10-04 21:05:51.554 11827 11827 D SurfaceView@617e23c: updateSurface: has no frame
10-04 21:05:51.571 11827 11827 D SurfaceView@617e23c: updateSurface: has no frame
10-04 21:05:51.587 11827 11827 D SurfaceView@617e23c: updateSurface: has no frame
10-04 21:05:51.604 11827 11827 D SurfaceView@617e23c: updateSurface: has no frame
10-04 21:05:51.621 11827 11827 D SurfaceView@617e23c: updateSurface: has no frame
10-04 21:05:51.637 11827 11827 D SurfaceView@617e23c: updateSurface: has no frame
10-04 21:05:51.654 11827 11827 D SurfaceView@617e23c: updateSurface: has no frame
10-04 21:05:51.670 11827 11827 D SurfaceView@617e23c: updateSurface: has no frame
10-04 21:05:51.687 11827 11827 D SurfaceView@617e23c: updateSurface: has no frame
10-04 21:05:51.704 11827 11827 D SurfaceView@617e23c: updateSurface: has no frame
10-04 21:05:51.720 11827 11827 D SurfaceView@617e23c: updateSurface: has no frame
10-04 21:05:51.737 11827 11827 D SurfaceView@617e23c: updateSurface: has no frame
10-04 21:05:51.754 11827 11827 D SurfaceView@617e23c: updateSurface: has no frame
10-04 21:05:51.770 11827 11827 D SurfaceView@617e23c: updateSurface: has no frame
10-04 21:05:51.787 11827 11827 D SurfaceView@617e23c: updateSurface: has no frame
10-04 21:05:51.804 11827 11827 D SurfaceView@617e23c: updateSurface: has no frame
10-04 21:05:51.821 11827 11827 D SurfaceView@617e23c: updateSurface: has no frame
10-04 21:05:51.837 11827 11827 D SurfaceView@617e23c: updateSurface: has no frame
10-04 21:05:51.854 11827 11827 D SurfaceView@617e23c: updateSurface: has no frame
10-04 21:05:51.871 11827 11827 D SurfaceView@617e23c: updateSurface: has no frame
10-04 21:05:51.887 11827 11827 D SurfaceView@617e23c: updateSurface: has no frame
10-04 21:05:51.904 11827 11827 D SurfaceView@617e23c: updateSurface: has no frame
10-04 21:05:51.920 11827 11827 D SurfaceView@617e23c: updateSurface: has no frame
10-04 21:05:51.937 11827 11827 D SurfaceView@617e23c: updateSurface: has no frame
10-04 21:05:51.954 11827 11827 D SurfaceView@617e23c: updateSurface: has no frame
10-04 21:05:51.970 11827 11827 D SurfaceView@617e23c: updateSurface: has no frame
10-04 21:05:51.987 11827 11827 D SurfaceView@617e23c: updateSurface: has no frame
10-04 21:05:52.004 11827 11827 D SurfaceView@617e23c: updateSurface: has no frame
10-04 21:05:52.020 11827 11827 D SurfaceView@617e23c: updateSurface: has no frame
10-04 21:05:52.037 11827 11827 D SurfaceView@617e23c: updateSurface: has no frame
10-04 21:05:52.054 11827 11827 D SurfaceView@617e23c: updateSurface: has no frame
10-04 21:05:52.070 11827 11827 D SurfaceView@617e23c: updateSurface: has no frame
10-04 21:05:52.087 11827 11827 D SurfaceView@617e23c: updateSurface: has no frame
10-04 21:05:52.104 11827 11827 D SurfaceView@617e23c: updateSurface: has no frame
10-04 21:05:52.121 11827 11827 D SurfaceView@617e23c: updateSurface: has no frame
10-04 21:05:52.137 11827 11827 D SurfaceView@617e23c: updateSurface: has no frame
10-04 21:05:52.154 11827 11827 D SurfaceView@617e23c: updateSurface: has no frame
10-04 21:05:52.170 11827 11827 D SurfaceView@617e23c: updateSurface: has no frame
10-04 21:05:52.187 11827 11827 D SurfaceView@617e23c: updateSurface: has no frame
10-04 21:05:52.204 11827 11827 D SurfaceView@617e23c: updateSurface: has no frame
10-04 21:05:52.220 11827 11827 D SurfaceView@617e23c: updateSurface: has no frame
10-04 21:05:52.237 11827 11827 D SurfaceView@617e23c: updateSurface: has no frame
10-04 21:05:52.254 11827 11827 D SurfaceView@617e23c: updateSurface: has no frame
10-04 21:05:52.270 11827 11827 D SurfaceView@617e23c: updateSurface: has no frame
10-04 21:05:52.287 11827 11827 D SurfaceView@617e23c: updateSurface: has no frame
10-04 21:05:52.303 11827 11827 D SurfaceView@617e23c: updateSurface: has no frame
10-04 21:05:52.320 11827 11827 D SurfaceView@617e23c: updateSurface: has no frame
10-04 21:05:52.337 11827 11827 D SurfaceView@617e23c: updateSurface: has no frame
10-04 21:05:52.354 11827 11827 D SurfaceView@617e23c: updateSurface: has no frame
10-04 21:05:52.370 11827 11827 D SurfaceView@617e23c: updateSurface: has no frame
10-04 21:05:52.386 11827 11827 D SurfaceView@617e23c: updateSurface: has no frame
10-04 21:05:52.403 11827 11827 D SurfaceView@617e23c: updateSurface: has no frame
10-04 21:05:52.420 11827 11827 D SurfaceView@617e23c: updateSurface: has no frame
10-04 21:05:52.436 11827 11827 D SurfaceView@617e23c: updateSurface: has no frame
10-04 21:05:52.453 11827 11827 D SurfaceView@617e23c: updateSurface: has no frame
10-04 21:05:52.470 11827 11827 D SurfaceView@617e23c: updateSurface: has no frame
10-04 21:05:52.486 11827 11827 D SurfaceView@617e23c: updateSurface: has no frame
10-04 21:05:52.503 11827 11827 D SurfaceView@617e23c: updateSurface: has no frame
10-04 21:05:52.520 11827 11827 D SurfaceView@617e23c: updateSurface: has no frame
10-04 21:05:52.536 11827 11827 D SurfaceView@617e23c: updateSurface: has no frame
10-04 21:05:52.553 11827 11827 D SurfaceView@617e23c: updateSurface: has no frame
10-04 21:05:52.570 11827 11827 D SurfaceView@617e23c: updateSurface: has no frame
10-04 21:05:52.587 11827 11827 D SurfaceView@617e23c: updateSurface: has no frame
10-04 21:05:52.603 11827 11827 D SurfaceView@617e23c: updateSurface: has no frame
10-04 21:05:52.621 11827 11827 D SurfaceView@617e23c: updateSurface: has no frame
10-04 21:05:52.636 11827 11827 D SurfaceView@617e23c: updateSurface: has no frame
10-04 21:05:52.653 11827 11827 D SurfaceView@617e23c: updateSurface: has no frame
10-04 21:05:52.670 11827 11827 D SurfaceView@617e23c: updateSurface: has no frame
10-04 21:05:52.686 11827 11827 D SurfaceView@617e23c: updateSurface: has no frame
10-04 21:05:52.703 11827 11827 D SurfaceView@617e23c: updateSurface: has no frame
10-04 21:05:52.720 11827 11827 D SurfaceView@617e23c: updateSurface: has no frame
10-04 21:05:52.736 11827 11827 D SurfaceView@617e23c: updateSurface: has no frame
10-04 21:05:52.752 11827 11827 D SurfaceView@617e23c: updateSurface: has no frame
10-04 21:05:52.769 11827 11827 D SurfaceView@617e23c: updateSurface: has no frame
10-04 21:05:52.786 11827 11827 D SurfaceView@617e23c: updateSurface: has no frame
10-04 21:05:52.802 11827 11827 D SurfaceView@617e23c: updateSurface: has no frame
10-04 21:05:52.819 11827 11827 D SurfaceView@617e23c: updateSurface: has no frame
10-04 21:05:52.836 11827 11827 D SurfaceView@617e23c: updateSurface: has no frame
10-04 21:05:52.852 11827 11827 D SurfaceView@617e23c: updateSurface: has no frame
10-04 21:05:52.869 11827 11827 D SurfaceView@617e23c: updateSurface: has no frame
10-04 21:05:52.886 11827 11827 D SurfaceView@617e23c: updateSurface: has no frame
10-04 21:05:52.903 11827 11827 D SurfaceView@617e23c: updateSurface: has no frame
10-04 21:05:52.919 11827 11827 D SurfaceView@617e23c: updateSurface: has no frame
10-04 21:05:52.936 11827 11827 D SurfaceView@617e23c: updateSurface: has no frame
10-04 21:05:52.953 11827 11827 D SurfaceView@617e23c: updateSurface: has no frame
10-04 21:05:52.969 11827 11827 D SurfaceView@617e23c: updateSurface: has no frame
10-04 21:05:52.986 11827 11827 D SurfaceView@617e23c: updateSurface: has no frame
10-04 21:05:53.002 11827 11827 D SurfaceView@617e23c: updateSurface: has no frame
10-04 21:05:53.019 11827 11827 D SurfaceView@617e23c: updateSurface: has no frame
10-04 21:05:53.036 11827 11827 D SurfaceView@617e23c: updateSurface: has no frame
10-04 21:05:53.052 11827 11827 D SurfaceView@617e23c: updateSurface: has no frame
10-04 21:05:53.077 11827 11827 D SurfaceView@617e23c: updateSurface: has no frame
10-04 21:05:53.089 11827 11827 D SurfaceView@617e23c: updateSurface: has no frame
10-04 21:05:53.110 11827 11827 D SurfaceView@617e23c: updateSurface: has no frame
10-04 21:05:53.119 11827 11827 D SurfaceView@617e23c: updateSurface: has no frame
10-04 21:05:53.120 11827 11836 I st.cloudstream3: Background concurrent copying GC freed 10MB AllocSpace bytes, 56(10MB) LOS objects, 40% free, 35MB/59MB, paused 444us,66us total 228.764ms
10-04 21:05:53.136 11827 11827 D SurfaceView@617e23c: updateSurface: has no frame
10-04 21:05:53.142 11827 11850 D OpenGLRenderer: setSurface called with nullptr
10-04 21:05:53.143 11827 11837 D InputTransport: Input channel destroyed: 'ClientS', fd=154
10-04 21:05:53.152 11827 11827 D SurfaceView@617e23c: updateSurface: has no frame
10-04 21:05:53.160 11827 11850 D OpenGLRenderer: setSurface called with nullptr
10-04 21:05:53.161 11827 11837 D InputTransport: Input channel destroyed: 'ClientS', fd=235
10-04 21:05:53.169 11827 11827 D SurfaceView@617e23c: updateSurface: has no frame
10-04 21:05:53.178 11827 11850 D OpenGLRenderer: setSurface called with nullptr
10-04 21:05:53.178 11827 11837 D InputTransport: Input channel destroyed: 'ClientS', fd=121
10-04 21:05:53.178 11827 11837 D InputTransport: Input channel destroyed: 'ClientS', fd=119
10-04 21:05:53.179 11827 11837 D InputTransport: Input channel destroyed: 'ClientS', fd=180
10-04 21:05:53.181 11827 11837 D InputTransport: Input channel destroyed: 'ClientS', fd=128
10-04 21:05:53.185 11827 11827 D SurfaceView@617e23c: updateSurface: has no frame
10-04 21:05:53.202 11827 11827 D SurfaceView@617e23c: updateSurface: has no frame
10-04 21:05:53.219 11827 11827 D SurfaceView@617e23c: updateSurface: has no frame
10-04 21:05:53.235 11827 11827 D SurfaceView@617e23c: updateSurface: has no frame
10-04 21:05:53.252 11827 11827 D SurfaceView@617e23c: updateSurface: has no frame
10-04 21:05:53.269 11827 11827 D SurfaceView@617e23c: updateSurface: has no frame
10-04 21:05:53.285 11827 11827 D SurfaceView@617e23c: updateSurface: has no frame
10-04 21:05:53.302 11827 11827 D SurfaceView@617e23c: updateSurface: has no frame
10-04 21:05:53.319 11827 11827 D SurfaceView@617e23c: updateSurface: has no frame
10-04 21:05:53.336 11827 11827 D SurfaceView@617e23c: updateSurface: has no frame
10-04 21:05:53.352 11827 11827 D SurfaceView@617e23c: updateSurface: has no frame
10-04 21:05:53.369 11827 11827 D SurfaceView@617e23c: updateSurface: has no frame
10-04 21:05:53.385 11827 11827 D SurfaceView@617e23c: updateSurface: has no frame
10-04 21:05:53.402 11827 11827 D SurfaceView@617e23c: updateSurface: has no frame
10-04 21:05:53.419 11827 11827 D SurfaceView@617e23c: updateSurface: has no frame
10-04 21:05:53.436 11827 11827 D SurfaceView@617e23c: updateSurface: has no frame
10-04 21:05:53.452 11827 11827 D SurfaceView@617e23c: updateSurface: has no frame
10-04 21:05:53.469 11827 11827 D SurfaceView@617e23c: updateSurface: has no frame
10-04 21:05:53.485 11827 11827 D SurfaceView@617e23c: updateSurface: has no frame
10-04 21:05:53.502 11827 11827 D SurfaceView@617e23c: updateSurface: has no frame
10-04 21:05:53.519 11827 11827 D SurfaceView@617e23c: updateSurface: has no frame
10-04 21:05:53.536 11827 11827 D SurfaceView@617e23c: updateSurface: has no frame
10-04 21:05:53.552 11827 11827 D SurfaceView@617e23c: updateSurface: has no frame
10-04 21:05:53.569 11827 11827 D SurfaceView@617e23c: updateSurface: has no frame
10-04 21:05:53.585 11827 11827 D SurfaceView@617e23c: updateSurface: has no frame
10-04 21:05:53.602 11827 11827 D SurfaceView@617e23c: updateSurface: has no frame
10-04 21:05:53.618 11827 11827 D SurfaceView@617e23c: updateSurface: has no frame
10-04 21:05:53.635 11827 11827 D SurfaceView@617e23c: updateSurface: has no frame
10-04 21:05:53.652 11827 11827 D SurfaceView@617e23c: updateSurface: has no frame
10-04 21:05:53.668 11827 11827 D SurfaceView@617e23c: updateSurface: has no frame
10-04 21:05:53.685 11827 11827 D SurfaceView@617e23c: updateSurface: has no frame
10-04 21:05:53.702 11827 11827 D SurfaceView@617e23c: updateSurface: has no frame
10-04 21:05:53.719 11827 11827 D SurfaceView@617e23c: updateSurface: has no frame
10-04 21:05:53.735 11827 11827 D SurfaceView@617e23c: updateSurface: has no frame
10-04 21:05:53.752 11827 11827 D SurfaceView@617e23c: updateSurface: has no frame
10-04 21:05:53.769 11827 11827 D SurfaceView@617e23c: updateSurface: has no frame
10-04 21:05:53.785 11827 11827 D SurfaceView@617e23c: updateSurface: has no frame
10-04 21:05:53.802 11827 11827 D SurfaceView@617e23c: updateSurface: has no frame
10-04 21:05:53.818 11827 11827 D SurfaceView@617e23c: updateSurface: has no frame
10-04 21:05:53.835 11827 11827 D SurfaceView@617e23c: updateSurface: has no frame
10-04 21:05:53.852 11827 11827 D SurfaceView@617e23c: updateSurface: has no frame
10-04 21:05:53.868 11827 11827 D SurfaceView@617e23c: updateSurface: has no frame
10-04 21:05:53.885 11827 11827 D SurfaceView@617e23c: updateSurface: has no frame
10-04 21:05:53.902 11827 11827 D SurfaceView@617e23c: updateSurface: has no frame
10-04 21:05:53.918 11827 11827 D SurfaceView@617e23c: updateSurface: has no frame
10-04 21:05:53.935 11827 11827 D SurfaceView@617e23c: updateSurface: has no frame
10-04 21:05:53.952 11827 11827 D SurfaceView@617e23c: updateSurface: has no frame
10-04 21:05:53.968 11827 11827 D SurfaceView@617e23c: updateSurface: has no frame
10-04 21:05:53.985 11827 11827 D SurfaceView@617e23c: updateSurface: has no frame
10-04 21:05:54.002 11827 11827 D SurfaceView@617e23c: updateSurface: has no frame
10-04 21:05:54.018 11827 11827 D SurfaceView@617e23c: updateSurface: has no frame
10-04 21:05:54.035 11827 11827 D SurfaceView@617e23c: updateSurface: has no frame
10-04 21:05:54.052 11827 11827 D SurfaceView@617e23c: updateSurface: has no frame
10-04 21:05:54.068 11827 11827 D SurfaceView@617e23c: updateSurface: has no frame
10-04 21:05:54.085 11827 11827 D SurfaceView@617e23c: updateSurface: has no frame
10-04 21:05:54.101 11827 11827 D SurfaceView@617e23c: updateSurface: has no frame
10-04 21:05:54.118 11827 11827 D SurfaceView@617e23c: updateSurface: has no frame
10-04 21:05:54.135 11827 11827 D SurfaceView@617e23c: updateSurface: has no frame
10-04 21:05:54.151 11827 11827 D SurfaceView@617e23c: updateSurface: has no frame
10-04 21:05:54.168 11827 11827 D SurfaceView@617e23c: updateSurface: has no frame
10-04 21:05:54.185 11827 11827 D SurfaceView@617e23c: updateSurface: has no frame
10-04 21:05:54.201 11827 11827 D SurfaceView@617e23c: updateSurface: has no frame
10-04 21:05:54.205 11827 11882 I RVM2    : applyMeta
10-04 21:05:54.213 11827 11827 W PanelsChildGestureRegionObserver: failed to register view with ID 2131362800. already registered
10-04 21:05:54.215 11827 11827 E CoilImgLoader: Error loading image: coil3.request.NullRequestDataException: The request's data is null.
10-04 21:05:54.219 11827 11827 E CoilImgLoader: Error loading image: coil3.request.NullRequestDataException: The request's data is null.
10-04 21:05:54.258 11827 11882 I SYNCVM  : addFromUrl = https://wecima.now/watch/%d9%85%d8%b4%d8%a7%d9%87%d8%af%d8%a9-%d9%85%d8%b3%d9%84%d8%b3%d9%84-loves-ambition-%d9%85%d9%88%d8%b3%d9%85-1-%d8%ad%d9%84%d9%82%d8%a9-8/
10-04 21:05:54.259 11827 11882 I SYNCUTIL: getIdsFromUrl https://wecima.now/watch/%d9%85%d8%b4%d8%a7%d9%87%d8%af%d8%a9-%d9%85%d8%b3%d9%84%d8%b3%d9%84-loves-ambition-%d9%85%d9%88%d8%b3%d9%85-1-%d8%ad%d9%84%d9%82%d8%a9-8/
10-04 21:05:54.411 11827 11827 D SurfaceView@617e23c: updateSurface: has no frame
10-04 21:05:54.414 11827 11827 I SurfaceView@617e23c: Changes: creating=true format=true size=true visible=true alpha=false hint=false mUseAlpha=false visible=true left=true top=true
10-04 21:05:54.417 11827 11827 I BLASTBufferQueue: update, w= 1080 h= 525 mName = null mNativeObject= 0x7b7a0a9600 sc.mNativeObject= 0x7b07072ce0 format= 4 caller= android.view.SurfaceView.createBlastSurfaceControls:1383 android.view.SurfaceView.updateSurface:1079 android.view.SurfaceView.lambda$new$0$android-view-SurfaceView:200 android.view.SurfaceView$$ExternalSyntheticLambda5.onPreDraw:2 android.view.ViewTreeObserver.dispatchOnPreDraw:1121 android.view.ViewRootImpl.performTraversals:4442 
10-04 21:05:54.417 11827 11827 I SurfaceView@617e23c: 102228540 Cur surface: Surface(name=null)/@0xcc91aa9
10-04 21:05:54.417 11827 11827 I SurfaceView@617e23c: pST: sr = Rect(0, 218 - 1080, 743) sw = 1080 sh = 525
10-04 21:05:54.417 11827 11827 D SurfaceView@617e23c: performSurfaceTransaction RenderWorker position = [0, 218, 1080, 743] surfaceSize = 1080x525
10-04 21:05:54.417 11827 11827 I SurfaceView@617e23c: applyTransactionOnVriDraw: vri = ViewRootImpl@fd04a9[MainActivity] fRS = false t = 0x7b5d166b00 android.view.SurfaceView.performSurfaceTransaction:959 android.view.SurfaceView.updateSurface:1105 android.view.SurfaceView.lambda$new$0$android-view-SurfaceView:200 
10-04 21:05:54.417 11827 11827 I ViewRootImpl@fd04a9[MainActivity]: applyTransactionOnDraw: mRemoved = false isHardwareEnabled = true t = 0x7b5d166b00android.view.SurfaceView.applyTransactionOnVriDraw:2048 android.view.SurfaceView.performSurfaceTransaction:959 android.view.SurfaceView.updateSurface:1105 android.view.SurfaceView.lambda$new$0$android-view-SurfaceView:200 android.view.SurfaceView$$ExternalSyntheticLambda5.onPreDraw:2 
10-04 21:05:54.417 11827 11827 I SurfaceView@617e23c: updateSurface: mVisible = true mSurface.isValid() = true
10-04 21:05:54.417 11827 11827 I SurfaceView@617e23c: updateSurface: mSurfaceCreated = false surfaceChanged = true visibleChanged = true
10-04 21:05:54.417 11827 11827 I SurfaceView@617e23c: visibleChanged -- surfaceCreated
10-04 21:05:54.417 11827 11827 I SurfaceView@617e23c: surfaceCreated 0 #8 android.view.SurfaceView{617e23c V.E...... ......ID 0,0-1080,525}
10-04 21:05:54.417 11827 11827 I SurfaceView@617e23c: surfaceChanged -- format=4 w=1080 h=525
10-04 21:05:54.417 11827 11827 I SurfaceView@617e23c: surfaceChanged (1080,525) 0 #8 android.view.SurfaceView{617e23c V.E...... ......ID 0,0-1080,525}
10-04 21:05:54.417 11827 11827 I SurfaceView@617e23c: surfaceRedrawNeeded
10-04 21:05:54.418 11827 11827 V SurfaceView@617e23c: Layout: x=0 y=218 w=1080 h=525, frame=Rect(0, 0 - 1080, 525)
10-04 21:05:54.430 11827 11928 D SurfaceView@617e23c: updateSurfacePosition RenderWorker, frameNr = 1106, position = [0, 218, 1080, 743] surfaceSize = 1080x525
10-04 21:05:54.430 11827 11928 I SurfaceView@617e23c: uSP: rtp = Rect(0, 218 - 1080, 743) rtsw = 1080 rtsh = 525
10-04 21:05:54.430 11827 11928 I SurfaceView@617e23c: onSSPAndSRT: pl = 0 pt = 218 sx = 1.0 sy = 1.0
10-04 21:05:54.431 11827 11928 I SurfaceView@617e23c: aOrMT: ViewRootImpl@fd04a9[MainActivity] t = android.view.SurfaceControl$Transaction@54d1d5c fN = 1106 android.view.SurfaceView.-$$Nest$mapplyOrMergeTransaction:0 android.view.SurfaceView$SurfaceViewPositionUpdateListener.positionChanged:1537 android.graphics.RenderNode$CompositePositionUpdateListener.positionChanged:373 
10-04 21:05:54.431 11827 11928 I ViewRootImpl@fd04a9[MainActivity]: mWNT: t=0x7b5d166c00 mBlastBufferQueue=0x7b3dc82900 fn= 1106 caller= android.view.SurfaceView.applyOrMergeTransaction:1455 android.view.SurfaceView.-$$Nest$mapplyOrMergeTransaction:0 android.view.SurfaceView$SurfaceViewPositionUpdateListener.positionChanged:1537 
10-04 21:05:54.433 11827 11927 I ViewRootImpl@fd04a9[MainActivity]: mWNT: t=0x7b5d166b00 mBlastBufferQueue=0x7b3dc82900 fn= 1106 caller= android.view.ViewRootImpl.lambda$applyTransactionOnDraw$11$android-view-ViewRootImpl:12865 android.view.ViewRootImpl$$ExternalSyntheticLambda1.onFrameDraw:4 android.graphics.HardwareRenderer$FrameDrawingCallback.onFrameDraw:924 
10-04 21:05:54.480 11827 11827 I SurfaceView@617e23c: finishedDrawing
10-04 21:05:54.953 11827 11827 I ViewRootImpl@fd04a9[MainActivity]: ViewPostIme pointer 0
10-04 21:05:55.011 11827 11827 I SurfaceView@617e23c: Changes: creating=false format=false size=false visible=false alpha=false hint=false mUseAlpha=false visible=false left=false top=true
10-04 21:05:55.011 11827 11827 I SurfaceView@617e23c: 102228540 Cur surface: Surface(name=null)/@0xcc91aa9
10-04 21:05:55.012 11827 11827 I SurfaceView@617e23c: applyTransactionOnVriDraw: vri = ViewRootImpl@fd04a9[MainActivity] fRS = false t = 0x7b5d166f00 android.view.SurfaceView.performSurfaceTransaction:959 android.view.SurfaceView.updateSurface:1105 android.view.SurfaceView.lambda$new$0$android-view-SurfaceView:200 
10-04 21:05:55.013 11827 11827 I ViewRootImpl@fd04a9[MainActivity]: applyTransactionOnDraw: mRemoved = false isHardwareEnabled = true t = 0x7b5d166f00android.view.SurfaceView.applyTransactionOnVriDraw:2048 android.view.SurfaceView.performSurfaceTransaction:959 android.view.SurfaceView.updateSurface:1105 android.view.SurfaceView.lambda$new$0$android-view-SurfaceView:200 android.view.SurfaceView$$ExternalSyntheticLambda5.onPreDraw:2 
10-04 21:05:55.013 11827 11827 I SurfaceView@617e23c: updateSurface: mVisible = true mSurface.isValid() = true
10-04 21:05:55.013 11827 11827 I SurfaceView@617e23c: updateSurface: mSurfaceCreated = true surfaceChanged = false visibleChanged = false
10-04 21:05:55.013 11827 11827 V SurfaceView@617e23c: Layout: x=0 y=155 w=1080 h=525, frame=Rect(0, 0 - 1080, 525)
10-04 21:05:55.018 11827 11928 D SurfaceView@617e23c: updateSurfacePosition RenderWorker, frameNr = 1114, position = [0, 155, 1080, 680] surfaceSize = 1080x525
10-04 21:05:55.018 11827 11928 I SurfaceView@617e23c: uSP: rtp = Rect(0, 155 - 1080, 680) rtsw = 1080 rtsh = 525
10-04 21:05:55.018 11827 11928 I SurfaceView@617e23c: onSSPAndSRT: pl = 0 pt = 155 sx = 1.0 sy = 1.0
10-04 21:05:55.019 11827 11928 I SurfaceView@617e23c: aOrMT: ViewRootImpl@fd04a9[MainActivity] t = android.view.SurfaceControl$Transaction@54d1d5c fN = 1114 android.view.SurfaceView.-$$Nest$mapplyOrMergeTransaction:0 android.view.SurfaceView$SurfaceViewPositionUpdateListener.positionChanged:1537 android.graphics.RenderNode$CompositePositionUpdateListener.positionChanged:373 
10-04 21:05:55.019 11827 11928 I ViewRootImpl@fd04a9[MainActivity]: mWNT: t=0x7b5d166c00 mBlastBufferQueue=0x7b3dc82900 fn= 1114 caller= android.view.SurfaceView.applyOrMergeTransaction:1455 android.view.SurfaceView.-$$Nest$mapplyOrMergeTransaction:0 android.view.SurfaceView$SurfaceViewPositionUpdateListener.positionChanged:1537 
10-04 21:05:55.020 11827 11928 I ViewRootImpl@fd04a9[MainActivity]: mWNT: t=0x7b5d166f00 mBlastBufferQueue=0x7b3dc82900 fn= 1114 caller= android.view.ViewRootImpl.lambda$applyTransactionOnDraw$11$android-view-ViewRootImpl:12865 android.view.ViewRootImpl$$ExternalSyntheticLambda1.onFrameDraw:4 android.graphics.HardwareRenderer$FrameDrawingCallback.onFrameDraw:924 
10-04 21:05:55.028 11827 11827 I SurfaceView@617e23c: Changes: creating=false format=false size=false visible=false alpha=false hint=false mUseAlpha=false visible=false left=false top=true
10-04 21:05:55.029 11827 11827 I SurfaceView@617e23c: 102228540 Cur surface: Surface(name=null)/@0xcc91aa9
10-04 21:05:55.029 11827 11827 I SurfaceView@617e23c: applyTransactionOnVriDraw: vri = ViewRootImpl@fd04a9[MainActivity] fRS = false t = 0x7b1bc34000 android.view.SurfaceView.performSurfaceTransaction:959 android.view.SurfaceView.updateSurface:1105 android.view.SurfaceView.lambda$new$0$android-view-SurfaceView:200 
10-04 21:05:55.030 11827 11827 I ViewRootImpl@fd04a9[MainActivity]: applyTransactionOnDraw: mRemoved = false isHardwareEnabled = true t = 0x7b1bc34000android.view.SurfaceView.applyTransactionOnVriDraw:2048 android.view.SurfaceView.performSurfaceTransaction:959 android.view.SurfaceView.updateSurface:1105 android.view.SurfaceView.lambda$new$0$android-view-SurfaceView:200 android.view.SurfaceView$$ExternalSyntheticLambda5.onPreDraw:2 
10-04 21:05:55.030 11827 11827 I SurfaceView@617e23c: updateSurface: mVisible = true mSurface.isValid() = true
10-04 21:05:55.030 11827 11827 I SurfaceView@617e23c: updateSurface: mSurfaceCreated = true surfaceChanged = false visibleChanged = false
10-04 21:05:55.030 11827 11827 V SurfaceView@617e23c: Layout: x=0 y=77 w=1080 h=525, frame=Rect(0, 0 - 1080, 525)
10-04 21:05:55.040 11827 11927 D SurfaceView@617e23c: updateSurfacePosition RenderWorker, frameNr = 1115, position = [0, 77, 1080, 602] surfaceSize = 1080x525
10-04 21:05:55.040 11827 11927 I SurfaceView@617e23c: uSP: rtp = Rect(0, 77 - 1080, 602) rtsw = 1080 rtsh = 525
10-04 21:05:55.040 11827 11927 I SurfaceView@617e23c: onSSPAndSRT: pl = 0 pt = 77 sx = 1.0 sy = 1.0
10-04 21:05:55.041 11827 11927 I SurfaceView@617e23c: aOrMT: ViewRootImpl@fd04a9[MainActivity] t = android.view.SurfaceControl$Transaction@54d1d5c fN = 1115 android.view.SurfaceView.-$$Nest$mapplyOrMergeTransaction:0 android.view.SurfaceView$SurfaceViewPositionUpdateListener.positionChanged:1537 android.graphics.RenderNode$CompositePositionUpdateListener.positionChanged:373 
10-04 21:05:55.041 11827 11927 I ViewRootImpl@fd04a9[MainActivity]: mWNT: t=0x7b5d166c00 mBlastBufferQueue=0x7b3dc82900 fn= 1115 caller= android.view.SurfaceView.applyOrMergeTransaction:1455 android.view.SurfaceView.-$$Nest$mapplyOrMergeTransaction:0 android.view.SurfaceView$SurfaceViewPositionUpdateListener.positionChanged:1537 
10-04 21:05:55.041 11827 11927 I ViewRootImpl@fd04a9[MainActivity]: mWNT: t=0x7b1bc34000 mBlastBufferQueue=0x7b3dc82900 fn= 1115 caller= android.view.ViewRootImpl.lambda$applyTransactionOnDraw$11$android-view-ViewRootImpl:12865 android.view.ViewRootImpl$$ExternalSyntheticLambda1.onFrameDraw:4 android.graphics.HardwareRenderer$FrameDrawingCallback.onFrameDraw:924 
10-04 21:05:55.049 11827 11827 I SurfaceView@617e23c: Changes: creating=false format=false size=false visible=false alpha=false hint=false mUseAlpha=false visible=false left=false top=true
10-04 21:05:55.049 11827 11827 I SurfaceView@617e23c: 102228540 Cur surface: Surface(name=null)/@0xcc91aa9
10-04 21:05:55.050 11827 11827 I SurfaceView@617e23c: applyTransactionOnVriDraw: vri = ViewRootImpl@fd04a9[MainActivity] fRS = false t = 0x7b1bc34100 android.view.SurfaceView.performSurfaceTransaction:959 android.view.SurfaceView.updateSurface:1105 android.view.SurfaceView.lambda$new$0$android-view-SurfaceView:200 
10-04 21:05:55.051 11827 11827 I ViewRootImpl@fd04a9[MainActivity]: applyTransactionOnDraw: mRemoved = false isHardwareEnabled = true t = 0x7b1bc34100android.view.SurfaceView.applyTransactionOnVriDraw:2048 android.view.SurfaceView.performSurfaceTransaction:959 android.view.SurfaceView.updateSurface:1105 android.view.SurfaceView.lambda$new$0$android-view-SurfaceView:200 android.view.SurfaceView$$ExternalSyntheticLambda5.onPreDraw:2 
10-04 21:05:55.051 11827 11827 I SurfaceView@617e23c: updateSurface: mVisible = true mSurface.isValid() = true
10-04 21:05:55.051 11827 11827 I SurfaceView@617e23c: updateSurface: mSurfaceCreated = true surfaceChanged = false visibleChanged = false
10-04 21:05:55.051 11827 11827 V SurfaceView@617e23c: Layout: x=0 y=-15 w=1080 h=525, frame=Rect(0, 0 - 1080, 525)
10-04 21:05:55.063 11827 11928 D SurfaceView@617e23c: updateSurfacePosition RenderWorker, frameNr = 1116, position = [0, -15, 1080, 510] surfaceSize = 1080x525
10-04 21:05:55.063 11827 11928 I SurfaceView@617e23c: uSP: rtp = Rect(0, -15 - 1080, 510) rtsw = 1080 rtsh = 525
10-04 21:05:55.063 11827 11928 I SurfaceView@617e23c: onSSPAndSRT: pl = 0 pt = -15 sx = 1.0 sy = 1.0
10-04 21:05:55.064 11827 11928 I SurfaceView@617e23c: aOrMT: ViewRootImpl@fd04a9[MainActivity] t = android.view.SurfaceControl$Transaction@54d1d5c fN = 1116 android.view.SurfaceView.-$$Nest$mapplyOrMergeTransaction:0 android.view.SurfaceView$SurfaceViewPositionUpdateListener.positionChanged:1537 android.graphics.RenderNode$CompositePositionUpdateListener.positionChanged:373 
10-04 21:05:55.064 11827 11928 I ViewRootImpl@fd04a9[MainActivity]: mWNT: t=0x7b5d166c00 mBlastBufferQueue=0x7b3dc82900 fn= 1116 caller= android.view.SurfaceView.applyOrMergeTransaction:1455 android.view.SurfaceView.-$$Nest$mapplyOrMergeTransaction:0 android.view.SurfaceView$SurfaceViewPositionUpdateListener.positionChanged:1537 
10-04 21:05:55.064 11827 11928 I ViewRootImpl@fd04a9[MainActivity]: mWNT: t=0x7b1bc34100 mBlastBufferQueue=0x7b3dc82900 fn= 1116 caller= android.view.ViewRootImpl.lambda$applyTransactionOnDraw$11$android-view-ViewRootImpl:12865 android.view.ViewRootImpl$$ExternalSyntheticLambda1.onFrameDraw:4 android.graphics.HardwareRenderer$FrameDrawingCallback.onFrameDraw:924 
10-04 21:05:55.066 11827 11827 I ViewRootImpl@fd04a9[MainActivity]: ViewPostIme pointer 1
10-04 21:05:55.071 11827 11827 I SurfaceView@617e23c: Changes: creating=false format=false size=false visible=false alpha=false hint=false mUseAlpha=false visible=false left=false top=true
10-04 21:05:55.071 11827 11827 I SurfaceView@617e23c: 102228540 Cur surface: Surface(name=null)/@0xcc91aa9
10-04 21:05:55.072 11827 11827 I SurfaceView@617e23c: applyTransactionOnVriDraw: vri = ViewRootImpl@fd04a9[MainActivity] fRS = false t = 0x7bed84ff00 android.view.SurfaceView.performSurfaceTransaction:959 android.view.SurfaceView.updateSurface:1105 android.view.SurfaceView.lambda$new$0$android-view-SurfaceView:200 
10-04 21:05:55.072 11827 11827 I ViewRootImpl@fd04a9[MainActivity]: applyTransactionOnDraw: mRemoved = false isHardwareEnabled = true t = 0x7bed84ff00android.view.SurfaceView.applyTransactionOnVriDraw:2048 android.view.SurfaceView.performSurfaceTransaction:959 android.view.SurfaceView.updateSurface:1105 android.view.SurfaceView.lambda$new$0$android-view-SurfaceView:200 android.view.SurfaceView$$ExternalSyntheticLambda5.onPreDraw:2 
10-04 21:05:55.072 11827 11827 I SurfaceView@617e23c: updateSurface: mVisible = true mSurface.isValid() = true
10-04 21:05:55.072 11827 11827 I SurfaceView@617e23c: updateSurface: mSurfaceCreated = true surfaceChanged = false visibleChanged = false
10-04 21:05:55.073 11827 11827 V SurfaceView@617e23c: Layout: x=0 y=-50 w=1080 h=525, frame=Rect(0, 0 - 1080, 525)
10-04 21:05:55.077 11827 11927 D SurfaceView@617e23c: updateSurfacePosition RenderWorker, frameNr = 1117, position = [0, -50, 1080, 475] surfaceSize = 1080x525
10-04 21:05:55.077 11827 11927 I SurfaceView@617e23c: uSP: rtp = Rect(0, -50 - 1080, 475) rtsw = 1080 rtsh = 525
10-04 21:05:55.077 11827 11927 I SurfaceView@617e23c: onSSPAndSRT: pl = 0 pt = -50 sx = 1.0 sy = 1.0
10-04 21:05:55.077 11827 11927 I SurfaceView@617e23c: aOrMT: ViewRootImpl@fd04a9[MainActivity] t = android.view.SurfaceControl$Transaction@54d1d5c fN = 1117 android.view.SurfaceView.-$$Nest$mapplyOrMergeTransaction:0 android.view.SurfaceView$SurfaceViewPositionUpdateListener.positionChanged:1537 android.graphics.RenderNode$CompositePositionUpdateListener.positionChanged:373 
10-04 21:05:55.077 11827 11927 I ViewRootImpl@fd04a9[MainActivity]: mWNT: t=0x7b5d166c00 mBlastBufferQueue=0x7b3dc82900 fn= 1117 caller= android.view.SurfaceView.applyOrMergeTransaction:1455 android.view.SurfaceView.-$$Nest$mapplyOrMergeTransaction:0 android.view.SurfaceView$SurfaceViewPositionUpdateListener.positionChanged:1537 
10-04 21:05:55.078 11827 11927 I ViewRootImpl@fd04a9[MainActivity]: mWNT: t=0x7bed84ff00 mBlastBufferQueue=0x7b3dc82900 fn= 1117 caller= android.view.ViewRootImpl.lambda$applyTransactionOnDraw$11$android-view-ViewRootImpl:12865 android.view.ViewRootImpl$$ExternalSyntheticLambda1.onFrameDraw:4 android.graphics.HardwareRenderer$FrameDrawingCallback.onFrameDraw:924 
10-04 21:05:55.087 11827 11827 I SurfaceView@617e23c: Changes: creating=false format=false size=false visible=false alpha=false hint=false mUseAlpha=false visible=false left=false top=true
10-04 21:05:55.087 11827 11827 I SurfaceView@617e23c: 102228540 Cur surface: Surface(name=null)/@0xcc91aa9
10-04 21:05:55.088 11827 11827 I SurfaceView@617e23c: applyTransactionOnVriDraw: vri = ViewRootImpl@fd04a9[MainActivity] fRS = false t = 0x7bdd591100 android.view.SurfaceView.performSurfaceTransaction:959 android.view.SurfaceView.updateSurface:1105 android.view.SurfaceView.lambda$new$0$android-view-SurfaceView:200 
10-04 21:05:55.088 11827 11827 I ViewRootImpl@fd04a9[MainActivity]: applyTransactionOnDraw: mRemoved = false isHardwareEnabled = true t = 0x7bdd591100android.view.SurfaceView.applyTransactionOnVriDraw:2048 android.view.SurfaceView.performSurfaceTransaction:959 android.view.SurfaceView.updateSurface:1105 android.view.SurfaceView.lambda$new$0$android-view-SurfaceView:200 android.view.SurfaceView$$ExternalSyntheticLambda5.onPreDraw:2 
10-04 21:05:55.088 11827 11827 I SurfaceView@617e23c: updateSurface: mVisible = true mSurface.isValid() = true
10-04 21:05:55.088 11827 11827 I SurfaceView@617e23c: updateSurface: mSurfaceCreated = true surfaceChanged = false visibleChanged = false
10-04 21:05:55.088 11827 11827 V SurfaceView@617e23c: Layout: x=0 y=-102 w=1080 h=525, frame=Rect(0, 0 - 1080, 525)
10-04 21:05:55.092 11827 11928 D SurfaceView@617e23c: updateSurfacePosition RenderWorker, frameNr = 1118, position = [0, -102, 1080, 423] surfaceSize = 1080x525
10-04 21:05:55.092 11827 11928 I SurfaceView@617e23c: uSP: rtp = Rect(0, -102 - 1080, 423) rtsw = 1080 rtsh = 525
10-04 21:05:55.092 11827 11928 I SurfaceView@617e23c: onSSPAndSRT: pl = 0 pt = -102 sx = 1.0 sy = 1.0
10-04 21:05:55.093 11827 11928 I SurfaceView@617e23c: aOrMT: ViewRootImpl@fd04a9[MainActivity] t = android.view.SurfaceControl$Transaction@54d1d5c fN = 1118 android.view.SurfaceView.-$$Nest$mapplyOrMergeTransaction:0 android.view.SurfaceView$SurfaceViewPositionUpdateListener.positionChanged:1537 android.graphics.RenderNode$CompositePositionUpdateListener.positionChanged:373 
10-04 21:05:55.093 11827 11928 I ViewRootImpl@fd04a9[MainActivity]: mWNT: t=0x7b5d166c00 mBlastBufferQueue=0x7b3dc82900 fn= 1118 caller= android.view.SurfaceView.applyOrMergeTransaction:1455 android.view.SurfaceView.-$$Nest$mapplyOrMergeTransaction:0 android.view.SurfaceView$SurfaceViewPositionUpdateListener.positionChanged:1537 
10-04 21:05:55.093 11827 11928 I ViewRootImpl@fd04a9[MainActivity]: mWNT: t=0x7bdd591100 mBlastBufferQueue=0x7b3dc82900 fn= 1118 caller= android.view.ViewRootImpl.lambda$applyTransactionOnDraw$11$android-view-ViewRootImpl:12865 android.view.ViewRootImpl$$ExternalSyntheticLambda1.onFrameDraw:4 android.graphics.HardwareRenderer$FrameDrawingCallback.onFrameDraw:924 
10-04 21:05:55.103 11827 11827 I SurfaceView@617e23c: Changes: creating=false format=false size=false visible=false alpha=false hint=false mUseAlpha=false visible=false left=false top=true
10-04 21:05:55.103 11827 11827 I SurfaceView@617e23c: 102228540 Cur surface: Surface(name=null)/@0xcc91aa9
10-04 21:05:55.104 11827 11827 I SurfaceView@617e23c: applyTransactionOnVriDraw: vri = ViewRootImpl@fd04a9[MainActivity] fRS = false t = 0x7b1bc34200 android.view.SurfaceView.performSurfaceTransaction:959 android.view.SurfaceView.updateSurface:1105 android.view.SurfaceView.lambda$new$0$android-view-SurfaceView:200 
10-04 21:05:55.104 11827 11827 I ViewRootImpl@fd04a9[MainActivity]: applyTransactionOnDraw: mRemoved = false isHardwareEnabled = true t = 0x7b1bc34200android.view.SurfaceView.applyTransactionOnVriDraw:2048 android.view.SurfaceView.performSurfaceTransaction:959 android.view.SurfaceView.updateSurface:1105 android.view.SurfaceView.lambda$new$0$android-view-SurfaceView:200 android.view.SurfaceView$$ExternalSyntheticLambda5.onPreDraw:2 
10-04 21:05:55.104 11827 11827 I SurfaceView@617e23c: updateSurface: mVisible = true mSurface.isValid() = true
10-04 21:05:55.104 11827 11827 I SurfaceView@617e23c: updateSurface: mSurfaceCreated = true surfaceChanged = false visibleChanged = false
10-04 21:05:55.104 11827 11827 V SurfaceView@617e23c: Layout: x=0 y=-180 w=1080 h=525, frame=Rect(0, 0 - 1080, 525)
10-04 21:05:55.107 11827 11927 I ViewRootImpl@fd04a9[MainActivity]: mWNT: t=0x7b1bc34200 mBlastBufferQueue=0x7b3dc82900 fn= 1119 caller= android.view.ViewRootImpl.lambda$applyTransactionOnDraw$11$android-view-ViewRootImpl:12865 android.view.ViewRootImpl$$ExternalSyntheticLambda1.onFrameDraw:4 android.graphics.HardwareRenderer$FrameDrawingCallback.onFrameDraw:924 
10-04 21:05:55.119 11827 11827 I SurfaceView@617e23c: Changes: creating=false format=false size=false visible=false alpha=false hint=false mUseAlpha=false visible=false left=false top=true
10-04 21:05:55.119 11827 11827 I SurfaceView@617e23c: 102228540 Cur surface: Surface(name=null)/@0xcc91aa9
10-04 21:05:55.120 11827 11827 I SurfaceView@617e23c: applyTransactionOnVriDraw: vri = ViewRootImpl@fd04a9[MainActivity] fRS = false t = 0x7b1bc34300 android.view.SurfaceView.performSurfaceTransaction:959 android.view.SurfaceView.updateSurface:1105 android.view.SurfaceView.lambda$new$0$android-view-SurfaceView:200 
10-04 21:05:55.120 11827 11827 I ViewRootImpl@fd04a9[MainActivity]: applyTransactionOnDraw: mRemoved = false isHardwareEnabled = true t = 0x7b1bc34300android.view.SurfaceView.applyTransactionOnVriDraw:2048 android.view.SurfaceView.performSurfaceTransaction:959 android.view.SurfaceView.updateSurface:1105 android.view.SurfaceView.lambda$new$0$android-view-SurfaceView:200 android.view.SurfaceView$$ExternalSyntheticLambda5.onPreDraw:2 
10-04 21:05:55.120 11827 11827 I SurfaceView@617e23c: updateSurface: mVisible = true mSurface.isValid() = true
10-04 21:05:55.120 11827 11827 I SurfaceView@617e23c: updateSurface: mSurfaceCreated = true surfaceChanged = false visibleChanged = false
10-04 21:05:55.120 11827 11827 V SurfaceView@617e23c: Layout: x=0 y=-270 w=1080 h=525, frame=Rect(0, 0 - 1080, 525)
10-04 21:05:55.124 11827 11928 D SurfaceView@617e23c: updateSurfacePosition RenderWorker, frameNr = 1120, position = [0, -270, 1080, 255] surfaceSize = 1080x525
10-04 21:05:55.124 11827 11928 I SurfaceView@617e23c: uSP: rtp = Rect(0, -270 - 1080, 255) rtsw = 1080 rtsh = 525
10-04 21:05:55.124 11827 11928 I SurfaceView@617e23c: onSSPAndSRT: pl = 0 pt = -270 sx = 1.0 sy = 1.0
10-04 21:05:55.124 11827 11928 I SurfaceView@617e23c: aOrMT: ViewRootImpl@fd04a9[MainActivity] t = android.view.SurfaceControl$Transaction@54d1d5c fN = 1120 android.view.SurfaceView.-$$Nest$mapplyOrMergeTransaction:0 android.view.SurfaceView$SurfaceViewPositionUpdateListener.positionChanged:1537 android.graphics.RenderNode$CompositePositionUpdateListener.positionChanged:373 
10-04 21:05:55.125 11827 11928 I ViewRootImpl@fd04a9[MainActivity]: mWNT: t=0x7b5d166c00 mBlastBufferQueue=0x7b3dc82900 fn= 1120 caller= android.view.SurfaceView.applyOrMergeTransaction:1455 android.view.SurfaceView.-$$Nest$mapplyOrMergeTransaction:0 android.view.SurfaceView$SurfaceViewPositionUpdateListener.positionChanged:1537 
10-04 21:05:55.125 11827 11928 I ViewRootImpl@fd04a9[MainActivity]: mWNT: t=0x7b1bc34300 mBlastBufferQueue=0x7b3dc82900 fn= 1120 caller= android.view.ViewRootImpl.lambda$applyTransactionOnDraw$11$android-view-ViewRootImpl:12865 android.view.ViewRootImpl$$ExternalSyntheticLambda1.onFrameDraw:4 android.graphics.HardwareRenderer$FrameDrawingCallback.onFrameDraw:924 
10-04 21:05:55.137 11827 11827 I SurfaceView@617e23c: Changes: creating=false format=false size=false visible=false alpha=false hint=false mUseAlpha=false visible=false left=false top=true
10-04 21:05:55.137 11827 11827 I SurfaceView@617e23c: 102228540 Cur surface: Surface(name=null)/@0xcc91aa9
10-04 21:05:55.137 11827 11827 I SurfaceView@617e23c: applyTransactionOnVriDraw: vri = ViewRootImpl@fd04a9[MainActivity] fRS = false t = 0x7ca9447400 android.view.SurfaceView.performSurfaceTransaction:959 android.view.SurfaceView.updateSurface:1105 android.view.SurfaceView.lambda$new$0$android-view-SurfaceView:200 
10-04 21:05:55.138 11827 11827 I ViewRootImpl@fd04a9[MainActivity]: applyTransactionOnDraw: mRemoved = false isHardwareEnabled = true t = 0x7ca9447400android.view.SurfaceView.applyTransactionOnVriDraw:2048 android.view.SurfaceView.performSurfaceTransaction:959 android.view.SurfaceView.updateSurface:1105 android.view.SurfaceView.lambda$new$0$android-view-SurfaceView:200 android.view.SurfaceView$$ExternalSyntheticLambda5.onPreDraw:2 
10-04 21:05:55.138 11827 11827 I SurfaceView@617e23c: updateSurface: mVisible = true mSurface.isValid() = true
10-04 21:05:55.138 11827 11827 I SurfaceView@617e23c: updateSurface: mSurfaceCreated = true surfaceChanged = false visibleChanged = false
10-04 21:05:55.138 11827 11827 V SurfaceView@617e23c: Layout: x=0 y=-371 w=1080 h=525, frame=Rect(0, 0 - 1080, 525)
10-04 21:05:55.141 11827 11927 D SurfaceView@617e23c: updateSurfacePosition RenderWorker, frameNr = 1121, position = [0, -371, 1080, 154] surfaceSize = 1080x525
10-04 21:05:55.141 11827 11927 I SurfaceView@617e23c: uSP: rtp = Rect(0, -371 - 1080, 154) rtsw = 1080 rtsh = 525
10-04 21:05:55.141 11827 11927 I SurfaceView@617e23c: onSSPAndSRT: pl = 0 pt = -371 sx = 1.0 sy = 1.0
10-04 21:05:55.141 11827 11927 I SurfaceView@617e23c: aOrMT: ViewRootImpl@fd04a9[MainActivity] t = android.view.SurfaceControl$Transaction@54d1d5c fN = 1121 android.view.SurfaceView.-$$Nest$mapplyOrMergeTransaction:0 android.view.SurfaceView$SurfaceViewPositionUpdateListener.positionChanged:1537 android.graphics.RenderNode$CompositePositionUpdateListener.positionChanged:373 
10-04 21:05:55.141 11827 11927 I ViewRootImpl@fd04a9[MainActivity]: mWNT: t=0x7b5d166c00 mBlastBufferQueue=0x7b3dc82900 fn= 1121 caller= android.view.SurfaceView.applyOrMergeTransaction:1455 android.view.SurfaceView.-$$Nest$mapplyOrMergeTransaction:0 android.view.SurfaceView$SurfaceViewPositionUpdateListener.positionChanged:1537 
10-04 21:05:55.141 11827 11927 I ViewRootImpl@fd04a9[MainActivity]: mWNT: t=0x7ca9447400 mBlastBufferQueue=0x7b3dc82900 fn= 1121 caller= android.view.ViewRootImpl.lambda$applyTransactionOnDraw$11$android-view-ViewRootImpl:12865 android.view.ViewRootImpl$$ExternalSyntheticLambda1.onFrameDraw:4 android.graphics.HardwareRenderer$FrameDrawingCallback.onFrameDraw:924 
10-04 21:05:55.153 11827 11827 I SurfaceView@617e23c: Changes: creating=false format=false size=false visible=false alpha=false hint=false mUseAlpha=false visible=false left=false top=true
10-04 21:05:55.153 11827 11827 I SurfaceView@617e23c: 102228540 Cur surface: Surface(name=null)/@0xcc91aa9
10-04 21:05:55.154 11827 11827 I SurfaceView@617e23c: applyTransactionOnVriDraw: vri = ViewRootImpl@fd04a9[MainActivity] fRS = false t = 0x7bdd591600 android.view.SurfaceView.performSurfaceTransaction:959 android.view.SurfaceView.updateSurface:1105 android.view.SurfaceView.lambda$new$0$android-view-SurfaceView:200 
10-04 21:05:55.154 11827 11827 I ViewRootImpl@fd04a9[MainActivity]: applyTransactionOnDraw: mRemoved = false isHardwareEnabled = true t = 0x7bdd591600android.view.SurfaceView.applyTransactionOnVriDraw:2048 android.view.SurfaceView.performSurfaceTransaction:959 android.view.SurfaceView.updateSurface:1105 android.view.SurfaceView.lambda$new$0$android-view-SurfaceView:200 android.view.SurfaceView$$ExternalSyntheticLambda5.onPreDraw:2 
10-04 21:05:55.154 11827 11827 I SurfaceView@617e23c: updateSurface: mVisible = true mSurface.isValid() = true
10-04 21:05:55.154 11827 11827 I SurfaceView@617e23c: updateSurface: mSurfaceCreated = true surfaceChanged = false visibleChanged = false
10-04 21:05:55.154 11827 11827 V SurfaceView@617e23c: Layout: x=0 y=-472 w=1080 h=525, frame=Rect(0, 0 - 1080, 525)
10-04 21:05:55.158 11827 11928 D SurfaceView@617e23c: updateSurfacePosition RenderWorker, frameNr = 1122, position = [0, -472, 1080, 53] surfaceSize = 1080x525
10-04 21:05:55.158 11827 11928 I SurfaceView@617e23c: uSP: rtp = Rect(0, -472 - 1080, 53) rtsw = 1080 rtsh = 525
10-04 21:05:55.158 11827 11928 I SurfaceView@617e23c: onSSPAndSRT: pl = 0 pt = -472 sx = 1.0 sy = 1.0
10-04 21:05:55.159 11827 11928 I SurfaceView@617e23c: aOrMT: ViewRootImpl@fd04a9[MainActivity] t = android.view.SurfaceControl$Transaction@54d1d5c fN = 1122 android.view.SurfaceView.-$$Nest$mapplyOrMergeTransaction:0 android.view.SurfaceView$SurfaceViewPositionUpdateListener.positionChanged:1537 android.graphics.RenderNode$CompositePositionUpdateListener.positionChanged:373 
10-04 21:05:55.159 11827 11928 I ViewRootImpl@fd04a9[MainActivity]: mWNT: t=0x7b5d166c00 mBlastBufferQueue=0x7b3dc82900 fn= 1122 caller= android.view.SurfaceView.applyOrMergeTransaction:1455 android.view.SurfaceView.-$$Nest$mapplyOrMergeTransaction:0 android.view.SurfaceView$SurfaceViewPositionUpdateListener.positionChanged:1537 
