10-04 19:52:57.699 30152 30152 I ViewRootImpl@3bedb8a[MainActivity]: performTraversals params={(0,0)(fillxfill) sim={state=always_hidden adjust=resize} ty=BASE_APPLICATION wanim=0x1030309
10-04 19:52:57.699 30152 30152 I ViewRootImpl@3bedb8a[MainActivity]:   fl=85810100
10-04 19:52:57.699 30152 30152 I ViewRootImpl@3bedb8a[MainActivity]:   pfl=12020040
10-04 19:52:57.699 30152 30152 I ViewRootImpl@3bedb8a[MainActivity]:   vsysui=500
10-04 19:52:57.699 30152 30152 I ViewRootImpl@3bedb8a[MainActivity]:   bhv=DEFAULT
10-04 19:52:57.699 30152 30152 I ViewRootImpl@3bedb8a[MainActivity]:   fitSides= naviIconColor=0}
10-04 19:52:57.699 30152 30152 I ViewRootImpl@3bedb8a[MainActivity]: performTraversals mFirst=false windowShouldResize=false viewVisibilityChanged=false mForceNextWindowRelayout=false params={(0,0)(fillxfill) sim={state=always_hidden adjust=resize} ty=BASE_APPLICATION fmt=TRANSLUCENT wanim=0x1030309
10-04 19:52:57.699 30152 30152 I ViewRootImpl@3bedb8a[MainActivity]:   fl=85810100
10-04 19:52:57.699 30152 30152 I ViewRootImpl@3bedb8a[MainActivity]:   pfl=12020040
10-04 19:52:57.699 30152 30152 I ViewRootImpl@3bedb8a[MainActivity]:   vsysui=500
10-04 19:52:57.699 30152 30152 I ViewRootImpl@3bedb8a[MainActivity]:   bhv=DEFAULT
10-04 19:52:57.699 30152 30152 I ViewRootImpl@3bedb8a[MainActivity]:   fitSides= naviIconColor=0}
10-04 19:52:57.711 30152 30152 I ViewRootImpl@3bedb8a[MainActivity]: updateBlastSurfaceIfNeeded mBlastBufferQueue=0x7b79f5d500 isSameSurfaceControl=true
10-04 19:52:57.711 30152 30152 I BLASTBufferQueue: update, w= 1080 h= 2400 mName = ViewRootImpl@3bedb8a[MainActivity] mNativeObject= 0x7b79f5d500 sc.mNativeObject= 0x7afcd1b6e0 format= -3 caller= android.view.ViewRootImpl.updateBlastSurfaceIfNeeded:2898 android.view.ViewRootImpl.relayoutWindow:9847 android.view.ViewRootImpl.performTraversals:3884 android.view.ViewRootImpl.doTraversal:3116 android.view.ViewRootImpl$TraversalRunnable.run:10885 android.view.Choreographer$CallbackRecord.run:1301 
10-04 19:52:57.711 30152 30152 I ViewRootImpl@3bedb8a[MainActivity]: Relayout returned: old=(0,0,1080,2400) new=(0,0,1080,2400) req=(1080,2400)0 dur=12 res=0x0 s={true 0x7b40124000} ch=false seqId=0
10-04 19:52:57.712 30152 30152 I ViewRootImpl@3bedb8a[MainActivity]: updateBoundsLayer: t = android.view.SurfaceControl$Transaction@692ad78 sc = Surface(name=Bounds for - com.lagradost.cloudstream3/com.lagradost.cloudstream3.MainActivity@0)/@0x1e9c51 frame = 621
10-04 19:52:57.712 30152 30152 I ViewRootImpl@3bedb8a[MainActivity]: mWNT: t=0x7b5c35e100 mBlastBufferQueue=0x7b79f5d500 fn= 621 caller= android.view.ViewRootImpl.prepareSurfaces:2985 android.view.ViewRootImpl.performTraversals:4233 android.view.ViewRootImpl.doTraversal:3116 
10-04 19:52:57.713 30152 30152 W View    : requestLayout() improperly called by android.widget.FrameLayout{557d255 I.E...... ......I. 0,0-0,0 #7f0a04e7 app:id/start_panel} during layout: running second layout pass
10-04 19:52:57.713 30152 30152 W View    : requestLayout() improperly called by android.widget.FrameLayout{b38a46a I.E...... ......ID 1080,0-1080,2143 #7f0a0168 app:id/end_panel} during layout: running second layout pass
10-04 19:52:57.715 30152 30152 D SurfaceView@6ca1ffe: updateSurface: has no frame
10-04 19:52:57.719 30152 30255 I ViewRootImpl@3bedb8a[MainActivity]: mWNT: t=0x7afd80aa00 mBlastBufferQueue=0x7b79f5d500 fn= 621 caller= android.view.ViewRootImpl.lambda$applyTransactionOnDraw$11$android-view-ViewRootImpl:12865 android.view.ViewRootImpl$$ExternalSyntheticLambda1.onFrameDraw:4 android.graphics.HardwareRenderer$FrameDrawingCallback.onFrameDraw:924 
10-04 19:52:57.734 30152 30172 D OpenGLRenderer: setSurface called with nullptr
10-04 19:52:57.734 30152 30172 D OpenGLRenderer: setSurface() destroyed EGLSurface
10-04 19:52:57.734 30152 30172 D OpenGLRenderer: destroyEglSurface
10-04 19:52:57.738 30152 30152 I ViewRootImpl@15aef0[MainActivity]: performTraversals mFirst=false windowShouldResize=false viewVisibilityChanged=true mForceNextWindowRelayout=false params={(0,0)(fillxfill) gr=CENTER sim={adjust=pan} ty=APPLICATION fmt=TRANSPARENT wanim=0x7f14000b
10-04 19:52:57.738 30152 30152 I ViewRootImpl@15aef0[MainActivity]:   fl=85810100
10-04 19:52:57.738 30152 30152 I ViewRootImpl@15aef0[MainActivity]:   pfl=12020040
10-04 19:52:57.738 30152 30152 I ViewRootImpl@15aef0[MainActivity]:   vsysui=500
10-04 19:52:57.738 30152 30152 I ViewRootImpl@15aef0[MainActivity]:   bhv=DEFAULT
10-04 19:52:57.738 30152 30152 I ViewRootImpl@15aef0[MainActivity]:   fitSides= naviIconColor=0}
10-04 19:52:57.757 30152 30152 D InsetsController: onStateChanged: InsetsState: {mDisplayFrame=Rect(0, 0 - 1080, 2400), mDisplayCutout=DisplayCutout{insets=Rect(0, 88 - 0, 0) waterfall=Insets{left=0, top=0, right=0, bottom=0} boundingRect={Bounds=[Rect(0, 0 - 0, 0), Rect(512, 0 - 568, 88), Rect(0, 0 - 0, 0), Rect(0, 0 - 0, 0)]} cutoutPathParserInfo={CutoutPathParserInfo{displayWidth=1080 displayHeight=2400 physicalDisplayWidth=1080 physicalDisplayHeight=2400 density={2.625} cutoutSpec={M 0,0 M 0,12.25101276465640 a 10.60613009248640,10.60613009248640 0 1,0 0,21.21226018497290 a 10.60613009248640,10.60613009248640 0 1,0 0,-21.21226018497290 Z @dp} rotation={0} scale={1.0} physicalPixelDisplaySizeRatio={1.0}}}}, mRoundedCorners=RoundedCorners{[RoundedCorner{position=TopLeft, radius=84, center=Point(84, 84)}, RoundedCorner{position=TopRight, radius=84, center=Point(996, 84)}, RoundedCorner{position=BottomRight, radius=84, center=Point(996, 2316)}, RoundedCorner{position=BottomLeft, radius=84, center=Point(84, 2316)}]}  mRoundedCornerFrame=Rect(0, 0 - 1080, 2400), mPrivacyIndicatorBounds=PrivacyIndicatorBounds {static bounds=Rect(964, 0 - 1080, 87) rotation=0}, mSources= { InsetsSource: {mType=ITYPE_STATUS_BAR, mFrame=[0,0][1080,88], mVisible=true, mInsetsRoundedCornerFrame=false}, InsetsSource: {mType=ITYPE_NAVIGATION_BAR, mFrame=[0,2361][1080,2400], mVisible=true, mInsetsRoundedCornerFrame=false}, InsetsSource: {mType=ITYPE_LEFT_GESTURES, mFrame=[0,0][130,2400], mVisible=true, mInsetsRoundedCornerFrame=false}, InsetsSource: {mType=ITYPE_RIGHT_GESTURES, mFrame=[950,0][1080,2400], mVisible=true, mInsetsRoundedCornerFrame=false}, InsetsSource: {mType=ITYPE_TOP_MANDATORY_GESTURES, mFrame=[0,0][1080,120], mVisible=true, mInsetsRoundedCornerFrame=false}, InsetsSource: {mType=ITYPE_BOTTOM_MANDATORY_GESTURES, mFrame=[0,2316][1080,2400], mVisible=true, mInsetsRoundedCornerFrame=false}, InsetsSource: {mType=ITYPE_LEFT_DISPLAY_CUTOUT, mFrame=[0,0][-100000,2400], mVisible=true, mInsetsRoundedCornerFrame=false}, InsetsSource: {mType=ITYPE_TOP_DISPLAY_CUTOUT, mFrame=[0,0][1080,88], mVisible=true, mInsetsRoundedCornerFrame=false}, InsetsSource: {mType=ITYPE_RIGHT_DISPLAY_CUTOUT, mFrame=[100000,0][1080,2400], mVisible=true, mInsetsRoundedCornerFrame=false}, InsetsSource: {mType=ITYPE_BOTTOM_DISPLAY_CUTOUT, mFrame=[0,100000][1080,2400], mVisible=true, mInsetsRoundedCornerFrame=false}, InsetsSource: {mType=ITYPE_TOP_TAPPABLE_ELEMENT, mFrame=[0,0][1080,88], mVisible=true, mInsetsRoundedCornerFrame=false}, InsetsSource: {mType=ITYPE_BOTTOM_TAPPABLE_ELEMENT, mFrame=[0,0][0,0], mVisible=true, mInsetsRoundedCornerFrame=false} } host=com.lagradost.cloudstream3/com.lagradost.cloudstream3.MainActivity from=android.view.ViewRootImpl.relayoutWindow:9802
10-04 19:52:57.759 30152 30152 I ViewRootImpl@15aef0[MainActivity]: Relayout returned: old=(0,0,1080,2400) new=(0,0,1080,2400) req=(1080,2400)8 dur=19 res=0x2 s={false 0x0} ch=true seqId=0
10-04 19:52:57.764 30152 30152 D SurfaceView@6ca1ffe: updateSurface: has no frame
10-04 19:52:57.773 30152 30152 D SurfaceView@6ca1ffe: updateSurface: has no frame
10-04 19:52:57.791 30152 30152 D SurfaceView@6ca1ffe: updateSurface: has no frame
10-04 19:52:57.800 30152 30152 I ViewRootImpl@15aef0[MainActivity]: MSG_WINDOW_FOCUS_CHANGED 0 0
10-04 19:52:57.803 30152 30152 I ViewRootImpl@3bedb8a[MainActivity]: MSG_WINDOW_FOCUS_CHANGED 1 0
10-04 19:52:57.803 30152 30152 I ViewRootImpl@3bedb8a[MainActivity]: mThreadedRenderer.initializeIfNeeded()#2 mSurface={isValid=true 0x7b40124000}
10-04 19:52:57.818 30152 30152 D InputMethodManager: startInputInner - Id : 0
10-04 19:52:57.818 30152 30152 I InputMethodManager: startInputInner - mService.startInputOrWindowGainedFocus
10-04 19:52:57.824 30152 30152 D SurfaceView@6ca1ffe: updateSurface: has no frame
10-04 19:52:57.840 30152 30152 D SurfaceView@6ca1ffe: updateSurface: has no frame
10-04 19:52:57.851 30152 30152 I MSHandlerLifeCycle: check: return. pkg=com.lagradost.cloudstream3 isActivity=false callers=com.android.internal.policy.DecorView.setVisibility:4412 android.app.Dialog.hide:767 com.lagradost.cloudstream3.utils.AppContextUtils.ownHide:123 com.lagradost.cloudstream3.ui.home.HomeFragment.onDestroyView:459 androidx.fragment.app.Fragment.performDestroyView:3357 
10-04 19:52:57.851 30152 30152 I MSHandlerLifeCycle: removeMultiSplitHandler: no exist. decor=DecorView@ea60dec[MainActivity]
10-04 19:52:57.857 30152 30152 D SurfaceView@6ca1ffe: updateSurface: has no frame
10-04 19:52:57.873 30152 30152 D SurfaceView@6ca1ffe: updateSurface: has no frame
10-04 19:52:57.890 30152 30152 D SurfaceView@6ca1ffe: updateSurface: has no frame
10-04 19:52:57.907 30152 30152 D SurfaceView@6ca1ffe: updateSurface: has no frame
10-04 19:52:57.923 30152 30152 D SurfaceView@6ca1ffe: updateSurface: has no frame
10-04 19:52:57.940 30152 30152 D SurfaceView@6ca1ffe: updateSurface: has no frame
10-04 19:52:57.957 30152 30152 D SurfaceView@6ca1ffe: updateSurface: has no frame
10-04 19:52:57.973 30152 30152 D SurfaceView@6ca1ffe: updateSurface: has no frame
10-04 19:52:57.990 30152 30152 D SurfaceView@6ca1ffe: updateSurface: has no frame
10-04 19:52:58.007 30152 30152 D SurfaceView@6ca1ffe: updateSurface: has no frame
10-04 19:52:58.023 30152 30152 D SurfaceView@6ca1ffe: updateSurface: has no frame
10-04 19:52:58.040 30152 30152 D SurfaceView@6ca1ffe: updateSurface: has no frame
10-04 19:52:58.057 30152 30152 D SurfaceView@6ca1ffe: updateSurface: has no frame
10-04 19:52:58.073 30152 30152 D SurfaceView@6ca1ffe: updateSurface: has no frame
10-04 19:52:58.090 30152 30152 D SurfaceView@6ca1ffe: updateSurface: has no frame
10-04 19:52:58.106 30152 30152 D SurfaceView@6ca1ffe: updateSurface: has no frame
10-04 19:52:58.123 30152 30152 D SurfaceView@6ca1ffe: updateSurface: has no frame
10-04 19:52:58.140 30152 30152 D SurfaceView@6ca1ffe: updateSurface: has no frame
10-04 19:52:58.157 30152 30152 D SurfaceView@6ca1ffe: updateSurface: has no frame
10-04 19:52:58.173 30152 30152 D SurfaceView@6ca1ffe: updateSurface: has no frame
10-04 19:52:58.190 30152 30152 D SurfaceView@6ca1ffe: updateSurface: has no frame
10-04 19:52:58.206 30152 30152 D SurfaceView@6ca1ffe: updateSurface: has no frame
10-04 19:52:58.223 30152 30152 D SurfaceView@6ca1ffe: updateSurface: has no frame
10-04 19:52:58.240 30152 30152 D SurfaceView@6ca1ffe: updateSurface: has no frame
10-04 19:52:58.257 30152 30152 D SurfaceView@6ca1ffe: updateSurface: has no frame
10-04 19:52:58.273 30152 30152 D SurfaceView@6ca1ffe: updateSurface: has no frame
10-04 19:52:58.290 30152 30152 D SurfaceView@6ca1ffe: updateSurface: has no frame
10-04 19:52:58.306 30152 30152 D SurfaceView@6ca1ffe: updateSurface: has no frame
10-04 19:52:58.323 30152 30152 D SurfaceView@6ca1ffe: updateSurface: has no frame
10-04 19:52:58.340 30152 30152 D SurfaceView@6ca1ffe: updateSurface: has no frame
10-04 19:52:58.357 30152 30152 D SurfaceView@6ca1ffe: updateSurface: has no frame
10-04 19:52:58.373 30152 30152 D SurfaceView@6ca1ffe: updateSurface: has no frame
10-04 19:52:58.393 30152 30152 D SurfaceView@6ca1ffe: updateSurface: has no frame
10-04 19:52:58.406 30152 30152 D SurfaceView@6ca1ffe: updateSurface: has no frame
10-04 19:52:58.423 30152 30152 D SurfaceView@6ca1ffe: updateSurface: has no frame
10-04 19:52:58.440 30152 30152 D SurfaceView@6ca1ffe: updateSurface: has no frame
10-04 19:52:58.456 30152 30152 D SurfaceView@6ca1ffe: updateSurface: has no frame
10-04 19:52:58.473 30152 30152 D SurfaceView@6ca1ffe: updateSurface: has no frame
10-04 19:52:58.489 30152 30152 D SurfaceView@6ca1ffe: updateSurface: has no frame
10-04 19:52:58.506 30152 30152 D SurfaceView@6ca1ffe: updateSurface: has no frame
10-04 19:52:58.523 30152 30152 D SurfaceView@6ca1ffe: updateSurface: has no frame
10-04 19:52:58.540 30152 30152 D SurfaceView@6ca1ffe: updateSurface: has no frame
10-04 19:52:58.562 30152 30152 D SurfaceView@6ca1ffe: updateSurface: has no frame
10-04 19:52:58.574 30152 30152 D SurfaceView@6ca1ffe: updateSurface: has no frame
10-04 19:52:58.598 30152 30152 D SurfaceView@6ca1ffe: updateSurface: has no frame
10-04 19:52:58.608 30152 30152 D SurfaceView@6ca1ffe: updateSurface: has no frame
10-04 19:52:58.608 30152 30158 I st.cloudstream3: Background concurrent copying GC freed 12MB AllocSpace bytes, 40(5888KB) LOS objects, 42% free, 32MB/56MB, paused 638us,81us total 231.818ms
10-04 19:52:58.620 30152 30172 D OpenGLRenderer: setSurface called with nullptr
10-04 19:52:58.621 30152 30159 D InputTransport: Input channel destroyed: 'ClientS', fd=161
10-04 19:52:58.621 30152 30172 D OpenGLRenderer: setSurface called with nullptr
10-04 19:52:58.622 30152 30159 D InputTransport: Input channel destroyed: 'ClientS', fd=226
10-04 19:52:58.622 30152 30172 D OpenGLRenderer: setSurface called with nullptr
10-04 19:52:58.623 30152 30152 D SurfaceView@6ca1ffe: updateSurface: has no frame
10-04 19:52:58.623 30152 30159 D InputTransport: Input channel destroyed: 'ClientS', fd=204
10-04 19:52:58.623 30152 30159 D InputTransport: Input channel destroyed: 'ClientS', fd=114
10-04 19:52:58.625 30152 30159 D InputTransport: Input channel destroyed: 'ClientS', fd=160
10-04 19:52:58.626 30152 30159 D InputTransport: Input channel destroyed: 'ClientS', fd=157
10-04 19:52:58.639 30152 30152 D SurfaceView@6ca1ffe: updateSurface: has no frame
10-04 19:52:58.656 30152 30152 D SurfaceView@6ca1ffe: updateSurface: has no frame
10-04 19:52:58.673 30152 30152 D SurfaceView@6ca1ffe: updateSurface: has no frame
10-04 19:52:58.689 30152 30152 D SurfaceView@6ca1ffe: updateSurface: has no frame
10-04 19:52:58.706 30152 30152 D SurfaceView@6ca1ffe: updateSurface: has no frame
10-04 19:52:58.722 30152 30152 D SurfaceView@6ca1ffe: updateSurface: has no frame
10-04 19:52:58.739 30152 30152 D SurfaceView@6ca1ffe: updateSurface: has no frame
10-04 19:52:58.756 30152 30152 D SurfaceView@6ca1ffe: updateSurface: has no frame
10-04 19:52:58.772 30152 30152 D SurfaceView@6ca1ffe: updateSurface: has no frame
10-04 19:52:58.789 30152 30152 D SurfaceView@6ca1ffe: updateSurface: has no frame
10-04 19:52:58.806 30152 30152 D SurfaceView@6ca1ffe: updateSurface: has no frame
10-04 19:52:58.822 30152 30152 D SurfaceView@6ca1ffe: updateSurface: has no frame
10-04 19:52:58.839 30152 30152 D SurfaceView@6ca1ffe: updateSurface: has no frame
10-04 19:52:58.856 30152 30152 D SurfaceView@6ca1ffe: updateSurface: has no frame
10-04 19:52:58.873 30152 30152 D SurfaceView@6ca1ffe: updateSurface: has no frame
10-04 19:52:58.889 30152 30152 D SurfaceView@6ca1ffe: updateSurface: has no frame
10-04 19:52:58.906 30152 30152 D SurfaceView@6ca1ffe: updateSurface: has no frame
10-04 19:52:58.922 30152 30152 D SurfaceView@6ca1ffe: updateSurface: has no frame
10-04 19:52:58.939 30152 30152 D SurfaceView@6ca1ffe: updateSurface: has no frame
10-04 19:52:58.956 30152 30152 D SurfaceView@6ca1ffe: updateSurface: has no frame
10-04 19:52:58.972 30152 30152 D SurfaceView@6ca1ffe: updateSurface: has no frame
10-04 19:52:58.989 30152 30152 D SurfaceView@6ca1ffe: updateSurface: has no frame
10-04 19:52:59.006 30152 30152 D SurfaceView@6ca1ffe: updateSurface: has no frame
10-04 19:52:59.022 30152 30152 D SurfaceView@6ca1ffe: updateSurface: has no frame
10-04 19:52:59.039 30152 30152 D SurfaceView@6ca1ffe: updateSurface: has no frame
10-04 19:52:59.056 30152 30152 D SurfaceView@6ca1ffe: updateSurface: has no frame
10-04 19:52:59.073 30152 30152 D SurfaceView@6ca1ffe: updateSurface: has no frame
10-04 19:52:59.089 30152 30152 D SurfaceView@6ca1ffe: updateSurface: has no frame
10-04 19:52:59.106 30152 30152 D SurfaceView@6ca1ffe: updateSurface: has no frame
10-04 19:52:59.122 30152 30152 D SurfaceView@6ca1ffe: updateSurface: has no frame
10-04 19:52:59.139 30152 30152 D SurfaceView@6ca1ffe: updateSurface: has no frame
10-04 19:52:59.156 30152 30152 D SurfaceView@6ca1ffe: updateSurface: has no frame
10-04 19:52:59.172 30152 30152 D SurfaceView@6ca1ffe: updateSurface: has no frame
10-04 19:52:59.189 30152 30152 D SurfaceView@6ca1ffe: updateSurface: has no frame
10-04 19:52:59.205 30152 30152 D SurfaceView@6ca1ffe: updateSurface: has no frame
10-04 19:52:59.222 30152 30152 D SurfaceView@6ca1ffe: updateSurface: has no frame
10-04 19:52:59.239 30152 30152 D SurfaceView@6ca1ffe: updateSurface: has no frame
10-04 19:52:59.255 30152 30152 D SurfaceView@6ca1ffe: updateSurface: has no frame
10-04 19:52:59.273 30152 30152 D SurfaceView@6ca1ffe: updateSurface: has no frame
10-04 19:52:59.289 30152 30152 D SurfaceView@6ca1ffe: updateSurface: has no frame
10-04 19:52:59.305 30152 30152 D SurfaceView@6ca1ffe: updateSurface: has no frame
10-04 19:52:59.322 30152 30152 D SurfaceView@6ca1ffe: updateSurface: has no frame
10-04 19:52:59.339 30152 30152 D SurfaceView@6ca1ffe: updateSurface: has no frame
10-04 19:52:59.355 30152 30152 D SurfaceView@6ca1ffe: updateSurface: has no frame
10-04 19:52:59.372 30152 30152 D SurfaceView@6ca1ffe: updateSurface: has no frame
10-04 19:52:59.389 30152 30152 D SurfaceView@6ca1ffe: updateSurface: has no frame
10-04 19:52:59.405 30152 30152 D SurfaceView@6ca1ffe: updateSurface: has no frame
10-04 19:52:59.422 30152 30152 D SurfaceView@6ca1ffe: updateSurface: has no frame
10-04 19:52:59.439 30152 30152 D SurfaceView@6ca1ffe: updateSurface: has no frame
10-04 19:52:59.456 30152 30152 D SurfaceView@6ca1ffe: updateSurface: has no frame
10-04 19:52:59.473 30152 30152 D SurfaceView@6ca1ffe: updateSurface: has no frame
10-04 19:52:59.489 30152 30152 D SurfaceView@6ca1ffe: updateSurface: has no frame
10-04 19:52:59.506 30152 30152 D SurfaceView@6ca1ffe: updateSurface: has no frame
10-04 19:52:59.522 30152 30152 D SurfaceView@6ca1ffe: updateSurface: has no frame
10-04 19:52:59.539 30152 30152 D SurfaceView@6ca1ffe: updateSurface: has no frame
10-04 19:52:59.555 30152 30152 D SurfaceView@6ca1ffe: updateSurface: has no frame
10-04 19:52:59.572 30152 30152 D SurfaceView@6ca1ffe: updateSurface: has no frame
10-04 19:52:59.589 30152 30152 D SurfaceView@6ca1ffe: updateSurface: has no frame
10-04 19:52:59.605 30152 30152 D SurfaceView@6ca1ffe: updateSurface: has no frame
10-04 19:52:59.622 30152 30152 D SurfaceView@6ca1ffe: updateSurface: has no frame
10-04 19:52:59.638 30152 30152 D SurfaceView@6ca1ffe: updateSurface: has no frame
10-04 19:52:59.655 30152 30152 D SurfaceView@6ca1ffe: updateSurface: has no frame
10-04 19:52:59.672 30152 30152 D SurfaceView@6ca1ffe: updateSurface: has no frame
10-04 19:52:59.689 30152 30152 D SurfaceView@6ca1ffe: updateSurface: has no frame
10-04 19:52:59.705 30152 30152 D SurfaceView@6ca1ffe: updateSurface: has no frame
10-04 19:52:59.722 30152 30152 D SurfaceView@6ca1ffe: updateSurface: has no frame
10-04 19:52:59.738 30152 30152 D SurfaceView@6ca1ffe: updateSurface: has no frame
10-04 19:52:59.755 30152 30152 D SurfaceView@6ca1ffe: updateSurface: has no frame
10-04 19:52:59.772 30152 30152 D SurfaceView@6ca1ffe: updateSurface: has no frame
10-04 19:52:59.788 30152 30152 D SurfaceView@6ca1ffe: updateSurface: has no frame
10-04 19:52:59.805 30152 30152 D SurfaceView@6ca1ffe: updateSurface: has no frame
10-04 19:52:59.822 30152 30152 D SurfaceView@6ca1ffe: updateSurface: has no frame
10-04 19:52:59.838 30152 30152 D SurfaceView@6ca1ffe: updateSurface: has no frame
10-04 19:52:59.855 30152 30152 D SurfaceView@6ca1ffe: updateSurface: has no frame
10-04 19:52:59.872 30152 30152 D SurfaceView@6ca1ffe: updateSurface: has no frame
10-04 19:52:59.888 30152 30152 D SurfaceView@6ca1ffe: updateSurface: has no frame
10-04 19:52:59.905 30152 30152 D SurfaceView@6ca1ffe: updateSurface: has no frame
10-04 19:52:59.911 30152 30201 I RVM2    : applyMeta
10-04 19:52:59.919 30152 30152 W PanelsChildGestureRegionObserver: failed to register view with ID 2131362800. already registered
10-04 19:52:59.922 30152 30152 E CoilImgLoader: Error loading image: coil3.request.NullRequestDataException: The request's data is null.
10-04 19:52:59.928 30152 30152 E CoilImgLoader: Error loading image: coil3.request.NullRequestDataException: The request's data is null.
10-04 19:52:59.966 30152 30251 I SYNCVM  : addFromUrl = https://wecima.now/watch/%d9%85%d8%b4%d8%a7%d9%87%d8%af%d8%a9-%d9%85%d8%b3%d9%84%d8%b3%d9%84-loves-ambition-%d9%85%d9%88%d8%b3%d9%85-1-%d8%ad%d9%84%d9%82%d8%a9-8/
10-04 19:52:59.966 30152 30251 I SYNCUTIL: getIdsFromUrl https://wecima.now/watch/%d9%85%d8%b4%d8%a7%d9%87%d8%af%d8%a9-%d9%85%d8%b3%d9%84%d8%b3%d9%84-loves-ambition-%d9%85%d9%88%d8%b3%d9%85-1-%d8%ad%d9%84%d9%82%d8%a9-8/
10-04 19:53:00.117 30152 30152 D SurfaceView@6ca1ffe: updateSurface: has no frame
10-04 19:53:00.120 30152 30152 I SurfaceView@6ca1ffe: Changes: creating=true format=true size=true visible=true alpha=false hint=false mUseAlpha=false visible=true left=true top=true
10-04 19:53:00.123 30152 30152 I BLASTBufferQueue: update, w= 1080 h= 525 mName = null mNativeObject= 0x7b79f5de00 sc.mNativeObject= 0x7b3ca9ac80 format= 4 caller= android.view.SurfaceView.createBlastSurfaceControls:1383 android.view.SurfaceView.updateSurface:1079 android.view.SurfaceView.lambda$new$0$android-view-SurfaceView:200 android.view.SurfaceView$$ExternalSyntheticLambda5.onPreDraw:2 android.view.ViewTreeObserver.dispatchOnPreDraw:1121 android.view.ViewRootImpl.performTraversals:4442 
10-04 19:53:00.123 30152 30152 I SurfaceView@6ca1ffe: 113909758 Cur surface: Surface(name=null)/@0x8f9ea7a
10-04 19:53:00.123 30152 30152 I SurfaceView@6ca1ffe: pST: sr = Rect(0, 218 - 1080, 743) sw = 1080 sh = 525
10-04 19:53:00.123 30152 30152 D SurfaceView@6ca1ffe: performSurfaceTransaction RenderWorker position = [0, 218, 1080, 743] surfaceSize = 1080x525
10-04 19:53:00.123 30152 30152 I SurfaceView@6ca1ffe: applyTransactionOnVriDraw: vri = ViewRootImpl@3bedb8a[MainActivity] fRS = false t = 0x7afd80ad00 android.view.SurfaceView.performSurfaceTransaction:959 android.view.SurfaceView.updateSurface:1105 android.view.SurfaceView.lambda$new$0$android-view-SurfaceView:200 
10-04 19:53:00.123 30152 30152 I ViewRootImpl@3bedb8a[MainActivity]: applyTransactionOnDraw: mRemoved = false isHardwareEnabled = true t = 0x7afd80ad00android.view.SurfaceView.applyTransactionOnVriDraw:2048 android.view.SurfaceView.performSurfaceTransaction:959 android.view.SurfaceView.updateSurface:1105 android.view.SurfaceView.lambda$new$0$android-view-SurfaceView:200 android.view.SurfaceView$$ExternalSyntheticLambda5.onPreDraw:2 
10-04 19:53:00.123 30152 30152 I SurfaceView@6ca1ffe: updateSurface: mVisible = true mSurface.isValid() = true
10-04 19:53:00.123 30152 30152 I SurfaceView@6ca1ffe: updateSurface: mSurfaceCreated = false surfaceChanged = true visibleChanged = true
10-04 19:53:00.123 30152 30152 I SurfaceView@6ca1ffe: visibleChanged -- surfaceCreated
10-04 19:53:00.123 30152 30152 I SurfaceView@6ca1ffe: surfaceCreated 0 #8 android.view.SurfaceView{6ca1ffe V.E...... ......ID 0,0-1080,525}
10-04 19:53:00.123 30152 30152 I SurfaceView@6ca1ffe: surfaceChanged -- format=4 w=1080 h=525
10-04 19:53:00.123 30152 30152 I SurfaceView@6ca1ffe: surfaceChanged (1080,525) 0 #8 android.view.SurfaceView{6ca1ffe V.E...... ......ID 0,0-1080,525}
10-04 19:53:00.124 30152 30152 I SurfaceView@6ca1ffe: surfaceRedrawNeeded
10-04 19:53:00.124 30152 30152 V SurfaceView@6ca1ffe: Layout: x=0 y=218 w=1080 h=525, frame=Rect(0, 0 - 1080, 525)
10-04 19:53:00.135 30152 30254 D SurfaceView@6ca1ffe: updateSurfacePosition RenderWorker, frameNr = 751, position = [0, 218, 1080, 743] surfaceSize = 1080x525
10-04 19:53:00.135 30152 30254 I SurfaceView@6ca1ffe: uSP: rtp = Rect(0, 218 - 1080, 743) rtsw = 1080 rtsh = 525
10-04 19:53:00.135 30152 30254 I SurfaceView@6ca1ffe: onSSPAndSRT: pl = 0 pt = 218 sx = 1.0 sy = 1.0
10-04 19:53:00.136 30152 30254 I SurfaceView@6ca1ffe: aOrMT: ViewRootImpl@3bedb8a[MainActivity] t = android.view.SurfaceControl$Transaction@57a8821 fN = 751 android.view.SurfaceView.-$$Nest$mapplyOrMergeTransaction:0 android.view.SurfaceView$SurfaceViewPositionUpdateListener.positionChanged:1537 android.graphics.RenderNode$CompositePositionUpdateListener.positionChanged:373 
10-04 19:53:00.136 30152 30254 I ViewRootImpl@3bedb8a[MainActivity]: mWNT: t=0x7afd80ae00 mBlastBufferQueue=0x7b79f5d500 fn= 751 caller= android.view.SurfaceView.applyOrMergeTransaction:1455 android.view.SurfaceView.-$$Nest$mapplyOrMergeTransaction:0 android.view.SurfaceView$SurfaceViewPositionUpdateListener.positionChanged:1537 
10-04 19:53:00.137 30152 30254 I ViewRootImpl@3bedb8a[MainActivity]: mWNT: t=0x7afd80ad00 mBlastBufferQueue=0x7b79f5d500 fn= 751 caller= android.view.ViewRootImpl.lambda$applyTransactionOnDraw$11$android-view-ViewRootImpl:12865 android.view.ViewRootImpl$$ExternalSyntheticLambda1.onFrameDraw:4 android.graphics.HardwareRenderer$FrameDrawingCallback.onFrameDraw:924 
10-04 19:53:00.193 30152 30152 I SurfaceView@6ca1ffe: finishedDrawing
10-04 19:53:01.011 30152 30152 I ViewRootImpl@3bedb8a[MainActivity]: ViewPostIme pointer 0
10-04 19:53:01.063 30152 30152 I SurfaceView@6ca1ffe: Changes: creating=false format=false size=false visible=false alpha=false hint=false mUseAlpha=false visible=false left=false top=true
10-04 19:53:01.064 30152 30152 I SurfaceView@6ca1ffe: 113909758 Cur surface: Surface(name=null)/@0x8f9ea7a
10-04 19:53:01.065 30152 30152 I SurfaceView@6ca1ffe: applyTransactionOnVriDraw: vri = ViewRootImpl@3bedb8a[MainActivity] fRS = false t = 0x7afd949200 android.view.SurfaceView.performSurfaceTransaction:959 android.view.SurfaceView.updateSurface:1105 android.view.SurfaceView.lambda$new$0$android-view-SurfaceView:200 
10-04 19:53:01.066 30152 30152 I ViewRootImpl@3bedb8a[MainActivity]: applyTransactionOnDraw: mRemoved = false isHardwareEnabled = true t = 0x7afd949200android.view.SurfaceView.applyTransactionOnVriDraw:2048 android.view.SurfaceView.performSurfaceTransaction:959 android.view.SurfaceView.updateSurface:1105 android.view.SurfaceView.lambda$new$0$android-view-SurfaceView:200 android.view.SurfaceView$$ExternalSyntheticLambda5.onPreDraw:2 
10-04 19:53:01.066 30152 30152 I SurfaceView@6ca1ffe: updateSurface: mVisible = true mSurface.isValid() = true
10-04 19:53:01.066 30152 30152 I SurfaceView@6ca1ffe: updateSurface: mSurfaceCreated = true surfaceChanged = false visibleChanged = false
10-04 19:53:01.066 30152 30152 V SurfaceView@6ca1ffe: Layout: x=0 y=43 w=1080 h=525, frame=Rect(0, 0 - 1080, 525)
10-04 19:53:01.072 30152 30255 D SurfaceView@6ca1ffe: updateSurfacePosition RenderWorker, frameNr = 759, position = [0, 43, 1080, 568] surfaceSize = 1080x525
10-04 19:53:01.072 30152 30255 I SurfaceView@6ca1ffe: uSP: rtp = Rect(0, 43 - 1080, 568) rtsw = 1080 rtsh = 525
10-04 19:53:01.072 30152 30255 I SurfaceView@6ca1ffe: onSSPAndSRT: pl = 0 pt = 43 sx = 1.0 sy = 1.0
10-04 19:53:01.073 30152 30255 I SurfaceView@6ca1ffe: aOrMT: ViewRootImpl@3bedb8a[MainActivity] t = android.view.SurfaceControl$Transaction@57a8821 fN = 759 android.view.SurfaceView.-$$Nest$mapplyOrMergeTransaction:0 android.view.SurfaceView$SurfaceViewPositionUpdateListener.positionChanged:1537 android.graphics.RenderNode$CompositePositionUpdateListener.positionChanged:373 
10-04 19:53:01.073 30152 30255 I ViewRootImpl@3bedb8a[MainActivity]: mWNT: t=0x7afd80ae00 mBlastBufferQueue=0x7b79f5d500 fn= 759 caller= android.view.SurfaceView.applyOrMergeTransaction:1455 android.view.SurfaceView.-$$Nest$mapplyOrMergeTransaction:0 android.view.SurfaceView$SurfaceViewPositionUpdateListener.positionChanged:1537 
10-04 19:53:01.074 30152 30255 I ViewRootImpl@3bedb8a[MainActivity]: mWNT: t=0x7afd949200 mBlastBufferQueue=0x7b79f5d500 fn= 759 caller= android.view.ViewRootImpl.lambda$applyTransactionOnDraw$11$android-view-ViewRootImpl:12865 android.view.ViewRootImpl$$ExternalSyntheticLambda1.onFrameDraw:4 android.graphics.HardwareRenderer$FrameDrawingCallback.onFrameDraw:924 
10-04 19:53:01.074 30152 30152 I ViewRootImpl@3bedb8a[MainActivity]: ViewPostIme pointer 1
10-04 19:53:01.083 30152 30152 I SurfaceView@6ca1ffe: Changes: creating=false format=false size=false visible=false alpha=false hint=false mUseAlpha=false visible=false left=false top=true
10-04 19:53:01.083 30152 30152 I SurfaceView@6ca1ffe: 113909758 Cur surface: Surface(name=null)/@0x8f9ea7a
10-04 19:53:01.084 30152 30152 I SurfaceView@6ca1ffe: applyTransactionOnVriDraw: vri = ViewRootImpl@3bedb8a[MainActivity] fRS = false t = 0x7afd949400 android.view.SurfaceView.performSurfaceTransaction:959 android.view.SurfaceView.updateSurface:1105 android.view.SurfaceView.lambda$new$0$android-view-SurfaceView:200 
10-04 19:53:01.084 30152 30152 I ViewRootImpl@3bedb8a[MainActivity]: applyTransactionOnDraw: mRemoved = false isHardwareEnabled = true t = 0x7afd949400android.view.SurfaceView.applyTransactionOnVriDraw:2048 android.view.SurfaceView.performSurfaceTransaction:959 android.view.SurfaceView.updateSurface:1105 android.view.SurfaceView.lambda$new$0$android-view-SurfaceView:200 android.view.SurfaceView$$ExternalSyntheticLambda5.onPreDraw:2 
10-04 19:53:01.084 30152 30152 I SurfaceView@6ca1ffe: updateSurface: mVisible = true mSurface.isValid() = true
10-04 19:53:01.084 30152 30152 I SurfaceView@6ca1ffe: updateSurface: mSurfaceCreated = true surfaceChanged = false visibleChanged = false
10-04 19:53:01.085 30152 30152 V SurfaceView@6ca1ffe: Layout: x=0 y=23 w=1080 h=525, frame=Rect(0, 0 - 1080, 525)
10-04 19:53:01.094 30152 30254 D SurfaceView@6ca1ffe: updateSurfacePosition RenderWorker, frameNr = 760, position = [0, 23, 1080, 548] surfaceSize = 1080x525
10-04 19:53:01.094 30152 30254 I SurfaceView@6ca1ffe: uSP: rtp = Rect(0, 23 - 1080, 548) rtsw = 1080 rtsh = 525
10-04 19:53:01.094 30152 30254 I SurfaceView@6ca1ffe: onSSPAndSRT: pl = 0 pt = 23 sx = 1.0 sy = 1.0
10-04 19:53:01.094 30152 30254 I SurfaceView@6ca1ffe: aOrMT: ViewRootImpl@3bedb8a[MainActivity] t = android.view.SurfaceControl$Transaction@57a8821 fN = 760 android.view.SurfaceView.-$$Nest$mapplyOrMergeTransaction:0 android.view.SurfaceView$SurfaceViewPositionUpdateListener.positionChanged:1537 android.graphics.RenderNode$CompositePositionUpdateListener.positionChanged:373 
10-04 19:53:01.094 30152 30254 I ViewRootImpl@3bedb8a[MainActivity]: mWNT: t=0x7afd80ae00 mBlastBufferQueue=0x7b79f5d500 fn= 760 caller= android.view.SurfaceView.applyOrMergeTransaction:1455 android.view.SurfaceView.-$$Nest$mapplyOrMergeTransaction:0 android.view.SurfaceView$SurfaceViewPositionUpdateListener.positionChanged:1537 
10-04 19:53:01.095 30152 30254 I ViewRootImpl@3bedb8a[MainActivity]: mWNT: t=0x7afd949400 mBlastBufferQueue=0x7b79f5d500 fn= 760 caller= android.view.ViewRootImpl.lambda$applyTransactionOnDraw$11$android-view-ViewRootImpl:12865 android.view.ViewRootImpl$$ExternalSyntheticLambda1.onFrameDraw:4 android.graphics.HardwareRenderer$FrameDrawingCallback.onFrameDraw:924 
10-04 19:53:01.099 30152 30152 I SurfaceView@6ca1ffe: Changes: creating=false format=false size=false visible=false alpha=false hint=false mUseAlpha=false visible=false left=false top=true
10-04 19:53:01.099 30152 30152 I SurfaceView@6ca1ffe: 113909758 Cur surface: Surface(name=null)/@0x8f9ea7a
10-04 19:53:01.100 30152 30152 I SurfaceView@6ca1ffe: applyTransactionOnVriDraw: vri = ViewRootImpl@3bedb8a[MainActivity] fRS = false t = 0x7afd949800 android.view.SurfaceView.performSurfaceTransaction:959 android.view.SurfaceView.updateSurface:1105 android.view.SurfaceView.lambda$new$0$android-view-SurfaceView:200 
10-04 19:53:01.100 30152 30152 I ViewRootImpl@3bedb8a[MainActivity]: applyTransactionOnDraw: mRemoved = false isHardwareEnabled = true t = 0x7afd949800android.view.SurfaceView.applyTransactionOnVriDraw:2048 android.view.SurfaceView.performSurfaceTransaction:959 android.view.SurfaceView.updateSurface:1105 android.view.SurfaceView.lambda$new$0$android-view-SurfaceView:200 android.view.SurfaceView$$ExternalSyntheticLambda5.onPreDraw:2 
10-04 19:53:01.100 30152 30152 I SurfaceView@6ca1ffe: updateSurface: mVisible = true mSurface.isValid() = true
10-04 19:53:01.100 30152 30152 I SurfaceView@6ca1ffe: updateSurface: mSurfaceCreated = true surfaceChanged = false visibleChanged = false
10-04 19:53:01.100 30152 30152 V SurfaceView@6ca1ffe: Layout: x=0 y=-36 w=1080 h=525, frame=Rect(0, 0 - 1080, 525)
10-04 19:53:01.104 30152 30255 D SurfaceView@6ca1ffe: updateSurfacePosition RenderWorker, frameNr = 761, position = [0, -36, 1080, 489] surfaceSize = 1080x525
10-04 19:53:01.104 30152 30255 I SurfaceView@6ca1ffe: uSP: rtp = Rect(0, -36 - 1080, 489) rtsw = 1080 rtsh = 525
10-04 19:53:01.104 30152 30255 I SurfaceView@6ca1ffe: onSSPAndSRT: pl = 0 pt = -36 sx = 1.0 sy = 1.0
10-04 19:53:01.105 30152 30255 I SurfaceView@6ca1ffe: aOrMT: ViewRootImpl@3bedb8a[MainActivity] t = android.view.SurfaceControl$Transaction@57a8821 fN = 761 android.view.SurfaceView.-$$Nest$mapplyOrMergeTransaction:0 android.view.SurfaceView$SurfaceViewPositionUpdateListener.positionChanged:1537 android.graphics.RenderNode$CompositePositionUpdateListener.positionChanged:373 
10-04 19:53:01.105 30152 30255 I ViewRootImpl@3bedb8a[MainActivity]: mWNT: t=0x7afd80ae00 mBlastBufferQueue=0x7b79f5d500 fn= 761 caller= android.view.SurfaceView.applyOrMergeTransaction:1455 android.view.SurfaceView.-$$Nest$mapplyOrMergeTransaction:0 android.view.SurfaceView$SurfaceViewPositionUpdateListener.positionChanged:1537 
10-04 19:53:01.105 30152 30255 I ViewRootImpl@3bedb8a[MainActivity]: mWNT: t=0x7afd949800 mBlastBufferQueue=0x7b79f5d500 fn= 761 caller= android.view.ViewRootImpl.lambda$applyTransactionOnDraw$11$android-view-ViewRootImpl:12865 android.view.ViewRootImpl$$ExternalSyntheticLambda1.onFrameDraw:4 android.graphics.HardwareRenderer$FrameDrawingCallback.onFrameDraw:924 
10-04 19:53:01.109 30152 30152 I SurfaceView@6ca1ffe: Changes: creating=false format=false size=false visible=false alpha=false hint=false mUseAlpha=false visible=false left=false top=true
10-04 19:53:01.109 30152 30152 I SurfaceView@6ca1ffe: 113909758 Cur surface: Surface(name=null)/@0x8f9ea7a
10-04 19:53:01.110 30152 30152 I SurfaceView@6ca1ffe: applyTransactionOnVriDraw: vri = ViewRootImpl@3bedb8a[MainActivity] fRS = false t = 0x7afd949a00 android.view.SurfaceView.performSurfaceTransaction:959 android.view.SurfaceView.updateSurface:1105 android.view.SurfaceView.lambda$new$0$android-view-SurfaceView:200 
10-04 19:53:01.110 30152 30152 I ViewRootImpl@3bedb8a[MainActivity]: applyTransactionOnDraw: mRemoved = false isHardwareEnabled = true t = 0x7afd949a00android.view.SurfaceView.applyTransactionOnVriDraw:2048 android.view.SurfaceView.performSurfaceTransaction:959 android.view.SurfaceView.updateSurface:1105 android.view.SurfaceView.lambda$new$0$android-view-SurfaceView:200 android.view.SurfaceView$$ExternalSyntheticLambda5.onPreDraw:2 
10-04 19:53:01.110 30152 30152 I SurfaceView@6ca1ffe: updateSurface: mVisible = true mSurface.isValid() = true
10-04 19:53:01.110 30152 30152 I SurfaceView@6ca1ffe: updateSurface: mSurfaceCreated = true surfaceChanged = false visibleChanged = false
10-04 19:53:01.110 30152 30152 V SurfaceView@6ca1ffe: Layout: x=0 y=-165 w=1080 h=525, frame=Rect(0, 0 - 1080, 525)
10-04 19:53:01.126 30152 30254 D SurfaceView@6ca1ffe: updateSurfacePosition RenderWorker, frameNr = 762, position = [0, -165, 1080, 360] surfaceSize = 1080x525
10-04 19:53:01.126 30152 30254 I SurfaceView@6ca1ffe: uSP: rtp = Rect(0, -165 - 1080, 360) rtsw = 1080 rtsh = 525
10-04 19:53:01.126 30152 30254 I SurfaceView@6ca1ffe: onSSPAndSRT: pl = 0 pt = -165 sx = 1.0 sy = 1.0
10-04 19:53:01.126 30152 30254 I SurfaceView@6ca1ffe: aOrMT: ViewRootImpl@3bedb8a[MainActivity] t = android.view.SurfaceControl$Transaction@57a8821 fN = 762 android.view.SurfaceView.-$$Nest$mapplyOrMergeTransaction:0 android.view.SurfaceView$SurfaceViewPositionUpdateListener.positionChanged:1537 android.graphics.RenderNode$CompositePositionUpdateListener.positionChanged:373 
10-04 19:53:01.126 30152 30254 I ViewRootImpl@3bedb8a[MainActivity]: mWNT: t=0x7afd80ae00 mBlastBufferQueue=0x7b79f5d500 fn= 762 caller= android.view.SurfaceView.applyOrMergeTransaction:1455 android.view.SurfaceView.-$$Nest$mapplyOrMergeTransaction:0 android.view.SurfaceView$SurfaceViewPositionUpdateListener.positionChanged:1537 
10-04 19:53:01.126 30152 30254 I ViewRootImpl@3bedb8a[MainActivity]: mWNT: t=0x7afd949a00 mBlastBufferQueue=0x7b79f5d500 fn= 762 caller= android.view.ViewRootImpl.lambda$applyTransactionOnDraw$11$android-view-ViewRootImpl:12865 android.view.ViewRootImpl$$ExternalSyntheticLambda1.onFrameDraw:4 android.graphics.HardwareRenderer$FrameDrawingCallback.onFrameDraw:924 
10-04 19:53:01.130 30152 30152 I SurfaceView@6ca1ffe: Changes: creating=false format=false size=false visible=false alpha=false hint=false mUseAlpha=false visible=false left=false top=true
10-04 19:53:01.131 30152 30152 I SurfaceView@6ca1ffe: 113909758 Cur surface: Surface(name=null)/@0x8f9ea7a
10-04 19:53:01.131 30152 30152 I SurfaceView@6ca1ffe: applyTransactionOnVriDraw: vri = ViewRootImpl@3bedb8a[MainActivity] fRS = false t = 0x7afd949b00 android.view.SurfaceView.performSurfaceTransaction:959 android.view.SurfaceView.updateSurface:1105 android.view.SurfaceView.lambda$new$0$android-view-SurfaceView:200 
10-04 19:53:01.131 30152 30152 I ViewRootImpl@3bedb8a[MainActivity]: applyTransactionOnDraw: mRemoved = false isHardwareEnabled = true t = 0x7afd949b00android.view.SurfaceView.applyTransactionOnVriDraw:2048 android.view.SurfaceView.performSurfaceTransaction:959 android.view.SurfaceView.updateSurface:1105 android.view.SurfaceView.lambda$new$0$android-view-SurfaceView:200 android.view.SurfaceView$$ExternalSyntheticLambda5.onPreDraw:2 
10-04 19:53:01.131 30152 30152 I SurfaceView@6ca1ffe: updateSurface: mVisible = true mSurface.isValid() = true
10-04 19:53:01.131 30152 30152 I SurfaceView@6ca1ffe: updateSurface: mSurfaceCreated = true surfaceChanged = false visibleChanged = false
10-04 19:53:01.132 30152 30152 V SurfaceView@6ca1ffe: Layout: x=0 y=-330 w=1080 h=525, frame=Rect(0, 0 - 1080, 525)
10-04 19:53:01.139 30152 30255 D SurfaceView@6ca1ffe: updateSurfacePosition RenderWorker, frameNr = 763, position = [0, -330, 1080, 195] surfaceSize = 1080x525
10-04 19:53:01.139 30152 30255 I SurfaceView@6ca1ffe: uSP: rtp = Rect(0, -330 - 1080, 195) rtsw = 1080 rtsh = 525
10-04 19:53:01.139 30152 30255 I SurfaceView@6ca1ffe: onSSPAndSRT: pl = 0 pt = -330 sx = 1.0 sy = 1.0
10-04 19:53:01.140 30152 30255 I SurfaceView@6ca1ffe: aOrMT: ViewRootImpl@3bedb8a[MainActivity] t = android.view.SurfaceControl$Transaction@57a8821 fN = 763 android.view.SurfaceView.-$$Nest$mapplyOrMergeTransaction:0 android.view.SurfaceView$SurfaceViewPositionUpdateListener.positionChanged:1537 android.graphics.RenderNode$CompositePositionUpdateListener.positionChanged:373 
10-04 19:53:01.140 30152 30255 I ViewRootImpl@3bedb8a[MainActivity]: mWNT: t=0x7afd80ae00 mBlastBufferQueue=0x7b79f5d500 fn= 763 caller= android.view.SurfaceView.applyOrMergeTransaction:1455 android.view.SurfaceView.-$$Nest$mapplyOrMergeTransaction:0 android.view.SurfaceView$SurfaceViewPositionUpdateListener.positionChanged:1537 
10-04 19:53:01.140 30152 30255 I ViewRootImpl@3bedb8a[MainActivity]: mWNT: t=0x7afd949b00 mBlastBufferQueue=0x7b79f5d500 fn= 763 caller= android.view.ViewRootImpl.lambda$applyTransactionOnDraw$11$android-view-ViewRootImpl:12865 android.view.ViewRootImpl$$ExternalSyntheticLambda1.onFrameDraw:4 android.graphics.HardwareRenderer$FrameDrawingCallback.onFrameDraw:924 
10-04 19:53:01.144 30152 30152 I SurfaceView@6ca1ffe: Changes: creating=false format=false size=false visible=false alpha=false hint=false mUseAlpha=false visible=false left=false top=true
10-04 19:53:01.144 30152 30152 I SurfaceView@6ca1ffe: 113909758 Cur surface: Surface(name=null)/@0x8f9ea7a
10-04 19:53:01.144 30152 30152 I SurfaceView@6ca1ffe: applyTransactionOnVriDraw: vri = ViewRootImpl@3bedb8a[MainActivity] fRS = false t = 0x7afd949d00 android.view.SurfaceView.performSurfaceTransaction:959 android.view.SurfaceView.updateSurface:1105 android.view.SurfaceView.lambda$new$0$android-view-SurfaceView:200 
10-04 19:53:01.145 30152 30152 I ViewRootImpl@3bedb8a[MainActivity]: applyTransactionOnDraw: mRemoved = false isHardwareEnabled = true t = 0x7afd949d00android.view.SurfaceView.applyTransactionOnVriDraw:2048 android.view.SurfaceView.performSurfaceTransaction:959 android.view.SurfaceView.updateSurface:1105 android.view.SurfaceView.lambda$new$0$android-view-SurfaceView:200 android.view.SurfaceView$$ExternalSyntheticLambda5.onPreDraw:2 
10-04 19:53:01.145 30152 30152 I SurfaceView@6ca1ffe: updateSurface: mVisible = true mSurface.isValid() = true
10-04 19:53:01.145 30152 30152 I SurfaceView@6ca1ffe: updateSurface: mSurfaceCreated = true surfaceChanged = false visibleChanged = false
10-04 19:53:01.145 30152 30152 V SurfaceView@6ca1ffe: Layout: x=0 y=-505 w=1080 h=525, frame=Rect(0, 0 - 1080, 525)
10-04 19:53:01.158 30152 30254 I ViewRootImpl@3bedb8a[MainActivity]: mWNT: t=0x7afd949d00 mBlastBufferQueue=0x7b79f5d500 fn= 764 caller= android.view.ViewRootImpl.lambda$applyTransactionOnDraw$11$android-view-ViewRootImpl:12865 android.view.ViewRootImpl$$ExternalSyntheticLambda1.onFrameDraw:4 android.graphics.HardwareRenderer$FrameDrawingCallback.onFrameDraw:924 
10-04 19:53:01.162 30152 30152 I SurfaceView@6ca1ffe: Changes: creating=false format=false size=false visible=false alpha=false hint=false mUseAlpha=false visible=false left=false top=true
10-04 19:53:01.163 30152 30152 I SurfaceView@6ca1ffe: 113909758 Cur surface: Surface(name=null)/@0x8f9ea7a
10-04 19:53:01.163 30152 30152 I SurfaceView@6ca1ffe: applyTransactionOnVriDraw: vri = ViewRootImpl@3bedb8a[MainActivity] fRS = false t = 0x7afd949e00 android.view.SurfaceView.performSurfaceTransaction:959 android.view.SurfaceView.updateSurface:1105 android.view.SurfaceView.lambda$new$0$android-view-SurfaceView:200 
10-04 19:53:01.163 30152 30152 I ViewRootImpl@3bedb8a[MainActivity]: applyTransactionOnDraw: mRemoved = false isHardwareEnabled = true t = 0x7afd949e00android.view.SurfaceView.applyTransactionOnVriDraw:2048 android.view.SurfaceView.performSurfaceTransaction:959 android.view.SurfaceView.updateSurface:1105 android.view.SurfaceView.lambda$new$0$android-view-SurfaceView:200 android.view.SurfaceView$$ExternalSyntheticLambda5.onPreDraw:2 
10-04 19:53:01.163 30152 30152 I SurfaceView@6ca1ffe: updateSurface: mVisible = true mSurface.isValid() = true
10-04 19:53:01.163 30152 30152 I SurfaceView@6ca1ffe: updateSurface: mSurfaceCreated = true surfaceChanged = false visibleChanged = false
10-04 19:53:01.163 30152 30152 V SurfaceView@6ca1ffe: Layout: x=0 y=-689 w=1080 h=525, frame=Rect(0, 0 - 1080, 525)
10-04 19:53:01.171 30152 30255 D SurfaceView@6ca1ffe: updateSurfacePosition RenderWorker, frameNr = 765, position = [0, -689, 1080, -164] surfaceSize = 1080x525
10-04 19:53:01.171 30152 30255 I SurfaceView@6ca1ffe: uSP: rtp = Rect(0, -689 - 1080, -164) rtsw = 1080 rtsh = 525
10-04 19:53:01.171 30152 30255 I SurfaceView@6ca1ffe: onSSPAndSRT: pl = 0 pt = -689 sx = 1.0 sy = 1.0
10-04 19:53:01.171 30152 30255 I SurfaceView@6ca1ffe: aOrMT: ViewRootImpl@3bedb8a[MainActivity] t = android.view.SurfaceControl$Transaction@57a8821 fN = 765 android.view.SurfaceView.-$$Nest$mapplyOrMergeTransaction:0 android.view.SurfaceView$SurfaceViewPositionUpdateListener.positionChanged:1537 android.graphics.RenderNode$CompositePositionUpdateListener.positionChanged:373 
10-04 19:53:01.172 30152 30255 I ViewRootImpl@3bedb8a[MainActivity]: mWNT: t=0x7afd80ae00 mBlastBufferQueue=0x7b79f5d500 fn= 765 caller= android.view.SurfaceView.applyOrMergeTransaction:1455 android.view.SurfaceView.-$$Nest$mapplyOrMergeTransaction:0 android.view.SurfaceView$SurfaceViewPositionUpdateListener.positionChanged:1537 
10-04 19:53:01.172 30152 30255 I ViewRootImpl@3bedb8a[MainActivity]: mWNT: t=0x7afd949e00 mBlastBufferQueue=0x7b79f5d500 fn= 765 caller= android.view.ViewRootImpl.lambda$applyTransactionOnDraw$11$android-view-ViewRootImpl:12865 android.view.ViewRootImpl$$ExternalSyntheticLambda1.onFrameDraw:4 android.graphics.HardwareRenderer$FrameDrawingCallback.onFrameDraw:924 
10-04 19:53:01.176 30152 30152 I SurfaceView@6ca1ffe: Changes: creating=false format=false size=false visible=false alpha=false hint=false mUseAlpha=false visible=false left=false top=true
10-04 19:53:01.176 30152 30152 I SurfaceView@6ca1ffe: 113909758 Cur surface: Surface(name=null)/@0x8f9ea7a
10-04 19:53:01.176 30152 30152 I SurfaceView@6ca1ffe: applyTransactionOnVriDraw: vri = ViewRootImpl@3bedb8a[MainActivity] fRS = false t = 0x7afd949f00 android.view.SurfaceView.performSurfaceTransaction:959 android.view.SurfaceView.updateSurface:1105 android.view.SurfaceView.lambda$new$0$android-view-SurfaceView:200 
10-04 19:53:01.177 30152 30152 I ViewRootImpl@3bedb8a[MainActivity]: applyTransactionOnDraw: mRemoved = false isHardwareEnabled = true t = 0x7afd949f00android.view.SurfaceView.applyTransactionOnVriDraw:2048 android.view.SurfaceView.performSurfaceTransaction:959 android.view.SurfaceView.updateSurface:1105 android.view.SurfaceView.lambda$new$0$android-view-SurfaceView:200 android.view.SurfaceView$$ExternalSyntheticLambda5.onPreDraw:2 
10-04 19:53:01.177 30152 30152 I SurfaceView@6ca1ffe: updateSurface: mVisible = true mSurface.isValid() = true
10-04 19:53:01.177 30152 30152 I SurfaceView@6ca1ffe: updateSurface: mSurfaceCreated = true surfaceChanged = false visibleChanged = false
10-04 19:53:01.177 30152 30152 V SurfaceView@6ca1ffe: Layout: x=0 y=-872 w=1080 h=525, frame=Rect(0, 0 - 1080, 525)
10-04 19:53:01.190 30152 30254 D SurfaceView@6ca1ffe: updateSurfacePosition RenderWorker, frameNr = 766, position = [0, -872, 1080, -347] surfaceSize = 1080x525
10-04 19:53:01.190 30152 30254 I SurfaceView@6ca1ffe: uSP: rtp = Rect(0, -872 - 1080, -347) rtsw = 1080 rtsh = 525
10-04 19:53:01.190 30152 30254 I SurfaceView@6ca1ffe: onSSPAndSRT: pl = 0 pt = -872 sx = 1.0 sy = 1.0
10-04 19:53:01.191 30152 30254 I SurfaceView@6ca1ffe: aOrMT: ViewRootImpl@3bedb8a[MainActivity] t = android.view.SurfaceControl$Transaction@57a8821 fN = 766 android.view.SurfaceView.-$$Nest$mapplyOrMergeTransaction:0 android.view.SurfaceView$SurfaceViewPositionUpdateListener.positionChanged:1537 android.graphics.RenderNode$CompositePositionUpdateListener.positionChanged:373 
10-04 19:53:01.191 30152 30254 I ViewRootImpl@3bedb8a[MainActivity]: mWNT: t=0x7afd80ae00 mBlastBufferQueue=0x7b79f5d500 fn= 766 caller= android.view.SurfaceView.applyOrMergeTransaction:1455 android.view.SurfaceView.-$$Nest$mapplyOrMergeTransaction:0 android.view.SurfaceView$SurfaceViewPositionUpdateListener.positionChanged:1537 
10-04 19:53:01.191 30152 30254 I ViewRootImpl@3bedb8a[MainActivity]: mWNT: t=0x7afd949f00 mBlastBufferQueue=0x7b79f5d500 fn= 766 caller= android.view.ViewRootImpl.lambda$applyTransactionOnDraw$11$android-view-ViewRootImpl:12865 android.view.ViewRootImpl$$ExternalSyntheticLambda1.onFrameDraw:4 android.graphics.HardwareRenderer$FrameDrawingCallback.onFrameDraw:924 
10-04 19:53:01.195 30152 30152 I SurfaceView@6ca1ffe: Changes: creating=false format=false size=false visible=false alpha=false hint=false mUseAlpha=false visible=false left=false top=true
10-04 19:53:01.195 30152 30152 I SurfaceView@6ca1ffe: 113909758 Cur surface: Surface(name=null)/@0x8f9ea7a
10-04 19:53:01.196 30152 30152 I SurfaceView@6ca1ffe: applyTransactionOnVriDraw: vri = ViewRootImpl@3bedb8a[MainActivity] fRS = false t = 0x7afdaa8100 android.view.SurfaceView.performSurfaceTransaction:959 android.view.SurfaceView.updateSurface:1105 android.view.SurfaceView.lambda$new$0$android-view-SurfaceView:200 
10-04 19:53:01.196 30152 30152 I ViewRootImpl@3bedb8a[MainActivity]: applyTransactionOnDraw: mRemoved = false isHardwareEnabled = true t = 0x7afdaa8100android.view.SurfaceView.applyTransactionOnVriDraw:2048 android.view.SurfaceView.performSurfaceTransaction:959 android.view.SurfaceView.updateSurface:1105 android.view.SurfaceView.lambda$new$0$android-view-SurfaceView:200 android.view.SurfaceView$$ExternalSyntheticLambda5.onPreDraw:2 
10-04 19:53:01.196 30152 30152 I SurfaceView@6ca1ffe: updateSurface: mVisible = true mSurface.isValid() = true
10-04 19:53:01.196 30152 30152 I SurfaceView@6ca1ffe: updateSurface: mSurfaceCreated = true surfaceChanged = false visibleChanged = false
10-04 19:53:01.196 30152 30152 V SurfaceView@6ca1ffe: Layout: x=0 y=-1052 w=1080 h=525, frame=Rect(0, 0 - 1080, 525)
10-04 19:53:01.203 30152 30255 D SurfaceView@6ca1ffe: updateSurfacePosition RenderWorker, frameNr = 767, position = [0, -1052, 1080, -527] surfaceSize = 1080x525
10-04 19:53:01.204 30152 30255 I SurfaceView@6ca1ffe: uSP: rtp = Rect(0, -1052 - 1080, -527) rtsw = 1080 rtsh = 525
10-04 19:53:01.204 30152 30255 I SurfaceView@6ca1ffe: onSSPAndSRT: pl = 0 pt = -1052 sx = 1.0 sy = 1.0
10-04 19:53:01.204 30152 30255 I SurfaceView@6ca1ffe: aOrMT: ViewRootImpl@3bedb8a[MainActivity] t = android.view.SurfaceControl$Transaction@57a8821 fN = 767 android.view.SurfaceView.-$$Nest$mapplyOrMergeTransaction:0 android.view.SurfaceView$SurfaceViewPositionUpdateListener.positionChanged:1537 android.graphics.RenderNode$CompositePositionUpdateListener.positionChanged:373 
10-04 19:53:01.205 30152 30255 I ViewRootImpl@3bedb8a[MainActivity]: mWNT: t=0x7afd80ae00 mBlastBufferQueue=0x7b79f5d500 fn= 767 caller= android.view.SurfaceView.applyOrMergeTransaction:1455 android.view.SurfaceView.-$$Nest$mapplyOrMergeTransaction:0 android.view.SurfaceView$SurfaceViewPositionUpdateListener.positionChanged:1537 
