10-04 20:46:11.499  6493  6577 I SYNCUTIL: getIdsFromUrl https://wecima.now/watch/%d9%85%d8%b4%d8%a7%d9%87%d8%af%d8%a9-%d9%85%d8%b3%d9%84%d8%b3%d9%84-the-19th-medical-chart-%d9%85%d9%88%d8%b3%d9%85-1-%d8%ad%d9%84%d9%82%d8%a9-8-%d9%88%d8%a7%d9%84%d8%a3%d8%ae%d9%8a%d8%b1%d8%a9/
10-04 20:46:11.615  6493  6493 D SurfaceView@7f9137d: updateSurface: has no frame
10-04 20:46:11.617  6493  6493 I SurfaceView@7f9137d: Changes: creating=true format=true size=true visible=true alpha=false hint=false mUseAlpha=false visible=true left=true top=true
10-04 20:46:11.620  6493  6493 I BLASTBufferQueue: update, w= 1080 h= 525 mName = null mNativeObject= 0x7b5d0b9300 sc.mNativeObject= 0x7aedd14280 format= 4 caller= android.view.SurfaceView.createBlastSurfaceControls:1383 android.view.SurfaceView.updateSurface:1079 android.view.SurfaceView.lambda$new$0$android-view-SurfaceView:200 android.view.SurfaceView$$ExternalSyntheticLambda5.onPreDraw:2 android.view.ViewTreeObserver.dispatchOnPreDraw:1121 android.view.ViewRootImpl.performTraversals:4442 
10-04 20:46:11.621  6493  6493 I SurfaceView@7f9137d: 133763965 Cur surface: Surface(name=null)/@0xfb31ee6
10-04 20:46:11.621  6493  6493 I SurfaceView@7f9137d: pST: sr = Rect(0, 218 - 1080, 743) sw = 1080 sh = 525
10-04 20:46:11.621  6493  6493 D SurfaceView@7f9137d: performSurfaceTransaction RenderWorker position = [0, 218, 1080, 743] surfaceSize = 1080x525
10-04 20:46:11.621  6493  6493 I SurfaceView@7f9137d: applyTransactionOnVriDraw: vri = ViewRootImpl@e892618[MainActivity] fRS = false t = 0x7aedd12300 android.view.SurfaceView.performSurfaceTransaction:959 android.view.SurfaceView.updateSurface:1105 android.view.SurfaceView.lambda$new$0$android-view-SurfaceView:200 
10-04 20:46:11.621  6493  6493 I ViewRootImpl@e892618[MainActivity]: applyTransactionOnDraw: mRemoved = false isHardwareEnabled = true t = 0x7aedd12300android.view.SurfaceView.applyTransactionOnVriDraw:2048 android.view.SurfaceView.performSurfaceTransaction:959 android.view.SurfaceView.updateSurface:1105 android.view.SurfaceView.lambda$new$0$android-view-SurfaceView:200 android.view.SurfaceView$$ExternalSyntheticLambda5.onPreDraw:2 
10-04 20:46:11.621  6493  6493 I SurfaceView@7f9137d: updateSurface: mVisible = true mSurface.isValid() = true
10-04 20:46:11.621  6493  6493 I SurfaceView@7f9137d: updateSurface: mSurfaceCreated = false surfaceChanged = true visibleChanged = true
10-04 20:46:11.621  6493  6493 I SurfaceView@7f9137d: visibleChanged -- surfaceCreated
10-04 20:46:11.621  6493  6493 I SurfaceView@7f9137d: surfaceCreated 0 #8 android.view.SurfaceView{7f9137d V.E...... ......ID 0,0-1080,525}
10-04 20:46:11.621  6493  6493 I SurfaceView@7f9137d: surfaceChanged -- format=4 w=1080 h=525
10-04 20:46:11.621  6493  6493 I SurfaceView@7f9137d: surfaceChanged (1080,525) 0 #8 android.view.SurfaceView{7f9137d V.E...... ......ID 0,0-1080,525}
10-04 20:46:11.621  6493  6493 I SurfaceView@7f9137d: surfaceRedrawNeeded
10-04 20:46:11.622  6493  6493 V SurfaceView@7f9137d: Layout: x=0 y=218 w=1080 h=525, frame=Rect(0, 0 - 1080, 525)
10-04 20:46:11.634  6493  6639 D SurfaceView@7f9137d: updateSurfacePosition RenderWorker, frameNr = 427, position = [0, 218, 1080, 743] surfaceSize = 1080x525
10-04 20:46:11.634  6493  6639 I SurfaceView@7f9137d: uSP: rtp = Rect(0, 218 - 1080, 743) rtsw = 1080 rtsh = 525
10-04 20:46:11.634  6493  6639 I SurfaceView@7f9137d: onSSPAndSRT: pl = 0 pt = 218 sx = 1.0 sy = 1.0
10-04 20:46:11.635  6493  6639 I SurfaceView@7f9137d: aOrMT: ViewRootImpl@e892618[MainActivity] t = android.view.SurfaceControl$Transaction@1a7e87d fN = 427 android.view.SurfaceView.-$$Nest$mapplyOrMergeTransaction:0 android.view.SurfaceView$SurfaceViewPositionUpdateListener.positionChanged:1537 android.graphics.RenderNode$CompositePositionUpdateListener.positionChanged:373 
10-04 20:46:11.635  6493  6639 I ViewRootImpl@e892618[MainActivity]: mWNT: t=0x7aedd12400 mBlastBufferQueue=0x7b420b4d00 fn= 427 caller= android.view.SurfaceView.applyOrMergeTransaction:1455 android.view.SurfaceView.-$$Nest$mapplyOrMergeTransaction:0 android.view.SurfaceView$SurfaceViewPositionUpdateListener.positionChanged:1537 
10-04 20:46:11.636  6493  6639 I ViewRootImpl@e892618[MainActivity]: mWNT: t=0x7aedd12300 mBlastBufferQueue=0x7b420b4d00 fn= 427 caller= android.view.ViewRootImpl.lambda$applyTransactionOnDraw$11$android-view-ViewRootImpl:12865 android.view.ViewRootImpl$$ExternalSyntheticLambda1.onFrameDraw:4 android.graphics.HardwareRenderer$FrameDrawingCallback.onFrameDraw:924 
10-04 20:46:11.700  6493  6493 I SurfaceView@7f9137d: finishedDrawing
10-04 20:46:13.157  6493  6493 I ViewRootImpl@e892618[MainActivity]: ViewPostIme pointer 0
10-04 20:46:13.214  6493  6493 I SurfaceView@7f9137d: Changes: creating=false format=false size=false visible=false alpha=false hint=false mUseAlpha=false visible=false left=false top=true
10-04 20:46:13.214  6493  6493 I SurfaceView@7f9137d: 133763965 Cur surface: Surface(name=null)/@0xfb31ee6
10-04 20:46:13.215  6493  6493 I SurfaceView@7f9137d: applyTransactionOnVriDraw: vri = ViewRootImpl@e892618[MainActivity] fRS = false t = 0x7b4214de00 android.view.SurfaceView.performSurfaceTransaction:959 android.view.SurfaceView.updateSurface:1105 android.view.SurfaceView.lambda$new$0$android-view-SurfaceView:200 
10-04 20:46:13.216  6493  6493 I ViewRootImpl@e892618[MainActivity]: applyTransactionOnDraw: mRemoved = false isHardwareEnabled = true t = 0x7b4214de00android.view.SurfaceView.applyTransactionOnVriDraw:2048 android.view.SurfaceView.performSurfaceTransaction:959 android.view.SurfaceView.updateSurface:1105 android.view.SurfaceView.lambda$new$0$android-view-SurfaceView:200 android.view.SurfaceView$$ExternalSyntheticLambda5.onPreDraw:2 
10-04 20:46:13.216  6493  6493 I SurfaceView@7f9137d: updateSurface: mVisible = true mSurface.isValid() = true
10-04 20:46:13.216  6493  6493 I SurfaceView@7f9137d: updateSurface: mSurfaceCreated = true surfaceChanged = false visibleChanged = false
10-04 20:46:13.217  6493  6493 V SurfaceView@7f9137d: Layout: x=0 y=133 w=1080 h=525, frame=Rect(0, 0 - 1080, 525)
10-04 20:46:13.220  6493  6625 D SurfaceView@7f9137d: updateSurfacePosition RenderWorker, frameNr = 436, position = [0, 133, 1080, 658] surfaceSize = 1080x525
10-04 20:46:13.220  6493  6625 I SurfaceView@7f9137d: uSP: rtp = Rect(0, 133 - 1080, 658) rtsw = 1080 rtsh = 525
10-04 20:46:13.220  6493  6625 I SurfaceView@7f9137d: onSSPAndSRT: pl = 0 pt = 133 sx = 1.0 sy = 1.0
10-04 20:46:13.221  6493  6625 I SurfaceView@7f9137d: aOrMT: ViewRootImpl@e892618[MainActivity] t = android.view.SurfaceControl$Transaction@1a7e87d fN = 436 android.view.SurfaceView.-$$Nest$mapplyOrMergeTransaction:0 android.view.SurfaceView$SurfaceViewPositionUpdateListener.positionChanged:1537 android.graphics.RenderNode$CompositePositionUpdateListener.positionChanged:373 
10-04 20:46:13.221  6493  6625 I ViewRootImpl@e892618[MainActivity]: mWNT: t=0x7aedd12400 mBlastBufferQueue=0x7b420b4d00 fn= 436 caller= android.view.SurfaceView.applyOrMergeTransaction:1455 android.view.SurfaceView.-$$Nest$mapplyOrMergeTransaction:0 android.view.SurfaceView$SurfaceViewPositionUpdateListener.positionChanged:1537 
10-04 20:46:13.222  6493  6625 I ViewRootImpl@e892618[MainActivity]: mWNT: t=0x7b4214de00 mBlastBufferQueue=0x7b420b4d00 fn= 436 caller= android.view.ViewRootImpl.lambda$applyTransactionOnDraw$11$android-view-ViewRootImpl:12865 android.view.ViewRootImpl$$ExternalSyntheticLambda1.onFrameDraw:4 android.graphics.HardwareRenderer$FrameDrawingCallback.onFrameDraw:924 
10-04 20:46:13.229  6493  6493 I SurfaceView@7f9137d: Changes: creating=false format=false size=false visible=false alpha=false hint=false mUseAlpha=false visible=false left=false top=true
10-04 20:46:13.229  6493  6493 I SurfaceView@7f9137d: 133763965 Cur surface: Surface(name=null)/@0xfb31ee6
10-04 20:46:13.230  6493  6493 I SurfaceView@7f9137d: applyTransactionOnVriDraw: vri = ViewRootImpl@e892618[MainActivity] fRS = false t = 0x7aedd12700 android.view.SurfaceView.performSurfaceTransaction:959 android.view.SurfaceView.updateSurface:1105 android.view.SurfaceView.lambda$new$0$android-view-SurfaceView:200 
10-04 20:46:13.231  6493  6493 I ViewRootImpl@e892618[MainActivity]: applyTransactionOnDraw: mRemoved = false isHardwareEnabled = true t = 0x7aedd12700android.view.SurfaceView.applyTransactionOnVriDraw:2048 android.view.SurfaceView.performSurfaceTransaction:959 android.view.SurfaceView.updateSurface:1105 android.view.SurfaceView.lambda$new$0$android-view-SurfaceView:200 android.view.SurfaceView$$ExternalSyntheticLambda5.onPreDraw:2 
10-04 20:46:13.231  6493  6493 I SurfaceView@7f9137d: updateSurface: mVisible = true mSurface.isValid() = true
10-04 20:46:13.231  6493  6493 I SurfaceView@7f9137d: updateSurface: mSurfaceCreated = true surfaceChanged = false visibleChanged = false
10-04 20:46:13.231  6493  6493 V SurfaceView@7f9137d: Layout: x=0 y=8 w=1080 h=525, frame=Rect(0, 0 - 1080, 525)
10-04 20:46:13.243  6493  6639 D SurfaceView@7f9137d: updateSurfacePosition RenderWorker, frameNr = 437, position = [0, 8, 1080, 533] surfaceSize = 1080x525
10-04 20:46:13.243  6493  6639 I SurfaceView@7f9137d: uSP: rtp = Rect(0, 8 - 1080, 533) rtsw = 1080 rtsh = 525
10-04 20:46:13.243  6493  6639 I SurfaceView@7f9137d: onSSPAndSRT: pl = 0 pt = 8 sx = 1.0 sy = 1.0
10-04 20:46:13.244  6493  6639 I SurfaceView@7f9137d: aOrMT: ViewRootImpl@e892618[MainActivity] t = android.view.SurfaceControl$Transaction@1a7e87d fN = 437 android.view.SurfaceView.-$$Nest$mapplyOrMergeTransaction:0 android.view.SurfaceView$SurfaceViewPositionUpdateListener.positionChanged:1537 android.graphics.RenderNode$CompositePositionUpdateListener.positionChanged:373 
10-04 20:46:13.244  6493  6639 I ViewRootImpl@e892618[MainActivity]: mWNT: t=0x7aedd12400 mBlastBufferQueue=0x7b420b4d00 fn= 437 caller= android.view.SurfaceView.applyOrMergeTransaction:1455 android.view.SurfaceView.-$$Nest$mapplyOrMergeTransaction:0 android.view.SurfaceView$SurfaceViewPositionUpdateListener.positionChanged:1537 
10-04 20:46:13.244  6493  6639 I ViewRootImpl@e892618[MainActivity]: mWNT: t=0x7aedd12700 mBlastBufferQueue=0x7b420b4d00 fn= 437 caller= android.view.ViewRootImpl.lambda$applyTransactionOnDraw$11$android-view-ViewRootImpl:12865 android.view.ViewRootImpl$$ExternalSyntheticLambda1.onFrameDraw:4 android.graphics.HardwareRenderer$FrameDrawingCallback.onFrameDraw:924 
10-04 20:46:13.251  6493  6493 I SurfaceView@7f9137d: Changes: creating=false format=false size=false visible=false alpha=false hint=false mUseAlpha=false visible=false left=false top=true
10-04 20:46:13.251  6493  6493 I SurfaceView@7f9137d: 133763965 Cur surface: Surface(name=null)/@0xfb31ee6
10-04 20:46:13.252  6493  6493 I SurfaceView@7f9137d: applyTransactionOnVriDraw: vri = ViewRootImpl@e892618[MainActivity] fRS = false t = 0x7aedd12900 android.view.SurfaceView.performSurfaceTransaction:959 android.view.SurfaceView.updateSurface:1105 android.view.SurfaceView.lambda$new$0$android-view-SurfaceView:200 
10-04 20:46:13.253  6493  6493 I ViewRootImpl@e892618[MainActivity]: applyTransactionOnDraw: mRemoved = false isHardwareEnabled = true t = 0x7aedd12900android.view.SurfaceView.applyTransactionOnVriDraw:2048 android.view.SurfaceView.performSurfaceTransaction:959 android.view.SurfaceView.updateSurface:1105 android.view.SurfaceView.lambda$new$0$android-view-SurfaceView:200 android.view.SurfaceView$$ExternalSyntheticLambda5.onPreDraw:2 
10-04 20:46:13.253  6493  6493 I SurfaceView@7f9137d: updateSurface: mVisible = true mSurface.isValid() = true
10-04 20:46:13.253  6493  6493 I SurfaceView@7f9137d: updateSurface: mSurfaceCreated = true surfaceChanged = false visibleChanged = false
10-04 20:46:13.253  6493  6493 V SurfaceView@7f9137d: Layout: x=0 y=-142 w=1080 h=525, frame=Rect(0, 0 - 1080, 525)
10-04 20:46:13.266  6493  6625 D SurfaceView@7f9137d: updateSurfacePosition RenderWorker, frameNr = 438, position = [0, -142, 1080, 383] surfaceSize = 1080x525
10-04 20:46:13.266  6493  6625 I SurfaceView@7f9137d: uSP: rtp = Rect(0, -142 - 1080, 383) rtsw = 1080 rtsh = 525
10-04 20:46:13.266  6493  6625 I SurfaceView@7f9137d: onSSPAndSRT: pl = 0 pt = -142 sx = 1.0 sy = 1.0
10-04 20:46:13.267  6493  6625 I SurfaceView@7f9137d: aOrMT: ViewRootImpl@e892618[MainActivity] t = android.view.SurfaceControl$Transaction@1a7e87d fN = 438 android.view.SurfaceView.-$$Nest$mapplyOrMergeTransaction:0 android.view.SurfaceView$SurfaceViewPositionUpdateListener.positionChanged:1537 android.graphics.RenderNode$CompositePositionUpdateListener.positionChanged:373 
10-04 20:46:13.267  6493  6625 I ViewRootImpl@e892618[MainActivity]: mWNT: t=0x7aedd12400 mBlastBufferQueue=0x7b420b4d00 fn= 438 caller= android.view.SurfaceView.applyOrMergeTransaction:1455 android.view.SurfaceView.-$$Nest$mapplyOrMergeTransaction:0 android.view.SurfaceView$SurfaceViewPositionUpdateListener.positionChanged:1537 
10-04 20:46:13.267  6493  6493 I ViewRootImpl@e892618[MainActivity]: ViewPostIme pointer 1
10-04 20:46:13.268  6493  6625 I ViewRootImpl@e892618[MainActivity]: mWNT: t=0x7aedd12900 mBlastBufferQueue=0x7b420b4d00 fn= 438 caller= android.view.ViewRootImpl.lambda$applyTransactionOnDraw$11$android-view-ViewRootImpl:12865 android.view.ViewRootImpl$$ExternalSyntheticLambda1.onFrameDraw:4 android.graphics.HardwareRenderer$FrameDrawingCallback.onFrameDraw:924 
10-04 20:46:13.273  6493  6493 I SurfaceView@7f9137d: Changes: creating=false format=false size=false visible=false alpha=false hint=false mUseAlpha=false visible=false left=false top=true
10-04 20:46:13.273  6493  6493 I SurfaceView@7f9137d: 133763965 Cur surface: Surface(name=null)/@0xfb31ee6
10-04 20:46:13.274  6493  6493 I SurfaceView@7f9137d: applyTransactionOnVriDraw: vri = ViewRootImpl@e892618[MainActivity] fRS = false t = 0x7aedd12a00 android.view.SurfaceView.performSurfaceTransaction:959 android.view.SurfaceView.updateSurface:1105 android.view.SurfaceView.lambda$new$0$android-view-SurfaceView:200 
10-04 20:46:13.274  6493  6493 I ViewRootImpl@e892618[MainActivity]: applyTransactionOnDraw: mRemoved = false isHardwareEnabled = true t = 0x7aedd12a00android.view.SurfaceView.applyTransactionOnVriDraw:2048 android.view.SurfaceView.performSurfaceTransaction:959 android.view.SurfaceView.updateSurface:1105 android.view.SurfaceView.lambda$new$0$android-view-SurfaceView:200 android.view.SurfaceView$$ExternalSyntheticLambda5.onPreDraw:2 
10-04 20:46:13.274  6493  6493 I SurfaceView@7f9137d: updateSurface: mVisible = true mSurface.isValid() = true
10-04 20:46:13.274  6493  6493 I SurfaceView@7f9137d: updateSurface: mSurfaceCreated = true surfaceChanged = false visibleChanged = false
10-04 20:46:13.275  6493  6493 V SurfaceView@7f9137d: Layout: x=0 y=-223 w=1080 h=525, frame=Rect(0, 0 - 1080, 525)
10-04 20:46:13.279  6493  6639 D SurfaceView@7f9137d: updateSurfacePosition RenderWorker, frameNr = 439, position = [0, -223, 1080, 302] surfaceSize = 1080x525
10-04 20:46:13.279  6493  6639 I SurfaceView@7f9137d: uSP: rtp = Rect(0, -223 - 1080, 302) rtsw = 1080 rtsh = 525
10-04 20:46:13.279  6493  6639 I SurfaceView@7f9137d: onSSPAndSRT: pl = 0 pt = -223 sx = 1.0 sy = 1.0
10-04 20:46:13.280  6493  6639 I SurfaceView@7f9137d: aOrMT: ViewRootImpl@e892618[MainActivity] t = android.view.SurfaceControl$Transaction@1a7e87d fN = 439 android.view.SurfaceView.-$$Nest$mapplyOrMergeTransaction:0 android.view.SurfaceView$SurfaceViewPositionUpdateListener.positionChanged:1537 android.graphics.RenderNode$CompositePositionUpdateListener.positionChanged:373 
10-04 20:46:13.280  6493  6639 I ViewRootImpl@e892618[MainActivity]: mWNT: t=0x7aedd12400 mBlastBufferQueue=0x7b420b4d00 fn= 439 caller= android.view.SurfaceView.applyOrMergeTransaction:1455 android.view.SurfaceView.-$$Nest$mapplyOrMergeTransaction:0 android.view.SurfaceView$SurfaceViewPositionUpdateListener.positionChanged:1537 
10-04 20:46:13.280  6493  6639 I ViewRootImpl@e892618[MainActivity]: mWNT: t=0x7aedd12a00 mBlastBufferQueue=0x7b420b4d00 fn= 439 caller= android.view.ViewRootImpl.lambda$applyTransactionOnDraw$11$android-view-ViewRootImpl:12865 android.view.ViewRootImpl$$ExternalSyntheticLambda1.onFrameDraw:4 android.graphics.HardwareRenderer$FrameDrawingCallback.onFrameDraw:924 
10-04 20:46:13.288  6493  6493 I SurfaceView@7f9137d: Changes: creating=false format=false size=false visible=false alpha=false hint=false mUseAlpha=false visible=false left=false top=true
10-04 20:46:13.288  6493  6493 I SurfaceView@7f9137d: 133763965 Cur surface: Surface(name=null)/@0xfb31ee6
10-04 20:46:13.288  6493  6493 I SurfaceView@7f9137d: applyTransactionOnVriDraw: vri = ViewRootImpl@e892618[MainActivity] fRS = false t = 0x7aedd12b00 android.view.SurfaceView.performSurfaceTransaction:959 android.view.SurfaceView.updateSurface:1105 android.view.SurfaceView.lambda$new$0$android-view-SurfaceView:200 
10-04 20:46:13.289  6493  6493 I ViewRootImpl@e892618[MainActivity]: applyTransactionOnDraw: mRemoved = false isHardwareEnabled = true t = 0x7aedd12b00android.view.SurfaceView.applyTransactionOnVriDraw:2048 android.view.SurfaceView.performSurfaceTransaction:959 android.view.SurfaceView.updateSurface:1105 android.view.SurfaceView.lambda$new$0$android-view-SurfaceView:200 android.view.SurfaceView$$ExternalSyntheticLambda5.onPreDraw:2 
10-04 20:46:13.289  6493  6493 I SurfaceView@7f9137d: updateSurface: mVisible = true mSurface.isValid() = true
10-04 20:46:13.289  6493  6493 I SurfaceView@7f9137d: updateSurface: mSurfaceCreated = true surfaceChanged = false visibleChanged = false
10-04 20:46:13.289  6493  6493 V SurfaceView@7f9137d: Layout: x=0 y=-294 w=1080 h=525, frame=Rect(0, 0 - 1080, 525)
10-04 20:46:13.293  6493  6625 D SurfaceView@7f9137d: updateSurfacePosition RenderWorker, frameNr = 440, position = [0, -294, 1080, 231] surfaceSize = 1080x525
10-04 20:46:13.293  6493  6625 I SurfaceView@7f9137d: uSP: rtp = Rect(0, -294 - 1080, 231) rtsw = 1080 rtsh = 525
10-04 20:46:13.293  6493  6625 I SurfaceView@7f9137d: onSSPAndSRT: pl = 0 pt = -294 sx = 1.0 sy = 1.0
10-04 20:46:13.293  6493  6625 I SurfaceView@7f9137d: aOrMT: ViewRootImpl@e892618[MainActivity] t = android.view.SurfaceControl$Transaction@1a7e87d fN = 440 android.view.SurfaceView.-$$Nest$mapplyOrMergeTransaction:0 android.view.SurfaceView$SurfaceViewPositionUpdateListener.positionChanged:1537 android.graphics.RenderNode$CompositePositionUpdateListener.positionChanged:373 
10-04 20:46:13.293  6493  6625 I ViewRootImpl@e892618[MainActivity]: mWNT: t=0x7aedd12400 mBlastBufferQueue=0x7b420b4d00 fn= 440 caller= android.view.SurfaceView.applyOrMergeTransaction:1455 android.view.SurfaceView.-$$Nest$mapplyOrMergeTransaction:0 android.view.SurfaceView$SurfaceViewPositionUpdateListener.positionChanged:1537 
10-04 20:46:13.293  6493  6625 I ViewRootImpl@e892618[MainActivity]: mWNT: t=0x7aedd12b00 mBlastBufferQueue=0x7b420b4d00 fn= 440 caller= android.view.ViewRootImpl.lambda$applyTransactionOnDraw$11$android-view-ViewRootImpl:12865 android.view.ViewRootImpl$$ExternalSyntheticLambda1.onFrameDraw:4 android.graphics.HardwareRenderer$FrameDrawingCallback.onFrameDraw:924 
10-04 20:46:13.304  6493  6493 I SurfaceView@7f9137d: Changes: creating=false format=false size=false visible=false alpha=false hint=false mUseAlpha=false visible=false left=false top=true
10-04 20:46:13.304  6493  6493 I SurfaceView@7f9137d: 133763965 Cur surface: Surface(name=null)/@0xfb31ee6
10-04 20:46:13.304  6493  6493 I SurfaceView@7f9137d: applyTransactionOnVriDraw: vri = ViewRootImpl@e892618[MainActivity] fRS = false t = 0x7aedd12c00 android.view.SurfaceView.performSurfaceTransaction:959 android.view.SurfaceView.updateSurface:1105 android.view.SurfaceView.lambda$new$0$android-view-SurfaceView:200 
10-04 20:46:13.304  6493  6493 I ViewRootImpl@e892618[MainActivity]: applyTransactionOnDraw: mRemoved = false isHardwareEnabled = true t = 0x7aedd12c00android.view.SurfaceView.applyTransactionOnVriDraw:2048 android.view.SurfaceView.performSurfaceTransaction:959 android.view.SurfaceView.updateSurface:1105 android.view.SurfaceView.lambda$new$0$android-view-SurfaceView:200 android.view.SurfaceView$$ExternalSyntheticLambda5.onPreDraw:2 
10-04 20:46:13.305  6493  6493 I SurfaceView@7f9137d: updateSurface: mVisible = true mSurface.isValid() = true
10-04 20:46:13.305  6493  6493 I SurfaceView@7f9137d: updateSurface: mSurfaceCreated = true surfaceChanged = false visibleChanged = false
10-04 20:46:13.305  6493  6493 V SurfaceView@7f9137d: Layout: x=0 y=-417 w=1080 h=525, frame=Rect(0, 0 - 1080, 525)
10-04 20:46:13.309  6493  6639 I ViewRootImpl@e892618[MainActivity]: mWNT: t=0x7aedd12c00 mBlastBufferQueue=0x7b420b4d00 fn= 441 caller= android.view.ViewRootImpl.lambda$applyTransactionOnDraw$11$android-view-ViewRootImpl:12865 android.view.ViewRootImpl$$ExternalSyntheticLambda1.onFrameDraw:4 android.graphics.HardwareRenderer$FrameDrawingCallback.onFrameDraw:924 
10-04 20:46:13.320  6493  6493 I SurfaceView@7f9137d: Changes: creating=false format=false size=false visible=false alpha=false hint=false mUseAlpha=false visible=false left=false top=true
10-04 20:46:13.320  6493  6493 I SurfaceView@7f9137d: 133763965 Cur surface: Surface(name=null)/@0xfb31ee6
10-04 20:46:13.321  6493  6493 I SurfaceView@7f9137d: applyTransactionOnVriDraw: vri = ViewRootImpl@e892618[MainActivity] fRS = false t = 0x7aedd12d00 android.view.SurfaceView.performSurfaceTransaction:959 android.view.SurfaceView.updateSurface:1105 android.view.SurfaceView.lambda$new$0$android-view-SurfaceView:200 
10-04 20:46:13.321  6493  6493 I ViewRootImpl@e892618[MainActivity]: applyTransactionOnDraw: mRemoved = false isHardwareEnabled = true t = 0x7aedd12d00android.view.SurfaceView.applyTransactionOnVriDraw:2048 android.view.SurfaceView.performSurfaceTransaction:959 android.view.SurfaceView.updateSurface:1105 android.view.SurfaceView.lambda$new$0$android-view-SurfaceView:200 android.view.SurfaceView$$ExternalSyntheticLambda5.onPreDraw:2 
10-04 20:46:13.321  6493  6493 I SurfaceView@7f9137d: updateSurface: mVisible = true mSurface.isValid() = true
10-04 20:46:13.321  6493  6493 I SurfaceView@7f9137d: updateSurface: mSurfaceCreated = true surfaceChanged = false visibleChanged = false
10-04 20:46:13.321  6493  6493 V SurfaceView@7f9137d: Layout: x=0 y=-559 w=1080 h=525, frame=Rect(0, 0 - 1080, 525)
10-04 20:46:13.325  6493  6625 D SurfaceView@7f9137d: updateSurfacePosition RenderWorker, frameNr = 442, position = [0, -559, 1080, -34] surfaceSize = 1080x525
10-04 20:46:13.325  6493  6625 I SurfaceView@7f9137d: uSP: rtp = Rect(0, -559 - 1080, -34) rtsw = 1080 rtsh = 525
10-04 20:46:13.325  6493  6625 I SurfaceView@7f9137d: onSSPAndSRT: pl = 0 pt = -559 sx = 1.0 sy = 1.0
10-04 20:46:13.326  6493  6625 I SurfaceView@7f9137d: aOrMT: ViewRootImpl@e892618[MainActivity] t = android.view.SurfaceControl$Transaction@1a7e87d fN = 442 android.view.SurfaceView.-$$Nest$mapplyOrMergeTransaction:0 android.view.SurfaceView$SurfaceViewPositionUpdateListener.positionChanged:1537 android.graphics.RenderNode$CompositePositionUpdateListener.positionChanged:373 
10-04 20:46:13.326  6493  6625 I ViewRootImpl@e892618[MainActivity]: mWNT: t=0x7aedd12400 mBlastBufferQueue=0x7b420b4d00 fn= 442 caller= android.view.SurfaceView.applyOrMergeTransaction:1455 android.view.SurfaceView.-$$Nest$mapplyOrMergeTransaction:0 android.view.SurfaceView$SurfaceViewPositionUpdateListener.positionChanged:1537 
10-04 20:46:13.326  6493  6625 I ViewRootImpl@e892618[MainActivity]: mWNT: t=0x7aedd12d00 mBlastBufferQueue=0x7b420b4d00 fn= 442 caller= android.view.ViewRootImpl.lambda$applyTransactionOnDraw$11$android-view-ViewRootImpl:12865 android.view.ViewRootImpl$$ExternalSyntheticLambda1.onFrameDraw:4 android.graphics.HardwareRenderer$FrameDrawingCallback.onFrameDraw:924 
10-04 20:46:13.337  6493  6493 I SurfaceView@7f9137d: Changes: creating=false format=false size=false visible=false alpha=false hint=false mUseAlpha=false visible=false left=false top=true
10-04 20:46:13.337  6493  6493 I SurfaceView@7f9137d: 133763965 Cur surface: Surface(name=null)/@0xfb31ee6
10-04 20:46:13.338  6493  6493 I SurfaceView@7f9137d: applyTransactionOnVriDraw: vri = ViewRootImpl@e892618[MainActivity] fRS = false t = 0x7aedd12e00 android.view.SurfaceView.performSurfaceTransaction:959 android.view.SurfaceView.updateSurface:1105 android.view.SurfaceView.lambda$new$0$android-view-SurfaceView:200 
10-04 20:46:13.338  6493  6493 I ViewRootImpl@e892618[MainActivity]: applyTransactionOnDraw: mRemoved = false isHardwareEnabled = true t = 0x7aedd12e00android.view.SurfaceView.applyTransactionOnVriDraw:2048 android.view.SurfaceView.performSurfaceTransaction:959 android.view.SurfaceView.updateSurface:1105 android.view.SurfaceView.lambda$new$0$android-view-SurfaceView:200 android.view.SurfaceView$$ExternalSyntheticLambda5.onPreDraw:2 
10-04 20:46:13.338  6493  6493 I SurfaceView@7f9137d: updateSurface: mVisible = true mSurface.isValid() = true
10-04 20:46:13.338  6493  6493 I SurfaceView@7f9137d: updateSurface: mSurfaceCreated = true surfaceChanged = false visibleChanged = false
10-04 20:46:13.338  6493  6493 V SurfaceView@7f9137d: Layout: x=0 y=-609 w=1080 h=525, frame=Rect(0, 0 - 1080, 525)
10-04 20:46:13.342  6493  6639 D SurfaceView@7f9137d: updateSurfacePosition RenderWorker, frameNr = 443, position = [0, -609, 1080, -84] surfaceSize = 1080x525
10-04 20:46:13.342  6493  6639 I SurfaceView@7f9137d: uSP: rtp = Rect(0, -609 - 1080, -84) rtsw = 1080 rtsh = 525
10-04 20:46:13.342  6493  6639 I SurfaceView@7f9137d: onSSPAndSRT: pl = 0 pt = -609 sx = 1.0 sy = 1.0
10-04 20:46:13.342  6493  6639 I SurfaceView@7f9137d: aOrMT: ViewRootImpl@e892618[MainActivity] t = android.view.SurfaceControl$Transaction@1a7e87d fN = 443 android.view.SurfaceView.-$$Nest$mapplyOrMergeTransaction:0 android.view.SurfaceView$SurfaceViewPositionUpdateListener.positionChanged:1537 android.graphics.RenderNode$CompositePositionUpdateListener.positionChanged:373 
10-04 20:46:13.343  6493  6639 I ViewRootImpl@e892618[MainActivity]: mWNT: t=0x7aedd12400 mBlastBufferQueue=0x7b420b4d00 fn= 443 caller= android.view.SurfaceView.applyOrMergeTransaction:1455 android.view.SurfaceView.-$$Nest$mapplyOrMergeTransaction:0 android.view.SurfaceView$SurfaceViewPositionUpdateListener.positionChanged:1537 
10-04 20:46:13.343  6493  6639 I ViewRootImpl@e892618[MainActivity]: mWNT: t=0x7aedd12e00 mBlastBufferQueue=0x7b420b4d00 fn= 443 caller= android.view.ViewRootImpl.lambda$applyTransactionOnDraw$11$android-view-ViewRootImpl:12865 android.view.ViewRootImpl$$ExternalSyntheticLambda1.onFrameDraw:4 android.graphics.HardwareRenderer$FrameDrawingCallback.onFrameDraw:924 
10-04 20:46:14.007  6493  6493 I ViewRootImpl@e892618[MainActivity]: ViewPostIme pointer 0
10-04 20:46:14.522  6493  6493 I Dialog  : mIsDeviceDefault = false, mIsSamsungBasicInteraction = false, isMetaDataInActivity = false
10-04 20:46:14.547  6493  6493 I DecorView: [INFO] isPopOver=false config=false
10-04 20:46:14.547  6493  6493 I DecorView: updateCaptionType: isFloating=false isApplication=true hasWindowDecorCaption=false this=DecorView@3714d70[]
10-04 20:46:14.547  6493  6493 D DecorView: setCaptionType = 0, this = DecorView@3714d70[]
10-04 20:46:14.549  6493  6493 I DecorView: getCurrentDensityDpi: from app context. densityDpi=420 msg=resources_loaded
10-04 20:46:14.549  6493  6493 I DecorView: setWindowBackground: isPopOver=false color=0 d=android.graphics.drawable.ColorDrawable@6ca396e
10-04 20:46:14.557  6493  6545 D NativeCustomFrequencyManager: [NativeCFMS] BpCustomFrequencyManager::BpCustomFrequencyManager()
10-04 20:46:14.558  6493  6493 I DecorView: notifyKeepScreenOnChanged: keepScreenOn=false
10-04 20:46:14.570  6493  6493 D InsetsController: onStateChanged: InsetsState: {mDisplayFrame=Rect(0, 0 - 1080, 2400), mDisplayCutout=DisplayCutout{insets=Rect(0, 88 - 0, 0) waterfall=Insets{left=0, top=0, right=0, bottom=0} boundingRect={Bounds=[Rect(0, 0 - 0, 0), Rect(512, 0 - 568, 88), Rect(0, 0 - 0, 0), Rect(0, 0 - 0, 0)]} cutoutPathParserInfo={CutoutPathParserInfo{displayWidth=1080 displayHeight=2400 physicalDisplayWidth=1080 physicalDisplayHeight=2400 density={2.625} cutoutSpec={M 0,0 M 0,12.25101276465640 a 10.60613009248640,10.60613009248640 0 1,0 0,21.21226018497290 a 10.60613009248640,10.60613009248640 0 1,0 0,-21.21226018497290 Z @dp} rotation={0} scale={1.0} physicalPixelDisplaySizeRatio={1.0}}}}, mRoundedCorners=RoundedCorners{[RoundedCorner{position=TopLeft, radius=84, center=Point(84, 84)}, RoundedCorner{position=TopRight, radius=84, center=Point(996, 84)}, RoundedCorner{position=BottomRight, radius=84, center=Point(996, 2316)}, RoundedCorner{position=BottomLeft, radius=84, center=Point(84, 2316)}]}  mRoundedCornerFrame=Rect(0, 0 - 1080, 2400), mPrivacyIndicatorBounds=PrivacyIndicatorBounds {static bounds=Rect(964, 0 - 1080, 87) rotation=0}, mSources= { InsetsSource: {mType=ITYPE_STATUS_BAR, mFrame=[0,0][1080,88], mVisible=true, mInsetsRoundedCornerFrame=false}, InsetsSource: {mType=ITYPE_NAVIGATION_BAR, mFrame=[0,2361][1080,2400], mVisible=true, mInsetsRoundedCornerFrame=false}, InsetsSource: {mType=ITYPE_LEFT_GESTURES, mFrame=[0,0][130,2400], mVisible=true, mInsetsRoundedCornerFrame=false}, InsetsSource: {mType=ITYPE_RIGHT_GESTURES, mFrame=[950,0][1080,2400], mVisible=true, mInsetsRoundedCornerFrame=false}, InsetsSource: {mType=ITYPE_TOP_MANDATORY_GESTURES, mFrame=[0,0][1080,120], mVisible=true, mInsetsRoundedCornerFrame=false}, InsetsSource: {mType=ITYPE_BOTTOM_MANDATORY_GESTURES, mFrame=[0,2316][1080,2400], mVisible=true, mInsetsRoundedCornerFrame=false}, InsetsSource: {mType=ITYPE_LEFT_DISPLAY_CUTOUT, mFrame=[0,0][-100000,2400], mVisible=true, mInsetsRoundedCornerFrame=false}, InsetsSource: {mType=ITYPE_TOP_DISPLAY_CUTOUT, mFrame=[0,0][1080,88], mVisible=true, mInsetsRoundedCornerFrame=false}, InsetsSource: {mType=ITYPE_RIGHT_DISPLAY_CUTOUT, mFrame=[100000,0][1080,2400], mVisible=true, mInsetsRoundedCornerFrame=false}, InsetsSource: {mType=ITYPE_BOTTOM_DISPLAY_CUTOUT, mFrame=[0,100000][1080,2400], mVisible=true, mInsetsRoundedCornerFrame=false}, InsetsSource: {mType=ITYPE_TOP_TAPPABLE_ELEMENT, mFrame=[0,0][1080,88], mVisible=true, mInsetsRoundedCornerFrame=false}, InsetsSource: {mType=ITYPE_BOTTOM_TAPPABLE_ELEMENT, mFrame=[0,0][0,0], mVisible=true, mInsetsRoundedCornerFrame=false}, InsetsSource: {mType=ITYPE_IME, mFrame=[0,0][0,0], mVisibleFrame=[0,1409][1080,2400], mVisible=false, mInsetsRoundedCornerFrame=false} } host=com.lagradost.cloudstream3/com.lagradost.cloudstream3.MainActivity from=android.view.ViewRootImpl.setView:1732
10-04 20:46:14.571  6493  6493 I ViewRootImpl@8690a07[MainActivity]: setView = com.android.internal.policy.DecorView@3714d70 TM=true
10-04 20:46:14.586  6493  6493 I ViewRootImpl@8690a07[MainActivity]: performTraversals params={(0,0)(fillxfill) gr=CENTER sim={adjust=resize forwardNavigation} ty=APPLICATION fmt=TRANSPARENT wanim=0x7f14000b
10-04 20:46:14.586  6493  6493 I ViewRootImpl@8690a07[MainActivity]:   fl=85810100
10-04 20:46:14.586  6493  6493 I ViewRootImpl@8690a07[MainActivity]:   pfl=12020040
10-04 20:46:14.586  6493  6493 I ViewRootImpl@8690a07[MainActivity]:   vsysui=500
10-04 20:46:14.586  6493  6493 I ViewRootImpl@8690a07[MainActivity]:   bhv=DEFAULT
10-04 20:46:14.586  6493  6493 I ViewRootImpl@8690a07[MainActivity]:   fitSides= naviIconColor=0}
10-04 20:46:14.587  6493  6493 I ViewRootImpl@8690a07[MainActivity]: performTraversals mFirst=true windowShouldResize=true viewVisibilityChanged=false mForceNextWindowRelayout=false params={(0,0)(fillxfill) gr=CENTER sim={adjust=resize forwardNavigation} ty=APPLICATION fmt=TRANSPARENT wanim=0x7f14000b
10-04 20:46:14.587  6493  6493 I ViewRootImpl@8690a07[MainActivity]:   fl=85810100
10-04 20:46:14.587  6493  6493 I ViewRootImpl@8690a07[MainActivity]:   pfl=12020040
10-04 20:46:14.587  6493  6493 I ViewRootImpl@8690a07[MainActivity]:   vsysui=500
10-04 20:46:14.587  6493  6493 I ViewRootImpl@8690a07[MainActivity]:   bhv=DEFAULT
10-04 20:46:14.587  6493  6493 I ViewRootImpl@8690a07[MainActivity]:   fitSides= naviIconColor=0}
10-04 20:46:14.595  6493  6493 I ViewRootImpl@8690a07[MainActivity]: updateBlastSurfaceIfNeeded mBlastBufferQueue=null isSameSurfaceControl=false
10-04 20:46:14.596  6493  6493 I BLASTBufferQueue: new BLASTBufferQueue, mName= ViewRootImpl@8690a07[MainActivity] mNativeObject= 0x7b5d0bae00 sc.mNativeObject= 0x7aedd18e20 caller= android.view.ViewRootImpl.updateBlastSurfaceIfNeeded:2909 android.view.ViewRootImpl.relayoutWindow:9847 android.view.ViewRootImpl.performTraversals:3884 android.view.ViewRootImpl.doTraversal:3116 android.view.ViewRootImpl$TraversalRunnable.run:10885 android.view.Choreographer$CallbackRecord.run:1301 android.view.Choreographer$CallbackRecord.run:1309 android.view.Choreographer.doCallbacks:923 android.view.Choreographer.doFrame:852 android.view.Choreographer$FrameDisplayEventReceiver.run:1283 
10-04 20:46:14.596  6493  6493 I BLASTBufferQueue: update, w= 1080 h= 2400 mName = ViewRootImpl@8690a07[MainActivity] mNativeObject= 0x7b5d0bae00 sc.mNativeObject= 0x7aedd18e20 format= -2 caller= android.graphics.BLASTBufferQueue.<init>:84 android.view.ViewRootImpl.updateBlastSurfaceIfNeeded:2909 android.view.ViewRootImpl.relayoutWindow:9847 android.view.ViewRootImpl.performTraversals:3884 android.view.ViewRootImpl.doTraversal:3116 android.view.ViewRootImpl$TraversalRunnable.run:10885 
10-04 20:46:14.596  6493  6493 I ViewRootImpl@8690a07[MainActivity]: Relayout returned: old=(0,0,1080,2400) new=(0,0,1080,2400) req=(1080,2400)0 dur=8 res=0x3 s={true 0x7aedef4000} ch=true seqId=0
10-04 20:46:14.597  6493  6493 I ViewRootImpl@8690a07[MainActivity]: mThreadedRenderer.initialize() mSurface={isValid=true 0x7aedef4000} hwInitialized=true
10-04 20:46:14.597  6493  6545 D OpenGLRenderer: eglCreateWindowSurface
10-04 20:46:14.618  6493  6493 D AbsListView:  in onLayout changed 
10-04 20:46:14.619  6493  6493 I ViewRootImpl@8690a07[MainActivity]: reportNextDraw android.view.ViewRootImpl.performTraversals:4438 android.view.ViewRootImpl.doTraversal:3116 android.view.ViewRootImpl$TraversalRunnable.run:10885 android.view.Choreographer$CallbackRecord.run:1301 android.view.Choreographer$CallbackRecord.run:1309 
10-04 20:46:14.619  6493  6493 I ViewRootImpl@8690a07[MainActivity]: Setup new sync id=0
10-04 20:46:14.619  6493  6493 I ViewRootImpl@8690a07[MainActivity]: Setting syncFrameCallback
10-04 20:46:14.619  6493  6493 I ViewRootImpl@8690a07[MainActivity]: registerCallbacksForSync syncBuffer=false
10-04 20:46:14.622  6493  6625 I ViewRootImpl@8690a07[MainActivity]: Received frameDrawingCallback syncResult=0 frameNum=1.
10-04 20:46:14.622  6493  6625 I ViewRootImpl@8690a07[MainActivity]: Setting up sync and frameCommitCallback
10-04 20:46:14.624  6493  6545 I BLASTBufferQueue: [ViewRootImpl@8690a07[MainActivity]#5](f:0,a:0) onFrameAvailable the first frame is available
10-04 20:46:14.625  6493  6545 I ViewRootImpl@8690a07[MainActivity]: Received frameCommittedCallback lastAttemptedDrawFrameNum=1 didProduceBuffer=true
10-04 20:46:14.626  6493  6545 D OpenGLRenderer: CFMS:: SetUp Pid : 6493    Tid : 6545
10-04 20:46:14.628  6493  6493 I ViewRootImpl@8690a07[MainActivity]: onSyncComplete
10-04 20:46:14.628  6493  6493 I ViewRootImpl@8690a07[MainActivity]: setupSync seqId=0 mSyncId=0 fn=1 caller=android.view.ViewRootImpl$$ExternalSyntheticLambda11.accept:6 android.window.SurfaceSyncer.lambda$setupSync$1$android-window-SurfaceSyncer:128 android.window.SurfaceSyncer$$ExternalSyntheticLambda1.accept:8 android.window.SurfaceSyncer$SyncSet.checkIfSyncIsComplete:382 android.window.SurfaceSyncer$SyncSet.markSyncReady:359 android.window.SurfaceSyncer.markSyncReady:151 android.view.ViewRootImpl.performTraversals:4503 
10-04 20:46:14.628  6493  6493 I ViewRootImpl@8690a07[MainActivity]: reportDrawFinished seqId=0 mSyncId=-1 fn=1 mSurfaceChangedTransaction=0x7aedd12f00
10-04 20:46:14.643  6493  6493 I ViewRootImpl@e892618[MainActivity]: MSG_WINDOW_FOCUS_CHANGED 0 0
10-04 20:46:14.644  6493  6493 I ViewRootImpl@e892618[MainActivity]: ViewPostIme pointer 1
10-04 20:46:14.697  6493  6493 I ViewRootImpl@8690a07[MainActivity]: MSG_WINDOW_FOCUS_CHANGED 1 0
10-04 20:46:14.698  6493  6493 I ViewRootImpl@8690a07[MainActivity]: mThreadedRenderer.initializeIfNeeded()#2 mSurface={isValid=true 0x7aedef4000}
10-04 20:46:14.699  6493  6493 D InputMethodManager: startInputInner - Id : 0
10-04 20:46:14.699  6493  6493 I InputMethodManager: startInputInner - mService.startInputOrWindowGainedFocus
10-04 20:46:14.748  6493  6528 I st.cloudstream3: Background concurrent copying GC freed 12MB AllocSpace bytes, 59(8140KB) LOS objects, 45% free, 28MB/52MB, paused 403us,73us total 220.995ms
10-04 20:46:14.750  6493  6529 D InputTransport: Input channel destroyed: 'ClientS', fd=187
10-04 20:46:15.321  6493  6493 I ViewRootImpl@8690a07[MainActivity]: ViewPostIme pointer 0
10-04 20:46:15.378  6493  6493 I ViewRootImpl@8690a07[MainActivity]: ViewPostIme pointer 1
10-04 20:46:15.379  6493  6493 D AbsListView: onTouchUp() mTouchMode : 0
10-04 20:46:15.449  6493  6493 I MSHandlerLifeCycle: removeMultiSplitHandler: no exist. decor=DecorView@3714d70[MainActivity]
10-04 20:46:15.449  6493  6545 D OpenGLRenderer: setSurface called with nullptr
10-04 20:46:15.449  6493  6545 D OpenGLRenderer: setSurface() destroyed EGLSurface
10-04 20:46:15.449  6493  6545 D OpenGLRenderer: destroyEglSurface
10-04 20:46:15.451  6493  6545 D OpenGLRenderer: endAllActiveAnimators on 0x7aedefa400 (MaterialTextView) with handle 0x7b3c82c9c0
10-04 20:46:15.451  6493  6493 I ViewRootImpl@8690a07[MainActivity]: dispatchDetachedFromWindow
10-04 20:46:15.468  6493  6493 D InputTransport: Input channel destroyed: '20a1e38', fd=163
10-04 20:46:15.470  6493  6493 I Dialog  : mIsDeviceDefault = false, mIsSamsungBasicInteraction = false, isMetaDataInActivity = false
10-04 20:46:15.490  6493  6493 I DecorView: [INFO] isPopOver=false config=false
10-04 20:46:15.490  6493  6493 I DecorView: updateCaptionType: isFloating=false isApplication=true hasWindowDecorCaption=false this=DecorView@e021cdf[]
10-04 20:46:15.491  6493  6493 D DecorView: setCaptionType = 0, this = DecorView@e021cdf[]
10-04 20:46:15.492  6493  6493 I DecorView: getCurrentDensityDpi: from app context. densityDpi=420 msg=resources_loaded
10-04 20:46:15.492  6493  6493 I DecorView: setWindowBackground: isPopOver=false color=0 d=android.graphics.drawable.ColorDrawable@b3613f5
10-04 20:46:15.500  6493  6545 D NativeCustomFrequencyManager: [NativeCFMS] BpCustomFrequencyManager::BpCustomFrequencyManager()
10-04 20:46:15.501  6493  6493 I DecorView: notifyKeepScreenOnChanged: keepScreenOn=false
10-04 20:46:15.514  6493  6493 D InsetsController: onStateChanged: InsetsState: {mDisplayFrame=Rect(0, 0 - 1080, 2400), mDisplayCutout=DisplayCutout{insets=Rect(0, 88 - 0, 0) waterfall=Insets{left=0, top=0, right=0, bottom=0} boundingRect={Bounds=[Rect(0, 0 - 0, 0), Rect(512, 0 - 568, 88), Rect(0, 0 - 0, 0), Rect(0, 0 - 0, 0)]} cutoutPathParserInfo={CutoutPathParserInfo{displayWidth=1080 displayHeight=2400 physicalDisplayWidth=1080 physicalDisplayHeight=2400 density={2.625} cutoutSpec={M 0,0 M 0,12.25101276465640 a 10.60613009248640,10.60613009248640 0 1,0 0,21.21226018497290 a 10.60613009248640,10.60613009248640 0 1,0 0,-21.21226018497290 Z @dp} rotation={0} scale={1.0} physicalPixelDisplaySizeRatio={1.0}}}}, mRoundedCorners=RoundedCorners{[RoundedCorner{position=TopLeft, radius=84, center=Point(84, 84)}, RoundedCorner{position=TopRight, radius=84, center=Point(996, 84)}, RoundedCorner{position=BottomRight, radius=84, center=Point(996, 2316)}, RoundedCorner{position=BottomLeft, radius=84, center=Point(84, 2316)}]}  mRoundedCornerFrame=Rect(0, 0 - 1080, 2400), mPrivacyIndicatorBounds=PrivacyIndicatorBounds {static bounds=Rect(964, 0 - 1080, 87) rotation=0}, mSources= { InsetsSource: {mType=ITYPE_STATUS_BAR, mFrame=[0,0][1080,88], mVisible=true, mInsetsRoundedCornerFrame=false}, InsetsSource: {mType=ITYPE_NAVIGATION_BAR, mFrame=[0,2361][1080,2400], mVisible=true, mInsetsRoundedCornerFrame=false}, InsetsSource: {mType=ITYPE_LEFT_GESTURES, mFrame=[0,0][130,2400], mVisible=true, mInsetsRoundedCornerFrame=false}, InsetsSource: {mType=ITYPE_RIGHT_GESTURES, mFrame=[950,0][1080,2400], mVisible=true, mInsetsRoundedCornerFrame=false}, InsetsSource: {mType=ITYPE_TOP_MANDATORY_GESTURES, mFrame=[0,0][1080,120], mVisible=true, mInsetsRoundedCornerFrame=false}, InsetsSource: {mType=ITYPE_BOTTOM_MANDATORY_GESTURES, mFrame=[0,2316][1080,2400], mVisible=true, mInsetsRoundedCornerFrame=false}, InsetsSource: {mType=ITYPE_LEFT_DISPLAY_CUTOUT, mFrame=[0,0][-100000,2400], mVisible=true, mInsetsRoundedCornerFrame=false}, InsetsSource: {mType=ITYPE_TOP_DISPLAY_CUTOUT, mFrame=[0,0][1080,88], mVisible=true, mInsetsRoundedCornerFrame=false}, InsetsSource: {mType=ITYPE_RIGHT_DISPLAY_CUTOUT, mFrame=[100000,0][1080,2400], mVisible=true, mInsetsRoundedCornerFrame=false}, InsetsSource: {mType=ITYPE_BOTTOM_DISPLAY_CUTOUT, mFrame=[0,100000][1080,2400], mVisible=true, mInsetsRoundedCornerFrame=false}, InsetsSource: {mType=ITYPE_TOP_TAPPABLE_ELEMENT, mFrame=[0,0][1080,88], mVisible=true, mInsetsRoundedCornerFrame=false}, InsetsSource: {mType=ITYPE_BOTTOM_TAPPABLE_ELEMENT, mFrame=[0,0][0,0], mVisible=true, mInsetsRoundedCornerFrame=false}, InsetsSource: {mType=ITYPE_IME, mFrame=[0,0][0,0], mVisibleFrame=[0,1409][1080,2400], mVisible=false, mInsetsRoundedCornerFrame=false} } host=com.lagradost.cloudstream3/com.lagradost.cloudstream3.MainActivity from=android.view.ViewRootImpl.setView:1732
10-04 20:46:15.515  6493  6493 I ViewRootImpl@4870be2[MainActivity]: setView = com.android.internal.policy.DecorView@e021cdf TM=true
10-04 20:46:15.518  6493  6493 D InsetsController: onStateChanged: InsetsState: {mDisplayFrame=Rect(0, 0 - 1080, 2400), mDisplayCutout=DisplayCutout{insets=Rect(0, 88 - 0, 0) waterfall=Insets{left=0, top=0, right=0, bottom=0} boundingRect={Bounds=[Rect(0, 0 - 0, 0), Rect(512, 0 - 568, 88), Rect(0, 0 - 0, 0), Rect(0, 0 - 0, 0)]} cutoutPathParserInfo={CutoutPathParserInfo{displayWidth=1080 displayHeight=2400 physicalDisplayWidth=1080 physicalDisplayHeight=2400 density={2.625} cutoutSpec={M 0,0 M 0,12.25101276465640 a 10.60613009248640,10.60613009248640 0 1,0 0,21.21226018497290 a 10.60613009248640,10.60613009248640 0 1,0 0,-21.21226018497290 Z @dp} rotation={0} scale={1.0} physicalPixelDisplaySizeRatio={1.0}}}}, mRoundedCorners=RoundedCorners{[RoundedCorner{position=TopLeft, radius=84, center=Point(84, 84)}, RoundedCorner{position=TopRight, radius=84, center=Point(996, 84)}, RoundedCorner{position=BottomRight, radius=84, center=Point(996, 2316)}, RoundedCorner{position=BottomLeft, radius=84, center=Point(84, 2316)}]}  mRoundedCornerFrame=Rect(0, 0 - 1080, 2400), mPrivacyIndicatorBounds=PrivacyIndicatorBounds {static bounds=Rect(964, 0 - 1080, 87) rotation=0}, mSources= { InsetsSource: {mType=ITYPE_STATUS_BAR, mFrame=[0,0][1080,88], mVisible=true, mInsetsRoundedCornerFrame=false}, InsetsSource: {mType=ITYPE_NAVIGATION_BAR, mFrame=[0,2361][1080,2400], mVisible=true, mInsetsRoundedCornerFrame=false}, InsetsSource: {mType=ITYPE_LEFT_GESTURES, mFrame=[0,0][130,2400], mVisible=true, mInsetsRoundedCornerFrame=false}, InsetsSource: {mType=ITYPE_RIGHT_GESTURES, mFrame=[950,0][1080,2400], mVisible=true, mInsetsRoundedCornerFrame=false}, InsetsSource: {mType=ITYPE_TOP_MANDATORY_GESTURES, mFrame=[0,0][1080,120], mVisible=true, mInsetsRoundedCornerFrame=false}, InsetsSource: {mType=ITYPE_BOTTOM_MANDATORY_GESTURES, mFrame=[0,2316][1080,2400], mVisible=true, mInsetsRoundedCornerFrame=false}, InsetsSource: {mType=ITYPE_LEFT_DISPLAY_CUTOUT, mFrame=[0,0][-100000,2400], mVisible=true, mInsetsRoundedCornerFrame=false}, InsetsSource: {mType=ITYPE_TOP_DISPLAY_CUTOUT, mFrame=[0,0][1080,88], mVisible=true, mInsetsRoundedCornerFrame=false}, InsetsSource: {mType=ITYPE_RIGHT_DISPLAY_CUTOUT, mFrame=[100000,0][1080,2400], mVisible=true, mInsetsRoundedCornerFrame=false}, InsetsSource: {mType=ITYPE_BOTTOM_DISPLAY_CUTOUT, mFrame=[0,100000][1080,2400], mVisible=true, mInsetsRoundedCornerFrame=false}, InsetsSource: {mType=ITYPE_TOP_TAPPABLE_ELEMENT, mFrame=[0,0][1080,88], mVisible=true, mInsetsRoundedCornerFrame=false}, InsetsSource: {mType=ITYPE_BOTTOM_TAPPABLE_ELEMENT, mFrame=[0,0][0,0], mVisible=true, mInsetsRoundedCornerFrame=false} } host=com.lagradost.cloudstream3/com.lagradost.cloudstream3.MainActivity from=android.view.ViewRootImpl$ViewRootHandler.handleMessageImpl:6740
10-04 20:46:15.525  6493  6493 I ViewRootImpl@4870be2[MainActivity]: performTraversals params={(0,0)(fillxfill) gr=CENTER sim={adjust=pan forwardNavigation} ty=APPLICATION fmt=TRANSPARENT wanim=0x7f14000b
10-04 20:46:15.525  6493  6493 I ViewRootImpl@4870be2[MainActivity]:   fl=85810100
10-04 20:46:15.525  6493  6493 I ViewRootImpl@4870be2[MainActivity]:   pfl=12020040
10-04 20:46:15.525  6493  6493 I ViewRootImpl@4870be2[MainActivity]:   vsysui=500
10-04 20:46:15.525  6493  6493 I ViewRootImpl@4870be2[MainActivity]:   bhv=DEFAULT
10-04 20:46:15.525  6493  6493 I ViewRootImpl@4870be2[MainActivity]:   fitSides= naviIconColor=0}
10-04 20:46:15.526  6493  6493 I ViewRootImpl@4870be2[MainActivity]: performTraversals mFirst=true windowShouldResize=true viewVisibilityChanged=false mForceNextWindowRelayout=false params={(0,0)(fillxfill) gr=CENTER sim={adjust=pan forwardNavigation} ty=APPLICATION fmt=TRANSPARENT wanim=0x7f14000b
10-04 20:46:15.526  6493  6493 I ViewRootImpl@4870be2[MainActivity]:   fl=85810100
10-04 20:46:15.526  6493  6493 I ViewRootImpl@4870be2[MainActivity]:   pfl=12020040
10-04 20:46:15.526  6493  6493 I ViewRootImpl@4870be2[MainActivity]:   vsysui=500
10-04 20:46:15.526  6493  6493 I ViewRootImpl@4870be2[MainActivity]:   bhv=DEFAULT
10-04 20:46:15.526  6493  6493 I ViewRootImpl@4870be2[MainActivity]:   fitSides= naviIconColor=0}
10-04 20:46:15.541  6493  6493 I ViewRootImpl@4870be2[MainActivity]: updateBlastSurfaceIfNeeded mBlastBufferQueue=null isSameSurfaceControl=false
10-04 20:46:15.542  6493  6493 I BLASTBufferQueue: new BLASTBufferQueue, mName= ViewRootImpl@4870be2[MainActivity] mNativeObject= 0x7ca9456400 sc.mNativeObject= 0x7bcd710580 caller= android.view.ViewRootImpl.updateBlastSurfaceIfNeeded:2909 android.view.ViewRootImpl.relayoutWindow:9847 android.view.ViewRootImpl.performTraversals:3884 android.view.ViewRootImpl.doTraversal:3116 android.view.ViewRootImpl$TraversalRunnable.run:10885 android.view.Choreographer$CallbackRecord.run:1301 android.view.Choreographer$CallbackRecord.run:1309 android.view.Choreographer.doCallbacks:923 android.view.Choreographer.doFrame:852 android.view.Choreographer$FrameDisplayEventReceiver.run:1283 
10-04 20:46:15.542  6493  6493 I BLASTBufferQueue: update, w= 1080 h= 2400 mName = ViewRootImpl@4870be2[MainActivity] mNativeObject= 0x7ca9456400 sc.mNativeObject= 0x7bcd710580 format= -2 caller= android.graphics.BLASTBufferQueue.<init>:84 android.view.ViewRootImpl.updateBlastSurfaceIfNeeded:2909 android.view.ViewRootImpl.relayoutWindow:9847 android.view.ViewRootImpl.performTraversals:3884 android.view.ViewRootImpl.doTraversal:3116 android.view.ViewRootImpl$TraversalRunnable.run:10885 
10-04 20:46:15.543  6493  6493 I ViewRootImpl@4870be2[MainActivity]: Relayout returned: old=(0,0,1080,2400) new=(0,0,1080,2400) req=(1080,2400)0 dur=15 res=0x3 s={true 0x7aedef4000} ch=true seqId=0
10-04 20:46:15.544  6493  6493 I ViewRootImpl@4870be2[MainActivity]: mThreadedRenderer.initialize() mSurface={isValid=true 0x7aedef4000} hwInitialized=true
10-04 20:46:15.544  6493  6545 D OpenGLRenderer: eglCreateWindowSurface
10-04 20:46:15.547  6493  6493 I ViewRootImpl@4870be2[MainActivity]: reportNextDraw android.view.ViewRootImpl.performTraversals:4438 android.view.ViewRootImpl.doTraversal:3116 android.view.ViewRootImpl$TraversalRunnable.run:10885 android.view.Choreographer$CallbackRecord.run:1301 android.view.Choreographer$CallbackRecord.run:1309 
10-04 20:46:15.547  6493  6493 I ViewRootImpl@4870be2[MainActivity]: Setup new sync id=0
10-04 20:46:15.547  6493  6493 I ViewRootImpl@4870be2[MainActivity]: Setting syncFrameCallback
10-04 20:46:15.547  6493  6493 I ViewRootImpl@4870be2[MainActivity]: registerCallbacksForSync syncBuffer=false
10-04 20:46:15.551  6493  6639 I ViewRootImpl@4870be2[MainActivity]: Received frameDrawingCallback syncResult=0 frameNum=1.
10-04 20:46:15.551  6493  6639 I ViewRootImpl@4870be2[MainActivity]: Setting up sync and frameCommitCallback
10-04 20:46:15.562  6493  6545 I BLASTBufferQueue: [ViewRootImpl@4870be2[MainActivity]#6](f:0,a:0) onFrameAvailable the first frame is available
10-04 20:46:15.563  6493  6545 I ViewRootImpl@4870be2[MainActivity]: Received frameCommittedCallback lastAttemptedDrawFrameNum=1 didProduceBuffer=true
10-04 20:46:15.566  6493  6545 D OpenGLRenderer: CFMS:: SetUp Pid : 6493    Tid : 6545
10-04 20:46:15.570  6493  6493 I ViewRootImpl@4870be2[MainActivity]: onSyncComplete
10-04 20:46:15.571  6493  6493 I ViewRootImpl@4870be2[MainActivity]: setupSync seqId=0 mSyncId=0 fn=1 caller=android.view.ViewRootImpl$$ExternalSyntheticLambda11.accept:6 android.window.SurfaceSyncer.lambda$setupSync$1$android-window-SurfaceSyncer:128 android.window.SurfaceSyncer$$ExternalSyntheticLambda1.accept:8 android.window.SurfaceSyncer$SyncSet.checkIfSyncIsComplete:382 android.window.SurfaceSyncer$SyncSet.markSyncReady:359 android.window.SurfaceSyncer.markSyncReady:151 android.view.ViewRootImpl.performTraversals:4503 
10-04 20:46:15.572  6493  6493 I ViewRootImpl@4870be2[MainActivity]: reportDrawFinished seqId=0 mSyncId=-1 fn=1 mSurfaceChangedTransaction=0x7bed6ebc00
10-04 20:46:15.573  6493  6493 I ViewRootImpl@e892618[MainActivity]: MSG_WINDOW_FOCUS_CHANGED 0 0
10-04 20:46:15.599  6493  6493 I ViewRootImpl@e892618[MainActivity]: MSG_WINDOW_FOCUS_CHANGED 0 0
10-04 20:46:15.637  6493  6493 I ViewRootImpl@4870be2[MainActivity]: MSG_WINDOW_FOCUS_CHANGED 1 0
