10-04 22:55:25.726 29796 29796 I SurfaceView@73a440e: updateSurface: mSurfaceCreated = true surfaceChanged = false visibleChanged = false
10-04 22:55:25.726 29796 29796 V SurfaceView@73a440e: Layout: x=0 y=-262 w=1080 h=525, frame=Rect(0, 0 - 1080, 525)
10-04 22:55:25.729 29796 29921 D SurfaceView@73a440e: updateSurfacePosition RenderWorker, frameNr = 330, position = [0, -262, 1080, 263] surfaceSize = 1080x525
10-04 22:55:25.729 29796 29921 I SurfaceView@73a440e: uSP: rtp = Rect(0, -262 - 1080, 263) rtsw = 1080 rtsh = 525
10-04 22:55:25.729 29796 29921 I SurfaceView@73a440e: onSSPAndSRT: pl = 0 pt = -262 sx = 1.0 sy = 1.0
10-04 22:55:25.730 29796 29921 I SurfaceView@73a440e: aOrMT: ViewRootImpl@fb2a030[MainActivity] t = android.view.SurfaceControl$Transaction@c19bbc0 fN = 330 android.view.SurfaceView.-$$Nest$mapplyOrMergeTransaction:0 android.view.SurfaceView$SurfaceViewPositionUpdateListener.positionChanged:1537 android.graphics.RenderNode$CompositePositionUpdateListener.positionChanged:373 
10-04 22:55:25.730 29796 29921 I ViewRootImpl@fb2a030[MainActivity]: mWNT: t=0x7b09ae3100 mBlastBufferQueue=0x7b4988fb00 fn= 330 caller= android.view.SurfaceView.applyOrMergeTransaction:1455 android.view.SurfaceView.-$$Nest$mapplyOrMergeTransaction:0 android.view.SurfaceView$SurfaceViewPositionUpdateListener.positionChanged:1537 
10-04 22:55:25.731 29796 29921 I ViewRootImpl@fb2a030[MainActivity]: mWNT: t=0x7bdd442600 mBlastBufferQueue=0x7b4988fb00 fn= 330 caller= android.view.ViewRootImpl.lambda$applyTransactionOnDraw$11$android-view-ViewRootImpl:12865 android.view.ViewRootImpl$$ExternalSyntheticLambda1.onFrameDraw:4 android.graphics.HardwareRenderer$FrameDrawingCallback.onFrameDraw:924 
10-04 22:55:25.740 29796 29796 I SurfaceView@73a440e: Changes: creating=false format=false size=false visible=false alpha=false hint=false mUseAlpha=false visible=false left=false top=true
10-04 22:55:25.740 29796 29796 I SurfaceView@73a440e: 121259022 Cur surface: Surface(name=null)/@0xf7be1fd
10-04 22:55:25.740 29796 29796 I SurfaceView@73a440e: applyTransactionOnVriDraw: vri = ViewRootImpl@fb2a030[MainActivity] fRS = false t = 0x7bdd442e00 android.view.SurfaceView.performSurfaceTransaction:959 android.view.SurfaceView.updateSurface:1105 android.view.SurfaceView.lambda$new$0$android-view-SurfaceView:200 
10-04 22:55:25.741 29796 29796 I ViewRootImpl@fb2a030[MainActivity]: applyTransactionOnDraw: mRemoved = false isHardwareEnabled = true t = 0x7bdd442e00android.view.SurfaceView.applyTransactionOnVriDraw:2048 android.view.SurfaceView.performSurfaceTransaction:959 android.view.SurfaceView.updateSurface:1105 android.view.SurfaceView.lambda$new$0$android-view-SurfaceView:200 android.view.SurfaceView$$ExternalSyntheticLambda5.onPreDraw:2 
10-04 22:55:25.741 29796 29796 I SurfaceView@73a440e: updateSurface: mVisible = true mSurface.isValid() = true
10-04 22:55:25.741 29796 29796 I SurfaceView@73a440e: updateSurface: mSurfaceCreated = true surfaceChanged = false visibleChanged = false
10-04 22:55:25.741 29796 29796 V SurfaceView@73a440e: Layout: x=0 y=-269 w=1080 h=525, frame=Rect(0, 0 - 1080, 525)
10-04 22:55:25.745 29796 29922 D SurfaceView@73a440e: updateSurfacePosition RenderWorker, frameNr = 331, position = [0, -269, 1080, 256] surfaceSize = 1080x525
10-04 22:55:25.745 29796 29922 I SurfaceView@73a440e: uSP: rtp = Rect(0, -269 - 1080, 256) rtsw = 1080 rtsh = 525
10-04 22:55:25.745 29796 29922 I SurfaceView@73a440e: onSSPAndSRT: pl = 0 pt = -269 sx = 1.0 sy = 1.0
10-04 22:55:25.746 29796 29922 I SurfaceView@73a440e: aOrMT: ViewRootImpl@fb2a030[MainActivity] t = android.view.SurfaceControl$Transaction@c19bbc0 fN = 331 android.view.SurfaceView.-$$Nest$mapplyOrMergeTransaction:0 android.view.SurfaceView$SurfaceViewPositionUpdateListener.positionChanged:1537 android.graphics.RenderNode$CompositePositionUpdateListener.positionChanged:373 
10-04 22:55:25.746 29796 29922 I ViewRootImpl@fb2a030[MainActivity]: mWNT: t=0x7b09ae3100 mBlastBufferQueue=0x7b4988fb00 fn= 331 caller= android.view.SurfaceView.applyOrMergeTransaction:1455 android.view.SurfaceView.-$$Nest$mapplyOrMergeTransaction:0 android.view.SurfaceView$SurfaceViewPositionUpdateListener.positionChanged:1537 
10-04 22:55:25.747 29796 29922 I ViewRootImpl@fb2a030[MainActivity]: mWNT: t=0x7bdd442e00 mBlastBufferQueue=0x7b4988fb00 fn= 331 caller= android.view.ViewRootImpl.lambda$applyTransactionOnDraw$11$android-view-ViewRootImpl:12865 android.view.ViewRootImpl$$ExternalSyntheticLambda1.onFrameDraw:4 android.graphics.HardwareRenderer$FrameDrawingCallback.onFrameDraw:924 
10-04 22:55:25.758 29796 29796 I SurfaceView@73a440e: Changes: creating=false format=false size=false visible=false alpha=false hint=false mUseAlpha=false visible=false left=false top=true
10-04 22:55:25.758 29796 29796 I SurfaceView@73a440e: 121259022 Cur surface: Surface(name=null)/@0xf7be1fd
10-04 22:55:25.758 29796 29796 I SurfaceView@73a440e: applyTransactionOnVriDraw: vri = ViewRootImpl@fb2a030[MainActivity] fRS = false t = 0x7bdd469200 android.view.SurfaceView.performSurfaceTransaction:959 android.view.SurfaceView.updateSurface:1105 android.view.SurfaceView.lambda$new$0$android-view-SurfaceView:200 
10-04 22:55:25.759 29796 29796 I ViewRootImpl@fb2a030[MainActivity]: applyTransactionOnDraw: mRemoved = false isHardwareEnabled = true t = 0x7bdd469200android.view.SurfaceView.applyTransactionOnVriDraw:2048 android.view.SurfaceView.performSurfaceTransaction:959 android.view.SurfaceView.updateSurface:1105 android.view.SurfaceView.lambda$new$0$android-view-SurfaceView:200 android.view.SurfaceView$$ExternalSyntheticLambda5.onPreDraw:2 
10-04 22:55:25.759 29796 29796 I SurfaceView@73a440e: updateSurface: mVisible = true mSurface.isValid() = true
10-04 22:55:25.759 29796 29796 I SurfaceView@73a440e: updateSurface: mSurfaceCreated = true surfaceChanged = false visibleChanged = false
10-04 22:55:25.759 29796 29796 V SurfaceView@73a440e: Layout: x=0 y=-275 w=1080 h=525, frame=Rect(0, 0 - 1080, 525)
10-04 22:55:25.764 29796 29921 D SurfaceView@73a440e: updateSurfacePosition RenderWorker, frameNr = 332, position = [0, -275, 1080, 250] surfaceSize = 1080x525
10-04 22:55:25.764 29796 29921 I SurfaceView@73a440e: uSP: rtp = Rect(0, -275 - 1080, 250) rtsw = 1080 rtsh = 525
10-04 22:55:25.764 29796 29796 I ViewRootImpl@fb2a030[MainActivity]: ViewPostIme pointer 1
10-04 22:55:25.764 29796 29921 I SurfaceView@73a440e: onSSPAndSRT: pl = 0 pt = -275 sx = 1.0 sy = 1.0
10-04 22:55:25.765 29796 29921 I SurfaceView@73a440e: aOrMT: ViewRootImpl@fb2a030[MainActivity] t = android.view.SurfaceControl$Transaction@c19bbc0 fN = 332 android.view.SurfaceView.-$$Nest$mapplyOrMergeTransaction:0 android.view.SurfaceView$SurfaceViewPositionUpdateListener.positionChanged:1537 android.graphics.RenderNode$CompositePositionUpdateListener.positionChanged:373 
10-04 22:55:25.765 29796 29921 I ViewRootImpl@fb2a030[MainActivity]: mWNT: t=0x7b09ae3100 mBlastBufferQueue=0x7b4988fb00 fn= 332 caller= android.view.SurfaceView.applyOrMergeTransaction:1455 android.view.SurfaceView.-$$Nest$mapplyOrMergeTransaction:0 android.view.SurfaceView$SurfaceViewPositionUpdateListener.positionChanged:1537 
10-04 22:55:25.765 29796 29921 I ViewRootImpl@fb2a030[MainActivity]: mWNT: t=0x7bdd469200 mBlastBufferQueue=0x7b4988fb00 fn= 332 caller= android.view.ViewRootImpl.lambda$applyTransactionOnDraw$11$android-view-ViewRootImpl:12865 android.view.ViewRootImpl$$ExternalSyntheticLambda1.onFrameDraw:4 android.graphics.HardwareRenderer$FrameDrawingCallback.onFrameDraw:924 
10-04 22:55:25.774 29796 29796 I SurfaceView@73a440e: Changes: creating=false format=false size=false visible=false alpha=false hint=false mUseAlpha=false visible=false left=false top=true
10-04 22:55:25.774 29796 29796 I SurfaceView@73a440e: 121259022 Cur surface: Surface(name=null)/@0xf7be1fd
10-04 22:55:25.775 29796 29796 I SurfaceView@73a440e: applyTransactionOnVriDraw: vri = ViewRootImpl@fb2a030[MainActivity] fRS = false t = 0x7bdd469400 android.view.SurfaceView.performSurfaceTransaction:959 android.view.SurfaceView.updateSurface:1105 android.view.SurfaceView.lambda$new$0$android-view-SurfaceView:200 
10-04 22:55:25.775 29796 29796 I ViewRootImpl@fb2a030[MainActivity]: applyTransactionOnDraw: mRemoved = false isHardwareEnabled = true t = 0x7bdd469400android.view.SurfaceView.applyTransactionOnVriDraw:2048 android.view.SurfaceView.performSurfaceTransaction:959 android.view.SurfaceView.updateSurface:1105 android.view.SurfaceView.lambda$new$0$android-view-SurfaceView:200 android.view.SurfaceView$$ExternalSyntheticLambda5.onPreDraw:2 
10-04 22:55:25.775 29796 29796 I SurfaceView@73a440e: updateSurface: mVisible = true mSurface.isValid() = true
10-04 22:55:25.775 29796 29796 I SurfaceView@73a440e: updateSurface: mSurfaceCreated = true surfaceChanged = false visibleChanged = false
10-04 22:55:25.775 29796 29796 V SurfaceView@73a440e: Layout: x=0 y=-276 w=1080 h=525, frame=Rect(0, 0 - 1080, 525)
10-04 22:55:25.780 29796 29922 I ViewRootImpl@fb2a030[MainActivity]: mWNT: t=0x7bdd469400 mBlastBufferQueue=0x7b4988fb00 fn= 333 caller= android.view.ViewRootImpl.lambda$applyTransactionOnDraw$11$android-view-ViewRootImpl:12865 android.view.ViewRootImpl$$ExternalSyntheticLambda1.onFrameDraw:4 android.graphics.HardwareRenderer$FrameDrawingCallback.onFrameDraw:924 
10-04 22:55:25.789 29796 29796 I SurfaceView@73a440e: Changes: creating=false format=false size=false visible=false alpha=false hint=false mUseAlpha=false visible=false left=false top=true
10-04 22:55:25.789 29796 29796 I SurfaceView@73a440e: 121259022 Cur surface: Surface(name=null)/@0xf7be1fd
10-04 22:55:25.790 29796 29796 I SurfaceView@73a440e: applyTransactionOnVriDraw: vri = ViewRootImpl@fb2a030[MainActivity] fRS = false t = 0x7bdd469800 android.view.SurfaceView.performSurfaceTransaction:959 android.view.SurfaceView.updateSurface:1105 android.view.SurfaceView.lambda$new$0$android-view-SurfaceView:200 
10-04 22:55:25.790 29796 29796 I ViewRootImpl@fb2a030[MainActivity]: applyTransactionOnDraw: mRemoved = false isHardwareEnabled = true t = 0x7bdd469800android.view.SurfaceView.applyTransactionOnVriDraw:2048 android.view.SurfaceView.performSurfaceTransaction:959 android.view.SurfaceView.updateSurface:1105 android.view.SurfaceView.lambda$new$0$android-view-SurfaceView:200 android.view.SurfaceView$$ExternalSyntheticLambda5.onPreDraw:2 
10-04 22:55:25.790 29796 29796 I SurfaceView@73a440e: updateSurface: mVisible = true mSurface.isValid() = true
10-04 22:55:25.790 29796 29796 I SurfaceView@73a440e: updateSurface: mSurfaceCreated = true surfaceChanged = false visibleChanged = false
10-04 22:55:25.790 29796 29796 V SurfaceView@73a440e: Layout: x=0 y=-278 w=1080 h=525, frame=Rect(0, 0 - 1080, 525)
10-04 22:55:25.794 29796 29921 D SurfaceView@73a440e: updateSurfacePosition RenderWorker, frameNr = 334, position = [0, -278, 1080, 247] surfaceSize = 1080x525
10-04 22:55:25.794 29796 29921 I SurfaceView@73a440e: uSP: rtp = Rect(0, -278 - 1080, 247) rtsw = 1080 rtsh = 525
10-04 22:55:25.794 29796 29921 I SurfaceView@73a440e: onSSPAndSRT: pl = 0 pt = -278 sx = 1.0 sy = 1.0
10-04 22:55:25.795 29796 29921 I SurfaceView@73a440e: aOrMT: ViewRootImpl@fb2a030[MainActivity] t = android.view.SurfaceControl$Transaction@c19bbc0 fN = 334 android.view.SurfaceView.-$$Nest$mapplyOrMergeTransaction:0 android.view.SurfaceView$SurfaceViewPositionUpdateListener.positionChanged:1537 android.graphics.RenderNode$CompositePositionUpdateListener.positionChanged:373 
10-04 22:55:25.795 29796 29921 I ViewRootImpl@fb2a030[MainActivity]: mWNT: t=0x7b09ae3100 mBlastBufferQueue=0x7b4988fb00 fn= 334 caller= android.view.SurfaceView.applyOrMergeTransaction:1455 android.view.SurfaceView.-$$Nest$mapplyOrMergeTransaction:0 android.view.SurfaceView$SurfaceViewPositionUpdateListener.positionChanged:1537 
10-04 22:55:25.795 29796 29921 I ViewRootImpl@fb2a030[MainActivity]: mWNT: t=0x7bdd469800 mBlastBufferQueue=0x7b4988fb00 fn= 334 caller= android.view.ViewRootImpl.lambda$applyTransactionOnDraw$11$android-view-ViewRootImpl:12865 android.view.ViewRootImpl$$ExternalSyntheticLambda1.onFrameDraw:4 android.graphics.HardwareRenderer$FrameDrawingCallback.onFrameDraw:924 
10-04 22:55:25.807 29796 29796 I SurfaceView@73a440e: Changes: creating=false format=false size=false visible=false alpha=false hint=false mUseAlpha=false visible=false left=false top=true
10-04 22:55:25.807 29796 29796 I SurfaceView@73a440e: 121259022 Cur surface: Surface(name=null)/@0xf7be1fd
10-04 22:55:25.807 29796 29796 I SurfaceView@73a440e: applyTransactionOnVriDraw: vri = ViewRootImpl@fb2a030[MainActivity] fRS = false t = 0x7bdd472a00 android.view.SurfaceView.performSurfaceTransaction:959 android.view.SurfaceView.updateSurface:1105 android.view.SurfaceView.lambda$new$0$android-view-SurfaceView:200 
10-04 22:55:25.808 29796 29796 I ViewRootImpl@fb2a030[MainActivity]: applyTransactionOnDraw: mRemoved = false isHardwareEnabled = true t = 0x7bdd472a00android.view.SurfaceView.applyTransactionOnVriDraw:2048 android.view.SurfaceView.performSurfaceTransaction:959 android.view.SurfaceView.updateSurface:1105 android.view.SurfaceView.lambda$new$0$android-view-SurfaceView:200 android.view.SurfaceView$$ExternalSyntheticLambda5.onPreDraw:2 
10-04 22:55:25.808 29796 29796 I SurfaceView@73a440e: updateSurface: mVisible = true mSurface.isValid() = true
10-04 22:55:25.808 29796 29796 I SurfaceView@73a440e: updateSurface: mSurfaceCreated = true surfaceChanged = false visibleChanged = false
10-04 22:55:25.808 29796 29796 V SurfaceView@73a440e: Layout: x=0 y=-281 w=1080 h=525, frame=Rect(0, 0 - 1080, 525)
10-04 22:55:25.809 29796 29922 D SurfaceView@73a440e: updateSurfacePosition RenderWorker, frameNr = 335, position = [0, -281, 1080, 244] surfaceSize = 1080x525
10-04 22:55:25.809 29796 29922 I SurfaceView@73a440e: uSP: rtp = Rect(0, -281 - 1080, 244) rtsw = 1080 rtsh = 525
10-04 22:55:25.809 29796 29922 I SurfaceView@73a440e: onSSPAndSRT: pl = 0 pt = -281 sx = 1.0 sy = 1.0
10-04 22:55:25.810 29796 29922 I SurfaceView@73a440e: aOrMT: ViewRootImpl@fb2a030[MainActivity] t = android.view.SurfaceControl$Transaction@c19bbc0 fN = 335 android.view.SurfaceView.-$$Nest$mapplyOrMergeTransaction:0 android.view.SurfaceView$SurfaceViewPositionUpdateListener.positionChanged:1537 android.graphics.RenderNode$CompositePositionUpdateListener.positionChanged:373 
10-04 22:55:25.810 29796 29922 I ViewRootImpl@fb2a030[MainActivity]: mWNT: t=0x7b09ae3100 mBlastBufferQueue=0x7b4988fb00 fn= 335 caller= android.view.SurfaceView.applyOrMergeTransaction:1455 android.view.SurfaceView.-$$Nest$mapplyOrMergeTransaction:0 android.view.SurfaceView$SurfaceViewPositionUpdateListener.positionChanged:1537 
10-04 22:55:25.810 29796 29922 I ViewRootImpl@fb2a030[MainActivity]: mWNT: t=0x7bdd472a00 mBlastBufferQueue=0x7b4988fb00 fn= 335 caller= android.view.ViewRootImpl.lambda$applyTransactionOnDraw$11$android-view-ViewRootImpl:12865 android.view.ViewRootImpl$$ExternalSyntheticLambda1.onFrameDraw:4 android.graphics.HardwareRenderer$FrameDrawingCallback.onFrameDraw:924 
10-04 22:55:25.824 29796 29796 I SurfaceView@73a440e: Changes: creating=false format=false size=false visible=false alpha=false hint=false mUseAlpha=false visible=false left=false top=true
10-04 22:55:25.824 29796 29796 I SurfaceView@73a440e: 121259022 Cur surface: Surface(name=null)/@0xf7be1fd
10-04 22:55:25.825 29796 29796 I SurfaceView@73a440e: applyTransactionOnVriDraw: vri = ViewRootImpl@fb2a030[MainActivity] fRS = false t = 0x7bdd472c00 android.view.SurfaceView.performSurfaceTransaction:959 android.view.SurfaceView.updateSurface:1105 android.view.SurfaceView.lambda$new$0$android-view-SurfaceView:200 
10-04 22:55:25.825 29796 29796 I ViewRootImpl@fb2a030[MainActivity]: applyTransactionOnDraw: mRemoved = false isHardwareEnabled = true t = 0x7bdd472c00android.view.SurfaceView.applyTransactionOnVriDraw:2048 android.view.SurfaceView.performSurfaceTransaction:959 android.view.SurfaceView.updateSurface:1105 android.view.SurfaceView.lambda$new$0$android-view-SurfaceView:200 android.view.SurfaceView$$ExternalSyntheticLambda5.onPreDraw:2 
10-04 22:55:25.825 29796 29796 I SurfaceView@73a440e: updateSurface: mVisible = true mSurface.isValid() = true
10-04 22:55:25.825 29796 29796 I SurfaceView@73a440e: updateSurface: mSurfaceCreated = true surfaceChanged = false visibleChanged = false
10-04 22:55:25.825 29796 29796 V SurfaceView@73a440e: Layout: x=0 y=-284 w=1080 h=525, frame=Rect(0, 0 - 1080, 525)
10-04 22:55:25.829 29796 29921 D SurfaceView@73a440e: updateSurfacePosition RenderWorker, frameNr = 336, position = [0, -284, 1080, 241] surfaceSize = 1080x525
10-04 22:55:25.830 29796 29921 I SurfaceView@73a440e: uSP: rtp = Rect(0, -284 - 1080, 241) rtsw = 1080 rtsh = 525
10-04 22:55:25.830 29796 29921 I SurfaceView@73a440e: onSSPAndSRT: pl = 0 pt = -284 sx = 1.0 sy = 1.0
10-04 22:55:25.830 29796 29921 I SurfaceView@73a440e: aOrMT: ViewRootImpl@fb2a030[MainActivity] t = android.view.SurfaceControl$Transaction@c19bbc0 fN = 336 android.view.SurfaceView.-$$Nest$mapplyOrMergeTransaction:0 android.view.SurfaceView$SurfaceViewPositionUpdateListener.positionChanged:1537 android.graphics.RenderNode$CompositePositionUpdateListener.positionChanged:373 
10-04 22:55:25.830 29796 29921 I ViewRootImpl@fb2a030[MainActivity]: mWNT: t=0x7b09ae3100 mBlastBufferQueue=0x7b4988fb00 fn= 336 caller= android.view.SurfaceView.applyOrMergeTransaction:1455 android.view.SurfaceView.-$$Nest$mapplyOrMergeTransaction:0 android.view.SurfaceView$SurfaceViewPositionUpdateListener.positionChanged:1537 
10-04 22:55:25.830 29796 29921 I ViewRootImpl@fb2a030[MainActivity]: mWNT: t=0x7bdd472c00 mBlastBufferQueue=0x7b4988fb00 fn= 336 caller= android.view.ViewRootImpl.lambda$applyTransactionOnDraw$11$android-view-ViewRootImpl:12865 android.view.ViewRootImpl$$ExternalSyntheticLambda1.onFrameDraw:4 android.graphics.HardwareRenderer$FrameDrawingCallback.onFrameDraw:924 
10-04 22:55:25.841 29796 29796 I SurfaceView@73a440e: Changes: creating=false format=false size=false visible=false alpha=false hint=false mUseAlpha=false visible=false left=false top=true
10-04 22:55:25.841 29796 29796 I SurfaceView@73a440e: 121259022 Cur surface: Surface(name=null)/@0xf7be1fd
10-04 22:55:25.841 29796 29796 I SurfaceView@73a440e: applyTransactionOnVriDraw: vri = ViewRootImpl@fb2a030[MainActivity] fRS = false t = 0x7bdd485000 android.view.SurfaceView.performSurfaceTransaction:959 android.view.SurfaceView.updateSurface:1105 android.view.SurfaceView.lambda$new$0$android-view-SurfaceView:200 
10-04 22:55:25.842 29796 29796 I ViewRootImpl@fb2a030[MainActivity]: applyTransactionOnDraw: mRemoved = false isHardwareEnabled = true t = 0x7bdd485000android.view.SurfaceView.applyTransactionOnVriDraw:2048 android.view.SurfaceView.performSurfaceTransaction:959 android.view.SurfaceView.updateSurface:1105 android.view.SurfaceView.lambda$new$0$android-view-SurfaceView:200 android.view.SurfaceView$$ExternalSyntheticLambda5.onPreDraw:2 
10-04 22:55:25.842 29796 29796 I SurfaceView@73a440e: updateSurface: mVisible = true mSurface.isValid() = true
10-04 22:55:25.842 29796 29796 I SurfaceView@73a440e: updateSurface: mSurfaceCreated = true surfaceChanged = false visibleChanged = false
10-04 22:55:25.842 29796 29796 V SurfaceView@73a440e: Layout: x=0 y=-287 w=1080 h=525, frame=Rect(0, 0 - 1080, 525)
10-04 22:55:25.844 29796 29922 D SurfaceView@73a440e: updateSurfacePosition RenderWorker, frameNr = 337, position = [0, -287, 1080, 238] surfaceSize = 1080x525
10-04 22:55:25.844 29796 29922 I SurfaceView@73a440e: uSP: rtp = Rect(0, -287 - 1080, 238) rtsw = 1080 rtsh = 525
10-04 22:55:25.844 29796 29922 I SurfaceView@73a440e: onSSPAndSRT: pl = 0 pt = -287 sx = 1.0 sy = 1.0
10-04 22:55:25.844 29796 29922 I SurfaceView@73a440e: aOrMT: ViewRootImpl@fb2a030[MainActivity] t = android.view.SurfaceControl$Transaction@c19bbc0 fN = 337 android.view.SurfaceView.-$$Nest$mapplyOrMergeTransaction:0 android.view.SurfaceView$SurfaceViewPositionUpdateListener.positionChanged:1537 android.graphics.RenderNode$CompositePositionUpdateListener.positionChanged:373 
10-04 22:55:25.844 29796 29922 I ViewRootImpl@fb2a030[MainActivity]: mWNT: t=0x7b09ae3100 mBlastBufferQueue=0x7b4988fb00 fn= 337 caller= android.view.SurfaceView.applyOrMergeTransaction:1455 android.view.SurfaceView.-$$Nest$mapplyOrMergeTransaction:0 android.view.SurfaceView$SurfaceViewPositionUpdateListener.positionChanged:1537 
10-04 22:55:25.845 29796 29922 I ViewRootImpl@fb2a030[MainActivity]: mWNT: t=0x7bdd485000 mBlastBufferQueue=0x7b4988fb00 fn= 337 caller= android.view.ViewRootImpl.lambda$applyTransactionOnDraw$11$android-view-ViewRootImpl:12865 android.view.ViewRootImpl$$ExternalSyntheticLambda1.onFrameDraw:4 android.graphics.HardwareRenderer$FrameDrawingCallback.onFrameDraw:924 
10-04 22:55:25.858 29796 29796 I SurfaceView@73a440e: Changes: creating=false format=false size=false visible=false alpha=false hint=false mUseAlpha=false visible=false left=false top=true
10-04 22:55:25.858 29796 29796 I SurfaceView@73a440e: 121259022 Cur surface: Surface(name=null)/@0xf7be1fd
10-04 22:55:25.858 29796 29796 I SurfaceView@73a440e: applyTransactionOnVriDraw: vri = ViewRootImpl@fb2a030[MainActivity] fRS = false t = 0x7bdd485200 android.view.SurfaceView.performSurfaceTransaction:959 android.view.SurfaceView.updateSurface:1105 android.view.SurfaceView.lambda$new$0$android-view-SurfaceView:200 
10-04 22:55:25.858 29796 29796 I ViewRootImpl@fb2a030[MainActivity]: applyTransactionOnDraw: mRemoved = false isHardwareEnabled = true t = 0x7bdd485200android.view.SurfaceView.applyTransactionOnVriDraw:2048 android.view.SurfaceView.performSurfaceTransaction:959 android.view.SurfaceView.updateSurface:1105 android.view.SurfaceView.lambda$new$0$android-view-SurfaceView:200 android.view.SurfaceView$$ExternalSyntheticLambda5.onPreDraw:2 
10-04 22:55:25.859 29796 29796 I SurfaceView@73a440e: updateSurface: mVisible = true mSurface.isValid() = true
10-04 22:55:25.859 29796 29796 I SurfaceView@73a440e: updateSurface: mSurfaceCreated = true surfaceChanged = false visibleChanged = false
10-04 22:55:25.859 29796 29796 V SurfaceView@73a440e: Layout: x=0 y=-289 w=1080 h=525, frame=Rect(0, 0 - 1080, 525)
10-04 22:55:25.863 29796 29921 D SurfaceView@73a440e: updateSurfacePosition RenderWorker, frameNr = 338, position = [0, -289, 1080, 236] surfaceSize = 1080x525
10-04 22:55:25.863 29796 29921 I SurfaceView@73a440e: uSP: rtp = Rect(0, -289 - 1080, 236) rtsw = 1080 rtsh = 525
10-04 22:55:25.863 29796 29921 I SurfaceView@73a440e: onSSPAndSRT: pl = 0 pt = -289 sx = 1.0 sy = 1.0
10-04 22:55:25.864 29796 29921 I SurfaceView@73a440e: aOrMT: ViewRootImpl@fb2a030[MainActivity] t = android.view.SurfaceControl$Transaction@c19bbc0 fN = 338 android.view.SurfaceView.-$$Nest$mapplyOrMergeTransaction:0 android.view.SurfaceView$SurfaceViewPositionUpdateListener.positionChanged:1537 android.graphics.RenderNode$CompositePositionUpdateListener.positionChanged:373 
10-04 22:55:25.864 29796 29921 I ViewRootImpl@fb2a030[MainActivity]: mWNT: t=0x7b09ae3100 mBlastBufferQueue=0x7b4988fb00 fn= 338 caller= android.view.SurfaceView.applyOrMergeTransaction:1455 android.view.SurfaceView.-$$Nest$mapplyOrMergeTransaction:0 android.view.SurfaceView$SurfaceViewPositionUpdateListener.positionChanged:1537 
10-04 22:55:25.864 29796 29921 I ViewRootImpl@fb2a030[MainActivity]: mWNT: t=0x7bdd485200 mBlastBufferQueue=0x7b4988fb00 fn= 338 caller= android.view.ViewRootImpl.lambda$applyTransactionOnDraw$11$android-view-ViewRootImpl:12865 android.view.ViewRootImpl$$ExternalSyntheticLambda1.onFrameDraw:4 android.graphics.HardwareRenderer$FrameDrawingCallback.onFrameDraw:924 
10-04 22:55:25.874 29796 29796 I SurfaceView@73a440e: Changes: creating=false format=false size=false visible=false alpha=false hint=false mUseAlpha=false visible=false left=false top=true
10-04 22:55:25.874 29796 29796 I SurfaceView@73a440e: 121259022 Cur surface: Surface(name=null)/@0xf7be1fd
10-04 22:55:25.875 29796 29796 I SurfaceView@73a440e: applyTransactionOnVriDraw: vri = ViewRootImpl@fb2a030[MainActivity] fRS = false t = 0x7bdd485400 android.view.SurfaceView.performSurfaceTransaction:959 android.view.SurfaceView.updateSurface:1105 android.view.SurfaceView.lambda$new$0$android-view-SurfaceView:200 
10-04 22:55:25.875 29796 29796 I ViewRootImpl@fb2a030[MainActivity]: applyTransactionOnDraw: mRemoved = false isHardwareEnabled = true t = 0x7bdd485400android.view.SurfaceView.applyTransactionOnVriDraw:2048 android.view.SurfaceView.performSurfaceTransaction:959 android.view.SurfaceView.updateSurface:1105 android.view.SurfaceView.lambda$new$0$android-view-SurfaceView:200 android.view.SurfaceView$$ExternalSyntheticLambda5.onPreDraw:2 
10-04 22:55:25.875 29796 29796 I SurfaceView@73a440e: updateSurface: mVisible = true mSurface.isValid() = true
10-04 22:55:25.875 29796 29796 I SurfaceView@73a440e: updateSurface: mSurfaceCreated = true surfaceChanged = false visibleChanged = false
10-04 22:55:25.875 29796 29796 V SurfaceView@73a440e: Layout: x=0 y=-291 w=1080 h=525, frame=Rect(0, 0 - 1080, 525)
10-04 22:55:25.877 29796 29922 D SurfaceView@73a440e: updateSurfacePosition RenderWorker, frameNr = 339, position = [0, -291, 1080, 234] surfaceSize = 1080x525
10-04 22:55:25.877 29796 29922 I SurfaceView@73a440e: uSP: rtp = Rect(0, -291 - 1080, 234) rtsw = 1080 rtsh = 525
10-04 22:55:25.877 29796 29922 I SurfaceView@73a440e: onSSPAndSRT: pl = 0 pt = -291 sx = 1.0 sy = 1.0
10-04 22:55:25.878 29796 29922 I SurfaceView@73a440e: aOrMT: ViewRootImpl@fb2a030[MainActivity] t = android.view.SurfaceControl$Transaction@c19bbc0 fN = 339 android.view.SurfaceView.-$$Nest$mapplyOrMergeTransaction:0 android.view.SurfaceView$SurfaceViewPositionUpdateListener.positionChanged:1537 android.graphics.RenderNode$CompositePositionUpdateListener.positionChanged:373 
10-04 22:55:25.878 29796 29922 I ViewRootImpl@fb2a030[MainActivity]: mWNT: t=0x7b09ae3100 mBlastBufferQueue=0x7b4988fb00 fn= 339 caller= android.view.SurfaceView.applyOrMergeTransaction:1455 android.view.SurfaceView.-$$Nest$mapplyOrMergeTransaction:0 android.view.SurfaceView$SurfaceViewPositionUpdateListener.positionChanged:1537 
10-04 22:55:25.878 29796 29922 I ViewRootImpl@fb2a030[MainActivity]: mWNT: t=0x7bdd485400 mBlastBufferQueue=0x7b4988fb00 fn= 339 caller= android.view.ViewRootImpl.lambda$applyTransactionOnDraw$11$android-view-ViewRootImpl:12865 android.view.ViewRootImpl$$ExternalSyntheticLambda1.onFrameDraw:4 android.graphics.HardwareRenderer$FrameDrawingCallback.onFrameDraw:924 
10-04 22:55:25.891 29796 29796 I SurfaceView@73a440e: Changes: creating=false format=false size=false visible=false alpha=false hint=false mUseAlpha=false visible=false left=false top=true
10-04 22:55:25.891 29796 29796 I SurfaceView@73a440e: 121259022 Cur surface: Surface(name=null)/@0xf7be1fd
10-04 22:55:25.892 29796 29796 I SurfaceView@73a440e: applyTransactionOnVriDraw: vri = ViewRootImpl@fb2a030[MainActivity] fRS = false t = 0x7bdd4df300 android.view.SurfaceView.performSurfaceTransaction:959 android.view.SurfaceView.updateSurface:1105 android.view.SurfaceView.lambda$new$0$android-view-SurfaceView:200 
10-04 22:55:25.892 29796 29796 I ViewRootImpl@fb2a030[MainActivity]: applyTransactionOnDraw: mRemoved = false isHardwareEnabled = true t = 0x7bdd4df300android.view.SurfaceView.applyTransactionOnVriDraw:2048 android.view.SurfaceView.performSurfaceTransaction:959 android.view.SurfaceView.updateSurface:1105 android.view.SurfaceView.lambda$new$0$android-view-SurfaceView:200 android.view.SurfaceView$$ExternalSyntheticLambda5.onPreDraw:2 
10-04 22:55:25.892 29796 29796 I SurfaceView@73a440e: updateSurface: mVisible = true mSurface.isValid() = true
10-04 22:55:25.892 29796 29796 I SurfaceView@73a440e: updateSurface: mSurfaceCreated = true surfaceChanged = false visibleChanged = false
10-04 22:55:25.893 29796 29796 V SurfaceView@73a440e: Layout: x=0 y=-293 w=1080 h=525, frame=Rect(0, 0 - 1080, 525)
10-04 22:55:25.894 29796 29921 D SurfaceView@73a440e: updateSurfacePosition RenderWorker, frameNr = 340, position = [0, -293, 1080, 232] surfaceSize = 1080x525
10-04 22:55:25.895 29796 29921 I SurfaceView@73a440e: uSP: rtp = Rect(0, -293 - 1080, 232) rtsw = 1080 rtsh = 525
10-04 22:55:25.895 29796 29921 I SurfaceView@73a440e: onSSPAndSRT: pl = 0 pt = -293 sx = 1.0 sy = 1.0
10-04 22:55:25.895 29796 29921 I SurfaceView@73a440e: aOrMT: ViewRootImpl@fb2a030[MainActivity] t = android.view.SurfaceControl$Transaction@c19bbc0 fN = 340 android.view.SurfaceView.-$$Nest$mapplyOrMergeTransaction:0 android.view.SurfaceView$SurfaceViewPositionUpdateListener.positionChanged:1537 android.graphics.RenderNode$CompositePositionUpdateListener.positionChanged:373 
10-04 22:55:25.895 29796 29921 I ViewRootImpl@fb2a030[MainActivity]: mWNT: t=0x7b09ae3100 mBlastBufferQueue=0x7b4988fb00 fn= 340 caller= android.view.SurfaceView.applyOrMergeTransaction:1455 android.view.SurfaceView.-$$Nest$mapplyOrMergeTransaction:0 android.view.SurfaceView$SurfaceViewPositionUpdateListener.positionChanged:1537 
10-04 22:55:25.895 29796 29921 I ViewRootImpl@fb2a030[MainActivity]: mWNT: t=0x7bdd4df300 mBlastBufferQueue=0x7b4988fb00 fn= 340 caller= android.view.ViewRootImpl.lambda$applyTransactionOnDraw$11$android-view-ViewRootImpl:12865 android.view.ViewRootImpl$$ExternalSyntheticLambda1.onFrameDraw:4 android.graphics.HardwareRenderer$FrameDrawingCallback.onFrameDraw:924 
10-04 22:55:25.907 29796 29796 I SurfaceView@73a440e: Changes: creating=false format=false size=false visible=false alpha=false hint=false mUseAlpha=false visible=false left=false top=true
10-04 22:55:25.907 29796 29796 I SurfaceView@73a440e: 121259022 Cur surface: Surface(name=null)/@0xf7be1fd
10-04 22:55:25.907 29796 29796 I SurfaceView@73a440e: applyTransactionOnVriDraw: vri = ViewRootImpl@fb2a030[MainActivity] fRS = false t = 0x7bdd4df500 android.view.SurfaceView.performSurfaceTransaction:959 android.view.SurfaceView.updateSurface:1105 android.view.SurfaceView.lambda$new$0$android-view-SurfaceView:200 
10-04 22:55:25.908 29796 29796 I ViewRootImpl@fb2a030[MainActivity]: applyTransactionOnDraw: mRemoved = false isHardwareEnabled = true t = 0x7bdd4df500android.view.SurfaceView.applyTransactionOnVriDraw:2048 android.view.SurfaceView.performSurfaceTransaction:959 android.view.SurfaceView.updateSurface:1105 android.view.SurfaceView.lambda$new$0$android-view-SurfaceView:200 android.view.SurfaceView$$ExternalSyntheticLambda5.onPreDraw:2 
10-04 22:55:25.908 29796 29796 I SurfaceView@73a440e: updateSurface: mVisible = true mSurface.isValid() = true
10-04 22:55:25.908 29796 29796 I SurfaceView@73a440e: updateSurface: mSurfaceCreated = true surfaceChanged = false visibleChanged = false
10-04 22:55:25.908 29796 29796 V SurfaceView@73a440e: Layout: x=0 y=-294 w=1080 h=525, frame=Rect(0, 0 - 1080, 525)
10-04 22:55:25.910 29796 29922 D SurfaceView@73a440e: updateSurfacePosition RenderWorker, frameNr = 341, position = [0, -294, 1080, 231] surfaceSize = 1080x525
10-04 22:55:25.910 29796 29922 I SurfaceView@73a440e: uSP: rtp = Rect(0, -294 - 1080, 231) rtsw = 1080 rtsh = 525
10-04 22:55:25.910 29796 29922 I SurfaceView@73a440e: onSSPAndSRT: pl = 0 pt = -294 sx = 1.0 sy = 1.0
10-04 22:55:25.910 29796 29922 I SurfaceView@73a440e: aOrMT: ViewRootImpl@fb2a030[MainActivity] t = android.view.SurfaceControl$Transaction@c19bbc0 fN = 341 android.view.SurfaceView.-$$Nest$mapplyOrMergeTransaction:0 android.view.SurfaceView$SurfaceViewPositionUpdateListener.positionChanged:1537 android.graphics.RenderNode$CompositePositionUpdateListener.positionChanged:373 
10-04 22:55:25.910 29796 29922 I ViewRootImpl@fb2a030[MainActivity]: mWNT: t=0x7b09ae3100 mBlastBufferQueue=0x7b4988fb00 fn= 341 caller= android.view.SurfaceView.applyOrMergeTransaction:1455 android.view.SurfaceView.-$$Nest$mapplyOrMergeTransaction:0 android.view.SurfaceView$SurfaceViewPositionUpdateListener.positionChanged:1537 
10-04 22:55:25.910 29796 29922 I ViewRootImpl@fb2a030[MainActivity]: mWNT: t=0x7bdd4df500 mBlastBufferQueue=0x7b4988fb00 fn= 341 caller= android.view.ViewRootImpl.lambda$applyTransactionOnDraw$11$android-view-ViewRootImpl:12865 android.view.ViewRootImpl$$ExternalSyntheticLambda1.onFrameDraw:4 android.graphics.HardwareRenderer$FrameDrawingCallback.onFrameDraw:924 
10-04 22:55:25.924 29796 29796 I SurfaceView@73a440e: Changes: creating=false format=false size=false visible=false alpha=false hint=false mUseAlpha=false visible=false left=false top=true
10-04 22:55:25.924 29796 29796 I SurfaceView@73a440e: 121259022 Cur surface: Surface(name=null)/@0xf7be1fd
10-04 22:55:25.925 29796 29796 I SurfaceView@73a440e: applyTransactionOnVriDraw: vri = ViewRootImpl@fb2a030[MainActivity] fRS = false t = 0x7bdd4e6b00 android.view.SurfaceView.performSurfaceTransaction:959 android.view.SurfaceView.updateSurface:1105 android.view.SurfaceView.lambda$new$0$android-view-SurfaceView:200 
10-04 22:55:25.925 29796 29796 I ViewRootImpl@fb2a030[MainActivity]: applyTransactionOnDraw: mRemoved = false isHardwareEnabled = true t = 0x7bdd4e6b00android.view.SurfaceView.applyTransactionOnVriDraw:2048 android.view.SurfaceView.performSurfaceTransaction:959 android.view.SurfaceView.updateSurface:1105 android.view.SurfaceView.lambda$new$0$android-view-SurfaceView:200 android.view.SurfaceView$$ExternalSyntheticLambda5.onPreDraw:2 
10-04 22:55:25.925 29796 29796 I SurfaceView@73a440e: updateSurface: mVisible = true mSurface.isValid() = true
10-04 22:55:25.925 29796 29796 I SurfaceView@73a440e: updateSurface: mSurfaceCreated = true surfaceChanged = false visibleChanged = false
10-04 22:55:25.925 29796 29796 V SurfaceView@73a440e: Layout: x=0 y=-295 w=1080 h=525, frame=Rect(0, 0 - 1080, 525)
10-04 22:55:25.927 29796 29921 D SurfaceView@73a440e: updateSurfacePosition RenderWorker, frameNr = 342, position = [0, -295, 1080, 230] surfaceSize = 1080x525
10-04 22:55:25.928 29796 29921 I SurfaceView@73a440e: uSP: rtp = Rect(0, -295 - 1080, 230) rtsw = 1080 rtsh = 525
10-04 22:55:25.928 29796 29921 I SurfaceView@73a440e: onSSPAndSRT: pl = 0 pt = -295 sx = 1.0 sy = 1.0
10-04 22:55:25.928 29796 29921 I SurfaceView@73a440e: aOrMT: ViewRootImpl@fb2a030[MainActivity] t = android.view.SurfaceControl$Transaction@c19bbc0 fN = 342 android.view.SurfaceView.-$$Nest$mapplyOrMergeTransaction:0 android.view.SurfaceView$SurfaceViewPositionUpdateListener.positionChanged:1537 android.graphics.RenderNode$CompositePositionUpdateListener.positionChanged:373 
10-04 22:55:25.928 29796 29921 I ViewRootImpl@fb2a030[MainActivity]: mWNT: t=0x7b09ae3100 mBlastBufferQueue=0x7b4988fb00 fn= 342 caller= android.view.SurfaceView.applyOrMergeTransaction:1455 android.view.SurfaceView.-$$Nest$mapplyOrMergeTransaction:0 android.view.SurfaceView$SurfaceViewPositionUpdateListener.positionChanged:1537 
10-04 22:55:25.929 29796 29921 I ViewRootImpl@fb2a030[MainActivity]: mWNT: t=0x7bdd4e6b00 mBlastBufferQueue=0x7b4988fb00 fn= 342 caller= android.view.ViewRootImpl.lambda$applyTransactionOnDraw$11$android-view-ViewRootImpl:12865 android.view.ViewRootImpl$$ExternalSyntheticLambda1.onFrameDraw:4 android.graphics.HardwareRenderer$FrameDrawingCallback.onFrameDraw:924 
10-04 22:55:25.938 29796 29796 I SurfaceView@73a440e: Changes: creating=false format=false size=false visible=false alpha=false hint=false mUseAlpha=false visible=false left=false top=true
10-04 22:55:25.938 29796 29796 I SurfaceView@73a440e: 121259022 Cur surface: Surface(name=null)/@0xf7be1fd
10-04 22:55:25.938 29796 29796 I SurfaceView@73a440e: applyTransactionOnVriDraw: vri = ViewRootImpl@fb2a030[MainActivity] fRS = false t = 0x7bdd4e6e00 android.view.SurfaceView.performSurfaceTransaction:959 android.view.SurfaceView.updateSurface:1105 android.view.SurfaceView.lambda$new$0$android-view-SurfaceView:200 
10-04 22:55:25.938 29796 29796 I ViewRootImpl@fb2a030[MainActivity]: applyTransactionOnDraw: mRemoved = false isHardwareEnabled = true t = 0x7bdd4e6e00android.view.SurfaceView.applyTransactionOnVriDraw:2048 android.view.SurfaceView.performSurfaceTransaction:959 android.view.SurfaceView.updateSurface:1105 android.view.SurfaceView.lambda$new$0$android-view-SurfaceView:200 android.view.SurfaceView$$ExternalSyntheticLambda5.onPreDraw:2 
10-04 22:55:25.939 29796 29796 I SurfaceView@73a440e: updateSurface: mVisible = true mSurface.isValid() = true
10-04 22:55:25.939 29796 29796 I SurfaceView@73a440e: updateSurface: mSurfaceCreated = true surfaceChanged = false visibleChanged = false
10-04 22:55:25.939 29796 29796 V SurfaceView@73a440e: Layout: x=0 y=-296 w=1080 h=525, frame=Rect(0, 0 - 1080, 525)
10-04 22:55:25.940 29796 29922 D SurfaceView@73a440e: updateSurfacePosition RenderWorker, frameNr = 343, position = [0, -296, 1080, 229] surfaceSize = 1080x525
10-04 22:55:25.940 29796 29922 I SurfaceView@73a440e: uSP: rtp = Rect(0, -296 - 1080, 229) rtsw = 1080 rtsh = 525
10-04 22:55:25.940 29796 29922 I SurfaceView@73a440e: onSSPAndSRT: pl = 0 pt = -296 sx = 1.0 sy = 1.0
10-04 22:55:25.940 29796 29922 I SurfaceView@73a440e: aOrMT: ViewRootImpl@fb2a030[MainActivity] t = android.view.SurfaceControl$Transaction@c19bbc0 fN = 343 android.view.SurfaceView.-$$Nest$mapplyOrMergeTransaction:0 android.view.SurfaceView$SurfaceViewPositionUpdateListener.positionChanged:1537 android.graphics.RenderNode$CompositePositionUpdateListener.positionChanged:373 
10-04 22:55:25.941 29796 29922 I ViewRootImpl@fb2a030[MainActivity]: mWNT: t=0x7b09ae3100 mBlastBufferQueue=0x7b4988fb00 fn= 343 caller= android.view.SurfaceView.applyOrMergeTransaction:1455 android.view.SurfaceView.-$$Nest$mapplyOrMergeTransaction:0 android.view.SurfaceView$SurfaceViewPositionUpdateListener.positionChanged:1537 
10-04 22:55:25.941 29796 29922 I ViewRootImpl@fb2a030[MainActivity]: mWNT: t=0x7bdd4e6e00 mBlastBufferQueue=0x7b4988fb00 fn= 343 caller= android.view.ViewRootImpl.lambda$applyTransactionOnDraw$11$android-view-ViewRootImpl:12865 android.view.ViewRootImpl$$ExternalSyntheticLambda1.onFrameDraw:4 android.graphics.HardwareRenderer$FrameDrawingCallback.onFrameDraw:924 
10-04 22:55:25.971 29796 29796 I SurfaceView@73a440e: Changes: creating=false format=false size=false visible=false alpha=false hint=false mUseAlpha=false visible=false left=false top=true
10-04 22:55:25.971 29796 29796 I SurfaceView@73a440e: 121259022 Cur surface: Surface(name=null)/@0xf7be1fd
10-04 22:55:25.972 29796 29796 I SurfaceView@73a440e: applyTransactionOnVriDraw: vri = ViewRootImpl@fb2a030[MainActivity] fRS = false t = 0x7bdd571400 android.view.SurfaceView.performSurfaceTransaction:959 android.view.SurfaceView.updateSurface:1105 android.view.SurfaceView.lambda$new$0$android-view-SurfaceView:200 
10-04 22:55:25.972 29796 29796 I ViewRootImpl@fb2a030[MainActivity]: applyTransactionOnDraw: mRemoved = false isHardwareEnabled = true t = 0x7bdd571400android.view.SurfaceView.applyTransactionOnVriDraw:2048 android.view.SurfaceView.performSurfaceTransaction:959 android.view.SurfaceView.updateSurface:1105 android.view.SurfaceView.lambda$new$0$android-view-SurfaceView:200 android.view.SurfaceView$$ExternalSyntheticLambda5.onPreDraw:2 
10-04 22:55:25.972 29796 29796 I SurfaceView@73a440e: updateSurface: mVisible = true mSurface.isValid() = true
10-04 22:55:25.972 29796 29796 I SurfaceView@73a440e: updateSurface: mSurfaceCreated = true surfaceChanged = false visibleChanged = false
10-04 22:55:25.972 29796 29796 V SurfaceView@73a440e: Layout: x=0 y=-297 w=1080 h=525, frame=Rect(0, 0 - 1080, 525)
10-04 22:55:25.974 29796 29921 I ViewRootImpl@fb2a030[MainActivity]: mWNT: t=0x7bdd571400 mBlastBufferQueue=0x7b4988fb00 fn= 345 caller= android.view.ViewRootImpl.lambda$applyTransactionOnDraw$11$android-view-ViewRootImpl:12865 android.view.ViewRootImpl$$ExternalSyntheticLambda1.onFrameDraw:4 android.graphics.HardwareRenderer$FrameDrawingCallback.onFrameDraw:924 
10-04 22:55:25.988 29796 29922 D SurfaceView@73a440e: updateSurfacePosition RenderWorker, frameNr = 346, position = [0, -297, 1080, 228] surfaceSize = 1080x525
10-04 22:55:25.988 29796 29922 I SurfaceView@73a440e: uSP: rtp = Rect(0, -297 - 1080, 228) rtsw = 1080 rtsh = 525
10-04 22:55:25.988 29796 29922 I SurfaceView@73a440e: onSSPAndSRT: pl = 0 pt = -297 sx = 1.0 sy = 1.0
10-04 22:55:25.988 29796 29922 I SurfaceView@73a440e: aOrMT: ViewRootImpl@fb2a030[MainActivity] t = android.view.SurfaceControl$Transaction@c19bbc0 fN = 346 android.view.SurfaceView.-$$Nest$mapplyOrMergeTransaction:0 android.view.SurfaceView$SurfaceViewPositionUpdateListener.positionChanged:1537 android.graphics.RenderNode$CompositePositionUpdateListener.positionChanged:373 
10-04 22:55:25.988 29796 29922 I ViewRootImpl@fb2a030[MainActivity]: mWNT: t=0x7b09ae3100 mBlastBufferQueue=0x7b4988fb00 fn= 346 caller= android.view.SurfaceView.applyOrMergeTransaction:1455 android.view.SurfaceView.-$$Nest$mapplyOrMergeTransaction:0 android.view.SurfaceView$SurfaceViewPositionUpdateListener.positionChanged:1537 
10-04 22:55:26.004 29796 29796 I SurfaceView@73a440e: Changes: creating=false format=false size=false visible=false alpha=false hint=false mUseAlpha=false visible=false left=false top=true
10-04 22:55:26.004 29796 29796 I SurfaceView@73a440e: 121259022 Cur surface: Surface(name=null)/@0xf7be1fd
10-04 22:55:26.005 29796 29796 I SurfaceView@73a440e: applyTransactionOnVriDraw: vri = ViewRootImpl@fb2a030[MainActivity] fRS = false t = 0x7bdd571600 android.view.SurfaceView.performSurfaceTransaction:959 android.view.SurfaceView.updateSurface:1105 android.view.SurfaceView.lambda$new$0$android-view-SurfaceView:200 
10-04 22:55:26.005 29796 29796 I ViewRootImpl@fb2a030[MainActivity]: applyTransactionOnDraw: mRemoved = false isHardwareEnabled = true t = 0x7bdd571600android.view.SurfaceView.applyTransactionOnVriDraw:2048 android.view.SurfaceView.performSurfaceTransaction:959 android.view.SurfaceView.updateSurface:1105 android.view.SurfaceView.lambda$new$0$android-view-SurfaceView:200 android.view.SurfaceView$$ExternalSyntheticLambda5.onPreDraw:2 
10-04 22:55:26.005 29796 29796 I SurfaceView@73a440e: updateSurface: mVisible = true mSurface.isValid() = true
10-04 22:55:26.005 29796 29796 I SurfaceView@73a440e: updateSurface: mSurfaceCreated = true surfaceChanged = false visibleChanged = false
10-04 22:55:26.005 29796 29796 V SurfaceView@73a440e: Layout: x=0 y=-298 w=1080 h=525, frame=Rect(0, 0 - 1080, 525)
10-04 22:55:26.007 29796 29921 I ViewRootImpl@fb2a030[MainActivity]: mWNT: t=0x7bdd571600 mBlastBufferQueue=0x7b4988fb00 fn= 347 caller= android.view.ViewRootImpl.lambda$applyTransactionOnDraw$11$android-view-ViewRootImpl:12865 android.view.ViewRootImpl$$ExternalSyntheticLambda1.onFrameDraw:4 android.graphics.HardwareRenderer$FrameDrawingCallback.onFrameDraw:924 
10-04 22:55:26.021 29796 29922 D SurfaceView@73a440e: updateSurfacePosition RenderWorker, frameNr = 348, position = [0, -298, 1080, 227] surfaceSize = 1080x525
10-04 22:55:26.022 29796 29922 I SurfaceView@73a440e: uSP: rtp = Rect(0, -298 - 1080, 227) rtsw = 1080 rtsh = 525
10-04 22:55:26.022 29796 29922 I SurfaceView@73a440e: onSSPAndSRT: pl = 0 pt = -298 sx = 1.0 sy = 1.0
10-04 22:55:26.022 29796 29922 I SurfaceView@73a440e: aOrMT: ViewRootImpl@fb2a030[MainActivity] t = android.view.SurfaceControl$Transaction@c19bbc0 fN = 348 android.view.SurfaceView.-$$Nest$mapplyOrMergeTransaction:0 android.view.SurfaceView$SurfaceViewPositionUpdateListener.positionChanged:1537 android.graphics.RenderNode$CompositePositionUpdateListener.positionChanged:373 
10-04 22:55:26.022 29796 29922 I ViewRootImpl@fb2a030[MainActivity]: mWNT: t=0x7b09ae3100 mBlastBufferQueue=0x7b4988fb00 fn= 348 caller= android.view.SurfaceView.applyOrMergeTransaction:1455 android.view.SurfaceView.-$$Nest$mapplyOrMergeTransaction:0 android.view.SurfaceView$SurfaceViewPositionUpdateListener.positionChanged:1537 
10-04 22:55:26.054 29796 29796 I SurfaceView@73a440e: Changes: creating=false format=false size=false visible=false alpha=false hint=false mUseAlpha=false visible=false left=false top=true
10-04 22:55:26.054 29796 29796 I SurfaceView@73a440e: 121259022 Cur surface: Surface(name=null)/@0xf7be1fd
10-04 22:55:26.055 29796 29796 I SurfaceView@73a440e: applyTransactionOnVriDraw: vri = ViewRootImpl@fb2a030[MainActivity] fRS = false t = 0x7bdd571800 android.view.SurfaceView.performSurfaceTransaction:959 android.view.SurfaceView.updateSurface:1105 android.view.SurfaceView.lambda$new$0$android-view-SurfaceView:200 
10-04 22:55:26.055 29796 29796 I ViewRootImpl@fb2a030[MainActivity]: applyTransactionOnDraw: mRemoved = false isHardwareEnabled = true t = 0x7bdd571800android.view.SurfaceView.applyTransactionOnVriDraw:2048 android.view.SurfaceView.performSurfaceTransaction:959 android.view.SurfaceView.updateSurface:1105 android.view.SurfaceView.lambda$new$0$android-view-SurfaceView:200 android.view.SurfaceView$$ExternalSyntheticLambda5.onPreDraw:2 
10-04 22:55:26.055 29796 29796 I SurfaceView@73a440e: updateSurface: mVisible = true mSurface.isValid() = true
10-04 22:55:26.055 29796 29796 I SurfaceView@73a440e: updateSurface: mSurfaceCreated = true surfaceChanged = false visibleChanged = false
10-04 22:55:26.055 29796 29796 V SurfaceView@73a440e: Layout: x=0 y=-299 w=1080 h=525, frame=Rect(0, 0 - 1080, 525)
10-04 22:55:26.057 29796 29921 I ViewRootImpl@fb2a030[MainActivity]: mWNT: t=0x7bdd571800 mBlastBufferQueue=0x7b4988fb00 fn= 350 caller= android.view.ViewRootImpl.lambda$applyTransactionOnDraw$11$android-view-ViewRootImpl:12865 android.view.ViewRootImpl$$ExternalSyntheticLambda1.onFrameDraw:4 android.graphics.HardwareRenderer$FrameDrawingCallback.onFrameDraw:924 
10-04 22:55:26.071 29796 29922 D SurfaceView@73a440e: updateSurfacePosition RenderWorker, frameNr = 351, position = [0, -299, 1080, 226] surfaceSize = 1080x525
10-04 22:55:26.071 29796 29922 I SurfaceView@73a440e: uSP: rtp = Rect(0, -299 - 1080, 226) rtsw = 1080 rtsh = 525
10-04 22:55:26.071 29796 29922 I SurfaceView@73a440e: onSSPAndSRT: pl = 0 pt = -299 sx = 1.0 sy = 1.0
10-04 22:55:26.071 29796 29922 I SurfaceView@73a440e: aOrMT: ViewRootImpl@fb2a030[MainActivity] t = android.view.SurfaceControl$Transaction@c19bbc0 fN = 351 android.view.SurfaceView.-$$Nest$mapplyOrMergeTransaction:0 android.view.SurfaceView$SurfaceViewPositionUpdateListener.positionChanged:1537 android.graphics.RenderNode$CompositePositionUpdateListener.positionChanged:373 
10-04 22:55:26.071 29796 29922 I ViewRootImpl@fb2a030[MainActivity]: mWNT: t=0x7b09ae3100 mBlastBufferQueue=0x7b4988fb00 fn= 351 caller= android.view.SurfaceView.applyOrMergeTransaction:1455 android.view.SurfaceView.-$$Nest$mapplyOrMergeTransaction:0 android.view.SurfaceView$SurfaceViewPositionUpdateListener.positionChanged:1537 
10-04 22:55:26.524 29796 29796 I ViewRootImpl@fb2a030[MainActivity]: ViewPostIme pointer 0
10-04 22:55:27.056 29796 29796 I Dialog  : mIsDeviceDefault = false, mIsSamsungBasicInteraction = false, isMetaDataInActivity = false
10-04 22:55:27.100 29796 29796 I DecorView: [INFO] isPopOver=false config=false
10-04 22:55:27.100 29796 29796 I DecorView: updateCaptionType: isFloating=false isApplication=true hasWindowDecorCaption=false this=DecorView@b1bc787[]
10-04 22:55:27.100 29796 29796 D DecorView: setCaptionType = 0, this = DecorView@b1bc787[]
10-04 22:55:27.103 29796 29796 I DecorView: getCurrentDensityDpi: from app context. densityDpi=420 msg=resources_loaded
10-04 22:55:27.103 29796 29796 I DecorView: setWindowBackground: isPopOver=false color=0 d=android.graphics.drawable.ColorDrawable@9b622dd
10-04 22:55:27.114 29796 29833 D NativeCustomFrequencyManager: [NativeCFMS] BpCustomFrequencyManager::BpCustomFrequencyManager()
10-04 22:55:27.115 29796 29796 I DecorView: notifyKeepScreenOnChanged: keepScreenOn=false
