10-04 20:27:50.675  1051  1051 I IMM_LC  : hsifw() ignore mServedView == null or mServedView.getWindowToken() != windowToken, mServedView :DecorView@86966c4[MainActivity]
10-04 20:27:50.676  1051  1113 I SYNCVM  : addFromUrl = https://wecima.now/watch/%d9%85%d8%b4%d8%a7%d9%87%d8%af%d8%a9-%d9%85%d8%b3%d9%84%d8%b3%d9%84-the-19th-medical-chart-%d9%85%d9%88%d8%b3%d9%85-1-%d8%ad%d9%84%d9%82%d8%a9-8-%d9%88%d8%a7%d9%84%d8%a3%d8%ae%d9%8a%d8%b1%d8%a9/
10-04 20:27:50.677  1051  1113 I SYNCUTIL: getIdsFromUrl https://wecima.now/watch/%d9%85%d8%b4%d8%a7%d9%87%d8%af%d8%a9-%d9%85%d8%b3%d9%84%d8%b3%d9%84-the-19th-medical-chart-%d9%85%d9%88%d8%b3%d9%85-1-%d8%ad%d9%84%d9%82%d8%a9-8-%d9%88%d8%a7%d9%84%d8%a3%d8%ae%d9%8a%d8%b1%d8%a9/
10-04 20:27:50.690  1051  1051 I SurfaceView@e676d: onWindowVisibilityChanged(8) false android.view.SurfaceView{e676d V.E...... ......I. 0,0-0,0} of ViewRootImpl@fb2a030[MainActivity]
10-04 20:27:50.690  1051  1051 D SurfaceView@e676d: updateSurface: has no frame
10-04 20:27:50.690  1051  1051 D SurfaceView@e676d: updateSurface: has no frame
10-04 20:27:50.690  1051  1051 I SurfaceView@e676d: onDetachedFromWindow: tryReleaseSurfaces()
10-04 20:27:50.690  1051  1051 I SurfaceView@e676d: releaseSurfaces: viewRoot = ViewRootImpl@fb2a030[MainActivity]
10-04 20:27:50.690  1051  1051 I SurfaceView@e676d: applyTransactionOnVriDraw: vri = ViewRootImpl@fb2a030[MainActivity] fRS = true t = 0x7b0389f500 android.view.SurfaceView.releaseSurfaces:858 android.view.SurfaceView.onDetachedFromWindow:500 android.view.View.dispatchDetachedFromWindow:22538 
10-04 20:27:50.690  1051  1051 I SurfaceView@e676d: applyTransactionOnVriDraw: viewRoot.applyTransactionOnDrawFromReleaseSurfaces
10-04 20:27:50.690  1051  1051 I ViewRootImpl@fb2a030[MainActivity]: applyTransactionOnDraw: mRemoved = false isHardwareEnabled = true t = 0x7b0389f500android.view.ViewRootImpl.applyTransactionOnDrawFromReleaseSurfaces:12850 android.view.SurfaceView.applyTransactionOnVriDraw:2046 android.view.SurfaceView.releaseSurfaces:858 android.view.SurfaceView.onDetachedFromWindow:500 android.view.View.dispatchDetachedFromWindow:22538 
10-04 20:27:50.692  1051  1051 I SurfaceView@e676d: onWindowVisibilityChanged(0) true android.view.SurfaceView{e676d V.E...... ......I. 0,0-0,0} of ViewRootImpl@fb2a030[MainActivity]
10-04 20:27:50.692  1051  1051 D SurfaceView@e676d: updateSurface: has no frame
10-04 20:27:50.697  1051  1051 I DecorView: notifyKeepScreenOnChanged: keepScreenOn=false
10-04 20:27:50.710  1051  1051 I CS3ExoPlayer: reloadPlayer
10-04 20:27:50.710  1051  1051 I CS3ExoPlayer: releasePlayer
10-04 20:27:50.710  1051  1051 I CS3ExoPlayer: Handle event: PlayerAttachedEvent(player=null, source=Player)
10-04 20:27:50.717  1051  1051 I ViewRootImpl@fb2a030[MainActivity]: performTraversals params={(0,0)(fillxfill) sim={state=always_hidden adjust=resize} ty=BASE_APPLICATION wanim=0x1030309
10-04 20:27:50.717  1051  1051 I ViewRootImpl@fb2a030[MainActivity]:   fl=85810100
10-04 20:27:50.717  1051  1051 I ViewRootImpl@fb2a030[MainActivity]:   pfl=12020040
10-04 20:27:50.717  1051  1051 I ViewRootImpl@fb2a030[MainActivity]:   vsysui=500
10-04 20:27:50.717  1051  1051 I ViewRootImpl@fb2a030[MainActivity]:   bhv=DEFAULT
10-04 20:27:50.717  1051  1051 I ViewRootImpl@fb2a030[MainActivity]:   fitSides= naviIconColor=0}
10-04 20:27:50.718  1051  1051 I ViewRootImpl@fb2a030[MainActivity]: performTraversals mFirst=false windowShouldResize=false viewVisibilityChanged=false mForceNextWindowRelayout=false params={(0,0)(fillxfill) sim={state=always_hidden adjust=resize} ty=BASE_APPLICATION fmt=TRANSLUCENT wanim=0x1030309
10-04 20:27:50.718  1051  1051 I ViewRootImpl@fb2a030[MainActivity]:   fl=85810100
10-04 20:27:50.718  1051  1051 I ViewRootImpl@fb2a030[MainActivity]:   pfl=12020040
10-04 20:27:50.718  1051  1051 I ViewRootImpl@fb2a030[MainActivity]:   vsysui=500
10-04 20:27:50.718  1051  1051 I ViewRootImpl@fb2a030[MainActivity]:   bhv=DEFAULT
10-04 20:27:50.718  1051  1051 I ViewRootImpl@fb2a030[MainActivity]:   fitSides= naviIconColor=0}
10-04 20:27:50.728  1051  1051 I ViewRootImpl@fb2a030[MainActivity]: updateBlastSurfaceIfNeeded mBlastBufferQueue=0x7b3d0fb500 isSameSurfaceControl=true
10-04 20:27:50.728  1051  1051 I BLASTBufferQueue: update, w= 1080 h= 2400 mName = ViewRootImpl@fb2a030[MainActivity] mNativeObject= 0x7b3d0fb500 sc.mNativeObject= 0x7afb8cd520 format= -3 caller= android.view.ViewRootImpl.updateBlastSurfaceIfNeeded:2898 android.view.ViewRootImpl.relayoutWindow:9847 android.view.ViewRootImpl.performTraversals:3884 android.view.ViewRootImpl.doTraversal:3116 android.view.ViewRootImpl$TraversalRunnable.run:10885 android.view.Choreographer$CallbackRecord.run:1301 
10-04 20:27:50.728  1051  1051 I ViewRootImpl@fb2a030[MainActivity]: Relayout returned: old=(0,0,1080,2400) new=(0,0,1080,2400) req=(1080,2400)0 dur=10 res=0x0 s={true 0x7b5c5e2800} ch=false seqId=0
10-04 20:27:50.730  1051  1051 W View    : requestLayout() improperly called by android.widget.FrameLayout{ff21a34 I.E...... ......I. 0,0-0,0 #7f0a04e7 app:id/start_panel} during layout: running second layout pass
10-04 20:27:50.730  1051  1051 W View    : requestLayout() improperly called by android.widget.FrameLayout{649305d I.E...... ......ID 1080,0-1080,2143 #7f0a0168 app:id/end_panel} during layout: running second layout pass
10-04 20:27:50.732  1051  1051 D SurfaceView@e676d: updateSurface: has no frame
10-04 20:27:50.737  1051  1168 I ViewRootImpl@fb2a030[MainActivity]: mWNT: t=0x7b0389f500 mBlastBufferQueue=0x7b3d0fb500 fn= 568 caller= android.view.ViewRootImpl.lambda$applyTransactionOnDraw$11$android-view-ViewRootImpl:12865 android.view.ViewRootImpl$$ExternalSyntheticLambda1.onFrameDraw:4 android.graphics.HardwareRenderer$FrameDrawingCallback.onFrameDraw:924 
10-04 20:27:50.755  1051  1082 D OpenGLRenderer: setSurface called with nullptr
10-04 20:27:50.755  1051  1082 D OpenGLRenderer: setSurface() destroyed EGLSurface
10-04 20:27:50.755  1051  1082 D OpenGLRenderer: destroyEglSurface
10-04 20:27:50.760  1051  1051 I ViewRootImpl@22a3048[MainActivity]: performTraversals mFirst=false windowShouldResize=false viewVisibilityChanged=true mForceNextWindowRelayout=false params={(0,0)(fillxfill) gr=CENTER sim={adjust=pan} ty=APPLICATION fmt=TRANSPARENT wanim=0x7f14000b
10-04 20:27:50.760  1051  1051 I ViewRootImpl@22a3048[MainActivity]:   fl=85810100
10-04 20:27:50.760  1051  1051 I ViewRootImpl@22a3048[MainActivity]:   pfl=12020040
10-04 20:27:50.760  1051  1051 I ViewRootImpl@22a3048[MainActivity]:   vsysui=500
10-04 20:27:50.760  1051  1051 I ViewRootImpl@22a3048[MainActivity]:   bhv=DEFAULT
10-04 20:27:50.760  1051  1051 I ViewRootImpl@22a3048[MainActivity]:   fitSides= naviIconColor=0}
10-04 20:27:50.777  1051  1051 D InsetsController: onStateChanged: InsetsState: {mDisplayFrame=Rect(0, 0 - 1080, 2400), mDisplayCutout=DisplayCutout{insets=Rect(0, 88 - 0, 0) waterfall=Insets{left=0, top=0, right=0, bottom=0} boundingRect={Bounds=[Rect(0, 0 - 0, 0), Rect(512, 0 - 568, 88), Rect(0, 0 - 0, 0), Rect(0, 0 - 0, 0)]} cutoutPathParserInfo={CutoutPathParserInfo{displayWidth=1080 displayHeight=2400 physicalDisplayWidth=1080 physicalDisplayHeight=2400 density={2.625} cutoutSpec={M 0,0 M 0,12.25101276465640 a 10.60613009248640,10.60613009248640 0 1,0 0,21.21226018497290 a 10.60613009248640,10.60613009248640 0 1,0 0,-21.21226018497290 Z @dp} rotation={0} scale={1.0} physicalPixelDisplaySizeRatio={1.0}}}}, mRoundedCorners=RoundedCorners{[RoundedCorner{position=TopLeft, radius=84, center=Point(84, 84)}, RoundedCorner{position=TopRight, radius=84, center=Point(996, 84)}, RoundedCorner{position=BottomRight, radius=84, center=Point(996, 2316)}, RoundedCorner{position=BottomLeft, radius=84, center=Point(84, 2316)}]}  mRoundedCornerFrame=Rect(0, 0 - 1080, 2400), mPrivacyIndicatorBounds=PrivacyIndicatorBounds {static bounds=Rect(964, 0 - 1080, 87) rotation=0}, mSources= { InsetsSource: {mType=ITYPE_STATUS_BAR, mFrame=[0,0][1080,88], mVisible=true, mInsetsRoundedCornerFrame=false}, InsetsSource: {mType=ITYPE_NAVIGATION_BAR, mFrame=[0,2361][1080,2400], mVisible=true, mInsetsRoundedCornerFrame=false}, InsetsSource: {mType=ITYPE_LEFT_GESTURES, mFrame=[0,0][130,2400], mVisible=true, mInsetsRoundedCornerFrame=false}, InsetsSource: {mType=ITYPE_RIGHT_GESTURES, mFrame=[950,0][1080,2400], mVisible=true, mInsetsRoundedCornerFrame=false}, InsetsSource: {mType=ITYPE_TOP_MANDATORY_GESTURES, mFrame=[0,0][1080,120], mVisible=true, mInsetsRoundedCornerFrame=false}, InsetsSource: {mType=ITYPE_BOTTOM_MANDATORY_GESTURES, mFrame=[0,2316][1080,2400], mVisible=true, mInsetsRoundedCornerFrame=false}, InsetsSource: {mType=ITYPE_LEFT_DISPLAY_CUTOUT, mFrame=[0,0][-100000,2400], mVisible=true, mInsetsRoundedCornerFrame=false}, InsetsSource: {mType=ITYPE_TOP_DISPLAY_CUTOUT, mFrame=[0,0][1080,88], mVisible=true, mInsetsRoundedCornerFrame=false}, InsetsSource: {mType=ITYPE_RIGHT_DISPLAY_CUTOUT, mFrame=[100000,0][1080,2400], mVisible=true, mInsetsRoundedCornerFrame=false}, InsetsSource: {mType=ITYPE_BOTTOM_DISPLAY_CUTOUT, mFrame=[0,100000][1080,2400], mVisible=true, mInsetsRoundedCornerFrame=false}, InsetsSource: {mType=ITYPE_TOP_TAPPABLE_ELEMENT, mFrame=[0,0][1080,88], mVisible=true, mInsetsRoundedCornerFrame=false}, InsetsSource: {mType=ITYPE_BOTTOM_TAPPABLE_ELEMENT, mFrame=[0,0][0,0], mVisible=true, mInsetsRoundedCornerFrame=false} } host=com.lagradost.cloudstream3/com.lagradost.cloudstream3.MainActivity from=android.view.ViewRootImpl.relayoutWindow:9802
10-04 20:27:50.780  1051  1051 I ViewRootImpl@22a3048[MainActivity]: Relayout returned: old=(0,0,1080,2400) new=(0,0,1080,2400) req=(1080,2400)8 dur=19 res=0x2 s={false 0x0} ch=true seqId=0
10-04 20:27:50.787  1051  1051 D SurfaceView@e676d: updateSurface: has no frame
10-04 20:27:50.791  1051  1051 D SurfaceView@e676d: updateSurface: has no frame
10-04 20:27:50.808  1051  1051 D SurfaceView@e676d: updateSurface: has no frame
10-04 20:27:50.826  1051  1051 I ViewRootImpl@22a3048[MainActivity]: MSG_WINDOW_FOCUS_CHANGED 0 0
10-04 20:27:50.831  1051  1051 I ViewRootImpl@fb2a030[MainActivity]: MSG_WINDOW_FOCUS_CHANGED 1 0
10-04 20:27:50.831  1051  1051 I ViewRootImpl@fb2a030[MainActivity]: mThreadedRenderer.initializeIfNeeded()#2 mSurface={isValid=true 0x7b5c5e2800}
10-04 20:27:50.845  1051  1051 D InputMethodManager: startInputInner - Id : 0
10-04 20:27:50.845  1051  1051 I InputMethodManager: startInputInner - mService.startInputOrWindowGainedFocus
10-04 20:27:50.849  1051  1051 D SurfaceView@e676d: updateSurface: has no frame
10-04 20:27:50.857  1051  1051 D SurfaceView@e676d: updateSurface: has no frame
10-04 20:27:50.864  1051  1051 I MSHandlerLifeCycle: check: return. pkg=com.lagradost.cloudstream3 isActivity=false callers=com.android.internal.policy.DecorView.setVisibility:4412 android.app.Dialog.hide:767 com.lagradost.cloudstream3.utils.AppContextUtils.ownHide:123 com.lagradost.cloudstream3.ui.home.HomeFragment.onDestroyView:459 androidx.fragment.app.Fragment.performDestroyView:3357 
10-04 20:27:50.864  1051  1051 I MSHandlerLifeCycle: removeMultiSplitHandler: no exist. decor=DecorView@86966c4[MainActivity]
10-04 20:27:50.874  1051  1051 D SurfaceView@e676d: updateSurface: has no frame
10-04 20:27:50.891  1051  1051 D SurfaceView@e676d: updateSurface: has no frame
10-04 20:27:50.908  1051  1051 D SurfaceView@e676d: updateSurface: has no frame
10-04 20:27:50.926  1051  1051 D SurfaceView@e676d: updateSurface: has no frame
10-04 20:27:50.943  1051  1051 D SurfaceView@e676d: updateSurface: has no frame
10-04 20:27:50.959  1051  1051 D SurfaceView@e676d: updateSurface: has no frame
10-04 20:27:50.977  1051  1051 D SurfaceView@e676d: updateSurface: has no frame
10-04 20:27:50.992  1051  1051 D SurfaceView@e676d: updateSurface: has no frame
10-04 20:27:51.010  1051  1051 D SurfaceView@e676d: updateSurface: has no frame
10-04 20:27:51.026  1051  1051 D SurfaceView@e676d: updateSurface: has no frame
10-04 20:27:51.041  1051  1051 D SurfaceView@e676d: updateSurface: has no frame
10-04 20:27:51.058  1051  1051 D SurfaceView@e676d: updateSurface: has no frame
10-04 20:27:51.075  1051  1051 D SurfaceView@e676d: updateSurface: has no frame
10-04 20:27:51.091  1051  1051 D SurfaceView@e676d: updateSurface: has no frame
10-04 20:27:51.108  1051  1051 D SurfaceView@e676d: updateSurface: has no frame
10-04 20:27:51.126  1051  1051 D SurfaceView@e676d: updateSurface: has no frame
10-04 20:27:51.141  1051  1051 D SurfaceView@e676d: updateSurface: has no frame
10-04 20:27:51.158  1051  1051 D SurfaceView@e676d: updateSurface: has no frame
10-04 20:27:51.176  1051  1051 D SurfaceView@e676d: updateSurface: has no frame
10-04 20:27:51.193  1051  1051 D SurfaceView@e676d: updateSurface: has no frame
10-04 20:27:51.208  1051  1051 D SurfaceView@e676d: updateSurface: has no frame
10-04 20:27:51.224  1051  1051 D SurfaceView@e676d: updateSurface: has no frame
10-04 20:27:51.241  1051  1051 D SurfaceView@e676d: updateSurface: has no frame
10-04 20:27:51.258  1051  1051 D SurfaceView@e676d: updateSurface: has no frame
10-04 20:27:51.278  1051  1051 D SurfaceView@e676d: updateSurface: has no frame
10-04 20:27:51.291  1051  1051 D SurfaceView@e676d: updateSurface: has no frame
10-04 20:27:51.309  1051  1051 D SurfaceView@e676d: updateSurface: has no frame
10-04 20:27:51.326  1051  1051 D SurfaceView@e676d: updateSurface: has no frame
10-04 20:27:51.344  1051  1051 D SurfaceView@e676d: updateSurface: has no frame
10-04 20:27:51.358  1051  1051 D SurfaceView@e676d: updateSurface: has no frame
10-04 20:27:51.374  1051  1051 D SurfaceView@e676d: updateSurface: has no frame
10-04 20:27:51.391  1051  1051 D SurfaceView@e676d: updateSurface: has no frame
10-04 20:27:51.407  1051  1051 D SurfaceView@e676d: updateSurface: has no frame
10-04 20:27:51.426  1051  1051 D SurfaceView@e676d: updateSurface: has no frame
10-04 20:27:51.440  1051  1051 D SurfaceView@e676d: updateSurface: has no frame
10-04 20:27:51.457  1051  1051 D SurfaceView@e676d: updateSurface: has no frame
10-04 20:27:51.474  1051  1051 D SurfaceView@e676d: updateSurface: has no frame
10-04 20:27:51.491  1051  1051 D SurfaceView@e676d: updateSurface: has no frame
10-04 20:27:51.507  1051  1051 D SurfaceView@e676d: updateSurface: has no frame
10-04 20:27:51.525  1051  1051 D SurfaceView@e676d: updateSurface: has no frame
10-04 20:27:51.543  1051  1051 D SurfaceView@e676d: updateSurface: has no frame
10-04 20:27:51.557  1051  1051 D SurfaceView@e676d: updateSurface: has no frame
10-04 20:27:51.574  1051  1051 D SurfaceView@e676d: updateSurface: has no frame
10-04 20:27:51.590  1051  1051 D SurfaceView@e676d: updateSurface: has no frame
10-04 20:27:51.607  1051  1051 D SurfaceView@e676d: updateSurface: has no frame
10-04 20:27:51.624  1051  1051 D SurfaceView@e676d: updateSurface: has no frame
10-04 20:27:51.640  1051  1051 D SurfaceView@e676d: updateSurface: has no frame
10-04 20:27:51.657  1051  1051 D SurfaceView@e676d: updateSurface: has no frame
10-04 20:27:51.675  1051  1051 D SurfaceView@e676d: updateSurface: has no frame
10-04 20:27:51.690  1051  1051 D SurfaceView@e676d: updateSurface: has no frame
10-04 20:27:51.707  1051  1051 D SurfaceView@e676d: updateSurface: has no frame
10-04 20:27:51.723  1051  1051 D SurfaceView@e676d: updateSurface: has no frame
10-04 20:27:51.740  1051  1051 D SurfaceView@e676d: updateSurface: has no frame
10-04 20:27:51.758  1051  1051 D SurfaceView@e676d: updateSurface: has no frame
10-04 20:27:51.776  1051  1051 D SurfaceView@e676d: updateSurface: has no frame
10-04 20:27:51.792  1051  1051 D SurfaceView@e676d: updateSurface: has no frame
10-04 20:27:51.807  1051  1051 D SurfaceView@e676d: updateSurface: has no frame
10-04 20:27:51.824  1051  1051 D SurfaceView@e676d: updateSurface: has no frame
10-04 20:27:51.840  1051  1051 D SurfaceView@e676d: updateSurface: has no frame
10-04 20:27:51.857  1051  1051 D SurfaceView@e676d: updateSurface: has no frame
10-04 20:27:51.873  1051  1051 D SurfaceView@e676d: updateSurface: has no frame
10-04 20:27:51.893  1051  1051 D SurfaceView@e676d: updateSurface: has no frame
10-04 20:27:51.908  1051  1051 D SurfaceView@e676d: updateSurface: has no frame
10-04 20:27:51.924  1051  1051 D SurfaceView@e676d: updateSurface: has no frame
10-04 20:27:51.940  1051  1051 D SurfaceView@e676d: updateSurface: has no frame
10-04 20:27:51.959  1051  1051 D SurfaceView@e676d: updateSurface: has no frame
10-04 20:27:51.973  1051  1051 D SurfaceView@e676d: updateSurface: has no frame
10-04 20:27:51.976  1051  1174 I RVM2    : applyMeta
10-04 20:27:51.992  1051  1051 D SurfaceView@e676d: updateSurface: has no frame
10-04 20:27:52.008  1051  1051 D SurfaceView@e676d: updateSurface: has no frame
10-04 20:27:52.025  1051  1051 D SurfaceView@e676d: updateSurface: has no frame
10-04 20:27:52.040  1051  1051 D SurfaceView@e676d: updateSurface: has no frame
10-04 20:27:52.057  1051  1051 D SurfaceView@e676d: updateSurface: has no frame
10-04 20:27:52.073  1051  1051 D SurfaceView@e676d: updateSurface: has no frame
10-04 20:27:52.090  1051  1051 D SurfaceView@e676d: updateSurface: has no frame
10-04 20:27:52.107  1051  1051 D SurfaceView@e676d: updateSurface: has no frame
10-04 20:27:52.123  1051  1051 D SurfaceView@e676d: updateSurface: has no frame
10-04 20:27:52.140  1051  1051 D SurfaceView@e676d: updateSurface: has no frame
10-04 20:27:52.156  1051  1051 D SurfaceView@e676d: updateSurface: has no frame
10-04 20:27:52.175  1051  1051 D SurfaceView@e676d: updateSurface: has no frame
10-04 20:27:52.189  1051  1051 D SurfaceView@e676d: updateSurface: has no frame
10-04 20:27:52.209  1051  1051 D SurfaceView@e676d: updateSurface: has no frame
10-04 20:27:52.225  1051  1051 D SurfaceView@e676d: updateSurface: has no frame
10-04 20:27:52.241  1051  1051 D SurfaceView@e676d: updateSurface: has no frame
10-04 20:27:52.256  1051  1051 D SurfaceView@e676d: updateSurface: has no frame
10-04 20:27:52.274  1051  1051 D SurfaceView@e676d: updateSurface: has no frame
10-04 20:27:52.275  1051  1051 W PanelsChildGestureRegionObserver: failed to register view with ID 2131362800. already registered
10-04 20:27:52.278  1051  1051 E CoilImgLoader: Error loading image: coil3.request.NullRequestDataException: The request's data is null.
10-04 20:27:52.284  1051  1051 E CoilImgLoader: Error loading image: coil3.request.NullRequestDataException: The request's data is null.
10-04 20:27:52.308  1051  1113 I SYNCVM  : addFromUrl = https://wecima.now/watch/%d9%85%d8%b4%d8%a7%d9%87%d8%af%d8%a9-%d9%85%d8%b3%d9%84%d8%b3%d9%84-the-19th-medical-chart-%d9%85%d9%88%d8%b3%d9%85-1-%d8%ad%d9%84%d9%82%d8%a9-8-%d9%88%d8%a7%d9%84%d8%a3%d8%ae%d9%8a%d8%b1%d8%a9/
10-04 20:27:52.309  1051  1113 I SYNCUTIL: getIdsFromUrl https://wecima.now/watch/%d9%85%d8%b4%d8%a7%d9%87%d8%af%d8%a9-%d9%85%d8%b3%d9%84%d8%b3%d9%84-the-19th-medical-chart-%d9%85%d9%88%d8%b3%d9%85-1-%d8%ad%d9%84%d9%82%d8%a9-8-%d9%88%d8%a7%d9%84%d8%a3%d8%ae%d9%8a%d8%b1%d8%a9/
10-04 20:27:52.408  1051  1051 D SurfaceView@e676d: updateSurface: has no frame
10-04 20:27:52.410  1051  1051 I SurfaceView@e676d: Changes: creating=true format=true size=true visible=true alpha=false hint=false mUseAlpha=false visible=true left=true top=true
10-04 20:27:52.413  1051  1051 I BLASTBufferQueue: update, w= 1080 h= 525 mName = null mNativeObject= 0x7b5c526e00 sc.mNativeObject= 0x7afbc73e00 format= 4 caller= android.view.SurfaceView.createBlastSurfaceControls:1383 android.view.SurfaceView.updateSurface:1079 android.view.SurfaceView.lambda$new$0$android-view-SurfaceView:200 android.view.SurfaceView$$ExternalSyntheticLambda5.onPreDraw:2 android.view.ViewTreeObserver.dispatchOnPreDraw:1121 android.view.ViewRootImpl.performTraversals:4442 
10-04 20:27:52.413  1051  1051 I SurfaceView@e676d: 943981 Cur surface: Surface(name=null)/@0x89bcc84
10-04 20:27:52.413  1051  1051 I SurfaceView@e676d: pST: sr = Rect(0, 218 - 1080, 743) sw = 1080 sh = 525
10-04 20:27:52.413  1051  1051 D SurfaceView@e676d: performSurfaceTransaction RenderWorker position = [0, 218, 1080, 743] surfaceSize = 1080x525
10-04 20:27:52.414  1051  1051 I SurfaceView@e676d: applyTransactionOnVriDraw: vri = ViewRootImpl@fb2a030[MainActivity] fRS = false t = 0x7b3d328b00 android.view.SurfaceView.performSurfaceTransaction:959 android.view.SurfaceView.updateSurface:1105 android.view.SurfaceView.lambda$new$0$android-view-SurfaceView:200 
10-04 20:27:52.414  1051  1051 I ViewRootImpl@fb2a030[MainActivity]: applyTransactionOnDraw: mRemoved = false isHardwareEnabled = true t = 0x7b3d328b00android.view.SurfaceView.applyTransactionOnVriDraw:2048 android.view.SurfaceView.performSurfaceTransaction:959 android.view.SurfaceView.updateSurface:1105 android.view.SurfaceView.lambda$new$0$android-view-SurfaceView:200 android.view.SurfaceView$$ExternalSyntheticLambda5.onPreDraw:2 
10-04 20:27:52.414  1051  1051 I SurfaceView@e676d: updateSurface: mVisible = true mSurface.isValid() = true
10-04 20:27:52.414  1051  1051 I SurfaceView@e676d: updateSurface: mSurfaceCreated = false surfaceChanged = true visibleChanged = true
10-04 20:27:52.414  1051  1051 I SurfaceView@e676d: visibleChanged -- surfaceCreated
10-04 20:27:52.414  1051  1051 I SurfaceView@e676d: surfaceCreated 0 #8 android.view.SurfaceView{e676d V.E...... ......ID 0,0-1080,525}
10-04 20:27:52.414  1051  1051 I SurfaceView@e676d: surfaceChanged -- format=4 w=1080 h=525
10-04 20:27:52.414  1051  1051 I SurfaceView@e676d: surfaceChanged (1080,525) 0 #8 android.view.SurfaceView{e676d V.E...... ......ID 0,0-1080,525}
10-04 20:27:52.414  1051  1051 I SurfaceView@e676d: surfaceRedrawNeeded
10-04 20:27:52.415  1051  1051 V SurfaceView@e676d: Layout: x=0 y=218 w=1080 h=525, frame=Rect(0, 0 - 1080, 525)
10-04 20:27:52.426  1051  1167 D SurfaceView@e676d: updateSurfacePosition RenderWorker, frameNr = 659, position = [0, 218, 1080, 743] surfaceSize = 1080x525
10-04 20:27:52.426  1051  1167 I SurfaceView@e676d: uSP: rtp = Rect(0, 218 - 1080, 743) rtsw = 1080 rtsh = 525
10-04 20:27:52.426  1051  1167 I SurfaceView@e676d: onSSPAndSRT: pl = 0 pt = 218 sx = 1.0 sy = 1.0
10-04 20:27:52.426  1051  1167 I SurfaceView@e676d: aOrMT: ViewRootImpl@fb2a030[MainActivity] t = android.view.SurfaceControl$Transaction@3d0b133 fN = 659 android.view.SurfaceView.-$$Nest$mapplyOrMergeTransaction:0 android.view.SurfaceView$SurfaceViewPositionUpdateListener.positionChanged:1537 android.graphics.RenderNode$CompositePositionUpdateListener.positionChanged:373 
10-04 20:27:52.426  1051  1167 I ViewRootImpl@fb2a030[MainActivity]: mWNT: t=0x7b3d328c00 mBlastBufferQueue=0x7b3d0fb500 fn= 659 caller= android.view.SurfaceView.applyOrMergeTransaction:1455 android.view.SurfaceView.-$$Nest$mapplyOrMergeTransaction:0 android.view.SurfaceView$SurfaceViewPositionUpdateListener.positionChanged:1537 
10-04 20:27:52.426  1051  1167 I ViewRootImpl@fb2a030[MainActivity]: mWNT: t=0x7b3d328b00 mBlastBufferQueue=0x7b3d0fb500 fn= 659 caller= android.view.ViewRootImpl.lambda$applyTransactionOnDraw$11$android-view-ViewRootImpl:12865 android.view.ViewRootImpl$$ExternalSyntheticLambda1.onFrameDraw:4 android.graphics.HardwareRenderer$FrameDrawingCallback.onFrameDraw:924 
10-04 20:27:52.472  1051  1051 I SurfaceView@e676d: finishedDrawing
10-04 20:27:53.259  1051  1051 I ViewRootImpl@fb2a030[MainActivity]: ViewPostIme pointer 0
10-04 20:27:53.297  1051  1051 I SurfaceView@e676d: Changes: creating=false format=false size=false visible=false alpha=false hint=false mUseAlpha=false visible=false left=false top=true
10-04 20:27:53.297  1051  1051 I SurfaceView@e676d: 943981 Cur surface: Surface(name=null)/@0x89bcc84
10-04 20:27:53.298  1051  1051 I SurfaceView@e676d: applyTransactionOnVriDraw: vri = ViewRootImpl@fb2a030[MainActivity] fRS = false t = 0x7b3d328f00 android.view.SurfaceView.performSurfaceTransaction:959 android.view.SurfaceView.updateSurface:1105 android.view.SurfaceView.lambda$new$0$android-view-SurfaceView:200 
10-04 20:27:53.298  1051  1051 I ViewRootImpl@fb2a030[MainActivity]: applyTransactionOnDraw: mRemoved = false isHardwareEnabled = true t = 0x7b3d328f00android.view.SurfaceView.applyTransactionOnVriDraw:2048 android.view.SurfaceView.performSurfaceTransaction:959 android.view.SurfaceView.updateSurface:1105 android.view.SurfaceView.lambda$new$0$android-view-SurfaceView:200 android.view.SurfaceView$$ExternalSyntheticLambda5.onPreDraw:2 
10-04 20:27:53.299  1051  1051 I SurfaceView@e676d: updateSurface: mVisible = true mSurface.isValid() = true
10-04 20:27:53.299  1051  1051 I SurfaceView@e676d: updateSurface: mSurfaceCreated = true surfaceChanged = false visibleChanged = false
10-04 20:27:53.299  1051  1051 V SurfaceView@e676d: Layout: x=0 y=73 w=1080 h=525, frame=Rect(0, 0 - 1080, 525)
10-04 20:27:53.303  1051  1168 D SurfaceView@e676d: updateSurfacePosition RenderWorker, frameNr = 670, position = [0, 73, 1080, 598] surfaceSize = 1080x525
10-04 20:27:53.303  1051  1168 I SurfaceView@e676d: uSP: rtp = Rect(0, 73 - 1080, 598) rtsw = 1080 rtsh = 525
10-04 20:27:53.303  1051  1168 I SurfaceView@e676d: onSSPAndSRT: pl = 0 pt = 73 sx = 1.0 sy = 1.0
10-04 20:27:53.303  1051  1167 I ViewRootImpl@fb2a030[MainActivity]: mWNT: t=0x7b3d328f00 mBlastBufferQueue=0x7b3d0fb500 fn= 670 caller= android.view.ViewRootImpl.lambda$applyTransactionOnDraw$11$android-view-ViewRootImpl:12865 android.view.ViewRootImpl$$ExternalSyntheticLambda1.onFrameDraw:4 android.graphics.HardwareRenderer$FrameDrawingCallback.onFrameDraw:924 
10-04 20:27:53.303  1051  1168 I SurfaceView@e676d: aOrMT: ViewRootImpl@fb2a030[MainActivity] t = android.view.SurfaceControl$Transaction@3d0b133 fN = 670 android.view.SurfaceView.-$$Nest$mapplyOrMergeTransaction:0 android.view.SurfaceView$SurfaceViewPositionUpdateListener.positionChanged:1537 android.graphics.RenderNode$CompositePositionUpdateListener.positionChanged:373 
10-04 20:27:53.303  1051  1168 I ViewRootImpl@fb2a030[MainActivity]: mWNT: t=0x7b3d328c00 mBlastBufferQueue=0x7b3d0fb500 fn= 670 caller= android.view.SurfaceView.applyOrMergeTransaction:1455 android.view.SurfaceView.-$$Nest$mapplyOrMergeTransaction:0 android.view.SurfaceView$SurfaceViewPositionUpdateListener.positionChanged:1537 
10-04 20:27:53.309  1051  1051 I SurfaceView@e676d: Changes: creating=false format=false size=false visible=false alpha=false hint=false mUseAlpha=false visible=false left=false top=true
10-04 20:27:53.309  1051  1051 I SurfaceView@e676d: 943981 Cur surface: Surface(name=null)/@0x89bcc84
10-04 20:27:53.309  1051  1051 I SurfaceView@e676d: applyTransactionOnVriDraw: vri = ViewRootImpl@fb2a030[MainActivity] fRS = false t = 0x7b3d1b1000 android.view.SurfaceView.performSurfaceTransaction:959 android.view.SurfaceView.updateSurface:1105 android.view.SurfaceView.lambda$new$0$android-view-SurfaceView:200 
10-04 20:27:53.310  1051  1051 I ViewRootImpl@fb2a030[MainActivity]: applyTransactionOnDraw: mRemoved = false isHardwareEnabled = true t = 0x7b3d1b1000android.view.SurfaceView.applyTransactionOnVriDraw:2048 android.view.SurfaceView.performSurfaceTransaction:959 android.view.SurfaceView.updateSurface:1105 android.view.SurfaceView.lambda$new$0$android-view-SurfaceView:200 android.view.SurfaceView$$ExternalSyntheticLambda5.onPreDraw:2 
10-04 20:27:53.310  1051  1051 I SurfaceView@e676d: updateSurface: mVisible = true mSurface.isValid() = true
10-04 20:27:53.310  1051  1051 I SurfaceView@e676d: updateSurface: mSurfaceCreated = true surfaceChanged = false visibleChanged = false
10-04 20:27:53.310  1051  1051 V SurfaceView@e676d: Layout: x=0 y=-137 w=1080 h=525, frame=Rect(0, 0 - 1080, 525)
10-04 20:27:53.321  1051  1167 D SurfaceView@e676d: updateSurfacePosition RenderWorker, frameNr = 671, position = [0, -137, 1080, 388] surfaceSize = 1080x525
10-04 20:27:53.321  1051  1167 I SurfaceView@e676d: uSP: rtp = Rect(0, -137 - 1080, 388) rtsw = 1080 rtsh = 525
10-04 20:27:53.321  1051  1167 I SurfaceView@e676d: onSSPAndSRT: pl = 0 pt = -137 sx = 1.0 sy = 1.0
10-04 20:27:53.322  1051  1167 I SurfaceView@e676d: aOrMT: ViewRootImpl@fb2a030[MainActivity] t = android.view.SurfaceControl$Transaction@3d0b133 fN = 671 android.view.SurfaceView.-$$Nest$mapplyOrMergeTransaction:0 android.view.SurfaceView$SurfaceViewPositionUpdateListener.positionChanged:1537 android.graphics.RenderNode$CompositePositionUpdateListener.positionChanged:373 
10-04 20:27:53.322  1051  1167 I ViewRootImpl@fb2a030[MainActivity]: mWNT: t=0x7b3d328c00 mBlastBufferQueue=0x7b3d0fb500 fn= 671 caller= android.view.SurfaceView.applyOrMergeTransaction:1455 android.view.SurfaceView.-$$Nest$mapplyOrMergeTransaction:0 android.view.SurfaceView$SurfaceViewPositionUpdateListener.positionChanged:1537 
10-04 20:27:53.323  1051  1167 I ViewRootImpl@fb2a030[MainActivity]: mWNT: t=0x7b3d1b1000 mBlastBufferQueue=0x7b3d0fb500 fn= 671 caller= android.view.ViewRootImpl.lambda$applyTransactionOnDraw$11$android-view-ViewRootImpl:12865 android.view.ViewRootImpl$$ExternalSyntheticLambda1.onFrameDraw:4 android.graphics.HardwareRenderer$FrameDrawingCallback.onFrameDraw:924 
10-04 20:27:53.326  1051  1051 I SurfaceView@e676d: Changes: creating=false format=false size=false visible=false alpha=false hint=false mUseAlpha=false visible=false left=false top=true
10-04 20:27:53.326  1051  1051 I SurfaceView@e676d: 943981 Cur surface: Surface(name=null)/@0x89bcc84
10-04 20:27:53.326  1051  1051 I SurfaceView@e676d: applyTransactionOnVriDraw: vri = ViewRootImpl@fb2a030[MainActivity] fRS = false t = 0x7b5c5fd200 android.view.SurfaceView.performSurfaceTransaction:959 android.view.SurfaceView.updateSurface:1105 android.view.SurfaceView.lambda$new$0$android-view-SurfaceView:200 
10-04 20:27:53.327  1051  1051 I ViewRootImpl@fb2a030[MainActivity]: applyTransactionOnDraw: mRemoved = false isHardwareEnabled = true t = 0x7b5c5fd200android.view.SurfaceView.applyTransactionOnVriDraw:2048 android.view.SurfaceView.performSurfaceTransaction:959 android.view.SurfaceView.updateSurface:1105 android.view.SurfaceView.lambda$new$0$android-view-SurfaceView:200 android.view.SurfaceView$$ExternalSyntheticLambda5.onPreDraw:2 
10-04 20:27:53.327  1051  1051 I SurfaceView@e676d: updateSurface: mVisible = true mSurface.isValid() = true
10-04 20:27:53.327  1051  1051 I SurfaceView@e676d: updateSurface: mSurfaceCreated = true surfaceChanged = false visibleChanged = false
10-04 20:27:53.327  1051  1051 V SurfaceView@e676d: Layout: x=0 y=-296 w=1080 h=525, frame=Rect(0, 0 - 1080, 525)
10-04 20:27:53.337  1051  1168 D SurfaceView@e676d: updateSurfacePosition RenderWorker, frameNr = 672, position = [0, -296, 1080, 229] surfaceSize = 1080x525
10-04 20:27:53.337  1051  1168 I SurfaceView@e676d: uSP: rtp = Rect(0, -296 - 1080, 229) rtsw = 1080 rtsh = 525
10-04 20:27:53.337  1051  1168 I SurfaceView@e676d: onSSPAndSRT: pl = 0 pt = -296 sx = 1.0 sy = 1.0
10-04 20:27:53.338  1051  1051 I ViewRootImpl@fb2a030[MainActivity]: ViewPostIme pointer 1
10-04 20:27:53.338  1051  1168 I SurfaceView@e676d: aOrMT: ViewRootImpl@fb2a030[MainActivity] t = android.view.SurfaceControl$Transaction@3d0b133 fN = 672 android.view.SurfaceView.-$$Nest$mapplyOrMergeTransaction:0 android.view.SurfaceView$SurfaceViewPositionUpdateListener.positionChanged:1537 android.graphics.RenderNode$CompositePositionUpdateListener.positionChanged:373 
10-04 20:27:53.338  1051  1168 I ViewRootImpl@fb2a030[MainActivity]: mWNT: t=0x7b3d328c00 mBlastBufferQueue=0x7b3d0fb500 fn= 672 caller= android.view.SurfaceView.applyOrMergeTransaction:1455 android.view.SurfaceView.-$$Nest$mapplyOrMergeTransaction:0 android.view.SurfaceView$SurfaceViewPositionUpdateListener.positionChanged:1537 
10-04 20:27:53.338  1051  1168 I ViewRootImpl@fb2a030[MainActivity]: mWNT: t=0x7b5c5fd200 mBlastBufferQueue=0x7b3d0fb500 fn= 672 caller= android.view.ViewRootImpl.lambda$applyTransactionOnDraw$11$android-view-ViewRootImpl:12865 android.view.ViewRootImpl$$ExternalSyntheticLambda1.onFrameDraw:4 android.graphics.HardwareRenderer$FrameDrawingCallback.onFrameDraw:924 
10-04 20:27:53.357  1051  1051 I SurfaceView@e676d: Changes: creating=false format=false size=false visible=false alpha=false hint=false mUseAlpha=false visible=false left=false top=true
10-04 20:27:53.357  1051  1051 I SurfaceView@e676d: 943981 Cur surface: Surface(name=null)/@0x89bcc84
10-04 20:27:53.358  1051  1051 I SurfaceView@e676d: applyTransactionOnVriDraw: vri = ViewRootImpl@fb2a030[MainActivity] fRS = false t = 0x7b3d1b1100 android.view.SurfaceView.performSurfaceTransaction:959 android.view.SurfaceView.updateSurface:1105 android.view.SurfaceView.lambda$new$0$android-view-SurfaceView:200 
10-04 20:27:53.358  1051  1051 I ViewRootImpl@fb2a030[MainActivity]: applyTransactionOnDraw: mRemoved = false isHardwareEnabled = true t = 0x7b3d1b1100android.view.SurfaceView.applyTransactionOnVriDraw:2048 android.view.SurfaceView.performSurfaceTransaction:959 android.view.SurfaceView.updateSurface:1105 android.view.SurfaceView.lambda$new$0$android-view-SurfaceView:200 android.view.SurfaceView$$ExternalSyntheticLambda5.onPreDraw:2 
10-04 20:27:53.358  1051  1051 I SurfaceView@e676d: updateSurface: mVisible = true mSurface.isValid() = true
10-04 20:27:53.358  1051  1051 I SurfaceView@e676d: updateSurface: mSurfaceCreated = true surfaceChanged = false visibleChanged = false
10-04 20:27:53.358  1051  1051 V SurfaceView@e676d: Layout: x=0 y=-410 w=1080 h=525, frame=Rect(0, 0 - 1080, 525)
10-04 20:27:53.361  1051  1167 D SurfaceView@e676d: updateSurfacePosition RenderWorker, frameNr = 674, position = [0, -410, 1080, 115] surfaceSize = 1080x525
10-04 20:27:53.361  1051  1167 I SurfaceView@e676d: uSP: rtp = Rect(0, -410 - 1080, 115) rtsw = 1080 rtsh = 525
10-04 20:27:53.361  1051  1167 I SurfaceView@e676d: onSSPAndSRT: pl = 0 pt = -410 sx = 1.0 sy = 1.0
10-04 20:27:53.361  1051  1167 I SurfaceView@e676d: aOrMT: ViewRootImpl@fb2a030[MainActivity] t = android.view.SurfaceControl$Transaction@3d0b133 fN = 674 android.view.SurfaceView.-$$Nest$mapplyOrMergeTransaction:0 android.view.SurfaceView$SurfaceViewPositionUpdateListener.positionChanged:1537 android.graphics.RenderNode$CompositePositionUpdateListener.positionChanged:373 
10-04 20:27:53.361  1051  1167 I ViewRootImpl@fb2a030[MainActivity]: mWNT: t=0x7b3d328c00 mBlastBufferQueue=0x7b3d0fb500 fn= 674 caller= android.view.SurfaceView.applyOrMergeTransaction:1455 android.view.SurfaceView.-$$Nest$mapplyOrMergeTransaction:0 android.view.SurfaceView$SurfaceViewPositionUpdateListener.positionChanged:1537 
10-04 20:27:53.361  1051  1167 I ViewRootImpl@fb2a030[MainActivity]: mWNT: t=0x7b3d1b1100 mBlastBufferQueue=0x7b3d0fb500 fn= 674 caller= android.view.ViewRootImpl.lambda$applyTransactionOnDraw$11$android-view-ViewRootImpl:12865 android.view.ViewRootImpl$$ExternalSyntheticLambda1.onFrameDraw:4 android.graphics.HardwareRenderer$FrameDrawingCallback.onFrameDraw:924 
10-04 20:27:53.375  1051  1051 I SurfaceView@e676d: Changes: creating=false format=false size=false visible=false alpha=false hint=false mUseAlpha=false visible=false left=false top=true
10-04 20:27:53.375  1051  1051 I SurfaceView@e676d: 943981 Cur surface: Surface(name=null)/@0x89bcc84
10-04 20:27:53.375  1051  1051 I SurfaceView@e676d: applyTransactionOnVriDraw: vri = ViewRootImpl@fb2a030[MainActivity] fRS = false t = 0x7b3d1b1200 android.view.SurfaceView.performSurfaceTransaction:959 android.view.SurfaceView.updateSurface:1105 android.view.SurfaceView.lambda$new$0$android-view-SurfaceView:200 
10-04 20:27:53.376  1051  1051 I ViewRootImpl@fb2a030[MainActivity]: applyTransactionOnDraw: mRemoved = false isHardwareEnabled = true t = 0x7b3d1b1200android.view.SurfaceView.applyTransactionOnVriDraw:2048 android.view.SurfaceView.performSurfaceTransaction:959 android.view.SurfaceView.updateSurface:1105 android.view.SurfaceView.lambda$new$0$android-view-SurfaceView:200 android.view.SurfaceView$$ExternalSyntheticLambda5.onPreDraw:2 
10-04 20:27:53.376  1051  1051 I SurfaceView@e676d: updateSurface: mVisible = true mSurface.isValid() = true
10-04 20:27:53.376  1051  1051 I SurfaceView@e676d: updateSurface: mSurfaceCreated = true surfaceChanged = false visibleChanged = false
10-04 20:27:53.376  1051  1051 V SurfaceView@e676d: Layout: x=0 y=-581 w=1080 h=525, frame=Rect(0, 0 - 1080, 525)
10-04 20:27:53.379  1051  1168 I ViewRootImpl@fb2a030[MainActivity]: mWNT: t=0x7b3d1b1200 mBlastBufferQueue=0x7b3d0fb500 fn= 675 caller= android.view.ViewRootImpl.lambda$applyTransactionOnDraw$11$android-view-ViewRootImpl:12865 android.view.ViewRootImpl$$ExternalSyntheticLambda1.onFrameDraw:4 android.graphics.HardwareRenderer$FrameDrawingCallback.onFrameDraw:924 
10-04 20:27:53.392  1051  1051 I SurfaceView@e676d: Changes: creating=false format=false size=false visible=false alpha=false hint=false mUseAlpha=false visible=false left=false top=true
10-04 20:27:53.392  1051  1051 I SurfaceView@e676d: 943981 Cur surface: Surface(name=null)/@0x89bcc84
10-04 20:27:53.392  1051  1051 I SurfaceView@e676d: applyTransactionOnVriDraw: vri = ViewRootImpl@fb2a030[MainActivity] fRS = false t = 0x7b3d1b1300 android.view.SurfaceView.performSurfaceTransaction:959 android.view.SurfaceView.updateSurface:1105 android.view.SurfaceView.lambda$new$0$android-view-SurfaceView:200 
10-04 20:27:53.392  1051  1051 I ViewRootImpl@fb2a030[MainActivity]: applyTransactionOnDraw: mRemoved = false isHardwareEnabled = true t = 0x7b3d1b1300android.view.SurfaceView.applyTransactionOnVriDraw:2048 android.view.SurfaceView.performSurfaceTransaction:959 android.view.SurfaceView.updateSurface:1105 android.view.SurfaceView.lambda$new$0$android-view-SurfaceView:200 android.view.SurfaceView$$ExternalSyntheticLambda5.onPreDraw:2 
10-04 20:27:53.392  1051  1051 I SurfaceView@e676d: updateSurface: mVisible = true mSurface.isValid() = true
10-04 20:27:53.392  1051  1051 I SurfaceView@e676d: updateSurface: mSurfaceCreated = true surfaceChanged = false visibleChanged = false
10-04 20:27:53.392  1051  1051 V SurfaceView@e676d: Layout: x=0 y=-609 w=1080 h=525, frame=Rect(0, 0 - 1080, 525)
10-04 20:27:53.396  1051  1167 D SurfaceView@e676d: updateSurfacePosition RenderWorker, frameNr = 676, position = [0, -609, 1080, -84] surfaceSize = 1080x525
10-04 20:27:53.396  1051  1167 I SurfaceView@e676d: uSP: rtp = Rect(0, -609 - 1080, -84) rtsw = 1080 rtsh = 525
10-04 20:27:53.396  1051  1167 I SurfaceView@e676d: onSSPAndSRT: pl = 0 pt = -609 sx = 1.0 sy = 1.0
10-04 20:27:53.396  1051  1167 I SurfaceView@e676d: aOrMT: ViewRootImpl@fb2a030[MainActivity] t = android.view.SurfaceControl$Transaction@3d0b133 fN = 676 android.view.SurfaceView.-$$Nest$mapplyOrMergeTransaction:0 android.view.SurfaceView$SurfaceViewPositionUpdateListener.positionChanged:1537 android.graphics.RenderNode$CompositePositionUpdateListener.positionChanged:373 
10-04 20:27:53.396  1051  1167 I ViewRootImpl@fb2a030[MainActivity]: mWNT: t=0x7b3d328c00 mBlastBufferQueue=0x7b3d0fb500 fn= 676 caller= android.view.SurfaceView.applyOrMergeTransaction:1455 android.view.SurfaceView.-$$Nest$mapplyOrMergeTransaction:0 android.view.SurfaceView$SurfaceViewPositionUpdateListener.positionChanged:1537 
10-04 20:27:53.396  1051  1167 I ViewRootImpl@fb2a030[MainActivity]: mWNT: t=0x7b3d1b1300 mBlastBufferQueue=0x7b3d0fb500 fn= 676 caller= android.view.ViewRootImpl.lambda$applyTransactionOnDraw$11$android-view-ViewRootImpl:12865 android.view.ViewRootImpl$$ExternalSyntheticLambda1.onFrameDraw:4 android.graphics.HardwareRenderer$FrameDrawingCallback.onFrameDraw:924 
10-04 20:27:54.025  1051  1051 I ViewRootImpl@fb2a030[MainActivity]: ViewPostIme pointer 0
10-04 20:27:54.540  1051  1051 I Dialog  : mIsDeviceDefault = false, mIsSamsungBasicInteraction = false, isMetaDataInActivity = false
10-04 20:27:54.560  1051  1051 I DecorView: [INFO] isPopOver=false config=false
10-04 20:27:54.560  1051  1051 I DecorView: updateCaptionType: isFloating=false isApplication=true hasWindowDecorCaption=false this=DecorView@13f659e[]
10-04 20:27:54.560  1051  1051 D DecorView: setCaptionType = 0, this = DecorView@13f659e[]
10-04 20:27:54.561  1051  1051 I DecorView: getCurrentDensityDpi: from app context. densityDpi=420 msg=resources_loaded
10-04 20:27:54.561  1051  1051 I DecorView: setWindowBackground: isPopOver=false color=0 d=android.graphics.drawable.ColorDrawable@3f9d04c
10-04 20:27:54.569  1051  1082 D NativeCustomFrequencyManager: [NativeCFMS] BpCustomFrequencyManager::BpCustomFrequencyManager()
10-04 20:27:54.570  1051  1051 I DecorView: notifyKeepScreenOnChanged: keepScreenOn=false
10-04 20:27:54.584  1051  1051 D InsetsController: onStateChanged: InsetsState: {mDisplayFrame=Rect(0, 0 - 1080, 2400), mDisplayCutout=DisplayCutout{insets=Rect(0, 88 - 0, 0) waterfall=Insets{left=0, top=0, right=0, bottom=0} boundingRect={Bounds=[Rect(0, 0 - 0, 0), Rect(512, 0 - 568, 88), Rect(0, 0 - 0, 0), Rect(0, 0 - 0, 0)]} cutoutPathParserInfo={CutoutPathParserInfo{displayWidth=1080 displayHeight=2400 physicalDisplayWidth=1080 physicalDisplayHeight=2400 density={2.625} cutoutSpec={M 0,0 M 0,12.25101276465640 a 10.60613009248640,10.60613009248640 0 1,0 0,21.21226018497290 a 10.60613009248640,10.60613009248640 0 1,0 0,-21.21226018497290 Z @dp} rotation={0} scale={1.0} physicalPixelDisplaySizeRatio={1.0}}}}, mRoundedCorners=RoundedCorners{[RoundedCorner{position=TopLeft, radius=84, center=Point(84, 84)}, RoundedCorner{position=TopRight, radius=84, center=Point(996, 84)}, RoundedCorner{position=BottomRight, radius=84, center=Point(996, 2316)}, RoundedCorner{position=BottomLeft, radius=84, center=Point(84, 2316)}]}  mRoundedCornerFrame=Rect(0, 0 - 1080, 2400), mPrivacyIndicatorBounds=PrivacyIndicatorBounds {static bounds=Rect(964, 0 - 1080, 87) rotation=0}, mSources= { InsetsSource: {mType=ITYPE_STATUS_BAR, mFrame=[0,0][1080,88], mVisible=true, mInsetsRoundedCornerFrame=false}, InsetsSource: {mType=ITYPE_NAVIGATION_BAR, mFrame=[0,2361][1080,2400], mVisible=true, mInsetsRoundedCornerFrame=false}, InsetsSource: {mType=ITYPE_LEFT_GESTURES, mFrame=[0,0][130,2400], mVisible=true, mInsetsRoundedCornerFrame=false}, InsetsSource: {mType=ITYPE_RIGHT_GESTURES, mFrame=[950,0][1080,2400], mVisible=true, mInsetsRoundedCornerFrame=false}, InsetsSource: {mType=ITYPE_TOP_MANDATORY_GESTURES, mFrame=[0,0][1080,120], mVisible=true, mInsetsRoundedCornerFrame=false}, InsetsSource: {mType=ITYPE_BOTTOM_MANDATORY_GESTURES, mFrame=[0,2316][1080,2400], mVisible=true, mInsetsRoundedCornerFrame=false}, InsetsSource: {mType=ITYPE_LEFT_DISPLAY_CUTOUT, mFrame=[0,0][-100000,2400], mVisible=true, mInsetsRoundedCornerFrame=false}, InsetsSource: {mType=ITYPE_TOP_DISPLAY_CUTOUT, mFrame=[0,0][1080,88], mVisible=true, mInsetsRoundedCornerFrame=false}, InsetsSource: {mType=ITYPE_RIGHT_DISPLAY_CUTOUT, mFrame=[100000,0][1080,2400], mVisible=true, mInsetsRoundedCornerFrame=false}, InsetsSource: {mType=ITYPE_BOTTOM_DISPLAY_CUTOUT, mFrame=[0,100000][1080,2400], mVisible=true, mInsetsRoundedCornerFrame=false}, InsetsSource: {mType=ITYPE_TOP_TAPPABLE_ELEMENT, mFrame=[0,0][1080,88], mVisible=true, mInsetsRoundedCornerFrame=false}, InsetsSource: {mType=ITYPE_BOTTOM_TAPPABLE_ELEMENT, mFrame=[0,0][0,0], mVisible=true, mInsetsRoundedCornerFrame=false}, InsetsSource: {mType=ITYPE_IME, mFrame=[0,0][0,0], mVisibleFrame=[0,1409][1080,2400], mVisible=false, mInsetsRoundedCornerFrame=false} } host=com.lagradost.cloudstream3/com.lagradost.cloudstream3.MainActivity from=android.view.ViewRootImpl.setView:1732
10-04 20:27:54.586  1051  1051 I ViewRootImpl@476b54d[MainActivity]: setView = com.android.internal.policy.DecorView@13f659e TM=true
10-04 20:27:54.599  1051  1051 I ViewRootImpl@476b54d[MainActivity]: performTraversals params={(0,0)(fillxfill) gr=CENTER sim={adjust=resize forwardNavigation} ty=APPLICATION fmt=TRANSPARENT wanim=0x7f14000b
10-04 20:27:54.599  1051  1051 I ViewRootImpl@476b54d[MainActivity]:   fl=85810100
10-04 20:27:54.599  1051  1051 I ViewRootImpl@476b54d[MainActivity]:   pfl=12020040
10-04 20:27:54.599  1051  1051 I ViewRootImpl@476b54d[MainActivity]:   vsysui=500
10-04 20:27:54.599  1051  1051 I ViewRootImpl@476b54d[MainActivity]:   bhv=DEFAULT
10-04 20:27:54.599  1051  1051 I ViewRootImpl@476b54d[MainActivity]:   fitSides= naviIconColor=0}
10-04 20:27:54.600  1051  1051 I ViewRootImpl@476b54d[MainActivity]: performTraversals mFirst=true windowShouldResize=true viewVisibilityChanged=false mForceNextWindowRelayout=false params={(0,0)(fillxfill) gr=CENTER sim={adjust=resize forwardNavigation} ty=APPLICATION fmt=TRANSPARENT wanim=0x7f14000b
10-04 20:27:54.600  1051  1051 I ViewRootImpl@476b54d[MainActivity]:   fl=85810100
10-04 20:27:54.600  1051  1051 I ViewRootImpl@476b54d[MainActivity]:   pfl=12020040
10-04 20:27:54.600  1051  1051 I ViewRootImpl@476b54d[MainActivity]:   vsysui=500
10-04 20:27:54.600  1051  1051 I ViewRootImpl@476b54d[MainActivity]:   bhv=DEFAULT
10-04 20:27:54.600  1051  1051 I ViewRootImpl@476b54d[MainActivity]:   fitSides= naviIconColor=0}
10-04 20:27:54.611  1051  1051 I ViewRootImpl@476b54d[MainActivity]: updateBlastSurfaceIfNeeded mBlastBufferQueue=null isSameSurfaceControl=false
10-04 20:27:54.612  1051  1051 I BLASTBufferQueue: new BLASTBufferQueue, mName= ViewRootImpl@476b54d[MainActivity] mNativeObject= 0x7b1b48fc00 sc.mNativeObject= 0x7afbd4d5e0 caller= android.view.ViewRootImpl.updateBlastSurfaceIfNeeded:2909 android.view.ViewRootImpl.relayoutWindow:9847 android.view.ViewRootImpl.performTraversals:3884 android.view.ViewRootImpl.doTraversal:3116 android.view.ViewRootImpl$TraversalRunnable.run:10885 android.view.Choreographer$CallbackRecord.run:1301 android.view.Choreographer$CallbackRecord.run:1309 android.view.Choreographer.doCallbacks:923 android.view.Choreographer.doFrame:852 android.view.Choreographer$FrameDisplayEventReceiver.run:1283 
10-04 20:27:54.612  1051  1051 I BLASTBufferQueue: update, w= 1080 h= 2400 mName = ViewRootImpl@476b54d[MainActivity] mNativeObject= 0x7b1b48fc00 sc.mNativeObject= 0x7afbd4d5e0 format= -2 caller= android.graphics.BLASTBufferQueue.<init>:84 android.view.ViewRootImpl.updateBlastSurfaceIfNeeded:2909 android.view.ViewRootImpl.relayoutWindow:9847 android.view.ViewRootImpl.performTraversals:3884 android.view.ViewRootImpl.doTraversal:3116 android.view.ViewRootImpl$TraversalRunnable.run:10885 
10-04 20:27:54.613  1051  1051 I ViewRootImpl@476b54d[MainActivity]: Relayout returned: old=(0,0,1080,2400) new=(0,0,1080,2400) req=(1080,2400)0 dur=11 res=0x3 s={true 0x7afbc85800} ch=true seqId=0
10-04 20:27:54.613  1051  1051 I ViewRootImpl@476b54d[MainActivity]: mThreadedRenderer.initialize() mSurface={isValid=true 0x7afbc85800} hwInitialized=true
10-04 20:27:54.614  1051  1082 D OpenGLRenderer: eglCreateWindowSurface
10-04 20:27:54.630  1051  1051 D AbsListView:  in onLayout changed 
10-04 20:27:54.631  1051  1051 I ViewRootImpl@476b54d[MainActivity]: reportNextDraw android.view.ViewRootImpl.performTraversals:4438 android.view.ViewRootImpl.doTraversal:3116 android.view.ViewRootImpl$TraversalRunnable.run:10885 android.view.Choreographer$CallbackRecord.run:1301 android.view.Choreographer$CallbackRecord.run:1309 
10-04 20:27:54.632  1051  1051 I ViewRootImpl@476b54d[MainActivity]: Setup new sync id=0
10-04 20:27:54.632  1051  1051 I ViewRootImpl@476b54d[MainActivity]: Setting syncFrameCallback
10-04 20:27:54.632  1051  1051 I ViewRootImpl@476b54d[MainActivity]: registerCallbacksForSync syncBuffer=false
10-04 20:27:54.634  1051  1168 I ViewRootImpl@476b54d[MainActivity]: Received frameDrawingCallback syncResult=0 frameNum=1.
10-04 20:27:54.634  1051  1168 I ViewRootImpl@476b54d[MainActivity]: Setting up sync and frameCommitCallback
10-04 20:27:54.638  1051  1082 I BLASTBufferQueue: [ViewRootImpl@476b54d[MainActivity]#6](f:0,a:0) onFrameAvailable the first frame is available
10-04 20:27:54.639  1051  1082 I ViewRootImpl@476b54d[MainActivity]: Received frameCommittedCallback lastAttemptedDrawFrameNum=1 didProduceBuffer=true
10-04 20:27:54.640  1051  1082 D OpenGLRenderer: CFMS:: SetUp Pid : 1051    Tid : 1082
10-04 20:27:54.643  1051  1051 I ViewRootImpl@476b54d[MainActivity]: onSyncComplete
10-04 20:27:54.643  1051  1051 I ViewRootImpl@476b54d[MainActivity]: setupSync seqId=0 mSyncId=0 fn=1 caller=android.view.ViewRootImpl$$ExternalSyntheticLambda11.accept:6 android.window.SurfaceSyncer.lambda$setupSync$1$android-window-SurfaceSyncer:128 android.window.SurfaceSyncer$$ExternalSyntheticLambda1.accept:8 android.window.SurfaceSyncer$SyncSet.checkIfSyncIsComplete:382 android.window.SurfaceSyncer$SyncSet.markSyncReady:359 android.window.SurfaceSyncer.markSyncReady:151 android.view.ViewRootImpl.performTraversals:4503 
10-04 20:27:54.643  1051  1051 I ViewRootImpl@476b54d[MainActivity]: reportDrawFinished seqId=0 mSyncId=-1 fn=1 mSurfaceChangedTransaction=0x7b3d1b1600
10-04 20:27:54.646  1051  1051 I ViewRootImpl@fb2a030[MainActivity]: MSG_WINDOW_FOCUS_CHANGED 0 0
10-04 20:27:54.691  1051  1051 I ViewRootImpl@476b54d[MainActivity]: MSG_WINDOW_FOCUS_CHANGED 1 0
10-04 20:27:54.692  1051  1051 I ViewRootImpl@476b54d[MainActivity]: mThreadedRenderer.initializeIfNeeded()#2 mSurface={isValid=true 0x7afbc85800}
10-04 20:27:54.692  1051  1051 D InputMethodManager: startInputInner - Id : 0
10-04 20:27:54.693  1051  1051 I InputMethodManager: startInputInner - mService.startInputOrWindowGainedFocus
10-04 20:27:54.711  1051  1051 I ViewRootImpl@fb2a030[MainActivity]: ViewPostIme pointer 1
10-04 20:27:55.637  1051  1051 I ViewRootImpl@476b54d[MainActivity]: ViewPostIme pointer 0
10-04 20:27:55.686  1051  1051 I ViewRootImpl@476b54d[MainActivity]: ViewPostIme pointer 1
10-04 20:27:55.687  1051  1051 D AbsListView: onTouchUp() mTouchMode : 0
10-04 20:27:55.758  1051  1051 I MSHandlerLifeCycle: removeMultiSplitHandler: no exist. decor=DecorView@13f659e[MainActivity]
10-04 20:27:55.760  1051  1082 D OpenGLRenderer: setSurface called with nullptr
10-04 20:27:55.760  1051  1082 D OpenGLRenderer: setSurface() destroyed EGLSurface
10-04 20:27:55.761  1051  1082 D OpenGLRenderer: destroyEglSurface
