10-04 21:05:25.323 11827 11827 I BLASTBufferQueue: new BLASTBufferQueue, mName= ViewRootImpl@8c0d9ef[MainActivity] mNativeObject= 0x7b1bdead00 sc.mNativeObject= 0x7aefc8d820 caller= android.view.ViewRootImpl.updateBlastSurfaceIfNeeded:2909 android.view.ViewRootImpl.relayoutWindow:9847 android.view.ViewRootImpl.performTraversals:3884 android.view.ViewRootImpl.doTraversal:3116 android.view.ViewRootImpl$TraversalRunnable.run:10885 android.view.Choreographer$CallbackRecord.run:1301 android.view.Choreographer$CallbackRecord.run:1309 android.view.Choreographer.doCallbacks:923 android.view.Choreographer.doFrame:852 android.view.Choreographer$FrameDisplayEventReceiver.run:1283 
10-04 21:05:25.323 11827 11827 I BLASTBufferQueue: update, w= 1080 h= 2400 mName = ViewRootImpl@8c0d9ef[MainActivity] mNativeObject= 0x7b1bdead00 sc.mNativeObject= 0x7aefc8d820 format= -2 caller= android.graphics.BLASTBufferQueue.<init>:84 android.view.ViewRootImpl.updateBlastSurfaceIfNeeded:2909 android.view.ViewRootImpl.relayoutWindow:9847 android.view.ViewRootImpl.performTraversals:3884 android.view.ViewRootImpl.doTraversal:3116 android.view.ViewRootImpl$TraversalRunnable.run:10885 
10-04 21:05:25.323 11827 11827 I ViewRootImpl@8c0d9ef[MainActivity]: Relayout returned: old=(0,0,1080,2400) new=(0,0,1080,2400) req=(1080,2400)0 dur=6 res=0x3 s={true 0x7b3deec000} ch=true seqId=0
10-04 21:05:25.324 11827 11827 I ViewRootImpl@8c0d9ef[MainActivity]: mThreadedRenderer.initialize() mSurface={isValid=true 0x7b3deec000} hwInitialized=true
10-04 21:05:25.324 11827 11850 D OpenGLRenderer: eglCreateWindowSurface
10-04 21:05:25.327 11827 11827 I ViewRootImpl@8c0d9ef[MainActivity]: reportNextDraw android.view.ViewRootImpl.performTraversals:4438 android.view.ViewRootImpl.doTraversal:3116 android.view.ViewRootImpl$TraversalRunnable.run:10885 android.view.Choreographer$CallbackRecord.run:1301 android.view.Choreographer$CallbackRecord.run:1309 
10-04 21:05:25.334 11827 11827 I ViewRootImpl@8c0d9ef[MainActivity]: Setup new sync id=0
10-04 21:05:25.334 11827 11827 I ViewRootImpl@8c0d9ef[MainActivity]: Setting syncFrameCallback
10-04 21:05:25.334 11827 11827 I ViewRootImpl@8c0d9ef[MainActivity]: registerCallbacksForSync syncBuffer=false
10-04 21:05:25.339 11827 11928 I ViewRootImpl@8c0d9ef[MainActivity]: Received frameDrawingCallback syncResult=0 frameNum=1.
10-04 21:05:25.339 11827 11928 I ViewRootImpl@8c0d9ef[MainActivity]: Setting up sync and frameCommitCallback
10-04 21:05:25.342 11827 11850 I BLASTBufferQueue: [ViewRootImpl@8c0d9ef[MainActivity]#7](f:0,a:0) onFrameAvailable the first frame is available
10-04 21:05:25.343 11827 11850 I ViewRootImpl@8c0d9ef[MainActivity]: Received frameCommittedCallback lastAttemptedDrawFrameNum=1 didProduceBuffer=true
10-04 21:05:25.343 11827 11850 D OpenGLRenderer: CFMS:: SetUp Pid : 11827    Tid : 11850
10-04 21:05:25.345 11827 11827 I ViewRootImpl@8c0d9ef[MainActivity]: onSyncComplete
10-04 21:05:25.346 11827 11827 I ViewRootImpl@8c0d9ef[MainActivity]: setupSync seqId=0 mSyncId=0 fn=1 caller=android.view.ViewRootImpl$$ExternalSyntheticLambda11.accept:6 android.window.SurfaceSyncer.lambda$setupSync$1$android-window-SurfaceSyncer:128 android.window.SurfaceSyncer$$ExternalSyntheticLambda1.accept:8 android.window.SurfaceSyncer$SyncSet.checkIfSyncIsComplete:382 android.window.SurfaceSyncer$SyncSet.markSyncReady:359 android.window.SurfaceSyncer.markSyncReady:151 android.view.ViewRootImpl.performTraversals:4503 
10-04 21:05:25.346 11827 11827 I ViewRootImpl@8c0d9ef[MainActivity]: reportDrawFinished seqId=0 mSyncId=-1 fn=1 mSurfaceChangedTransaction=0x7bed84fc00
10-04 21:05:25.361 11827 11827 I ViewRootImpl@fd04a9[MainActivity]: MSG_WINDOW_FOCUS_CHANGED 0 0
10-04 21:05:25.397 11827 11827 I ViewRootImpl@8c0d9ef[MainActivity]: MSG_WINDOW_FOCUS_CHANGED 1 0
10-04 21:05:25.397 11827 11827 I ViewRootImpl@8c0d9ef[MainActivity]: mThreadedRenderer.initializeIfNeeded()#2 mSurface={isValid=true 0x7b3deec000}
10-04 21:05:25.399 11827 11827 D InputMethodManager: startInputInner - Id : 0
10-04 21:05:25.399 11827 11827 I InputMethodManager: startInputInner - mService.startInputOrWindowGainedFocus
10-04 21:05:25.796 11827 11827 I ViewRootImpl@8c0d9ef[MainActivity]: ViewPostIme pointer 0
10-04 21:05:25.870 11827 11827 I ViewRootImpl@8c0d9ef[MainActivity]: ViewPostIme pointer 1
10-04 21:05:26.340 11827 11827 I ViewRootImpl@8c0d9ef[MainActivity]: ViewPostIme pointer 0
10-04 21:05:26.447 11827 11827 I ViewRootImpl@8c0d9ef[MainActivity]: ViewPostIme pointer 1
10-04 21:05:26.937 11827 11827 I ViewRootImpl@8c0d9ef[MainActivity]: ViewPostIme pointer 0
10-04 21:05:27.040 11827 11836 I st.cloudstream3: Background concurrent copying GC freed 11MB AllocSpace bytes, 44(4180KB) LOS objects, 44% free, 29MB/53MB, paused 586us,216us total 211.205ms
10-04 21:05:27.052 11827 11850 D OpenGLRenderer: setSurface called with nullptr
10-04 21:05:27.053 11827 11837 D InputTransport: Input channel destroyed: 'ClientS', fd=178
10-04 21:05:27.053 11827 11837 D InputTransport: Input channel destroyed: 'ClientS', fd=119
10-04 21:05:27.053 11827 11837 D InputTransport: Input channel destroyed: 'ClientS', fd=162
10-04 21:05:27.054 11827 11837 D InputTransport: Input channel destroyed: 'ClientS', fd=118
10-04 21:05:27.054 11827 11837 D InputTransport: Input channel destroyed: 'ClientS', fd=158
10-04 21:05:27.066 11827 11850 D OpenGLRenderer: setSurface called with nullptr
10-04 21:05:27.067 11827 11837 D InputTransport: Input channel destroyed: 'ClientS', fd=223
10-04 21:05:27.083 11827 11850 D OpenGLRenderer: setSurface called with nullptr
10-04 21:05:27.083 11827 11837 D InputTransport: Input channel destroyed: 'ClientS', fd=190
10-04 21:05:27.101 11827 11850 D OpenGLRenderer: setSurface called with nullptr
10-04 21:05:27.795 11827 11827 I ViewRootImpl@8c0d9ef[MainActivity]: ViewPostIme pointer 1
10-04 21:05:28.074 11827 11827 I ViewRootImpl@8c0d9ef[MainActivity]: ViewPostIme pointer 0
10-04 21:05:28.420 11827 11827 I ViewRootImpl@8c0d9ef[MainActivity]: ViewPostIme pointer 1
10-04 21:05:28.726 11827 11827 I ViewRootImpl@8c0d9ef[MainActivity]: ViewPostIme pointer 0
10-04 21:05:28.808 11827 11827 I ViewRootImpl@8c0d9ef[MainActivity]: ViewPostIme pointer 1
10-04 21:05:29.081 11827 11827 I ViewRootImpl@8c0d9ef[MainActivity]: ViewPostIme pointer 0
10-04 21:05:29.520 11827 11827 I ViewRootImpl@8c0d9ef[MainActivity]: ViewPostIme pointer 1
10-04 21:05:29.760 11827 11827 I ViewRootImpl@8c0d9ef[MainActivity]: ViewPostIme pointer 0
10-04 21:05:29.842 11827 11827 I ViewRootImpl@8c0d9ef[MainActivity]: ViewPostIme pointer 1
10-04 21:05:30.081 11827 11881 D ApiError: -------------------------------------------------------------------
10-04 21:05:30.081 11827 11881 D ApiError: safeApiCall: Only the original thread that created a view hierarchy can touch its views.
10-04 21:05:30.081 11827 11881 D ApiError: safeApiCall: Only the original thread that created a view hierarchy can touch its views.
10-04 21:05:30.081 11827 11881 W System.err: android.view.ViewRootImpl$CalledFromWrongThreadException: Only the original thread that created a view hierarchy can touch its views.
10-04 21:05:30.082 11827 11881 W System.err: 	at android.view.ViewRootImpl.checkThread(ViewRootImpl.java:11586)
10-04 21:05:30.082 11827 11881 W System.err: 	at android.view.ViewRootImpl.requestLayout(ViewRootImpl.java:2648)
10-04 21:05:30.082 11827 11881 W System.err: 	at android.view.View.requestLayout(View.java:27623)
10-04 21:05:30.082 11827 11881 W System.err: 	at android.view.View.requestLayout(View.java:27623)
10-04 21:05:30.082 11827 11881 W System.err: 	at android.view.View.requestLayout(View.java:27623)
10-04 21:05:30.082 11827 11881 W System.err: 	at android.view.View.requestLayout(View.java:27623)
10-04 21:05:30.082 11827 11881 W System.err: 	at android.view.View.requestLayout(View.java:27623)
10-04 21:05:30.082 11827 11881 W System.err: 	at android.view.View.requestLayout(View.java:27623)
10-04 21:05:30.082 11827 11881 W System.err: 	at android.view.View.requestLayout(View.java:27623)
10-04 21:05:30.082 11827 11881 W System.err: 	at android.view.View.requestLayout(View.java:27623)
10-04 21:05:30.082 11827 11881 W System.err: 	at android.view.View.requestLayout(View.java:27623)
10-04 21:05:30.082 11827 11881 W System.err: 	at android.view.View.requestLayout(View.java:27623)
10-04 21:05:30.082 11827 11881 W System.err: 	at androidx.recyclerview.widget.RecyclerView.requestLayout(RecyclerView.java:4881)
10-04 21:05:30.082 11827 11881 W System.err: 	at androidx.recyclerview.widget.RecyclerView$RecyclerViewDataObserver.triggerUpdateProcessor(RecyclerView.java:6060)
10-04 21:05:30.082 11827 11881 W System.err: 	at androidx.recyclerview.widget.RecyclerView$RecyclerViewDataObserver.onItemRangeInserted(RecyclerView.java:6035)
10-04 21:05:30.082 11827 11881 W System.err: 	at androidx.recyclerview.widget.RecyclerView$AdapterDataObservable.notifyItemRangeInserted(RecyclerView.java:13138)
10-04 21:05:30.082 11827 11881 W System.err: 	at androidx.recyclerview.widget.RecyclerView$Adapter.notifyItemRangeInserted(RecyclerView.java:8146)
10-04 21:05:30.082 11827 11881 W System.err: 	at androidx.recyclerview.widget.AdapterListUpdateCallback.onInserted(AdapterListUpdateCallback.java:44)
10-04 21:05:30.082 11827 11881 W System.err: 	at androidx.recyclerview.widget.BatchingListUpdateCallback.dispatchLastEvent(BatchingListUpdateCallback.java:63)
10-04 21:05:30.082 11827 11881 W System.err: 	at androidx.recyclerview.widget.DiffUtil$DiffResult.dispatchUpdatesTo(DiffUtil.java:967)
10-04 21:05:30.082 11827 11881 W System.err: 	at androidx.recyclerview.widget.DiffUtil$DiffResult.dispatchUpdatesTo(DiffUtil.java:840)
10-04 21:05:30.082 11827 11881 W System.err: 	at com.lagradost.cloudstream3.ui.search.SearchAdapter.updateList(SearchAdaptor.kt:83)
10-04 21:05:30.082 11827 11881 W System.err: 	at com.lagradost.cloudstream3.ui.home.HomeFragment$Companion$loadHomepageList$5$onScrollStateChanged$1.invokeSuspend(HomeFragment.kt:212)
10-04 21:05:30.082 11827 11881 W System.err: 	at kotlin.coroutines.jvm.internal.BaseContinuationImpl.resumeWith(ContinuationImpl.kt:33)
10-04 21:05:30.082 11827 11881 W System.err: 	at kotlinx.coroutines.UndispatchedCoroutine.afterResume(CoroutineContext.kt:266)
10-04 21:05:30.082 11827 11881 W System.err: 	at kotlinx.coroutines.AbstractCoroutine.resumeWith(AbstractCoroutine.kt:101)
10-04 21:05:30.082 11827 11881 W System.err: 	at kotlin.coroutines.jvm.internal.BaseContinuationImpl.resumeWith(ContinuationImpl.kt:46)
10-04 21:05:30.082 11827 11881 W System.err: 	at kotlinx.coroutines.internal.ScopeCoroutine.afterResume(Scopes.kt:35)
10-04 21:05:30.082 11827 11881 W System.err: 	at kotlinx.coroutines.AbstractCoroutine.resumeWith(AbstractCoroutine.kt:101)
10-04 21:05:30.082 11827 11881 W System.err: 	at kotlin.coroutines.jvm.internal.BaseContinuationImpl.resumeWith(ContinuationImpl.kt:46)
10-04 21:05:30.083 11827 11881 W System.err: 	at kotlinx.coroutines.DispatchedTask.run(DispatchedTask.kt:100)
10-04 21:05:30.083 11827 11881 W System.err: 	at kotlinx.coroutines.internal.LimitedDispatcher$Worker.run(LimitedDispatcher.kt:113)
10-04 21:05:30.083 11827 11881 W System.err: 	at kotlinx.coroutines.scheduling.TaskImpl.run(Tasks.kt:89)
10-04 21:05:30.083 11827 11881 W System.err: 	at kotlinx.coroutines.scheduling.CoroutineScheduler.runSafely(CoroutineScheduler.kt:586)
10-04 21:05:30.083 11827 11881 W System.err: 	at kotlinx.coroutines.scheduling.CoroutineScheduler$Worker.executeTask(CoroutineScheduler.kt:820)
10-04 21:05:30.083 11827 11881 W System.err: 	at kotlinx.coroutines.scheduling.CoroutineScheduler$Worker.runWorker(CoroutineScheduler.kt:717)
10-04 21:05:30.083 11827 11881 W System.err: 	at kotlinx.coroutines.scheduling.CoroutineScheduler$Worker.run(CoroutineScheduler.kt:704)
10-04 21:05:30.083 11827 11881 D ApiError: -------------------------------------------------------------------
10-04 21:05:30.214 11827 11827 I ViewRootImpl@8c0d9ef[MainActivity]: ViewPostIme pointer 0
10-04 21:05:30.354 11827 11827 I ViewRootImpl@8c0d9ef[MainActivity]: ViewPostIme pointer 1
10-04 21:05:30.844 11827 11827 I ViewRootImpl@8c0d9ef[MainActivity]: ViewPostIme pointer 0
10-04 21:05:31.147 11827 11827 I ViewRootImpl@8c0d9ef[MainActivity]: ViewPostIme pointer 1
10-04 21:05:31.685 11827 11827 I ViewRootImpl@8c0d9ef[MainActivity]: ViewPostIme pointer 0
10-04 21:05:31.776 11827 11827 I ViewRootImpl@8c0d9ef[MainActivity]: ViewPostIme pointer 1
10-04 21:05:31.999 11827 11827 I ViewRootImpl@8c0d9ef[MainActivity]: ViewPostIme pointer 0
10-04 21:05:32.106 11827 11827 I ViewRootImpl@8c0d9ef[MainActivity]: ViewPostIme pointer 1
10-04 21:05:34.143 11827 11827 I ViewRootImpl@8c0d9ef[MainActivity]: ViewPostIme pointer 0
10-04 21:05:34.195 11827 11827 I ViewRootImpl@8c0d9ef[MainActivity]: ViewPostIme pointer 1
10-04 21:05:34.546 11827 11827 I ViewRootImpl@8c0d9ef[MainActivity]: ViewPostIme pointer 0
10-04 21:05:34.616 11827 11827 I ViewRootImpl@8c0d9ef[MainActivity]: ViewPostIme pointer 1
10-04 21:05:35.091 11827 11827 I ViewRootImpl@8c0d9ef[MainActivity]: ViewPostIme pointer 0
10-04 21:05:35.282 11827 11827 I ViewRootImpl@8c0d9ef[MainActivity]: ViewPostIme pointer 1
10-04 21:05:35.555 11827 11827 I ViewRootImpl@8c0d9ef[MainActivity]: ViewPostIme pointer 0
10-04 21:05:35.803 11827 11827 I ViewRootImpl@8c0d9ef[MainActivity]: ViewPostIme pointer 1
10-04 21:05:36.265 11827 11827 I ViewRootImpl@8c0d9ef[MainActivity]: ViewPostIme pointer 0
10-04 21:05:36.308 11827 11827 I ViewRootImpl@8c0d9ef[MainActivity]: ViewPostIme pointer 1
10-04 21:05:36.481 11827 11827 I ViewRootImpl@8c0d9ef[MainActivity]: ViewPostIme pointer 0
10-04 21:05:36.555 11827 11827 I ViewRootImpl@8c0d9ef[MainActivity]: ViewPostIme pointer 1
10-04 21:05:37.021 11827 11827 I ViewRootImpl@8c0d9ef[MainActivity]: ViewPostIme pointer 0
10-04 21:05:37.076 11827 11827 I ViewRootImpl@8c0d9ef[MainActivity]: ViewPostIme pointer 1
10-04 21:05:37.088 11827 11827 I NavComponent: Navigating to fragment: 2131362274
10-04 21:05:37.098 11827 11827 I IMM_LC  : hsifw() - flag : 0
10-04 21:05:37.099 11827 11827 I IMM_LC  : hsifw() ignore mServedView == null or mServedView.getWindowToken() != windowToken, mServedView :DecorView@f0e001b[MainActivity]
10-04 21:05:37.105 11827 11827 I MSHandlerLifeCycle: check: return. pkg=com.lagradost.cloudstream3 isActivity=false callers=com.android.internal.policy.DecorView.setVisibility:4412 android.app.Dialog.hide:767 com.lagradost.cloudstream3.utils.AppContextUtils.ownHide:123 com.lagradost.cloudstream3.ui.home.HomeFragment$Companion.loadHomepageList$lambda$3:185 com.lagradost.cloudstream3.ui.home.HomeFragment$Companion.$r8$lambda$MoQSIPnUiyzkK5n4sMwjTMvpPNA:0 
10-04 21:05:37.106 11827 11827 I MSHandlerLifeCycle: removeMultiSplitHandler: no exist. decor=DecorView@f0e001b[MainActivity]
10-04 21:05:37.145 11827 11827 D ScrollView: initGoToTop
10-04 21:05:37.377 11827 11827 I SurfaceView@26a0f18: onWindowVisibilityChanged(0) true android.view.SurfaceView{26a0f18 V.E...... ......I. 0,0-0,0} of ViewRootImpl@fd04a9[MainActivity]
10-04 21:05:37.377 11827 11827 D SurfaceView@26a0f18: updateSurface: has no frame
10-04 21:05:37.382 11827 11827 I CS3ExoPlayer: SET STYLE = SaveCaptionStyle(foregroundColor=-1, backgroundColor=0, windowColor=0, edgeType=1, edgeColor=-16777216, typeface=null, typefaceFilePath=null, elevation=20, fixedTextSize=null, edgeSize=null, removeCaptions=false, removeBloat=true, upperCase=false, bold=false, italic=false, backgroundRadius=null)
10-04 21:05:37.391 11827 11827 I IMM_LC  : hsifw() - flag : 0
10-04 21:05:37.391 11827 11827 I IMM_LC  : hsifw() ignore mServedView == null or mServedView.getWindowToken() != windowToken, mServedView :DecorView@f0e001b[MainActivity]
10-04 21:05:37.392 11827 11875 I SYNCVM  : addFromUrl = https://wecima.now/watch/%d9%85%d8%b4%d8%a7%d9%87%d8%af%d8%a9-%d9%85%d8%b3%d9%84%d8%b3%d9%84-the-19th-medical-chart-%d9%85%d9%88%d8%b3%d9%85-1-%d8%ad%d9%84%d9%82%d8%a9-8-%d9%88%d8%a7%d9%84%d8%a3%d8%ae%d9%8a%d8%b1%d8%a9/
10-04 21:05:37.392 11827 11875 I SYNCUTIL: getIdsFromUrl https://wecima.now/watch/%d9%85%d8%b4%d8%a7%d9%87%d8%af%d8%a9-%d9%85%d8%b3%d9%84%d8%b3%d9%84-the-19th-medical-chart-%d9%85%d9%88%d8%b3%d9%85-1-%d8%ad%d9%84%d9%82%d8%a9-8-%d9%88%d8%a7%d9%84%d8%a3%d8%ae%d9%8a%d8%b1%d8%a9/
10-04 21:05:37.401 11827 11827 I SurfaceView@26a0f18: onWindowVisibilityChanged(8) false android.view.SurfaceView{26a0f18 V.E...... ......I. 0,0-0,0} of ViewRootImpl@fd04a9[MainActivity]
10-04 21:05:37.401 11827 11827 D SurfaceView@26a0f18: updateSurface: has no frame
10-04 21:05:37.401 11827 11827 D SurfaceView@26a0f18: updateSurface: has no frame
10-04 21:05:37.401 11827 11827 I SurfaceView@26a0f18: onDetachedFromWindow: tryReleaseSurfaces()
10-04 21:05:37.401 11827 11827 I SurfaceView@26a0f18: releaseSurfaces: viewRoot = ViewRootImpl@fd04a9[MainActivity]
10-04 21:05:37.402 11827 11827 I SurfaceView@26a0f18: applyTransactionOnVriDraw: vri = ViewRootImpl@fd04a9[MainActivity] fRS = true t = 0x7b0748b400 android.view.SurfaceView.releaseSurfaces:858 android.view.SurfaceView.onDetachedFromWindow:500 android.view.View.dispatchDetachedFromWindow:22538 
10-04 21:05:37.402 11827 11827 I SurfaceView@26a0f18: applyTransactionOnVriDraw: viewRoot.applyTransactionOnDrawFromReleaseSurfaces
10-04 21:05:37.402 11827 11827 I ViewRootImpl@fd04a9[MainActivity]: applyTransactionOnDraw: mRemoved = false isHardwareEnabled = true t = 0x7b0748b400android.view.ViewRootImpl.applyTransactionOnDrawFromReleaseSurfaces:12850 android.view.SurfaceView.applyTransactionOnVriDraw:2046 android.view.SurfaceView.releaseSurfaces:858 android.view.SurfaceView.onDetachedFromWindow:500 android.view.View.dispatchDetachedFromWindow:22538 
10-04 21:05:37.403 11827 11827 I SurfaceView@26a0f18: onWindowVisibilityChanged(0) true android.view.SurfaceView{26a0f18 V.E...... ......I. 0,0-0,0} of ViewRootImpl@fd04a9[MainActivity]
10-04 21:05:37.403 11827 11827 D SurfaceView@26a0f18: updateSurface: has no frame
10-04 21:05:37.406 11827 11827 I DecorView: notifyKeepScreenOnChanged: keepScreenOn=false
10-04 21:05:37.415 11827 11827 I CS3ExoPlayer: reloadPlayer
10-04 21:05:37.415 11827 11827 I CS3ExoPlayer: releasePlayer
10-04 21:05:37.415 11827 11827 I CS3ExoPlayer: Handle event: PlayerAttachedEvent(player=null, source=Player)
10-04 21:05:37.422 11827 11827 I ViewRootImpl@fd04a9[MainActivity]: performTraversals params={(0,0)(fillxfill) sim={state=always_hidden adjust=resize} ty=BASE_APPLICATION wanim=0x1030309
10-04 21:05:37.422 11827 11827 I ViewRootImpl@fd04a9[MainActivity]:   fl=85810100
10-04 21:05:37.422 11827 11827 I ViewRootImpl@fd04a9[MainActivity]:   pfl=12020040
10-04 21:05:37.422 11827 11827 I ViewRootImpl@fd04a9[MainActivity]:   vsysui=500
10-04 21:05:37.422 11827 11827 I ViewRootImpl@fd04a9[MainActivity]:   bhv=DEFAULT
10-04 21:05:37.422 11827 11827 I ViewRootImpl@fd04a9[MainActivity]:   fitSides= naviIconColor=0}
10-04 21:05:37.423 11827 11827 I ViewRootImpl@fd04a9[MainActivity]: performTraversals mFirst=false windowShouldResize=false viewVisibilityChanged=false mForceNextWindowRelayout=false params={(0,0)(fillxfill) sim={state=always_hidden adjust=resize} ty=BASE_APPLICATION fmt=TRANSLUCENT wanim=0x1030309
10-04 21:05:37.423 11827 11827 I ViewRootImpl@fd04a9[MainActivity]:   fl=85810100
10-04 21:05:37.423 11827 11827 I ViewRootImpl@fd04a9[MainActivity]:   pfl=12020040
10-04 21:05:37.423 11827 11827 I ViewRootImpl@fd04a9[MainActivity]:   vsysui=500
10-04 21:05:37.423 11827 11827 I ViewRootImpl@fd04a9[MainActivity]:   bhv=DEFAULT
10-04 21:05:37.423 11827 11827 I ViewRootImpl@fd04a9[MainActivity]:   fitSides= naviIconColor=0}
10-04 21:05:37.433 11827 11827 I ViewRootImpl@fd04a9[MainActivity]: updateBlastSurfaceIfNeeded mBlastBufferQueue=0x7b3dc82900 isSameSurfaceControl=true
10-04 21:05:37.433 11827 11827 I BLASTBufferQueue: update, w= 1080 h= 2400 mName = ViewRootImpl@fd04a9[MainActivity] mNativeObject= 0x7b3dc82900 sc.mNativeObject= 0x7aefec7380 format= -3 caller= android.view.ViewRootImpl.updateBlastSurfaceIfNeeded:2898 android.view.ViewRootImpl.relayoutWindow:9847 android.view.ViewRootImpl.performTraversals:3884 android.view.ViewRootImpl.doTraversal:3116 android.view.ViewRootImpl$TraversalRunnable.run:10885 android.view.Choreographer$CallbackRecord.run:1301 
10-04 21:05:37.433 11827 11827 I ViewRootImpl@fd04a9[MainActivity]: Relayout returned: old=(0,0,1080,2400) new=(0,0,1080,2400) req=(1080,2400)0 dur=10 res=0x0 s={true 0x7b5d011800} ch=false seqId=0
10-04 21:05:37.433 11827 11827 I ViewRootImpl@fd04a9[MainActivity]: updateBoundsLayer: t = android.view.SurfaceControl$Transaction@78d1d54 sc = Surface(name=Bounds for - com.lagradost.cloudstream3/com.lagradost.cloudstream3.MainActivity@0)/@0x8fd44fd frame = 643
10-04 21:05:37.433 11827 11827 I ViewRootImpl@fd04a9[MainActivity]: mWNT: t=0x7b5d130900 mBlastBufferQueue=0x7b3dc82900 fn= 643 caller= android.view.ViewRootImpl.prepareSurfaces:2985 android.view.ViewRootImpl.performTraversals:4233 android.view.ViewRootImpl.doTraversal:3116 
10-04 21:05:37.434 11827 11827 W View    : requestLayout() improperly called by android.widget.FrameLayout{68da3d9 I.E...... ......I. 0,0-0,0 #7f0a04e7 app:id/start_panel} during layout: running second layout pass
10-04 21:05:37.435 11827 11827 W View    : requestLayout() improperly called by android.widget.FrameLayout{511119e I.E...... ......ID 1080,0-1080,2143 #7f0a0168 app:id/end_panel} during layout: running second layout pass
10-04 21:05:37.436 11827 11827 D SurfaceView@26a0f18: updateSurface: has no frame
10-04 21:05:37.441 11827 11927 I ViewRootImpl@fd04a9[MainActivity]: mWNT: t=0x7b0748b400 mBlastBufferQueue=0x7b3dc82900 fn= 643 caller= android.view.ViewRootImpl.lambda$applyTransactionOnDraw$11$android-view-ViewRootImpl:12865 android.view.ViewRootImpl$$ExternalSyntheticLambda1.onFrameDraw:4 android.graphics.HardwareRenderer$FrameDrawingCallback.onFrameDraw:924 
10-04 21:05:37.458 11827 11850 D OpenGLRenderer: setSurface called with nullptr
10-04 21:05:37.458 11827 11850 D OpenGLRenderer: setSurface() destroyed EGLSurface
10-04 21:05:37.458 11827 11850 D OpenGLRenderer: destroyEglSurface
10-04 21:05:37.464 11827 11827 I ViewRootImpl@8c0d9ef[MainActivity]: performTraversals mFirst=false windowShouldResize=false viewVisibilityChanged=true mForceNextWindowRelayout=false params={(0,0)(fillxfill) gr=CENTER sim={adjust=pan} ty=APPLICATION fmt=TRANSPARENT wanim=0x7f14000b
10-04 21:05:37.464 11827 11827 I ViewRootImpl@8c0d9ef[MainActivity]:   fl=85810100
10-04 21:05:37.464 11827 11827 I ViewRootImpl@8c0d9ef[MainActivity]:   pfl=12020040
10-04 21:05:37.464 11827 11827 I ViewRootImpl@8c0d9ef[MainActivity]:   vsysui=500
10-04 21:05:37.464 11827 11827 I ViewRootImpl@8c0d9ef[MainActivity]:   bhv=DEFAULT
10-04 21:05:37.464 11827 11827 I ViewRootImpl@8c0d9ef[MainActivity]:   fitSides= naviIconColor=0}
10-04 21:05:37.475 11827 11827 D InsetsController: onStateChanged: InsetsState: {mDisplayFrame=Rect(0, 0 - 1080, 2400), mDisplayCutout=DisplayCutout{insets=Rect(0, 88 - 0, 0) waterfall=Insets{left=0, top=0, right=0, bottom=0} boundingRect={Bounds=[Rect(0, 0 - 0, 0), Rect(512, 0 - 568, 88), Rect(0, 0 - 0, 0), Rect(0, 0 - 0, 0)]} cutoutPathParserInfo={CutoutPathParserInfo{displayWidth=1080 displayHeight=2400 physicalDisplayWidth=1080 physicalDisplayHeight=2400 density={2.625} cutoutSpec={M 0,0 M 0,12.25101276465640 a 10.60613009248640,10.60613009248640 0 1,0 0,21.21226018497290 a 10.60613009248640,10.60613009248640 0 1,0 0,-21.21226018497290 Z @dp} rotation={0} scale={1.0} physicalPixelDisplaySizeRatio={1.0}}}}, mRoundedCorners=RoundedCorners{[RoundedCorner{position=TopLeft, radius=84, center=Point(84, 84)}, RoundedCorner{position=TopRight, radius=84, center=Point(996, 84)}, RoundedCorner{position=BottomRight, radius=84, center=Point(996, 2316)}, RoundedCorner{position=BottomLeft, radius=84, center=Point(84, 2316)}]}  mRoundedCornerFrame=Rect(0, 0 - 1080, 2400), mPrivacyIndicatorBounds=PrivacyIndicatorBounds {static bounds=Rect(964, 0 - 1080, 87) rotation=0}, mSources= { InsetsSource: {mType=ITYPE_STATUS_BAR, mFrame=[0,0][1080,88], mVisible=true, mInsetsRoundedCornerFrame=false}, InsetsSource: {mType=ITYPE_NAVIGATION_BAR, mFrame=[0,2361][1080,2400], mVisible=true, mInsetsRoundedCornerFrame=false}, InsetsSource: {mType=ITYPE_LEFT_GESTURES, mFrame=[0,0][130,2400], mVisible=true, mInsetsRoundedCornerFrame=false}, InsetsSource: {mType=ITYPE_RIGHT_GESTURES, mFrame=[950,0][1080,2400], mVisible=true, mInsetsRoundedCornerFrame=false}, InsetsSource: {mType=ITYPE_TOP_MANDATORY_GESTURES, mFrame=[0,0][1080,120], mVisible=true, mInsetsRoundedCornerFrame=false}, InsetsSource: {mType=ITYPE_BOTTOM_MANDATORY_GESTURES, mFrame=[0,2316][1080,2400], mVisible=true, mInsetsRoundedCornerFrame=false}, InsetsSource: {mType=ITYPE_LEFT_DISPLAY_CUTOUT, mFrame=[0,0][-100000,2400], mVisible=true, mInsetsRoundedCornerFrame=false}, InsetsSource: {mType=ITYPE_TOP_DISPLAY_CUTOUT, mFrame=[0,0][1080,88], mVisible=true, mInsetsRoundedCornerFrame=false}, InsetsSource: {mType=ITYPE_RIGHT_DISPLAY_CUTOUT, mFrame=[100000,0][1080,2400], mVisible=true, mInsetsRoundedCornerFrame=false}, InsetsSource: {mType=ITYPE_BOTTOM_DISPLAY_CUTOUT, mFrame=[0,100000][1080,2400], mVisible=true, mInsetsRoundedCornerFrame=false}, InsetsSource: {mType=ITYPE_TOP_TAPPABLE_ELEMENT, mFrame=[0,0][1080,88], mVisible=true, mInsetsRoundedCornerFrame=false}, InsetsSource: {mType=ITYPE_BOTTOM_TAPPABLE_ELEMENT, mFrame=[0,0][0,0], mVisible=true, mInsetsRoundedCornerFrame=false} } host=com.lagradost.cloudstream3/com.lagradost.cloudstream3.MainActivity from=android.view.ViewRootImpl.relayoutWindow:9802
10-04 21:05:37.478 11827 11827 I ViewRootImpl@8c0d9ef[MainActivity]: Relayout returned: old=(0,0,1080,2400) new=(0,0,1080,2400) req=(1080,2400)8 dur=13 res=0x2 s={false 0x0} ch=true seqId=0
10-04 21:05:37.484 11827 11827 D SurfaceView@26a0f18: updateSurface: has no frame
10-04 21:05:37.501 11827 11827 D SurfaceView@26a0f18: updateSurface: has no frame
10-04 21:05:37.518 11827 11827 D SurfaceView@26a0f18: updateSurface: has no frame
10-04 21:05:37.529 11827 11827 I ViewRootImpl@8c0d9ef[MainActivity]: MSG_WINDOW_FOCUS_CHANGED 0 0
10-04 21:05:37.534 11827 11827 I ViewRootImpl@fd04a9[MainActivity]: MSG_WINDOW_FOCUS_CHANGED 1 0
10-04 21:05:37.535 11827 11827 I ViewRootImpl@fd04a9[MainActivity]: mThreadedRenderer.initializeIfNeeded()#2 mSurface={isValid=true 0x7b5d011800}
10-04 21:05:37.550 11827 11827 D InputMethodManager: startInputInner - Id : 0
10-04 21:05:37.550 11827 11827 I InputMethodManager: startInputInner - mService.startInputOrWindowGainedFocus
10-04 21:05:37.556 11827 11827 D SurfaceView@26a0f18: updateSurface: has no frame
10-04 21:05:37.568 11827 11827 I MSHandlerLifeCycle: check: return. pkg=com.lagradost.cloudstream3 isActivity=false callers=com.android.internal.policy.DecorView.setVisibility:4412 android.app.Dialog.hide:767 com.lagradost.cloudstream3.utils.AppContextUtils.ownHide:123 com.lagradost.cloudstream3.ui.home.HomeFragment.onDestroyView:459 androidx.fragment.app.Fragment.performDestroyView:3357 
10-04 21:05:37.569 11827 11827 I MSHandlerLifeCycle: removeMultiSplitHandler: no exist. decor=DecorView@f0e001b[MainActivity]
10-04 21:05:37.570 11827 11827 D SurfaceView@26a0f18: updateSurface: has no frame
10-04 21:05:37.585 11827 11827 D SurfaceView@26a0f18: updateSurface: has no frame
10-04 21:05:37.601 11827 11827 D SurfaceView@26a0f18: updateSurface: has no frame
10-04 21:05:37.618 11827 11827 D SurfaceView@26a0f18: updateSurface: has no frame
10-04 21:05:37.634 11827 11827 D SurfaceView@26a0f18: updateSurface: has no frame
10-04 21:05:37.651 11827 11827 D SurfaceView@26a0f18: updateSurface: has no frame
10-04 21:05:37.668 11827 11827 D SurfaceView@26a0f18: updateSurface: has no frame
10-04 21:05:37.684 11827 11827 D SurfaceView@26a0f18: updateSurface: has no frame
10-04 21:05:37.701 11827 11827 D SurfaceView@26a0f18: updateSurface: has no frame
10-04 21:05:37.718 11827 11827 D SurfaceView@26a0f18: updateSurface: has no frame
10-04 21:05:37.735 11827 11827 D SurfaceView@26a0f18: updateSurface: has no frame
10-04 21:05:37.751 11827 11827 D SurfaceView@26a0f18: updateSurface: has no frame
10-04 21:05:37.768 11827 11827 D SurfaceView@26a0f18: updateSurface: has no frame
10-04 21:05:37.785 11827 11827 D SurfaceView@26a0f18: updateSurface: has no frame
10-04 21:05:37.801 11827 11827 D SurfaceView@26a0f18: updateSurface: has no frame
10-04 21:05:37.818 11827 11827 D SurfaceView@26a0f18: updateSurface: has no frame
10-04 21:05:37.834 11827 11827 D SurfaceView@26a0f18: updateSurface: has no frame
10-04 21:05:37.851 11827 11827 D SurfaceView@26a0f18: updateSurface: has no frame
10-04 21:05:37.868 11827 11827 D SurfaceView@26a0f18: updateSurface: has no frame
10-04 21:05:37.884 11827 11827 D SurfaceView@26a0f18: updateSurface: has no frame
10-04 21:05:37.901 11827 11827 D SurfaceView@26a0f18: updateSurface: has no frame
10-04 21:05:37.918 11827 11827 D SurfaceView@26a0f18: updateSurface: has no frame
10-04 21:05:37.934 11827 11827 D SurfaceView@26a0f18: updateSurface: has no frame
10-04 21:05:37.951 11827 11827 D SurfaceView@26a0f18: updateSurface: has no frame
10-04 21:05:37.968 11827 11827 D SurfaceView@26a0f18: updateSurface: has no frame
10-04 21:05:37.984 11827 11827 D SurfaceView@26a0f18: updateSurface: has no frame
10-04 21:05:38.001 11827 11827 D SurfaceView@26a0f18: updateSurface: has no frame
10-04 21:05:38.017 11827 11827 D SurfaceView@26a0f18: updateSurface: has no frame
10-04 21:05:38.034 11827 11827 D SurfaceView@26a0f18: updateSurface: has no frame
10-04 21:05:38.051 11827 11827 D SurfaceView@26a0f18: updateSurface: has no frame
10-04 21:05:38.067 11827 11827 D SurfaceView@26a0f18: updateSurface: has no frame
10-04 21:05:38.084 11827 11827 D SurfaceView@26a0f18: updateSurface: has no frame
10-04 21:05:38.101 11827 11827 D SurfaceView@26a0f18: updateSurface: has no frame
10-04 21:05:38.117 11827 11827 D SurfaceView@26a0f18: updateSurface: has no frame
10-04 21:05:38.134 11827 11827 D SurfaceView@26a0f18: updateSurface: has no frame
10-04 21:05:38.151 11827 11827 D SurfaceView@26a0f18: updateSurface: has no frame
10-04 21:05:38.167 11827 11827 D SurfaceView@26a0f18: updateSurface: has no frame
10-04 21:05:38.184 11827 11827 D SurfaceView@26a0f18: updateSurface: has no frame
10-04 21:05:38.201 11827 11827 D SurfaceView@26a0f18: updateSurface: has no frame
10-04 21:05:38.217 11827 11827 D SurfaceView@26a0f18: updateSurface: has no frame
10-04 21:05:38.234 11827 11827 D SurfaceView@26a0f18: updateSurface: has no frame
10-04 21:05:38.251 11827 11827 D SurfaceView@26a0f18: updateSurface: has no frame
10-04 21:05:38.267 11827 11827 D SurfaceView@26a0f18: updateSurface: has no frame
10-04 21:05:38.284 11827 11827 D SurfaceView@26a0f18: updateSurface: has no frame
10-04 21:05:38.301 11827 11827 D SurfaceView@26a0f18: updateSurface: has no frame
10-04 21:05:38.317 11827 11827 D SurfaceView@26a0f18: updateSurface: has no frame
10-04 21:05:38.334 11827 11827 D SurfaceView@26a0f18: updateSurface: has no frame
10-04 21:05:38.350 11827 11827 D SurfaceView@26a0f18: updateSurface: has no frame
10-04 21:05:38.367 11827 11827 D SurfaceView@26a0f18: updateSurface: has no frame
10-04 21:05:38.384 11827 11827 D SurfaceView@26a0f18: updateSurface: has no frame
10-04 21:05:38.400 11827 11827 D SurfaceView@26a0f18: updateSurface: has no frame
10-04 21:05:38.417 11827 11827 D SurfaceView@26a0f18: updateSurface: has no frame
10-04 21:05:38.434 11827 11827 D SurfaceView@26a0f18: updateSurface: has no frame
10-04 21:05:38.451 11827 11827 D SurfaceView@26a0f18: updateSurface: has no frame
10-04 21:05:38.467 11827 11827 D SurfaceView@26a0f18: updateSurface: has no frame
10-04 21:05:38.484 11827 11827 D SurfaceView@26a0f18: updateSurface: has no frame
10-04 21:05:38.500 11827 11827 D SurfaceView@26a0f18: updateSurface: has no frame
10-04 21:05:38.517 11827 11827 D SurfaceView@26a0f18: updateSurface: has no frame
10-04 21:05:38.534 11827 11827 D SurfaceView@26a0f18: updateSurface: has no frame
10-04 21:05:38.550 11827 11827 D SurfaceView@26a0f18: updateSurface: has no frame
10-04 21:05:38.567 11827 11827 D SurfaceView@26a0f18: updateSurface: has no frame
10-04 21:05:38.584 11827 11827 D SurfaceView@26a0f18: updateSurface: has no frame
10-04 21:05:38.600 11827 11827 D SurfaceView@26a0f18: updateSurface: has no frame
10-04 21:05:38.617 11827 11827 D SurfaceView@26a0f18: updateSurface: has no frame
10-04 21:05:38.634 11827 11827 D SurfaceView@26a0f18: updateSurface: has no frame
10-04 21:05:38.650 11827 11827 D SurfaceView@26a0f18: updateSurface: has no frame
10-04 21:05:38.667 11827 11827 D SurfaceView@26a0f18: updateSurface: has no frame
10-04 21:05:38.683 11827 11827 D SurfaceView@26a0f18: updateSurface: has no frame
10-04 21:05:38.700 11827 11827 D SurfaceView@26a0f18: updateSurface: has no frame
10-04 21:05:38.717 11827 11827 D SurfaceView@26a0f18: updateSurface: has no frame
10-04 21:05:38.733 11827 11827 D SurfaceView@26a0f18: updateSurface: has no frame
10-04 21:05:38.750 11827 11827 D SurfaceView@26a0f18: updateSurface: has no frame
10-04 21:05:38.767 11827 11827 D SurfaceView@26a0f18: updateSurface: has no frame
10-04 21:05:38.784 11827 11827 D SurfaceView@26a0f18: updateSurface: has no frame
10-04 21:05:38.800 11827 11827 D SurfaceView@26a0f18: updateSurface: has no frame
10-04 21:05:38.817 11827 11827 D SurfaceView@26a0f18: updateSurface: has no frame
10-04 21:05:38.833 11827 11827 D SurfaceView@26a0f18: updateSurface: has no frame
10-04 21:05:38.850 11827 11827 D SurfaceView@26a0f18: updateSurface: has no frame
10-04 21:05:38.867 11827 11827 D SurfaceView@26a0f18: updateSurface: has no frame
10-04 21:05:38.883 11827 11827 D SurfaceView@26a0f18: updateSurface: has no frame
10-04 21:05:38.900 11827 11827 D SurfaceView@26a0f18: updateSurface: has no frame
10-04 21:05:38.917 11827 11827 D SurfaceView@26a0f18: updateSurface: has no frame
10-04 21:05:38.933 11827 11827 D SurfaceView@26a0f18: updateSurface: has no frame
10-04 21:05:38.950 11827 11827 D SurfaceView@26a0f18: updateSurface: has no frame
10-04 21:05:38.967 11827 11827 D SurfaceView@26a0f18: updateSurface: has no frame
10-04 21:05:38.984 11827 11827 D SurfaceView@26a0f18: updateSurface: has no frame
10-04 21:05:39.000 11827 11827 D SurfaceView@26a0f18: updateSurface: has no frame
10-04 21:05:39.017 11827 11827 D SurfaceView@26a0f18: updateSurface: has no frame
10-04 21:05:39.033 11827 11827 D SurfaceView@26a0f18: updateSurface: has no frame
10-04 21:05:39.050 11827 11827 D SurfaceView@26a0f18: updateSurface: has no frame
10-04 21:05:39.067 11827 11827 D SurfaceView@26a0f18: updateSurface: has no frame
10-04 21:05:39.083 11827 11827 D SurfaceView@26a0f18: updateSurface: has no frame
10-04 21:05:39.100 11827 11827 D SurfaceView@26a0f18: updateSurface: has no frame
10-04 21:05:39.116 11827 11827 D SurfaceView@26a0f18: updateSurface: has no frame
10-04 21:05:39.133 11827 11827 D SurfaceView@26a0f18: updateSurface: has no frame
10-04 21:05:39.150 11827 11827 D SurfaceView@26a0f18: updateSurface: has no frame
10-04 21:05:39.166 11827 11827 D SurfaceView@26a0f18: updateSurface: has no frame
10-04 21:05:39.183 11827 11827 D SurfaceView@26a0f18: updateSurface: has no frame
10-04 21:05:39.200 11827 11827 D SurfaceView@26a0f18: updateSurface: has no frame
10-04 21:05:39.216 11827 11827 D SurfaceView@26a0f18: updateSurface: has no frame
10-04 21:05:39.233 11827 11827 D SurfaceView@26a0f18: updateSurface: has no frame
10-04 21:05:39.250 11827 11827 D SurfaceView@26a0f18: updateSurface: has no frame
10-04 21:05:39.266 11827 11827 D SurfaceView@26a0f18: updateSurface: has no frame
10-04 21:05:39.284 11827 11827 D SurfaceView@26a0f18: updateSurface: has no frame
10-04 21:05:39.299 11827 11827 D SurfaceView@26a0f18: updateSurface: has no frame
10-04 21:05:39.317 11827 11827 D SurfaceView@26a0f18: updateSurface: has no frame
10-04 21:05:39.333 11827 11827 D SurfaceView@26a0f18: updateSurface: has no frame
10-04 21:05:39.349 11827 11827 D SurfaceView@26a0f18: updateSurface: has no frame
10-04 21:05:39.366 11827 11827 D SurfaceView@26a0f18: updateSurface: has no frame
10-04 21:05:39.383 11827 11827 D SurfaceView@26a0f18: updateSurface: has no frame
10-04 21:05:39.400 11827 11827 D SurfaceView@26a0f18: updateSurface: has no frame
10-04 21:05:39.416 11827 11827 D SurfaceView@26a0f18: updateSurface: has no frame
10-04 21:05:39.433 11827 11827 D SurfaceView@26a0f18: updateSurface: has no frame
10-04 21:05:39.450 11827 11827 D SurfaceView@26a0f18: updateSurface: has no frame
10-04 21:05:39.466 11827 11827 D SurfaceView@26a0f18: updateSurface: has no frame
10-04 21:05:39.482 11827 11827 D SurfaceView@26a0f18: updateSurface: has no frame
10-04 21:05:39.499 11827 11827 D SurfaceView@26a0f18: updateSurface: has no frame
10-04 21:05:39.516 11827 11827 D SurfaceView@26a0f18: updateSurface: has no frame
10-04 21:05:39.532 11827 11827 D SurfaceView@26a0f18: updateSurface: has no frame
10-04 21:05:39.549 11827 11827 D SurfaceView@26a0f18: updateSurface: has no frame
10-04 21:05:39.566 11827 11827 D SurfaceView@26a0f18: updateSurface: has no frame
10-04 21:05:39.582 11827 11827 D SurfaceView@26a0f18: updateSurface: has no frame
10-04 21:05:39.599 11827 11827 D SurfaceView@26a0f18: updateSurface: has no frame
10-04 21:05:39.616 11827 11827 D SurfaceView@26a0f18: updateSurface: has no frame
10-04 21:05:39.632 11827 11827 D SurfaceView@26a0f18: updateSurface: has no frame
10-04 21:05:39.649 11827 11827 D SurfaceView@26a0f18: updateSurface: has no frame
10-04 21:05:39.666 11827 11827 D SurfaceView@26a0f18: updateSurface: has no frame
10-04 21:05:39.682 11827 11827 D SurfaceView@26a0f18: updateSurface: has no frame
10-04 21:05:39.699 11827 11827 D SurfaceView@26a0f18: updateSurface: has no frame
10-04 21:05:39.716 11827 11827 D SurfaceView@26a0f18: updateSurface: has no frame
10-04 21:05:39.732 11827 11827 D SurfaceView@26a0f18: updateSurface: has no frame
10-04 21:05:39.749 11827 11827 D SurfaceView@26a0f18: updateSurface: has no frame
10-04 21:05:39.766 11827 11827 D SurfaceView@26a0f18: updateSurface: has no frame
10-04 21:05:39.783 11827 11827 D SurfaceView@26a0f18: updateSurface: has no frame
10-04 21:05:39.799 11827 11827 D SurfaceView@26a0f18: updateSurface: has no frame
10-04 21:05:39.816 11827 11827 D SurfaceView@26a0f18: updateSurface: has no frame
10-04 21:05:39.833 11827 11827 D SurfaceView@26a0f18: updateSurface: has no frame
10-04 21:05:39.849 11827 11827 D SurfaceView@26a0f18: updateSurface: has no frame
10-04 21:05:39.866 11827 11827 D SurfaceView@26a0f18: updateSurface: has no frame
10-04 21:05:39.882 11827 11827 D SurfaceView@26a0f18: updateSurface: has no frame
10-04 21:05:39.899 11827 11827 D SurfaceView@26a0f18: updateSurface: has no frame
10-04 21:05:39.917 11827 11827 D SurfaceView@26a0f18: updateSurface: has no frame
10-04 21:05:39.938 11827 11827 D SurfaceView@26a0f18: updateSurface: has no frame
10-04 21:05:39.952 11827 11827 D SurfaceView@26a0f18: updateSurface: has no frame
10-04 21:05:39.969 11827 11827 D SurfaceView@26a0f18: updateSurface: has no frame
10-04 21:05:39.978 11827 11836 I st.cloudstream3: Background concurrent copying GC freed 14MB AllocSpace bytes, 63(9192KB) LOS objects, 44% free, 30MB/54MB, paused 328us,97us total 199.811ms
10-04 21:05:39.982 11827 11827 D SurfaceView@26a0f18: updateSurface: has no frame
10-04 21:05:39.985 11827 11837 D InputTransport: Input channel destroyed: 'ClientS', fd=121
10-04 21:05:39.999 11827 11827 D SurfaceView@26a0f18: updateSurface: has no frame
10-04 21:05:40.015 11827 11827 D SurfaceView@26a0f18: updateSurface: has no frame
10-04 21:05:40.032 11827 11827 D SurfaceView@26a0f18: updateSurface: has no frame
10-04 21:05:40.049 11827 11827 D SurfaceView@26a0f18: updateSurface: has no frame
10-04 21:05:40.065 11827 11827 D SurfaceView@26a0f18: updateSurface: has no frame
10-04 21:05:40.082 11827 11827 D SurfaceView@26a0f18: updateSurface: has no frame
10-04 21:05:40.099 11827 11827 D SurfaceView@26a0f18: updateSurface: has no frame
10-04 21:05:40.115 11827 11827 D SurfaceView@26a0f18: updateSurface: has no frame
10-04 21:05:40.132 11827 11827 D SurfaceView@26a0f18: updateSurface: has no frame
10-04 21:05:40.148 11827 11827 D SurfaceView@26a0f18: updateSurface: has no frame
10-04 21:05:40.165 11827 11827 D SurfaceView@26a0f18: updateSurface: has no frame
10-04 21:05:40.182 11827 11827 D SurfaceView@26a0f18: updateSurface: has no frame
10-04 21:05:40.198 11827 11827 D SurfaceView@26a0f18: updateSurface: has no frame
10-04 21:05:40.215 11827 11827 D SurfaceView@26a0f18: updateSurface: has no frame
10-04 21:05:40.232 11827 11827 D SurfaceView@26a0f18: updateSurface: has no frame
10-04 21:05:40.248 11827 11827 D SurfaceView@26a0f18: updateSurface: has no frame
10-04 21:05:40.265 11827 11827 D SurfaceView@26a0f18: updateSurface: has no frame
10-04 21:05:40.282 11827 11827 D SurfaceView@26a0f18: updateSurface: has no frame
10-04 21:05:40.299 11827 11827 D SurfaceView@26a0f18: updateSurface: has no frame
10-04 21:05:40.315 11827 11827 D SurfaceView@26a0f18: updateSurface: has no frame
10-04 21:05:40.332 11827 11827 D SurfaceView@26a0f18: updateSurface: has no frame
10-04 21:05:40.348 11827 11827 D SurfaceView@26a0f18: updateSurface: has no frame
10-04 21:05:40.365 11827 11827 D SurfaceView@26a0f18: updateSurface: has no frame
10-04 21:05:40.382 11827 11827 D SurfaceView@26a0f18: updateSurface: has no frame
10-04 21:05:40.398 11827 11827 D SurfaceView@26a0f18: updateSurface: has no frame
10-04 21:05:40.415 11827 11827 D SurfaceView@26a0f18: updateSurface: has no frame
10-04 21:05:40.432 11827 11827 D SurfaceView@26a0f18: updateSurface: has no frame
10-04 21:05:40.448 11827 11827 D SurfaceView@26a0f18: updateSurface: has no frame
10-04 21:05:40.465 11827 11827 D SurfaceView@26a0f18: updateSurface: has no frame
10-04 21:05:40.482 11827 11827 D SurfaceView@26a0f18: updateSurface: has no frame
10-04 21:05:40.498 11827 11827 D SurfaceView@26a0f18: updateSurface: has no frame
10-04 21:05:40.515 11827 11827 D SurfaceView@26a0f18: updateSurface: has no frame
10-04 21:05:40.532 11827 11827 D SurfaceView@26a0f18: updateSurface: has no frame
10-04 21:05:40.548 11827 11827 D SurfaceView@26a0f18: updateSurface: has no frame
10-04 21:05:40.565 11827 11827 D SurfaceView@26a0f18: updateSurface: has no frame
10-04 21:05:40.581 11827 11827 D SurfaceView@26a0f18: updateSurface: has no frame
10-04 21:05:40.598 11827 11827 D SurfaceView@26a0f18: updateSurface: has no frame
10-04 21:05:40.615 11827 11827 D SurfaceView@26a0f18: updateSurface: has no frame
10-04 21:05:40.632 11827 11827 D SurfaceView@26a0f18: updateSurface: has no frame
10-04 21:05:40.649 11827 11827 D SurfaceView@26a0f18: updateSurface: has no frame
10-04 21:05:40.665 11827 11827 D SurfaceView@26a0f18: updateSurface: has no frame
10-04 21:05:40.682 11827 11827 D SurfaceView@26a0f18: updateSurface: has no frame
10-04 21:05:40.698 11827 11827 D SurfaceView@26a0f18: updateSurface: has no frame
10-04 21:05:40.715 11827 11827 D SurfaceView@26a0f18: updateSurface: has no frame
10-04 21:05:40.732 11827 11827 D SurfaceView@26a0f18: updateSurface: has no frame
10-04 21:05:40.748 11827 11827 D SurfaceView@26a0f18: updateSurface: has no frame
10-04 21:05:40.765 11827 11827 D SurfaceView@26a0f18: updateSurface: has no frame
10-04 21:05:40.782 11827 11827 D SurfaceView@26a0f18: updateSurface: has no frame
10-04 21:05:40.798 11827 11827 D SurfaceView@26a0f18: updateSurface: has no frame
10-04 21:05:40.815 11827 11827 D SurfaceView@26a0f18: updateSurface: has no frame
10-04 21:05:40.832 11827 11827 D SurfaceView@26a0f18: updateSurface: has no frame
10-04 21:05:40.848 11827 11827 D SurfaceView@26a0f18: updateSurface: has no frame
10-04 21:05:40.863 11827 11882 I RVM2    : applyMeta
10-04 21:05:40.865 11827 11827 D SurfaceView@26a0f18: updateSurface: has no frame
10-04 21:05:40.873 11827 11827 W PanelsChildGestureRegionObserver: failed to register view with ID 2131362800. already registered
10-04 21:05:40.876 11827 11827 E CoilImgLoader: Error loading image: coil3.request.NullRequestDataException: The request's data is null.
10-04 21:05:40.881 11827 11827 E CoilImgLoader: Error loading image: coil3.request.NullRequestDataException: The request's data is null.
10-04 21:05:40.919 11827 11875 I SYNCVM  : addFromUrl = https://wecima.now/watch/%d9%85%d8%b4%d8%a7%d9%87%d8%af%d8%a9-%d9%85%d8%b3%d9%84%d8%b3%d9%84-the-19th-medical-chart-%d9%85%d9%88%d8%b3%d9%85-1-%d8%ad%d9%84%d9%82%d8%a9-8-%d9%88%d8%a7%d9%84%d8%a3%d8%ae%d9%8a%d8%b1%d8%a9/
10-04 21:05:40.919 11827 11875 I SYNCUTIL: getIdsFromUrl https://wecima.now/watch/%d9%85%d8%b4%d8%a7%d9%87%d8%af%d8%a9-%d9%85%d8%b3%d9%84%d8%b3%d9%84-the-19th-medical-chart-%d9%85%d9%88%d8%b3%d9%85-1-%d8%ad%d9%84%d9%82%d8%a9-8-%d9%88%d8%a7%d9%84%d8%a3%d8%ae%d9%8a%d8%b1%d8%a9/
10-04 21:05:41.024 11827 11827 D SurfaceView@26a0f18: updateSurface: has no frame
10-04 21:05:41.026 11827 11827 I SurfaceView@26a0f18: Changes: creating=true format=true size=true visible=true alpha=false hint=false mUseAlpha=false visible=true left=true top=true
10-04 21:05:41.028 11827 11827 I BLASTBufferQueue: update, w= 1080 h= 525 mName = null mNativeObject= 0x7b5cf4d000 sc.mNativeObject= 0x7b34f25da0 format= 4 caller= android.view.SurfaceView.createBlastSurfaceControls:1383 android.view.SurfaceView.updateSurface:1079 android.view.SurfaceView.lambda$new$0$android-view-SurfaceView:200 android.view.SurfaceView$$ExternalSyntheticLambda5.onPreDraw:2 android.view.ViewTreeObserver.dispatchOnPreDraw:1121 android.view.ViewRootImpl.performTraversals:4442 
10-04 21:05:41.028 11827 11827 I SurfaceView@26a0f18: 40505112 Cur surface: Surface(name=null)/@0x90b2c49
10-04 21:05:41.028 11827 11827 I SurfaceView@26a0f18: pST: sr = Rect(0, 218 - 1080, 743) sw = 1080 sh = 525
10-04 21:05:41.028 11827 11827 D SurfaceView@26a0f18: performSurfaceTransaction RenderWorker position = [0, 218, 1080, 743] surfaceSize = 1080x525
10-04 21:05:41.029 11827 11827 I SurfaceView@26a0f18: applyTransactionOnVriDraw: vri = ViewRootImpl@fd04a9[MainActivity] fRS = false t = 0x7aef892c00 android.view.SurfaceView.performSurfaceTransaction:959 android.view.SurfaceView.updateSurface:1105 android.view.SurfaceView.lambda$new$0$android-view-SurfaceView:200 
10-04 21:05:41.029 11827 11827 I ViewRootImpl@fd04a9[MainActivity]: applyTransactionOnDraw: mRemoved = false isHardwareEnabled = true t = 0x7aef892c00android.view.SurfaceView.applyTransactionOnVriDraw:2048 android.view.SurfaceView.performSurfaceTransaction:959 android.view.SurfaceView.updateSurface:1105 android.view.SurfaceView.lambda$new$0$android-view-SurfaceView:200 android.view.SurfaceView$$ExternalSyntheticLambda5.onPreDraw:2 
10-04 21:05:41.029 11827 11827 I SurfaceView@26a0f18: updateSurface: mVisible = true mSurface.isValid() = true
10-04 21:05:41.029 11827 11827 I SurfaceView@26a0f18: updateSurface: mSurfaceCreated = false surfaceChanged = true visibleChanged = true
10-04 21:05:41.029 11827 11827 I SurfaceView@26a0f18: visibleChanged -- surfaceCreated
10-04 21:05:41.029 11827 11827 I SurfaceView@26a0f18: surfaceCreated 0 #8 android.view.SurfaceView{26a0f18 V.E...... ......ID 0,0-1080,525}
10-04 21:05:41.029 11827 11827 I SurfaceView@26a0f18: surfaceChanged -- format=4 w=1080 h=525
10-04 21:05:41.029 11827 11827 I SurfaceView@26a0f18: surfaceChanged (1080,525) 0 #8 android.view.SurfaceView{26a0f18 V.E...... ......ID 0,0-1080,525}
10-04 21:05:41.029 11827 11827 I SurfaceView@26a0f18: surfaceRedrawNeeded
10-04 21:05:41.029 11827 11827 V SurfaceView@26a0f18: Layout: x=0 y=218 w=1080 h=525, frame=Rect(0, 0 - 1080, 525)
10-04 21:05:41.039 11827 11928 D SurfaceView@26a0f18: updateSurfacePosition RenderWorker, frameNr = 847, position = [0, 218, 1080, 743] surfaceSize = 1080x525
10-04 21:05:41.039 11827 11928 I SurfaceView@26a0f18: uSP: rtp = Rect(0, 218 - 1080, 743) rtsw = 1080 rtsh = 525
10-04 21:05:41.040 11827 11928 I SurfaceView@26a0f18: onSSPAndSRT: pl = 0 pt = 218 sx = 1.0 sy = 1.0
10-04 21:05:41.040 11827 11928 I SurfaceView@26a0f18: aOrMT: ViewRootImpl@fd04a9[MainActivity] t = android.view.SurfaceControl$Transaction@15137c fN = 847 android.view.SurfaceView.-$$Nest$mapplyOrMergeTransaction:0 android.view.SurfaceView$SurfaceViewPositionUpdateListener.positionChanged:1537 android.graphics.RenderNode$CompositePositionUpdateListener.positionChanged:373 
10-04 21:05:41.040 11827 11928 I ViewRootImpl@fd04a9[MainActivity]: mWNT: t=0x7aef892e00 mBlastBufferQueue=0x7b3dc82900 fn= 847 caller= android.view.SurfaceView.applyOrMergeTransaction:1455 android.view.SurfaceView.-$$Nest$mapplyOrMergeTransaction:0 android.view.SurfaceView$SurfaceViewPositionUpdateListener.positionChanged:1537 
10-04 21:05:41.041 11827 11928 I ViewRootImpl@fd04a9[MainActivity]: mWNT: t=0x7aef892c00 mBlastBufferQueue=0x7b3dc82900 fn= 847 caller= android.view.ViewRootImpl.lambda$applyTransactionOnDraw$11$android-view-ViewRootImpl:12865 android.view.ViewRootImpl$$ExternalSyntheticLambda1.onFrameDraw:4 android.graphics.HardwareRenderer$FrameDrawingCallback.onFrameDraw:924 
10-04 21:05:41.094 11827 11827 I SurfaceView@26a0f18: finishedDrawing
10-04 21:05:42.263 11827 11827 I ViewRootImpl@fd04a9[MainActivity]: ViewPostIme pointer 0
10-04 21:05:42.308 11827 11827 I SurfaceView@26a0f18: Changes: creating=false format=false size=false visible=false alpha=false hint=false mUseAlpha=false visible=false left=false top=true
10-04 21:05:42.308 11827 11827 I SurfaceView@26a0f18: 40505112 Cur surface: Surface(name=null)/@0x90b2c49
10-04 21:05:42.309 11827 11827 I SurfaceView@26a0f18: applyTransactionOnVriDraw: vri = ViewRootImpl@fd04a9[MainActivity] fRS = false t = 0x7aef95e600 android.view.SurfaceView.performSurfaceTransaction:959 android.view.SurfaceView.updateSurface:1105 android.view.SurfaceView.lambda$new$0$android-view-SurfaceView:200 
