10-04 18:27:52.478 12320 12320 D SurfaceView@3ede9dd: updateSurface: has no frame
10-04 18:27:52.494 12320 12320 D SurfaceView@3ede9dd: updateSurface: has no frame
10-04 18:27:52.511 12320 12320 D SurfaceView@3ede9dd: updateSurface: has no frame
10-04 18:27:52.528 12320 12320 D SurfaceView@3ede9dd: updateSurface: has no frame
10-04 18:27:52.544 12320 12320 D SurfaceView@3ede9dd: updateSurface: has no frame
10-04 18:27:52.561 12320 12320 D SurfaceView@3ede9dd: updateSurface: has no frame
10-04 18:27:52.577 12320 12320 D SurfaceView@3ede9dd: updateSurface: has no frame
10-04 18:27:52.594 12320 12320 D SurfaceView@3ede9dd: updateSurface: has no frame
10-04 18:27:52.611 12320 12320 D SurfaceView@3ede9dd: updateSurface: has no frame
10-04 18:27:52.628 12320 12320 D SurfaceView@3ede9dd: updateSurface: has no frame
10-04 18:27:52.644 12320 12320 D SurfaceView@3ede9dd: updateSurface: has no frame
10-04 18:27:52.661 12320 12320 D SurfaceView@3ede9dd: updateSurface: has no frame
10-04 18:27:52.677 12320 12320 D SurfaceView@3ede9dd: updateSurface: has no frame
10-04 18:27:52.694 12320 12320 D SurfaceView@3ede9dd: updateSurface: has no frame
10-04 18:27:52.711 12320 12320 D SurfaceView@3ede9dd: updateSurface: has no frame
10-04 18:27:52.728 12320 12320 D SurfaceView@3ede9dd: updateSurface: has no frame
10-04 18:27:52.744 12320 12320 D SurfaceView@3ede9dd: updateSurface: has no frame
10-04 18:27:52.761 12320 12320 D SurfaceView@3ede9dd: updateSurface: has no frame
10-04 18:27:52.777 12320 12320 D SurfaceView@3ede9dd: updateSurface: has no frame
10-04 18:27:52.794 12320 12320 D SurfaceView@3ede9dd: updateSurface: has no frame
10-04 18:27:52.811 12320 12320 D SurfaceView@3ede9dd: updateSurface: has no frame
10-04 18:27:52.828 12320 12320 D SurfaceView@3ede9dd: updateSurface: has no frame
10-04 18:27:52.844 12320 12320 D SurfaceView@3ede9dd: updateSurface: has no frame
10-04 18:27:52.861 12320 12320 D SurfaceView@3ede9dd: updateSurface: has no frame
10-04 18:27:52.878 12320 12320 D SurfaceView@3ede9dd: updateSurface: has no frame
10-04 18:27:52.894 12320 12320 D SurfaceView@3ede9dd: updateSurface: has no frame
10-04 18:27:52.911 12320 12320 D SurfaceView@3ede9dd: updateSurface: has no frame
10-04 18:27:52.928 12320 12320 D SurfaceView@3ede9dd: updateSurface: has no frame
10-04 18:27:52.944 12320 12320 D SurfaceView@3ede9dd: updateSurface: has no frame
10-04 18:27:52.961 12320 12320 D SurfaceView@3ede9dd: updateSurface: has no frame
10-04 18:27:52.977 12320 12320 D SurfaceView@3ede9dd: updateSurface: has no frame
10-04 18:27:52.994 12320 12320 D SurfaceView@3ede9dd: updateSurface: has no frame
10-04 18:27:53.011 12320 12320 D SurfaceView@3ede9dd: updateSurface: has no frame
10-04 18:27:53.027 12320 12320 D SurfaceView@3ede9dd: updateSurface: has no frame
10-04 18:27:53.044 12320 12320 D SurfaceView@3ede9dd: updateSurface: has no frame
10-04 18:27:53.061 12320 12320 D SurfaceView@3ede9dd: updateSurface: has no frame
10-04 18:27:53.077 12320 12320 D SurfaceView@3ede9dd: updateSurface: has no frame
10-04 18:27:53.094 12320 12320 D SurfaceView@3ede9dd: updateSurface: has no frame
10-04 18:27:53.111 12320 12320 D SurfaceView@3ede9dd: updateSurface: has no frame
10-04 18:27:53.127 12320 12320 D SurfaceView@3ede9dd: updateSurface: has no frame
10-04 18:27:53.144 12320 12320 D SurfaceView@3ede9dd: updateSurface: has no frame
10-04 18:27:53.161 12320 12320 D SurfaceView@3ede9dd: updateSurface: has no frame
10-04 18:27:53.177 12320 12320 D SurfaceView@3ede9dd: updateSurface: has no frame
10-04 18:27:53.194 12320 12320 D SurfaceView@3ede9dd: updateSurface: has no frame
10-04 18:27:53.210 12320 12320 D SurfaceView@3ede9dd: updateSurface: has no frame
10-04 18:27:53.227 12320 12320 D SurfaceView@3ede9dd: updateSurface: has no frame
10-04 18:27:53.244 12320 12320 D SurfaceView@3ede9dd: updateSurface: has no frame
10-04 18:27:53.260 12320 12320 D SurfaceView@3ede9dd: updateSurface: has no frame
10-04 18:27:53.277 12320 12320 D SurfaceView@3ede9dd: updateSurface: has no frame
10-04 18:27:53.294 12320 12320 D SurfaceView@3ede9dd: updateSurface: has no frame
10-04 18:27:53.310 12320 12320 D SurfaceView@3ede9dd: updateSurface: has no frame
10-04 18:27:53.327 12320 12320 D SurfaceView@3ede9dd: updateSurface: has no frame
10-04 18:27:53.345 12320 12320 D SurfaceView@3ede9dd: updateSurface: has no frame
10-04 18:27:53.362 12320 12320 D SurfaceView@3ede9dd: updateSurface: has no frame
10-04 18:27:53.379 12320 12320 D SurfaceView@3ede9dd: updateSurface: has no frame
10-04 18:27:53.394 12320 12320 D SurfaceView@3ede9dd: updateSurface: has no frame
10-04 18:27:53.410 12320 12320 D SurfaceView@3ede9dd: updateSurface: has no frame
10-04 18:27:53.427 12320 12320 D SurfaceView@3ede9dd: updateSurface: has no frame
10-04 18:27:53.436 12320 12388 I RVM2    : applyMeta
10-04 18:27:53.444 12320 12320 D SurfaceView@3ede9dd: updateSurface: has no frame
10-04 18:27:53.460 12320 12320 D SurfaceView@3ede9dd: updateSurface: has no frame
10-04 18:27:53.477 12320 12320 D SurfaceView@3ede9dd: updateSurface: has no frame
10-04 18:27:53.494 12320 12320 D SurfaceView@3ede9dd: updateSurface: has no frame
10-04 18:27:53.510 12320 12320 D SurfaceView@3ede9dd: updateSurface: has no frame
10-04 18:27:53.530 12320 12320 D SurfaceView@3ede9dd: updateSurface: has no frame
10-04 18:27:53.580 12320 12320 D SurfaceView@3ede9dd: updateSurface: has no frame
10-04 18:27:53.584 12320 12335 I st.cloudstream3: Background concurrent copying GC freed 13MB AllocSpace bytes, 109(22MB) LOS objects, 45% free, 28MB/52MB, paused 426us,116us total 220.242ms
10-04 18:27:53.593 12320 12320 D SurfaceView@3ede9dd: updateSurface: has no frame
10-04 18:27:53.594 12320 12354 D OpenGLRenderer: setSurface called with nullptr
10-04 18:27:53.596 12320 12337 D InputTransport: Input channel destroyed: 'ClientS', fd=85
10-04 18:27:53.610 12320 12320 D SurfaceView@3ede9dd: updateSurface: has no frame
10-04 18:27:53.627 12320 12320 D SurfaceView@3ede9dd: updateSurface: has no frame
10-04 18:27:53.643 12320 12320 D SurfaceView@3ede9dd: updateSurface: has no frame
10-04 18:27:53.660 12320 12320 D SurfaceView@3ede9dd: updateSurface: has no frame
10-04 18:27:53.677 12320 12320 D SurfaceView@3ede9dd: updateSurface: has no frame
10-04 18:27:53.693 12320 12320 D SurfaceView@3ede9dd: updateSurface: has no frame
10-04 18:27:53.710 12320 12320 D SurfaceView@3ede9dd: updateSurface: has no frame
10-04 18:27:53.727 12320 12320 D SurfaceView@3ede9dd: updateSurface: has no frame
10-04 18:27:53.743 12320 12320 D SurfaceView@3ede9dd: updateSurface: has no frame
10-04 18:27:53.760 12320 12320 D SurfaceView@3ede9dd: updateSurface: has no frame
10-04 18:27:53.777 12320 12320 D SurfaceView@3ede9dd: updateSurface: has no frame
10-04 18:27:53.793 12320 12320 D SurfaceView@3ede9dd: updateSurface: has no frame
10-04 18:27:53.811 12320 12320 D SurfaceView@3ede9dd: updateSurface: has no frame
10-04 18:27:53.827 12320 12320 D SurfaceView@3ede9dd: updateSurface: has no frame
10-04 18:27:53.844 12320 12320 D SurfaceView@3ede9dd: updateSurface: has no frame
10-04 18:27:53.848 12320 12320 W PanelsChildGestureRegionObserver: failed to register view with ID 2131362800. already registered
10-04 18:27:53.851 12320 12320 E CoilImgLoader: Error loading image: coil3.request.NullRequestDataException: The request's data is null.
10-04 18:27:53.857 12320 12320 E CoilImgLoader: Error loading image: coil3.request.NullRequestDataException: The request's data is null.
10-04 18:27:53.902 12320 12391 I SYNCVM  : addFromUrl = https://wecima.now/watch/%d9%85%d8%b4%d8%a7%d9%87%d8%af%d8%a9-%d9%85%d8%b3%d9%84%d8%b3%d9%84-i-kill-you-%d9%85%d9%88%d8%b3%d9%85-1-%d8%ad%d9%84%d9%82%d8%a9-5/
10-04 18:27:53.902 12320 12391 I SYNCUTIL: getIdsFromUrl https://wecima.now/watch/%d9%85%d8%b4%d8%a7%d9%87%d8%af%d8%a9-%d9%85%d8%b3%d9%84%d8%b3%d9%84-i-kill-you-%d9%85%d9%88%d8%b3%d9%85-1-%d8%ad%d9%84%d9%82%d8%a9-5/
10-04 18:27:54.010 12320 12320 D SurfaceView@3ede9dd: updateSurface: has no frame
10-04 18:27:54.013 12320 12320 I SurfaceView@3ede9dd: Changes: creating=true format=true size=true visible=true alpha=false hint=false mUseAlpha=false visible=true left=true top=true
10-04 18:27:54.016 12320 12320 I BLASTBufferQueue: update, w= 1080 h= 525 mName = null mNativeObject= 0x7b5e1eb700 sc.mNativeObject= 0x7af9c814a0 format= 4 caller= android.view.SurfaceView.createBlastSurfaceControls:1383 android.view.SurfaceView.updateSurface:1079 android.view.SurfaceView.lambda$new$0$android-view-SurfaceView:200 android.view.SurfaceView$$ExternalSyntheticLambda5.onPreDraw:2 android.view.ViewTreeObserver.dispatchOnPreDraw:1121 android.view.ViewRootImpl.performTraversals:4442 
10-04 18:27:54.016 12320 12320 I SurfaceView@3ede9dd: 65923549 Cur surface: Surface(name=null)/@0x7ec1a54
10-04 18:27:54.017 12320 12320 I SurfaceView@3ede9dd: pST: sr = Rect(0, 218 - 1080, 743) sw = 1080 sh = 525
10-04 18:27:54.017 12320 12320 D SurfaceView@3ede9dd: performSurfaceTransaction RenderWorker position = [0, 218, 1080, 743] surfaceSize = 1080x525
10-04 18:27:54.017 12320 12320 I SurfaceView@3ede9dd: applyTransactionOnVriDraw: vri = ViewRootImpl@6cbdb39[MainActivity] fRS = false t = 0x7b40468d00 android.view.SurfaceView.performSurfaceTransaction:959 android.view.SurfaceView.updateSurface:1105 android.view.SurfaceView.lambda$new$0$android-view-SurfaceView:200 
10-04 18:27:54.017 12320 12320 I ViewRootImpl@6cbdb39[MainActivity]: applyTransactionOnDraw: mRemoved = false isHardwareEnabled = true t = 0x7b40468d00android.view.SurfaceView.applyTransactionOnVriDraw:2048 android.view.SurfaceView.performSurfaceTransaction:959 android.view.SurfaceView.updateSurface:1105 android.view.SurfaceView.lambda$new$0$android-view-SurfaceView:200 android.view.SurfaceView$$ExternalSyntheticLambda5.onPreDraw:2 
10-04 18:27:54.017 12320 12320 I SurfaceView@3ede9dd: updateSurface: mVisible = true mSurface.isValid() = true
10-04 18:27:54.017 12320 12320 I SurfaceView@3ede9dd: updateSurface: mSurfaceCreated = false surfaceChanged = true visibleChanged = true
10-04 18:27:54.017 12320 12320 I SurfaceView@3ede9dd: visibleChanged -- surfaceCreated
10-04 18:27:54.017 12320 12320 I SurfaceView@3ede9dd: surfaceCreated 0 #8 android.view.SurfaceView{3ede9dd V.E..V... ......ID 0,0-1080,525}
10-04 18:27:54.017 12320 12320 I SurfaceView@3ede9dd: surfaceChanged -- format=4 w=1080 h=525
10-04 18:27:54.017 12320 12320 I SurfaceView@3ede9dd: surfaceChanged (1080,525) 0 #8 android.view.SurfaceView{3ede9dd V.E..V... ......ID 0,0-1080,525}
10-04 18:27:54.017 12320 12320 I SurfaceView@3ede9dd: surfaceRedrawNeeded
10-04 18:27:54.018 12320 12320 V SurfaceView@3ede9dd: Layout: x=0 y=218 w=1080 h=525, frame=Rect(0, 0 - 1080, 525)
10-04 18:27:54.034 12320 12447 D SurfaceView@3ede9dd: updateSurfacePosition RenderWorker, frameNr = 467, position = [0, 218, 1080, 743] surfaceSize = 1080x525
10-04 18:27:54.034 12320 12447 I SurfaceView@3ede9dd: uSP: rtp = Rect(0, 218 - 1080, 743) rtsw = 1080 rtsh = 525
10-04 18:27:54.034 12320 12447 I SurfaceView@3ede9dd: onSSPAndSRT: pl = 0 pt = 218 sx = 1.0 sy = 1.0
10-04 18:27:54.035 12320 12447 I SurfaceView@3ede9dd: aOrMT: ViewRootImpl@6cbdb39[MainActivity] t = android.view.SurfaceControl$Transaction@f4c7543 fN = 467 android.view.SurfaceView.-$$Nest$mapplyOrMergeTransaction:0 android.view.SurfaceView$SurfaceViewPositionUpdateListener.positionChanged:1537 android.graphics.RenderNode$CompositePositionUpdateListener.positionChanged:373 
10-04 18:27:54.035 12320 12447 I ViewRootImpl@6cbdb39[MainActivity]: mWNT: t=0x7b40468f00 mBlastBufferQueue=0x7b5e238400 fn= 467 caller= android.view.SurfaceView.applyOrMergeTransaction:1455 android.view.SurfaceView.-$$Nest$mapplyOrMergeTransaction:0 android.view.SurfaceView$SurfaceViewPositionUpdateListener.positionChanged:1537 
10-04 18:27:54.036 12320 12447 I ViewRootImpl@6cbdb39[MainActivity]: mWNT: t=0x7b40468d00 mBlastBufferQueue=0x7b5e238400 fn= 467 caller= android.view.ViewRootImpl.lambda$applyTransactionOnDraw$11$android-view-ViewRootImpl:12865 android.view.ViewRootImpl$$ExternalSyntheticLambda1.onFrameDraw:4 android.graphics.HardwareRenderer$FrameDrawingCallback.onFrameDraw:924 
10-04 18:27:54.093 12320 12320 I SurfaceView@3ede9dd: finishedDrawing
10-04 18:27:55.534 12320 12320 I ViewRootImpl@6cbdb39[MainActivity]: ViewPostIme pointer 0
10-04 18:27:55.588 12320 12320 I SurfaceView@3ede9dd: Changes: creating=false format=false size=false visible=false alpha=false hint=false mUseAlpha=false visible=false left=false top=true
10-04 18:27:55.589 12320 12320 I SurfaceView@3ede9dd: 65923549 Cur surface: Surface(name=null)/@0x7ec1a54
10-04 18:27:55.590 12320 12320 I SurfaceView@3ede9dd: applyTransactionOnVriDraw: vri = ViewRootImpl@6cbdb39[MainActivity] fRS = false t = 0x7bdd5b0400 android.view.SurfaceView.performSurfaceTransaction:959 android.view.SurfaceView.updateSurface:1105 android.view.SurfaceView.lambda$new$0$android-view-SurfaceView:200 
10-04 18:27:55.591 12320 12320 I ViewRootImpl@6cbdb39[MainActivity]: applyTransactionOnDraw: mRemoved = false isHardwareEnabled = true t = 0x7bdd5b0400android.view.SurfaceView.applyTransactionOnVriDraw:2048 android.view.SurfaceView.performSurfaceTransaction:959 android.view.SurfaceView.updateSurface:1105 android.view.SurfaceView.lambda$new$0$android-view-SurfaceView:200 android.view.SurfaceView$$ExternalSyntheticLambda5.onPreDraw:2 
10-04 18:27:55.591 12320 12320 I SurfaceView@3ede9dd: updateSurface: mVisible = true mSurface.isValid() = true
10-04 18:27:55.591 12320 12320 I SurfaceView@3ede9dd: updateSurface: mSurfaceCreated = true surfaceChanged = false visibleChanged = false
10-04 18:27:55.591 12320 12320 V SurfaceView@3ede9dd: Layout: x=0 y=133 w=1080 h=525, frame=Rect(0, 0 - 1080, 525)
10-04 18:27:55.597 12320 12446 D SurfaceView@3ede9dd: updateSurfacePosition RenderWorker, frameNr = 491, position = [0, 133, 1080, 658] surfaceSize = 1080x525
10-04 18:27:55.597 12320 12446 I SurfaceView@3ede9dd: uSP: rtp = Rect(0, 133 - 1080, 658) rtsw = 1080 rtsh = 525
10-04 18:27:55.598 12320 12446 I SurfaceView@3ede9dd: onSSPAndSRT: pl = 0 pt = 133 sx = 1.0 sy = 1.0
10-04 18:27:55.599 12320 12446 I SurfaceView@3ede9dd: aOrMT: ViewRootImpl@6cbdb39[MainActivity] t = android.view.SurfaceControl$Transaction@f4c7543 fN = 491 android.view.SurfaceView.-$$Nest$mapplyOrMergeTransaction:0 android.view.SurfaceView$SurfaceViewPositionUpdateListener.positionChanged:1537 android.graphics.RenderNode$CompositePositionUpdateListener.positionChanged:373 
10-04 18:27:55.599 12320 12446 I ViewRootImpl@6cbdb39[MainActivity]: mWNT: t=0x7b40468f00 mBlastBufferQueue=0x7b5e238400 fn= 491 caller= android.view.SurfaceView.applyOrMergeTransaction:1455 android.view.SurfaceView.-$$Nest$mapplyOrMergeTransaction:0 android.view.SurfaceView$SurfaceViewPositionUpdateListener.positionChanged:1537 
10-04 18:27:55.600 12320 12446 I ViewRootImpl@6cbdb39[MainActivity]: mWNT: t=0x7bdd5b0400 mBlastBufferQueue=0x7b5e238400 fn= 491 caller= android.view.ViewRootImpl.lambda$applyTransactionOnDraw$11$android-view-ViewRootImpl:12865 android.view.ViewRootImpl$$ExternalSyntheticLambda1.onFrameDraw:4 android.graphics.HardwareRenderer$FrameDrawingCallback.onFrameDraw:924 
10-04 18:27:55.608 12320 12320 I SurfaceView@3ede9dd: Changes: creating=false format=false size=false visible=false alpha=false hint=false mUseAlpha=false visible=false left=false top=true
10-04 18:27:55.609 12320 12320 I SurfaceView@3ede9dd: 65923549 Cur surface: Surface(name=null)/@0x7ec1a54
10-04 18:27:55.609 12320 12320 I SurfaceView@3ede9dd: applyTransactionOnVriDraw: vri = ViewRootImpl@6cbdb39[MainActivity] fRS = false t = 0x7b404c8000 android.view.SurfaceView.performSurfaceTransaction:959 android.view.SurfaceView.updateSurface:1105 android.view.SurfaceView.lambda$new$0$android-view-SurfaceView:200 
10-04 18:27:55.610 12320 12320 I ViewRootImpl@6cbdb39[MainActivity]: applyTransactionOnDraw: mRemoved = false isHardwareEnabled = true t = 0x7b404c8000android.view.SurfaceView.applyTransactionOnVriDraw:2048 android.view.SurfaceView.performSurfaceTransaction:959 android.view.SurfaceView.updateSurface:1105 android.view.SurfaceView.lambda$new$0$android-view-SurfaceView:200 android.view.SurfaceView$$ExternalSyntheticLambda5.onPreDraw:2 
10-04 18:27:55.610 12320 12320 I SurfaceView@3ede9dd: updateSurface: mVisible = true mSurface.isValid() = true
10-04 18:27:55.610 12320 12320 I SurfaceView@3ede9dd: updateSurface: mSurfaceCreated = true surfaceChanged = false visibleChanged = false
10-04 18:27:55.610 12320 12320 V SurfaceView@3ede9dd: Layout: x=0 y=30 w=1080 h=525, frame=Rect(0, 0 - 1080, 525)
10-04 18:27:55.623 12320 12446 D SurfaceView@3ede9dd: updateSurfacePosition RenderWorker, frameNr = 492, position = [0, 30, 1080, 555] surfaceSize = 1080x525
10-04 18:27:55.624 12320 12446 I SurfaceView@3ede9dd: uSP: rtp = Rect(0, 30 - 1080, 555) rtsw = 1080 rtsh = 525
10-04 18:27:55.624 12320 12446 I SurfaceView@3ede9dd: onSSPAndSRT: pl = 0 pt = 30 sx = 1.0 sy = 1.0
10-04 18:27:55.624 12320 12447 I ViewRootImpl@6cbdb39[MainActivity]: mWNT: t=0x7b404c8000 mBlastBufferQueue=0x7b5e238400 fn= 492 caller= android.view.ViewRootImpl.lambda$applyTransactionOnDraw$11$android-view-ViewRootImpl:12865 android.view.ViewRootImpl$$ExternalSyntheticLambda1.onFrameDraw:4 android.graphics.HardwareRenderer$FrameDrawingCallback.onFrameDraw:924 
10-04 18:27:55.624 12320 12446 I SurfaceView@3ede9dd: aOrMT: ViewRootImpl@6cbdb39[MainActivity] t = android.view.SurfaceControl$Transaction@f4c7543 fN = 492 android.view.SurfaceView.-$$Nest$mapplyOrMergeTransaction:0 android.view.SurfaceView$SurfaceViewPositionUpdateListener.positionChanged:1537 android.graphics.RenderNode$CompositePositionUpdateListener.positionChanged:373 
10-04 18:27:55.624 12320 12446 I ViewRootImpl@6cbdb39[MainActivity]: mWNT: t=0x7b40468f00 mBlastBufferQueue=0x7b5e238400 fn= 492 caller= android.view.SurfaceView.applyOrMergeTransaction:1455 android.view.SurfaceView.-$$Nest$mapplyOrMergeTransaction:0 android.view.SurfaceView$SurfaceViewPositionUpdateListener.positionChanged:1537 
10-04 18:27:55.626 12320 12320 I ViewRootImpl@6cbdb39[MainActivity]: ViewPostIme pointer 1
10-04 18:27:55.635 12320 12320 I SurfaceView@3ede9dd: Changes: creating=false format=false size=false visible=false alpha=false hint=false mUseAlpha=false visible=false left=false top=true
10-04 18:27:55.635 12320 12320 I SurfaceView@3ede9dd: 65923549 Cur surface: Surface(name=null)/@0x7ec1a54
10-04 18:27:55.636 12320 12320 I SurfaceView@3ede9dd: applyTransactionOnVriDraw: vri = ViewRootImpl@6cbdb39[MainActivity] fRS = false t = 0x7b404c8400 android.view.SurfaceView.performSurfaceTransaction:959 android.view.SurfaceView.updateSurface:1105 android.view.SurfaceView.lambda$new$0$android-view-SurfaceView:200 
10-04 18:27:55.636 12320 12320 I ViewRootImpl@6cbdb39[MainActivity]: applyTransactionOnDraw: mRemoved = false isHardwareEnabled = true t = 0x7b404c8400android.view.SurfaceView.applyTransactionOnVriDraw:2048 android.view.SurfaceView.performSurfaceTransaction:959 android.view.SurfaceView.updateSurface:1105 android.view.SurfaceView.lambda$new$0$android-view-SurfaceView:200 android.view.SurfaceView$$ExternalSyntheticLambda5.onPreDraw:2 
10-04 18:27:55.637 12320 12320 I SurfaceView@3ede9dd: updateSurface: mVisible = true mSurface.isValid() = true
10-04 18:27:55.637 12320 12320 I SurfaceView@3ede9dd: updateSurface: mSurfaceCreated = true surfaceChanged = false visibleChanged = false
10-04 18:27:55.637 12320 12320 V SurfaceView@3ede9dd: Layout: x=0 y=-51 w=1080 h=525, frame=Rect(0, 0 - 1080, 525)
10-04 18:27:55.646 12320 12447 D SurfaceView@3ede9dd: updateSurfacePosition RenderWorker, frameNr = 493, position = [0, -51, 1080, 474] surfaceSize = 1080x525
10-04 18:27:55.646 12320 12447 I SurfaceView@3ede9dd: uSP: rtp = Rect(0, -51 - 1080, 474) rtsw = 1080 rtsh = 525
10-04 18:27:55.646 12320 12447 I SurfaceView@3ede9dd: onSSPAndSRT: pl = 0 pt = -51 sx = 1.0 sy = 1.0
10-04 18:27:55.646 12320 12447 I SurfaceView@3ede9dd: aOrMT: ViewRootImpl@6cbdb39[MainActivity] t = android.view.SurfaceControl$Transaction@f4c7543 fN = 493 android.view.SurfaceView.-$$Nest$mapplyOrMergeTransaction:0 android.view.SurfaceView$SurfaceViewPositionUpdateListener.positionChanged:1537 android.graphics.RenderNode$CompositePositionUpdateListener.positionChanged:373 
10-04 18:27:55.647 12320 12447 I ViewRootImpl@6cbdb39[MainActivity]: mWNT: t=0x7b40468f00 mBlastBufferQueue=0x7b5e238400 fn= 493 caller= android.view.SurfaceView.applyOrMergeTransaction:1455 android.view.SurfaceView.-$$Nest$mapplyOrMergeTransaction:0 android.view.SurfaceView$SurfaceViewPositionUpdateListener.positionChanged:1537 
10-04 18:27:55.647 12320 12447 I ViewRootImpl@6cbdb39[MainActivity]: mWNT: t=0x7b404c8400 mBlastBufferQueue=0x7b5e238400 fn= 493 caller= android.view.ViewRootImpl.lambda$applyTransactionOnDraw$11$android-view-ViewRootImpl:12865 android.view.ViewRootImpl$$ExternalSyntheticLambda1.onFrameDraw:4 android.graphics.HardwareRenderer$FrameDrawingCallback.onFrameDraw:924 
10-04 18:27:55.651 12320 12320 I SurfaceView@3ede9dd: Changes: creating=false format=false size=false visible=false alpha=false hint=false mUseAlpha=false visible=false left=false top=true
10-04 18:27:55.651 12320 12320 I SurfaceView@3ede9dd: 65923549 Cur surface: Surface(name=null)/@0x7ec1a54
10-04 18:27:55.652 12320 12320 I SurfaceView@3ede9dd: applyTransactionOnVriDraw: vri = ViewRootImpl@6cbdb39[MainActivity] fRS = false t = 0x7b404c8600 android.view.SurfaceView.performSurfaceTransaction:959 android.view.SurfaceView.updateSurface:1105 android.view.SurfaceView.lambda$new$0$android-view-SurfaceView:200 
10-04 18:27:55.652 12320 12320 I ViewRootImpl@6cbdb39[MainActivity]: applyTransactionOnDraw: mRemoved = false isHardwareEnabled = true t = 0x7b404c8600android.view.SurfaceView.applyTransactionOnVriDraw:2048 android.view.SurfaceView.performSurfaceTransaction:959 android.view.SurfaceView.updateSurface:1105 android.view.SurfaceView.lambda$new$0$android-view-SurfaceView:200 android.view.SurfaceView$$ExternalSyntheticLambda5.onPreDraw:2 
10-04 18:27:55.652 12320 12320 I SurfaceView@3ede9dd: updateSurface: mVisible = true mSurface.isValid() = true
10-04 18:27:55.652 12320 12320 I SurfaceView@3ede9dd: updateSurface: mSurfaceCreated = true surfaceChanged = false visibleChanged = false
10-04 18:27:55.652 12320 12320 V SurfaceView@3ede9dd: Layout: x=0 y=-105 w=1080 h=525, frame=Rect(0, 0 - 1080, 525)
10-04 18:27:55.667 12320 12446 I ViewRootImpl@6cbdb39[MainActivity]: mWNT: t=0x7b404c8600 mBlastBufferQueue=0x7b5e238400 fn= 494 caller= android.view.ViewRootImpl.lambda$applyTransactionOnDraw$11$android-view-ViewRootImpl:12865 android.view.ViewRootImpl$$ExternalSyntheticLambda1.onFrameDraw:4 android.graphics.HardwareRenderer$FrameDrawingCallback.onFrameDraw:924 
10-04 18:27:55.670 12320 12320 I SurfaceView@3ede9dd: Changes: creating=false format=false size=false visible=false alpha=false hint=false mUseAlpha=false visible=false left=false top=true
10-04 18:27:55.670 12320 12320 I SurfaceView@3ede9dd: 65923549 Cur surface: Surface(name=null)/@0x7ec1a54
10-04 18:27:55.670 12320 12320 I SurfaceView@3ede9dd: applyTransactionOnVriDraw: vri = ViewRootImpl@6cbdb39[MainActivity] fRS = false t = 0x7bdd5b0000 android.view.SurfaceView.performSurfaceTransaction:959 android.view.SurfaceView.updateSurface:1105 android.view.SurfaceView.lambda$new$0$android-view-SurfaceView:200 
10-04 18:27:55.670 12320 12320 I ViewRootImpl@6cbdb39[MainActivity]: applyTransactionOnDraw: mRemoved = false isHardwareEnabled = true t = 0x7bdd5b0000android.view.SurfaceView.applyTransactionOnVriDraw:2048 android.view.SurfaceView.performSurfaceTransaction:959 android.view.SurfaceView.updateSurface:1105 android.view.SurfaceView.lambda$new$0$android-view-SurfaceView:200 android.view.SurfaceView$$ExternalSyntheticLambda5.onPreDraw:2 
10-04 18:27:55.670 12320 12320 I SurfaceView@3ede9dd: updateSurface: mVisible = true mSurface.isValid() = true
10-04 18:27:55.670 12320 12320 I SurfaceView@3ede9dd: updateSurface: mSurfaceCreated = true surfaceChanged = false visibleChanged = false
10-04 18:27:55.671 12320 12320 V SurfaceView@3ede9dd: Layout: x=0 y=-199 w=1080 h=525, frame=Rect(0, 0 - 1080, 525)
10-04 18:27:55.674 12320 12447 D SurfaceView@3ede9dd: updateSurfacePosition RenderWorker, frameNr = 495, position = [0, -199, 1080, 326] surfaceSize = 1080x525
10-04 18:27:55.674 12320 12447 I SurfaceView@3ede9dd: uSP: rtp = Rect(0, -199 - 1080, 326) rtsw = 1080 rtsh = 525
10-04 18:27:55.674 12320 12447 I SurfaceView@3ede9dd: onSSPAndSRT: pl = 0 pt = -199 sx = 1.0 sy = 1.0
10-04 18:27:55.674 12320 12447 I SurfaceView@3ede9dd: aOrMT: ViewRootImpl@6cbdb39[MainActivity] t = android.view.SurfaceControl$Transaction@f4c7543 fN = 495 android.view.SurfaceView.-$$Nest$mapplyOrMergeTransaction:0 android.view.SurfaceView$SurfaceViewPositionUpdateListener.positionChanged:1537 android.graphics.RenderNode$CompositePositionUpdateListener.positionChanged:373 
10-04 18:27:55.674 12320 12447 I ViewRootImpl@6cbdb39[MainActivity]: mWNT: t=0x7b40468f00 mBlastBufferQueue=0x7b5e238400 fn= 495 caller= android.view.SurfaceView.applyOrMergeTransaction:1455 android.view.SurfaceView.-$$Nest$mapplyOrMergeTransaction:0 android.view.SurfaceView$SurfaceViewPositionUpdateListener.positionChanged:1537 
10-04 18:27:55.675 12320 12447 I ViewRootImpl@6cbdb39[MainActivity]: mWNT: t=0x7bdd5b0000 mBlastBufferQueue=0x7b5e238400 fn= 495 caller= android.view.ViewRootImpl.lambda$applyTransactionOnDraw$11$android-view-ViewRootImpl:12865 android.view.ViewRootImpl$$ExternalSyntheticLambda1.onFrameDraw:4 android.graphics.HardwareRenderer$FrameDrawingCallback.onFrameDraw:924 
10-04 18:27:55.678 12320 12320 I SurfaceView@3ede9dd: Changes: creating=false format=false size=false visible=false alpha=false hint=false mUseAlpha=false visible=false left=false top=true
10-04 18:27:55.678 12320 12320 I SurfaceView@3ede9dd: 65923549 Cur surface: Surface(name=null)/@0x7ec1a54
10-04 18:27:55.678 12320 12320 I SurfaceView@3ede9dd: applyTransactionOnVriDraw: vri = ViewRootImpl@6cbdb39[MainActivity] fRS = false t = 0x7b5e3be400 android.view.SurfaceView.performSurfaceTransaction:959 android.view.SurfaceView.updateSurface:1105 android.view.SurfaceView.lambda$new$0$android-view-SurfaceView:200 
10-04 18:27:55.678 12320 12320 I ViewRootImpl@6cbdb39[MainActivity]: applyTransactionOnDraw: mRemoved = false isHardwareEnabled = true t = 0x7b5e3be400android.view.SurfaceView.applyTransactionOnVriDraw:2048 android.view.SurfaceView.performSurfaceTransaction:959 android.view.SurfaceView.updateSurface:1105 android.view.SurfaceView.lambda$new$0$android-view-SurfaceView:200 android.view.SurfaceView$$ExternalSyntheticLambda5.onPreDraw:2 
10-04 18:27:55.678 12320 12320 I SurfaceView@3ede9dd: updateSurface: mVisible = true mSurface.isValid() = true
10-04 18:27:55.678 12320 12320 I SurfaceView@3ede9dd: updateSurface: mSurfaceCreated = true surfaceChanged = false visibleChanged = false
10-04 18:27:55.678 12320 12320 V SurfaceView@3ede9dd: Layout: x=0 y=-242 w=1080 h=525, frame=Rect(0, 0 - 1080, 525)
10-04 18:27:55.686 12320 12446 D SurfaceView@3ede9dd: updateSurfacePosition RenderWorker, frameNr = 496, position = [0, -242, 1080, 283] surfaceSize = 1080x525
10-04 18:27:55.686 12320 12446 I SurfaceView@3ede9dd: uSP: rtp = Rect(0, -242 - 1080, 283) rtsw = 1080 rtsh = 525
10-04 18:27:55.686 12320 12446 I SurfaceView@3ede9dd: onSSPAndSRT: pl = 0 pt = -242 sx = 1.0 sy = 1.0
10-04 18:27:55.686 12320 12446 I SurfaceView@3ede9dd: aOrMT: ViewRootImpl@6cbdb39[MainActivity] t = android.view.SurfaceControl$Transaction@f4c7543 fN = 496 android.view.SurfaceView.-$$Nest$mapplyOrMergeTransaction:0 android.view.SurfaceView$SurfaceViewPositionUpdateListener.positionChanged:1537 android.graphics.RenderNode$CompositePositionUpdateListener.positionChanged:373 
10-04 18:27:55.687 12320 12446 I ViewRootImpl@6cbdb39[MainActivity]: mWNT: t=0x7b40468f00 mBlastBufferQueue=0x7b5e238400 fn= 496 caller= android.view.SurfaceView.applyOrMergeTransaction:1455 android.view.SurfaceView.-$$Nest$mapplyOrMergeTransaction:0 android.view.SurfaceView$SurfaceViewPositionUpdateListener.positionChanged:1537 
10-04 18:27:55.687 12320 12446 I ViewRootImpl@6cbdb39[MainActivity]: mWNT: t=0x7b5e3be400 mBlastBufferQueue=0x7b5e238400 fn= 496 caller= android.view.ViewRootImpl.lambda$applyTransactionOnDraw$11$android-view-ViewRootImpl:12865 android.view.ViewRootImpl$$ExternalSyntheticLambda1.onFrameDraw:4 android.graphics.HardwareRenderer$FrameDrawingCallback.onFrameDraw:924 
10-04 18:27:56.367 12320 12320 I ViewRootImpl@6cbdb39[MainActivity]: ViewPostIme pointer 0
10-04 18:27:56.889 12320 12320 I Dialog  : mIsDeviceDefault = false, mIsSamsungBasicInteraction = false, isMetaDataInActivity = false
10-04 18:27:56.916 12320 12320 I DecorView: [INFO] isPopOver=false config=false
10-04 18:27:56.917 12320 12320 I DecorView: updateCaptionType: isFloating=false isApplication=true hasWindowDecorCaption=false this=DecorView@775f5fa[]
10-04 18:27:56.917 12320 12320 D DecorView: setCaptionType = 0, this = DecorView@775f5fa[]
10-04 18:27:56.919 12320 12320 I DecorView: getCurrentDensityDpi: from app context. densityDpi=420 msg=resources_loaded
10-04 18:27:56.919 12320 12320 I DecorView: setWindowBackground: isPopOver=false color=0 d=android.graphics.drawable.ColorDrawable@56a5e08
10-04 18:27:56.927 12320 12354 D NativeCustomFrequencyManager: [NativeCFMS] BpCustomFrequencyManager::BpCustomFrequencyManager()
10-04 18:27:56.928 12320 12320 I DecorView: notifyKeepScreenOnChanged: keepScreenOn=false
10-04 18:27:56.939 12320 12320 D InsetsController: onStateChanged: InsetsState: {mDisplayFrame=Rect(0, 0 - 1080, 2400), mDisplayCutout=DisplayCutout{insets=Rect(0, 88 - 0, 0) waterfall=Insets{left=0, top=0, right=0, bottom=0} boundingRect={Bounds=[Rect(0, 0 - 0, 0), Rect(512, 0 - 568, 88), Rect(0, 0 - 0, 0), Rect(0, 0 - 0, 0)]} cutoutPathParserInfo={CutoutPathParserInfo{displayWidth=1080 displayHeight=2400 physicalDisplayWidth=1080 physicalDisplayHeight=2400 density={2.625} cutoutSpec={M 0,0 M 0,12.25101276465640 a 10.60613009248640,10.60613009248640 0 1,0 0,21.21226018497290 a 10.60613009248640,10.60613009248640 0 1,0 0,-21.21226018497290 Z @dp} rotation={0} scale={1.0} physicalPixelDisplaySizeRatio={1.0}}}}, mRoundedCorners=RoundedCorners{[RoundedCorner{position=TopLeft, radius=84, center=Point(84, 84)}, RoundedCorner{position=TopRight, radius=84, center=Point(996, 84)}, RoundedCorner{position=BottomRight, radius=84, center=Point(996, 2316)}, RoundedCorner{position=BottomLeft, radius=84, center=Point(84, 2316)}]}  mRoundedCornerFrame=Rect(0, 0 - 1080, 2400), mPrivacyIndicatorBounds=PrivacyIndicatorBounds {static bounds=Rect(964, 0 - 1080, 87) rotation=0}, mSources= { InsetsSource: {mType=ITYPE_STATUS_BAR, mFrame=[0,0][1080,88], mVisible=true, mInsetsRoundedCornerFrame=false}, InsetsSource: {mType=ITYPE_NAVIGATION_BAR, mFrame=[0,2361][1080,2400], mVisible=true, mInsetsRoundedCornerFrame=false}, InsetsSource: {mType=ITYPE_LEFT_GESTURES, mFrame=[0,0][130,2400], mVisible=true, mInsetsRoundedCornerFrame=false}, InsetsSource: {mType=ITYPE_RIGHT_GESTURES, mFrame=[950,0][1080,2400], mVisible=true, mInsetsRoundedCornerFrame=false}, InsetsSource: {mType=ITYPE_TOP_MANDATORY_GESTURES, mFrame=[0,0][1080,120], mVisible=true, mInsetsRoundedCornerFrame=false}, InsetsSource: {mType=ITYPE_BOTTOM_MANDATORY_GESTURES, mFrame=[0,2316][1080,2400], mVisible=true, mInsetsRoundedCornerFrame=false}, InsetsSource: {mType=ITYPE_LEFT_DISPLAY_CUTOUT, mFrame=[0,0][-100000,2400], mVisible=true, mInsetsRoundedCornerFrame=false}, InsetsSource: {mType=ITYPE_TOP_DISPLAY_CUTOUT, mFrame=[0,0][1080,88], mVisible=true, mInsetsRoundedCornerFrame=false}, InsetsSource: {mType=ITYPE_RIGHT_DISPLAY_CUTOUT, mFrame=[100000,0][1080,2400], mVisible=true, mInsetsRoundedCornerFrame=false}, InsetsSource: {mType=ITYPE_BOTTOM_DISPLAY_CUTOUT, mFrame=[0,100000][1080,2400], mVisible=true, mInsetsRoundedCornerFrame=false}, InsetsSource: {mType=ITYPE_TOP_TAPPABLE_ELEMENT, mFrame=[0,0][1080,88], mVisible=true, mInsetsRoundedCornerFrame=false}, InsetsSource: {mType=ITYPE_BOTTOM_TAPPABLE_ELEMENT, mFrame=[0,0][0,0], mVisible=true, mInsetsRoundedCornerFrame=false}, InsetsSource: {mType=ITYPE_IME, mFrame=[0,0][0,0], mVisibleFrame=[0,1409][1080,2400], mVisible=false, mInsetsRoundedCornerFrame=false} } host=com.lagradost.cloudstream3/com.lagradost.cloudstream3.MainActivity from=android.view.ViewRootImpl.setView:1732
10-04 18:27:56.940 12320 12320 I ViewRootImpl@d13ebd9[MainActivity]: setView = com.android.internal.policy.DecorView@775f5fa TM=true
10-04 18:27:56.958 12320 12320 I ViewRootImpl@d13ebd9[MainActivity]: performTraversals params={(0,0)(fillxfill) gr=CENTER sim={adjust=resize forwardNavigation} ty=APPLICATION fmt=TRANSPARENT wanim=0x7f14000b
10-04 18:27:56.958 12320 12320 I ViewRootImpl@d13ebd9[MainActivity]:   fl=85810100
10-04 18:27:56.958 12320 12320 I ViewRootImpl@d13ebd9[MainActivity]:   pfl=12020040
10-04 18:27:56.958 12320 12320 I ViewRootImpl@d13ebd9[MainActivity]:   vsysui=500
10-04 18:27:56.958 12320 12320 I ViewRootImpl@d13ebd9[MainActivity]:   bhv=DEFAULT
10-04 18:27:56.958 12320 12320 I ViewRootImpl@d13ebd9[MainActivity]:   fitSides= naviIconColor=0}
10-04 18:27:56.959 12320 12320 I ViewRootImpl@d13ebd9[MainActivity]: performTraversals mFirst=true windowShouldResize=true viewVisibilityChanged=false mForceNextWindowRelayout=false params={(0,0)(fillxfill) gr=CENTER sim={adjust=resize forwardNavigation} ty=APPLICATION fmt=TRANSPARENT wanim=0x7f14000b
10-04 18:27:56.959 12320 12320 I ViewRootImpl@d13ebd9[MainActivity]:   fl=85810100
10-04 18:27:56.959 12320 12320 I ViewRootImpl@d13ebd9[MainActivity]:   pfl=12020040
10-04 18:27:56.959 12320 12320 I ViewRootImpl@d13ebd9[MainActivity]:   vsysui=500
10-04 18:27:56.959 12320 12320 I ViewRootImpl@d13ebd9[MainActivity]:   bhv=DEFAULT
10-04 18:27:56.959 12320 12320 I ViewRootImpl@d13ebd9[MainActivity]:   fitSides= naviIconColor=0}
10-04 18:27:56.969 12320 12320 I ViewRootImpl@d13ebd9[MainActivity]: updateBlastSurfaceIfNeeded mBlastBufferQueue=null isSameSurfaceControl=false
10-04 18:27:56.970 12320 12320 I BLASTBufferQueue: new BLASTBufferQueue, mName= ViewRootImpl@d13ebd9[MainActivity] mNativeObject= 0x7b5e236f00 sc.mNativeObject= 0x7af9d205c0 caller= android.view.ViewRootImpl.updateBlastSurfaceIfNeeded:2909 android.view.ViewRootImpl.relayoutWindow:9847 android.view.ViewRootImpl.performTraversals:3884 android.view.ViewRootImpl.doTraversal:3116 android.view.ViewRootImpl$TraversalRunnable.run:10885 android.view.Choreographer$CallbackRecord.run:1301 android.view.Choreographer$CallbackRecord.run:1309 android.view.Choreographer.doCallbacks:923 android.view.Choreographer.doFrame:852 android.view.Choreographer$FrameDisplayEventReceiver.run:1283 
10-04 18:27:56.970 12320 12320 I BLASTBufferQueue: update, w= 1080 h= 2400 mName = ViewRootImpl@d13ebd9[MainActivity] mNativeObject= 0x7b5e236f00 sc.mNativeObject= 0x7af9d205c0 format= -2 caller= android.graphics.BLASTBufferQueue.<init>:84 android.view.ViewRootImpl.updateBlastSurfaceIfNeeded:2909 android.view.ViewRootImpl.relayoutWindow:9847 android.view.ViewRootImpl.performTraversals:3884 android.view.ViewRootImpl.doTraversal:3116 android.view.ViewRootImpl$TraversalRunnable.run:10885 
10-04 18:27:56.970 12320 12320 I ViewRootImpl@d13ebd9[MainActivity]: Relayout returned: old=(0,0,1080,2400) new=(0,0,1080,2400) req=(1080,2400)0 dur=10 res=0x3 s={true 0x7b5e2c5800} ch=true seqId=0
10-04 18:27:56.971 12320 12320 I ViewRootImpl@d13ebd9[MainActivity]: mThreadedRenderer.initialize() mSurface={isValid=true 0x7b5e2c5800} hwInitialized=true
10-04 18:27:56.972 12320 12354 D OpenGLRenderer: eglCreateWindowSurface
10-04 18:27:56.993 12320 12320 D AbsListView:  in onLayout changed 
10-04 18:27:56.994 12320 12320 I ViewRootImpl@d13ebd9[MainActivity]: reportNextDraw android.view.ViewRootImpl.performTraversals:4438 android.view.ViewRootImpl.doTraversal:3116 android.view.ViewRootImpl$TraversalRunnable.run:10885 android.view.Choreographer$CallbackRecord.run:1301 android.view.Choreographer$CallbackRecord.run:1309 
10-04 18:27:56.994 12320 12320 I ViewRootImpl@d13ebd9[MainActivity]: Setup new sync id=0
10-04 18:27:56.994 12320 12320 I ViewRootImpl@d13ebd9[MainActivity]: Setting syncFrameCallback
10-04 18:27:56.995 12320 12320 I ViewRootImpl@d13ebd9[MainActivity]: registerCallbacksForSync syncBuffer=false
10-04 18:27:56.997 12320 12447 I ViewRootImpl@d13ebd9[MainActivity]: Received frameDrawingCallback syncResult=0 frameNum=1.
10-04 18:27:56.997 12320 12447 I ViewRootImpl@d13ebd9[MainActivity]: Setting up sync and frameCommitCallback
10-04 18:27:57.001 12320 12354 I BLASTBufferQueue: [ViewRootImpl@d13ebd9[MainActivity]#3](f:0,a:0) onFrameAvailable the first frame is available
10-04 18:27:57.001 12320 12354 I ViewRootImpl@d13ebd9[MainActivity]: Received frameCommittedCallback lastAttemptedDrawFrameNum=1 didProduceBuffer=true
10-04 18:27:57.002 12320 12354 D OpenGLRenderer: CFMS:: SetUp Pid : 12320    Tid : 12354
10-04 18:27:57.004 12320 12320 I ViewRootImpl@d13ebd9[MainActivity]: onSyncComplete
10-04 18:27:57.004 12320 12320 I ViewRootImpl@d13ebd9[MainActivity]: setupSync seqId=0 mSyncId=0 fn=1 caller=android.view.ViewRootImpl$$ExternalSyntheticLambda11.accept:6 android.window.SurfaceSyncer.lambda$setupSync$1$android-window-SurfaceSyncer:128 android.window.SurfaceSyncer$$ExternalSyntheticLambda1.accept:8 android.window.SurfaceSyncer$SyncSet.checkIfSyncIsComplete:382 android.window.SurfaceSyncer$SyncSet.markSyncReady:359 android.window.SurfaceSyncer.markSyncReady:151 android.view.ViewRootImpl.performTraversals:4503 
10-04 18:27:57.005 12320 12320 I ViewRootImpl@d13ebd9[MainActivity]: reportDrawFinished seqId=0 mSyncId=-1 fn=1 mSurfaceChangedTransaction=0x7b404d9300
10-04 18:27:57.007 12320 12320 I ViewRootImpl@6cbdb39[MainActivity]: MSG_WINDOW_FOCUS_CHANGED 0 0
10-04 18:27:57.056 12320 12320 I ViewRootImpl@6cbdb39[MainActivity]: ViewPostIme pointer 1
10-04 18:27:57.061 12320 12320 I ViewRootImpl@d13ebd9[MainActivity]: MSG_WINDOW_FOCUS_CHANGED 1 0
10-04 18:27:57.061 12320 12320 I ViewRootImpl@d13ebd9[MainActivity]: mThreadedRenderer.initializeIfNeeded()#2 mSurface={isValid=true 0x7b5e2c5800}
10-04 18:27:57.062 12320 12320 D InputMethodManager: startInputInner - Id : 0
10-04 18:27:57.062 12320 12320 I InputMethodManager: startInputInner - mService.startInputOrWindowGainedFocus
10-04 18:27:57.943 12320 12320 I ViewRootImpl@d13ebd9[MainActivity]: ViewPostIme pointer 0
10-04 18:27:58.008 12320 12320 I ViewRootImpl@d13ebd9[MainActivity]: ViewPostIme pointer 1
10-04 18:27:58.010 12320 12320 D AbsListView: onTouchUp() mTouchMode : 0
10-04 18:27:58.087 12320 12320 I MSHandlerLifeCycle: removeMultiSplitHandler: no exist. decor=DecorView@775f5fa[MainActivity]
10-04 18:27:58.089 12320 12354 D OpenGLRenderer: setSurface called with nullptr
10-04 18:27:58.089 12320 12354 D OpenGLRenderer: setSurface() destroyed EGLSurface
10-04 18:27:58.089 12320 12354 D OpenGLRenderer: destroyEglSurface
10-04 18:27:58.091 12320 12354 D OpenGLRenderer: endAllActiveAnimators on 0x7af9d81700 (MaterialTextView) with handle 0x7b4df5f540
10-04 18:27:58.092 12320 12320 I ViewRootImpl@d13ebd9[MainActivity]: dispatchDetachedFromWindow
10-04 18:27:58.115 12320 12320 D InputTransport: Input channel destroyed: '3ebcd5a', fd=157
10-04 18:27:58.117 12320 12320 I Dialog  : mIsDeviceDefault = false, mIsSamsungBasicInteraction = false, isMetaDataInActivity = false
10-04 18:27:58.193 12320 12320 I DecorView: [INFO] isPopOver=false config=false
10-04 18:27:58.193 12320 12320 I DecorView: updateCaptionType: isFloating=false isApplication=true hasWindowDecorCaption=false this=DecorView@84f6cb6[]
10-04 18:27:58.193 12320 12320 D DecorView: setCaptionType = 0, this = DecorView@84f6cb6[]
10-04 18:27:58.195 12320 12320 I DecorView: getCurrentDensityDpi: from app context. densityDpi=420 msg=resources_loaded
10-04 18:27:58.195 12320 12320 I DecorView: setWindowBackground: isPopOver=false color=0 d=android.graphics.drawable.ColorDrawable@b012924
10-04 18:27:58.202 12320 12354 D NativeCustomFrequencyManager: [NativeCFMS] BpCustomFrequencyManager::BpCustomFrequencyManager()
10-04 18:27:58.203 12320 12320 I DecorView: notifyKeepScreenOnChanged: keepScreenOn=false
10-04 18:27:58.212 12320 12320 D InsetsController: onStateChanged: InsetsState: {mDisplayFrame=Rect(0, 0 - 1080, 2400), mDisplayCutout=DisplayCutout{insets=Rect(0, 88 - 0, 0) waterfall=Insets{left=0, top=0, right=0, bottom=0} boundingRect={Bounds=[Rect(0, 0 - 0, 0), Rect(512, 0 - 568, 88), Rect(0, 0 - 0, 0), Rect(0, 0 - 0, 0)]} cutoutPathParserInfo={CutoutPathParserInfo{displayWidth=1080 displayHeight=2400 physicalDisplayWidth=1080 physicalDisplayHeight=2400 density={2.625} cutoutSpec={M 0,0 M 0,12.25101276465640 a 10.60613009248640,10.60613009248640 0 1,0 0,21.21226018497290 a 10.60613009248640,10.60613009248640 0 1,0 0,-21.21226018497290 Z @dp} rotation={0} scale={1.0} physicalPixelDisplaySizeRatio={1.0}}}}, mRoundedCorners=RoundedCorners{[RoundedCorner{position=TopLeft, radius=84, center=Point(84, 84)}, RoundedCorner{position=TopRight, radius=84, center=Point(996, 84)}, RoundedCorner{position=BottomRight, radius=84, center=Point(996, 2316)}, RoundedCorner{position=BottomLeft, radius=84, center=Point(84, 2316)}]}  mRoundedCornerFrame=Rect(0, 0 - 1080, 2400), mPrivacyIndicatorBounds=PrivacyIndicatorBounds {static bounds=Rect(964, 0 - 1080, 87) rotation=0}, mSources= { InsetsSource: {mType=ITYPE_STATUS_BAR, mFrame=[0,0][1080,88], mVisible=true, mInsetsRoundedCornerFrame=false}, InsetsSource: {mType=ITYPE_NAVIGATION_BAR, mFrame=[0,2361][1080,2400], mVisible=true, mInsetsRoundedCornerFrame=false}, InsetsSource: {mType=ITYPE_LEFT_GESTURES, mFrame=[0,0][130,2400], mVisible=true, mInsetsRoundedCornerFrame=false}, InsetsSource: {mType=ITYPE_RIGHT_GESTURES, mFrame=[950,0][1080,2400], mVisible=true, mInsetsRoundedCornerFrame=false}, InsetsSource: {mType=ITYPE_TOP_MANDATORY_GESTURES, mFrame=[0,0][1080,120], mVisible=true, mInsetsRoundedCornerFrame=false}, InsetsSource: {mType=ITYPE_BOTTOM_MANDATORY_GESTURES, mFrame=[0,2316][1080,2400], mVisible=true, mInsetsRoundedCornerFrame=false}, InsetsSource: {mType=ITYPE_LEFT_DISPLAY_CUTOUT, mFrame=[0,0][-100000,2400], mVisible=true, mInsetsRoundedCornerFrame=false}, InsetsSource: {mType=ITYPE_TOP_DISPLAY_CUTOUT, mFrame=[0,0][1080,88], mVisible=true, mInsetsRoundedCornerFrame=false}, InsetsSource: {mType=ITYPE_RIGHT_DISPLAY_CUTOUT, mFrame=[100000,0][1080,2400], mVisible=true, mInsetsRoundedCornerFrame=false}, InsetsSource: {mType=ITYPE_BOTTOM_DISPLAY_CUTOUT, mFrame=[0,100000][1080,2400], mVisible=true, mInsetsRoundedCornerFrame=false}, InsetsSource: {mType=ITYPE_TOP_TAPPABLE_ELEMENT, mFrame=[0,0][1080,88], mVisible=true, mInsetsRoundedCornerFrame=false}, InsetsSource: {mType=ITYPE_BOTTOM_TAPPABLE_ELEMENT, mFrame=[0,0][0,0], mVisible=true, mInsetsRoundedCornerFrame=false}, InsetsSource: {mType=ITYPE_IME, mFrame=[0,0][0,0], mVisibleFrame=[0,1409][1080,2400], mVisible=false, mInsetsRoundedCornerFrame=false} } host=com.lagradost.cloudstream3/com.lagradost.cloudstream3.MainActivity from=android.view.ViewRootImpl.setView:1732
10-04 18:27:58.213 12320 12320 I ViewRootImpl@8fae045[MainActivity]: setView = com.android.internal.policy.DecorView@84f6cb6 TM=true
10-04 18:27:58.218 12320 12320 I ViewRootImpl@8fae045[MainActivity]: performTraversals params={(0,0)(fillxfill) gr=CENTER sim={adjust=resize forwardNavigation} ty=APPLICATION fmt=TRANSPARENT wanim=0x7f14000b
10-04 18:27:58.218 12320 12320 I ViewRootImpl@8fae045[MainActivity]:   fl=85810100
10-04 18:27:58.218 12320 12320 I ViewRootImpl@8fae045[MainActivity]:   pfl=12020040
10-04 18:27:58.218 12320 12320 I ViewRootImpl@8fae045[MainActivity]:   vsysui=500
10-04 18:27:58.218 12320 12320 I ViewRootImpl@8fae045[MainActivity]:   bhv=DEFAULT
10-04 18:27:58.218 12320 12320 I ViewRootImpl@8fae045[MainActivity]:   fitSides= naviIconColor=0}
10-04 18:27:58.218 12320 12320 I ViewRootImpl@8fae045[MainActivity]: performTraversals mFirst=true windowShouldResize=true viewVisibilityChanged=false mForceNextWindowRelayout=false params={(0,0)(fillxfill) gr=CENTER sim={adjust=resize forwardNavigation} ty=APPLICATION fmt=TRANSPARENT wanim=0x7f14000b
10-04 18:27:58.218 12320 12320 I ViewRootImpl@8fae045[MainActivity]:   fl=85810100
10-04 18:27:58.218 12320 12320 I ViewRootImpl@8fae045[MainActivity]:   pfl=12020040
10-04 18:27:58.218 12320 12320 I ViewRootImpl@8fae045[MainActivity]:   vsysui=500
10-04 18:27:58.218 12320 12320 I ViewRootImpl@8fae045[MainActivity]:   bhv=DEFAULT
10-04 18:27:58.218 12320 12320 I ViewRootImpl@8fae045[MainActivity]:   fitSides= naviIconColor=0}
10-04 18:27:58.231 12320 12320 I ViewRootImpl@8fae045[MainActivity]: updateBlastSurfaceIfNeeded mBlastBufferQueue=null isSameSurfaceControl=false
10-04 18:27:58.232 12320 12320 I BLASTBufferQueue: new BLASTBufferQueue, mName= ViewRootImpl@8fae045[MainActivity] mNativeObject= 0x7b1708c900 sc.mNativeObject= 0x7af9dc4a40 caller= android.view.ViewRootImpl.updateBlastSurfaceIfNeeded:2909 android.view.ViewRootImpl.relayoutWindow:9847 android.view.ViewRootImpl.performTraversals:3884 android.view.ViewRootImpl.doTraversal:3116 android.view.ViewRootImpl$TraversalRunnable.run:10885 android.view.Choreographer$CallbackRecord.run:1301 android.view.Choreographer$CallbackRecord.run:1309 android.view.Choreographer.doCallbacks:923 android.view.Choreographer.doFrame:852 android.view.Choreographer$FrameDisplayEventReceiver.run:1283 
10-04 18:27:58.232 12320 12320 I BLASTBufferQueue: update, w= 1080 h= 2400 mName = ViewRootImpl@8fae045[MainActivity] mNativeObject= 0x7b1708c900 sc.mNativeObject= 0x7af9dc4a40 format= -2 caller= android.graphics.BLASTBufferQueue.<init>:84 android.view.ViewRootImpl.updateBlastSurfaceIfNeeded:2909 android.view.ViewRootImpl.relayoutWindow:9847 android.view.ViewRootImpl.performTraversals:3884 android.view.ViewRootImpl.doTraversal:3116 android.view.ViewRootImpl$TraversalRunnable.run:10885 
10-04 18:27:58.233 12320 12320 I ViewRootImpl@8fae045[MainActivity]: Relayout returned: old=(0,0,1080,2400) new=(0,0,1080,2400) req=(1080,2400)0 dur=13 res=0x3 s={true 0x7b5e2c5800} ch=true seqId=0
10-04 18:27:58.234 12320 12320 I ViewRootImpl@8fae045[MainActivity]: mThreadedRenderer.initialize() mSurface={isValid=true 0x7b5e2c5800} hwInitialized=true
10-04 18:27:58.234 12320 12354 D OpenGLRenderer: eglCreateWindowSurface
10-04 18:27:58.237 12320 12320 I ViewRootImpl@8fae045[MainActivity]: reportNextDraw android.view.ViewRootImpl.performTraversals:4438 android.view.ViewRootImpl.doTraversal:3116 android.view.ViewRootImpl$TraversalRunnable.run:10885 android.view.Choreographer$CallbackRecord.run:1301 android.view.Choreographer$CallbackRecord.run:1309 
10-04 18:27:58.237 12320 12320 I ViewRootImpl@8fae045[MainActivity]: Setup new sync id=0
10-04 18:27:58.237 12320 12320 I ViewRootImpl@8fae045[MainActivity]: Setting syncFrameCallback
10-04 18:27:58.237 12320 12320 I ViewRootImpl@8fae045[MainActivity]: registerCallbacksForSync syncBuffer=false
10-04 18:27:58.240 12320 12446 I ViewRootImpl@8fae045[MainActivity]: Received frameDrawingCallback syncResult=0 frameNum=1.
10-04 18:27:58.240 12320 12446 I ViewRootImpl@8fae045[MainActivity]: Setting up sync and frameCommitCallback
10-04 18:27:58.250 12320 12354 I BLASTBufferQueue: [ViewRootImpl@8fae045[MainActivity]#4](f:0,a:0) onFrameAvailable the first frame is available
10-04 18:27:58.251 12320 12354 I ViewRootImpl@8fae045[MainActivity]: Received frameCommittedCallback lastAttemptedDrawFrameNum=1 didProduceBuffer=true
10-04 18:27:58.253 12320 12354 D OpenGLRenderer: CFMS:: SetUp Pid : 12320    Tid : 12354
10-04 18:27:58.257 12320 12320 I ViewRootImpl@8fae045[MainActivity]: onSyncComplete
10-04 18:27:58.258 12320 12320 I ViewRootImpl@8fae045[MainActivity]: setupSync seqId=0 mSyncId=0 fn=1 caller=android.view.ViewRootImpl$$ExternalSyntheticLambda11.accept:6 android.window.SurfaceSyncer.lambda$setupSync$1$android-window-SurfaceSyncer:128 android.window.SurfaceSyncer$$ExternalSyntheticLambda1.accept:8 android.window.SurfaceSyncer$SyncSet.checkIfSyncIsComplete:382 android.window.SurfaceSyncer$SyncSet.markSyncReady:359 android.window.SurfaceSyncer.markSyncReady:151 android.view.ViewRootImpl.performTraversals:4503 
10-04 18:27:58.258 12320 12320 I ViewRootImpl@8fae045[MainActivity]: reportDrawFinished seqId=0 mSyncId=-1 fn=1 mSurfaceChangedTransaction=0x7af9dc2100
