10-04 22:42:25.298 25619 25619 I ViewRootImpl@fb2a030[MainActivity]: Relayout returned: old=(0,0,1080,2400) new=(0,0,1080,2400) req=(1080,2400)0 dur=10 res=0x0 s={true 0x7b5ed7c800} ch=false seqId=0
10-04 22:42:25.326 25619 25619 D CoilImgLoader: setupCoilLogger: Activated EVENT_LISTENER FOR COIL
10-04 22:42:25.326 25619 25619 D CoilImgLoader: buildImageLoader: Setting COIL Image Loader.
10-04 22:42:25.453 25619 25784 D ProfileInstaller: Skipping profile installation for com.lagradost.cloudstream3
10-04 22:42:29.351 25619 25619 I ViewRootImpl@fb2a030[MainActivity]: ViewPostIme pointer 0
10-04 22:42:29.416 25619 25619 I ViewRootImpl@fb2a030[MainActivity]: ViewPostIme pointer 1
10-04 22:42:29.427 25619 25619 I Dialog  : mIsDeviceDefault = false, mIsSamsungBasicInteraction = false, isMetaDataInActivity = false
10-04 22:42:29.458 25619 25619 I DecorView: [INFO] isPopOver=false config=false
10-04 22:42:29.458 25619 25619 I DecorView: updateCaptionType: isFloating=false isApplication=true hasWindowDecorCaption=false this=DecorView@9ae9764[]
10-04 22:42:29.458 25619 25619 D DecorView: setCaptionType = 0, this = DecorView@9ae9764[]
10-04 22:42:29.460 25619 25619 I DecorView: getCurrentDensityDpi: from app context. densityDpi=420 msg=resources_loaded
10-04 22:42:29.460 25619 25619 I DecorView: setWindowBackground: isPopOver=false color=0 d=android.graphics.drawable.ColorDrawable@8d25682
10-04 22:42:29.468 25619 25644 D NativeCustomFrequencyManager: [NativeCFMS] BpCustomFrequencyManager::BpCustomFrequencyManager()
10-04 22:42:29.469 25619 25619 I DecorView: notifyKeepScreenOnChanged: keepScreenOn=false
10-04 22:42:29.482 25619 25619 D InsetsController: onStateChanged: InsetsState: {mDisplayFrame=Rect(0, 0 - 1080, 2400), mDisplayCutout=DisplayCutout{insets=Rect(0, 88 - 0, 0) waterfall=Insets{left=0, top=0, right=0, bottom=0} boundingRect={Bounds=[Rect(0, 0 - 0, 0), Rect(512, 0 - 568, 88), Rect(0, 0 - 0, 0), Rect(0, 0 - 0, 0)]} cutoutPathParserInfo={CutoutPathParserInfo{displayWidth=1080 displayHeight=2400 physicalDisplayWidth=1080 physicalDisplayHeight=2400 density={2.625} cutoutSpec={M 0,0 M 0,12.25101276465640 a 10.60613009248640,10.60613009248640 0 1,0 0,21.21226018497290 a 10.60613009248640,10.60613009248640 0 1,0 0,-21.21226018497290 Z @dp} rotation={0} scale={1.0} physicalPixelDisplaySizeRatio={1.0}}}}, mRoundedCorners=RoundedCorners{[RoundedCorner{position=TopLeft, radius=84, center=Point(84, 84)}, RoundedCorner{position=TopRight, radius=84, center=Point(996, 84)}, RoundedCorner{position=BottomRight, radius=84, center=Point(996, 2316)}, RoundedCorner{position=BottomLeft, radius=84, center=Point(84, 2316)}]}  mRoundedCornerFrame=Rect(0, 0 - 1080, 2400), mPrivacyIndicatorBounds=PrivacyIndicatorBounds {static bounds=Rect(964, 0 - 1080, 87) rotation=0}, mSources= { InsetsSource: {mType=ITYPE_STATUS_BAR, mFrame=[0,0][1080,88], mVisible=true, mInsetsRoundedCornerFrame=false}, InsetsSource: {mType=ITYPE_NAVIGATION_BAR, mFrame=[0,2361][1080,2400], mVisible=true, mInsetsRoundedCornerFrame=false}, InsetsSource: {mType=ITYPE_LEFT_GESTURES, mFrame=[0,0][130,2400], mVisible=true, mInsetsRoundedCornerFrame=false}, InsetsSource: {mType=ITYPE_RIGHT_GESTURES, mFrame=[950,0][1080,2400], mVisible=true, mInsetsRoundedCornerFrame=false}, InsetsSource: {mType=ITYPE_TOP_MANDATORY_GESTURES, mFrame=[0,0][1080,120], mVisible=true, mInsetsRoundedCornerFrame=false}, InsetsSource: {mType=ITYPE_BOTTOM_MANDATORY_GESTURES, mFrame=[0,2316][1080,2400], mVisible=true, mInsetsRoundedCornerFrame=false}, InsetsSource: {mType=ITYPE_LEFT_DISPLAY_CUTOUT, mFrame=[0,0][-100000,2400], mVisible=true, mInsetsRoundedCornerFrame=false}, InsetsSource: {mType=ITYPE_TOP_DISPLAY_CUTOUT, mFrame=[0,0][1080,88], mVisible=true, mInsetsRoundedCornerFrame=false}, InsetsSource: {mType=ITYPE_RIGHT_DISPLAY_CUTOUT, mFrame=[100000,0][1080,2400], mVisible=true, mInsetsRoundedCornerFrame=false}, InsetsSource: {mType=ITYPE_BOTTOM_DISPLAY_CUTOUT, mFrame=[0,100000][1080,2400], mVisible=true, mInsetsRoundedCornerFrame=false}, InsetsSource: {mType=ITYPE_TOP_TAPPABLE_ELEMENT, mFrame=[0,0][1080,88], mVisible=true, mInsetsRoundedCornerFrame=false}, InsetsSource: {mType=ITYPE_BOTTOM_TAPPABLE_ELEMENT, mFrame=[0,0][0,0], mVisible=true, mInsetsRoundedCornerFrame=false}, InsetsSource: {mType=ITYPE_IME, mFrame=[0,0][0,0], mVisible=false, mInsetsRoundedCornerFrame=false} } host=com.lagradost.cloudstream3/com.lagradost.cloudstream3.MainActivity from=android.view.ViewRootImpl.setView:1732
10-04 22:42:29.484 25619 25619 I ViewRootImpl@9667ee8[MainActivity]: setView = com.android.internal.policy.DecorView@9ae9764 TM=true
10-04 22:42:29.786 25619 25619 I ViewRootImpl@9667ee8[MainActivity]: performTraversals params={(0,0)(fillxfill) gr=CENTER sim={adjust=resize forwardNavigation} ty=APPLICATION fmt=TRANSPARENT wanim=0x7f14000b
10-04 22:42:29.786 25619 25619 I ViewRootImpl@9667ee8[MainActivity]:   fl=85810100
10-04 22:42:29.786 25619 25619 I ViewRootImpl@9667ee8[MainActivity]:   pfl=12020040
10-04 22:42:29.786 25619 25619 I ViewRootImpl@9667ee8[MainActivity]:   vsysui=500
10-04 22:42:29.786 25619 25619 I ViewRootImpl@9667ee8[MainActivity]:   bhv=DEFAULT
10-04 22:42:29.786 25619 25619 I ViewRootImpl@9667ee8[MainActivity]:   fitSides= naviIconColor=0}
10-04 22:42:29.786 25619 25630 I st.cloudstream3: Background concurrent copying GC freed 10MB AllocSpace bytes, 72(11MB) LOS objects, 50% free, 18MB/37MB, paused 883us,79us total 163ms
10-04 22:42:29.787 25619 25619 I ViewRootImpl@9667ee8[MainActivity]: performTraversals mFirst=true windowShouldResize=true viewVisibilityChanged=false mForceNextWindowRelayout=false params={(0,0)(fillxfill) gr=CENTER sim={adjust=resize forwardNavigation} ty=APPLICATION fmt=TRANSPARENT wanim=0x7f14000b
10-04 22:42:29.787 25619 25619 I ViewRootImpl@9667ee8[MainActivity]:   fl=85810100
10-04 22:42:29.787 25619 25619 I ViewRootImpl@9667ee8[MainActivity]:   pfl=12020040
10-04 22:42:29.787 25619 25619 I ViewRootImpl@9667ee8[MainActivity]:   vsysui=500
10-04 22:42:29.787 25619 25619 I ViewRootImpl@9667ee8[MainActivity]:   bhv=DEFAULT
10-04 22:42:29.787 25619 25619 I ViewRootImpl@9667ee8[MainActivity]:   fitSides= naviIconColor=0}
10-04 22:42:29.799 25619 25619 I ViewRootImpl@9667ee8[MainActivity]: updateBlastSurfaceIfNeeded mBlastBufferQueue=null isSameSurfaceControl=false
10-04 22:42:29.800 25619 25619 I BLASTBufferQueue: new BLASTBufferQueue, mName= ViewRootImpl@9667ee8[MainActivity] mNativeObject= 0x7ca9456a00 sc.mNativeObject= 0x7b24a56860 caller= android.view.ViewRootImpl.updateBlastSurfaceIfNeeded:2909 android.view.ViewRootImpl.relayoutWindow:9847 android.view.ViewRootImpl.performTraversals:3884 android.view.ViewRootImpl.doTraversal:3116 android.view.ViewRootImpl$TraversalRunnable.run:10885 android.view.Choreographer$CallbackRecord.run:1301 android.view.Choreographer$CallbackRecord.run:1309 android.view.Choreographer.doCallbacks:923 android.view.Choreographer.doFrame:852 android.view.Choreographer$FrameDisplayEventReceiver.run:1283 
10-04 22:42:29.800 25619 25619 I BLASTBufferQueue: update, w= 1080 h= 2400 mName = ViewRootImpl@9667ee8[MainActivity] mNativeObject= 0x7ca9456a00 sc.mNativeObject= 0x7b24a56860 format= -2 caller= android.graphics.BLASTBufferQueue.<init>:84 android.view.ViewRootImpl.updateBlastSurfaceIfNeeded:2909 android.view.ViewRootImpl.relayoutWindow:9847 android.view.ViewRootImpl.performTraversals:3884 android.view.ViewRootImpl.doTraversal:3116 android.view.ViewRootImpl$TraversalRunnable.run:10885 
10-04 22:42:29.800 25619 25619 I ViewRootImpl@9667ee8[MainActivity]: Relayout returned: old=(0,0,1080,2400) new=(0,0,1080,2400) req=(1080,2400)0 dur=12 res=0x3 s={true 0x7b29178800} ch=true seqId=0
10-04 22:42:29.801 25619 25619 I ViewRootImpl@9667ee8[MainActivity]: mThreadedRenderer.initialize() mSurface={isValid=true 0x7b29178800} hwInitialized=true
10-04 22:42:29.801 25619 25644 D OpenGLRenderer: eglCreateWindowSurface
10-04 22:42:29.808 25619 25619 I ViewRootImpl@9667ee8[MainActivity]: reportNextDraw android.view.ViewRootImpl.performTraversals:4438 android.view.ViewRootImpl.doTraversal:3116 android.view.ViewRootImpl$TraversalRunnable.run:10885 android.view.Choreographer$CallbackRecord.run:1301 android.view.Choreographer$CallbackRecord.run:1309 
10-04 22:42:29.819 25619 25619 I ViewRootImpl@9667ee8[MainActivity]: Setup new sync id=0
10-04 22:42:29.819 25619 25619 I ViewRootImpl@9667ee8[MainActivity]: Setting syncFrameCallback
10-04 22:42:29.819 25619 25619 I ViewRootImpl@9667ee8[MainActivity]: registerCallbacksForSync syncBuffer=false
10-04 22:42:29.829 25619 25750 I ViewRootImpl@9667ee8[MainActivity]: Received frameDrawingCallback syncResult=0 frameNum=1.
10-04 22:42:29.829 25619 25750 I ViewRootImpl@9667ee8[MainActivity]: Setting up sync and frameCommitCallback
10-04 22:42:29.840 25619 25644 I BLASTBufferQueue: [ViewRootImpl@9667ee8[MainActivity]#2](f:0,a:0) onFrameAvailable the first frame is available
10-04 22:42:29.842 25619 25644 I ViewRootImpl@9667ee8[MainActivity]: Received frameCommittedCallback lastAttemptedDrawFrameNum=1 didProduceBuffer=true
10-04 22:42:29.845 25619 25644 D OpenGLRenderer: CFMS:: SetUp Pid : 25619    Tid : 25644
10-04 22:42:29.848 25619 25619 I ViewRootImpl@9667ee8[MainActivity]: onSyncComplete
10-04 22:42:29.848 25619 25619 I ViewRootImpl@9667ee8[MainActivity]: setupSync seqId=0 mSyncId=0 fn=1 caller=android.view.ViewRootImpl$$ExternalSyntheticLambda11.accept:6 android.window.SurfaceSyncer.lambda$setupSync$1$android-window-SurfaceSyncer:128 android.window.SurfaceSyncer$$ExternalSyntheticLambda1.accept:8 android.window.SurfaceSyncer$SyncSet.checkIfSyncIsComplete:382 android.window.SurfaceSyncer$SyncSet.markSyncReady:359 android.window.SurfaceSyncer.markSyncReady:151 android.view.ViewRootImpl.performTraversals:4503 
10-04 22:42:29.849 25619 25619 I ViewRootImpl@9667ee8[MainActivity]: reportDrawFinished seqId=0 mSyncId=-1 fn=1 mSurfaceChangedTransaction=0x7b49132f00
10-04 22:42:29.876 25619 25619 I ViewRootImpl@fb2a030[MainActivity]: MSG_WINDOW_FOCUS_CHANGED 0 0
10-04 22:42:29.906 25619 25619 I ViewRootImpl@9667ee8[MainActivity]: MSG_WINDOW_FOCUS_CHANGED 1 0
10-04 22:42:29.907 25619 25619 I ViewRootImpl@9667ee8[MainActivity]: mThreadedRenderer.initializeIfNeeded()#2 mSurface={isValid=true 0x7b29178800}
10-04 22:42:29.908 25619 25619 D InputMethodManager: startInputInner - Id : 0
10-04 22:42:29.908 25619 25619 I InputMethodManager: startInputInner - mService.startInputOrWindowGainedFocus
10-04 22:42:30.491 25619 25619 I ViewRootImpl@9667ee8[MainActivity]: ViewPostIme pointer 0
10-04 22:42:30.606 25619 25619 I ViewRootImpl@9667ee8[MainActivity]: ViewPostIme pointer 1
10-04 22:42:31.132 25619 25619 I ViewRootImpl@9667ee8[MainActivity]: ViewPostIme pointer 0
10-04 22:42:31.438 25619 25619 I ViewRootImpl@9667ee8[MainActivity]: ViewPostIme pointer 1
10-04 22:42:31.637 25619 25619 I ViewRootImpl@9667ee8[MainActivity]: ViewPostIme pointer 0
10-04 22:42:31.694 25619 25619 I ViewRootImpl@9667ee8[MainActivity]: ViewPostIme pointer 1
10-04 22:42:31.705 25619 25619 I NavComponent: Navigating to fragment: 2131362274
10-04 22:42:31.723 25619 25619 I IMM_LC  : hsifw() - flag : 0
10-04 22:42:31.723 25619 25619 I IMM_LC  : hsifw() ignore mServedView == null or mServedView.getWindowToken() != windowToken, mServedView :DecorView@9ae9764[MainActivity]
10-04 22:42:31.727 25619 25619 I MSHandlerLifeCycle: check: return. pkg=com.lagradost.cloudstream3 isActivity=false callers=com.android.internal.policy.DecorView.setVisibility:4412 android.app.Dialog.hide:767 com.lagradost.cloudstream3.utils.AppContextUtils.ownHide:123 com.lagradost.cloudstream3.ui.home.HomeFragment$Companion.loadHomepageList$lambda$3:185 com.lagradost.cloudstream3.ui.home.HomeFragment$Companion.$r8$lambda$MoQSIPnUiyzkK5n4sMwjTMvpPNA:0 
10-04 22:42:31.727 25619 25619 I MSHandlerLifeCycle: removeMultiSplitHandler: no exist. decor=DecorView@9ae9764[MainActivity]
10-04 22:42:31.742 25619 25644 D OpenGLRenderer: setSurface called with nullptr
10-04 22:42:31.742 25619 25644 D OpenGLRenderer: setSurface() destroyed EGLSurface
10-04 22:42:31.742 25619 25644 D OpenGLRenderer: destroyEglSurface
10-04 22:42:31.745 25619 25644 D OpenGLRenderer: endAllActiveAnimators on 0x7b2498a300 (AppCompatImageView) with handle 0x7bcd715160
10-04 22:42:31.746 25619 25619 I ViewRootImpl@9667ee8[MainActivity]: performTraversals mFirst=false windowShouldResize=false viewVisibilityChanged=true mForceNextWindowRelayout=false params={(0,0)(fillxfill) gr=CENTER sim={adjust=pan} ty=APPLICATION fmt=TRANSPARENT wanim=0x7f14000b
10-04 22:42:31.746 25619 25619 I ViewRootImpl@9667ee8[MainActivity]:   fl=85810100
10-04 22:42:31.746 25619 25619 I ViewRootImpl@9667ee8[MainActivity]:   pfl=12020040
10-04 22:42:31.746 25619 25619 I ViewRootImpl@9667ee8[MainActivity]:   vsysui=500
10-04 22:42:31.746 25619 25619 I ViewRootImpl@9667ee8[MainActivity]:   bhv=DEFAULT
10-04 22:42:31.746 25619 25619 I ViewRootImpl@9667ee8[MainActivity]:   fitSides= naviIconColor=0}
10-04 22:42:31.763 25619 25619 D InsetsController: onStateChanged: InsetsState: {mDisplayFrame=Rect(0, 0 - 1080, 2400), mDisplayCutout=DisplayCutout{insets=Rect(0, 88 - 0, 0) waterfall=Insets{left=0, top=0, right=0, bottom=0} boundingRect={Bounds=[Rect(0, 0 - 0, 0), Rect(512, 0 - 568, 88), Rect(0, 0 - 0, 0), Rect(0, 0 - 0, 0)]} cutoutPathParserInfo={CutoutPathParserInfo{displayWidth=1080 displayHeight=2400 physicalDisplayWidth=1080 physicalDisplayHeight=2400 density={2.625} cutoutSpec={M 0,0 M 0,12.25101276465640 a 10.60613009248640,10.60613009248640 0 1,0 0,21.21226018497290 a 10.60613009248640,10.60613009248640 0 1,0 0,-21.21226018497290 Z @dp} rotation={0} scale={1.0} physicalPixelDisplaySizeRatio={1.0}}}}, mRoundedCorners=RoundedCorners{[RoundedCorner{position=TopLeft, radius=84, center=Point(84, 84)}, RoundedCorner{position=TopRight, radius=84, center=Point(996, 84)}, RoundedCorner{position=BottomRight, radius=84, center=Point(996, 2316)}, RoundedCorner{position=BottomLeft, radius=84, center=Point(84, 2316)}]}  mRoundedCornerFrame=Rect(0, 0 - 1080, 2400), mPrivacyIndicatorBounds=PrivacyIndicatorBounds {static bounds=Rect(964, 0 - 1080, 87) rotation=0}, mSources= { InsetsSource: {mType=ITYPE_STATUS_BAR, mFrame=[0,0][1080,88], mVisible=true, mInsetsRoundedCornerFrame=false}, InsetsSource: {mType=ITYPE_NAVIGATION_BAR, mFrame=[0,2361][1080,2400], mVisible=true, mInsetsRoundedCornerFrame=false}, InsetsSource: {mType=ITYPE_LEFT_GESTURES, mFrame=[0,0][130,2400], mVisible=true, mInsetsRoundedCornerFrame=false}, InsetsSource: {mType=ITYPE_RIGHT_GESTURES, mFrame=[950,0][1080,2400], mVisible=true, mInsetsRoundedCornerFrame=false}, InsetsSource: {mType=ITYPE_TOP_MANDATORY_GESTURES, mFrame=[0,0][1080,120], mVisible=true, mInsetsRoundedCornerFrame=false}, InsetsSource: {mType=ITYPE_BOTTOM_MANDATORY_GESTURES, mFrame=[0,2316][1080,2400], mVisible=true, mInsetsRoundedCornerFrame=false}, InsetsSource: {mType=ITYPE_LEFT_DISPLAY_CUTOUT, mFrame=[0,0][-100000,2400], mVisible=true, mInsetsRoundedCornerFrame=false}, InsetsSource: {mType=ITYPE_TOP_DISPLAY_CUTOUT, mFrame=[0,0][1080,88], mVisible=true, mInsetsRoundedCornerFrame=false}, InsetsSource: {mType=ITYPE_RIGHT_DISPLAY_CUTOUT, mFrame=[100000,0][1080,2400], mVisible=true, mInsetsRoundedCornerFrame=false}, InsetsSource: {mType=ITYPE_BOTTOM_DISPLAY_CUTOUT, mFrame=[0,100000][1080,2400], mVisible=true, mInsetsRoundedCornerFrame=false}, InsetsSource: {mType=ITYPE_TOP_TAPPABLE_ELEMENT, mFrame=[0,0][1080,88], mVisible=true, mInsetsRoundedCornerFrame=false}, InsetsSource: {mType=ITYPE_BOTTOM_TAPPABLE_ELEMENT, mFrame=[0,0][0,0], mVisible=true, mInsetsRoundedCornerFrame=false} } host=com.lagradost.cloudstream3/com.lagradost.cloudstream3.MainActivity from=android.view.ViewRootImpl.relayoutWindow:9802
10-04 22:42:31.766 25619 25619 I ViewRootImpl@9667ee8[MainActivity]: Relayout returned: old=(0,0,1080,2400) new=(0,0,1080,2400) req=(1080,2400)8 dur=17 res=0x2 s={false 0x0} ch=true seqId=0
10-04 22:42:31.799 25619 25619 D ScrollView: initGoToTop
10-04 22:42:32.106 25619 25619 I SurfaceView@6872cca: onWindowVisibilityChanged(0) true android.view.SurfaceView{6872cca V.E...... ......I. 0,0-0,0} of ViewRootImpl@fb2a030[MainActivity]
10-04 22:42:32.106 25619 25619 D SurfaceView@6872cca: updateSurface: has no frame
10-04 22:42:32.115 25619 25619 I CS3ExoPlayer: SET STYLE = SaveCaptionStyle(foregroundColor=-1, backgroundColor=0, windowColor=0, edgeType=1, edgeColor=-16777216, typeface=null, typefaceFilePath=null, elevation=20, fixedTextSize=null, edgeSize=null, removeCaptions=false, removeBloat=true, upperCase=false, bold=false, italic=false, backgroundRadius=null)
10-04 22:42:32.131 25619 25619 D VideoClickActionHolder: allVideoClickActions: [null:com.lagradost.cloudstream3.actions.temp.PlayInBrowserAction, null:com.lagradost.cloudstream3.actions.temp.CopyClipboardAction, null:com.lagradost.cloudstream3.actions.temp.ViewM3U8Action, null:com.lagradost.cloudstream3.actions.temp.VlcPackage, null:com.lagradost.cloudstream3.actions.temp.MpvPackage, null:com.lagradost.cloudstream3.actions.temp.NextPlayerPackage, null:com.lagradost.cloudstream3.actions.temp.JustPlayerPackage, null:com.lagradost.cloudstream3.actions.temp.fcast.FcastAction, null:com.lagradost.cloudstream3.actions.temp.LibreTorrentPackage, null:com.lagradost.cloudstream3.actions.temp.BiglyBTPackage, null:com.lagradost.cloudstream3.actions.temp.VlcNightlyPackage, null:com.lagradost.cloudstream3.actions.temp.WebVideoCastPackage, null:com.lagradost.cloudstream3.actions.temp.MpvYTDLPackage, null:com.lagradost.cloudstream3.actions.temp.MpvKtPackage, null:com.lagradost.cloudstream3.actions.temp.MpvKtPreviewPackage, null:com.lagradost.cloudstream3.actions.AlwaysAskAction]
10-04 22:42:32.132 25619 25619 I IMM_LC  : hsifw() - flag : 0
10-04 22:42:32.132 25619 25619 I IMM_LC  : hsifw() ignore mServedView == null or mServedView.getWindowToken() != windowToken, mServedView :DecorView@9ae9764[MainActivity]
10-04 22:42:32.134 25619 25677 I SYNCVM  : addFromUrl = https://wecima.now/watch/%d9%85%d8%b4%d8%a7%d9%87%d8%af%d8%a9-%d9%85%d8%b3%d9%84%d8%b3%d9%84-the-19th-medical-chart-%d9%85%d9%88%d8%b3%d9%85-1-%d8%ad%d9%84%d9%82%d8%a9-8-%d9%88%d8%a7%d9%84%d8%a3%d8%ae%d9%8a%d8%b1%d8%a9/
10-04 22:42:32.134 25619 25677 I SYNCUTIL: getIdsFromUrl https://wecima.now/watch/%d9%85%d8%b4%d8%a7%d9%87%d8%af%d8%a9-%d9%85%d8%b3%d9%84%d8%b3%d9%84-the-19th-medical-chart-%d9%85%d9%88%d8%b3%d9%85-1-%d8%ad%d9%84%d9%82%d8%a9-8-%d9%88%d8%a7%d9%84%d8%a3%d8%ae%d9%8a%d8%b1%d8%a9/
10-04 22:42:32.150 25619 25619 I SurfaceView@6872cca: onWindowVisibilityChanged(8) false android.view.SurfaceView{6872cca V.E...... ......I. 0,0-0,0} of ViewRootImpl@fb2a030[MainActivity]
10-04 22:42:32.150 25619 25619 D SurfaceView@6872cca: updateSurface: has no frame
10-04 22:42:32.151 25619 25619 D SurfaceView@6872cca: updateSurface: has no frame
10-04 22:42:32.151 25619 25619 I SurfaceView@6872cca: onDetachedFromWindow: tryReleaseSurfaces()
10-04 22:42:32.151 25619 25619 I SurfaceView@6872cca: releaseSurfaces: viewRoot = ViewRootImpl@fb2a030[MainActivity]
10-04 22:42:32.151 25619 25619 I SurfaceView@6872cca: applyTransactionOnVriDraw: vri = ViewRootImpl@fb2a030[MainActivity] fRS = true t = 0x7b49131500 android.view.SurfaceView.releaseSurfaces:858 android.view.SurfaceView.onDetachedFromWindow:500 android.view.View.dispatchDetachedFromWindow:22538 
10-04 22:42:32.151 25619 25619 I SurfaceView@6872cca: applyTransactionOnVriDraw: viewRoot.applyTransactionOnDrawFromReleaseSurfaces
10-04 22:42:32.151 25619 25619 I ViewRootImpl@fb2a030[MainActivity]: applyTransactionOnDraw: mRemoved = false isHardwareEnabled = true t = 0x7b49131500android.view.ViewRootImpl.applyTransactionOnDrawFromReleaseSurfaces:12850 android.view.SurfaceView.applyTransactionOnVriDraw:2046 android.view.SurfaceView.releaseSurfaces:858 android.view.SurfaceView.onDetachedFromWindow:500 android.view.View.dispatchDetachedFromWindow:22538 
10-04 22:42:32.153 25619 25619 I SurfaceView@6872cca: onWindowVisibilityChanged(0) true android.view.SurfaceView{6872cca V.E...... ......I. 0,0-0,0} of ViewRootImpl@fb2a030[MainActivity]
10-04 22:42:32.153 25619 25619 D SurfaceView@6872cca: updateSurface: has no frame
10-04 22:42:32.157 25619 25619 I DecorView: notifyKeepScreenOnChanged: keepScreenOn=false
10-04 22:42:32.170 25619 25619 I CS3ExoPlayer: reloadPlayer
10-04 22:42:32.170 25619 25619 I CS3ExoPlayer: releasePlayer
10-04 22:42:32.170 25619 25619 I CS3ExoPlayer: Handle event: PlayerAttachedEvent(player=null, source=Player)
10-04 22:42:32.177 25619 25619 I ViewRootImpl@fb2a030[MainActivity]: performTraversals params={(0,0)(fillxfill) sim={state=always_hidden adjust=resize} ty=BASE_APPLICATION wanim=0x1030309
10-04 22:42:32.177 25619 25619 I ViewRootImpl@fb2a030[MainActivity]:   fl=85810100
10-04 22:42:32.177 25619 25619 I ViewRootImpl@fb2a030[MainActivity]:   pfl=12020040
10-04 22:42:32.177 25619 25619 I ViewRootImpl@fb2a030[MainActivity]:   vsysui=500
10-04 22:42:32.177 25619 25619 I ViewRootImpl@fb2a030[MainActivity]:   bhv=DEFAULT
10-04 22:42:32.177 25619 25619 I ViewRootImpl@fb2a030[MainActivity]:   fitSides= naviIconColor=0}
10-04 22:42:32.178 25619 25619 I ViewRootImpl@fb2a030[MainActivity]: performTraversals mFirst=false windowShouldResize=false viewVisibilityChanged=false mForceNextWindowRelayout=false params={(0,0)(fillxfill) sim={state=always_hidden adjust=resize} ty=BASE_APPLICATION fmt=TRANSLUCENT wanim=0x1030309
10-04 22:42:32.178 25619 25619 I ViewRootImpl@fb2a030[MainActivity]:   fl=85810100
10-04 22:42:32.178 25619 25619 I ViewRootImpl@fb2a030[MainActivity]:   pfl=12020040
10-04 22:42:32.178 25619 25619 I ViewRootImpl@fb2a030[MainActivity]:   vsysui=500
10-04 22:42:32.178 25619 25619 I ViewRootImpl@fb2a030[MainActivity]:   bhv=DEFAULT
10-04 22:42:32.178 25619 25619 I ViewRootImpl@fb2a030[MainActivity]:   fitSides= naviIconColor=0}
10-04 22:42:32.182 25619 25619 I ViewRootImpl@fb2a030[MainActivity]: updateBlastSurfaceIfNeeded mBlastBufferQueue=0x7b48ed4d00 isSameSurfaceControl=true
10-04 22:42:32.182 25619 25619 I BLASTBufferQueue: update, w= 1080 h= 2400 mName = ViewRootImpl@fb2a030[MainActivity] mNativeObject= 0x7b48ed4d00 sc.mNativeObject= 0x7bcd710e40 format= -3 caller= android.view.ViewRootImpl.updateBlastSurfaceIfNeeded:2898 android.view.ViewRootImpl.relayoutWindow:9847 android.view.ViewRootImpl.performTraversals:3884 android.view.ViewRootImpl.doTraversal:3116 android.view.ViewRootImpl$TraversalRunnable.run:10885 android.view.Choreographer$CallbackRecord.run:1301 
10-04 22:42:32.182 25619 25619 I ViewRootImpl@fb2a030[MainActivity]: Relayout returned: old=(0,0,1080,2400) new=(0,0,1080,2400) req=(1080,2400)0 dur=4 res=0x0 s={true 0x7b5ed7c800} ch=false seqId=0
10-04 22:42:32.184 25619 25619 W View    : requestLayout() improperly called by android.widget.FrameLayout{24a7b25 I.E...... ......I. 0,0-0,0 #7f0a04e7 app:id/start_panel} during layout: running second layout pass
10-04 22:42:32.184 25619 25619 W View    : requestLayout() improperly called by android.widget.FrameLayout{ed9e4fa I.E...... ......ID 1080,0-1080,2143 #7f0a0168 app:id/end_panel} during layout: running second layout pass
10-04 22:42:32.186 25619 25619 D SurfaceView@6872cca: updateSurface: has no frame
10-04 22:42:32.189 25619 25751 I ViewRootImpl@fb2a030[MainActivity]: mWNT: t=0x7b49131500 mBlastBufferQueue=0x7b48ed4d00 fn= 259 caller= android.view.ViewRootImpl.lambda$applyTransactionOnDraw$11$android-view-ViewRootImpl:12865 android.view.ViewRootImpl$$ExternalSyntheticLambda1.onFrameDraw:4 android.graphics.HardwareRenderer$FrameDrawingCallback.onFrameDraw:924 
10-04 22:42:32.193 25619 25619 I ViewRootImpl@9667ee8[MainActivity]: MSG_WINDOW_FOCUS_CHANGED 0 0
10-04 22:42:32.194 25619 25619 I ViewRootImpl@fb2a030[MainActivity]: MSG_WINDOW_FOCUS_CHANGED 1 0
10-04 22:42:32.195 25619 25619 I ViewRootImpl@fb2a030[MainActivity]: mThreadedRenderer.initializeIfNeeded()#2 mSurface={isValid=true 0x7b5ed7c800}
10-04 22:42:32.198 25619 25619 D InputMethodManager: startInputInner - Id : 0
10-04 22:42:32.199 25619 25619 I InputMethodManager: startInputInner - mService.startInputOrWindowGainedFocus
10-04 22:42:32.201 25619 25619 D SurfaceView@6872cca: updateSurface: has no frame
10-04 22:42:32.219 25619 25619 D SurfaceView@6872cca: updateSurface: has no frame
10-04 22:42:32.235 25619 25619 D SurfaceView@6872cca: updateSurface: has no frame
10-04 22:42:32.252 25619 25619 D SurfaceView@6872cca: updateSurface: has no frame
10-04 22:42:32.268 25619 25619 D SurfaceView@6872cca: updateSurface: has no frame
10-04 22:42:32.285 25619 25619 D SurfaceView@6872cca: updateSurface: has no frame
10-04 22:42:32.302 25619 25619 D SurfaceView@6872cca: updateSurface: has no frame
10-04 22:42:32.318 25619 25619 D SurfaceView@6872cca: updateSurface: has no frame
10-04 22:42:32.327 25619 25619 I MSHandlerLifeCycle: check: return. pkg=com.lagradost.cloudstream3 isActivity=false callers=com.android.internal.policy.DecorView.setVisibility:4412 android.app.Dialog.hide:767 com.lagradost.cloudstream3.utils.AppContextUtils.ownHide:123 com.lagradost.cloudstream3.ui.home.HomeFragment.onDestroyView:459 androidx.fragment.app.Fragment.performDestroyView:3357 
10-04 22:42:32.327 25619 25619 I MSHandlerLifeCycle: removeMultiSplitHandler: no exist. decor=DecorView@9ae9764[MainActivity]
10-04 22:42:32.335 25619 25619 D SurfaceView@6872cca: updateSurface: has no frame
10-04 22:42:32.352 25619 25619 D SurfaceView@6872cca: updateSurface: has no frame
10-04 22:42:32.368 25619 25619 D SurfaceView@6872cca: updateSurface: has no frame
10-04 22:42:32.385 25619 25619 D SurfaceView@6872cca: updateSurface: has no frame
10-04 22:42:32.402 25619 25619 D SurfaceView@6872cca: updateSurface: has no frame
10-04 22:42:32.418 25619 25619 D SurfaceView@6872cca: updateSurface: has no frame
10-04 22:42:32.435 25619 25619 D SurfaceView@6872cca: updateSurface: has no frame
10-04 22:42:32.452 25619 25619 D SurfaceView@6872cca: updateSurface: has no frame
10-04 22:42:32.468 25619 25619 D SurfaceView@6872cca: updateSurface: has no frame
10-04 22:42:32.485 25619 25619 D SurfaceView@6872cca: updateSurface: has no frame
10-04 22:42:32.502 25619 25619 D SurfaceView@6872cca: updateSurface: has no frame
10-04 22:42:32.518 25619 25619 D SurfaceView@6872cca: updateSurface: has no frame
10-04 22:42:32.535 25619 25619 D SurfaceView@6872cca: updateSurface: has no frame
10-04 22:42:32.552 25619 25619 D SurfaceView@6872cca: updateSurface: has no frame
10-04 22:42:32.568 25619 25619 D SurfaceView@6872cca: updateSurface: has no frame
10-04 22:42:32.585 25619 25619 D SurfaceView@6872cca: updateSurface: has no frame
10-04 22:42:32.602 25619 25619 D SurfaceView@6872cca: updateSurface: has no frame
10-04 22:42:32.618 25619 25619 D SurfaceView@6872cca: updateSurface: has no frame
10-04 22:42:32.635 25619 25619 D SurfaceView@6872cca: updateSurface: has no frame
10-04 22:42:32.652 25619 25619 D SurfaceView@6872cca: updateSurface: has no frame
10-04 22:42:32.668 25619 25619 D SurfaceView@6872cca: updateSurface: has no frame
10-04 22:42:32.685 25619 25619 D SurfaceView@6872cca: updateSurface: has no frame
10-04 22:42:32.702 25619 25619 D SurfaceView@6872cca: updateSurface: has no frame
10-04 22:42:32.718 25619 25619 D SurfaceView@6872cca: updateSurface: has no frame
10-04 22:42:32.735 25619 25619 D SurfaceView@6872cca: updateSurface: has no frame
10-04 22:42:32.752 25619 25619 D SurfaceView@6872cca: updateSurface: has no frame
10-04 22:42:32.768 25619 25619 D SurfaceView@6872cca: updateSurface: has no frame
10-04 22:42:32.785 25619 25619 D SurfaceView@6872cca: updateSurface: has no frame
10-04 22:42:32.802 25619 25619 D SurfaceView@6872cca: updateSurface: has no frame
10-04 22:42:32.818 25619 25619 D SurfaceView@6872cca: updateSurface: has no frame
10-04 22:42:32.835 25619 25619 D SurfaceView@6872cca: updateSurface: has no frame
10-04 22:42:32.852 25619 25619 D SurfaceView@6872cca: updateSurface: has no frame
10-04 22:42:32.853 25619 25680 I RVM2    : applyMeta
10-04 22:42:32.868 25619 25619 D SurfaceView@6872cca: updateSurface: has no frame
10-04 22:42:32.885 25619 25619 D SurfaceView@6872cca: updateSurface: has no frame
10-04 22:42:32.901 25619 25619 D SurfaceView@6872cca: updateSurface: has no frame
10-04 22:42:32.918 25619 25619 D SurfaceView@6872cca: updateSurface: has no frame
10-04 22:42:32.935 25619 25619 D SurfaceView@6872cca: updateSurface: has no frame
10-04 22:42:32.952 25619 25619 D SurfaceView@6872cca: updateSurface: has no frame
10-04 22:42:32.969 25619 25619 D SurfaceView@6872cca: updateSurface: has no frame
10-04 22:42:32.986 25619 25619 D SurfaceView@6872cca: updateSurface: has no frame
10-04 22:42:33.002 25619 25619 D SurfaceView@6872cca: updateSurface: has no frame
10-04 22:42:33.019 25619 25619 D SurfaceView@6872cca: updateSurface: has no frame
10-04 22:42:33.035 25619 25619 D SurfaceView@6872cca: updateSurface: has no frame
10-04 22:42:33.051 25619 25619 D SurfaceView@6872cca: updateSurface: has no frame
10-04 22:42:33.068 25619 25619 D SurfaceView@6872cca: updateSurface: has no frame
10-04 22:42:33.085 25619 25619 D SurfaceView@6872cca: updateSurface: has no frame
10-04 22:42:33.102 25619 25619 D SurfaceView@6872cca: updateSurface: has no frame
10-04 22:42:33.123 25619 25619 D SurfaceView@6872cca: updateSurface: has no frame
10-04 22:42:33.138 25619 25619 D SurfaceView@6872cca: updateSurface: has no frame
10-04 22:42:33.139 25619 25630 I st.cloudstream3: Background concurrent copying GC freed 7702KB AllocSpace bytes, 53(7724KB) LOS objects, 49% free, 22MB/45MB, paused 484us,269us total 155.061ms
10-04 22:42:33.140 25619 25631 D InputTransport: Input channel destroyed: 'ClientS', fd=134
10-04 22:42:33.142 25619 25631 D InputTransport: Input channel destroyed: 'ClientS', fd=146
10-04 22:42:33.151 25619 25619 D SurfaceView@6872cca: updateSurface: has no frame
10-04 22:42:33.168 25619 25619 D SurfaceView@6872cca: updateSurface: has no frame
10-04 22:42:33.185 25619 25619 D SurfaceView@6872cca: updateSurface: has no frame
10-04 22:42:33.202 25619 25619 D SurfaceView@6872cca: updateSurface: has no frame
10-04 22:42:33.205 25619 25619 W PanelsChildGestureRegionObserver: failed to register view with ID 2131362800. already registered
10-04 22:42:33.208 25619 25619 E CoilImgLoader: Error loading image: coil3.request.NullRequestDataException: The request's data is null.
10-04 22:42:33.213 25619 25619 E CoilImgLoader: Error loading image: coil3.request.NullRequestDataException: The request's data is null.
10-04 22:42:33.241 25619 25756 I SYNCVM  : addFromUrl = https://wecima.now/watch/%d9%85%d8%b4%d8%a7%d9%87%d8%af%d8%a9-%d9%85%d8%b3%d9%84%d8%b3%d9%84-the-19th-medical-chart-%d9%85%d9%88%d8%b3%d9%85-1-%d8%ad%d9%84%d9%82%d8%a9-8-%d9%88%d8%a7%d9%84%d8%a3%d8%ae%d9%8a%d8%b1%d8%a9/
10-04 22:42:33.241 25619 25756 I SYNCUTIL: getIdsFromUrl https://wecima.now/watch/%d9%85%d8%b4%d8%a7%d9%87%d8%af%d8%a9-%d9%85%d8%b3%d9%84%d8%b3%d9%84-the-19th-medical-chart-%d9%85%d9%88%d8%b3%d9%85-1-%d8%ad%d9%84%d9%82%d8%a9-8-%d9%88%d8%a7%d9%84%d8%a3%d8%ae%d9%8a%d8%b1%d8%a9/
10-04 22:42:33.344 25619 25619 D SurfaceView@6872cca: updateSurface: has no frame
10-04 22:42:33.347 25619 25619 I SurfaceView@6872cca: Changes: creating=true format=true size=true visible=true alpha=false hint=false mUseAlpha=false visible=true left=true top=true
10-04 22:42:33.349 25619 25619 I BLASTBufferQueue: update, w= 1080 h= 525 mName = null mNativeObject= 0x7bda9ce700 sc.mNativeObject= 0x7af778a640 format= 4 caller= android.view.SurfaceView.createBlastSurfaceControls:1383 android.view.SurfaceView.updateSurface:1079 android.view.SurfaceView.lambda$new$0$android-view-SurfaceView:200 android.view.SurfaceView$$ExternalSyntheticLambda5.onPreDraw:2 android.view.ViewTreeObserver.dispatchOnPreDraw:1121 android.view.ViewRootImpl.performTraversals:4442 
10-04 22:42:33.350 25619 25619 I SurfaceView@6872cca: 109522122 Cur surface: Surface(name=null)/@0xe29e746
10-04 22:42:33.350 25619 25619 I SurfaceView@6872cca: pST: sr = Rect(0, 218 - 1080, 743) sw = 1080 sh = 525
10-04 22:42:33.350 25619 25619 D SurfaceView@6872cca: performSurfaceTransaction RenderWorker position = [0, 218, 1080, 743] surfaceSize = 1080x525
10-04 22:42:33.350 25619 25619 I SurfaceView@6872cca: applyTransactionOnVriDraw: vri = ViewRootImpl@fb2a030[MainActivity] fRS = false t = 0x7b28f9ae00 android.view.SurfaceView.performSurfaceTransaction:959 android.view.SurfaceView.updateSurface:1105 android.view.SurfaceView.lambda$new$0$android-view-SurfaceView:200 
10-04 22:42:33.350 25619 25619 I ViewRootImpl@fb2a030[MainActivity]: applyTransactionOnDraw: mRemoved = false isHardwareEnabled = true t = 0x7b28f9ae00android.view.SurfaceView.applyTransactionOnVriDraw:2048 android.view.SurfaceView.performSurfaceTransaction:959 android.view.SurfaceView.updateSurface:1105 android.view.SurfaceView.lambda$new$0$android-view-SurfaceView:200 android.view.SurfaceView$$ExternalSyntheticLambda5.onPreDraw:2 
10-04 22:42:33.350 25619 25619 I SurfaceView@6872cca: updateSurface: mVisible = true mSurface.isValid() = true
10-04 22:42:33.350 25619 25619 I SurfaceView@6872cca: updateSurface: mSurfaceCreated = false surfaceChanged = true visibleChanged = true
10-04 22:42:33.350 25619 25619 I SurfaceView@6872cca: visibleChanged -- surfaceCreated
10-04 22:42:33.350 25619 25619 I SurfaceView@6872cca: surfaceCreated 0 #8 android.view.SurfaceView{6872cca V.E...... ......ID 0,0-1080,525}
10-04 22:42:33.350 25619 25619 I SurfaceView@6872cca: surfaceChanged -- format=4 w=1080 h=525
10-04 22:42:33.350 25619 25619 I SurfaceView@6872cca: surfaceChanged (1080,525) 0 #8 android.view.SurfaceView{6872cca V.E...... ......ID 0,0-1080,525}
10-04 22:42:33.350 25619 25619 I SurfaceView@6872cca: surfaceRedrawNeeded
10-04 22:42:33.351 25619 25619 V SurfaceView@6872cca: Layout: x=0 y=218 w=1080 h=525, frame=Rect(0, 0 - 1080, 525)
10-04 22:42:33.364 25619 25750 D SurfaceView@6872cca: updateSurfacePosition RenderWorker, frameNr = 321, position = [0, 218, 1080, 743] surfaceSize = 1080x525
10-04 22:42:33.364 25619 25750 I SurfaceView@6872cca: uSP: rtp = Rect(0, 218 - 1080, 743) rtsw = 1080 rtsh = 525
10-04 22:42:33.364 25619 25750 I SurfaceView@6872cca: onSSPAndSRT: pl = 0 pt = 218 sx = 1.0 sy = 1.0
10-04 22:42:33.364 25619 25750 I SurfaceView@6872cca: aOrMT: ViewRootImpl@fb2a030[MainActivity] t = android.view.SurfaceControl$Transaction@bb862a3 fN = 321 android.view.SurfaceView.-$$Nest$mapplyOrMergeTransaction:0 android.view.SurfaceView$SurfaceViewPositionUpdateListener.positionChanged:1537 android.graphics.RenderNode$CompositePositionUpdateListener.positionChanged:373 
10-04 22:42:33.365 25619 25750 I ViewRootImpl@fb2a030[MainActivity]: mWNT: t=0x7b28f9af00 mBlastBufferQueue=0x7b48ed4d00 fn= 321 caller= android.view.SurfaceView.applyOrMergeTransaction:1455 android.view.SurfaceView.-$$Nest$mapplyOrMergeTransaction:0 android.view.SurfaceView$SurfaceViewPositionUpdateListener.positionChanged:1537 
10-04 22:42:33.365 25619 25750 I ViewRootImpl@fb2a030[MainActivity]: mWNT: t=0x7b28f9ae00 mBlastBufferQueue=0x7b48ed4d00 fn= 321 caller= android.view.ViewRootImpl.lambda$applyTransactionOnDraw$11$android-view-ViewRootImpl:12865 android.view.ViewRootImpl$$ExternalSyntheticLambda1.onFrameDraw:4 android.graphics.HardwareRenderer$FrameDrawingCallback.onFrameDraw:924 
10-04 22:42:33.415 25619 25619 I SurfaceView@6872cca: finishedDrawing
10-04 22:42:34.566 25619 25619 I ViewRootImpl@fb2a030[MainActivity]: ViewPostIme pointer 0
10-04 22:42:34.633 25619 25619 I SurfaceView@6872cca: Changes: creating=false format=false size=false visible=false alpha=false hint=false mUseAlpha=false visible=false left=false top=true
10-04 22:42:34.634 25619 25619 I SurfaceView@6872cca: 109522122 Cur surface: Surface(name=null)/@0xe29e746
10-04 22:42:34.635 25619 25619 I SurfaceView@6872cca: applyTransactionOnVriDraw: vri = ViewRootImpl@fb2a030[MainActivity] fRS = false t = 0x7b2924c200 android.view.SurfaceView.performSurfaceTransaction:959 android.view.SurfaceView.updateSurface:1105 android.view.SurfaceView.lambda$new$0$android-view-SurfaceView:200 
10-04 22:42:34.636 25619 25619 I ViewRootImpl@fb2a030[MainActivity]: applyTransactionOnDraw: mRemoved = false isHardwareEnabled = true t = 0x7b2924c200android.view.SurfaceView.applyTransactionOnVriDraw:2048 android.view.SurfaceView.performSurfaceTransaction:959 android.view.SurfaceView.updateSurface:1105 android.view.SurfaceView.lambda$new$0$android-view-SurfaceView:200 android.view.SurfaceView$$ExternalSyntheticLambda5.onPreDraw:2 
10-04 22:42:34.636 25619 25619 I SurfaceView@6872cca: updateSurface: mVisible = true mSurface.isValid() = true
10-04 22:42:34.636 25619 25619 I SurfaceView@6872cca: updateSurface: mSurfaceCreated = true surfaceChanged = false visibleChanged = false
10-04 22:42:34.636 25619 25619 V SurfaceView@6872cca: Layout: x=0 y=109 w=1080 h=525, frame=Rect(0, 0 - 1080, 525)
10-04 22:42:34.641 25619 25751 D SurfaceView@6872cca: updateSurfacePosition RenderWorker, frameNr = 332, position = [0, 109, 1080, 634] surfaceSize = 1080x525
10-04 22:42:34.641 25619 25751 I SurfaceView@6872cca: uSP: rtp = Rect(0, 109 - 1080, 634) rtsw = 1080 rtsh = 525
10-04 22:42:34.641 25619 25751 I SurfaceView@6872cca: onSSPAndSRT: pl = 0 pt = 109 sx = 1.0 sy = 1.0
10-04 22:42:34.641 25619 25751 I SurfaceView@6872cca: aOrMT: ViewRootImpl@fb2a030[MainActivity] t = android.view.SurfaceControl$Transaction@bb862a3 fN = 332 android.view.SurfaceView.-$$Nest$mapplyOrMergeTransaction:0 android.view.SurfaceView$SurfaceViewPositionUpdateListener.positionChanged:1537 android.graphics.RenderNode$CompositePositionUpdateListener.positionChanged:373 
10-04 22:42:34.642 25619 25751 I ViewRootImpl@fb2a030[MainActivity]: mWNT: t=0x7b28f9af00 mBlastBufferQueue=0x7b48ed4d00 fn= 332 caller= android.view.SurfaceView.applyOrMergeTransaction:1455 android.view.SurfaceView.-$$Nest$mapplyOrMergeTransaction:0 android.view.SurfaceView$SurfaceViewPositionUpdateListener.positionChanged:1537 
10-04 22:42:34.642 25619 25751 I ViewRootImpl@fb2a030[MainActivity]: mWNT: t=0x7b2924c200 mBlastBufferQueue=0x7b48ed4d00 fn= 332 caller= android.view.ViewRootImpl.lambda$applyTransactionOnDraw$11$android-view-ViewRootImpl:12865 android.view.ViewRootImpl$$ExternalSyntheticLambda1.onFrameDraw:4 android.graphics.HardwareRenderer$FrameDrawingCallback.onFrameDraw:924 
10-04 22:42:34.652 25619 25619 I SurfaceView@6872cca: Changes: creating=false format=false size=false visible=false alpha=false hint=false mUseAlpha=false visible=false left=false top=true
10-04 22:42:34.652 25619 25619 I SurfaceView@6872cca: 109522122 Cur surface: Surface(name=null)/@0xe29e746
10-04 22:42:34.653 25619 25619 I SurfaceView@6872cca: applyTransactionOnVriDraw: vri = ViewRootImpl@fb2a030[MainActivity] fRS = false t = 0x7b2924c300 android.view.SurfaceView.performSurfaceTransaction:959 android.view.SurfaceView.updateSurface:1105 android.view.SurfaceView.lambda$new$0$android-view-SurfaceView:200 
10-04 22:42:34.654 25619 25619 I ViewRootImpl@fb2a030[MainActivity]: applyTransactionOnDraw: mRemoved = false isHardwareEnabled = true t = 0x7b2924c300android.view.SurfaceView.applyTransactionOnVriDraw:2048 android.view.SurfaceView.performSurfaceTransaction:959 android.view.SurfaceView.updateSurface:1105 android.view.SurfaceView.lambda$new$0$android-view-SurfaceView:200 android.view.SurfaceView$$ExternalSyntheticLambda5.onPreDraw:2 
10-04 22:42:34.654 25619 25619 I SurfaceView@6872cca: updateSurface: mVisible = true mSurface.isValid() = true
10-04 22:42:34.655 25619 25619 I SurfaceView@6872cca: updateSurface: mSurfaceCreated = true surfaceChanged = false visibleChanged = false
10-04 22:42:34.655 25619 25619 V SurfaceView@6872cca: Layout: x=0 y=-54 w=1080 h=525, frame=Rect(0, 0 - 1080, 525)
10-04 22:42:34.670 25619 25750 D SurfaceView@6872cca: updateSurfacePosition RenderWorker, frameNr = 333, position = [0, -54, 1080, 471] surfaceSize = 1080x525
10-04 22:42:34.670 25619 25750 I SurfaceView@6872cca: uSP: rtp = Rect(0, -54 - 1080, 471) rtsw = 1080 rtsh = 525
10-04 22:42:34.670 25619 25750 I SurfaceView@6872cca: onSSPAndSRT: pl = 0 pt = -54 sx = 1.0 sy = 1.0
10-04 22:42:34.670 25619 25750 I SurfaceView@6872cca: aOrMT: ViewRootImpl@fb2a030[MainActivity] t = android.view.SurfaceControl$Transaction@bb862a3 fN = 333 android.view.SurfaceView.-$$Nest$mapplyOrMergeTransaction:0 android.view.SurfaceView$SurfaceViewPositionUpdateListener.positionChanged:1537 android.graphics.RenderNode$CompositePositionUpdateListener.positionChanged:373 
10-04 22:42:34.670 25619 25750 I ViewRootImpl@fb2a030[MainActivity]: mWNT: t=0x7b28f9af00 mBlastBufferQueue=0x7b48ed4d00 fn= 333 caller= android.view.SurfaceView.applyOrMergeTransaction:1455 android.view.SurfaceView.-$$Nest$mapplyOrMergeTransaction:0 android.view.SurfaceView$SurfaceViewPositionUpdateListener.positionChanged:1537 
10-04 22:42:34.671 25619 25750 I ViewRootImpl@fb2a030[MainActivity]: mWNT: t=0x7b2924c300 mBlastBufferQueue=0x7b48ed4d00 fn= 333 caller= android.view.ViewRootImpl.lambda$applyTransactionOnDraw$11$android-view-ViewRootImpl:12865 android.view.ViewRootImpl$$ExternalSyntheticLambda1.onFrameDraw:4 android.graphics.HardwareRenderer$FrameDrawingCallback.onFrameDraw:924 
10-04 22:42:34.672 25619 25619 I ViewRootImpl@fb2a030[MainActivity]: ViewPostIme pointer 1
10-04 22:42:34.679 25619 25619 I SurfaceView@6872cca: Changes: creating=false format=false size=false visible=false alpha=false hint=false mUseAlpha=false visible=false left=false top=true
10-04 22:42:34.679 25619 25619 I SurfaceView@6872cca: 109522122 Cur surface: Surface(name=null)/@0xe29e746
10-04 22:42:34.680 25619 25619 I SurfaceView@6872cca: applyTransactionOnVriDraw: vri = ViewRootImpl@fb2a030[MainActivity] fRS = false t = 0x7b2924c400 android.view.SurfaceView.performSurfaceTransaction:959 android.view.SurfaceView.updateSurface:1105 android.view.SurfaceView.lambda$new$0$android-view-SurfaceView:200 
10-04 22:42:34.680 25619 25619 I ViewRootImpl@fb2a030[MainActivity]: applyTransactionOnDraw: mRemoved = false isHardwareEnabled = true t = 0x7b2924c400android.view.SurfaceView.applyTransactionOnVriDraw:2048 android.view.SurfaceView.performSurfaceTransaction:959 android.view.SurfaceView.updateSurface:1105 android.view.SurfaceView.lambda$new$0$android-view-SurfaceView:200 android.view.SurfaceView$$ExternalSyntheticLambda5.onPreDraw:2 
10-04 22:42:34.680 25619 25619 I SurfaceView@6872cca: updateSurface: mVisible = true mSurface.isValid() = true
10-04 22:42:34.680 25619 25619 I SurfaceView@6872cca: updateSurface: mSurfaceCreated = true surfaceChanged = false visibleChanged = false
10-04 22:42:34.680 25619 25619 V SurfaceView@6872cca: Layout: x=0 y=-177 w=1080 h=525, frame=Rect(0, 0 - 1080, 525)
10-04 22:42:34.686 25619 25751 D SurfaceView@6872cca: updateSurfacePosition RenderWorker, frameNr = 334, position = [0, -177, 1080, 348] surfaceSize = 1080x525
10-04 22:42:34.686 25619 25751 I SurfaceView@6872cca: uSP: rtp = Rect(0, -177 - 1080, 348) rtsw = 1080 rtsh = 525
10-04 22:42:34.686 25619 25751 I SurfaceView@6872cca: onSSPAndSRT: pl = 0 pt = -177 sx = 1.0 sy = 1.0
10-04 22:42:34.687 25619 25751 I SurfaceView@6872cca: aOrMT: ViewRootImpl@fb2a030[MainActivity] t = android.view.SurfaceControl$Transaction@bb862a3 fN = 334 android.view.SurfaceView.-$$Nest$mapplyOrMergeTransaction:0 android.view.SurfaceView$SurfaceViewPositionUpdateListener.positionChanged:1537 android.graphics.RenderNode$CompositePositionUpdateListener.positionChanged:373 
10-04 22:42:34.687 25619 25751 I ViewRootImpl@fb2a030[MainActivity]: mWNT: t=0x7b28f9af00 mBlastBufferQueue=0x7b48ed4d00 fn= 334 caller= android.view.SurfaceView.applyOrMergeTransaction:1455 android.view.SurfaceView.-$$Nest$mapplyOrMergeTransaction:0 android.view.SurfaceView$SurfaceViewPositionUpdateListener.positionChanged:1537 
10-04 22:42:34.687 25619 25751 I ViewRootImpl@fb2a030[MainActivity]: mWNT: t=0x7b2924c400 mBlastBufferQueue=0x7b48ed4d00 fn= 334 caller= android.view.ViewRootImpl.lambda$applyTransactionOnDraw$11$android-view-ViewRootImpl:12865 android.view.ViewRootImpl$$ExternalSyntheticLambda1.onFrameDraw:4 android.graphics.HardwareRenderer$FrameDrawingCallback.onFrameDraw:924 
10-04 22:42:34.697 25619 25619 I SurfaceView@6872cca: Changes: creating=false format=false size=false visible=false alpha=false hint=false mUseAlpha=false visible=false left=false top=true
10-04 22:42:34.697 25619 25619 I SurfaceView@6872cca: 109522122 Cur surface: Surface(name=null)/@0xe29e746
10-04 22:42:34.697 25619 25619 I SurfaceView@6872cca: applyTransactionOnVriDraw: vri = ViewRootImpl@fb2a030[MainActivity] fRS = false t = 0x7b2924c500 android.view.SurfaceView.performSurfaceTransaction:959 android.view.SurfaceView.updateSurface:1105 android.view.SurfaceView.lambda$new$0$android-view-SurfaceView:200 
10-04 22:42:34.697 25619 25619 I ViewRootImpl@fb2a030[MainActivity]: applyTransactionOnDraw: mRemoved = false isHardwareEnabled = true t = 0x7b2924c500android.view.SurfaceView.applyTransactionOnVriDraw:2048 android.view.SurfaceView.performSurfaceTransaction:959 android.view.SurfaceView.updateSurface:1105 android.view.SurfaceView.lambda$new$0$android-view-SurfaceView:200 android.view.SurfaceView$$ExternalSyntheticLambda5.onPreDraw:2 
10-04 22:42:34.698 25619 25619 I SurfaceView@6872cca: updateSurface: mVisible = true mSurface.isValid() = true
10-04 22:42:34.698 25619 25619 I SurfaceView@6872cca: updateSurface: mSurfaceCreated = true surfaceChanged = false visibleChanged = false
10-04 22:42:34.698 25619 25619 V SurfaceView@6872cca: Layout: x=0 y=-236 w=1080 h=525, frame=Rect(0, 0 - 1080, 525)
10-04 22:42:34.703 25619 25750 D SurfaceView@6872cca: updateSurfacePosition RenderWorker, frameNr = 335, position = [0, -236, 1080, 289] surfaceSize = 1080x525
10-04 22:42:34.703 25619 25750 I SurfaceView@6872cca: uSP: rtp = Rect(0, -236 - 1080, 289) rtsw = 1080 rtsh = 525
10-04 22:42:34.704 25619 25750 I SurfaceView@6872cca: onSSPAndSRT: pl = 0 pt = -236 sx = 1.0 sy = 1.0
10-04 22:42:34.704 25619 25750 I SurfaceView@6872cca: aOrMT: ViewRootImpl@fb2a030[MainActivity] t = android.view.SurfaceControl$Transaction@bb862a3 fN = 335 android.view.SurfaceView.-$$Nest$mapplyOrMergeTransaction:0 android.view.SurfaceView$SurfaceViewPositionUpdateListener.positionChanged:1537 android.graphics.RenderNode$CompositePositionUpdateListener.positionChanged:373 
10-04 22:42:34.705 25619 25750 I ViewRootImpl@fb2a030[MainActivity]: mWNT: t=0x7b28f9af00 mBlastBufferQueue=0x7b48ed4d00 fn= 335 caller= android.view.SurfaceView.applyOrMergeTransaction:1455 android.view.SurfaceView.-$$Nest$mapplyOrMergeTransaction:0 android.view.SurfaceView$SurfaceViewPositionUpdateListener.positionChanged:1537 
10-04 22:42:34.705 25619 25750 I ViewRootImpl@fb2a030[MainActivity]: mWNT: t=0x7b2924c500 mBlastBufferQueue=0x7b48ed4d00 fn= 335 caller= android.view.ViewRootImpl.lambda$applyTransactionOnDraw$11$android-view-ViewRootImpl:12865 android.view.ViewRootImpl$$ExternalSyntheticLambda1.onFrameDraw:4 android.graphics.HardwareRenderer$FrameDrawingCallback.onFrameDraw:924 
10-04 22:42:34.708 25619 25619 I SurfaceView@6872cca: Changes: creating=false format=false size=false visible=false alpha=false hint=false mUseAlpha=false visible=false left=false top=true
10-04 22:42:34.708 25619 25619 I SurfaceView@6872cca: 109522122 Cur surface: Surface(name=null)/@0xe29e746
10-04 22:42:34.709 25619 25619 I SurfaceView@6872cca: applyTransactionOnVriDraw: vri = ViewRootImpl@fb2a030[MainActivity] fRS = false t = 0x7b2924c800 android.view.SurfaceView.performSurfaceTransaction:959 android.view.SurfaceView.updateSurface:1105 android.view.SurfaceView.lambda$new$0$android-view-SurfaceView:200 
10-04 22:42:34.709 25619 25619 I ViewRootImpl@fb2a030[MainActivity]: applyTransactionOnDraw: mRemoved = false isHardwareEnabled = true t = 0x7b2924c800android.view.SurfaceView.applyTransactionOnVriDraw:2048 android.view.SurfaceView.performSurfaceTransaction:959 android.view.SurfaceView.updateSurface:1105 android.view.SurfaceView.lambda$new$0$android-view-SurfaceView:200 android.view.SurfaceView$$ExternalSyntheticLambda5.onPreDraw:2 
10-04 22:42:34.710 25619 25619 I SurfaceView@6872cca: updateSurface: mVisible = true mSurface.isValid() = true
10-04 22:42:34.710 25619 25619 I SurfaceView@6872cca: updateSurface: mSurfaceCreated = true surfaceChanged = false visibleChanged = false
10-04 22:42:34.710 25619 25619 V SurfaceView@6872cca: Layout: x=0 y=-364 w=1080 h=525, frame=Rect(0, 0 - 1080, 525)
10-04 22:42:34.713 25619 25751 I ViewRootImpl@fb2a030[MainActivity]: mWNT: t=0x7b2924c800 mBlastBufferQueue=0x7b48ed4d00 fn= 336 caller= android.view.ViewRootImpl.lambda$applyTransactionOnDraw$11$android-view-ViewRootImpl:12865 android.view.ViewRootImpl$$ExternalSyntheticLambda1.onFrameDraw:4 android.graphics.HardwareRenderer$FrameDrawingCallback.onFrameDraw:924 
10-04 22:42:34.721 25619 25619 I SurfaceView@6872cca: Changes: creating=false format=false size=false visible=false alpha=false hint=false mUseAlpha=false visible=false left=false top=true
10-04 22:42:34.721 25619 25619 I SurfaceView@6872cca: 109522122 Cur surface: Surface(name=null)/@0xe29e746
10-04 22:42:34.721 25619 25619 I SurfaceView@6872cca: applyTransactionOnVriDraw: vri = ViewRootImpl@fb2a030[MainActivity] fRS = false t = 0x7b2924c900 android.view.SurfaceView.performSurfaceTransaction:959 android.view.SurfaceView.updateSurface:1105 android.view.SurfaceView.lambda$new$0$android-view-SurfaceView:200 
10-04 22:42:34.722 25619 25619 I ViewRootImpl@fb2a030[MainActivity]: applyTransactionOnDraw: mRemoved = false isHardwareEnabled = true t = 0x7b2924c900android.view.SurfaceView.applyTransactionOnVriDraw:2048 android.view.SurfaceView.performSurfaceTransaction:959 android.view.SurfaceView.updateSurface:1105 android.view.SurfaceView.lambda$new$0$android-view-SurfaceView:200 android.view.SurfaceView$$ExternalSyntheticLambda5.onPreDraw:2 
10-04 22:42:34.722 25619 25619 I SurfaceView@6872cca: updateSurface: mVisible = true mSurface.isValid() = true
